2019-01-02 11:13:30 GC log file created E:/gitrepo/Learning-repo/java/gc.log.4
Java HotSpot(TM) 64-Bit Server VM (25.191-b12) for windows-amd64 JRE (1.8.0_191-b12), built on Oct  6 2018 09:29:03 by "java_re" with MS VC++ 10.0 (VS2010)
Memory: 4k page, physical 4066668k(910620k free), swap 8131460k(2628184k free)
CommandLine flags: -XX:CICompilerCount=3 -XX:GCLogFileSize=1048576 -XX:+HeapDumpOnOutOfMemoryError -XX:HeapDumpPath=E:/gitrepo/Learning-repo/java/heap_dump.hprof -XX:InitialHeapSize=10485760 -XX:MaxHeapSize=10485760 -XX:MaxNewSize=1048576 -XX:MinHeapDeltaBytes=196608 -XX:NewRatio=3 -XX:NewSize=1048576 -XX:NumberOfGCLogFiles=5 -XX:OldSize=9437184 -XX:+PrintGC -XX:+PrintGCDateStamps -XX:+PrintGCDetails -XX:+PrintGCTimeStamps -XX:+PrintTenuringDistribution -XX:SurvivorRatio=10 -XX:+UseCompressedClassPointers -XX:+UseCompressedOops -XX:+UseFastUnorderedTimeStamps -XX:+UseGCLogFileRotation -XX:-UseLargePagesIndividualAllocation -XX:+UseSerialGC 
2019-01-02T11:13:30.073+0530: 877.974: [GC (Allocation Failure) 2019-01-02T11:13:30.074+0530: 877.975: [DefNew
Desired survivor size 32768 bytes, new threshold 15 (max 15)
- age   1:        248 bytes,        248 total
: 876K->0K(960K), 0.0017612 secs] 2150K->1851K(10176K), 0.0025555 secs] [Times: user=0.00 sys=0.00, real=0.00 secs] 
2019-01-02T11:13:30.077+0530: 877.978: [GC (Allocation Failure) 2019-01-02T11:13:30.077+0530: 877.978: [DefNew
Desired survivor size 32768 bytes, new threshold 15 (max 15)
- age   2:        184 bytes,        184 total
: 896K->0K(960K), 0.0004162 secs] 2747K->2139K(10176K), 0.0005160 secs] [Times: user=0.00 sys=0.00, real=0.00 secs] 
2019-01-02T11:13:30.079+0530: 877.980: [GC (Allocation Failure) 2019-01-02T11:13:30.079+0530: 877.980: [DefNew
Desired survivor size 32768 bytes, new threshold 15 (max 15)
- age   3:        184 bytes,        184 total
: 896K->0K(960K), 0.0004652 secs] 3035K->2715K(10176K), 0.0005605 secs] [Times: user=0.00 sys=0.00, real=0.00 secs] 
2019-01-02T11:13:30.081+0530: 877.982: [GC (Allocation Failure) 2019-01-02T11:13:30.081+0530: 877.982: [DefNew
Desired survivor size 32768 bytes, new threshold 15 (max 15)
- age   1:         24 bytes,         24 total
- age   4:        184 bytes,        208 total
: 479K->0K(960K), 0.0008860 secs] 3195K->2715K(10176K), 0.0011323 secs] [Times: user=0.00 sys=0.00, real=0.00 secs] 
2019-01-02T11:13:30.082+0530: 877.983: [GC (Allocation Failure) 2019-01-02T11:13:30.082+0530: 877.983: [DefNew
Desired survivor size 32768 bytes, new threshold 15 (max 15)
- age   2:         24 bytes,         24 total
- age   5:        184 bytes,        208 total
: 505K->0K(960K), 0.0006032 secs] 3220K->3220K(10176K), 0.0006722 secs] [Times: user=0.00 sys=0.00, real=0.00 secs] 
2019-01-02T11:13:30.084+0530: 877.985: [GC (Allocation Failure) 2019-01-02T11:13:30.084+0530: 877.985: [DefNew
Desired survivor size 32768 bytes, new threshold 15 (max 15)
- age   1:         24 bytes,         24 total
- age   6:         72 bytes,         96 total
: 523K->0K(960K), 0.0007988 secs] 3743K->3725K(10176K), 0.0009191 secs] [Times: user=0.00 sys=0.00, real=0.00 secs] 
2019-01-02T11:13:30.137+0530: 878.038: [GC (Allocation Failure) 2019-01-02T11:13:30.137+0530: 878.038: [DefNew
Desired survivor size 32768 bytes, new threshold 15 (max 15)
- age   1:        248 bytes,        248 total
- age   7:         16 bytes,        264 total
: 876K->0K(960K), 0.0009066 secs] 4602K->3797K(10176K), 0.0011187 secs] [Times: user=0.00 sys=0.00, real=0.00 secs] 
2019-01-02T11:13:30.140+0530: 878.041: [GC (Allocation Failure) 2019-01-02T11:13:30.141+0530: 878.041: [DefNew
Desired survivor size 32768 bytes, new threshold 15 (max 15)
- age   2:        184 bytes,        184 total
- age   8:         16 bytes,        200 total
: 896K->0K(960K), 0.0010827 secs] 4693K->4085K(10176K), 0.0013068 secs] [Times: user=0.00 sys=0.00, real=0.00 secs] 
2019-01-02T11:13:30.143+0530: 878.044: [GC (Allocation Failure) 2019-01-02T11:13:30.143+0530: 878.044: [DefNew
Desired survivor size 32768 bytes, new threshold 15 (max 15)
- age   3:        184 bytes,        184 total
- age   9:         16 bytes,        200 total
: 896K->0K(960K), 0.0011586 secs] 4981K->4661K(10176K), 0.0016198 secs] [Times: user=0.00 sys=0.00, real=0.00 secs] 
2019-01-02T11:13:30.146+0530: 878.047: [GC (Allocation Failure) 2019-01-02T11:13:30.146+0530: 878.047: [DefNew
Desired survivor size 32768 bytes, new threshold 15 (max 15)
- age   1:         24 bytes,         24 total
- age   4:        184 bytes,        208 total
- age  10:         16 bytes,        224 total
: 479K->0K(960K), 0.0002777 secs] 5141K->4661K(10176K), 0.0003575 secs] [Times: user=0.00 sys=0.00, real=0.00 secs] 
2019-01-02T11:13:30.147+0530: 878.048: [GC (Allocation Failure) 2019-01-02T11:13:30.147+0530: 878.048: [DefNew
Desired survivor size 32768 bytes, new threshold 15 (max 15)
- age   2:         24 bytes,         24 total
- age   5:        184 bytes,        208 total
- age  11:         16 bytes,        224 total
: 505K->0K(960K), 0.0003370 secs] 5167K->5167K(10176K), 0.0004071 secs] [Times: user=0.00 sys=0.00, real=0.00 secs] 
2019-01-02T11:13:30.148+0530: 878.048: [GC (Allocation Failure) 2019-01-02T11:13:30.148+0530: 878.048: [DefNew
Desired survivor size 32768 bytes, new threshold 15 (max 15)
- age   1:         24 bytes,         24 total
- age   6:         72 bytes,         96 total
- age  12:         16 bytes,        112 total
: 523K->0K(960K), 0.0010936 secs] 5690K->5672K(10176K), 0.0013148 secs] [Times: user=0.00 sys=0.00, real=0.00 secs] 
2019-01-02T11:13:30.207+0530: 878.108: [GC (Allocation Failure) 2019-01-02T11:13:30.207+0530: 878.108: [DefNew
Desired survivor size 32768 bytes, new threshold 15 (max 15)
- age   1:        248 bytes,        248 total
- age   7:         16 bytes,        264 total
- age  13:         16 bytes,        280 total
: 876K->0K(960K), 0.0005491 secs] 6548K->5744K(10176K), 0.0009003 secs] [Times: user=0.00 sys=0.00, real=0.00 secs] 
2019-01-02T11:13:30.210+0530: 878.111: [GC (Allocation Failure) 2019-01-02T11:13:30.210+0530: 878.111: [DefNew
Desired survivor size 32768 bytes, new threshold 15 (max 15)
- age   2:        184 bytes,        184 total
- age   8:         16 bytes,        200 total
- age  14:         16 bytes,        216 total
: 896K->0K(960K), 0.0009938 secs] 6640K->6032K(10176K), 0.0012515 secs] [Times: user=0.00 sys=0.00, real=0.00 secs] 
2019-01-02T11:13:30.213+0530: 878.114: [GC (Allocation Failure) 2019-01-02T11:13:30.213+0530: 878.114: [DefNew
Desired survivor size 32768 bytes, new threshold 15 (max 15)
- age   3:        184 bytes,        184 total
- age   9:         16 bytes,        200 total
- age  15:         16 bytes,        216 total
: 896K->0K(960K), 0.0003831 secs] 6928K->6608K(10176K), 0.0004641 secs] [Times: user=0.00 sys=0.00, real=0.00 secs] 
2019-01-02T11:13:30.214+0530: 878.115: [GC (Allocation Failure) 2019-01-02T11:13:30.215+0530: 878.115: [DefNew
Desired survivor size 32768 bytes, new threshold 15 (max 15)
- age   1:         24 bytes,         24 total
- age   4:        184 bytes,        208 total
- age  10:         16 bytes,        224 total
: 479K->0K(960K), 0.0009037 secs] 7088K->6608K(10176K), 0.0011449 secs] [Times: user=0.00 sys=0.00, real=0.00 secs] 
2019-01-02T11:13:30.216+0530: 878.117: [GC (Allocation Failure) 2019-01-02T11:13:30.217+0530: 878.117: [DefNew
Desired survivor size 32768 bytes, new threshold 15 (max 15)
- age   2:         24 bytes,         24 total
- age   5:        184 bytes,        208 total
- age  11:         16 bytes,        224 total
: 505K->0K(960K), 0.0006135 secs] 7113K->7113K(10176K), 0.0007184 secs] [Times: user=0.00 sys=0.00, real=0.00 secs] 
2019-01-02T11:13:30.218+0530: 878.118: [GC (Allocation Failure) 2019-01-02T11:13:30.218+0530: 878.118: [DefNew
Desired survivor size 32768 bytes, new threshold 15 (max 15)
- age   1:         24 bytes,         24 total
- age   6:         72 bytes,         96 total
- age  12:         16 bytes,        112 total
: 523K->0K(960K), 0.0007224 secs] 7636K->7619K(10176K), 0.0008136 secs] [Times: user=0.00 sys=0.00, real=0.00 secs] 
2019-01-02T11:13:30.278+0530: 878.179: [GC (Allocation Failure) 2019-01-02T11:13:30.279+0530: 878.179: [DefNew
Desired survivor size 32768 bytes, new threshold 15 (max 15)
- age   1:        248 bytes,        248 total
- age   7:         16 bytes,        264 total
- age  13:         16 bytes,        280 total
: 876K->0K(960K), 0.0005838 secs] 8495K->7691K(10176K), 0.0007862 secs] [Times: user=0.00 sys=0.00, real=0.00 secs] 
2019-01-02T11:13:30.281+0530: 878.182: [GC (Allocation Failure) 2019-01-02T11:13:30.281+0530: 878.182: [DefNew
Desired survivor size 32768 bytes, new threshold 15 (max 15)
- age   2:        184 bytes,        184 total
- age   8:         16 bytes,        200 total
- age  14:         16 bytes,        216 total
: 896K->0K(960K), 0.0009847 secs] 8587K->7979K(10176K), 0.0011643 secs] [Times: user=0.00 sys=0.00, real=0.00 secs] 
2019-01-02T11:13:30.285+0530: 878.186: [GC (Allocation Failure) 2019-01-02T11:13:30.286+0530: 878.186: [DefNew
Desired survivor size 32768 bytes, new threshold 15 (max 15)
- age   3:        184 bytes,        184 total
- age   9:         16 bytes,        200 total
- age  15:         16 bytes,        216 total
: 896K->0K(960K), 0.0015417 secs] 8875K->8555K(10176K), 0.0018656 secs] [Times: user=0.00 sys=0.00, real=0.00 secs] 
2019-01-02T11:13:30.289+0530: 878.189: [GC (Allocation Failure) 2019-01-02T11:13:30.289+0530: 878.189: [DefNew
Desired survivor size 32768 bytes, new threshold 15 (max 15)
- age   1:         24 bytes,         24 total
- age   4:        184 bytes,        208 total
- age  10:         16 bytes,        224 total
: 479K->0K(960K), 0.0004761 secs] 9034K->8555K(10176K), 0.0005548 secs] [Times: user=0.00 sys=0.00, real=0.00 secs] 
2019-01-02T11:13:30.290+0530: 878.191: [GC (Allocation Failure) 2019-01-02T11:13:30.290+0530: 878.191: [DefNew
Desired survivor size 32768 bytes, new threshold 15 (max 15)
- age   2:         24 bytes,         24 total
- age   5:        184 bytes,        208 total
- age  11:         16 bytes,        224 total
: 505K->0K(960K), 0.0008826 secs] 9060K->9060K(10176K), 0.0009664 secs] [Times: user=0.00 sys=0.00, real=0.00 secs] 
2019-01-02T11:13:30.292+0530: 878.193: [GC (Allocation Failure) 2019-01-02T11:13:30.292+0530: 878.193: [DefNew: 523K->523K(960K), 0.0000342 secs]2019-01-02T11:13:30.292+0530: 878.193: [Tenured: 9060K->1274K(9216K), 0.0044564 secs] 9583K->1274K(10176K), [Metaspace: 2520K->2520K(1056768K)], 0.0046325 secs] [Times: user=0.00 sys=0.00, real=0.00 secs] 
2019-01-02T11:13:30.353+0530: 878.254: [GC (Allocation Failure) 2019-01-02T11:13:30.353+0530: 878.254: [DefNew
Desired survivor size 32768 bytes, new threshold 15 (max 15)
- age   1:        248 bytes,        248 total
: 876K->0K(960K), 0.0008541 secs] 2150K->1851K(10176K), 0.0011033 secs] [Times: user=0.02 sys=0.00, real=0.00 secs] 
2019-01-02T11:13:30.356+0530: 878.257: [GC (Allocation Failure) 2019-01-02T11:13:30.357+0530: 878.257: [DefNew
Desired survivor size 32768 bytes, new threshold 15 (max 15)
- age   2:        184 bytes,        184 total
: 896K->0K(960K), 0.0005017 secs] 2747K->2139K(10176K), 0.0007378 secs] [Times: user=0.00 sys=0.00, real=0.00 secs] 
2019-01-02T11:13:30.359+0530: 878.259: [GC (Allocation Failure) 2019-01-02T11:13:30.359+0530: 878.260: [DefNew
Desired survivor size 32768 bytes, new threshold 15 (max 15)
- age   3:        184 bytes,        184 total
: 896K->0K(960K), 0.0010651 secs] 3035K->2715K(10176K), 0.0012732 secs] [Times: user=0.00 sys=0.00, real=0.00 secs] 
2019-01-02T11:13:30.361+0530: 878.262: [GC (Allocation Failure) 2019-01-02T11:13:30.361+0530: 878.262: [DefNew
Desired survivor size 32768 bytes, new threshold 15 (max 15)
- age   1:         24 bytes,         24 total
- age   4:        184 bytes,        208 total
: 479K->0K(960K), 0.0004117 secs] 3195K->2715K(10176K), 0.0005211 secs] [Times: user=0.00 sys=0.00, real=0.00 secs] 
2019-01-02T11:13:30.362+0530: 878.263: [GC (Allocation Failure) 2019-01-02T11:13:30.362+0530: 878.263: [DefNew
Desired survivor size 32768 bytes, new threshold 15 (max 15)
- age   2:         24 bytes,         24 total
- age   5:        184 bytes,        208 total
: 505K->0K(960K), 0.0003102 secs] 3220K->3220K(10176K), 0.0003712 secs] [Times: user=0.00 sys=0.00, real=0.00 secs] 
2019-01-02T11:13:30.363+0530: 878.264: [GC (Allocation Failure) 2019-01-02T11:13:30.363+0530: 878.264: [DefNew
Desired survivor size 32768 bytes, new threshold 15 (max 15)
- age   1:         24 bytes,         24 total
- age   6:         72 bytes,         96 total
: 523K->0K(960K), 0.0002914 secs] 3743K->3726K(10176K), 0.0003421 secs] [Times: user=0.00 sys=0.00, real=0.00 secs] 
2019-01-02T11:13:30.419+0530: 878.320: [GC (Allocation Failure) 2019-01-02T11:13:30.420+0530: 878.321: [DefNew
Desired survivor size 32768 bytes, new threshold 15 (max 15)
- age   1:        248 bytes,        248 total
- age   7:         16 bytes,        264 total
: 876K->0K(960K), 0.0008330 secs] 4602K->3798K(10176K), 0.0012629 secs] [Times: user=0.00 sys=0.00, real=0.00 secs] 
2019-01-02T11:13:30.422+0530: 878.323: [GC (Allocation Failure) 2019-01-02T11:13:30.422+0530: 878.323: [DefNew
Desired survivor size 32768 bytes, new threshold 15 (max 15)
- age   2:        184 bytes,        184 total
- age   8:         16 bytes,        200 total
: 896K->0K(960K), 0.0007241 secs] 4694K->4086K(10176K), 0.0008284 secs] [Times: user=0.00 sys=0.00, real=0.00 secs] 
2019-01-02T11:13:30.424+0530: 878.325: [GC (Allocation Failure) 2019-01-02T11:13:30.425+0530: 878.325: [DefNew
Desired survivor size 32768 bytes, new threshold 15 (max 15)
- age   3:        184 bytes,        184 total
- age   9:         16 bytes,        200 total
: 896K->0K(960K), 0.0009128 secs] 4982K->4662K(10176K), 0.0011380 secs] [Times: user=0.00 sys=0.00, real=0.00 secs] 
2019-01-02T11:13:30.427+0530: 878.328: [GC (Allocation Failure) 2019-01-02T11:13:30.427+0530: 878.328: [DefNew
Desired survivor size 32768 bytes, new threshold 15 (max 15)
- age   1:         24 bytes,         24 total
- age   4:        184 bytes,        208 total
- age  10:         16 bytes,        224 total
: 479K->0K(960K), 0.0002532 secs] 5142K->4662K(10176K), 0.0003347 secs] [Times: user=0.00 sys=0.00, real=0.00 secs] 
2019-01-02T11:13:30.428+0530: 878.329: [GC (Allocation Failure) 2019-01-02T11:13:30.428+0530: 878.329: [DefNew
Desired survivor size 32768 bytes, new threshold 15 (max 15)
- age   2:         24 bytes,         24 total
- age   5:        184 bytes,        208 total
- age  11:         16 bytes,        224 total
: 505K->0K(960K), 0.0003250 secs] 5167K->5167K(10176K), 0.0003940 secs] [Times: user=0.00 sys=0.00, real=0.00 secs] 
2019-01-02T11:13:30.429+0530: 878.329: [GC (Allocation Failure) 2019-01-02T11:13:30.429+0530: 878.329: [DefNew
Desired survivor size 32768 bytes, new threshold 15 (max 15)
- age   1:         24 bytes,         24 total
- age   6:         72 bytes,         96 total
- age  12:         16 bytes,        112 total
: 523K->0K(960K), 0.0003102 secs] 5690K->5672K(10176K), 0.0003820 secs] [Times: user=0.00 sys=0.00, real=0.00 secs] 
2019-01-02T11:13:30.487+0530: 878.387: [GC (Allocation Failure) 2019-01-02T11:13:30.487+0530: 878.388: [DefNew
Desired survivor size 32768 bytes, new threshold 15 (max 15)
- age   1:        248 bytes,        248 total
- age   7:         16 bytes,        264 total
- age  13:         16 bytes,        280 total
: 876K->0K(960K), 0.0011637 secs] 6549K->5745K(10176K), 0.0016113 secs] [Times: user=0.00 sys=0.00, real=0.00 secs] 
2019-01-02T11:13:30.490+0530: 878.390: [GC (Allocation Failure) 2019-01-02T11:13:30.490+0530: 878.391: [DefNew
Desired survivor size 32768 bytes, new threshold 15 (max 15)
- age   2:        184 bytes,        184 total
- age   8:         16 bytes,        200 total
- age  14:         16 bytes,        216 total
: 896K->0K(960K), 0.0006084 secs] 6641K->6033K(10176K), 0.0007794 secs] [Times: user=0.00 sys=0.00, real=0.00 secs] 
2019-01-02T11:13:30.492+0530: 878.393: [GC (Allocation Failure) 2019-01-02T11:13:30.492+0530: 878.393: [DefNew
Desired survivor size 32768 bytes, new threshold 15 (max 15)
- age   3:        184 bytes,        184 total
- age   9:         16 bytes,        200 total
- age  15:         16 bytes,        216 total
: 896K->0K(960K), 0.0010126 secs] 6929K->6609K(10176K), 0.0012532 secs] [Times: user=0.00 sys=0.00, real=0.00 secs] 
2019-01-02T11:13:30.495+0530: 878.395: [GC (Allocation Failure) 2019-01-02T11:13:30.495+0530: 878.395: [DefNew
Desired survivor size 32768 bytes, new threshold 15 (max 15)
- age   1:         24 bytes,         24 total
- age   4:        184 bytes,        208 total
- age  10:         16 bytes,        224 total
: 479K->0K(960K), 0.0002777 secs] 7088K->6609K(10176K), 0.0003712 secs] [Times: user=0.00 sys=0.00, real=0.00 secs] 
2019-01-02T11:13:30.495+0530: 878.396: [GC (Allocation Failure) 2019-01-02T11:13:30.495+0530: 878.396: [DefNew
Desired survivor size 32768 bytes, new threshold 15 (max 15)
- age   2:         24 bytes,         24 total
- age   5:        184 bytes,        208 total
- age  11:         16 bytes,        224 total
: 505K->0K(960K), 0.0003740 secs] 7114K->7114K(10176K), 0.0004658 secs] [Times: user=0.00 sys=0.00, real=0.00 secs] 
2019-01-02T11:13:30.496+0530: 878.397: [GC (Allocation Failure) 2019-01-02T11:13:30.496+0530: 878.397: [DefNew
Desired survivor size 32768 bytes, new threshold 15 (max 15)
- age   1:         24 bytes,         24 total
- age   6:         72 bytes,         96 total
- age  12:         16 bytes,        112 total
: 523K->0K(960K), 0.0003233 secs] 7637K->7619K(10176K), 0.0003928 secs] [Times: user=0.00 sys=0.00, real=0.00 secs] 
2019-01-02T11:13:30.572+0530: 878.473: [GC (Allocation Failure) 2019-01-02T11:13:30.572+0530: 878.473: [DefNew
Desired survivor size 32768 bytes, new threshold 15 (max 15)
- age   1:        248 bytes,        248 total
- age   7:         16 bytes,        264 total
- age  13:         16 bytes,        280 total
: 876K->0K(960K), 0.0006431 secs] 8496K->7692K(10176K), 0.0007777 secs] [Times: user=0.01 sys=0.00, real=0.00 secs] 
2019-01-02T11:13:30.574+0530: 878.475: [GC (Allocation Failure) 2019-01-02T11:13:30.574+0530: 878.475: [DefNew
Desired survivor size 32768 bytes, new threshold 15 (max 15)
- age   2:        184 bytes,        184 total
- age   8:         16 bytes,        200 total
- age  14:         16 bytes,        216 total
: 896K->0K(960K), 0.0003147 secs] 8588K->7979K(10176K), 0.0004179 secs] [Times: user=0.00 sys=0.00, real=0.00 secs] 
2019-01-02T11:13:30.576+0530: 878.476: [GC (Allocation Failure) 2019-01-02T11:13:30.576+0530: 878.476: [DefNew
Desired survivor size 32768 bytes, new threshold 15 (max 15)
- age   3:        184 bytes,        184 total
- age   9:         16 bytes,        200 total
- age  15:         16 bytes,        216 total
: 896K->0K(960K), 0.0004282 secs] 8875K->8555K(10176K), 0.0005109 secs] [Times: user=0.00 sys=0.00, real=0.00 secs] 
2019-01-02T11:13:30.577+0530: 878.478: [GC (Allocation Failure) 2019-01-02T11:13:30.577+0530: 878.478: [DefNew
Desired survivor size 32768 bytes, new threshold 15 (max 15)
- age   1:         24 bytes,         24 total
- age   4:        184 bytes,        208 total
- age  10:         16 bytes,        224 total
: 479K->0K(960K), 0.0002400 secs] 9035K->8556K(10176K), 0.0002999 secs] [Times: user=0.00 sys=0.00, real=0.00 secs] 
2019-01-02T11:13:30.578+0530: 878.479: [GC (Allocation Failure) 2019-01-02T11:13:30.578+0530: 878.479: [DefNew
Desired survivor size 32768 bytes, new threshold 15 (max 15)
- age   2:         24 bytes,         24 total
- age   5:        184 bytes,        208 total
- age  11:         16 bytes,        224 total
: 505K->0K(960K), 0.0003079 secs] 9061K->9061K(10176K), 0.0003581 secs] [Times: user=0.00 sys=0.00, real=0.00 secs] 
2019-01-02T11:13:30.578+0530: 878.479: [GC (Allocation Failure) 2019-01-02T11:13:30.578+0530: 878.479: [DefNew: 523K->523K(960K), 0.0000353 secs]2019-01-02T11:13:30.579+0530: 878.479: [Tenured: 9061K->1274K(9216K), 0.0037961 secs] 9584K->1274K(10176K), [Metaspace: 2520K->2520K(1056768K)], 0.0039375 secs] [Times: user=0.00 sys=0.00, real=0.00 secs] 
2019-01-02T11:13:30.668+0530: 878.569: [GC (Allocation Failure) 2019-01-02T11:13:30.668+0530: 878.569: [DefNew
Desired survivor size 32768 bytes, new threshold 15 (max 15)
- age   1:        248 bytes,        248 total
: 876K->0K(960K), 0.0014750 secs] 2150K->1851K(10176K), 0.0017892 secs] [Times: user=0.00 sys=0.00, real=0.00 secs] 
2019-01-02T11:13:30.683+0530: 878.584: [GC (Allocation Failure) 2019-01-02T11:13:30.683+0530: 878.584: [DefNew
Desired survivor size 32768 bytes, new threshold 15 (max 15)
- age   2:        184 bytes,        184 total
: 896K->0K(960K), 0.0004248 secs] 2747K->2139K(10176K), 0.0005565 secs] [Times: user=0.00 sys=0.00, real=0.00 secs] 
2019-01-02T11:13:30.685+0530: 878.586: [GC (Allocation Failure) 2019-01-02T11:13:30.686+0530: 878.586: [DefNew
Desired survivor size 32768 bytes, new threshold 15 (max 15)
- age   3:        184 bytes,        184 total
: 896K->0K(960K), 0.0015189 secs] 3035K->2715K(10176K), 0.0016843 secs] [Times: user=0.00 sys=0.00, real=0.00 secs] 
2019-01-02T11:13:30.690+0530: 878.591: [GC (Allocation Failure) 2019-01-02T11:13:30.691+0530: 878.591: [DefNew
Desired survivor size 32768 bytes, new threshold 15 (max 15)
- age   1:         24 bytes,         24 total
- age   4:        184 bytes,        208 total
: 479K->0K(960K), 0.0004504 secs] 3195K->2715K(10176K), 0.0006106 secs] [Times: user=0.00 sys=0.00, real=0.00 secs] 
2019-01-02T11:13:30.691+0530: 878.592: [GC (Allocation Failure) 2019-01-02T11:13:30.692+0530: 878.592: [DefNew
Desired survivor size 32768 bytes, new threshold 15 (max 15)
- age   2:         24 bytes,         24 total
- age   5:        184 bytes,        208 total
: 505K->0K(960K), 0.0004784 secs] 3221K->3221K(10176K), 0.0005884 secs] [Times: user=0.00 sys=0.00, real=0.00 secs] 
2019-01-02T11:13:30.693+0530: 878.593: [GC (Allocation Failure) 2019-01-02T11:13:30.693+0530: 878.593: [DefNew
Desired survivor size 32768 bytes, new threshold 15 (max 15)
- age   1:         24 bytes,         24 total
- age   6:         72 bytes,         96 total
: 523K->0K(960K), 0.0004710 secs] 3744K->3726K(10176K), 0.0005753 secs] [Times: user=0.00 sys=0.00, real=0.00 secs] 
2019-01-02T11:13:30.775+0530: 878.676: [GC (Allocation Failure) 2019-01-02T11:13:30.776+0530: 878.676: [DefNew
Desired survivor size 32768 bytes, new threshold 15 (max 15)
- age   1:        248 bytes,        248 total
- age   7:         16 bytes,        264 total
: 876K->0K(960K), 0.0008113 secs] 4603K->3798K(10176K), 0.0010132 secs] [Times: user=0.00 sys=0.00, real=0.00 secs] 
2019-01-02T11:13:30.778+0530: 878.679: [GC (Allocation Failure) 2019-01-02T11:13:30.778+0530: 878.679: [DefNew
Desired survivor size 32768 bytes, new threshold 15 (max 15)
- age   2:        184 bytes,        184 total
- age   8:         16 bytes,        200 total
: 896K->0K(960K), 0.0009048 secs] 4694K->4086K(10176K), 0.0010537 secs] [Times: user=0.00 sys=0.00, real=0.00 secs] 
2019-01-02T11:13:30.781+0530: 878.681: [GC (Allocation Failure) 2019-01-02T11:13:30.781+0530: 878.681: [DefNew
Desired survivor size 32768 bytes, new threshold 15 (max 15)
- age   3:        184 bytes,        184 total
- age   9:         16 bytes,        200 total
: 896K->0K(960K), 0.0010172 secs] 4982K->4662K(10176K), 0.0011272 secs] [Times: user=0.00 sys=0.00, real=0.00 secs] 
2019-01-02T11:13:30.783+0530: 878.684: [GC (Allocation Failure) 2019-01-02T11:13:30.783+0530: 878.684: [DefNew
Desired survivor size 32768 bytes, new threshold 15 (max 15)
- age   1:         24 bytes,         24 total
- age   4:        184 bytes,        208 total
- age  10:         16 bytes,        224 total
: 479K->0K(960K), 0.0004003 secs] 5142K->4662K(10176K), 0.0004875 secs] [Times: user=0.00 sys=0.00, real=0.00 secs] 
2019-01-02T11:13:30.784+0530: 878.684: [GC (Allocation Failure) 2019-01-02T11:13:30.784+0530: 878.685: [DefNew
Desired survivor size 32768 bytes, new threshold 15 (max 15)
- age   2:         24 bytes,         24 total
- age   5:        184 bytes,        208 total
- age  11:         16 bytes,        224 total
: 505K->0K(960K), 0.0003256 secs] 5168K->5168K(10176K), 0.0003780 secs] [Times: user=0.00 sys=0.00, real=0.00 secs] 
2019-01-02T11:13:30.784+0530: 878.685: [GC (Allocation Failure) 2019-01-02T11:13:30.784+0530: 878.685: [DefNew
Desired survivor size 32768 bytes, new threshold 15 (max 15)
- age   1:         24 bytes,         24 total
- age   6:         72 bytes,         96 total
- age  12:         16 bytes,        112 total
: 523K->0K(960K), 0.0010873 secs] 5691K->5673K(10176K), 0.0013017 secs] [Times: user=0.00 sys=0.00, real=0.00 secs] 
2019-01-02T11:13:30.845+0530: 878.745: [GC (Allocation Failure) 2019-01-02T11:13:30.845+0530: 878.746: [DefNew
Desired survivor size 32768 bytes, new threshold 15 (max 15)
- age   1:        248 bytes,        248 total
- age   7:         16 bytes,        264 total
- age  13:         16 bytes,        280 total
: 876K->0K(960K), 0.0009311 secs] 6550K->5745K(10176K), 0.0012447 secs] [Times: user=0.00 sys=0.00, real=0.00 secs] 
2019-01-02T11:13:30.848+0530: 878.748: [GC (Allocation Failure) 2019-01-02T11:13:30.848+0530: 878.749: [DefNew
Desired survivor size 32768 bytes, new threshold 15 (max 15)
- age   2:        184 bytes,        184 total
- age   8:         16 bytes,        200 total
- age  14:         16 bytes,        216 total
: 896K->0K(960K), 0.0007629 secs] 6641K->6033K(10176K), 0.0009687 secs] [Times: user=0.00 sys=0.00, real=0.00 secs] 
2019-01-02T11:13:30.850+0530: 878.751: [GC (Allocation Failure) 2019-01-02T11:13:30.850+0530: 878.751: [DefNew
Desired survivor size 32768 bytes, new threshold 15 (max 15)
- age   3:        184 bytes,        184 total
- age   9:         16 bytes,        200 total
- age  15:         16 bytes,        216 total
: 896K->0K(960K), 0.0011192 secs] 6929K->6609K(10176K), 0.0013182 secs] [Times: user=0.00 sys=0.00, real=0.00 secs] 
2019-01-02T11:13:30.852+0530: 878.753: [GC (Allocation Failure) 2019-01-02T11:13:30.853+0530: 878.753: [DefNew
Desired survivor size 32768 bytes, new threshold 15 (max 15)
- age   1:         24 bytes,         24 total
- age   4:        184 bytes,        208 total
- age  10:         16 bytes,        224 total
: 479K->0K(960K), 0.0005023 secs] 7089K->6609K(10176K), 0.0005964 secs] [Times: user=0.02 sys=0.00, real=0.00 secs] 
2019-01-02T11:13:30.854+0530: 878.754: [GC (Allocation Failure) 2019-01-02T11:13:30.854+0530: 878.754: [DefNew
Desired survivor size 32768 bytes, new threshold 15 (max 15)
- age   2:         24 bytes,         24 total
- age   5:        184 bytes,        208 total
- age  11:         16 bytes,        224 total
: 505K->0K(960K), 0.0006973 secs] 7115K->7115K(10176K), 0.0007691 secs] [Times: user=0.00 sys=0.00, real=0.00 secs] 
2019-01-02T11:13:30.855+0530: 878.756: [GC (Allocation Failure) 2019-01-02T11:13:30.855+0530: 878.756: [DefNew
Desired survivor size 32768 bytes, new threshold 15 (max 15)
- age   1:         24 bytes,         24 total
- age   6:         72 bytes,         96 total
- age  12:         16 bytes,        112 total
: 523K->0K(960K), 0.0007218 secs] 7638K->7620K(10176K), 0.0008091 secs] [Times: user=0.00 sys=0.00, real=0.00 secs] 
2019-01-02T11:13:30.908+0530: 878.809: [GC (Allocation Failure) 2019-01-02T11:13:30.908+0530: 878.809: [DefNew
Desired survivor size 32768 bytes, new threshold 15 (max 15)
- age   1:        248 bytes,        248 total
- age   7:         16 bytes,        264 total
- age  13:         16 bytes,        280 total
: 876K->0K(960K), 0.0017173 secs] 8497K->7692K(10176K), 0.0022675 secs] [Times: user=0.00 sys=0.00, real=0.00 secs] 
2019-01-02T11:13:30.912+0530: 878.813: [GC (Allocation Failure) 2019-01-02T11:13:30.912+0530: 878.813: [DefNew
Desired survivor size 32768 bytes, new threshold 15 (max 15)
- age   2:        184 bytes,        184 total
- age   8:         16 bytes,        200 total
- age  14:         16 bytes,        216 total
: 896K->0K(960K), 0.0009322 secs] 8588K->7980K(10176K), 0.0011922 secs] [Times: user=0.00 sys=0.00, real=0.00 secs] 
2019-01-02T11:13:30.915+0530: 878.815: [GC (Allocation Failure) 2019-01-02T11:13:30.915+0530: 878.815: [DefNew
Desired survivor size 32768 bytes, new threshold 15 (max 15)
- age   3:        184 bytes,        184 total
- age   9:         16 bytes,        200 total
- age  15:         16 bytes,        216 total
: 896K->0K(960K), 0.0012133 secs] 8876K->8556K(10176K), 0.0013997 secs] [Times: user=0.02 sys=0.00, real=0.00 secs] 
2019-01-02T11:13:30.920+0530: 878.821: [GC (Allocation Failure) 2019-01-02T11:13:30.920+0530: 878.821: [DefNew
Desired survivor size 32768 bytes, new threshold 15 (max 15)
- age   1:         24 bytes,         24 total
- age   4:        184 bytes,        208 total
- age  10:         16 bytes,        224 total
: 479K->0K(960K), 0.0003729 secs] 9036K->8556K(10176K), 0.0005006 secs] [Times: user=0.00 sys=0.00, real=0.00 secs] 
2019-01-02T11:13:30.922+0530: 878.823: [GC (Allocation Failure) 2019-01-02T11:13:30.922+0530: 878.823: [DefNew
Desired survivor size 32768 bytes, new threshold 15 (max 15)
- age   2:         24 bytes,         24 total
- age   5:        184 bytes,        208 total
- age  11:         16 bytes,        224 total
: 505K->0K(960K), 0.0015115 secs] 9062K->9062K(10176K), 0.0017641 secs] [Times: user=0.00 sys=0.00, real=0.00 secs] 
2019-01-02T11:13:30.924+0530: 878.825: [GC (Allocation Failure) 2019-01-02T11:13:30.924+0530: 878.825: [DefNew: 523K->523K(960K), 0.0000302 secs]2019-01-02T11:13:30.924+0530: 878.825: [Tenured: 9061K->1274K(9216K), 0.0055528 secs] 9585K->1274K(10176K), [Metaspace: 2520K->2520K(1056768K)], 0.0057227 secs] [Times: user=0.00 sys=0.00, real=0.01 secs] 
2019-01-02T11:13:30.986+0530: 878.887: [GC (Allocation Failure) 2019-01-02T11:13:30.986+0530: 878.887: [DefNew
Desired survivor size 32768 bytes, new threshold 15 (max 15)
- age   1:        248 bytes,        248 total
: 876K->0K(960K), 0.0015189 secs] 2150K->1852K(10176K), 0.0020400 secs] [Times: user=0.00 sys=0.00, real=0.00 secs] 
2019-01-02T11:13:30.989+0530: 878.890: [GC (Allocation Failure) 2019-01-02T11:13:30.989+0530: 878.890: [DefNew
Desired survivor size 32768 bytes, new threshold 15 (max 15)
- age   2:        184 bytes,        184 total
: 896K->0K(960K), 0.0007235 secs] 2748K->2140K(10176K), 0.0008461 secs] [Times: user=0.00 sys=0.00, real=0.00 secs] 
2019-01-02T11:13:30.992+0530: 878.892: [GC (Allocation Failure) 2019-01-02T11:13:30.992+0530: 878.893: [DefNew
Desired survivor size 32768 bytes, new threshold 15 (max 15)
- age   3:        184 bytes,        184 total
: 896K->0K(960K), 0.0011130 secs] 3036K->2716K(10176K), 0.0013233 secs] [Times: user=0.00 sys=0.00, real=0.00 secs] 
2019-01-02T11:13:30.994+0530: 878.895: [GC (Allocation Failure) 2019-01-02T11:13:30.994+0530: 878.895: [DefNew
Desired survivor size 32768 bytes, new threshold 15 (max 15)
- age   1:         24 bytes,         24 total
- age   4:        184 bytes,        208 total
: 479K->0K(960K), 0.0004265 secs] 3195K->2716K(10176K), 0.0005548 secs] [Times: user=0.00 sys=0.00, real=0.00 secs] 
2019-01-02T11:13:30.996+0530: 878.897: [GC (Allocation Failure) 2019-01-02T11:13:30.996+0530: 878.897: [DefNew
Desired survivor size 32768 bytes, new threshold 15 (max 15)
- age   2:         24 bytes,         24 total
- age   5:        184 bytes,        208 total
: 505K->0K(960K), 0.0006238 secs] 3221K->3221K(10176K), 0.0007275 secs] [Times: user=0.00 sys=0.00, real=0.00 secs] 
2019-01-02T11:13:30.997+0530: 878.898: [GC (Allocation Failure) 2019-01-02T11:13:30.997+0530: 878.898: [DefNew
Desired survivor size 32768 bytes, new threshold 15 (max 15)
- age   1:         24 bytes,         24 total
- age   6:         72 bytes,         96 total
: 523K->0K(960K), 0.0003159 secs] 3744K->3726K(10176K), 0.0003717 secs] [Times: user=0.00 sys=0.00, real=0.00 secs] 
2019-01-02T11:13:31.053+0530: 878.954: [GC (Allocation Failure) 2019-01-02T11:13:31.053+0530: 878.954: [DefNew
Desired survivor size 32768 bytes, new threshold 15 (max 15)
- age   1:        248 bytes,        248 total
- age   7:         16 bytes,        264 total
: 876K->0K(960K), 0.0008085 secs] 4603K->3799K(10176K), 0.0012333 secs] [Times: user=0.00 sys=0.00, real=0.00 secs] 
2019-01-02T11:13:31.057+0530: 878.958: [GC (Allocation Failure) 2019-01-02T11:13:31.057+0530: 878.958: [DefNew
Desired survivor size 32768 bytes, new threshold 15 (max 15)
- age   2:        184 bytes,        184 total
- age   8:         16 bytes,        200 total
: 896K->0K(960K), 0.0006831 secs] 4695K->4087K(10176K), 0.0008518 secs] [Times: user=0.00 sys=0.00, real=0.00 secs] 
2019-01-02T11:13:31.059+0530: 878.960: [GC (Allocation Failure) 2019-01-02T11:13:31.059+0530: 878.960: [DefNew
Desired survivor size 32768 bytes, new threshold 15 (max 15)
- age   3:        184 bytes,        184 total
- age   9:         16 bytes,        200 total
: 896K->0K(960K), 0.0011546 secs] 4983K->4663K(10176K), 0.0013479 secs] [Times: user=0.00 sys=0.00, real=0.00 secs] 
2019-01-02T11:13:31.062+0530: 878.963: [GC (Allocation Failure) 2019-01-02T11:13:31.062+0530: 878.963: [DefNew
Desired survivor size 32768 bytes, new threshold 15 (max 15)
- age   1:         24 bytes,         24 total
- age   4:        184 bytes,        208 total
- age  10:         16 bytes,        224 total
: 479K->0K(960K), 0.0007458 secs] 5142K->4663K(10176K), 0.0009601 secs] [Times: user=0.00 sys=0.00, real=0.00 secs] 
2019-01-02T11:13:31.063+0530: 878.964: [GC (Allocation Failure) 2019-01-02T11:13:31.063+0530: 878.964: [DefNew
Desired survivor size 32768 bytes, new threshold 15 (max 15)
- age   2:         24 bytes,         24 total
- age   5:        184 bytes,        208 total
- age  11:         16 bytes,        224 total
: 505K->0K(960K), 0.0003501 secs] 5168K->5168K(10176K), 0.0004248 secs] [Times: user=0.00 sys=0.00, real=0.00 secs] 
2019-01-02T11:13:31.064+0530: 878.965: [GC (Allocation Failure) 2019-01-02T11:13:31.064+0530: 878.965: [DefNew
Desired survivor size 32768 bytes, new threshold 15 (max 15)
- age   1:         24 bytes,         24 total
- age   6:         72 bytes,         96 total
- age  12:         16 bytes,        112 total
: 523K->0K(960K), 0.0003216 secs] 5691K->5674K(10176K), 0.0003934 secs] [Times: user=0.00 sys=0.00, real=0.00 secs] 
2019-01-02T11:13:31.121+0530: 879.022: [GC (Allocation Failure) 2019-01-02T11:13:31.121+0530: 879.022: [DefNew
Desired survivor size 32768 bytes, new threshold 15 (max 15)
- age   1:        248 bytes,        248 total
- age   7:         16 bytes,        264 total
- age  13:         16 bytes,        280 total
: 876K->0K(960K), 0.0009755 secs] 6550K->5746K(10176K), 0.0012321 secs] [Times: user=0.00 sys=0.00, real=0.00 secs] 
2019-01-02T11:13:31.125+0530: 879.025: [GC (Allocation Failure) 2019-01-02T11:13:31.125+0530: 879.025: [DefNew
Desired survivor size 32768 bytes, new threshold 15 (max 15)
- age   2:        184 bytes,        184 total
- age   8:         16 bytes,        200 total
- age  14:         16 bytes,        216 total
: 896K->0K(960K), 0.0006112 secs] 6642K->6034K(10176K), 0.0007942 secs] [Times: user=0.00 sys=0.00, real=0.00 secs] 
2019-01-02T11:13:31.127+0530: 879.027: [GC (Allocation Failure) 2019-01-02T11:13:31.127+0530: 879.027: [DefNew
Desired survivor size 32768 bytes, new threshold 15 (max 15)
- age   3:        184 bytes,        184 total
- age   9:         16 bytes,        200 total
- age  15:         16 bytes,        216 total
: 896K->0K(960K), 0.0008649 secs] 6930K->6610K(10176K), 0.0009909 secs] [Times: user=0.00 sys=0.00, real=0.00 secs] 
2019-01-02T11:13:31.129+0530: 879.030: [GC (Allocation Failure) 2019-01-02T11:13:31.129+0530: 879.030: [DefNew
Desired survivor size 32768 bytes, new threshold 15 (max 15)
- age   1:         24 bytes,         24 total
- age   4:        184 bytes,        208 total
- age  10:         16 bytes,        224 total
: 479K->0K(960K), 0.0004630 secs] 7090K->6610K(10176K), 0.0005804 secs] [Times: user=0.00 sys=0.00, real=0.00 secs] 
2019-01-02T11:13:31.130+0530: 879.031: [GC (Allocation Failure) 2019-01-02T11:13:31.130+0530: 879.031: [DefNew
Desired survivor size 32768 bytes, new threshold 15 (max 15)
- age   2:         24 bytes,         24 total
- age   5:        184 bytes,        208 total
- age  11:         16 bytes,        224 total
: 505K->0K(960K), 0.0003387 secs] 7115K->7115K(10176K), 0.0004174 secs] [Times: user=0.00 sys=0.00, real=0.00 secs] 
2019-01-02T11:13:31.131+0530: 879.032: [GC (Allocation Failure) 2019-01-02T11:13:31.131+0530: 879.032: [DefNew
Desired survivor size 32768 bytes, new threshold 15 (max 15)
- age   1:         24 bytes,         24 total
- age   6:         72 bytes,         96 total
- age  12:         16 bytes,        112 total
: 523K->0K(960K), 0.0003284 secs] 7638K->7621K(10176K), 0.0003985 secs] [Times: user=0.00 sys=0.00, real=0.00 secs] 
2019-01-02T11:13:31.195+0530: 879.096: [GC (Allocation Failure) 2019-01-02T11:13:31.195+0530: 879.096: [DefNew
Desired survivor size 32768 bytes, new threshold 15 (max 15)
- age   1:        248 bytes,        248 total
- age   7:         16 bytes,        264 total
- age  13:         16 bytes,        280 total
: 876K->0K(960K), 0.0009978 secs] 8497K->7693K(10176K), 0.0014037 secs] [Times: user=0.00 sys=0.00, real=0.00 secs] 
2019-01-02T11:13:31.198+0530: 879.099: [GC (Allocation Failure) 2019-01-02T11:13:31.199+0530: 879.100: [DefNew
Desired survivor size 32768 bytes, new threshold 15 (max 15)
- age   2:        184 bytes,        184 total
- age   8:         16 bytes,        200 total
- age  14:         16 bytes,        216 total
: 896K->0K(960K), 0.0017692 secs] 8589K->7981K(10176K), 0.0021421 secs] [Times: user=0.00 sys=0.00, real=0.00 secs] 
2019-01-02T11:13:31.202+0530: 879.103: [GC (Allocation Failure) 2019-01-02T11:13:31.202+0530: 879.103: [DefNew
Desired survivor size 32768 bytes, new threshold 15 (max 15)
- age   3:        184 bytes,        184 total
- age   9:         16 bytes,        200 total
- age  15:         16 bytes,        216 total
: 896K->0K(960K), 0.0004533 secs] 8877K->8557K(10176K), 0.0006312 secs] [Times: user=0.00 sys=0.00, real=0.00 secs] 
2019-01-02T11:13:31.204+0530: 879.105: [GC (Allocation Failure) 2019-01-02T11:13:31.204+0530: 879.105: [DefNew
Desired survivor size 32768 bytes, new threshold 15 (max 15)
- age   1:         24 bytes,         24 total
- age   4:        184 bytes,        208 total
- age  10:         16 bytes,        224 total
: 479K->0K(960K), 0.0008011 secs] 9037K->8557K(10176K), 0.0009510 secs] [Times: user=0.00 sys=0.00, real=0.00 secs] 
2019-01-02T11:13:31.206+0530: 879.106: [GC (Allocation Failure) 2019-01-02T11:13:31.206+0530: 879.106: [DefNew
Desired survivor size 32768 bytes, new threshold 15 (max 15)
- age   2:         24 bytes,         24 total
- age   5:        184 bytes,        208 total
- age  11:         16 bytes,        224 total
: 505K->0K(960K), 0.0003820 secs] 9063K->9063K(10176K), 0.0004578 secs] [Times: user=0.00 sys=0.00, real=0.00 secs] 
2019-01-02T11:13:31.207+0530: 879.107: [GC (Allocation Failure) 2019-01-02T11:13:31.207+0530: 879.107: [DefNew: 523K->523K(960K), 0.0000456 secs]2019-01-02T11:13:31.207+0530: 879.108: [Tenured: 9062K->1274K(9216K), 0.0051537 secs] 9586K->1274K(10176K), [Metaspace: 2520K->2520K(1056768K)], 0.0053840 secs] [Times: user=0.00 sys=0.00, real=0.00 secs] 
2019-01-02T11:13:31.271+0530: 879.171: [GC (Allocation Failure) 2019-01-02T11:13:31.271+0530: 879.172: [DefNew
Desired survivor size 32768 bytes, new threshold 15 (max 15)
- age   1:        248 bytes,        248 total
: 876K->0K(960K), 0.0018570 secs] 2151K->1852K(10176K), 0.0023781 secs] [Times: user=0.00 sys=0.00, real=0.00 secs] 
2019-01-02T11:13:31.275+0530: 879.176: [GC (Allocation Failure) 2019-01-02T11:13:31.275+0530: 879.176: [DefNew
Desired survivor size 32768 bytes, new threshold 15 (max 15)
- age   2:        184 bytes,        184 total
: 896K->0K(960K), 0.0006414 secs] 2748K->2140K(10176K), 0.0009345 secs] [Times: user=0.00 sys=0.00, real=0.00 secs] 
2019-01-02T11:13:31.277+0530: 879.178: [GC (Allocation Failure) 2019-01-02T11:13:31.277+0530: 879.178: [DefNew
Desired survivor size 32768 bytes, new threshold 15 (max 15)
- age   3:        184 bytes,        184 total
: 896K->0K(960K), 0.0010896 secs] 3036K->2716K(10176K), 0.0013564 secs] [Times: user=0.00 sys=0.00, real=0.00 secs] 
2019-01-02T11:13:31.281+0530: 879.182: [GC (Allocation Failure) 2019-01-02T11:13:31.281+0530: 879.182: [DefNew
Desired survivor size 32768 bytes, new threshold 15 (max 15)
- age   1:         24 bytes,         24 total
- age   4:        184 bytes,        208 total
: 479K->0K(960K), 0.0002771 secs] 3196K->2716K(10176K), 0.0003831 secs] [Times: user=0.00 sys=0.00, real=0.00 secs] 
2019-01-02T11:13:31.281+0530: 879.182: [GC (Allocation Failure) 2019-01-02T11:13:31.282+0530: 879.182: [DefNew
Desired survivor size 32768 bytes, new threshold 15 (max 15)
- age   2:         24 bytes,         24 total
- age   5:        184 bytes,        208 total
: 505K->0K(960K), 0.0003067 secs] 3221K->3221K(10176K), 0.0003643 secs] [Times: user=0.00 sys=0.00, real=0.00 secs] 
2019-01-02T11:13:31.282+0530: 879.183: [GC (Allocation Failure) 2019-01-02T11:13:31.282+0530: 879.183: [DefNew
Desired survivor size 32768 bytes, new threshold 15 (max 15)
- age   1:         24 bytes,         24 total
- age   6:         72 bytes,         96 total
: 523K->0K(960K), 0.0002942 secs] 3745K->3727K(10176K), 0.0003449 secs] [Times: user=0.00 sys=0.00, real=0.00 secs] 
2019-01-02T11:13:31.365+0530: 879.265: [GC (Allocation Failure) 2019-01-02T11:13:31.365+0530: 879.266: [DefNew
Desired survivor size 32768 bytes, new threshold 15 (max 15)
- age   1:        248 bytes,        248 total
- age   7:         16 bytes,        264 total
: 876K->0K(960K), 0.0005804 secs] 4604K->3799K(10176K), 0.0008615 secs] [Times: user=0.00 sys=0.00, real=0.00 secs] 
2019-01-02T11:13:31.367+0530: 879.268: [GC (Allocation Failure) 2019-01-02T11:13:31.367+0530: 879.268: [DefNew
Desired survivor size 32768 bytes, new threshold 15 (max 15)
- age   2:        184 bytes,        184 total
- age   8:         16 bytes,        200 total
: 896K->0K(960K), 0.0004841 secs] 4695K->4087K(10176K), 0.0006272 secs] [Times: user=0.00 sys=0.00, real=0.00 secs] 
2019-01-02T11:13:31.372+0530: 879.273: [GC (Allocation Failure) 2019-01-02T11:13:31.372+0530: 879.273: [DefNew
Desired survivor size 32768 bytes, new threshold 15 (max 15)
- age   3:        184 bytes,        184 total
- age   9:         16 bytes,        200 total
: 896K->0K(960K), 0.0008746 secs] 4983K->4663K(10176K), 0.0012783 secs] [Times: user=0.00 sys=0.00, real=0.00 secs] 
2019-01-02T11:13:31.375+0530: 879.276: [GC (Allocation Failure) 2019-01-02T11:13:31.375+0530: 879.276: [DefNew
Desired survivor size 32768 bytes, new threshold 15 (max 15)
- age   1:         24 bytes,         24 total
- age   4:        184 bytes,        208 total
- age  10:         16 bytes,        224 total
: 479K->0K(960K), 0.0008547 secs] 5143K->4663K(10176K), 0.0010069 secs] [Times: user=0.00 sys=0.00, real=0.00 secs] 
2019-01-02T11:13:31.377+0530: 879.278: [GC (Allocation Failure) 2019-01-02T11:13:31.377+0530: 879.278: [DefNew
Desired survivor size 32768 bytes, new threshold 15 (max 15)
- age   2:         24 bytes,         24 total
- age   5:        184 bytes,        208 total
- age  11:         16 bytes,        224 total
: 505K->0K(960K), 0.0004550 secs] 5169K->5169K(10176K), 0.0005958 secs] [Times: user=0.00 sys=0.00, real=0.00 secs] 
2019-01-02T11:13:31.378+0530: 879.279: [GC (Allocation Failure) 2019-01-02T11:13:31.378+0530: 879.279: [DefNew
Desired survivor size 32768 bytes, new threshold 15 (max 15)
- age   1:         24 bytes,         24 total
- age   6:         72 bytes,         96 total
- age  12:         16 bytes,        112 total
: 523K->0K(960K), 0.0004698 secs] 5692K->5674K(10176K), 0.0005513 secs] [Times: user=0.00 sys=0.00, real=0.00 secs] 
2019-01-02T11:13:31.435+0530: 879.336: [GC (Allocation Failure) 2019-01-02T11:13:31.435+0530: 879.336: [DefNew
Desired survivor size 32768 bytes, new threshold 15 (max 15)
- age   1:        248 bytes,        248 total
- age   7:         16 bytes,        264 total
- age  13:         16 bytes,        280 total
: 876K->0K(960K), 0.0008644 secs] 6551K->5746K(10176K), 0.0011409 secs] [Times: user=0.00 sys=0.00, real=0.00 secs] 
2019-01-02T11:13:31.438+0530: 879.339: [GC (Allocation Failure) 2019-01-02T11:13:31.438+0530: 879.339: [DefNew
Desired survivor size 32768 bytes, new threshold 15 (max 15)
- age   2:        184 bytes,        184 total
- age   8:         16 bytes,        200 total
- age  14:         16 bytes,        216 total
: 896K->0K(960K), 0.0017686 secs] 6642K->6034K(10176K), 0.0020155 secs] [Times: user=0.00 sys=0.00, real=0.00 secs] 
2019-01-02T11:13:31.442+0530: 879.343: [GC (Allocation Failure) 2019-01-02T11:13:31.442+0530: 879.343: [DefNew
Desired survivor size 32768 bytes, new threshold 15 (max 15)
- age   3:        184 bytes,        184 total
- age   9:         16 bytes,        200 total
- age  15:         16 bytes,        216 total
: 896K->0K(960K), 0.0007874 secs] 6930K->6610K(10176K), 0.0009083 secs] [Times: user=0.00 sys=0.00, real=0.00 secs] 
2019-01-02T11:13:31.444+0530: 879.345: [GC (Allocation Failure) 2019-01-02T11:13:31.444+0530: 879.345: [DefNew
Desired survivor size 32768 bytes, new threshold 15 (max 15)
- age   1:         24 bytes,         24 total
- age   4:        184 bytes,        208 total
- age  10:         16 bytes,        224 total
: 479K->0K(960K), 0.0005588 secs] 7090K->6610K(10176K), 0.0006374 secs] [Times: user=0.00 sys=0.00, real=0.00 secs] 
2019-01-02T11:13:31.445+0530: 879.346: [GC (Allocation Failure) 2019-01-02T11:13:31.445+0530: 879.346: [DefNew
Desired survivor size 32768 bytes, new threshold 15 (max 15)
- age   2:         24 bytes,         24 total
- age   5:        184 bytes,        208 total
- age  11:         16 bytes,        224 total
: 505K->0K(960K), 0.0003159 secs] 7116K->7116K(10176K), 0.0003717 secs] [Times: user=0.00 sys=0.00, real=0.00 secs] 
2019-01-02T11:13:31.446+0530: 879.347: [GC (Allocation Failure) 2019-01-02T11:13:31.446+0530: 879.347: [DefNew
Desired survivor size 32768 bytes, new threshold 15 (max 15)
- age   1:         24 bytes,         24 total
- age   6:         72 bytes,         96 total
- age  12:         16 bytes,        112 total
: 523K->0K(960K), 0.0002948 secs] 7639K->7622K(10176K), 0.0003461 secs] [Times: user=0.02 sys=0.00, real=0.00 secs] 
2019-01-02T11:13:31.502+0530: 879.403: [GC (Allocation Failure) 2019-01-02T11:13:31.503+0530: 879.403: [DefNew
Desired survivor size 32768 bytes, new threshold 15 (max 15)
- age   1:        248 bytes,        248 total
- age   7:         16 bytes,        264 total
- age  13:         16 bytes,        280 total
: 876K->0K(960K), 0.0005787 secs] 8498K->7694K(10176K), 0.0008569 secs] [Times: user=0.00 sys=0.00, real=0.00 secs] 
2019-01-02T11:13:31.505+0530: 879.406: [GC (Allocation Failure) 2019-01-02T11:13:31.505+0530: 879.406: [DefNew
Desired survivor size 32768 bytes, new threshold 15 (max 15)
- age   2:        184 bytes,        184 total
- age   8:         16 bytes,        200 total
- age  14:         16 bytes,        216 total
: 896K->0K(960K), 0.0010588 secs] 8590K->7982K(10176K), 0.0012703 secs] [Times: user=0.00 sys=0.00, real=0.00 secs] 
2019-01-02T11:13:31.508+0530: 879.409: [GC (Allocation Failure) 2019-01-02T11:13:31.508+0530: 879.409: [DefNew
Desired survivor size 32768 bytes, new threshold 15 (max 15)
- age   3:        184 bytes,        184 total
- age   9:         16 bytes,        200 total
- age  15:         16 bytes,        216 total
: 896K->0K(960K), 0.0008296 secs] 8878K->8558K(10176K), 0.0010343 secs] [Times: user=0.02 sys=0.00, real=0.00 secs] 
2019-01-02T11:13:31.511+0530: 879.411: [GC (Allocation Failure) 2019-01-02T11:13:31.511+0530: 879.411: [DefNew
Desired survivor size 32768 bytes, new threshold 15 (max 15)
- age   1:         24 bytes,         24 total
- age   4:        184 bytes,        208 total
- age  10:         16 bytes,        224 total
: 479K->0K(960K), 0.0004926 secs] 9037K->8558K(10176K), 0.0005930 secs] [Times: user=0.00 sys=0.00, real=0.00 secs] 
2019-01-02T11:13:31.512+0530: 879.413: [GC (Allocation Failure) 2019-01-02T11:13:31.512+0530: 879.413: [DefNew
Desired survivor size 32768 bytes, new threshold 15 (max 15)
- age   2:         24 bytes,         24 total
- age   5:        184 bytes,        208 total
- age  11:         16 bytes,        224 total
: 505K->0K(960K), 0.0003603 secs] 9063K->9063K(10176K), 0.0004407 secs] [Times: user=0.00 sys=0.00, real=0.00 secs] 
2019-01-02T11:13:31.513+0530: 879.413: [GC (Allocation Failure) 2019-01-02T11:13:31.513+0530: 879.413: [DefNew: 523K->523K(960K), 0.0000285 secs]2019-01-02T11:13:31.513+0530: 879.414: [Tenured: 9063K->1274K(9216K), 0.0037049 secs] 9587K->1274K(10176K), [Metaspace: 2520K->2520K(1056768K)], 0.0038594 secs] [Times: user=0.00 sys=0.00, real=0.00 secs] 
2019-01-02T11:13:31.573+0530: 879.474: [GC (Allocation Failure) 2019-01-02T11:13:31.573+0530: 879.474: [DefNew
Desired survivor size 32768 bytes, new threshold 15 (max 15)
- age   1:        248 bytes,        248 total
: 876K->0K(960K), 0.0010326 secs] 2151K->1852K(10176K), 0.0015121 secs] [Times: user=0.00 sys=0.00, real=0.00 secs] 
2019-01-02T11:13:31.576+0530: 879.477: [GC (Allocation Failure) 2019-01-02T11:13:31.576+0530: 879.477: [DefNew
Desired survivor size 32768 bytes, new threshold 15 (max 15)
- age   2:        184 bytes,        184 total
: 896K->0K(960K), 0.0005645 secs] 2748K->2140K(10176K), 0.0007480 secs] [Times: user=0.00 sys=0.00, real=0.00 secs] 
2019-01-02T11:13:31.578+0530: 879.479: [GC (Allocation Failure) 2019-01-02T11:13:31.578+0530: 879.479: [DefNew
Desired survivor size 32768 bytes, new threshold 15 (max 15)
- age   3:        184 bytes,        184 total
: 896K->0K(960K), 0.0009664 secs] 3036K->2716K(10176K), 0.0011375 secs] [Times: user=0.00 sys=0.00, real=0.00 secs] 
2019-01-02T11:13:31.581+0530: 879.482: [GC (Allocation Failure) 2019-01-02T11:13:31.581+0530: 879.482: [DefNew
Desired survivor size 32768 bytes, new threshold 15 (max 15)
- age   1:         24 bytes,         24 total
- age   4:        184 bytes,        208 total
: 479K->0K(960K), 0.0007714 secs] 3196K->2716K(10176K), 0.0009636 secs] [Times: user=0.00 sys=0.00, real=0.00 secs] 
2019-01-02T11:13:31.583+0530: 879.484: [GC (Allocation Failure) 2019-01-02T11:13:31.583+0530: 879.484: [DefNew
Desired survivor size 32768 bytes, new threshold 15 (max 15)
- age   2:         24 bytes,         24 total
- age   5:        184 bytes,        208 total
: 505K->0K(960K), 0.0003381 secs] 3222K->3222K(10176K), 0.0004111 secs] [Times: user=0.00 sys=0.00, real=0.00 secs] 
2019-01-02T11:13:31.584+0530: 879.484: [GC (Allocation Failure) 2019-01-02T11:13:31.584+0530: 879.484: [DefNew
Desired survivor size 32768 bytes, new threshold 15 (max 15)
- age   1:         24 bytes,         24 total
- age   6:         72 bytes,         96 total
: 523K->0K(960K), 0.0003050 secs] 3745K->3727K(10176K), 0.0003752 secs] [Times: user=0.00 sys=0.00, real=0.00 secs] 
2019-01-02T11:13:31.642+0530: 879.543: [GC (Allocation Failure) 2019-01-02T11:13:31.642+0530: 879.543: [DefNew
Desired survivor size 32768 bytes, new threshold 15 (max 15)
- age   1:        248 bytes,        248 total
- age   7:         16 bytes,        264 total
: 876K->0K(960K), 0.0009123 secs] 4604K->3799K(10176K), 0.0013051 secs] [Times: user=0.00 sys=0.00, real=0.00 secs] 
2019-01-02T11:13:31.645+0530: 879.546: [GC (Allocation Failure) 2019-01-02T11:13:31.645+0530: 879.546: [DefNew
Desired survivor size 32768 bytes, new threshold 15 (max 15)
- age   2:        184 bytes,        184 total
- age   8:         16 bytes,        200 total
: 896K->0K(960K), 0.0006340 secs] 4695K->4087K(10176K), 0.0007600 secs] [Times: user=0.00 sys=0.00, real=0.00 secs] 
2019-01-02T11:13:31.647+0530: 879.548: [GC (Allocation Failure) 2019-01-02T11:13:31.647+0530: 879.548: [DefNew
Desired survivor size 32768 bytes, new threshold 15 (max 15)
- age   3:        184 bytes,        184 total
- age   9:         16 bytes,        200 total
: 896K->0K(960K), 0.0006745 secs] 4983K->4663K(10176K), 0.0009282 secs] [Times: user=0.00 sys=0.00, real=0.00 secs] 
2019-01-02T11:13:31.650+0530: 879.550: [GC (Allocation Failure) 2019-01-02T11:13:31.650+0530: 879.550: [DefNew
Desired survivor size 32768 bytes, new threshold 15 (max 15)
- age   1:         24 bytes,         24 total
- age   4:        184 bytes,        208 total
- age  10:         16 bytes,        224 total
: 479K->0K(960K), 0.0002492 secs] 5143K->4663K(10176K), 0.0003387 secs] [Times: user=0.00 sys=0.00, real=0.00 secs] 
2019-01-02T11:13:31.650+0530: 879.551: [GC (Allocation Failure) 2019-01-02T11:13:31.650+0530: 879.551: [DefNew
Desired survivor size 32768 bytes, new threshold 15 (max 15)
- age   2:         24 bytes,         24 total
- age   5:        184 bytes,        208 total
- age  11:         16 bytes,        224 total
: 505K->0K(960K), 0.0004014 secs] 5169K->5169K(10176K), 0.0005012 secs] [Times: user=0.00 sys=0.00, real=0.00 secs] 
2019-01-02T11:13:31.651+0530: 879.552: [GC (Allocation Failure) 2019-01-02T11:13:31.651+0530: 879.552: [DefNew
Desired survivor size 32768 bytes, new threshold 15 (max 15)
- age   1:         24 bytes,         24 total
- age   6:         72 bytes,         96 total
- age  12:         16 bytes,        112 total
: 523K->0K(960K), 0.0003968 secs] 5692K->5675K(10176K), 0.0005120 secs] [Times: user=0.00 sys=0.00, real=0.00 secs] 
2019-01-02T11:13:31.711+0530: 879.612: [GC (Allocation Failure) 2019-01-02T11:13:31.711+0530: 879.612: [DefNew
Desired survivor size 32768 bytes, new threshold 15 (max 15)
- age   1:        248 bytes,        248 total
- age   7:         16 bytes,        264 total
- age  13:         16 bytes,        280 total
: 876K->0K(960K), 0.0008119 secs] 6552K->5747K(10176K), 0.0011164 secs] [Times: user=0.00 sys=0.00, real=0.00 secs] 
2019-01-02T11:13:31.714+0530: 879.615: [GC (Allocation Failure) 2019-01-02T11:13:31.714+0530: 879.615: [DefNew
Desired survivor size 32768 bytes, new threshold 15 (max 15)
- age   2:        184 bytes,        184 total
- age   8:         16 bytes,        200 total
- age  14:         16 bytes,        216 total
: 896K->0K(960K), 0.0008946 secs] 6643K->6035K(10176K), 0.0011494 secs] [Times: user=0.00 sys=0.00, real=0.00 secs] 
2019-01-02T11:13:31.717+0530: 879.618: [GC (Allocation Failure) 2019-01-02T11:13:31.717+0530: 879.618: [DefNew
Desired survivor size 32768 bytes, new threshold 15 (max 15)
- age   3:        184 bytes,        184 total
- age   9:         16 bytes,        200 total
- age  15:         16 bytes,        216 total
: 896K->0K(960K), 0.0011346 secs] 6931K->6611K(10176K), 0.0012646 secs] [Times: user=0.00 sys=0.00, real=0.00 secs] 
2019-01-02T11:13:31.719+0530: 879.620: [GC (Allocation Failure) 2019-01-02T11:13:31.719+0530: 879.620: [DefNew
Desired survivor size 32768 bytes, new threshold 15 (max 15)
- age   1:         24 bytes,         24 total
- age   4:        184 bytes,        208 total
- age  10:         16 bytes,        224 total
: 479K->0K(960K), 0.0002668 secs] 7091K->6611K(10176K), 0.0003455 secs] [Times: user=0.00 sys=0.00, real=0.00 secs] 
2019-01-02T11:13:31.720+0530: 879.621: [GC (Allocation Failure) 2019-01-02T11:13:31.720+0530: 879.621: [DefNew
Desired survivor size 32768 bytes, new threshold 15 (max 15)
- age   2:         24 bytes,         24 total
- age   5:        184 bytes,        208 total
- age  11:         16 bytes,        224 total
: 505K->0K(960K), 0.0003187 secs] 7117K->7117K(10176K), 0.0003883 secs] [Times: user=0.00 sys=0.00, real=0.00 secs] 
2019-01-02T11:13:31.721+0530: 879.622: [GC (Allocation Failure) 2019-01-02T11:13:31.721+0530: 879.622: [DefNew
Desired survivor size 32768 bytes, new threshold 15 (max 15)
- age   1:         24 bytes,         24 total
- age   6:         72 bytes,         96 total
- age  12:         16 bytes,        112 total
: 523K->0K(960K), 0.0004390 secs] 7640K->7622K(10176K), 0.0005485 secs] [Times: user=0.00 sys=0.00, real=0.00 secs] 
2019-01-02T11:13:31.783+0530: 879.684: [GC (Allocation Failure) 2019-01-02T11:13:31.783+0530: 879.684: [DefNew
Desired survivor size 32768 bytes, new threshold 15 (max 15)
- age   1:        248 bytes,        248 total
- age   7:         16 bytes,        264 total
- age  13:         16 bytes,        280 total
: 876K->0K(960K), 0.0004647 secs] 8499K->7694K(10176K), 0.0007840 secs] [Times: user=0.00 sys=0.00, real=0.00 secs] 
2019-01-02T11:13:31.785+0530: 879.686: [GC (Allocation Failure) 2019-01-02T11:13:31.786+0530: 879.686: [DefNew
Desired survivor size 32768 bytes, new threshold 15 (max 15)
- age   2:        184 bytes,        184 total
- age   8:         16 bytes,        200 total
- age  14:         16 bytes,        216 total
: 896K->0K(960K), 0.0008353 secs] 8590K->7982K(10176K), 0.0010343 secs] [Times: user=0.00 sys=0.00, real=0.00 secs] 
2019-01-02T11:13:31.788+0530: 879.689: [GC (Allocation Failure) 2019-01-02T11:13:31.788+0530: 879.689: [DefNew
Desired survivor size 32768 bytes, new threshold 15 (max 15)
- age   3:        184 bytes,        184 total
- age   9:         16 bytes,        200 total
- age  15:         16 bytes,        216 total
: 896K->0K(960K), 0.0006523 secs] 8878K->8558K(10176K), 0.0008028 secs] [Times: user=0.00 sys=0.02, real=0.00 secs] 
2019-01-02T11:13:31.790+0530: 879.691: [GC (Allocation Failure) 2019-01-02T11:13:31.791+0530: 879.692: [DefNew
Desired survivor size 32768 bytes, new threshold 15 (max 15)
- age   1:         24 bytes,         24 total
- age   4:        184 bytes,        208 total
- age  10:         16 bytes,        224 total
: 479K->0K(960K), 0.0013365 secs] 9038K->8558K(10176K), 0.0016706 secs] [Times: user=0.00 sys=0.00, real=0.00 secs] 
2019-01-02T11:13:31.793+0530: 879.694: [GC (Allocation Failure) 2019-01-02T11:13:31.793+0530: 879.694: [DefNew
Desired survivor size 32768 bytes, new threshold 15 (max 15)
- age   2:         24 bytes,         24 total
- age   5:        184 bytes,        208 total
- age  11:         16 bytes,        224 total
: 505K->0K(960K), 0.0006334 secs] 9064K->9064K(10176K), 0.0007401 secs] [Times: user=0.00 sys=0.00, real=0.00 secs] 
2019-01-02T11:13:31.794+0530: 879.695: [GC (Allocation Failure) 2019-01-02T11:13:31.794+0530: 879.695: [DefNew: 523K->523K(960K), 0.0000348 secs]2019-01-02T11:13:31.794+0530: 879.695: [Tenured: 9064K->1274K(9216K), 0.0051679 secs] 9588K->1274K(10176K), [Metaspace: 2520K->2520K(1056768K)], 0.0053184 secs] [Times: user=0.00 sys=0.00, real=0.01 secs] 
2019-01-02T11:13:31.856+0530: 879.757: [GC (Allocation Failure) 2019-01-02T11:13:31.856+0530: 879.757: [DefNew
Desired survivor size 32768 bytes, new threshold 15 (max 15)
- age   1:        248 bytes,        248 total
: 876K->0K(960K), 0.0012937 secs] 2151K->1852K(10176K), 0.0017042 secs] [Times: user=0.00 sys=0.00, real=0.00 secs] 
2019-01-02T11:13:31.860+0530: 879.760: [GC (Allocation Failure) 2019-01-02T11:13:31.860+0530: 879.761: [DefNew
Desired survivor size 32768 bytes, new threshold 15 (max 15)
- age   2:        184 bytes,        184 total
: 896K->0K(960K), 0.0009670 secs] 2748K->2140K(10176K), 0.0012760 secs] [Times: user=0.00 sys=0.00, real=0.00 secs] 
2019-01-02T11:13:31.862+0530: 879.763: [GC (Allocation Failure) 2019-01-02T11:13:31.863+0530: 879.763: [DefNew
Desired survivor size 32768 bytes, new threshold 15 (max 15)
- age   3:        184 bytes,        184 total
: 896K->0K(960K), 0.0010029 secs] 3036K->2716K(10176K), 0.0011557 secs] [Times: user=0.00 sys=0.00, real=0.00 secs] 
2019-01-02T11:13:31.865+0530: 879.766: [GC (Allocation Failure) 2019-01-02T11:13:31.865+0530: 879.766: [DefNew
Desired survivor size 32768 bytes, new threshold 15 (max 15)
- age   1:         24 bytes,         24 total
- age   4:        184 bytes,        208 total
: 479K->0K(960K), 0.0002708 secs] 3196K->2716K(10176K), 0.0003512 secs] [Times: user=0.00 sys=0.00, real=0.00 secs] 
2019-01-02T11:13:31.866+0530: 879.767: [GC (Allocation Failure) 2019-01-02T11:13:31.866+0530: 879.767: [DefNew
Desired survivor size 32768 bytes, new threshold 15 (max 15)
- age   2:         24 bytes,         24 total
- age   5:        184 bytes,        208 total
: 505K->0K(960K), 0.0003193 secs] 3222K->3222K(10176K), 0.0004020 secs] [Times: user=0.00 sys=0.00, real=0.00 secs] 
2019-01-02T11:13:31.867+0530: 879.768: [GC (Allocation Failure) 2019-01-02T11:13:31.867+0530: 879.768: [DefNew
Desired survivor size 32768 bytes, new threshold 15 (max 15)
- age   1:         24 bytes,         24 total
- age   6:         72 bytes,         96 total
: 523K->0K(960K), 0.0003278 secs] 3745K->3728K(10176K), 0.0004048 secs] [Times: user=0.02 sys=0.00, real=0.00 secs] 
2019-01-02T11:13:31.924+0530: 879.825: [GC (Allocation Failure) 2019-01-02T11:13:31.924+0530: 879.825: [DefNew
Desired survivor size 32768 bytes, new threshold 15 (max 15)
- age   1:        248 bytes,        248 total
- age   7:         16 bytes,        264 total
: 876K->0K(960K), 0.0009681 secs] 4605K->3800K(10176K), 0.0012692 secs] [Times: user=0.00 sys=0.00, real=0.00 secs] 
2019-01-02T11:13:31.928+0530: 879.828: [GC (Allocation Failure) 2019-01-02T11:13:31.928+0530: 879.829: [DefNew
Desired survivor size 32768 bytes, new threshold 15 (max 15)
- age   2:        184 bytes,        184 total
- age   8:         16 bytes,        200 total
: 896K->0K(960K), 0.0009123 secs] 4696K->4088K(10176K), 0.0012236 secs] [Times: user=0.00 sys=0.00, real=0.00 secs] 
2019-01-02T11:13:31.930+0530: 879.831: [GC (Allocation Failure) 2019-01-02T11:13:31.930+0530: 879.831: [DefNew
Desired survivor size 32768 bytes, new threshold 15 (max 15)
- age   3:        184 bytes,        184 total
- age   9:         16 bytes,        200 total
: 896K->0K(960K), 0.0007321 secs] 4984K->4664K(10176K), 0.0008627 secs] [Times: user=0.00 sys=0.00, real=0.00 secs] 
2019-01-02T11:13:31.932+0530: 879.833: [GC (Allocation Failure) 2019-01-02T11:13:31.932+0530: 879.833: [DefNew
Desired survivor size 32768 bytes, new threshold 15 (max 15)
- age   1:         24 bytes,         24 total
- age   4:        184 bytes,        208 total
- age  10:         16 bytes,        224 total
: 479K->0K(960K), 0.0009083 secs] 5144K->4664K(10176K), 0.0011164 secs] [Times: user=0.00 sys=0.00, real=0.00 secs] 
2019-01-02T11:13:31.934+0530: 879.835: [GC (Allocation Failure) 2019-01-02T11:13:31.934+0530: 879.835: [DefNew
Desired survivor size 32768 bytes, new threshold 15 (max 15)
- age   2:         24 bytes,         24 total
- age   5:        184 bytes,        208 total
- age  11:         16 bytes,        224 total
: 505K->0K(960K), 0.0003763 secs] 5170K->5170K(10176K), 0.0004618 secs] [Times: user=0.00 sys=0.00, real=0.00 secs] 
2019-01-02T11:13:31.935+0530: 879.835: [GC (Allocation Failure) 2019-01-02T11:13:31.935+0530: 879.836: [DefNew
Desired survivor size 32768 bytes, new threshold 15 (max 15)
- age   1:         24 bytes,         24 total
- age   6:         72 bytes,         96 total
- age  12:         16 bytes,        112 total
: 523K->0K(960K), 0.0003199 secs] 5693K->5675K(10176K), 0.0003923 secs] [Times: user=0.00 sys=0.00, real=0.00 secs] 
2019-01-02T11:13:31.993+0530: 879.894: [GC (Allocation Failure) 2019-01-02T11:13:31.994+0530: 879.895: [DefNew
Desired survivor size 32768 bytes, new threshold 15 (max 15)
- age   1:        248 bytes,        248 total
- age   7:         16 bytes,        264 total
- age  13:         16 bytes,        280 total
: 876K->0K(960K), 0.0006933 secs] 6552K->5748K(10176K), 0.0012874 secs] [Times: user=0.00 sys=0.00, real=0.00 secs] 
2019-01-02T11:13:31.996+0530: 879.897: [GC (Allocation Failure) 2019-01-02T11:13:31.996+0530: 879.897: [DefNew
Desired survivor size 32768 bytes, new threshold 15 (max 15)
- age   2:        184 bytes,        184 total
- age   8:         16 bytes,        200 total
- age  14:         16 bytes,        216 total
: 896K->0K(960K), 0.0008940 secs] 6644K->6035K(10176K), 0.0011209 secs] [Times: user=0.00 sys=0.00, real=0.00 secs] 
2019-01-02T11:13:31.999+0530: 879.900: [GC (Allocation Failure) 2019-01-02T11:13:31.999+0530: 879.900: [DefNew
Desired survivor size 32768 bytes, new threshold 15 (max 15)
- age   3:        184 bytes,        184 total
- age   9:         16 bytes,        200 total
- age  15:         16 bytes,        216 total
: 896K->0K(960K), 0.0011620 secs] 6931K->6612K(10176K), 0.0013667 secs] [Times: user=0.00 sys=0.00, real=0.00 secs] 
2019-01-02T11:13:32.002+0530: 879.903: [GC (Allocation Failure) 2019-01-02T11:13:32.002+0530: 879.903: [DefNew
Desired survivor size 32768 bytes, new threshold 15 (max 15)
- age   1:         24 bytes,         24 total
- age   4:        184 bytes,        208 total
- age  10:         16 bytes,        224 total
: 479K->0K(960K), 0.0004145 secs] 7091K->6612K(10176K), 0.0006551 secs] [Times: user=0.00 sys=0.00, real=0.00 secs] 
2019-01-02T11:13:32.003+0530: 879.904: [GC (Allocation Failure) 2019-01-02T11:13:32.003+0530: 879.904: [DefNew
Desired survivor size 32768 bytes, new threshold 15 (max 15)
- age   2:         24 bytes,         24 total
- age   5:        184 bytes,        208 total
- age  11:         16 bytes,        224 total
: 506K->0K(960K), 0.0003546 secs] 7117K->7117K(10176K), 0.0004270 secs] [Times: user=0.00 sys=0.00, real=0.00 secs] 
2019-01-02T11:13:32.004+0530: 879.905: [GC (Allocation Failure) 2019-01-02T11:13:32.004+0530: 879.905: [DefNew
Desired survivor size 32768 bytes, new threshold 15 (max 15)
- age   1:         24 bytes,         24 total
- age   6:         72 bytes,         96 total
- age  12:         16 bytes,        112 total
: 523K->0K(960K), 0.0003085 secs] 7641K->7623K(10176K), 0.0003780 secs] [Times: user=0.00 sys=0.00, real=0.00 secs] 
2019-01-02T11:13:32.060+0530: 879.961: [GC (Allocation Failure) 2019-01-02T11:13:32.061+0530: 879.962: [DefNew
Desired survivor size 32768 bytes, new threshold 15 (max 15)
- age   1:        248 bytes,        248 total
- age   7:         16 bytes,        264 total
- age  13:         16 bytes,        280 total
: 876K->0K(960K), 0.0012087 secs] 8500K->7695K(10176K), 0.0017270 secs] [Times: user=0.00 sys=0.00, real=0.00 secs] 
2019-01-02T11:13:32.064+0530: 879.965: [GC (Allocation Failure) 2019-01-02T11:13:32.064+0530: 879.965: [DefNew
Desired survivor size 32768 bytes, new threshold 15 (max 15)
- age   2:        184 bytes,        184 total
- age   8:         16 bytes,        200 total
- age  14:         16 bytes,        216 total
: 896K->0K(960K), 0.0006380 secs] 8591K->7983K(10176K), 0.0007555 secs] [Times: user=0.00 sys=0.00, real=0.00 secs] 
2019-01-02T11:13:32.066+0530: 879.967: [GC (Allocation Failure) 2019-01-02T11:13:32.066+0530: 879.967: [DefNew
Desired survivor size 32768 bytes, new threshold 15 (max 15)
- age   3:        184 bytes,        184 total
- age   9:         16 bytes,        200 total
- age  15:         16 bytes,        216 total
: 896K->0K(960K), 0.0008723 secs] 8879K->8559K(10176K), 0.0009852 secs] [Times: user=0.00 sys=0.00, real=0.00 secs] 
2019-01-02T11:13:32.068+0530: 879.969: [GC (Allocation Failure) 2019-01-02T11:13:32.068+0530: 879.969: [DefNew
Desired survivor size 32768 bytes, new threshold 15 (max 15)
- age   1:         24 bytes,         24 total
- age   4:        184 bytes,        208 total
- age  10:         16 bytes,        224 total
: 479K->0K(960K), 0.0006009 secs] 9039K->8559K(10176K), 0.0007213 secs] [Times: user=0.00 sys=0.00, real=0.00 secs] 
2019-01-02T11:13:32.070+0530: 879.971: [GC (Allocation Failure) 2019-01-02T11:13:32.070+0530: 879.971: [DefNew
Desired survivor size 32768 bytes, new threshold 15 (max 15)
- age   2:         24 bytes,         24 total
- age   5:        184 bytes,        208 total
- age  11:         16 bytes,        224 total
: 506K->0K(960K), 0.0003615 secs] 9065K->9065K(10176K), 0.0004470 secs] [Times: user=0.00 sys=0.01, real=0.00 secs] 
2019-01-02T11:13:32.070+0530: 879.971: [GC (Allocation Failure) 2019-01-02T11:13:32.070+0530: 879.971: [DefNew: 523K->523K(960K), 0.0000279 secs]2019-01-02T11:13:32.070+0530: 879.971: [Tenured: 9065K->1274K(9216K), 0.0037328 secs] 9588K->1274K(10176K), [Metaspace: 2520K->2520K(1056768K)], 0.0038834 secs] [Times: user=0.00 sys=0.00, real=0.00 secs] 
2019-01-02T11:13:32.131+0530: 880.032: [GC (Allocation Failure) 2019-01-02T11:13:32.131+0530: 880.032: [DefNew
Desired survivor size 32768 bytes, new threshold 15 (max 15)
- age   1:        248 bytes,        248 total
: 876K->0K(960K), 0.0010371 secs] 2151K->1853K(10176K), 0.0012823 secs] [Times: user=0.02 sys=0.00, real=0.00 secs] 
2019-01-02T11:13:32.134+0530: 880.035: [GC (Allocation Failure) 2019-01-02T11:13:32.134+0530: 880.035: [DefNew
Desired survivor size 32768 bytes, new threshold 15 (max 15)
- age   2:        184 bytes,        184 total
: 896K->0K(960K), 0.0008592 secs] 2749K->2140K(10176K), 0.0011951 secs] [Times: user=0.00 sys=0.00, real=0.00 secs] 
2019-01-02T11:13:32.137+0530: 880.038: [GC (Allocation Failure) 2019-01-02T11:13:32.137+0530: 880.038: [DefNew
Desired survivor size 32768 bytes, new threshold 15 (max 15)
- age   3:        184 bytes,        184 total
: 896K->0K(960K), 0.0011249 secs] 3036K->2716K(10176K), 0.0012823 secs] [Times: user=0.00 sys=0.00, real=0.00 secs] 
2019-01-02T11:13:32.139+0530: 880.040: [GC (Allocation Failure) 2019-01-02T11:13:32.139+0530: 880.040: [DefNew
Desired survivor size 32768 bytes, new threshold 15 (max 15)
- age   1:         24 bytes,         24 total
- age   4:        184 bytes,        208 total
: 479K->0K(960K), 0.0002429 secs] 3196K->2717K(10176K), 0.0003193 secs] [Times: user=0.00 sys=0.00, real=0.00 secs] 
2019-01-02T11:13:32.140+0530: 880.041: [GC (Allocation Failure) 2019-01-02T11:13:32.140+0530: 880.041: [DefNew
Desired survivor size 32768 bytes, new threshold 15 (max 15)
- age   2:         24 bytes,         24 total
- age   5:        184 bytes,        208 total
: 506K->0K(960K), 0.0003740 secs] 3222K->3222K(10176K), 0.0004590 secs] [Times: user=0.00 sys=0.00, real=0.00 secs] 
2019-01-02T11:13:32.141+0530: 880.042: [GC (Allocation Failure) 2019-01-02T11:13:32.141+0530: 880.042: [DefNew
Desired survivor size 32768 bytes, new threshold 15 (max 15)
- age   1:         24 bytes,         24 total
- age   6:         72 bytes,         96 total
: 523K->0K(960K), 0.0003609 secs] 3746K->3728K(10176K), 0.0004402 secs] [Times: user=0.00 sys=0.00, real=0.00 secs] 
2019-01-02T11:13:32.198+0530: 880.099: [GC (Allocation Failure) 2019-01-02T11:13:32.198+0530: 880.099: [DefNew
Desired survivor size 32768 bytes, new threshold 15 (max 15)
- age   1:        248 bytes,        248 total
- age   7:         16 bytes,        264 total
: 877K->0K(960K), 0.0006688 secs] 4605K->3800K(10176K), 0.0009168 secs] [Times: user=0.00 sys=0.00, real=0.00 secs] 
2019-01-02T11:13:32.200+0530: 880.101: [GC (Allocation Failure) 2019-01-02T11:13:32.201+0530: 880.102: [DefNew
Desired survivor size 32768 bytes, new threshold 15 (max 15)
- age   2:        184 bytes,        184 total
- age   8:         16 bytes,        200 total
: 896K->0K(960K), 0.0013433 secs] 4696K->4088K(10176K), 0.0016204 secs] [Times: user=0.00 sys=0.00, real=0.00 secs] 
2019-01-02T11:13:32.204+0530: 880.105: [GC (Allocation Failure) 2019-01-02T11:13:32.204+0530: 880.105: [DefNew
Desired survivor size 32768 bytes, new threshold 15 (max 15)
- age   3:        184 bytes,        184 total
- age   9:         16 bytes,        200 total
: 896K->0K(960K), 0.0012070 secs] 4984K->4664K(10176K), 0.0013764 secs] [Times: user=0.00 sys=0.00, real=0.00 secs] 
2019-01-02T11:13:32.206+0530: 880.107: [GC (Allocation Failure) 2019-01-02T11:13:32.206+0530: 880.107: [DefNew
Desired survivor size 32768 bytes, new threshold 15 (max 15)
- age   1:         24 bytes,         24 total
- age   4:        184 bytes,        208 total
- age  10:         16 bytes,        224 total
: 479K->0K(960K), 0.0002628 secs] 5144K->4664K(10176K), 0.0003410 secs] [Times: user=0.00 sys=0.00, real=0.00 secs] 
2019-01-02T11:13:32.207+0530: 880.108: [GC (Allocation Failure) 2019-01-02T11:13:32.207+0530: 880.108: [DefNew
Desired survivor size 32768 bytes, new threshold 15 (max 15)
- age   2:         24 bytes,         24 total
- age   5:        184 bytes,        208 total
- age  11:         16 bytes,        224 total
: 506K->0K(960K), 0.0003603 secs] 5170K->5170K(10176K), 0.0004333 secs] [Times: user=0.00 sys=0.00, real=0.00 secs] 
2019-01-02T11:13:32.208+0530: 880.109: [GC (Allocation Failure) 2019-01-02T11:13:32.208+0530: 880.109: [DefNew
Desired survivor size 32768 bytes, new threshold 15 (max 15)
- age   1:         24 bytes,         24 total
- age   6:         72 bytes,         96 total
- age  12:         16 bytes,        112 total
: 523K->0K(960K), 0.0003250 secs] 5694K->5676K(10176K), 0.0004025 secs] [Times: user=0.00 sys=0.00, real=0.00 secs] 
2019-01-02T11:13:32.266+0530: 880.167: [GC (Allocation Failure) 2019-01-02T11:13:32.266+0530: 880.167: [DefNew
Desired survivor size 32768 bytes, new threshold 15 (max 15)
- age   1:        248 bytes,        248 total
- age   7:         16 bytes,        264 total
- age  13:         16 bytes,        280 total
: 877K->0K(960K), 0.0006625 secs] 6553K->5748K(10176K), 0.0008170 secs] [Times: user=0.00 sys=0.00, real=0.00 secs] 
2019-01-02T11:13:32.269+0530: 880.170: [GC (Allocation Failure) 2019-01-02T11:13:32.269+0530: 880.170: [DefNew
Desired survivor size 32768 bytes, new threshold 15 (max 15)
- age   2:        184 bytes,        184 total
- age   8:         16 bytes,        200 total
- age  14:         16 bytes,        216 total
: 896K->0K(960K), 0.0015468 secs] 6644K->6036K(10176K), 0.0017293 secs] [Times: user=0.00 sys=0.00, real=0.00 secs] 
2019-01-02T11:13:32.273+0530: 880.174: [GC (Allocation Failure) 2019-01-02T11:13:32.273+0530: 880.174: [DefNew
Desired survivor size 32768 bytes, new threshold 15 (max 15)
- age   3:        184 bytes,        184 total
- age   9:         16 bytes,        200 total
- age  15:         16 bytes,        216 total
: 896K->0K(960K), 0.0005388 secs] 6932K->6612K(10176K), 0.0006426 secs] [Times: user=0.00 sys=0.00, real=0.00 secs] 
2019-01-02T11:13:32.275+0530: 880.176: [GC (Allocation Failure) 2019-01-02T11:13:32.275+0530: 880.176: [DefNew
Desired survivor size 32768 bytes, new threshold 15 (max 15)
- age   1:         24 bytes,         24 total
- age   4:        184 bytes,        208 total
- age  10:         16 bytes,        224 total
: 479K->0K(960K), 0.0003404 secs] 7092K->6612K(10176K), 0.0004248 secs] [Times: user=0.00 sys=0.00, real=0.00 secs] 
2019-01-02T11:13:32.276+0530: 880.177: [GC (Allocation Failure) 2019-01-02T11:13:32.276+0530: 880.177: [DefNew
Desired survivor size 32768 bytes, new threshold 15 (max 15)
- age   2:         24 bytes,         24 total
- age   5:        184 bytes,        208 total
- age  11:         16 bytes,        224 total
: 506K->0K(960K), 0.0011563 secs] 7118K->7118K(10176K), 0.0013541 secs] [Times: user=0.00 sys=0.00, real=0.00 secs] 
2019-01-02T11:13:32.278+0530: 880.179: [GC (Allocation Failure) 2019-01-02T11:13:32.278+0530: 880.179: [DefNew
Desired survivor size 32768 bytes, new threshold 15 (max 15)
- age   1:         24 bytes,         24 total
- age   6:         72 bytes,         96 total
- age  12:         16 bytes,        112 total
: 523K->0K(960K), 0.0006511 secs] 7641K->7624K(10176K), 0.0008034 secs] [Times: user=0.00 sys=0.00, real=0.00 secs] 
2019-01-02T11:13:32.342+0530: 880.243: [GC (Allocation Failure) 2019-01-02T11:13:32.342+0530: 880.243: [DefNew
Desired survivor size 32768 bytes, new threshold 15 (max 15)
- age   1:        248 bytes,        248 total
- age   7:         16 bytes,        264 total
- age  13:         16 bytes,        280 total
: 877K->0K(960K), 0.0019950 secs] 8501K->7696K(10176K), 0.0022943 secs] [Times: user=0.00 sys=0.00, real=0.00 secs] 
2019-01-02T11:13:32.347+0530: 880.248: [GC (Allocation Failure) 2019-01-02T11:13:32.347+0530: 880.248: [DefNew
Desired survivor size 32768 bytes, new threshold 15 (max 15)
- age   2:        184 bytes,        184 total
- age   8:         16 bytes,        200 total
- age  14:         16 bytes,        216 total
: 896K->0K(960K), 0.0006756 secs] 8592K->7984K(10176K), 0.0009225 secs] [Times: user=0.00 sys=0.00, real=0.00 secs] 
2019-01-02T11:13:32.349+0530: 880.250: [GC (Allocation Failure) 2019-01-02T11:13:32.349+0530: 880.250: [DefNew
Desired survivor size 32768 bytes, new threshold 15 (max 15)
- age   3:        184 bytes,        184 total
- age   9:         16 bytes,        200 total
- age  15:         16 bytes,        216 total
: 896K->0K(960K), 0.0012070 secs] 8880K->8560K(10176K), 0.0013821 secs] [Times: user=0.00 sys=0.00, real=0.00 secs] 
2019-01-02T11:13:32.351+0530: 880.252: [GC (Allocation Failure) 2019-01-02T11:13:32.351+0530: 880.252: [DefNew
Desired survivor size 32768 bytes, new threshold 15 (max 15)
- age   1:         24 bytes,         24 total
- age   4:        184 bytes,        208 total
- age  10:         16 bytes,        224 total
: 479K->0K(960K), 0.0002925 secs] 9040K->8560K(10176K), 0.0003752 secs] [Times: user=0.00 sys=0.00, real=0.00 secs] 
2019-01-02T11:13:32.352+0530: 880.253: [GC (Allocation Failure) 2019-01-02T11:13:32.352+0530: 880.253: [DefNew
Desired survivor size 32768 bytes, new threshold 15 (max 15)
- age   2:         24 bytes,         24 total
- age   5:        184 bytes,        208 total
- age  11:         16 bytes,        224 total
: 506K->0K(960K), 0.0004424 secs] 9066K->9066K(10176K), 0.0005228 secs] [Times: user=0.00 sys=0.00, real=0.00 secs] 
2019-01-02T11:13:32.353+0530: 880.254: [GC (Allocation Failure) 2019-01-02T11:13:32.353+0530: 880.254: [DefNew: 523K->523K(960K), 0.0000279 secs]2019-01-02T11:13:32.353+0530: 880.254: [Tenured: 9066K->1275K(9216K), 0.0036958 secs] 9589K->1275K(10176K), [Metaspace: 2520K->2520K(1056768K)], 0.0038480 secs] [Times: user=0.00 sys=0.00, real=0.00 secs] 
2019-01-02T11:13:32.413+0530: 880.314: [GC (Allocation Failure) 2019-01-02T11:13:32.413+0530: 880.314: [DefNew
Desired survivor size 32768 bytes, new threshold 15 (max 15)
- age   1:        248 bytes,        248 total
: 876K->0K(960K), 0.0013342 secs] 2152K->1853K(10176K), 0.0018906 secs] [Times: user=0.00 sys=0.02, real=0.00 secs] 
2019-01-02T11:13:32.416+0530: 880.317: [GC (Allocation Failure) 2019-01-02T11:13:32.416+0530: 880.317: [DefNew
Desired survivor size 32768 bytes, new threshold 15 (max 15)
- age   2:        184 bytes,        184 total
: 896K->0K(960K), 0.0007834 secs] 2749K->2141K(10176K), 0.0008997 secs] [Times: user=0.00 sys=0.00, real=0.00 secs] 
2019-01-02T11:13:32.419+0530: 880.320: [GC (Allocation Failure) 2019-01-02T11:13:32.419+0530: 880.320: [DefNew
Desired survivor size 32768 bytes, new threshold 15 (max 15)
- age   3:        184 bytes,        184 total
: 896K->0K(960K), 0.0011660 secs] 3037K->2717K(10176K), 0.0013199 secs] [Times: user=0.00 sys=0.00, real=0.00 secs] 
2019-01-02T11:13:32.421+0530: 880.322: [GC (Allocation Failure) 2019-01-02T11:13:32.421+0530: 880.322: [DefNew
Desired survivor size 32768 bytes, new threshold 15 (max 15)
- age   1:         24 bytes,         24 total
- age   4:        184 bytes,        208 total
: 479K->0K(960K), 0.0002571 secs] 3196K->2717K(10176K), 0.0003296 secs] [Times: user=0.00 sys=0.00, real=0.00 secs] 
2019-01-02T11:13:32.422+0530: 880.323: [GC (Allocation Failure) 2019-01-02T11:13:32.422+0530: 880.323: [DefNew
Desired survivor size 32768 bytes, new threshold 15 (max 15)
- age   2:         24 bytes,         24 total
- age   5:        184 bytes,        208 total
: 506K->0K(960K), 0.0004025 secs] 3223K->3223K(10176K), 0.0004858 secs] [Times: user=0.00 sys=0.00, real=0.00 secs] 
2019-01-02T11:13:32.423+0530: 880.324: [GC (Allocation Failure) 2019-01-02T11:13:32.423+0530: 880.324: [DefNew
Desired survivor size 32768 bytes, new threshold 15 (max 15)
- age   1:         24 bytes,         24 total
- age   6:         72 bytes,         96 total
: 523K->0K(960K), 0.0003239 secs] 3746K->3729K(10176K), 0.0003957 secs] [Times: user=0.00 sys=0.00, real=0.00 secs] 
2019-01-02T11:13:32.487+0530: 880.388: [GC (Allocation Failure) 2019-01-02T11:13:32.488+0530: 880.389: [DefNew
Desired survivor size 32768 bytes, new threshold 15 (max 15)
- age   1:        248 bytes,        248 total
- age   7:         16 bytes,        264 total
: 877K->0K(960K), 0.0004185 secs] 4606K->3801K(10176K), 0.0008108 secs] [Times: user=0.00 sys=0.00, real=0.00 secs] 
2019-01-02T11:13:32.490+0530: 880.391: [GC (Allocation Failure) 2019-01-02T11:13:32.490+0530: 880.391: [DefNew
Desired survivor size 32768 bytes, new threshold 15 (max 15)
- age   2:        184 bytes,        184 total
- age   8:         16 bytes,        200 total
: 896K->0K(960K), 0.0008370 secs] 4697K->4089K(10176K), 0.0010571 secs] [Times: user=0.01 sys=0.00, real=0.00 secs] 
2019-01-02T11:13:32.492+0530: 880.393: [GC (Allocation Failure) 2019-01-02T11:13:32.492+0530: 880.393: [DefNew
Desired survivor size 32768 bytes, new threshold 15 (max 15)
- age   3:        184 bytes,        184 total
- age   9:         16 bytes,        200 total
: 896K->0K(960K), 0.0003706 secs] 4985K->4665K(10176K), 0.0004613 secs] [Times: user=0.00 sys=0.00, real=0.00 secs] 
2019-01-02T11:13:32.494+0530: 880.395: [GC (Allocation Failure) 2019-01-02T11:13:32.494+0530: 880.395: [DefNew
Desired survivor size 32768 bytes, new threshold 15 (max 15)
- age   1:         24 bytes,         24 total
- age   4:        184 bytes,        208 total
- age  10:         16 bytes,        224 total
: 479K->0K(960K), 0.0005166 secs] 5144K->4665K(10176K), 0.0007298 secs] [Times: user=0.00 sys=0.00, real=0.00 secs] 
2019-01-02T11:13:32.496+0530: 880.397: [GC (Allocation Failure) 2019-01-02T11:13:32.496+0530: 880.397: [DefNew
Desired survivor size 32768 bytes, new threshold 15 (max 15)
- age   2:         24 bytes,         24 total
- age   5:        184 bytes,        208 total
- age  11:         16 bytes,        224 total
: 506K->0K(960K), 0.0004128 secs] 5171K->5171K(10176K), 0.0005610 secs] [Times: user=0.00 sys=0.00, real=0.00 secs] 
2019-01-02T11:13:32.497+0530: 880.398: [GC (Allocation Failure) 2019-01-02T11:13:32.497+0530: 880.398: [DefNew
Desired survivor size 32768 bytes, new threshold 15 (max 15)
- age   1:         24 bytes,         24 total
- age   6:         72 bytes,         96 total
- age  12:         16 bytes,        112 total
: 523K->0K(960K), 0.0006870 secs] 5694K->5677K(10176K), 0.0007777 secs] [Times: user=0.00 sys=0.00, real=0.00 secs] 
2019-01-02T11:13:32.552+0530: 880.453: [GC (Allocation Failure) 2019-01-02T11:13:32.553+0530: 880.454: [DefNew
Desired survivor size 32768 bytes, new threshold 15 (max 15)
- age   1:        248 bytes,        248 total
- age   7:         16 bytes,        264 total
- age  13:         16 bytes,        280 total
: 877K->0K(960K), 0.0007731 secs] 6554K->5749K(10176K), 0.0012452 secs] [Times: user=0.00 sys=0.01, real=0.00 secs] 
2019-01-02T11:13:32.556+0530: 880.457: [GC (Allocation Failure) 2019-01-02T11:13:32.556+0530: 880.457: [DefNew
Desired survivor size 32768 bytes, new threshold 15 (max 15)
- age   2:        184 bytes,        184 total
- age   8:         16 bytes,        200 total
- age  14:         16 bytes,        216 total
: 896K->0K(960K), 0.0008644 secs] 6645K->6037K(10176K), 0.0010810 secs] [Times: user=0.00 sys=0.00, real=0.00 secs] 
2019-01-02T11:13:32.558+0530: 880.459: [GC (Allocation Failure) 2019-01-02T11:13:32.559+0530: 880.460: [DefNew
Desired survivor size 32768 bytes, new threshold 15 (max 15)
- age   3:        184 bytes,        184 total
- age   9:         16 bytes,        200 total
- age  15:         16 bytes,        216 total
: 896K->0K(960K), 0.0011386 secs] 6933K->6613K(10176K), 0.0013359 secs] [Times: user=0.00 sys=0.00, real=0.00 secs] 
2019-01-02T11:13:32.561+0530: 880.462: [GC (Allocation Failure) 2019-01-02T11:13:32.562+0530: 880.463: [DefNew
Desired survivor size 32768 bytes, new threshold 15 (max 15)
- age   1:         24 bytes,         24 total
- age   4:        184 bytes,        208 total
- age  10:         16 bytes,        224 total
: 479K->0K(960K), 0.0008712 secs] 7092K->6613K(10176K), 0.0010936 secs] [Times: user=0.00 sys=0.00, real=0.00 secs] 
2019-01-02T11:13:32.563+0530: 880.464: [GC (Allocation Failure) 2019-01-02T11:13:32.563+0530: 880.464: [DefNew
Desired survivor size 32768 bytes, new threshold 15 (max 15)
- age   2:         24 bytes,         24 total
- age   5:        184 bytes,        208 total
- age  11:         16 bytes,        224 total
: 506K->0K(960K), 0.0003963 secs] 7119K->7119K(10176K), 0.0005012 secs] [Times: user=0.00 sys=0.00, real=0.00 secs] 
2019-01-02T11:13:32.564+0530: 880.465: [GC (Allocation Failure) 2019-01-02T11:13:32.564+0530: 880.465: [DefNew
Desired survivor size 32768 bytes, new threshold 15 (max 15)
- age   1:         24 bytes,         24 total
- age   6:         72 bytes,         96 total
- age  12:         16 bytes,        112 total
: 523K->0K(960K), 0.0006962 secs] 7642K->7625K(10176K), 0.0007874 secs] [Times: user=0.00 sys=0.00, real=0.00 secs] 
2019-01-02T11:13:32.621+0530: 880.522: [GC (Allocation Failure) 2019-01-02T11:13:32.621+0530: 880.522: [DefNew
Desired survivor size 32768 bytes, new threshold 15 (max 15)
- age   1:        248 bytes,        248 total
- age   7:         16 bytes,        264 total
- age  13:         16 bytes,        280 total
: 877K->0K(960K), 0.0010964 secs] 8502K->7697K(10176K), 0.0014664 secs] [Times: user=0.00 sys=0.00, real=0.00 secs] 
2019-01-02T11:13:32.624+0530: 880.525: [GC (Allocation Failure) 2019-01-02T11:13:32.624+0530: 880.525: [DefNew
Desired survivor size 32768 bytes, new threshold 15 (max 15)
- age   2:        184 bytes,        184 total
- age   8:         16 bytes,        200 total
- age  14:         16 bytes,        216 total
: 896K->0K(960K), 0.0009590 secs] 8593K->7985K(10176K), 0.0011443 secs] [Times: user=0.00 sys=0.00, real=0.00 secs] 
2019-01-02T11:13:32.627+0530: 880.528: [GC (Allocation Failure) 2019-01-02T11:13:32.627+0530: 880.528: [DefNew
Desired survivor size 32768 bytes, new threshold 15 (max 15)
- age   3:        184 bytes,        184 total
- age   9:         16 bytes,        200 total
- age  15:         16 bytes,        216 total
: 896K->0K(960K), 0.0008336 secs] 8881K->8561K(10176K), 0.0009721 secs] [Times: user=0.00 sys=0.00, real=0.00 secs] 
2019-01-02T11:13:32.629+0530: 880.530: [GC (Allocation Failure) 2019-01-02T11:13:32.630+0530: 880.531: [DefNew
Desired survivor size 32768 bytes, new threshold 15 (max 15)
- age   1:         24 bytes,         24 total
- age   4:        184 bytes,        208 total
- age  10:         16 bytes,        224 total
: 479K->0K(960K), 0.0005485 secs] 9040K->8561K(10176K), 0.0007503 secs] [Times: user=0.00 sys=0.00, real=0.00 secs] 
2019-01-02T11:13:32.631+0530: 880.532: [GC (Allocation Failure) 2019-01-02T11:13:32.631+0530: 880.532: [DefNew
Desired survivor size 32768 bytes, new threshold 15 (max 15)
- age   2:         24 bytes,         24 total
- age   5:        184 bytes,        208 total
- age  11:         16 bytes,        224 total
: 506K->0K(960K), 0.0006243 secs] 9067K->9067K(10176K), 0.0007691 secs] [Times: user=0.00 sys=0.00, real=0.00 secs] 
2019-01-02T11:13:32.632+0530: 880.533: [GC (Allocation Failure) 2019-01-02T11:13:32.632+0530: 880.533: [DefNew: 523K->523K(960K), 0.0000314 secs]2019-01-02T11:13:32.632+0530: 880.533: [Tenured: 9066K->1275K(9216K), 0.0040841 secs] 9590K->1275K(10176K), [Metaspace: 2520K->2520K(1056768K)], 0.0042545 secs] [Times: user=0.00 sys=0.00, real=0.00 secs] 
2019-01-02T11:13:32.691+0530: 880.592: [GC (Allocation Failure) 2019-01-02T11:13:32.692+0530: 880.593: [DefNew
Desired survivor size 32768 bytes, new threshold 15 (max 15)
- age   1:        248 bytes,        248 total
: 877K->0K(960K), 0.0009043 secs] 2152K->1853K(10176K), 0.0012789 secs] [Times: user=0.00 sys=0.00, real=0.00 secs] 
2019-01-02T11:13:32.695+0530: 880.596: [GC (Allocation Failure) 2019-01-02T11:13:32.695+0530: 880.596: [DefNew
Desired survivor size 32768 bytes, new threshold 15 (max 15)
- age   2:        184 bytes,        184 total
: 896K->0K(960K), 0.0010981 secs] 2749K->2141K(10176K), 0.0013855 secs] [Times: user=0.00 sys=0.00, real=0.00 secs] 
2019-01-02T11:13:32.698+0530: 880.599: [GC (Allocation Failure) 2019-01-02T11:13:32.698+0530: 880.599: [DefNew
Desired survivor size 32768 bytes, new threshold 15 (max 15)
- age   3:        184 bytes,        184 total
: 896K->0K(960K), 0.0011329 secs] 3037K->2717K(10176K), 0.0013815 secs] [Times: user=0.00 sys=0.00, real=0.00 secs] 
2019-01-02T11:13:32.701+0530: 880.602: [GC (Allocation Failure) 2019-01-02T11:13:32.701+0530: 880.602: [DefNew
Desired survivor size 32768 bytes, new threshold 15 (max 15)
- age   1:         24 bytes,         24 total
- age   4:        184 bytes,        208 total
: 479K->0K(960K), 0.0006352 secs] 3197K->2717K(10176K), 0.0007709 secs] [Times: user=0.00 sys=0.00, real=0.00 secs] 
2019-01-02T11:13:32.702+0530: 880.603: [GC (Allocation Failure) 2019-01-02T11:13:32.702+0530: 880.603: [DefNew
Desired survivor size 32768 bytes, new threshold 15 (max 15)
- age   2:         24 bytes,         24 total
- age   5:        184 bytes,        208 total
: 506K->0K(960K), 0.0004350 secs] 3223K->3223K(10176K), 0.0005206 secs] [Times: user=0.00 sys=0.00, real=0.00 secs] 
2019-01-02T11:13:32.703+0530: 880.604: [GC (Allocation Failure) 2019-01-02T11:13:32.703+0530: 880.604: [DefNew
Desired survivor size 32768 bytes, new threshold 15 (max 15)
- age   1:         24 bytes,         24 total
- age   6:         72 bytes,         96 total
: 523K->0K(960K), 0.0003963 secs] 3747K->3729K(10176K), 0.0004715 secs] [Times: user=0.00 sys=0.00, real=0.00 secs] 
2019-01-02T11:13:32.765+0530: 880.666: [GC (Allocation Failure) 2019-01-02T11:13:32.765+0530: 880.666: [DefNew
Desired survivor size 32768 bytes, new threshold 15 (max 15)
- age   1:        248 bytes,        248 total
- age   7:         16 bytes,        264 total
: 877K->0K(960K), 0.0015982 secs] 4606K->3801K(10176K), 0.0018581 secs] [Times: user=0.00 sys=0.00, real=0.00 secs] 
2019-01-02T11:13:32.769+0530: 880.670: [GC (Allocation Failure) 2019-01-02T11:13:32.769+0530: 880.670: [DefNew
Desired survivor size 32768 bytes, new threshold 15 (max 15)
- age   2:        184 bytes,        184 total
- age   8:         16 bytes,        200 total
: 896K->0K(960K), 0.0014910 secs] 4697K->4089K(10176K), 0.0018502 secs] [Times: user=0.00 sys=0.00, real=0.00 secs] 
2019-01-02T11:13:32.772+0530: 880.673: [GC (Allocation Failure) 2019-01-02T11:13:32.772+0530: 880.673: [DefNew
Desired survivor size 32768 bytes, new threshold 15 (max 15)
- age   3:        184 bytes,        184 total
- age   9:         16 bytes,        200 total
: 896K->0K(960K), 0.0009926 secs] 4985K->4665K(10176K), 0.0011614 secs] [Times: user=0.00 sys=0.00, real=0.00 secs] 
2019-01-02T11:13:32.774+0530: 880.675: [GC (Allocation Failure) 2019-01-02T11:13:32.774+0530: 880.675: [DefNew
Desired survivor size 32768 bytes, new threshold 15 (max 15)
- age   1:         24 bytes,         24 total
- age   4:        184 bytes,        208 total
- age  10:         16 bytes,        224 total
: 479K->0K(960K), 0.0003090 secs] 5145K->4665K(10176K), 0.0003820 secs] [Times: user=0.00 sys=0.00, real=0.00 secs] 
2019-01-02T11:13:32.775+0530: 880.676: [GC (Allocation Failure) 2019-01-02T11:13:32.775+0530: 880.676: [DefNew
Desired survivor size 32768 bytes, new threshold 15 (max 15)
- age   2:         24 bytes,         24 total
- age   5:        184 bytes,        208 total
- age  11:         16 bytes,        224 total
: 506K->0K(960K), 0.0004373 secs] 5171K->5171K(10176K), 0.0005183 secs] [Times: user=0.00 sys=0.00, real=0.00 secs] 
2019-01-02T11:13:32.776+0530: 880.677: [GC (Allocation Failure) 2019-01-02T11:13:32.776+0530: 880.677: [DefNew
Desired survivor size 32768 bytes, new threshold 15 (max 15)
- age   1:         24 bytes,         24 total
- age   6:         72 bytes,         96 total
- age  12:         16 bytes,        112 total
: 523K->0K(960K), 0.0003387 secs] 5695K->5677K(10176K), 0.0004174 secs] [Times: user=0.00 sys=0.00, real=0.00 secs] 
2019-01-02T11:13:32.889+0530: 880.790: [GC (Allocation Failure) 2019-01-02T11:13:32.889+0530: 880.790: [DefNew
Desired survivor size 32768 bytes, new threshold 15 (max 15)
- age   1:        248 bytes,        248 total
- age   7:         16 bytes,        264 total
- age  13:         16 bytes,        280 total
: 877K->0K(960K), 0.0006517 secs] 6554K->5749K(10176K), 0.0008564 secs] [Times: user=0.00 sys=0.00, real=0.00 secs] 
2019-01-02T11:13:32.893+0530: 880.794: [GC (Allocation Failure) 2019-01-02T11:13:32.893+0530: 880.794: [DefNew
Desired survivor size 32768 bytes, new threshold 15 (max 15)
- age   2:        184 bytes,        184 total
- age   8:         16 bytes,        200 total
- age  14:         16 bytes,        216 total
: 896K->0K(960K), 0.0007498 secs] 6645K->6037K(10176K), 0.0009254 secs] [Times: user=0.00 sys=0.00, real=0.00 secs] 
2019-01-02T11:13:32.897+0530: 880.798: [GC (Allocation Failure) 2019-01-02T11:13:32.897+0530: 880.798: [DefNew
Desired survivor size 32768 bytes, new threshold 15 (max 15)
- age   3:        184 bytes,        184 total
- age   9:         16 bytes,        200 total
- age  15:         16 bytes,        216 total
: 896K->0K(960K), 0.0009162 secs] 6933K->6613K(10176K), 0.0010907 secs] [Times: user=0.00 sys=0.00, real=0.00 secs] 
2019-01-02T11:13:32.899+0530: 880.800: [GC (Allocation Failure) 2019-01-02T11:13:32.900+0530: 880.801: [DefNew
Desired survivor size 32768 bytes, new threshold 15 (max 15)
- age   1:         24 bytes,         24 total
- age   4:        184 bytes,        208 total
- age  10:         16 bytes,        224 total
: 479K->0K(960K), 0.0003370 secs] 7093K->6613K(10176K), 0.0005964 secs] [Times: user=0.00 sys=0.00, real=0.00 secs] 
2019-01-02T11:13:32.900+0530: 880.801: [GC (Allocation Failure) 2019-01-02T11:13:32.900+0530: 880.801: [DefNew
Desired survivor size 32768 bytes, new threshold 15 (max 15)
- age   2:         24 bytes,         24 total
- age   5:        184 bytes,        208 total
- age  11:         16 bytes,        224 total
: 506K->0K(960K), 0.0007811 secs] 7119K->7119K(10176K), 0.0009299 secs] [Times: user=0.00 sys=0.00, real=0.00 secs] 
2019-01-02T11:13:32.902+0530: 880.803: [GC (Allocation Failure) 2019-01-02T11:13:32.903+0530: 880.804: [DefNew
Desired survivor size 32768 bytes, new threshold 15 (max 15)
- age   1:         24 bytes,         24 total
- age   6:         72 bytes,         96 total
- age  12:         16 bytes,        112 total
: 523K->0K(960K), 0.0009453 secs] 7643K->7625K(10176K), 0.0011329 secs] [Times: user=0.00 sys=0.00, real=0.00 secs] 
2019-01-02T11:13:32.984+0530: 880.885: [GC (Allocation Failure) 2019-01-02T11:13:32.984+0530: 880.885: [DefNew
Desired survivor size 32768 bytes, new threshold 15 (max 15)
- age   1:        248 bytes,        248 total
- age   7:         16 bytes,        264 total
- age  13:         16 bytes,        280 total
: 877K->0K(960K), 0.0005291 secs] 8502K->7697K(10176K), 0.0007121 secs] [Times: user=0.00 sys=0.00, real=0.00 secs] 
2019-01-02T11:13:32.987+0530: 880.888: [GC (Allocation Failure) 2019-01-02T11:13:32.988+0530: 880.889: [DefNew
Desired survivor size 32768 bytes, new threshold 15 (max 15)
- age   2:        184 bytes,        184 total
- age   8:         16 bytes,        200 total
- age  14:         16 bytes,        216 total
: 896K->0K(960K), 0.0008199 secs] 8593K->7985K(10176K), 0.0011477 secs] [Times: user=0.00 sys=0.00, real=0.00 secs] 
2019-01-02T11:13:32.990+0530: 880.891: [GC (Allocation Failure) 2019-01-02T11:13:32.990+0530: 880.891: [DefNew
Desired survivor size 32768 bytes, new threshold 15 (max 15)
- age   3:        184 bytes,        184 total
- age   9:         16 bytes,        200 total
- age  15:         16 bytes,        216 total
: 896K->0K(960K), 0.0009539 secs] 8881K->8561K(10176K), 0.0011312 secs] [Times: user=0.00 sys=0.00, real=0.00 secs] 
2019-01-02T11:13:32.995+0530: 880.896: [GC (Allocation Failure) 2019-01-02T11:13:32.995+0530: 880.896: [DefNew
Desired survivor size 32768 bytes, new threshold 15 (max 15)
- age   1:         24 bytes,         24 total
- age   4:        184 bytes,        208 total
- age  10:         16 bytes,        224 total
: 479K->0K(960K), 0.0006625 secs] 9041K->8561K(10176K), 0.0008262 secs] [Times: user=0.00 sys=0.00, real=0.00 secs] 
2019-01-02T11:13:32.997+0530: 880.898: [GC (Allocation Failure) 2019-01-02T11:13:32.997+0530: 880.898: [DefNew
Desired survivor size 32768 bytes, new threshold 15 (max 15)
- age   2:         24 bytes,         24 total
- age   5:        184 bytes,        208 total
- age  11:         16 bytes,        224 total
: 506K->0K(960K), 0.0008552 secs] 9068K->9068K(10176K), 0.0009875 secs] [Times: user=0.00 sys=0.00, real=0.00 secs] 
2019-01-02T11:13:32.999+0530: 880.900: [GC (Allocation Failure) 2019-01-02T11:13:32.999+0530: 880.900: [DefNew: 523K->523K(960K), 0.0000610 secs]2019-01-02T11:13:32.999+0530: 880.900: [Tenured: 9067K->1275K(9216K), 0.0078591 secs] 9591K->1275K(10176K), [Metaspace: 2520K->2520K(1056768K)], 0.0082639 secs] [Times: user=0.01 sys=0.00, real=0.01 secs] 
2019-01-02T11:13:33.078+0530: 880.979: [GC (Allocation Failure) 2019-01-02T11:13:33.078+0530: 880.979: [DefNew
Desired survivor size 32768 bytes, new threshold 15 (max 15)
- age   1:        248 bytes,        248 total
: 877K->0K(960K), 0.0016751 secs] 2152K->1853K(10176K), 0.0018439 secs] [Times: user=0.00 sys=0.00, real=0.00 secs] 
2019-01-02T11:13:33.083+0530: 880.984: [GC (Allocation Failure) 2019-01-02T11:13:33.083+0530: 880.984: [DefNew
Desired survivor size 32768 bytes, new threshold 15 (max 15)
- age   2:        184 bytes,        184 total
: 896K->0K(960K), 0.0010132 secs] 2749K->2141K(10176K), 0.0014482 secs] [Times: user=0.02 sys=0.00, real=0.00 secs] 
2019-01-02T11:13:33.086+0530: 880.987: [GC (Allocation Failure) 2019-01-02T11:13:33.086+0530: 880.987: [DefNew
Desired survivor size 32768 bytes, new threshold 15 (max 15)
- age   3:        184 bytes,        184 total
: 896K->0K(960K), 0.0010856 secs] 3037K->2717K(10176K), 0.0012817 secs] [Times: user=0.00 sys=0.00, real=0.00 secs] 
2019-01-02T11:13:33.089+0530: 880.990: [GC (Allocation Failure) 2019-01-02T11:13:33.089+0530: 880.990: [DefNew
Desired survivor size 32768 bytes, new threshold 15 (max 15)
- age   1:         24 bytes,         24 total
- age   4:        184 bytes,        208 total
: 479K->0K(960K), 0.0002839 secs] 3197K->2717K(10176K), 0.0004162 secs] [Times: user=0.00 sys=0.00, real=0.00 secs] 
2019-01-02T11:13:33.089+0530: 880.990: [GC (Allocation Failure) 2019-01-02T11:13:33.089+0530: 880.990: [DefNew
Desired survivor size 32768 bytes, new threshold 15 (max 15)
- age   2:         24 bytes,         24 total
- age   5:        184 bytes,        208 total
: 506K->0K(960K), 0.0003438 secs] 3223K->3223K(10176K), 0.0004048 secs] [Times: user=0.00 sys=0.00, real=0.00 secs] 
2019-01-02T11:13:33.090+0530: 880.991: [GC (Allocation Failure) 2019-01-02T11:13:33.090+0530: 880.991: [DefNew
Desired survivor size 32768 bytes, new threshold 15 (max 15)
- age   1:         24 bytes,         24 total
- age   6:         72 bytes,         96 total
: 523K->0K(960K), 0.0003370 secs] 3747K->3729K(10176K), 0.0003934 secs] [Times: user=0.00 sys=0.00, real=0.00 secs] 
2019-01-02T11:13:33.144+0530: 881.045: [GC (Allocation Failure) 2019-01-02T11:13:33.145+0530: 881.046: [DefNew
Desired survivor size 32768 bytes, new threshold 15 (max 15)
- age   1:        248 bytes,        248 total
- age   7:         16 bytes,        264 total
: 877K->0K(960K), 0.0006734 secs] 4607K->3802K(10176K), 0.0010058 secs] [Times: user=0.00 sys=0.00, real=0.00 secs] 
2019-01-02T11:13:33.147+0530: 881.048: [GC (Allocation Failure) 2019-01-02T11:13:33.147+0530: 881.048: [DefNew
Desired survivor size 32768 bytes, new threshold 15 (max 15)
- age   2:        184 bytes,        184 total
- age   8:         16 bytes,        200 total
: 896K->0K(960K), 0.0010964 secs] 4698K->4089K(10176K), 0.0012572 secs] [Times: user=0.00 sys=0.00, real=0.00 secs] 
2019-01-02T11:13:33.151+0530: 881.052: [GC (Allocation Failure) 2019-01-02T11:13:33.151+0530: 881.052: [DefNew
Desired survivor size 32768 bytes, new threshold 15 (max 15)
- age   3:        184 bytes,        184 total
- age   9:         16 bytes,        200 total
: 896K->0K(960K), 0.0011072 secs] 4985K->4665K(10176K), 0.0014550 secs] [Times: user=0.00 sys=0.00, real=0.00 secs] 
2019-01-02T11:13:33.153+0530: 881.054: [GC (Allocation Failure) 2019-01-02T11:13:33.153+0530: 881.054: [DefNew
Desired survivor size 32768 bytes, new threshold 15 (max 15)
- age   1:         24 bytes,         24 total
- age   4:        184 bytes,        208 total
- age  10:         16 bytes,        224 total
: 479K->0K(960K), 0.0003740 secs] 5145K->4666K(10176K), 0.0004687 secs] [Times: user=0.00 sys=0.00, real=0.00 secs] 
2019-01-02T11:13:33.154+0530: 881.055: [GC (Allocation Failure) 2019-01-02T11:13:33.154+0530: 881.055: [DefNew
Desired survivor size 32768 bytes, new threshold 15 (max 15)
- age   2:         24 bytes,         24 total
- age   5:        184 bytes,        208 total
- age  11:         16 bytes,        224 total
: 506K->0K(960K), 0.0004396 secs] 5172K->5172K(10176K), 0.0005080 secs] [Times: user=0.00 sys=0.00, real=0.00 secs] 
2019-01-02T11:13:33.155+0530: 881.056: [GC (Allocation Failure) 2019-01-02T11:13:33.155+0530: 881.056: [DefNew
Desired survivor size 32768 bytes, new threshold 15 (max 15)
- age   1:         24 bytes,         24 total
- age   6:         72 bytes,         96 total
- age  12:         16 bytes,        112 total
: 523K->0K(960K), 0.0003113 secs] 5695K->5678K(10176K), 0.0003621 secs] [Times: user=0.00 sys=0.00, real=0.00 secs] 
2019-01-02T11:13:33.211+0530: 881.112: [GC (Allocation Failure) 2019-01-02T11:13:33.211+0530: 881.112: [DefNew
Desired survivor size 32768 bytes, new threshold 15 (max 15)
- age   1:        248 bytes,        248 total
- age   7:         16 bytes,        264 total
- age  13:         16 bytes,        280 total
: 877K->0K(960K), 0.0004784 secs] 6555K->5750K(10176K), 0.0007355 secs] [Times: user=0.00 sys=0.00, real=0.00 secs] 
2019-01-02T11:13:33.214+0530: 881.115: [GC (Allocation Failure) 2019-01-02T11:13:33.214+0530: 881.115: [DefNew
Desired survivor size 32768 bytes, new threshold 15 (max 15)
- age   2:        184 bytes,        184 total
- age   8:         16 bytes,        200 total
- age  14:         16 bytes,        216 total
: 896K->0K(960K), 0.0010668 secs] 6646K->6038K(10176K), 0.0012469 secs] [Times: user=0.00 sys=0.00, real=0.00 secs] 
2019-01-02T11:13:33.219+0530: 881.120: [GC (Allocation Failure) 2019-01-02T11:13:33.219+0530: 881.120: [DefNew
Desired survivor size 32768 bytes, new threshold 15 (max 15)
- age   3:        184 bytes,        184 total
- age   9:         16 bytes,        200 total
- age  15:         16 bytes,        216 total
: 896K->0K(960K), 0.0008587 secs] 6934K->6614K(10176K), 0.0010006 secs] [Times: user=0.00 sys=0.00, real=0.00 secs] 
2019-01-02T11:13:33.221+0530: 881.122: [GC (Allocation Failure) 2019-01-02T11:13:33.221+0530: 881.122: [DefNew
Desired survivor size 32768 bytes, new threshold 15 (max 15)
- age   1:         24 bytes,         24 total
- age   4:        184 bytes,        208 total
- age  10:         16 bytes,        224 total
: 479K->0K(960K), 0.0005531 secs] 7094K->6614K(10176K), 0.0006665 secs] [Times: user=0.00 sys=0.00, real=0.00 secs] 
2019-01-02T11:13:33.222+0530: 881.123: [GC (Allocation Failure) 2019-01-02T11:13:33.222+0530: 881.123: [DefNew
Desired survivor size 32768 bytes, new threshold 15 (max 15)
- age   2:         24 bytes,         24 total
- age   5:        184 bytes,        208 total
- age  11:         16 bytes,        224 total
: 506K->0K(960K), 0.0003062 secs] 7120K->7120K(10176K), 0.0003592 secs] [Times: user=0.00 sys=0.00, real=0.00 secs] 
2019-01-02T11:13:33.223+0530: 881.124: [GC (Allocation Failure) 2019-01-02T11:13:33.223+0530: 881.124: [DefNew
Desired survivor size 32768 bytes, new threshold 15 (max 15)
- age   1:         24 bytes,         24 total
- age   6:         72 bytes,         96 total
- age  12:         16 bytes,        112 total
: 523K->0K(960K), 0.0003107 secs] 7644K->7626K(10176K), 0.0003672 secs] [Times: user=0.00 sys=0.00, real=0.00 secs] 
2019-01-02T11:13:33.281+0530: 881.182: [GC (Allocation Failure) 2019-01-02T11:13:33.281+0530: 881.182: [DefNew
Desired survivor size 32768 bytes, new threshold 15 (max 15)
- age   1:        248 bytes,        248 total
- age   7:         16 bytes,        264 total
- age  13:         16 bytes,        280 total
: 877K->0K(960K), 0.0009619 secs] 8503K->7698K(10176K), 0.0012070 secs] [Times: user=0.00 sys=0.00, real=0.00 secs] 
2019-01-02T11:13:33.285+0530: 881.186: [GC (Allocation Failure) 2019-01-02T11:13:33.285+0530: 881.186: [DefNew
Desired survivor size 32768 bytes, new threshold 15 (max 15)
- age   2:        184 bytes,        184 total
- age   8:         16 bytes,        200 total
- age  14:         16 bytes,        216 total
: 896K->0K(960K), 0.0013273 secs] 8594K->7986K(10176K), 0.0015942 secs] [Times: user=0.00 sys=0.00, real=0.00 secs] 
2019-01-02T11:13:33.287+0530: 881.188: [GC (Allocation Failure) 2019-01-02T11:13:33.287+0530: 881.188: [DefNew
Desired survivor size 32768 bytes, new threshold 15 (max 15)
- age   3:        184 bytes,        184 total
- age   9:         16 bytes,        200 total
- age  15:         16 bytes,        216 total
: 896K->0K(960K), 0.0010445 secs] 8882K->8562K(10176K), 0.0011979 secs] [Times: user=0.00 sys=0.00, real=0.00 secs] 
2019-01-02T11:13:33.290+0530: 881.191: [GC (Allocation Failure) 2019-01-02T11:13:33.290+0530: 881.191: [DefNew
Desired survivor size 32768 bytes, new threshold 15 (max 15)
- age   1:         24 bytes,         24 total
- age   4:        184 bytes,        208 total
- age  10:         16 bytes,        224 total
: 479K->0K(960K), 0.0006466 secs] 9042K->8562K(10176K), 0.0008130 secs] [Times: user=0.00 sys=0.00, real=0.00 secs] 
2019-01-02T11:13:33.291+0530: 881.192: [GC (Allocation Failure) 2019-01-02T11:13:33.291+0530: 881.192: [DefNew
Desired survivor size 32768 bytes, new threshold 15 (max 15)
- age   2:         24 bytes,         24 total
- age   5:        184 bytes,        208 total
- age  11:         16 bytes,        224 total
: 506K->0K(960K), 0.0003427 secs] 9068K->9068K(10176K), 0.0004134 secs] [Times: user=0.00 sys=0.00, real=0.00 secs] 
2019-01-02T11:13:33.292+0530: 881.193: [GC (Allocation Failure) 2019-01-02T11:13:33.292+0530: 881.193: [DefNew: 524K->524K(960K), 0.0000279 secs]2019-01-02T11:13:33.292+0530: 881.193: [Tenured: 9068K->1275K(9216K), 0.0037009 secs] 9592K->1275K(10176K), [Metaspace: 2520K->2520K(1056768K)], 0.0038503 secs] [Times: user=0.00 sys=0.00, real=0.00 secs] 
2019-01-02T11:13:33.357+0530: 881.258: [GC (Allocation Failure) 2019-01-02T11:13:33.357+0530: 881.258: [DefNew
Desired survivor size 32768 bytes, new threshold 15 (max 15)
- age   1:        248 bytes,        248 total
: 877K->0K(960K), 0.0012800 secs] 2152K->1853K(10176K), 0.0016478 secs] [Times: user=0.00 sys=0.00, real=0.00 secs] 
2019-01-02T11:13:33.361+0530: 881.262: [GC (Allocation Failure) 2019-01-02T11:13:33.361+0530: 881.262: [DefNew
Desired survivor size 32768 bytes, new threshold 15 (max 15)
- age   2:        184 bytes,        184 total
: 896K->0K(960K), 0.0005365 secs] 2749K->2141K(10176K), 0.0008005 secs] [Times: user=0.00 sys=0.00, real=0.00 secs] 
2019-01-02T11:13:33.363+0530: 881.264: [GC (Allocation Failure) 2019-01-02T11:13:33.363+0530: 881.264: [DefNew
Desired survivor size 32768 bytes, new threshold 15 (max 15)
- age   3:        184 bytes,        184 total
: 896K->0K(960K), 0.0010001 secs] 3037K->2717K(10176K), 0.0011352 secs] [Times: user=0.00 sys=0.00, real=0.00 secs] 
2019-01-02T11:13:33.365+0530: 881.266: [GC (Allocation Failure) 2019-01-02T11:13:33.365+0530: 881.266: [DefNew
Desired survivor size 32768 bytes, new threshold 15 (max 15)
- age   1:         24 bytes,         24 total
- age   4:        184 bytes,        208 total
: 479K->0K(960K), 0.0002429 secs] 3197K->2717K(10176K), 0.0003181 secs] [Times: user=0.00 sys=0.00, real=0.00 secs] 
2019-01-02T11:13:33.366+0530: 881.267: [GC (Allocation Failure) 2019-01-02T11:13:33.366+0530: 881.267: [DefNew
Desired survivor size 32768 bytes, new threshold 15 (max 15)
- age   2:         24 bytes,         24 total
- age   5:        184 bytes,        208 total
: 506K->0K(960K), 0.0012298 secs] 3224K->3224K(10176K), 0.0014214 secs] [Times: user=0.00 sys=0.00, real=0.00 secs] 
2019-01-02T11:13:33.368+0530: 881.269: [GC (Allocation Failure) 2019-01-02T11:13:33.368+0530: 881.269: [DefNew
Desired survivor size 32768 bytes, new threshold 15 (max 15)
- age   1:         24 bytes,         24 total
- age   6:         72 bytes,         96 total
: 524K->0K(960K), 0.0005536 secs] 3747K->3730K(10176K), 0.0006477 secs] [Times: user=0.00 sys=0.00, real=0.00 secs] 
2019-01-02T11:13:33.423+0530: 881.324: [GC (Allocation Failure) 2019-01-02T11:13:33.423+0530: 881.324: [DefNew
Desired survivor size 32768 bytes, new threshold 15 (max 15)
- age   1:        248 bytes,        248 total
- age   7:         16 bytes,        264 total
: 877K->0K(960K), 0.0006574 secs] 4607K->3802K(10176K), 0.0008176 secs] [Times: user=0.00 sys=0.00, real=0.00 secs] 
2019-01-02T11:13:33.425+0530: 881.326: [GC (Allocation Failure) 2019-01-02T11:13:33.425+0530: 881.326: [DefNew
Desired survivor size 32768 bytes, new threshold 15 (max 15)
- age   2:        184 bytes,        184 total
- age   8:         16 bytes,        200 total
: 896K->0K(960K), 0.0008512 secs] 4698K->4090K(10176K), 0.0010514 secs] [Times: user=0.00 sys=0.00, real=0.00 secs] 
2019-01-02T11:13:33.428+0530: 881.329: [GC (Allocation Failure) 2019-01-02T11:13:33.428+0530: 881.329: [DefNew
Desired survivor size 32768 bytes, new threshold 15 (max 15)
- age   3:        184 bytes,        184 total
- age   9:         16 bytes,        200 total
: 896K->0K(960K), 0.0009123 secs] 4986K->4666K(10176K), 0.0011124 secs] [Times: user=0.00 sys=0.00, real=0.00 secs] 
2019-01-02T11:13:33.430+0530: 881.332: [GC (Allocation Failure) 2019-01-02T11:13:33.431+0530: 881.332: [DefNew
Desired survivor size 32768 bytes, new threshold 15 (max 15)
- age   1:         24 bytes,         24 total
- age   4:        184 bytes,        208 total
- age  10:         16 bytes,        224 total
: 479K->0K(960K), 0.0007480 secs] 5146K->4666K(10176K), 0.0009584 secs] [Times: user=0.00 sys=0.00, real=0.00 secs] 
2019-01-02T11:13:33.432+0530: 881.333: [GC (Allocation Failure) 2019-01-02T11:13:33.432+0530: 881.333: [DefNew
Desired survivor size 32768 bytes, new threshold 15 (max 15)
- age   2:         24 bytes,         24 total
- age   5:        184 bytes,        208 total
- age  11:         16 bytes,        224 total
: 506K->0K(960K), 0.0003204 secs] 5172K->5172K(10176K), 0.0003752 secs] [Times: user=0.00 sys=0.00, real=0.00 secs] 
2019-01-02T11:13:33.432+0530: 881.333: [GC (Allocation Failure) 2019-01-02T11:13:33.432+0530: 881.334: [DefNew
Desired survivor size 32768 bytes, new threshold 15 (max 15)
- age   1:         24 bytes,         24 total
- age   6:         72 bytes,         96 total
- age  12:         16 bytes,        112 total
: 524K->0K(960K), 0.0006015 secs] 5696K->5678K(10176K), 0.0007378 secs] [Times: user=0.00 sys=0.00, real=0.00 secs] 
2019-01-02T11:13:33.494+0530: 881.395: [GC (Allocation Failure) 2019-01-02T11:13:33.494+0530: 881.395: [DefNew
Desired survivor size 32768 bytes, new threshold 15 (max 15)
- age   1:        248 bytes,        248 total
- age   7:         16 bytes,        264 total
- age  13:         16 bytes,        280 total
: 877K->0K(960K), 0.0008598 secs] 6556K->5750K(10176K), 0.0011415 secs] [Times: user=0.00 sys=0.00, real=0.00 secs] 
2019-01-02T11:13:33.498+0530: 881.398: [GC (Allocation Failure) 2019-01-02T11:13:33.498+0530: 881.398: [DefNew
Desired survivor size 32768 bytes, new threshold 15 (max 15)
- age   2:        184 bytes,        184 total
- age   8:         16 bytes,        200 total
- age  14:         16 bytes,        216 total
: 896K->0K(960K), 0.0003609 secs] 6646K->6038K(10176K), 0.0004635 secs] [Times: user=0.00 sys=0.00, real=0.00 secs] 
2019-01-02T11:13:33.500+0530: 881.400: [GC (Allocation Failure) 2019-01-02T11:13:33.500+0530: 881.400: [DefNew
Desired survivor size 32768 bytes, new threshold 15 (max 15)
- age   3:        184 bytes,        184 total
- age   9:         16 bytes,        200 total
- age  15:         16 bytes,        216 total
: 896K->0K(960K), 0.0004447 secs] 6934K->6614K(10176K), 0.0005468 secs] [Times: user=0.00 sys=0.00, real=0.00 secs] 
2019-01-02T11:13:33.502+0530: 881.402: [GC (Allocation Failure) 2019-01-02T11:13:33.502+0530: 881.403: [DefNew
Desired survivor size 32768 bytes, new threshold 15 (max 15)
- age   1:         24 bytes,         24 total
- age   4:        184 bytes,        208 total
- age  10:         16 bytes,        224 total
: 479K->0K(960K), 0.0003854 secs] 7094K->6614K(10176K), 0.0005183 secs] [Times: user=0.00 sys=0.00, real=0.00 secs] 
2019-01-02T11:13:33.503+0530: 881.403: [GC (Allocation Failure) 2019-01-02T11:13:33.503+0530: 881.403: [DefNew
Desired survivor size 32768 bytes, new threshold 15 (max 15)
- age   2:         24 bytes,         24 total
- age   5:        184 bytes,        208 total
- age  11:         16 bytes,        224 total
: 506K->0K(960K), 0.0006779 secs] 7121K->7121K(10176K), 0.0008444 secs] [Times: user=0.00 sys=0.00, real=0.00 secs] 
2019-01-02T11:13:33.504+0530: 881.405: [GC (Allocation Failure) 2019-01-02T11:13:33.504+0530: 881.405: [DefNew
Desired survivor size 32768 bytes, new threshold 15 (max 15)
- age   1:         24 bytes,         24 total
- age   6:         72 bytes,         96 total
- age  12:         16 bytes,        112 total
: 524K->0K(960K), 0.0005029 secs] 7644K->7627K(10176K), 0.0005958 secs] [Times: user=0.00 sys=0.00, real=0.00 secs] 
2019-01-02T11:13:33.562+0530: 881.462: [GC (Allocation Failure) 2019-01-02T11:13:33.562+0530: 881.463: [DefNew
Desired survivor size 32768 bytes, new threshold 15 (max 15)
- age   1:        248 bytes,        248 total
- age   7:         16 bytes,        264 total
- age  13:         16 bytes,        280 total
: 877K->0K(960K), 0.0005103 secs] 8504K->7699K(10176K), 0.0008535 secs] [Times: user=0.00 sys=0.00, real=0.00 secs] 
2019-01-02T11:13:33.564+0530: 881.465: [GC (Allocation Failure) 2019-01-02T11:13:33.565+0530: 881.465: [DefNew
Desired survivor size 32768 bytes, new threshold 15 (max 15)
- age   2:        184 bytes,        184 total
- age   8:         16 bytes,        200 total
- age  14:         16 bytes,        216 total
: 896K->0K(960K), 0.0009601 secs] 8595K->7987K(10176K), 0.0011301 secs] [Times: user=0.00 sys=0.00, real=0.00 secs] 
2019-01-02T11:13:33.567+0530: 881.467: [GC (Allocation Failure) 2019-01-02T11:13:33.567+0530: 881.467: [DefNew
Desired survivor size 32768 bytes, new threshold 15 (max 15)
- age   3:        184 bytes,        184 total
- age   9:         16 bytes,        200 total
- age  15:         16 bytes,        216 total
: 896K->0K(960K), 0.0011472 secs] 8883K->8563K(10176K), 0.0013786 secs] [Times: user=0.00 sys=0.00, real=0.00 secs] 
2019-01-02T11:13:33.571+0530: 881.471: [GC (Allocation Failure) 2019-01-02T11:13:33.571+0530: 881.471: [DefNew
Desired survivor size 32768 bytes, new threshold 15 (max 15)
- age   1:         24 bytes,         24 total
- age   4:        184 bytes,        208 total
- age  10:         16 bytes,        224 total
: 479K->0K(960K), 0.0006397 secs] 9043K->8563K(10176K), 0.0007954 secs] [Times: user=0.00 sys=0.00, real=0.00 secs] 
2019-01-02T11:13:33.572+0530: 881.473: [GC (Allocation Failure) 2019-01-02T11:13:33.572+0530: 881.473: [DefNew
Desired survivor size 32768 bytes, new threshold 15 (max 15)
- age   2:         24 bytes,         24 total
- age   5:        184 bytes,        208 total
- age  11:         16 bytes,        224 total
: 506K->0K(960K), 0.0005565 secs] 9069K->9069K(10176K), 0.0006756 secs] [Times: user=0.00 sys=0.00, real=0.00 secs] 
2019-01-02T11:13:33.573+0530: 881.474: [GC (Allocation Failure) 2019-01-02T11:13:33.573+0530: 881.474: [DefNew: 524K->524K(960K), 0.0000239 secs]2019-01-02T11:13:33.573+0530: 881.474: [Tenured: 9069K->1275K(9216K), 0.0037134 secs] 9593K->1275K(10176K), [Metaspace: 2520K->2520K(1056768K)], 0.0038360 secs] [Times: user=0.00 sys=0.00, real=0.00 secs] 
2019-01-02T11:13:33.636+0530: 881.537: [GC (Allocation Failure) 2019-01-02T11:13:33.636+0530: 881.537: [DefNew
Desired survivor size 32768 bytes, new threshold 15 (max 15)
- age   1:        248 bytes,        248 total
: 877K->0K(960K), 0.0013507 secs] 2152K->1854K(10176K), 0.0018764 secs] [Times: user=0.00 sys=0.00, real=0.00 secs] 
2019-01-02T11:13:33.639+0530: 881.540: [GC (Allocation Failure) 2019-01-02T11:13:33.639+0530: 881.540: [DefNew
Desired survivor size 32768 bytes, new threshold 15 (max 15)
- age   2:        184 bytes,        184 total
: 896K->0K(960K), 0.0010217 secs] 2750K->2142K(10176K), 0.0011574 secs] [Times: user=0.00 sys=0.00, real=0.00 secs] 
2019-01-02T11:13:33.642+0530: 881.543: [GC (Allocation Failure) 2019-01-02T11:13:33.642+0530: 881.543: [DefNew
Desired survivor size 32768 bytes, new threshold 15 (max 15)
- age   3:        184 bytes,        184 total
: 896K->0K(960K), 0.0013416 secs] 3038K->2718K(10176K), 0.0015183 secs] [Times: user=0.00 sys=0.00, real=0.00 secs] 
2019-01-02T11:13:33.645+0530: 881.545: [GC (Allocation Failure) 2019-01-02T11:13:33.645+0530: 881.545: [DefNew
Desired survivor size 32768 bytes, new threshold 15 (max 15)
- age   1:         24 bytes,         24 total
- age   4:        184 bytes,        208 total
: 479K->0K(960K), 0.0002457 secs] 3197K->2718K(10176K), 0.0003010 secs] [Times: user=0.00 sys=0.00, real=0.00 secs] 
2019-01-02T11:13:33.646+0530: 881.546: [GC (Allocation Failure) 2019-01-02T11:13:33.646+0530: 881.546: [DefNew
Desired survivor size 32768 bytes, new threshold 15 (max 15)
- age   2:         24 bytes,         24 total
- age   5:        184 bytes,        208 total
: 506K->0K(960K), 0.0002993 secs] 3224K->3224K(10176K), 0.0003563 secs] [Times: user=0.00 sys=0.00, real=0.00 secs] 
2019-01-02T11:13:33.646+0530: 881.547: [GC (Allocation Failure) 2019-01-02T11:13:33.646+0530: 881.547: [DefNew
Desired survivor size 32768 bytes, new threshold 15 (max 15)
- age   1:         24 bytes,         24 total
- age   6:         72 bytes,         96 total
: 524K->0K(960K), 0.0003005 secs] 3748K->3730K(10176K), 0.0003535 secs] [Times: user=0.00 sys=0.00, real=0.00 secs] 
2019-01-02T11:13:33.706+0530: 881.606: [GC (Allocation Failure) 2019-01-02T11:13:33.706+0530: 881.606: [DefNew
Desired survivor size 32768 bytes, new threshold 15 (max 15)
- age   1:        248 bytes,        248 total
- age   7:         16 bytes,        264 total
: 877K->0K(960K), 0.0007332 secs] 4608K->3802K(10176K), 0.0008843 secs] [Times: user=0.00 sys=0.00, real=0.00 secs] 
2019-01-02T11:13:33.708+0530: 881.609: [GC (Allocation Failure) 2019-01-02T11:13:33.708+0530: 881.609: [DefNew
Desired survivor size 32768 bytes, new threshold 15 (max 15)
- age   2:        184 bytes,        184 total
- age   8:         16 bytes,        200 total
: 896K->0K(960K), 0.0005759 secs] 4698K->4090K(10176K), 0.0008011 secs] [Times: user=0.00 sys=0.00, real=0.00 secs] 
2019-01-02T11:13:33.711+0530: 881.612: [GC (Allocation Failure) 2019-01-02T11:13:33.711+0530: 881.612: [DefNew
Desired survivor size 32768 bytes, new threshold 15 (max 15)
- age   3:        184 bytes,        184 total
- age   9:         16 bytes,        200 total
: 896K->0K(960K), 0.0010291 secs] 4986K->4666K(10176K), 0.0013359 secs] [Times: user=0.00 sys=0.00, real=0.00 secs] 
2019-01-02T11:13:33.714+0530: 881.614: [GC (Allocation Failure) 2019-01-02T11:13:33.714+0530: 881.614: [DefNew
Desired survivor size 32768 bytes, new threshold 15 (max 15)
- age   1:         24 bytes,         24 total
- age   4:        184 bytes,        208 total
- age  10:         16 bytes,        224 total
: 479K->0K(960K), 0.0002611 secs] 5146K->4666K(10176K), 0.0003250 secs] [Times: user=0.00 sys=0.00, real=0.00 secs] 
2019-01-02T11:13:33.714+0530: 881.615: [GC (Allocation Failure) 2019-01-02T11:13:33.714+0530: 881.615: [DefNew
Desired survivor size 32768 bytes, new threshold 15 (max 15)
- age   2:         24 bytes,         24 total
- age   5:        184 bytes,        208 total
- age  11:         16 bytes,        224 total
: 506K->0K(960K), 0.0003187 secs] 5173K->5173K(10176K), 0.0003729 secs] [Times: user=0.00 sys=0.00, real=0.00 secs] 
2019-01-02T11:13:33.715+0530: 881.616: [GC (Allocation Failure) 2019-01-02T11:13:33.715+0530: 881.616: [DefNew
Desired survivor size 32768 bytes, new threshold 15 (max 15)
- age   1:         24 bytes,         24 total
- age   6:         72 bytes,         96 total
- age  12:         16 bytes,        112 total
: 524K->0K(960K), 0.0003301 secs] 5697K->5679K(10176K), 0.0004048 secs] [Times: user=0.00 sys=0.00, real=0.00 secs] 
2019-01-02T11:13:33.774+0530: 881.674: [GC (Allocation Failure) 2019-01-02T11:13:33.774+0530: 881.674: [DefNew
Desired survivor size 32768 bytes, new threshold 15 (max 15)
- age   1:        248 bytes,        248 total
- age   7:         16 bytes,        264 total
- age  13:         16 bytes,        280 total
: 877K->0K(960K), 0.0011340 secs] 6556K->5751K(10176K), 0.0014830 secs] [Times: user=0.00 sys=0.00, real=0.00 secs] 
2019-01-02T11:13:33.777+0530: 881.678: [GC (Allocation Failure) 2019-01-02T11:13:33.777+0530: 881.678: [DefNew
Desired survivor size 32768 bytes, new threshold 15 (max 15)
- age   2:        184 bytes,        184 total
- age   8:         16 bytes,        200 total
- age  14:         16 bytes,        216 total
: 896K->0K(960K), 0.0011460 secs] 6647K->6039K(10176K), 0.0014111 secs] [Times: user=0.00 sys=0.00, real=0.00 secs] 
2019-01-02T11:13:33.781+0530: 881.681: [GC (Allocation Failure) 2019-01-02T11:13:33.781+0530: 881.681: [DefNew
Desired survivor size 32768 bytes, new threshold 15 (max 15)
- age   3:        184 bytes,        184 total
- age   9:         16 bytes,        200 total
- age  15:         16 bytes,        216 total
: 896K->0K(960K), 0.0004989 secs] 6935K->6615K(10176K), 0.0006089 secs] [Times: user=0.00 sys=0.00, real=0.00 secs] 
2019-01-02T11:13:33.782+0530: 881.683: [GC (Allocation Failure) 2019-01-02T11:13:33.782+0530: 881.683: [DefNew
Desired survivor size 32768 bytes, new threshold 15 (max 15)
- age   1:         24 bytes,         24 total
- age   4:        184 bytes,        208 total
- age  10:         16 bytes,        224 total
: 479K->0K(960K), 0.0002457 secs] 7095K->6615K(10176K), 0.0003119 secs] [Times: user=0.00 sys=0.00, real=0.00 secs] 
2019-01-02T11:13:33.783+0530: 881.683: [GC (Allocation Failure) 2019-01-02T11:13:33.783+0530: 881.683: [DefNew
Desired survivor size 32768 bytes, new threshold 15 (max 15)
- age   2:         24 bytes,         24 total
- age   5:        184 bytes,        208 total
- age  11:         16 bytes,        224 total
: 506K->0K(960K), 0.0003062 secs] 7121K->7121K(10176K), 0.0003592 secs] [Times: user=0.00 sys=0.00, real=0.00 secs] 
2019-01-02T11:13:33.783+0530: 881.684: [GC (Allocation Failure) 2019-01-02T11:13:33.783+0530: 881.684: [DefNew
Desired survivor size 32768 bytes, new threshold 15 (max 15)
- age   1:         24 bytes,         24 total
- age   6:         72 bytes,         96 total
- age  12:         16 bytes,        112 total
: 524K->0K(960K), 0.0003045 secs] 7645K->7628K(10176K), 0.0003626 secs] [Times: user=0.00 sys=0.00, real=0.00 secs] 
2019-01-02T11:13:33.850+0530: 881.751: [GC (Allocation Failure) 2019-01-02T11:13:33.851+0530: 881.751: [DefNew
Desired survivor size 32768 bytes, new threshold 15 (max 15)
- age   1:        248 bytes,        248 total
- age   7:         16 bytes,        264 total
- age  13:         16 bytes,        280 total
: 877K->0K(960K), 0.0009425 secs] 8505K->7700K(10176K), 0.0013017 secs] [Times: user=0.00 sys=0.00, real=0.00 secs] 
2019-01-02T11:13:33.854+0530: 881.755: [GC (Allocation Failure) 2019-01-02T11:13:33.854+0530: 881.755: [DefNew
Desired survivor size 32768 bytes, new threshold 15 (max 15)
- age   2:        184 bytes,        184 total
- age   8:         16 bytes,        200 total
- age  14:         16 bytes,        216 total
: 896K->0K(960K), 0.0010485 secs] 8596K->7988K(10176K), 0.0013741 secs] [Times: user=0.00 sys=0.00, real=0.00 secs] 
2019-01-02T11:13:33.857+0530: 881.757: [GC (Allocation Failure) 2019-01-02T11:13:33.857+0530: 881.757: [DefNew
Desired survivor size 32768 bytes, new threshold 15 (max 15)
- age   3:        184 bytes,        184 total
- age   9:         16 bytes,        200 total
- age  15:         16 bytes,        216 total
: 896K->0K(960K), 0.0008159 secs] 8884K->8564K(10176K), 0.0009054 secs] [Times: user=0.00 sys=0.00, real=0.00 secs] 
2019-01-02T11:13:33.859+0530: 881.760: [GC (Allocation Failure) 2019-01-02T11:13:33.859+0530: 881.760: [DefNew
Desired survivor size 32768 bytes, new threshold 15 (max 15)
- age   1:         24 bytes,         24 total
- age   4:        184 bytes,        208 total
- age  10:         16 bytes,        224 total
: 479K->0K(960K), 0.0008775 secs] 9043K->8564K(10176K), 0.0010388 secs] [Times: user=0.00 sys=0.00, real=0.00 secs] 
2019-01-02T11:13:33.861+0530: 881.761: [GC (Allocation Failure) 2019-01-02T11:13:33.861+0530: 881.761: [DefNew
Desired survivor size 32768 bytes, new threshold 15 (max 15)
- age   2:         24 bytes,         24 total
- age   5:        184 bytes,        208 total
- age  11:         16 bytes,        224 total
: 506K->0K(960K), 0.0003831 secs] 9070K->9070K(10176K), 0.0004613 secs] [Times: user=0.00 sys=0.00, real=0.00 secs] 
2019-01-02T11:13:33.861+0530: 881.762: [GC (Allocation Failure) 2019-01-02T11:13:33.861+0530: 881.762: [DefNew: 524K->524K(960K), 0.0000234 secs]2019-01-02T11:13:33.861+0530: 881.762: [Tenured: 9070K->1275K(9216K), 0.0036553 secs] 9594K->1275K(10176K), [Metaspace: 2520K->2520K(1056768K)], 0.0037836 secs] [Times: user=0.02 sys=0.00, real=0.00 secs] 
2019-01-02T11:13:33.922+0530: 881.822: [GC (Allocation Failure) 2019-01-02T11:13:33.922+0530: 881.823: [DefNew
Desired survivor size 32768 bytes, new threshold 15 (max 15)
- age   1:        248 bytes,        248 total
: 877K->0K(960K), 0.0014083 secs] 2153K->1854K(10176K), 0.0020395 secs] [Times: user=0.00 sys=0.00, real=0.00 secs] 
2019-01-02T11:13:33.926+0530: 881.826: [GC (Allocation Failure) 2019-01-02T11:13:33.926+0530: 881.826: [DefNew
Desired survivor size 32768 bytes, new threshold 15 (max 15)
- age   2:        184 bytes,        184 total
: 896K->0K(960K), 0.0006449 secs] 2750K->2142K(10176K), 0.0007971 secs] [Times: user=0.00 sys=0.00, real=0.00 secs] 
2019-01-02T11:13:33.928+0530: 881.828: [GC (Allocation Failure) 2019-01-02T11:13:33.928+0530: 881.828: [DefNew
Desired survivor size 32768 bytes, new threshold 15 (max 15)
- age   3:        184 bytes,        184 total
: 896K->0K(960K), 0.0010958 secs] 3038K->2718K(10176K), 0.0012994 secs] [Times: user=0.00 sys=0.00, real=0.00 secs] 
2019-01-02T11:13:33.931+0530: 881.831: [GC (Allocation Failure) 2019-01-02T11:13:33.931+0530: 881.831: [DefNew
Desired survivor size 32768 bytes, new threshold 15 (max 15)
- age   1:         24 bytes,         24 total
- age   4:        184 bytes,        208 total
: 479K->0K(960K), 0.0002634 secs] 3198K->2718K(10176K), 0.0003472 secs] [Times: user=0.00 sys=0.00, real=0.00 secs] 
2019-01-02T11:13:33.931+0530: 881.832: [GC (Allocation Failure) 2019-01-02T11:13:33.931+0530: 881.832: [DefNew
Desired survivor size 32768 bytes, new threshold 15 (max 15)
- age   2:         24 bytes,         24 total
- age   5:        184 bytes,        208 total
: 506K->0K(960K), 0.0003187 secs] 3224K->3224K(10176K), 0.0003877 secs] [Times: user=0.00 sys=0.00, real=0.00 secs] 
2019-01-02T11:13:33.932+0530: 881.833: [GC (Allocation Failure) 2019-01-02T11:13:33.932+0530: 881.833: [DefNew
Desired survivor size 32768 bytes, new threshold 15 (max 15)
- age   1:         24 bytes,         24 total
- age   6:         72 bytes,         96 total
: 524K->0K(960K), 0.0003079 secs] 3748K->3731K(10176K), 0.0003786 secs] [Times: user=0.00 sys=0.00, real=0.00 secs] 
2019-01-02T11:13:33.989+0530: 881.890: [GC (Allocation Failure) 2019-01-02T11:13:33.989+0530: 881.890: [DefNew
Desired survivor size 32768 bytes, new threshold 15 (max 15)
- age   1:        248 bytes,        248 total
- age   7:         16 bytes,        264 total
: 877K->0K(960K), 0.0008051 secs] 4608K->3803K(10176K), 0.0012087 secs] [Times: user=0.00 sys=0.00, real=0.00 secs] 
2019-01-02T11:13:33.992+0530: 881.892: [GC (Allocation Failure) 2019-01-02T11:13:33.992+0530: 881.892: [DefNew
Desired survivor size 32768 bytes, new threshold 15 (max 15)
- age   2:        184 bytes,        184 total
- age   8:         16 bytes,        200 total
: 896K->0K(960K), 0.0007338 secs] 4699K->4091K(10176K), 0.0008267 secs] [Times: user=0.00 sys=0.00, real=0.00 secs] 
2019-01-02T11:13:33.994+0530: 881.895: [GC (Allocation Failure) 2019-01-02T11:13:33.994+0530: 881.895: [DefNew
Desired survivor size 32768 bytes, new threshold 15 (max 15)
- age   3:        184 bytes,        184 total
- age   9:         16 bytes,        200 total
: 896K->0K(960K), 0.0007469 secs] 4987K->4667K(10176K), 0.0010257 secs] [Times: user=0.00 sys=0.00, real=0.00 secs] 
2019-01-02T11:13:33.997+0530: 881.897: [GC (Allocation Failure) 2019-01-02T11:13:33.997+0530: 881.897: [DefNew
Desired survivor size 32768 bytes, new threshold 15 (max 15)
- age   1:         24 bytes,         24 total
- age   4:        184 bytes,        208 total
- age  10:         16 bytes,        224 total
: 479K->0K(960K), 0.0002657 secs] 5146K->4667K(10176K), 0.0004265 secs] [Times: user=0.00 sys=0.00, real=0.00 secs] 
2019-01-02T11:13:33.997+0530: 881.898: [GC (Allocation Failure) 2019-01-02T11:13:33.997+0530: 881.898: [DefNew
Desired survivor size 32768 bytes, new threshold 15 (max 15)
- age   2:         24 bytes,         24 total
- age   5:        184 bytes,        208 total
- age  11:         16 bytes,        224 total
: 506K->0K(960K), 0.0003250 secs] 5173K->5173K(10176K), 0.0003763 secs] [Times: user=0.00 sys=0.00, real=0.00 secs] 
2019-01-02T11:13:33.998+0530: 881.899: [GC (Allocation Failure) 2019-01-02T11:13:33.998+0530: 881.899: [DefNew
Desired survivor size 32768 bytes, new threshold 15 (max 15)
- age   1:         24 bytes,         24 total
- age   6:         72 bytes,         96 total
- age  12:         16 bytes,        112 total
: 524K->0K(960K), 0.0003016 secs] 5697K->5679K(10176K), 0.0003518 secs] [Times: user=0.00 sys=0.00, real=0.00 secs] 
2019-01-02T11:13:34.056+0530: 881.956: [GC (Allocation Failure) 2019-01-02T11:13:34.056+0530: 881.956: [DefNew
Desired survivor size 32768 bytes, new threshold 15 (max 15)
- age   1:        248 bytes,        248 total
- age   7:         16 bytes,        264 total
- age  13:         16 bytes,        280 total
: 877K->0K(960K), 0.0010662 secs] 6557K->5752K(10176K), 0.0013427 secs] [Times: user=0.00 sys=0.00, real=0.00 secs] 
2019-01-02T11:13:34.059+0530: 881.959: [GC (Allocation Failure) 2019-01-02T11:13:34.059+0530: 881.960: [DefNew
Desired survivor size 32768 bytes, new threshold 15 (max 15)
- age   2:        184 bytes,        184 total
- age   8:         16 bytes,        200 total
- age  14:         16 bytes,        216 total
: 896K->0K(960K), 0.0007429 secs] 6648K->6040K(10176K), 0.0008604 secs] [Times: user=0.00 sys=0.00, real=0.00 secs] 
2019-01-02T11:13:34.061+0530: 881.962: [GC (Allocation Failure) 2019-01-02T11:13:34.062+0530: 881.962: [DefNew
Desired survivor size 32768 bytes, new threshold 15 (max 15)
- age   3:        184 bytes,        184 total
- age   9:         16 bytes,        200 total
- age  15:         16 bytes,        216 total
: 896K->0K(960K), 0.0010149 secs] 6936K->6616K(10176K), 0.0012036 secs] [Times: user=0.00 sys=0.00, real=0.00 secs] 
2019-01-02T11:13:34.064+0530: 881.964: [GC (Allocation Failure) 2019-01-02T11:13:34.064+0530: 881.964: [DefNew
Desired survivor size 32768 bytes, new threshold 15 (max 15)
- age   1:         24 bytes,         24 total
- age   4:        184 bytes,        208 total
- age  10:         16 bytes,        224 total
: 479K->0K(960K), 0.0002406 secs] 7095K->6616K(10176K), 0.0002959 secs] [Times: user=0.00 sys=0.00, real=0.00 secs] 
2019-01-02T11:13:34.064+0530: 881.965: [GC (Allocation Failure) 2019-01-02T11:13:34.064+0530: 881.965: [DefNew
Desired survivor size 32768 bytes, new threshold 15 (max 15)
- age   2:         24 bytes,         24 total
- age   5:        184 bytes,        208 total
- age  11:         16 bytes,        224 total
: 506K->0K(960K), 0.0003261 secs] 7122K->7122K(10176K), 0.0003780 secs] [Times: user=0.00 sys=0.00, real=0.00 secs] 
2019-01-02T11:13:34.065+0530: 881.966: [GC (Allocation Failure) 2019-01-02T11:13:34.065+0530: 881.966: [DefNew
Desired survivor size 32768 bytes, new threshold 15 (max 15)
- age   1:         24 bytes,         24 total
- age   6:         72 bytes,         96 total
- age  12:         16 bytes,        112 total
: 524K->0K(960K), 0.0003210 secs] 7646K->7628K(10176K), 0.0003934 secs] [Times: user=0.00 sys=0.00, real=0.00 secs] 
2019-01-02T11:13:34.133+0530: 882.033: [GC (Allocation Failure) 2019-01-02T11:13:34.133+0530: 882.033: [DefNew
Desired survivor size 32768 bytes, new threshold 15 (max 15)
- age   1:        248 bytes,        248 total
- age   7:         16 bytes,        264 total
- age  13:         16 bytes,        280 total
: 877K->0K(960K), 0.0003005 secs] 8506K->7700K(10176K), 0.0004162 secs] [Times: user=0.00 sys=0.00, real=0.00 secs] 
2019-01-02T11:13:34.134+0530: 882.035: [GC (Allocation Failure) 2019-01-02T11:13:34.134+0530: 882.035: [DefNew
Desired survivor size 32768 bytes, new threshold 15 (max 15)
- age   2:        184 bytes,        184 total
- age   8:         16 bytes,        200 total
- age  14:         16 bytes,        216 total
: 896K->0K(960K), 0.0003124 secs] 8596K->7988K(10176K), 0.0003911 secs] [Times: user=0.00 sys=0.00, real=0.00 secs] 
2019-01-02T11:13:34.135+0530: 882.036: [GC (Allocation Failure) 2019-01-02T11:13:34.135+0530: 882.036: [DefNew
Desired survivor size 32768 bytes, new threshold 15 (max 15)
- age   3:        184 bytes,        184 total
- age   9:         16 bytes,        200 total
- age  15:         16 bytes,        216 total
: 896K->0K(960K), 0.0003655 secs] 8884K->8564K(10176K), 0.0004390 secs] [Times: user=0.00 sys=0.00, real=0.00 secs] 
2019-01-02T11:13:34.137+0530: 882.038: [GC (Allocation Failure) 2019-01-02T11:13:34.137+0530: 882.038: [DefNew
Desired survivor size 32768 bytes, new threshold 15 (max 15)
- age   1:         24 bytes,         24 total
- age   4:        184 bytes,        208 total
- age  10:         16 bytes,        224 total
: 479K->0K(960K), 0.0004088 secs] 9044K->8564K(10176K), 0.0004835 secs] [Times: user=0.00 sys=0.00, real=0.00 secs] 
2019-01-02T11:13:34.139+0530: 882.040: [GC (Allocation Failure) 2019-01-02T11:13:34.139+0530: 882.040: [DefNew
Desired survivor size 32768 bytes, new threshold 15 (max 15)
- age   2:         24 bytes,         24 total
- age   5:        184 bytes,        208 total
- age  11:         16 bytes,        224 total
: 506K->0K(960K), 0.0009305 secs] 9071K->9071K(10176K), 0.0010896 secs] [Times: user=0.00 sys=0.00, real=0.00 secs] 
2019-01-02T11:13:34.141+0530: 882.042: [GC (Allocation Failure) 2019-01-02T11:13:34.141+0530: 882.042: [DefNew: 524K->524K(960K), 0.0000291 secs]2019-01-02T11:13:34.141+0530: 882.042: [Tenured: 9071K->1275K(9216K), 0.0048846 secs] 9595K->1275K(10176K), [Metaspace: 2520K->2520K(1056768K)], 0.0050619 secs] [Times: user=0.02 sys=0.00, real=0.00 secs] 
2019-01-02T11:13:34.213+0530: 882.114: [GC (Allocation Failure) 2019-01-02T11:13:34.213+0530: 882.114: [DefNew
Desired survivor size 32768 bytes, new threshold 15 (max 15)
- age   1:        248 bytes,        248 total
: 877K->0K(960K), 0.0009556 secs] 2153K->1854K(10176K), 0.0012840 secs] [Times: user=0.00 sys=0.00, real=0.00 secs] 
2019-01-02T11:13:34.216+0530: 882.117: [GC (Allocation Failure) 2019-01-02T11:13:34.216+0530: 882.117: [DefNew
Desired survivor size 32768 bytes, new threshold 15 (max 15)
- age   2:        184 bytes,        184 total
: 896K->0K(960K), 0.0003147 secs] 2750K->2142K(10176K), 0.0003957 secs] [Times: user=0.00 sys=0.00, real=0.00 secs] 
2019-01-02T11:13:34.217+0530: 882.118: [GC (Allocation Failure) 2019-01-02T11:13:34.217+0530: 882.118: [DefNew
Desired survivor size 32768 bytes, new threshold 15 (max 15)
- age   3:        184 bytes,        184 total
: 896K->0K(960K), 0.0003432 secs] 3038K->2718K(10176K), 0.0004145 secs] [Times: user=0.00 sys=0.00, real=0.00 secs] 
2019-01-02T11:13:34.219+0530: 882.119: [GC (Allocation Failure) 2019-01-02T11:13:34.219+0530: 882.119: [DefNew
Desired survivor size 32768 bytes, new threshold 15 (max 15)
- age   1:         24 bytes,         24 total
- age   4:        184 bytes,        208 total
: 479K->0K(960K), 0.0002446 secs] 3198K->2718K(10176K), 0.0003130 secs] [Times: user=0.00 sys=0.00, real=0.00 secs] 
2019-01-02T11:13:34.219+0530: 882.120: [GC (Allocation Failure) 2019-01-02T11:13:34.220+0530: 882.120: [DefNew
Desired survivor size 32768 bytes, new threshold 15 (max 15)
- age   2:         24 bytes,         24 total
- age   5:        184 bytes,        208 total
: 506K->0K(960K), 0.0003096 secs] 3225K->3225K(10176K), 0.0003900 secs] [Times: user=0.00 sys=0.00, real=0.00 secs] 
2019-01-02T11:13:34.220+0530: 882.121: [GC (Allocation Failure) 2019-01-02T11:13:34.220+0530: 882.121: [DefNew
Desired survivor size 32768 bytes, new threshold 15 (max 15)
- age   1:         24 bytes,         24 total
- age   6:         72 bytes,         96 total
: 524K->0K(960K), 0.0003353 secs] 3749K->3731K(10176K), 0.0004213 secs] [Times: user=0.00 sys=0.00, real=0.00 secs] 
2019-01-02T11:13:34.277+0530: 882.178: [GC (Allocation Failure) 2019-01-02T11:13:34.278+0530: 882.178: [DefNew
Desired survivor size 32768 bytes, new threshold 15 (max 15)
- age   1:        248 bytes,        248 total
- age   7:         16 bytes,        264 total
: 877K->0K(960K), 0.0007766 secs] 4608K->3803K(10176K), 0.0010343 secs] [Times: user=0.00 sys=0.00, real=0.00 secs] 
2019-01-02T11:13:34.280+0530: 882.181: [GC (Allocation Failure) 2019-01-02T11:13:34.280+0530: 882.181: [DefNew
Desired survivor size 32768 bytes, new threshold 15 (max 15)
- age   2:        184 bytes,        184 total
- age   8:         16 bytes,        200 total
: 896K->0K(960K), 0.0012093 secs] 4699K->4091K(10176K), 0.0013923 secs] [Times: user=0.00 sys=0.00, real=0.00 secs] 
2019-01-02T11:13:34.283+0530: 882.184: [GC (Allocation Failure) 2019-01-02T11:13:34.283+0530: 882.184: [DefNew
Desired survivor size 32768 bytes, new threshold 15 (max 15)
- age   3:        184 bytes,        184 total
- age   9:         16 bytes,        200 total
: 896K->0K(960K), 0.0007013 secs] 4987K->4667K(10176K), 0.0008809 secs] [Times: user=0.00 sys=0.00, real=0.00 secs] 
2019-01-02T11:13:34.285+0530: 882.186: [GC (Allocation Failure) 2019-01-02T11:13:34.285+0530: 882.186: [DefNew
Desired survivor size 32768 bytes, new threshold 15 (max 15)
- age   1:         24 bytes,         24 total
- age   4:        184 bytes,        208 total
- age  10:         16 bytes,        224 total
: 479K->0K(960K), 0.0002400 secs] 5147K->4667K(10176K), 0.0003045 secs] [Times: user=0.00 sys=0.00, real=0.00 secs] 
2019-01-02T11:13:34.286+0530: 882.186: [GC (Allocation Failure) 2019-01-02T11:13:34.286+0530: 882.186: [DefNew
Desired survivor size 32768 bytes, new threshold 15 (max 15)
- age   2:         24 bytes,         24 total
- age   5:        184 bytes,        208 total
- age  11:         16 bytes,        224 total
: 506K->0K(960K), 0.0003039 secs] 5174K->5174K(10176K), 0.0003552 secs] [Times: user=0.00 sys=0.00, real=0.00 secs] 
2019-01-02T11:13:34.287+0530: 882.187: [GC (Allocation Failure) 2019-01-02T11:13:34.287+0530: 882.187: [DefNew
Desired survivor size 32768 bytes, new threshold 15 (max 15)
- age   1:         24 bytes,         24 total
- age   6:         72 bytes,         96 total
- age  12:         16 bytes,        112 total
: 524K->0K(960K), 0.0003056 secs] 5698K->5680K(10176K), 0.0003558 secs] [Times: user=0.00 sys=0.00, real=0.00 secs] 
2019-01-02T11:13:34.354+0530: 882.255: [GC (Allocation Failure) 2019-01-02T11:13:34.354+0530: 882.255: [DefNew
Desired survivor size 32768 bytes, new threshold 15 (max 15)
- age   1:        248 bytes,        248 total
- age   7:         16 bytes,        264 total
- age  13:         16 bytes,        280 total
: 877K->0K(960K), 0.0004698 secs] 6558K->5752K(10176K), 0.0008398 secs] [Times: user=0.00 sys=0.00, real=0.00 secs] 
2019-01-02T11:13:34.357+0530: 882.258: [GC (Allocation Failure) 2019-01-02T11:13:34.357+0530: 882.258: [DefNew
Desired survivor size 32768 bytes, new threshold 15 (max 15)
- age   2:        184 bytes,        184 total
- age   8:         16 bytes,        200 total
- age  14:         16 bytes,        216 total
: 896K->0K(960K), 0.0009790 secs] 6648K->6040K(10176K), 0.0012253 secs] [Times: user=0.00 sys=0.00, real=0.00 secs] 
2019-01-02T11:13:34.359+0530: 882.260: [GC (Allocation Failure) 2019-01-02T11:13:34.360+0530: 882.260: [DefNew
Desired survivor size 32768 bytes, new threshold 15 (max 15)
- age   3:        184 bytes,        184 total
- age   9:         16 bytes,        200 total
- age  15:         16 bytes,        216 total
: 896K->0K(960K), 0.0008341 secs] 6936K->6616K(10176K), 0.0009636 secs] [Times: user=0.00 sys=0.00, real=0.00 secs] 
2019-01-02T11:13:34.362+0530: 882.262: [GC (Allocation Failure) 2019-01-02T11:13:34.362+0530: 882.262: [DefNew
Desired survivor size 32768 bytes, new threshold 15 (max 15)
- age   1:         24 bytes,         24 total
- age   4:        184 bytes,        208 total
- age  10:         16 bytes,        224 total
: 479K->0K(960K), 0.0006517 secs] 7096K->6616K(10176K), 0.0009037 secs] [Times: user=0.00 sys=0.00, real=0.00 secs] 
2019-01-02T11:13:34.363+0530: 882.264: [GC (Allocation Failure) 2019-01-02T11:13:34.363+0530: 882.264: [DefNew
Desired survivor size 32768 bytes, new threshold 15 (max 15)
- age   2:         24 bytes,         24 total
- age   5:        184 bytes,        208 total
- age  11:         16 bytes,        224 total
: 506K->0K(960K), 0.0011825 secs] 7123K->7123K(10176K), 0.0012863 secs] [Times: user=0.00 sys=0.00, real=0.00 secs] 
2019-01-02T11:13:34.365+0530: 882.266: [GC (Allocation Failure) 2019-01-02T11:13:34.365+0530: 882.266: [DefNew
Desired survivor size 32768 bytes, new threshold 15 (max 15)
- age   1:         24 bytes,         24 total
- age   6:         72 bytes,         96 total
- age  12:         16 bytes,        112 total
: 524K->0K(960K), 0.0003164 secs] 7647K->7629K(10176K), 0.0003740 secs] [Times: user=0.00 sys=0.00, real=0.00 secs] 
2019-01-02T11:13:34.425+0530: 882.326: [GC (Allocation Failure) 2019-01-02T11:13:34.425+0530: 882.326: [DefNew
Desired survivor size 32768 bytes, new threshold 15 (max 15)
- age   1:        248 bytes,        248 total
- age   7:         16 bytes,        264 total
- age  13:         16 bytes,        280 total
: 877K->0K(960K), 0.0005428 secs] 8507K->7701K(10176K), 0.0009288 secs] [Times: user=0.00 sys=0.02, real=0.00 secs] 
2019-01-02T11:13:34.428+0530: 882.328: [GC (Allocation Failure) 2019-01-02T11:13:34.428+0530: 882.328: [DefNew
Desired survivor size 32768 bytes, new threshold 15 (max 15)
- age   2:        184 bytes,        184 total
- age   8:         16 bytes,        200 total
- age  14:         16 bytes,        216 total
: 896K->0K(960K), 0.0006346 secs] 8597K->7989K(10176K), 0.0007372 secs] [Times: user=0.00 sys=0.00, real=0.00 secs] 
2019-01-02T11:13:34.430+0530: 882.331: [GC (Allocation Failure) 2019-01-02T11:13:34.430+0530: 882.331: [DefNew
Desired survivor size 32768 bytes, new threshold 15 (max 15)
- age   3:        184 bytes,        184 total
- age   9:         16 bytes,        200 total
- age  15:         16 bytes,        216 total
: 896K->0K(960K), 0.0006306 secs] 8885K->8565K(10176K), 0.0008581 secs] [Times: user=0.00 sys=0.00, real=0.00 secs] 
2019-01-02T11:13:34.432+0530: 882.332: [GC (Allocation Failure) 2019-01-02T11:13:34.432+0530: 882.332: [DefNew
Desired survivor size 32768 bytes, new threshold 15 (max 15)
- age   1:         24 bytes,         24 total
- age   4:        184 bytes,        208 total
- age  10:         16 bytes,        224 total
: 479K->0K(960K), 0.0002486 secs] 9045K->8565K(10176K), 0.0003187 secs] [Times: user=0.00 sys=0.00, real=0.00 secs] 
2019-01-02T11:13:34.433+0530: 882.333: [GC (Allocation Failure) 2019-01-02T11:13:34.433+0530: 882.333: [DefNew
Desired survivor size 32768 bytes, new threshold 15 (max 15)
- age   2:         24 bytes,         24 total
- age   5:        184 bytes,        208 total
- age  11:         16 bytes,        224 total
: 506K->0K(960K), 0.0003797 secs] 9072K->9072K(10176K), 0.0004681 secs] [Times: user=0.00 sys=0.00, real=0.00 secs] 
2019-01-02T11:13:34.433+0530: 882.334: [GC (Allocation Failure) 2019-01-02T11:13:34.433+0530: 882.334: [DefNew: 524K->524K(960K), 0.0000279 secs]2019-01-02T11:13:34.433+0530: 882.334: [Tenured: 9071K->1276K(9216K), 0.0036878 secs] 9596K->1276K(10176K), [Metaspace: 2520K->2520K(1056768K)], 0.0038377 secs] [Times: user=0.00 sys=0.00, real=0.00 secs] 
2019-01-02T11:13:34.495+0530: 882.396: [GC (Allocation Failure) 2019-01-02T11:13:34.495+0530: 882.396: [DefNew
Desired survivor size 32768 bytes, new threshold 15 (max 15)
- age   1:        248 bytes,        248 total
: 877K->0K(960K), 0.0010485 secs] 2153K->1854K(10176K), 0.0012817 secs] [Times: user=0.00 sys=0.00, real=0.00 secs] 
2019-01-02T11:13:34.498+0530: 882.398: [GC (Allocation Failure) 2019-01-02T11:13:34.498+0530: 882.398: [DefNew
Desired survivor size 32768 bytes, new threshold 15 (max 15)
- age   2:        184 bytes,        184 total
: 896K->0K(960K), 0.0008883 secs] 2750K->2142K(10176K), 0.0010907 secs] [Times: user=0.00 sys=0.00, real=0.00 secs] 
2019-01-02T11:13:34.501+0530: 882.401: [GC (Allocation Failure) 2019-01-02T11:13:34.501+0530: 882.401: [DefNew
Desired survivor size 32768 bytes, new threshold 15 (max 15)
- age   3:        184 bytes,        184 total
: 896K->0K(960K), 0.0009795 secs] 3038K->2718K(10176K), 0.0011346 secs] [Times: user=0.00 sys=0.00, real=0.00 secs] 
2019-01-02T11:13:34.503+0530: 882.403: [GC (Allocation Failure) 2019-01-02T11:13:34.503+0530: 882.404: [DefNew
Desired survivor size 32768 bytes, new threshold 15 (max 15)
- age   1:         24 bytes,         24 total
- age   4:        184 bytes,        208 total
: 479K->0K(960K), 0.0002703 secs] 3198K->2718K(10176K), 0.0003529 secs] [Times: user=0.00 sys=0.00, real=0.00 secs] 
2019-01-02T11:13:34.504+0530: 882.404: [GC (Allocation Failure) 2019-01-02T11:13:34.504+0530: 882.404: [DefNew
Desired survivor size 32768 bytes, new threshold 15 (max 15)
- age   2:         24 bytes,         24 total
- age   5:        184 bytes,        208 total
: 506K->0K(960K), 0.0004094 secs] 3225K->3225K(10176K), 0.0004915 secs] [Times: user=0.00 sys=0.00, real=0.00 secs] 
2019-01-02T11:13:34.504+0530: 882.405: [GC (Allocation Failure) 2019-01-02T11:13:34.505+0530: 882.405: [DefNew
Desired survivor size 32768 bytes, new threshold 15 (max 15)
- age   1:         24 bytes,         24 total
- age   6:         72 bytes,         96 total
: 524K->0K(960K), 0.0003153 secs] 3749K->3731K(10176K), 0.0003888 secs] [Times: user=0.00 sys=0.00, real=0.00 secs] 
2019-01-02T11:13:34.562+0530: 882.463: [GC (Allocation Failure) 2019-01-02T11:13:34.562+0530: 882.463: [DefNew
Desired survivor size 32768 bytes, new threshold 15 (max 15)
- age   1:        248 bytes,        248 total
- age   7:         16 bytes,        264 total
: 877K->0K(960K), 0.0007309 secs] 4609K->3804K(10176K), 0.0010058 secs] [Times: user=0.00 sys=0.00, real=0.00 secs] 
2019-01-02T11:13:34.565+0530: 882.466: [GC (Allocation Failure) 2019-01-02T11:13:34.566+0530: 882.466: [DefNew
Desired survivor size 32768 bytes, new threshold 15 (max 15)
- age   2:        184 bytes,        184 total
- age   8:         16 bytes,        200 total
: 896K->0K(960K), 0.0011859 secs] 4700K->4091K(10176K), 0.0015736 secs] [Times: user=0.02 sys=0.00, real=0.00 secs] 
2019-01-02T11:13:34.569+0530: 882.469: [GC (Allocation Failure) 2019-01-02T11:13:34.569+0530: 882.470: [DefNew
Desired survivor size 32768 bytes, new threshold 15 (max 15)
- age   3:        184 bytes,        184 total
- age   9:         16 bytes,        200 total
: 896K->0K(960K), 0.0013393 secs] 4987K->4667K(10176K), 0.0015480 secs] [Times: user=0.00 sys=0.00, real=0.00 secs] 
2019-01-02T11:13:34.571+0530: 882.472: [GC (Allocation Failure) 2019-01-02T11:13:34.571+0530: 882.472: [DefNew
Desired survivor size 32768 bytes, new threshold 15 (max 15)
- age   1:         24 bytes,         24 total
- age   4:        184 bytes,        208 total
- age  10:         16 bytes,        224 total
: 479K->0K(960K), 0.0003392 secs] 5147K->4668K(10176K), 0.0004322 secs] [Times: user=0.00 sys=0.00, real=0.00 secs] 
2019-01-02T11:13:34.572+0530: 882.473: [GC (Allocation Failure) 2019-01-02T11:13:34.572+0530: 882.473: [DefNew
Desired survivor size 32768 bytes, new threshold 15 (max 15)
- age   2:         24 bytes,         24 total
- age   5:        184 bytes,        208 total
- age  11:         16 bytes,        224 total
: 506K->0K(960K), 0.0004470 secs] 5174K->5174K(10176K), 0.0005223 secs] [Times: user=0.00 sys=0.00, real=0.00 secs] 
2019-01-02T11:13:34.575+0530: 882.476: [GC (Allocation Failure) 2019-01-02T11:13:34.575+0530: 882.476: [DefNew
Desired survivor size 32768 bytes, new threshold 15 (max 15)
- age   1:         24 bytes,         24 total
- age   6:         72 bytes,         96 total
- age  12:         16 bytes,        112 total
: 524K->0K(960K), 0.0010326 secs] 5698K->5681K(10176K), 0.0013815 secs] [Times: user=0.00 sys=0.00, real=0.00 secs] 
2019-01-02T11:13:34.637+0530: 882.537: [GC (Allocation Failure) 2019-01-02T11:13:34.637+0530: 882.537: [DefNew
Desired survivor size 32768 bytes, new threshold 15 (max 15)
- age   1:        248 bytes,        248 total
- age   7:         16 bytes,        264 total
- age  13:         16 bytes,        280 total
: 877K->0K(960K), 0.0005565 secs] 6558K->5753K(10176K), 0.0007498 secs] [Times: user=0.00 sys=0.00, real=0.00 secs] 
2019-01-02T11:13:34.639+0530: 882.540: [GC (Allocation Failure) 2019-01-02T11:13:34.639+0530: 882.540: [DefNew
Desired survivor size 32768 bytes, new threshold 15 (max 15)
- age   2:        184 bytes,        184 total
- age   8:         16 bytes,        200 total
- age  14:         16 bytes,        216 total
: 896K->0K(960K), 0.0011882 secs] 6649K->6041K(10176K), 0.0013427 secs] [Times: user=0.00 sys=0.00, real=0.00 secs] 
2019-01-02T11:13:34.643+0530: 882.543: [GC (Allocation Failure) 2019-01-02T11:13:34.643+0530: 882.543: [DefNew
Desired survivor size 32768 bytes, new threshold 15 (max 15)
- age   3:        184 bytes,        184 total
- age   9:         16 bytes,        200 total
- age  15:         16 bytes,        216 total
: 896K->0K(960K), 0.0015183 secs] 6937K->6617K(10176K), 0.0017093 secs] [Times: user=0.00 sys=0.00, real=0.00 secs] 
2019-01-02T11:13:34.647+0530: 882.547: [GC (Allocation Failure) 2019-01-02T11:13:34.647+0530: 882.547: [DefNew
Desired survivor size 32768 bytes, new threshold 15 (max 15)
- age   1:         24 bytes,         24 total
- age   4:        184 bytes,        208 total
- age  10:         16 bytes,        224 total
: 479K->0K(960K), 0.0002982 secs] 7096K->6617K(10176K), 0.0003917 secs] [Times: user=0.00 sys=0.00, real=0.00 secs] 
2019-01-02T11:13:34.647+0530: 882.548: [GC (Allocation Failure) 2019-01-02T11:13:34.647+0530: 882.548: [DefNew
Desired survivor size 32768 bytes, new threshold 15 (max 15)
- age   2:         24 bytes,         24 total
- age   5:        184 bytes,        208 total
- age  11:         16 bytes,        224 total
: 506K->0K(960K), 0.0003632 secs] 7123K->7123K(10176K), 0.0004225 secs] [Times: user=0.00 sys=0.00, real=0.00 secs] 
2019-01-02T11:13:34.648+0530: 882.549: [GC (Allocation Failure) 2019-01-02T11:13:34.648+0530: 882.549: [DefNew
Desired survivor size 32768 bytes, new threshold 15 (max 15)
- age   1:         24 bytes,         24 total
- age   6:         72 bytes,         96 total
- age  12:         16 bytes,        112 total
: 524K->0K(960K), 0.0003900 secs] 7647K->7630K(10176K), 0.0004635 secs] [Times: user=0.00 sys=0.00, real=0.00 secs] 
2019-01-02T11:13:34.705+0530: 882.606: [GC (Allocation Failure) 2019-01-02T11:13:34.705+0530: 882.606: [DefNew
Desired survivor size 32768 bytes, new threshold 15 (max 15)
- age   1:        248 bytes,        248 total
- age   7:         16 bytes,        264 total
- age  13:         16 bytes,        280 total
: 877K->0K(960K), 0.0010394 secs] 8507K->7702K(10176K), 0.0012224 secs] [Times: user=0.00 sys=0.02, real=0.00 secs] 
2019-01-02T11:13:34.710+0530: 882.610: [GC (Allocation Failure) 2019-01-02T11:13:34.710+0530: 882.611: [DefNew
Desired survivor size 32768 bytes, new threshold 15 (max 15)
- age   2:        184 bytes,        184 total
- age   8:         16 bytes,        200 total
- age  14:         16 bytes,        216 total
: 896K->0K(960K), 0.0007777 secs] 8598K->7990K(10176K), 0.0015486 secs] [Times: user=0.00 sys=0.00, real=0.00 secs] 
2019-01-02T11:13:34.713+0530: 882.613: [GC (Allocation Failure) 2019-01-02T11:13:34.713+0530: 882.613: [DefNew
Desired survivor size 32768 bytes, new threshold 15 (max 15)
- age   3:        184 bytes,        184 total
- age   9:         16 bytes,        200 total
- age  15:         16 bytes,        216 total
: 896K->0K(960K), 0.0011323 secs] 8886K->8566K(10176K), 0.0013216 secs] [Times: user=0.00 sys=0.00, real=0.00 secs] 
2019-01-02T11:13:34.715+0530: 882.616: [GC (Allocation Failure) 2019-01-02T11:13:34.715+0530: 882.616: [DefNew
Desired survivor size 32768 bytes, new threshold 15 (max 15)
- age   1:         24 bytes,         24 total
- age   4:        184 bytes,        208 total
- age  10:         16 bytes,        224 total
: 479K->0K(960K), 0.0003176 secs] 9046K->8566K(10176K), 0.0004732 secs] [Times: user=0.00 sys=0.00, real=0.00 secs] 
2019-01-02T11:13:34.716+0530: 882.617: [GC (Allocation Failure) 2019-01-02T11:13:34.716+0530: 882.617: [DefNew
Desired survivor size 32768 bytes, new threshold 15 (max 15)
- age   2:         24 bytes,         24 total
- age   5:        184 bytes,        208 total
- age  11:         16 bytes,        224 total
: 506K->0K(960K), 0.0003324 secs] 9072K->9072K(10176K), 0.0003871 secs] [Times: user=0.00 sys=0.00, real=0.00 secs] 
2019-01-02T11:13:34.717+0530: 882.617: [GC (Allocation Failure) 2019-01-02T11:13:34.717+0530: 882.617: [DefNew: 524K->524K(960K), 0.0000382 secs]2019-01-02T11:13:34.717+0530: 882.617: [Tenured: 9072K->1276K(9216K), 0.0040669 secs] 9597K->1276K(10176K), [Metaspace: 2520K->2520K(1056768K)], 0.0042351 secs] [Times: user=0.00 sys=0.00, real=0.00 secs] 
2019-01-02T11:13:34.776+0530: 882.677: [GC (Allocation Failure) 2019-01-02T11:13:34.777+0530: 882.677: [DefNew
Desired survivor size 32768 bytes, new threshold 15 (max 15)
- age   1:        248 bytes,        248 total
: 877K->0K(960K), 0.0010143 secs] 2153K->1855K(10176K), 0.0013821 secs] [Times: user=0.00 sys=0.00, real=0.00 secs] 
2019-01-02T11:13:34.779+0530: 882.680: [GC (Allocation Failure) 2019-01-02T11:13:34.779+0530: 882.680: [DefNew
Desired survivor size 32768 bytes, new threshold 15 (max 15)
- age   2:        184 bytes,        184 total
: 896K->0K(960K), 0.0004983 secs] 2751K->2143K(10176K), 0.0005799 secs] [Times: user=0.00 sys=0.00, real=0.00 secs] 
2019-01-02T11:13:34.781+0530: 882.682: [GC (Allocation Failure) 2019-01-02T11:13:34.781+0530: 882.682: [DefNew
Desired survivor size 32768 bytes, new threshold 15 (max 15)
- age   3:        184 bytes,        184 total
: 896K->0K(960K), 0.0009858 secs] 3039K->2719K(10176K), 0.0011232 secs] [Times: user=0.00 sys=0.00, real=0.00 secs] 
2019-01-02T11:13:34.784+0530: 882.684: [GC (Allocation Failure) 2019-01-02T11:13:34.784+0530: 882.685: [DefNew
Desired survivor size 32768 bytes, new threshold 15 (max 15)
- age   1:         24 bytes,         24 total
- age   4:        184 bytes,        208 total
: 479K->0K(960K), 0.0003917 secs] 3198K->2719K(10176K), 0.0005662 secs] [Times: user=0.00 sys=0.00, real=0.00 secs] 
2019-01-02T11:13:34.785+0530: 882.686: [GC (Allocation Failure) 2019-01-02T11:13:34.785+0530: 882.686: [DefNew
Desired survivor size 32768 bytes, new threshold 15 (max 15)
- age   2:         24 bytes,         24 total
- age   5:        184 bytes,        208 total
: 506K->0K(960K), 0.0005377 secs] 3225K->3225K(10176K), 0.0006152 secs] [Times: user=0.00 sys=0.00, real=0.00 secs] 
2019-01-02T11:13:34.786+0530: 882.687: [GC (Allocation Failure) 2019-01-02T11:13:34.786+0530: 882.687: [DefNew
Desired survivor size 32768 bytes, new threshold 15 (max 15)
- age   1:         24 bytes,         24 total
- age   6:         72 bytes,         96 total
: 524K->0K(960K), 0.0003062 secs] 3749K->3732K(10176K), 0.0003586 secs] [Times: user=0.00 sys=0.00, real=0.00 secs] 
2019-01-02T11:13:34.851+0530: 882.752: [GC (Allocation Failure) 2019-01-02T11:13:34.851+0530: 882.752: [DefNew
Desired survivor size 32768 bytes, new threshold 15 (max 15)
- age   1:        248 bytes,        248 total
- age   7:         16 bytes,        264 total
: 877K->0K(960K), 0.0010018 secs] 4609K->3804K(10176K), 0.0012555 secs] [Times: user=0.00 sys=0.00, real=0.00 secs] 
2019-01-02T11:13:34.854+0530: 882.755: [GC (Allocation Failure) 2019-01-02T11:13:34.854+0530: 882.755: [DefNew
Desired survivor size 32768 bytes, new threshold 15 (max 15)
- age   2:        184 bytes,        184 total
- age   8:         16 bytes,        200 total
: 896K->0K(960K), 0.0005171 secs] 4700K->4092K(10176K), 0.0006831 secs] [Times: user=0.00 sys=0.00, real=0.00 secs] 
2019-01-02T11:13:34.856+0530: 882.757: [GC (Allocation Failure) 2019-01-02T11:13:34.856+0530: 882.757: [DefNew
Desired survivor size 32768 bytes, new threshold 15 (max 15)
- age   3:        184 bytes,        184 total
- age   9:         16 bytes,        200 total
: 896K->0K(960K), 0.0005428 secs] 4988K->4668K(10176K), 0.0006756 secs] [Times: user=0.00 sys=0.00, real=0.00 secs] 
2019-01-02T11:13:34.859+0530: 882.760: [GC (Allocation Failure) 2019-01-02T11:13:34.859+0530: 882.760: [DefNew
Desired survivor size 32768 bytes, new threshold 15 (max 15)
- age   1:         24 bytes,         24 total
- age   4:        184 bytes,        208 total
- age  10:         16 bytes,        224 total
: 479K->0K(960K), 0.0005793 secs] 5148K->4668K(10176K), 0.0008376 secs] [Times: user=0.00 sys=0.00, real=0.00 secs] 
2019-01-02T11:13:34.860+0530: 882.761: [GC (Allocation Failure) 2019-01-02T11:13:34.860+0530: 882.761: [DefNew
Desired survivor size 32768 bytes, new threshold 15 (max 15)
- age   2:         24 bytes,         24 total
- age   5:        184 bytes,        208 total
- age  11:         16 bytes,        224 total
: 506K->0K(960K), 0.0011369 secs] 5175K->5175K(10176K), 0.0012526 secs] [Times: user=0.00 sys=0.00, real=0.00 secs] 
2019-01-02T11:13:34.862+0530: 882.763: [GC (Allocation Failure) 2019-01-02T11:13:34.862+0530: 882.763: [DefNew
Desired survivor size 32768 bytes, new threshold 15 (max 15)
- age   1:         24 bytes,         24 total
- age   6:         72 bytes,         96 total
- age  12:         16 bytes,        112 total
: 524K->0K(960K), 0.0010611 secs] 5699K->5681K(10176K), 0.0012293 secs] [Times: user=0.02 sys=0.00, real=0.00 secs] 
2019-01-02T11:13:34.924+0530: 882.824: [GC (Allocation Failure) 2019-01-02T11:13:34.924+0530: 882.824: [DefNew
Desired survivor size 32768 bytes, new threshold 15 (max 15)
- age   1:        248 bytes,        248 total
- age   7:         16 bytes,        264 total
- age  13:         16 bytes,        280 total
: 877K->0K(960K), 0.0005388 secs] 6559K->5753K(10176K), 0.0008455 secs] [Times: user=0.00 sys=0.00, real=0.00 secs] 
2019-01-02T11:13:34.927+0530: 882.828: [GC (Allocation Failure) 2019-01-02T11:13:34.927+0530: 882.828: [DefNew
Desired survivor size 32768 bytes, new threshold 15 (max 15)
- age   2:        184 bytes,        184 total
- age   8:         16 bytes,        200 total
- age  14:         16 bytes,        216 total
: 896K->0K(960K), 0.0009887 secs] 6649K->6041K(10176K), 0.0014550 secs] [Times: user=0.00 sys=0.00, real=0.00 secs] 
2019-01-02T11:13:34.931+0530: 882.831: [GC (Allocation Failure) 2019-01-02T11:13:34.931+0530: 882.831: [DefNew
Desired survivor size 32768 bytes, new threshold 15 (max 15)
- age   3:        184 bytes,        184 total
- age   9:         16 bytes,        200 total
- age  15:         16 bytes,        216 total
: 896K->0K(960K), 0.0010177 secs] 6937K->6617K(10176K), 0.0011614 secs] [Times: user=0.00 sys=0.00, real=0.00 secs] 
2019-01-02T11:13:34.934+0530: 882.834: [GC (Allocation Failure) 2019-01-02T11:13:34.934+0530: 882.834: [DefNew
Desired survivor size 32768 bytes, new threshold 15 (max 15)
- age   1:         24 bytes,         24 total
- age   4:        184 bytes,        208 total
- age  10:         16 bytes,        224 total
: 479K->0K(960K), 0.0007720 secs] 7097K->6617K(10176K), 0.0009288 secs] [Times: user=0.00 sys=0.00, real=0.00 secs] 
2019-01-02T11:13:34.935+0530: 882.836: [GC (Allocation Failure) 2019-01-02T11:13:34.935+0530: 882.836: [DefNew
Desired survivor size 32768 bytes, new threshold 15 (max 15)
- age   2:         24 bytes,         24 total
- age   5:        184 bytes,        208 total
- age  11:         16 bytes,        224 total
: 506K->0K(960K), 0.0004915 secs] 7124K->7124K(10176K), 0.0005935 secs] [Times: user=0.00 sys=0.00, real=0.00 secs] 
2019-01-02T11:13:34.936+0530: 882.837: [GC (Allocation Failure) 2019-01-02T11:13:34.936+0530: 882.837: [DefNew
Desired survivor size 32768 bytes, new threshold 15 (max 15)
- age   1:         24 bytes,         24 total
- age   6:         72 bytes,         96 total
- age  12:         16 bytes,        112 total
: 524K->0K(960K), 0.0004436 secs] 7648K->7630K(10176K), 0.0005485 secs] [Times: user=0.00 sys=0.00, real=0.00 secs] 
2019-01-02T11:13:35.001+0530: 882.902: [GC (Allocation Failure) 2019-01-02T11:13:35.002+0530: 882.902: [DefNew
Desired survivor size 32768 bytes, new threshold 15 (max 15)
- age   1:        248 bytes,        248 total
- age   7:         16 bytes,        264 total
- age  13:         16 bytes,        280 total
: 862K->0K(960K), 0.0010286 secs] 8493K->7703K(10176K), 0.0014208 secs] [Times: user=0.02 sys=0.00, real=0.00 secs] 
2019-01-02T11:13:35.004+0530: 882.905: [GC (Allocation Failure) 2019-01-02T11:13:35.004+0530: 882.905: [DefNew
Desired survivor size 32768 bytes, new threshold 15 (max 15)
- age   2:        184 bytes,        184 total
- age   8:         16 bytes,        200 total
- age  14:         16 bytes,        216 total
: 896K->0K(960K), 0.0008484 secs] 8599K->7991K(10176K), 0.0009847 secs] [Times: user=0.00 sys=0.00, real=0.00 secs] 
2019-01-02T11:13:35.007+0530: 882.907: [GC (Allocation Failure) 2019-01-02T11:13:35.007+0530: 882.907: [DefNew
Desired survivor size 32768 bytes, new threshold 15 (max 15)
- age   1:         40 bytes,         40 total
- age   3:        184 bytes,        224 total
- age   9:         16 bytes,        240 total
- age  15:         16 bytes,        256 total
: 896K->0K(960K), 0.0004926 secs] 8887K->8567K(10176K), 0.0005975 secs] [Times: user=0.00 sys=0.00, real=0.00 secs] 
2019-01-02T11:13:35.008+0530: 882.909: [GC (Allocation Failure) 2019-01-02T11:13:35.008+0530: 882.909: [DefNew
Desired survivor size 32768 bytes, new threshold 15 (max 15)
- age   1:         24 bytes,         24 total
- age   4:        184 bytes,        208 total
- age  10:         16 bytes,        224 total
: 482K->0K(960K), 0.0003147 secs] 9049K->8567K(10176K), 0.0003860 secs] [Times: user=0.00 sys=0.00, real=0.00 secs] 
2019-01-02T11:13:35.009+0530: 882.910: [GC (Allocation Failure) 2019-01-02T11:13:35.009+0530: 882.910: [DefNew
Desired survivor size 32768 bytes, new threshold 15 (max 15)
- age   2:         24 bytes,         24 total
- age   5:        184 bytes,        208 total
- age  11:         16 bytes,        224 total
: 506K->0K(960K), 0.0013376 secs] 9073K->9073K(10176K), 0.0015018 secs] [Times: user=0.00 sys=0.00, real=0.00 secs] 
2019-01-02T11:13:35.011+0530: 882.912: [GC (Allocation Failure) 2019-01-02T11:13:35.011+0530: 882.912: [DefNew: 524K->524K(960K), 0.0000433 secs]2019-01-02T11:13:35.011+0530: 882.912: [Tenured: 9073K->1276K(9216K), 0.0061492 secs] 9598K->1276K(10176K), [Metaspace: 2520K->2520K(1056768K)], 0.0063293 secs] [Times: user=0.00 sys=0.00, real=0.01 secs] 
2019-01-02T11:13:35.076+0530: 882.977: [GC (Allocation Failure) 2019-01-02T11:13:35.076+0530: 882.977: [DefNew
Desired survivor size 32768 bytes, new threshold 15 (max 15)
- age   1:        248 bytes,        248 total
: 878K->0K(960K), 0.0014813 secs] 2154K->1855K(10176K), 0.0020885 secs] [Times: user=0.00 sys=0.00, real=0.00 secs] 
2019-01-02T11:13:35.080+0530: 882.981: [GC (Allocation Failure) 2019-01-02T11:13:35.080+0530: 882.981: [DefNew
Desired survivor size 32768 bytes, new threshold 15 (max 15)
- age   1:         40 bytes,         40 total
- age   2:        184 bytes,        224 total
: 896K->0K(960K), 0.0005878 secs] 2751K->2143K(10176K), 0.0008005 secs] [Times: user=0.02 sys=0.00, real=0.00 secs] 
2019-01-02T11:13:35.082+0530: 882.983: [GC (Allocation Failure) 2019-01-02T11:13:35.082+0530: 882.983: [DefNew
Desired survivor size 32768 bytes, new threshold 15 (max 15)
- age   3:        184 bytes,        184 total
: 896K->0K(960K), 0.0009898 secs] 3039K->2719K(10176K), 0.0011095 secs] [Times: user=0.00 sys=0.00, real=0.00 secs] 
2019-01-02T11:13:35.085+0530: 882.986: [GC (Allocation Failure) 2019-01-02T11:13:35.085+0530: 882.986: [DefNew
Desired survivor size 32768 bytes, new threshold 15 (max 15)
- age   1:         24 bytes,         24 total
- age   4:        184 bytes,        208 total
: 480K->0K(960K), 0.0002663 secs] 3199K->2719K(10176K), 0.0003444 secs] [Times: user=0.00 sys=0.00, real=0.00 secs] 
2019-01-02T11:13:35.086+0530: 882.986: [GC (Allocation Failure) 2019-01-02T11:13:35.086+0530: 882.986: [DefNew
Desired survivor size 32768 bytes, new threshold 15 (max 15)
- age   2:         24 bytes,         24 total
- age   5:        184 bytes,        208 total
: 506K->0K(960K), 0.0004270 secs] 3226K->3226K(10176K), 0.0004915 secs] [Times: user=0.00 sys=0.00, real=0.00 secs] 
2019-01-02T11:13:35.086+0530: 882.987: [GC (Allocation Failure) 2019-01-02T11:13:35.086+0530: 882.987: [DefNew
Desired survivor size 32768 bytes, new threshold 15 (max 15)
- age   1:         24 bytes,         24 total
- age   6:         72 bytes,         96 total
: 524K->0K(960K), 0.0003273 secs] 3750K->3732K(10176K), 0.0003900 secs] [Times: user=0.00 sys=0.00, real=0.00 secs] 
2019-01-02T11:13:35.141+0530: 883.042: [GC (Allocation Failure) 2019-01-02T11:13:35.141+0530: 883.042: [DefNew
Desired survivor size 32768 bytes, new threshold 15 (max 15)
- age   1:        248 bytes,        248 total
- age   7:         16 bytes,        264 total
: 878K->0K(960K), 0.0005952 secs] 4610K->3804K(10176K), 0.0009527 secs] [Times: user=0.00 sys=0.00, real=0.00 secs] 
2019-01-02T11:13:35.144+0530: 883.045: [GC (Allocation Failure) 2019-01-02T11:13:35.144+0530: 883.045: [DefNew
Desired survivor size 32768 bytes, new threshold 15 (max 15)
- age   2:        184 bytes,        184 total
- age   8:         16 bytes,        200 total
: 896K->0K(960K), 0.0014351 secs] 4700K->4092K(10176K), 0.0018148 secs] [Times: user=0.00 sys=0.00, real=0.00 secs] 
2019-01-02T11:13:35.148+0530: 883.048: [GC (Allocation Failure) 2019-01-02T11:13:35.148+0530: 883.048: [DefNew
Desired survivor size 32768 bytes, new threshold 15 (max 15)
- age   3:        184 bytes,        184 total
- age   9:         16 bytes,        200 total
: 896K->0K(960K), 0.0010941 secs] 4988K->4668K(10176K), 0.0013028 secs] [Times: user=0.00 sys=0.00, real=0.00 secs] 
2019-01-02T11:13:35.150+0530: 883.051: [GC (Allocation Failure) 2019-01-02T11:13:35.151+0530: 883.051: [DefNew
Desired survivor size 32768 bytes, new threshold 15 (max 15)
- age   1:         24 bytes,         24 total
- age   4:        184 bytes,        208 total
- age  10:         16 bytes,        224 total
: 479K->0K(960K), 0.0008096 secs] 5148K->4668K(10176K), 0.0010286 secs] [Times: user=0.00 sys=0.00, real=0.00 secs] 
2019-01-02T11:13:35.152+0530: 883.053: [GC (Allocation Failure) 2019-01-02T11:13:35.152+0530: 883.053: [DefNew
Desired survivor size 32768 bytes, new threshold 15 (max 15)
- age   2:         24 bytes,         24 total
- age   5:        184 bytes,        208 total
- age  11:         16 bytes,        224 total
: 506K->0K(960K), 0.0003404 secs] 5175K->5175K(10176K), 0.0004179 secs] [Times: user=0.00 sys=0.00, real=0.00 secs] 
2019-01-02T11:13:35.153+0530: 883.054: [GC (Allocation Failure) 2019-01-02T11:13:35.153+0530: 883.054: [DefNew
Desired survivor size 32768 bytes, new threshold 15 (max 15)
- age   1:         24 bytes,         24 total
- age   6:         72 bytes,         96 total
- age  12:         16 bytes,        112 total
: 524K->0K(960K), 0.0003181 secs] 5700K->5682K(10176K), 0.0003894 secs] [Times: user=0.00 sys=0.00, real=0.00 secs] 
2019-01-02T11:13:35.212+0530: 883.112: [GC (Allocation Failure) 2019-01-02T11:13:35.212+0530: 883.113: [DefNew
Desired survivor size 32768 bytes, new threshold 15 (max 15)
- age   1:        248 bytes,        248 total
- age   7:         16 bytes,        264 total
- age  13:         16 bytes,        280 total
: 862K->0K(960K), 0.0005399 secs] 6544K->5754K(10176K), 0.0010217 secs] [Times: user=0.00 sys=0.00, real=0.00 secs] 
2019-01-02T11:13:35.215+0530: 883.115: [GC (Allocation Failure) 2019-01-02T11:13:35.215+0530: 883.115: [DefNew
Desired survivor size 32768 bytes, new threshold 15 (max 15)
- age   2:        184 bytes,        184 total
- age   8:         16 bytes,        200 total
- age  14:         16 bytes,        216 total
: 896K->0K(960K), 0.0006483 secs] 6650K->6042K(10176K), 0.0008313 secs] [Times: user=0.00 sys=0.00, real=0.00 secs] 
2019-01-02T11:13:35.217+0530: 883.117: [GC (Allocation Failure) 2019-01-02T11:13:35.217+0530: 883.117: [DefNew
Desired survivor size 32768 bytes, new threshold 15 (max 15)
- age   1:         40 bytes,         40 total
- age   3:        184 bytes,        224 total
- age   9:         16 bytes,        240 total
- age  15:         16 bytes,        256 total
: 896K->0K(960K), 0.0015930 secs] 6938K->6618K(10176K), 0.0018450 secs] [Times: user=0.00 sys=0.00, real=0.00 secs] 
2019-01-02T11:13:35.220+0530: 883.121: [GC (Allocation Failure) 2019-01-02T11:13:35.220+0530: 883.121: [DefNew
Desired survivor size 32768 bytes, new threshold 15 (max 15)
- age   1:         24 bytes,         24 total
- age   4:        184 bytes,        208 total
- age  10:         16 bytes,        224 total
: 482K->0K(960K), 0.0004761 secs] 7100K->6618K(10176K), 0.0006260 secs] [Times: user=0.00 sys=0.00, real=0.00 secs] 
2019-01-02T11:13:35.221+0530: 883.122: [GC (Allocation Failure) 2019-01-02T11:13:35.221+0530: 883.122: [DefNew
Desired survivor size 32768 bytes, new threshold 15 (max 15)
- age   2:         24 bytes,         24 total
- age   5:        184 bytes,        208 total
- age  11:         16 bytes,        224 total
: 506K->0K(960K), 0.0003307 secs] 7125K->7125K(10176K), 0.0004025 secs] [Times: user=0.02 sys=0.00, real=0.00 secs] 
2019-01-02T11:13:35.222+0530: 883.122: [GC (Allocation Failure) 2019-01-02T11:13:35.222+0530: 883.122: [DefNew
Desired survivor size 32768 bytes, new threshold 15 (max 15)
- age   1:         24 bytes,         24 total
- age   6:         72 bytes,         96 total
- age  12:         16 bytes,        112 total
: 524K->0K(960K), 0.0002999 secs] 7649K->7631K(10176K), 0.0003615 secs] [Times: user=0.00 sys=0.00, real=0.00 secs] 
2019-01-02T11:13:35.279+0530: 883.180: [GC (Allocation Failure) 2019-01-02T11:13:35.279+0530: 883.180: [DefNew
Desired survivor size 32768 bytes, new threshold 15 (max 15)
- age   1:        248 bytes,        248 total
- age   7:         16 bytes,        264 total
- age  13:         16 bytes,        280 total
: 878K->0K(960K), 0.0007589 secs] 8510K->7703K(10176K), 0.0012184 secs] [Times: user=0.00 sys=0.00, real=0.00 secs] 
2019-01-02T11:13:35.282+0530: 883.183: [GC (Allocation Failure) 2019-01-02T11:13:35.283+0530: 883.183: [DefNew
Desired survivor size 32768 bytes, new threshold 15 (max 15)
- age   1:         40 bytes,         40 total
- age   2:        184 bytes,        224 total
- age   8:         16 bytes,        240 total
- age  14:         16 bytes,        256 total
: 896K->0K(960K), 0.0007355 secs] 8599K->7991K(10176K), 0.0008729 secs] [Times: user=0.00 sys=0.00, real=0.00 secs] 
2019-01-02T11:13:35.285+0530: 883.185: [GC (Allocation Failure) 2019-01-02T11:13:35.285+0530: 883.186: [DefNew
Desired survivor size 32768 bytes, new threshold 15 (max 15)
- age   3:        184 bytes,        184 total
- age   9:         16 bytes,        200 total
- age  15:         16 bytes,        216 total
: 896K->0K(960K), 0.0012367 secs] 8887K->8567K(10176K), 0.0014294 secs] [Times: user=0.00 sys=0.00, real=0.00 secs] 
2019-01-02T11:13:35.288+0530: 883.189: [GC (Allocation Failure) 2019-01-02T11:13:35.288+0530: 883.189: [DefNew
Desired survivor size 32768 bytes, new threshold 15 (max 15)
- age   1:         24 bytes,         24 total
- age   4:        184 bytes,        208 total
- age  10:         16 bytes,        224 total
: 480K->0K(960K), 0.0002765 secs] 9048K->8567K(10176K), 0.0003541 secs] [Times: user=0.00 sys=0.00, real=0.00 secs] 
2019-01-02T11:13:35.289+0530: 883.189: [GC (Allocation Failure) 2019-01-02T11:13:35.289+0530: 883.189: [DefNew
Desired survivor size 32768 bytes, new threshold 15 (max 15)
- age   2:         24 bytes,         24 total
- age   5:        184 bytes,        208 total
- age  11:         16 bytes,        224 total
: 506K->0K(960K), 0.0003193 secs] 9074K->9074K(10176K), 0.0003792 secs] [Times: user=0.00 sys=0.00, real=0.00 secs] 
2019-01-02T11:13:35.289+0530: 883.190: [GC (Allocation Failure) 2019-01-02T11:13:35.289+0530: 883.190: [DefNew: 524K->524K(960K), 0.0000239 secs]2019-01-02T11:13:35.289+0530: 883.190: [Tenured: 9074K->1276K(9216K), 0.0039501 secs] 9599K->1276K(10176K), [Metaspace: 2520K->2520K(1056768K)], 0.0040801 secs] [Times: user=0.00 sys=0.00, real=0.00 secs] 
2019-01-02T11:13:35.373+0530: 883.274: [GC (Allocation Failure) 2019-01-02T11:13:35.374+0530: 883.274: [DefNew
Desired survivor size 32768 bytes, new threshold 15 (max 15)
- age   1:        248 bytes,        248 total
: 877K->0K(960K), 0.0014733 secs] 2154K->1855K(10176K), 0.0018182 secs] [Times: user=0.00 sys=0.00, real=0.00 secs] 
2019-01-02T11:13:35.379+0530: 883.280: [GC (Allocation Failure) 2019-01-02T11:13:35.379+0530: 883.280: [DefNew
Desired survivor size 32768 bytes, new threshold 15 (max 15)
- age   2:        184 bytes,        184 total
: 896K->0K(960K), 0.0005536 secs] 2751K->2143K(10176K), 0.0008638 secs] [Times: user=0.00 sys=0.00, real=0.00 secs] 
2019-01-02T11:13:35.383+0530: 883.283: [GC (Allocation Failure) 2019-01-02T11:13:35.383+0530: 883.283: [DefNew
Desired survivor size 32768 bytes, new threshold 15 (max 15)
- age   3:        184 bytes,        184 total
: 896K->0K(960K), 0.0012515 secs] 3039K->2719K(10176K), 0.0014157 secs] [Times: user=0.00 sys=0.00, real=0.00 secs] 
2019-01-02T11:13:35.386+0530: 883.286: [GC (Allocation Failure) 2019-01-02T11:13:35.386+0530: 883.286: [DefNew
Desired survivor size 32768 bytes, new threshold 15 (max 15)
- age   1:         24 bytes,         24 total
- age   4:        184 bytes,        208 total
: 497K->0K(960K), 0.0003951 secs] 3217K->2719K(10176K), 0.0004852 secs] [Times: user=0.00 sys=0.00, real=0.00 secs] 
2019-01-02T11:13:35.386+0530: 883.287: [GC (Allocation Failure) 2019-01-02T11:13:35.386+0530: 883.287: [DefNew
Desired survivor size 32768 bytes, new threshold 15 (max 15)
- age   2:         24 bytes,         24 total
- age   5:        184 bytes,        208 total
: 506K->0K(960K), 0.0005747 secs] 3226K->3226K(10176K), 0.0006528 secs] [Times: user=0.00 sys=0.00, real=0.00 secs] 
2019-01-02T11:13:35.387+0530: 883.288: [GC (Allocation Failure) 2019-01-02T11:13:35.388+0530: 883.288: [DefNew
Desired survivor size 32768 bytes, new threshold 15 (max 15)
- age   1:         24 bytes,         24 total
- age   6:         72 bytes,         96 total
: 524K->0K(960K), 0.0005177 secs] 3750K->3733K(10176K), 0.0006055 secs] [Times: user=0.00 sys=0.00, real=0.00 secs] 
2019-01-02T11:13:35.469+0530: 883.370: [GC (Allocation Failure) 2019-01-02T11:13:35.470+0530: 883.370: [DefNew
Desired survivor size 32768 bytes, new threshold 15 (max 15)
- age   1:        248 bytes,        248 total
- age   7:         16 bytes,        264 total
: 878K->0K(960K), 0.0011386 secs] 4611K->3805K(10176K), 0.0017236 secs] [Times: user=0.02 sys=0.00, real=0.00 secs] 
2019-01-02T11:13:35.474+0530: 883.374: [GC (Allocation Failure) 2019-01-02T11:13:35.474+0530: 883.375: [DefNew
Desired survivor size 32768 bytes, new threshold 15 (max 15)
- age   2:        184 bytes,        184 total
- age   8:         16 bytes,        200 total
: 896K->0K(960K), 0.0013285 secs] 4701K->4093K(10176K), 0.0015782 secs] [Times: user=0.00 sys=0.00, real=0.00 secs] 
2019-01-02T11:13:35.477+0530: 883.378: [GC (Allocation Failure) 2019-01-02T11:13:35.477+0530: 883.378: [DefNew
Desired survivor size 32768 bytes, new threshold 15 (max 15)
- age   3:        184 bytes,        184 total
- age   9:         16 bytes,        200 total
: 896K->0K(960K), 0.0005616 secs] 4989K->4669K(10176K), 0.0007862 secs] [Times: user=0.00 sys=0.00, real=0.00 secs] 
2019-01-02T11:13:35.480+0530: 883.381: [GC (Allocation Failure) 2019-01-02T11:13:35.480+0530: 883.381: [DefNew
Desired survivor size 32768 bytes, new threshold 15 (max 15)
- age   1:         24 bytes,         24 total
- age   4:        184 bytes,        208 total
- age  10:         16 bytes,        224 total
: 497K->0K(960K), 0.0003278 secs] 5166K->4669K(10176K), 0.0004499 secs] [Times: user=0.00 sys=0.00, real=0.00 secs] 
2019-01-02T11:13:35.481+0530: 883.382: [GC (Allocation Failure) 2019-01-02T11:13:35.481+0530: 883.382: [DefNew
Desired survivor size 32768 bytes, new threshold 15 (max 15)
- age   2:         24 bytes,         24 total
- age   5:        184 bytes,        208 total
- age  11:         16 bytes,        224 total
: 507K->0K(960K), 0.0010177 secs] 5176K->5176K(10176K), 0.0011859 secs] [Times: user=0.00 sys=0.00, real=0.00 secs] 
2019-01-02T11:13:35.483+0530: 883.384: [GC (Allocation Failure) 2019-01-02T11:13:35.483+0530: 883.384: [DefNew
Desired survivor size 32768 bytes, new threshold 15 (max 15)
- age   1:         24 bytes,         24 total
- age   6:         72 bytes,         96 total
- age  12:         16 bytes,        112 total
: 524K->0K(960K), 0.0010086 secs] 5700K->5682K(10176K), 0.0011078 secs] [Times: user=0.00 sys=0.00, real=0.00 secs] 
2019-01-02T11:13:35.540+0530: 883.441: [GC (Allocation Failure) 2019-01-02T11:13:35.541+0530: 883.441: [DefNew
Desired survivor size 32768 bytes, new threshold 15 (max 15)
- age   1:        248 bytes,        248 total
- age   7:         16 bytes,        264 total
- age  13:         16 bytes,        280 total
: 878K->0K(960K), 0.0009060 secs] 6560K->5754K(10176K), 0.0012549 secs] [Times: user=0.00 sys=0.00, real=0.00 secs] 
2019-01-02T11:13:35.543+0530: 883.444: [GC (Allocation Failure) 2019-01-02T11:13:35.543+0530: 883.444: [DefNew
Desired survivor size 32768 bytes, new threshold 15 (max 15)
- age   2:        184 bytes,        184 total
- age   8:         16 bytes,        200 total
- age  14:         16 bytes,        216 total
: 896K->0K(960K), 0.0011449 secs] 6650K->6042K(10176K), 0.0012754 secs] [Times: user=0.00 sys=0.00, real=0.00 secs] 
2019-01-02T11:13:35.546+0530: 883.447: [GC (Allocation Failure) 2019-01-02T11:13:35.546+0530: 883.447: [DefNew
Desired survivor size 32768 bytes, new threshold 15 (max 15)
- age   3:        184 bytes,        184 total
- age   9:         16 bytes,        200 total
- age  15:         16 bytes,        216 total
: 896K->0K(960K), 0.0010485 secs] 6938K->6618K(10176K), 0.0013376 secs] [Times: user=0.00 sys=0.00, real=0.00 secs] 
2019-01-02T11:13:35.549+0530: 883.450: [GC (Allocation Failure) 2019-01-02T11:13:35.549+0530: 883.450: [DefNew
Desired survivor size 32768 bytes, new threshold 15 (max 15)
- age   1:         24 bytes,         24 total
- age   4:        184 bytes,        208 total
- age  10:         16 bytes,        224 total
: 497K->0K(960K), 0.0005952 secs] 7116K->6618K(10176K), 0.0007098 secs] [Times: user=0.00 sys=0.00, real=0.00 secs] 
2019-01-02T11:13:35.551+0530: 883.451: [GC (Allocation Failure) 2019-01-02T11:13:35.551+0530: 883.451: [DefNew
Desired survivor size 32768 bytes, new threshold 15 (max 15)
- age   2:         24 bytes,         24 total
- age   5:        184 bytes,        208 total
- age  11:         16 bytes,        224 total
: 507K->0K(960K), 0.0008649 secs] 7125K->7125K(10176K), 0.0009550 secs] [Times: user=0.00 sys=0.00, real=0.00 secs] 
2019-01-02T11:13:35.552+0530: 883.453: [GC (Allocation Failure) 2019-01-02T11:13:35.552+0530: 883.453: [DefNew
Desired survivor size 32768 bytes, new threshold 15 (max 15)
- age   1:         24 bytes,         24 total
- age   6:         72 bytes,         96 total
- age  12:         16 bytes,        112 total
: 524K->0K(960K), 0.0003273 secs] 7650K->7632K(10176K), 0.0003797 secs] [Times: user=0.00 sys=0.00, real=0.00 secs] 
2019-01-02T11:13:35.610+0530: 883.510: [GC (Allocation Failure) 2019-01-02T11:13:35.610+0530: 883.511: [DefNew
Desired survivor size 32768 bytes, new threshold 15 (max 15)
- age   1:        248 bytes,        248 total
- age   7:         16 bytes,        264 total
- age  13:         16 bytes,        280 total
: 878K->0K(960K), 0.0010371 secs] 8510K->7704K(10176K), 0.0012943 secs] [Times: user=0.00 sys=0.00, real=0.00 secs] 
2019-01-02T11:13:35.613+0530: 883.514: [GC (Allocation Failure) 2019-01-02T11:13:35.613+0530: 883.514: [DefNew
Desired survivor size 32768 bytes, new threshold 15 (max 15)
- age   2:        184 bytes,        184 total
- age   8:         16 bytes,        200 total
- age  14:         16 bytes,        216 total
: 896K->0K(960K), 0.0010423 secs] 8600K->7992K(10176K), 0.0012384 secs] [Times: user=0.00 sys=0.00, real=0.00 secs] 
2019-01-02T11:13:35.616+0530: 883.517: [GC (Allocation Failure) 2019-01-02T11:13:35.616+0530: 883.517: [DefNew
Desired survivor size 32768 bytes, new threshold 15 (max 15)
- age   3:        184 bytes,        184 total
- age   9:         16 bytes,        200 total
- age  15:         16 bytes,        216 total
: 896K->0K(960K), 0.0009339 secs] 8888K->8568K(10176K), 0.0010514 secs] [Times: user=0.00 sys=0.00, real=0.00 secs] 
2019-01-02T11:13:35.618+0530: 883.519: [GC (Allocation Failure) 2019-01-02T11:13:35.618+0530: 883.519: [DefNew
Desired survivor size 32768 bytes, new threshold 15 (max 15)
- age   1:         24 bytes,         24 total
- age   4:        184 bytes,        208 total
- age  10:         16 bytes,        224 total
: 497K->0K(960K), 0.0003039 secs] 9066K->8568K(10176K), 0.0003991 secs] [Times: user=0.00 sys=0.00, real=0.00 secs] 
2019-01-02T11:13:35.619+0530: 883.520: [GC (Allocation Failure) 2019-01-02T11:13:35.619+0530: 883.520: [DefNew
Desired survivor size 32768 bytes, new threshold 15 (max 15)
- age   2:         24 bytes,         24 total
- age   5:        184 bytes,        208 total
- age  11:         16 bytes,        224 total
: 507K->0K(960K), 0.0004008 secs] 9075K->9075K(10176K), 0.0004846 secs] [Times: user=0.00 sys=0.00, real=0.00 secs] 
2019-01-02T11:13:35.620+0530: 883.521: [GC (Allocation Failure) 2019-01-02T11:13:35.620+0530: 883.521: [DefNew: 524K->524K(960K), 0.0000279 secs]2019-01-02T11:13:35.620+0530: 883.521: [Tenured: 9075K->1276K(9216K), 0.0040196 secs] 9599K->1276K(10176K), [Metaspace: 2520K->2520K(1056768K)], 0.0041776 secs] [Times: user=0.00 sys=0.00, real=0.00 secs] 
2019-01-02T11:13:35.683+0530: 883.584: [GC (Allocation Failure) 2019-01-02T11:13:35.683+0530: 883.584: [DefNew
Desired survivor size 32768 bytes, new threshold 15 (max 15)
- age   1:        248 bytes,        248 total
: 878K->0K(960K), 0.0012903 secs] 2154K->1855K(10176K), 0.0017635 secs] [Times: user=0.00 sys=0.00, real=0.00 secs] 
2019-01-02T11:13:35.686+0530: 883.587: [GC (Allocation Failure) 2019-01-02T11:13:35.686+0530: 883.587: [DefNew
Desired survivor size 32768 bytes, new threshold 15 (max 15)
- age   2:        184 bytes,        184 total
: 896K->0K(960K), 0.0007686 secs] 2751K->2143K(10176K), 0.0009470 secs] [Times: user=0.00 sys=0.00, real=0.00 secs] 
2019-01-02T11:13:35.689+0530: 883.590: [GC (Allocation Failure) 2019-01-02T11:13:35.689+0530: 883.590: [DefNew
Desired survivor size 32768 bytes, new threshold 15 (max 15)
- age   3:        184 bytes,        184 total
: 896K->0K(960K), 0.0010115 secs] 3039K->2719K(10176K), 0.0012133 secs] [Times: user=0.00 sys=0.02, real=0.00 secs] 
2019-01-02T11:13:35.691+0530: 883.592: [GC (Allocation Failure) 2019-01-02T11:13:35.691+0530: 883.592: [DefNew
Desired survivor size 32768 bytes, new threshold 15 (max 15)
- age   1:         24 bytes,         24 total
- age   4:        184 bytes,        208 total
: 497K->0K(960K), 0.0003318 secs] 3217K->2719K(10176K), 0.0004111 secs] [Times: user=0.00 sys=0.00, real=0.00 secs] 
2019-01-02T11:13:35.692+0530: 883.593: [GC (Allocation Failure) 2019-01-02T11:13:35.692+0530: 883.593: [DefNew
Desired survivor size 32768 bytes, new threshold 15 (max 15)
- age   2:         24 bytes,         24 total
- age   5:        184 bytes,        208 total
: 507K->0K(960K), 0.0004179 secs] 3226K->3226K(10176K), 0.0004898 secs] [Times: user=0.00 sys=0.00, real=0.00 secs] 
2019-01-02T11:13:35.693+0530: 883.594: [GC (Allocation Failure) 2019-01-02T11:13:35.693+0530: 883.594: [DefNew
Desired survivor size 32768 bytes, new threshold 15 (max 15)
- age   1:         24 bytes,         24 total
- age   6:         72 bytes,         96 total
: 524K->0K(960K), 0.0004054 secs] 3751K->3733K(10176K), 0.0004858 secs] [Times: user=0.00 sys=0.00, real=0.00 secs] 
2019-01-02T11:13:35.761+0530: 883.662: [GC (Allocation Failure) 2019-01-02T11:13:35.761+0530: 883.662: [DefNew
Desired survivor size 32768 bytes, new threshold 15 (max 15)
- age   1:        248 bytes,        248 total
- age   7:         16 bytes,        264 total
: 878K->0K(960K), 0.0008866 secs] 4611K->3805K(10176K), 0.0011899 secs] [Times: user=0.00 sys=0.00, real=0.00 secs] 
2019-01-02T11:13:35.764+0530: 883.665: [GC (Allocation Failure) 2019-01-02T11:13:35.765+0530: 883.665: [DefNew
Desired survivor size 32768 bytes, new threshold 15 (max 15)
- age   2:        184 bytes,        184 total
- age   8:         16 bytes,        200 total
: 896K->0K(960K), 0.0010098 secs] 4701K->4093K(10176K), 0.0012692 secs] [Times: user=0.00 sys=0.00, real=0.00 secs] 
2019-01-02T11:13:35.767+0530: 883.668: [GC (Allocation Failure) 2019-01-02T11:13:35.767+0530: 883.668: [DefNew
Desired survivor size 32768 bytes, new threshold 15 (max 15)
- age   3:        184 bytes,        184 total
- age   9:         16 bytes,        200 total
: 896K->0K(960K), 0.0011067 secs] 4989K->4669K(10176K), 0.0012002 secs] [Times: user=0.00 sys=0.00, real=0.00 secs] 
2019-01-02T11:13:35.770+0530: 883.670: [GC (Allocation Failure) 2019-01-02T11:13:35.770+0530: 883.670: [DefNew
Desired survivor size 32768 bytes, new threshold 15 (max 15)
- age   1:         24 bytes,         24 total
- age   4:        184 bytes,        208 total
- age  10:         16 bytes,        224 total
: 497K->0K(960K), 0.0002412 secs] 5167K->4669K(10176K), 0.0002988 secs] [Times: user=0.00 sys=0.00, real=0.00 secs] 
2019-01-02T11:13:35.770+0530: 883.671: [GC (Allocation Failure) 2019-01-02T11:13:35.770+0530: 883.671: [DefNew
Desired survivor size 32768 bytes, new threshold 15 (max 15)
- age   2:         24 bytes,         24 total
- age   5:        184 bytes,        208 total
- age  11:         16 bytes,        224 total
: 507K->0K(960K), 0.0003307 secs] 5176K->5176K(10176K), 0.0003854 secs] [Times: user=0.00 sys=0.00, real=0.00 secs] 
2019-01-02T11:13:35.771+0530: 883.672: [GC (Allocation Failure) 2019-01-02T11:13:35.771+0530: 883.672: [DefNew
Desired survivor size 32768 bytes, new threshold 15 (max 15)
- age   1:         24 bytes,         24 total
- age   6:         72 bytes,         96 total
- age  12:         16 bytes,        112 total
: 524K->0K(960K), 0.0003181 secs] 5701K->5683K(10176K), 0.0003706 secs] [Times: user=0.00 sys=0.00, real=0.00 secs] 
2019-01-02T11:13:35.834+0530: 883.735: [GC (Allocation Failure) 2019-01-02T11:13:35.834+0530: 883.735: [DefNew
Desired survivor size 32768 bytes, new threshold 15 (max 15)
- age   1:        248 bytes,        248 total
- age   7:         16 bytes,        264 total
- age  13:         16 bytes,        280 total
: 878K->0K(960K), 0.0012811 secs] 6561K->5755K(10176K), 0.0015782 secs] [Times: user=0.00 sys=0.00, real=0.00 secs] 
2019-01-02T11:13:35.838+0530: 883.739: [GC (Allocation Failure) 2019-01-02T11:13:35.838+0530: 883.739: [DefNew
Desired survivor size 32768 bytes, new threshold 15 (max 15)
- age   2:        184 bytes,        184 total
- age   8:         16 bytes,        200 total
- age  14:         16 bytes,        216 total
: 896K->0K(960K), 0.0007783 secs] 6651K->6043K(10176K), 0.0009881 secs] [Times: user=0.00 sys=0.00, real=0.00 secs] 
2019-01-02T11:13:35.840+0530: 883.741: [GC (Allocation Failure) 2019-01-02T11:13:35.840+0530: 883.741: [DefNew
Desired survivor size 32768 bytes, new threshold 15 (max 15)
- age   3:        184 bytes,        184 total
- age   9:         16 bytes,        200 total
- age  15:         16 bytes,        216 total
: 896K->0K(960K), 0.0009835 secs] 6939K->6619K(10176K), 0.0011147 secs] [Times: user=0.00 sys=0.00, real=0.00 secs] 
2019-01-02T11:13:35.843+0530: 883.744: [GC (Allocation Failure) 2019-01-02T11:13:35.843+0530: 883.744: [DefNew
Desired survivor size 32768 bytes, new threshold 15 (max 15)
- age   1:         24 bytes,         24 total
- age   4:        184 bytes,        208 total
- age  10:         16 bytes,        224 total
: 497K->0K(960K), 0.0007178 secs] 7116K->6619K(10176K), 0.0009105 secs] [Times: user=0.00 sys=0.00, real=0.00 secs] 
2019-01-02T11:13:35.845+0530: 883.746: [GC (Allocation Failure) 2019-01-02T11:13:35.845+0530: 883.746: [DefNew
Desired survivor size 32768 bytes, new threshold 15 (max 15)
- age   2:         24 bytes,         24 total
- age   5:        184 bytes,        208 total
- age  11:         16 bytes,        224 total
: 507K->0K(960K), 0.0007880 secs] 7126K->7126K(10176K), 0.0009054 secs] [Times: user=0.02 sys=0.00, real=0.00 secs] 
2019-01-02T11:13:35.846+0530: 883.747: [GC (Allocation Failure) 2019-01-02T11:13:35.846+0530: 883.747: [DefNew
Desired survivor size 32768 bytes, new threshold 15 (max 15)
- age   1:         24 bytes,         24 total
- age   6:         72 bytes,         96 total
- age  12:         16 bytes,        112 total
: 524K->0K(960K), 0.0003278 secs] 7650K->7633K(10176K), 0.0003843 secs] [Times: user=0.00 sys=0.00, real=0.00 secs] 
2019-01-02T11:13:35.905+0530: 883.806: [GC (Allocation Failure) 2019-01-02T11:13:35.905+0530: 883.806: [DefNew
Desired survivor size 32768 bytes, new threshold 15 (max 15)
- age   1:        248 bytes,        248 total
- age   7:         16 bytes,        264 total
- age  13:         16 bytes,        280 total
: 878K->0K(960K), 0.0005434 secs] 8511K->7705K(10176K), 0.0009727 secs] [Times: user=0.00 sys=0.00, real=0.00 secs] 
2019-01-02T11:13:35.908+0530: 883.809: [GC (Allocation Failure) 2019-01-02T11:13:35.908+0530: 883.809: [DefNew
Desired survivor size 32768 bytes, new threshold 15 (max 15)
- age   2:        184 bytes,        184 total
- age   8:         16 bytes,        200 total
- age  14:         16 bytes,        216 total
: 896K->0K(960K), 0.0010160 secs] 8601K->7993K(10176K), 0.0013308 secs] [Times: user=0.00 sys=0.00, real=0.00 secs] 
2019-01-02T11:13:35.911+0530: 883.812: [GC (Allocation Failure) 2019-01-02T11:13:35.911+0530: 883.812: [DefNew
Desired survivor size 32768 bytes, new threshold 15 (max 15)
- age   3:        184 bytes,        184 total
- age   9:         16 bytes,        200 total
- age  15:         16 bytes,        216 total
: 896K->0K(960K), 0.0010822 secs] 8889K->8569K(10176K), 0.0012213 secs] [Times: user=0.00 sys=0.00, real=0.00 secs] 
2019-01-02T11:13:35.914+0530: 883.815: [GC (Allocation Failure) 2019-01-02T11:13:35.914+0530: 883.815: [DefNew
Desired survivor size 32768 bytes, new threshold 15 (max 15)
- age   1:         24 bytes,         24 total
- age   4:        184 bytes,        208 total
- age  10:         16 bytes,        224 total
: 497K->0K(960K), 0.0005890 secs] 9066K->8569K(10176K), 0.0007173 secs] [Times: user=0.00 sys=0.00, real=0.00 secs] 
2019-01-02T11:13:35.916+0530: 883.816: [GC (Allocation Failure) 2019-01-02T11:13:35.916+0530: 883.816: [DefNew
Desired survivor size 32768 bytes, new threshold 15 (max 15)
- age   2:         24 bytes,         24 total
- age   5:        184 bytes,        208 total
- age  11:         16 bytes,        224 total
: 507K->0K(960K), 0.0004185 secs] 9076K->9076K(10176K), 0.0004977 secs] [Times: user=0.00 sys=0.00, real=0.00 secs] 
2019-01-02T11:13:35.916+0530: 883.817: [GC (Allocation Failure) 2019-01-02T11:13:35.917+0530: 883.817: [DefNew: 524K->524K(960K), 0.0000314 secs]2019-01-02T11:13:35.917+0530: 883.817: [Tenured: 9076K->1276K(9216K), 0.0053167 secs] 9600K->1276K(10176K), [Metaspace: 2520K->2520K(1056768K)], 0.0054775 secs] [Times: user=0.00 sys=0.00, real=0.01 secs] 
2019-01-02T11:13:35.978+0530: 883.879: [GC (Allocation Failure) 2019-01-02T11:13:35.978+0530: 883.879: [DefNew
Desired survivor size 32768 bytes, new threshold 15 (max 15)
- age   1:        248 bytes,        248 total
: 878K->0K(960K), 0.0010616 secs] 2154K->1856K(10176K), 0.0014265 secs] [Times: user=0.00 sys=0.00, real=0.00 secs] 
2019-01-02T11:13:35.983+0530: 883.883: [GC (Allocation Failure) 2019-01-02T11:13:35.983+0530: 883.884: [DefNew
Desired survivor size 32768 bytes, new threshold 15 (max 15)
- age   2:        184 bytes,        184 total
: 896K->0K(960K), 0.0010576 secs] 2752K->2144K(10176K), 0.0015771 secs] [Times: user=0.00 sys=0.00, real=0.00 secs] 
2019-01-02T11:13:35.986+0530: 883.887: [GC (Allocation Failure) 2019-01-02T11:13:35.986+0530: 883.887: [DefNew
Desired survivor size 32768 bytes, new threshold 15 (max 15)
- age   3:        184 bytes,        184 total
: 896K->0K(960K), 0.0009544 secs] 3040K->2720K(10176K), 0.0010941 secs] [Times: user=0.00 sys=0.00, real=0.00 secs] 
2019-01-02T11:13:35.989+0530: 883.889: [GC (Allocation Failure) 2019-01-02T11:13:35.989+0530: 883.889: [DefNew
Desired survivor size 32768 bytes, new threshold 15 (max 15)
- age   1:         24 bytes,         24 total
- age   4:        184 bytes,        208 total
: 497K->0K(960K), 0.0002571 secs] 3217K->2720K(10176K), 0.0003335 secs] [Times: user=0.00 sys=0.00, real=0.00 secs] 
2019-01-02T11:13:35.989+0530: 883.890: [GC (Allocation Failure) 2019-01-02T11:13:35.989+0530: 883.890: [DefNew
Desired survivor size 32768 bytes, new threshold 15 (max 15)
- age   2:         24 bytes,         24 total
- age   5:        184 bytes,        208 total
: 507K->0K(960K), 0.0004025 secs] 3226K->3226K(10176K), 0.0004881 secs] [Times: user=0.00 sys=0.00, real=0.00 secs] 
2019-01-02T11:13:35.990+0530: 883.891: [GC (Allocation Failure) 2019-01-02T11:13:35.990+0530: 883.891: [DefNew
Desired survivor size 32768 bytes, new threshold 15 (max 15)
- age   1:         24 bytes,         24 total
- age   6:         72 bytes,         96 total
: 524K->0K(960K), 0.0003615 secs] 3751K->3733K(10176K), 0.0004521 secs] [Times: user=0.00 sys=0.00, real=0.00 secs] 
2019-01-02T11:13:36.049+0530: 883.949: [GC (Allocation Failure) 2019-01-02T11:13:36.049+0530: 883.950: [DefNew
Desired survivor size 32768 bytes, new threshold 15 (max 15)
- age   1:        248 bytes,        248 total
- age   7:         16 bytes,        264 total
: 878K->0K(960K), 0.0009322 secs] 4612K->3806K(10176K), 0.0014955 secs] [Times: user=0.00 sys=0.00, real=0.00 secs] 
2019-01-02T11:13:36.053+0530: 883.954: [GC (Allocation Failure) 2019-01-02T11:13:36.053+0530: 883.954: [DefNew
Desired survivor size 32768 bytes, new threshold 15 (max 15)
- age   1:         40 bytes,         40 total
- age   2:        184 bytes,        224 total
- age   8:         16 bytes,        240 total
: 896K->0K(960K), 0.0007098 secs] 4702K->4094K(10176K), 0.0009550 secs] [Times: user=0.00 sys=0.00, real=0.00 secs] 
2019-01-02T11:13:36.056+0530: 883.956: [GC (Allocation Failure) 2019-01-02T11:13:36.056+0530: 883.956: [DefNew
Desired survivor size 32768 bytes, new threshold 15 (max 15)
- age   3:        184 bytes,        184 total
- age   9:         16 bytes,        200 total
: 896K->0K(960K), 0.0013798 secs] 4990K->4670K(10176K), 0.0015714 secs] [Times: user=0.00 sys=0.00, real=0.00 secs] 
2019-01-02T11:13:36.058+0530: 883.959: [GC (Allocation Failure) 2019-01-02T11:13:36.058+0530: 883.959: [DefNew
Desired survivor size 32768 bytes, new threshold 15 (max 15)
- age   1:         24 bytes,         24 total
- age   4:        184 bytes,        208 total
- age  10:         16 bytes,        224 total
: 497K->0K(960K), 0.0002691 secs] 5167K->4670K(10176K), 0.0003501 secs] [Times: user=0.00 sys=0.00, real=0.00 secs] 
2019-01-02T11:13:36.059+0530: 883.960: [GC (Allocation Failure) 2019-01-02T11:13:36.059+0530: 883.960: [DefNew
Desired survivor size 32768 bytes, new threshold 15 (max 15)
- age   2:         24 bytes,         24 total
- age   5:        184 bytes,        208 total
- age  11:         16 bytes,        224 total
: 507K->0K(960K), 0.0003638 secs] 5176K->5176K(10176K), 0.0004373 secs] [Times: user=0.00 sys=0.00, real=0.00 secs] 
2019-01-02T11:13:36.060+0530: 883.961: [GC (Allocation Failure) 2019-01-02T11:13:36.060+0530: 883.961: [DefNew
Desired survivor size 32768 bytes, new threshold 15 (max 15)
- age   1:         24 bytes,         24 total
- age   6:         72 bytes,         96 total
- age  12:         16 bytes,        112 total
: 524K->0K(960K), 0.0004122 secs] 5701K->5683K(10176K), 0.0005314 secs] [Times: user=0.00 sys=0.00, real=0.00 secs] 
2019-01-02T11:13:36.119+0530: 884.020: [GC (Allocation Failure) 2019-01-02T11:13:36.120+0530: 884.020: [DefNew
Desired survivor size 32768 bytes, new threshold 15 (max 15)
- age   1:        248 bytes,        248 total
- age   7:         16 bytes,        264 total
- age  13:         16 bytes,        280 total
: 878K->0K(960K), 0.0005662 secs] 6562K->5756K(10176K), 0.0009162 secs] [Times: user=0.00 sys=0.00, real=0.00 secs] 
2019-01-02T11:13:36.122+0530: 884.023: [GC (Allocation Failure) 2019-01-02T11:13:36.122+0530: 884.023: [DefNew
Desired survivor size 32768 bytes, new threshold 15 (max 15)
- age   1:         40 bytes,         40 total
- age   2:        184 bytes,        224 total
- age   8:         16 bytes,        240 total
- age  14:         16 bytes,        256 total
: 896K->0K(960K), 0.0009105 secs] 6652K->6044K(10176K), 0.0010639 secs] [Times: user=0.00 sys=0.00, real=0.00 secs] 
2019-01-02T11:13:36.125+0530: 884.026: [GC (Allocation Failure) 2019-01-02T11:13:36.125+0530: 884.026: [DefNew
Desired survivor size 32768 bytes, new threshold 15 (max 15)
- age   3:        184 bytes,        184 total
- age   9:         16 bytes,        200 total
- age  15:         16 bytes,        216 total
: 896K->0K(960K), 0.0014032 secs] 6940K->6620K(10176K), 0.0015862 secs] [Times: user=0.02 sys=0.00, real=0.00 secs] 
2019-01-02T11:13:36.127+0530: 884.028: [GC (Allocation Failure) 2019-01-02T11:13:36.128+0530: 884.028: [DefNew
Desired survivor size 32768 bytes, new threshold 15 (max 15)
- age   1:         24 bytes,         24 total
- age   4:        184 bytes,        208 total
- age  10:         16 bytes,        224 total
: 497K->0K(960K), 0.0002571 secs] 7117K->6620K(10176K), 0.0003347 secs] [Times: user=0.00 sys=0.00, real=0.00 secs] 
2019-01-02T11:13:36.128+0530: 884.029: [GC (Allocation Failure) 2019-01-02T11:13:36.128+0530: 884.029: [DefNew
Desired survivor size 32768 bytes, new threshold 15 (max 15)
- age   2:         24 bytes,         24 total
- age   5:        184 bytes,        208 total
- age  11:         16 bytes,        224 total
: 507K->0K(960K), 0.0003461 secs] 7127K->7127K(10176K), 0.0004168 secs] [Times: user=0.00 sys=0.00, real=0.00 secs] 
2019-01-02T11:13:36.129+0530: 884.030: [GC (Allocation Failure) 2019-01-02T11:13:36.129+0530: 884.030: [DefNew
Desired survivor size 32768 bytes, new threshold 15 (max 15)
- age   1:         24 bytes,         24 total
- age   6:         72 bytes,         96 total
- age  12:         16 bytes,        112 total
: 524K->0K(960K), 0.0003928 secs] 7651K->7633K(10176K), 0.0004972 secs] [Times: user=0.00 sys=0.00, real=0.00 secs] 
2019-01-02T11:13:36.187+0530: 884.087: [GC (Allocation Failure) 2019-01-02T11:13:36.187+0530: 884.088: [DefNew
Desired survivor size 32768 bytes, new threshold 15 (max 15)
- age   1:        248 bytes,        248 total
- age   7:         16 bytes,        264 total
- age  13:         16 bytes,        280 total
: 878K->0K(960K), 0.0006620 secs] 8512K->7706K(10176K), 0.0007925 secs] [Times: user=0.00 sys=0.00, real=0.00 secs] 
2019-01-02T11:13:36.189+0530: 884.090: [GC (Allocation Failure) 2019-01-02T11:13:36.189+0530: 884.090: [DefNew
Desired survivor size 32768 bytes, new threshold 15 (max 15)
- age   1:         40 bytes,         40 total
- age   2:        184 bytes,        224 total
- age   8:         16 bytes,        240 total
- age  14:         16 bytes,        256 total
: 896K->0K(960K), 0.0012897 secs] 8602K->7994K(10176K), 0.0016774 secs] [Times: user=0.00 sys=0.00, real=0.00 secs] 
2019-01-02T11:13:36.192+0530: 884.093: [GC (Allocation Failure) 2019-01-02T11:13:36.193+0530: 884.093: [DefNew
Desired survivor size 32768 bytes, new threshold 15 (max 15)
- age   3:        184 bytes,        184 total
- age   9:         16 bytes,        200 total
- age  15:         16 bytes,        216 total
: 896K->0K(960K), 0.0012196 secs] 8890K->8570K(10176K), 0.0014043 secs] [Times: user=0.00 sys=0.00, real=0.00 secs] 
2019-01-02T11:13:36.196+0530: 884.096: [GC (Allocation Failure) 2019-01-02T11:13:36.196+0530: 884.096: [DefNew
Desired survivor size 32768 bytes, new threshold 15 (max 15)
- age   1:         24 bytes,         24 total
- age   4:        184 bytes,        208 total
- age  10:         16 bytes,        224 total
: 497K->0K(960K), 0.0004128 secs] 9067K->8570K(10176K), 0.0005359 secs] [Times: user=0.00 sys=0.00, real=0.00 secs] 
2019-01-02T11:13:36.197+0530: 884.097: [GC (Allocation Failure) 2019-01-02T11:13:36.197+0530: 884.097: [DefNew
Desired survivor size 32768 bytes, new threshold 15 (max 15)
- age   2:         24 bytes,         24 total
- age   5:        184 bytes,        208 total
- age  11:         16 bytes,        224 total
: 507K->0K(960K), 0.0003598 secs] 9077K->9077K(10176K), 0.0004402 secs] [Times: user=0.00 sys=0.00, real=0.00 secs] 
2019-01-02T11:13:36.197+0530: 884.098: [GC (Allocation Failure) 2019-01-02T11:13:36.197+0530: 884.098: [DefNew: 524K->524K(960K), 0.0000279 secs]2019-01-02T11:13:36.197+0530: 884.098: [Tenured: 9076K->1276K(9216K), 0.0068915 secs] 9601K->1276K(10176K), [Metaspace: 2520K->2520K(1056768K)], 0.0071988 secs] [Times: user=0.01 sys=0.00, real=0.01 secs] 
2019-01-02T11:13:36.263+0530: 884.164: [GC (Allocation Failure) 2019-01-02T11:13:36.264+0530: 884.165: [DefNew
Desired survivor size 32768 bytes, new threshold 15 (max 15)
- age   1:        248 bytes,        248 total
: 878K->0K(960K), 0.0010542 secs] 2155K->1856K(10176K), 0.0014670 secs] [Times: user=0.00 sys=0.00, real=0.00 secs] 
2019-01-02T11:13:36.267+0530: 884.168: [GC (Allocation Failure) 2019-01-02T11:13:36.267+0530: 884.168: [DefNew
Desired survivor size 32768 bytes, new threshold 15 (max 15)
- age   1:         40 bytes,         40 total
- age   2:        184 bytes,        224 total
: 896K->0K(960K), 0.0009567 secs] 2752K->2144K(10176K), 0.0012703 secs] [Times: user=0.00 sys=0.00, real=0.00 secs] 
2019-01-02T11:13:36.271+0530: 884.171: [GC (Allocation Failure) 2019-01-02T11:13:36.271+0530: 884.172: [DefNew
Desired survivor size 32768 bytes, new threshold 15 (max 15)
- age   3:        184 bytes,        184 total
: 896K->0K(960K), 0.0010035 secs] 3040K->2720K(10176K), 0.0011494 secs] [Times: user=0.00 sys=0.00, real=0.00 secs] 
2019-01-02T11:13:36.273+0530: 884.174: [GC (Allocation Failure) 2019-01-02T11:13:36.273+0530: 884.174: [DefNew
Desired survivor size 32768 bytes, new threshold 15 (max 15)
- age   1:         24 bytes,         24 total
- age   4:        184 bytes,        208 total
: 497K->0K(960K), 0.0002657 secs] 3217K->2720K(10176K), 0.0003512 secs] [Times: user=0.00 sys=0.00, real=0.00 secs] 
2019-01-02T11:13:36.274+0530: 884.175: [GC (Allocation Failure) 2019-01-02T11:13:36.274+0530: 884.175: [DefNew
Desired survivor size 32768 bytes, new threshold 15 (max 15)
- age   2:         24 bytes,         24 total
- age   5:        184 bytes,        208 total
: 507K->0K(960K), 0.0003404 secs] 3227K->3227K(10176K), 0.0004099 secs] [Times: user=0.00 sys=0.00, real=0.00 secs] 
2019-01-02T11:13:36.275+0530: 884.176: [GC (Allocation Failure) 2019-01-02T11:13:36.275+0530: 884.176: [DefNew
Desired survivor size 32768 bytes, new threshold 15 (max 15)
- age   1:         24 bytes,         24 total
- age   6:         72 bytes,         96 total
: 524K->0K(960K), 0.0003324 secs] 3751K->3734K(10176K), 0.0004025 secs] [Times: user=0.00 sys=0.00, real=0.00 secs] 
2019-01-02T11:13:36.336+0530: 884.236: [GC (Allocation Failure) 2019-01-02T11:13:36.336+0530: 884.237: [DefNew
Desired survivor size 32768 bytes, new threshold 15 (max 15)
- age   1:        248 bytes,        248 total
- age   7:         16 bytes,        264 total
: 878K->0K(960K), 0.0007475 secs] 4612K->3806K(10176K), 0.0011135 secs] [Times: user=0.00 sys=0.00, real=0.00 secs] 
2019-01-02T11:13:36.339+0530: 884.240: [GC (Allocation Failure) 2019-01-02T11:13:36.339+0530: 884.240: [DefNew
Desired survivor size 32768 bytes, new threshold 15 (max 15)
- age   1:         40 bytes,         40 total
- age   2:        184 bytes,        224 total
- age   8:         16 bytes,        240 total
: 896K->0K(960K), 0.0007977 secs] 4702K->4094K(10176K), 0.0009265 secs] [Times: user=0.00 sys=0.00, real=0.00 secs] 
2019-01-02T11:13:36.341+0530: 884.242: [GC (Allocation Failure) 2019-01-02T11:13:36.341+0530: 884.242: [DefNew
Desired survivor size 32768 bytes, new threshold 15 (max 15)
- age   3:        184 bytes,        184 total
- age   9:         16 bytes,        200 total
: 896K->0K(960K), 0.0014653 secs] 4990K->4670K(10176K), 0.0017378 secs] [Times: user=0.00 sys=0.00, real=0.00 secs] 
2019-01-02T11:13:36.344+0530: 884.245: [GC (Allocation Failure) 2019-01-02T11:13:36.345+0530: 884.245: [DefNew
Desired survivor size 32768 bytes, new threshold 15 (max 15)
- age   1:         24 bytes,         24 total
- age   4:        184 bytes,        208 total
- age  10:         16 bytes,        224 total
: 497K->0K(960K), 0.0005702 secs] 5167K->4670K(10176K), 0.0007948 secs] [Times: user=0.00 sys=0.00, real=0.00 secs] 
2019-01-02T11:13:36.346+0530: 884.246: [GC (Allocation Failure) 2019-01-02T11:13:36.346+0530: 884.247: [DefNew
Desired survivor size 32768 bytes, new threshold 15 (max 15)
- age   2:         24 bytes,         24 total
- age   5:        184 bytes,        208 total
- age  11:         16 bytes,        224 total
: 507K->0K(960K), 0.0003524 secs] 5177K->5177K(10176K), 0.0004259 secs] [Times: user=0.00 sys=0.00, real=0.00 secs] 
2019-01-02T11:13:36.346+0530: 884.247: [GC (Allocation Failure) 2019-01-02T11:13:36.347+0530: 884.247: [DefNew
Desired survivor size 32768 bytes, new threshold 15 (max 15)
- age   1:         24 bytes,         24 total
- age   6:         72 bytes,         96 total
- age  12:         16 bytes,        112 total
: 524K->0K(960K), 0.0003307 secs] 5702K->5684K(10176K), 0.0004042 secs] [Times: user=0.00 sys=0.00, real=0.00 secs] 
2019-01-02T11:13:36.408+0530: 884.308: [GC (Allocation Failure) 2019-01-02T11:13:36.408+0530: 884.309: [DefNew
Desired survivor size 32768 bytes, new threshold 15 (max 15)
- age   1:        248 bytes,        248 total
- age   7:         16 bytes,        264 total
- age  13:         16 bytes,        280 total
: 878K->0K(960K), 0.0007760 secs] 6562K->5756K(10176K), 0.0010816 secs] [Times: user=0.00 sys=0.00, real=0.00 secs] 
2019-01-02T11:13:36.411+0530: 884.312: [GC (Allocation Failure) 2019-01-02T11:13:36.411+0530: 884.312: [DefNew
Desired survivor size 32768 bytes, new threshold 15 (max 15)
- age   1:         40 bytes,         40 total
- age   2:        184 bytes,        224 total
- age   8:         16 bytes,        240 total
- age  14:         16 bytes,        256 total
: 896K->0K(960K), 0.0010502 secs] 6652K->6044K(10176K), 0.0013365 secs] [Times: user=0.00 sys=0.00, real=0.00 secs] 
2019-01-02T11:13:36.414+0530: 884.315: [GC (Allocation Failure) 2019-01-02T11:13:36.414+0530: 884.315: [DefNew
Desired survivor size 32768 bytes, new threshold 15 (max 15)
- age   3:        184 bytes,        184 total
- age   9:         16 bytes,        200 total
- age  15:         16 bytes,        216 total
: 896K->0K(960K), 0.0012874 secs] 6940K->6620K(10176K), 0.0014733 secs] [Times: user=0.00 sys=0.00, real=0.00 secs] 
2019-01-02T11:13:36.417+0530: 884.317: [GC (Allocation Failure) 2019-01-02T11:13:36.417+0530: 884.317: [DefNew
Desired survivor size 32768 bytes, new threshold 15 (max 15)
- age   1:         24 bytes,         24 total
- age   4:        184 bytes,        208 total
- age  10:         16 bytes,        224 total
: 497K->0K(960K), 0.0007971 secs] 7118K->6620K(10176K), 0.0009767 secs] [Times: user=0.00 sys=0.00, real=0.00 secs] 
2019-01-02T11:13:36.419+0530: 884.319: [GC (Allocation Failure) 2019-01-02T11:13:36.419+0530: 884.319: [DefNew
Desired survivor size 32768 bytes, new threshold 15 (max 15)
- age   2:         24 bytes,         24 total
- age   5:        184 bytes,        208 total
- age  11:         16 bytes,        224 total
: 507K->0K(960K), 0.0004721 secs] 7127K->7127K(10176K), 0.0005639 secs] [Times: user=0.00 sys=0.00, real=0.00 secs] 
2019-01-02T11:13:36.420+0530: 884.320: [GC (Allocation Failure) 2019-01-02T11:13:36.420+0530: 884.320: [DefNew
Desired survivor size 32768 bytes, new threshold 15 (max 15)
- age   1:         24 bytes,         24 total
- age   6:         72 bytes,         96 total
- age  12:         16 bytes,        112 total
: 524K->0K(960K), 0.0007230 secs] 7652K->7634K(10176K), 0.0008051 secs] [Times: user=0.00 sys=0.00, real=0.00 secs] 
2019-01-02T11:13:36.478+0530: 884.379: [GC (Allocation Failure) 2019-01-02T11:13:36.479+0530: 884.379: [DefNew
Desired survivor size 32768 bytes, new threshold 15 (max 15)
- age   1:        248 bytes,        248 total
- age   7:         16 bytes,        264 total
- age  13:         16 bytes,        280 total
: 878K->0K(960K), 0.0005873 secs] 8513K->7706K(10176K), 0.0010058 secs] [Times: user=0.00 sys=0.00, real=0.00 secs] 
2019-01-02T11:13:36.481+0530: 884.382: [GC (Allocation Failure) 2019-01-02T11:13:36.481+0530: 884.382: [DefNew
Desired survivor size 32768 bytes, new threshold 15 (max 15)
- age   1:         40 bytes,         40 total
- age   2:        184 bytes,        224 total
- age   8:         16 bytes,        240 total
- age  14:         16 bytes,        256 total
: 896K->0K(960K), 0.0009881 secs] 8602K->7994K(10176K), 0.0012697 secs] [Times: user=0.00 sys=0.00, real=0.00 secs] 
2019-01-02T11:13:36.484+0530: 884.385: [GC (Allocation Failure) 2019-01-02T11:13:36.485+0530: 884.385: [DefNew
Desired survivor size 32768 bytes, new threshold 15 (max 15)
- age   3:        184 bytes,        184 total
- age   9:         16 bytes,        200 total
- age  15:         16 bytes,        216 total
: 896K->0K(960K), 0.0013233 secs] 8890K->8570K(10176K), 0.0015371 secs] [Times: user=0.00 sys=0.02, real=0.00 secs] 
2019-01-02T11:13:36.487+0530: 884.388: [GC (Allocation Failure) 2019-01-02T11:13:36.487+0530: 884.388: [DefNew
Desired survivor size 32768 bytes, new threshold 15 (max 15)
- age   1:         24 bytes,         24 total
- age   4:        184 bytes,        208 total
- age  10:         16 bytes,        224 total
: 497K->0K(960K), 0.0004196 secs] 9068K->8570K(10176K), 0.0005422 secs] [Times: user=0.00 sys=0.00, real=0.00 secs] 
2019-01-02T11:13:36.489+0530: 884.389: [GC (Allocation Failure) 2019-01-02T11:13:36.489+0530: 884.389: [DefNew
Desired survivor size 32768 bytes, new threshold 15 (max 15)
- age   2:         24 bytes,         24 total
- age   5:        184 bytes,        208 total
- age  11:         16 bytes,        224 total
: 507K->0K(960K), 0.0008718 secs] 9077K->9077K(10176K), 0.0009522 secs] [Times: user=0.00 sys=0.00, real=0.00 secs] 
2019-01-02T11:13:36.490+0530: 884.391: [GC (Allocation Failure) 2019-01-02T11:13:36.490+0530: 884.391: [DefNew: 524K->524K(960K), 0.0000399 secs]2019-01-02T11:13:36.490+0530: 884.391: [Tenured: 9077K->1277K(9216K), 0.0039318 secs] 9602K->1277K(10176K), [Metaspace: 2520K->2520K(1056768K)], 0.0041091 secs] [Times: user=0.00 sys=0.00, real=0.00 secs] 
2019-01-02T11:13:36.553+0530: 884.453: [GC (Allocation Failure) 2019-01-02T11:13:36.553+0530: 884.454: [DefNew
Desired survivor size 32768 bytes, new threshold 15 (max 15)
- age   1:        248 bytes,        248 total
: 878K->0K(960K), 0.0015582 secs] 2155K->1856K(10176K), 0.0020868 secs] [Times: user=0.00 sys=0.00, real=0.00 secs] 
2019-01-02T11:13:36.556+0530: 884.457: [GC (Allocation Failure) 2019-01-02T11:13:36.556+0530: 884.457: [DefNew
Desired survivor size 32768 bytes, new threshold 15 (max 15)
- age   1:         40 bytes,         40 total
- age   2:        184 bytes,        224 total
: 896K->0K(960K), 0.0006426 secs] 2752K->2144K(10176K), 0.0008170 secs] [Times: user=0.00 sys=0.00, real=0.00 secs] 
2019-01-02T11:13:36.558+0530: 884.459: [GC (Allocation Failure) 2019-01-02T11:13:36.559+0530: 884.459: [DefNew
Desired survivor size 32768 bytes, new threshold 15 (max 15)
- age   3:        184 bytes,        184 total
: 896K->0K(960K), 0.0011740 secs] 3040K->2720K(10176K), 0.0014436 secs] [Times: user=0.00 sys=0.00, real=0.00 secs] 
2019-01-02T11:13:36.561+0530: 884.462: [GC (Allocation Failure) 2019-01-02T11:13:36.562+0530: 884.462: [DefNew
Desired survivor size 32768 bytes, new threshold 15 (max 15)
- age   1:         24 bytes,         24 total
- age   4:        184 bytes,        208 total
: 497K->0K(960K), 0.0002646 secs] 3217K->2720K(10176K), 0.0003506 secs] [Times: user=0.00 sys=0.00, real=0.00 secs] 
2019-01-02T11:13:36.562+0530: 884.463: [GC (Allocation Failure) 2019-01-02T11:13:36.562+0530: 884.463: [DefNew
Desired survivor size 32768 bytes, new threshold 15 (max 15)
- age   2:         24 bytes,         24 total
- age   5:        184 bytes,        208 total
: 507K->0K(960K), 0.0003586 secs] 3227K->3227K(10176K), 0.0004385 secs] [Times: user=0.01 sys=0.00, real=0.00 secs] 
2019-01-02T11:13:36.563+0530: 884.464: [GC (Allocation Failure) 2019-01-02T11:13:36.563+0530: 884.464: [DefNew
Desired survivor size 32768 bytes, new threshold 15 (max 15)
- age   1:         24 bytes,         24 total
- age   6:         72 bytes,         96 total
: 524K->0K(960K), 0.0003267 secs] 3752K->3734K(10176K), 0.0004003 secs] [Times: user=0.00 sys=0.00, real=0.00 secs] 
2019-01-02T11:13:36.621+0530: 884.522: [GC (Allocation Failure) 2019-01-02T11:13:36.621+0530: 884.522: [DefNew
Desired survivor size 32768 bytes, new threshold 15 (max 15)
- age   1:        248 bytes,        248 total
- age   7:         16 bytes,        264 total
: 878K->0K(960K), 0.0005092 secs] 4612K->3806K(10176K), 0.0009225 secs] [Times: user=0.00 sys=0.00, real=0.00 secs] 
2019-01-02T11:13:36.624+0530: 884.525: [GC (Allocation Failure) 2019-01-02T11:13:36.624+0530: 884.525: [DefNew
Desired survivor size 32768 bytes, new threshold 15 (max 15)
- age   1:         40 bytes,         40 total
- age   2:        184 bytes,        224 total
- age   8:         16 bytes,        240 total
: 896K->0K(960K), 0.0008849 secs] 4702K->4094K(10176K), 0.0010468 secs] [Times: user=0.00 sys=0.00, real=0.00 secs] 
2019-01-02T11:13:36.626+0530: 884.527: [GC (Allocation Failure) 2019-01-02T11:13:36.627+0530: 884.528: [DefNew
Desired survivor size 32768 bytes, new threshold 15 (max 15)
- age   3:        184 bytes,        184 total
- age   9:         16 bytes,        200 total
: 896K->0K(960K), 0.0012532 secs] 4990K->4670K(10176K), 0.0014756 secs] [Times: user=0.00 sys=0.00, real=0.00 secs] 
2019-01-02T11:13:36.630+0530: 884.530: [GC (Allocation Failure) 2019-01-02T11:13:36.630+0530: 884.531: [DefNew
Desired survivor size 32768 bytes, new threshold 15 (max 15)
- age   1:         24 bytes,         24 total
- age   4:        184 bytes,        208 total
- age  10:         16 bytes,        224 total
: 497K->0K(960K), 0.0003221 secs] 5168K->4670K(10176K), 0.0004476 secs] [Times: user=0.00 sys=0.00, real=0.00 secs] 
2019-01-02T11:13:36.630+0530: 884.531: [GC (Allocation Failure) 2019-01-02T11:13:36.631+0530: 884.531: [DefNew
Desired survivor size 32768 bytes, new threshold 15 (max 15)
- age   2:         24 bytes,         24 total
- age   5:        184 bytes,        208 total
- age  11:         16 bytes,        224 total
: 507K->0K(960K), 0.0003489 secs] 5177K->5177K(10176K), 0.0004282 secs] [Times: user=0.00 sys=0.00, real=0.00 secs] 
2019-01-02T11:13:36.631+0530: 884.532: [GC (Allocation Failure) 2019-01-02T11:13:36.631+0530: 884.532: [DefNew
Desired survivor size 32768 bytes, new threshold 15 (max 15)
- age   1:         24 bytes,         24 total
- age   6:         72 bytes,         96 total
- age  12:         16 bytes,        112 total
: 525K->0K(960K), 0.0003387 secs] 5702K->5685K(10176K), 0.0004122 secs] [Times: user=0.00 sys=0.00, real=0.00 secs] 
2019-01-02T11:13:36.689+0530: 884.590: [GC (Allocation Failure) 2019-01-02T11:13:36.689+0530: 884.590: [DefNew
Desired survivor size 32768 bytes, new threshold 15 (max 15)
- age   1:        248 bytes,        248 total
- age   7:         16 bytes,        264 total
- age  13:         16 bytes,        280 total
: 878K->0K(960K), 0.0010240 secs] 6563K->5757K(10176K), 0.0011580 secs] [Times: user=0.00 sys=0.00, real=0.00 secs] 
2019-01-02T11:13:36.692+0530: 884.593: [GC (Allocation Failure) 2019-01-02T11:13:36.692+0530: 884.593: [DefNew
Desired survivor size 32768 bytes, new threshold 15 (max 15)
- age   1:         40 bytes,         40 total
- age   2:        184 bytes,        224 total
- age   8:         16 bytes,        240 total
- age  14:         16 bytes,        256 total
: 896K->0K(960K), 0.0016050 secs] 6653K->6045K(10176K), 0.0019482 secs] [Times: user=0.00 sys=0.00, real=0.00 secs] 
2019-01-02T11:13:36.696+0530: 884.596: [GC (Allocation Failure) 2019-01-02T11:13:36.696+0530: 884.596: [DefNew
Desired survivor size 32768 bytes, new threshold 15 (max 15)
- age   3:        184 bytes,        184 total
- age   9:         16 bytes,        200 total
- age  15:         16 bytes,        216 total
: 896K->0K(960K), 0.0003963 secs] 6941K->6621K(10176K), 0.0004812 secs] [Times: user=0.00 sys=0.00, real=0.00 secs] 
2019-01-02T11:13:36.698+0530: 884.599: [GC (Allocation Failure) 2019-01-02T11:13:36.698+0530: 884.599: [DefNew
Desired survivor size 32768 bytes, new threshold 15 (max 15)
- age   1:         24 bytes,         24 total
- age   4:        184 bytes,        208 total
- age  10:         16 bytes,        224 total
: 497K->0K(960K), 0.0002640 secs] 7118K->6621K(10176K), 0.0003392 secs] [Times: user=0.00 sys=0.00, real=0.00 secs] 
2019-01-02T11:13:36.698+0530: 884.599: [GC (Allocation Failure) 2019-01-02T11:13:36.698+0530: 884.599: [DefNew
Desired survivor size 32768 bytes, new threshold 15 (max 15)
- age   2:         24 bytes,         24 total
- age   5:        184 bytes,        208 total
- age  11:         16 bytes,        224 total
: 507K->0K(960K), 0.0003524 secs] 7128K->7128K(10176K), 0.0004265 secs] [Times: user=0.00 sys=0.00, real=0.00 secs] 
2019-01-02T11:13:36.699+0530: 884.600: [GC (Allocation Failure) 2019-01-02T11:13:36.699+0530: 884.600: [DefNew
Desired survivor size 32768 bytes, new threshold 15 (max 15)
- age   1:         24 bytes,         24 total
- age   6:         72 bytes,         96 total
- age  12:         16 bytes,        112 total
: 525K->0K(960K), 0.0004442 secs] 7653K->7635K(10176K), 0.0005337 secs] [Times: user=0.00 sys=0.00, real=0.00 secs] 
2019-01-02T11:13:36.794+0530: 884.695: [GC (Allocation Failure) 2019-01-02T11:13:36.794+0530: 884.695: [DefNew
Desired survivor size 32768 bytes, new threshold 15 (max 15)
- age   1:        248 bytes,        248 total
- age   7:         16 bytes,        264 total
- age  13:         16 bytes,        280 total
: 878K->0K(960K), 0.0009630 secs] 8513K->7707K(10176K), 0.0013365 secs] [Times: user=0.00 sys=0.00, real=0.00 secs] 
2019-01-02T11:13:36.798+0530: 884.699: [GC (Allocation Failure) 2019-01-02T11:13:36.798+0530: 884.699: [DefNew
Desired survivor size 32768 bytes, new threshold 15 (max 15)
- age   1:         40 bytes,         40 total
- age   2:        184 bytes,        224 total
- age   8:         16 bytes,        240 total
- age  14:         16 bytes,        256 total
: 896K->0K(960K), 0.0007133 secs] 8603K->7995K(10176K), 0.0009345 secs] [Times: user=0.00 sys=0.00, real=0.00 secs] 
2019-01-02T11:13:36.800+0530: 884.701: [GC (Allocation Failure) 2019-01-02T11:13:36.800+0530: 884.701: [DefNew
Desired survivor size 32768 bytes, new threshold 15 (max 15)
- age   3:        184 bytes,        184 total
- age   9:         16 bytes,        200 total
- age  15:         16 bytes,        216 total
: 896K->0K(960K), 0.0004248 secs] 8891K->8571K(10176K), 0.0005154 secs] [Times: user=0.00 sys=0.00, real=0.00 secs] 
2019-01-02T11:13:36.802+0530: 884.703: [GC (Allocation Failure) 2019-01-02T11:13:36.802+0530: 884.703: [DefNew
Desired survivor size 32768 bytes, new threshold 15 (max 15)
- age   1:         24 bytes,         24 total
- age   4:        184 bytes,        208 total
- age  10:         16 bytes,        224 total
: 497K->0K(960K), 0.0002657 secs] 9069K->8571K(10176K), 0.0003381 secs] [Times: user=0.00 sys=0.00, real=0.00 secs] 
2019-01-02T11:13:36.803+0530: 884.704: [GC (Allocation Failure) 2019-01-02T11:13:36.803+0530: 884.704: [DefNew
Desired survivor size 32768 bytes, new threshold 15 (max 15)
- age   2:         24 bytes,         24 total
- age   5:        184 bytes,        208 total
- age  11:         16 bytes,        224 total
: 507K->0K(960K), 0.0006044 secs] 9078K->9078K(10176K), 0.0007264 secs] [Times: user=0.00 sys=0.00, real=0.00 secs] 
2019-01-02T11:13:36.804+0530: 884.705: [GC (Allocation Failure) 2019-01-02T11:13:36.804+0530: 884.705: [DefNew: 525K->525K(960K), 0.0000439 secs]2019-01-02T11:13:36.804+0530: 884.705: [Tenured: 9078K->1277K(9216K), 0.0055876 secs] 9603K->1277K(10176K), [Metaspace: 2520K->2520K(1056768K)], 0.0057786 secs] [Times: user=0.00 sys=0.00, real=0.01 secs] 
2019-01-02T11:13:36.872+0530: 884.773: [GC (Allocation Failure) 2019-01-02T11:13:36.872+0530: 884.773: [DefNew
Desired survivor size 32768 bytes, new threshold 15 (max 15)
- age   1:        248 bytes,        248 total
: 878K->0K(960K), 0.0013416 secs] 2155K->1856K(10176K), 0.0018547 secs] [Times: user=0.00 sys=0.00, real=0.00 secs] 
2019-01-02T11:13:36.876+0530: 884.777: [GC (Allocation Failure) 2019-01-02T11:13:36.876+0530: 884.777: [DefNew
Desired survivor size 32768 bytes, new threshold 15 (max 15)
- age   1:         40 bytes,         40 total
- age   2:        184 bytes,        224 total
: 896K->0K(960K), 0.0006414 secs] 2752K->2144K(10176K), 0.0007977 secs] [Times: user=0.00 sys=0.00, real=0.00 secs] 
2019-01-02T11:13:36.878+0530: 884.779: [GC (Allocation Failure) 2019-01-02T11:13:36.878+0530: 884.779: [DefNew
Desired survivor size 32768 bytes, new threshold 15 (max 15)
- age   3:        184 bytes,        184 total
: 896K->0K(960K), 0.0009636 secs] 3040K->2720K(10176K), 0.0011717 secs] [Times: user=0.00 sys=0.00, real=0.00 secs] 
2019-01-02T11:13:36.880+0530: 884.781: [GC (Allocation Failure) 2019-01-02T11:13:36.880+0530: 884.781: [DefNew
Desired survivor size 32768 bytes, new threshold 15 (max 15)
- age   1:         24 bytes,         24 total
- age   4:        184 bytes,        208 total
: 497K->0K(960K), 0.0002589 secs] 3218K->2720K(10176K), 0.0003187 secs] [Times: user=0.00 sys=0.00, real=0.00 secs] 
2019-01-02T11:13:36.881+0530: 884.782: [GC (Allocation Failure) 2019-01-02T11:13:36.881+0530: 884.782: [DefNew
Desired survivor size 32768 bytes, new threshold 15 (max 15)
- age   2:         24 bytes,         24 total
- age   5:        184 bytes,        208 total
: 507K->0K(960K), 0.0003239 secs] 3227K->3227K(10176K), 0.0003786 secs] [Times: user=0.00 sys=0.00, real=0.00 secs] 
2019-01-02T11:13:36.882+0530: 884.783: [GC (Allocation Failure) 2019-01-02T11:13:36.882+0530: 884.783: [DefNew
Desired survivor size 32768 bytes, new threshold 15 (max 15)
- age   1:         24 bytes,         24 total
- age   6:         72 bytes,         96 total
: 525K->0K(960K), 0.0003170 secs] 3752K->3735K(10176K), 0.0003689 secs] [Times: user=0.00 sys=0.00, real=0.00 secs] 
2019-01-02T11:13:36.940+0530: 884.841: [GC (Allocation Failure) 2019-01-02T11:13:36.940+0530: 884.841: [DefNew
Desired survivor size 32768 bytes, new threshold 15 (max 15)
- age   1:        248 bytes,        248 total
- age   7:         16 bytes,        264 total
: 878K->0K(960K), 0.0005907 secs] 4613K->3807K(10176K), 0.0007800 secs] [Times: user=0.00 sys=0.00, real=0.00 secs] 
2019-01-02T11:13:36.942+0530: 884.843: [GC (Allocation Failure) 2019-01-02T11:13:36.942+0530: 884.843: [DefNew
Desired survivor size 32768 bytes, new threshold 15 (max 15)
- age   1:         40 bytes,         40 total
- age   2:        184 bytes,        224 total
- age   8:         16 bytes,        240 total
: 896K->0K(960K), 0.0010451 secs] 4703K->4095K(10176K), 0.0012321 secs] [Times: user=0.00 sys=0.00, real=0.00 secs] 
2019-01-02T11:13:36.945+0530: 884.846: [GC (Allocation Failure) 2019-01-02T11:13:36.945+0530: 884.846: [DefNew
Desired survivor size 32768 bytes, new threshold 15 (max 15)
- age   3:        184 bytes,        184 total
- age   9:         16 bytes,        200 total
: 896K->0K(960K), 0.0010993 secs] 4991K->4671K(10176K), 0.0013000 secs] [Times: user=0.00 sys=0.00, real=0.00 secs] 
2019-01-02T11:13:36.948+0530: 884.849: [GC (Allocation Failure) 2019-01-02T11:13:36.948+0530: 884.849: [DefNew
Desired survivor size 32768 bytes, new threshold 15 (max 15)
- age   1:         24 bytes,         24 total
- age   4:        184 bytes,        208 total
- age  10:         16 bytes,        224 total
: 497K->0K(960K), 0.0003170 secs] 5168K->4671K(10176K), 0.0004094 secs] [Times: user=0.00 sys=0.00, real=0.00 secs] 
2019-01-02T11:13:36.949+0530: 884.849: [GC (Allocation Failure) 2019-01-02T11:13:36.949+0530: 884.849: [DefNew
Desired survivor size 32768 bytes, new threshold 15 (max 15)
- age   2:         24 bytes,         24 total
- age   5:        184 bytes,        208 total
- age  11:         16 bytes,        224 total
: 507K->0K(960K), 0.0003387 secs] 5178K->5178K(10176K), 0.0003957 secs] [Times: user=0.00 sys=0.00, real=0.00 secs] 
2019-01-02T11:13:36.949+0530: 884.850: [GC (Allocation Failure) 2019-01-02T11:13:36.949+0530: 884.850: [DefNew
Desired survivor size 32768 bytes, new threshold 15 (max 15)
- age   1:         24 bytes,         24 total
- age   6:         72 bytes,         96 total
- age  12:         16 bytes,        112 total
: 525K->0K(960K), 0.0003541 secs] 5703K->5685K(10176K), 0.0004225 secs] [Times: user=0.00 sys=0.00, real=0.00 secs] 
2019-01-02T11:13:37.007+0530: 884.908: [GC (Allocation Failure) 2019-01-02T11:13:37.007+0530: 884.908: [DefNew
Desired survivor size 32768 bytes, new threshold 15 (max 15)
- age   1:        248 bytes,        248 total
- age   7:         16 bytes,        264 total
- age  13:         16 bytes,        280 total
: 878K->0K(960K), 0.0011768 secs] 6564K->5757K(10176K), 0.0014231 secs] [Times: user=0.00 sys=0.00, real=0.00 secs] 
2019-01-02T11:13:37.010+0530: 884.911: [GC (Allocation Failure) 2019-01-02T11:13:37.010+0530: 884.911: [DefNew
Desired survivor size 32768 bytes, new threshold 15 (max 15)
- age   1:         40 bytes,         40 total
- age   2:        184 bytes,        224 total
- age   8:         16 bytes,        240 total
- age  14:         16 bytes,        256 total
: 896K->0K(960K), 0.0007623 secs] 6653K->6045K(10176K), 0.0009026 secs] [Times: user=0.00 sys=0.00, real=0.00 secs] 
2019-01-02T11:13:37.012+0530: 884.913: [GC (Allocation Failure) 2019-01-02T11:13:37.012+0530: 884.913: [DefNew
Desired survivor size 32768 bytes, new threshold 15 (max 15)
- age   3:        184 bytes,        184 total
- age   9:         16 bytes,        200 total
- age  15:         16 bytes,        216 total
: 896K->0K(960K), 0.0010839 secs] 6941K->6621K(10176K), 0.0012851 secs] [Times: user=0.00 sys=0.00, real=0.00 secs] 
2019-01-02T11:13:37.015+0530: 884.915: [GC (Allocation Failure) 2019-01-02T11:13:37.015+0530: 884.916: [DefNew
Desired survivor size 32768 bytes, new threshold 15 (max 15)
- age   1:         24 bytes,         24 total
- age   4:        184 bytes,        208 total
- age  10:         16 bytes,        224 total
: 497K->0K(960K), 0.0002583 secs] 7119K->6621K(10176K), 0.0003324 secs] [Times: user=0.00 sys=0.00, real=0.00 secs] 
2019-01-02T11:13:37.015+0530: 884.916: [GC (Allocation Failure) 2019-01-02T11:13:37.015+0530: 884.916: [DefNew
Desired survivor size 32768 bytes, new threshold 15 (max 15)
- age   2:         24 bytes,         24 total
- age   5:        184 bytes,        208 total
- age  11:         16 bytes,        224 total
: 507K->0K(960K), 0.0003489 secs] 7128K->7128K(10176K), 0.0004185 secs] [Times: user=0.00 sys=0.00, real=0.00 secs] 
2019-01-02T11:13:37.016+0530: 884.917: [GC (Allocation Failure) 2019-01-02T11:13:37.016+0530: 884.917: [DefNew
Desired survivor size 32768 bytes, new threshold 15 (max 15)
- age   1:         24 bytes,         24 total
- age   6:         72 bytes,         96 total
- age  12:         16 bytes,        112 total
: 525K->0K(960K), 0.0003301 secs] 7653K->7636K(10176K), 0.0004014 secs] [Times: user=0.00 sys=0.00, real=0.00 secs] 
2019-01-02T11:13:37.073+0530: 884.974: [GC (Allocation Failure) 2019-01-02T11:13:37.073+0530: 884.974: [DefNew
Desired survivor size 32768 bytes, new threshold 15 (max 15)
- age   1:        248 bytes,        248 total
- age   7:         16 bytes,        264 total
- age  13:         16 bytes,        280 total
: 878K->0K(960K), 0.0009887 secs] 8514K->7708K(10176K), 0.0015907 secs] [Times: user=0.00 sys=0.00, real=0.00 secs] 
2019-01-02T11:13:37.077+0530: 884.977: [GC (Allocation Failure) 2019-01-02T11:13:37.077+0530: 884.978: [DefNew
Desired survivor size 32768 bytes, new threshold 15 (max 15)
- age   1:         40 bytes,         40 total
- age   2:        184 bytes,        224 total
- age   8:         16 bytes,        240 total
- age  14:         16 bytes,        256 total
: 896K->0K(960K), 0.0007788 secs] 8604K->7996K(10176K), 0.0009060 secs] [Times: user=0.00 sys=0.00, real=0.00 secs] 
2019-01-02T11:13:37.079+0530: 884.980: [GC (Allocation Failure) 2019-01-02T11:13:37.079+0530: 884.980: [DefNew
Desired survivor size 32768 bytes, new threshold 15 (max 15)
- age   3:        184 bytes,        184 total
- age   9:         16 bytes,        200 total
- age  15:         16 bytes,        216 total
: 896K->0K(960K), 0.0012777 secs] 8892K->8572K(10176K), 0.0014511 secs] [Times: user=0.00 sys=0.00, real=0.00 secs] 
2019-01-02T11:13:37.081+0530: 884.982: [GC (Allocation Failure) 2019-01-02T11:13:37.081+0530: 884.982: [DefNew
Desired survivor size 32768 bytes, new threshold 15 (max 15)
- age   1:         24 bytes,         24 total
- age   4:        184 bytes,        208 total
- age  10:         16 bytes,        224 total
: 497K->0K(960K), 0.0002674 secs] 9069K->8572K(10176K), 0.0003449 secs] [Times: user=0.00 sys=0.00, real=0.00 secs] 
2019-01-02T11:13:37.082+0530: 884.983: [GC (Allocation Failure) 2019-01-02T11:13:37.082+0530: 884.983: [DefNew
Desired survivor size 32768 bytes, new threshold 15 (max 15)
- age   2:         24 bytes,         24 total
- age   5:        184 bytes,        208 total
- age  11:         16 bytes,        224 total
: 507K->0K(960K), 0.0003484 secs] 9079K->9079K(10176K), 0.0004196 secs] [Times: user=0.00 sys=0.00, real=0.00 secs] 
2019-01-02T11:13:37.083+0530: 884.984: [GC (Allocation Failure) 2019-01-02T11:13:37.083+0530: 884.984: [DefNew: 525K->525K(960K), 0.0000319 secs]2019-01-02T11:13:37.083+0530: 884.984: [Tenured: 9079K->1277K(9216K), 0.0037556 secs] 9604K->1277K(10176K), [Metaspace: 2520K->2520K(1056768K)], 0.0039050 secs] [Times: user=0.00 sys=0.00, real=0.00 secs] 
2019-01-02T11:13:37.143+0530: 885.044: [GC (Allocation Failure) 2019-01-02T11:13:37.143+0530: 885.044: [DefNew
Desired survivor size 32768 bytes, new threshold 15 (max 15)
- age   1:        248 bytes,        248 total
: 878K->0K(960K), 0.0009858 secs] 2155K->1856K(10176K), 0.0013513 secs] [Times: user=0.00 sys=0.00, real=0.00 secs] 
2019-01-02T11:13:37.146+0530: 885.047: [GC (Allocation Failure) 2019-01-02T11:13:37.146+0530: 885.047: [DefNew
Desired survivor size 32768 bytes, new threshold 15 (max 15)
- age   1:         40 bytes,         40 total
- age   2:        184 bytes,        224 total
: 896K->0K(960K), 0.0012110 secs] 2752K->2144K(10176K), 0.0014830 secs] [Times: user=0.00 sys=0.00, real=0.00 secs] 
2019-01-02T11:13:37.149+0530: 885.050: [GC (Allocation Failure) 2019-01-02T11:13:37.149+0530: 885.050: [DefNew
Desired survivor size 32768 bytes, new threshold 15 (max 15)
- age   3:        184 bytes,        184 total
: 896K->0K(960K), 0.0009362 secs] 3040K->2720K(10176K), 0.0011996 secs] [Times: user=0.00 sys=0.00, real=0.00 secs] 
2019-01-02T11:13:37.152+0530: 885.052: [GC (Allocation Failure) 2019-01-02T11:13:37.152+0530: 885.053: [DefNew
Desired survivor size 32768 bytes, new threshold 15 (max 15)
- age   1:         24 bytes,         24 total
- age   4:        184 bytes,        208 total
: 497K->0K(960K), 0.0002589 secs] 3218K->2720K(10176K), 0.0003404 secs] [Times: user=0.00 sys=0.00, real=0.00 secs] 
2019-01-02T11:13:37.152+0530: 885.053: [GC (Allocation Failure) 2019-01-02T11:13:37.152+0530: 885.053: [DefNew
Desired survivor size 32768 bytes, new threshold 15 (max 15)
- age   2:         24 bytes,         24 total
- age   5:        184 bytes,        208 total
: 507K->0K(960K), 0.0003484 secs] 3228K->3228K(10176K), 0.0004208 secs] [Times: user=0.00 sys=0.00, real=0.00 secs] 
2019-01-02T11:13:37.153+0530: 885.054: [GC (Allocation Failure) 2019-01-02T11:13:37.153+0530: 885.054: [DefNew
Desired survivor size 32768 bytes, new threshold 15 (max 15)
- age   1:         24 bytes,         24 total
- age   6:         72 bytes,         96 total
: 525K->0K(960K), 0.0003375 secs] 3753K->3735K(10176K), 0.0004276 secs] [Times: user=0.00 sys=0.00, real=0.00 secs] 
2019-01-02T11:13:37.209+0530: 885.110: [GC (Allocation Failure) 2019-01-02T11:13:37.210+0530: 885.110: [DefNew
Desired survivor size 32768 bytes, new threshold 15 (max 15)
- age   1:        248 bytes,        248 total
- age   7:         16 bytes,        264 total
: 878K->0K(960K), 0.0006506 secs] 4613K->3807K(10176K), 0.0008775 secs] [Times: user=0.00 sys=0.00, real=0.00 secs] 
2019-01-02T11:13:37.212+0530: 885.113: [GC (Allocation Failure) 2019-01-02T11:13:37.212+0530: 885.113: [DefNew
Desired survivor size 32768 bytes, new threshold 15 (max 15)
- age   1:         40 bytes,         40 total
- age   2:        184 bytes,        224 total
- age   8:         16 bytes,        240 total
: 896K->0K(960K), 0.0012082 secs] 4703K->4095K(10176K), 0.0016569 secs] [Times: user=0.00 sys=0.00, real=0.00 secs] 
2019-01-02T11:13:37.216+0530: 885.116: [GC (Allocation Failure) 2019-01-02T11:13:37.216+0530: 885.116: [DefNew
Desired survivor size 32768 bytes, new threshold 15 (max 15)
- age   3:        184 bytes,        184 total
- age   9:         16 bytes,        200 total
: 896K->0K(960K), 0.0010993 secs] 4991K->4671K(10176K), 0.0012612 secs] [Times: user=0.00 sys=0.00, real=0.00 secs] 
2019-01-02T11:13:37.218+0530: 885.119: [GC (Allocation Failure) 2019-01-02T11:13:37.218+0530: 885.119: [DefNew
Desired survivor size 32768 bytes, new threshold 15 (max 15)
- age   1:         24 bytes,         24 total
- age   4:        184 bytes,        208 total
- age  10:         16 bytes,        224 total
: 497K->0K(960K), 0.0002628 secs] 5169K->4671K(10176K), 0.0003421 secs] [Times: user=0.00 sys=0.00, real=0.00 secs] 
2019-01-02T11:13:37.219+0530: 885.120: [GC (Allocation Failure) 2019-01-02T11:13:37.219+0530: 885.120: [DefNew
Desired survivor size 32768 bytes, new threshold 15 (max 15)
- age   2:         24 bytes,         24 total
- age   5:        184 bytes,        208 total
- age  11:         16 bytes,        224 total
: 507K->0K(960K), 0.0003774 secs] 5178K->5178K(10176K), 0.0004493 secs] [Times: user=0.00 sys=0.00, real=0.00 secs] 
2019-01-02T11:13:37.220+0530: 885.120: [GC (Allocation Failure) 2019-01-02T11:13:37.220+0530: 885.121: [DefNew
Desired survivor size 32768 bytes, new threshold 15 (max 15)
- age   1:         24 bytes,         24 total
- age   6:         72 bytes,         96 total
- age  12:         16 bytes,        112 total
: 525K->0K(960K), 0.0003233 secs] 5703K->5686K(10176K), 0.0003917 secs] [Times: user=0.00 sys=0.00, real=0.00 secs] 
2019-01-02T11:13:37.279+0530: 885.180: [GC (Allocation Failure) 2019-01-02T11:13:37.279+0530: 885.180: [DefNew
Desired survivor size 32768 bytes, new threshold 15 (max 15)
- age   1:        248 bytes,        248 total
- age   7:         16 bytes,        264 total
- age  13:         16 bytes,        280 total
: 878K->0K(960K), 0.0009077 secs] 6564K->5758K(10176K), 0.0011072 secs] [Times: user=0.02 sys=0.00, real=0.00 secs] 
2019-01-02T11:13:37.282+0530: 885.183: [GC (Allocation Failure) 2019-01-02T11:13:37.282+0530: 885.183: [DefNew
Desired survivor size 32768 bytes, new threshold 15 (max 15)
- age   1:         40 bytes,         40 total
- age   2:        184 bytes,        224 total
- age   8:         16 bytes,        240 total
- age  14:         16 bytes,        256 total
: 896K->0K(960K), 0.0011945 secs] 6654K->6046K(10176K), 0.0014676 secs] [Times: user=0.00 sys=0.00, real=0.00 secs] 
2019-01-02T11:13:37.285+0530: 885.186: [GC (Allocation Failure) 2019-01-02T11:13:37.285+0530: 885.186: [DefNew
Desired survivor size 32768 bytes, new threshold 15 (max 15)
- age   3:        184 bytes,        184 total
- age   9:         16 bytes,        200 total
- age  15:         16 bytes,        216 total
: 896K->0K(960K), 0.0004710 secs] 6942K->6622K(10176K), 0.0005970 secs] [Times: user=0.00 sys=0.00, real=0.00 secs] 
2019-01-02T11:13:37.287+0530: 885.188: [GC (Allocation Failure) 2019-01-02T11:13:37.287+0530: 885.188: [DefNew
Desired survivor size 32768 bytes, new threshold 15 (max 15)
- age   1:         24 bytes,         24 total
- age   4:        184 bytes,        208 total
- age  10:         16 bytes,        224 total
: 497K->0K(960K), 0.0002577 secs] 7119K->6622K(10176K), 0.0003313 secs] [Times: user=0.00 sys=0.00, real=0.00 secs] 
2019-01-02T11:13:37.288+0530: 885.189: [GC (Allocation Failure) 2019-01-02T11:13:37.288+0530: 885.189: [DefNew
Desired survivor size 32768 bytes, new threshold 15 (max 15)
- age   2:         24 bytes,         24 total
- age   5:        184 bytes,        208 total
- age  11:         16 bytes,        224 total
: 507K->0K(960K), 0.0003615 secs] 7129K->7129K(10176K), 0.0004481 secs] [Times: user=0.00 sys=0.00, real=0.00 secs] 
2019-01-02T11:13:37.289+0530: 885.190: [GC (Allocation Failure) 2019-01-02T11:13:37.289+0530: 885.190: [DefNew
Desired survivor size 32768 bytes, new threshold 15 (max 15)
- age   1:         24 bytes,         24 total
- age   6:         72 bytes,         96 total
- age  12:         16 bytes,        112 total
: 525K->0K(960K), 0.0008872 secs] 7654K->7636K(10176K), 0.0011876 secs] [Times: user=0.00 sys=0.00, real=0.00 secs] 
2019-01-02T11:13:37.358+0530: 885.259: [GC (Allocation Failure) 2019-01-02T11:13:37.358+0530: 885.259: [DefNew
Desired survivor size 32768 bytes, new threshold 15 (max 15)
- age   1:        248 bytes,        248 total
- age   7:         16 bytes,        264 total
- age  13:         16 bytes,        280 total
: 878K->0K(960K), 0.0011979 secs] 8515K->7709K(10176K), 0.0017327 secs] [Times: user=0.00 sys=0.02, real=0.00 secs] 
2019-01-02T11:13:37.362+0530: 885.263: [GC (Allocation Failure) 2019-01-02T11:13:37.362+0530: 885.263: [DefNew
Desired survivor size 32768 bytes, new threshold 15 (max 15)
- age   1:         40 bytes,         40 total
- age   2:        184 bytes,        224 total
- age   8:         16 bytes,        240 total
- age  14:         16 bytes,        256 total
: 896K->0K(960K), 0.0008290 secs] 8605K->7997K(10176K), 0.0009425 secs] [Times: user=0.00 sys=0.00, real=0.00 secs] 
2019-01-02T11:13:37.364+0530: 885.265: [GC (Allocation Failure) 2019-01-02T11:13:37.364+0530: 885.265: [DefNew
Desired survivor size 32768 bytes, new threshold 15 (max 15)
- age   3:        184 bytes,        184 total
- age   9:         16 bytes,        200 total
- age  15:         16 bytes,        216 total
: 896K->0K(960K), 0.0014026 secs] 8893K->8573K(10176K), 0.0015714 secs] [Times: user=0.00 sys=0.00, real=0.00 secs] 
2019-01-02T11:13:37.367+0530: 885.268: [GC (Allocation Failure) 2019-01-02T11:13:37.367+0530: 885.268: [DefNew
Desired survivor size 32768 bytes, new threshold 15 (max 15)
- age   1:         24 bytes,         24 total
- age   4:        184 bytes,        208 total
- age  10:         16 bytes,        224 total
: 497K->0K(960K), 0.0002628 secs] 9070K->8573K(10176K), 0.0003392 secs] [Times: user=0.00 sys=0.00, real=0.00 secs] 
2019-01-02T11:13:37.368+0530: 885.269: [GC (Allocation Failure) 2019-01-02T11:13:37.368+0530: 885.269: [DefNew
Desired survivor size 32768 bytes, new threshold 15 (max 15)
- age   2:         24 bytes,         24 total
- age   5:        184 bytes,        208 total
- age  11:         16 bytes,        224 total
: 507K->0K(960K), 0.0003444 secs] 9080K->9080K(10176K), 0.0004139 secs] [Times: user=0.00 sys=0.00, real=0.00 secs] 
2019-01-02T11:13:37.369+0530: 885.269: [GC (Allocation Failure) 2019-01-02T11:13:37.369+0530: 885.270: [DefNew: 525K->525K(960K), 0.0000285 secs]2019-01-02T11:13:37.369+0530: 885.270: [Tenured: 9080K->1277K(9216K), 0.0044529 secs] 9605K->1277K(10176K), [Metaspace: 2520K->2520K(1056768K)], 0.0048310 secs] [Times: user=0.00 sys=0.02, real=0.01 secs] 
2019-01-02T11:13:37.436+0530: 885.336: [GC (Allocation Failure) 2019-01-02T11:13:37.436+0530: 885.337: [DefNew
Desired survivor size 32768 bytes, new threshold 15 (max 15)
- age   1:        248 bytes,        248 total
: 878K->0K(960K), 0.0010212 secs] 2156K->1857K(10176K), 0.0014476 secs] [Times: user=0.02 sys=0.00, real=0.00 secs] 
2019-01-02T11:13:37.439+0530: 885.339: [GC (Allocation Failure) 2019-01-02T11:13:37.439+0530: 885.339: [DefNew
Desired survivor size 32768 bytes, new threshold 15 (max 15)
- age   1:         40 bytes,         40 total
- age   2:        184 bytes,        224 total
: 896K->0K(960K), 0.0003233 secs] 2753K->2145K(10176K), 0.0004139 secs] [Times: user=0.00 sys=0.00, real=0.00 secs] 
2019-01-02T11:13:37.442+0530: 885.342: [GC (Allocation Failure) 2019-01-02T11:13:37.442+0530: 885.342: [DefNew
Desired survivor size 32768 bytes, new threshold 15 (max 15)
- age   3:        184 bytes,        184 total
: 896K->0K(960K), 0.0005662 secs] 3041K->2721K(10176K), 0.0007024 secs] [Times: user=0.00 sys=0.00, real=0.00 secs] 
2019-01-02T11:13:37.444+0530: 885.344: [GC (Allocation Failure) 2019-01-02T11:13:37.444+0530: 885.344: [DefNew
Desired survivor size 32768 bytes, new threshold 15 (max 15)
- age   1:         24 bytes,         24 total
- age   4:        184 bytes,        208 total
: 497K->0K(960K), 0.0005131 secs] 3218K->2721K(10176K), 0.0006135 secs] [Times: user=0.00 sys=0.00, real=0.00 secs] 
2019-01-02T11:13:37.445+0530: 885.345: [GC (Allocation Failure) 2019-01-02T11:13:37.445+0530: 885.345: [DefNew
Desired survivor size 32768 bytes, new threshold 15 (max 15)
- age   2:         24 bytes,         24 total
- age   5:        184 bytes,        208 total
: 507K->0K(960K), 0.0008045 secs] 3228K->3228K(10176K), 0.0009368 secs] [Times: user=0.00 sys=0.00, real=0.00 secs] 
2019-01-02T11:13:37.446+0530: 885.347: [GC (Allocation Failure) 2019-01-02T11:13:37.446+0530: 885.347: [DefNew
Desired survivor size 32768 bytes, new threshold 15 (max 15)
- age   1:         24 bytes,         24 total
- age   6:         72 bytes,         96 total
: 525K->0K(960K), 0.0003381 secs] 3753K->3735K(10176K), 0.0004099 secs] [Times: user=0.00 sys=0.00, real=0.00 secs] 
2019-01-02T11:13:37.502+0530: 885.403: [GC (Allocation Failure) 2019-01-02T11:13:37.502+0530: 885.403: [DefNew
Desired survivor size 32768 bytes, new threshold 15 (max 15)
- age   1:        248 bytes,        248 total
- age   7:         16 bytes,        264 total
: 878K->0K(960K), 0.0014100 secs] 4614K->3808K(10176K), 0.0016717 secs] [Times: user=0.00 sys=0.00, real=0.00 secs] 
2019-01-02T11:13:37.506+0530: 885.406: [GC (Allocation Failure) 2019-01-02T11:13:37.506+0530: 885.407: [DefNew
Desired survivor size 32768 bytes, new threshold 15 (max 15)
- age   1:         40 bytes,         40 total
- age   2:        184 bytes,        224 total
- age   8:         16 bytes,        240 total
: 896K->0K(960K), 0.0018308 secs] 4704K->4096K(10176K), 0.0021318 secs] [Times: user=0.00 sys=0.00, real=0.00 secs] 
2019-01-02T11:13:37.510+0530: 885.411: [GC (Allocation Failure) 2019-01-02T11:13:37.510+0530: 885.411: [DefNew
Desired survivor size 32768 bytes, new threshold 15 (max 15)
- age   3:        184 bytes,        184 total
- age   9:         16 bytes,        200 total
: 896K->0K(960K), 0.0012184 secs] 4992K->4672K(10176K), 0.0013621 secs] [Times: user=0.00 sys=0.00, real=0.00 secs] 
2019-01-02T11:13:37.513+0530: 885.414: [GC (Allocation Failure) 2019-01-02T11:13:37.513+0530: 885.414: [DefNew
Desired survivor size 32768 bytes, new threshold 15 (max 15)
- age   1:         24 bytes,         24 total
- age   4:        184 bytes,        208 total
- age  10:         16 bytes,        224 total
: 497K->0K(960K), 0.0003575 secs] 5169K->4672K(10176K), 0.0004407 secs] [Times: user=0.00 sys=0.00, real=0.00 secs] 
2019-01-02T11:13:37.514+0530: 885.414: [GC (Allocation Failure) 2019-01-02T11:13:37.514+0530: 885.414: [DefNew
Desired survivor size 32768 bytes, new threshold 15 (max 15)
- age   2:         24 bytes,         24 total
- age   5:        184 bytes,        208 total
- age  11:         16 bytes,        224 total
: 507K->0K(960K), 0.0003797 secs] 5179K->5179K(10176K), 0.0004573 secs] [Times: user=0.00 sys=0.00, real=0.00 secs] 
2019-01-02T11:13:37.515+0530: 885.415: [GC (Allocation Failure) 2019-01-02T11:13:37.515+0530: 885.415: [DefNew
Desired survivor size 32768 bytes, new threshold 15 (max 15)
- age   1:         24 bytes,         24 total
- age   6:         72 bytes,         96 total
- age  12:         16 bytes,        112 total
: 525K->0K(960K), 0.0003655 secs] 5704K->5686K(10176K), 0.0004407 secs] [Times: user=0.00 sys=0.00, real=0.00 secs] 
2019-01-02T11:13:37.573+0530: 885.473: [GC (Allocation Failure) 2019-01-02T11:13:37.573+0530: 885.473: [DefNew
Desired survivor size 32768 bytes, new threshold 15 (max 15)
- age   1:        248 bytes,        248 total
- age   7:         16 bytes,        264 total
- age  13:         16 bytes,        280 total
: 878K->0K(960K), 0.0006403 secs] 6565K->5758K(10176K), 0.0009932 secs] [Times: user=0.00 sys=0.00, real=0.00 secs] 
2019-01-02T11:13:37.576+0530: 885.477: [GC (Allocation Failure) 2019-01-02T11:13:37.576+0530: 885.477: [DefNew
Desired survivor size 32768 bytes, new threshold 15 (max 15)
- age   1:         40 bytes,         40 total
- age   2:        184 bytes,        224 total
- age   8:         16 bytes,        240 total
- age  14:         16 bytes,        256 total
: 896K->0K(960K), 0.0009128 secs] 6654K->6046K(10176K), 0.0012652 secs] [Times: user=0.01 sys=0.00, real=0.00 secs] 
2019-01-02T11:13:37.579+0530: 885.479: [GC (Allocation Failure) 2019-01-02T11:13:37.579+0530: 885.479: [DefNew
Desired survivor size 32768 bytes, new threshold 15 (max 15)
- age   3:        184 bytes,        184 total
- age   9:         16 bytes,        200 total
- age  15:         16 bytes,        216 total
: 896K->0K(960K), 0.0008159 secs] 6942K->6622K(10176K), 0.0009305 secs] [Times: user=0.00 sys=0.00, real=0.00 secs] 
2019-01-02T11:13:37.581+0530: 885.482: [GC (Allocation Failure) 2019-01-02T11:13:37.581+0530: 885.482: [DefNew
Desired survivor size 32768 bytes, new threshold 15 (max 15)
- age   1:         24 bytes,         24 total
- age   4:        184 bytes,        208 total
- age  10:         16 bytes,        224 total
: 497K->0K(960K), 0.0008170 secs] 7120K->6622K(10176K), 0.0009750 secs] [Times: user=0.00 sys=0.00, real=0.00 secs] 
2019-01-02T11:13:37.583+0530: 885.483: [GC (Allocation Failure) 2019-01-02T11:13:37.583+0530: 885.484: [DefNew
Desired survivor size 32768 bytes, new threshold 15 (max 15)
- age   2:         24 bytes,         24 total
- age   5:        184 bytes,        208 total
- age  11:         16 bytes,        224 total
: 507K->0K(960K), 0.0003438 secs] 7130K->7130K(10176K), 0.0004037 secs] [Times: user=0.00 sys=0.00, real=0.00 secs] 
2019-01-02T11:13:37.584+0530: 885.484: [GC (Allocation Failure) 2019-01-02T11:13:37.584+0530: 885.484: [DefNew
Desired survivor size 32768 bytes, new threshold 15 (max 15)
- age   1:         24 bytes,         24 total
- age   6:         72 bytes,         96 total
- age  12:         16 bytes,        112 total
: 525K->0K(960K), 0.0003313 secs] 7655K->7637K(10176K), 0.0003837 secs] [Times: user=0.00 sys=0.00, real=0.00 secs] 
2019-01-02T11:13:37.641+0530: 885.542: [GC (Allocation Failure) 2019-01-02T11:13:37.642+0530: 885.542: [DefNew
Desired survivor size 32768 bytes, new threshold 15 (max 15)
- age   1:        248 bytes,        248 total
- age   7:         16 bytes,        264 total
- age  13:         16 bytes,        280 total
: 878K->0K(960K), 0.0009128 secs] 8516K->7709K(10176K), 0.0013193 secs] [Times: user=0.00 sys=0.00, real=0.00 secs] 
2019-01-02T11:13:37.645+0530: 885.545: [GC (Allocation Failure) 2019-01-02T11:13:37.645+0530: 885.545: [DefNew
Desired survivor size 32768 bytes, new threshold 15 (max 15)
- age   1:         40 bytes,         40 total
- age   2:        184 bytes,        224 total
- age   8:         16 bytes,        240 total
- age  14:         16 bytes,        256 total
: 896K->0K(960K), 0.0006363 secs] 8605K->7997K(10176K), 0.0008575 secs] [Times: user=0.00 sys=0.00, real=0.00 secs] 
2019-01-02T11:13:37.647+0530: 885.548: [GC (Allocation Failure) 2019-01-02T11:13:37.647+0530: 885.548: [DefNew
Desired survivor size 32768 bytes, new threshold 15 (max 15)
- age   3:        184 bytes,        184 total
- age   9:         16 bytes,        200 total
- age  15:         16 bytes,        216 total
: 896K->0K(960K), 0.0007281 secs] 8893K->8573K(10176K), 0.0008689 secs] [Times: user=0.00 sys=0.00, real=0.00 secs] 
2019-01-02T11:13:37.650+0530: 885.550: [GC (Allocation Failure) 2019-01-02T11:13:37.650+0530: 885.550: [DefNew
Desired survivor size 32768 bytes, new threshold 15 (max 15)
- age   1:         24 bytes,         24 total
- age   4:        184 bytes,        208 total
- age  10:         16 bytes,        224 total
: 497K->0K(960K), 0.0006671 secs] 9071K->8573K(10176K), 0.0009128 secs] [Times: user=0.00 sys=0.00, real=0.00 secs] 
2019-01-02T11:13:37.651+0530: 885.551: [GC (Allocation Failure) 2019-01-02T11:13:37.651+0530: 885.551: [DefNew
Desired survivor size 32768 bytes, new threshold 15 (max 15)
- age   2:         24 bytes,         24 total
- age   5:        184 bytes,        208 total
- age  11:         16 bytes,        224 total
: 507K->0K(960K), 0.0003552 secs] 9081K->9081K(10176K), 0.0004276 secs] [Times: user=0.00 sys=0.00, real=0.00 secs] 
2019-01-02T11:13:37.652+0530: 885.552: [GC (Allocation Failure) 2019-01-02T11:13:37.652+0530: 885.552: [DefNew: 525K->525K(960K), 0.0000279 secs]2019-01-02T11:13:37.652+0530: 885.552: [Tenured: 9081K->1277K(9216K), 0.0037995 secs] 9606K->1277K(10176K), [Metaspace: 2520K->2520K(1056768K)], 0.0039512 secs] [Times: user=0.02 sys=0.00, real=0.00 secs] 
2019-01-02T11:13:37.727+0530: 885.628: [GC (Allocation Failure) 2019-01-02T11:13:37.728+0530: 885.628: [DefNew
Desired survivor size 32768 bytes, new threshold 15 (max 15)
- age   1:        248 bytes,        248 total
: 878K->0K(960K), 0.0006528 secs] 2156K->1857K(10176K), 0.0009989 secs] [Times: user=0.00 sys=0.00, real=0.00 secs] 
2019-01-02T11:13:37.730+0530: 885.631: [GC (Allocation Failure) 2019-01-02T11:13:37.731+0530: 885.631: [DefNew
Desired survivor size 32768 bytes, new threshold 15 (max 15)
- age   1:         40 bytes,         40 total
- age   2:        184 bytes,        224 total
: 896K->0K(960K), 0.0008604 secs] 2753K->2145K(10176K), 0.0010457 secs] [Times: user=0.00 sys=0.00, real=0.00 secs] 
2019-01-02T11:13:37.734+0530: 885.634: [GC (Allocation Failure) 2019-01-02T11:13:37.734+0530: 885.635: [DefNew
Desired survivor size 32768 bytes, new threshold 15 (max 15)
- age   3:        184 bytes,        184 total
: 896K->0K(960K), 0.0013439 secs] 3041K->2721K(10176K), 0.0016341 secs] [Times: user=0.00 sys=0.00, real=0.00 secs] 
2019-01-02T11:13:37.737+0530: 885.637: [GC (Allocation Failure) 2019-01-02T11:13:37.737+0530: 885.637: [DefNew
Desired survivor size 32768 bytes, new threshold 15 (max 15)
- age   1:         24 bytes,         24 total
- age   4:        184 bytes,        208 total
: 497K->0K(960K), 0.0004379 secs] 3218K->2721K(10176K), 0.0005867 secs] [Times: user=0.00 sys=0.00, real=0.00 secs] 
2019-01-02T11:13:37.738+0530: 885.638: [GC (Allocation Failure) 2019-01-02T11:13:37.738+0530: 885.638: [DefNew
Desired survivor size 32768 bytes, new threshold 15 (max 15)
- age   2:         24 bytes,         24 total
- age   5:        184 bytes,        208 total
: 507K->0K(960K), 0.0003142 secs] 3228K->3228K(10176K), 0.0003655 secs] [Times: user=0.00 sys=0.00, real=0.00 secs] 
2019-01-02T11:13:37.739+0530: 885.639: [GC (Allocation Failure) 2019-01-02T11:13:37.739+0530: 885.639: [DefNew
Desired survivor size 32768 bytes, new threshold 15 (max 15)
- age   1:         24 bytes,         24 total
- age   6:         72 bytes,         96 total
: 525K->0K(960K), 0.0003438 secs] 3753K->3736K(10176K), 0.0004111 secs] [Times: user=0.00 sys=0.00, real=0.00 secs] 
2019-01-02T11:13:37.890+0530: 885.791: [GC (Allocation Failure) 2019-01-02T11:13:37.891+0530: 885.791: [DefNew
Desired survivor size 32768 bytes, new threshold 15 (max 15)
- age   1:        248 bytes,        248 total
- age   7:         16 bytes,        264 total
: 878K->0K(960K), 0.0004624 secs] 4614K->3808K(10176K), 0.0006409 secs] [Times: user=0.00 sys=0.00, real=0.00 secs] 
2019-01-02T11:13:37.893+0530: 885.793: [GC (Allocation Failure) 2019-01-02T11:13:37.893+0530: 885.793: [DefNew
Desired survivor size 32768 bytes, new threshold 15 (max 15)
- age   1:         40 bytes,         40 total
- age   2:        184 bytes,        224 total
- age   8:         16 bytes,        240 total
: 896K->0K(960K), 0.0004601 secs] 4704K->4096K(10176K), 0.0005935 secs] [Times: user=0.00 sys=0.00, real=0.00 secs] 
2019-01-02T11:13:37.896+0530: 885.797: [GC (Allocation Failure) 2019-01-02T11:13:37.896+0530: 885.797: [DefNew
Desired survivor size 32768 bytes, new threshold 15 (max 15)
- age   3:        184 bytes,        184 total
- age   9:         16 bytes,        200 total
: 896K->0K(960K), 0.0010862 secs] 4992K->4672K(10176K), 0.0012378 secs] [Times: user=0.00 sys=0.00, real=0.00 secs] 
2019-01-02T11:13:37.899+0530: 885.799: [GC (Allocation Failure) 2019-01-02T11:13:37.899+0530: 885.799: [DefNew
Desired survivor size 32768 bytes, new threshold 15 (max 15)
- age   1:         24 bytes,         24 total
- age   4:        184 bytes,        208 total
- age  10:         16 bytes,        224 total
: 497K->0K(960K), 0.0004219 secs] 5169K->4672K(10176K), 0.0005445 secs] [Times: user=0.00 sys=0.00, real=0.00 secs] 
2019-01-02T11:13:37.900+0530: 885.800: [GC (Allocation Failure) 2019-01-02T11:13:37.900+0530: 885.801: [DefNew
Desired survivor size 32768 bytes, new threshold 15 (max 15)
- age   2:         24 bytes,         24 total
- age   5:        184 bytes,        208 total
- age  11:         16 bytes,        224 total
: 507K->0K(960K), 0.0003831 secs] 5179K->5179K(10176K), 0.0004641 secs] [Times: user=0.00 sys=0.00, real=0.00 secs] 
2019-01-02T11:13:37.901+0530: 885.801: [GC (Allocation Failure) 2019-01-02T11:13:37.901+0530: 885.801: [DefNew
Desired survivor size 32768 bytes, new threshold 15 (max 15)
- age   1:         24 bytes,         24 total
- age   6:         72 bytes,         96 total
- age  12:         16 bytes,        112 total
: 525K->0K(960K), 0.0003210 secs] 5705K->5687K(10176K), 0.0003923 secs] [Times: user=0.00 sys=0.00, real=0.00 secs] 
2019-01-02T11:13:37.963+0530: 885.863: [GC (Allocation Failure) 2019-01-02T11:13:37.963+0530: 885.863: [DefNew
Desired survivor size 32768 bytes, new threshold 15 (max 15)
- age   1:        248 bytes,        248 total
- age   7:         16 bytes,        264 total
- age  13:         16 bytes,        280 total
: 878K->0K(960K), 0.0005759 secs] 6566K->5759K(10176K), 0.0007002 secs] [Times: user=0.00 sys=0.00, real=0.00 secs] 
2019-01-02T11:13:37.965+0530: 885.866: [GC (Allocation Failure) 2019-01-02T11:13:37.965+0530: 885.866: [DefNew
Desired survivor size 32768 bytes, new threshold 15 (max 15)
- age   1:         40 bytes,         40 total
- age   2:        184 bytes,        224 total
- age   8:         16 bytes,        240 total
- age  14:         16 bytes,        256 total
: 896K->0K(960K), 0.0007640 secs] 6655K->6047K(10176K), 0.0009653 secs] [Times: user=0.00 sys=0.00, real=0.00 secs] 
2019-01-02T11:13:37.968+0530: 885.869: [GC (Allocation Failure) 2019-01-02T11:13:37.968+0530: 885.869: [DefNew
Desired survivor size 32768 bytes, new threshold 15 (max 15)
- age   3:        184 bytes,        184 total
- age   9:         16 bytes,        200 total
- age  15:         16 bytes,        216 total
: 896K->0K(960K), 0.0003769 secs] 6943K->6623K(10176K), 0.0004732 secs] [Times: user=0.00 sys=0.00, real=0.00 secs] 
2019-01-02T11:13:37.970+0530: 885.871: [GC (Allocation Failure) 2019-01-02T11:13:37.970+0530: 885.871: [DefNew
Desired survivor size 32768 bytes, new threshold 15 (max 15)
- age   1:         24 bytes,         24 total
- age   4:        184 bytes,        208 total
- age  10:         16 bytes,        224 total
: 497K->0K(960K), 0.0003449 secs] 7120K->6623K(10176K), 0.0004333 secs] [Times: user=0.00 sys=0.00, real=0.00 secs] 
2019-01-02T11:13:37.971+0530: 885.872: [GC (Allocation Failure) 2019-01-02T11:13:37.971+0530: 885.872: [DefNew
Desired survivor size 32768 bytes, new threshold 15 (max 15)
- age   2:         24 bytes,         24 total
- age   5:        184 bytes,        208 total
- age  11:         16 bytes,        224 total
: 507K->0K(960K), 0.0003216 secs] 7130K->7130K(10176K), 0.0003917 secs] [Times: user=0.00 sys=0.00, real=0.00 secs] 
2019-01-02T11:13:37.972+0530: 885.872: [GC (Allocation Failure) 2019-01-02T11:13:37.972+0530: 885.872: [DefNew
Desired survivor size 32768 bytes, new threshold 15 (max 15)
- age   1:         24 bytes,         24 total
- age   6:         72 bytes,         96 total
- age  12:         16 bytes,        112 total
: 525K->0K(960K), 0.0003164 secs] 7656K->7638K(10176K), 0.0003849 secs] [Times: user=0.00 sys=0.00, real=0.00 secs] 
2019-01-02T11:13:38.030+0530: 885.931: [GC (Allocation Failure) 2019-01-02T11:13:38.031+0530: 885.931: [DefNew
Desired survivor size 32768 bytes, new threshold 15 (max 15)
- age   1:        248 bytes,        248 total
- age   7:         16 bytes,        264 total
- age  13:         16 bytes,        280 total
: 878K->0K(960K), 0.0009470 secs] 8517K->7710K(10176K), 0.0013650 secs] [Times: user=0.00 sys=0.00, real=0.00 secs] 
2019-01-02T11:13:38.033+0530: 885.934: [GC (Allocation Failure) 2019-01-02T11:13:38.033+0530: 885.934: [DefNew
Desired survivor size 32768 bytes, new threshold 15 (max 15)
- age   1:         40 bytes,         40 total
- age   2:        184 bytes,        224 total
- age   8:         16 bytes,        240 total
- age  14:         16 bytes,        256 total
: 896K->0K(960K), 0.0006175 secs] 8606K->7998K(10176K), 0.0007703 secs] [Times: user=0.00 sys=0.00, real=0.00 secs] 
2019-01-02T11:13:38.035+0530: 885.936: [GC (Allocation Failure) 2019-01-02T11:13:38.036+0530: 885.936: [DefNew
Desired survivor size 32768 bytes, new threshold 15 (max 15)
- age   3:        184 bytes,        184 total
- age   9:         16 bytes,        200 total
- age  15:         16 bytes,        216 total
: 896K->0K(960K), 0.0007748 secs] 8894K->8574K(10176K), 0.0010673 secs] [Times: user=0.00 sys=0.00, real=0.00 secs] 
2019-01-02T11:13:38.038+0530: 885.938: [GC (Allocation Failure) 2019-01-02T11:13:38.038+0530: 885.939: [DefNew
Desired survivor size 32768 bytes, new threshold 15 (max 15)
- age   1:         24 bytes,         24 total
- age   4:        184 bytes,        208 total
- age  10:         16 bytes,        224 total
: 497K->0K(960K), 0.0002708 secs] 9072K->8574K(10176K), 0.0003546 secs] [Times: user=0.00 sys=0.00, real=0.00 secs] 
2019-01-02T11:13:38.039+0530: 885.939: [GC (Allocation Failure) 2019-01-02T11:13:38.039+0530: 885.939: [DefNew
Desired survivor size 32768 bytes, new threshold 15 (max 15)
- age   2:         24 bytes,         24 total
- age   5:        184 bytes,        208 total
- age  11:         16 bytes,        224 total
: 507K->0K(960K), 0.0004618 secs] 9082K->9082K(10176K), 0.0005633 secs] [Times: user=0.00 sys=0.00, real=0.00 secs] 
2019-01-02T11:13:38.040+0530: 885.940: [GC (Allocation Failure) 2019-01-02T11:13:38.040+0530: 885.940: [DefNew: 525K->525K(960K), 0.0000285 secs]2019-01-02T11:13:38.040+0530: 885.940: [Tenured: 9081K->1277K(9216K), 0.0037488 secs] 9607K->1277K(10176K), [Metaspace: 2520K->2520K(1056768K)], 0.0039010 secs] [Times: user=0.00 sys=0.00, real=0.00 secs] 
2019-01-02T11:13:38.103+0530: 886.004: [GC (Allocation Failure) 2019-01-02T11:13:38.103+0530: 886.004: [DefNew
Desired survivor size 32768 bytes, new threshold 15 (max 15)
- age   1:        248 bytes,        248 total
: 878K->0K(960K), 0.0012851 secs] 2156K->1857K(10176K), 0.0014824 secs] [Times: user=0.00 sys=0.00, real=0.00 secs] 
2019-01-02T11:13:38.106+0530: 886.007: [GC (Allocation Failure) 2019-01-02T11:13:38.106+0530: 886.007: [DefNew
Desired survivor size 32768 bytes, new threshold 15 (max 15)
- age   1:         40 bytes,         40 total
- age   2:        184 bytes,        224 total
: 896K->0K(960K), 0.0004635 secs] 2753K->2145K(10176K), 0.0006819 secs] [Times: user=0.00 sys=0.00, real=0.00 secs] 
2019-01-02T11:13:38.108+0530: 886.009: [GC (Allocation Failure) 2019-01-02T11:13:38.108+0530: 886.009: [DefNew
Desired survivor size 32768 bytes, new threshold 15 (max 15)
- age   3:        184 bytes,        184 total
: 896K->0K(960K), 0.0004288 secs] 3041K->2721K(10176K), 0.0005297 secs] [Times: user=0.00 sys=0.00, real=0.00 secs] 
2019-01-02T11:13:38.111+0530: 886.011: [GC (Allocation Failure) 2019-01-02T11:13:38.111+0530: 886.011: [DefNew
Desired survivor size 32768 bytes, new threshold 15 (max 15)
- age   1:         24 bytes,         24 total
- age   4:        184 bytes,        208 total
: 497K->0K(960K), 0.0011848 secs] 3219K->2721K(10176K), 0.0015503 secs] [Times: user=0.00 sys=0.00, real=0.00 secs] 
2019-01-02T11:13:38.113+0530: 886.014: [GC (Allocation Failure) 2019-01-02T11:13:38.113+0530: 886.014: [DefNew
Desired survivor size 32768 bytes, new threshold 15 (max 15)
- age   2:         24 bytes,         24 total
- age   5:        184 bytes,        208 total
: 507K->0K(960K), 0.0009493 secs] 3229K->3229K(10176K), 0.0010269 secs] [Times: user=0.00 sys=0.00, real=0.00 secs] 
2019-01-02T11:13:38.115+0530: 886.015: [GC (Allocation Failure) 2019-01-02T11:13:38.115+0530: 886.015: [DefNew
Desired survivor size 32768 bytes, new threshold 15 (max 15)
- age   1:         24 bytes,         24 total
- age   6:         72 bytes,         96 total
: 525K->0K(960K), 0.0007788 secs] 3754K->3736K(10176K), 0.0008809 secs] [Times: user=0.00 sys=0.00, real=0.00 secs] 
2019-01-02T11:13:38.175+0530: 886.076: [GC (Allocation Failure) 2019-01-02T11:13:38.175+0530: 886.076: [DefNew
Desired survivor size 32768 bytes, new threshold 15 (max 15)
- age   1:        248 bytes,        248 total
- age   7:         16 bytes,        264 total
: 878K->0K(960K), 0.0010075 secs] 4615K->3808K(10176K), 0.0012549 secs] [Times: user=0.00 sys=0.00, real=0.00 secs] 
2019-01-02T11:13:38.178+0530: 886.079: [GC (Allocation Failure) 2019-01-02T11:13:38.178+0530: 886.079: [DefNew
Desired survivor size 32768 bytes, new threshold 15 (max 15)
- age   1:         40 bytes,         40 total
- age   2:        184 bytes,        224 total
- age   8:         16 bytes,        240 total
: 896K->0K(960K), 0.0012629 secs] 4704K->4096K(10176K), 0.0016392 secs] [Times: user=0.00 sys=0.00, real=0.00 secs] 
2019-01-02T11:13:38.182+0530: 886.083: [GC (Allocation Failure) 2019-01-02T11:13:38.182+0530: 886.083: [DefNew
Desired survivor size 32768 bytes, new threshold 15 (max 15)
- age   3:        184 bytes,        184 total
- age   9:         16 bytes,        200 total
: 896K->0K(960K), 0.0013980 secs] 4992K->4672K(10176K), 0.0016215 secs] [Times: user=0.00 sys=0.00, real=0.00 secs] 
2019-01-02T11:13:38.185+0530: 886.086: [GC (Allocation Failure) 2019-01-02T11:13:38.185+0530: 886.086: [DefNew
Desired survivor size 32768 bytes, new threshold 15 (max 15)
- age   1:         24 bytes,         24 total
- age   4:        184 bytes,        208 total
- age  10:         16 bytes,        224 total
: 497K->0K(960K), 0.0002600 secs] 5170K->4672K(10176K), 0.0003398 secs] [Times: user=0.00 sys=0.00, real=0.00 secs] 
2019-01-02T11:13:38.186+0530: 886.086: [GC (Allocation Failure) 2019-01-02T11:13:38.186+0530: 886.086: [DefNew
Desired survivor size 32768 bytes, new threshold 15 (max 15)
- age   2:         24 bytes,         24 total
- age   5:        184 bytes,        208 total
- age  11:         16 bytes,        224 total
: 507K->0K(960K), 0.0003461 secs] 5180K->5180K(10176K), 0.0004185 secs] [Times: user=0.00 sys=0.00, real=0.00 secs] 
2019-01-02T11:13:38.187+0530: 886.087: [GC (Allocation Failure) 2019-01-02T11:13:38.187+0530: 886.087: [DefNew
Desired survivor size 32768 bytes, new threshold 15 (max 15)
- age   1:         24 bytes,         24 total
- age   6:         72 bytes,         96 total
- age  12:         16 bytes,        112 total
: 525K->0K(960K), 0.0003164 secs] 5705K->5687K(10176K), 0.0003877 secs] [Times: user=0.00 sys=0.00, real=0.00 secs] 
2019-01-02T11:13:38.272+0530: 886.172: [GC (Allocation Failure) 2019-01-02T11:13:38.272+0530: 886.173: [DefNew
Desired survivor size 32768 bytes, new threshold 15 (max 15)
- age   1:        248 bytes,        248 total
- age   7:         16 bytes,        264 total
- age  13:         16 bytes,        280 total
: 878K->0K(960K), 0.0004117 secs] 6566K->5760K(10176K), 0.0005992 secs] [Times: user=0.00 sys=0.00, real=0.00 secs] 
2019-01-02T11:13:38.276+0530: 886.176: [GC (Allocation Failure) 2019-01-02T11:13:38.276+0530: 886.176: [DefNew
Desired survivor size 32768 bytes, new threshold 15 (max 15)
- age   1:         40 bytes,         40 total
- age   2:        184 bytes,        224 total
- age   8:         16 bytes,        240 total
- age  14:         16 bytes,        256 total
: 896K->0K(960K), 0.0009550 secs] 6656K->6048K(10176K), 0.0011648 secs] [Times: user=0.00 sys=0.00, real=0.00 secs] 
2019-01-02T11:13:38.280+0530: 886.180: [GC (Allocation Failure) 2019-01-02T11:13:38.280+0530: 886.181: [DefNew
Desired survivor size 32768 bytes, new threshold 15 (max 15)
- age   3:        184 bytes,        184 total
- age   9:         16 bytes,        200 total
- age  15:         16 bytes,        216 total
: 896K->0K(960K), 0.0007264 secs] 6944K->6624K(10176K), 0.0008900 secs] [Times: user=0.00 sys=0.00, real=0.00 secs] 
2019-01-02T11:13:38.284+0530: 886.185: [GC (Allocation Failure) 2019-01-02T11:13:38.284+0530: 886.185: [DefNew
Desired survivor size 32768 bytes, new threshold 15 (max 15)
- age   1:         24 bytes,         24 total
- age   4:        184 bytes,        208 total
- age  10:         16 bytes,        224 total
: 497K->0K(960K), 0.0007412 secs] 7121K->6624K(10176K), 0.0009402 secs] [Times: user=0.00 sys=0.00, real=0.00 secs] 
2019-01-02T11:13:38.287+0530: 886.187: [GC (Allocation Failure) 2019-01-02T11:13:38.287+0530: 886.187: [DefNew
Desired survivor size 32768 bytes, new threshold 15 (max 15)
- age   2:         24 bytes,         24 total
- age   5:        184 bytes,        208 total
- age  11:         16 bytes,        224 total
: 507K->0K(960K), 0.0009448 secs] 7131K->7131K(10176K), 0.0011301 secs] [Times: user=0.00 sys=0.00, real=0.00 secs] 
2019-01-02T11:13:38.289+0530: 886.189: [GC (Allocation Failure) 2019-01-02T11:13:38.289+0530: 886.189: [DefNew
Desired survivor size 32768 bytes, new threshold 15 (max 15)
- age   1:         24 bytes,         24 total
- age   6:         72 bytes,         96 total
- age  12:         16 bytes,        112 total
: 525K->0K(960K), 0.0009316 secs] 7656K->7639K(10176K), 0.0011101 secs] [Times: user=0.00 sys=0.00, real=0.00 secs] 
2019-01-02T11:13:38.360+0530: 886.260: [GC (Allocation Failure) 2019-01-02T11:13:38.360+0530: 886.260: [DefNew
Desired survivor size 32768 bytes, new threshold 15 (max 15)
- age   1:        248 bytes,        248 total
- age   7:         16 bytes,        264 total
- age  13:         16 bytes,        280 total
: 878K->0K(960K), 0.0017196 secs] 8517K->7711K(10176K), 0.0019032 secs] [Times: user=0.00 sys=0.00, real=0.00 secs] 
2019-01-02T11:13:38.365+0530: 886.265: [GC (Allocation Failure) 2019-01-02T11:13:38.365+0530: 886.266: [DefNew
Desired survivor size 32768 bytes, new threshold 15 (max 15)
- age   1:         40 bytes,         40 total
- age   2:        184 bytes,        224 total
- age   8:         16 bytes,        240 total
- age  14:         16 bytes,        256 total
: 896K->0K(960K), 0.0017481 secs] 8607K->7999K(10176K), 0.0019733 secs] [Times: user=0.00 sys=0.00, real=0.00 secs] 
2019-01-02T11:13:38.368+0530: 886.269: [GC (Allocation Failure) 2019-01-02T11:13:38.368+0530: 886.269: [DefNew
Desired survivor size 32768 bytes, new threshold 15 (max 15)
- age   3:        184 bytes,        184 total
- age   9:         16 bytes,        200 total
- age  15:         16 bytes,        216 total
: 896K->0K(960K), 0.0009009 secs] 8895K->8575K(10176K), 0.0009887 secs] [Times: user=0.00 sys=0.00, real=0.00 secs] 
2019-01-02T11:13:38.371+0530: 886.271: [GC (Allocation Failure) 2019-01-02T11:13:38.371+0530: 886.271: [DefNew
Desired survivor size 32768 bytes, new threshold 15 (max 15)
- age   1:         24 bytes,         24 total
- age   4:        184 bytes,        208 total
- age  10:         16 bytes,        224 total
: 497K->0K(960K), 0.0002942 secs] 9072K->8575K(10176K), 0.0003923 secs] [Times: user=0.00 sys=0.00, real=0.00 secs] 
2019-01-02T11:13:38.372+0530: 886.272: [GC (Allocation Failure) 2019-01-02T11:13:38.372+0530: 886.272: [DefNew
Desired survivor size 32768 bytes, new threshold 15 (max 15)
- age   2:         24 bytes,         24 total
- age   5:        184 bytes,        208 total
- age  11:         16 bytes,        224 total
: 507K->0K(960K), 0.0003250 secs] 9082K->9082K(10176K), 0.0003769 secs] [Times: user=0.00 sys=0.00, real=0.00 secs] 
2019-01-02T11:13:38.372+0530: 886.273: [GC (Allocation Failure) 2019-01-02T11:13:38.372+0530: 886.273: [DefNew: 525K->525K(960K), 0.0000228 secs]2019-01-02T11:13:38.372+0530: 886.273: [Tenured: 9082K->1277K(9216K), 0.0036924 secs] 9608K->1277K(10176K), [Metaspace: 2520K->2520K(1056768K)], 0.0038166 secs] [Times: user=0.01 sys=0.00, real=0.00 secs] 
2019-01-02T11:13:38.434+0530: 886.335: [GC (Allocation Failure) 2019-01-02T11:13:38.435+0530: 886.335: [DefNew
Desired survivor size 32768 bytes, new threshold 15 (max 15)
- age   1:        248 bytes,        248 total
: 878K->0K(960K), 0.0011375 secs] 2156K->1857K(10176K), 0.0013313 secs] [Times: user=0.02 sys=0.00, real=0.00 secs] 
2019-01-02T11:13:38.437+0530: 886.338: [GC (Allocation Failure) 2019-01-02T11:13:38.437+0530: 886.338: [DefNew
Desired survivor size 32768 bytes, new threshold 15 (max 15)
- age   1:         40 bytes,         40 total
- age   2:        184 bytes,        224 total
: 896K->0K(960K), 0.0009778 secs] 2753K->2145K(10176K), 0.0011911 secs] [Times: user=0.00 sys=0.00, real=0.00 secs] 
2019-01-02T11:13:38.440+0530: 886.340: [GC (Allocation Failure) 2019-01-02T11:13:38.440+0530: 886.341: [DefNew
Desired survivor size 32768 bytes, new threshold 15 (max 15)
- age   3:        184 bytes,        184 total
: 896K->0K(960K), 0.0013712 secs] 3041K->2721K(10176K), 0.0016985 secs] [Times: user=0.00 sys=0.00, real=0.00 secs] 
2019-01-02T11:13:38.443+0530: 886.343: [GC (Allocation Failure) 2019-01-02T11:13:38.443+0530: 886.343: [DefNew
Desired survivor size 32768 bytes, new threshold 15 (max 15)
- age   1:         24 bytes,         24 total
- age   4:        184 bytes,        208 total
: 497K->0K(960K), 0.0002452 secs] 3219K->2721K(10176K), 0.0003010 secs] [Times: user=0.00 sys=0.00, real=0.00 secs] 
2019-01-02T11:13:38.443+0530: 886.344: [GC (Allocation Failure) 2019-01-02T11:13:38.443+0530: 886.344: [DefNew
Desired survivor size 32768 bytes, new threshold 15 (max 15)
- age   2:         24 bytes,         24 total
- age   5:        184 bytes,        208 total
: 507K->0K(960K), 0.0003056 secs] 3229K->3229K(10176K), 0.0003563 secs] [Times: user=0.00 sys=0.00, real=0.00 secs] 
2019-01-02T11:13:38.444+0530: 886.344: [GC (Allocation Failure) 2019-01-02T11:13:38.444+0530: 886.345: [DefNew
Desired survivor size 32768 bytes, new threshold 15 (max 15)
- age   1:         24 bytes,         24 total
- age   6:         72 bytes,         96 total
: 525K->0K(960K), 0.0003010 secs] 3754K->3737K(10176K), 0.0003569 secs] [Times: user=0.00 sys=0.00, real=0.00 secs] 
2019-01-02T11:13:38.502+0530: 886.402: [GC (Allocation Failure) 2019-01-02T11:13:38.502+0530: 886.402: [DefNew
Desired survivor size 32768 bytes, new threshold 15 (max 15)
- age   1:        248 bytes,        248 total
- age   7:         16 bytes,        264 total
: 878K->0K(960K), 0.0007526 secs] 4615K->3809K(10176K), 0.0010753 secs] [Times: user=0.00 sys=0.00, real=0.00 secs] 
2019-01-02T11:13:38.504+0530: 886.405: [GC (Allocation Failure) 2019-01-02T11:13:38.504+0530: 886.405: [DefNew
Desired survivor size 32768 bytes, new threshold 15 (max 15)
- age   1:         40 bytes,         40 total
- age   2:        184 bytes,        224 total
- age   8:         16 bytes,        240 total
: 896K->0K(960K), 0.0009847 secs] 4705K->4097K(10176K), 0.0012891 secs] [Times: user=0.00 sys=0.00, real=0.00 secs] 
2019-01-02T11:13:38.507+0530: 886.408: [GC (Allocation Failure) 2019-01-02T11:13:38.507+0530: 886.408: [DefNew
Desired survivor size 32768 bytes, new threshold 15 (max 15)
- age   3:        184 bytes,        184 total
- age   9:         16 bytes,        200 total
: 896K->0K(960K), 0.0006391 secs] 4993K->4673K(10176K), 0.0008199 secs] [Times: user=0.00 sys=0.00, real=0.00 secs] 
2019-01-02T11:13:38.509+0530: 886.410: [GC (Allocation Failure) 2019-01-02T11:13:38.509+0530: 886.410: [DefNew
Desired survivor size 32768 bytes, new threshold 15 (max 15)
- age   1:         24 bytes,         24 total
- age   4:        184 bytes,        208 total
- age  10:         16 bytes,        224 total
: 497K->0K(960K), 0.0006203 secs] 5170K->4673K(10176K), 0.0007264 secs] [Times: user=0.00 sys=0.00, real=0.00 secs] 
2019-01-02T11:13:38.511+0530: 886.411: [GC (Allocation Failure) 2019-01-02T11:13:38.511+0530: 886.411: [DefNew
Desired survivor size 32768 bytes, new threshold 15 (max 15)
- age   2:         24 bytes,         24 total
- age   5:        184 bytes,        208 total
- age  11:         16 bytes,        224 total
: 507K->0K(960K), 0.0003894 secs] 5180K->5180K(10176K), 0.0004618 secs] [Times: user=0.00 sys=0.00, real=0.00 secs] 
2019-01-02T11:13:38.512+0530: 886.412: [GC (Allocation Failure) 2019-01-02T11:13:38.512+0530: 886.412: [DefNew
Desired survivor size 32768 bytes, new threshold 15 (max 15)
- age   1:         24 bytes,         24 total
- age   6:         72 bytes,         96 total
- age  12:         16 bytes,        112 total
: 525K->0K(960K), 0.0002993 secs] 5706K->5688K(10176K), 0.0003506 secs] [Times: user=0.00 sys=0.00, real=0.00 secs] 
2019-01-02T11:13:38.568+0530: 886.468: [GC (Allocation Failure) 2019-01-02T11:13:38.568+0530: 886.468: [DefNew
Desired survivor size 32768 bytes, new threshold 15 (max 15)
- age   1:        248 bytes,        248 total
- age   7:         16 bytes,        264 total
- age  13:         16 bytes,        280 total
: 878K->0K(960K), 0.0005445 secs] 6567K->5760K(10176K), 0.0007703 secs] [Times: user=0.00 sys=0.00, real=0.00 secs] 
2019-01-02T11:13:38.570+0530: 886.470: [GC (Allocation Failure) 2019-01-02T11:13:38.570+0530: 886.470: [DefNew
Desired survivor size 32768 bytes, new threshold 15 (max 15)
- age   1:         40 bytes,         40 total
- age   2:        184 bytes,        224 total
- age   8:         16 bytes,        240 total
- age  14:         16 bytes,        256 total
: 896K->0K(960K), 0.0009630 secs] 6656K->6048K(10176K), 0.0011911 secs] [Times: user=0.00 sys=0.00, real=0.00 secs] 
2019-01-02T11:13:38.573+0530: 886.473: [GC (Allocation Failure) 2019-01-02T11:13:38.573+0530: 886.473: [DefNew
Desired survivor size 32768 bytes, new threshold 15 (max 15)
- age   3:        184 bytes,        184 total
- age   9:         16 bytes,        200 total
- age  15:         16 bytes,        216 total
: 896K->0K(960K), 0.0009841 secs] 6944K->6624K(10176K), 0.0011232 secs] [Times: user=0.00 sys=0.00, real=0.00 secs] 
2019-01-02T11:13:38.575+0530: 886.476: [GC (Allocation Failure) 2019-01-02T11:13:38.575+0530: 886.476: [DefNew
Desired survivor size 32768 bytes, new threshold 15 (max 15)
- age   1:         24 bytes,         24 total
- age   4:        184 bytes,        208 total
- age  10:         16 bytes,        224 total
: 497K->0K(960K), 0.0006340 secs] 7122K->6624K(10176K), 0.0007167 secs] [Times: user=0.00 sys=0.00, real=0.00 secs] 
2019-01-02T11:13:38.576+0530: 886.477: [GC (Allocation Failure) 2019-01-02T11:13:38.576+0530: 886.477: [DefNew
Desired survivor size 32768 bytes, new threshold 15 (max 15)
- age   2:         24 bytes,         24 total
- age   5:        184 bytes,        208 total
- age  11:         16 bytes,        224 total
: 507K->0K(960K), 0.0003318 secs] 7132K->7132K(10176K), 0.0003860 secs] [Times: user=0.00 sys=0.00, real=0.00 secs] 
2019-01-02T11:13:38.577+0530: 886.477: [GC (Allocation Failure) 2019-01-02T11:13:38.577+0530: 886.478: [DefNew
Desired survivor size 32768 bytes, new threshold 15 (max 15)
- age   1:         24 bytes,         24 total
- age   6:         72 bytes,         96 total
- age  12:         16 bytes,        112 total
: 525K->0K(960K), 0.0003039 secs] 7657K->7639K(10176K), 0.0003678 secs] [Times: user=0.00 sys=0.00, real=0.00 secs] 
2019-01-02T11:13:38.635+0530: 886.535: [GC (Allocation Failure) 2019-01-02T11:13:38.635+0530: 886.535: [DefNew
Desired survivor size 32768 bytes, new threshold 15 (max 15)
- age   1:        248 bytes,        248 total
- age   7:         16 bytes,        264 total
- age  13:         16 bytes,        280 total
: 879K->0K(960K), 0.0006460 secs] 8518K->7712K(10176K), 0.0008051 secs] [Times: user=0.00 sys=0.00, real=0.00 secs] 
2019-01-02T11:13:38.637+0530: 886.538: [GC (Allocation Failure) 2019-01-02T11:13:38.637+0530: 886.538: [DefNew
Desired survivor size 32768 bytes, new threshold 15 (max 15)
- age   1:         40 bytes,         40 total
- age   2:        184 bytes,        224 total
- age   8:         16 bytes,        240 total
- age  14:         16 bytes,        256 total
: 896K->0K(960K), 0.0008011 secs] 8608K->8000K(10176K), 0.0011232 secs] [Times: user=0.02 sys=0.00, real=0.00 secs] 
2019-01-02T11:13:38.640+0530: 886.541: [GC (Allocation Failure) 2019-01-02T11:13:38.640+0530: 886.541: [DefNew
Desired survivor size 32768 bytes, new threshold 15 (max 15)
- age   3:        184 bytes,        184 total
- age   9:         16 bytes,        200 total
- age  15:         16 bytes,        216 total
: 896K->0K(960K), 0.0012087 secs] 8896K->8576K(10176K), 0.0014220 secs] [Times: user=0.00 sys=0.00, real=0.00 secs] 
2019-01-02T11:13:38.643+0530: 886.543: [GC (Allocation Failure) 2019-01-02T11:13:38.643+0530: 886.543: [DefNew
Desired survivor size 32768 bytes, new threshold 15 (max 15)
- age   1:         24 bytes,         24 total
- age   4:        184 bytes,        208 total
- age  10:         16 bytes,        224 total
: 497K->0K(960K), 0.0002651 secs] 9073K->8576K(10176K), 0.0003398 secs] [Times: user=0.00 sys=0.00, real=0.00 secs] 
2019-01-02T11:13:38.644+0530: 886.544: [GC (Allocation Failure) 2019-01-02T11:13:38.644+0530: 886.544: [DefNew
Desired survivor size 32768 bytes, new threshold 15 (max 15)
- age   2:         24 bytes,         24 total
- age   5:        184 bytes,        208 total
- age  11:         16 bytes,        224 total
: 507K->0K(960K), 0.0003284 secs] 9083K->9083K(10176K), 0.0003997 secs] [Times: user=0.00 sys=0.00, real=0.00 secs] 
2019-01-02T11:13:38.644+0530: 886.545: [GC (Allocation Failure) 2019-01-02T11:13:38.644+0530: 886.545: [DefNew: 525K->525K(960K), 0.0000279 secs]2019-01-02T11:13:38.644+0530: 886.545: [Tenured: 9083K->1278K(9216K), 0.0049387 secs] 9609K->1278K(10176K), [Metaspace: 2520K->2520K(1056768K)], 0.0052221 secs] [Times: user=0.00 sys=0.00, real=0.01 secs] 
2019-01-02T11:13:38.708+0530: 886.609: [GC (Allocation Failure) 2019-01-02T11:13:38.708+0530: 886.609: [DefNew
Desired survivor size 32768 bytes, new threshold 15 (max 15)
- age   1:        248 bytes,        248 total
: 878K->0K(960K), 0.0013900 secs] 2157K->1858K(10176K), 0.0017498 secs] [Times: user=0.00 sys=0.00, real=0.00 secs] 
2019-01-02T11:13:38.712+0530: 886.612: [GC (Allocation Failure) 2019-01-02T11:13:38.712+0530: 886.612: [DefNew
Desired survivor size 32768 bytes, new threshold 15 (max 15)
- age   1:         40 bytes,         40 total
- age   2:        184 bytes,        224 total
: 896K->0K(960K), 0.0012469 secs] 2754K->2146K(10176K), 0.0014476 secs] [Times: user=0.00 sys=0.00, real=0.00 secs] 
2019-01-02T11:13:38.715+0530: 886.616: [GC (Allocation Failure) 2019-01-02T11:13:38.716+0530: 886.616: [DefNew
Desired survivor size 32768 bytes, new threshold 15 (max 15)
- age   3:        184 bytes,        184 total
: 896K->0K(960K), 0.0005605 secs] 3042K->2722K(10176K), 0.0007423 secs] [Times: user=0.02 sys=0.00, real=0.00 secs] 
2019-01-02T11:13:38.718+0530: 886.619: [GC (Allocation Failure) 2019-01-02T11:13:38.718+0530: 886.619: [DefNew
Desired survivor size 32768 bytes, new threshold 15 (max 15)
- age   1:         24 bytes,         24 total
- age   4:        184 bytes,        208 total
: 497K->0K(960K), 0.0006460 secs] 3219K->2722K(10176K), 0.0008136 secs] [Times: user=0.00 sys=0.00, real=0.00 secs] 
2019-01-02T11:13:38.719+0530: 886.620: [GC (Allocation Failure) 2019-01-02T11:13:38.719+0530: 886.620: [DefNew
Desired survivor size 32768 bytes, new threshold 15 (max 15)
- age   2:         24 bytes,         24 total
- age   5:        184 bytes,        208 total
: 507K->0K(960K), 0.0003381 secs] 3229K->3229K(10176K), 0.0004099 secs] [Times: user=0.00 sys=0.00, real=0.00 secs] 
2019-01-02T11:13:38.720+0530: 886.621: [GC (Allocation Failure) 2019-01-02T11:13:38.720+0530: 886.621: [DefNew
Desired survivor size 32768 bytes, new threshold 15 (max 15)
- age   1:         24 bytes,         24 total
- age   6:         72 bytes,         96 total
: 525K->0K(960K), 0.0003147 secs] 3755K->3737K(10176K), 0.0003888 secs] [Times: user=0.00 sys=0.00, real=0.00 secs] 
2019-01-02T11:13:38.778+0530: 886.678: [GC (Allocation Failure) 2019-01-02T11:13:38.778+0530: 886.679: [DefNew
Desired survivor size 32768 bytes, new threshold 15 (max 15)
- age   1:        248 bytes,        248 total
- age   7:         16 bytes,        264 total
: 879K->0K(960K), 0.0007258 secs] 4616K->3809K(10176K), 0.0010115 secs] [Times: user=0.00 sys=0.02, real=0.00 secs] 
2019-01-02T11:13:38.781+0530: 886.681: [GC (Allocation Failure) 2019-01-02T11:13:38.781+0530: 886.682: [DefNew
Desired survivor size 32768 bytes, new threshold 15 (max 15)
- age   1:         40 bytes,         40 total
- age   2:        184 bytes,        224 total
- age   8:         16 bytes,        240 total
: 896K->0K(960K), 0.0011072 secs] 4705K->4097K(10176K), 0.0014533 secs] [Times: user=0.00 sys=0.00, real=0.00 secs] 
2019-01-02T11:13:38.784+0530: 886.684: [GC (Allocation Failure) 2019-01-02T11:13:38.784+0530: 886.684: [DefNew
Desired survivor size 32768 bytes, new threshold 15 (max 15)
- age   3:        184 bytes,        184 total
- age   9:         16 bytes,        200 total
: 896K->0K(960K), 0.0007167 secs] 4993K->4673K(10176K), 0.0008381 secs] [Times: user=0.00 sys=0.00, real=0.00 secs] 
2019-01-02T11:13:38.786+0530: 886.686: [GC (Allocation Failure) 2019-01-02T11:13:38.786+0530: 886.686: [DefNew
Desired survivor size 32768 bytes, new threshold 15 (max 15)
- age   1:         24 bytes,         24 total
- age   4:        184 bytes,        208 total
- age  10:         16 bytes,        224 total
: 497K->0K(960K), 0.0005097 secs] 5171K->4673K(10176K), 0.0006146 secs] [Times: user=0.00 sys=0.00, real=0.00 secs] 
2019-01-02T11:13:38.787+0530: 886.688: [GC (Allocation Failure) 2019-01-02T11:13:38.787+0530: 886.688: [DefNew
Desired survivor size 32768 bytes, new threshold 15 (max 15)
- age   2:         24 bytes,         24 total
- age   5:        184 bytes,        208 total
- age  11:         16 bytes,        224 total
: 507K->0K(960K), 0.0003432 secs] 5181K->5181K(10176K), 0.0004145 secs] [Times: user=0.00 sys=0.00, real=0.00 secs] 
2019-01-02T11:13:38.788+0530: 886.688: [GC (Allocation Failure) 2019-01-02T11:13:38.788+0530: 886.688: [DefNew
Desired survivor size 32768 bytes, new threshold 15 (max 15)
- age   1:         24 bytes,         24 total
- age   6:         72 bytes,         96 total
- age  12:         16 bytes,        112 total
: 525K->0K(960K), 0.0003239 secs] 5706K->5689K(10176K), 0.0003963 secs] [Times: user=0.00 sys=0.00, real=0.00 secs] 
2019-01-02T11:13:38.857+0530: 886.758: [GC (Allocation Failure) 2019-01-02T11:13:38.858+0530: 886.758: [DefNew
Desired survivor size 32768 bytes, new threshold 15 (max 15)
- age   1:        248 bytes,        248 total
- age   7:         16 bytes,        264 total
- age  13:         16 bytes,        280 total
: 879K->0K(960K), 0.0009237 secs] 6567K->5761K(10176K), 0.0011198 secs] [Times: user=0.00 sys=0.00, real=0.00 secs] 
2019-01-02T11:13:38.860+0530: 886.761: [GC (Allocation Failure) 2019-01-02T11:13:38.860+0530: 886.761: [DefNew
Desired survivor size 32768 bytes, new threshold 15 (max 15)
- age   1:         40 bytes,         40 total
- age   2:        184 bytes,        224 total
- age   8:         16 bytes,        240 total
- age  14:         16 bytes,        256 total
: 896K->0K(960K), 0.0007401 secs] 6657K->6049K(10176K), 0.0010542 secs] [Times: user=0.00 sys=0.00, real=0.00 secs] 
2019-01-02T11:13:38.863+0530: 886.763: [GC (Allocation Failure) 2019-01-02T11:13:38.863+0530: 886.763: [DefNew
Desired survivor size 32768 bytes, new threshold 15 (max 15)
- age   3:        184 bytes,        184 total
- age   9:         16 bytes,        200 total
- age  15:         16 bytes,        216 total
: 896K->0K(960K), 0.0003809 secs] 6945K->6625K(10176K), 0.0004670 secs] [Times: user=0.00 sys=0.00, real=0.00 secs] 
2019-01-02T11:13:38.864+0530: 886.765: [GC (Allocation Failure) 2019-01-02T11:13:38.864+0530: 886.765: [DefNew
Desired survivor size 32768 bytes, new threshold 15 (max 15)
- age   1:         24 bytes,         24 total
- age   4:        184 bytes,        208 total
- age  10:         16 bytes,        224 total
: 497K->0K(960K), 0.0009128 secs] 7122K->6625K(10176K), 0.0010805 secs] [Times: user=0.00 sys=0.00, real=0.00 secs] 
2019-01-02T11:13:38.866+0530: 886.767: [GC (Allocation Failure) 2019-01-02T11:13:38.866+0530: 886.767: [DefNew
Desired survivor size 32768 bytes, new threshold 15 (max 15)
- age   2:         24 bytes,         24 total
- age   5:        184 bytes,        208 total
- age  11:         16 bytes,        224 total
: 507K->0K(960K), 0.0004835 secs] 7132K->7132K(10176K), 0.0005907 secs] [Times: user=0.00 sys=0.00, real=0.00 secs] 
2019-01-02T11:13:38.868+0530: 886.768: [GC (Allocation Failure) 2019-01-02T11:13:38.868+0530: 886.768: [DefNew
Desired survivor size 32768 bytes, new threshold 15 (max 15)
- age   1:         24 bytes,         24 total
- age   6:         72 bytes,         96 total
- age  12:         16 bytes,        112 total
: 525K->0K(960K), 0.0006602 secs] 7658K->7640K(10176K), 0.0007720 secs] [Times: user=0.00 sys=0.00, real=0.00 secs] 
2019-01-02T11:13:38.926+0530: 886.826: [GC (Allocation Failure) 2019-01-02T11:13:38.926+0530: 886.826: [DefNew
Desired survivor size 32768 bytes, new threshold 15 (max 15)
- age   1:        248 bytes,        248 total
- age   7:         16 bytes,        264 total
- age  13:         16 bytes,        280 total
: 879K->0K(960K), 0.0005536 secs] 8519K->7712K(10176K), 0.0007885 secs] [Times: user=0.00 sys=0.00, real=0.00 secs] 
2019-01-02T11:13:38.929+0530: 886.829: [GC (Allocation Failure) 2019-01-02T11:13:38.929+0530: 886.829: [DefNew
Desired survivor size 32768 bytes, new threshold 15 (max 15)
- age   1:         40 bytes,         40 total
- age   2:        184 bytes,        224 total
- age   8:         16 bytes,        240 total
- age  14:         16 bytes,        256 total
: 896K->0K(960K), 0.0008963 secs] 8608K->8000K(10176K), 0.0010867 secs] [Times: user=0.00 sys=0.00, real=0.00 secs] 
2019-01-02T11:13:38.932+0530: 886.832: [GC (Allocation Failure) 2019-01-02T11:13:38.932+0530: 886.832: [DefNew
Desired survivor size 32768 bytes, new threshold 15 (max 15)
- age   3:        184 bytes,        184 total
- age   9:         16 bytes,        200 total
- age  15:         16 bytes,        216 total
: 896K->0K(960K), 0.0014693 secs] 8896K->8576K(10176K), 0.0016917 secs] [Times: user=0.00 sys=0.00, real=0.00 secs] 
2019-01-02T11:13:38.935+0530: 886.836: [GC (Allocation Failure) 2019-01-02T11:13:38.935+0530: 886.836: [DefNew
Desired survivor size 32768 bytes, new threshold 15 (max 15)
- age   1:         24 bytes,         24 total
- age   4:        184 bytes,        208 total
- age  10:         16 bytes,        224 total
: 497K->0K(960K), 0.0006009 secs] 9074K->8576K(10176K), 0.0006853 secs] [Times: user=0.00 sys=0.00, real=0.00 secs] 
2019-01-02T11:13:38.937+0530: 886.837: [GC (Allocation Failure) 2019-01-02T11:13:38.937+0530: 886.837: [DefNew
Desired survivor size 32768 bytes, new threshold 15 (max 15)
- age   2:         24 bytes,         24 total
- age   5:        184 bytes,        208 total
- age  11:         16 bytes,        224 total
: 507K->0K(960K), 0.0005109 secs] 9084K->9084K(10176K), 0.0006226 secs] [Times: user=0.00 sys=0.00, real=0.00 secs] 
2019-01-02T11:13:38.938+0530: 886.838: [GC (Allocation Failure) 2019-01-02T11:13:38.938+0530: 886.838: [DefNew: 525K->525K(960K), 0.0000279 secs]2019-01-02T11:13:38.938+0530: 886.838: [Tenured: 9084K->1278K(9216K), 0.0038777 secs] 9609K->1278K(10176K), [Metaspace: 2520K->2520K(1056768K)], 0.0040305 secs] [Times: user=0.00 sys=0.00, real=0.00 secs] 
2019-01-02T11:13:38.999+0530: 886.900: [GC (Allocation Failure) 2019-01-02T11:13:39.000+0530: 886.900: [DefNew
Desired survivor size 32768 bytes, new threshold 15 (max 15)
- age   1:        248 bytes,        248 total
: 879K->0K(960K), 0.0011779 secs] 2157K->1858K(10176K), 0.0017550 secs] [Times: user=0.00 sys=0.00, real=0.00 secs] 
2019-01-02T11:13:39.003+0530: 886.904: [GC (Allocation Failure) 2019-01-02T11:13:39.003+0530: 886.904: [DefNew
Desired survivor size 32768 bytes, new threshold 15 (max 15)
- age   1:         40 bytes,         40 total
- age   2:        184 bytes,        224 total
: 896K->0K(960K), 0.0006682 secs] 2754K->2146K(10176K), 0.0008216 secs] [Times: user=0.00 sys=0.00, real=0.00 secs] 
2019-01-02T11:13:39.005+0530: 886.906: [GC (Allocation Failure) 2019-01-02T11:13:39.005+0530: 886.906: [DefNew
Desired survivor size 32768 bytes, new threshold 15 (max 15)
- age   3:        184 bytes,        184 total
: 896K->0K(960K), 0.0010953 secs] 3042K->2722K(10176K), 0.0012726 secs] [Times: user=0.00 sys=0.00, real=0.00 secs] 
2019-01-02T11:13:39.008+0530: 886.909: [GC (Allocation Failure) 2019-01-02T11:13:39.008+0530: 886.909: [DefNew
Desired survivor size 32768 bytes, new threshold 15 (max 15)
- age   1:         24 bytes,         24 total
- age   4:        184 bytes,        208 total
: 497K->0K(960K), 0.0002731 secs] 3219K->2722K(10176K), 0.0003689 secs] [Times: user=0.00 sys=0.00, real=0.00 secs] 
2019-01-02T11:13:39.009+0530: 886.909: [GC (Allocation Failure) 2019-01-02T11:13:39.009+0530: 886.910: [DefNew
Desired survivor size 32768 bytes, new threshold 15 (max 15)
- age   2:         24 bytes,         24 total
- age   5:        184 bytes,        208 total
: 507K->0K(960K), 0.0003181 secs] 3230K->3230K(10176K), 0.0003877 secs] [Times: user=0.00 sys=0.00, real=0.00 secs] 
2019-01-02T11:13:39.010+0530: 886.910: [GC (Allocation Failure) 2019-01-02T11:13:39.010+0530: 886.910: [DefNew
Desired survivor size 32768 bytes, new threshold 15 (max 15)
- age   1:         24 bytes,         24 total
- age   6:         72 bytes,         96 total
: 525K->0K(960K), 0.0003512 secs] 3755K->3737K(10176K), 0.0004333 secs] [Times: user=0.00 sys=0.00, real=0.00 secs] 
2019-01-02T11:13:39.067+0530: 886.968: [GC (Allocation Failure) 2019-01-02T11:13:39.068+0530: 886.968: [DefNew
Desired survivor size 32768 bytes, new threshold 15 (max 15)
- age   1:        248 bytes,        248 total
- age   7:         16 bytes,        264 total
: 879K->0K(960K), 0.0005371 secs] 4616K->3810K(10176K), 0.0010297 secs] [Times: user=0.00 sys=0.00, real=0.00 secs] 
2019-01-02T11:13:39.070+0530: 886.971: [GC (Allocation Failure) 2019-01-02T11:13:39.071+0530: 886.971: [DefNew
Desired survivor size 32768 bytes, new threshold 15 (max 15)
- age   1:         40 bytes,         40 total
- age   2:        184 bytes,        224 total
- age   8:         16 bytes,        240 total
: 896K->0K(960K), 0.0007977 secs] 4706K->4098K(10176K), 0.0009385 secs] [Times: user=0.00 sys=0.00, real=0.00 secs] 
2019-01-02T11:13:39.073+0530: 886.974: [GC (Allocation Failure) 2019-01-02T11:13:39.073+0530: 886.974: [DefNew
Desired survivor size 32768 bytes, new threshold 15 (max 15)
- age   3:        184 bytes,        184 total
- age   9:         16 bytes,        200 total
: 896K->0K(960K), 0.0010314 secs] 4994K->4674K(10176K), 0.0012532 secs] [Times: user=0.00 sys=0.00, real=0.00 secs] 
2019-01-02T11:13:39.076+0530: 886.976: [GC (Allocation Failure) 2019-01-02T11:13:39.076+0530: 886.976: [DefNew
Desired survivor size 32768 bytes, new threshold 15 (max 15)
- age   1:         24 bytes,         24 total
- age   4:        184 bytes,        208 total
- age  10:         16 bytes,        224 total
: 497K->0K(960K), 0.0002720 secs] 5171K->4674K(10176K), 0.0003660 secs] [Times: user=0.00 sys=0.00, real=0.00 secs] 
2019-01-02T11:13:39.077+0530: 886.977: [GC (Allocation Failure) 2019-01-02T11:13:39.077+0530: 886.977: [DefNew
Desired survivor size 32768 bytes, new threshold 15 (max 15)
- age   2:         24 bytes,         24 total
- age   5:        184 bytes,        208 total
- age  11:         16 bytes,        224 total
: 508K->0K(960K), 0.0003164 secs] 5181K->5181K(10176K), 0.0003871 secs] [Times: user=0.00 sys=0.00, real=0.00 secs] 
2019-01-02T11:13:39.077+0530: 886.978: [GC (Allocation Failure) 2019-01-02T11:13:39.077+0530: 886.978: [DefNew
Desired survivor size 32768 bytes, new threshold 15 (max 15)
- age   1:         24 bytes,         24 total
- age   6:         72 bytes,         96 total
- age  12:         16 bytes,        112 total
: 525K->0K(960K), 0.0003210 secs] 5707K->5689K(10176K), 0.0004014 secs] [Times: user=0.00 sys=0.00, real=0.00 secs] 
2019-01-02T11:13:39.133+0530: 887.034: [GC (Allocation Failure) 2019-01-02T11:13:39.134+0530: 887.034: [DefNew
Desired survivor size 32768 bytes, new threshold 15 (max 15)
- age   1:        248 bytes,        248 total
- age   7:         16 bytes,        264 total
- age  13:         16 bytes,        280 total
: 879K->0K(960K), 0.0012321 secs] 6568K->5761K(10176K), 0.0017812 secs] [Times: user=0.00 sys=0.00, real=0.00 secs] 
2019-01-02T11:13:39.137+0530: 887.038: [GC (Allocation Failure) 2019-01-02T11:13:39.137+0530: 887.038: [DefNew
Desired survivor size 32768 bytes, new threshold 15 (max 15)
- age   1:         40 bytes,         40 total
- age   2:        184 bytes,        224 total
- age   8:         16 bytes,        240 total
- age  14:         16 bytes,        256 total
: 896K->0K(960K), 0.0006511 secs] 6657K->6049K(10176K), 0.0007634 secs] [Times: user=0.00 sys=0.00, real=0.00 secs] 
2019-01-02T11:13:39.139+0530: 887.040: [GC (Allocation Failure) 2019-01-02T11:13:39.139+0530: 887.040: [DefNew
Desired survivor size 32768 bytes, new threshold 15 (max 15)
- age   3:        184 bytes,        184 total
- age   9:         16 bytes,        200 total
- age  15:         16 bytes,        216 total
: 896K->0K(960K), 0.0011403 secs] 6945K->6625K(10176K), 0.0012766 secs] [Times: user=0.00 sys=0.00, real=0.00 secs] 
2019-01-02T11:13:39.142+0530: 887.043: [GC (Allocation Failure) 2019-01-02T11:13:39.142+0530: 887.043: [DefNew
Desired survivor size 32768 bytes, new threshold 15 (max 15)
- age   1:         24 bytes,         24 total
- age   4:        184 bytes,        208 total
- age  10:         16 bytes,        224 total
: 497K->0K(960K), 0.0002862 secs] 7123K->6625K(10176K), 0.0003757 secs] [Times: user=0.00 sys=0.00, real=0.00 secs] 
2019-01-02T11:13:39.143+0530: 887.043: [GC (Allocation Failure) 2019-01-02T11:13:39.143+0530: 887.043: [DefNew
Desired survivor size 32768 bytes, new threshold 15 (max 15)
- age   2:         24 bytes,         24 total
- age   5:        184 bytes,        208 total
- age  11:         16 bytes,        224 total
: 508K->0K(960K), 0.0003273 secs] 7133K->7133K(10176K), 0.0003980 secs] [Times: user=0.00 sys=0.00, real=0.00 secs] 
2019-01-02T11:13:39.144+0530: 887.044: [GC (Allocation Failure) 2019-01-02T11:13:39.144+0530: 887.044: [DefNew
Desired survivor size 32768 bytes, new threshold 15 (max 15)
- age   1:         24 bytes,         24 total
- age   6:         72 bytes,         96 total
- age  12:         16 bytes,        112 total
: 525K->0K(960K), 0.0003866 secs] 7659K->7641K(10176K), 0.0004795 secs] [Times: user=0.00 sys=0.00, real=0.00 secs] 
2019-01-02T11:13:39.206+0530: 887.107: [GC (Allocation Failure) 2019-01-02T11:13:39.206+0530: 887.107: [DefNew
Desired survivor size 32768 bytes, new threshold 15 (max 15)
- age   1:        248 bytes,        248 total
- age   7:         16 bytes,        264 total
- age  13:         16 bytes,        280 total
: 879K->0K(960K), 0.0006756 secs] 8520K->7713K(10176K), 0.0008741 secs] [Times: user=0.00 sys=0.00, real=0.00 secs] 
2019-01-02T11:13:39.209+0530: 887.110: [GC (Allocation Failure) 2019-01-02T11:13:39.209+0530: 887.110: [DefNew
Desired survivor size 32768 bytes, new threshold 15 (max 15)
- age   1:         40 bytes,         40 total
- age   2:        184 bytes,        224 total
- age   8:         16 bytes,        240 total
- age  14:         16 bytes,        256 total
: 896K->0K(960K), 0.0008729 secs] 8609K->8001K(10176K), 0.0011272 secs] [Times: user=0.00 sys=0.00, real=0.00 secs] 
2019-01-02T11:13:39.211+0530: 887.112: [GC (Allocation Failure) 2019-01-02T11:13:39.212+0530: 887.112: [DefNew
Desired survivor size 32768 bytes, new threshold 15 (max 15)
- age   3:        184 bytes,        184 total
- age   9:         16 bytes,        200 total
- age  15:         16 bytes,        216 total
: 896K->0K(960K), 0.0003626 secs] 8897K->8577K(10176K), 0.0004499 secs] [Times: user=0.00 sys=0.00, real=0.00 secs] 
2019-01-02T11:13:39.213+0530: 887.114: [GC (Allocation Failure) 2019-01-02T11:13:39.213+0530: 887.114: [DefNew
Desired survivor size 32768 bytes, new threshold 15 (max 15)
- age   1:         24 bytes,         24 total
- age   4:        184 bytes,        208 total
- age  10:         16 bytes,        224 total
: 497K->0K(960K), 0.0002321 secs] 9075K->8577K(10176K), 0.0003005 secs] [Times: user=0.00 sys=0.00, real=0.00 secs] 
2019-01-02T11:13:39.214+0530: 887.114: [GC (Allocation Failure) 2019-01-02T11:13:39.214+0530: 887.114: [DefNew
Desired survivor size 32768 bytes, new threshold 15 (max 15)
- age   2:         24 bytes,         24 total
- age   5:        184 bytes,        208 total
- age  11:         16 bytes,        224 total
: 508K->0K(960K), 0.0004573 secs] 9085K->9085K(10176K), 0.0005610 secs] [Times: user=0.00 sys=0.00, real=0.00 secs] 
2019-01-02T11:13:39.215+0530: 887.115: [GC (Allocation Failure) 2019-01-02T11:13:39.215+0530: 887.115: [DefNew: 525K->525K(960K), 0.0000302 secs]2019-01-02T11:13:39.215+0530: 887.115: [Tenured: 9085K->1278K(9216K), 0.0056069 secs] 9610K->1278K(10176K), [Metaspace: 2520K->2520K(1056768K)], 0.0058772 secs] [Times: user=0.00 sys=0.00, real=0.01 secs] 
2019-01-02T11:13:39.280+0530: 887.181: [GC (Allocation Failure) 2019-01-02T11:13:39.280+0530: 887.181: [DefNew
Desired survivor size 32768 bytes, new threshold 15 (max 15)
- age   1:        248 bytes,        248 total
: 879K->0K(960K), 0.0012407 secs] 2157K->1858K(10176K), 0.0016580 secs] [Times: user=0.00 sys=0.00, real=0.00 secs] 
2019-01-02T11:13:39.283+0530: 887.184: [GC (Allocation Failure) 2019-01-02T11:13:39.284+0530: 887.184: [DefNew
Desired survivor size 32768 bytes, new threshold 15 (max 15)
- age   1:         40 bytes,         40 total
- age   2:        184 bytes,        224 total
: 896K->0K(960K), 0.0005479 secs] 2754K->2146K(10176K), 0.0007093 secs] [Times: user=0.00 sys=0.00, real=0.00 secs] 
2019-01-02T11:13:39.287+0530: 887.187: [GC (Allocation Failure) 2019-01-02T11:13:39.287+0530: 887.187: [DefNew
Desired survivor size 32768 bytes, new threshold 15 (max 15)
- age   3:        184 bytes,        184 total
: 896K->0K(960K), 0.0009921 secs] 3042K->2722K(10176K), 0.0011386 secs] [Times: user=0.00 sys=0.00, real=0.00 secs] 
2019-01-02T11:13:39.289+0530: 887.190: [GC (Allocation Failure) 2019-01-02T11:13:39.289+0530: 887.190: [DefNew
Desired survivor size 32768 bytes, new threshold 15 (max 15)
- age   1:         24 bytes,         24 total
- age   4:        184 bytes,        208 total
: 497K->0K(960K), 0.0005017 secs] 3220K->2722K(10176K), 0.0006198 secs] [Times: user=0.00 sys=0.00, real=0.00 secs] 
2019-01-02T11:13:39.290+0530: 887.191: [GC (Allocation Failure) 2019-01-02T11:13:39.290+0530: 887.191: [DefNew
Desired survivor size 32768 bytes, new threshold 15 (max 15)
- age   2:         24 bytes,         24 total
- age   5:        184 bytes,        208 total
: 508K->0K(960K), 0.0003296 secs] 3230K->3230K(10176K), 0.0004042 secs] [Times: user=0.00 sys=0.00, real=0.00 secs] 
2019-01-02T11:13:39.291+0530: 887.191: [GC (Allocation Failure) 2019-01-02T11:13:39.291+0530: 887.191: [DefNew
Desired survivor size 32768 bytes, new threshold 15 (max 15)
- age   1:         24 bytes,         24 total
- age   6:         72 bytes,         96 total
: 525K->0K(960K), 0.0003193 secs] 3755K->3738K(10176K), 0.0003991 secs] [Times: user=0.00 sys=0.00, real=0.00 secs] 
2019-01-02T11:13:39.352+0530: 887.252: [GC (Allocation Failure) 2019-01-02T11:13:39.352+0530: 887.252: [DefNew
Desired survivor size 32768 bytes, new threshold 15 (max 15)
- age   1:        248 bytes,        248 total
- age   7:         16 bytes,        264 total
: 879K->0K(960K), 0.0008872 secs] 4617K->3810K(10176K), 0.0012988 secs] [Times: user=0.00 sys=0.00, real=0.00 secs] 
2019-01-02T11:13:39.355+0530: 887.256: [GC (Allocation Failure) 2019-01-02T11:13:39.355+0530: 887.256: [DefNew
Desired survivor size 32768 bytes, new threshold 15 (max 15)
- age   1:         40 bytes,         40 total
- age   2:        184 bytes,        224 total
- age   8:         16 bytes,        240 total
: 896K->0K(960K), 0.0005582 secs] 4706K->4098K(10176K), 0.0006614 secs] [Times: user=0.00 sys=0.00, real=0.00 secs] 
2019-01-02T11:13:39.357+0530: 887.258: [GC (Allocation Failure) 2019-01-02T11:13:39.357+0530: 887.258: [DefNew
Desired survivor size 32768 bytes, new threshold 15 (max 15)
- age   3:        184 bytes,        184 total
- age   9:         16 bytes,        200 total
: 896K->0K(960K), 0.0008068 secs] 4994K->4674K(10176K), 0.0009094 secs] [Times: user=0.00 sys=0.00, real=0.00 secs] 
2019-01-02T11:13:39.359+0530: 887.260: [GC (Allocation Failure) 2019-01-02T11:13:39.359+0530: 887.260: [DefNew
Desired survivor size 32768 bytes, new threshold 15 (max 15)
- age   1:         24 bytes,         24 total
- age   4:        184 bytes,        208 total
- age  10:         16 bytes,        224 total
: 497K->0K(960K), 0.0005320 secs] 5172K->4674K(10176K), 0.0006933 secs] [Times: user=0.00 sys=0.00, real=0.00 secs] 
2019-01-02T11:13:39.361+0530: 887.262: [GC (Allocation Failure) 2019-01-02T11:13:39.361+0530: 887.262: [DefNew
Desired survivor size 32768 bytes, new threshold 15 (max 15)
- age   2:         24 bytes,         24 total
- age   5:        184 bytes,        208 total
- age  11:         16 bytes,        224 total
: 508K->0K(960K), 0.0004122 secs] 5182K->5182K(10176K), 0.0005605 secs] [Times: user=0.00 sys=0.00, real=0.00 secs] 
2019-01-02T11:13:39.362+0530: 887.263: [GC (Allocation Failure) 2019-01-02T11:13:39.362+0530: 887.263: [DefNew
Desired survivor size 32768 bytes, new threshold 15 (max 15)
- age   1:         24 bytes,         24 total
- age   6:         72 bytes,         96 total
- age  12:         16 bytes,        112 total
: 525K->0K(960K), 0.0003210 secs] 5707K->5690K(10176K), 0.0003940 secs] [Times: user=0.00 sys=0.00, real=0.00 secs] 
2019-01-02T11:13:39.421+0530: 887.322: [GC (Allocation Failure) 2019-01-02T11:13:39.421+0530: 887.322: [DefNew
Desired survivor size 32768 bytes, new threshold 15 (max 15)
- age   1:        248 bytes,        248 total
- age   7:         16 bytes,        264 total
- age  13:         16 bytes,        280 total
: 879K->0K(960K), 0.0004060 secs] 6569K->5762K(10176K), 0.0006551 secs] [Times: user=0.00 sys=0.00, real=0.00 secs] 
2019-01-02T11:13:39.423+0530: 887.324: [GC (Allocation Failure) 2019-01-02T11:13:39.423+0530: 887.324: [DefNew
Desired survivor size 32768 bytes, new threshold 15 (max 15)
- age   1:         40 bytes,         40 total
- age   2:        184 bytes,        224 total
- age   8:         16 bytes,        240 total
- age  14:         16 bytes,        256 total
: 896K->0K(960K), 0.0006762 secs] 6658K->6050K(10176K), 0.0008387 secs] [Times: user=0.00 sys=0.00, real=0.00 secs] 
2019-01-02T11:13:39.426+0530: 887.326: [GC (Allocation Failure) 2019-01-02T11:13:39.426+0530: 887.326: [DefNew
Desired survivor size 32768 bytes, new threshold 15 (max 15)
- age   3:        184 bytes,        184 total
- age   9:         16 bytes,        200 total
- age  15:         16 bytes,        216 total
: 896K->0K(960K), 0.0007150 secs] 6946K->6626K(10176K), 0.0009430 secs] [Times: user=0.00 sys=0.00, real=0.00 secs] 
2019-01-02T11:13:39.428+0530: 887.328: [GC (Allocation Failure) 2019-01-02T11:13:39.428+0530: 887.328: [DefNew
Desired survivor size 32768 bytes, new threshold 15 (max 15)
- age   1:         24 bytes,         24 total
- age   4:        184 bytes,        208 total
- age  10:         16 bytes,        224 total
: 497K->0K(960K), 0.0002395 secs] 7123K->6626K(10176K), 0.0003096 secs] [Times: user=0.00 sys=0.00, real=0.00 secs] 
2019-01-02T11:13:39.428+0530: 887.329: [GC (Allocation Failure) 2019-01-02T11:13:39.428+0530: 887.329: [DefNew
Desired survivor size 32768 bytes, new threshold 15 (max 15)
- age   2:         24 bytes,         24 total
- age   5:        184 bytes,        208 total
- age  11:         16 bytes,        224 total
: 508K->0K(960K), 0.0003159 secs] 7134K->7134K(10176K), 0.0003854 secs] [Times: user=0.00 sys=0.00, real=0.00 secs] 
2019-01-02T11:13:39.429+0530: 887.330: [GC (Allocation Failure) 2019-01-02T11:13:39.429+0530: 887.330: [DefNew
Desired survivor size 32768 bytes, new threshold 15 (max 15)
- age   1:         24 bytes,         24 total
- age   6:         72 bytes,         96 total
- age  12:         16 bytes,        112 total
: 525K->0K(960K), 0.0003375 secs] 7659K->7642K(10176K), 0.0004082 secs] [Times: user=0.00 sys=0.00, real=0.00 secs] 
2019-01-02T11:13:39.489+0530: 887.390: [GC (Allocation Failure) 2019-01-02T11:13:39.490+0530: 887.390: [DefNew
Desired survivor size 32768 bytes, new threshold 15 (max 15)
- age   1:        248 bytes,        248 total
- age   7:         16 bytes,        264 total
- age  13:         16 bytes,        280 total
: 879K->0K(960K), 0.0006990 secs] 8521K->7714K(10176K), 0.0009334 secs] [Times: user=0.00 sys=0.00, real=0.00 secs] 
2019-01-02T11:13:39.492+0530: 887.392: [GC (Allocation Failure) 2019-01-02T11:13:39.492+0530: 887.393: [DefNew
Desired survivor size 32768 bytes, new threshold 15 (max 15)
- age   1:         40 bytes,         40 total
- age   2:        184 bytes,        224 total
- age   8:         16 bytes,        240 total
- age  14:         16 bytes,        256 total
: 896K->0K(960K), 0.0009687 secs] 8610K->8002K(10176K), 0.0011289 secs] [Times: user=0.00 sys=0.00, real=0.00 secs] 
2019-01-02T11:13:39.495+0530: 887.395: [GC (Allocation Failure) 2019-01-02T11:13:39.495+0530: 887.395: [DefNew
Desired survivor size 32768 bytes, new threshold 15 (max 15)
- age   3:        184 bytes,        184 total
- age   9:         16 bytes,        200 total
- age  15:         16 bytes,        216 total
: 896K->0K(960K), 0.0009140 secs] 8898K->8578K(10176K), 0.0011130 secs] [Times: user=0.01 sys=0.00, real=0.00 secs] 
2019-01-02T11:13:39.497+0530: 887.398: [GC (Allocation Failure) 2019-01-02T11:13:39.497+0530: 887.398: [DefNew
Desired survivor size 32768 bytes, new threshold 15 (max 15)
- age   1:         24 bytes,         24 total
- age   4:        184 bytes,        208 total
- age  10:         16 bytes,        224 total
: 497K->0K(960K), 0.0002480 secs] 9076K->8578K(10176K), 0.0003221 secs] [Times: user=0.00 sys=0.00, real=0.00 secs] 
2019-01-02T11:13:39.498+0530: 887.398: [GC (Allocation Failure) 2019-01-02T11:13:39.498+0530: 887.398: [DefNew
Desired survivor size 32768 bytes, new threshold 15 (max 15)
- age   2:         24 bytes,         24 total
- age   5:        184 bytes,        208 total
- age  11:         16 bytes,        224 total
: 508K->0K(960K), 0.0003261 secs] 9086K->9086K(10176K), 0.0003974 secs] [Times: user=0.00 sys=0.00, real=0.00 secs] 
2019-01-02T11:13:39.499+0530: 887.399: [GC (Allocation Failure) 2019-01-02T11:13:39.499+0530: 887.399: [DefNew: 525K->525K(960K), 0.0000279 secs]2019-01-02T11:13:39.499+0530: 887.399: [Tenured: 9086K->1278K(9216K), 0.0042357 secs] 9611K->1278K(10176K), [Metaspace: 2520K->2520K(1056768K)], 0.0044467 secs] [Times: user=0.00 sys=0.00, real=0.00 secs] 
2019-01-02T11:13:39.567+0530: 887.468: [GC (Allocation Failure) 2019-01-02T11:13:39.567+0530: 887.468: [DefNew
Desired survivor size 32768 bytes, new threshold 15 (max 15)
- age   1:        248 bytes,        248 total
: 879K->0K(960K), 0.0016597 secs] 2157K->1858K(10176K), 0.0018245 secs] [Times: user=0.00 sys=0.00, real=0.00 secs] 
2019-01-02T11:13:39.571+0530: 887.472: [GC (Allocation Failure) 2019-01-02T11:13:39.572+0530: 887.472: [DefNew
Desired survivor size 32768 bytes, new threshold 15 (max 15)
- age   1:         40 bytes,         40 total
- age   2:        184 bytes,        224 total
: 896K->0K(960K), 0.0009003 secs] 2754K->2146K(10176K), 0.0012350 secs] [Times: user=0.00 sys=0.00, real=0.00 secs] 
2019-01-02T11:13:39.574+0530: 887.475: [GC (Allocation Failure) 2019-01-02T11:13:39.574+0530: 887.475: [DefNew
Desired survivor size 32768 bytes, new threshold 15 (max 15)
- age   3:        184 bytes,        184 total
: 896K->0K(960K), 0.0003444 secs] 3042K->2722K(10176K), 0.0004179 secs] [Times: user=0.00 sys=0.00, real=0.00 secs] 
2019-01-02T11:13:39.576+0530: 887.477: [GC (Allocation Failure) 2019-01-02T11:13:39.576+0530: 887.477: [DefNew
Desired survivor size 32768 bytes, new threshold 15 (max 15)
- age   1:         24 bytes,         24 total
- age   4:        184 bytes,        208 total
: 497K->0K(960K), 0.0002526 secs] 3220K->2722K(10176K), 0.0003244 secs] [Times: user=0.00 sys=0.00, real=0.00 secs] 
2019-01-02T11:13:39.577+0530: 887.477: [GC (Allocation Failure) 2019-01-02T11:13:39.577+0530: 887.477: [DefNew
Desired survivor size 32768 bytes, new threshold 15 (max 15)
- age   2:         24 bytes,         24 total
- age   5:        184 bytes,        208 total
: 508K->0K(960K), 0.0002999 secs] 3230K->3230K(10176K), 0.0003501 secs] [Times: user=0.00 sys=0.00, real=0.00 secs] 
2019-01-02T11:13:39.577+0530: 887.478: [GC (Allocation Failure) 2019-01-02T11:13:39.577+0530: 887.478: [DefNew
Desired survivor size 32768 bytes, new threshold 15 (max 15)
- age   1:         24 bytes,         24 total
- age   6:         72 bytes,         96 total
: 525K->0K(960K), 0.0003067 secs] 3756K->3738K(10176K), 0.0003575 secs] [Times: user=0.00 sys=0.00, real=0.00 secs] 
2019-01-02T11:13:39.663+0530: 887.564: [GC (Allocation Failure) 2019-01-02T11:13:39.663+0530: 887.564: [DefNew
Desired survivor size 32768 bytes, new threshold 15 (max 15)
- age   1:        248 bytes,        248 total
- age   7:         16 bytes,        264 total
: 879K->0K(960K), 0.0004367 secs] 4617K->3810K(10176K), 0.0005759 secs] [Times: user=0.00 sys=0.00, real=0.00 secs] 
2019-01-02T11:13:39.665+0530: 887.565: [GC (Allocation Failure) 2019-01-02T11:13:39.665+0530: 887.565: [DefNew
Desired survivor size 32768 bytes, new threshold 15 (max 15)
- age   1:         40 bytes,         40 total
- age   2:        184 bytes,        224 total
- age   8:         16 bytes,        240 total
: 896K->0K(960K), 0.0004094 secs] 4706K->4098K(10176K), 0.0005063 secs] [Times: user=0.00 sys=0.00, real=0.00 secs] 
2019-01-02T11:13:39.667+0530: 887.567: [GC (Allocation Failure) 2019-01-02T11:13:39.667+0530: 887.567: [DefNew
Desired survivor size 32768 bytes, new threshold 15 (max 15)
- age   3:        184 bytes,        184 total
- age   9:         16 bytes,        200 total
: 896K->0K(960K), 0.0005217 secs] 4994K->4674K(10176K), 0.0006460 secs] [Times: user=0.02 sys=0.00, real=0.00 secs] 
2019-01-02T11:13:39.669+0530: 887.569: [GC (Allocation Failure) 2019-01-02T11:13:39.669+0530: 887.569: [DefNew
Desired survivor size 32768 bytes, new threshold 15 (max 15)
- age   1:         24 bytes,         24 total
- age   4:        184 bytes,        208 total
- age  10:         16 bytes,        224 total
: 497K->0K(960K), 0.0004128 secs] 5172K->4674K(10176K), 0.0005206 secs] [Times: user=0.00 sys=0.00, real=0.00 secs] 
2019-01-02T11:13:39.670+0530: 887.571: [GC (Allocation Failure) 2019-01-02T11:13:39.670+0530: 887.571: [DefNew
Desired survivor size 32768 bytes, new threshold 15 (max 15)
- age   2:         24 bytes,         24 total
- age   5:        184 bytes,        208 total
- age  11:         16 bytes,        224 total
: 508K->0K(960K), 0.0010633 secs] 5182K->5182K(10176K), 0.0013655 secs] [Times: user=0.00 sys=0.00, real=0.00 secs] 
2019-01-02T11:13:39.673+0530: 887.573: [GC (Allocation Failure) 2019-01-02T11:13:39.673+0530: 887.574: [DefNew
Desired survivor size 32768 bytes, new threshold 15 (max 15)
- age   1:         24 bytes,         24 total
- age   6:         72 bytes,         96 total
- age  12:         16 bytes,        112 total
: 525K->0K(960K), 0.0015200 secs] 5708K->5690K(10176K), 0.0018399 secs] [Times: user=0.00 sys=0.00, real=0.00 secs] 
2019-01-02T11:13:39.746+0530: 887.647: [GC (Allocation Failure) 2019-01-02T11:13:39.747+0530: 887.647: [DefNew
Desired survivor size 32768 bytes, new threshold 15 (max 15)
- age   1:        248 bytes,        248 total
- age   7:         16 bytes,        264 total
- age  13:         16 bytes,        280 total
: 879K->0K(960K), 0.0009425 secs] 6569K->5762K(10176K), 0.0014836 secs] [Times: user=0.00 sys=0.00, real=0.00 secs] 
2019-01-02T11:13:39.750+0530: 887.650: [GC (Allocation Failure) 2019-01-02T11:13:39.750+0530: 887.650: [DefNew
Desired survivor size 32768 bytes, new threshold 15 (max 15)
- age   1:         40 bytes,         40 total
- age   2:        184 bytes,        224 total
- age   8:         16 bytes,        240 total
- age  14:         16 bytes,        256 total
: 896K->0K(960K), 0.0003239 secs] 6658K->6050K(10176K), 0.0004071 secs] [Times: user=0.00 sys=0.00, real=0.00 secs] 
2019-01-02T11:13:39.751+0530: 887.651: [GC (Allocation Failure) 2019-01-02T11:13:39.751+0530: 887.651: [DefNew
Desired survivor size 32768 bytes, new threshold 15 (max 15)
- age   3:        184 bytes,        184 total
- age   9:         16 bytes,        200 total
- age  15:         16 bytes,        216 total
: 896K->0K(960K), 0.0003353 secs] 6946K->6626K(10176K), 0.0003894 secs] [Times: user=0.00 sys=0.00, real=0.00 secs] 
2019-01-02T11:13:39.752+0530: 887.653: [GC (Allocation Failure) 2019-01-02T11:13:39.752+0530: 887.653: [DefNew
Desired survivor size 32768 bytes, new threshold 15 (max 15)
- age   1:         24 bytes,         24 total
- age   4:        184 bytes,        208 total
- age  10:         16 bytes,        224 total
: 497K->0K(960K), 0.0002132 secs] 7124K->6626K(10176K), 0.0002623 secs] [Times: user=0.00 sys=0.00, real=0.00 secs] 
2019-01-02T11:13:39.753+0530: 887.653: [GC (Allocation Failure) 2019-01-02T11:13:39.753+0530: 887.653: [DefNew
Desired survivor size 32768 bytes, new threshold 15 (max 15)
- age   2:         24 bytes,         24 total
- age   5:        184 bytes,        208 total
- age  11:         16 bytes,        224 total
: 508K->0K(960K), 0.0004516 secs] 7134K->7134K(10176K), 0.0005576 secs] [Times: user=0.00 sys=0.00, real=0.00 secs] 
2019-01-02T11:13:39.754+0530: 887.654: [GC (Allocation Failure) 2019-01-02T11:13:39.754+0530: 887.654: [DefNew
Desired survivor size 32768 bytes, new threshold 15 (max 15)
- age   1:         24 bytes,         24 total
- age   6:         72 bytes,         96 total
- age  12:         16 bytes,        112 total
: 525K->0K(960K), 0.0004385 secs] 7660K->7642K(10176K), 0.0005263 secs] [Times: user=0.00 sys=0.00, real=0.00 secs] 
2019-01-02T11:13:39.808+0530: 887.709: [GC (Allocation Failure) 2019-01-02T11:13:39.809+0530: 887.709: [DefNew
Desired survivor size 32768 bytes, new threshold 15 (max 15)
- age   1:        248 bytes,        248 total
- age   7:         16 bytes,        264 total
- age  13:         16 bytes,        280 total
: 879K->0K(960K), 0.0005445 secs] 8522K->7715K(10176K), 0.0007047 secs] [Times: user=0.00 sys=0.00, real=0.00 secs] 
2019-01-02T11:13:39.810+0530: 887.711: [GC (Allocation Failure) 2019-01-02T11:13:39.811+0530: 887.711: [DefNew
Desired survivor size 32768 bytes, new threshold 15 (max 15)
- age   1:         40 bytes,         40 total
- age   2:        184 bytes,        224 total
- age   8:         16 bytes,        240 total
- age  14:         16 bytes,        256 total
: 896K->0K(960K), 0.0008085 secs] 8611K->8003K(10176K), 0.0009533 secs] [Times: user=0.00 sys=0.00, real=0.00 secs] 
2019-01-02T11:13:39.813+0530: 887.714: [GC (Allocation Failure) 2019-01-02T11:13:39.813+0530: 887.714: [DefNew
Desired survivor size 32768 bytes, new threshold 15 (max 15)
- age   3:        184 bytes,        184 total
- age   9:         16 bytes,        200 total
- age  15:         16 bytes,        216 total
: 896K->0K(960K), 0.0010303 secs] 8899K->8579K(10176K), 0.0012013 secs] [Times: user=0.00 sys=0.00, real=0.00 secs] 
2019-01-02T11:13:39.816+0530: 887.716: [GC (Allocation Failure) 2019-01-02T11:13:39.816+0530: 887.716: [DefNew
Desired survivor size 32768 bytes, new threshold 15 (max 15)
- age   1:         24 bytes,         24 total
- age   4:        184 bytes,        208 total
- age  10:         16 bytes,        224 total
: 497K->0K(960K), 0.0002771 secs] 9076K->8579K(10176K), 0.0003763 secs] [Times: user=0.00 sys=0.00, real=0.00 secs] 
2019-01-02T11:13:39.816+0530: 887.717: [GC (Allocation Failure) 2019-01-02T11:13:39.816+0530: 887.717: [DefNew
Desired survivor size 32768 bytes, new threshold 15 (max 15)
- age   2:         24 bytes,         24 total
- age   5:        184 bytes,        208 total
- age  11:         16 bytes,        224 total
: 508K->0K(960K), 0.0003757 secs] 9087K->9087K(10176K), 0.0004396 secs] [Times: user=0.00 sys=0.00, real=0.00 secs] 
2019-01-02T11:13:39.817+0530: 887.718: [GC (Allocation Failure) 2019-01-02T11:13:39.817+0530: 887.718: [DefNew: 525K->525K(960K), 0.0000302 secs]2019-01-02T11:13:39.817+0530: 887.718: [Tenured: 9086K->1278K(9216K), 0.0047477 secs] 9612K->1278K(10176K), [Metaspace: 2520K->2520K(1056768K)], 0.0049028 secs] [Times: user=0.00 sys=0.00, real=0.01 secs] 
2019-01-02T11:13:39.883+0530: 887.783: [GC (Allocation Failure) 2019-01-02T11:13:39.883+0530: 887.783: [DefNew
Desired survivor size 32768 bytes, new threshold 15 (max 15)
- age   1:        248 bytes,        248 total
: 879K->0K(960K), 0.0010206 secs] 2157K->1859K(10176K), 0.0013376 secs] [Times: user=0.00 sys=0.00, real=0.00 secs] 
2019-01-02T11:13:39.886+0530: 887.786: [GC (Allocation Failure) 2019-01-02T11:13:39.886+0530: 887.786: [DefNew
Desired survivor size 32768 bytes, new threshold 15 (max 15)
- age   1:         40 bytes,         40 total
- age   2:        184 bytes,        224 total
: 896K->0K(960K), 0.0011192 secs] 2755K->2147K(10176K), 0.0012971 secs] [Times: user=0.00 sys=0.00, real=0.00 secs] 
2019-01-02T11:13:39.889+0530: 887.789: [GC (Allocation Failure) 2019-01-02T11:13:39.889+0530: 887.789: [DefNew
Desired survivor size 32768 bytes, new threshold 15 (max 15)
- age   3:        184 bytes,        184 total
: 896K->0K(960K), 0.0004122 secs] 3043K->2723K(10176K), 0.0005285 secs] [Times: user=0.00 sys=0.00, real=0.00 secs] 
2019-01-02T11:13:39.891+0530: 887.791: [GC (Allocation Failure) 2019-01-02T11:13:39.891+0530: 887.791: [DefNew
Desired survivor size 32768 bytes, new threshold 15 (max 15)
- age   1:         24 bytes,         24 total
- age   4:        184 bytes,        208 total
: 497K->0K(960K), 0.0005485 secs] 3220K->2723K(10176K), 0.0006534 secs] [Times: user=0.00 sys=0.00, real=0.00 secs] 
2019-01-02T11:13:39.892+0530: 887.792: [GC (Allocation Failure) 2019-01-02T11:13:39.892+0530: 887.793: [DefNew
Desired survivor size 32768 bytes, new threshold 15 (max 15)
- age   2:         24 bytes,         24 total
- age   5:        184 bytes,        208 total
: 508K->0K(960K), 0.0007047 secs] 3231K->3231K(10176K), 0.0007954 secs] [Times: user=0.00 sys=0.00, real=0.00 secs] 
2019-01-02T11:13:39.893+0530: 887.794: [GC (Allocation Failure) 2019-01-02T11:13:39.893+0530: 887.794: [DefNew
Desired survivor size 32768 bytes, new threshold 15 (max 15)
- age   1:         24 bytes,         24 total
- age   6:         72 bytes,         96 total
: 525K->0K(960K), 0.0003421 secs] 3756K->3739K(10176K), 0.0004219 secs] [Times: user=0.00 sys=0.00, real=0.00 secs] 
2019-01-02T11:13:39.947+0530: 887.847: [GC (Allocation Failure) 2019-01-02T11:13:39.947+0530: 887.847: [DefNew
Desired survivor size 32768 bytes, new threshold 15 (max 15)
- age   1:        248 bytes,        248 total
- age   7:         16 bytes,        264 total
: 879K->0K(960K), 0.0009276 secs] 4618K->3811K(10176K), 0.0016016 secs] [Times: user=0.00 sys=0.02, real=0.00 secs] 
2019-01-02T11:13:39.950+0530: 887.851: [GC (Allocation Failure) 2019-01-02T11:13:39.950+0530: 887.851: [DefNew
Desired survivor size 32768 bytes, new threshold 15 (max 15)
- age   1:         40 bytes,         40 total
- age   2:        184 bytes,        224 total
- age   8:         16 bytes,        240 total
: 896K->0K(960K), 0.0008621 secs] 4707K->4099K(10176K), 0.0009875 secs] [Times: user=0.00 sys=0.00, real=0.00 secs] 
2019-01-02T11:13:39.953+0530: 887.854: [GC (Allocation Failure) 2019-01-02T11:13:39.953+0530: 887.854: [DefNew
Desired survivor size 32768 bytes, new threshold 15 (max 15)
- age   3:        184 bytes,        184 total
- age   9:         16 bytes,        200 total
: 896K->0K(960K), 0.0009225 secs] 4995K->4675K(10176K), 0.0011722 secs] [Times: user=0.00 sys=0.00, real=0.00 secs] 
2019-01-02T11:13:39.956+0530: 887.856: [GC (Allocation Failure) 2019-01-02T11:13:39.956+0530: 887.857: [DefNew
Desired survivor size 32768 bytes, new threshold 15 (max 15)
- age   1:         24 bytes,         24 total
- age   4:        184 bytes,        208 total
- age  10:         16 bytes,        224 total
: 497K->0K(960K), 0.0003062 secs] 5172K->4675K(10176K), 0.0003871 secs] [Times: user=0.00 sys=0.00, real=0.00 secs] 
2019-01-02T11:13:39.957+0530: 887.857: [GC (Allocation Failure) 2019-01-02T11:13:39.957+0530: 887.857: [DefNew
Desired survivor size 32768 bytes, new threshold 15 (max 15)
- age   2:         24 bytes,         24 total
- age   5:        184 bytes,        208 total
- age  11:         16 bytes,        224 total
: 508K->0K(960K), 0.0006608 secs] 5183K->5183K(10176K), 0.0007344 secs] [Times: user=0.00 sys=0.00, real=0.00 secs] 
2019-01-02T11:13:39.958+0530: 887.859: [GC (Allocation Failure) 2019-01-02T11:13:39.958+0530: 887.859: [DefNew
Desired survivor size 32768 bytes, new threshold 15 (max 15)
- age   1:         24 bytes,         24 total
- age   6:         72 bytes,         96 total
- age  12:         16 bytes,        112 total
: 525K->0K(960K), 0.0006095 secs] 5709K->5691K(10176K), 0.0007691 secs] [Times: user=0.00 sys=0.00, real=0.00 secs] 
2019-01-02T11:13:40.016+0530: 887.917: [GC (Allocation Failure) 2019-01-02T11:13:40.016+0530: 887.917: [DefNew
Desired survivor size 32768 bytes, new threshold 15 (max 15)
- age   1:        248 bytes,        248 total
- age   7:         16 bytes,        264 total
- age  13:         16 bytes,        280 total
: 879K->0K(960K), 0.0011945 secs] 6570K->5763K(10176K), 0.0015314 secs] [Times: user=0.00 sys=0.00, real=0.00 secs] 
2019-01-02T11:13:40.020+0530: 887.920: [GC (Allocation Failure) 2019-01-02T11:13:40.020+0530: 887.920: [DefNew
Desired survivor size 32768 bytes, new threshold 15 (max 15)
- age   1:         40 bytes,         40 total
- age   2:        184 bytes,        224 total
- age   8:         16 bytes,        240 total
- age  14:         16 bytes,        256 total
: 896K->0K(960K), 0.0012025 secs] 6659K->6051K(10176K), 0.0014134 secs] [Times: user=0.00 sys=0.00, real=0.00 secs] 
2019-01-02T11:13:40.023+0530: 887.923: [GC (Allocation Failure) 2019-01-02T11:13:40.023+0530: 887.923: [DefNew
Desired survivor size 32768 bytes, new threshold 15 (max 15)
- age   3:        184 bytes,        184 total
- age   9:         16 bytes,        200 total
- age  15:         16 bytes,        216 total
: 896K->0K(960K), 0.0005422 secs] 6947K->6627K(10176K), 0.0006893 secs] [Times: user=0.00 sys=0.00, real=0.00 secs] 
2019-01-02T11:13:40.025+0530: 887.925: [GC (Allocation Failure) 2019-01-02T11:13:40.025+0530: 887.925: [DefNew
Desired survivor size 32768 bytes, new threshold 15 (max 15)
- age   1:         24 bytes,         24 total
- age   4:        184 bytes,        208 total
- age  10:         16 bytes,        224 total
: 497K->0K(960K), 0.0005023 secs] 7125K->6627K(10176K), 0.0006004 secs] [Times: user=0.00 sys=0.00, real=0.00 secs] 
2019-01-02T11:13:40.026+0530: 887.927: [GC (Allocation Failure) 2019-01-02T11:13:40.026+0530: 887.927: [DefNew
Desired survivor size 32768 bytes, new threshold 15 (max 15)
- age   2:         24 bytes,         24 total
- age   5:        184 bytes,        208 total
- age  11:         16 bytes,        224 total
: 508K->0K(960K), 0.0008296 secs] 7135K->7135K(10176K), 0.0009430 secs] [Times: user=0.00 sys=0.02, real=0.00 secs] 
2019-01-02T11:13:40.027+0530: 887.928: [GC (Allocation Failure) 2019-01-02T11:13:40.027+0530: 887.928: [DefNew
Desired survivor size 32768 bytes, new threshold 15 (max 15)
- age   1:         24 bytes,         24 total
- age   6:         72 bytes,         96 total
- age  12:         16 bytes,        112 total
: 525K->0K(960K), 0.0003529 secs] 7661K->7643K(10176K), 0.0004322 secs] [Times: user=0.00 sys=0.00, real=0.00 secs] 
2019-01-02T11:13:40.085+0530: 887.986: [GC (Allocation Failure) 2019-01-02T11:13:40.085+0530: 887.986: [DefNew
Desired survivor size 32768 bytes, new threshold 15 (max 15)
- age   1:        248 bytes,        248 total
- age   7:         16 bytes,        264 total
- age  13:         16 bytes,        280 total
: 879K->0K(960K), 0.0008632 secs] 8522K->7715K(10176K), 0.0011124 secs] [Times: user=0.00 sys=0.00, real=0.00 secs] 
2019-01-02T11:13:40.088+0530: 887.989: [GC (Allocation Failure) 2019-01-02T11:13:40.088+0530: 887.989: [DefNew
Desired survivor size 32768 bytes, new threshold 15 (max 15)
- age   1:         40 bytes,         40 total
- age   2:        184 bytes,        224 total
- age   8:         16 bytes,        240 total
- age  14:         16 bytes,        256 total
: 896K->0K(960K), 0.0012390 secs] 8611K->8003K(10176K), 0.0015520 secs] [Times: user=0.00 sys=0.00, real=0.00 secs] 
2019-01-02T11:13:40.091+0530: 887.992: [GC (Allocation Failure) 2019-01-02T11:13:40.092+0530: 887.992: [DefNew
Desired survivor size 32768 bytes, new threshold 15 (max 15)
- age   3:        184 bytes,        184 total
- age   9:         16 bytes,        200 total
- age  15:         16 bytes,        216 total
: 896K->0K(960K), 0.0009402 secs] 8899K->8579K(10176K), 0.0011141 secs] [Times: user=0.00 sys=0.00, real=0.00 secs] 
2019-01-02T11:13:40.094+0530: 887.995: [GC (Allocation Failure) 2019-01-02T11:13:40.094+0530: 887.995: [DefNew
Desired survivor size 32768 bytes, new threshold 15 (max 15)
- age   1:         24 bytes,         24 total
- age   4:        184 bytes,        208 total
- age  10:         16 bytes,        224 total
: 497K->0K(960K), 0.0006711 secs] 9077K->8579K(10176K), 0.0007617 secs] [Times: user=0.00 sys=0.00, real=0.00 secs] 
2019-01-02T11:13:40.095+0530: 887.996: [GC (Allocation Failure) 2019-01-02T11:13:40.095+0530: 887.996: [DefNew
Desired survivor size 32768 bytes, new threshold 15 (max 15)
- age   2:         24 bytes,         24 total
- age   5:        184 bytes,        208 total
- age  11:         16 bytes,        224 total
: 508K->0K(960K), 0.0003438 secs] 9087K->9087K(10176K), 0.0004156 secs] [Times: user=0.00 sys=0.00, real=0.00 secs] 
2019-01-02T11:13:40.096+0530: 887.997: [GC (Allocation Failure) 2019-01-02T11:13:40.096+0530: 887.997: [DefNew: 525K->525K(960K), 0.0000371 secs]2019-01-02T11:13:40.096+0530: 887.997: [Tenured: 9087K->1278K(9216K), 0.0038948 secs] 9613K->1278K(10176K), [Metaspace: 2520K->2520K(1056768K)], 0.0040681 secs] [Times: user=0.00 sys=0.00, real=0.00 secs] 
2019-01-02T11:13:40.159+0530: 888.060: [GC (Allocation Failure) 2019-01-02T11:13:40.159+0530: 888.060: [DefNew
Desired survivor size 32768 bytes, new threshold 15 (max 15)
- age   1:        248 bytes,        248 total
: 879K->0K(960K), 0.0008079 secs] 2158K->1859K(10176K), 0.0011825 secs] [Times: user=0.00 sys=0.00, real=0.00 secs] 
2019-01-02T11:13:40.162+0530: 888.062: [GC (Allocation Failure) 2019-01-02T11:13:40.162+0530: 888.062: [DefNew
Desired survivor size 32768 bytes, new threshold 15 (max 15)
- age   1:         40 bytes,         40 total
- age   2:        184 bytes,        224 total
: 896K->0K(960K), 0.0007902 secs] 2755K->2147K(10176K), 0.0009242 secs] [Times: user=0.00 sys=0.00, real=0.00 secs] 
2019-01-02T11:13:40.164+0530: 888.065: [GC (Allocation Failure) 2019-01-02T11:13:40.164+0530: 888.065: [DefNew
Desired survivor size 32768 bytes, new threshold 15 (max 15)
- age   3:        184 bytes,        184 total
: 896K->0K(960K), 0.0004521 secs] 3043K->2723K(10176K), 0.0006449 secs] [Times: user=0.00 sys=0.00, real=0.00 secs] 
2019-01-02T11:13:40.166+0530: 888.067: [GC (Allocation Failure) 2019-01-02T11:13:40.166+0530: 888.067: [DefNew
Desired survivor size 32768 bytes, new threshold 15 (max 15)
- age   1:         24 bytes,         24 total
- age   4:        184 bytes,        208 total
: 497K->0K(960K), 0.0002532 secs] 3221K->2723K(10176K), 0.0003261 secs] [Times: user=0.02 sys=0.00, real=0.00 secs] 
2019-01-02T11:13:40.167+0530: 888.067: [GC (Allocation Failure) 2019-01-02T11:13:40.167+0530: 888.067: [DefNew
Desired survivor size 32768 bytes, new threshold 15 (max 15)
- age   2:         24 bytes,         24 total
- age   5:        184 bytes,        208 total
: 508K->0K(960K), 0.0003330 secs] 3231K->3231K(10176K), 0.0004020 secs] [Times: user=0.00 sys=0.00, real=0.00 secs] 
2019-01-02T11:13:40.167+0530: 888.068: [GC (Allocation Failure) 2019-01-02T11:13:40.167+0530: 888.068: [DefNew
Desired survivor size 32768 bytes, new threshold 15 (max 15)
- age   1:         24 bytes,         24 total
- age   6:         72 bytes,         96 total
: 525K->0K(960K), 0.0003221 secs] 3757K->3739K(10176K), 0.0003940 secs] [Times: user=0.00 sys=0.00, real=0.00 secs] 
2019-01-02T11:13:40.228+0530: 888.129: [GC (Allocation Failure) 2019-01-02T11:13:40.229+0530: 888.129: [DefNew
Desired survivor size 32768 bytes, new threshold 15 (max 15)
- age   1:        248 bytes,        248 total
- age   7:         16 bytes,        264 total
: 879K->0K(960K), 0.0014647 secs] 4618K->3811K(10176K), 0.0017664 secs] [Times: user=0.00 sys=0.01, real=0.00 secs] 
2019-01-02T11:13:40.233+0530: 888.133: [GC (Allocation Failure) 2019-01-02T11:13:40.233+0530: 888.134: [DefNew
Desired survivor size 32768 bytes, new threshold 15 (max 15)
- age   1:         40 bytes,         40 total
- age   2:        184 bytes,        224 total
- age   8:         16 bytes,        240 total
: 896K->0K(960K), 0.0008655 secs] 4707K->4099K(10176K), 0.0010787 secs] [Times: user=0.00 sys=0.00, real=0.00 secs] 
2019-01-02T11:13:40.236+0530: 888.136: [GC (Allocation Failure) 2019-01-02T11:13:40.236+0530: 888.136: [DefNew
Desired survivor size 32768 bytes, new threshold 15 (max 15)
- age   3:        184 bytes,        184 total
- age   9:         16 bytes,        200 total
: 896K->0K(960K), 0.0003854 secs] 4995K->4675K(10176K), 0.0004698 secs] [Times: user=0.00 sys=0.00, real=0.00 secs] 
2019-01-02T11:13:40.237+0530: 888.138: [GC (Allocation Failure) 2019-01-02T11:13:40.238+0530: 888.138: [DefNew
Desired survivor size 32768 bytes, new threshold 15 (max 15)
- age   1:         24 bytes,         24 total
- age   4:        184 bytes,        208 total
- age  10:         16 bytes,        224 total
: 497K->0K(960K), 0.0002577 secs] 5173K->4675K(10176K), 0.0003324 secs] [Times: user=0.00 sys=0.00, real=0.00 secs] 
2019-01-02T11:13:40.238+0530: 888.139: [GC (Allocation Failure) 2019-01-02T11:13:40.238+0530: 888.139: [DefNew
Desired survivor size 32768 bytes, new threshold 15 (max 15)
- age   2:         24 bytes,         24 total
- age   5:        184 bytes,        208 total
- age  11:         16 bytes,        224 total
: 508K->0K(960K), 0.0003335 secs] 5183K->5183K(10176K), 0.0004031 secs] [Times: user=0.00 sys=0.00, real=0.00 secs] 
2019-01-02T11:13:40.239+0530: 888.140: [GC (Allocation Failure) 2019-01-02T11:13:40.239+0530: 888.140: [DefNew
Desired survivor size 32768 bytes, new threshold 15 (max 15)
- age   1:         24 bytes,         24 total
- age   6:         72 bytes,         96 total
- age  12:         16 bytes,        112 total
: 526K->0K(960K), 0.0011631 secs] 5709K->5691K(10176K), 0.0012926 secs] [Times: user=0.00 sys=0.00, real=0.00 secs] 
2019-01-02T11:13:40.296+0530: 888.197: [GC (Allocation Failure) 2019-01-02T11:13:40.296+0530: 888.197: [DefNew
Desired survivor size 32768 bytes, new threshold 15 (max 15)
- age   1:        248 bytes,        248 total
- age   7:         16 bytes,        264 total
- age  13:         16 bytes,        280 total
: 879K->0K(960K), 0.0010525 secs] 6571K->5764K(10176K), 0.0015731 secs] [Times: user=0.00 sys=0.00, real=0.00 secs] 
2019-01-02T11:13:40.300+0530: 888.201: [GC (Allocation Failure) 2019-01-02T11:13:40.300+0530: 888.201: [DefNew
Desired survivor size 32768 bytes, new threshold 15 (max 15)
- age   1:         40 bytes,         40 total
- age   2:        184 bytes,        224 total
- age   8:         16 bytes,        240 total
- age  14:         16 bytes,        256 total
: 896K->0K(960K), 0.0009670 secs] 6660K->6052K(10176K), 0.0011272 secs] [Times: user=0.00 sys=0.00, real=0.00 secs] 
2019-01-02T11:13:40.303+0530: 888.203: [GC (Allocation Failure) 2019-01-02T11:13:40.303+0530: 888.203: [DefNew
Desired survivor size 32768 bytes, new threshold 15 (max 15)
- age   3:        184 bytes,        184 total
- age   9:         16 bytes,        200 total
- age  15:         16 bytes,        216 total
: 896K->0K(960K), 0.0010052 secs] 6948K->6628K(10176K), 0.0012315 secs] [Times: user=0.00 sys=0.00, real=0.00 secs] 
2019-01-02T11:13:40.305+0530: 888.206: [GC (Allocation Failure) 2019-01-02T11:13:40.305+0530: 888.206: [DefNew
Desired survivor size 32768 bytes, new threshold 15 (max 15)
- age   1:         24 bytes,         24 total
- age   4:        184 bytes,        208 total
- age  10:         16 bytes,        224 total
: 497K->0K(960K), 0.0002794 secs] 7125K->6628K(10176K), 0.0003649 secs] [Times: user=0.00 sys=0.00, real=0.00 secs] 
2019-01-02T11:13:40.306+0530: 888.206: [GC (Allocation Failure) 2019-01-02T11:13:40.306+0530: 888.206: [DefNew
Desired survivor size 32768 bytes, new threshold 15 (max 15)
- age   2:         24 bytes,         24 total
- age   5:        184 bytes,        208 total
- age  11:         16 bytes,        224 total
: 508K->0K(960K), 0.0010736 secs] 7136K->7136K(10176K), 0.0016478 secs] [Times: user=0.02 sys=0.00, real=0.00 secs] 
2019-01-02T11:13:40.308+0530: 888.209: [GC (Allocation Failure) 2019-01-02T11:13:40.308+0530: 888.209: [DefNew
Desired survivor size 32768 bytes, new threshold 15 (max 15)
- age   1:         24 bytes,         24 total
- age   6:         72 bytes,         96 total
- age  12:         16 bytes,        112 total
: 526K->0K(960K), 0.0004675 secs] 7662K->7644K(10176K), 0.0005627 secs] [Times: user=0.00 sys=0.00, real=0.00 secs] 
2019-01-02T11:13:40.375+0530: 888.275: [GC (Allocation Failure) 2019-01-02T11:13:40.375+0530: 888.276: [DefNew
Desired survivor size 32768 bytes, new threshold 15 (max 15)
- age   1:        248 bytes,        248 total
- age   7:         16 bytes,        264 total
- age  13:         16 bytes,        280 total
: 879K->0K(960K), 0.0004356 secs] 8523K->7716K(10176K), 0.0008062 secs] [Times: user=0.00 sys=0.00, real=0.00 secs] 
2019-01-02T11:13:40.378+0530: 888.279: [GC (Allocation Failure) 2019-01-02T11:13:40.378+0530: 888.279: [DefNew
Desired survivor size 32768 bytes, new threshold 15 (max 15)
- age   1:         40 bytes,         40 total
- age   2:        184 bytes,        224 total
- age   8:         16 bytes,        240 total
- age  14:         16 bytes,        256 total
: 896K->0K(960K), 0.0007378 secs] 8612K->8004K(10176K), 0.0008855 secs] [Times: user=0.00 sys=0.00, real=0.00 secs] 
2019-01-02T11:13:40.380+0530: 888.281: [GC (Allocation Failure) 2019-01-02T11:13:40.380+0530: 888.281: [DefNew
Desired survivor size 32768 bytes, new threshold 15 (max 15)
- age   3:        184 bytes,        184 total
- age   9:         16 bytes,        200 total
- age  15:         16 bytes,        216 total
: 896K->0K(960K), 0.0010126 secs] 8900K->8580K(10176K), 0.0012258 secs] [Times: user=0.00 sys=0.00, real=0.00 secs] 
2019-01-02T11:13:40.383+0530: 888.283: [GC (Allocation Failure) 2019-01-02T11:13:40.383+0530: 888.284: [DefNew
Desired survivor size 32768 bytes, new threshold 15 (max 15)
- age   1:         24 bytes,         24 total
- age   4:        184 bytes,        208 total
- age  10:         16 bytes,        224 total
: 497K->0K(960K), 0.0008775 secs] 9078K->8580K(10176K), 0.0010462 secs] [Times: user=0.00 sys=0.00, real=0.00 secs] 
2019-01-02T11:13:40.384+0530: 888.285: [GC (Allocation Failure) 2019-01-02T11:13:40.384+0530: 888.285: [DefNew
Desired survivor size 32768 bytes, new threshold 15 (max 15)
- age   2:         24 bytes,         24 total
- age   5:        184 bytes,        208 total
- age  11:         16 bytes,        224 total
: 508K->0K(960K), 0.0003501 secs] 9088K->9088K(10176K), 0.0004225 secs] [Times: user=0.01 sys=0.00, real=0.00 secs] 
2019-01-02T11:13:40.385+0530: 888.286: [GC (Allocation Failure) 2019-01-02T11:13:40.385+0530: 888.286: [DefNew: 526K->526K(960K), 0.0000279 secs]2019-01-02T11:13:40.385+0530: 888.286: [Tenured: 9088K->1279K(9216K), 0.0039352 secs] 9614K->1279K(10176K), [Metaspace: 2520K->2520K(1056768K)], 0.0040869 secs] [Times: user=0.00 sys=0.00, real=0.00 secs] 
2019-01-02T11:13:40.446+0530: 888.346: [GC (Allocation Failure) 2019-01-02T11:13:40.446+0530: 888.347: [DefNew
Desired survivor size 32768 bytes, new threshold 15 (max 15)
- age   1:        248 bytes,        248 total
: 879K->0K(960K), 0.0008416 secs] 2158K->1859K(10176K), 0.0010217 secs] [Times: user=0.00 sys=0.00, real=0.00 secs] 
2019-01-02T11:13:40.448+0530: 888.349: [GC (Allocation Failure) 2019-01-02T11:13:40.449+0530: 888.349: [DefNew
Desired survivor size 32768 bytes, new threshold 15 (max 15)
- age   1:         40 bytes,         40 total
- age   2:        184 bytes,        224 total
: 896K->0K(960K), 0.0008541 secs] 2755K->2147K(10176K), 0.0011107 secs] [Times: user=0.00 sys=0.00, real=0.00 secs] 
2019-01-02T11:13:40.451+0530: 888.352: [GC (Allocation Failure) 2019-01-02T11:13:40.451+0530: 888.352: [DefNew
Desired survivor size 32768 bytes, new threshold 15 (max 15)
- age   3:        184 bytes,        184 total
: 896K->0K(960K), 0.0012572 secs] 3043K->2723K(10176K), 0.0014043 secs] [Times: user=0.00 sys=0.00, real=0.00 secs] 
2019-01-02T11:13:40.454+0530: 888.355: [GC (Allocation Failure) 2019-01-02T11:13:40.454+0530: 888.355: [DefNew
Desired survivor size 32768 bytes, new threshold 15 (max 15)
- age   1:         24 bytes,         24 total
- age   4:        184 bytes,        208 total
: 497K->0K(960K), 0.0002469 secs] 3221K->2723K(10176K), 0.0003290 secs] [Times: user=0.00 sys=0.00, real=0.00 secs] 
2019-01-02T11:13:40.455+0530: 888.355: [GC (Allocation Failure) 2019-01-02T11:13:40.455+0530: 888.355: [DefNew
Desired survivor size 32768 bytes, new threshold 15 (max 15)
- age   2:         24 bytes,         24 total
- age   5:        184 bytes,        208 total
: 508K->0K(960K), 0.0003119 secs] 3231K->3231K(10176K), 0.0003820 secs] [Times: user=0.00 sys=0.00, real=0.00 secs] 
2019-01-02T11:13:40.455+0530: 888.356: [GC (Allocation Failure) 2019-01-02T11:13:40.455+0530: 888.356: [DefNew
Desired survivor size 32768 bytes, new threshold 15 (max 15)
- age   1:         24 bytes,         24 total
- age   6:         72 bytes,         96 total
: 526K->0K(960K), 0.0003107 secs] 3757K->3739K(10176K), 0.0003814 secs] [Times: user=0.00 sys=0.00, real=0.00 secs] 
2019-01-02T11:13:40.514+0530: 888.415: [GC (Allocation Failure) 2019-01-02T11:13:40.514+0530: 888.415: [DefNew
Desired survivor size 32768 bytes, new threshold 15 (max 15)
- age   1:        248 bytes,        248 total
- age   7:         16 bytes,        264 total
: 879K->0K(960K), 0.0008130 secs] 4619K->3812K(10176K), 0.0009978 secs] [Times: user=0.00 sys=0.00, real=0.00 secs] 
2019-01-02T11:13:40.517+0530: 888.417: [GC (Allocation Failure) 2019-01-02T11:13:40.517+0530: 888.417: [DefNew
Desired survivor size 32768 bytes, new threshold 15 (max 15)
- age   1:         40 bytes,         40 total
- age   2:        184 bytes,        224 total
- age   8:         16 bytes,        240 total
: 896K->0K(960K), 0.0006728 secs] 4708K->4100K(10176K), 0.0008182 secs] [Times: user=0.00 sys=0.00, real=0.00 secs] 
2019-01-02T11:13:40.519+0530: 888.420: [GC (Allocation Failure) 2019-01-02T11:13:40.519+0530: 888.420: [DefNew
Desired survivor size 32768 bytes, new threshold 15 (max 15)
- age   3:        184 bytes,        184 total
- age   9:         16 bytes,        200 total
: 896K->0K(960K), 0.0009430 secs] 4996K->4676K(10176K), 0.0012002 secs] [Times: user=0.00 sys=0.00, real=0.00 secs] 
2019-01-02T11:13:40.522+0530: 888.422: [GC (Allocation Failure) 2019-01-02T11:13:40.522+0530: 888.422: [DefNew
Desired survivor size 32768 bytes, new threshold 15 (max 15)
- age   1:         24 bytes,         24 total
- age   4:        184 bytes,        208 total
- age  10:         16 bytes,        224 total
: 497K->0K(960K), 0.0002936 secs] 5173K->4676K(10176K), 0.0003746 secs] [Times: user=0.00 sys=0.00, real=0.00 secs] 
2019-01-02T11:13:40.523+0530: 888.423: [GC (Allocation Failure) 2019-01-02T11:13:40.523+0530: 888.423: [DefNew
Desired survivor size 32768 bytes, new threshold 15 (max 15)
- age   2:         24 bytes,         24 total
- age   5:        184 bytes,        208 total
- age  11:         16 bytes,        224 total
: 508K->0K(960K), 0.0003216 secs] 5184K->5184K(10176K), 0.0003923 secs] [Times: user=0.00 sys=0.00, real=0.00 secs] 
2019-01-02T11:13:40.523+0530: 888.424: [GC (Allocation Failure) 2019-01-02T11:13:40.523+0530: 888.424: [DefNew
Desired survivor size 32768 bytes, new threshold 15 (max 15)
- age   1:         24 bytes,         24 total
- age   6:         72 bytes,         96 total
- age  12:         16 bytes,        112 total
: 526K->0K(960K), 0.0003529 secs] 5710K->5692K(10176K), 0.0004607 secs] [Times: user=0.00 sys=0.00, real=0.00 secs] 
2019-01-02T11:13:40.581+0530: 888.481: [GC (Allocation Failure) 2019-01-02T11:13:40.581+0530: 888.481: [DefNew
Desired survivor size 32768 bytes, new threshold 15 (max 15)
- age   1:        248 bytes,        248 total
- age   7:         16 bytes,        264 total
- age  13:         16 bytes,        280 total
: 879K->0K(960K), 0.0010445 secs] 6571K->5764K(10176K), 0.0013667 secs] [Times: user=0.00 sys=0.00, real=0.00 secs] 
2019-01-02T11:13:40.584+0530: 888.485: [GC (Allocation Failure) 2019-01-02T11:13:40.584+0530: 888.485: [DefNew
Desired survivor size 32768 bytes, new threshold 15 (max 15)
- age   1:         40 bytes,         40 total
- age   2:        184 bytes,        224 total
- age   8:         16 bytes,        240 total
- age  14:         16 bytes,        256 total
: 896K->0K(960K), 0.0010924 secs] 6660K->6052K(10176K), 0.0012834 secs] [Times: user=0.00 sys=0.00, real=0.00 secs] 
2019-01-02T11:13:40.587+0530: 888.488: [GC (Allocation Failure) 2019-01-02T11:13:40.587+0530: 888.488: [DefNew
Desired survivor size 32768 bytes, new threshold 15 (max 15)
- age   3:        184 bytes,        184 total
- age   9:         16 bytes,        200 total
- age  15:         16 bytes,        216 total
: 896K->0K(960K), 0.0008644 secs] 6948K->6628K(10176K), 0.0010805 secs] [Times: user=0.02 sys=0.00, real=0.00 secs] 
2019-01-02T11:13:40.590+0530: 888.491: [GC (Allocation Failure) 2019-01-02T11:13:40.590+0530: 888.491: [DefNew
Desired survivor size 32768 bytes, new threshold 15 (max 15)
- age   1:         24 bytes,         24 total
- age   4:        184 bytes,        208 total
- age  10:         16 bytes,        224 total
: 497K->0K(960K), 0.0002822 secs] 7126K->6628K(10176K), 0.0003655 secs] [Times: user=0.00 sys=0.00, real=0.00 secs] 
2019-01-02T11:13:40.591+0530: 888.492: [GC (Allocation Failure) 2019-01-02T11:13:40.591+0530: 888.492: [DefNew
Desired survivor size 32768 bytes, new threshold 15 (max 15)
- age   2:         24 bytes,         24 total
- age   5:        184 bytes,        208 total
- age  11:         16 bytes,        224 total
: 508K->0K(960K), 0.0004721 secs] 7136K->7136K(10176K), 0.0005702 secs] [Times: user=0.00 sys=0.00, real=0.00 secs] 
2019-01-02T11:13:40.592+0530: 888.493: [GC (Allocation Failure) 2019-01-02T11:13:40.592+0530: 888.493: [DefNew
Desired survivor size 32768 bytes, new threshold 15 (max 15)
- age   1:         24 bytes,         24 total
- age   6:         72 bytes,         96 total
- age  12:         16 bytes,        112 total
: 526K->0K(960K), 0.0005462 secs] 7662K->7645K(10176K), 0.0006483 secs] [Times: user=0.00 sys=0.00, real=0.00 secs] 
2019-01-02T11:13:40.648+0530: 888.549: [GC (Allocation Failure) 2019-01-02T11:13:40.649+0530: 888.549: [DefNew
Desired survivor size 32768 bytes, new threshold 15 (max 15)
- age   1:        248 bytes,        248 total
- age   7:         16 bytes,        264 total
- age  13:         16 bytes,        280 total
: 879K->0K(960K), 0.0005753 secs] 8524K->7717K(10176K), 0.0010371 secs] [Times: user=0.00 sys=0.00, real=0.00 secs] 
2019-01-02T11:13:40.652+0530: 888.552: [GC (Allocation Failure) 2019-01-02T11:13:40.652+0530: 888.553: [DefNew
Desired survivor size 32768 bytes, new threshold 15 (max 15)
- age   1:         40 bytes,         40 total
- age   2:        184 bytes,        224 total
- age   8:         16 bytes,        240 total
- age  14:         16 bytes,        256 total
: 896K->0K(960K), 0.0005759 secs] 8613K->8005K(10176K), 0.0008906 secs] [Times: user=0.00 sys=0.00, real=0.00 secs] 
2019-01-02T11:13:40.654+0530: 888.555: [GC (Allocation Failure) 2019-01-02T11:13:40.654+0530: 888.555: [DefNew
Desired survivor size 32768 bytes, new threshold 15 (max 15)
- age   3:        184 bytes,        184 total
- age   9:         16 bytes,        200 total
- age  15:         16 bytes,        216 total
: 896K->0K(960K), 0.0011015 secs] 8901K->8581K(10176K), 0.0012857 secs] [Times: user=0.00 sys=0.00, real=0.00 secs] 
2019-01-02T11:13:40.657+0530: 888.557: [GC (Allocation Failure) 2019-01-02T11:13:40.657+0530: 888.557: [DefNew
Desired survivor size 32768 bytes, new threshold 15 (max 15)
- age   1:         24 bytes,         24 total
- age   4:        184 bytes,        208 total
- age  10:         16 bytes,        224 total
: 497K->0K(960K), 0.0002737 secs] 9078K->8581K(10176K), 0.0003512 secs] [Times: user=0.00 sys=0.00, real=0.00 secs] 
2019-01-02T11:13:40.657+0530: 888.558: [GC (Allocation Failure) 2019-01-02T11:13:40.657+0530: 888.558: [DefNew
Desired survivor size 32768 bytes, new threshold 15 (max 15)
- age   2:         24 bytes,         24 total
- age   5:        184 bytes,        208 total
- age  11:         16 bytes,        224 total
: 508K->0K(960K), 0.0003849 secs] 9089K->9089K(10176K), 0.0004675 secs] [Times: user=0.00 sys=0.00, real=0.00 secs] 
2019-01-02T11:13:40.659+0530: 888.560: [GC (Allocation Failure) 2019-01-02T11:13:40.659+0530: 888.560: [DefNew: 526K->526K(960K), 0.0000981 secs]2019-01-02T11:13:40.659+0530: 888.560: [Tenured: 9089K->1279K(9216K), 0.0059536 secs] 9615K->1279K(10176K), [Metaspace: 2520K->2520K(1056768K)], 0.0062803 secs] [Times: user=0.00 sys=0.00, real=0.01 secs] 
2019-01-02T11:13:40.731+0530: 888.632: [GC (Allocation Failure) 2019-01-02T11:13:40.731+0530: 888.632: [DefNew
Desired survivor size 32768 bytes, new threshold 15 (max 15)
- age   1:        248 bytes,        248 total
: 879K->0K(960K), 0.0011916 secs] 2158K->1859K(10176K), 0.0014146 secs] [Times: user=0.00 sys=0.00, real=0.00 secs] 
2019-01-02T11:13:40.735+0530: 888.635: [GC (Allocation Failure) 2019-01-02T11:13:40.735+0530: 888.635: [DefNew
Desired survivor size 32768 bytes, new threshold 15 (max 15)
- age   1:         40 bytes,         40 total
- age   2:        184 bytes,        224 total
: 896K->0K(960K), 0.0004464 secs] 2755K->2147K(10176K), 0.0005770 secs] [Times: user=0.00 sys=0.00, real=0.00 secs] 
2019-01-02T11:13:40.736+0530: 888.637: [GC (Allocation Failure) 2019-01-02T11:13:40.737+0530: 888.637: [DefNew
Desired survivor size 32768 bytes, new threshold 15 (max 15)
- age   3:        184 bytes,        184 total
: 896K->0K(960K), 0.0005103 secs] 3043K->2723K(10176K), 0.0006431 secs] [Times: user=0.00 sys=0.00, real=0.00 secs] 
2019-01-02T11:13:40.739+0530: 888.639: [GC (Allocation Failure) 2019-01-02T11:13:40.739+0530: 888.640: [DefNew
Desired survivor size 32768 bytes, new threshold 15 (max 15)
- age   1:         24 bytes,         24 total
- age   4:        184 bytes,        208 total
: 497K->0K(960K), 0.0007423 secs] 3221K->2723K(10176K), 0.0010462 secs] [Times: user=0.00 sys=0.00, real=0.00 secs] 
2019-01-02T11:13:40.740+0530: 888.641: [GC (Allocation Failure) 2019-01-02T11:13:40.740+0530: 888.641: [DefNew
Desired survivor size 32768 bytes, new threshold 15 (max 15)
- age   2:         24 bytes,         24 total
- age   5:        184 bytes,        208 total
: 508K->0K(960K), 0.0004493 secs] 3232K->3232K(10176K), 0.0005211 secs] [Times: user=0.00 sys=0.00, real=0.00 secs] 
2019-01-02T11:13:40.741+0530: 888.642: [GC (Allocation Failure) 2019-01-02T11:13:40.741+0530: 888.642: [DefNew
Desired survivor size 32768 bytes, new threshold 15 (max 15)
- age   1:         24 bytes,         24 total
- age   6:         72 bytes,         96 total
: 526K->0K(960K), 0.0004795 secs] 3757K->3740K(10176K), 0.0005867 secs] [Times: user=0.00 sys=0.00, real=0.00 secs] 
2019-01-02T11:13:40.808+0530: 888.709: [GC (Allocation Failure) 2019-01-02T11:13:40.808+0530: 888.709: [DefNew
Desired survivor size 32768 bytes, new threshold 15 (max 15)
- age   1:        248 bytes,        248 total
- age   7:         16 bytes,        264 total
: 879K->0K(960K), 0.0005542 secs] 4619K->3812K(10176K), 0.0009254 secs] [Times: user=0.00 sys=0.00, real=0.00 secs] 
2019-01-02T11:13:40.812+0530: 888.712: [GC (Allocation Failure) 2019-01-02T11:13:40.812+0530: 888.713: [DefNew
Desired survivor size 32768 bytes, new threshold 15 (max 15)
- age   1:         40 bytes,         40 total
- age   2:        184 bytes,        224 total
- age   8:         16 bytes,        240 total
: 896K->0K(960K), 0.0012515 secs] 4708K->4100K(10176K), 0.0017076 secs] [Times: user=0.00 sys=0.00, real=0.00 secs] 
2019-01-02T11:13:40.815+0530: 888.715: [GC (Allocation Failure) 2019-01-02T11:13:40.815+0530: 888.715: [DefNew
Desired survivor size 32768 bytes, new threshold 15 (max 15)
- age   3:        184 bytes,        184 total
- age   9:         16 bytes,        200 total
: 896K->0K(960K), 0.0007515 secs] 4996K->4676K(10176K), 0.0008490 secs] [Times: user=0.00 sys=0.00, real=0.00 secs] 
2019-01-02T11:13:40.817+0530: 888.717: [GC (Allocation Failure) 2019-01-02T11:13:40.817+0530: 888.717: [DefNew
Desired survivor size 32768 bytes, new threshold 15 (max 15)
- age   1:         24 bytes,         24 total
- age   4:        184 bytes,        208 total
- age  10:         16 bytes,        224 total
: 497K->0K(960K), 0.0004333 secs] 5174K->4676K(10176K), 0.0005280 secs] [Times: user=0.00 sys=0.00, real=0.00 secs] 
2019-01-02T11:13:40.818+0530: 888.718: [GC (Allocation Failure) 2019-01-02T11:13:40.818+0530: 888.718: [DefNew
Desired survivor size 32768 bytes, new threshold 15 (max 15)
- age   2:         24 bytes,         24 total
- age   5:        184 bytes,        208 total
- age  11:         16 bytes,        224 total
: 508K->0K(960K), 0.0003016 secs] 5184K->5184K(10176K), 0.0003558 secs] [Times: user=0.00 sys=0.00, real=0.00 secs] 
2019-01-02T11:13:40.818+0530: 888.719: [GC (Allocation Failure) 2019-01-02T11:13:40.818+0530: 888.719: [DefNew
Desired survivor size 32768 bytes, new threshold 15 (max 15)
- age   1:         24 bytes,         24 total
- age   6:         72 bytes,         96 total
- age  12:         16 bytes,        112 total
: 526K->0K(960K), 0.0003039 secs] 5710K->5693K(10176K), 0.0003546 secs] [Times: user=0.00 sys=0.00, real=0.00 secs] 
2019-01-02T11:13:40.883+0530: 888.784: [GC (Allocation Failure) 2019-01-02T11:13:40.883+0530: 888.784: [DefNew
Desired survivor size 32768 bytes, new threshold 15 (max 15)
- age   1:        248 bytes,        248 total
- age   7:         16 bytes,        264 total
- age  13:         16 bytes,        280 total
: 879K->0K(960K), 0.0011312 secs] 6572K->5765K(10176K), 0.0014533 secs] [Times: user=0.02 sys=0.00, real=0.00 secs] 
2019-01-02T11:13:40.886+0530: 888.787: [GC (Allocation Failure) 2019-01-02T11:13:40.886+0530: 888.787: [DefNew
Desired survivor size 32768 bytes, new threshold 15 (max 15)
- age   1:         40 bytes,         40 total
- age   2:        184 bytes,        224 total
- age   8:         16 bytes,        240 total
- age  14:         16 bytes,        256 total
: 896K->0K(960K), 0.0006905 secs] 6661K->6053K(10176K), 0.0008416 secs] [Times: user=0.00 sys=0.00, real=0.00 secs] 
2019-01-02T11:13:40.888+0530: 888.789: [GC (Allocation Failure) 2019-01-02T11:13:40.888+0530: 888.789: [DefNew
Desired survivor size 32768 bytes, new threshold 15 (max 15)
- age   3:        184 bytes,        184 total
- age   9:         16 bytes,        200 total
- age  15:         16 bytes,        216 total
: 896K->0K(960K), 0.0010930 secs] 6949K->6629K(10176K), 0.0012726 secs] [Times: user=0.00 sys=0.00, real=0.00 secs] 
2019-01-02T11:13:40.891+0530: 888.791: [GC (Allocation Failure) 2019-01-02T11:13:40.891+0530: 888.791: [DefNew
Desired survivor size 32768 bytes, new threshold 15 (max 15)
- age   1:         24 bytes,         24 total
- age   4:        184 bytes,        208 total
- age  10:         16 bytes,        224 total
: 497K->0K(960K), 0.0002999 secs] 7126K->6629K(10176K), 0.0003906 secs] [Times: user=0.00 sys=0.00, real=0.00 secs] 
2019-01-02T11:13:40.892+0530: 888.792: [GC (Allocation Failure) 2019-01-02T11:13:40.892+0530: 888.792: [DefNew
Desired survivor size 32768 bytes, new threshold 15 (max 15)
- age   2:         24 bytes,         24 total
- age   5:        184 bytes,        208 total
- age  11:         16 bytes,        224 total
: 508K->0K(960K), 0.0003786 secs] 7137K->7137K(10176K), 0.0004516 secs] [Times: user=0.00 sys=0.00, real=0.00 secs] 
2019-01-02T11:13:40.892+0530: 888.793: [GC (Allocation Failure) 2019-01-02T11:13:40.892+0530: 888.793: [DefNew
Desired survivor size 32768 bytes, new threshold 15 (max 15)
- age   1:         24 bytes,         24 total
- age   6:         72 bytes,         96 total
- age  12:         16 bytes,        112 total
: 526K->0K(960K), 0.0010075 secs] 7663K->7645K(10176K), 0.0012070 secs] [Times: user=0.00 sys=0.00, real=0.00 secs] 
2019-01-02T11:13:40.955+0530: 888.856: [GC (Allocation Failure) 2019-01-02T11:13:40.955+0530: 888.856: [DefNew
Desired survivor size 32768 bytes, new threshold 15 (max 15)
- age   1:        248 bytes,        248 total
- age   7:         16 bytes,        264 total
- age  13:         16 bytes,        280 total
: 879K->0K(960K), 0.0007195 secs] 8525K->7718K(10176K), 0.0009858 secs] [Times: user=0.00 sys=0.00, real=0.00 secs] 
2019-01-02T11:13:40.958+0530: 888.858: [GC (Allocation Failure) 2019-01-02T11:13:40.958+0530: 888.858: [DefNew
Desired survivor size 32768 bytes, new threshold 15 (max 15)
- age   1:         40 bytes,         40 total
- age   2:        184 bytes,        224 total
- age   8:         16 bytes,        240 total
- age  14:         16 bytes,        256 total
: 896K->0K(960K), 0.0007840 secs] 8614K->8006K(10176K), 0.0009425 secs] [Times: user=0.00 sys=0.00, real=0.00 secs] 
2019-01-02T11:13:40.960+0530: 888.861: [GC (Allocation Failure) 2019-01-02T11:13:40.960+0530: 888.861: [DefNew
Desired survivor size 32768 bytes, new threshold 15 (max 15)
- age   3:        184 bytes,        184 total
- age   9:         16 bytes,        200 total
- age  15:         16 bytes,        216 total
: 896K->0K(960K), 0.0012099 secs] 8902K->8581K(10176K), 0.0015879 secs] [Times: user=0.00 sys=0.02, real=0.00 secs] 
2019-01-02T11:13:40.964+0530: 888.865: [GC (Allocation Failure) 2019-01-02T11:13:40.964+0530: 888.865: [DefNew
Desired survivor size 32768 bytes, new threshold 15 (max 15)
- age   1:         24 bytes,         24 total
- age   4:        184 bytes,        208 total
- age  10:         16 bytes,        224 total
: 497K->0K(960K), 0.0006163 secs] 9079K->8582K(10176K), 0.0007674 secs] [Times: user=0.00 sys=0.00, real=0.00 secs] 
2019-01-02T11:13:40.965+0530: 888.866: [GC (Allocation Failure) 2019-01-02T11:13:40.965+0530: 888.866: [DefNew
Desired survivor size 32768 bytes, new threshold 15 (max 15)
- age   2:         24 bytes,         24 total
- age   5:        184 bytes,        208 total
- age  11:         16 bytes,        224 total
: 508K->0K(960K), 0.0009088 secs] 9090K->9090K(10176K), 0.0010052 secs] [Times: user=0.00 sys=0.00, real=0.00 secs] 
2019-01-02T11:13:40.967+0530: 888.867: [GC (Allocation Failure) 2019-01-02T11:13:40.967+0530: 888.867: [DefNew: 526K->526K(960K), 0.0000262 secs]2019-01-02T11:13:40.967+0530: 888.867: [Tenured: 9090K->1279K(9216K), 0.0038001 secs] 9616K->1279K(10176K), [Metaspace: 2520K->2520K(1056768K)], 0.0039387 secs] [Times: user=0.00 sys=0.00, real=0.00 secs] 
2019-01-02T11:13:41.032+0530: 888.933: [GC (Allocation Failure) 2019-01-02T11:13:41.032+0530: 888.933: [DefNew
Desired survivor size 32768 bytes, new threshold 15 (max 15)
- age   1:        248 bytes,        248 total
: 879K->0K(960K), 0.0010394 secs] 2158K->1860K(10176K), 0.0013062 secs] [Times: user=0.00 sys=0.00, real=0.00 secs] 
2019-01-02T11:13:41.035+0530: 888.936: [GC (Allocation Failure) 2019-01-02T11:13:41.036+0530: 888.936: [DefNew
Desired survivor size 32768 bytes, new threshold 15 (max 15)
- age   1:         40 bytes,         40 total
- age   2:        184 bytes,        224 total
: 896K->0K(960K), 0.0005348 secs] 2756K->2147K(10176K), 0.0007441 secs] [Times: user=0.00 sys=0.00, real=0.00 secs] 
2019-01-02T11:13:41.038+0530: 888.939: [GC (Allocation Failure) 2019-01-02T11:13:41.038+0530: 888.939: [DefNew
Desired survivor size 32768 bytes, new threshold 15 (max 15)
- age   3:        184 bytes,        184 total
: 896K->0K(960K), 0.0013644 secs] 3043K->2723K(10176K), 0.0017350 secs] [Times: user=0.02 sys=0.00, real=0.00 secs] 
2019-01-02T11:13:41.041+0530: 888.942: [GC (Allocation Failure) 2019-01-02T11:13:41.041+0530: 888.942: [DefNew
Desired survivor size 32768 bytes, new threshold 15 (max 15)
- age   1:         24 bytes,         24 total
- age   4:        184 bytes,        208 total
: 497K->0K(960K), 0.0002560 secs] 3221K->2723K(10176K), 0.0003404 secs] [Times: user=0.00 sys=0.00, real=0.00 secs] 
2019-01-02T11:13:41.042+0530: 888.942: [GC (Allocation Failure) 2019-01-02T11:13:41.042+0530: 888.942: [DefNew
Desired survivor size 32768 bytes, new threshold 15 (max 15)
- age   2:         24 bytes,         24 total
- age   5:        184 bytes,        208 total
: 508K->0K(960K), 0.0004652 secs] 3232K->3232K(10176K), 0.0005667 secs] [Times: user=0.00 sys=0.00, real=0.00 secs] 
2019-01-02T11:13:41.043+0530: 888.943: [GC (Allocation Failure) 2019-01-02T11:13:41.043+0530: 888.943: [DefNew
Desired survivor size 32768 bytes, new threshold 15 (max 15)
- age   1:         24 bytes,         24 total
- age   6:         72 bytes,         96 total
: 526K->0K(960K), 0.0003313 secs] 3758K->3740K(10176K), 0.0004042 secs] [Times: user=0.00 sys=0.00, real=0.00 secs] 
2019-01-02T11:13:41.104+0530: 889.005: [GC (Allocation Failure) 2019-01-02T11:13:41.104+0530: 889.005: [DefNew
Desired survivor size 32768 bytes, new threshold 15 (max 15)
- age   1:        248 bytes,        248 total
- age   7:         16 bytes,        264 total
: 879K->0K(960K), 0.0005861 secs] 4620K->3812K(10176K), 0.0008877 secs] [Times: user=0.00 sys=0.00, real=0.00 secs] 
2019-01-02T11:13:41.107+0530: 889.007: [GC (Allocation Failure) 2019-01-02T11:13:41.107+0530: 889.008: [DefNew
Desired survivor size 32768 bytes, new threshold 15 (max 15)
- age   1:         40 bytes,         40 total
- age   2:        184 bytes,        224 total
- age   8:         16 bytes,        240 total
: 896K->0K(960K), 0.0009191 secs] 4708K->4100K(10176K), 0.0011358 secs] [Times: user=0.00 sys=0.00, real=0.00 secs] 
2019-01-02T11:13:41.109+0530: 889.010: [GC (Allocation Failure) 2019-01-02T11:13:41.109+0530: 889.010: [DefNew
Desired survivor size 32768 bytes, new threshold 15 (max 15)
- age   3:        184 bytes,        184 total
- age   9:         16 bytes,        200 total
: 896K->0K(960K), 0.0006694 secs] 4996K->4676K(10176K), 0.0008233 secs] [Times: user=0.00 sys=0.00, real=0.00 secs] 
2019-01-02T11:13:41.112+0530: 889.013: [GC (Allocation Failure) 2019-01-02T11:13:41.112+0530: 889.013: [DefNew
Desired survivor size 32768 bytes, new threshold 15 (max 15)
- age   1:         24 bytes,         24 total
- age   4:        184 bytes,        208 total
- age  10:         16 bytes,        224 total
: 497K->0K(960K), 0.0003643 secs] 5174K->4676K(10176K), 0.0005787 secs] [Times: user=0.00 sys=0.00, real=0.00 secs] 
2019-01-02T11:13:41.113+0530: 889.014: [GC (Allocation Failure) 2019-01-02T11:13:41.113+0530: 889.014: [DefNew
Desired survivor size 32768 bytes, new threshold 15 (max 15)
- age   2:         24 bytes,         24 total
- age   5:        184 bytes,        208 total
- age  11:         16 bytes,        224 total
: 508K->0K(960K), 0.0009955 secs] 5185K->5185K(10176K), 0.0012857 secs] [Times: user=0.00 sys=0.00, real=0.00 secs] 
2019-01-02T11:13:41.115+0530: 889.016: [GC (Allocation Failure) 2019-01-02T11:13:41.115+0530: 889.016: [DefNew
Desired survivor size 32768 bytes, new threshold 15 (max 15)
- age   1:         24 bytes,         24 total
- age   6:         72 bytes,         96 total
- age  12:         16 bytes,        112 total
: 526K->0K(960K), 0.0010143 secs] 5711K->5693K(10176K), 0.0011660 secs] [Times: user=0.00 sys=0.00, real=0.00 secs] 
2019-01-02T11:13:41.180+0530: 889.081: [GC (Allocation Failure) 2019-01-02T11:13:41.180+0530: 889.081: [DefNew
Desired survivor size 32768 bytes, new threshold 15 (max 15)
- age   1:        248 bytes,        248 total
- age   7:         16 bytes,        264 total
- age  13:         16 bytes,        280 total
: 879K->0K(960K), 0.0007287 secs] 6573K->5765K(10176K), 0.0010856 secs] [Times: user=0.00 sys=0.00, real=0.00 secs] 
2019-01-02T11:13:41.183+0530: 889.084: [GC (Allocation Failure) 2019-01-02T11:13:41.183+0530: 889.084: [DefNew
Desired survivor size 32768 bytes, new threshold 15 (max 15)
- age   1:         40 bytes,         40 total
- age   2:        184 bytes,        224 total
- age   8:         16 bytes,        240 total
- age  14:         16 bytes,        256 total
: 896K->0K(960K), 0.0010936 secs] 6661K->6053K(10176K), 0.0013182 secs] [Times: user=0.00 sys=0.00, real=0.00 secs] 
2019-01-02T11:13:41.186+0530: 889.087: [GC (Allocation Failure) 2019-01-02T11:13:41.186+0530: 889.087: [DefNew
Desired survivor size 32768 bytes, new threshold 15 (max 15)
- age   3:        184 bytes,        184 total
- age   9:         16 bytes,        200 total
- age  15:         16 bytes,        216 total
: 896K->0K(960K), 0.0010485 secs] 6949K->6629K(10176K), 0.0011928 secs] [Times: user=0.00 sys=0.00, real=0.00 secs] 
2019-01-02T11:13:41.188+0530: 889.089: [GC (Allocation Failure) 2019-01-02T11:13:41.188+0530: 889.089: [DefNew
Desired survivor size 32768 bytes, new threshold 15 (max 15)
- age   1:         24 bytes,         24 total
- age   4:        184 bytes,        208 total
- age  10:         16 bytes,        224 total
: 497K->0K(960K), 0.0002526 secs] 7127K->6629K(10176K), 0.0003256 secs] [Times: user=0.00 sys=0.00, real=0.00 secs] 
2019-01-02T11:13:41.189+0530: 889.090: [GC (Allocation Failure) 2019-01-02T11:13:41.189+0530: 889.090: [DefNew
Desired survivor size 32768 bytes, new threshold 15 (max 15)
- age   2:         24 bytes,         24 total
- age   5:        184 bytes,        208 total
- age  11:         16 bytes,        224 total
: 508K->0K(960K), 0.0003706 secs] 7138K->7138K(10176K), 0.0004476 secs] [Times: user=0.00 sys=0.00, real=0.00 secs] 
2019-01-02T11:13:41.190+0530: 889.091: [GC (Allocation Failure) 2019-01-02T11:13:41.190+0530: 889.091: [DefNew
Desired survivor size 32768 bytes, new threshold 15 (max 15)
- age   1:         24 bytes,         24 total
- age   6:         72 bytes,         96 total
- age  12:         16 bytes,        112 total
: 526K->0K(960K), 0.0003170 secs] 7664K->7646K(10176K), 0.0003877 secs] [Times: user=0.00 sys=0.00, real=0.00 secs] 
2019-01-02T11:13:41.248+0530: 889.149: [GC (Allocation Failure) 2019-01-02T11:13:41.248+0530: 889.149: [DefNew
Desired survivor size 32768 bytes, new threshold 15 (max 15)
- age   1:        248 bytes,        248 total
- age   7:         16 bytes,        264 total
- age  13:         16 bytes,        280 total
: 879K->0K(960K), 0.0006654 secs] 8526K->7718K(10176K), 0.0008416 secs] [Times: user=0.00 sys=0.00, real=0.00 secs] 
2019-01-02T11:13:41.250+0530: 889.151: [GC (Allocation Failure) 2019-01-02T11:13:41.250+0530: 889.151: [DefNew
Desired survivor size 32768 bytes, new threshold 15 (max 15)
- age   1:         40 bytes,         40 total
- age   2:        184 bytes,        224 total
- age   8:         16 bytes,        240 total
- age  14:         16 bytes,        256 total
: 896K->0K(960K), 0.0010155 secs] 8614K->8006K(10176K), 0.0012549 secs] [Times: user=0.00 sys=0.00, real=0.00 secs] 
2019-01-02T11:13:41.253+0530: 889.154: [GC (Allocation Failure) 2019-01-02T11:13:41.253+0530: 889.154: [DefNew
Desired survivor size 32768 bytes, new threshold 15 (max 15)
- age   3:        184 bytes,        184 total
- age   9:         16 bytes,        200 total
- age  15:         16 bytes,        216 total
: 896K->0K(960K), 0.0010394 secs] 8902K->8582K(10176K), 0.0012122 secs] [Times: user=0.00 sys=0.00, real=0.00 secs] 
2019-01-02T11:13:41.256+0530: 889.157: [GC (Allocation Failure) 2019-01-02T11:13:41.256+0530: 889.157: [DefNew
Desired survivor size 32768 bytes, new threshold 15 (max 15)
- age   1:         24 bytes,         24 total
- age   4:        184 bytes,        208 total
- age  10:         16 bytes,        224 total
: 497K->0K(960K), 0.0006129 secs] 9080K->8582K(10176K), 0.0007281 secs] [Times: user=0.00 sys=0.00, real=0.00 secs] 
2019-01-02T11:13:41.257+0530: 889.158: [GC (Allocation Failure) 2019-01-02T11:13:41.257+0530: 889.158: [DefNew
Desired survivor size 32768 bytes, new threshold 15 (max 15)
- age   2:         24 bytes,         24 total
- age   5:        184 bytes,        208 total
- age  11:         16 bytes,        224 total
: 508K->0K(960K), 0.0003512 secs] 9091K->9091K(10176K), 0.0004231 secs] [Times: user=0.00 sys=0.00, real=0.00 secs] 
2019-01-02T11:13:41.258+0530: 889.159: [GC (Allocation Failure) 2019-01-02T11:13:41.258+0530: 889.159: [DefNew: 526K->526K(960K), 0.0000279 secs]2019-01-02T11:13:41.258+0530: 889.159: [Tenured: 9090K->1279K(9216K), 0.0048350 secs] 9617K->1279K(10176K), [Metaspace: 2520K->2520K(1056768K)], 0.0050088 secs] [Times: user=0.00 sys=0.00, real=0.01 secs] 
2019-01-02T11:13:41.318+0530: 889.219: [GC (Allocation Failure) 2019-01-02T11:13:41.319+0530: 889.219: [DefNew
Desired survivor size 32768 bytes, new threshold 15 (max 15)
- age   1:        248 bytes,        248 total
: 879K->0K(960K), 0.0011392 secs] 2159K->1860K(10176K), 0.0015343 secs] [Times: user=0.00 sys=0.00, real=0.00 secs] 
2019-01-02T11:13:41.322+0530: 889.222: [GC (Allocation Failure) 2019-01-02T11:13:41.322+0530: 889.222: [DefNew
Desired survivor size 32768 bytes, new threshold 15 (max 15)
- age   1:         40 bytes,         40 total
- age   2:        184 bytes,        224 total
: 896K->0K(960K), 0.0008524 secs] 2756K->2148K(10176K), 0.0010981 secs] [Times: user=0.00 sys=0.00, real=0.00 secs] 
2019-01-02T11:13:41.325+0530: 889.226: [GC (Allocation Failure) 2019-01-02T11:13:41.325+0530: 889.226: [DefNew
Desired survivor size 32768 bytes, new threshold 15 (max 15)
- age   3:        184 bytes,        184 total
: 896K->0K(960K), 0.0004390 secs] 3044K->2724K(10176K), 0.0005320 secs] [Times: user=0.00 sys=0.00, real=0.00 secs] 
2019-01-02T11:13:41.326+0530: 889.227: [GC (Allocation Failure) 2019-01-02T11:13:41.327+0530: 889.227: [DefNew
Desired survivor size 32768 bytes, new threshold 15 (max 15)
- age   1:         24 bytes,         24 total
- age   4:        184 bytes,        208 total
: 497K->0K(960K), 0.0002332 secs] 3221K->2724K(10176K), 0.0003079 secs] [Times: user=0.00 sys=0.00, real=0.00 secs] 
2019-01-02T11:13:41.327+0530: 889.228: [GC (Allocation Failure) 2019-01-02T11:13:41.327+0530: 889.228: [DefNew
Desired survivor size 32768 bytes, new threshold 15 (max 15)
- age   2:         24 bytes,         24 total
- age   5:        184 bytes,        208 total
: 508K->0K(960K), 0.0003353 secs] 3232K->3232K(10176K), 0.0004054 secs] [Times: user=0.00 sys=0.00, real=0.00 secs] 
2019-01-02T11:13:41.328+0530: 889.229: [GC (Allocation Failure) 2019-01-02T11:13:41.328+0530: 889.229: [DefNew
Desired survivor size 32768 bytes, new threshold 15 (max 15)
- age   1:         24 bytes,         24 total
- age   6:         72 bytes,         96 total
: 526K->0K(960K), 0.0003552 secs] 3758K->3741K(10176K), 0.0004436 secs] [Times: user=0.00 sys=0.00, real=0.00 secs] 
2019-01-02T11:13:41.392+0530: 889.292: [GC (Allocation Failure) 2019-01-02T11:13:41.392+0530: 889.292: [DefNew
Desired survivor size 32768 bytes, new threshold 15 (max 15)
- age   1:        248 bytes,        248 total
- age   7:         16 bytes,        264 total
: 879K->0K(960K), 0.0011107 secs] 4620K->3813K(10176K), 0.0013410 secs] [Times: user=0.00 sys=0.00, real=0.00 secs] 
2019-01-02T11:13:41.395+0530: 889.295: [GC (Allocation Failure) 2019-01-02T11:13:41.395+0530: 889.295: [DefNew
Desired survivor size 32768 bytes, new threshold 15 (max 15)
- age   1:         40 bytes,         40 total
- age   2:        184 bytes,        224 total
- age   8:         16 bytes,        240 total
: 896K->0K(960K), 0.0005867 secs] 4709K->4101K(10176K), 0.0008085 secs] [Times: user=0.00 sys=0.00, real=0.00 secs] 
2019-01-02T11:13:41.397+0530: 889.298: [GC (Allocation Failure) 2019-01-02T11:13:41.398+0530: 889.298: [DefNew
Desired survivor size 32768 bytes, new threshold 15 (max 15)
- age   3:        184 bytes,        184 total
- age   9:         16 bytes,        200 total
: 896K->0K(960K), 0.0014077 secs] 4997K->4677K(10176K), 0.0017253 secs] [Times: user=0.01 sys=0.00, real=0.00 secs] 
2019-01-02T11:13:41.401+0530: 889.301: [GC (Allocation Failure) 2019-01-02T11:13:41.401+0530: 889.301: [DefNew
Desired survivor size 32768 bytes, new threshold 15 (max 15)
- age   1:         24 bytes,         24 total
- age   4:        184 bytes,        208 total
- age  10:         16 bytes,        224 total
: 497K->0K(960K), 0.0003643 secs] 5175K->4677K(10176K), 0.0004675 secs] [Times: user=0.00 sys=0.00, real=0.00 secs] 
2019-01-02T11:13:41.402+0530: 889.302: [GC (Allocation Failure) 2019-01-02T11:13:41.402+0530: 889.302: [DefNew
Desired survivor size 32768 bytes, new threshold 15 (max 15)
- age   2:         24 bytes,         24 total
- age   5:        184 bytes,        208 total
- age  11:         16 bytes,        224 total
: 508K->0K(960K), 0.0004213 secs] 5185K->5185K(10176K), 0.0005194 secs] [Times: user=0.00 sys=0.00, real=0.00 secs] 
2019-01-02T11:13:41.403+0530: 889.303: [GC (Allocation Failure) 2019-01-02T11:13:41.403+0530: 889.303: [DefNew
Desired survivor size 32768 bytes, new threshold 15 (max 15)
- age   1:         24 bytes,         24 total
- age   6:         72 bytes,         96 total
- age  12:         16 bytes,        112 total
: 526K->0K(960K), 0.0003381 secs] 5711K->5694K(10176K), 0.0004105 secs] [Times: user=0.00 sys=0.00, real=0.00 secs] 
2019-01-02T11:13:41.460+0530: 889.360: [GC (Allocation Failure) 2019-01-02T11:13:41.460+0530: 889.360: [DefNew
Desired survivor size 32768 bytes, new threshold 15 (max 15)
- age   1:        248 bytes,        248 total
- age   7:         16 bytes,        264 total
- age  13:         16 bytes,        280 total
: 879K->0K(960K), 0.0007851 secs] 6573K->5766K(10176K), 0.0010708 secs] [Times: user=0.00 sys=0.00, real=0.00 secs] 
2019-01-02T11:13:41.463+0530: 889.363: [GC (Allocation Failure) 2019-01-02T11:13:41.463+0530: 889.363: [DefNew
Desired survivor size 32768 bytes, new threshold 15 (max 15)
- age   1:         40 bytes,         40 total
- age   2:        184 bytes,        224 total
- age   8:         16 bytes,        240 total
- age  14:         16 bytes,        256 total
: 896K->0K(960K), 0.0008843 secs] 6662K->6054K(10176K), 0.0011021 secs] [Times: user=0.00 sys=0.00, real=0.00 secs] 
2019-01-02T11:13:41.466+0530: 889.366: [GC (Allocation Failure) 2019-01-02T11:13:41.466+0530: 889.366: [DefNew
Desired survivor size 32768 bytes, new threshold 15 (max 15)
- age   3:        184 bytes,        184 total
- age   9:         16 bytes,        200 total
- age  15:         16 bytes,        216 total
: 896K->0K(960K), 0.0012281 secs] 6950K->6630K(10176K), 0.0015109 secs] [Times: user=0.00 sys=0.00, real=0.00 secs] 
2019-01-02T11:13:41.469+0530: 889.369: [GC (Allocation Failure) 2019-01-02T11:13:41.469+0530: 889.369: [DefNew
Desired survivor size 32768 bytes, new threshold 15 (max 15)
- age   1:         24 bytes,         24 total
- age   4:        184 bytes,        208 total
- age  10:         16 bytes,        224 total
: 497K->0K(960K), 0.0004293 secs] 7128K->6630K(10176K), 0.0005439 secs] [Times: user=0.00 sys=0.00, real=0.00 secs] 
2019-01-02T11:13:41.470+0530: 889.370: [GC (Allocation Failure) 2019-01-02T11:13:41.470+0530: 889.371: [DefNew
Desired survivor size 32768 bytes, new threshold 15 (max 15)
- age   2:         24 bytes,         24 total
- age   5:        184 bytes,        208 total
- age  11:         16 bytes,        224 total
: 508K->0K(960K), 0.0004749 secs] 7138K->7138K(10176K), 0.0007338 secs] [Times: user=0.00 sys=0.00, real=0.00 secs] 
2019-01-02T11:13:41.471+0530: 889.372: [GC (Allocation Failure) 2019-01-02T11:13:41.471+0530: 889.372: [DefNew
Desired survivor size 32768 bytes, new threshold 15 (max 15)
- age   1:         24 bytes,         24 total
- age   6:         72 bytes,         96 total
- age  12:         16 bytes,        112 total
: 526K->0K(960K), 0.0004339 secs] 7665K->7647K(10176K), 0.0005166 secs] [Times: user=0.00 sys=0.00, real=0.00 secs] 
2019-01-02T11:13:41.529+0530: 889.429: [GC (Allocation Failure) 2019-01-02T11:13:41.529+0530: 889.429: [DefNew
Desired survivor size 32768 bytes, new threshold 15 (max 15)
- age   1:        248 bytes,        248 total
- age   7:         16 bytes,        264 total
- age  13:         16 bytes,        280 total
: 879K->0K(960K), 0.0011055 secs] 8527K->7719K(10176K), 0.0015200 secs] [Times: user=0.00 sys=0.00, real=0.00 secs] 
2019-01-02T11:13:41.533+0530: 889.433: [GC (Allocation Failure) 2019-01-02T11:13:41.533+0530: 889.433: [DefNew
Desired survivor size 32768 bytes, new threshold 15 (max 15)
- age   1:         40 bytes,         40 total
- age   2:        184 bytes,        224 total
- age   8:         16 bytes,        240 total
- age  14:         16 bytes,        256 total
: 896K->0K(960K), 0.0015275 secs] 8615K->8007K(10176K), 0.0018137 secs] [Times: user=0.00 sys=0.00, real=0.00 secs] 
2019-01-02T11:13:41.536+0530: 889.436: [GC (Allocation Failure) 2019-01-02T11:13:41.536+0530: 889.436: [DefNew
Desired survivor size 32768 bytes, new threshold 15 (max 15)
- age   3:        184 bytes,        184 total
- age   9:         16 bytes,        200 total
- age  15:         16 bytes,        216 total
: 896K->0K(960K), 0.0008450 secs] 8903K->8583K(10176K), 0.0009368 secs] [Times: user=0.00 sys=0.00, real=0.00 secs] 
2019-01-02T11:13:41.538+0530: 889.438: [GC (Allocation Failure) 2019-01-02T11:13:41.538+0530: 889.439: [DefNew
Desired survivor size 32768 bytes, new threshold 15 (max 15)
- age   1:         24 bytes,         24 total
- age   4:        184 bytes,        208 total
- age  10:         16 bytes,        224 total
: 497K->0K(960K), 0.0006688 secs] 9081K->8583K(10176K), 0.0008364 secs] [Times: user=0.00 sys=0.00, real=0.00 secs] 
2019-01-02T11:13:41.540+0530: 889.440: [GC (Allocation Failure) 2019-01-02T11:13:41.540+0530: 889.440: [DefNew
Desired survivor size 32768 bytes, new threshold 15 (max 15)
- age   2:         24 bytes,         24 total
- age   5:        184 bytes,        208 total
- age  11:         16 bytes,        224 total
: 508K->0K(960K), 0.0003432 secs] 9092K->9092K(10176K), 0.0004225 secs] [Times: user=0.00 sys=0.00, real=0.00 secs] 
2019-01-02T11:13:41.540+0530: 889.441: [GC (Allocation Failure) 2019-01-02T11:13:41.540+0530: 889.441: [DefNew: 526K->526K(960K), 0.0000285 secs]2019-01-02T11:13:41.540+0530: 889.441: [Tenured: 9091K->1279K(9216K), 0.0038862 secs] 9618K->1279K(10176K), [Metaspace: 2520K->2520K(1056768K)], 0.0040430 secs] [Times: user=0.00 sys=0.00, real=0.00 secs] 
2019-01-02T11:13:41.607+0530: 889.507: [GC (Allocation Failure) 2019-01-02T11:13:41.607+0530: 889.507: [DefNew
Desired survivor size 32768 bytes, new threshold 15 (max 15)
- age   1:        248 bytes,        248 total
: 879K->0K(960K), 0.0010115 secs] 2159K->1860K(10176K), 0.0012435 secs] [Times: user=0.00 sys=0.00, real=0.00 secs] 
2019-01-02T11:13:41.610+0530: 889.510: [GC (Allocation Failure) 2019-01-02T11:13:41.610+0530: 889.510: [DefNew
Desired survivor size 32768 bytes, new threshold 15 (max 15)
- age   1:         40 bytes,         40 total
- age   2:        184 bytes,        224 total
: 896K->0K(960K), 0.0012327 secs] 2756K->2148K(10176K), 0.0014693 secs] [Times: user=0.00 sys=0.00, real=0.00 secs] 
2019-01-02T11:13:41.612+0530: 889.513: [GC (Allocation Failure) 2019-01-02T11:13:41.612+0530: 889.513: [DefNew
Desired survivor size 32768 bytes, new threshold 15 (max 15)
- age   3:        184 bytes,        184 total
: 896K->0K(960K), 0.0003615 secs] 3044K->2724K(10176K), 0.0004396 secs] [Times: user=0.00 sys=0.00, real=0.00 secs] 
2019-01-02T11:13:41.614+0530: 889.515: [GC (Allocation Failure) 2019-01-02T11:13:41.615+0530: 889.515: [DefNew
Desired survivor size 32768 bytes, new threshold 15 (max 15)
- age   1:         24 bytes,         24 total
- age   4:        184 bytes,        208 total
: 497K->0K(960K), 0.0008250 secs] 3222K->2724K(10176K), 0.0010229 secs] [Times: user=0.00 sys=0.00, real=0.00 secs] 
2019-01-02T11:13:41.616+0530: 889.516: [GC (Allocation Failure) 2019-01-02T11:13:41.616+0530: 889.516: [DefNew
Desired survivor size 32768 bytes, new threshold 15 (max 15)
- age   2:         24 bytes,         24 total
- age   5:        184 bytes,        208 total
: 508K->0K(960K), 0.0006346 secs] 3233K->3233K(10176K), 0.0007230 secs] [Times: user=0.00 sys=0.00, real=0.00 secs] 
2019-01-02T11:13:41.617+0530: 889.517: [GC (Allocation Failure) 2019-01-02T11:13:41.617+0530: 889.517: [DefNew
Desired survivor size 32768 bytes, new threshold 15 (max 15)
- age   1:         24 bytes,         24 total
- age   6:         72 bytes,         96 total
: 526K->0K(960K), 0.0006659 secs] 3759K->3741K(10176K), 0.0007634 secs] [Times: user=0.02 sys=0.00, real=0.00 secs] 
2019-01-02T11:13:41.671+0530: 889.571: [GC (Allocation Failure) 2019-01-02T11:13:41.671+0530: 889.571: [DefNew
Desired survivor size 32768 bytes, new threshold 15 (max 15)
- age   1:        248 bytes,        248 total
- age   7:         16 bytes,        264 total
: 879K->0K(960K), 0.0008792 secs] 4621K->3813K(10176K), 0.0012492 secs] [Times: user=0.00 sys=0.00, real=0.00 secs] 
2019-01-02T11:13:41.674+0530: 889.574: [GC (Allocation Failure) 2019-01-02T11:13:41.674+0530: 889.575: [DefNew
Desired survivor size 32768 bytes, new threshold 15 (max 15)
- age   1:         40 bytes,         40 total
- age   2:        184 bytes,        224 total
- age   8:         16 bytes,        240 total
: 896K->0K(960K), 0.0006009 secs] 4709K->4101K(10176K), 0.0008661 secs] [Times: user=0.00 sys=0.00, real=0.00 secs] 
2019-01-02T11:13:41.677+0530: 889.577: [GC (Allocation Failure) 2019-01-02T11:13:41.677+0530: 889.577: [DefNew
Desired survivor size 32768 bytes, new threshold 15 (max 15)
- age   3:        184 bytes,        184 total
- age   9:         16 bytes,        200 total
: 896K->0K(960K), 0.0012789 secs] 4997K->4677K(10176K), 0.0014305 secs] [Times: user=0.00 sys=0.00, real=0.00 secs] 
2019-01-02T11:13:41.679+0530: 889.580: [GC (Allocation Failure) 2019-01-02T11:13:41.679+0530: 889.580: [DefNew
Desired survivor size 32768 bytes, new threshold 15 (max 15)
- age   1:         24 bytes,         24 total
- age   4:        184 bytes,        208 total
- age  10:         16 bytes,        224 total
: 497K->0K(960K), 0.0004869 secs] 5175K->4677K(10176K), 0.0006198 secs] [Times: user=0.00 sys=0.01, real=0.00 secs] 
2019-01-02T11:13:41.680+0530: 889.581: [GC (Allocation Failure) 2019-01-02T11:13:41.680+0530: 889.581: [DefNew
Desired survivor size 32768 bytes, new threshold 15 (max 15)
- age   2:         24 bytes,         24 total
- age   5:        184 bytes,        208 total
- age  11:         16 bytes,        224 total
: 508K->0K(960K), 0.0004179 secs] 5186K->5186K(10176K), 0.0005040 secs] [Times: user=0.00 sys=0.00, real=0.00 secs] 
2019-01-02T11:13:41.681+0530: 889.582: [GC (Allocation Failure) 2019-01-02T11:13:41.681+0530: 889.582: [DefNew
Desired survivor size 32768 bytes, new threshold 15 (max 15)
- age   1:         24 bytes,         24 total
- age   6:         72 bytes,         96 total
- age  12:         16 bytes,        112 total
: 526K->0K(960K), 0.0004550 secs] 5712K->5694K(10176K), 0.0005513 secs] [Times: user=0.00 sys=0.00, real=0.00 secs] 
2019-01-02T11:13:41.767+0530: 889.667: [GC (Allocation Failure) 2019-01-02T11:13:41.767+0530: 889.667: [DefNew
Desired survivor size 32768 bytes, new threshold 15 (max 15)
- age   1:        248 bytes,        248 total
- age   7:         16 bytes,        264 total
- age  13:         16 bytes,        280 total
: 879K->0K(960K), 0.0004162 secs] 6574K->5766K(10176K), 0.0005382 secs] [Times: user=0.00 sys=0.00, real=0.00 secs] 
2019-01-02T11:13:41.769+0530: 889.669: [GC (Allocation Failure) 2019-01-02T11:13:41.769+0530: 889.669: [DefNew
Desired survivor size 32768 bytes, new threshold 15 (max 15)
- age   1:         40 bytes,         40 total
- age   2:        184 bytes,        224 total
- age   8:         16 bytes,        240 total
- age  14:         16 bytes,        256 total
: 896K->0K(960K), 0.0009767 secs] 6662K->6054K(10176K), 0.0012857 secs] [Times: user=0.00 sys=0.00, real=0.00 secs] 
2019-01-02T11:13:41.771+0530: 889.672: [GC (Allocation Failure) 2019-01-02T11:13:41.772+0530: 889.672: [DefNew
Desired survivor size 32768 bytes, new threshold 15 (max 15)
- age   3:        184 bytes,        184 total
- age   9:         16 bytes,        200 total
- age  15:         16 bytes,        216 total
: 896K->0K(960K), 0.0004145 secs] 6950K->6630K(10176K), 0.0005074 secs] [Times: user=0.00 sys=0.00, real=0.00 secs] 
2019-01-02T11:13:41.773+0530: 889.674: [GC (Allocation Failure) 2019-01-02T11:13:41.773+0530: 889.674: [DefNew
Desired survivor size 32768 bytes, new threshold 15 (max 15)
- age   1:         24 bytes,         24 total
- age   4:        184 bytes,        208 total
- age  10:         16 bytes,        224 total
: 497K->0K(960K), 0.0002668 secs] 7128K->6630K(10176K), 0.0003392 secs] [Times: user=0.02 sys=0.00, real=0.00 secs] 
2019-01-02T11:13:41.774+0530: 889.674: [GC (Allocation Failure) 2019-01-02T11:13:41.774+0530: 889.675: [DefNew
Desired survivor size 32768 bytes, new threshold 15 (max 15)
- age   2:         24 bytes,         24 total
- age   5:        184 bytes,        208 total
- age  11:         16 bytes,        224 total
: 508K->0K(960K), 0.0003774 secs] 7139K->7139K(10176K), 0.0004607 secs] [Times: user=0.00 sys=0.00, real=0.00 secs] 
2019-01-02T11:13:41.775+0530: 889.675: [GC (Allocation Failure) 2019-01-02T11:13:41.775+0530: 889.675: [DefNew
Desired survivor size 32768 bytes, new threshold 15 (max 15)
- age   1:         24 bytes,         24 total
- age   6:         72 bytes,         96 total
- age  12:         16 bytes,        112 total
: 526K->0K(960K), 0.0003033 secs] 7665K->7648K(10176K), 0.0003586 secs] [Times: user=0.00 sys=0.00, real=0.00 secs] 
2019-01-02T11:13:41.840+0530: 889.740: [GC (Allocation Failure) 2019-01-02T11:13:41.840+0530: 889.741: [DefNew
Desired survivor size 32768 bytes, new threshold 15 (max 15)
- age   1:        248 bytes,        248 total
- age   7:         16 bytes,        264 total
- age  13:         16 bytes,        280 total
: 879K->0K(960K), 0.0013849 secs] 8527K->7720K(10176K), 0.0018393 secs] [Times: user=0.00 sys=0.00, real=0.00 secs] 
2019-01-02T11:13:41.844+0530: 889.745: [GC (Allocation Failure) 2019-01-02T11:13:41.845+0530: 889.745: [DefNew
Desired survivor size 32768 bytes, new threshold 15 (max 15)
- age   1:         40 bytes,         40 total
- age   2:        184 bytes,        224 total
- age   8:         16 bytes,        240 total
- age  14:         16 bytes,        256 total
: 896K->0K(960K), 0.0014904 secs] 8616K->8008K(10176K), 0.0019665 secs] [Times: user=0.00 sys=0.00, real=0.00 secs] 
2019-01-02T11:13:41.849+0530: 889.750: [GC (Allocation Failure) 2019-01-02T11:13:41.850+0530: 889.750: [DefNew
Desired survivor size 32768 bytes, new threshold 15 (max 15)
- age   3:        184 bytes,        184 total
- age   9:         16 bytes,        200 total
- age  15:         16 bytes,        216 total
: 896K->0K(960K), 0.0018296 secs] 8904K->8584K(10176K), 0.0021917 secs] [Times: user=0.00 sys=0.02, real=0.00 secs] 
2019-01-02T11:13:41.854+0530: 889.754: [GC (Allocation Failure) 2019-01-02T11:13:41.854+0530: 889.754: [DefNew
Desired survivor size 32768 bytes, new threshold 15 (max 15)
- age   1:         24 bytes,         24 total
- age   4:        184 bytes,        208 total
- age  10:         16 bytes,        224 total
: 497K->0K(960K), 0.0013022 secs] 9081K->8584K(10176K), 0.0015132 secs] [Times: user=0.00 sys=0.00, real=0.00 secs] 
2019-01-02T11:13:41.856+0530: 889.757: [GC (Allocation Failure) 2019-01-02T11:13:41.856+0530: 889.757: [DefNew
Desired survivor size 32768 bytes, new threshold 15 (max 15)
- age   2:         24 bytes,         24 total
- age   5:        184 bytes,        208 total
- age  11:         16 bytes,        224 total
: 508K->0K(960K), 0.0004943 secs] 9092K->9092K(10176K), 0.0006095 secs] [Times: user=0.00 sys=0.00, real=0.00 secs] 
2019-01-02T11:13:41.857+0530: 889.758: [GC (Allocation Failure) 2019-01-02T11:13:41.857+0530: 889.758: [DefNew: 526K->526K(960K), 0.0000405 secs]2019-01-02T11:13:41.857+0530: 889.758: [Tenured: 9092K->1279K(9216K), 0.0054952 secs] 9619K->1279K(10176K), [Metaspace: 2520K->2520K(1056768K)], 0.0057016 secs] [Times: user=0.00 sys=0.00, real=0.01 secs] 
2019-01-02T11:13:41.940+0530: 889.841: [GC (Allocation Failure) 2019-01-02T11:13:41.941+0530: 889.841: [DefNew
Desired survivor size 32768 bytes, new threshold 15 (max 15)
- age   1:        248 bytes,        248 total
: 879K->0K(960K), 0.0013832 secs] 2159K->1860K(10176K), 0.0017014 secs] [Times: user=0.00 sys=0.00, real=0.00 secs] 
2019-01-02T11:13:41.945+0530: 889.845: [GC (Allocation Failure) 2019-01-02T11:13:41.945+0530: 889.845: [DefNew
Desired survivor size 32768 bytes, new threshold 15 (max 15)
- age   1:         40 bytes,         40 total
- age   2:        184 bytes,        224 total
: 896K->0K(960K), 0.0009408 secs] 2756K->2148K(10176K), 0.0012298 secs] [Times: user=0.02 sys=0.00, real=0.00 secs] 
2019-01-02T11:13:41.948+0530: 889.848: [GC (Allocation Failure) 2019-01-02T11:13:41.948+0530: 889.848: [DefNew
Desired survivor size 32768 bytes, new threshold 15 (max 15)
- age   3:        184 bytes,        184 total
: 896K->0K(960K), 0.0003957 secs] 3044K->2724K(10176K), 0.0004881 secs] [Times: user=0.00 sys=0.00, real=0.00 secs] 
2019-01-02T11:13:41.949+0530: 889.850: [GC (Allocation Failure) 2019-01-02T11:13:41.950+0530: 889.850: [DefNew
Desired survivor size 32768 bytes, new threshold 15 (max 15)
- age   1:         24 bytes,         24 total
- age   4:        184 bytes,        208 total
: 497K->0K(960K), 0.0009448 secs] 3222K->2724K(10176K), 0.0011597 secs] [Times: user=0.00 sys=0.00, real=0.00 secs] 
2019-01-02T11:13:41.951+0530: 889.851: [GC (Allocation Failure) 2019-01-02T11:13:41.951+0530: 889.851: [DefNew
Desired survivor size 32768 bytes, new threshold 15 (max 15)
- age   2:         24 bytes,         24 total
- age   5:        184 bytes,        208 total
: 508K->0K(960K), 0.0003455 secs] 3233K->3233K(10176K), 0.0004077 secs] [Times: user=0.00 sys=0.00, real=0.00 secs] 
2019-01-02T11:13:41.952+0530: 889.852: [GC (Allocation Failure) 2019-01-02T11:13:41.952+0530: 889.852: [DefNew
Desired survivor size 32768 bytes, new threshold 15 (max 15)
- age   1:         24 bytes,         24 total
- age   6:         72 bytes,         96 total
: 526K->0K(960K), 0.0009305 secs] 3759K->3741K(10176K), 0.0010844 secs] [Times: user=0.00 sys=0.00, real=0.00 secs] 
2019-01-02T11:13:42.031+0530: 889.931: [GC (Allocation Failure) 2019-01-02T11:13:42.031+0530: 889.931: [DefNew
Desired survivor size 32768 bytes, new threshold 15 (max 15)
- age   1:        248 bytes,        248 total
- age   7:         16 bytes,        264 total
: 879K->0K(960K), 0.0003432 secs] 4621K->3814K(10176K), 0.0004630 secs] [Times: user=0.00 sys=0.00, real=0.00 secs] 
2019-01-02T11:13:42.032+0530: 889.932: [GC (Allocation Failure) 2019-01-02T11:13:42.032+0530: 889.932: [DefNew
Desired survivor size 32768 bytes, new threshold 15 (max 15)
- age   1:         40 bytes,         40 total
- age   2:        184 bytes,        224 total
- age   8:         16 bytes,        240 total
: 896K->0K(960K), 0.0002919 secs] 4710K->4102K(10176K), 0.0003609 secs] [Times: user=0.00 sys=0.00, real=0.00 secs] 
2019-01-02T11:13:42.034+0530: 889.935: [GC (Allocation Failure) 2019-01-02T11:13:42.034+0530: 889.935: [DefNew
Desired survivor size 32768 bytes, new threshold 15 (max 15)
- age   3:        184 bytes,        184 total
- age   9:         16 bytes,        200 total
: 896K->0K(960K), 0.0005365 secs] 4998K->4678K(10176K), 0.0006739 secs] [Times: user=0.00 sys=0.00, real=0.00 secs] 
2019-01-02T11:13:42.036+0530: 889.937: [GC (Allocation Failure) 2019-01-02T11:13:42.036+0530: 889.937: [DefNew
Desired survivor size 32768 bytes, new threshold 15 (max 15)
- age   1:         24 bytes,         24 total
- age   4:        184 bytes,        208 total
- age  10:         16 bytes,        224 total
: 497K->0K(960K), 0.0008262 secs] 5175K->4678K(10176K), 0.0015525 secs] [Times: user=0.00 sys=0.00, real=0.00 secs] 
2019-01-02T11:13:42.040+0530: 889.940: [GC (Allocation Failure) 2019-01-02T11:13:42.040+0530: 889.940: [DefNew
Desired survivor size 32768 bytes, new threshold 15 (max 15)
- age   2:         24 bytes,         24 total
- age   5:        184 bytes,        208 total
- age  11:         16 bytes,        224 total
: 508K->0K(960K), 0.0004920 secs] 5186K->5186K(10176K), 0.0006671 secs] [Times: user=0.00 sys=0.00, real=0.00 secs] 
2019-01-02T11:13:42.041+0530: 889.941: [GC (Allocation Failure) 2019-01-02T11:13:42.041+0530: 889.941: [DefNew
Desired survivor size 32768 bytes, new threshold 15 (max 15)
- age   1:         24 bytes,         24 total
- age   6:         72 bytes,         96 total
- age  12:         16 bytes,        112 total
: 526K->0K(960K), 0.0004305 secs] 5713K->5695K(10176K), 0.0005234 secs] [Times: user=0.00 sys=0.00, real=0.00 secs] 
2019-01-02T11:13:42.118+0530: 890.018: [GC (Allocation Failure) 2019-01-02T11:13:42.118+0530: 890.018: [DefNew
Desired survivor size 32768 bytes, new threshold 15 (max 15)
- age   1:        248 bytes,        248 total
- age   7:         16 bytes,        264 total
- age  13:         16 bytes,        280 total
: 880K->0K(960K), 0.0010679 secs] 6575K->5767K(10176K), 0.0014009 secs] [Times: user=0.00 sys=0.00, real=0.00 secs] 
2019-01-02T11:13:42.120+0530: 890.021: [GC (Allocation Failure) 2019-01-02T11:13:42.121+0530: 890.021: [DefNew
Desired survivor size 32768 bytes, new threshold 15 (max 15)
- age   1:         40 bytes,         40 total
- age   2:        184 bytes,        224 total
- age   8:         16 bytes,        240 total
- age  14:         16 bytes,        256 total
: 896K->0K(960K), 0.0008615 secs] 6663K->6055K(10176K), 0.0011187 secs] [Times: user=0.00 sys=0.00, real=0.00 secs] 
2019-01-02T11:13:42.124+0530: 890.024: [GC (Allocation Failure) 2019-01-02T11:13:42.124+0530: 890.024: [DefNew
Desired survivor size 32768 bytes, new threshold 15 (max 15)
- age   3:        184 bytes,        184 total
- age   9:         16 bytes,        200 total
- age  15:         16 bytes,        216 total
: 896K->0K(960K), 0.0007190 secs] 6951K->6631K(10176K), 0.0010668 secs] [Times: user=0.00 sys=0.00, real=0.00 secs] 
2019-01-02T11:13:42.126+0530: 890.027: [GC (Allocation Failure) 2019-01-02T11:13:42.126+0530: 890.027: [DefNew
Desired survivor size 32768 bytes, new threshold 15 (max 15)
- age   1:         24 bytes,         24 total
- age   4:        184 bytes,        208 total
- age  10:         16 bytes,        224 total
: 497K->0K(960K), 0.0003273 secs] 7129K->6631K(10176K), 0.0004407 secs] [Times: user=0.00 sys=0.00, real=0.00 secs] 
2019-01-02T11:13:42.127+0530: 890.028: [GC (Allocation Failure) 2019-01-02T11:13:42.127+0530: 890.028: [DefNew
Desired survivor size 32768 bytes, new threshold 15 (max 15)
- age   2:         24 bytes,         24 total
- age   5:        184 bytes,        208 total
- age  11:         16 bytes,        224 total
: 508K->0K(960K), 0.0003991 secs] 7140K->7140K(10176K), 0.0004920 secs] [Times: user=0.00 sys=0.00, real=0.00 secs] 
2019-01-02T11:13:42.128+0530: 890.028: [GC (Allocation Failure) 2019-01-02T11:13:42.128+0530: 890.028: [DefNew
Desired survivor size 32768 bytes, new threshold 15 (max 15)
- age   1:         24 bytes,         24 total
- age   6:         72 bytes,         96 total
- age  12:         16 bytes,        112 total
: 526K->0K(960K), 0.0003233 secs] 7666K->7648K(10176K), 0.0003769 secs] [Times: user=0.00 sys=0.00, real=0.00 secs] 
2019-01-02T11:13:42.199+0530: 890.100: [GC (Allocation Failure) 2019-01-02T11:13:42.200+0530: 890.100: [DefNew
Desired survivor size 32768 bytes, new threshold 15 (max 15)
- age   1:        248 bytes,        248 total
- age   7:         16 bytes,        264 total
- age  13:         16 bytes,        280 total
: 880K->0K(960K), 0.0006255 secs] 8528K->7721K(10176K), 0.0009174 secs] [Times: user=0.00 sys=0.00, real=0.00 secs] 
2019-01-02T11:13:42.202+0530: 890.103: [GC (Allocation Failure) 2019-01-02T11:13:42.202+0530: 890.103: [DefNew
Desired survivor size 32768 bytes, new threshold 15 (max 15)
- age   1:         40 bytes,         40 total
- age   2:        184 bytes,        224 total
- age   8:         16 bytes,        240 total
- age  14:         16 bytes,        256 total
: 896K->0K(960K), 0.0004510 secs] 8617K->8009K(10176K), 0.0005736 secs] [Times: user=0.00 sys=0.00, real=0.00 secs] 
2019-01-02T11:13:42.204+0530: 890.104: [GC (Allocation Failure) 2019-01-02T11:13:42.204+0530: 890.104: [DefNew
Desired survivor size 32768 bytes, new threshold 15 (max 15)
- age   3:        184 bytes,        184 total
- age   9:         16 bytes,        200 total
- age  15:         16 bytes,        216 total
: 896K->0K(960K), 0.0012760 secs] 8905K->8584K(10176K), 0.0014813 secs] [Times: user=0.00 sys=0.00, real=0.00 secs] 
2019-01-02T11:13:42.208+0530: 890.108: [GC (Allocation Failure) 2019-01-02T11:13:42.208+0530: 890.108: [DefNew
Desired survivor size 32768 bytes, new threshold 15 (max 15)
- age   1:         24 bytes,         24 total
- age   4:        184 bytes,        208 total
- age  10:         16 bytes,        224 total
: 497K->0K(960K), 0.0003170 secs] 9082K->8585K(10176K), 0.0004333 secs] [Times: user=0.00 sys=0.00, real=0.00 secs] 
2019-01-02T11:13:42.209+0530: 890.109: [GC (Allocation Failure) 2019-01-02T11:13:42.209+0530: 890.109: [DefNew
Desired survivor size 32768 bytes, new threshold 15 (max 15)
- age   2:         24 bytes,         24 total
- age   5:        184 bytes,        208 total
- age  11:         16 bytes,        224 total
: 508K->0K(960K), 0.0003803 secs] 9093K->9093K(10176K), 0.0004453 secs] [Times: user=0.00 sys=0.00, real=0.00 secs] 
2019-01-02T11:13:42.209+0530: 890.110: [GC (Allocation Failure) 2019-01-02T11:13:42.209+0530: 890.110: [DefNew: 526K->526K(960K), 0.0000251 secs]2019-01-02T11:13:42.209+0530: 890.110: [Tenured: 9093K->1279K(9216K), 0.0044444 secs] 9620K->1279K(10176K), [Metaspace: 2520K->2520K(1056768K)], 0.0045824 secs] [Times: user=0.02 sys=0.00, real=0.00 secs] 
2019-01-02T11:13:42.296+0530: 890.196: [GC (Allocation Failure) 2019-01-02T11:13:42.296+0530: 890.196: [DefNew
Desired survivor size 32768 bytes, new threshold 15 (max 15)
- age   1:        248 bytes,        248 total
: 879K->0K(960K), 0.0019750 secs] 2159K->1860K(10176K), 0.0022624 secs] [Times: user=0.00 sys=0.00, real=0.00 secs] 
2019-01-02T11:13:42.300+0530: 890.200: [GC (Allocation Failure) 2019-01-02T11:13:42.300+0530: 890.200: [DefNew
Desired survivor size 32768 bytes, new threshold 15 (max 15)
- age   1:         40 bytes,         40 total
- age   2:        184 bytes,        224 total
: 896K->0K(960K), 0.0016341 secs] 2756K->2148K(10176K), 0.0019300 secs] [Times: user=0.00 sys=0.00, real=0.00 secs] 
2019-01-02T11:13:42.304+0530: 890.205: [GC (Allocation Failure) 2019-01-02T11:13:42.304+0530: 890.205: [DefNew
Desired survivor size 32768 bytes, new threshold 15 (max 15)
- age   3:        184 bytes,        184 total
: 896K->0K(960K), 0.0010354 secs] 3044K->2724K(10176K), 0.0013245 secs] [Times: user=0.00 sys=0.00, real=0.00 secs] 
2019-01-02T11:13:42.308+0530: 890.208: [GC (Allocation Failure) 2019-01-02T11:13:42.308+0530: 890.209: [DefNew
Desired survivor size 32768 bytes, new threshold 15 (max 15)
- age   1:         24 bytes,         24 total
- age   4:        184 bytes,        208 total
: 497K->0K(960K), 0.0009721 secs] 3222K->2724K(10176K), 0.0012526 secs] [Times: user=0.00 sys=0.00, real=0.00 secs] 
2019-01-02T11:13:42.311+0530: 890.211: [GC (Allocation Failure) 2019-01-02T11:13:42.311+0530: 890.211: [DefNew
Desired survivor size 32768 bytes, new threshold 15 (max 15)
- age   2:         24 bytes,         24 total
- age   5:        184 bytes,        208 total
: 508K->0K(960K), 0.0005268 secs] 3233K->3233K(10176K), 0.0006933 secs] [Times: user=0.00 sys=0.00, real=0.00 secs] 
2019-01-02T11:13:42.312+0530: 890.212: [GC (Allocation Failure) 2019-01-02T11:13:42.312+0530: 890.212: [DefNew
Desired survivor size 32768 bytes, new threshold 15 (max 15)
- age   1:         24 bytes,         24 total
- age   6:         72 bytes,         96 total
: 526K->0K(960K), 0.0004516 secs] 3760K->3742K(10176K), 0.0005422 secs] [Times: user=0.00 sys=0.00, real=0.00 secs] 
2019-01-02T11:13:42.391+0530: 890.291: [GC (Allocation Failure) 2019-01-02T11:13:42.391+0530: 890.291: [DefNew
Desired survivor size 32768 bytes, new threshold 15 (max 15)
- age   1:        248 bytes,        248 total
- age   7:         16 bytes,        264 total
: 880K->0K(960K), 0.0009915 secs] 4622K->3814K(10176K), 0.0012868 secs] [Times: user=0.00 sys=0.00, real=0.00 secs] 
2019-01-02T11:13:42.395+0530: 890.295: [GC (Allocation Failure) 2019-01-02T11:13:42.395+0530: 890.295: [DefNew
Desired survivor size 32768 bytes, new threshold 15 (max 15)
- age   1:         40 bytes,         40 total
- age   2:        184 bytes,        224 total
- age   8:         16 bytes,        240 total
: 896K->0K(960K), 0.0003609 secs] 4710K->4102K(10176K), 0.0004641 secs] [Times: user=0.00 sys=0.00, real=0.00 secs] 
2019-01-02T11:13:42.396+0530: 890.296: [GC (Allocation Failure) 2019-01-02T11:13:42.396+0530: 890.296: [DefNew
Desired survivor size 32768 bytes, new threshold 15 (max 15)
- age   3:        184 bytes,        184 total
- age   9:         16 bytes,        200 total
: 896K->0K(960K), 0.0003883 secs] 4998K->4678K(10176K), 0.0004550 secs] [Times: user=0.00 sys=0.00, real=0.00 secs] 
2019-01-02T11:13:42.397+0530: 890.298: [GC (Allocation Failure) 2019-01-02T11:13:42.397+0530: 890.298: [DefNew
Desired survivor size 32768 bytes, new threshold 15 (max 15)
- age   1:         24 bytes,         24 total
- age   4:        184 bytes,        208 total
- age  10:         16 bytes,        224 total
: 497K->0K(960K), 0.0002651 secs] 5176K->4678K(10176K), 0.0003341 secs] [Times: user=0.02 sys=0.00, real=0.00 secs] 
2019-01-02T11:13:42.399+0530: 890.299: [GC (Allocation Failure) 2019-01-02T11:13:42.399+0530: 890.299: [DefNew
Desired survivor size 32768 bytes, new threshold 15 (max 15)
- age   2:         24 bytes,         24 total
- age   5:        184 bytes,        208 total
- age  11:         16 bytes,        224 total
: 508K->0K(960K), 0.0004960 secs] 5187K->5187K(10176K), 0.0006038 secs] [Times: user=0.00 sys=0.00, real=0.00 secs] 
2019-01-02T11:13:42.400+0530: 890.300: [GC (Allocation Failure) 2019-01-02T11:13:42.400+0530: 890.300: [DefNew
Desired survivor size 32768 bytes, new threshold 15 (max 15)
- age   1:         24 bytes,         24 total
- age   6:         72 bytes,         96 total
- age  12:         16 bytes,        112 total
: 526K->0K(960K), 0.0004544 secs] 5713K->5695K(10176K), 0.0005479 secs] [Times: user=0.00 sys=0.00, real=0.00 secs] 
2019-01-02T11:13:42.472+0530: 890.373: [GC (Allocation Failure) 2019-01-02T11:13:42.472+0530: 890.373: [DefNew
Desired survivor size 32768 bytes, new threshold 15 (max 15)
- age   1:        248 bytes,        248 total
- age   7:         16 bytes,        264 total
- age  13:         16 bytes,        280 total
: 880K->0K(960K), 0.0004231 secs] 6575K->5768K(10176K), 0.0005702 secs] [Times: user=0.00 sys=0.00, real=0.00 secs] 
2019-01-02T11:13:42.475+0530: 890.375: [GC (Allocation Failure) 2019-01-02T11:13:42.475+0530: 890.375: [DefNew
Desired survivor size 32768 bytes, new threshold 15 (max 15)
- age   1:         40 bytes,         40 total
- age   2:        184 bytes,        224 total
- age   8:         16 bytes,        240 total
- age  14:         16 bytes,        256 total
: 896K->0K(960K), 0.0011996 secs] 6664K->6056K(10176K), 0.0013735 secs] [Times: user=0.02 sys=0.00, real=0.00 secs] 
2019-01-02T11:13:42.478+0530: 890.378: [GC (Allocation Failure) 2019-01-02T11:13:42.478+0530: 890.378: [DefNew
Desired survivor size 32768 bytes, new threshold 15 (max 15)
- age   3:        184 bytes,        184 total
- age   9:         16 bytes,        200 total
- age  15:         16 bytes,        216 total
: 896K->0K(960K), 0.0005143 secs] 6952K->6632K(10176K), 0.0006334 secs] [Times: user=0.00 sys=0.00, real=0.00 secs] 
2019-01-02T11:13:42.480+0530: 890.381: [GC (Allocation Failure) 2019-01-02T11:13:42.480+0530: 890.381: [DefNew
Desired survivor size 32768 bytes, new threshold 15 (max 15)
- age   1:         24 bytes,         24 total
- age   4:        184 bytes,        208 total
- age  10:         16 bytes,        224 total
: 497K->0K(960K), 0.0003774 secs] 7129K->6632K(10176K), 0.0004795 secs] [Times: user=0.00 sys=0.00, real=0.00 secs] 
2019-01-02T11:13:42.481+0530: 890.382: [GC (Allocation Failure) 2019-01-02T11:13:42.481+0530: 890.382: [DefNew
Desired survivor size 32768 bytes, new threshold 15 (max 15)
- age   2:         24 bytes,         24 total
- age   5:        184 bytes,        208 total
- age  11:         16 bytes,        224 total
: 508K->0K(960K), 0.0004903 secs] 7140K->7140K(10176K), 0.0005838 secs] [Times: user=0.00 sys=0.00, real=0.00 secs] 
2019-01-02T11:13:42.482+0530: 890.383: [GC (Allocation Failure) 2019-01-02T11:13:42.482+0530: 890.383: [DefNew
Desired survivor size 32768 bytes, new threshold 15 (max 15)
- age   1:         24 bytes,         24 total
- age   6:         72 bytes,         96 total
- age  12:         16 bytes,        112 total
: 526K->0K(960K), 0.0004647 secs] 7667K->7649K(10176K), 0.0005667 secs] [Times: user=0.00 sys=0.00, real=0.00 secs] 
2019-01-02T11:13:42.565+0530: 890.465: [GC (Allocation Failure) 2019-01-02T11:13:42.565+0530: 890.466: [DefNew
Desired survivor size 32768 bytes, new threshold 15 (max 15)
- age   1:        248 bytes,        248 total
- age   7:         16 bytes,        264 total
- age  13:         16 bytes,        280 total
: 880K->0K(960K), 0.0006597 secs] 8529K->7721K(10176K), 0.0010559 secs] [Times: user=0.00 sys=0.00, real=0.00 secs] 
2019-01-02T11:13:42.569+0530: 890.469: [GC (Allocation Failure) 2019-01-02T11:13:42.569+0530: 890.469: [DefNew
Desired survivor size 32768 bytes, new threshold 15 (max 15)
- age   1:         40 bytes,         40 total
- age   2:        184 bytes,        224 total
- age   8:         16 bytes,        240 total
- age  14:         16 bytes,        256 total
: 896K->0K(960K), 0.0018467 secs] 8617K->8009K(10176K), 0.0022607 secs] [Times: user=0.00 sys=0.00, real=0.00 secs] 
2019-01-02T11:13:42.573+0530: 890.474: [GC (Allocation Failure) 2019-01-02T11:13:42.574+0530: 890.474: [DefNew
Desired survivor size 32768 bytes, new threshold 15 (max 15)
- age   3:        184 bytes,        184 total
- age   9:         16 bytes,        200 total
- age  15:         16 bytes,        216 total
: 896K->0K(960K), 0.0012954 secs] 8905K->8585K(10176K), 0.0016774 secs] [Times: user=0.00 sys=0.00, real=0.00 secs] 
2019-01-02T11:13:42.578+0530: 890.478: [GC (Allocation Failure) 2019-01-02T11:13:42.578+0530: 890.478: [DefNew
Desired survivor size 32768 bytes, new threshold 15 (max 15)
- age   1:         24 bytes,         24 total
- age   4:        184 bytes,        208 total
- age  10:         16 bytes,        224 total
: 497K->0K(960K), 0.0004117 secs] 9083K->8585K(10176K), 0.0005759 secs] [Times: user=0.00 sys=0.00, real=0.00 secs] 
2019-01-02T11:13:42.579+0530: 890.479: [GC (Allocation Failure) 2019-01-02T11:13:42.579+0530: 890.480: [DefNew
Desired survivor size 32768 bytes, new threshold 15 (max 15)
- age   2:         24 bytes,         24 total
- age   5:        184 bytes,        208 total
- age  11:         16 bytes,        224 total
: 509K->0K(960K), 0.0006374 secs] 9094K->9094K(10176K), 0.0007691 secs] [Times: user=0.00 sys=0.00, real=0.00 secs] 
2019-01-02T11:13:42.581+0530: 890.481: [GC (Allocation Failure) 2019-01-02T11:13:42.581+0530: 890.481: [DefNew: 526K->526K(960K), 0.0000724 secs]2019-01-02T11:13:42.581+0530: 890.481: [Tenured: 9094K->1280K(9216K), 0.0069611 secs] 9620K->1280K(10176K), [Metaspace: 2520K->2520K(1056768K)], 0.0072285 secs] [Times: user=0.01 sys=0.00, real=0.01 secs] 
2019-01-02T11:13:42.709+0530: 890.609: [GC (Allocation Failure) 2019-01-02T11:13:42.709+0530: 890.610: [DefNew
Desired survivor size 32768 bytes, new threshold 15 (max 15)
- age   1:        248 bytes,        248 total
: 880K->0K(960K), 0.0022367 secs] 2160K->1861K(10176K), 0.0026518 secs] [Times: user=0.00 sys=0.00, real=0.00 secs] 
2019-01-02T11:13:42.714+0530: 890.614: [GC (Allocation Failure) 2019-01-02T11:13:42.714+0530: 890.614: [DefNew
Desired survivor size 32768 bytes, new threshold 15 (max 15)
- age   1:         40 bytes,         40 total
- age   2:        184 bytes,        224 total
: 896K->0K(960K), 0.0007982 secs] 2757K->2149K(10176K), 0.0009556 secs] [Times: user=0.00 sys=0.00, real=0.00 secs] 
2019-01-02T11:13:42.717+0530: 890.618: [GC (Allocation Failure) 2019-01-02T11:13:42.717+0530: 890.618: [DefNew
Desired survivor size 32768 bytes, new threshold 15 (max 15)
- age   3:        184 bytes,        184 total
: 896K->0K(960K), 0.0005109 secs] 3045K->2725K(10176K), 0.0006266 secs] [Times: user=0.00 sys=0.00, real=0.00 secs] 
2019-01-02T11:13:42.720+0530: 890.621: [GC (Allocation Failure) 2019-01-02T11:13:42.721+0530: 890.621: [DefNew
Desired survivor size 32768 bytes, new threshold 15 (max 15)
- age   1:         24 bytes,         24 total
- age   4:        184 bytes,        208 total
: 497K->0K(960K), 0.0013479 secs] 3222K->2725K(10176K), 0.0016945 secs] [Times: user=0.00 sys=0.00, real=0.00 secs] 
2019-01-02T11:13:42.723+0530: 890.623: [GC (Allocation Failure) 2019-01-02T11:13:42.723+0530: 890.623: [DefNew
Desired survivor size 32768 bytes, new threshold 15 (max 15)
- age   2:         24 bytes,         24 total
- age   5:        184 bytes,        208 total
: 509K->0K(960K), 0.0007925 secs] 3233K->3233K(10176K), 0.0009425 secs] [Times: user=0.00 sys=0.00, real=0.00 secs] 
2019-01-02T11:13:42.726+0530: 890.626: [GC (Allocation Failure) 2019-01-02T11:13:42.726+0530: 890.626: [DefNew
Desired survivor size 32768 bytes, new threshold 15 (max 15)
- age   1:         24 bytes,         24 total
- age   6:         72 bytes,         96 total
: 526K->0K(960K), 0.0013125 secs] 3760K->3742K(10176K), 0.0016546 secs] [Times: user=0.00 sys=0.00, real=0.00 secs] 
2019-01-02T11:13:42.857+0530: 890.757: [GC (Allocation Failure) 2019-01-02T11:13:42.857+0530: 890.757: [DefNew
Desired survivor size 32768 bytes, new threshold 15 (max 15)
- age   1:        248 bytes,        248 total
- age   7:         16 bytes,        264 total
: 880K->0K(960K), 0.0004538 secs] 4622K->3814K(10176K), 0.0007777 secs] [Times: user=0.00 sys=0.00, real=0.00 secs] 
2019-01-02T11:13:42.862+0530: 890.762: [GC (Allocation Failure) 2019-01-02T11:13:42.862+0530: 890.762: [DefNew
Desired survivor size 32768 bytes, new threshold 15 (max 15)
- age   1:         40 bytes,         40 total
- age   2:        184 bytes,        224 total
- age   8:         16 bytes,        240 total
: 896K->0K(960K), 0.0011209 secs] 4710K->4102K(10176K), 0.0015411 secs] [Times: user=0.00 sys=0.00, real=0.00 secs] 
2019-01-02T11:13:42.866+0530: 890.766: [GC (Allocation Failure) 2019-01-02T11:13:42.866+0530: 890.766: [DefNew
Desired survivor size 32768 bytes, new threshold 15 (max 15)
- age   3:        184 bytes,        184 total
- age   9:         16 bytes,        200 total
: 896K->0K(960K), 0.0006842 secs] 4998K->4678K(10176K), 0.0010041 secs] [Times: user=0.00 sys=0.00, real=0.00 secs] 
2019-01-02T11:13:42.869+0530: 890.769: [GC (Allocation Failure) 2019-01-02T11:13:42.869+0530: 890.769: [DefNew
Desired survivor size 32768 bytes, new threshold 15 (max 15)
- age   1:         24 bytes,         24 total
- age   4:        184 bytes,        208 total
- age  10:         16 bytes,        224 total
: 497K->0K(960K), 0.0003609 secs] 5176K->4678K(10176K), 0.0004903 secs] [Times: user=0.00 sys=0.00, real=0.00 secs] 
2019-01-02T11:13:42.870+0530: 890.771: [GC (Allocation Failure) 2019-01-02T11:13:42.871+0530: 890.771: [DefNew
Desired survivor size 32768 bytes, new threshold 15 (max 15)
- age   2:         24 bytes,         24 total
- age   5:        184 bytes,        208 total
- age  11:         16 bytes,        224 total
: 509K->0K(960K), 0.0007697 secs] 5187K->5187K(10176K), 0.0010029 secs] [Times: user=0.00 sys=0.00, real=0.00 secs] 
2019-01-02T11:13:42.872+0530: 890.773: [GC (Allocation Failure) 2019-01-02T11:13:42.872+0530: 890.773: [DefNew
Desired survivor size 32768 bytes, new threshold 15 (max 15)
- age   1:         24 bytes,         24 total
- age   6:         72 bytes,         96 total
- age  12:         16 bytes,        112 total
: 526K->0K(960K), 0.0013707 secs] 5714K->5696K(10176K), 0.0016620 secs] [Times: user=0.00 sys=0.00, real=0.00 secs] 
2019-01-02T11:13:43.004+0530: 890.905: [GC (Allocation Failure) 2019-01-02T11:13:43.005+0530: 890.905: [DefNew
Desired survivor size 32768 bytes, new threshold 15 (max 15)
- age   1:        248 bytes,        248 total
- age   7:         16 bytes,        264 total
- age  13:         16 bytes,        280 total
: 880K->0K(960K), 0.0011449 secs] 6576K->5768K(10176K), 0.0018428 secs] [Times: user=0.02 sys=0.00, real=0.00 secs] 
2019-01-02T11:13:43.009+0530: 890.910: [GC (Allocation Failure) 2019-01-02T11:13:43.009+0530: 890.910: [DefNew
Desired survivor size 32768 bytes, new threshold 15 (max 15)
- age   1:         40 bytes,         40 total
- age   2:        184 bytes,        224 total
- age   8:         16 bytes,        240 total
- age  14:         16 bytes,        256 total
: 896K->0K(960K), 0.0014921 secs] 6664K->6056K(10176K), 0.0021227 secs] [Times: user=0.00 sys=0.00, real=0.00 secs] 
2019-01-02T11:13:43.014+0530: 890.914: [GC (Allocation Failure) 2019-01-02T11:13:43.014+0530: 890.915: [DefNew
Desired survivor size 32768 bytes, new threshold 15 (max 15)
- age   3:        184 bytes,        184 total
- age   9:         16 bytes,        200 total
- age  15:         16 bytes,        216 total
: 896K->0K(960K), 0.0016957 secs] 6952K->6632K(10176K), 0.0021689 secs] [Times: user=0.00 sys=0.00, real=0.00 secs] 
2019-01-02T11:13:43.018+0530: 890.919: [GC (Allocation Failure) 2019-01-02T11:13:43.018+0530: 890.919: [DefNew
Desired survivor size 32768 bytes, new threshold 15 (max 15)
- age   1:         24 bytes,         24 total
- age   4:        184 bytes,        208 total
- age  10:         16 bytes,        224 total
: 497K->0K(960K), 0.0004151 secs] 7130K->6632K(10176K), 0.0005736 secs] [Times: user=0.00 sys=0.00, real=0.00 secs] 
2019-01-02T11:13:43.019+0530: 890.920: [GC (Allocation Failure) 2019-01-02T11:13:43.020+0530: 890.920: [DefNew
Desired survivor size 32768 bytes, new threshold 15 (max 15)
- age   2:         24 bytes,         24 total
- age   5:        184 bytes,        208 total
- age  11:         16 bytes,        224 total
: 509K->0K(960K), 0.0018456 secs] 7141K->7141K(10176K), 0.0019739 secs] [Times: user=0.01 sys=0.00, real=0.00 secs] 
2019-01-02T11:13:43.023+0530: 890.923: [GC (Allocation Failure) 2019-01-02T11:13:43.023+0530: 890.923: [DefNew
Desired survivor size 32768 bytes, new threshold 15 (max 15)
- age   1:         24 bytes,         24 total
- age   6:         72 bytes,         96 total
- age  12:         16 bytes,        112 total
: 526K->0K(960K), 0.0005040 secs] 7667K->7650K(10176K), 0.0006260 secs] [Times: user=0.00 sys=0.00, real=0.00 secs] 
2019-01-02T11:13:43.126+0530: 891.026: [GC (Allocation Failure) 2019-01-02T11:13:43.126+0530: 891.026: [DefNew
Desired survivor size 32768 bytes, new threshold 15 (max 15)
- age   1:        248 bytes,        248 total
- age   7:         16 bytes,        264 total
- age  13:         16 bytes,        280 total
: 880K->0K(960K), 0.0007150 secs] 8530K->7722K(10176K), 0.0009750 secs] [Times: user=0.00 sys=0.00, real=0.00 secs] 
2019-01-02T11:13:43.129+0530: 891.029: [GC (Allocation Failure) 2019-01-02T11:13:43.129+0530: 891.029: [DefNew
Desired survivor size 32768 bytes, new threshold 15 (max 15)
- age   1:         40 bytes,         40 total
- age   2:        184 bytes,        224 total
- age   8:         16 bytes,        240 total
- age  14:         16 bytes,        256 total
: 896K->0K(960K), 0.0009687 secs] 8618K->8010K(10176K), 0.0012059 secs] [Times: user=0.00 sys=0.00, real=0.00 secs] 
2019-01-02T11:13:43.132+0530: 891.032: [GC (Allocation Failure) 2019-01-02T11:13:43.132+0530: 891.032: [DefNew
Desired survivor size 32768 bytes, new threshold 15 (max 15)
- age   3:        184 bytes,        184 total
- age   9:         16 bytes,        200 total
- age  15:         16 bytes,        216 total
: 896K->0K(960K), 0.0014989 secs] 8906K->8586K(10176K), 0.0018713 secs] [Times: user=0.00 sys=0.00, real=0.00 secs] 
2019-01-02T11:13:43.135+0530: 891.035: [GC (Allocation Failure) 2019-01-02T11:13:43.135+0530: 891.036: [DefNew
Desired survivor size 32768 bytes, new threshold 15 (max 15)
- age   1:         24 bytes,         24 total
- age   4:        184 bytes,        208 total
- age  10:         16 bytes,        224 total
: 497K->0K(960K), 0.0004938 secs] 9084K->8586K(10176K), 0.0006545 secs] [Times: user=0.00 sys=0.00, real=0.00 secs] 
2019-01-02T11:13:43.136+0530: 891.037: [GC (Allocation Failure) 2019-01-02T11:13:43.137+0530: 891.037: [DefNew
Desired survivor size 32768 bytes, new threshold 15 (max 15)
- age   2:         24 bytes,         24 total
- age   5:        184 bytes,        208 total
- age  11:         16 bytes,        224 total
: 509K->0K(960K), 0.0007406 secs] 9095K->9095K(10176K), 0.0008267 secs] [Times: user=0.00 sys=0.00, real=0.00 secs] 
2019-01-02T11:13:43.138+0530: 891.038: [GC (Allocation Failure) 2019-01-02T11:13:43.138+0530: 891.038: [DefNew: 526K->526K(960K), 0.0000239 secs]2019-01-02T11:13:43.138+0530: 891.038: [Tenured: 9095K->1280K(9216K), 0.0071840 secs] 9621K->1280K(10176K), [Metaspace: 2520K->2520K(1056768K)], 0.0074121 secs] [Times: user=0.00 sys=0.00, real=0.01 secs] 
2019-01-02T11:13:43.224+0530: 891.124: [GC (Allocation Failure) 2019-01-02T11:13:43.224+0530: 891.125: [DefNew
Desired survivor size 32768 bytes, new threshold 15 (max 15)
- age   1:        248 bytes,        248 total
: 880K->0K(960K), 0.0014739 secs] 2160K->1861K(10176K), 0.0019802 secs] [Times: user=0.00 sys=0.02, real=0.00 secs] 
2019-01-02T11:13:43.228+0530: 891.128: [GC (Allocation Failure) 2019-01-02T11:13:43.228+0530: 891.128: [DefNew
Desired survivor size 32768 bytes, new threshold 15 (max 15)
- age   1:         40 bytes,         40 total
- age   2:        184 bytes,        224 total
: 896K->0K(960K), 0.0008598 secs] 2757K->2149K(10176K), 0.0012287 secs] [Times: user=0.00 sys=0.00, real=0.00 secs] 
2019-01-02T11:13:43.232+0530: 891.132: [GC (Allocation Failure) 2019-01-02T11:13:43.232+0530: 891.132: [DefNew
Desired survivor size 32768 bytes, new threshold 15 (max 15)
- age   3:        184 bytes,        184 total
: 896K->0K(960K), 0.0017555 secs] 3045K->2725K(10176K), 0.0021883 secs] [Times: user=0.00 sys=0.00, real=0.00 secs] 
2019-01-02T11:13:43.236+0530: 891.137: [GC (Allocation Failure) 2019-01-02T11:13:43.236+0530: 891.137: [DefNew
Desired survivor size 32768 bytes, new threshold 15 (max 15)
- age   1:         24 bytes,         24 total
- age   4:        184 bytes,        208 total
: 497K->0K(960K), 0.0007595 secs] 3223K->2725K(10176K), 0.0009265 secs] [Times: user=0.00 sys=0.00, real=0.00 secs] 
2019-01-02T11:13:43.238+0530: 891.138: [GC (Allocation Failure) 2019-01-02T11:13:43.238+0530: 891.138: [DefNew
Desired survivor size 32768 bytes, new threshold 15 (max 15)
- age   2:         24 bytes,         24 total
- age   5:        184 bytes,        208 total
: 509K->0K(960K), 0.0003449 secs] 3234K->3234K(10176K), 0.0004225 secs] [Times: user=0.00 sys=0.00, real=0.00 secs] 
2019-01-02T11:13:43.238+0530: 891.139: [GC (Allocation Failure) 2019-01-02T11:13:43.238+0530: 891.139: [DefNew
Desired survivor size 32768 bytes, new threshold 15 (max 15)
- age   1:         24 bytes,         24 total
- age   6:         72 bytes,         96 total
: 526K->0K(960K), 0.0003056 secs] 3760K->3743K(10176K), 0.0003575 secs] [Times: user=0.00 sys=0.00, real=0.00 secs] 
2019-01-02T11:13:43.310+0530: 891.210: [GC (Allocation Failure) 2019-01-02T11:13:43.310+0530: 891.211: [DefNew
Desired survivor size 32768 bytes, new threshold 15 (max 15)
- age   1:        248 bytes,        248 total
- age   7:         16 bytes,        264 total
: 880K->0K(960K), 0.0012344 secs] 4623K->3815K(10176K), 0.0016232 secs] [Times: user=0.00 sys=0.00, real=0.00 secs] 
2019-01-02T11:13:43.313+0530: 891.214: [GC (Allocation Failure) 2019-01-02T11:13:43.314+0530: 891.214: [DefNew
Desired survivor size 32768 bytes, new threshold 15 (max 15)
- age   1:         40 bytes,         40 total
- age   2:        184 bytes,        224 total
- age   8:         16 bytes,        240 total
: 896K->0K(960K), 0.0009944 secs] 4711K->4103K(10176K), 0.0013878 secs] [Times: user=0.00 sys=0.00, real=0.00 secs] 
2019-01-02T11:13:43.317+0530: 891.217: [GC (Allocation Failure) 2019-01-02T11:13:43.317+0530: 891.218: [DefNew
Desired survivor size 32768 bytes, new threshold 15 (max 15)
- age   3:        184 bytes,        184 total
- age   9:         16 bytes,        200 total
: 896K->0K(960K), 0.0013866 secs] 4999K->4679K(10176K), 0.0017002 secs] [Times: user=0.02 sys=0.00, real=0.00 secs] 
2019-01-02T11:13:43.320+0530: 891.221: [GC (Allocation Failure) 2019-01-02T11:13:43.321+0530: 891.221: [DefNew
Desired survivor size 32768 bytes, new threshold 15 (max 15)
- age   1:         24 bytes,         24 total
- age   4:        184 bytes,        208 total
- age  10:         16 bytes,        224 total
: 497K->0K(960K), 0.0008820 secs] 5177K->4679K(10176K), 0.0012310 secs] [Times: user=0.00 sys=0.00, real=0.00 secs] 
2019-01-02T11:13:43.322+0530: 891.223: [GC (Allocation Failure) 2019-01-02T11:13:43.322+0530: 891.223: [DefNew
Desired survivor size 32768 bytes, new threshold 15 (max 15)
- age   2:         24 bytes,         24 total
- age   5:        184 bytes,        208 total
- age  11:         16 bytes,        224 total
: 509K->0K(960K), 0.0003968 secs] 5188K->5188K(10176K), 0.0004852 secs] [Times: user=0.00 sys=0.00, real=0.00 secs] 
2019-01-02T11:13:43.323+0530: 891.223: [GC (Allocation Failure) 2019-01-02T11:13:43.323+0530: 891.224: [DefNew
Desired survivor size 32768 bytes, new threshold 15 (max 15)
- age   1:         24 bytes,         24 total
- age   6:         72 bytes,         96 total
- age  12:         16 bytes,        112 total
: 526K->0K(960K), 0.0003221 secs] 5714K->5697K(10176K), 0.0003814 secs] [Times: user=0.00 sys=0.00, real=0.00 secs] 
2019-01-02T11:13:43.415+0530: 891.315: [GC (Allocation Failure) 2019-01-02T11:13:43.415+0530: 891.315: [DefNew
Desired survivor size 32768 bytes, new threshold 15 (max 15)
- age   1:        248 bytes,        248 total
- age   7:         16 bytes,        264 total
- age  13:         16 bytes,        280 total
: 880K->0K(960K), 0.0008849 secs] 6577K->5769K(10176K), 0.0011705 secs] [Times: user=0.00 sys=0.00, real=0.00 secs] 
2019-01-02T11:13:43.418+0530: 891.319: [GC (Allocation Failure) 2019-01-02T11:13:43.418+0530: 891.319: [DefNew
Desired survivor size 32768 bytes, new threshold 15 (max 15)
- age   1:         40 bytes,         40 total
- age   2:        184 bytes,        224 total
- age   8:         16 bytes,        240 total
- age  14:         16 bytes,        256 total
: 896K->0K(960K), 0.0013946 secs] 6665K->6057K(10176K), 0.0018160 secs] [Times: user=0.00 sys=0.00, real=0.00 secs] 
2019-01-02T11:13:43.422+0530: 891.322: [GC (Allocation Failure) 2019-01-02T11:13:43.422+0530: 891.322: [DefNew
Desired survivor size 32768 bytes, new threshold 15 (max 15)
- age   3:        184 bytes,        184 total
- age   9:         16 bytes,        200 total
- age  15:         16 bytes,        216 total
: 896K->0K(960K), 0.0020822 secs] 6953K->6633K(10176K), 0.0023468 secs] [Times: user=0.00 sys=0.00, real=0.00 secs] 
2019-01-02T11:13:43.427+0530: 891.328: [GC (Allocation Failure) 2019-01-02T11:13:43.427+0530: 891.328: [DefNew
Desired survivor size 32768 bytes, new threshold 15 (max 15)
- age   1:         24 bytes,         24 total
- age   4:        184 bytes,        208 total
- age  10:         16 bytes,        224 total
: 497K->0K(960K), 0.0003643 secs] 7130K->6633K(10176K), 0.0006369 secs] [Times: user=0.00 sys=0.00, real=0.00 secs] 
2019-01-02T11:13:43.428+0530: 891.329: [GC (Allocation Failure) 2019-01-02T11:13:43.428+0530: 891.329: [DefNew
Desired survivor size 32768 bytes, new threshold 15 (max 15)
- age   2:         24 bytes,         24 total
- age   5:        184 bytes,        208 total
- age  11:         16 bytes,        224 total
: 509K->0K(960K), 0.0008849 secs] 7142K->7142K(10176K), 0.0011346 secs] [Times: user=0.00 sys=0.00, real=0.00 secs] 
2019-01-02T11:13:43.431+0530: 891.332: [GC (Allocation Failure) 2019-01-02T11:13:43.431+0530: 891.332: [DefNew
Desired survivor size 32768 bytes, new threshold 15 (max 15)
- age   1:         24 bytes,         24 total
- age   6:         72 bytes,         96 total
- age  12:         16 bytes,        112 total
: 526K->0K(960K), 0.0022721 secs] 7668K->7651K(10176K), 0.0026347 secs] [Times: user=0.00 sys=0.00, real=0.00 secs] 
2019-01-02T11:13:43.531+0530: 891.432: [GC (Allocation Failure) 2019-01-02T11:13:43.532+0530: 891.432: [DefNew
Desired survivor size 32768 bytes, new threshold 15 (max 15)
- age   1:        248 bytes,        248 total
- age   7:         16 bytes,        264 total
- age  13:         16 bytes,        280 total
: 880K->0K(960K), 0.0009265 secs] 8531K->7723K(10176K), 0.0011717 secs] [Times: user=0.00 sys=0.00, real=0.00 secs] 
2019-01-02T11:13:43.535+0530: 891.435: [GC (Allocation Failure) 2019-01-02T11:13:43.535+0530: 891.435: [DefNew
Desired survivor size 32768 bytes, new threshold 15 (max 15)
- age   1:         40 bytes,         40 total
- age   2:        184 bytes,        224 total
- age   8:         16 bytes,        240 total
- age  14:         16 bytes,        256 total
: 896K->0K(960K), 0.0012213 secs] 8619K->8011K(10176K), 0.0016227 secs] [Times: user=0.02 sys=0.00, real=0.00 secs] 
2019-01-02T11:13:43.538+0530: 891.439: [GC (Allocation Failure) 2019-01-02T11:13:43.539+0530: 891.439: [DefNew
Desired survivor size 32768 bytes, new threshold 15 (max 15)
- age   3:        184 bytes,        184 total
- age   9:         16 bytes,        200 total
- age  15:         16 bytes,        216 total
: 896K->0K(960K), 0.0011221 secs] 8907K->8587K(10176K), 0.0013536 secs] [Times: user=0.00 sys=0.00, real=0.00 secs] 
2019-01-02T11:13:43.541+0530: 891.442: [GC (Allocation Failure) 2019-01-02T11:13:43.541+0530: 891.442: [DefNew
Desired survivor size 32768 bytes, new threshold 15 (max 15)
- age   1:         24 bytes,         24 total
- age   4:        184 bytes,        208 total
- age  10:         16 bytes,        224 total
: 497K->0K(960K), 0.0007019 secs] 9084K->8587K(10176K), 0.0009698 secs] [Times: user=0.00 sys=0.00, real=0.00 secs] 
2019-01-02T11:13:43.543+0530: 891.444: [GC (Allocation Failure) 2019-01-02T11:13:43.543+0530: 891.444: [DefNew
Desired survivor size 32768 bytes, new threshold 15 (max 15)
- age   2:         24 bytes,         24 total
- age   5:        184 bytes,        208 total
- age  11:         16 bytes,        224 total
: 509K->0K(960K), 0.0005046 secs] 9096K->9096K(10176K), 0.0006118 secs] [Times: user=0.00 sys=0.00, real=0.00 secs] 
2019-01-02T11:13:43.544+0530: 891.445: [GC (Allocation Failure) 2019-01-02T11:13:43.544+0530: 891.445: [DefNew: 526K->526K(960K), 0.0000353 secs]2019-01-02T11:13:43.544+0530: 891.445: [Tenured: 9095K->1280K(9216K), 0.0090427 secs] 9622K->1280K(10176K), [Metaspace: 2520K->2520K(1056768K)], 0.0092218 secs] [Times: user=0.01 sys=0.00, real=0.01 secs] 
2019-01-02T11:13:43.640+0530: 891.540: [GC (Allocation Failure) 2019-01-02T11:13:43.640+0530: 891.540: [DefNew
Desired survivor size 32768 bytes, new threshold 15 (max 15)
- age   1:        248 bytes,        248 total
: 880K->0K(960K), 0.0013433 secs] 2160K->1861K(10176K), 0.0018080 secs] [Times: user=0.00 sys=0.00, real=0.00 secs] 
2019-01-02T11:13:43.644+0530: 891.544: [GC (Allocation Failure) 2019-01-02T11:13:43.644+0530: 891.544: [DefNew
Desired survivor size 32768 bytes, new threshold 15 (max 15)
- age   1:         40 bytes,         40 total
- age   2:        184 bytes,        224 total
: 896K->0K(960K), 0.0011033 secs] 2757K->2149K(10176K), 0.0014254 secs] [Times: user=0.00 sys=0.02, real=0.00 secs] 
2019-01-02T11:13:43.647+0530: 891.547: [GC (Allocation Failure) 2019-01-02T11:13:43.647+0530: 891.548: [DefNew
Desired survivor size 32768 bytes, new threshold 15 (max 15)
- age   3:        184 bytes,        184 total
: 896K->0K(960K), 0.0013365 secs] 3045K->2725K(10176K), 0.0016791 secs] [Times: user=0.00 sys=0.00, real=0.00 secs] 
2019-01-02T11:13:43.651+0530: 891.552: [GC (Allocation Failure) 2019-01-02T11:13:43.652+0530: 891.552: [DefNew
Desired survivor size 32768 bytes, new threshold 15 (max 15)
- age   1:         24 bytes,         24 total
- age   4:        184 bytes,        208 total
: 497K->0K(960K), 0.0008370 secs] 3223K->2725K(10176K), 0.0011460 secs] [Times: user=0.00 sys=0.00, real=0.00 secs] 
2019-01-02T11:13:43.653+0530: 891.554: [GC (Allocation Failure) 2019-01-02T11:13:43.654+0530: 891.554: [DefNew
Desired survivor size 32768 bytes, new threshold 15 (max 15)
- age   2:         24 bytes,         24 total
- age   5:        184 bytes,        208 total
: 509K->0K(960K), 0.0010058 secs] 3234K->3234K(10176K), 0.0011392 secs] [Times: user=0.00 sys=0.00, real=0.00 secs] 
2019-01-02T11:13:43.655+0530: 891.556: [GC (Allocation Failure) 2019-01-02T11:13:43.656+0530: 891.556: [DefNew
Desired survivor size 32768 bytes, new threshold 15 (max 15)
- age   1:         24 bytes,         24 total
- age   6:         72 bytes,         96 total
: 526K->0K(960K), 0.0003353 secs] 3761K->3743K(10176K), 0.0004670 secs] [Times: user=0.00 sys=0.00, real=0.00 secs] 
2019-01-02T11:13:43.730+0530: 891.631: [GC (Allocation Failure) 2019-01-02T11:13:43.731+0530: 891.631: [DefNew
Desired survivor size 32768 bytes, new threshold 15 (max 15)
- age   1:        248 bytes,        248 total
- age   7:         16 bytes,        264 total
: 880K->0K(960K), 0.0006899 secs] 4623K->3815K(10176K), 0.0012395 secs] [Times: user=0.00 sys=0.00, real=0.00 secs] 
2019-01-02T11:13:43.733+0530: 891.634: [GC (Allocation Failure) 2019-01-02T11:13:43.734+0530: 891.634: [DefNew
Desired survivor size 32768 bytes, new threshold 15 (max 15)
- age   1:         40 bytes,         40 total
- age   2:        184 bytes,        224 total
- age   8:         16 bytes,        240 total
: 896K->0K(960K), 0.0019089 secs] 4711K->4103K(10176K), 0.0024300 secs] [Times: user=0.00 sys=0.00, real=0.00 secs] 
2019-01-02T11:13:43.737+0530: 891.638: [GC (Allocation Failure) 2019-01-02T11:13:43.737+0530: 891.638: [DefNew
Desired survivor size 32768 bytes, new threshold 15 (max 15)
- age   3:        184 bytes,        184 total
- age   9:         16 bytes,        200 total
: 896K->0K(960K), 0.0004031 secs] 4999K->4679K(10176K), 0.0004983 secs] [Times: user=0.00 sys=0.00, real=0.00 secs] 
2019-01-02T11:13:43.739+0530: 891.639: [GC (Allocation Failure) 2019-01-02T11:13:43.739+0530: 891.639: [DefNew
Desired survivor size 32768 bytes, new threshold 15 (max 15)
- age   1:         24 bytes,         24 total
- age   4:        184 bytes,        208 total
- age  10:         16 bytes,        224 total
: 497K->0K(960K), 0.0002514 secs] 5177K->4679K(10176K), 0.0003227 secs] [Times: user=0.00 sys=0.00, real=0.00 secs] 
2019-01-02T11:13:43.739+0530: 891.640: [GC (Allocation Failure) 2019-01-02T11:13:43.739+0530: 891.640: [DefNew
Desired survivor size 32768 bytes, new threshold 15 (max 15)
- age   2:         24 bytes,         24 total
- age   5:        184 bytes,        208 total
- age  11:         16 bytes,        224 total
: 509K->0K(960K), 0.0003153 secs] 5188K->5188K(10176K), 0.0003666 secs] [Times: user=0.00 sys=0.00, real=0.00 secs] 
2019-01-02T11:13:43.740+0530: 891.640: [GC (Allocation Failure) 2019-01-02T11:13:43.740+0530: 891.640: [DefNew
Desired survivor size 32768 bytes, new threshold 15 (max 15)
- age   1:         24 bytes,         24 total
- age   6:         72 bytes,         96 total
- age  12:         16 bytes,        112 total
: 526K->0K(960K), 0.0003067 secs] 5715K->5697K(10176K), 0.0003581 secs] [Times: user=0.00 sys=0.00, real=0.00 secs] 
2019-01-02T11:13:43.797+0530: 891.697: [GC (Allocation Failure) 2019-01-02T11:13:43.797+0530: 891.697: [DefNew
Desired survivor size 32768 bytes, new threshold 15 (max 15)
- age   1:        248 bytes,        248 total
- age   7:         16 bytes,        264 total
- age  13:         16 bytes,        280 total
: 880K->0K(960K), 0.0005901 secs] 6577K->5769K(10176K), 0.0007133 secs] [Times: user=0.00 sys=0.00, real=0.00 secs] 
2019-01-02T11:13:43.799+0530: 891.699: [GC (Allocation Failure) 2019-01-02T11:13:43.799+0530: 891.699: [DefNew
Desired survivor size 32768 bytes, new threshold 15 (max 15)
- age   1:         40 bytes,         40 total
- age   2:        184 bytes,        224 total
- age   8:         16 bytes,        240 total
- age  14:         16 bytes,        256 total
: 896K->0K(960K), 0.0008376 secs] 6665K->6057K(10176K), 0.0009527 secs] [Times: user=0.00 sys=0.00, real=0.00 secs] 
2019-01-02T11:13:43.801+0530: 891.702: [GC (Allocation Failure) 2019-01-02T11:13:43.801+0530: 891.702: [DefNew
Desired survivor size 32768 bytes, new threshold 15 (max 15)
- age   3:        184 bytes,        184 total
- age   9:         16 bytes,        200 total
- age  15:         16 bytes,        216 total
: 896K->0K(960K), 0.0007167 secs] 6953K->6633K(10176K), 0.0008815 secs] [Times: user=0.00 sys=0.00, real=0.00 secs] 
2019-01-02T11:13:43.803+0530: 891.704: [GC (Allocation Failure) 2019-01-02T11:13:43.803+0530: 891.704: [DefNew
Desired survivor size 32768 bytes, new threshold 15 (max 15)
- age   1:         24 bytes,         24 total
- age   4:        184 bytes,        208 total
- age  10:         16 bytes,        224 total
: 497K->0K(960K), 0.0002486 secs] 7131K->6633K(10176K), 0.0003107 secs] [Times: user=0.00 sys=0.00, real=0.00 secs] 
2019-01-02T11:13:43.804+0530: 891.704: [GC (Allocation Failure) 2019-01-02T11:13:43.804+0530: 891.704: [DefNew
Desired survivor size 32768 bytes, new threshold 15 (max 15)
- age   2:         24 bytes,         24 total
- age   5:        184 bytes,        208 total
- age  11:         16 bytes,        224 total
: 509K->0K(960K), 0.0003814 secs] 7142K->7142K(10176K), 0.0004481 secs] [Times: user=0.00 sys=0.00, real=0.00 secs] 
2019-01-02T11:13:43.805+0530: 891.705: [GC (Allocation Failure) 2019-01-02T11:13:43.805+0530: 891.705: [DefNew
Desired survivor size 32768 bytes, new threshold 15 (max 15)
- age   1:         24 bytes,         24 total
- age   6:         72 bytes,         96 total
- age  12:         16 bytes,        112 total
: 526K->0K(960K), 0.0003267 secs] 7669K->7651K(10176K), 0.0003803 secs] [Times: user=0.00 sys=0.00, real=0.00 secs] 
2019-01-02T11:13:43.866+0530: 891.766: [GC (Allocation Failure) 2019-01-02T11:13:43.866+0530: 891.766: [DefNew
Desired survivor size 32768 bytes, new threshold 15 (max 15)
- age   1:        248 bytes,        248 total
- age   7:         16 bytes,        264 total
- age  13:         16 bytes,        280 total
: 880K->0K(960K), 0.0006243 secs] 8532K->7723K(10176K), 0.0007498 secs] [Times: user=0.00 sys=0.00, real=0.00 secs] 
2019-01-02T11:13:43.868+0530: 891.768: [GC (Allocation Failure) 2019-01-02T11:13:43.868+0530: 891.768: [DefNew
Desired survivor size 32768 bytes, new threshold 15 (max 15)
- age   1:         40 bytes,         40 total
- age   2:        184 bytes,        224 total
- age   8:         16 bytes,        240 total
- age  14:         16 bytes,        256 total
: 896K->0K(960K), 0.0006979 secs] 8619K->8011K(10176K), 0.0008284 secs] [Times: user=0.00 sys=0.00, real=0.00 secs] 
2019-01-02T11:13:43.870+0530: 891.771: [GC (Allocation Failure) 2019-01-02T11:13:43.870+0530: 891.771: [DefNew
Desired survivor size 32768 bytes, new threshold 15 (max 15)
- age   3:        184 bytes,        184 total
- age   9:         16 bytes,        200 total
- age  15:         16 bytes,        216 total
: 896K->0K(960K), 0.0009487 secs] 8907K->8587K(10176K), 0.0011209 secs] [Times: user=0.00 sys=0.00, real=0.00 secs] 
2019-01-02T11:13:43.873+0530: 891.773: [GC (Allocation Failure) 2019-01-02T11:13:43.873+0530: 891.773: [DefNew
Desired survivor size 32768 bytes, new threshold 15 (max 15)
- age   1:         24 bytes,         24 total
- age   4:        184 bytes,        208 total
- age  10:         16 bytes,        224 total
: 497K->0K(960K), 0.0006357 secs] 9085K->8587K(10176K), 0.0008045 secs] [Times: user=0.00 sys=0.00, real=0.00 secs] 
2019-01-02T11:13:43.874+0530: 891.774: [GC (Allocation Failure) 2019-01-02T11:13:43.874+0530: 891.775: [DefNew
Desired survivor size 32768 bytes, new threshold 15 (max 15)
- age   2:         24 bytes,         24 total
- age   5:        184 bytes,        208 total
- age  11:         16 bytes,        224 total
: 509K->0K(960K), 0.0012908 secs] 9096K->9096K(10176K), 0.0014847 secs] [Times: user=0.00 sys=0.00, real=0.00 secs] 
2019-01-02T11:13:43.876+0530: 891.776: [GC (Allocation Failure) 2019-01-02T11:13:43.876+0530: 891.776: [DefNew: 526K->526K(960K), 0.0000485 secs]2019-01-02T11:13:43.876+0530: 891.777: [Tenured: 9096K->1280K(9216K), 0.0069793 secs] 9623K->1280K(10176K), [Metaspace: 2520K->2520K(1056768K)], 0.0071794 secs] [Times: user=0.02 sys=0.00, real=0.01 secs] 
2019-01-02T11:13:43.938+0530: 891.839: [GC (Allocation Failure) 2019-01-02T11:13:43.938+0530: 891.839: [DefNew
Desired survivor size 32768 bytes, new threshold 15 (max 15)
- age   1:        248 bytes,        248 total
: 880K->0K(960K), 0.0014733 secs] 2160K->1861K(10176K), 0.0016358 secs] [Times: user=0.00 sys=0.00, real=0.00 secs] 
2019-01-02T11:13:43.942+0530: 891.842: [GC (Allocation Failure) 2019-01-02T11:13:43.942+0530: 891.842: [DefNew
Desired survivor size 32768 bytes, new threshold 15 (max 15)
- age   1:         40 bytes,         40 total
- age   2:        184 bytes,        224 total
: 896K->0K(960K), 0.0007600 secs] 2757K->2149K(10176K), 0.0009351 secs] [Times: user=0.00 sys=0.00, real=0.00 secs] 
2019-01-02T11:13:43.944+0530: 891.845: [GC (Allocation Failure) 2019-01-02T11:13:43.944+0530: 891.845: [DefNew
Desired survivor size 32768 bytes, new threshold 15 (max 15)
- age   3:        184 bytes,        184 total
: 896K->0K(960K), 0.0010930 secs] 3045K->2725K(10176K), 0.0013154 secs] [Times: user=0.00 sys=0.00, real=0.00 secs] 
2019-01-02T11:13:43.947+0530: 891.848: [GC (Allocation Failure) 2019-01-02T11:13:43.947+0530: 891.848: [DefNew
Desired survivor size 32768 bytes, new threshold 15 (max 15)
- age   1:         24 bytes,         24 total
- age   4:        184 bytes,        208 total
: 497K->0K(960K), 0.0005662 secs] 3223K->2725K(10176K), 0.0007230 secs] [Times: user=0.00 sys=0.00, real=0.00 secs] 
2019-01-02T11:13:43.949+0530: 891.849: [GC (Allocation Failure) 2019-01-02T11:13:43.949+0530: 891.849: [DefNew
Desired survivor size 32768 bytes, new threshold 15 (max 15)
- age   2:         24 bytes,         24 total
- age   5:        184 bytes,        208 total
: 509K->0K(960K), 0.0007748 secs] 3234K->3234K(10176K), 0.0008644 secs] [Times: user=0.00 sys=0.00, real=0.00 secs] 
2019-01-02T11:13:43.950+0530: 891.850: [GC (Allocation Failure) 2019-01-02T11:13:43.950+0530: 891.850: [DefNew
Desired survivor size 32768 bytes, new threshold 15 (max 15)
- age   1:         24 bytes,         24 total
- age   6:         72 bytes,         96 total
: 526K->0K(960K), 0.0003193 secs] 3761K->3743K(10176K), 0.0003997 secs] [Times: user=0.00 sys=0.00, real=0.00 secs] 
2019-01-02T11:13:44.009+0530: 891.909: [GC (Allocation Failure) 2019-01-02T11:13:44.009+0530: 891.910: [DefNew
Desired survivor size 32768 bytes, new threshold 15 (max 15)
- age   1:        248 bytes,        248 total
- age   7:         16 bytes,        264 total
: 880K->0K(960K), 0.0004983 secs] 4624K->3816K(10176K), 0.0008421 secs] [Times: user=0.00 sys=0.00, real=0.00 secs] 
2019-01-02T11:13:44.012+0530: 891.913: [GC (Allocation Failure) 2019-01-02T11:13:44.012+0530: 891.913: [DefNew
Desired survivor size 32768 bytes, new threshold 15 (max 15)
- age   1:         40 bytes,         40 total
- age   2:        184 bytes,        224 total
- age   8:         16 bytes,        240 total
: 896K->0K(960K), 0.0010765 secs] 4712K->4104K(10176K), 0.0014898 secs] [Times: user=0.00 sys=0.00, real=0.00 secs] 
2019-01-02T11:13:44.015+0530: 891.916: [GC (Allocation Failure) 2019-01-02T11:13:44.015+0530: 891.916: [DefNew
Desired survivor size 32768 bytes, new threshold 15 (max 15)
- age   3:        184 bytes,        184 total
- age   9:         16 bytes,        200 total
: 896K->0K(960K), 0.0012720 secs] 5000K->4680K(10176K), 0.0014094 secs] [Times: user=0.00 sys=0.00, real=0.00 secs] 
2019-01-02T11:13:44.018+0530: 891.918: [GC (Allocation Failure) 2019-01-02T11:13:44.018+0530: 891.918: [DefNew
Desired survivor size 32768 bytes, new threshold 15 (max 15)
- age   1:         24 bytes,         24 total
- age   4:        184 bytes,        208 total
- age  10:         16 bytes,        224 total
: 497K->0K(960K), 0.0002440 secs] 5177K->4680K(10176K), 0.0002988 secs] [Times: user=0.00 sys=0.00, real=0.00 secs] 
2019-01-02T11:13:44.018+0530: 891.919: [GC (Allocation Failure) 2019-01-02T11:13:44.018+0530: 891.919: [DefNew
Desired survivor size 32768 bytes, new threshold 15 (max 15)
- age   2:         24 bytes,         24 total
- age   5:        184 bytes,        208 total
- age  11:         16 bytes,        224 total
: 509K->0K(960K), 0.0003073 secs] 5189K->5189K(10176K), 0.0003563 secs] [Times: user=0.00 sys=0.00, real=0.00 secs] 
2019-01-02T11:13:44.019+0530: 891.920: [GC (Allocation Failure) 2019-01-02T11:13:44.019+0530: 891.920: [DefNew
Desired survivor size 32768 bytes, new threshold 15 (max 15)
- age   1:         24 bytes,         24 total
- age   6:         72 bytes,         96 total
- age  12:         16 bytes,        112 total
: 526K->0K(960K), 0.0003444 secs] 5715K->5698K(10176K), 0.0003974 secs] [Times: user=0.00 sys=0.00, real=0.00 secs] 
2019-01-02T11:13:44.076+0530: 891.976: [GC (Allocation Failure) 2019-01-02T11:13:44.076+0530: 891.976: [DefNew
Desired survivor size 32768 bytes, new threshold 15 (max 15)
- age   1:        248 bytes,        248 total
- age   7:         16 bytes,        264 total
- age  13:         16 bytes,        280 total
: 880K->0K(960K), 0.0007862 secs] 6578K->5770K(10176K), 0.0011152 secs] [Times: user=0.00 sys=0.00, real=0.00 secs] 
2019-01-02T11:13:44.079+0530: 891.979: [GC (Allocation Failure) 2019-01-02T11:13:44.079+0530: 891.980: [DefNew
Desired survivor size 32768 bytes, new threshold 15 (max 15)
- age   1:         40 bytes,         40 total
- age   2:        184 bytes,        224 total
- age   8:         16 bytes,        240 total
- age  14:         16 bytes,        256 total
: 896K->0K(960K), 0.0011911 secs] 6666K->6058K(10176K), 0.0014727 secs] [Times: user=0.00 sys=0.00, real=0.00 secs] 
2019-01-02T11:13:44.083+0530: 891.983: [GC (Allocation Failure) 2019-01-02T11:13:44.083+0530: 891.983: [DefNew
Desired survivor size 32768 bytes, new threshold 15 (max 15)
- age   3:        184 bytes,        184 total
- age   9:         16 bytes,        200 total
- age  15:         16 bytes,        216 total
: 896K->0K(960K), 0.0008866 secs] 6954K->6634K(10176K), 0.0010360 secs] [Times: user=0.00 sys=0.00, real=0.00 secs] 
2019-01-02T11:13:44.085+0530: 891.985: [GC (Allocation Failure) 2019-01-02T11:13:44.085+0530: 891.985: [DefNew
Desired survivor size 32768 bytes, new threshold 15 (max 15)
- age   1:         24 bytes,         24 total
- age   4:        184 bytes,        208 total
- age  10:         16 bytes,        224 total
: 497K->0K(960K), 0.0006454 secs] 7132K->6634K(10176K), 0.0007862 secs] [Times: user=0.00 sys=0.00, real=0.00 secs] 
2019-01-02T11:13:44.087+0530: 891.987: [GC (Allocation Failure) 2019-01-02T11:13:44.087+0530: 891.987: [DefNew
Desired survivor size 32768 bytes, new threshold 15 (max 15)
- age   2:         24 bytes,         24 total
- age   5:        184 bytes,        208 total
- age  11:         16 bytes,        224 total
: 509K->0K(960K), 0.0004339 secs] 7143K->7143K(10176K), 0.0005359 secs] [Times: user=0.00 sys=0.00, real=0.00 secs] 
2019-01-02T11:13:44.088+0530: 891.988: [GC (Allocation Failure) 2019-01-02T11:13:44.088+0530: 891.988: [DefNew
Desired survivor size 32768 bytes, new threshold 15 (max 15)
- age   1:         24 bytes,         24 total
- age   6:         72 bytes,         96 total
- age  12:         16 bytes,        112 total
: 526K->0K(960K), 0.0003142 secs] 7670K->7652K(10176K), 0.0003689 secs] [Times: user=0.00 sys=0.00, real=0.00 secs] 
2019-01-02T11:13:44.145+0530: 892.045: [GC (Allocation Failure) 2019-01-02T11:13:44.145+0530: 892.045: [DefNew
Desired survivor size 32768 bytes, new threshold 15 (max 15)
- age   1:        248 bytes,        248 total
- age   7:         16 bytes,        264 total
- age  13:         16 bytes,        280 total
: 880K->0K(960K), 0.0010998 secs] 8532K->7724K(10176K), 0.0015543 secs] [Times: user=0.00 sys=0.00, real=0.00 secs] 
2019-01-02T11:13:44.148+0530: 892.049: [GC (Allocation Failure) 2019-01-02T11:13:44.148+0530: 892.049: [DefNew
Desired survivor size 32768 bytes, new threshold 15 (max 15)
- age   1:         40 bytes,         40 total
- age   2:        184 bytes,        224 total
- age   8:         16 bytes,        240 total
- age  14:         16 bytes,        256 total
: 896K->0K(960K), 0.0006021 secs] 8620K->8012K(10176K), 0.0007093 secs] [Times: user=0.00 sys=0.00, real=0.00 secs] 
2019-01-02T11:13:44.150+0530: 892.051: [GC (Allocation Failure) 2019-01-02T11:13:44.150+0530: 892.051: [DefNew
Desired survivor size 32768 bytes, new threshold 15 (max 15)
- age   3:        184 bytes,        184 total
- age   9:         16 bytes,        200 total
- age  15:         16 bytes,        216 total
: 896K->0K(960K), 0.0007663 secs] 8908K->8588K(10176K), 0.0008786 secs] [Times: user=0.00 sys=0.00, real=0.00 secs] 
2019-01-02T11:13:44.152+0530: 892.053: [GC (Allocation Failure) 2019-01-02T11:13:44.153+0530: 892.053: [DefNew
Desired survivor size 32768 bytes, new threshold 15 (max 15)
- age   1:         24 bytes,         24 total
- age   4:        184 bytes,        208 total
- age  10:         16 bytes,        224 total
: 497K->0K(960K), 0.0004328 secs] 9086K->8588K(10176K), 0.0005605 secs] [Times: user=0.00 sys=0.00, real=0.00 secs] 
2019-01-02T11:13:44.153+0530: 892.054: [GC (Allocation Failure) 2019-01-02T11:13:44.153+0530: 892.054: [DefNew
Desired survivor size 32768 bytes, new threshold 15 (max 15)
- age   2:         24 bytes,         24 total
- age   5:        184 bytes,        208 total
- age  11:         16 bytes,        224 total
: 509K->0K(960K), 0.0003330 secs] 9097K->9097K(10176K), 0.0004048 secs] [Times: user=0.00 sys=0.00, real=0.00 secs] 
2019-01-02T11:13:44.154+0530: 892.055: [GC (Allocation Failure) 2019-01-02T11:13:44.154+0530: 892.055: [DefNew: 526K->526K(960K), 0.0000274 secs]2019-01-02T11:13:44.154+0530: 892.055: [Tenured: 9097K->1280K(9216K), 0.0037733 secs] 9624K->1280K(10176K), [Metaspace: 2520K->2520K(1056768K)], 0.0039255 secs] [Times: user=0.00 sys=0.00, real=0.00 secs] 
2019-01-02T11:13:44.215+0530: 892.115: [GC (Allocation Failure) 2019-01-02T11:13:44.215+0530: 892.115: [DefNew
Desired survivor size 32768 bytes, new threshold 15 (max 15)
- age   1:        248 bytes,        248 total
: 880K->0K(960K), 0.0008438 secs] 2161K->1862K(10176K), 0.0010651 secs] [Times: user=0.00 sys=0.00, real=0.00 secs] 
2019-01-02T11:13:44.218+0530: 892.118: [GC (Allocation Failure) 2019-01-02T11:13:44.218+0530: 892.118: [DefNew
Desired survivor size 32768 bytes, new threshold 15 (max 15)
- age   1:         40 bytes,         40 total
- age   2:        184 bytes,        224 total
: 896K->0K(960K), 0.0008923 secs] 2758K->2150K(10176K), 0.0011859 secs] [Times: user=0.00 sys=0.00, real=0.00 secs] 
2019-01-02T11:13:44.220+0530: 892.121: [GC (Allocation Failure) 2019-01-02T11:13:44.220+0530: 892.121: [DefNew
Desired survivor size 32768 bytes, new threshold 15 (max 15)
- age   3:        184 bytes,        184 total
: 896K->0K(960K), 0.0010383 secs] 3046K->2726K(10176K), 0.0011854 secs] [Times: user=0.00 sys=0.00, real=0.00 secs] 
2019-01-02T11:13:44.223+0530: 892.123: [GC (Allocation Failure) 2019-01-02T11:13:44.223+0530: 892.123: [DefNew
Desired survivor size 32768 bytes, new threshold 15 (max 15)
- age   1:         24 bytes,         24 total
- age   4:        184 bytes,        208 total
: 497K->0K(960K), 0.0002423 secs] 3223K->2726K(10176K), 0.0003142 secs] [Times: user=0.00 sys=0.00, real=0.00 secs] 
2019-01-02T11:13:44.223+0530: 892.124: [GC (Allocation Failure) 2019-01-02T11:13:44.223+0530: 892.124: [DefNew
Desired survivor size 32768 bytes, new threshold 15 (max 15)
- age   2:         24 bytes,         24 total
- age   5:        184 bytes,        208 total
: 509K->0K(960K), 0.0003176 secs] 3235K->3235K(10176K), 0.0003871 secs] [Times: user=0.00 sys=0.00, real=0.00 secs] 
2019-01-02T11:13:44.224+0530: 892.125: [GC (Allocation Failure) 2019-01-02T11:13:44.224+0530: 892.125: [DefNew
Desired survivor size 32768 bytes, new threshold 15 (max 15)
- age   1:         24 bytes,         24 total
- age   6:         72 bytes,         96 total
: 526K->0K(960K), 0.0003033 secs] 3762K->3744K(10176K), 0.0003729 secs] [Times: user=0.00 sys=0.00, real=0.00 secs] 
2019-01-02T11:13:44.287+0530: 892.187: [GC (Allocation Failure) 2019-01-02T11:13:44.287+0530: 892.187: [DefNew
Desired survivor size 32768 bytes, new threshold 15 (max 15)
- age   1:        248 bytes,        248 total
- age   7:         16 bytes,        264 total
: 880K->0K(960K), 0.0012372 secs] 4624K->3816K(10176K), 0.0016027 secs] [Times: user=0.00 sys=0.00, real=0.00 secs] 
2019-01-02T11:13:44.290+0530: 892.191: [GC (Allocation Failure) 2019-01-02T11:13:44.290+0530: 892.191: [DefNew
Desired survivor size 32768 bytes, new threshold 15 (max 15)
- age   1:         40 bytes,         40 total
- age   2:        184 bytes,        224 total
- age   8:         16 bytes,        240 total
: 896K->0K(960K), 0.0005245 secs] 4712K->4104K(10176K), 0.0008091 secs] [Times: user=0.00 sys=0.00, real=0.00 secs] 
2019-01-02T11:13:44.293+0530: 892.193: [GC (Allocation Failure) 2019-01-02T11:13:44.293+0530: 892.193: [DefNew
Desired survivor size 32768 bytes, new threshold 15 (max 15)
- age   3:        184 bytes,        184 total
- age   9:         16 bytes,        200 total
: 896K->0K(960K), 0.0011249 secs] 5000K->4680K(10176K), 0.0013062 secs] [Times: user=0.00 sys=0.00, real=0.00 secs] 
2019-01-02T11:13:44.295+0530: 892.196: [GC (Allocation Failure) 2019-01-02T11:13:44.295+0530: 892.196: [DefNew
Desired survivor size 32768 bytes, new threshold 15 (max 15)
- age   1:         24 bytes,         24 total
- age   4:        184 bytes,        208 total
- age  10:         16 bytes,        224 total
: 497K->0K(960K), 0.0002440 secs] 5178K->4680K(10176K), 0.0003227 secs] [Times: user=0.00 sys=0.00, real=0.00 secs] 
2019-01-02T11:13:44.296+0530: 892.196: [GC (Allocation Failure) 2019-01-02T11:13:44.296+0530: 892.196: [DefNew
Desired survivor size 32768 bytes, new threshold 15 (max 15)
- age   2:         24 bytes,         24 total
- age   5:        184 bytes,        208 total
- age  11:         16 bytes,        224 total
: 509K->0K(960K), 0.0014049 secs] 5189K->5189K(10176K), 0.0015389 secs] [Times: user=0.00 sys=0.00, real=0.00 secs] 
2019-01-02T11:13:44.298+0530: 892.198: [GC (Allocation Failure) 2019-01-02T11:13:44.298+0530: 892.198: [DefNew
Desired survivor size 32768 bytes, new threshold 15 (max 15)
- age   1:         24 bytes,         24 total
- age   6:         72 bytes,         96 total
- age  12:         16 bytes,        112 total
: 527K->0K(960K), 0.0004618 secs] 5716K->5698K(10176K), 0.0005633 secs] [Times: user=0.00 sys=0.00, real=0.00 secs] 
2019-01-02T11:13:44.360+0530: 892.261: [GC (Allocation Failure) 2019-01-02T11:13:44.361+0530: 892.261: [DefNew
Desired survivor size 32768 bytes, new threshold 15 (max 15)
- age   1:        248 bytes,        248 total
- age   7:         16 bytes,        264 total
- age  13:         16 bytes,        280 total
: 880K->0K(960K), 0.0010001 secs] 6579K->5770K(10176K), 0.0012441 secs] [Times: user=0.00 sys=0.00, real=0.00 secs] 
2019-01-02T11:13:44.364+0530: 892.264: [GC (Allocation Failure) 2019-01-02T11:13:44.364+0530: 892.264: [DefNew
Desired survivor size 32768 bytes, new threshold 15 (max 15)
- age   1:         40 bytes,         40 total
- age   2:        184 bytes,        224 total
- age   8:         16 bytes,        240 total
- age  14:         16 bytes,        256 total
: 896K->0K(960K), 0.0011050 secs] 6666K->6058K(10176K), 0.0013296 secs] [Times: user=0.00 sys=0.00, real=0.00 secs] 
2019-01-02T11:13:44.367+0530: 892.267: [GC (Allocation Failure) 2019-01-02T11:13:44.367+0530: 892.268: [DefNew
Desired survivor size 32768 bytes, new threshold 15 (max 15)
- age   3:        184 bytes,        184 total
- age   9:         16 bytes,        200 total
- age  15:         16 bytes,        216 total
: 896K->0K(960K), 0.0010913 secs] 6954K->6634K(10176K), 0.0013399 secs] [Times: user=0.00 sys=0.00, real=0.00 secs] 
2019-01-02T11:13:44.370+0530: 892.270: [GC (Allocation Failure) 2019-01-02T11:13:44.370+0530: 892.270: [DefNew
Desired survivor size 32768 bytes, new threshold 15 (max 15)
- age   1:         24 bytes,         24 total
- age   4:        184 bytes,        208 total
- age  10:         16 bytes,        224 total
: 497K->0K(960K), 0.0004778 secs] 7132K->6634K(10176K), 0.0006283 secs] [Times: user=0.00 sys=0.00, real=0.00 secs] 
2019-01-02T11:13:44.371+0530: 892.272: [GC (Allocation Failure) 2019-01-02T11:13:44.371+0530: 892.272: [DefNew
Desired survivor size 32768 bytes, new threshold 15 (max 15)
- age   2:         24 bytes,         24 total
- age   5:        184 bytes,        208 total
- age  11:         16 bytes,        224 total
: 509K->0K(960K), 0.0004955 secs] 7144K->7144K(10176K), 0.0005821 secs] [Times: user=0.00 sys=0.00, real=0.00 secs] 
2019-01-02T11:13:44.372+0530: 892.273: [GC (Allocation Failure) 2019-01-02T11:13:44.372+0530: 892.273: [DefNew
Desired survivor size 32768 bytes, new threshold 15 (max 15)
- age   1:         24 bytes,         24 total
- age   6:         72 bytes,         96 total
- age  12:         16 bytes,        112 total
: 527K->0K(960K), 0.0003159 secs] 7670K->7653K(10176K), 0.0003866 secs] [Times: user=0.00 sys=0.00, real=0.00 secs] 
2019-01-02T11:13:44.431+0530: 892.332: [GC (Allocation Failure) 2019-01-02T11:13:44.431+0530: 892.332: [DefNew
Desired survivor size 32768 bytes, new threshold 15 (max 15)
- age   1:        248 bytes,        248 total
- age   7:         16 bytes,        264 total
- age  13:         16 bytes,        280 total
: 880K->0K(960K), 0.0008866 secs] 8533K->7725K(10176K), 0.0013712 secs] [Times: user=0.00 sys=0.00, real=0.00 secs] 
2019-01-02T11:13:44.435+0530: 892.335: [GC (Allocation Failure) 2019-01-02T11:13:44.435+0530: 892.335: [DefNew
Desired survivor size 32768 bytes, new threshold 15 (max 15)
- age   1:         40 bytes,         40 total
- age   2:        184 bytes,        224 total
- age   8:         16 bytes,        240 total
- age  14:         16 bytes,        256 total
: 896K->0K(960K), 0.0009653 secs] 8621K->8013K(10176K), 0.0011483 secs] [Times: user=0.00 sys=0.00, real=0.00 secs] 
2019-01-02T11:13:44.437+0530: 892.338: [GC (Allocation Failure) 2019-01-02T11:13:44.438+0530: 892.338: [DefNew
Desired survivor size 32768 bytes, new threshold 15 (max 15)
- age   3:        184 bytes,        184 total
- age   9:         16 bytes,        200 total
- age  15:         16 bytes,        216 total
: 896K->0K(960K), 0.0012412 secs] 8909K->8589K(10176K), 0.0016865 secs] [Times: user=0.00 sys=0.00, real=0.00 secs] 
2019-01-02T11:13:44.441+0530: 892.341: [GC (Allocation Failure) 2019-01-02T11:13:44.441+0530: 892.341: [DefNew
Desired survivor size 32768 bytes, new threshold 15 (max 15)
- age   1:         24 bytes,         24 total
- age   4:        184 bytes,        208 total
- age  10:         16 bytes,        224 total
: 497K->0K(960K), 0.0002794 secs] 9087K->8589K(10176K), 0.0003638 secs] [Times: user=0.00 sys=0.00, real=0.00 secs] 
2019-01-02T11:13:44.442+0530: 892.342: [GC (Allocation Failure) 2019-01-02T11:13:44.442+0530: 892.342: [DefNew
Desired survivor size 32768 bytes, new threshold 15 (max 15)
- age   2:         24 bytes,         24 total
- age   5:        184 bytes,        208 total
- age  11:         16 bytes,        224 total
: 509K->0K(960K), 0.0003170 secs] 9098K->9098K(10176K), 0.0003849 secs] [Times: user=0.00 sys=0.00, real=0.00 secs] 
2019-01-02T11:13:44.442+0530: 892.343: [GC (Allocation Failure) 2019-01-02T11:13:44.442+0530: 892.343: [DefNew: 527K->527K(960K), 0.0000291 secs]2019-01-02T11:13:44.442+0530: 892.343: [Tenured: 9098K->1280K(9216K), 0.0037699 secs] 9625K->1280K(10176K), [Metaspace: 2520K->2520K(1056768K)], 0.0039358 secs] [Times: user=0.00 sys=0.00, real=0.00 secs] 
2019-01-02T11:13:44.504+0530: 892.404: [GC (Allocation Failure) 2019-01-02T11:13:44.504+0530: 892.404: [DefNew
Desired survivor size 32768 bytes, new threshold 15 (max 15)
- age   1:        248 bytes,        248 total
: 880K->0K(960K), 0.0016632 secs] 2161K->1862K(10176K), 0.0019539 secs] [Times: user=0.00 sys=0.00, real=0.00 secs] 
2019-01-02T11:13:44.508+0530: 892.409: [GC (Allocation Failure) 2019-01-02T11:13:44.508+0530: 892.409: [DefNew
Desired survivor size 32768 bytes, new threshold 15 (max 15)
- age   1:         40 bytes,         40 total
- age   2:        184 bytes,        224 total
: 896K->0K(960K), 0.0009351 secs] 2758K->2150K(10176K), 0.0013148 secs] [Times: user=0.00 sys=0.00, real=0.00 secs] 
2019-01-02T11:13:44.511+0530: 892.412: [GC (Allocation Failure) 2019-01-02T11:13:44.511+0530: 892.412: [DefNew
Desired survivor size 32768 bytes, new threshold 15 (max 15)
- age   3:        184 bytes,        184 total
: 896K->0K(960K), 0.0003917 secs] 3046K->2726K(10176K), 0.0004881 secs] [Times: user=0.00 sys=0.00, real=0.00 secs] 
2019-01-02T11:13:44.513+0530: 892.413: [GC (Allocation Failure) 2019-01-02T11:13:44.513+0530: 892.413: [DefNew
Desired survivor size 32768 bytes, new threshold 15 (max 15)
- age   1:         24 bytes,         24 total
- age   4:        184 bytes,        208 total
: 497K->0K(960K), 0.0002514 secs] 3224K->2726K(10176K), 0.0003227 secs] [Times: user=0.00 sys=0.00, real=0.00 secs] 
2019-01-02T11:13:44.515+0530: 892.415: [GC (Allocation Failure) 2019-01-02T11:13:44.515+0530: 892.415: [DefNew
Desired survivor size 32768 bytes, new threshold 15 (max 15)
- age   2:         24 bytes,         24 total
- age   5:        184 bytes,        208 total
: 509K->0K(960K), 0.0009254 secs] 3235K->3235K(10176K), 0.0013382 secs] [Times: user=0.00 sys=0.00, real=0.00 secs] 
2019-01-02T11:13:44.517+0530: 892.417: [GC (Allocation Failure) 2019-01-02T11:13:44.517+0530: 892.417: [DefNew
Desired survivor size 32768 bytes, new threshold 15 (max 15)
- age   1:         24 bytes,         24 total
- age   6:         72 bytes,         96 total
: 527K->0K(960K), 0.0014111 secs] 3762K->3744K(10176K), 0.0015959 secs] [Times: user=0.00 sys=0.00, real=0.00 secs] 
2019-01-02T11:13:44.591+0530: 892.491: [GC (Allocation Failure) 2019-01-02T11:13:44.591+0530: 892.491: [DefNew
Desired survivor size 32768 bytes, new threshold 15 (max 15)
- age   1:        248 bytes,        248 total
- age   7:         16 bytes,        264 total
: 880K->0K(960K), 0.0010263 secs] 4625K->3816K(10176K), 0.0012891 secs] [Times: user=0.00 sys=0.00, real=0.00 secs] 
2019-01-02T11:13:44.593+0530: 892.494: [GC (Allocation Failure) 2019-01-02T11:13:44.593+0530: 892.494: [DefNew
Desired survivor size 32768 bytes, new threshold 15 (max 15)
- age   1:         40 bytes,         40 total
- age   2:        184 bytes,        224 total
- age   8:         16 bytes,        240 total
: 896K->0K(960K), 0.0005462 secs] 4712K->4104K(10176K), 0.0007948 secs] [Times: user=0.00 sys=0.00, real=0.00 secs] 
2019-01-02T11:13:44.595+0530: 892.496: [GC (Allocation Failure) 2019-01-02T11:13:44.596+0530: 892.496: [DefNew
Desired survivor size 32768 bytes, new threshold 15 (max 15)
- age   3:        184 bytes,        184 total
- age   9:         16 bytes,        200 total
: 896K->0K(960K), 0.0003649 secs] 5000K->4680K(10176K), 0.0004430 secs] [Times: user=0.00 sys=0.00, real=0.00 secs] 
2019-01-02T11:13:44.597+0530: 892.497: [GC (Allocation Failure) 2019-01-02T11:13:44.597+0530: 892.498: [DefNew
Desired survivor size 32768 bytes, new threshold 15 (max 15)
- age   1:         24 bytes,         24 total
- age   4:        184 bytes,        208 total
- age  10:         16 bytes,        224 total
: 497K->0K(960K), 0.0002651 secs] 5178K->4680K(10176K), 0.0003284 secs] [Times: user=0.00 sys=0.00, real=0.00 secs] 
2019-01-02T11:13:44.598+0530: 892.499: [GC (Allocation Failure) 2019-01-02T11:13:44.599+0530: 892.499: [DefNew
Desired survivor size 32768 bytes, new threshold 15 (max 15)
- age   2:         24 bytes,         24 total
- age   5:        184 bytes,        208 total
- age  11:         16 bytes,        224 total
: 509K->0K(960K), 0.0008005 secs] 5190K->5190K(10176K), 0.0010696 secs] [Times: user=0.00 sys=0.00, real=0.00 secs] 
2019-01-02T11:13:44.600+0530: 892.500: [GC (Allocation Failure) 2019-01-02T11:13:44.600+0530: 892.500: [DefNew
Desired survivor size 32768 bytes, new threshold 15 (max 15)
- age   1:         24 bytes,         24 total
- age   6:         72 bytes,         96 total
- age  12:         16 bytes,        112 total
: 527K->0K(960K), 0.0007657 secs] 5717K->5699K(10176K), 0.0008969 secs] [Times: user=0.00 sys=0.00, real=0.00 secs] 
2019-01-02T11:13:44.654+0530: 892.555: [GC (Allocation Failure) 2019-01-02T11:13:44.655+0530: 892.555: [DefNew
Desired survivor size 32768 bytes, new threshold 15 (max 15)
- age   1:        248 bytes,        248 total
- age   7:         16 bytes,        264 total
- age  13:         16 bytes,        280 total
: 880K->0K(960K), 0.0008034 secs] 6579K->5771K(10176K), 0.0010941 secs] [Times: user=0.00 sys=0.00, real=0.00 secs] 
2019-01-02T11:13:44.657+0530: 892.558: [GC (Allocation Failure) 2019-01-02T11:13:44.657+0530: 892.558: [DefNew
Desired survivor size 32768 bytes, new threshold 15 (max 15)
- age   1:         40 bytes,         40 total
- age   2:        184 bytes,        224 total
- age   8:         16 bytes,        240 total
- age  14:         16 bytes,        256 total
: 896K->0K(960K), 0.0010371 secs] 6667K->6059K(10176K), 0.0012840 secs] [Times: user=0.00 sys=0.00, real=0.00 secs] 
2019-01-02T11:13:44.660+0530: 892.561: [GC (Allocation Failure) 2019-01-02T11:13:44.660+0530: 892.561: [DefNew
Desired survivor size 32768 bytes, new threshold 15 (max 15)
- age   3:        184 bytes,        184 total
- age   9:         16 bytes,        200 total
- age  15:         16 bytes,        216 total
: 896K->0K(960K), 0.0011130 secs] 6955K->6635K(10176K), 0.0013131 secs] [Times: user=0.00 sys=0.00, real=0.00 secs] 
2019-01-02T11:13:44.663+0530: 892.563: [GC (Allocation Failure) 2019-01-02T11:13:44.663+0530: 892.563: [DefNew
Desired survivor size 32768 bytes, new threshold 15 (max 15)
- age   1:         24 bytes,         24 total
- age   4:        184 bytes,        208 total
- age  10:         16 bytes,        224 total
: 497K->0K(960K), 0.0003107 secs] 7133K->6635K(10176K), 0.0004117 secs] [Times: user=0.00 sys=0.00, real=0.00 secs] 
2019-01-02T11:13:44.664+0530: 892.564: [GC (Allocation Failure) 2019-01-02T11:13:44.664+0530: 892.564: [DefNew
Desired survivor size 32768 bytes, new threshold 15 (max 15)
- age   2:         24 bytes,         24 total
- age   5:        184 bytes,        208 total
- age  11:         16 bytes,        224 total
: 509K->0K(960K), 0.0004248 secs] 7144K->7144K(10176K), 0.0005434 secs] [Times: user=0.00 sys=0.00, real=0.00 secs] 
2019-01-02T11:13:44.665+0530: 892.566: [GC (Allocation Failure) 2019-01-02T11:13:44.666+0530: 892.566: [DefNew
Desired survivor size 32768 bytes, new threshold 15 (max 15)
- age   1:         24 bytes,         24 total
- age   6:         72 bytes,         96 total
- age  12:         16 bytes,        112 total
: 527K->0K(960K), 0.0008552 secs] 7671K->7654K(10176K), 0.0012344 secs] [Times: user=0.00 sys=0.00, real=0.00 secs] 
2019-01-02T11:13:44.735+0530: 892.635: [GC (Allocation Failure) 2019-01-02T11:13:44.735+0530: 892.635: [DefNew
Desired survivor size 32768 bytes, new threshold 15 (max 15)
- age   1:        248 bytes,        248 total
- age   7:         16 bytes,        264 total
- age  13:         16 bytes,        280 total
: 880K->0K(960K), 0.0008866 secs] 8534K->7726K(10176K), 0.0011215 secs] [Times: user=0.00 sys=0.00, real=0.00 secs] 
2019-01-02T11:13:44.737+0530: 892.638: [GC (Allocation Failure) 2019-01-02T11:13:44.738+0530: 892.638: [DefNew
Desired survivor size 32768 bytes, new threshold 15 (max 15)
- age   1:         40 bytes,         40 total
- age   2:        184 bytes,        224 total
- age   8:         16 bytes,        240 total
- age  14:         16 bytes,        256 total
: 896K->0K(960K), 0.0003261 secs] 8622K->8014K(10176K), 0.0004265 secs] [Times: user=0.00 sys=0.00, real=0.00 secs] 
2019-01-02T11:13:44.739+0530: 892.639: [GC (Allocation Failure) 2019-01-02T11:13:44.739+0530: 892.639: [DefNew
Desired survivor size 32768 bytes, new threshold 15 (max 15)
- age   3:        184 bytes,        184 total
- age   9:         16 bytes,        200 total
- age  15:         16 bytes,        216 total
: 896K->0K(960K), 0.0003683 secs] 8910K->8590K(10176K), 0.0004442 secs] [Times: user=0.00 sys=0.00, real=0.00 secs] 
2019-01-02T11:13:44.740+0530: 892.641: [GC (Allocation Failure) 2019-01-02T11:13:44.741+0530: 892.641: [DefNew
Desired survivor size 32768 bytes, new threshold 15 (max 15)
- age   1:         24 bytes,         24 total
- age   4:        184 bytes,        208 total
- age  10:         16 bytes,        224 total
: 497K->0K(960K), 0.0002315 secs] 9087K->8590K(10176K), 0.0002891 secs] [Times: user=0.00 sys=0.00, real=0.00 secs] 
2019-01-02T11:13:44.741+0530: 892.642: [GC (Allocation Failure) 2019-01-02T11:13:44.741+0530: 892.642: [DefNew
Desired survivor size 32768 bytes, new threshold 15 (max 15)
- age   2:         24 bytes,         24 total
- age   5:        184 bytes,        208 total
- age  11:         16 bytes,        224 total
: 509K->0K(960K), 0.0002948 secs] 9099K->9099K(10176K), 0.0003438 secs] [Times: user=0.00 sys=0.00, real=0.00 secs] 
2019-01-02T11:13:44.742+0530: 892.642: [GC (Allocation Failure) 2019-01-02T11:13:44.742+0530: 892.642: [DefNew: 527K->527K(960K), 0.0000228 secs]2019-01-02T11:13:44.742+0530: 892.642: [Tenured: 9099K->1280K(9216K), 0.0037454 secs] 9626K->1280K(10176K), [Metaspace: 2520K->2520K(1056768K)], 0.0038731 secs] [Times: user=0.00 sys=0.00, real=0.00 secs] 
2019-01-02T11:13:44.804+0530: 892.704: [GC (Allocation Failure) 2019-01-02T11:13:44.804+0530: 892.705: [DefNew
Desired survivor size 32768 bytes, new threshold 15 (max 15)
- age   1:        248 bytes,        248 total
: 880K->0K(960K), 0.0011289 secs] 2161K->1862K(10176K), 0.0013513 secs] [Times: user=0.00 sys=0.00, real=0.00 secs] 
2019-01-02T11:13:44.807+0530: 892.708: [GC (Allocation Failure) 2019-01-02T11:13:44.807+0530: 892.708: [DefNew
Desired survivor size 32768 bytes, new threshold 15 (max 15)
- age   1:         40 bytes,         40 total
- age   2:        184 bytes,        224 total
: 896K->0K(960K), 0.0008974 secs] 2758K->2150K(10176K), 0.0012276 secs] [Times: user=0.00 sys=0.00, real=0.00 secs] 
2019-01-02T11:13:44.810+0530: 892.711: [GC (Allocation Failure) 2019-01-02T11:13:44.811+0530: 892.711: [DefNew
Desired survivor size 32768 bytes, new threshold 15 (max 15)
- age   3:        184 bytes,        184 total
: 896K->0K(960K), 0.0013399 secs] 3046K->2726K(10176K), 0.0016432 secs] [Times: user=0.00 sys=0.00, real=0.00 secs] 
2019-01-02T11:13:44.813+0530: 892.714: [GC (Allocation Failure) 2019-01-02T11:13:44.814+0530: 892.714: [DefNew
Desired survivor size 32768 bytes, new threshold 15 (max 15)
- age   1:         24 bytes,         24 total
- age   4:        184 bytes,        208 total
: 497K->0K(960K), 0.0004533 secs] 3224K->2726K(10176K), 0.0006540 secs] [Times: user=0.00 sys=0.00, real=0.00 secs] 
2019-01-02T11:13:44.815+0530: 892.715: [GC (Allocation Failure) 2019-01-02T11:13:44.815+0530: 892.715: [DefNew
Desired survivor size 32768 bytes, new threshold 15 (max 15)
- age   2:         24 bytes,         24 total
- age   5:        184 bytes,        208 total
: 509K->0K(960K), 0.0004521 secs] 3235K->3235K(10176K), 0.0005947 secs] [Times: user=0.02 sys=0.00, real=0.00 secs] 
2019-01-02T11:13:44.817+0530: 892.717: [GC (Allocation Failure) 2019-01-02T11:13:44.817+0530: 892.717: [DefNew
Desired survivor size 32768 bytes, new threshold 15 (max 15)
- age   1:         24 bytes,         24 total
- age   6:         72 bytes,         96 total
: 527K->0K(960K), 0.0004356 secs] 3762K->3745K(10176K), 0.0006443 secs] [Times: user=0.00 sys=0.00, real=0.00 secs] 
2019-01-02T11:13:44.894+0530: 892.795: [GC (Allocation Failure) 2019-01-02T11:13:44.894+0530: 892.795: [DefNew
Desired survivor size 32768 bytes, new threshold 15 (max 15)
- age   1:        248 bytes,        248 total
- age   7:         16 bytes,        264 total
: 880K->0K(960K), 0.0010651 secs] 4625K->3817K(10176K), 0.0012817 secs] [Times: user=0.00 sys=0.00, real=0.00 secs] 
2019-01-02T11:13:44.897+0530: 892.798: [GC (Allocation Failure) 2019-01-02T11:13:44.897+0530: 892.798: [DefNew
Desired survivor size 32768 bytes, new threshold 15 (max 15)
- age   1:         40 bytes,         40 total
- age   2:        184 bytes,        224 total
- age   8:         16 bytes,        240 total
: 896K->0K(960K), 0.0010730 secs] 4713K->4105K(10176K), 0.0012201 secs] [Times: user=0.00 sys=0.00, real=0.00 secs] 
2019-01-02T11:13:44.901+0530: 892.801: [GC (Allocation Failure) 2019-01-02T11:13:44.901+0530: 892.802: [DefNew
Desired survivor size 32768 bytes, new threshold 15 (max 15)
- age   3:        184 bytes,        184 total
- age   9:         16 bytes,        200 total
: 896K->0K(960K), 0.0013923 secs] 5001K->4681K(10176K), 0.0018336 secs] [Times: user=0.00 sys=0.00, real=0.00 secs] 
2019-01-02T11:13:44.905+0530: 892.805: [GC (Allocation Failure) 2019-01-02T11:13:44.905+0530: 892.806: [DefNew
Desired survivor size 32768 bytes, new threshold 15 (max 15)
- age   1:         24 bytes,         24 total
- age   4:        184 bytes,        208 total
- age  10:         16 bytes,        224 total
: 497K->0K(960K), 0.0008279 secs] 5179K->4681K(10176K), 0.0010149 secs] [Times: user=0.00 sys=0.00, real=0.00 secs] 
2019-01-02T11:13:44.907+0530: 892.807: [GC (Allocation Failure) 2019-01-02T11:13:44.907+0530: 892.807: [DefNew
Desired survivor size 32768 bytes, new threshold 15 (max 15)
- age   2:         24 bytes,         24 total
- age   5:        184 bytes,        208 total
- age  11:         16 bytes,        224 total
: 509K->0K(960K), 0.0024078 secs] 5190K->5190K(10176K), 0.0026946 secs] [Times: user=0.00 sys=0.00, real=0.00 secs] 
2019-01-02T11:13:44.910+0530: 892.811: [GC (Allocation Failure) 2019-01-02T11:13:44.910+0530: 892.811: [DefNew
Desired survivor size 32768 bytes, new threshold 15 (max 15)
- age   1:         24 bytes,         24 total
- age   6:         72 bytes,         96 total
- age  12:         16 bytes,        112 total
: 527K->0K(960K), 0.0005137 secs] 5717K->5699K(10176K), 0.0006471 secs] [Times: user=0.00 sys=0.00, real=0.00 secs] 
2019-01-02T11:13:44.979+0530: 892.880: [GC (Allocation Failure) 2019-01-02T11:13:44.980+0530: 892.880: [DefNew
Desired survivor size 32768 bytes, new threshold 15 (max 15)
- age   1:        248 bytes,        248 total
- age   7:         16 bytes,        264 total
- age  13:         16 bytes,        280 total
: 880K->0K(960K), 0.0007908 secs] 6580K->5772K(10176K), 0.0011614 secs] [Times: user=0.00 sys=0.00, real=0.00 secs] 
2019-01-02T11:13:44.982+0530: 892.882: [GC (Allocation Failure) 2019-01-02T11:13:44.982+0530: 892.883: [DefNew
Desired survivor size 32768 bytes, new threshold 15 (max 15)
- age   1:         40 bytes,         40 total
- age   2:        184 bytes,        224 total
- age   8:         16 bytes,        240 total
- age  14:         16 bytes,        256 total
: 896K->0K(960K), 0.0006745 secs] 6668K->6060K(10176K), 0.0008598 secs] [Times: user=0.00 sys=0.00, real=0.00 secs] 
2019-01-02T11:13:44.985+0530: 892.886: [GC (Allocation Failure) 2019-01-02T11:13:44.985+0530: 892.886: [DefNew
Desired survivor size 32768 bytes, new threshold 15 (max 15)
- age   3:        184 bytes,        184 total
- age   9:         16 bytes,        200 total
- age  15:         16 bytes,        216 total
: 896K->0K(960K), 0.0014203 secs] 6956K->6636K(10176K), 0.0017715 secs] [Times: user=0.01 sys=0.00, real=0.00 secs] 
2019-01-02T11:13:44.989+0530: 892.890: [GC (Allocation Failure) 2019-01-02T11:13:44.989+0530: 892.890: [DefNew
Desired survivor size 32768 bytes, new threshold 15 (max 15)
- age   1:         24 bytes,         24 total
- age   4:        184 bytes,        208 total
- age  10:         16 bytes,        224 total
: 497K->0K(960K), 0.0008644 secs] 7133K->6636K(10176K), 0.0011255 secs] [Times: user=0.00 sys=0.00, real=0.00 secs] 
2019-01-02T11:13:44.991+0530: 892.892: [GC (Allocation Failure) 2019-01-02T11:13:44.991+0530: 892.892: [DefNew
Desired survivor size 32768 bytes, new threshold 15 (max 15)
- age   2:         24 bytes,         24 total
- age   5:        184 bytes,        208 total
- age  11:         16 bytes,        224 total
: 509K->0K(960K), 0.0013655 secs] 7145K->7145K(10176K), 0.0015457 secs] [Times: user=0.00 sys=0.00, real=0.00 secs] 
2019-01-02T11:13:44.994+0530: 892.894: [GC (Allocation Failure) 2019-01-02T11:13:44.994+0530: 892.894: [DefNew
Desired survivor size 32768 bytes, new threshold 15 (max 15)
- age   1:         24 bytes,         24 total
- age   6:         72 bytes,         96 total
- age  12:         16 bytes,        112 total
: 527K->0K(960K), 0.0004863 secs] 7672K->7654K(10176K), 0.0006112 secs] [Times: user=0.00 sys=0.00, real=0.00 secs] 
2019-01-02T11:13:45.077+0530: 892.978: [GC (Allocation Failure) 2019-01-02T11:13:45.078+0530: 892.978: [DefNew
Desired survivor size 32768 bytes, new threshold 15 (max 15)
- age   1:        248 bytes,        248 total
- age   7:         16 bytes,        264 total
- age  13:         16 bytes,        280 total
: 880K->0K(960K), 0.0011055 secs] 8535K->7726K(10176K), 0.0013228 secs] [Times: user=0.00 sys=0.00, real=0.00 secs] 
2019-01-02T11:13:45.080+0530: 892.981: [GC (Allocation Failure) 2019-01-02T11:13:45.081+0530: 892.981: [DefNew
Desired survivor size 32768 bytes, new threshold 15 (max 15)
- age   1:         40 bytes,         40 total
- age   2:        184 bytes,        224 total
- age   8:         16 bytes,        240 total
- age  14:         16 bytes,        256 total
: 896K->0K(960K), 0.0004578 secs] 8622K->8014K(10176K), 0.0005781 secs] [Times: user=0.00 sys=0.00, real=0.00 secs] 
2019-01-02T11:13:45.082+0530: 892.983: [GC (Allocation Failure) 2019-01-02T11:13:45.082+0530: 892.983: [DefNew
Desired survivor size 32768 bytes, new threshold 15 (max 15)
- age   3:        184 bytes,        184 total
- age   9:         16 bytes,        200 total
- age  15:         16 bytes,        216 total
: 896K->0K(960K), 0.0004977 secs] 8910K->8590K(10176K), 0.0006009 secs] [Times: user=0.00 sys=0.00, real=0.00 secs] 
2019-01-02T11:13:45.085+0530: 892.985: [GC (Allocation Failure) 2019-01-02T11:13:45.085+0530: 892.985: [DefNew
Desired survivor size 32768 bytes, new threshold 15 (max 15)
- age   1:         24 bytes,         24 total
- age   4:        184 bytes,        208 total
- age  10:         16 bytes,        224 total
: 497K->0K(960K), 0.0003678 secs] 9088K->8590K(10176K), 0.0004966 secs] [Times: user=0.00 sys=0.00, real=0.00 secs] 
2019-01-02T11:13:45.085+0530: 892.986: [GC (Allocation Failure) 2019-01-02T11:13:45.085+0530: 892.986: [DefNew
Desired survivor size 32768 bytes, new threshold 15 (max 15)
- age   2:         24 bytes,         24 total
- age   5:        184 bytes,        208 total
- age  11:         16 bytes,        224 total
: 509K->0K(960K), 0.0005120 secs] 9100K->9100K(10176K), 0.0006124 secs] [Times: user=0.00 sys=0.00, real=0.00 secs] 
2019-01-02T11:13:45.087+0530: 892.987: [GC (Allocation Failure) 2019-01-02T11:13:45.087+0530: 892.988: [DefNew: 527K->527K(960K), 0.0000901 secs]2019-01-02T11:13:45.087+0530: 892.988: [Tenured: 9100K->1281K(9216K), 0.0080005 secs] 9627K->1281K(10176K), [Metaspace: 2520K->2520K(1056768K)], 0.0083859 secs] [Times: user=0.00 sys=0.00, real=0.01 secs] 
2019-01-02T11:13:45.184+0530: 893.085: [GC (Allocation Failure) 2019-01-02T11:13:45.184+0530: 893.085: [DefNew
Desired survivor size 32768 bytes, new threshold 15 (max 15)
- age   1:        248 bytes,        248 total
: 880K->0K(960K), 0.0018576 secs] 2161K->1862K(10176K), 0.0022310 secs] [Times: user=0.00 sys=0.00, real=0.00 secs] 
2019-01-02T11:13:45.190+0530: 893.090: [GC (Allocation Failure) 2019-01-02T11:13:45.190+0530: 893.090: [DefNew
Desired survivor size 32768 bytes, new threshold 15 (max 15)
- age   1:         40 bytes,         40 total
- age   2:        184 bytes,        224 total
: 896K->0K(960K), 0.0008125 secs] 2758K->2150K(10176K), 0.0011272 secs] [Times: user=0.00 sys=0.00, real=0.00 secs] 
2019-01-02T11:13:45.192+0530: 893.093: [GC (Allocation Failure) 2019-01-02T11:13:45.193+0530: 893.093: [DefNew
Desired survivor size 32768 bytes, new threshold 15 (max 15)
- age   3:        184 bytes,        184 total
: 896K->0K(960K), 0.0010542 secs] 3046K->2726K(10176K), 0.0013228 secs] [Times: user=0.00 sys=0.00, real=0.00 secs] 
2019-01-02T11:13:45.195+0530: 893.096: [GC (Allocation Failure) 2019-01-02T11:13:45.196+0530: 893.096: [DefNew
Desired survivor size 32768 bytes, new threshold 15 (max 15)
- age   1:         24 bytes,         24 total
- age   4:        184 bytes,        208 total
: 497K->0K(960K), 0.0003849 secs] 3224K->2726K(10176K), 0.0005126 secs] [Times: user=0.00 sys=0.00, real=0.00 secs] 
2019-01-02T11:13:45.196+0530: 893.097: [GC (Allocation Failure) 2019-01-02T11:13:45.197+0530: 893.097: [DefNew
Desired survivor size 32768 bytes, new threshold 15 (max 15)
- age   2:         24 bytes,         24 total
- age   5:        184 bytes,        208 total
: 509K->0K(960K), 0.0004578 secs] 3236K->3236K(10176K), 0.0005724 secs] [Times: user=0.00 sys=0.00, real=0.00 secs] 
2019-01-02T11:13:45.197+0530: 893.098: [GC (Allocation Failure) 2019-01-02T11:13:45.198+0530: 893.098: [DefNew
Desired survivor size 32768 bytes, new threshold 15 (max 15)
- age   1:         24 bytes,         24 total
- age   6:         72 bytes,         96 total
: 527K->0K(960K), 0.0004139 secs] 3763K->3745K(10176K), 0.0005143 secs] [Times: user=0.00 sys=0.00, real=0.00 secs] 
2019-01-02T11:13:45.268+0530: 893.169: [GC (Allocation Failure) 2019-01-02T11:13:45.269+0530: 893.169: [DefNew
Desired survivor size 32768 bytes, new threshold 15 (max 15)
- age   1:        248 bytes,        248 total
- age   7:         16 bytes,        264 total
: 880K->0K(960K), 0.0014442 secs] 4626K->3817K(10176K), 0.0021370 secs] [Times: user=0.00 sys=0.00, real=0.00 secs] 
2019-01-02T11:13:45.273+0530: 893.173: [GC (Allocation Failure) 2019-01-02T11:13:45.273+0530: 893.173: [DefNew
Desired survivor size 32768 bytes, new threshold 15 (max 15)
- age   1:         40 bytes,         40 total
- age   2:        184 bytes,        224 total
- age   8:         16 bytes,        240 total
: 896K->0K(960K), 0.0015662 secs] 4713K->4105K(10176K), 0.0018040 secs] [Times: user=0.00 sys=0.00, real=0.00 secs] 
2019-01-02T11:13:45.276+0530: 893.177: [GC (Allocation Failure) 2019-01-02T11:13:45.277+0530: 893.177: [DefNew
Desired survivor size 32768 bytes, new threshold 15 (max 15)
- age   3:        184 bytes,        184 total
- age   9:         16 bytes,        200 total
: 896K->0K(960K), 0.0011472 secs] 5001K->4681K(10176K), 0.0014231 secs] [Times: user=0.00 sys=0.00, real=0.00 secs] 
2019-01-02T11:13:45.280+0530: 893.180: [GC (Allocation Failure) 2019-01-02T11:13:45.280+0530: 893.181: [DefNew
Desired survivor size 32768 bytes, new threshold 15 (max 15)
- age   1:         24 bytes,         24 total
- age   4:        184 bytes,        208 total
- age  10:         16 bytes,        224 total
: 497K->0K(960K), 0.0006061 secs] 5179K->4681K(10176K), 0.0008381 secs] [Times: user=0.00 sys=0.00, real=0.00 secs] 
2019-01-02T11:13:45.281+0530: 893.182: [GC (Allocation Failure) 2019-01-02T11:13:45.282+0530: 893.182: [DefNew
Desired survivor size 32768 bytes, new threshold 15 (max 15)
- age   2:         24 bytes,         24 total
- age   5:        184 bytes,        208 total
- age  11:         16 bytes,        224 total
: 509K->0K(960K), 0.0004835 secs] 5191K->5191K(10176K), 0.0005913 secs] [Times: user=0.00 sys=0.00, real=0.00 secs] 
2019-01-02T11:13:45.282+0530: 893.183: [GC (Allocation Failure) 2019-01-02T11:13:45.282+0530: 893.183: [DefNew
Desired survivor size 32768 bytes, new threshold 15 (max 15)
- age   1:         24 bytes,         24 total
- age   6:         72 bytes,         96 total
- age  12:         16 bytes,        112 total
: 527K->0K(960K), 0.0003535 secs] 5718K->5700K(10176K), 0.0004339 secs] [Times: user=0.00 sys=0.00, real=0.00 secs] 
2019-01-02T11:13:45.357+0530: 893.257: [GC (Allocation Failure) 2019-01-02T11:13:45.357+0530: 893.257: [DefNew
Desired survivor size 32768 bytes, new threshold 15 (max 15)
- age   1:        248 bytes,        248 total
- age   7:         16 bytes,        264 total
- age  13:         16 bytes,        280 total
: 880K->0K(960K), 0.0009733 secs] 6581K->5772K(10176K), 0.0013154 secs] [Times: user=0.00 sys=0.00, real=0.00 secs] 
2019-01-02T11:13:45.360+0530: 893.261: [GC (Allocation Failure) 2019-01-02T11:13:45.361+0530: 893.261: [DefNew
Desired survivor size 32768 bytes, new threshold 15 (max 15)
- age   1:         40 bytes,         40 total
- age   2:        184 bytes,        224 total
- age   8:         16 bytes,        240 total
- age  14:         16 bytes,        256 total
: 896K->0K(960K), 0.0012675 secs] 6668K->6060K(10176K), 0.0016523 secs] [Times: user=0.02 sys=0.00, real=0.00 secs] 
2019-01-02T11:13:45.363+0530: 893.264: [GC (Allocation Failure) 2019-01-02T11:13:45.363+0530: 893.264: [DefNew
Desired survivor size 32768 bytes, new threshold 15 (max 15)
- age   3:        184 bytes,        184 total
- age   9:         16 bytes,        200 total
- age  15:         16 bytes,        216 total
: 896K->0K(960K), 0.0009345 secs] 6956K->6636K(10176K), 0.0010525 secs] [Times: user=0.00 sys=0.00, real=0.00 secs] 
2019-01-02T11:13:45.366+0530: 893.266: [GC (Allocation Failure) 2019-01-02T11:13:45.366+0530: 893.266: [DefNew
Desired survivor size 32768 bytes, new threshold 15 (max 15)
- age   1:         24 bytes,         24 total
- age   4:        184 bytes,        208 total
- age  10:         16 bytes,        224 total
: 497K->0K(960K), 0.0005092 secs] 7134K->6636K(10176K), 0.0006238 secs] [Times: user=0.00 sys=0.00, real=0.00 secs] 
2019-01-02T11:13:45.367+0530: 893.267: [GC (Allocation Failure) 2019-01-02T11:13:45.367+0530: 893.267: [DefNew
Desired survivor size 32768 bytes, new threshold 15 (max 15)
- age   2:         24 bytes,         24 total
- age   5:        184 bytes,        208 total
- age  11:         16 bytes,        224 total
: 509K->0K(960K), 0.0009681 secs] 7146K->7146K(10176K), 0.0010862 secs] [Times: user=0.00 sys=0.00, real=0.00 secs] 
2019-01-02T11:13:45.369+0530: 893.269: [GC (Allocation Failure) 2019-01-02T11:13:45.369+0530: 893.269: [DefNew
Desired survivor size 32768 bytes, new threshold 15 (max 15)
- age   1:         24 bytes,         24 total
- age   6:         72 bytes,         96 total
- age  12:         16 bytes,        112 total
: 527K->0K(960K), 0.0011740 secs] 7673K->7655K(10176K), 0.0013821 secs] [Times: user=0.00 sys=0.00, real=0.00 secs] 
2019-01-02T11:13:45.439+0530: 893.340: [GC (Allocation Failure) 2019-01-02T11:13:45.440+0530: 893.340: [DefNew
Desired survivor size 32768 bytes, new threshold 15 (max 15)
- age   1:        248 bytes,        248 total
- age   7:         16 bytes,        264 total
- age  13:         16 bytes,        280 total
: 880K->0K(960K), 0.0009516 secs] 8536K->7727K(10176K), 0.0012920 secs] [Times: user=0.00 sys=0.01, real=0.00 secs] 
2019-01-02T11:13:45.443+0530: 893.343: [GC (Allocation Failure) 2019-01-02T11:13:45.443+0530: 893.343: [DefNew
Desired survivor size 32768 bytes, new threshold 15 (max 15)
- age   1:         40 bytes,         40 total
- age   2:        184 bytes,        224 total
- age   8:         16 bytes,        240 total
- age  14:         16 bytes,        256 total
: 896K->0K(960K), 0.0010491 secs] 8623K->8015K(10176K), 0.0012008 secs] [Times: user=0.00 sys=0.00, real=0.00 secs] 
2019-01-02T11:13:45.445+0530: 893.346: [GC (Allocation Failure) 2019-01-02T11:13:45.446+0530: 893.346: [DefNew
Desired survivor size 32768 bytes, new threshold 15 (max 15)
- age   3:        184 bytes,        184 total
- age   9:         16 bytes,        200 total
- age  15:         16 bytes,        216 total
: 896K->0K(960K), 0.0011061 secs] 8911K->8591K(10176K), 0.0013530 secs] [Times: user=0.00 sys=0.00, real=0.00 secs] 
2019-01-02T11:13:45.448+0530: 893.348: [GC (Allocation Failure) 2019-01-02T11:13:45.448+0530: 893.348: [DefNew
Desired survivor size 32768 bytes, new threshold 15 (max 15)
- age   1:         24 bytes,         24 total
- age   4:        184 bytes,        208 total
- age  10:         16 bytes,        224 total
: 497K->0K(960K), 0.0002474 secs] 9089K->8591K(10176K), 0.0003085 secs] [Times: user=0.00 sys=0.00, real=0.00 secs] 
2019-01-02T11:13:45.448+0530: 893.348: [GC (Allocation Failure) 2019-01-02T11:13:45.448+0530: 893.349: [DefNew
Desired survivor size 32768 bytes, new threshold 15 (max 15)
- age   2:         24 bytes,         24 total
- age   5:        184 bytes,        208 total
- age  11:         16 bytes,        224 total
: 509K->0K(960K), 0.0003079 secs] 9101K->9101K(10176K), 0.0003569 secs] [Times: user=0.00 sys=0.00, real=0.00 secs] 
2019-01-02T11:13:45.449+0530: 893.349: [GC (Allocation Failure) 2019-01-02T11:13:45.449+0530: 893.349: [DefNew: 527K->527K(960K), 0.0000234 secs]2019-01-02T11:13:45.449+0530: 893.349: [Tenured: 9100K->1281K(9216K), 0.0048692 secs] 9628K->1281K(10176K), [Metaspace: 2520K->2520K(1056768K)], 0.0051491 secs] [Times: user=0.00 sys=0.00, real=0.01 secs] 
2019-01-02T11:13:45.515+0530: 893.415: [GC (Allocation Failure) 2019-01-02T11:13:45.515+0530: 893.415: [DefNew
Desired survivor size 32768 bytes, new threshold 15 (max 15)
- age   1:        248 bytes,        248 total
: 880K->0K(960K), 0.0016974 secs] 2161K->1863K(10176K), 0.0019032 secs] [Times: user=0.00 sys=0.00, real=0.00 secs] 
2019-01-02T11:13:45.520+0530: 893.420: [GC (Allocation Failure) 2019-01-02T11:13:45.520+0530: 893.420: [DefNew
Desired survivor size 32768 bytes, new threshold 15 (max 15)
- age   1:         40 bytes,         40 total
- age   2:        184 bytes,        224 total
: 896K->0K(960K), 0.0018046 secs] 2759K->2151K(10176K), 0.0023821 secs] [Times: user=0.00 sys=0.00, real=0.00 secs] 
2019-01-02T11:13:45.525+0530: 893.425: [GC (Allocation Failure) 2019-01-02T11:13:45.525+0530: 893.425: [DefNew
Desired survivor size 32768 bytes, new threshold 15 (max 15)
- age   3:        184 bytes,        184 total
: 896K->0K(960K), 0.0011551 secs] 3047K->2726K(10176K), 0.0012960 secs] [Times: user=0.00 sys=0.00, real=0.00 secs] 
2019-01-02T11:13:45.527+0530: 893.427: [GC (Allocation Failure) 2019-01-02T11:13:45.527+0530: 893.427: [DefNew
Desired survivor size 32768 bytes, new threshold 15 (max 15)
- age   1:         24 bytes,         24 total
- age   4:        184 bytes,        208 total
: 497K->0K(960K), 0.0006163 secs] 3224K->2727K(10176K), 0.0007292 secs] [Times: user=0.00 sys=0.00, real=0.00 secs] 
2019-01-02T11:13:45.528+0530: 893.428: [GC (Allocation Failure) 2019-01-02T11:13:45.528+0530: 893.429: [DefNew
Desired survivor size 32768 bytes, new threshold 15 (max 15)
- age   2:         24 bytes,         24 total
- age   5:        184 bytes,        208 total
: 509K->0K(960K), 0.0010383 secs] 3236K->3236K(10176K), 0.0012150 secs] [Times: user=0.00 sys=0.00, real=0.00 secs] 
2019-01-02T11:13:45.530+0530: 893.430: [GC (Allocation Failure) 2019-01-02T11:13:45.530+0530: 893.430: [DefNew
Desired survivor size 32768 bytes, new threshold 15 (max 15)
- age   1:         24 bytes,         24 total
- age   6:         72 bytes,         96 total
: 527K->0K(960K), 0.0003683 secs] 3763K->3745K(10176K), 0.0004350 secs] [Times: user=0.00 sys=0.00, real=0.00 secs] 
2019-01-02T11:13:45.596+0530: 893.496: [GC (Allocation Failure) 2019-01-02T11:13:45.596+0530: 893.496: [DefNew
Desired survivor size 32768 bytes, new threshold 15 (max 15)
- age   1:        248 bytes,        248 total
- age   7:         16 bytes,        264 total
: 880K->0K(960K), 0.0031610 secs] 4626K->3818K(10176K), 0.0033645 secs] [Times: user=0.00 sys=0.00, real=0.00 secs] 
2019-01-02T11:13:45.602+0530: 893.502: [GC (Allocation Failure) 2019-01-02T11:13:45.602+0530: 893.502: [DefNew
Desired survivor size 32768 bytes, new threshold 15 (max 15)
- age   1:         40 bytes,         40 total
- age   2:        184 bytes,        224 total
- age   8:         16 bytes,        240 total
: 896K->0K(960K), 0.0006106 secs] 4714K->4106K(10176K), 0.0008980 secs] [Times: user=0.00 sys=0.00, real=0.00 secs] 
2019-01-02T11:13:45.605+0530: 893.505: [GC (Allocation Failure) 2019-01-02T11:13:45.605+0530: 893.505: [DefNew
Desired survivor size 32768 bytes, new threshold 15 (max 15)
- age   3:        184 bytes,        184 total
- age   9:         16 bytes,        200 total
: 896K->0K(960K), 0.0011819 secs] 5002K->4682K(10176K), 0.0013992 secs] [Times: user=0.00 sys=0.00, real=0.00 secs] 
2019-01-02T11:13:45.608+0530: 893.508: [GC (Allocation Failure) 2019-01-02T11:13:45.608+0530: 893.508: [DefNew
Desired survivor size 32768 bytes, new threshold 15 (max 15)
- age   1:         24 bytes,         24 total
- age   4:        184 bytes,        208 total
- age  10:         16 bytes,        224 total
: 497K->0K(960K), 0.0005080 secs] 5179K->4682K(10176K), 0.0006015 secs] [Times: user=0.00 sys=0.00, real=0.00 secs] 
2019-01-02T11:13:45.609+0530: 893.509: [GC (Allocation Failure) 2019-01-02T11:13:45.609+0530: 893.509: [DefNew
Desired survivor size 32768 bytes, new threshold 15 (max 15)
- age   2:         24 bytes,         24 total
- age   5:        184 bytes,        208 total
- age  11:         16 bytes,        224 total
: 509K->0K(960K), 0.0008741 secs] 5191K->5191K(10176K), 0.0009658 secs] [Times: user=0.00 sys=0.00, real=0.00 secs] 
2019-01-02T11:13:45.610+0530: 893.511: [GC (Allocation Failure) 2019-01-02T11:13:45.610+0530: 893.511: [DefNew
Desired survivor size 32768 bytes, new threshold 15 (max 15)
- age   1:         24 bytes,         24 total
- age   6:         72 bytes,         96 total
- age  12:         16 bytes,        112 total
: 527K->0K(960K), 0.0003301 secs] 5718K->5701K(10176K), 0.0004031 secs] [Times: user=0.00 sys=0.00, real=0.00 secs] 
2019-01-02T11:13:45.666+0530: 893.567: [GC (Allocation Failure) 2019-01-02T11:13:45.667+0530: 893.567: [DefNew
Desired survivor size 32768 bytes, new threshold 15 (max 15)
- age   1:        248 bytes,        248 total
- age   7:         16 bytes,        264 total
- age  13:         16 bytes,        280 total
: 880K->0K(960K), 0.0005188 secs] 6581K->5773K(10176K), 0.0008649 secs] [Times: user=0.00 sys=0.00, real=0.00 secs] 
2019-01-02T11:13:45.669+0530: 893.569: [GC (Allocation Failure) 2019-01-02T11:13:45.669+0530: 893.569: [DefNew
Desired survivor size 32768 bytes, new threshold 15 (max 15)
- age   1:         40 bytes,         40 total
- age   2:        184 bytes,        224 total
- age   8:         16 bytes,        240 total
- age  14:         16 bytes,        256 total
: 896K->0K(960K), 0.0010862 secs] 6669K->6061K(10176K), 0.0013057 secs] [Times: user=0.00 sys=0.00, real=0.00 secs] 
2019-01-02T11:13:45.672+0530: 893.572: [GC (Allocation Failure) 2019-01-02T11:13:45.672+0530: 893.572: [DefNew
Desired survivor size 32768 bytes, new threshold 15 (max 15)
- age   3:        184 bytes,        184 total
- age   9:         16 bytes,        200 total
- age  15:         16 bytes,        216 total
: 896K->0K(960K), 0.0014904 secs] 6957K->6637K(10176K), 0.0016928 secs] [Times: user=0.02 sys=0.00, real=0.00 secs] 
2019-01-02T11:13:45.675+0530: 893.575: [GC (Allocation Failure) 2019-01-02T11:13:45.675+0530: 893.575: [DefNew
Desired survivor size 32768 bytes, new threshold 15 (max 15)
- age   1:         24 bytes,         24 total
- age   4:        184 bytes,        208 total
- age  10:         16 bytes,        224 total
: 497K->0K(960K), 0.0005223 secs] 7134K->6637K(10176K), 0.0006175 secs] [Times: user=0.00 sys=0.00, real=0.00 secs] 
2019-01-02T11:13:45.677+0530: 893.577: [GC (Allocation Failure) 2019-01-02T11:13:45.677+0530: 893.577: [DefNew
Desired survivor size 32768 bytes, new threshold 15 (max 15)
- age   2:         24 bytes,         24 total
- age   5:        184 bytes,        208 total
- age  11:         16 bytes,        224 total
: 509K->0K(960K), 0.0004099 secs] 7146K->7146K(10176K), 0.0006072 secs] [Times: user=0.00 sys=0.00, real=0.00 secs] 
2019-01-02T11:13:45.678+0530: 893.578: [GC (Allocation Failure) 2019-01-02T11:13:45.678+0530: 893.578: [DefNew
Desired survivor size 32768 bytes, new threshold 15 (max 15)
- age   1:         24 bytes,         24 total
- age   6:         72 bytes,         96 total
- age  12:         16 bytes,        112 total
: 527K->0K(960K), 0.0004060 secs] 7673K->7656K(10176K), 0.0004812 secs] [Times: user=0.00 sys=0.00, real=0.00 secs] 
2019-01-02T11:13:45.748+0530: 893.648: [GC (Allocation Failure) 2019-01-02T11:13:45.748+0530: 893.649: [DefNew
Desired survivor size 32768 bytes, new threshold 15 (max 15)
- age   1:        248 bytes,        248 total
- age   7:         16 bytes,        264 total
- age  13:         16 bytes,        280 total
: 880K->0K(960K), 0.0009448 secs] 8536K->7728K(10176K), 0.0013005 secs] [Times: user=0.00 sys=0.00, real=0.00 secs] 
2019-01-02T11:13:45.751+0530: 893.651: [GC (Allocation Failure) 2019-01-02T11:13:45.751+0530: 893.651: [DefNew
Desired survivor size 32768 bytes, new threshold 15 (max 15)
- age   1:         40 bytes,         40 total
- age   2:        184 bytes,        224 total
- age   8:         16 bytes,        240 total
- age  14:         16 bytes,        256 total
: 896K->0K(960K), 0.0005035 secs] 8624K->8016K(10176K), 0.0007030 secs] [Times: user=0.02 sys=0.00, real=0.00 secs] 
2019-01-02T11:13:45.753+0530: 893.653: [GC (Allocation Failure) 2019-01-02T11:13:45.753+0530: 893.654: [DefNew
Desired survivor size 32768 bytes, new threshold 15 (max 15)
- age   3:        184 bytes,        184 total
- age   9:         16 bytes,        200 total
- age  15:         16 bytes,        216 total
: 896K->0K(960K), 0.0012253 secs] 8912K->8592K(10176K), 0.0013690 secs] [Times: user=0.00 sys=0.00, real=0.00 secs] 
2019-01-02T11:13:45.757+0530: 893.657: [GC (Allocation Failure) 2019-01-02T11:13:45.757+0530: 893.657: [DefNew
Desired survivor size 32768 bytes, new threshold 15 (max 15)
- age   1:         24 bytes,         24 total
- age   4:        184 bytes,        208 total
- age  10:         16 bytes,        224 total
: 497K->0K(960K), 0.0002839 secs] 9090K->8592K(10176K), 0.0003695 secs] [Times: user=0.00 sys=0.00, real=0.00 secs] 
2019-01-02T11:13:45.758+0530: 893.658: [GC (Allocation Failure) 2019-01-02T11:13:45.758+0530: 893.658: [DefNew
Desired survivor size 32768 bytes, new threshold 15 (max 15)
- age   2:         24 bytes,         24 total
- age   5:        184 bytes,        208 total
- age  11:         16 bytes,        224 total
: 509K->0K(960K), 0.0007583 secs] 9101K->9101K(10176K), 0.0008769 secs] [Times: user=0.00 sys=0.00, real=0.00 secs] 
2019-01-02T11:13:45.759+0530: 893.659: [GC (Allocation Failure) 2019-01-02T11:13:45.759+0530: 893.659: [DefNew: 527K->527K(960K), 0.0000741 secs]2019-01-02T11:13:45.759+0530: 893.659: [Tenured: 9101K->1281K(9216K), 0.0047557 secs] 9629K->1281K(10176K), [Metaspace: 2520K->2520K(1056768K)], 0.0050727 secs] [Times: user=0.00 sys=0.00, real=0.00 secs] 
2019-01-02T11:13:45.825+0530: 893.725: [GC (Allocation Failure) 2019-01-02T11:13:45.825+0530: 893.725: [DefNew
Desired survivor size 32768 bytes, new threshold 15 (max 15)
- age   1:        248 bytes,        248 total
: 880K->0K(960K), 0.0010297 secs] 2162K->1863K(10176K), 0.0013832 secs] [Times: user=0.00 sys=0.00, real=0.00 secs] 
2019-01-02T11:13:45.828+0530: 893.728: [GC (Allocation Failure) 2019-01-02T11:13:45.828+0530: 893.728: [DefNew
Desired survivor size 32768 bytes, new threshold 15 (max 15)
- age   1:         40 bytes,         40 total
- age   2:        184 bytes,        224 total
: 896K->0K(960K), 0.0007726 secs] 2759K->2151K(10176K), 0.0009533 secs] [Times: user=0.00 sys=0.00, real=0.00 secs] 
2019-01-02T11:13:45.830+0530: 893.730: [GC (Allocation Failure) 2019-01-02T11:13:45.830+0530: 893.730: [DefNew
Desired survivor size 32768 bytes, new threshold 15 (max 15)
- age   3:        184 bytes,        184 total
: 896K->0K(960K), 0.0011494 secs] 3047K->2727K(10176K), 0.0013330 secs] [Times: user=0.00 sys=0.00, real=0.00 secs] 
2019-01-02T11:13:45.833+0530: 893.733: [GC (Allocation Failure) 2019-01-02T11:13:45.833+0530: 893.733: [DefNew
Desired survivor size 32768 bytes, new threshold 15 (max 15)
- age   1:         24 bytes,         24 total
- age   4:        184 bytes,        208 total
: 497K->0K(960K), 0.0007241 secs] 3224K->2727K(10176K), 0.0008701 secs] [Times: user=0.00 sys=0.00, real=0.00 secs] 
2019-01-02T11:13:45.834+0530: 893.734: [GC (Allocation Failure) 2019-01-02T11:13:45.834+0530: 893.734: [DefNew
Desired survivor size 32768 bytes, new threshold 15 (max 15)
- age   2:         24 bytes,         24 total
- age   5:        184 bytes,        208 total
: 509K->0K(960K), 0.0003370 secs] 3236K->3236K(10176K), 0.0003957 secs] [Times: user=0.00 sys=0.00, real=0.00 secs] 
2019-01-02T11:13:45.835+0530: 893.735: [GC (Allocation Failure) 2019-01-02T11:13:45.835+0530: 893.735: [DefNew
Desired survivor size 32768 bytes, new threshold 15 (max 15)
- age   1:         24 bytes,         24 total
- age   6:         72 bytes,         96 total
: 527K->0K(960K), 0.0002988 secs] 3764K->3746K(10176K), 0.0003484 secs] [Times: user=0.00 sys=0.00, real=0.00 secs] 
2019-01-02T11:13:45.898+0530: 893.798: [GC (Allocation Failure) 2019-01-02T11:13:45.898+0530: 893.798: [DefNew
Desired survivor size 32768 bytes, new threshold 15 (max 15)
- age   1:        248 bytes,        248 total
- age   7:         16 bytes,        264 total
: 880K->0K(960K), 0.0010941 secs] 4627K->3818K(10176K), 0.0013684 secs] [Times: user=0.00 sys=0.00, real=0.00 secs] 
2019-01-02T11:13:45.901+0530: 893.801: [GC (Allocation Failure) 2019-01-02T11:13:45.901+0530: 893.801: [DefNew
Desired survivor size 32768 bytes, new threshold 15 (max 15)
- age   1:         40 bytes,         40 total
- age   2:        184 bytes,        224 total
- age   8:         16 bytes,        240 total
: 896K->0K(960K), 0.0007840 secs] 4714K->4106K(10176K), 0.0009271 secs] [Times: user=0.00 sys=0.00, real=0.00 secs] 
2019-01-02T11:13:45.903+0530: 893.803: [GC (Allocation Failure) 2019-01-02T11:13:45.903+0530: 893.803: [DefNew
Desired survivor size 32768 bytes, new threshold 15 (max 15)
- age   3:        184 bytes,        184 total
- age   9:         16 bytes,        200 total
: 896K->0K(960K), 0.0008564 secs] 5002K->4682K(10176K), 0.0010069 secs] [Times: user=0.00 sys=0.00, real=0.00 secs] 
2019-01-02T11:13:45.906+0530: 893.806: [GC (Allocation Failure) 2019-01-02T11:13:45.906+0530: 893.806: [DefNew
Desired survivor size 32768 bytes, new threshold 15 (max 15)
- age   1:         24 bytes,         24 total
- age   4:        184 bytes,        208 total
- age  10:         16 bytes,        224 total
: 497K->0K(960K), 0.0005234 secs] 5180K->4682K(10176K), 0.0007155 secs] [Times: user=0.00 sys=0.00, real=0.00 secs] 
2019-01-02T11:13:45.908+0530: 893.808: [GC (Allocation Failure) 2019-01-02T11:13:45.908+0530: 893.808: [DefNew
Desired survivor size 32768 bytes, new threshold 15 (max 15)
- age   2:         24 bytes,         24 total
- age   5:        184 bytes,        208 total
- age  11:         16 bytes,        224 total
: 509K->0K(960K), 0.0005570 secs] 5192K->5192K(10176K), 0.0008170 secs] [Times: user=0.00 sys=0.00, real=0.00 secs] 
2019-01-02T11:13:45.909+0530: 893.809: [GC (Allocation Failure) 2019-01-02T11:13:45.909+0530: 893.809: [DefNew
Desired survivor size 32768 bytes, new threshold 15 (max 15)
- age   1:         24 bytes,         24 total
- age   6:         72 bytes,         96 total
- age  12:         16 bytes,        112 total
: 527K->0K(960K), 0.0010172 secs] 5719K->5701K(10176K), 0.0011517 secs] [Times: user=0.00 sys=0.00, real=0.00 secs] 
2019-01-02T11:13:45.971+0530: 893.871: [GC (Allocation Failure) 2019-01-02T11:13:45.971+0530: 893.871: [DefNew
Desired survivor size 32768 bytes, new threshold 15 (max 15)
- age   1:        248 bytes,        248 total
- age   7:         16 bytes,        264 total
- age  13:         16 bytes,        280 total
: 880K->0K(960K), 0.0005759 secs] 6582K->5773K(10176K), 0.0008558 secs] [Times: user=0.00 sys=0.00, real=0.00 secs] 
2019-01-02T11:13:45.975+0530: 893.875: [GC (Allocation Failure) 2019-01-02T11:13:45.975+0530: 893.875: [DefNew
Desired survivor size 32768 bytes, new threshold 15 (max 15)
- age   1:         40 bytes,         40 total
- age   2:        184 bytes,        224 total
- age   8:         16 bytes,        240 total
- age  14:         16 bytes,        256 total
: 896K->0K(960K), 0.0009151 secs] 6669K->6061K(10176K), 0.0013285 secs] [Times: user=0.00 sys=0.00, real=0.00 secs] 
2019-01-02T11:13:45.978+0530: 893.878: [GC (Allocation Failure) 2019-01-02T11:13:45.978+0530: 893.878: [DefNew
Desired survivor size 32768 bytes, new threshold 15 (max 15)
- age   3:        184 bytes,        184 total
- age   9:         16 bytes,        200 total
- age  15:         16 bytes,        216 total
: 896K->0K(960K), 0.0009869 secs] 6957K->6637K(10176K), 0.0012247 secs] [Times: user=0.00 sys=0.00, real=0.00 secs] 
2019-01-02T11:13:45.981+0530: 893.881: [GC (Allocation Failure) 2019-01-02T11:13:45.981+0530: 893.881: [DefNew
Desired survivor size 32768 bytes, new threshold 15 (max 15)
- age   1:         24 bytes,         24 total
- age   4:        184 bytes,        208 total
- age  10:         16 bytes,        224 total
: 497K->0K(960K), 0.0006004 secs] 7135K->6637K(10176K), 0.0007087 secs] [Times: user=0.00 sys=0.00, real=0.00 secs] 
2019-01-02T11:13:45.982+0530: 893.882: [GC (Allocation Failure) 2019-01-02T11:13:45.982+0530: 893.882: [DefNew
Desired survivor size 32768 bytes, new threshold 15 (max 15)
- age   2:         24 bytes,         24 total
- age   5:        184 bytes,        208 total
- age  11:         16 bytes,        224 total
: 509K->0K(960K), 0.0003375 secs] 7147K->7147K(10176K), 0.0004094 secs] [Times: user=0.00 sys=0.00, real=0.00 secs] 
2019-01-02T11:13:45.983+0530: 893.883: [GC (Allocation Failure) 2019-01-02T11:13:45.983+0530: 893.883: [DefNew
Desired survivor size 32768 bytes, new threshold 15 (max 15)
- age   1:         24 bytes,         24 total
- age   6:         72 bytes,         96 total
- age  12:         16 bytes,        112 total
: 527K->0K(960K), 0.0003085 secs] 7674K->7656K(10176K), 0.0003792 secs] [Times: user=0.00 sys=0.00, real=0.00 secs] 
2019-01-02T11:13:46.051+0530: 893.951: [GC (Allocation Failure) 2019-01-02T11:13:46.051+0530: 893.951: [DefNew
Desired survivor size 32768 bytes, new threshold 15 (max 15)
- age   1:        248 bytes,        248 total
- age   7:         16 bytes,        264 total
- age  13:         16 bytes,        280 total
: 880K->0K(960K), 0.0012429 secs] 8537K->7729K(10176K), 0.0016985 secs] [Times: user=0.00 sys=0.00, real=0.00 secs] 
2019-01-02T11:13:46.055+0530: 893.955: [GC (Allocation Failure) 2019-01-02T11:13:46.055+0530: 893.955: [DefNew
Desired survivor size 32768 bytes, new threshold 15 (max 15)
- age   1:         40 bytes,         40 total
- age   2:        184 bytes,        224 total
- age   8:         16 bytes,        240 total
- age  14:         16 bytes,        256 total
: 896K->0K(960K), 0.0015457 secs] 8625K->8017K(10176K), 0.0017430 secs] [Times: user=0.00 sys=0.00, real=0.00 secs] 
2019-01-02T11:13:46.060+0530: 893.960: [GC (Allocation Failure) 2019-01-02T11:13:46.060+0530: 893.960: [DefNew
Desired survivor size 32768 bytes, new threshold 15 (max 15)
- age   3:        184 bytes,        184 total
- age   9:         16 bytes,        200 total
- age  15:         16 bytes,        216 total
: 896K->0K(960K), 0.0006112 secs] 8913K->8593K(10176K), 0.0008490 secs] [Times: user=0.00 sys=0.00, real=0.00 secs] 
2019-01-02T11:13:46.063+0530: 893.963: [GC (Allocation Failure) 2019-01-02T11:13:46.063+0530: 893.963: [DefNew
Desired survivor size 32768 bytes, new threshold 15 (max 15)
- age   1:         24 bytes,         24 total
- age   4:        184 bytes,        208 total
- age  10:         16 bytes,        224 total
: 497K->0K(960K), 0.0009094 secs] 9090K->8593K(10176K), 0.0011551 secs] [Times: user=0.02 sys=0.00, real=0.00 secs] 
2019-01-02T11:13:46.066+0530: 893.966: [GC (Allocation Failure) 2019-01-02T11:13:46.066+0530: 893.966: [DefNew
Desired survivor size 32768 bytes, new threshold 15 (max 15)
- age   2:         24 bytes,         24 total
- age   5:        184 bytes,        208 total
- age  11:         16 bytes,        224 total
: 509K->0K(960K), 0.0005006 secs] 9102K->9102K(10176K), 0.0006312 secs] [Times: user=0.00 sys=0.00, real=0.00 secs] 
2019-01-02T11:13:46.067+0530: 893.967: [GC (Allocation Failure) 2019-01-02T11:13:46.067+0530: 893.967: [DefNew: 527K->527K(960K), 0.0000479 secs]2019-01-02T11:13:46.067+0530: 893.967: [Tenured: 9102K->1281K(9216K), 0.0045162 secs] 9630K->1281K(10176K), [Metaspace: 2520K->2520K(1056768K)], 0.0047186 secs] [Times: user=0.00 sys=0.00, real=0.01 secs] 
2019-01-02T11:13:46.147+0530: 894.047: [GC (Allocation Failure) 2019-01-02T11:13:46.147+0530: 894.047: [DefNew
Desired survivor size 32768 bytes, new threshold 15 (max 15)
- age   1:        248 bytes,        248 total
: 880K->0K(960K), 0.0011842 secs] 2162K->1863K(10176K), 0.0016352 secs] [Times: user=0.00 sys=0.00, real=0.00 secs] 
2019-01-02T11:13:46.151+0530: 894.052: [GC (Allocation Failure) 2019-01-02T11:13:46.152+0530: 894.052: [DefNew
Desired survivor size 32768 bytes, new threshold 15 (max 15)
- age   1:         40 bytes,         40 total
- age   2:        184 bytes,        224 total
: 896K->0K(960K), 0.0008256 secs] 2759K->2151K(10176K), 0.0012372 secs] [Times: user=0.00 sys=0.00, real=0.00 secs] 
2019-01-02T11:13:46.155+0530: 894.055: [GC (Allocation Failure) 2019-01-02T11:13:46.155+0530: 894.055: [DefNew
Desired survivor size 32768 bytes, new threshold 15 (max 15)
- age   3:        184 bytes,        184 total
: 896K->0K(960K), 0.0017703 secs] 3047K->2727K(10176K), 0.0021147 secs] [Times: user=0.00 sys=0.00, real=0.00 secs] 
2019-01-02T11:13:46.159+0530: 894.059: [GC (Allocation Failure) 2019-01-02T11:13:46.159+0530: 894.059: [DefNew
Desired survivor size 32768 bytes, new threshold 15 (max 15)
- age   1:         24 bytes,         24 total
- age   4:        184 bytes,        208 total
: 497K->0K(960K), 0.0003598 secs] 3225K->2727K(10176K), 0.0004710 secs] [Times: user=0.00 sys=0.00, real=0.00 secs] 
2019-01-02T11:13:46.160+0530: 894.060: [GC (Allocation Failure) 2019-01-02T11:13:46.160+0530: 894.060: [DefNew
Desired survivor size 32768 bytes, new threshold 15 (max 15)
- age   2:         24 bytes,         24 total
- age   5:        184 bytes,        208 total
: 509K->0K(960K), 0.0009835 secs] 3237K->3237K(10176K), 0.0010822 secs] [Times: user=0.00 sys=0.00, real=0.00 secs] 
2019-01-02T11:13:46.162+0530: 894.062: [GC (Allocation Failure) 2019-01-02T11:13:46.162+0530: 894.062: [DefNew
Desired survivor size 32768 bytes, new threshold 15 (max 15)
- age   1:         24 bytes,         24 total
- age   6:         72 bytes,         96 total
: 527K->0K(960K), 0.0011454 secs] 3764K->3746K(10176K), 0.0015377 secs] [Times: user=0.00 sys=0.00, real=0.00 secs] 
2019-01-02T11:13:46.230+0530: 894.131: [GC (Allocation Failure) 2019-01-02T11:13:46.231+0530: 894.131: [DefNew
Desired survivor size 32768 bytes, new threshold 15 (max 15)
- age   1:        248 bytes,        248 total
- age   7:         16 bytes,        264 total
: 880K->0K(960K), 0.0009111 secs] 4627K->3818K(10176K), 0.0012777 secs] [Times: user=0.00 sys=0.00, real=0.00 secs] 
2019-01-02T11:13:46.234+0530: 894.134: [GC (Allocation Failure) 2019-01-02T11:13:46.234+0530: 894.134: [DefNew
Desired survivor size 32768 bytes, new threshold 15 (max 15)
- age   1:         40 bytes,         40 total
- age   2:        184 bytes,        224 total
- age   8:         16 bytes,        240 total
: 896K->0K(960K), 0.0006568 secs] 4714K->4106K(10176K), 0.0009949 secs] [Times: user=0.00 sys=0.01, real=0.00 secs] 
2019-01-02T11:13:46.237+0530: 894.137: [GC (Allocation Failure) 2019-01-02T11:13:46.237+0530: 894.138: [DefNew
Desired survivor size 32768 bytes, new threshold 15 (max 15)
- age   3:        184 bytes,        184 total
- age   9:         16 bytes,        200 total
: 896K->0K(960K), 0.0014060 secs] 5002K->4682K(10176K), 0.0016814 secs] [Times: user=0.00 sys=0.00, real=0.00 secs] 
2019-01-02T11:13:46.241+0530: 894.141: [GC (Allocation Failure) 2019-01-02T11:13:46.241+0530: 894.141: [DefNew
Desired survivor size 32768 bytes, new threshold 15 (max 15)
- age   1:         24 bytes,         24 total
- age   4:        184 bytes,        208 total
- age  10:         16 bytes,        224 total
: 497K->0K(960K), 0.0009419 secs] 5180K->4682K(10176K), 0.0011677 secs] [Times: user=0.00 sys=0.00, real=0.00 secs] 
2019-01-02T11:13:46.243+0530: 894.143: [GC (Allocation Failure) 2019-01-02T11:13:46.243+0530: 894.143: [DefNew
Desired survivor size 32768 bytes, new threshold 15 (max 15)
- age   2:         24 bytes,         24 total
- age   5:        184 bytes,        208 total
- age  11:         16 bytes,        224 total
: 509K->0K(960K), 0.0004681 secs] 5192K->5192K(10176K), 0.0005656 secs] [Times: user=0.00 sys=0.00, real=0.00 secs] 
2019-01-02T11:13:46.244+0530: 894.144: [GC (Allocation Failure) 2019-01-02T11:13:46.244+0530: 894.144: [DefNew
Desired survivor size 32768 bytes, new threshold 15 (max 15)
- age   1:         24 bytes,         24 total
- age   6:         72 bytes,         96 total
- age  12:         16 bytes,        112 total
: 527K->0K(960K), 0.0009448 secs] 5719K->5702K(10176K), 0.0010799 secs] [Times: user=0.00 sys=0.00, real=0.00 secs] 
2019-01-02T11:13:46.317+0530: 894.217: [GC (Allocation Failure) 2019-01-02T11:13:46.317+0530: 894.217: [DefNew
Desired survivor size 32768 bytes, new threshold 15 (max 15)
- age   1:        248 bytes,        248 total
- age   7:         16 bytes,        264 total
- age  13:         16 bytes,        280 total
: 881K->0K(960K), 0.0011591 secs] 6583K->5774K(10176K), 0.0016073 secs] [Times: user=0.00 sys=0.00, real=0.00 secs] 
2019-01-02T11:13:46.320+0530: 894.221: [GC (Allocation Failure) 2019-01-02T11:13:46.321+0530: 894.221: [DefNew
Desired survivor size 32768 bytes, new threshold 15 (max 15)
- age   1:         40 bytes,         40 total
- age   2:        184 bytes,        224 total
- age   8:         16 bytes,        240 total
- age  14:         16 bytes,        256 total
: 896K->0K(960K), 0.0010588 secs] 6670K->6062K(10176K), 0.0018958 secs] [Times: user=0.00 sys=0.00, real=0.00 secs] 
2019-01-02T11:13:46.324+0530: 894.224: [GC (Allocation Failure) 2019-01-02T11:13:46.324+0530: 894.224: [DefNew
Desired survivor size 32768 bytes, new threshold 15 (max 15)
- age   3:        184 bytes,        184 total
- age   9:         16 bytes,        200 total
- age  15:         16 bytes,        216 total
: 896K->0K(960K), 0.0004618 secs] 6958K->6638K(10176K), 0.0006192 secs] [Times: user=0.00 sys=0.00, real=0.00 secs] 
2019-01-02T11:13:46.326+0530: 894.227: [GC (Allocation Failure) 2019-01-02T11:13:46.326+0530: 894.227: [DefNew
Desired survivor size 32768 bytes, new threshold 15 (max 15)
- age   1:         24 bytes,         24 total
- age   4:        184 bytes,        208 total
- age  10:         16 bytes,        224 total
: 497K->0K(960K), 0.0003735 secs] 7136K->6638K(10176K), 0.0004960 secs] [Times: user=0.00 sys=0.00, real=0.00 secs] 
2019-01-02T11:13:46.327+0530: 894.228: [GC (Allocation Failure) 2019-01-02T11:13:46.327+0530: 894.228: [DefNew
Desired survivor size 32768 bytes, new threshold 15 (max 15)
- age   2:         24 bytes,         24 total
- age   5:        184 bytes,        208 total
- age  11:         16 bytes,        224 total
: 509K->0K(960K), 0.0009180 secs] 7148K->7148K(10176K), 0.0010491 secs] [Times: user=0.00 sys=0.00, real=0.00 secs] 
2019-01-02T11:13:46.329+0530: 894.230: [GC (Allocation Failure) 2019-01-02T11:13:46.329+0530: 894.230: [DefNew
Desired survivor size 32768 bytes, new threshold 15 (max 15)
- age   1:         24 bytes,         24 total
- age   6:         72 bytes,         96 total
- age  12:         16 bytes,        112 total
: 527K->0K(960K), 0.0014288 secs] 7675K->7657K(10176K), 0.0017401 secs] [Times: user=0.00 sys=0.00, real=0.00 secs] 
2019-01-02T11:13:46.410+0530: 894.310: [GC (Allocation Failure) 2019-01-02T11:13:46.410+0530: 894.310: [DefNew
Desired survivor size 32768 bytes, new threshold 15 (max 15)
- age   1:        248 bytes,        248 total
- age   7:         16 bytes,        264 total
- age  13:         16 bytes,        280 total
: 881K->0K(960K), 0.0006557 secs] 8538K->7729K(10176K), 0.0010474 secs] [Times: user=0.00 sys=0.00, real=0.00 secs] 
2019-01-02T11:13:46.413+0530: 894.313: [GC (Allocation Failure) 2019-01-02T11:13:46.413+0530: 894.313: [DefNew
Desired survivor size 32768 bytes, new threshold 15 (max 15)
- age   1:         40 bytes,         40 total
- age   2:        184 bytes,        224 total
- age   8:         16 bytes,        240 total
- age  14:         16 bytes,        256 total
: 896K->0K(960K), 0.0009681 secs] 8625K->8017K(10176K), 0.0012498 secs] [Times: user=0.00 sys=0.00, real=0.00 secs] 
2019-01-02T11:13:46.416+0530: 894.316: [GC (Allocation Failure) 2019-01-02T11:13:46.416+0530: 894.317: [DefNew
Desired survivor size 32768 bytes, new threshold 15 (max 15)
- age   3:        184 bytes,        184 total
- age   9:         16 bytes,        200 total
- age  15:         16 bytes,        216 total
: 896K->0K(960K), 0.0014972 secs] 8913K->8593K(10176K), 0.0019214 secs] [Times: user=0.00 sys=0.00, real=0.00 secs] 
2019-01-02T11:13:46.420+0530: 894.320: [GC (Allocation Failure) 2019-01-02T11:13:46.420+0530: 894.320: [DefNew
Desired survivor size 32768 bytes, new threshold 15 (max 15)
- age   1:         24 bytes,         24 total
- age   4:        184 bytes,        208 total
- age  10:         16 bytes,        224 total
: 497K->0K(960K), 0.0007766 secs] 9091K->8593K(10176K), 0.0010343 secs] [Times: user=0.00 sys=0.00, real=0.00 secs] 
2019-01-02T11:13:46.421+0530: 894.322: [GC (Allocation Failure) 2019-01-02T11:13:46.421+0530: 894.322: [DefNew
Desired survivor size 32768 bytes, new threshold 15 (max 15)
- age   2:         24 bytes,         24 total
- age   5:        184 bytes,        208 total
- age  11:         16 bytes,        224 total
: 509K->0K(960K), 0.0003387 secs] 9103K->9103K(10176K), 0.0003928 secs] [Times: user=0.00 sys=0.00, real=0.00 secs] 
2019-01-02T11:13:46.422+0530: 894.322: [GC (Allocation Failure) 2019-01-02T11:13:46.422+0530: 894.322: [DefNew: 527K->527K(960K), 0.0000239 secs]2019-01-02T11:13:46.422+0530: 894.322: [Tenured: 9103K->1281K(9216K), 0.0051246 secs] 9630K->1281K(10176K), [Metaspace: 2520K->2520K(1056768K)], 0.0052563 secs] [Times: user=0.00 sys=0.00, real=0.01 secs] 
2019-01-02T11:13:46.498+0530: 894.398: [GC (Allocation Failure) 2019-01-02T11:13:46.498+0530: 894.398: [DefNew
Desired survivor size 32768 bytes, new threshold 15 (max 15)
- age   1:        248 bytes,        248 total
: 880K->0K(960K), 0.0012355 secs] 2162K->1863K(10176K), 0.0016426 secs] [Times: user=0.00 sys=0.00, real=0.00 secs] 
2019-01-02T11:13:46.502+0530: 894.402: [GC (Allocation Failure) 2019-01-02T11:13:46.502+0530: 894.402: [DefNew
Desired survivor size 32768 bytes, new threshold 15 (max 15)
- age   1:         40 bytes,         40 total
- age   2:        184 bytes,        224 total
: 896K->0K(960K), 0.0015309 secs] 2759K->2151K(10176K), 0.0022202 secs] [Times: user=0.00 sys=0.00, real=0.00 secs] 
2019-01-02T11:13:46.506+0530: 894.406: [GC (Allocation Failure) 2019-01-02T11:13:46.506+0530: 894.406: [DefNew
Desired survivor size 32768 bytes, new threshold 15 (max 15)
- age   3:        184 bytes,        184 total
: 896K->0K(960K), 0.0017783 secs] 3047K->2727K(10176K), 0.0021797 secs] [Times: user=0.00 sys=0.00, real=0.00 secs] 
2019-01-02T11:13:46.510+0530: 894.410: [GC (Allocation Failure) 2019-01-02T11:13:46.510+0530: 894.410: [DefNew
Desired survivor size 32768 bytes, new threshold 15 (max 15)
- age   1:         24 bytes,         24 total
- age   4:        184 bytes,        208 total
: 497K->0K(960K), 0.0003991 secs] 3225K->2727K(10176K), 0.0007030 secs] [Times: user=0.00 sys=0.00, real=0.00 secs] 
2019-01-02T11:13:46.511+0530: 894.411: [GC (Allocation Failure) 2019-01-02T11:13:46.511+0530: 894.411: [DefNew
Desired survivor size 32768 bytes, new threshold 15 (max 15)
- age   2:         24 bytes,         24 total
- age   5:        184 bytes,        208 total
: 509K->0K(960K), 0.0004510 secs] 3237K->3237K(10176K), 0.0005342 secs] [Times: user=0.00 sys=0.00, real=0.00 secs] 
2019-01-02T11:13:46.512+0530: 894.412: [GC (Allocation Failure) 2019-01-02T11:13:46.512+0530: 894.412: [DefNew
Desired survivor size 32768 bytes, new threshold 15 (max 15)
- age   1:         24 bytes,         24 total
- age   6:         72 bytes,         96 total
: 527K->0K(960K), 0.0010143 secs] 3764K->3747K(10176K), 0.0012846 secs] [Times: user=0.00 sys=0.00, real=0.00 secs] 
2019-01-02T11:13:46.581+0530: 894.481: [GC (Allocation Failure) 2019-01-02T11:13:46.581+0530: 894.482: [DefNew
Desired survivor size 32768 bytes, new threshold 15 (max 15)
- age   1:        248 bytes,        248 total
- age   7:         16 bytes,        264 total
: 881K->0K(960K), 0.0004972 secs] 4628K->3819K(10176K), 0.0007138 secs] [Times: user=0.00 sys=0.00, real=0.00 secs] 
2019-01-02T11:13:46.583+0530: 894.484: [GC (Allocation Failure) 2019-01-02T11:13:46.584+0530: 894.484: [DefNew
Desired survivor size 32768 bytes, new threshold 15 (max 15)
- age   1:         40 bytes,         40 total
- age   2:        184 bytes,        224 total
- age   8:         16 bytes,        240 total
: 896K->0K(960K), 0.0008684 secs] 4715K->4107K(10176K), 0.0010742 secs] [Times: user=0.00 sys=0.00, real=0.00 secs] 
2019-01-02T11:13:46.586+0530: 894.486: [GC (Allocation Failure) 2019-01-02T11:13:46.586+0530: 894.486: [DefNew
Desired survivor size 32768 bytes, new threshold 15 (max 15)
- age   3:        184 bytes,        184 total
- age   9:         16 bytes,        200 total
: 896K->0K(960K), 0.0006483 secs] 5003K->4683K(10176K), 0.0008324 secs] [Times: user=0.00 sys=0.00, real=0.00 secs] 
2019-01-02T11:13:46.588+0530: 894.488: [GC (Allocation Failure) 2019-01-02T11:13:46.588+0530: 894.488: [DefNew
Desired survivor size 32768 bytes, new threshold 15 (max 15)
- age   1:         24 bytes,         24 total
- age   4:        184 bytes,        208 total
- age  10:         16 bytes,        224 total
: 497K->0K(960K), 0.0002606 secs] 5181K->4683K(10176K), 0.0003324 secs] [Times: user=0.00 sys=0.00, real=0.00 secs] 
2019-01-02T11:13:46.589+0530: 894.489: [GC (Allocation Failure) 2019-01-02T11:13:46.589+0530: 894.489: [DefNew
Desired survivor size 32768 bytes, new threshold 15 (max 15)
- age   2:         24 bytes,         24 total
- age   5:        184 bytes,        208 total
- age  11:         16 bytes,        224 total
: 509K->0K(960K), 0.0003107 secs] 5193K->5193K(10176K), 0.0003603 secs] [Times: user=0.00 sys=0.00, real=0.00 secs] 
2019-01-02T11:13:46.589+0530: 894.490: [GC (Allocation Failure) 2019-01-02T11:13:46.590+0530: 894.490: [DefNew
Desired survivor size 32768 bytes, new threshold 15 (max 15)
- age   1:         24 bytes,         24 total
- age   6:         72 bytes,         96 total
- age  12:         16 bytes,        112 total
: 527K->0K(960K), 0.0003495 secs] 5720K->5702K(10176K), 0.0004185 secs] [Times: user=0.00 sys=0.00, real=0.00 secs] 
2019-01-02T11:13:46.647+0530: 894.547: [GC (Allocation Failure) 2019-01-02T11:13:46.647+0530: 894.547: [DefNew
Desired survivor size 32768 bytes, new threshold 15 (max 15)
- age   1:        248 bytes,        248 total
- age   7:         16 bytes,        264 total
- age  13:         16 bytes,        280 total
: 881K->0K(960K), 0.0004983 secs] 6583K->5774K(10176K), 0.0008746 secs] [Times: user=0.00 sys=0.00, real=0.00 secs] 
2019-01-02T11:13:46.649+0530: 894.549: [GC (Allocation Failure) 2019-01-02T11:13:46.649+0530: 894.549: [DefNew
Desired survivor size 32768 bytes, new threshold 15 (max 15)
- age   1:         40 bytes,         40 total
- age   2:        184 bytes,        224 total
- age   8:         16 bytes,        240 total
- age  14:         16 bytes,        256 total
: 896K->0K(960K), 0.0007532 secs] 6670K->6062K(10176K), 0.0009037 secs] [Times: user=0.00 sys=0.00, real=0.00 secs] 
2019-01-02T11:13:46.651+0530: 894.551: [GC (Allocation Failure) 2019-01-02T11:13:46.651+0530: 894.552: [DefNew
Desired survivor size 32768 bytes, new threshold 15 (max 15)
- age   3:        184 bytes,        184 total
- age   9:         16 bytes,        200 total
- age  15:         16 bytes,        216 total
: 896K->0K(960K), 0.0008872 secs] 6958K->6638K(10176K), 0.0010998 secs] [Times: user=0.00 sys=0.00, real=0.00 secs] 
2019-01-02T11:13:46.654+0530: 894.554: [GC (Allocation Failure) 2019-01-02T11:13:46.654+0530: 894.554: [DefNew
Desired survivor size 32768 bytes, new threshold 15 (max 15)
- age   1:         24 bytes,         24 total
- age   4:        184 bytes,        208 total
- age  10:         16 bytes,        224 total
: 497K->0K(960K), 0.0002492 secs] 7136K->6638K(10176K), 0.0003124 secs] [Times: user=0.00 sys=0.00, real=0.00 secs] 
2019-01-02T11:13:46.654+0530: 894.554: [GC (Allocation Failure) 2019-01-02T11:13:46.654+0530: 894.554: [DefNew
Desired survivor size 32768 bytes, new threshold 15 (max 15)
- age   2:         24 bytes,         24 total
- age   5:        184 bytes,        208 total
- age  11:         16 bytes,        224 total
: 509K->0K(960K), 0.0003056 secs] 7148K->7148K(10176K), 0.0003575 secs] [Times: user=0.00 sys=0.00, real=0.00 secs] 
2019-01-02T11:13:46.655+0530: 894.555: [GC (Allocation Failure) 2019-01-02T11:13:46.655+0530: 894.555: [DefNew
Desired survivor size 32768 bytes, new threshold 15 (max 15)
- age   1:         24 bytes,         24 total
- age   6:         72 bytes,         96 total
- age  12:         16 bytes,        112 total
: 527K->0K(960K), 0.0002976 secs] 7676K->7658K(10176K), 0.0003467 secs] [Times: user=0.00 sys=0.00, real=0.00 secs] 
2019-01-02T11:13:46.715+0530: 894.615: [GC (Allocation Failure) 2019-01-02T11:13:46.715+0530: 894.615: [DefNew
Desired survivor size 32768 bytes, new threshold 15 (max 15)
- age   1:        248 bytes,        248 total
- age   7:         16 bytes,        264 total
- age  13:         16 bytes,        280 total
: 881K->0K(960K), 0.0005126 secs] 8539K->7730K(10176K), 0.0006380 secs] [Times: user=0.00 sys=0.00, real=0.00 secs] 
2019-01-02T11:13:46.718+0530: 894.618: [GC (Allocation Failure) 2019-01-02T11:13:46.718+0530: 894.618: [DefNew
Desired survivor size 32768 bytes, new threshold 15 (max 15)
- age   1:         40 bytes,         40 total
- age   2:        184 bytes,        224 total
- age   8:         16 bytes,        240 total
- age  14:         16 bytes,        256 total
: 896K->0K(960K), 0.0009641 secs] 8626K->8018K(10176K), 0.0012412 secs] [Times: user=0.01 sys=0.00, real=0.00 secs] 
2019-01-02T11:13:46.721+0530: 894.621: [GC (Allocation Failure) 2019-01-02T11:13:46.721+0530: 894.621: [DefNew
Desired survivor size 32768 bytes, new threshold 15 (max 15)
- age   3:        184 bytes,        184 total
- age   9:         16 bytes,        200 total
- age  15:         16 bytes,        216 total
: 896K->0K(960K), 0.0007555 secs] 8914K->8594K(10176K), 0.0009938 secs] [Times: user=0.00 sys=0.00, real=0.00 secs] 
2019-01-02T11:13:46.723+0530: 894.624: [GC (Allocation Failure) 2019-01-02T11:13:46.724+0530: 894.624: [DefNew
Desired survivor size 32768 bytes, new threshold 15 (max 15)
- age   1:         24 bytes,         24 total
- age   4:        184 bytes,        208 total
- age  10:         16 bytes,        224 total
: 497K->0K(960K), 0.0003621 secs] 9092K->8594K(10176K), 0.0004829 secs] [Times: user=0.00 sys=0.00, real=0.00 secs] 
2019-01-02T11:13:46.724+0530: 894.625: [GC (Allocation Failure) 2019-01-02T11:13:46.724+0530: 894.625: [DefNew
Desired survivor size 32768 bytes, new threshold 15 (max 15)
- age   2:         24 bytes,         24 total
- age   5:        184 bytes,        208 total
- age  11:         16 bytes,        224 total
: 510K->0K(960K), 0.0004419 secs] 9104K->9104K(10176K), 0.0005411 secs] [Times: user=0.00 sys=0.00, real=0.00 secs] 
2019-01-02T11:13:46.725+0530: 894.626: [GC (Allocation Failure) 2019-01-02T11:13:46.725+0530: 894.626: [DefNew: 527K->527K(960K), 0.0000468 secs]2019-01-02T11:13:46.725+0530: 894.626: [Tenured: 9104K->1281K(9216K), 0.0065055 secs] 9631K->1281K(10176K), [Metaspace: 2520K->2520K(1056768K)], 0.0067518 secs] [Times: user=0.00 sys=0.00, real=0.01 secs] 
2019-01-02T11:13:46.789+0530: 894.689: [GC (Allocation Failure) 2019-01-02T11:13:46.789+0530: 894.689: [DefNew
Desired survivor size 32768 bytes, new threshold 15 (max 15)
- age   1:        248 bytes,        248 total
: 881K->0K(960K), 0.0014522 secs] 2162K->1863K(10176K), 0.0016825 secs] [Times: user=0.00 sys=0.00, real=0.00 secs] 
2019-01-02T11:13:46.792+0530: 894.692: [GC (Allocation Failure) 2019-01-02T11:13:46.792+0530: 894.692: [DefNew
Desired survivor size 32768 bytes, new threshold 15 (max 15)
- age   1:         40 bytes,         40 total
- age   2:        184 bytes,        224 total
: 896K->0K(960K), 0.0004647 secs] 2759K->2151K(10176K), 0.0006625 secs] [Times: user=0.00 sys=0.00, real=0.00 secs] 
2019-01-02T11:13:46.795+0530: 894.695: [GC (Allocation Failure) 2019-01-02T11:13:46.795+0530: 894.695: [DefNew
Desired survivor size 32768 bytes, new threshold 15 (max 15)
- age   3:        184 bytes,        184 total
: 896K->0K(960K), 0.0012692 secs] 3047K->2727K(10176K), 0.0015970 secs] [Times: user=0.00 sys=0.00, real=0.00 secs] 
2019-01-02T11:13:46.798+0530: 894.698: [GC (Allocation Failure) 2019-01-02T11:13:46.798+0530: 894.698: [DefNew
Desired survivor size 32768 bytes, new threshold 15 (max 15)
- age   1:         24 bytes,         24 total
- age   4:        184 bytes,        208 total
: 497K->0K(960K), 0.0004687 secs] 3225K->2727K(10176K), 0.0005890 secs] [Times: user=0.00 sys=0.00, real=0.00 secs] 
2019-01-02T11:13:46.799+0530: 894.699: [GC (Allocation Failure) 2019-01-02T11:13:46.799+0530: 894.699: [DefNew
Desired survivor size 32768 bytes, new threshold 15 (max 15)
- age   2:         24 bytes,         24 total
- age   5:        184 bytes,        208 total
: 510K->0K(960K), 0.0004202 secs] 3237K->3237K(10176K), 0.0004909 secs] [Times: user=0.00 sys=0.00, real=0.00 secs] 
2019-01-02T11:13:46.800+0530: 894.700: [GC (Allocation Failure) 2019-01-02T11:13:46.800+0530: 894.700: [DefNew
Desired survivor size 32768 bytes, new threshold 15 (max 15)
- age   1:         24 bytes,         24 total
- age   6:         72 bytes,         96 total
: 527K->0K(960K), 0.0003233 secs] 3765K->3747K(10176K), 0.0003985 secs] [Times: user=0.00 sys=0.00, real=0.00 secs] 
2019-01-02T11:13:46.857+0530: 894.758: [GC (Allocation Failure) 2019-01-02T11:13:46.858+0530: 894.758: [DefNew
Desired survivor size 32768 bytes, new threshold 15 (max 15)
- age   1:        248 bytes,        248 total
- age   7:         16 bytes,        264 total
: 881K->0K(960K), 0.0008991 secs] 4628K->3819K(10176K), 0.0014237 secs] [Times: user=0.00 sys=0.00, real=0.00 secs] 
2019-01-02T11:13:46.861+0530: 894.762: [GC (Allocation Failure) 2019-01-02T11:13:46.862+0530: 894.762: [DefNew
Desired survivor size 32768 bytes, new threshold 15 (max 15)
- age   1:         40 bytes,         40 total
- age   2:        184 bytes,        224 total
- age   8:         16 bytes,        240 total
: 896K->0K(960K), 0.0016557 secs] 4715K->4107K(10176K), 0.0021923 secs] [Times: user=0.00 sys=0.00, real=0.00 secs] 
2019-01-02T11:13:46.866+0530: 894.766: [GC (Allocation Failure) 2019-01-02T11:13:46.866+0530: 894.766: [DefNew
Desired survivor size 32768 bytes, new threshold 15 (max 15)
- age   3:        184 bytes,        184 total
- age   9:         16 bytes,        200 total
: 896K->0K(960K), 0.0007634 secs] 5003K->4683K(10176K), 0.0008940 secs] [Times: user=0.00 sys=0.00, real=0.00 secs] 
2019-01-02T11:13:46.868+0530: 894.769: [GC (Allocation Failure) 2019-01-02T11:13:46.868+0530: 894.769: [DefNew
Desired survivor size 32768 bytes, new threshold 15 (max 15)
- age   1:         24 bytes,         24 total
- age   4:        184 bytes,        208 total
- age  10:         16 bytes,        224 total
: 497K->0K(960K), 0.0007281 secs] 5181K->4683K(10176K), 0.0009487 secs] [Times: user=0.00 sys=0.00, real=0.00 secs] 
2019-01-02T11:13:46.870+0530: 894.771: [GC (Allocation Failure) 2019-01-02T11:13:46.871+0530: 894.771: [DefNew
Desired survivor size 32768 bytes, new threshold 15 (max 15)
- age   2:         24 bytes,         24 total
- age   5:        184 bytes,        208 total
- age  11:         16 bytes,        224 total
: 510K->0K(960K), 0.0005987 secs] 5193K->5193K(10176K), 0.0007498 secs] [Times: user=0.00 sys=0.00, real=0.00 secs] 
2019-01-02T11:13:46.872+0530: 894.772: [GC (Allocation Failure) 2019-01-02T11:13:46.872+0530: 894.772: [DefNew
Desired survivor size 32768 bytes, new threshold 15 (max 15)
- age   1:         24 bytes,         24 total
- age   6:         72 bytes,         96 total
- age  12:         16 bytes,        112 total
: 527K->0K(960K), 0.0003210 secs] 5721K->5703K(10176K), 0.0003923 secs] [Times: user=0.00 sys=0.00, real=0.00 secs] 
2019-01-02T11:13:46.933+0530: 894.833: [GC (Allocation Failure) 2019-01-02T11:13:46.933+0530: 894.833: [DefNew
Desired survivor size 32768 bytes, new threshold 15 (max 15)
- age   1:        248 bytes,        248 total
- age   7:         16 bytes,        264 total
- age  13:         16 bytes,        280 total
: 881K->0K(960K), 0.0007144 secs] 6584K->5775K(10176K), 0.0008684 secs] [Times: user=0.00 sys=0.00, real=0.00 secs] 
2019-01-02T11:13:46.936+0530: 894.836: [GC (Allocation Failure) 2019-01-02T11:13:46.936+0530: 894.836: [DefNew
Desired survivor size 32768 bytes, new threshold 15 (max 15)
- age   1:         40 bytes,         40 total
- age   2:        184 bytes,        224 total
- age   8:         16 bytes,        240 total
- age  14:         16 bytes,        256 total
: 896K->0K(960K), 0.0009562 secs] 6671K->6063K(10176K), 0.0011209 secs] [Times: user=0.00 sys=0.00, real=0.00 secs] 
2019-01-02T11:13:46.939+0530: 894.839: [GC (Allocation Failure) 2019-01-02T11:13:46.939+0530: 894.839: [DefNew
Desired survivor size 32768 bytes, new threshold 15 (max 15)
- age   3:        184 bytes,        184 total
- age   9:         16 bytes,        200 total
- age  15:         16 bytes,        216 total
: 896K->0K(960K), 0.0005337 secs] 6959K->6639K(10176K), 0.0006831 secs] [Times: user=0.00 sys=0.00, real=0.00 secs] 
2019-01-02T11:13:46.940+0530: 894.841: [GC (Allocation Failure) 2019-01-02T11:13:46.940+0530: 894.841: [DefNew
Desired survivor size 32768 bytes, new threshold 15 (max 15)
- age   1:         24 bytes,         24 total
- age   4:        184 bytes,        208 total
- age  10:         16 bytes,        224 total
: 497K->0K(960K), 0.0002554 secs] 7137K->6639K(10176K), 0.0003290 secs] [Times: user=0.00 sys=0.00, real=0.00 secs] 
2019-01-02T11:13:46.941+0530: 894.841: [GC (Allocation Failure) 2019-01-02T11:13:46.941+0530: 894.841: [DefNew
Desired survivor size 32768 bytes, new threshold 15 (max 15)
- age   2:         24 bytes,         24 total
- age   5:        184 bytes,        208 total
- age  11:         16 bytes,        224 total
: 510K->0K(960K), 0.0003119 secs] 7149K->7149K(10176K), 0.0003946 secs] [Times: user=0.00 sys=0.00, real=0.00 secs] 
2019-01-02T11:13:46.942+0530: 894.842: [GC (Allocation Failure) 2019-01-02T11:13:46.942+0530: 894.842: [DefNew
Desired survivor size 32768 bytes, new threshold 15 (max 15)
- age   1:         24 bytes,         24 total
- age   6:         72 bytes,         96 total
- age  12:         16 bytes,        112 total
: 527K->0K(960K), 0.0003136 secs] 7676K->7659K(10176K), 0.0003843 secs] [Times: user=0.00 sys=0.00, real=0.00 secs] 
2019-01-02T11:13:47.003+0530: 894.903: [GC (Allocation Failure) 2019-01-02T11:13:47.003+0530: 894.903: [DefNew
Desired survivor size 32768 bytes, new threshold 15 (max 15)
- age   1:        248 bytes,        248 total
- age   7:         16 bytes,        264 total
- age  13:         16 bytes,        280 total
: 881K->0K(960K), 0.0009482 secs] 8540K->7731K(10176K), 0.0011968 secs] [Times: user=0.00 sys=0.00, real=0.00 secs] 
2019-01-02T11:13:47.006+0530: 894.906: [GC (Allocation Failure) 2019-01-02T11:13:47.006+0530: 894.906: [DefNew
Desired survivor size 32768 bytes, new threshold 15 (max 15)
- age   1:         40 bytes,         40 total
- age   2:        184 bytes,        224 total
- age   8:         16 bytes,        240 total
- age  14:         16 bytes,        256 total
: 896K->0K(960K), 0.0004915 secs] 8627K->8019K(10176K), 0.0006677 secs] [Times: user=0.00 sys=0.00, real=0.00 secs] 
2019-01-02T11:13:47.008+0530: 894.908: [GC (Allocation Failure) 2019-01-02T11:13:47.008+0530: 894.908: [DefNew
Desired survivor size 32768 bytes, new threshold 15 (max 15)
- age   3:        184 bytes,        184 total
- age   9:         16 bytes,        200 total
- age  15:         16 bytes,        216 total
: 896K->0K(960K), 0.0004436 secs] 8915K->8595K(10176K), 0.0005645 secs] [Times: user=0.00 sys=0.00, real=0.00 secs] 
2019-01-02T11:13:47.010+0530: 894.910: [GC (Allocation Failure) 2019-01-02T11:13:47.010+0530: 894.910: [DefNew
Desired survivor size 32768 bytes, new threshold 15 (max 15)
- age   1:         24 bytes,         24 total
- age   4:        184 bytes,        208 total
- age  10:         16 bytes,        224 total
: 497K->0K(960K), 0.0002925 secs] 9093K->8595K(10176K), 0.0003655 secs] [Times: user=0.00 sys=0.00, real=0.00 secs] 
2019-01-02T11:13:47.010+0530: 894.911: [GC (Allocation Failure) 2019-01-02T11:13:47.010+0530: 894.911: [DefNew
Desired survivor size 32768 bytes, new threshold 15 (max 15)
- age   2:         24 bytes,         24 total
- age   5:        184 bytes,        208 total
- age  11:         16 bytes,        224 total
: 510K->0K(960K), 0.0003278 secs] 9105K->9105K(10176K), 0.0003980 secs] [Times: user=0.00 sys=0.00, real=0.00 secs] 
2019-01-02T11:13:47.011+0530: 894.911: [GC (Allocation Failure) 2019-01-02T11:13:47.011+0530: 894.911: [DefNew: 527K->527K(960K), 0.0002914 secs]2019-01-02T11:13:47.012+0530: 894.912: [Tenured: 9105K->1281K(9216K), 0.0064132 secs] 9632K->1281K(10176K), [Metaspace: 2520K->2520K(1056768K)], 0.0069018 secs] [Times: user=0.02 sys=0.00, real=0.01 secs] 
2019-01-02T11:13:47.073+0530: 894.973: [GC (Allocation Failure) 2019-01-02T11:13:47.073+0530: 894.974: [DefNew
Desired survivor size 32768 bytes, new threshold 15 (max 15)
- age   1:        248 bytes,        248 total
: 881K->0K(960K), 0.0009926 secs] 2163K->1864K(10176K), 0.0012144 secs] [Times: user=0.00 sys=0.00, real=0.00 secs] 
2019-01-02T11:13:47.076+0530: 894.976: [GC (Allocation Failure) 2019-01-02T11:13:47.076+0530: 894.976: [DefNew
Desired survivor size 32768 bytes, new threshold 15 (max 15)
- age   1:         40 bytes,         40 total
- age   2:        184 bytes,        224 total
: 896K->0K(960K), 0.0006169 secs] 2760K->2152K(10176K), 0.0008125 secs] [Times: user=0.00 sys=0.00, real=0.00 secs] 
2019-01-02T11:13:47.078+0530: 894.979: [GC (Allocation Failure) 2019-01-02T11:13:47.079+0530: 894.979: [DefNew
Desired survivor size 32768 bytes, new threshold 15 (max 15)
- age   3:        184 bytes,        184 total
: 896K->0K(960K), 0.0013399 secs] 3048K->2728K(10176K), 0.0016147 secs] [Times: user=0.00 sys=0.00, real=0.00 secs] 
2019-01-02T11:13:47.082+0530: 894.982: [GC (Allocation Failure) 2019-01-02T11:13:47.082+0530: 894.982: [DefNew
Desired survivor size 32768 bytes, new threshold 15 (max 15)
- age   1:         24 bytes,         24 total
- age   4:        184 bytes,        208 total
: 497K->0K(960K), 0.0005074 secs] 3225K->2728K(10176K), 0.0006289 secs] [Times: user=0.00 sys=0.00, real=0.00 secs] 
2019-01-02T11:13:47.083+0530: 894.983: [GC (Allocation Failure) 2019-01-02T11:13:47.083+0530: 894.983: [DefNew
Desired survivor size 32768 bytes, new threshold 15 (max 15)
- age   2:         24 bytes,         24 total
- age   5:        184 bytes,        208 total
: 510K->0K(960K), 0.0008364 secs] 3238K->3238K(10176K), 0.0009219 secs] [Times: user=0.00 sys=0.00, real=0.00 secs] 
2019-01-02T11:13:47.084+0530: 894.985: [GC (Allocation Failure) 2019-01-02T11:13:47.084+0530: 894.985: [DefNew
Desired survivor size 32768 bytes, new threshold 15 (max 15)
- age   1:         24 bytes,         24 total
- age   6:         72 bytes,         96 total
: 527K->0K(960K), 0.0003392 secs] 3765K->3747K(10176K), 0.0004134 secs] [Times: user=0.00 sys=0.00, real=0.00 secs] 
2019-01-02T11:13:47.144+0530: 895.044: [GC (Allocation Failure) 2019-01-02T11:13:47.144+0530: 895.045: [DefNew
Desired survivor size 32768 bytes, new threshold 15 (max 15)
- age   1:        248 bytes,        248 total
- age   7:         16 bytes,        264 total
: 881K->0K(960K), 0.0008524 secs] 4629K->3820K(10176K), 0.0011665 secs] [Times: user=0.00 sys=0.00, real=0.00 secs] 
2019-01-02T11:13:47.148+0530: 895.048: [GC (Allocation Failure) 2019-01-02T11:13:47.148+0530: 895.048: [DefNew
Desired survivor size 32768 bytes, new threshold 15 (max 15)
- age   1:         40 bytes,         40 total
- age   2:        184 bytes,        224 total
- age   8:         16 bytes,        240 total
: 896K->0K(960K), 0.0010919 secs] 4716K->4108K(10176K), 0.0013404 secs] [Times: user=0.00 sys=0.00, real=0.00 secs] 
2019-01-02T11:13:47.151+0530: 895.051: [GC (Allocation Failure) 2019-01-02T11:13:47.151+0530: 895.051: [DefNew
Desired survivor size 32768 bytes, new threshold 15 (max 15)
- age   3:        184 bytes,        184 total
- age   9:         16 bytes,        200 total
: 896K->0K(960K), 0.0013022 secs] 5004K->4684K(10176K), 0.0014722 secs] [Times: user=0.00 sys=0.00, real=0.00 secs] 
2019-01-02T11:13:47.153+0530: 895.054: [GC (Allocation Failure) 2019-01-02T11:13:47.153+0530: 895.054: [DefNew
Desired survivor size 32768 bytes, new threshold 15 (max 15)
- age   1:         24 bytes,         24 total
- age   4:        184 bytes,        208 total
- age  10:         16 bytes,        224 total
: 497K->0K(960K), 0.0002594 secs] 5181K->4684K(10176K), 0.0003296 secs] [Times: user=0.00 sys=0.00, real=0.00 secs] 
2019-01-02T11:13:47.154+0530: 895.054: [GC (Allocation Failure) 2019-01-02T11:13:47.154+0530: 895.054: [DefNew
Desired survivor size 32768 bytes, new threshold 15 (max 15)
- age   2:         24 bytes,         24 total
- age   5:        184 bytes,        208 total
- age  11:         16 bytes,        224 total
: 510K->0K(960K), 0.0003227 secs] 5194K->5194K(10176K), 0.0003997 secs] [Times: user=0.00 sys=0.00, real=0.00 secs] 
2019-01-02T11:13:47.155+0530: 895.055: [GC (Allocation Failure) 2019-01-02T11:13:47.155+0530: 895.055: [DefNew
Desired survivor size 32768 bytes, new threshold 15 (max 15)
- age   1:         24 bytes,         24 total
- age   6:         72 bytes,         96 total
- age  12:         16 bytes,        112 total
: 527K->0K(960K), 0.0003124 secs] 5721K->5703K(10176K), 0.0003854 secs] [Times: user=0.02 sys=0.00, real=0.00 secs] 
2019-01-02T11:13:47.216+0530: 895.116: [GC (Allocation Failure) 2019-01-02T11:13:47.216+0530: 895.116: [DefNew
Desired survivor size 32768 bytes, new threshold 15 (max 15)
- age   1:        248 bytes,        248 total
- age   7:         16 bytes,        264 total
- age  13:         16 bytes,        280 total
: 881K->0K(960K), 0.0006038 secs] 6585K->5776K(10176K), 0.0007589 secs] [Times: user=0.00 sys=0.00, real=0.00 secs] 
2019-01-02T11:13:47.218+0530: 895.118: [GC (Allocation Failure) 2019-01-02T11:13:47.218+0530: 895.118: [DefNew
Desired survivor size 32768 bytes, new threshold 15 (max 15)
- age   1:         40 bytes,         40 total
- age   2:        184 bytes,        224 total
- age   8:         16 bytes,        240 total
- age  14:         16 bytes,        256 total
: 896K->0K(960K), 0.0008359 secs] 6672K->6064K(10176K), 0.0010354 secs] [Times: user=0.00 sys=0.00, real=0.00 secs] 
2019-01-02T11:13:47.221+0530: 895.121: [GC (Allocation Failure) 2019-01-02T11:13:47.221+0530: 895.121: [DefNew
Desired survivor size 32768 bytes, new threshold 15 (max 15)
- age   3:        184 bytes,        184 total
- age   9:         16 bytes,        200 total
- age  15:         16 bytes,        216 total
: 896K->0K(960K), 0.0010149 secs] 6960K->6640K(10176K), 0.0014060 secs] [Times: user=0.00 sys=0.00, real=0.00 secs] 
2019-01-02T11:13:47.224+0530: 895.124: [GC (Allocation Failure) 2019-01-02T11:13:47.224+0530: 895.124: [DefNew
Desired survivor size 32768 bytes, new threshold 15 (max 15)
- age   1:         24 bytes,         24 total
- age   4:        184 bytes,        208 total
- age  10:         16 bytes,        224 total
: 497K->0K(960K), 0.0002634 secs] 7137K->6640K(10176K), 0.0003455 secs] [Times: user=0.00 sys=0.00, real=0.00 secs] 
2019-01-02T11:13:47.224+0530: 895.125: [GC (Allocation Failure) 2019-01-02T11:13:47.224+0530: 895.125: [DefNew
Desired survivor size 32768 bytes, new threshold 15 (max 15)
- age   2:         24 bytes,         24 total
- age   5:        184 bytes,        208 total
- age  11:         16 bytes,        224 total
: 510K->0K(960K), 0.0003273 secs] 7150K->7150K(10176K), 0.0003963 secs] [Times: user=0.00 sys=0.00, real=0.00 secs] 
2019-01-02T11:13:47.225+0530: 895.126: [GC (Allocation Failure) 2019-01-02T11:13:47.225+0530: 895.126: [DefNew
Desired survivor size 32768 bytes, new threshold 15 (max 15)
- age   1:         24 bytes,         24 total
- age   6:         72 bytes,         96 total
- age  12:         16 bytes,        112 total
: 527K->0K(960K), 0.0003278 secs] 7677K->7659K(10176K), 0.0003991 secs] [Times: user=0.00 sys=0.00, real=0.00 secs] 
2019-01-02T11:13:47.286+0530: 895.186: [GC (Allocation Failure) 2019-01-02T11:13:47.286+0530: 895.186: [DefNew
Desired survivor size 32768 bytes, new threshold 15 (max 15)
- age   1:        248 bytes,        248 total
- age   7:         16 bytes,        264 total
- age  13:         16 bytes,        280 total
: 881K->0K(960K), 0.0006386 secs] 8541K->7732K(10176K), 0.0008347 secs] [Times: user=0.00 sys=0.00, real=0.00 secs] 
2019-01-02T11:13:47.288+0530: 895.188: [GC (Allocation Failure) 2019-01-02T11:13:47.288+0530: 895.189: [DefNew
Desired survivor size 32768 bytes, new threshold 15 (max 15)
- age   1:         40 bytes,         40 total
- age   2:        184 bytes,        224 total
- age   8:         16 bytes,        240 total
- age  14:         16 bytes,        256 total
: 896K->0K(960K), 0.0010354 secs] 8628K->8020K(10176K), 0.0013251 secs] [Times: user=0.00 sys=0.00, real=0.00 secs] 
2019-01-02T11:13:47.291+0530: 895.191: [GC (Allocation Failure) 2019-01-02T11:13:47.291+0530: 895.192: [DefNew
Desired survivor size 32768 bytes, new threshold 15 (max 15)
- age   3:        184 bytes,        184 total
- age   9:         16 bytes,        200 total
- age  15:         16 bytes,        216 total
: 896K->0K(960K), 0.0004356 secs] 8916K->8596K(10176K), 0.0005359 secs] [Times: user=0.00 sys=0.00, real=0.00 secs] 
2019-01-02T11:13:47.293+0530: 895.193: [GC (Allocation Failure) 2019-01-02T11:13:47.293+0530: 895.193: [DefNew
Desired survivor size 32768 bytes, new threshold 15 (max 15)
- age   1:         24 bytes,         24 total
- age   4:        184 bytes,        208 total
- age  10:         16 bytes,        224 total
: 497K->0K(960K), 0.0002417 secs] 9093K->8596K(10176K), 0.0003119 secs] [Times: user=0.00 sys=0.00, real=0.00 secs] 
2019-01-02T11:13:47.294+0530: 895.194: [GC (Allocation Failure) 2019-01-02T11:13:47.294+0530: 895.194: [DefNew
Desired survivor size 32768 bytes, new threshold 15 (max 15)
- age   2:         24 bytes,         24 total
- age   5:        184 bytes,        208 total
- age  11:         16 bytes,        224 total
: 510K->0K(960K), 0.0003136 secs] 9106K->9106K(10176K), 0.0003883 secs] [Times: user=0.00 sys=0.00, real=0.00 secs] 
2019-01-02T11:13:47.294+0530: 895.195: [GC (Allocation Failure) 2019-01-02T11:13:47.294+0530: 895.195: [DefNew: 527K->527K(960K), 0.0000279 secs]2019-01-02T11:13:47.294+0530: 895.195: [Tenured: 9105K->1282K(9216K), 0.0061030 secs] 9633K->1282K(10176K), [Metaspace: 2520K->2520K(1056768K)], 0.0063339 secs] [Times: user=0.01 sys=0.00, real=0.01 secs] 
2019-01-02T11:13:47.359+0530: 895.260: [GC (Allocation Failure) 2019-01-02T11:13:47.359+0530: 895.260: [DefNew
Desired survivor size 32768 bytes, new threshold 15 (max 15)
- age   1:        248 bytes,        248 total
: 881K->0K(960K), 0.0016774 secs] 2163K->1864K(10176K), 0.0020811 secs] [Times: user=0.00 sys=0.00, real=0.00 secs] 
2019-01-02T11:13:47.363+0530: 895.263: [GC (Allocation Failure) 2019-01-02T11:13:47.363+0530: 895.264: [DefNew
Desired survivor size 32768 bytes, new threshold 15 (max 15)
- age   1:         40 bytes,         40 total
- age   2:        184 bytes,        224 total
: 896K->0K(960K), 0.0012532 secs] 2760K->2152K(10176K), 0.0016746 secs] [Times: user=0.00 sys=0.00, real=0.00 secs] 
2019-01-02T11:13:47.366+0530: 895.267: [GC (Allocation Failure) 2019-01-02T11:13:47.366+0530: 895.267: [DefNew
Desired survivor size 32768 bytes, new threshold 15 (max 15)
- age   3:        184 bytes,        184 total
: 896K->0K(960K), 0.0014322 secs] 3048K->2728K(10176K), 0.0016061 secs] [Times: user=0.00 sys=0.00, real=0.00 secs] 
2019-01-02T11:13:47.369+0530: 895.270: [GC (Allocation Failure) 2019-01-02T11:13:47.369+0530: 895.270: [DefNew
Desired survivor size 32768 bytes, new threshold 15 (max 15)
- age   1:         24 bytes,         24 total
- age   4:        184 bytes,        208 total
: 497K->0K(960K), 0.0008792 secs] 3226K->2728K(10176K), 0.0009904 secs] [Times: user=0.00 sys=0.00, real=0.00 secs] 
2019-01-02T11:13:47.371+0530: 895.271: [GC (Allocation Failure) 2019-01-02T11:13:47.371+0530: 895.272: [DefNew
Desired survivor size 32768 bytes, new threshold 15 (max 15)
- age   2:         24 bytes,         24 total
- age   5:        184 bytes,        208 total
: 510K->0K(960K), 0.0011266 secs] 3238K->3238K(10176K), 0.0012521 secs] [Times: user=0.00 sys=0.00, real=0.00 secs] 
2019-01-02T11:13:47.373+0530: 895.273: [GC (Allocation Failure) 2019-01-02T11:13:47.373+0530: 895.273: [DefNew
Desired survivor size 32768 bytes, new threshold 15 (max 15)
- age   1:         24 bytes,         24 total
- age   6:         72 bytes,         96 total
: 527K->0K(960K), 0.0003250 secs] 3766K->3748K(10176K), 0.0003991 secs] [Times: user=0.00 sys=0.00, real=0.00 secs] 
2019-01-02T11:13:47.434+0530: 895.334: [GC (Allocation Failure) 2019-01-02T11:13:47.434+0530: 895.334: [DefNew
Desired survivor size 32768 bytes, new threshold 15 (max 15)
- age   1:        248 bytes,        248 total
- age   7:         16 bytes,        264 total
: 881K->0K(960K), 0.0006369 secs] 4629K->3820K(10176K), 0.0010314 secs] [Times: user=0.00 sys=0.00, real=0.00 secs] 
2019-01-02T11:13:47.436+0530: 895.336: [GC (Allocation Failure) 2019-01-02T11:13:47.436+0530: 895.336: [DefNew
Desired survivor size 32768 bytes, new threshold 15 (max 15)
- age   1:         40 bytes,         40 total
- age   2:        184 bytes,        224 total
- age   8:         16 bytes,        240 total
: 896K->0K(960K), 0.0005975 secs] 4716K->4108K(10176K), 0.0007446 secs] [Times: user=0.00 sys=0.00, real=0.00 secs] 
2019-01-02T11:13:47.438+0530: 895.339: [GC (Allocation Failure) 2019-01-02T11:13:47.438+0530: 895.339: [DefNew
Desired survivor size 32768 bytes, new threshold 15 (max 15)
- age   3:        184 bytes,        184 total
- age   9:         16 bytes,        200 total
: 896K->0K(960K), 0.0007731 secs] 5004K->4684K(10176K), 0.0009191 secs] [Times: user=0.00 sys=0.00, real=0.00 secs] 
2019-01-02T11:13:47.440+0530: 895.341: [GC (Allocation Failure) 2019-01-02T11:13:47.440+0530: 895.341: [DefNew
Desired survivor size 32768 bytes, new threshold 15 (max 15)
- age   1:         24 bytes,         24 total
- age   4:        184 bytes,        208 total
- age  10:         16 bytes,        224 total
: 497K->0K(960K), 0.0003233 secs] 5182K->4684K(10176K), 0.0004259 secs] [Times: user=0.00 sys=0.00, real=0.00 secs] 
2019-01-02T11:13:47.441+0530: 895.342: [GC (Allocation Failure) 2019-01-02T11:13:47.441+0530: 895.342: [DefNew
Desired survivor size 32768 bytes, new threshold 15 (max 15)
- age   2:         24 bytes,         24 total
- age   5:        184 bytes,        208 total
- age  11:         16 bytes,        224 total
: 510K->0K(960K), 0.0003284 secs] 5194K->5194K(10176K), 0.0003985 secs] [Times: user=0.00 sys=0.00, real=0.00 secs] 
2019-01-02T11:13:47.442+0530: 895.342: [GC (Allocation Failure) 2019-01-02T11:13:47.442+0530: 895.342: [DefNew
Desired survivor size 32768 bytes, new threshold 15 (max 15)
- age   1:         24 bytes,         24 total
- age   6:         72 bytes,         96 total
- age  12:         16 bytes,        112 total
: 527K->0K(960K), 0.0003079 secs] 5722K->5704K(10176K), 0.0003780 secs] [Times: user=0.00 sys=0.00, real=0.00 secs] 
2019-01-02T11:13:47.502+0530: 895.402: [GC (Allocation Failure) 2019-01-02T11:13:47.502+0530: 895.402: [DefNew
Desired survivor size 32768 bytes, new threshold 15 (max 15)
- age   1:        248 bytes,        248 total
- age   7:         16 bytes,        264 total
- age  13:         16 bytes,        280 total
: 881K->0K(960K), 0.0007959 secs] 6585K->5776K(10176K), 0.0009408 secs] [Times: user=0.00 sys=0.00, real=0.00 secs] 
2019-01-02T11:13:47.505+0530: 895.405: [GC (Allocation Failure) 2019-01-02T11:13:47.505+0530: 895.405: [DefNew
Desired survivor size 32768 bytes, new threshold 15 (max 15)
- age   1:         40 bytes,         40 total
- age   2:        184 bytes,        224 total
- age   8:         16 bytes,        240 total
- age  14:         16 bytes,        256 total
: 896K->0K(960K), 0.0010149 secs] 6672K->6064K(10176K), 0.0012036 secs] [Times: user=0.00 sys=0.00, real=0.00 secs] 
2019-01-02T11:13:47.507+0530: 895.408: [GC (Allocation Failure) 2019-01-02T11:13:47.508+0530: 895.408: [DefNew
Desired survivor size 32768 bytes, new threshold 15 (max 15)
- age   3:        184 bytes,        184 total
- age   9:         16 bytes,        200 total
- age  15:         16 bytes,        216 total
: 896K->0K(960K), 0.0010035 secs] 6960K->6640K(10176K), 0.0012053 secs] [Times: user=0.00 sys=0.00, real=0.00 secs] 
2019-01-02T11:13:47.510+0530: 895.410: [GC (Allocation Failure) 2019-01-02T11:13:47.510+0530: 895.410: [DefNew
Desired survivor size 32768 bytes, new threshold 15 (max 15)
- age   1:         24 bytes,         24 total
- age   4:        184 bytes,        208 total
- age  10:         16 bytes,        224 total
: 497K->0K(960K), 0.0002760 secs] 7138K->6640K(10176K), 0.0003689 secs] [Times: user=0.00 sys=0.00, real=0.00 secs] 
2019-01-02T11:13:47.511+0530: 895.411: [GC (Allocation Failure) 2019-01-02T11:13:47.511+0530: 895.411: [DefNew
Desired survivor size 32768 bytes, new threshold 15 (max 15)
- age   2:         24 bytes,         24 total
- age   5:        184 bytes,        208 total
- age  11:         16 bytes,        224 total
: 510K->0K(960K), 0.0003615 secs] 7150K->7150K(10176K), 0.0004413 secs] [Times: user=0.00 sys=0.00, real=0.00 secs] 
2019-01-02T11:13:47.512+0530: 895.412: [GC (Allocation Failure) 2019-01-02T11:13:47.512+0530: 895.412: [DefNew
Desired survivor size 32768 bytes, new threshold 15 (max 15)
- age   1:         24 bytes,         24 total
- age   6:         72 bytes,         96 total
- age  12:         16 bytes,        112 total
: 527K->0K(960K), 0.0003290 secs] 7678K->7660K(10176K), 0.0004008 secs] [Times: user=0.00 sys=0.00, real=0.00 secs] 
2019-01-02T11:13:47.576+0530: 895.476: [GC (Allocation Failure) 2019-01-02T11:13:47.576+0530: 895.476: [DefNew
Desired survivor size 32768 bytes, new threshold 15 (max 15)
- age   1:        248 bytes,        248 total
- age   7:         16 bytes,        264 total
- age  13:         16 bytes,        280 total
: 881K->0K(960K), 0.0012618 secs] 8541K->7732K(10176K), 0.0014682 secs] [Times: user=0.01 sys=0.00, real=0.00 secs] 
2019-01-02T11:13:47.579+0530: 895.479: [GC (Allocation Failure) 2019-01-02T11:13:47.579+0530: 895.480: [DefNew
Desired survivor size 32768 bytes, new threshold 15 (max 15)
- age   1:         40 bytes,         40 total
- age   2:        184 bytes,        224 total
- age   8:         16 bytes,        240 total
- age  14:         16 bytes,        256 total
: 896K->0K(960K), 0.0011158 secs] 8628K->8020K(10176K), 0.0013199 secs] [Times: user=0.00 sys=0.00, real=0.00 secs] 
2019-01-02T11:13:47.582+0530: 895.482: [GC (Allocation Failure) 2019-01-02T11:13:47.582+0530: 895.482: [DefNew
Desired survivor size 32768 bytes, new threshold 15 (max 15)
- age   3:        184 bytes,        184 total
- age   9:         16 bytes,        200 total
- age  15:         16 bytes,        216 total
: 896K->0K(960K), 0.0007218 secs] 8916K->8596K(10176K), 0.0008689 secs] [Times: user=0.00 sys=0.00, real=0.00 secs] 
2019-01-02T11:13:47.584+0530: 895.484: [GC (Allocation Failure) 2019-01-02T11:13:47.584+0530: 895.484: [DefNew
Desired survivor size 32768 bytes, new threshold 15 (max 15)
- age   1:         24 bytes,         24 total
- age   4:        184 bytes,        208 total
- age  10:         16 bytes,        224 total
: 497K->0K(960K), 0.0006545 secs] 9094K->8596K(10176K), 0.0007640 secs] [Times: user=0.00 sys=0.00, real=0.00 secs] 
2019-01-02T11:13:47.586+0530: 895.486: [GC (Allocation Failure) 2019-01-02T11:13:47.586+0530: 895.486: [DefNew
Desired survivor size 32768 bytes, new threshold 15 (max 15)
- age   2:         24 bytes,         24 total
- age   5:        184 bytes,        208 total
- age  11:         16 bytes,        224 total
: 510K->0K(960K), 0.0003427 secs] 9106K->9106K(10176K), 0.0004156 secs] [Times: user=0.00 sys=0.00, real=0.00 secs] 
2019-01-02T11:13:47.586+0530: 895.487: [GC (Allocation Failure) 2019-01-02T11:13:47.586+0530: 895.487: [DefNew: 527K->527K(960K), 0.0000251 secs]2019-01-02T11:13:47.586+0530: 895.487: [Tenured: 9106K->1282K(9216K), 0.0049929 secs] 9634K->1282K(10176K), [Metaspace: 2520K->2520K(1056768K)], 0.0051417 secs] [Times: user=0.00 sys=0.00, real=0.01 secs] 
2019-01-02T11:13:47.649+0530: 895.550: [GC (Allocation Failure) 2019-01-02T11:13:47.649+0530: 895.550: [DefNew
Desired survivor size 32768 bytes, new threshold 15 (max 15)
- age   1:        248 bytes,        248 total
: 881K->0K(960K), 0.0012008 secs] 2163K->1864K(10176K), 0.0014739 secs] [Times: user=0.00 sys=0.00, real=0.00 secs] 
2019-01-02T11:13:47.653+0530: 895.553: [GC (Allocation Failure) 2019-01-02T11:13:47.653+0530: 895.553: [DefNew
Desired survivor size 32768 bytes, new threshold 15 (max 15)
- age   1:         40 bytes,         40 total
- age   2:        184 bytes,        224 total
: 896K->0K(960K), 0.0006312 secs] 2760K->2152K(10176K), 0.0007783 secs] [Times: user=0.00 sys=0.00, real=0.00 secs] 
2019-01-02T11:13:47.655+0530: 895.555: [GC (Allocation Failure) 2019-01-02T11:13:47.655+0530: 895.555: [DefNew
Desired survivor size 32768 bytes, new threshold 15 (max 15)
- age   3:        184 bytes,        184 total
: 896K->0K(960K), 0.0009761 secs] 3048K->2728K(10176K), 0.0011306 secs] [Times: user=0.00 sys=0.00, real=0.00 secs] 
2019-01-02T11:13:47.658+0530: 895.558: [GC (Allocation Failure) 2019-01-02T11:13:47.658+0530: 895.558: [DefNew
Desired survivor size 32768 bytes, new threshold 15 (max 15)
- age   1:         24 bytes,         24 total
- age   4:        184 bytes,        208 total
: 497K->0K(960K), 0.0002417 secs] 3226K->2728K(10176K), 0.0003045 secs] [Times: user=0.00 sys=0.00, real=0.00 secs] 
2019-01-02T11:13:47.658+0530: 895.559: [GC (Allocation Failure) 2019-01-02T11:13:47.658+0530: 895.559: [DefNew
Desired survivor size 32768 bytes, new threshold 15 (max 15)
- age   2:         24 bytes,         24 total
- age   5:        184 bytes,        208 total
: 510K->0K(960K), 0.0003016 secs] 3238K->3238K(10176K), 0.0003603 secs] [Times: user=0.00 sys=0.00, real=0.00 secs] 
2019-01-02T11:13:47.659+0530: 895.559: [GC (Allocation Failure) 2019-01-02T11:13:47.659+0530: 895.559: [DefNew
Desired survivor size 32768 bytes, new threshold 15 (max 15)
- age   1:         24 bytes,         24 total
- age   6:         72 bytes,         96 total
: 527K->0K(960K), 0.0002896 secs] 3766K->3748K(10176K), 0.0003427 secs] [Times: user=0.00 sys=0.00, real=0.00 secs] 
2019-01-02T11:13:47.721+0530: 895.621: [GC (Allocation Failure) 2019-01-02T11:13:47.721+0530: 895.621: [DefNew
Desired survivor size 32768 bytes, new threshold 15 (max 15)
- age   1:        248 bytes,        248 total
- age   7:         16 bytes,        264 total
: 881K->0K(960K), 0.0010434 secs] 4630K->3820K(10176K), 0.0012395 secs] [Times: user=0.00 sys=0.00, real=0.00 secs] 
2019-01-02T11:13:47.725+0530: 895.626: [GC (Allocation Failure) 2019-01-02T11:13:47.725+0530: 895.626: [DefNew
Desired survivor size 32768 bytes, new threshold 15 (max 15)
- age   1:         40 bytes,         40 total
- age   2:        184 bytes,        224 total
- age   8:         16 bytes,        240 total
: 896K->0K(960K), 0.0012293 secs] 4716K->4108K(10176K), 0.0016198 secs] [Times: user=0.00 sys=0.00, real=0.00 secs] 
2019-01-02T11:13:47.729+0530: 895.629: [GC (Allocation Failure) 2019-01-02T11:13:47.729+0530: 895.629: [DefNew
Desired survivor size 32768 bytes, new threshold 15 (max 15)
- age   3:        184 bytes,        184 total
- age   9:         16 bytes,        200 total
: 896K->0K(960K), 0.0004955 secs] 5004K->4684K(10176K), 0.0006129 secs] [Times: user=0.00 sys=0.00, real=0.00 secs] 
2019-01-02T11:13:47.731+0530: 895.631: [GC (Allocation Failure) 2019-01-02T11:13:47.731+0530: 895.631: [DefNew
Desired survivor size 32768 bytes, new threshold 15 (max 15)
- age   1:         24 bytes,         24 total
- age   4:        184 bytes,        208 total
- age  10:         16 bytes,        224 total
: 497K->0K(960K), 0.0002600 secs] 5182K->4684K(10176K), 0.0003375 secs] [Times: user=0.00 sys=0.00, real=0.00 secs] 
2019-01-02T11:13:47.731+0530: 895.632: [GC (Allocation Failure) 2019-01-02T11:13:47.731+0530: 895.632: [DefNew
Desired survivor size 32768 bytes, new threshold 15 (max 15)
- age   2:         24 bytes,         24 total
- age   5:        184 bytes,        208 total
- age  11:         16 bytes,        224 total
: 510K->0K(960K), 0.0003603 secs] 5195K->5195K(10176K), 0.0004419 secs] [Times: user=0.00 sys=0.00, real=0.00 secs] 
2019-01-02T11:13:47.732+0530: 895.632: [GC (Allocation Failure) 2019-01-02T11:13:47.732+0530: 895.632: [DefNew
Desired survivor size 32768 bytes, new threshold 15 (max 15)
- age   1:         24 bytes,         24 total
- age   6:         72 bytes,         96 total
- age  12:         16 bytes,        112 total
: 527K->0K(960K), 0.0008723 secs] 5722K->5705K(10176K), 0.0010291 secs] [Times: user=0.02 sys=0.00, real=0.00 secs] 
2019-01-02T11:13:47.787+0530: 895.687: [GC (Allocation Failure) 2019-01-02T11:13:47.787+0530: 895.688: [DefNew
Desired survivor size 32768 bytes, new threshold 15 (max 15)
- age   1:        248 bytes,        248 total
- age   7:         16 bytes,        264 total
- age  13:         16 bytes,        280 total
: 881K->0K(960K), 0.0007634 secs] 6586K->5777K(10176K), 0.0009322 secs] [Times: user=0.00 sys=0.00, real=0.00 secs] 
2019-01-02T11:13:47.790+0530: 895.690: [GC (Allocation Failure) 2019-01-02T11:13:47.790+0530: 895.690: [DefNew
Desired survivor size 32768 bytes, new threshold 15 (max 15)
- age   1:         40 bytes,         40 total
- age   2:        184 bytes,        224 total
- age   8:         16 bytes,        240 total
- age  14:         16 bytes,        256 total
: 896K->0K(960K), 0.0009248 secs] 6673K->6065K(10176K), 0.0011443 secs] [Times: user=0.00 sys=0.00, real=0.00 secs] 
2019-01-02T11:13:47.793+0530: 895.693: [GC (Allocation Failure) 2019-01-02T11:13:47.793+0530: 895.693: [DefNew
Desired survivor size 32768 bytes, new threshold 15 (max 15)
- age   3:        184 bytes,        184 total
- age   9:         16 bytes,        200 total
- age  15:         16 bytes,        216 total
: 896K->0K(960K), 0.0011711 secs] 6961K->6641K(10176K), 0.0013342 secs] [Times: user=0.00 sys=0.00, real=0.00 secs] 
2019-01-02T11:13:47.795+0530: 895.696: [GC (Allocation Failure) 2019-01-02T11:13:47.795+0530: 895.696: [DefNew
Desired survivor size 32768 bytes, new threshold 15 (max 15)
- age   1:         24 bytes,         24 total
- age   4:        184 bytes,        208 total
- age  10:         16 bytes,        224 total
: 497K->0K(960K), 0.0002486 secs] 7138K->6641K(10176K), 0.0003273 secs] [Times: user=0.00 sys=0.00, real=0.00 secs] 
2019-01-02T11:13:47.796+0530: 895.696: [GC (Allocation Failure) 2019-01-02T11:13:47.796+0530: 895.696: [DefNew
Desired survivor size 32768 bytes, new threshold 15 (max 15)
- age   2:         24 bytes,         24 total
- age   5:        184 bytes,        208 total
- age  11:         16 bytes,        224 total
: 510K->0K(960K), 0.0003296 secs] 7151K->7151K(10176K), 0.0003991 secs] [Times: user=0.00 sys=0.00, real=0.00 secs] 
2019-01-02T11:13:47.797+0530: 895.697: [GC (Allocation Failure) 2019-01-02T11:13:47.797+0530: 895.697: [DefNew
Desired survivor size 32768 bytes, new threshold 15 (max 15)
- age   1:         24 bytes,         24 total
- age   6:         72 bytes,         96 total
- age  12:         16 bytes,        112 total
: 527K->0K(960K), 0.0003136 secs] 7679K->7661K(10176K), 0.0003837 secs] [Times: user=0.00 sys=0.00, real=0.00 secs] 
2019-01-02T11:13:47.855+0530: 895.755: [GC (Allocation Failure) 2019-01-02T11:13:47.855+0530: 895.755: [DefNew
Desired survivor size 32768 bytes, new threshold 15 (max 15)
- age   1:        248 bytes,        248 total
- age   7:         16 bytes,        264 total
- age  13:         16 bytes,        280 total
: 881K->0K(960K), 0.0006089 secs] 8542K->7733K(10176K), 0.0007726 secs] [Times: user=0.00 sys=0.00, real=0.00 secs] 
2019-01-02T11:13:47.857+0530: 895.757: [GC (Allocation Failure) 2019-01-02T11:13:47.857+0530: 895.757: [DefNew
Desired survivor size 32768 bytes, new threshold 15 (max 15)
- age   1:         40 bytes,         40 total
- age   2:        184 bytes,        224 total
- age   8:         16 bytes,        240 total
- age  14:         16 bytes,        256 total
: 896K->0K(960K), 0.0008079 secs] 8629K->8021K(10176K), 0.0009824 secs] [Times: user=0.02 sys=0.00, real=0.00 secs] 
2019-01-02T11:13:47.859+0530: 895.760: [GC (Allocation Failure) 2019-01-02T11:13:47.859+0530: 895.760: [DefNew
Desired survivor size 32768 bytes, new threshold 15 (max 15)
- age   3:        184 bytes,        184 total
- age   9:         16 bytes,        200 total
- age  15:         16 bytes,        216 total
: 896K->0K(960K), 0.0011854 secs] 8917K->8597K(10176K), 0.0013741 secs] [Times: user=0.00 sys=0.00, real=0.00 secs] 
2019-01-02T11:13:47.862+0530: 895.762: [GC (Allocation Failure) 2019-01-02T11:13:47.862+0530: 895.762: [DefNew
Desired survivor size 32768 bytes, new threshold 15 (max 15)
- age   1:         24 bytes,         24 total
- age   4:        184 bytes,        208 total
- age  10:         16 bytes,        224 total
: 497K->0K(960K), 0.0006089 secs] 9095K->8597K(10176K), 0.0007828 secs] [Times: user=0.00 sys=0.00, real=0.00 secs] 
2019-01-02T11:13:47.864+0530: 895.764: [GC (Allocation Failure) 2019-01-02T11:13:47.864+0530: 895.764: [DefNew
Desired survivor size 32768 bytes, new threshold 15 (max 15)
- age   2:         24 bytes,         24 total
- age   5:        184 bytes,        208 total
- age  11:         16 bytes,        224 total
: 510K->0K(960K), 0.0011591 secs] 9107K->9107K(10176K), 0.0012908 secs] [Times: user=0.00 sys=0.00, real=0.00 secs] 
2019-01-02T11:13:47.866+0530: 895.766: [GC (Allocation Failure) 2019-01-02T11:13:47.866+0530: 895.766: [DefNew: 528K->528K(960K), 0.0000582 secs]2019-01-02T11:13:47.866+0530: 895.766: [Tenured: 9107K->1282K(9216K), 0.0068168 secs] 9635K->1282K(10176K), [Metaspace: 2520K->2520K(1056768K)], 0.0071373 secs] [Times: user=0.01 sys=0.00, real=0.01 secs] 
2019-01-02T11:13:47.931+0530: 895.832: [GC (Allocation Failure) 2019-01-02T11:13:47.932+0530: 895.832: [DefNew
Desired survivor size 32768 bytes, new threshold 15 (max 15)
- age   1:        248 bytes,        248 total
: 881K->0K(960K), 0.0033525 secs] 2163K->1864K(10176K), 0.0035384 secs] [Times: user=0.00 sys=0.00, real=0.00 secs] 
2019-01-02T11:13:47.938+0530: 895.838: [GC (Allocation Failure) 2019-01-02T11:13:47.938+0530: 895.838: [DefNew
Desired survivor size 32768 bytes, new threshold 15 (max 15)
- age   1:         40 bytes,         40 total
- age   2:        184 bytes,        224 total
: 896K->0K(960K), 0.0008980 secs] 2760K->2152K(10176K), 0.0010485 secs] [Times: user=0.00 sys=0.00, real=0.00 secs] 
2019-01-02T11:13:47.940+0530: 895.841: [GC (Allocation Failure) 2019-01-02T11:13:47.940+0530: 895.841: [DefNew
Desired survivor size 32768 bytes, new threshold 15 (max 15)
- age   3:        184 bytes,        184 total
: 896K->0K(960K), 0.0013570 secs] 3048K->2728K(10176K), 0.0015674 secs] [Times: user=0.00 sys=0.00, real=0.00 secs] 
2019-01-02T11:13:47.943+0530: 895.843: [GC (Allocation Failure) 2019-01-02T11:13:47.943+0530: 895.844: [DefNew
Desired survivor size 32768 bytes, new threshold 15 (max 15)
- age   1:         24 bytes,         24 total
- age   4:        184 bytes,        208 total
: 497K->0K(960K), 0.0003421 secs] 3226K->2728K(10176K), 0.0004367 secs] [Times: user=0.00 sys=0.00, real=0.00 secs] 
2019-01-02T11:13:47.944+0530: 895.844: [GC (Allocation Failure) 2019-01-02T11:13:47.944+0530: 895.844: [DefNew
Desired survivor size 32768 bytes, new threshold 15 (max 15)
- age   2:         24 bytes,         24 total
- age   5:        184 bytes,        208 total
: 510K->0K(960K), 0.0003529 secs] 3239K->3239K(10176K), 0.0004105 secs] [Times: user=0.00 sys=0.00, real=0.00 secs] 
2019-01-02T11:13:47.945+0530: 895.845: [GC (Allocation Failure) 2019-01-02T11:13:47.945+0530: 895.845: [DefNew
Desired survivor size 32768 bytes, new threshold 15 (max 15)
- age   1:         24 bytes,         24 total
- age   6:         72 bytes,         96 total
: 528K->0K(960K), 0.0003045 secs] 3766K->3749K(10176K), 0.0003575 secs] [Times: user=0.00 sys=0.00, real=0.00 secs] 
2019-01-02T11:13:48.002+0530: 895.902: [GC (Allocation Failure) 2019-01-02T11:13:48.002+0530: 895.902: [DefNew
Desired survivor size 32768 bytes, new threshold 15 (max 15)
- age   1:        248 bytes,        248 total
- age   7:         16 bytes,        264 total
: 881K->0K(960K), 0.0008284 secs] 4630K->3821K(10176K), 0.0011415 secs] [Times: user=0.00 sys=0.00, real=0.00 secs] 
2019-01-02T11:13:48.005+0530: 895.905: [GC (Allocation Failure) 2019-01-02T11:13:48.005+0530: 895.906: [DefNew
Desired survivor size 32768 bytes, new threshold 15 (max 15)
- age   1:         40 bytes,         40 total
- age   2:        184 bytes,        224 total
- age   8:         16 bytes,        240 total
: 896K->0K(960K), 0.0006072 secs] 4717K->4109K(10176K), 0.0007811 secs] [Times: user=0.00 sys=0.00, real=0.00 secs] 
2019-01-02T11:13:48.007+0530: 895.908: [GC (Allocation Failure) 2019-01-02T11:13:48.007+0530: 895.908: [DefNew
Desired survivor size 32768 bytes, new threshold 15 (max 15)
- age   3:        184 bytes,        184 total
- age   9:         16 bytes,        200 total
: 896K->0K(960K), 0.0011169 secs] 5005K->4685K(10176K), 0.0012811 secs] [Times: user=0.00 sys=0.00, real=0.00 secs] 
2019-01-02T11:13:48.010+0530: 895.910: [GC (Allocation Failure) 2019-01-02T11:13:48.010+0530: 895.910: [DefNew
Desired survivor size 32768 bytes, new threshold 15 (max 15)
- age   1:         24 bytes,         24 total
- age   4:        184 bytes,        208 total
- age  10:         16 bytes,        224 total
: 497K->0K(960K), 0.0003250 secs] 5183K->4685K(10176K), 0.0004447 secs] [Times: user=0.00 sys=0.00, real=0.00 secs] 
2019-01-02T11:13:48.011+0530: 895.911: [GC (Allocation Failure) 2019-01-02T11:13:48.011+0530: 895.911: [DefNew
Desired survivor size 32768 bytes, new threshold 15 (max 15)
- age   2:         24 bytes,         24 total
- age   5:        184 bytes,        208 total
- age  11:         16 bytes,        224 total
: 510K->0K(960K), 0.0003267 secs] 5195K->5195K(10176K), 0.0003826 secs] [Times: user=0.00 sys=0.00, real=0.00 secs] 
2019-01-02T11:13:48.011+0530: 895.912: [GC (Allocation Failure) 2019-01-02T11:13:48.011+0530: 895.912: [DefNew
Desired survivor size 32768 bytes, new threshold 15 (max 15)
- age   1:         24 bytes,         24 total
- age   6:         72 bytes,         96 total
- age  12:         16 bytes,        112 total
: 528K->0K(960K), 0.0002959 secs] 5723K->5705K(10176K), 0.0003449 secs] [Times: user=0.00 sys=0.00, real=0.00 secs] 
2019-01-02T11:13:48.070+0530: 895.971: [GC (Allocation Failure) 2019-01-02T11:13:48.070+0530: 895.971: [DefNew
Desired survivor size 32768 bytes, new threshold 15 (max 15)
- age   1:        248 bytes,        248 total
- age   7:         16 bytes,        264 total
- age  13:         16 bytes,        280 total
: 881K->0K(960K), 0.0009744 secs] 6587K->5777K(10176K), 0.0012395 secs] [Times: user=0.00 sys=0.00, real=0.00 secs] 
2019-01-02T11:13:48.073+0530: 895.973: [GC (Allocation Failure) 2019-01-02T11:13:48.073+0530: 895.973: [DefNew
Desired survivor size 32768 bytes, new threshold 15 (max 15)
- age   1:         40 bytes,         40 total
- age   2:        184 bytes,        224 total
- age   8:         16 bytes,        240 total
- age  14:         16 bytes,        256 total
: 896K->0K(960K), 0.0010172 secs] 6673K->6065K(10176K), 0.0012412 secs] [Times: user=0.00 sys=0.00, real=0.00 secs] 
2019-01-02T11:13:48.076+0530: 895.976: [GC (Allocation Failure) 2019-01-02T11:13:48.076+0530: 895.976: [DefNew
Desired survivor size 32768 bytes, new threshold 15 (max 15)
- age   3:        184 bytes,        184 total
- age   9:         16 bytes,        200 total
- age  15:         16 bytes,        216 total
: 896K->0K(960K), 0.0009356 secs] 6961K->6641K(10176K), 0.0011432 secs] [Times: user=0.00 sys=0.00, real=0.00 secs] 
2019-01-02T11:13:48.078+0530: 895.979: [GC (Allocation Failure) 2019-01-02T11:13:48.078+0530: 895.979: [DefNew
Desired survivor size 32768 bytes, new threshold 15 (max 15)
- age   1:         24 bytes,         24 total
- age   4:        184 bytes,        208 total
- age  10:         16 bytes,        224 total
: 497K->0K(960K), 0.0002839 secs] 7139K->6641K(10176K), 0.0003695 secs] [Times: user=0.00 sys=0.00, real=0.00 secs] 
2019-01-02T11:13:48.079+0530: 895.979: [GC (Allocation Failure) 2019-01-02T11:13:48.079+0530: 895.979: [DefNew
Desired survivor size 32768 bytes, new threshold 15 (max 15)
- age   2:         24 bytes,         24 total
- age   5:        184 bytes,        208 total
- age  11:         16 bytes,        224 total
: 510K->0K(960K), 0.0003854 secs] 7152K->7152K(10176K), 0.0004641 secs] [Times: user=0.00 sys=0.00, real=0.00 secs] 
2019-01-02T11:13:48.080+0530: 895.980: [GC (Allocation Failure) 2019-01-02T11:13:48.080+0530: 895.980: [DefNew
Desired survivor size 32768 bytes, new threshold 15 (max 15)
- age   1:         24 bytes,         24 total
- age   6:         72 bytes,         96 total
- age  12:         16 bytes,        112 total
: 528K->0K(960K), 0.0003256 secs] 7679K->7662K(10176K), 0.0003917 secs] [Times: user=0.00 sys=0.00, real=0.00 secs] 
2019-01-02T11:13:48.137+0530: 896.037: [GC (Allocation Failure) 2019-01-02T11:13:48.137+0530: 896.038: [DefNew
Desired survivor size 32768 bytes, new threshold 15 (max 15)
- age   1:        248 bytes,        248 total
- age   7:         16 bytes,        264 total
- age  13:         16 bytes,        280 total
: 881K->0K(960K), 0.0008951 secs] 8543K->7734K(10176K), 0.0012390 secs] [Times: user=0.01 sys=0.00, real=0.00 secs] 
2019-01-02T11:13:48.140+0530: 896.040: [GC (Allocation Failure) 2019-01-02T11:13:48.140+0530: 896.040: [DefNew
Desired survivor size 32768 bytes, new threshold 15 (max 15)
- age   1:         40 bytes,         40 total
- age   2:        184 bytes,        224 total
- age   8:         16 bytes,        240 total
- age  14:         16 bytes,        256 total
: 896K->0K(960K), 0.0005684 secs] 8630K->8022K(10176K), 0.0007418 secs] [Times: user=0.00 sys=0.00, real=0.00 secs] 
2019-01-02T11:13:48.142+0530: 896.042: [GC (Allocation Failure) 2019-01-02T11:13:48.142+0530: 896.042: [DefNew
Desired survivor size 32768 bytes, new threshold 15 (max 15)
- age   3:        184 bytes,        184 total
- age   9:         16 bytes,        200 total
- age  15:         16 bytes,        216 total
: 896K->0K(960K), 0.0011945 secs] 8918K->8598K(10176K), 0.0014003 secs] [Times: user=0.00 sys=0.00, real=0.00 secs] 
2019-01-02T11:13:48.145+0530: 896.045: [GC (Allocation Failure) 2019-01-02T11:13:48.145+0530: 896.045: [DefNew
Desired survivor size 32768 bytes, new threshold 15 (max 15)
- age   1:         24 bytes,         24 total
- age   4:        184 bytes,        208 total
- age  10:         16 bytes,        224 total
: 497K->0K(960K), 0.0003780 secs] 9096K->8598K(10176K), 0.0004755 secs] [Times: user=0.00 sys=0.00, real=0.00 secs] 
2019-01-02T11:13:48.146+0530: 896.046: [GC (Allocation Failure) 2019-01-02T11:13:48.146+0530: 896.046: [DefNew
Desired survivor size 32768 bytes, new threshold 15 (max 15)
- age   2:         24 bytes,         24 total
- age   5:        184 bytes,        208 total
- age  11:         16 bytes,        224 total
: 510K->0K(960K), 0.0004476 secs] 9108K->9108K(10176K), 0.0005291 secs] [Times: user=0.00 sys=0.00, real=0.00 secs] 
2019-01-02T11:13:48.146+0530: 896.047: [GC (Allocation Failure) 2019-01-02T11:13:48.146+0530: 896.047: [DefNew: 528K->528K(960K), 0.0000439 secs]2019-01-02T11:13:48.147+0530: 896.047: [Tenured: 9108K->1282K(9216K), 0.0043868 secs] 9636K->1282K(10176K), [Metaspace: 2520K->2520K(1056768K)], 0.0045653 secs] [Times: user=0.00 sys=0.00, real=0.01 secs] 
2019-01-02T11:13:48.207+0530: 896.108: [GC (Allocation Failure) 2019-01-02T11:13:48.208+0530: 896.108: [DefNew
Desired survivor size 32768 bytes, new threshold 15 (max 15)
- age   1:        248 bytes,        248 total
: 881K->0K(960K), 0.0008866 secs] 2164K->1865K(10176K), 0.0010645 secs] [Times: user=0.00 sys=0.00, real=0.00 secs] 
2019-01-02T11:13:48.210+0530: 896.111: [GC (Allocation Failure) 2019-01-02T11:13:48.211+0530: 896.111: [DefNew
Desired survivor size 32768 bytes, new threshold 15 (max 15)
- age   1:         40 bytes,         40 total
- age   2:        184 bytes,        224 total
: 896K->0K(960K), 0.0007908 secs] 2761K->2153K(10176K), 0.0011529 secs] [Times: user=0.00 sys=0.00, real=0.00 secs] 
2019-01-02T11:13:48.213+0530: 896.114: [GC (Allocation Failure) 2019-01-02T11:13:48.214+0530: 896.114: [DefNew
Desired survivor size 32768 bytes, new threshold 15 (max 15)
- age   3:        184 bytes,        184 total
: 896K->0K(960K), 0.0008889 secs] 3049K->2729K(10176K), 0.0010907 secs] [Times: user=0.00 sys=0.00, real=0.00 secs] 
2019-01-02T11:13:48.216+0530: 896.116: [GC (Allocation Failure) 2019-01-02T11:13:48.216+0530: 896.116: [DefNew
Desired survivor size 32768 bytes, new threshold 15 (max 15)
- age   1:         24 bytes,         24 total
- age   4:        184 bytes,        208 total
: 497K->0K(960K), 0.0002685 secs] 3226K->2729K(10176K), 0.0003472 secs] [Times: user=0.00 sys=0.02, real=0.00 secs] 
2019-01-02T11:13:48.217+0530: 896.117: [GC (Allocation Failure) 2019-01-02T11:13:48.217+0530: 896.117: [DefNew
Desired survivor size 32768 bytes, new threshold 15 (max 15)
- age   2:         24 bytes,         24 total
- age   5:        184 bytes,        208 total
: 510K->0K(960K), 0.0003284 secs] 3239K->3239K(10176K), 0.0003820 secs] [Times: user=0.00 sys=0.00, real=0.00 secs] 
2019-01-02T11:13:48.217+0530: 896.118: [GC (Allocation Failure) 2019-01-02T11:13:48.217+0530: 896.118: [DefNew
Desired survivor size 32768 bytes, new threshold 15 (max 15)
- age   1:         24 bytes,         24 total
- age   6:         72 bytes,         96 total
: 528K->0K(960K), 0.0003119 secs] 3767K->3749K(10176K), 0.0003638 secs] [Times: user=0.00 sys=0.00, real=0.00 secs] 
2019-01-02T11:13:48.279+0530: 896.179: [GC (Allocation Failure) 2019-01-02T11:13:48.279+0530: 896.179: [DefNew
Desired survivor size 32768 bytes, new threshold 15 (max 15)
- age   1:        248 bytes,        248 total
- age   7:         16 bytes,        264 total
: 881K->0K(960K), 0.0010075 secs] 4631K->3821K(10176K), 0.0015645 secs] [Times: user=0.00 sys=0.00, real=0.00 secs] 
2019-01-02T11:13:48.282+0530: 896.183: [GC (Allocation Failure) 2019-01-02T11:13:48.283+0530: 896.183: [DefNew
Desired survivor size 32768 bytes, new threshold 15 (max 15)
- age   1:         40 bytes,         40 total
- age   2:        184 bytes,        224 total
- age   8:         16 bytes,        240 total
: 896K->0K(960K), 0.0008091 secs] 4717K->4109K(10176K), 0.0009847 secs] [Times: user=0.00 sys=0.00, real=0.00 secs] 
2019-01-02T11:13:48.285+0530: 896.185: [GC (Allocation Failure) 2019-01-02T11:13:48.285+0530: 896.185: [DefNew
Desired survivor size 32768 bytes, new threshold 15 (max 15)
- age   3:        184 bytes,        184 total
- age   9:         16 bytes,        200 total
: 896K->0K(960K), 0.0012732 secs] 5005K->4685K(10176K), 0.0015371 secs] [Times: user=0.00 sys=0.00, real=0.00 secs] 
2019-01-02T11:13:48.288+0530: 896.189: [GC (Allocation Failure) 2019-01-02T11:13:48.289+0530: 896.189: [DefNew
Desired survivor size 32768 bytes, new threshold 15 (max 15)
- age   1:         24 bytes,         24 total
- age   4:        184 bytes,        208 total
- age  10:         16 bytes,        224 total
: 497K->0K(960K), 0.0006192 secs] 5183K->4685K(10176K), 0.0008062 secs] [Times: user=0.00 sys=0.00, real=0.00 secs] 
2019-01-02T11:13:48.290+0530: 896.191: [GC (Allocation Failure) 2019-01-02T11:13:48.290+0530: 896.191: [DefNew
Desired survivor size 32768 bytes, new threshold 15 (max 15)
- age   2:         24 bytes,         24 total
- age   5:        184 bytes,        208 total
- age  11:         16 bytes,        224 total
: 510K->0K(960K), 0.0006551 secs] 5195K->5195K(10176K), 0.0007817 secs] [Times: user=0.00 sys=0.00, real=0.00 secs] 
2019-01-02T11:13:48.291+0530: 896.192: [GC (Allocation Failure) 2019-01-02T11:13:48.291+0530: 896.192: [DefNew
Desired survivor size 32768 bytes, new threshold 15 (max 15)
- age   1:         24 bytes,         24 total
- age   6:         72 bytes,         96 total
- age  12:         16 bytes,        112 total
: 528K->0K(960K), 0.0004573 secs] 5723K->5706K(10176K), 0.0005314 secs] [Times: user=0.00 sys=0.00, real=0.00 secs] 
2019-01-02T11:13:48.359+0530: 896.260: [GC (Allocation Failure) 2019-01-02T11:13:48.359+0530: 896.260: [DefNew
Desired survivor size 32768 bytes, new threshold 15 (max 15)
- age   1:        248 bytes,        248 total
- age   7:         16 bytes,        264 total
- age  13:         16 bytes,        280 total
: 881K->0K(960K), 0.0008809 secs] 6587K->5778K(10176K), 0.0010594 secs] [Times: user=0.00 sys=0.00, real=0.00 secs] 
2019-01-02T11:13:48.363+0530: 896.263: [GC (Allocation Failure) 2019-01-02T11:13:48.363+0530: 896.264: [DefNew
Desired survivor size 32768 bytes, new threshold 15 (max 15)
- age   1:         40 bytes,         40 total
- age   2:        184 bytes,        224 total
- age   8:         16 bytes,        240 total
- age  14:         16 bytes,        256 total
: 896K->0K(960K), 0.0006329 secs] 6674K->6066K(10176K), 0.0008644 secs] [Times: user=0.00 sys=0.00, real=0.00 secs] 
2019-01-02T11:13:48.367+0530: 896.267: [GC (Allocation Failure) 2019-01-02T11:13:48.367+0530: 896.267: [DefNew
Desired survivor size 32768 bytes, new threshold 15 (max 15)
- age   3:        184 bytes,        184 total
- age   9:         16 bytes,        200 total
- age  15:         16 bytes,        216 total
: 896K->0K(960K), 0.0010457 secs] 6962K->6642K(10176K), 0.0013285 secs] [Times: user=0.00 sys=0.00, real=0.00 secs] 
2019-01-02T11:13:48.370+0530: 896.270: [GC (Allocation Failure) 2019-01-02T11:13:48.370+0530: 896.270: [DefNew
Desired survivor size 32768 bytes, new threshold 15 (max 15)
- age   1:         24 bytes,         24 total
- age   4:        184 bytes,        208 total
- age  10:         16 bytes,        224 total
: 497K->0K(960K), 0.0008889 secs] 7140K->6642K(10176K), 0.0012161 secs] [Times: user=0.00 sys=0.00, real=0.00 secs] 
2019-01-02T11:13:48.371+0530: 896.272: [GC (Allocation Failure) 2019-01-02T11:13:48.371+0530: 896.272: [DefNew
Desired survivor size 32768 bytes, new threshold 15 (max 15)
- age   2:         24 bytes,         24 total
- age   5:        184 bytes,        208 total
- age  11:         16 bytes,        224 total
: 510K->0K(960K), 0.0004749 secs] 7152K->7152K(10176K), 0.0005633 secs] [Times: user=0.00 sys=0.00, real=0.00 secs] 
2019-01-02T11:13:48.373+0530: 896.273: [GC (Allocation Failure) 2019-01-02T11:13:48.373+0530: 896.273: [DefNew
Desired survivor size 32768 bytes, new threshold 15 (max 15)
- age   1:         24 bytes,         24 total
- age   6:         72 bytes,         96 total
- age  12:         16 bytes,        112 total
: 528K->0K(960K), 0.0006277 secs] 7680K->7662K(10176K), 0.0007150 secs] [Times: user=0.00 sys=0.00, real=0.00 secs] 
2019-01-02T11:13:48.437+0530: 896.338: [GC (Allocation Failure) 2019-01-02T11:13:48.438+0530: 896.338: [DefNew
Desired survivor size 32768 bytes, new threshold 15 (max 15)
- age   1:        248 bytes,        248 total
- age   7:         16 bytes,        264 total
- age  13:         16 bytes,        280 total
: 881K->0K(960K), 0.0012697 secs] 8544K->7735K(10176K), 0.0016124 secs] [Times: user=0.00 sys=0.00, real=0.00 secs] 
2019-01-02T11:13:48.441+0530: 896.342: [GC (Allocation Failure) 2019-01-02T11:13:48.441+0530: 896.342: [DefNew
Desired survivor size 32768 bytes, new threshold 15 (max 15)
- age   1:         40 bytes,         40 total
- age   2:        184 bytes,        224 total
- age   8:         16 bytes,        240 total
- age  14:         16 bytes,        256 total
: 896K->0K(960K), 0.0008706 secs] 8631K->8023K(10176K), 0.0010303 secs] [Times: user=0.00 sys=0.00, real=0.00 secs] 
2019-01-02T11:13:48.444+0530: 896.344: [GC (Allocation Failure) 2019-01-02T11:13:48.444+0530: 896.344: [DefNew
Desired survivor size 32768 bytes, new threshold 15 (max 15)
- age   3:        184 bytes,        184 total
- age   9:         16 bytes,        200 total
- age  15:         16 bytes,        216 total
: 896K->0K(960K), 0.0005696 secs] 8919K->8599K(10176K), 0.0006905 secs] [Times: user=0.00 sys=0.00, real=0.00 secs] 
2019-01-02T11:13:48.446+0530: 896.346: [GC (Allocation Failure) 2019-01-02T11:13:48.446+0530: 896.346: [DefNew
Desired survivor size 32768 bytes, new threshold 15 (max 15)
- age   1:         24 bytes,         24 total
- age   4:        184 bytes,        208 total
- age  10:         16 bytes,        224 total
: 497K->0K(960K), 0.0002583 secs] 9096K->8599K(10176K), 0.0003301 secs] [Times: user=0.00 sys=0.00, real=0.00 secs] 
2019-01-02T11:13:48.447+0530: 896.347: [GC (Allocation Failure) 2019-01-02T11:13:48.447+0530: 896.347: [DefNew
Desired survivor size 32768 bytes, new threshold 15 (max 15)
- age   2:         24 bytes,         24 total
- age   5:        184 bytes,        208 total
- age  11:         16 bytes,        224 total
: 510K->0K(960K), 0.0003119 secs] 9109K->9109K(10176K), 0.0003638 secs] [Times: user=0.00 sys=0.00, real=0.00 secs] 
2019-01-02T11:13:48.447+0530: 896.348: [GC (Allocation Failure) 2019-01-02T11:13:48.447+0530: 896.348: [DefNew: 528K->528K(960K), 0.0000234 secs]2019-01-02T11:13:48.447+0530: 896.348: [Tenured: 9109K->1282K(9216K), 0.0037881 secs] 9637K->1282K(10176K), [Metaspace: 2520K->2520K(1056768K)], 0.0039153 secs] [Times: user=0.01 sys=0.00, real=0.00 secs] 
2019-01-02T11:13:48.513+0530: 896.413: [GC (Allocation Failure) 2019-01-02T11:13:48.513+0530: 896.414: [DefNew
Desired survivor size 32768 bytes, new threshold 15 (max 15)
- age   1:        248 bytes,        248 total
: 881K->0K(960K), 0.0012412 secs] 2164K->1865K(10176K), 0.0015788 secs] [Times: user=0.00 sys=0.00, real=0.00 secs] 
2019-01-02T11:13:48.517+0530: 896.417: [GC (Allocation Failure) 2019-01-02T11:13:48.517+0530: 896.417: [DefNew
Desired survivor size 32768 bytes, new threshold 15 (max 15)
- age   1:         40 bytes,         40 total
- age   2:        184 bytes,        224 total
: 896K->0K(960K), 0.0008359 secs] 2761K->2153K(10176K), 0.0010656 secs] [Times: user=0.00 sys=0.00, real=0.00 secs] 
2019-01-02T11:13:48.519+0530: 896.419: [GC (Allocation Failure) 2019-01-02T11:13:48.519+0530: 896.419: [DefNew
Desired survivor size 32768 bytes, new threshold 15 (max 15)
- age   3:        184 bytes,        184 total
: 896K->0K(960K), 0.0003888 secs] 3049K->2729K(10176K), 0.0004772 secs] [Times: user=0.00 sys=0.00, real=0.00 secs] 
2019-01-02T11:13:48.521+0530: 896.422: [GC (Allocation Failure) 2019-01-02T11:13:48.522+0530: 896.422: [DefNew
Desired survivor size 32768 bytes, new threshold 15 (max 15)
- age   1:         24 bytes,         24 total
- age   4:        184 bytes,        208 total
: 497K->0K(960K), 0.0003809 secs] 3227K->2729K(10176K), 0.0005183 secs] [Times: user=0.00 sys=0.00, real=0.00 secs] 
2019-01-02T11:13:48.523+0530: 896.423: [GC (Allocation Failure) 2019-01-02T11:13:48.523+0530: 896.423: [DefNew
Desired survivor size 32768 bytes, new threshold 15 (max 15)
- age   2:         24 bytes,         24 total
- age   5:        184 bytes,        208 total
: 510K->0K(960K), 0.0008444 secs] 3239K->3239K(10176K), 0.0010029 secs] [Times: user=0.00 sys=0.00, real=0.00 secs] 
2019-01-02T11:13:48.524+0530: 896.425: [GC (Allocation Failure) 2019-01-02T11:13:48.524+0530: 896.425: [DefNew
Desired survivor size 32768 bytes, new threshold 15 (max 15)
- age   1:         24 bytes,         24 total
- age   6:         72 bytes,         96 total
: 528K->0K(960K), 0.0010326 secs] 3767K->3749K(10176K), 0.0011454 secs] [Times: user=0.00 sys=0.00, real=0.00 secs] 
2019-01-02T11:13:48.586+0530: 896.486: [GC (Allocation Failure) 2019-01-02T11:13:48.586+0530: 896.487: [DefNew
Desired survivor size 32768 bytes, new threshold 15 (max 15)
- age   1:        248 bytes,        248 total
- age   7:         16 bytes,        264 total
: 881K->0K(960K), 0.0008073 secs] 4631K->3822K(10176K), 0.0012378 secs] [Times: user=0.00 sys=0.00, real=0.00 secs] 
2019-01-02T11:13:48.590+0530: 896.490: [GC (Allocation Failure) 2019-01-02T11:13:48.590+0530: 896.490: [DefNew
Desired survivor size 32768 bytes, new threshold 15 (max 15)
- age   1:         40 bytes,         40 total
- age   2:        184 bytes,        224 total
- age   8:         16 bytes,        240 total
: 896K->0K(960K), 0.0014573 secs] 4718K->4110K(10176K), 0.0018724 secs] [Times: user=0.01 sys=0.00, real=0.00 secs] 
2019-01-02T11:13:48.593+0530: 896.493: [GC (Allocation Failure) 2019-01-02T11:13:48.593+0530: 896.493: [DefNew
Desired survivor size 32768 bytes, new threshold 15 (max 15)
- age   3:        184 bytes,        184 total
- age   9:         16 bytes,        200 total
: 896K->0K(960K), 0.0009328 secs] 5006K->4686K(10176K), 0.0010730 secs] [Times: user=0.00 sys=0.00, real=0.00 secs] 
2019-01-02T11:13:48.595+0530: 896.496: [GC (Allocation Failure) 2019-01-02T11:13:48.596+0530: 896.496: [DefNew
Desired survivor size 32768 bytes, new threshold 15 (max 15)
- age   1:         24 bytes,         24 total
- age   4:        184 bytes,        208 total
- age  10:         16 bytes,        224 total
: 497K->0K(960K), 0.0003307 secs] 5183K->4686K(10176K), 0.0004151 secs] [Times: user=0.00 sys=0.00, real=0.00 secs] 
2019-01-02T11:13:48.596+0530: 896.497: [GC (Allocation Failure) 2019-01-02T11:13:48.596+0530: 896.497: [DefNew
Desired survivor size 32768 bytes, new threshold 15 (max 15)
- age   2:         24 bytes,         24 total
- age   5:        184 bytes,        208 total
- age  11:         16 bytes,        224 total
: 510K->0K(960K), 0.0003284 secs] 5196K->5196K(10176K), 0.0003980 secs] [Times: user=0.00 sys=0.00, real=0.00 secs] 
2019-01-02T11:13:48.597+0530: 896.497: [GC (Allocation Failure) 2019-01-02T11:13:48.597+0530: 896.497: [DefNew
Desired survivor size 32768 bytes, new threshold 15 (max 15)
- age   1:         24 bytes,         24 total
- age   6:         72 bytes,         96 total
- age  12:         16 bytes,        112 total
: 528K->0K(960K), 0.0003124 secs] 5724K->5706K(10176K), 0.0004042 secs] [Times: user=0.00 sys=0.00, real=0.00 secs] 
2019-01-02T11:13:48.659+0530: 896.560: [GC (Allocation Failure) 2019-01-02T11:13:48.660+0530: 896.560: [DefNew
Desired survivor size 32768 bytes, new threshold 15 (max 15)
- age   1:        248 bytes,        248 total
- age   7:         16 bytes,        264 total
- age  13:         16 bytes,        280 total
: 881K->0K(960K), 0.0014545 secs] 6588K->5778K(10176K), 0.0016723 secs] [Times: user=0.00 sys=0.00, real=0.00 secs] 
2019-01-02T11:13:48.664+0530: 896.564: [GC (Allocation Failure) 2019-01-02T11:13:48.664+0530: 896.564: [DefNew
Desired survivor size 32768 bytes, new threshold 15 (max 15)
- age   1:         40 bytes,         40 total
- age   2:        184 bytes,        224 total
- age   8:         16 bytes,        240 total
- age  14:         16 bytes,        256 total
: 896K->0K(960K), 0.0003404 secs] 6674K->6066K(10176K), 0.0004253 secs] [Times: user=0.00 sys=0.00, real=0.00 secs] 
2019-01-02T11:13:48.665+0530: 896.566: [GC (Allocation Failure) 2019-01-02T11:13:48.665+0530: 896.566: [DefNew
Desired survivor size 32768 bytes, new threshold 15 (max 15)
- age   3:        184 bytes,        184 total
- age   9:         16 bytes,        200 total
- age  15:         16 bytes,        216 total
: 896K->0K(960K), 0.0004379 secs] 6962K->6642K(10176K), 0.0005183 secs] [Times: user=0.00 sys=0.00, real=0.00 secs] 
2019-01-02T11:13:48.667+0530: 896.568: [GC (Allocation Failure) 2019-01-02T11:13:48.667+0530: 896.568: [DefNew
Desired survivor size 32768 bytes, new threshold 15 (max 15)
- age   1:         24 bytes,         24 total
- age   4:        184 bytes,        208 total
- age  10:         16 bytes,        224 total
: 497K->0K(960K), 0.0002532 secs] 7140K->6642K(10176K), 0.0003210 secs] [Times: user=0.00 sys=0.00, real=0.00 secs] 
2019-01-02T11:13:48.668+0530: 896.568: [GC (Allocation Failure) 2019-01-02T11:13:48.668+0530: 896.568: [DefNew
Desired survivor size 32768 bytes, new threshold 15 (max 15)
- age   2:         24 bytes,         24 total
- age   5:        184 bytes,        208 total
- age  11:         16 bytes,        224 total
: 510K->0K(960K), 0.0003176 secs] 7153K->7153K(10176K), 0.0003689 secs] [Times: user=0.02 sys=0.00, real=0.00 secs] 
2019-01-02T11:13:48.669+0530: 896.569: [GC (Allocation Failure) 2019-01-02T11:13:48.669+0530: 896.569: [DefNew
Desired survivor size 32768 bytes, new threshold 15 (max 15)
- age   1:         24 bytes,         24 total
- age   6:         72 bytes,         96 total
- age  12:         16 bytes,        112 total
: 528K->0K(960K), 0.0004225 secs] 7681K->7663K(10176K), 0.0004995 secs] [Times: user=0.00 sys=0.00, real=0.00 secs] 
2019-01-02T11:13:48.739+0530: 896.640: [GC (Allocation Failure) 2019-01-02T11:13:48.740+0530: 896.640: [DefNew
Desired survivor size 32768 bytes, new threshold 15 (max 15)
- age   1:        248 bytes,        248 total
- age   7:         16 bytes,        264 total
- age  13:         16 bytes,        280 total
: 881K->0K(960K), 0.0003489 secs] 8545K->7735K(10176K), 0.0004846 secs] [Times: user=0.00 sys=0.00, real=0.00 secs] 
2019-01-02T11:13:48.741+0530: 896.642: [GC (Allocation Failure) 2019-01-02T11:13:48.741+0530: 896.642: [DefNew
Desired survivor size 32768 bytes, new threshold 15 (max 15)
- age   1:         40 bytes,         40 total
- age   2:        184 bytes,        224 total
- age   8:         16 bytes,        240 total
- age  14:         16 bytes,        256 total
: 896K->0K(960K), 0.0006637 secs] 8631K->8023K(10176K), 0.0007823 secs] [Times: user=0.00 sys=0.00, real=0.00 secs] 
2019-01-02T11:13:48.743+0530: 896.644: [GC (Allocation Failure) 2019-01-02T11:13:48.743+0530: 896.644: [DefNew
Desired survivor size 32768 bytes, new threshold 15 (max 15)
- age   3:        184 bytes,        184 total
- age   9:         16 bytes,        200 total
- age  15:         16 bytes,        216 total
: 896K->0K(960K), 0.0003472 secs] 8919K->8599K(10176K), 0.0004082 secs] [Times: user=0.00 sys=0.00, real=0.00 secs] 
2019-01-02T11:13:48.745+0530: 896.645: [GC (Allocation Failure) 2019-01-02T11:13:48.745+0530: 896.645: [DefNew
Desired survivor size 32768 bytes, new threshold 15 (max 15)
- age   1:         24 bytes,         24 total
- age   4:        184 bytes,        208 total
- age  10:         16 bytes,        224 total
: 497K->0K(960K), 0.0002172 secs] 9097K->8599K(10176K), 0.0002731 secs] [Times: user=0.00 sys=0.00, real=0.00 secs] 
2019-01-02T11:13:48.745+0530: 896.646: [GC (Allocation Failure) 2019-01-02T11:13:48.745+0530: 896.646: [DefNew
Desired survivor size 32768 bytes, new threshold 15 (max 15)
- age   2:         24 bytes,         24 total
- age   5:        184 bytes,        208 total
- age  11:         16 bytes,        224 total
: 510K->0K(960K), 0.0003010 secs] 9110K->9110K(10176K), 0.0003512 secs] [Times: user=0.00 sys=0.00, real=0.00 secs] 
2019-01-02T11:13:48.746+0530: 896.646: [GC (Allocation Failure) 2019-01-02T11:13:48.746+0530: 896.646: [DefNew: 528K->528K(960K), 0.0000239 secs]2019-01-02T11:13:48.746+0530: 896.646: [Tenured: 9110K->1282K(9216K), 0.0038024 secs] 9638K->1282K(10176K), [Metaspace: 2520K->2520K(1056768K)], 0.0039461 secs] [Times: user=0.01 sys=0.00, real=0.00 secs] 
2019-01-02T11:13:48.807+0530: 896.708: [GC (Allocation Failure) 2019-01-02T11:13:48.807+0530: 896.708: [DefNew
Desired survivor size 32768 bytes, new threshold 15 (max 15)
- age   1:        248 bytes,        248 total
: 881K->0K(960K), 0.0016609 secs] 2164K->1865K(10176K), 0.0018804 secs] [Times: user=0.02 sys=0.00, real=0.00 secs] 
2019-01-02T11:13:48.810+0530: 896.711: [GC (Allocation Failure) 2019-01-02T11:13:48.811+0530: 896.711: [DefNew
Desired survivor size 32768 bytes, new threshold 15 (max 15)
- age   1:         40 bytes,         40 total
- age   2:        184 bytes,        224 total
: 896K->0K(960K), 0.0006203 secs] 2761K->2153K(10176K), 0.0007600 secs] [Times: user=0.00 sys=0.00, real=0.00 secs] 
2019-01-02T11:13:48.813+0530: 896.713: [GC (Allocation Failure) 2019-01-02T11:13:48.813+0530: 896.713: [DefNew
Desired survivor size 32768 bytes, new threshold 15 (max 15)
- age   3:        184 bytes,        184 total
: 896K->0K(960K), 0.0010605 secs] 3049K->2729K(10176K), 0.0012053 secs] [Times: user=0.00 sys=0.00, real=0.00 secs] 
2019-01-02T11:13:48.815+0530: 896.716: [GC (Allocation Failure) 2019-01-02T11:13:48.815+0530: 896.716: [DefNew
Desired survivor size 32768 bytes, new threshold 15 (max 15)
- age   1:         24 bytes,         24 total
- age   4:        184 bytes,        208 total
: 497K->0K(960K), 0.0003660 secs] 3227K->2729K(10176K), 0.0004881 secs] [Times: user=0.00 sys=0.00, real=0.00 secs] 
2019-01-02T11:13:48.816+0530: 896.716: [GC (Allocation Failure) 2019-01-02T11:13:48.816+0530: 896.717: [DefNew
Desired survivor size 32768 bytes, new threshold 15 (max 15)
- age   2:         24 bytes,         24 total
- age   5:        184 bytes,        208 total
: 510K->0K(960K), 0.0003250 secs] 3239K->3239K(10176K), 0.0004065 secs] [Times: user=0.00 sys=0.00, real=0.00 secs] 
2019-01-02T11:13:48.817+0530: 896.717: [GC (Allocation Failure) 2019-01-02T11:13:48.817+0530: 896.717: [DefNew
Desired survivor size 32768 bytes, new threshold 15 (max 15)
- age   1:         24 bytes,         24 total
- age   6:         72 bytes,         96 total
: 528K->0K(960K), 0.0003432 secs] 3768K->3750K(10176K), 0.0004156 secs] [Times: user=0.00 sys=0.00, real=0.00 secs] 
2019-01-02T11:13:48.882+0530: 896.783: [GC (Allocation Failure) 2019-01-02T11:13:48.883+0530: 896.783: [DefNew
Desired survivor size 32768 bytes, new threshold 15 (max 15)
- age   1:        248 bytes,        248 total
- age   7:         16 bytes,        264 total
: 881K->0K(960K), 0.0009031 secs] 4632K->3822K(10176K), 0.0011255 secs] [Times: user=0.00 sys=0.00, real=0.00 secs] 
2019-01-02T11:13:48.885+0530: 896.786: [GC (Allocation Failure) 2019-01-02T11:13:48.885+0530: 896.786: [DefNew
Desired survivor size 32768 bytes, new threshold 15 (max 15)
- age   1:         40 bytes,         40 total
- age   2:        184 bytes,        224 total
- age   8:         16 bytes,        240 total
: 896K->0K(960K), 0.0005063 secs] 4718K->4110K(10176K), 0.0007007 secs] [Times: user=0.00 sys=0.00, real=0.00 secs] 
2019-01-02T11:13:48.888+0530: 896.788: [GC (Allocation Failure) 2019-01-02T11:13:48.888+0530: 896.788: [DefNew
Desired survivor size 32768 bytes, new threshold 15 (max 15)
- age   3:        184 bytes,        184 total
- age   9:         16 bytes,        200 total
: 896K->0K(960K), 0.0004841 secs] 5006K->4686K(10176K), 0.0006141 secs] [Times: user=0.00 sys=0.00, real=0.00 secs] 
2019-01-02T11:13:48.890+0530: 896.791: [GC (Allocation Failure) 2019-01-02T11:13:48.890+0530: 896.791: [DefNew
Desired survivor size 32768 bytes, new threshold 15 (max 15)
- age   1:         24 bytes,         24 total
- age   4:        184 bytes,        208 total
- age  10:         16 bytes,        224 total
: 497K->0K(960K), 0.0002760 secs] 5184K->4686K(10176K), 0.0003712 secs] [Times: user=0.00 sys=0.00, real=0.00 secs] 
2019-01-02T11:13:48.891+0530: 896.792: [GC (Allocation Failure) 2019-01-02T11:13:48.891+0530: 896.792: [DefNew
Desired survivor size 32768 bytes, new threshold 15 (max 15)
- age   2:         24 bytes,         24 total
- age   5:        184 bytes,        208 total
- age  11:         16 bytes,        224 total
: 510K->0K(960K), 0.0006722 secs] 5196K->5196K(10176K), 0.0007897 secs] [Times: user=0.00 sys=0.00, real=0.00 secs] 
2019-01-02T11:13:48.893+0530: 896.793: [GC (Allocation Failure) 2019-01-02T11:13:48.893+0530: 896.793: [DefNew
Desired survivor size 32768 bytes, new threshold 15 (max 15)
- age   1:         24 bytes,         24 total
- age   6:         72 bytes,         96 total
- age  12:         16 bytes,        112 total
: 528K->0K(960K), 0.0006956 secs] 5725K->5707K(10176K), 0.0007828 secs] [Times: user=0.00 sys=0.00, real=0.00 secs] 
2019-01-02T11:13:48.952+0530: 896.852: [GC (Allocation Failure) 2019-01-02T11:13:48.952+0530: 896.853: [DefNew
Desired survivor size 32768 bytes, new threshold 15 (max 15)
- age   1:        248 bytes,        248 total
- age   7:         16 bytes,        264 total
- age  13:         16 bytes,        280 total
: 881K->0K(960K), 0.0005667 secs] 6589K->5779K(10176K), 0.0010491 secs] [Times: user=0.00 sys=0.00, real=0.00 secs] 
2019-01-02T11:13:48.955+0530: 896.855: [GC (Allocation Failure) 2019-01-02T11:13:48.955+0530: 896.855: [DefNew
Desired survivor size 32768 bytes, new threshold 15 (max 15)
- age   1:         40 bytes,         40 total
- age   2:        184 bytes,        224 total
- age   8:         16 bytes,        240 total
- age  14:         16 bytes,        256 total
: 896K->0K(960K), 0.0011814 secs] 6675K->6067K(10176K), 0.0014265 secs] [Times: user=0.00 sys=0.00, real=0.00 secs] 
2019-01-02T11:13:48.958+0530: 896.859: [GC (Allocation Failure) 2019-01-02T11:13:48.958+0530: 896.859: [DefNew
Desired survivor size 32768 bytes, new threshold 15 (max 15)
- age   3:        184 bytes,        184 total
- age   9:         16 bytes,        200 total
- age  15:         16 bytes,        216 total
: 896K->0K(960K), 0.0013410 secs] 6963K->6643K(10176K), 0.0015269 secs] [Times: user=0.00 sys=0.00, real=0.00 secs] 
2019-01-02T11:13:48.961+0530: 896.862: [GC (Allocation Failure) 2019-01-02T11:13:48.961+0530: 896.862: [DefNew
Desired survivor size 32768 bytes, new threshold 15 (max 15)
- age   1:         24 bytes,         24 total
- age   4:        184 bytes,        208 total
- age  10:         16 bytes,        224 total
: 497K->0K(960K), 0.0003723 secs] 7141K->6643K(10176K), 0.0004635 secs] [Times: user=0.00 sys=0.00, real=0.00 secs] 
2019-01-02T11:13:48.962+0530: 896.862: [GC (Allocation Failure) 2019-01-02T11:13:48.962+0530: 896.862: [DefNew
Desired survivor size 32768 bytes, new threshold 15 (max 15)
- age   2:         24 bytes,         24 total
- age   5:        184 bytes,        208 total
- age  11:         16 bytes,        224 total
: 510K->0K(960K), 0.0003170 secs] 7153K->7153K(10176K), 0.0003871 secs] [Times: user=0.00 sys=0.00, real=0.00 secs] 
2019-01-02T11:13:48.963+0530: 896.863: [GC (Allocation Failure) 2019-01-02T11:13:48.963+0530: 896.863: [DefNew
Desired survivor size 32768 bytes, new threshold 15 (max 15)
- age   1:         24 bytes,         24 total
- age   6:         72 bytes,         96 total
- age  12:         16 bytes,        112 total
: 528K->0K(960K), 0.0003341 secs] 7682K->7664K(10176K), 0.0004145 secs] [Times: user=0.00 sys=0.00, real=0.00 secs] 
2019-01-02T11:13:49.021+0530: 896.921: [GC (Allocation Failure) 2019-01-02T11:13:49.021+0530: 896.921: [DefNew
Desired survivor size 32768 bytes, new threshold 15 (max 15)
- age   1:        248 bytes,        248 total
- age   7:         16 bytes,        264 total
- age  13:         16 bytes,        280 total
: 881K->0K(960K), 0.0010080 secs] 8546K->7736K(10176K), 0.0012880 secs] [Times: user=0.00 sys=0.00, real=0.00 secs] 
2019-01-02T11:13:49.025+0530: 896.925: [GC (Allocation Failure) 2019-01-02T11:13:49.025+0530: 896.926: [DefNew
Desired survivor size 32768 bytes, new threshold 15 (max 15)
- age   1:         40 bytes,         40 total
- age   2:        184 bytes,        224 total
- age   8:         16 bytes,        240 total
- age  14:         16 bytes,        256 total
: 896K->0K(960K), 0.0007309 secs] 8632K->8024K(10176K), 0.0010388 secs] [Times: user=0.00 sys=0.00, real=0.00 secs] 
2019-01-02T11:13:49.027+0530: 896.928: [GC (Allocation Failure) 2019-01-02T11:13:49.027+0530: 896.928: [DefNew
Desired survivor size 32768 bytes, new threshold 15 (max 15)
- age   3:        184 bytes,        184 total
- age   9:         16 bytes,        200 total
- age  15:         16 bytes,        216 total
: 896K->0K(960K), 0.0011038 secs] 8920K->8600K(10176K), 0.0013022 secs] [Times: user=0.00 sys=0.00, real=0.00 secs] 
2019-01-02T11:13:49.030+0530: 896.931: [GC (Allocation Failure) 2019-01-02T11:13:49.030+0530: 896.931: [DefNew
Desired survivor size 32768 bytes, new threshold 15 (max 15)
- age   1:         24 bytes,         24 total
- age   4:        184 bytes,        208 total
- age  10:         16 bytes,        224 total
: 497K->0K(960K), 0.0003552 secs] 9098K->8600K(10176K), 0.0005593 secs] [Times: user=0.00 sys=0.00, real=0.00 secs] 
2019-01-02T11:13:49.031+0530: 896.932: [GC (Allocation Failure) 2019-01-02T11:13:49.031+0530: 896.932: [DefNew
Desired survivor size 32768 bytes, new threshold 15 (max 15)
- age   2:         24 bytes,         24 total
- age   5:        184 bytes,        208 total
- age  11:         16 bytes,        224 total
: 510K->0K(960K), 0.0003278 secs] 9111K->9111K(10176K), 0.0003997 secs] [Times: user=0.00 sys=0.00, real=0.00 secs] 
2019-01-02T11:13:49.032+0530: 896.932: [GC (Allocation Failure) 2019-01-02T11:13:49.032+0530: 896.932: [DefNew: 528K->528K(960K), 0.0000274 secs]2019-01-02T11:13:49.032+0530: 896.932: [Tenured: 9110K->1283K(9216K), 0.0037271 secs] 9639K->1283K(10176K), [Metaspace: 2520K->2520K(1056768K)], 0.0038731 secs] [Times: user=0.00 sys=0.00, real=0.00 secs] 
2019-01-02T11:13:49.097+0530: 896.997: [GC (Allocation Failure) 2019-01-02T11:13:49.097+0530: 896.998: [DefNew
Desired survivor size 32768 bytes, new threshold 15 (max 15)
- age   1:        248 bytes,        248 total
: 881K->0K(960K), 0.0015491 secs] 2164K->1865K(10176K), 0.0018154 secs] [Times: user=0.00 sys=0.00, real=0.00 secs] 
2019-01-02T11:13:49.101+0530: 897.001: [GC (Allocation Failure) 2019-01-02T11:13:49.101+0530: 897.001: [DefNew
Desired survivor size 32768 bytes, new threshold 15 (max 15)
- age   1:         40 bytes,         40 total
- age   2:        184 bytes,        224 total
: 896K->0K(960K), 0.0007577 secs] 2761K->2153K(10176K), 0.0009003 secs] [Times: user=0.00 sys=0.00, real=0.00 secs] 
2019-01-02T11:13:49.103+0530: 897.003: [GC (Allocation Failure) 2019-01-02T11:13:49.103+0530: 897.003: [DefNew
Desired survivor size 32768 bytes, new threshold 15 (max 15)
- age   3:        184 bytes,        184 total
: 896K->0K(960K), 0.0010348 secs] 3049K->2729K(10176K), 0.0011546 secs] [Times: user=0.00 sys=0.00, real=0.00 secs] 
2019-01-02T11:13:49.106+0530: 897.006: [GC (Allocation Failure) 2019-01-02T11:13:49.106+0530: 897.006: [DefNew
Desired survivor size 32768 bytes, new threshold 15 (max 15)
- age   1:         24 bytes,         24 total
- age   4:        184 bytes,        208 total
: 497K->0K(960K), 0.0002623 secs] 3227K->2729K(10176K), 0.0003803 secs] [Times: user=0.00 sys=0.00, real=0.00 secs] 
2019-01-02T11:13:49.106+0530: 897.007: [GC (Allocation Failure) 2019-01-02T11:13:49.106+0530: 897.007: [DefNew
Desired survivor size 32768 bytes, new threshold 15 (max 15)
- age   2:         24 bytes,         24 total
- age   5:        184 bytes,        208 total
: 510K->0K(960K), 0.0009761 secs] 3240K->3240K(10176K), 0.0011095 secs] [Times: user=0.00 sys=0.00, real=0.00 secs] 
2019-01-02T11:13:49.108+0530: 897.009: [GC (Allocation Failure) 2019-01-02T11:13:49.108+0530: 897.009: [DefNew
Desired survivor size 32768 bytes, new threshold 15 (max 15)
- age   1:         24 bytes,         24 total
- age   6:         72 bytes,         96 total
: 528K->0K(960K), 0.0004755 secs] 3768K->3750K(10176K), 0.0005901 secs] [Times: user=0.00 sys=0.00, real=0.00 secs] 
2019-01-02T11:13:49.163+0530: 897.064: [GC (Allocation Failure) 2019-01-02T11:13:49.164+0530: 897.064: [DefNew
Desired survivor size 32768 bytes, new threshold 15 (max 15)
- age   1:        248 bytes,        248 total
- age   7:         16 bytes,        264 total
: 881K->0K(960K), 0.0012589 secs] 4632K->3822K(10176K), 0.0018844 secs] [Times: user=0.00 sys=0.00, real=0.00 secs] 
2019-01-02T11:13:49.168+0530: 897.068: [GC (Allocation Failure) 2019-01-02T11:13:49.168+0530: 897.069: [DefNew
Desired survivor size 32768 bytes, new threshold 15 (max 15)
- age   1:         40 bytes,         40 total
- age   2:        184 bytes,        224 total
- age   8:         16 bytes,        240 total
: 896K->0K(960K), 0.0009066 secs] 4718K->4110K(10176K), 0.0012224 secs] [Times: user=0.00 sys=0.00, real=0.00 secs] 
2019-01-02T11:13:49.171+0530: 897.071: [GC (Allocation Failure) 2019-01-02T11:13:49.171+0530: 897.071: [DefNew
Desired survivor size 32768 bytes, new threshold 15 (max 15)
- age   3:        184 bytes,        184 total
- age   9:         16 bytes,        200 total
: 896K->0K(960K), 0.0004117 secs] 5006K->4686K(10176K), 0.0004903 secs] [Times: user=0.00 sys=0.00, real=0.00 secs] 
2019-01-02T11:13:49.173+0530: 897.073: [GC (Allocation Failure) 2019-01-02T11:13:49.173+0530: 897.073: [DefNew
Desired survivor size 32768 bytes, new threshold 15 (max 15)
- age   1:         24 bytes,         24 total
- age   4:        184 bytes,        208 total
- age  10:         16 bytes,        224 total
: 497K->0K(960K), 0.0002817 secs] 5184K->4686K(10176K), 0.0003546 secs] [Times: user=0.00 sys=0.00, real=0.00 secs] 
2019-01-02T11:13:49.173+0530: 897.074: [GC (Allocation Failure) 2019-01-02T11:13:49.174+0530: 897.074: [DefNew
Desired survivor size 32768 bytes, new threshold 15 (max 15)
- age   2:         24 bytes,         24 total
- age   5:        184 bytes,        208 total
- age  11:         16 bytes,        224 total
: 510K->0K(960K), 0.0010217 secs] 5197K->5197K(10176K), 0.0012019 secs] [Times: user=0.00 sys=0.00, real=0.00 secs] 
2019-01-02T11:13:49.175+0530: 897.076: [GC (Allocation Failure) 2019-01-02T11:13:49.176+0530: 897.076: [DefNew
Desired survivor size 32768 bytes, new threshold 15 (max 15)
- age   1:         24 bytes,         24 total
- age   6:         72 bytes,         96 total
- age  12:         16 bytes,        112 total
: 528K->0K(960K), 0.0004504 secs] 5725K->5707K(10176K), 0.0005565 secs] [Times: user=0.00 sys=0.00, real=0.00 secs] 
2019-01-02T11:13:49.230+0530: 897.131: [GC (Allocation Failure) 2019-01-02T11:13:49.231+0530: 897.131: [DefNew
Desired survivor size 32768 bytes, new threshold 15 (max 15)
- age   1:        248 bytes,        248 total
- age   7:         16 bytes,        264 total
- age  13:         16 bytes,        280 total
: 881K->0K(960K), 0.0005097 secs] 6589K->5780K(10176K), 0.0008678 secs] [Times: user=0.00 sys=0.00, real=0.00 secs] 
2019-01-02T11:13:49.233+0530: 897.133: [GC (Allocation Failure) 2019-01-02T11:13:49.233+0530: 897.134: [DefNew
Desired survivor size 32768 bytes, new threshold 15 (max 15)
- age   1:         40 bytes,         40 total
- age   2:        184 bytes,        224 total
- age   8:         16 bytes,        240 total
- age  14:         16 bytes,        256 total
: 896K->0K(960K), 0.0009761 secs] 6676K->6068K(10176K), 0.0011962 secs] [Times: user=0.00 sys=0.00, real=0.00 secs] 
2019-01-02T11:13:49.236+0530: 897.136: [GC (Allocation Failure) 2019-01-02T11:13:49.236+0530: 897.136: [DefNew
Desired survivor size 32768 bytes, new threshold 15 (max 15)
- age   3:        184 bytes,        184 total
- age   9:         16 bytes,        200 total
- age  15:         16 bytes,        216 total
: 896K->0K(960K), 0.0007754 secs] 6964K->6644K(10176K), 0.0009322 secs] [Times: user=0.00 sys=0.00, real=0.00 secs] 
2019-01-02T11:13:49.238+0530: 897.139: [GC (Allocation Failure) 2019-01-02T11:13:49.238+0530: 897.139: [DefNew
Desired survivor size 32768 bytes, new threshold 15 (max 15)
- age   1:         24 bytes,         24 total
- age   4:        184 bytes,        208 total
- age  10:         16 bytes,        224 total
: 497K->0K(960K), 0.0002457 secs] 7141K->6644K(10176K), 0.0003079 secs] [Times: user=0.00 sys=0.00, real=0.00 secs] 
2019-01-02T11:13:49.239+0530: 897.139: [GC (Allocation Failure) 2019-01-02T11:13:49.239+0530: 897.139: [DefNew
Desired survivor size 32768 bytes, new threshold 15 (max 15)
- age   2:         24 bytes,         24 total
- age   5:        184 bytes,        208 total
- age  11:         16 bytes,        224 total
: 510K->0K(960K), 0.0003090 secs] 7154K->7154K(10176K), 0.0003609 secs] [Times: user=0.00 sys=0.00, real=0.00 secs] 
2019-01-02T11:13:49.240+0530: 897.140: [GC (Allocation Failure) 2019-01-02T11:13:49.240+0530: 897.140: [DefNew
Desired survivor size 32768 bytes, new threshold 15 (max 15)
- age   1:         24 bytes,         24 total
- age   6:         72 bytes,         96 total
- age  12:         16 bytes,        112 total
: 528K->0K(960K), 0.0002976 secs] 7682K->7665K(10176K), 0.0003518 secs] [Times: user=0.00 sys=0.00, real=0.00 secs] 
2019-01-02T11:13:49.296+0530: 897.196: [GC (Allocation Failure) 2019-01-02T11:13:49.297+0530: 897.196: [DefNew
Desired survivor size 32768 bytes, new threshold 15 (max 15)
- age   1:        248 bytes,        248 total
- age   7:         16 bytes,        264 total
- age  13:         16 bytes,        280 total
: 881K->0K(960K), 0.0006141 secs] 8546K->7737K(10176K), 0.0007828 secs] [Times: user=0.00 sys=0.00, real=0.00 secs] 
2019-01-02T11:13:49.299+0530: 897.199: [GC (Allocation Failure) 2019-01-02T11:13:49.299+0530: 897.199: [DefNew
Desired survivor size 32768 bytes, new threshold 15 (max 15)
- age   1:         40 bytes,         40 total
- age   2:        184 bytes,        224 total
- age   8:         16 bytes,        240 total
- age  14:         16 bytes,        256 total
: 896K->0K(960K), 0.0008991 secs] 8633K->8025K(10176K), 0.0011745 secs] [Times: user=0.00 sys=0.00, real=0.00 secs] 
2019-01-02T11:13:49.302+0530: 897.201: [GC (Allocation Failure) 2019-01-02T11:13:49.302+0530: 897.202: [DefNew
Desired survivor size 32768 bytes, new threshold 15 (max 15)
- age   3:        184 bytes,        184 total
- age   9:         16 bytes,        200 total
- age  15:         16 bytes,        216 total
: 896K->0K(960K), 0.0009949 secs] 8921K->8601K(10176K), 0.0012754 secs] [Times: user=0.00 sys=0.00, real=0.00 secs] 
2019-01-02T11:13:49.304+0530: 897.204: [GC (Allocation Failure) 2019-01-02T11:13:49.304+0530: 897.204: [DefNew
Desired survivor size 32768 bytes, new threshold 15 (max 15)
- age   1:         24 bytes,         24 total
- age   4:        184 bytes,        208 total
- age  10:         16 bytes,        224 total
: 497K->0K(960K), 0.0002571 secs] 9099K->8601K(10176K), 0.0003398 secs] [Times: user=0.00 sys=0.00, real=0.00 secs] 
2019-01-02T11:13:49.305+0530: 897.205: [GC (Allocation Failure) 2019-01-02T11:13:49.305+0530: 897.205: [DefNew
Desired survivor size 32768 bytes, new threshold 15 (max 15)
- age   2:         24 bytes,         24 total
- age   5:        184 bytes,        208 total
- age  11:         16 bytes,        224 total
: 510K->0K(960K), 0.0003341 secs] 9111K->9111K(10176K), 0.0004111 secs] [Times: user=0.00 sys=0.00, real=0.00 secs] 
2019-01-02T11:13:49.306+0530: 897.206: [GC (Allocation Failure) 2019-01-02T11:13:49.306+0530: 897.206: [DefNew: 528K->528K(960K), 0.0000285 secs]2019-01-02T11:13:49.306+0530: 897.206: [Tenured: 9111K->1283K(9216K), 0.0053948 secs] 9640K->1283K(10176K), [Metaspace: 2520K->2520K(1056768K)], 0.0055836 secs] [Times: user=0.02 sys=0.00, real=0.01 secs] 
2019-01-02T11:13:49.365+0530: 897.265: [GC (Allocation Failure) 2019-01-02T11:13:49.366+0530: 897.266: [DefNew
Desired survivor size 32768 bytes, new threshold 15 (max 15)
- age   1:        248 bytes,        248 total
: 881K->0K(960K), 0.0009254 secs] 2164K->1866K(10176K), 0.0013387 secs] [Times: user=0.00 sys=0.00, real=0.00 secs] 
2019-01-02T11:13:49.369+0530: 897.269: [GC (Allocation Failure) 2019-01-02T11:13:49.369+0530: 897.269: [DefNew
Desired survivor size 32768 bytes, new threshold 15 (max 15)
- age   1:         40 bytes,         40 total
- age   2:        184 bytes,        224 total
: 896K->0K(960K), 0.0007965 secs] 2762K->2154K(10176K), 0.0011717 secs] [Times: user=0.00 sys=0.00, real=0.00 secs] 
2019-01-02T11:13:49.372+0530: 897.272: [GC (Allocation Failure) 2019-01-02T11:13:49.372+0530: 897.272: [DefNew
Desired survivor size 32768 bytes, new threshold 15 (max 15)
- age   3:        184 bytes,        184 total
: 896K->0K(960K), 0.0011044 secs] 3050K->2730K(10176K), 0.0012715 secs] [Times: user=0.00 sys=0.00, real=0.00 secs] 
2019-01-02T11:13:49.374+0530: 897.274: [GC (Allocation Failure) 2019-01-02T11:13:49.375+0530: 897.274: [DefNew
Desired survivor size 32768 bytes, new threshold 15 (max 15)
- age   1:         24 bytes,         24 total
- age   4:        184 bytes,        208 total
: 497K->0K(960K), 0.0005787 secs] 3227K->2730K(10176K), 0.0007840 secs] [Times: user=0.00 sys=0.00, real=0.00 secs] 
2019-01-02T11:13:49.376+0530: 897.276: [GC (Allocation Failure) 2019-01-02T11:13:49.376+0530: 897.276: [DefNew
Desired survivor size 32768 bytes, new threshold 15 (max 15)
- age   2:         24 bytes,         24 total
- age   5:        184 bytes,        208 total
: 510K->0K(960K), 0.0012766 secs] 3240K->3240K(10176K), 0.0015029 secs] [Times: user=0.00 sys=0.00, real=0.00 secs] 
2019-01-02T11:13:49.379+0530: 897.279: [GC (Allocation Failure) 2019-01-02T11:13:49.379+0530: 897.279: [DefNew
Desired survivor size 32768 bytes, new threshold 15 (max 15)
- age   1:         24 bytes,         24 total
- age   6:         72 bytes,         96 total
: 528K->0K(960K), 0.0012395 secs] 3768K->3751K(10176K), 0.0015565 secs] [Times: user=0.00 sys=0.00, real=0.00 secs] 
2019-01-02T11:13:49.441+0530: 897.341: [GC (Allocation Failure) 2019-01-02T11:13:49.441+0530: 897.341: [DefNew
Desired survivor size 32768 bytes, new threshold 15 (max 15)
- age   1:        248 bytes,        248 total
- age   7:         16 bytes,        264 total
: 881K->0K(960K), 0.0013353 secs] 4632K->3823K(10176K), 0.0017675 secs] [Times: user=0.00 sys=0.00, real=0.00 secs] 
2019-01-02T11:13:49.445+0530: 897.345: [GC (Allocation Failure) 2019-01-02T11:13:49.445+0530: 897.345: [DefNew
Desired survivor size 32768 bytes, new threshold 15 (max 15)
- age   1:         40 bytes,         40 total
- age   2:        184 bytes,        224 total
- age   8:         16 bytes,        240 total
: 896K->0K(960K), 0.0013638 secs] 4719K->4111K(10176K), 0.0016056 secs] [Times: user=0.00 sys=0.00, real=0.00 secs] 
2019-01-02T11:13:49.448+0530: 897.348: [GC (Allocation Failure) 2019-01-02T11:13:49.448+0530: 897.348: [DefNew
Desired survivor size 32768 bytes, new threshold 15 (max 15)
- age   3:        184 bytes,        184 total
- age   9:         16 bytes,        200 total
: 896K->0K(960K), 0.0008250 secs] 5007K->4687K(10176K), 0.0009214 secs] [Times: user=0.00 sys=0.02, real=0.00 secs] 
2019-01-02T11:13:49.450+0530: 897.350: [GC (Allocation Failure) 2019-01-02T11:13:49.451+0530: 897.351: [DefNew
Desired survivor size 32768 bytes, new threshold 15 (max 15)
- age   1:         24 bytes,         24 total
- age   4:        184 bytes,        208 total
- age  10:         16 bytes,        224 total
: 497K->0K(960K), 0.0005730 secs] 5185K->4687K(10176K), 0.0008290 secs] [Times: user=0.00 sys=0.00, real=0.00 secs] 
2019-01-02T11:13:49.452+0530: 897.352: [GC (Allocation Failure) 2019-01-02T11:13:49.452+0530: 897.352: [DefNew
Desired survivor size 32768 bytes, new threshold 15 (max 15)
- age   2:         24 bytes,         24 total
- age   5:        184 bytes,        208 total
- age  11:         16 bytes,        224 total
: 510K->0K(960K), 0.0003267 secs] 5197K->5197K(10176K), 0.0003985 secs] [Times: user=0.00 sys=0.00, real=0.00 secs] 
2019-01-02T11:13:49.452+0530: 897.352: [GC (Allocation Failure) 2019-01-02T11:13:49.452+0530: 897.352: [DefNew
Desired survivor size 32768 bytes, new threshold 15 (max 15)
- age   1:         24 bytes,         24 total
- age   6:         72 bytes,         96 total
- age  12:         16 bytes,        112 total
: 528K->0K(960K), 0.0003147 secs] 5726K->5708K(10176K), 0.0003849 secs] [Times: user=0.00 sys=0.00, real=0.00 secs] 
2019-01-02T11:13:49.511+0530: 897.411: [GC (Allocation Failure) 2019-01-02T11:13:49.511+0530: 897.411: [DefNew
Desired survivor size 32768 bytes, new threshold 15 (max 15)
- age   1:        248 bytes,        248 total
- age   7:         16 bytes,        264 total
- age  13:         16 bytes,        280 total
: 881K->0K(960K), 0.0003005 secs] 6590K->5780K(10176K), 0.0004054 secs] [Times: user=0.00 sys=0.00, real=0.00 secs] 
2019-01-02T11:13:49.513+0530: 897.413: [GC (Allocation Failure) 2019-01-02T11:13:49.513+0530: 897.413: [DefNew
Desired survivor size 32768 bytes, new threshold 15 (max 15)
- age   1:         40 bytes,         40 total
- age   2:        184 bytes,        224 total
- age   8:         16 bytes,        240 total
- age  14:         16 bytes,        256 total
: 896K->0K(960K), 0.0010023 secs] 6676K->6068K(10176K), 0.0011768 secs] [Times: user=0.00 sys=0.00, real=0.00 secs] 
2019-01-02T11:13:49.516+0530: 897.416: [GC (Allocation Failure) 2019-01-02T11:13:49.516+0530: 897.416: [DefNew
Desired survivor size 32768 bytes, new threshold 15 (max 15)
- age   3:        184 bytes,        184 total
- age   9:         16 bytes,        200 total
- age  15:         16 bytes,        216 total
: 896K->0K(960K), 0.0012293 secs] 6964K->6644K(10176K), 0.0013946 secs] [Times: user=0.00 sys=0.00, real=0.00 secs] 
2019-01-02T11:13:49.521+0530: 897.421: [GC (Allocation Failure) 2019-01-02T11:13:49.521+0530: 897.421: [DefNew
Desired survivor size 32768 bytes, new threshold 15 (max 15)
- age   1:         24 bytes,         24 total
- age   4:        184 bytes,        208 total
- age  10:         16 bytes,        224 total
: 497K->0K(960K), 0.0002714 secs] 7142K->6644K(10176K), 0.0003660 secs] [Times: user=0.00 sys=0.00, real=0.00 secs] 
2019-01-02T11:13:49.522+0530: 897.422: [GC (Allocation Failure) 2019-01-02T11:13:49.522+0530: 897.422: [DefNew
Desired survivor size 32768 bytes, new threshold 15 (max 15)
- age   2:         24 bytes,         24 total
- age   5:        184 bytes,        208 total
- age  11:         16 bytes,        224 total
: 510K->0K(960K), 0.0003290 secs] 7155K->7155K(10176K), 0.0003951 secs] [Times: user=0.00 sys=0.00, real=0.00 secs] 
2019-01-02T11:13:49.523+0530: 897.423: [GC (Allocation Failure) 2019-01-02T11:13:49.523+0530: 897.423: [DefNew
Desired survivor size 32768 bytes, new threshold 15 (max 15)
- age   1:         24 bytes,         24 total
- age   6:         72 bytes,         96 total
- age  12:         16 bytes,        112 total
: 528K->0K(960K), 0.0003136 secs] 7683K->7665K(10176K), 0.0003740 secs] [Times: user=0.00 sys=0.00, real=0.00 secs] 
2019-01-02T11:13:49.588+0530: 897.488: [GC (Allocation Failure) 2019-01-02T11:13:49.589+0530: 897.489: [DefNew
Desired survivor size 32768 bytes, new threshold 15 (max 15)
- age   1:        248 bytes,        248 total
- age   7:         16 bytes,        264 total
- age  13:         16 bytes,        280 total
: 881K->0K(960K), 0.0014374 secs] 8547K->7738K(10176K), 0.0016922 secs] [Times: user=0.01 sys=0.00, real=0.00 secs] 
2019-01-02T11:13:49.592+0530: 897.492: [GC (Allocation Failure) 2019-01-02T11:13:49.592+0530: 897.492: [DefNew
Desired survivor size 32768 bytes, new threshold 15 (max 15)
- age   1:         40 bytes,         40 total
- age   2:        184 bytes,        224 total
- age   8:         16 bytes,        240 total
- age  14:         16 bytes,        256 total
: 896K->0K(960K), 0.0003244 secs] 8634K->8026K(10176K), 0.0004042 secs] [Times: user=0.00 sys=0.00, real=0.00 secs] 
2019-01-02T11:13:49.594+0530: 897.494: [GC (Allocation Failure) 2019-01-02T11:13:49.594+0530: 897.494: [DefNew
Desired survivor size 32768 bytes, new threshold 15 (max 15)
- age   3:        184 bytes,        184 total
- age   9:         16 bytes,        200 total
- age  15:         16 bytes,        216 total
: 896K->0K(960K), 0.0010098 secs] 8922K->8602K(10176K), 0.0012293 secs] [Times: user=0.00 sys=0.00, real=0.00 secs] 
2019-01-02T11:13:49.596+0530: 897.496: [GC (Allocation Failure) 2019-01-02T11:13:49.597+0530: 897.497: [DefNew
Desired survivor size 32768 bytes, new threshold 15 (max 15)
- age   1:         24 bytes,         24 total
- age   4:        184 bytes,        208 total
- age  10:         16 bytes,        224 total
: 497K->0K(960K), 0.0005548 secs] 9099K->8602K(10176K), 0.0008798 secs] [Times: user=0.00 sys=0.00, real=0.00 secs] 
2019-01-02T11:13:49.598+0530: 897.498: [GC (Allocation Failure) 2019-01-02T11:13:49.598+0530: 897.498: [DefNew
Desired survivor size 32768 bytes, new threshold 15 (max 15)
- age   2:         24 bytes,         24 total
- age   5:        184 bytes,        208 total
- age  11:         16 bytes,        224 total
: 510K->0K(960K), 0.0003700 secs] 9112K->9112K(10176K), 0.0004647 secs] [Times: user=0.00 sys=0.00, real=0.00 secs] 
2019-01-02T11:13:49.599+0530: 897.499: [GC (Allocation Failure) 2019-01-02T11:13:49.599+0530: 897.499: [DefNew: 528K->528K(960K), 0.0000239 secs]2019-01-02T11:13:49.599+0530: 897.499: [Tenured: 9112K->1283K(9216K), 0.0042072 secs] 9640K->1283K(10176K), [Metaspace: 2520K->2520K(1056768K)], 0.0043406 secs] [Times: user=0.00 sys=0.00, real=0.00 secs] 
2019-01-02T11:13:49.665+0530: 897.565: [GC (Allocation Failure) 2019-01-02T11:13:49.665+0530: 897.565: [DefNew
Desired survivor size 32768 bytes, new threshold 15 (max 15)
- age   1:        248 bytes,        248 total
: 881K->0K(960K), 0.0010491 secs] 2165K->1866K(10176K), 0.0011814 secs] [Times: user=0.00 sys=0.00, real=0.00 secs] 
2019-01-02T11:13:49.668+0530: 897.568: [GC (Allocation Failure) 2019-01-02T11:13:49.668+0530: 897.568: [DefNew
Desired survivor size 32768 bytes, new threshold 15 (max 15)
- age   1:         40 bytes,         40 total
- age   2:        184 bytes,        224 total
: 896K->0K(960K), 0.0007309 secs] 2762K->2154K(10176K), 0.0009094 secs] [Times: user=0.00 sys=0.00, real=0.00 secs] 
2019-01-02T11:13:49.671+0530: 897.571: [GC (Allocation Failure) 2019-01-02T11:13:49.671+0530: 897.571: [DefNew
Desired survivor size 32768 bytes, new threshold 15 (max 15)
- age   3:        184 bytes,        184 total
: 896K->0K(960K), 0.0009493 secs] 3050K->2730K(10176K), 0.0011591 secs] [Times: user=0.00 sys=0.00, real=0.00 secs] 
2019-01-02T11:13:49.673+0530: 897.573: [GC (Allocation Failure) 2019-01-02T11:13:49.673+0530: 897.573: [DefNew
Desired survivor size 32768 bytes, new threshold 15 (max 15)
- age   1:         24 bytes,         24 total
- age   4:        184 bytes,        208 total
: 497K->0K(960K), 0.0002560 secs] 3227K->2730K(10176K), 0.0003164 secs] [Times: user=0.00 sys=0.00, real=0.00 secs] 
2019-01-02T11:13:49.674+0530: 897.574: [GC (Allocation Failure) 2019-01-02T11:13:49.674+0530: 897.574: [DefNew
Desired survivor size 32768 bytes, new threshold 15 (max 15)
- age   2:         24 bytes,         24 total
- age   5:        184 bytes,        208 total
: 510K->0K(960K), 0.0003381 secs] 3240K->3240K(10176K), 0.0004054 secs] [Times: user=0.00 sys=0.00, real=0.00 secs] 
2019-01-02T11:13:49.674+0530: 897.574: [GC (Allocation Failure) 2019-01-02T11:13:49.674+0530: 897.574: [DefNew
Desired survivor size 32768 bytes, new threshold 15 (max 15)
- age   1:         24 bytes,         24 total
- age   6:         72 bytes,         96 total
: 528K->0K(960K), 0.0003296 secs] 3769K->3751K(10176K), 0.0003911 secs] [Times: user=0.00 sys=0.00, real=0.00 secs] 
2019-01-02T11:13:49.756+0530: 897.656: [GC (Allocation Failure) 2019-01-02T11:13:49.756+0530: 897.656: [DefNew
Desired survivor size 32768 bytes, new threshold 15 (max 15)
- age   1:        248 bytes,        248 total
- age   7:         16 bytes,        264 total
: 882K->0K(960K), 0.0003826 secs] 4633K->3823K(10176K), 0.0005052 secs] [Times: user=0.00 sys=0.00, real=0.00 secs] 
2019-01-02T11:13:49.757+0530: 897.657: [GC (Allocation Failure) 2019-01-02T11:13:49.757+0530: 897.657: [DefNew
Desired survivor size 32768 bytes, new threshold 15 (max 15)
- age   1:         40 bytes,         40 total
- age   2:        184 bytes,        224 total
- age   8:         16 bytes,        240 total
: 896K->0K(960K), 0.0003199 secs] 4719K->4111K(10176K), 0.0003923 secs] [Times: user=0.00 sys=0.00, real=0.00 secs] 
2019-01-02T11:13:49.758+0530: 897.658: [GC (Allocation Failure) 2019-01-02T11:13:49.758+0530: 897.658: [DefNew
Desired survivor size 32768 bytes, new threshold 15 (max 15)
- age   3:        184 bytes,        184 total
- age   9:         16 bytes,        200 total
: 896K->0K(960K), 0.0003512 secs] 5007K->4687K(10176K), 0.0004071 secs] [Times: user=0.00 sys=0.00, real=0.00 secs] 
2019-01-02T11:13:49.760+0530: 897.660: [GC (Allocation Failure) 2019-01-02T11:13:49.760+0530: 897.660: [DefNew
Desired survivor size 32768 bytes, new threshold 15 (max 15)
- age   1:         24 bytes,         24 total
- age   4:        184 bytes,        208 total
- age  10:         16 bytes,        224 total
: 497K->0K(960K), 0.0002828 secs] 5185K->4687K(10176K), 0.0003495 secs] [Times: user=0.00 sys=0.00, real=0.00 secs] 
2019-01-02T11:13:49.760+0530: 897.660: [GC (Allocation Failure) 2019-01-02T11:13:49.760+0530: 897.660: [DefNew
Desired survivor size 32768 bytes, new threshold 15 (max 15)
- age   2:         24 bytes,         24 total
- age   5:        184 bytes,        208 total
- age  11:         16 bytes,        224 total
: 510K->0K(960K), 0.0009026 secs] 5198K->5198K(10176K), 0.0010827 secs] [Times: user=0.02 sys=0.00, real=0.00 secs] 
2019-01-02T11:13:49.763+0530: 897.663: [GC (Allocation Failure) 2019-01-02T11:13:49.763+0530: 897.663: [DefNew
Desired survivor size 32768 bytes, new threshold 15 (max 15)
- age   1:         24 bytes,         24 total
- age   6:         72 bytes,         96 total
- age  12:         16 bytes,        112 total
: 528K->0K(960K), 0.0008159 secs] 5726K->5709K(10176K), 0.0009767 secs] [Times: user=0.00 sys=0.00, real=0.00 secs] 
2019-01-02T11:13:49.818+0530: 897.718: [GC (Allocation Failure) 2019-01-02T11:13:49.818+0530: 897.718: [DefNew
Desired survivor size 32768 bytes, new threshold 15 (max 15)
- age   1:        248 bytes,        248 total
- age   7:         16 bytes,        264 total
- age  13:         16 bytes,        280 total
: 882K->0K(960K), 0.0009841 secs] 6590K->5781K(10176K), 0.0012538 secs] [Times: user=0.00 sys=0.00, real=0.00 secs] 
2019-01-02T11:13:49.821+0530: 897.721: [GC (Allocation Failure) 2019-01-02T11:13:49.821+0530: 897.721: [DefNew
Desired survivor size 32768 bytes, new threshold 15 (max 15)
- age   1:         40 bytes,         40 total
- age   2:        184 bytes,        224 total
- age   8:         16 bytes,        240 total
- age  14:         16 bytes,        256 total
: 896K->0K(960K), 0.0010571 secs] 6677K->6069K(10176K), 0.0012110 secs] [Times: user=0.00 sys=0.00, real=0.00 secs] 
2019-01-02T11:13:49.824+0530: 897.724: [GC (Allocation Failure) 2019-01-02T11:13:49.824+0530: 897.724: [DefNew
Desired survivor size 32768 bytes, new threshold 15 (max 15)
- age   3:        184 bytes,        184 total
- age   9:         16 bytes,        200 total
- age  15:         16 bytes,        216 total
: 896K->0K(960K), 0.0004670 secs] 6965K->6645K(10176K), 0.0006232 secs] [Times: user=0.00 sys=0.00, real=0.00 secs] 
2019-01-02T11:13:49.826+0530: 897.726: [GC (Allocation Failure) 2019-01-02T11:13:49.826+0530: 897.726: [DefNew
Desired survivor size 32768 bytes, new threshold 15 (max 15)
- age   1:         24 bytes,         24 total
- age   4:        184 bytes,        208 total
- age  10:         16 bytes,        224 total
: 497K->0K(960K), 0.0002326 secs] 7142K->6645K(10176K), 0.0002868 secs] [Times: user=0.00 sys=0.00, real=0.00 secs] 
2019-01-02T11:13:49.826+0530: 897.726: [GC (Allocation Failure) 2019-01-02T11:13:49.826+0530: 897.726: [DefNew
Desired survivor size 32768 bytes, new threshold 15 (max 15)
- age   2:         24 bytes,         24 total
- age   5:        184 bytes,        208 total
- age  11:         16 bytes,        224 total
: 510K->0K(960K), 0.0003216 secs] 7155K->7155K(10176K), 0.0003792 secs] [Times: user=0.00 sys=0.00, real=0.00 secs] 
2019-01-02T11:13:49.827+0530: 897.727: [GC (Allocation Failure) 2019-01-02T11:13:49.827+0530: 897.727: [DefNew
Desired survivor size 32768 bytes, new threshold 15 (max 15)
- age   1:         24 bytes,         24 total
- age   6:         72 bytes,         96 total
- age  12:         16 bytes,        112 total
: 528K->0K(960K), 0.0002982 secs] 7684K->7666K(10176K), 0.0003524 secs] [Times: user=0.00 sys=0.00, real=0.00 secs] 
2019-01-02T11:13:49.892+0530: 897.792: [GC (Allocation Failure) 2019-01-02T11:13:49.892+0530: 897.792: [DefNew
Desired survivor size 32768 bytes, new threshold 15 (max 15)
- age   1:        248 bytes,        248 total
- age   7:         16 bytes,        264 total
- age  13:         16 bytes,        280 total
: 882K->0K(960K), 0.0013057 secs] 8548K->7738K(10176K), 0.0016603 secs] [Times: user=0.00 sys=0.00, real=0.00 secs] 
2019-01-02T11:13:49.896+0530: 897.796: [GC (Allocation Failure) 2019-01-02T11:13:49.896+0530: 897.796: [DefNew
Desired survivor size 32768 bytes, new threshold 15 (max 15)
- age   1:         40 bytes,         40 total
- age   2:        184 bytes,        224 total
- age   8:         16 bytes,        240 total
- age  14:         16 bytes,        256 total
: 896K->0K(960K), 0.0009111 secs] 8634K->8026K(10176K), 0.0013119 secs] [Times: user=0.00 sys=0.00, real=0.00 secs] 
2019-01-02T11:13:49.899+0530: 897.799: [GC (Allocation Failure) 2019-01-02T11:13:49.899+0530: 897.799: [DefNew
Desired survivor size 32768 bytes, new threshold 15 (max 15)
- age   3:        184 bytes,        184 total
- age   9:         16 bytes,        200 total
- age  15:         16 bytes,        216 total
: 896K->0K(960K), 0.0009733 secs] 8922K->8602K(10176K), 0.0010822 secs] [Times: user=0.00 sys=0.00, real=0.00 secs] 
2019-01-02T11:13:49.901+0530: 897.801: [GC (Allocation Failure) 2019-01-02T11:13:49.901+0530: 897.801: [DefNew
Desired survivor size 32768 bytes, new threshold 15 (max 15)
- age   1:         24 bytes,         24 total
- age   4:        184 bytes,        208 total
- age  10:         16 bytes,        224 total
: 497K->0K(960K), 0.0003871 secs] 9100K->8602K(10176K), 0.0004801 secs] [Times: user=0.00 sys=0.00, real=0.00 secs] 
2019-01-02T11:13:49.903+0530: 897.803: [GC (Allocation Failure) 2019-01-02T11:13:49.903+0530: 897.803: [DefNew
Desired survivor size 32768 bytes, new threshold 15 (max 15)
- age   2:         24 bytes,         24 total
- age   5:        184 bytes,        208 total
- age  11:         16 bytes,        224 total
: 510K->0K(960K), 0.0005325 secs] 9113K->9113K(10176K), 0.0006665 secs] [Times: user=0.00 sys=0.00, real=0.00 secs] 
2019-01-02T11:13:49.904+0530: 897.804: [GC (Allocation Failure) 2019-01-02T11:13:49.904+0530: 897.804: [DefNew: 528K->528K(960K), 0.0000296 secs]2019-01-02T11:13:49.904+0530: 897.804: [Tenured: 9113K->1283K(9216K), 0.0037699 secs] 9641K->1283K(10176K), [Metaspace: 2520K->2520K(1056768K)], 0.0039255 secs] [Times: user=0.00 sys=0.00, real=0.00 secs] 
2019-01-02T11:13:49.966+0530: 897.866: [GC (Allocation Failure) 2019-01-02T11:13:49.966+0530: 897.866: [DefNew
Desired survivor size 32768 bytes, new threshold 15 (max 15)
- age   1:        248 bytes,        248 total
: 881K->0K(960K), 0.0007959 secs] 2165K->1866K(10176K), 0.0009527 secs] [Times: user=0.00 sys=0.00, real=0.00 secs] 
2019-01-02T11:13:49.969+0530: 897.869: [GC (Allocation Failure) 2019-01-02T11:13:49.969+0530: 897.869: [DefNew
Desired survivor size 32768 bytes, new threshold 15 (max 15)
- age   1:         40 bytes,         40 total
- age   2:        184 bytes,        224 total
: 896K->0K(960K), 0.0011380 secs] 2762K->2154K(10176K), 0.0013684 secs] [Times: user=0.00 sys=0.00, real=0.00 secs] 
2019-01-02T11:13:49.971+0530: 897.871: [GC (Allocation Failure) 2019-01-02T11:13:49.971+0530: 897.872: [DefNew
Desired survivor size 32768 bytes, new threshold 15 (max 15)
- age   3:        184 bytes,        184 total
: 896K->0K(960K), 0.0011586 secs] 3050K->2730K(10176K), 0.0013570 secs] [Times: user=0.00 sys=0.00, real=0.00 secs] 
2019-01-02T11:13:49.974+0530: 897.874: [GC (Allocation Failure) 2019-01-02T11:13:49.974+0530: 897.874: [DefNew
Desired survivor size 32768 bytes, new threshold 15 (max 15)
- age   1:         24 bytes,         24 total
- age   4:        184 bytes,        208 total
: 497K->0K(960K), 0.0002526 secs] 3228K->2730K(10176K), 0.0003142 secs] [Times: user=0.00 sys=0.00, real=0.00 secs] 
2019-01-02T11:13:49.974+0530: 897.874: [GC (Allocation Failure) 2019-01-02T11:13:49.974+0530: 897.875: [DefNew
Desired survivor size 32768 bytes, new threshold 15 (max 15)
- age   2:         24 bytes,         24 total
- age   5:        184 bytes,        208 total
: 510K->0K(960K), 0.0003005 secs] 3241K->3241K(10176K), 0.0003501 secs] [Times: user=0.00 sys=0.00, real=0.00 secs] 
2019-01-02T11:13:49.975+0530: 897.875: [GC (Allocation Failure) 2019-01-02T11:13:49.975+0530: 897.875: [DefNew
Desired survivor size 32768 bytes, new threshold 15 (max 15)
- age   1:         24 bytes,         24 total
- age   6:         72 bytes,         96 total
: 528K->0K(960K), 0.0002874 secs] 3769K->3751K(10176K), 0.0003381 secs] [Times: user=0.00 sys=0.00, real=0.00 secs] 
2019-01-02T11:13:50.036+0530: 897.936: [GC (Allocation Failure) 2019-01-02T11:13:50.036+0530: 897.936: [DefNew
Desired survivor size 32768 bytes, new threshold 15 (max 15)
- age   1:        248 bytes,        248 total
- age   7:         16 bytes,        264 total
: 882K->0K(960K), 0.0008940 secs] 4633K->3824K(10176K), 0.0011523 secs] [Times: user=0.00 sys=0.00, real=0.00 secs] 
2019-01-02T11:13:50.039+0530: 897.939: [GC (Allocation Failure) 2019-01-02T11:13:50.039+0530: 897.939: [DefNew
Desired survivor size 32768 bytes, new threshold 15 (max 15)
- age   1:         40 bytes,         40 total
- age   2:        184 bytes,        224 total
- age   8:         16 bytes,        240 total
: 896K->0K(960K), 0.0007155 secs] 4720K->4112K(10176K), 0.0008832 secs] [Times: user=0.00 sys=0.00, real=0.00 secs] 
2019-01-02T11:13:50.041+0530: 897.941: [GC (Allocation Failure) 2019-01-02T11:13:50.041+0530: 897.941: [DefNew
Desired survivor size 32768 bytes, new threshold 15 (max 15)
- age   3:        184 bytes,        184 total
- age   9:         16 bytes,        200 total
: 896K->0K(960K), 0.0004270 secs] 5008K->4688K(10176K), 0.0005126 secs] [Times: user=0.02 sys=0.00, real=0.00 secs] 
2019-01-02T11:13:50.043+0530: 897.943: [GC (Allocation Failure) 2019-01-02T11:13:50.043+0530: 897.943: [DefNew
Desired survivor size 32768 bytes, new threshold 15 (max 15)
- age   1:         24 bytes,         24 total
- age   4:        184 bytes,        208 total
- age  10:         16 bytes,        224 total
: 497K->0K(960K), 0.0002600 secs] 5185K->4688K(10176K), 0.0003461 secs] [Times: user=0.00 sys=0.00, real=0.00 secs] 
2019-01-02T11:13:50.044+0530: 897.944: [GC (Allocation Failure) 2019-01-02T11:13:50.044+0530: 897.944: [DefNew
Desired survivor size 32768 bytes, new threshold 15 (max 15)
- age   2:         24 bytes,         24 total
- age   5:        184 bytes,        208 total
- age  11:         16 bytes,        224 total
: 510K->0K(960K), 0.0003461 secs] 5198K->5198K(10176K), 0.0004145 secs] [Times: user=0.00 sys=0.00, real=0.00 secs] 
2019-01-02T11:13:50.044+0530: 897.944: [GC (Allocation Failure) 2019-01-02T11:13:50.044+0530: 897.944: [DefNew
Desired survivor size 32768 bytes, new threshold 15 (max 15)
- age   1:         24 bytes,         24 total
- age   6:         72 bytes,         96 total
- age  12:         16 bytes,        112 total
: 528K->0K(960K), 0.0003398 secs] 5727K->5709K(10176K), 0.0004065 secs] [Times: user=0.00 sys=0.00, real=0.00 secs] 
2019-01-02T11:13:50.106+0530: 898.006: [GC (Allocation Failure) 2019-01-02T11:13:50.106+0530: 898.006: [DefNew
Desired survivor size 32768 bytes, new threshold 15 (max 15)
- age   1:        248 bytes,        248 total
- age   7:         16 bytes,        264 total
- age  13:         16 bytes,        280 total
: 882K->0K(960K), 0.0004573 secs] 6591K->5781K(10176K), 0.0007258 secs] [Times: user=0.00 sys=0.00, real=0.00 secs] 
2019-01-02T11:13:50.108+0530: 898.008: [GC (Allocation Failure) 2019-01-02T11:13:50.108+0530: 898.008: [DefNew
Desired survivor size 32768 bytes, new threshold 15 (max 15)
- age   1:         40 bytes,         40 total
- age   2:        184 bytes,        224 total
- age   8:         16 bytes,        240 total
- age  14:         16 bytes,        256 total
: 896K->0K(960K), 0.0009989 secs] 6677K->6069K(10176K), 0.0011198 secs] [Times: user=0.00 sys=0.00, real=0.00 secs] 
2019-01-02T11:13:50.111+0530: 898.011: [GC (Allocation Failure) 2019-01-02T11:13:50.111+0530: 898.011: [DefNew
Desired survivor size 32768 bytes, new threshold 15 (max 15)
- age   3:        184 bytes,        184 total
- age   9:         16 bytes,        200 total
- age  15:         16 bytes,        216 total
: 896K->0K(960K), 0.0006688 secs] 6965K->6645K(10176K), 0.0008991 secs] [Times: user=0.00 sys=0.00, real=0.00 secs] 
2019-01-02T11:13:50.113+0530: 898.013: [GC (Allocation Failure) 2019-01-02T11:13:50.114+0530: 898.014: [DefNew
Desired survivor size 32768 bytes, new threshold 15 (max 15)
- age   1:         24 bytes,         24 total
- age   4:        184 bytes,        208 total
- age  10:         16 bytes,        224 total
: 497K->0K(960K), 0.0007891 secs] 7143K->6645K(10176K), 0.0010508 secs] [Times: user=0.00 sys=0.00, real=0.00 secs] 
2019-01-02T11:13:50.115+0530: 898.015: [GC (Allocation Failure) 2019-01-02T11:13:50.115+0530: 898.015: [DefNew
Desired survivor size 32768 bytes, new threshold 15 (max 15)
- age   2:         24 bytes,         24 total
- age   5:        184 bytes,        208 total
- age  11:         16 bytes,        224 total
: 511K->0K(960K), 0.0006888 secs] 7156K->7156K(10176K), 0.0008376 secs] [Times: user=0.00 sys=0.00, real=0.00 secs] 
2019-01-02T11:13:50.116+0530: 898.016: [GC (Allocation Failure) 2019-01-02T11:13:50.116+0530: 898.016: [DefNew
Desired survivor size 32768 bytes, new threshold 15 (max 15)
- age   1:         24 bytes,         24 total
- age   6:         72 bytes,         96 total
- age  12:         16 bytes,        112 total
: 528K->0K(960K), 0.0005160 secs] 7685K->7667K(10176K), 0.0006112 secs] [Times: user=0.00 sys=0.00, real=0.00 secs] 
2019-01-02T11:13:50.174+0530: 898.074: [GC (Allocation Failure) 2019-01-02T11:13:50.174+0530: 898.074: [DefNew
Desired survivor size 32768 bytes, new threshold 15 (max 15)
- age   1:        248 bytes,        248 total
- age   7:         16 bytes,        264 total
- age  13:         16 bytes,        280 total
: 882K->0K(960K), 0.0011072 secs] 8549K->7739K(10176K), 0.0014054 secs] [Times: user=0.00 sys=0.00, real=0.00 secs] 
2019-01-02T11:13:50.177+0530: 898.077: [GC (Allocation Failure) 2019-01-02T11:13:50.177+0530: 898.077: [DefNew
Desired survivor size 32768 bytes, new threshold 15 (max 15)
- age   1:         40 bytes,         40 total
- age   2:        184 bytes,        224 total
- age   8:         16 bytes,        240 total
- age  14:         16 bytes,        256 total
: 896K->0K(960K), 0.0004727 secs] 8635K->8027K(10176K), 0.0006813 secs] [Times: user=0.00 sys=0.00, real=0.00 secs] 
2019-01-02T11:13:50.179+0530: 898.079: [GC (Allocation Failure) 2019-01-02T11:13:50.179+0530: 898.079: [DefNew
Desired survivor size 32768 bytes, new threshold 15 (max 15)
- age   3:        184 bytes,        184 total
- age   9:         16 bytes,        200 total
- age  15:         16 bytes,        216 total
: 896K->0K(960K), 0.0014459 secs] 8923K->8603K(10176K), 0.0016706 secs] [Times: user=0.00 sys=0.00, real=0.00 secs] 
2019-01-02T11:13:50.182+0530: 898.082: [GC (Allocation Failure) 2019-01-02T11:13:50.182+0530: 898.082: [DefNew
Desired survivor size 32768 bytes, new threshold 15 (max 15)
- age   1:         24 bytes,         24 total
- age   4:        184 bytes,        208 total
- age  10:         16 bytes,        224 total
: 497K->0K(960K), 0.0005570 secs] 9101K->8603K(10176K), 0.0006791 secs] [Times: user=0.00 sys=0.00, real=0.00 secs] 
2019-01-02T11:13:50.183+0530: 898.083: [GC (Allocation Failure) 2019-01-02T11:13:50.184+0530: 898.084: [DefNew
Desired survivor size 32768 bytes, new threshold 15 (max 15)
- age   2:         24 bytes,         24 total
- age   5:        184 bytes,        208 total
- age  11:         16 bytes,        224 total
: 511K->0K(960K), 0.0009351 secs] 9114K->9114K(10176K), 0.0011603 secs] [Times: user=0.00 sys=0.00, real=0.00 secs] 
2019-01-02T11:13:50.185+0530: 898.085: [GC (Allocation Failure) 2019-01-02T11:13:50.185+0530: 898.085: [DefNew: 528K->528K(960K), 0.0000433 secs]2019-01-02T11:13:50.185+0530: 898.085: [Tenured: 9114K->1283K(9216K), 0.0046958 secs] 9642K->1283K(10176K), [Metaspace: 2520K->2520K(1056768K)], 0.0048806 secs] [Times: user=0.00 sys=0.00, real=0.01 secs] 
2019-01-02T11:13:50.246+0530: 898.146: [GC (Allocation Failure) 2019-01-02T11:13:50.246+0530: 898.146: [DefNew
Desired survivor size 32768 bytes, new threshold 15 (max 15)
- age   1:        248 bytes,        248 total
: 882K->0K(960K), 0.0012737 secs] 2165K->1866K(10176K), 0.0016854 secs] [Times: user=0.00 sys=0.00, real=0.00 secs] 
2019-01-02T11:13:50.250+0530: 898.150: [GC (Allocation Failure) 2019-01-02T11:13:50.250+0530: 898.150: [DefNew
Desired survivor size 32768 bytes, new threshold 15 (max 15)
- age   1:         40 bytes,         40 total
- age   2:        184 bytes,        224 total
: 896K->0K(960K), 0.0012190 secs] 2762K->2154K(10176K), 0.0014305 secs] [Times: user=0.00 sys=0.00, real=0.00 secs] 
2019-01-02T11:13:50.253+0530: 898.153: [GC (Allocation Failure) 2019-01-02T11:13:50.253+0530: 898.153: [DefNew
Desired survivor size 32768 bytes, new threshold 15 (max 15)
- age   3:        184 bytes,        184 total
: 896K->0K(960K), 0.0008079 secs] 3050K->2730K(10176K), 0.0009282 secs] [Times: user=0.00 sys=0.00, real=0.00 secs] 
2019-01-02T11:13:50.255+0530: 898.155: [GC (Allocation Failure) 2019-01-02T11:13:50.255+0530: 898.155: [DefNew
Desired survivor size 32768 bytes, new threshold 15 (max 15)
- age   1:         24 bytes,         24 total
- age   4:        184 bytes,        208 total
: 497K->0K(960K), 0.0005793 secs] 3228K->2730K(10176K), 0.0007264 secs] [Times: user=0.00 sys=0.00, real=0.00 secs] 
2019-01-02T11:13:50.257+0530: 898.157: [GC (Allocation Failure) 2019-01-02T11:13:50.257+0530: 898.157: [DefNew
Desired survivor size 32768 bytes, new threshold 15 (max 15)
- age   2:         24 bytes,         24 total
- age   5:        184 bytes,        208 total
: 511K->0K(960K), 0.0003233 secs] 3241K->3241K(10176K), 0.0003797 secs] [Times: user=0.00 sys=0.00, real=0.00 secs] 
2019-01-02T11:13:50.257+0530: 898.157: [GC (Allocation Failure) 2019-01-02T11:13:50.257+0530: 898.157: [DefNew
Desired survivor size 32768 bytes, new threshold 15 (max 15)
- age   1:         24 bytes,         24 total
- age   6:         72 bytes,         96 total
: 528K->0K(960K), 0.0003159 secs] 3770K->3752K(10176K), 0.0003678 secs] [Times: user=0.00 sys=0.00, real=0.00 secs] 
2019-01-02T11:13:50.313+0530: 898.214: [GC (Allocation Failure) 2019-01-02T11:13:50.314+0530: 898.214: [DefNew
Desired survivor size 32768 bytes, new threshold 15 (max 15)
- age   1:        248 bytes,        248 total
- age   7:         16 bytes,        264 total
: 882K->0K(960K), 0.0013564 secs] 4634K->3824K(10176K), 0.0017715 secs] [Times: user=0.00 sys=0.00, real=0.00 secs] 
2019-01-02T11:13:50.317+0530: 898.217: [GC (Allocation Failure) 2019-01-02T11:13:50.317+0530: 898.217: [DefNew
Desired survivor size 32768 bytes, new threshold 15 (max 15)
- age   1:         40 bytes,         40 total
- age   2:        184 bytes,        224 total
- age   8:         16 bytes,        240 total
: 896K->0K(960K), 0.0010765 secs] 4720K->4112K(10176K), 0.0012948 secs] [Times: user=0.00 sys=0.00, real=0.00 secs] 
2019-01-02T11:13:50.320+0530: 898.220: [GC (Allocation Failure) 2019-01-02T11:13:50.320+0530: 898.220: [DefNew
Desired survivor size 32768 bytes, new threshold 15 (max 15)
- age   3:        184 bytes,        184 total
- age   9:         16 bytes,        200 total
: 896K->0K(960K), 0.0010194 secs] 5008K->4688K(10176K), 0.0011397 secs] [Times: user=0.00 sys=0.00, real=0.00 secs] 
2019-01-02T11:13:50.322+0530: 898.222: [GC (Allocation Failure) 2019-01-02T11:13:50.322+0530: 898.222: [DefNew
Desired survivor size 32768 bytes, new threshold 15 (max 15)
- age   1:         24 bytes,         24 total
- age   4:        184 bytes,        208 total
- age  10:         16 bytes,        224 total
: 497K->0K(960K), 0.0008678 secs] 5186K->4688K(10176K), 0.0011072 secs] [Times: user=0.00 sys=0.00, real=0.00 secs] 
2019-01-02T11:13:50.324+0530: 898.224: [GC (Allocation Failure) 2019-01-02T11:13:50.324+0530: 898.224: [DefNew
Desired survivor size 32768 bytes, new threshold 15 (max 15)
- age   2:         24 bytes,         24 total
- age   5:        184 bytes,        208 total
- age  11:         16 bytes,        224 total
: 511K->0K(960K), 0.0003478 secs] 5199K->5199K(10176K), 0.0004231 secs] [Times: user=0.00 sys=0.00, real=0.00 secs] 
2019-01-02T11:13:50.325+0530: 898.225: [GC (Allocation Failure) 2019-01-02T11:13:50.325+0530: 898.225: [DefNew
Desired survivor size 32768 bytes, new threshold 15 (max 15)
- age   1:         24 bytes,         24 total
- age   6:         72 bytes,         96 total
- age  12:         16 bytes,        112 total
: 528K->0K(960K), 0.0003210 secs] 5727K->5710K(10176K), 0.0003911 secs] [Times: user=0.00 sys=0.00, real=0.00 secs] 
2019-01-02T11:13:50.380+0530: 898.281: [GC (Allocation Failure) 2019-01-02T11:13:50.381+0530: 898.281: [DefNew
Desired survivor size 32768 bytes, new threshold 15 (max 15)
- age   1:        248 bytes,        248 total
- age   7:         16 bytes,        264 total
- age  13:         16 bytes,        280 total
: 882K->0K(960K), 0.0012076 secs] 6592K->5782K(10176K), 0.0016603 secs] [Times: user=0.00 sys=0.00, real=0.00 secs] 
2019-01-02T11:13:50.385+0530: 898.285: [GC (Allocation Failure) 2019-01-02T11:13:50.385+0530: 898.285: [DefNew
Desired survivor size 32768 bytes, new threshold 15 (max 15)
- age   1:         40 bytes,         40 total
- age   2:        184 bytes,        224 total
- age   8:         16 bytes,        240 total
- age  14:         16 bytes,        256 total
: 896K->0K(960K), 0.0007292 secs] 6678K->6070K(10176K), 0.0010166 secs] [Times: user=0.00 sys=0.00, real=0.00 secs] 
2019-01-02T11:13:50.387+0530: 898.287: [GC (Allocation Failure) 2019-01-02T11:13:50.387+0530: 898.287: [DefNew
Desired survivor size 32768 bytes, new threshold 15 (max 15)
- age   3:        184 bytes,        184 total
- age   9:         16 bytes,        200 total
- age  15:         16 bytes,        216 total
: 896K->0K(960K), 0.0009448 secs] 6966K->6646K(10176K), 0.0010411 secs] [Times: user=0.00 sys=0.00, real=0.00 secs] 
2019-01-02T11:13:50.390+0530: 898.290: [GC (Allocation Failure) 2019-01-02T11:13:50.390+0530: 898.290: [DefNew
Desired survivor size 32768 bytes, new threshold 15 (max 15)
- age   1:         24 bytes,         24 total
- age   4:        184 bytes,        208 total
- age  10:         16 bytes,        224 total
: 497K->0K(960K), 0.0007201 secs] 7144K->6646K(10176K), 0.0010337 secs] [Times: user=0.00 sys=0.00, real=0.00 secs] 
2019-01-02T11:13:50.392+0530: 898.292: [GC (Allocation Failure) 2019-01-02T11:13:50.392+0530: 898.292: [DefNew
Desired survivor size 32768 bytes, new threshold 15 (max 15)
- age   2:         24 bytes,         24 total
- age   5:        184 bytes,        208 total
- age  11:         16 bytes,        224 total
: 511K->0K(960K), 0.0003740 secs] 7157K->7157K(10176K), 0.0004578 secs] [Times: user=0.00 sys=0.00, real=0.00 secs] 
2019-01-02T11:13:50.393+0530: 898.293: [GC (Allocation Failure) 2019-01-02T11:13:50.393+0530: 898.293: [DefNew
Desired survivor size 32768 bytes, new threshold 15 (max 15)
- age   1:         24 bytes,         24 total
- age   6:         72 bytes,         96 total
- age  12:         16 bytes,        112 total
: 528K->0K(960K), 0.0003347 secs] 7685K->7668K(10176K), 0.0004071 secs] [Times: user=0.00 sys=0.00, real=0.00 secs] 
2019-01-02T11:13:50.454+0530: 898.354: [GC (Allocation Failure) 2019-01-02T11:13:50.454+0530: 898.354: [DefNew
Desired survivor size 32768 bytes, new threshold 15 (max 15)
- age   1:        248 bytes,        248 total
- age   7:         16 bytes,        264 total
- age  13:         16 bytes,        280 total
: 882K->0K(960K), 0.0008815 secs] 8550K->7740K(10176K), 0.0010383 secs] [Times: user=0.00 sys=0.00, real=0.00 secs] 
2019-01-02T11:13:50.457+0530: 898.357: [GC (Allocation Failure) 2019-01-02T11:13:50.457+0530: 898.357: [DefNew
Desired survivor size 32768 bytes, new threshold 15 (max 15)
- age   1:         40 bytes,         40 total
- age   2:        184 bytes,        224 total
- age   8:         16 bytes,        240 total
- age  14:         16 bytes,        256 total
: 896K->0K(960K), 0.0008455 secs] 8636K->8028K(10176K), 0.0010730 secs] [Times: user=0.00 sys=0.00, real=0.00 secs] 
2019-01-02T11:13:50.460+0530: 898.360: [GC (Allocation Failure) 2019-01-02T11:13:50.460+0530: 898.360: [DefNew
Desired survivor size 32768 bytes, new threshold 15 (max 15)
- age   3:        184 bytes,        184 total
- age   9:         16 bytes,        200 total
- age  15:         16 bytes,        216 total
: 896K->0K(960K), 0.0004521 secs] 8924K->8604K(10176K), 0.0005673 secs] [Times: user=0.00 sys=0.00, real=0.00 secs] 
2019-01-02T11:13:50.461+0530: 898.361: [GC (Allocation Failure) 2019-01-02T11:13:50.461+0530: 898.361: [DefNew
Desired survivor size 32768 bytes, new threshold 15 (max 15)
- age   1:         24 bytes,         24 total
- age   4:        184 bytes,        208 total
- age  10:         16 bytes,        224 total
: 497K->0K(960K), 0.0002577 secs] 9102K->8604K(10176K), 0.0003296 secs] [Times: user=0.00 sys=0.00, real=0.00 secs] 
2019-01-02T11:13:50.462+0530: 898.362: [GC (Allocation Failure) 2019-01-02T11:13:50.462+0530: 898.362: [DefNew
Desired survivor size 32768 bytes, new threshold 15 (max 15)
- age   2:         24 bytes,         24 total
- age   5:        184 bytes,        208 total
- age  11:         16 bytes,        224 total
: 511K->0K(960K), 0.0003153 secs] 9115K->9115K(10176K), 0.0003831 secs] [Times: user=0.00 sys=0.00, real=0.00 secs] 
2019-01-02T11:13:50.463+0530: 898.363: [GC (Allocation Failure) 2019-01-02T11:13:50.463+0530: 898.363: [DefNew: 528K->528K(960K), 0.0000376 secs]2019-01-02T11:13:50.463+0530: 898.363: [Tenured: 9114K->1283K(9216K), 0.0059941 secs] 9643K->1283K(10176K), [Metaspace: 2520K->2520K(1056768K)], 0.0063419 secs] [Times: user=0.00 sys=0.00, real=0.01 secs] 
2019-01-02T11:13:50.528+0530: 898.428: [GC (Allocation Failure) 2019-01-02T11:13:50.528+0530: 898.428: [DefNew
Desired survivor size 32768 bytes, new threshold 15 (max 15)
- age   1:        248 bytes,        248 total
: 882K->0K(960K), 0.0013102 secs] 2165K->1866K(10176K), 0.0017806 secs] [Times: user=0.00 sys=0.00, real=0.00 secs] 
2019-01-02T11:13:50.532+0530: 898.432: [GC (Allocation Failure) 2019-01-02T11:13:50.533+0530: 898.433: [DefNew
Desired survivor size 32768 bytes, new threshold 15 (max 15)
- age   1:         40 bytes,         40 total
- age   2:        184 bytes,        224 total
: 896K->0K(960K), 0.0012914 secs] 2762K->2154K(10176K), 0.0016489 secs] [Times: user=0.00 sys=0.00, real=0.00 secs] 
2019-01-02T11:13:50.536+0530: 898.436: [GC (Allocation Failure) 2019-01-02T11:13:50.536+0530: 898.436: [DefNew
Desired survivor size 32768 bytes, new threshold 15 (max 15)
- age   3:        184 bytes,        184 total
: 896K->0K(960K), 0.0013279 secs] 3050K->2730K(10176K), 0.0015229 secs] [Times: user=0.00 sys=0.00, real=0.00 secs] 
2019-01-02T11:13:50.539+0530: 898.439: [GC (Allocation Failure) 2019-01-02T11:13:50.539+0530: 898.439: [DefNew
Desired survivor size 32768 bytes, new threshold 15 (max 15)
- age   1:         24 bytes,         24 total
- age   4:        184 bytes,        208 total
: 497K->0K(960K), 0.0003045 secs] 3228K->2730K(10176K), 0.0003860 secs] [Times: user=0.00 sys=0.00, real=0.00 secs] 
2019-01-02T11:13:50.540+0530: 898.440: [GC (Allocation Failure) 2019-01-02T11:13:50.540+0530: 898.440: [DefNew
Desired survivor size 32768 bytes, new threshold 15 (max 15)
- age   2:         24 bytes,         24 total
- age   5:        184 bytes,        208 total
: 511K->0K(960K), 0.0003113 secs] 3241K->3241K(10176K), 0.0003649 secs] [Times: user=0.00 sys=0.00, real=0.00 secs] 
2019-01-02T11:13:50.540+0530: 898.440: [GC (Allocation Failure) 2019-01-02T11:13:50.540+0530: 898.440: [DefNew
Desired survivor size 32768 bytes, new threshold 15 (max 15)
- age   1:         24 bytes,         24 total
- age   6:         72 bytes,         96 total
: 528K->0K(960K), 0.0003991 secs] 3770K->3752K(10176K), 0.0004761 secs] [Times: user=0.02 sys=0.00, real=0.00 secs] 
2019-01-02T11:13:50.603+0530: 898.503: [GC (Allocation Failure) 2019-01-02T11:13:50.603+0530: 898.503: [DefNew
Desired survivor size 32768 bytes, new threshold 15 (max 15)
- age   1:        248 bytes,        248 total
- age   7:         16 bytes,        264 total
: 882K->0K(960K), 0.0005730 secs] 4634K->3824K(10176K), 0.0007133 secs] [Times: user=0.00 sys=0.02, real=0.00 secs] 
2019-01-02T11:13:50.605+0530: 898.505: [GC (Allocation Failure) 2019-01-02T11:13:50.605+0530: 898.505: [DefNew
Desired survivor size 32768 bytes, new threshold 15 (max 15)
- age   1:         40 bytes,         40 total
- age   2:        184 bytes,        224 total
- age   8:         16 bytes,        240 total
: 896K->0K(960K), 0.0010919 secs] 4720K->4112K(10176K), 0.0012846 secs] [Times: user=0.00 sys=0.00, real=0.00 secs] 
2019-01-02T11:13:50.608+0530: 898.508: [GC (Allocation Failure) 2019-01-02T11:13:50.608+0530: 898.508: [DefNew
Desired survivor size 32768 bytes, new threshold 15 (max 15)
- age   3:        184 bytes,        184 total
- age   9:         16 bytes,        200 total
: 896K->0K(960K), 0.0003957 secs] 5008K->4688K(10176K), 0.0004835 secs] [Times: user=0.00 sys=0.00, real=0.00 secs] 
2019-01-02T11:13:50.609+0530: 898.510: [GC (Allocation Failure) 2019-01-02T11:13:50.610+0530: 898.510: [DefNew
Desired survivor size 32768 bytes, new threshold 15 (max 15)
- age   1:         24 bytes,         24 total
- age   4:        184 bytes,        208 total
- age  10:         16 bytes,        224 total
: 497K->0K(960K), 0.0002765 secs] 5186K->4688K(10176K), 0.0003541 secs] [Times: user=0.00 sys=0.00, real=0.00 secs] 
2019-01-02T11:13:50.610+0530: 898.510: [GC (Allocation Failure) 2019-01-02T11:13:50.610+0530: 898.510: [DefNew
Desired survivor size 32768 bytes, new threshold 15 (max 15)
- age   2:         24 bytes,         24 total
- age   5:        184 bytes,        208 total
- age  11:         16 bytes,        224 total
: 511K->0K(960K), 0.0003216 secs] 5199K->5199K(10176K), 0.0003906 secs] [Times: user=0.00 sys=0.00, real=0.00 secs] 
2019-01-02T11:13:50.611+0530: 898.511: [GC (Allocation Failure) 2019-01-02T11:13:50.611+0530: 898.511: [DefNew
Desired survivor size 32768 bytes, new threshold 15 (max 15)
- age   1:         24 bytes,         24 total
- age   6:         72 bytes,         96 total
- age  12:         16 bytes,        112 total
: 528K->0K(960K), 0.0003261 secs] 5728K->5710K(10176K), 0.0004048 secs] [Times: user=0.00 sys=0.00, real=0.00 secs] 
2019-01-02T11:13:50.669+0530: 898.569: [GC (Allocation Failure) 2019-01-02T11:13:50.669+0530: 898.569: [DefNew
Desired survivor size 32768 bytes, new threshold 15 (max 15)
- age   1:        248 bytes,        248 total
- age   7:         16 bytes,        264 total
- age  13:         16 bytes,        280 total
: 882K->0K(960K), 0.0005160 secs] 6592K->5782K(10176K), 0.0008604 secs] [Times: user=0.00 sys=0.00, real=0.00 secs] 
2019-01-02T11:13:50.671+0530: 898.571: [GC (Allocation Failure) 2019-01-02T11:13:50.671+0530: 898.571: [DefNew
Desired survivor size 32768 bytes, new threshold 15 (max 15)
- age   1:         40 bytes,         40 total
- age   2:        184 bytes,        224 total
- age   8:         16 bytes,        240 total
- age  14:         16 bytes,        256 total
: 896K->0K(960K), 0.0006135 secs] 6678K->6070K(10176K), 0.0007441 secs] [Times: user=0.00 sys=0.00, real=0.00 secs] 
2019-01-02T11:13:50.674+0530: 898.574: [GC (Allocation Failure) 2019-01-02T11:13:50.674+0530: 898.574: [DefNew
Desired survivor size 32768 bytes, new threshold 15 (max 15)
- age   3:        184 bytes,        184 total
- age   9:         16 bytes,        200 total
- age  15:         16 bytes,        216 total
: 896K->0K(960K), 0.0007709 secs] 6966K->6646K(10176K), 0.0009037 secs] [Times: user=0.00 sys=0.00, real=0.00 secs] 
2019-01-02T11:13:50.676+0530: 898.576: [GC (Allocation Failure) 2019-01-02T11:13:50.676+0530: 898.576: [DefNew
Desired survivor size 32768 bytes, new threshold 15 (max 15)
- age   1:         24 bytes,         24 total
- age   4:        184 bytes,        208 total
- age  10:         16 bytes,        224 total
: 497K->0K(960K), 0.0006500 secs] 7144K->6646K(10176K), 0.0008091 secs] [Times: user=0.00 sys=0.00, real=0.00 secs] 
2019-01-02T11:13:50.678+0530: 898.578: [GC (Allocation Failure) 2019-01-02T11:13:50.678+0530: 898.578: [DefNew
Desired survivor size 32768 bytes, new threshold 15 (max 15)
- age   2:         24 bytes,         24 total
- age   5:        184 bytes,        208 total
- age  11:         16 bytes,        224 total
: 511K->0K(960K), 0.0003717 secs] 7157K->7157K(10176K), 0.0004499 secs] [Times: user=0.00 sys=0.00, real=0.00 secs] 
2019-01-02T11:13:50.679+0530: 898.579: [GC (Allocation Failure) 2019-01-02T11:13:50.679+0530: 898.579: [DefNew
Desired survivor size 32768 bytes, new threshold 15 (max 15)
- age   1:         24 bytes,         24 total
- age   6:         72 bytes,         96 total
- age  12:         16 bytes,        112 total
: 528K->0K(960K), 0.0003136 secs] 7686K->7668K(10176K), 0.0003849 secs] [Times: user=0.00 sys=0.00, real=0.00 secs] 
2019-01-02T11:13:50.746+0530: 898.646: [GC (Allocation Failure) 2019-01-02T11:13:50.746+0530: 898.646: [DefNew
Desired survivor size 32768 bytes, new threshold 15 (max 15)
- age   1:        248 bytes,        248 total
- age   7:         16 bytes,        264 total
- age  13:         16 bytes,        280 total
: 882K->0K(960K), 0.0011711 secs] 8551K->7741K(10176K), 0.0018097 secs] [Times: user=0.00 sys=0.00, real=0.00 secs] 
2019-01-02T11:13:50.749+0530: 898.649: [GC (Allocation Failure) 2019-01-02T11:13:50.749+0530: 898.649: [DefNew
Desired survivor size 32768 bytes, new threshold 15 (max 15)
- age   1:         40 bytes,         40 total
- age   2:        184 bytes,        224 total
- age   8:         16 bytes,        240 total
- age  14:         16 bytes,        256 total
: 896K->0K(960K), 0.0003478 secs] 8637K->8029K(10176K), 0.0004390 secs] [Times: user=0.00 sys=0.00, real=0.00 secs] 
2019-01-02T11:13:50.751+0530: 898.651: [GC (Allocation Failure) 2019-01-02T11:13:50.751+0530: 898.651: [DefNew
Desired survivor size 32768 bytes, new threshold 15 (max 15)
- age   3:        184 bytes,        184 total
- age   9:         16 bytes,        200 total
- age  15:         16 bytes,        216 total
: 896K->0K(960K), 0.0005496 secs] 8925K->8605K(10176K), 0.0007937 secs] [Times: user=0.00 sys=0.00, real=0.00 secs] 
2019-01-02T11:13:50.753+0530: 898.653: [GC (Allocation Failure) 2019-01-02T11:13:50.753+0530: 898.653: [DefNew
Desired survivor size 32768 bytes, new threshold 15 (max 15)
- age   1:         24 bytes,         24 total
- age   4:        184 bytes,        208 total
- age  10:         16 bytes,        224 total
: 497K->0K(960K), 0.0005354 secs] 9102K->8605K(10176K), 0.0007241 secs] [Times: user=0.00 sys=0.00, real=0.00 secs] 
2019-01-02T11:13:50.754+0530: 898.655: [GC (Allocation Failure) 2019-01-02T11:13:50.755+0530: 898.655: [DefNew
Desired survivor size 32768 bytes, new threshold 15 (max 15)
- age   2:         24 bytes,         24 total
- age   5:        184 bytes,        208 total
- age  11:         16 bytes,        224 total
: 511K->0K(960K), 0.0007429 secs] 9116K->9116K(10176K), 0.0008718 secs] [Times: user=0.00 sys=0.00, real=0.00 secs] 
2019-01-02T11:13:50.756+0530: 898.656: [GC (Allocation Failure) 2019-01-02T11:13:50.756+0530: 898.656: [DefNew: 528K->528K(960K), 0.0000422 secs]2019-01-02T11:13:50.756+0530: 898.656: [Tenured: 9115K->1283K(9216K), 0.0037556 secs] 9644K->1283K(10176K), [Metaspace: 2520K->2520K(1056768K)], 0.0039381 secs] [Times: user=0.02 sys=0.00, real=0.00 secs] 
2019-01-02T11:13:50.819+0530: 898.719: [GC (Allocation Failure) 2019-01-02T11:13:50.819+0530: 898.719: [DefNew
Desired survivor size 32768 bytes, new threshold 15 (max 15)
- age   1:        248 bytes,        248 total
: 882K->0K(960K), 0.0012555 secs] 2166K->1867K(10176K), 0.0018177 secs] [Times: user=0.00 sys=0.00, real=0.00 secs] 
2019-01-02T11:13:50.822+0530: 898.722: [GC (Allocation Failure) 2019-01-02T11:13:50.822+0530: 898.722: [DefNew
Desired survivor size 32768 bytes, new threshold 15 (max 15)
- age   1:         40 bytes,         40 total
- age   2:        184 bytes,        224 total
: 896K->0K(960K), 0.0006694 secs] 2763K->2155K(10176K), 0.0008142 secs] [Times: user=0.00 sys=0.00, real=0.00 secs] 
2019-01-02T11:13:50.824+0530: 898.724: [GC (Allocation Failure) 2019-01-02T11:13:50.824+0530: 898.724: [DefNew
Desired survivor size 32768 bytes, new threshold 15 (max 15)
- age   3:        184 bytes,        184 total
: 896K->0K(960K), 0.0009556 secs] 3051K->2731K(10176K), 0.0010958 secs] [Times: user=0.00 sys=0.00, real=0.00 secs] 
2019-01-02T11:13:50.827+0530: 898.727: [GC (Allocation Failure) 2019-01-02T11:13:50.827+0530: 898.727: [DefNew
Desired survivor size 32768 bytes, new threshold 15 (max 15)
- age   1:         24 bytes,         24 total
- age   4:        184 bytes,        208 total
: 497K->0K(960K), 0.0008267 secs] 3228K->2731K(10176K), 0.0010394 secs] [Times: user=0.00 sys=0.00, real=0.00 secs] 
2019-01-02T11:13:50.828+0530: 898.728: [GC (Allocation Failure) 2019-01-02T11:13:50.828+0530: 898.728: [DefNew
Desired survivor size 32768 bytes, new threshold 15 (max 15)
- age   2:         24 bytes,         24 total
- age   5:        184 bytes,        208 total
: 511K->0K(960K), 0.0003404 secs] 3242K->3242K(10176K), 0.0004117 secs] [Times: user=0.00 sys=0.00, real=0.00 secs] 
2019-01-02T11:13:50.829+0530: 898.729: [GC (Allocation Failure) 2019-01-02T11:13:50.829+0530: 898.729: [DefNew
Desired survivor size 32768 bytes, new threshold 15 (max 15)
- age   1:         24 bytes,         24 total
- age   6:         72 bytes,         96 total
: 528K->0K(960K), 0.0003062 secs] 3770K->3753K(10176K), 0.0003780 secs] [Times: user=0.00 sys=0.00, real=0.00 secs] 
2019-01-02T11:13:50.896+0530: 898.796: [GC (Allocation Failure) 2019-01-02T11:13:50.896+0530: 898.797: [DefNew
Desired survivor size 32768 bytes, new threshold 15 (max 15)
- age   1:        248 bytes,        248 total
- age   7:         16 bytes,        264 total
: 882K->0K(960K), 0.0011124 secs] 4635K->3825K(10176K), 0.0014875 secs] [Times: user=0.00 sys=0.00, real=0.00 secs] 
2019-01-02T11:13:50.900+0530: 898.800: [GC (Allocation Failure) 2019-01-02T11:13:50.900+0530: 898.800: [DefNew
Desired survivor size 32768 bytes, new threshold 15 (max 15)
- age   1:         40 bytes,         40 total
- age   2:        184 bytes,        224 total
- age   8:         16 bytes,        240 total
: 896K->0K(960K), 0.0008359 secs] 4721K->4113K(10176K), 0.0011192 secs] [Times: user=0.00 sys=0.00, real=0.00 secs] 
2019-01-02T11:13:50.903+0530: 898.803: [GC (Allocation Failure) 2019-01-02T11:13:50.903+0530: 898.803: [DefNew
Desired survivor size 32768 bytes, new threshold 15 (max 15)
- age   3:        184 bytes,        184 total
- age   9:         16 bytes,        200 total
: 896K->0K(960K), 0.0008102 secs] 5009K->4689K(10176K), 0.0010508 secs] [Times: user=0.00 sys=0.00, real=0.00 secs] 
2019-01-02T11:13:50.905+0530: 898.806: [GC (Allocation Failure) 2019-01-02T11:13:50.906+0530: 898.806: [DefNew
Desired survivor size 32768 bytes, new threshold 15 (max 15)
- age   1:         24 bytes,         24 total
- age   4:        184 bytes,        208 total
- age  10:         16 bytes,        224 total
: 497K->0K(960K), 0.0004003 secs] 5187K->4689K(10176K), 0.0005536 secs] [Times: user=0.00 sys=0.00, real=0.00 secs] 
2019-01-02T11:13:50.907+0530: 898.807: [GC (Allocation Failure) 2019-01-02T11:13:50.907+0530: 898.807: [DefNew
Desired survivor size 32768 bytes, new threshold 15 (max 15)
- age   2:         24 bytes,         24 total
- age   5:        184 bytes,        208 total
- age  11:         16 bytes,        224 total
: 511K->0K(960K), 0.0010645 secs] 5200K->5200K(10176K), 0.0012287 secs] [Times: user=0.00 sys=0.00, real=0.00 secs] 
2019-01-02T11:13:50.909+0530: 898.809: [GC (Allocation Failure) 2019-01-02T11:13:50.909+0530: 898.809: [DefNew
Desired survivor size 32768 bytes, new threshold 15 (max 15)
- age   1:         24 bytes,         24 total
- age   6:         72 bytes,         96 total
- age  12:         16 bytes,        112 total
: 528K->0K(960K), 0.0005793 secs] 5729K->5711K(10176K), 0.0007013 secs] [Times: user=0.00 sys=0.00, real=0.00 secs] 
2019-01-02T11:13:50.969+0530: 898.869: [GC (Allocation Failure) 2019-01-02T11:13:50.970+0530: 898.870: [DefNew
Desired survivor size 32768 bytes, new threshold 15 (max 15)
- age   1:        248 bytes,        248 total
- age   7:         16 bytes,        264 total
- age  13:         16 bytes,        280 total
: 882K->0K(960K), 0.0012526 secs] 6593K->5783K(10176K), 0.0016421 secs] [Times: user=0.00 sys=0.00, real=0.00 secs] 
2019-01-02T11:13:50.972+0530: 898.872: [GC (Allocation Failure) 2019-01-02T11:13:50.972+0530: 898.873: [DefNew
Desired survivor size 32768 bytes, new threshold 15 (max 15)
- age   1:         40 bytes,         40 total
- age   2:        184 bytes,        224 total
- age   8:         16 bytes,        240 total
- age  14:         16 bytes,        256 total
: 896K->0K(960K), 0.0006055 secs] 6679K->6071K(10176K), 0.0007418 secs] [Times: user=0.00 sys=0.00, real=0.00 secs] 
2019-01-02T11:13:50.974+0530: 898.875: [GC (Allocation Failure) 2019-01-02T11:13:50.975+0530: 898.875: [DefNew
Desired survivor size 32768 bytes, new threshold 15 (max 15)
- age   3:        184 bytes,        184 total
- age   9:         16 bytes,        200 total
- age  15:         16 bytes,        216 total
: 896K->0K(960K), 0.0010748 secs] 6967K->6647K(10176K), 0.0012874 secs] [Times: user=0.00 sys=0.00, real=0.00 secs] 
2019-01-02T11:13:50.977+0530: 898.878: [GC (Allocation Failure) 2019-01-02T11:13:50.977+0530: 898.878: [DefNew
Desired survivor size 32768 bytes, new threshold 15 (max 15)
- age   1:         24 bytes,         24 total
- age   4:        184 bytes,        208 total
- age  10:         16 bytes,        224 total
: 497K->0K(960K), 0.0003067 secs] 7145K->6647K(10176K), 0.0004048 secs] [Times: user=0.00 sys=0.00, real=0.00 secs] 
2019-01-02T11:13:50.978+0530: 898.878: [GC (Allocation Failure) 2019-01-02T11:13:50.978+0530: 898.878: [DefNew
Desired survivor size 32768 bytes, new threshold 15 (max 15)
- age   2:         24 bytes,         24 total
- age   5:        184 bytes,        208 total
- age  11:         16 bytes,        224 total
: 511K->0K(960K), 0.0003324 secs] 7158K->7158K(10176K), 0.0004025 secs] [Times: user=0.00 sys=0.00, real=0.00 secs] 
2019-01-02T11:13:50.979+0530: 898.879: [GC (Allocation Failure) 2019-01-02T11:13:50.979+0530: 898.879: [DefNew
Desired survivor size 32768 bytes, new threshold 15 (max 15)
- age   1:         24 bytes,         24 total
- age   6:         72 bytes,         96 total
- age  12:         16 bytes,        112 total
: 528K->0K(960K), 0.0003256 secs] 7687K->7669K(10176K), 0.0004060 secs] [Times: user=0.00 sys=0.00, real=0.00 secs] 
2019-01-02T11:13:51.042+0530: 898.942: [GC (Allocation Failure) 2019-01-02T11:13:51.042+0530: 898.942: [DefNew
Desired survivor size 32768 bytes, new threshold 15 (max 15)
- age   1:        248 bytes,        248 total
- age   7:         16 bytes,        264 total
- age  13:         16 bytes,        280 total
: 882K->0K(960K), 0.0006426 secs] 8551K->7741K(10176K), 0.0008347 secs] [Times: user=0.00 sys=0.00, real=0.00 secs] 
2019-01-02T11:13:51.044+0530: 898.945: [GC (Allocation Failure) 2019-01-02T11:13:51.045+0530: 898.945: [DefNew
Desired survivor size 32768 bytes, new threshold 15 (max 15)
- age   1:         40 bytes,         40 total
- age   2:        184 bytes,        224 total
- age   8:         16 bytes,        240 total
- age  14:         16 bytes,        256 total
: 896K->0K(960K), 0.0005154 secs] 8637K->8029K(10176K), 0.0007880 secs] [Times: user=0.00 sys=0.00, real=0.00 secs] 
2019-01-02T11:13:51.047+0530: 898.947: [GC (Allocation Failure) 2019-01-02T11:13:51.047+0530: 898.947: [DefNew
Desired survivor size 32768 bytes, new threshold 15 (max 15)
- age   3:        184 bytes,        184 total
- age   9:         16 bytes,        200 total
- age  15:         16 bytes,        216 total
: 896K->0K(960K), 0.0013433 secs] 8925K->8605K(10176K), 0.0015411 secs] [Times: user=0.00 sys=0.00, real=0.00 secs] 
2019-01-02T11:13:51.049+0530: 898.950: [GC (Allocation Failure) 2019-01-02T11:13:51.050+0530: 898.950: [DefNew
Desired survivor size 32768 bytes, new threshold 15 (max 15)
- age   1:         24 bytes,         24 total
- age   4:        184 bytes,        208 total
- age  10:         16 bytes,        224 total
: 497K->0K(960K), 0.0002634 secs] 9103K->8605K(10176K), 0.0003489 secs] [Times: user=0.00 sys=0.00, real=0.00 secs] 
2019-01-02T11:13:51.050+0530: 898.950: [GC (Allocation Failure) 2019-01-02T11:13:51.050+0530: 898.950: [DefNew
Desired survivor size 32768 bytes, new threshold 15 (max 15)
- age   2:         24 bytes,         24 total
- age   5:        184 bytes,        208 total
- age  11:         16 bytes,        224 total
: 511K->0K(960K), 0.0003256 secs] 9116K->9116K(10176K), 0.0003957 secs] [Times: user=0.00 sys=0.00, real=0.00 secs] 
2019-01-02T11:13:51.051+0530: 898.951: [GC (Allocation Failure) 2019-01-02T11:13:51.051+0530: 898.951: [DefNew: 528K->528K(960K), 0.0000274 secs]2019-01-02T11:13:51.051+0530: 898.951: [Tenured: 9116K->1284K(9216K), 0.0054644 secs] 9645K->1284K(10176K), [Metaspace: 2520K->2520K(1056768K)], 0.0056360 secs] [Times: user=0.01 sys=0.00, real=0.01 secs] 
2019-01-02T11:13:51.114+0530: 899.014: [GC (Allocation Failure) 2019-01-02T11:13:51.114+0530: 899.014: [DefNew
Desired survivor size 32768 bytes, new threshold 15 (max 15)
- age   1:        248 bytes,        248 total
: 882K->0K(960K), 0.0012920 secs] 2166K->1867K(10176K), 0.0014950 secs] [Times: user=0.00 sys=0.00, real=0.00 secs] 
2019-01-02T11:13:51.117+0530: 899.017: [GC (Allocation Failure) 2019-01-02T11:13:51.117+0530: 899.017: [DefNew
Desired survivor size 32768 bytes, new threshold 15 (max 15)
- age   1:         40 bytes,         40 total
- age   2:        184 bytes,        224 total
: 896K->0K(960K), 0.0005382 secs] 2763K->2155K(10176K), 0.0007583 secs] [Times: user=0.00 sys=0.00, real=0.00 secs] 
2019-01-02T11:13:51.119+0530: 899.019: [GC (Allocation Failure) 2019-01-02T11:13:51.119+0530: 899.019: [DefNew
Desired survivor size 32768 bytes, new threshold 15 (max 15)
- age   3:        184 bytes,        184 total
: 896K->0K(960K), 0.0012715 secs] 3051K->2731K(10176K), 0.0015246 secs] [Times: user=0.00 sys=0.00, real=0.00 secs] 
2019-01-02T11:13:51.122+0530: 899.022: [GC (Allocation Failure) 2019-01-02T11:13:51.122+0530: 899.022: [DefNew
Desired survivor size 32768 bytes, new threshold 15 (max 15)
- age   1:         24 bytes,         24 total
- age   4:        184 bytes,        208 total
: 497K->0K(960K), 0.0005816 secs] 3229K->2731K(10176K), 0.0007138 secs] [Times: user=0.00 sys=0.00, real=0.00 secs] 
2019-01-02T11:13:51.123+0530: 899.023: [GC (Allocation Failure) 2019-01-02T11:13:51.123+0530: 899.023: [DefNew
Desired survivor size 32768 bytes, new threshold 15 (max 15)
- age   2:         24 bytes,         24 total
- age   5:        184 bytes,        208 total
: 511K->0K(960K), 0.0008165 secs] 3242K->3242K(10176K), 0.0009219 secs] [Times: user=0.00 sys=0.00, real=0.00 secs] 
2019-01-02T11:13:51.125+0530: 899.025: [GC (Allocation Failure) 2019-01-02T11:13:51.125+0530: 899.025: [DefNew
Desired survivor size 32768 bytes, new threshold 15 (max 15)
- age   1:         24 bytes,         24 total
- age   6:         72 bytes,         96 total
: 528K->0K(960K), 0.0003119 secs] 3771K->3753K(10176K), 0.0003831 secs] [Times: user=0.00 sys=0.00, real=0.00 secs] 
2019-01-02T11:13:51.183+0530: 899.083: [GC (Allocation Failure) 2019-01-02T11:13:51.184+0530: 899.084: [DefNew
Desired survivor size 32768 bytes, new threshold 15 (max 15)
- age   1:        248 bytes,        248 total
- age   7:         16 bytes,        264 total
: 882K->0K(960K), 0.0012794 secs] 4635K->3825K(10176K), 0.0015982 secs] [Times: user=0.00 sys=0.00, real=0.00 secs] 
2019-01-02T11:13:51.187+0530: 899.087: [GC (Allocation Failure) 2019-01-02T11:13:51.187+0530: 899.087: [DefNew
Desired survivor size 32768 bytes, new threshold 15 (max 15)
- age   1:         40 bytes,         40 total
- age   2:        184 bytes,        224 total
- age   8:         16 bytes,        240 total
: 896K->0K(960K), 0.0015639 secs] 4721K->4113K(10176K), 0.0017652 secs] [Times: user=0.00 sys=0.00, real=0.00 secs] 
2019-01-02T11:13:51.190+0530: 899.090: [GC (Allocation Failure) 2019-01-02T11:13:51.190+0530: 899.090: [DefNew
Desired survivor size 32768 bytes, new threshold 15 (max 15)
- age   3:        184 bytes,        184 total
- age   9:         16 bytes,        200 total
: 896K->0K(960K), 0.0007669 secs] 5009K->4689K(10176K), 0.0010388 secs] [Times: user=0.00 sys=0.00, real=0.00 secs] 
2019-01-02T11:13:51.192+0530: 899.093: [GC (Allocation Failure) 2019-01-02T11:13:51.192+0530: 899.093: [DefNew
Desired survivor size 32768 bytes, new threshold 15 (max 15)
- age   1:         24 bytes,         24 total
- age   4:        184 bytes,        208 total
- age  10:         16 bytes,        224 total
: 497K->0K(960K), 0.0002423 secs] 5187K->4689K(10176K), 0.0003119 secs] [Times: user=0.00 sys=0.00, real=0.00 secs] 
2019-01-02T11:13:51.193+0530: 899.093: [GC (Allocation Failure) 2019-01-02T11:13:51.193+0530: 899.093: [DefNew
Desired survivor size 32768 bytes, new threshold 15 (max 15)
- age   2:         24 bytes,         24 total
- age   5:        184 bytes,        208 total
- age  11:         16 bytes,        224 total
: 511K->0K(960K), 0.0003227 secs] 5200K->5200K(10176K), 0.0003985 secs] [Times: user=0.00 sys=0.00, real=0.00 secs] 
2019-01-02T11:13:51.194+0530: 899.094: [GC (Allocation Failure) 2019-01-02T11:13:51.194+0530: 899.094: [DefNew
Desired survivor size 32768 bytes, new threshold 15 (max 15)
- age   1:         24 bytes,         24 total
- age   6:         72 bytes,         96 total
- age  12:         16 bytes,        112 total
: 528K->0K(960K), 0.0003119 secs] 5729K->5711K(10176K), 0.0003831 secs] [Times: user=0.00 sys=0.00, real=0.00 secs] 
2019-01-02T11:13:51.255+0530: 899.155: [GC (Allocation Failure) 2019-01-02T11:13:51.256+0530: 899.156: [DefNew
Desired survivor size 32768 bytes, new threshold 15 (max 15)
- age   1:        248 bytes,        248 total
- age   7:         16 bytes,        264 total
- age  13:         16 bytes,        280 total
: 882K->0K(960K), 0.0007509 secs] 6594K->5784K(10176K), 0.0011015 secs] [Times: user=0.00 sys=0.00, real=0.00 secs] 
2019-01-02T11:13:51.258+0530: 899.158: [GC (Allocation Failure) 2019-01-02T11:13:51.258+0530: 899.158: [DefNew
Desired survivor size 32768 bytes, new threshold 15 (max 15)
- age   1:         40 bytes,         40 total
- age   2:        184 bytes,        224 total
- age   8:         16 bytes,        240 total
- age  14:         16 bytes,        256 total
: 896K->0K(960K), 0.0006146 secs] 6680K->6072K(10176K), 0.0008706 secs] [Times: user=0.00 sys=0.02, real=0.00 secs] 
2019-01-02T11:13:51.260+0530: 899.160: [GC (Allocation Failure) 2019-01-02T11:13:51.260+0530: 899.161: [DefNew
Desired survivor size 32768 bytes, new threshold 15 (max 15)
- age   3:        184 bytes,        184 total
- age   9:         16 bytes,        200 total
- age  15:         16 bytes,        216 total
: 896K->0K(960K), 0.0008034 secs] 6968K->6648K(10176K), 0.0009670 secs] [Times: user=0.00 sys=0.00, real=0.00 secs] 
2019-01-02T11:13:51.263+0530: 899.163: [GC (Allocation Failure) 2019-01-02T11:13:51.263+0530: 899.163: [DefNew
Desired survivor size 32768 bytes, new threshold 15 (max 15)
- age   1:         24 bytes,         24 total
- age   4:        184 bytes,        208 total
- age  10:         16 bytes,        224 total
: 497K->0K(960K), 0.0002509 secs] 7145K->6648K(10176K), 0.0003296 secs] [Times: user=0.00 sys=0.00, real=0.00 secs] 
2019-01-02T11:13:51.263+0530: 899.164: [GC (Allocation Failure) 2019-01-02T11:13:51.264+0530: 899.164: [DefNew
Desired survivor size 32768 bytes, new threshold 15 (max 15)
- age   2:         24 bytes,         24 total
- age   5:        184 bytes,        208 total
- age  11:         16 bytes,        224 total
: 511K->0K(960K), 0.0003244 secs] 7159K->7159K(10176K), 0.0003980 secs] [Times: user=0.00 sys=0.00, real=0.00 secs] 
2019-01-02T11:13:51.264+0530: 899.164: [GC (Allocation Failure) 2019-01-02T11:13:51.264+0530: 899.164: [DefNew
Desired survivor size 32768 bytes, new threshold 15 (max 15)
- age   1:         24 bytes,         24 total
- age   6:         72 bytes,         96 total
- age  12:         16 bytes,        112 total
: 529K->0K(960K), 0.0003153 secs] 7688K->7670K(10176K), 0.0003866 secs] [Times: user=0.00 sys=0.00, real=0.00 secs] 
2019-01-02T11:13:51.323+0530: 899.223: [GC (Allocation Failure) 2019-01-02T11:13:51.323+0530: 899.223: [DefNew
Desired survivor size 32768 bytes, new threshold 15 (max 15)
- age   1:        248 bytes,        248 total
- age   7:         16 bytes,        264 total
- age  13:         16 bytes,        280 total
: 882K->0K(960K), 0.0005348 secs] 8552K->7742K(10176K), 0.0006825 secs] [Times: user=0.00 sys=0.00, real=0.00 secs] 
2019-01-02T11:13:51.325+0530: 899.225: [GC (Allocation Failure) 2019-01-02T11:13:51.325+0530: 899.225: [DefNew
Desired survivor size 32768 bytes, new threshold 15 (max 15)
- age   1:         40 bytes,         40 total
- age   2:        184 bytes,        224 total
- age   8:         16 bytes,        240 total
- age  14:         16 bytes,        256 total
: 896K->0K(960K), 0.0007800 secs] 8638K->8030K(10176K), 0.0008837 secs] [Times: user=0.00 sys=0.00, real=0.00 secs] 
2019-01-02T11:13:51.327+0530: 899.227: [GC (Allocation Failure) 2019-01-02T11:13:51.327+0530: 899.227: [DefNew
Desired survivor size 32768 bytes, new threshold 15 (max 15)
- age   3:        184 bytes,        184 total
- age   9:         16 bytes,        200 total
- age  15:         16 bytes,        216 total
: 896K->0K(960K), 0.0009869 secs] 8926K->8606K(10176K), 0.0012082 secs] [Times: user=0.00 sys=0.00, real=0.00 secs] 
2019-01-02T11:13:51.330+0530: 899.230: [GC (Allocation Failure) 2019-01-02T11:13:51.330+0530: 899.230: [DefNew
Desired survivor size 32768 bytes, new threshold 15 (max 15)
- age   1:         24 bytes,         24 total
- age   4:        184 bytes,        208 total
- age  10:         16 bytes,        224 total
: 497K->0K(960K), 0.0004983 secs] 9104K->8606K(10176K), 0.0006870 secs] [Times: user=0.00 sys=0.00, real=0.00 secs] 
2019-01-02T11:13:51.331+0530: 899.231: [GC (Allocation Failure) 2019-01-02T11:13:51.331+0530: 899.231: [DefNew
Desired survivor size 32768 bytes, new threshold 15 (max 15)
- age   2:         24 bytes,         24 total
- age   5:        184 bytes,        208 total
- age  11:         16 bytes,        224 total
: 511K->0K(960K), 0.0003398 secs] 9117K->9117K(10176K), 0.0004174 secs] [Times: user=0.00 sys=0.00, real=0.00 secs] 
2019-01-02T11:13:51.332+0530: 899.232: [GC (Allocation Failure) 2019-01-02T11:13:51.332+0530: 899.232: [DefNew: 529K->529K(960K), 0.0000274 secs]2019-01-02T11:13:51.332+0530: 899.232: [Tenured: 9117K->1284K(9216K), 0.0038566 secs] 9646K->1284K(10176K), [Metaspace: 2520K->2520K(1056768K)], 0.0040094 secs] [Times: user=0.02 sys=0.00, real=0.00 secs] 
2019-01-02T11:13:51.395+0530: 899.296: [GC (Allocation Failure) 2019-01-02T11:13:51.396+0530: 899.296: [DefNew
Desired survivor size 32768 bytes, new threshold 15 (max 15)
- age   1:        248 bytes,        248 total
: 882K->0K(960K), 0.0011979 secs] 2166K->1867K(10176K), 0.0016096 secs] [Times: user=0.00 sys=0.00, real=0.00 secs] 
2019-01-02T11:13:51.399+0530: 899.299: [GC (Allocation Failure) 2019-01-02T11:13:51.399+0530: 899.299: [DefNew
Desired survivor size 32768 bytes, new threshold 15 (max 15)
- age   1:         40 bytes,         40 total
- age   2:        184 bytes,        224 total
: 896K->0K(960K), 0.0006277 secs] 2763K->2155K(10176K), 0.0009733 secs] [Times: user=0.00 sys=0.00, real=0.00 secs] 
2019-01-02T11:13:51.402+0530: 899.302: [GC (Allocation Failure) 2019-01-02T11:13:51.402+0530: 899.302: [DefNew
Desired survivor size 32768 bytes, new threshold 15 (max 15)
- age   3:        184 bytes,        184 total
: 896K->0K(960K), 0.0012087 secs] 3051K->2731K(10176K), 0.0013518 secs] [Times: user=0.00 sys=0.00, real=0.00 secs] 
2019-01-02T11:13:51.405+0530: 899.305: [GC (Allocation Failure) 2019-01-02T11:13:51.405+0530: 899.305: [DefNew
Desired survivor size 32768 bytes, new threshold 15 (max 15)
- age   1:         24 bytes,         24 total
- age   4:        184 bytes,        208 total
: 497K->0K(960K), 0.0004339 secs] 3229K->2731K(10176K), 0.0008034 secs] [Times: user=0.00 sys=0.00, real=0.00 secs] 
2019-01-02T11:13:51.406+0530: 899.306: [GC (Allocation Failure) 2019-01-02T11:13:51.406+0530: 899.306: [DefNew
Desired survivor size 32768 bytes, new threshold 15 (max 15)
- age   2:         24 bytes,         24 total
- age   5:        184 bytes,        208 total
: 511K->0K(960K), 0.0008182 secs] 3242K->3242K(10176K), 0.0009009 secs] [Times: user=0.00 sys=0.00, real=0.00 secs] 
2019-01-02T11:13:51.407+0530: 899.307: [GC (Allocation Failure) 2019-01-02T11:13:51.407+0530: 899.308: [DefNew
Desired survivor size 32768 bytes, new threshold 15 (max 15)
- age   1:         24 bytes,         24 total
- age   6:         72 bytes,         96 total
: 529K->0K(960K), 0.0007252 secs] 3771K->3753K(10176K), 0.0008262 secs] [Times: user=0.00 sys=0.00, real=0.00 secs] 
2019-01-02T11:13:51.467+0530: 899.367: [GC (Allocation Failure) 2019-01-02T11:13:51.467+0530: 899.367: [DefNew
Desired survivor size 32768 bytes, new threshold 15 (max 15)
- age   1:        248 bytes,        248 total
- age   7:         16 bytes,        264 total
: 882K->0K(960K), 0.0007526 secs] 4636K->3826K(10176K), 0.0011363 secs] [Times: user=0.00 sys=0.00, real=0.00 secs] 
2019-01-02T11:13:51.470+0530: 899.370: [GC (Allocation Failure) 2019-01-02T11:13:51.470+0530: 899.371: [DefNew
Desired survivor size 32768 bytes, new threshold 15 (max 15)
- age   1:         40 bytes,         40 total
- age   2:        184 bytes,        224 total
- age   8:         16 bytes,        240 total
: 896K->0K(960K), 0.0009031 secs] 4722K->4114K(10176K), 0.0012378 secs] [Times: user=0.00 sys=0.00, real=0.00 secs] 
2019-01-02T11:13:51.473+0530: 899.373: [GC (Allocation Failure) 2019-01-02T11:13:51.473+0530: 899.373: [DefNew
Desired survivor size 32768 bytes, new threshold 15 (max 15)
- age   3:        184 bytes,        184 total
- age   9:         16 bytes,        200 total
: 896K->0K(960K), 0.0007070 secs] 5010K->4690K(10176K), 0.0007897 secs] [Times: user=0.00 sys=0.00, real=0.00 secs] 
2019-01-02T11:13:51.475+0530: 899.375: [GC (Allocation Failure) 2019-01-02T11:13:51.475+0530: 899.375: [DefNew
Desired survivor size 32768 bytes, new threshold 15 (max 15)
- age   1:         24 bytes,         24 total
- age   4:        184 bytes,        208 total
- age  10:         16 bytes,        224 total
: 497K->0K(960K), 0.0006329 secs] 5187K->4690K(10176K), 0.0007395 secs] [Times: user=0.00 sys=0.00, real=0.00 secs] 
2019-01-02T11:13:51.476+0530: 899.376: [GC (Allocation Failure) 2019-01-02T11:13:51.476+0530: 899.377: [DefNew
Desired survivor size 32768 bytes, new threshold 15 (max 15)
- age   2:         24 bytes,         24 total
- age   5:        184 bytes,        208 total
- age  11:         16 bytes,        224 total
: 511K->0K(960K), 0.0003404 secs] 5201K->5201K(10176K), 0.0004111 secs] [Times: user=0.02 sys=0.00, real=0.00 secs] 
2019-01-02T11:13:51.477+0530: 899.377: [GC (Allocation Failure) 2019-01-02T11:13:51.477+0530: 899.377: [DefNew
Desired survivor size 32768 bytes, new threshold 15 (max 15)
- age   1:         24 bytes,         24 total
- age   6:         72 bytes,         96 total
- age  12:         16 bytes,        112 total
: 529K->0K(960K), 0.0003079 secs] 5730K->5712K(10176K), 0.0003792 secs] [Times: user=0.00 sys=0.00, real=0.00 secs] 
2019-01-02T11:13:51.535+0530: 899.435: [GC (Allocation Failure) 2019-01-02T11:13:51.535+0530: 899.436: [DefNew
Desired survivor size 32768 bytes, new threshold 15 (max 15)
- age   1:        248 bytes,        248 total
- age   7:         16 bytes,        264 total
- age  13:         16 bytes,        280 total
: 882K->0K(960K), 0.0005365 secs] 6594K->5784K(10176K), 0.0009208 secs] [Times: user=0.00 sys=0.00, real=0.00 secs] 
2019-01-02T11:13:51.538+0530: 899.438: [GC (Allocation Failure) 2019-01-02T11:13:51.538+0530: 899.439: [DefNew
Desired survivor size 32768 bytes, new threshold 15 (max 15)
- age   1:         40 bytes,         40 total
- age   2:        184 bytes,        224 total
- age   8:         16 bytes,        240 total
- age  14:         16 bytes,        256 total
: 896K->0K(960K), 0.0025058 secs] 6680K->6072K(10176K), 0.0028001 secs] [Times: user=0.00 sys=0.00, real=0.00 secs] 
2019-01-02T11:13:51.542+0530: 899.443: [GC (Allocation Failure) 2019-01-02T11:13:51.542+0530: 899.443: [DefNew
Desired survivor size 32768 bytes, new threshold 15 (max 15)
- age   3:        184 bytes,        184 total
- age   9:         16 bytes,        200 total
- age  15:         16 bytes,        216 total
: 896K->0K(960K), 0.0009077 secs] 6968K->6648K(10176K), 0.0010365 secs] [Times: user=0.00 sys=0.00, real=0.00 secs] 
2019-01-02T11:13:51.545+0530: 899.445: [GC (Allocation Failure) 2019-01-02T11:13:51.545+0530: 899.445: [DefNew
Desired survivor size 32768 bytes, new threshold 15 (max 15)
- age   1:         24 bytes,         24 total
- age   4:        184 bytes,        208 total
- age  10:         16 bytes,        224 total
: 497K->0K(960K), 0.0002589 secs] 7146K->6648K(10176K), 0.0003313 secs] [Times: user=0.00 sys=0.00, real=0.00 secs] 
2019-01-02T11:13:51.545+0530: 899.446: [GC (Allocation Failure) 2019-01-02T11:13:51.545+0530: 899.446: [DefNew
Desired survivor size 32768 bytes, new threshold 15 (max 15)
- age   2:         24 bytes,         24 total
- age   5:        184 bytes,        208 total
- age  11:         16 bytes,        224 total
: 511K->0K(960K), 0.0003358 secs] 7159K->7159K(10176K), 0.0004077 secs] [Times: user=0.00 sys=0.00, real=0.00 secs] 
2019-01-02T11:13:51.546+0530: 899.446: [GC (Allocation Failure) 2019-01-02T11:13:51.546+0530: 899.446: [DefNew
Desired survivor size 32768 bytes, new threshold 15 (max 15)
- age   1:         24 bytes,         24 total
- age   6:         72 bytes,         96 total
- age  12:         16 bytes,        112 total
: 529K->0K(960K), 0.0003358 secs] 7688K->7671K(10176K), 0.0004082 secs] [Times: user=0.00 sys=0.00, real=0.00 secs] 
2019-01-02T11:13:51.605+0530: 899.505: [GC (Allocation Failure) 2019-01-02T11:13:51.605+0530: 899.505: [DefNew
Desired survivor size 32768 bytes, new threshold 15 (max 15)
- age   1:        248 bytes,        248 total
- age   7:         16 bytes,        264 total
- age  13:         16 bytes,        280 total
: 882K->0K(960K), 0.0012549 secs] 8553K->7743K(10176K), 0.0015320 secs] [Times: user=0.00 sys=0.00, real=0.00 secs] 
2019-01-02T11:13:51.608+0530: 899.508: [GC (Allocation Failure) 2019-01-02T11:13:51.608+0530: 899.508: [DefNew
Desired survivor size 32768 bytes, new threshold 15 (max 15)
- age   1:         40 bytes,         40 total
- age   2:        184 bytes,        224 total
- age   8:         16 bytes,        240 total
- age  14:         16 bytes,        256 total
: 896K->0K(960K), 0.0009448 secs] 8639K->8031K(10176K), 0.0010799 secs] [Times: user=0.00 sys=0.00, real=0.00 secs] 
2019-01-02T11:13:51.611+0530: 899.511: [GC (Allocation Failure) 2019-01-02T11:13:51.611+0530: 899.511: [DefNew
Desired survivor size 32768 bytes, new threshold 15 (max 15)
- age   3:        184 bytes,        184 total
- age   9:         16 bytes,        200 total
- age  15:         16 bytes,        216 total
: 896K->0K(960K), 0.0010919 secs] 8927K->8607K(10176K), 0.0012367 secs] [Times: user=0.00 sys=0.00, real=0.00 secs] 
2019-01-02T11:13:51.614+0530: 899.514: [GC (Allocation Failure) 2019-01-02T11:13:51.614+0530: 899.514: [DefNew
Desired survivor size 32768 bytes, new threshold 15 (max 15)
- age   1:         24 bytes,         24 total
- age   4:        184 bytes,        208 total
- age  10:         16 bytes,        224 total
: 497K->0K(960K), 0.0002640 secs] 9104K->8607K(10176K), 0.0003449 secs] [Times: user=0.00 sys=0.00, real=0.00 secs] 
2019-01-02T11:13:51.614+0530: 899.514: [GC (Allocation Failure) 2019-01-02T11:13:51.614+0530: 899.515: [DefNew
Desired survivor size 32768 bytes, new threshold 15 (max 15)
- age   2:         24 bytes,         24 total
- age   5:        184 bytes,        208 total
- age  11:         16 bytes,        224 total
: 511K->0K(960K), 0.0003535 secs] 9118K->9118K(10176K), 0.0004253 secs] [Times: user=0.00 sys=0.00, real=0.00 secs] 
2019-01-02T11:13:51.615+0530: 899.515: [GC (Allocation Failure) 2019-01-02T11:13:51.615+0530: 899.515: [DefNew: 529K->529K(960K), 0.0000279 secs]2019-01-02T11:13:51.615+0530: 899.515: [Tenured: 9118K->1284K(9216K), 0.0038491 secs] 9647K->1284K(10176K), [Metaspace: 2520K->2520K(1056768K)], 0.0040071 secs] [Times: user=0.02 sys=0.00, real=0.00 secs] 
2019-01-02T11:13:51.676+0530: 899.577: [GC (Allocation Failure) 2019-01-02T11:13:51.676+0530: 899.577: [DefNew
Desired survivor size 32768 bytes, new threshold 15 (max 15)
- age   1:        248 bytes,        248 total
: 882K->0K(960K), 0.0008894 secs] 2166K->1867K(10176K), 0.0010673 secs] [Times: user=0.00 sys=0.00, real=0.00 secs] 
2019-01-02T11:13:51.679+0530: 899.579: [GC (Allocation Failure) 2019-01-02T11:13:51.680+0530: 899.580: [DefNew
Desired survivor size 32768 bytes, new threshold 15 (max 15)
- age   1:         40 bytes,         40 total
- age   2:        184 bytes,        224 total
: 896K->0K(960K), 0.0013570 secs] 2763K->2155K(10176K), 0.0018085 secs] [Times: user=0.00 sys=0.00, real=0.00 secs] 
2019-01-02T11:13:51.683+0530: 899.583: [GC (Allocation Failure) 2019-01-02T11:13:51.683+0530: 899.583: [DefNew
Desired survivor size 32768 bytes, new threshold 15 (max 15)
- age   3:        184 bytes,        184 total
: 896K->0K(960K), 0.0005354 secs] 3051K->2731K(10176K), 0.0007104 secs] [Times: user=0.00 sys=0.00, real=0.00 secs] 
2019-01-02T11:13:51.685+0530: 899.585: [GC (Allocation Failure) 2019-01-02T11:13:51.685+0530: 899.585: [DefNew
Desired survivor size 32768 bytes, new threshold 15 (max 15)
- age   1:         24 bytes,         24 total
- age   4:        184 bytes,        208 total
: 497K->0K(960K), 0.0002589 secs] 3229K->2731K(10176K), 0.0003330 secs] [Times: user=0.00 sys=0.00, real=0.00 secs] 
2019-01-02T11:13:51.685+0530: 899.586: [GC (Allocation Failure) 2019-01-02T11:13:51.685+0530: 899.586: [DefNew
Desired survivor size 32768 bytes, new threshold 15 (max 15)
- age   2:         24 bytes,         24 total
- age   5:        184 bytes,        208 total
: 511K->0K(960K), 0.0003330 secs] 3243K->3243K(10176K), 0.0004037 secs] [Times: user=0.00 sys=0.00, real=0.00 secs] 
2019-01-02T11:13:51.686+0530: 899.586: [GC (Allocation Failure) 2019-01-02T11:13:51.686+0530: 899.586: [DefNew
Desired survivor size 32768 bytes, new threshold 15 (max 15)
- age   1:         24 bytes,         24 total
- age   6:         72 bytes,         96 total
: 529K->0K(960K), 0.0003370 secs] 3772K->3754K(10176K), 0.0004037 secs] [Times: user=0.00 sys=0.00, real=0.00 secs] 
2019-01-02T11:13:51.755+0530: 899.655: [GC (Allocation Failure) 2019-01-02T11:13:51.755+0530: 899.655: [DefNew
Desired survivor size 32768 bytes, new threshold 15 (max 15)
- age   1:        248 bytes,        248 total
- age   7:         16 bytes,        264 total
: 882K->0K(960K), 0.0009151 secs] 4636K->3826K(10176K), 0.0014015 secs] [Times: user=0.00 sys=0.00, real=0.00 secs] 
2019-01-02T11:13:51.758+0530: 899.659: [GC (Allocation Failure) 2019-01-02T11:13:51.759+0530: 899.659: [DefNew
Desired survivor size 32768 bytes, new threshold 15 (max 15)
- age   1:         40 bytes,         40 total
- age   2:        184 bytes,        224 total
- age   8:         16 bytes,        240 total
: 896K->0K(960K), 0.0007925 secs] 4722K->4114K(10176K), 0.0010736 secs] [Times: user=0.00 sys=0.00, real=0.00 secs] 
2019-01-02T11:13:51.761+0530: 899.661: [GC (Allocation Failure) 2019-01-02T11:13:51.761+0530: 899.661: [DefNew
Desired survivor size 32768 bytes, new threshold 15 (max 15)
- age   3:        184 bytes,        184 total
- age   9:         16 bytes,        200 total
: 896K->0K(960K), 0.0010411 secs] 5010K->4690K(10176K), 0.0011688 secs] [Times: user=0.00 sys=0.00, real=0.00 secs] 
2019-01-02T11:13:51.763+0530: 899.663: [GC (Allocation Failure) 2019-01-02T11:13:51.763+0530: 899.663: [DefNew
Desired survivor size 32768 bytes, new threshold 15 (max 15)
- age   1:         24 bytes,         24 total
- age   4:        184 bytes,        208 total
- age  10:         16 bytes,        224 total
: 497K->0K(960K), 0.0002480 secs] 5188K->4690K(10176K), 0.0003073 secs] [Times: user=0.00 sys=0.00, real=0.00 secs] 
2019-01-02T11:13:51.764+0530: 899.664: [GC (Allocation Failure) 2019-01-02T11:13:51.764+0530: 899.664: [DefNew
Desired survivor size 32768 bytes, new threshold 15 (max 15)
- age   2:         24 bytes,         24 total
- age   5:        184 bytes,        208 total
- age  11:         16 bytes,        224 total
: 511K->0K(960K), 0.0003090 secs] 5201K->5201K(10176K), 0.0003603 secs] [Times: user=0.00 sys=0.00, real=0.00 secs] 
2019-01-02T11:13:51.764+0530: 899.665: [GC (Allocation Failure) 2019-01-02T11:13:51.765+0530: 899.665: [DefNew
Desired survivor size 32768 bytes, new threshold 15 (max 15)
- age   1:         24 bytes,         24 total
- age   6:         72 bytes,         96 total
- age  12:         16 bytes,        112 total
: 529K->0K(960K), 0.0003153 secs] 5730K->5713K(10176K), 0.0003683 secs] [Times: user=0.00 sys=0.00, real=0.00 secs] 
2019-01-02T11:13:51.820+0530: 899.720: [GC (Allocation Failure) 2019-01-02T11:13:51.820+0530: 899.720: [DefNew
Desired survivor size 32768 bytes, new threshold 15 (max 15)
- age   1:        248 bytes,        248 total
- age   7:         16 bytes,        264 total
- age  13:         16 bytes,        280 total
: 882K->0K(960K), 0.0011033 secs] 6595K->5785K(10176K), 0.0014836 secs] [Times: user=0.00 sys=0.00, real=0.00 secs] 
2019-01-02T11:13:51.825+0530: 899.725: [GC (Allocation Failure) 2019-01-02T11:13:51.825+0530: 899.725: [DefNew
Desired survivor size 32768 bytes, new threshold 15 (max 15)
- age   1:         40 bytes,         40 total
- age   2:        184 bytes,        224 total
- age   8:         16 bytes,        240 total
- age  14:         16 bytes,        256 total
: 896K->0K(960K), 0.0011283 secs] 6681K->6073K(10176K), 0.0014419 secs] [Times: user=0.00 sys=0.00, real=0.00 secs] 
2019-01-02T11:13:51.827+0530: 899.728: [GC (Allocation Failure) 2019-01-02T11:13:51.827+0530: 899.728: [DefNew
Desired survivor size 32768 bytes, new threshold 15 (max 15)
- age   3:        184 bytes,        184 total
- age   9:         16 bytes,        200 total
- age  15:         16 bytes,        216 total
: 896K->0K(960K), 0.0008370 secs] 6969K->6649K(10176K), 0.0009533 secs] [Times: user=0.00 sys=0.00, real=0.00 secs] 
2019-01-02T11:13:51.830+0530: 899.730: [GC (Allocation Failure) 2019-01-02T11:13:51.830+0530: 899.730: [DefNew
Desired survivor size 32768 bytes, new threshold 15 (max 15)
- age   1:         24 bytes,         24 total
- age   4:        184 bytes,        208 total
- age  10:         16 bytes,        224 total
: 497K->0K(960K), 0.0006038 secs] 7146K->6649K(10176K), 0.0007954 secs] [Times: user=0.00 sys=0.00, real=0.00 secs] 
2019-01-02T11:13:51.831+0530: 899.731: [GC (Allocation Failure) 2019-01-02T11:13:51.831+0530: 899.731: [DefNew
Desired survivor size 32768 bytes, new threshold 15 (max 15)
- age   2:         24 bytes,         24 total
- age   5:        184 bytes,        208 total
- age  11:         16 bytes,        224 total
: 511K->0K(960K), 0.0003296 secs] 7160K->7160K(10176K), 0.0003923 secs] [Times: user=0.00 sys=0.00, real=0.00 secs] 
2019-01-02T11:13:51.832+0530: 899.732: [GC (Allocation Failure) 2019-01-02T11:13:51.832+0530: 899.732: [DefNew
Desired survivor size 32768 bytes, new threshold 15 (max 15)
- age   1:         24 bytes,         24 total
- age   6:         72 bytes,         96 total
- age  12:         16 bytes,        112 total
: 529K->0K(960K), 0.0002982 secs] 7689K->7671K(10176K), 0.0003506 secs] [Times: user=0.00 sys=0.00, real=0.00 secs] 
2019-01-02T11:13:51.892+0530: 899.793: [GC (Allocation Failure) 2019-01-02T11:13:51.892+0530: 899.793: [DefNew
Desired survivor size 32768 bytes, new threshold 15 (max 15)
- age   1:        248 bytes,        248 total
- age   7:         16 bytes,        264 total
- age  13:         16 bytes,        280 total
: 882K->0K(960K), 0.0010308 secs] 8554K->7744K(10176K), 0.0013564 secs] [Times: user=0.00 sys=0.00, real=0.00 secs] 
2019-01-02T11:13:51.895+0530: 899.796: [GC (Allocation Failure) 2019-01-02T11:13:51.895+0530: 899.796: [DefNew
Desired survivor size 32768 bytes, new threshold 15 (max 15)
- age   1:         40 bytes,         40 total
- age   2:        184 bytes,        224 total
- age   8:         16 bytes,        240 total
- age  14:         16 bytes,        256 total
: 896K->0K(960K), 0.0006163 secs] 8640K->8032K(10176K), 0.0007053 secs] [Times: user=0.00 sys=0.00, real=0.00 secs] 
2019-01-02T11:13:51.897+0530: 899.797: [GC (Allocation Failure) 2019-01-02T11:13:51.897+0530: 899.797: [DefNew
Desired survivor size 32768 bytes, new threshold 15 (max 15)
- age   3:        184 bytes,        184 total
- age   9:         16 bytes,        200 total
- age  15:         16 bytes,        216 total
: 896K->0K(960K), 0.0009094 secs] 8928K->8607K(10176K), 0.0010086 secs] [Times: user=0.01 sys=0.00, real=0.00 secs] 
2019-01-02T11:13:51.900+0530: 899.800: [GC (Allocation Failure) 2019-01-02T11:13:51.900+0530: 899.800: [DefNew
Desired survivor size 32768 bytes, new threshold 15 (max 15)
- age   1:         24 bytes,         24 total
- age   4:        184 bytes,        208 total
- age  10:         16 bytes,        224 total
: 497K->0K(960K), 0.0003410 secs] 9105K->8608K(10176K), 0.0004692 secs] [Times: user=0.00 sys=0.00, real=0.00 secs] 
2019-01-02T11:13:51.901+0530: 899.801: [GC (Allocation Failure) 2019-01-02T11:13:51.901+0530: 899.801: [DefNew
Desired survivor size 32768 bytes, new threshold 15 (max 15)
- age   2:         24 bytes,         24 total
- age   5:        184 bytes,        208 total
- age  11:         16 bytes,        224 total
: 511K->0K(960K), 0.0003381 secs] 9119K->9119K(10176K), 0.0003923 secs] [Times: user=0.00 sys=0.00, real=0.00 secs] 
2019-01-02T11:13:51.901+0530: 899.802: [GC (Allocation Failure) 2019-01-02T11:13:51.901+0530: 899.802: [DefNew: 529K->529K(960K), 0.0000234 secs]2019-01-02T11:13:51.901+0530: 899.802: [Tenured: 9119K->1284K(9216K), 0.0037334 secs] 9648K->1284K(10176K), [Metaspace: 2520K->2520K(1056768K)], 0.0038588 secs] [Times: user=0.00 sys=0.00, real=0.00 secs] 
2019-01-02T11:13:51.963+0530: 899.864: [GC (Allocation Failure) 2019-01-02T11:13:51.963+0530: 899.864: [DefNew
Desired survivor size 32768 bytes, new threshold 15 (max 15)
- age   1:        248 bytes,        248 total
: 882K->0K(960K), 0.0010765 secs] 2167K->1868K(10176K), 0.0012161 secs] [Times: user=0.00 sys=0.00, real=0.00 secs] 
2019-01-02T11:13:51.966+0530: 899.866: [GC (Allocation Failure) 2019-01-02T11:13:51.966+0530: 899.867: [DefNew
Desired survivor size 32768 bytes, new threshold 15 (max 15)
- age   1:         40 bytes,         40 total
- age   2:        184 bytes,        224 total
: 896K->0K(960K), 0.0010354 secs] 2764K->2156K(10176K), 0.0012230 secs] [Times: user=0.00 sys=0.00, real=0.00 secs] 
2019-01-02T11:13:51.969+0530: 899.869: [GC (Allocation Failure) 2019-01-02T11:13:51.969+0530: 899.869: [DefNew
Desired survivor size 32768 bytes, new threshold 15 (max 15)
- age   3:        184 bytes,        184 total
: 896K->0K(960K), 0.0008022 secs] 3052K->2732K(10176K), 0.0010194 secs] [Times: user=0.00 sys=0.00, real=0.00 secs] 
2019-01-02T11:13:51.972+0530: 899.872: [GC (Allocation Failure) 2019-01-02T11:13:51.972+0530: 899.872: [DefNew
Desired survivor size 32768 bytes, new threshold 15 (max 15)
- age   1:         24 bytes,         24 total
- age   4:        184 bytes,        208 total
: 497K->0K(960K), 0.0002651 secs] 3229K->2732K(10176K), 0.0003529 secs] [Times: user=0.00 sys=0.00, real=0.00 secs] 
2019-01-02T11:13:51.972+0530: 899.873: [GC (Allocation Failure) 2019-01-02T11:13:51.973+0530: 899.873: [DefNew
Desired survivor size 32768 bytes, new threshold 15 (max 15)
- age   2:         24 bytes,         24 total
- age   5:        184 bytes,        208 total
: 511K->0K(960K), 0.0003204 secs] 3243K->3243K(10176K), 0.0003940 secs] [Times: user=0.00 sys=0.00, real=0.00 secs] 
2019-01-02T11:13:51.973+0530: 899.873: [GC (Allocation Failure) 2019-01-02T11:13:51.973+0530: 899.873: [DefNew
Desired survivor size 32768 bytes, new threshold 15 (max 15)
- age   1:         24 bytes,         24 total
- age   6:         72 bytes,         96 total
: 529K->0K(960K), 0.0013769 secs] 3772K->3754K(10176K), 0.0015326 secs] [Times: user=0.00 sys=0.00, real=0.00 secs] 
2019-01-02T11:13:52.032+0530: 899.932: [GC (Allocation Failure) 2019-01-02T11:13:52.032+0530: 899.932: [DefNew
Desired survivor size 32768 bytes, new threshold 15 (max 15)
- age   1:        248 bytes,        248 total
- age   7:         16 bytes,        264 total
: 882K->0K(960K), 0.0012515 secs] 4637K->3826K(10176K), 0.0015451 secs] [Times: user=0.00 sys=0.00, real=0.00 secs] 
2019-01-02T11:13:52.036+0530: 899.936: [GC (Allocation Failure) 2019-01-02T11:13:52.036+0530: 899.936: [DefNew
Desired survivor size 32768 bytes, new threshold 15 (max 15)
- age   1:         40 bytes,         40 total
- age   2:        184 bytes,        224 total
- age   8:         16 bytes,        240 total
: 896K->0K(960K), 0.0013433 secs] 4722K->4114K(10176K), 0.0015560 secs] [Times: user=0.00 sys=0.00, real=0.00 secs] 
2019-01-02T11:13:52.039+0530: 899.940: [GC (Allocation Failure) 2019-01-02T11:13:52.040+0530: 899.940: [DefNew
Desired survivor size 32768 bytes, new threshold 15 (max 15)
- age   3:        184 bytes,        184 total
- age   9:         16 bytes,        200 total
: 896K->0K(960K), 0.0005035 secs] 5010K->4690K(10176K), 0.0006192 secs] [Times: user=0.00 sys=0.00, real=0.00 secs] 
2019-01-02T11:13:52.043+0530: 899.944: [GC (Allocation Failure) 2019-01-02T11:13:52.044+0530: 899.944: [DefNew
Desired survivor size 32768 bytes, new threshold 15 (max 15)
- age   1:         24 bytes,         24 total
- age   4:        184 bytes,        208 total
- age  10:         16 bytes,        224 total
: 497K->0K(960K), 0.0006232 secs] 5188K->4690K(10176K), 0.0009362 secs] [Times: user=0.00 sys=0.00, real=0.00 secs] 
2019-01-02T11:13:52.045+0530: 899.945: [GC (Allocation Failure) 2019-01-02T11:13:52.045+0530: 899.945: [DefNew
Desired survivor size 32768 bytes, new threshold 15 (max 15)
- age   2:         24 bytes,         24 total
- age   5:        184 bytes,        208 total
- age  11:         16 bytes,        224 total
: 511K->0K(960K), 0.0006175 secs] 5202K->5202K(10176K), 0.0007395 secs] [Times: user=0.00 sys=0.00, real=0.00 secs] 
2019-01-02T11:13:52.046+0530: 899.946: [GC (Allocation Failure) 2019-01-02T11:13:52.046+0530: 899.946: [DefNew
Desired survivor size 32768 bytes, new threshold 15 (max 15)
- age   1:         24 bytes,         24 total
- age   6:         72 bytes,         96 total
- age  12:         16 bytes,        112 total
: 529K->0K(960K), 0.0003085 secs] 5731K->5713K(10176K), 0.0003797 secs] [Times: user=0.00 sys=0.00, real=0.00 secs] 
2019-01-02T11:13:52.106+0530: 900.006: [GC (Allocation Failure) 2019-01-02T11:13:52.107+0530: 900.007: [DefNew
Desired survivor size 32768 bytes, new threshold 15 (max 15)
- age   1:        248 bytes,        248 total
- age   7:         16 bytes,        264 total
- age  13:         16 bytes,        280 total
: 882K->0K(960K), 0.0016882 secs] 6596K->5785K(10176K), 0.0022242 secs] [Times: user=0.00 sys=0.00, real=0.00 secs] 
2019-01-02T11:13:52.114+0530: 900.014: [GC (Allocation Failure) 2019-01-02T11:13:52.114+0530: 900.014: [DefNew
Desired survivor size 32768 bytes, new threshold 15 (max 15)
- age   1:         40 bytes,         40 total
- age   2:        184 bytes,        224 total
- age   8:         16 bytes,        240 total
- age  14:         16 bytes,        256 total
: 896K->0K(960K), 0.0006032 secs] 6681K->6073K(10176K), 0.0007880 secs] [Times: user=0.00 sys=0.00, real=0.00 secs] 
2019-01-02T11:13:52.116+0530: 900.017: [GC (Allocation Failure) 2019-01-02T11:13:52.116+0530: 900.017: [DefNew
Desired survivor size 32768 bytes, new threshold 15 (max 15)
- age   3:        184 bytes,        184 total
- age   9:         16 bytes,        200 total
- age  15:         16 bytes,        216 total
: 896K->0K(960K), 0.0005280 secs] 6969K->6649K(10176K), 0.0006511 secs] [Times: user=0.00 sys=0.00, real=0.00 secs] 
2019-01-02T11:13:52.119+0530: 900.019: [GC (Allocation Failure) 2019-01-02T11:13:52.119+0530: 900.019: [DefNew
Desired survivor size 32768 bytes, new threshold 15 (max 15)
- age   1:         24 bytes,         24 total
- age   4:        184 bytes,        208 total
- age  10:         16 bytes,        224 total
: 497K->0K(960K), 0.0006032 secs] 7147K->6649K(10176K), 0.0008284 secs] [Times: user=0.00 sys=0.00, real=0.00 secs] 
2019-01-02T11:13:52.122+0530: 900.022: [GC (Allocation Failure) 2019-01-02T11:13:52.122+0530: 900.022: [DefNew
Desired survivor size 32768 bytes, new threshold 15 (max 15)
- age   2:         24 bytes,         24 total
- age   5:        184 bytes,        208 total
- age  11:         16 bytes,        224 total
: 511K->0K(960K), 0.0007213 secs] 7161K->7161K(10176K), 0.0008917 secs] [Times: user=0.00 sys=0.00, real=0.00 secs] 
2019-01-02T11:13:52.123+0530: 900.024: [GC (Allocation Failure) 2019-01-02T11:13:52.123+0530: 900.024: [DefNew
Desired survivor size 32768 bytes, new threshold 15 (max 15)
- age   1:         24 bytes,         24 total
- age   6:         72 bytes,         96 total
- age  12:         16 bytes,        112 total
: 529K->0K(960K), 0.0006910 secs] 7690K->7672K(10176K), 0.0008062 secs] [Times: user=0.00 sys=0.00, real=0.00 secs] 
2019-01-02T11:13:52.251+0530: 900.151: [GC (Allocation Failure) 2019-01-02T11:13:52.251+0530: 900.151: [DefNew
Desired survivor size 32768 bytes, new threshold 15 (max 15)
- age   1:        248 bytes,        248 total
- age   7:         16 bytes,        264 total
- age  13:         16 bytes,        280 total
: 882K->0K(960K), 0.0008319 secs] 8555K->7744K(10176K), 0.0012418 secs] [Times: user=0.00 sys=0.00, real=0.00 secs] 
2019-01-02T11:13:52.254+0530: 900.155: [GC (Allocation Failure) 2019-01-02T11:13:52.255+0530: 900.155: [DefNew
Desired survivor size 32768 bytes, new threshold 15 (max 15)
- age   1:         40 bytes,         40 total
- age   2:        184 bytes,        224 total
- age   8:         16 bytes,        240 total
- age  14:         16 bytes,        256 total
: 896K->0K(960K), 0.0014094 secs] 8640K->8032K(10176K), 0.0017863 secs] [Times: user=0.00 sys=0.01, real=0.00 secs] 
2019-01-02T11:13:52.259+0530: 900.159: [GC (Allocation Failure) 2019-01-02T11:13:52.259+0530: 900.159: [DefNew
Desired survivor size 32768 bytes, new threshold 15 (max 15)
- age   3:        184 bytes,        184 total
- age   9:         16 bytes,        200 total
- age  15:         16 bytes,        216 total
: 896K->0K(960K), 0.0012315 secs] 8928K->8608K(10176K), 0.0015628 secs] [Times: user=0.00 sys=0.00, real=0.00 secs] 
2019-01-02T11:13:52.263+0530: 900.163: [GC (Allocation Failure) 2019-01-02T11:13:52.263+0530: 900.163: [DefNew
Desired survivor size 32768 bytes, new threshold 15 (max 15)
- age   1:         24 bytes,         24 total
- age   4:        184 bytes,        208 total
- age  10:         16 bytes,        224 total
: 497K->0K(960K), 0.0007201 secs] 9106K->8608K(10176K), 0.0009522 secs] [Times: user=0.00 sys=0.00, real=0.00 secs] 
2019-01-02T11:13:52.265+0530: 900.165: [GC (Allocation Failure) 2019-01-02T11:13:52.265+0530: 900.165: [DefNew
Desired survivor size 32768 bytes, new threshold 15 (max 15)
- age   2:         24 bytes,         24 total
- age   5:        184 bytes,        208 total
- age  11:         16 bytes,        224 total
: 511K->0K(960K), 0.0010383 secs] 9120K->9120K(10176K), 0.0012777 secs] [Times: user=0.00 sys=0.00, real=0.00 secs] 
2019-01-02T11:13:52.267+0530: 900.167: [GC (Allocation Failure) 2019-01-02T11:13:52.267+0530: 900.167: [DefNew: 529K->529K(960K), 0.0000439 secs]2019-01-02T11:13:52.267+0530: 900.167: [Tenured: 9119K->1284K(9216K), 0.0054798 secs] 9649K->1284K(10176K), [Metaspace: 2520K->2520K(1056768K)], 0.0056748 secs] [Times: user=0.02 sys=0.00, real=0.01 secs] 
2019-01-02T11:13:52.352+0530: 900.252: [GC (Allocation Failure) 2019-01-02T11:13:52.352+0530: 900.252: [DefNew
Desired survivor size 32768 bytes, new threshold 15 (max 15)
- age   1:        248 bytes,        248 total
: 882K->0K(960K), 0.0018992 secs] 2167K->1868K(10176K), 0.0021843 secs] [Times: user=0.00 sys=0.00, real=0.00 secs] 
2019-01-02T11:13:52.356+0530: 900.256: [GC (Allocation Failure) 2019-01-02T11:13:52.356+0530: 900.256: [DefNew
Desired survivor size 32768 bytes, new threshold 15 (max 15)
- age   1:         40 bytes,         40 total
- age   2:        184 bytes,        224 total
: 896K->0K(960K), 0.0003335 secs] 2764K->2156K(10176K), 0.0004088 secs] [Times: user=0.00 sys=0.00, real=0.00 secs] 
2019-01-02T11:13:52.357+0530: 900.257: [GC (Allocation Failure) 2019-01-02T11:13:52.357+0530: 900.257: [DefNew
Desired survivor size 32768 bytes, new threshold 15 (max 15)
- age   3:        184 bytes,        184 total
: 896K->0K(960K), 0.0004556 secs] 3052K->2732K(10176K), 0.0005434 secs] [Times: user=0.00 sys=0.00, real=0.00 secs] 
2019-01-02T11:13:52.359+0530: 900.259: [GC (Allocation Failure) 2019-01-02T11:13:52.359+0530: 900.259: [DefNew
Desired survivor size 32768 bytes, new threshold 15 (max 15)
- age   1:         24 bytes,         24 total
- age   4:        184 bytes,        208 total
: 497K->0K(960K), 0.0003273 secs] 3230K->2732K(10176K), 0.0004236 secs] [Times: user=0.00 sys=0.00, real=0.00 secs] 
2019-01-02T11:13:52.360+0530: 900.260: [GC (Allocation Failure) 2019-01-02T11:13:52.360+0530: 900.260: [DefNew
Desired survivor size 32768 bytes, new threshold 15 (max 15)
- age   2:         24 bytes,         24 total
- age   5:        184 bytes,        208 total
: 511K->0K(960K), 0.0004556 secs] 3243K->3243K(10176K), 0.0005456 secs] [Times: user=0.00 sys=0.00, real=0.00 secs] 
2019-01-02T11:13:52.361+0530: 900.261: [GC (Allocation Failure) 2019-01-02T11:13:52.361+0530: 900.261: [DefNew
Desired survivor size 32768 bytes, new threshold 15 (max 15)
- age   1:         24 bytes,         24 total
- age   6:         72 bytes,         96 total
: 529K->0K(960K), 0.0009259 secs] 3772K->3755K(10176K), 0.0011107 secs] [Times: user=0.00 sys=0.00, real=0.00 secs] 
2019-01-02T11:13:52.442+0530: 900.342: [GC (Allocation Failure) 2019-01-02T11:13:52.442+0530: 900.343: [DefNew
Desired survivor size 32768 bytes, new threshold 15 (max 15)
- age   1:        248 bytes,        248 total
- age   7:         16 bytes,        264 total
: 882K->0K(960K), 0.0009077 secs] 4637K->3827K(10176K), 0.0012173 secs] [Times: user=0.00 sys=0.00, real=0.00 secs] 
2019-01-02T11:13:52.445+0530: 900.345: [GC (Allocation Failure) 2019-01-02T11:13:52.445+0530: 900.345: [DefNew
Desired survivor size 32768 bytes, new threshold 15 (max 15)
- age   1:         40 bytes,         40 total
- age   2:        184 bytes,        224 total
- age   8:         16 bytes,        240 total
: 896K->0K(960K), 0.0013148 secs] 4723K->4115K(10176K), 0.0015286 secs] [Times: user=0.00 sys=0.00, real=0.00 secs] 
2019-01-02T11:13:52.448+0530: 900.348: [GC (Allocation Failure) 2019-01-02T11:13:52.448+0530: 900.348: [DefNew
Desired survivor size 32768 bytes, new threshold 15 (max 15)
- age   3:        184 bytes,        184 total
- age   9:         16 bytes,        200 total
: 896K->0K(960K), 0.0008233 secs] 5011K->4691K(10176K), 0.0009453 secs] [Times: user=0.00 sys=0.00, real=0.00 secs] 
2019-01-02T11:13:52.450+0530: 900.350: [GC (Allocation Failure) 2019-01-02T11:13:52.450+0530: 900.350: [DefNew
Desired survivor size 32768 bytes, new threshold 15 (max 15)
- age   1:         24 bytes,         24 total
- age   4:        184 bytes,        208 total
- age  10:         16 bytes,        224 total
: 497K->0K(960K), 0.0002594 secs] 5189K->4691K(10176K), 0.0003740 secs] [Times: user=0.00 sys=0.00, real=0.00 secs] 
2019-01-02T11:13:52.450+0530: 900.351: [GC (Allocation Failure) 2019-01-02T11:13:52.451+0530: 900.351: [DefNew
Desired survivor size 32768 bytes, new threshold 15 (max 15)
- age   2:         24 bytes,         24 total
- age   5:        184 bytes,        208 total
- age  11:         16 bytes,        224 total
: 511K->0K(960K), 0.0002999 secs] 5202K->5202K(10176K), 0.0003535 secs] [Times: user=0.00 sys=0.00, real=0.00 secs] 
2019-01-02T11:13:52.451+0530: 900.351: [GC (Allocation Failure) 2019-01-02T11:13:52.451+0530: 900.351: [DefNew
Desired survivor size 32768 bytes, new threshold 15 (max 15)
- age   1:         24 bytes,         24 total
- age   6:         72 bytes,         96 total
- age  12:         16 bytes,        112 total
: 529K->0K(960K), 0.0003934 secs] 5731K->5714K(10176K), 0.0004670 secs] [Times: user=0.00 sys=0.00, real=0.00 secs] 
2019-01-02T11:13:52.509+0530: 900.409: [GC (Allocation Failure) 2019-01-02T11:13:52.509+0530: 900.409: [DefNew
Desired survivor size 32768 bytes, new threshold 15 (max 15)
- age   1:        248 bytes,        248 total
- age   7:         16 bytes,        264 total
- age  13:         16 bytes,        280 total
: 882K->0K(960K), 0.0008051 secs] 6596K->5786K(10176K), 0.0011597 secs] [Times: user=0.00 sys=0.00, real=0.00 secs] 
2019-01-02T11:13:52.512+0530: 900.412: [GC (Allocation Failure) 2019-01-02T11:13:52.512+0530: 900.412: [DefNew
Desired survivor size 32768 bytes, new threshold 15 (max 15)
- age   1:         40 bytes,         40 total
- age   2:        184 bytes,        224 total
- age   8:         16 bytes,        240 total
- age  14:         16 bytes,        256 total
: 896K->0K(960K), 0.0011745 secs] 6682K->6074K(10176K), 0.0014459 secs] [Times: user=0.00 sys=0.00, real=0.00 secs] 
2019-01-02T11:13:52.515+0530: 900.415: [GC (Allocation Failure) 2019-01-02T11:13:52.515+0530: 900.415: [DefNew
Desired survivor size 32768 bytes, new threshold 15 (max 15)
- age   3:        184 bytes,        184 total
- age   9:         16 bytes,        200 total
- age  15:         16 bytes,        216 total
: 896K->0K(960K), 0.0007920 secs] 6970K->6650K(10176K), 0.0008866 secs] [Times: user=0.00 sys=0.00, real=0.00 secs] 
2019-01-02T11:13:52.517+0530: 900.417: [GC (Allocation Failure) 2019-01-02T11:13:52.517+0530: 900.417: [DefNew
Desired survivor size 32768 bytes, new threshold 15 (max 15)
- age   1:         24 bytes,         24 total
- age   4:        184 bytes,        208 total
- age  10:         16 bytes,        224 total
: 497K->0K(960K), 0.0002355 secs] 7148K->6650K(10176K), 0.0003056 secs] [Times: user=0.00 sys=0.00, real=0.00 secs] 
2019-01-02T11:13:52.517+0530: 900.417: [GC (Allocation Failure) 2019-01-02T11:13:52.517+0530: 900.418: [DefNew
Desired survivor size 32768 bytes, new threshold 15 (max 15)
- age   2:         24 bytes,         24 total
- age   5:        184 bytes,        208 total
- age  11:         16 bytes,        224 total
: 511K->0K(960K), 0.0003199 secs] 7161K->7161K(10176K), 0.0003923 secs] [Times: user=0.00 sys=0.00, real=0.00 secs] 
2019-01-02T11:13:52.518+0530: 900.418: [GC (Allocation Failure) 2019-01-02T11:13:52.518+0530: 900.418: [DefNew
Desired survivor size 32768 bytes, new threshold 15 (max 15)
- age   1:         24 bytes,         24 total
- age   6:         72 bytes,         96 total
- age  12:         16 bytes,        112 total
: 529K->0K(960K), 0.0003176 secs] 7691K->7673K(10176K), 0.0003894 secs] [Times: user=0.00 sys=0.00, real=0.00 secs] 
2019-01-02T11:13:52.579+0530: 900.479: [GC (Allocation Failure) 2019-01-02T11:13:52.579+0530: 900.479: [DefNew
Desired survivor size 32768 bytes, new threshold 15 (max 15)
- age   1:        248 bytes,        248 total
- age   7:         16 bytes,        264 total
- age  13:         16 bytes,        280 total
: 882K->0K(960K), 0.0007805 secs] 8556K->7745K(10176K), 0.0011198 secs] [Times: user=0.00 sys=0.00, real=0.00 secs] 
2019-01-02T11:13:52.582+0530: 900.482: [GC (Allocation Failure) 2019-01-02T11:13:52.582+0530: 900.482: [DefNew
Desired survivor size 32768 bytes, new threshold 15 (max 15)
- age   1:         40 bytes,         40 total
- age   2:        184 bytes,        224 total
- age   8:         16 bytes,        240 total
- age  14:         16 bytes,        256 total
: 896K->0K(960K), 0.0008826 secs] 8641K->8033K(10176K), 0.0010417 secs] [Times: user=0.00 sys=0.00, real=0.00 secs] 
2019-01-02T11:13:52.584+0530: 900.485: [GC (Allocation Failure) 2019-01-02T11:13:52.584+0530: 900.485: [DefNew
Desired survivor size 32768 bytes, new threshold 15 (max 15)
- age   3:        184 bytes,        184 total
- age   9:         16 bytes,        200 total
- age  15:         16 bytes,        216 total
: 896K->0K(960K), 0.0011283 secs] 8929K->8609K(10176K), 0.0013444 secs] [Times: user=0.00 sys=0.00, real=0.00 secs] 
2019-01-02T11:13:52.587+0530: 900.487: [GC (Allocation Failure) 2019-01-02T11:13:52.587+0530: 900.487: [DefNew
Desired survivor size 32768 bytes, new threshold 15 (max 15)
- age   1:         24 bytes,         24 total
- age   4:        184 bytes,        208 total
- age  10:         16 bytes,        224 total
: 497K->0K(960K), 0.0002423 secs] 9107K->8609K(10176K), 0.0002999 secs] [Times: user=0.00 sys=0.00, real=0.00 secs] 
2019-01-02T11:13:52.587+0530: 900.488: [GC (Allocation Failure) 2019-01-02T11:13:52.587+0530: 900.488: [DefNew
Desired survivor size 32768 bytes, new threshold 15 (max 15)
- age   2:         24 bytes,         24 total
- age   5:        184 bytes,        208 total
- age  11:         16 bytes,        224 total
: 511K->0K(960K), 0.0003387 secs] 9120K->9120K(10176K), 0.0003991 secs] [Times: user=0.00 sys=0.00, real=0.00 secs] 
2019-01-02T11:13:52.588+0530: 900.488: [GC (Allocation Failure) 2019-01-02T11:13:52.588+0530: 900.488: [DefNew: 529K->529K(960K), 0.0000239 secs]2019-01-02T11:13:52.588+0530: 900.488: [Tenured: 9120K->1284K(9216K), 0.0039757 secs] 9650K->1284K(10176K), [Metaspace: 2520K->2520K(1056768K)], 0.0041080 secs] [Times: user=0.00 sys=0.00, real=0.00 secs] 
2019-01-02T11:13:52.649+0530: 900.549: [GC (Allocation Failure) 2019-01-02T11:13:52.649+0530: 900.550: [DefNew
Desired survivor size 32768 bytes, new threshold 15 (max 15)
- age   1:        248 bytes,        248 total
: 882K->0K(960K), 0.0011261 secs] 2167K->1868K(10176K), 0.0014037 secs] [Times: user=0.00 sys=0.00, real=0.00 secs] 
2019-01-02T11:13:52.652+0530: 900.553: [GC (Allocation Failure) 2019-01-02T11:13:52.653+0530: 900.553: [DefNew
Desired survivor size 32768 bytes, new threshold 15 (max 15)
- age   1:         40 bytes,         40 total
- age   2:        184 bytes,        224 total
: 896K->0K(960K), 0.0012481 secs] 2764K->2156K(10176K), 0.0014522 secs] [Times: user=0.00 sys=0.00, real=0.00 secs] 
2019-01-02T11:13:52.656+0530: 900.556: [GC (Allocation Failure) 2019-01-02T11:13:52.656+0530: 900.556: [DefNew
Desired survivor size 32768 bytes, new threshold 15 (max 15)
- age   3:        184 bytes,        184 total
: 896K->0K(960K), 0.0012042 secs] 3052K->2732K(10176K), 0.0013387 secs] [Times: user=0.00 sys=0.00, real=0.00 secs] 
2019-01-02T11:13:52.658+0530: 900.559: [GC (Allocation Failure) 2019-01-02T11:13:52.658+0530: 900.559: [DefNew
Desired survivor size 32768 bytes, new threshold 15 (max 15)
- age   1:         24 bytes,         24 total
- age   4:        184 bytes,        208 total
: 497K->0K(960K), 0.0002560 secs] 3230K->2732K(10176K), 0.0003153 secs] [Times: user=0.00 sys=0.00, real=0.00 secs] 
2019-01-02T11:13:52.659+0530: 900.559: [GC (Allocation Failure) 2019-01-02T11:13:52.659+0530: 900.559: [DefNew
Desired survivor size 32768 bytes, new threshold 15 (max 15)
- age   2:         24 bytes,         24 total
- age   5:        184 bytes,        208 total
: 511K->0K(960K), 0.0003415 secs] 3244K->3244K(10176K), 0.0003997 secs] [Times: user=0.00 sys=0.00, real=0.00 secs] 
2019-01-02T11:13:52.660+0530: 900.560: [GC (Allocation Failure) 2019-01-02T11:13:52.660+0530: 900.560: [DefNew
Desired survivor size 32768 bytes, new threshold 15 (max 15)
- age   1:         24 bytes,         24 total
- age   6:         72 bytes,         96 total
: 529K->0K(960K), 0.0003187 secs] 3773K->3755K(10176K), 0.0003717 secs] [Times: user=0.00 sys=0.00, real=0.00 secs] 
2019-01-02T11:13:52.736+0530: 900.636: [GC (Allocation Failure) 2019-01-02T11:13:52.736+0530: 900.636: [DefNew
Desired survivor size 32768 bytes, new threshold 15 (max 15)
- age   1:        248 bytes,        248 total
- age   7:         16 bytes,        264 total
: 882K->0K(960K), 0.0010440 secs] 4638K->3827K(10176K), 0.0013775 secs] [Times: user=0.00 sys=0.00, real=0.00 secs] 
2019-01-02T11:13:52.740+0530: 900.640: [GC (Allocation Failure) 2019-01-02T11:13:52.740+0530: 900.640: [DefNew
Desired survivor size 32768 bytes, new threshold 15 (max 15)
- age   1:         40 bytes,         40 total
- age   2:        184 bytes,        224 total
- age   8:         16 bytes,        240 total
: 896K->0K(960K), 0.0008866 secs] 4723K->4115K(10176K), 0.0010394 secs] [Times: user=0.02 sys=0.00, real=0.00 secs] 
2019-01-02T11:13:52.742+0530: 900.643: [GC (Allocation Failure) 2019-01-02T11:13:52.742+0530: 900.643: [DefNew
Desired survivor size 32768 bytes, new threshold 15 (max 15)
- age   3:        184 bytes,        184 total
- age   9:         16 bytes,        200 total
: 896K->0K(960K), 0.0009003 secs] 5011K->4691K(10176K), 0.0010223 secs] [Times: user=0.00 sys=0.00, real=0.00 secs] 
2019-01-02T11:13:52.746+0530: 900.646: [GC (Allocation Failure) 2019-01-02T11:13:52.746+0530: 900.646: [DefNew
Desired survivor size 32768 bytes, new threshold 15 (max 15)
- age   1:         24 bytes,         24 total
- age   4:        184 bytes,        208 total
- age  10:         16 bytes,        224 total
: 497K->0K(960K), 0.0003843 secs] 5189K->4691K(10176K), 0.0005325 secs] [Times: user=0.00 sys=0.00, real=0.00 secs] 
2019-01-02T11:13:52.747+0530: 900.647: [GC (Allocation Failure) 2019-01-02T11:13:52.747+0530: 900.647: [DefNew
Desired survivor size 32768 bytes, new threshold 15 (max 15)
- age   2:         24 bytes,         24 total
- age   5:        184 bytes,        208 total
- age  11:         16 bytes,        224 total
: 511K->0K(960K), 0.0005194 secs] 5203K->5203K(10176K), 0.0007013 secs] [Times: user=0.00 sys=0.00, real=0.00 secs] 
2019-01-02T11:13:52.748+0530: 900.649: [GC (Allocation Failure) 2019-01-02T11:13:52.748+0530: 900.649: [DefNew
Desired survivor size 32768 bytes, new threshold 15 (max 15)
- age   1:         24 bytes,         24 total
- age   6:         72 bytes,         96 total
- age  12:         16 bytes,        112 total
: 529K->0K(960K), 0.0011386 secs] 5732K->5714K(10176K), 0.0013319 secs] [Times: user=0.00 sys=0.00, real=0.00 secs] 
2019-01-02T11:13:52.818+0530: 900.718: [GC (Allocation Failure) 2019-01-02T11:13:52.818+0530: 900.718: [DefNew
Desired survivor size 32768 bytes, new threshold 15 (max 15)
- age   1:        248 bytes,        248 total
- age   7:         16 bytes,        264 total
- age  13:         16 bytes,        280 total
: 882K->0K(960K), 0.0006950 secs] 6597K->5786K(10176K), 0.0009658 secs] [Times: user=0.02 sys=0.00, real=0.00 secs] 
2019-01-02T11:13:52.820+0530: 900.720: [GC (Allocation Failure) 2019-01-02T11:13:52.820+0530: 900.721: [DefNew
Desired survivor size 32768 bytes, new threshold 15 (max 15)
- age   1:         40 bytes,         40 total
- age   2:        184 bytes,        224 total
- age   8:         16 bytes,        240 total
- age  14:         16 bytes,        256 total
: 896K->0K(960K), 0.0010719 secs] 6682K->6074K(10176K), 0.0012965 secs] [Times: user=0.00 sys=0.00, real=0.00 secs] 
2019-01-02T11:13:52.823+0530: 900.723: [GC (Allocation Failure) 2019-01-02T11:13:52.823+0530: 900.723: [DefNew
Desired survivor size 32768 bytes, new threshold 15 (max 15)
- age   3:        184 bytes,        184 total
- age   9:         16 bytes,        200 total
- age  15:         16 bytes,        216 total
: 896K->0K(960K), 0.0011369 secs] 6970K->6650K(10176K), 0.0013308 secs] [Times: user=0.00 sys=0.00, real=0.00 secs] 
2019-01-02T11:13:52.826+0530: 900.726: [GC (Allocation Failure) 2019-01-02T11:13:52.826+0530: 900.726: [DefNew
Desired survivor size 32768 bytes, new threshold 15 (max 15)
- age   1:         24 bytes,         24 total
- age   4:        184 bytes,        208 total
- age  10:         16 bytes,        224 total
: 497K->0K(960K), 0.0003529 secs] 7148K->6650K(10176K), 0.0005428 secs] [Times: user=0.00 sys=0.00, real=0.00 secs] 
2019-01-02T11:13:52.827+0530: 900.727: [GC (Allocation Failure) 2019-01-02T11:13:52.827+0530: 900.727: [DefNew
Desired survivor size 32768 bytes, new threshold 15 (max 15)
- age   2:         24 bytes,         24 total
- age   5:        184 bytes,        208 total
- age  11:         16 bytes,        224 total
: 511K->0K(960K), 0.0003153 secs] 7162K->7162K(10176K), 0.0003678 secs] [Times: user=0.00 sys=0.00, real=0.00 secs] 
2019-01-02T11:13:52.827+0530: 900.727: [GC (Allocation Failure) 2019-01-02T11:13:52.827+0530: 900.727: [DefNew
Desired survivor size 32768 bytes, new threshold 15 (max 15)
- age   1:         24 bytes,         24 total
- age   6:         72 bytes,         96 total
- age  12:         16 bytes,        112 total
: 529K->0K(960K), 0.0002971 secs] 7691K->7674K(10176K), 0.0003472 secs] [Times: user=0.00 sys=0.00, real=0.00 secs] 
2019-01-02T11:13:52.896+0530: 900.796: [GC (Allocation Failure) 2019-01-02T11:13:52.896+0530: 900.797: [DefNew
Desired survivor size 32768 bytes, new threshold 15 (max 15)
- age   1:        248 bytes,        248 total
- age   7:         16 bytes,        264 total
- age  13:         16 bytes,        280 total
: 882K->0K(960K), 0.0008661 secs] 8556K->7746K(10176K), 0.0011187 secs] [Times: user=0.00 sys=0.00, real=0.00 secs] 
2019-01-02T11:13:52.899+0530: 900.799: [GC (Allocation Failure) 2019-01-02T11:13:52.899+0530: 900.800: [DefNew
Desired survivor size 32768 bytes, new threshold 15 (max 15)
- age   1:         40 bytes,         40 total
- age   2:        184 bytes,        224 total
- age   8:         16 bytes,        240 total
- age  14:         16 bytes,        256 total
: 896K->0K(960K), 0.0007606 secs] 8642K->8034K(10176K), 0.0009430 secs] [Times: user=0.00 sys=0.00, real=0.00 secs] 
2019-01-02T11:13:52.901+0530: 900.802: [GC (Allocation Failure) 2019-01-02T11:13:52.901+0530: 900.802: [DefNew
Desired survivor size 32768 bytes, new threshold 15 (max 15)
- age   3:        184 bytes,        184 total
- age   9:         16 bytes,        200 total
- age  15:         16 bytes,        216 total
: 896K->0K(960K), 0.0008421 secs] 8930K->8610K(10176K), 0.0009801 secs] [Times: user=0.00 sys=0.00, real=0.00 secs] 
2019-01-02T11:13:52.904+0530: 900.804: [GC (Allocation Failure) 2019-01-02T11:13:52.904+0530: 900.804: [DefNew
Desired survivor size 32768 bytes, new threshold 15 (max 15)
- age   1:         24 bytes,         24 total
- age   4:        184 bytes,        208 total
- age  10:         16 bytes,        224 total
: 497K->0K(960K), 0.0004003 secs] 9107K->8610K(10176K), 0.0005348 secs] [Times: user=0.00 sys=0.00, real=0.00 secs] 
2019-01-02T11:13:52.905+0530: 900.805: [GC (Allocation Failure) 2019-01-02T11:13:52.905+0530: 900.806: [DefNew
Desired survivor size 32768 bytes, new threshold 15 (max 15)
- age   2:         24 bytes,         24 total
- age   5:        184 bytes,        208 total
- age  11:         16 bytes,        224 total
: 511K->0K(960K), 0.0007321 secs] 9121K->9121K(10176K), 0.0009944 secs] [Times: user=0.00 sys=0.00, real=0.00 secs] 
2019-01-02T11:13:52.907+0530: 900.807: [GC (Allocation Failure) 2019-01-02T11:13:52.907+0530: 900.807: [DefNew: 529K->529K(960K), 0.0000348 secs]2019-01-02T11:13:52.907+0530: 900.807: [Tenured: 9121K->1284K(9216K), 0.0038463 secs] 9651K->1284K(10176K), [Metaspace: 2520K->2520K(1056768K)], 0.0040293 secs] [Times: user=0.00 sys=0.00, real=0.00 secs] 
2019-01-02T11:13:52.973+0530: 900.873: [GC (Allocation Failure) 2019-01-02T11:13:52.973+0530: 900.873: [DefNew
Desired survivor size 32768 bytes, new threshold 15 (max 15)
- age   1:        248 bytes,        248 total
: 882K->0K(960K), 0.0012401 secs] 2167K->1868K(10176K), 0.0014853 secs] [Times: user=0.01 sys=0.00, real=0.00 secs] 
2019-01-02T11:13:52.976+0530: 900.877: [GC (Allocation Failure) 2019-01-02T11:13:52.976+0530: 900.877: [DefNew
Desired survivor size 32768 bytes, new threshold 15 (max 15)
- age   1:         40 bytes,         40 total
- age   2:        184 bytes,        224 total
: 896K->0K(960K), 0.0011643 secs] 2764K->2156K(10176K), 0.0013353 secs] [Times: user=0.00 sys=0.00, real=0.00 secs] 
2019-01-02T11:13:52.979+0530: 900.880: [GC (Allocation Failure) 2019-01-02T11:13:52.979+0530: 900.880: [DefNew
Desired survivor size 32768 bytes, new threshold 15 (max 15)
- age   3:        184 bytes,        184 total
: 896K->0K(960K), 0.0011472 secs] 3052K->2732K(10176K), 0.0015041 secs] [Times: user=0.00 sys=0.00, real=0.00 secs] 
2019-01-02T11:13:52.983+0530: 900.883: [GC (Allocation Failure) 2019-01-02T11:13:52.983+0530: 900.883: [DefNew
Desired survivor size 32768 bytes, new threshold 15 (max 15)
- age   1:         24 bytes,         24 total
- age   4:        184 bytes,        208 total
: 497K->0K(960K), 0.0006072 secs] 3230K->2732K(10176K), 0.0008239 secs] [Times: user=0.00 sys=0.00, real=0.00 secs] 
2019-01-02T11:13:52.984+0530: 900.885: [GC (Allocation Failure) 2019-01-02T11:13:52.984+0530: 900.885: [DefNew
Desired survivor size 32768 bytes, new threshold 15 (max 15)
- age   2:         24 bytes,         24 total
- age   5:        184 bytes,        208 total
: 511K->0K(960K), 0.0007452 secs] 3244K->3244K(10176K), 0.0008290 secs] [Times: user=0.00 sys=0.00, real=0.00 secs] 
2019-01-02T11:13:52.986+0530: 900.886: [GC (Allocation Failure) 2019-01-02T11:13:52.986+0530: 900.886: [DefNew
Desired survivor size 32768 bytes, new threshold 15 (max 15)
- age   1:         24 bytes,         24 total
- age   6:         72 bytes,         96 total
: 529K->0K(960K), 0.0003860 secs] 3773K->3755K(10176K), 0.0004721 secs] [Times: user=0.00 sys=0.00, real=0.00 secs] 
2019-01-02T11:13:53.044+0530: 900.944: [GC (Allocation Failure) 2019-01-02T11:13:53.044+0530: 900.945: [DefNew
Desired survivor size 32768 bytes, new threshold 15 (max 15)
- age   1:        248 bytes,        248 total
- age   7:         16 bytes,        264 total
: 882K->0K(960K), 0.0009197 secs] 4638K->3828K(10176K), 0.0013404 secs] [Times: user=0.00 sys=0.00, real=0.00 secs] 
2019-01-02T11:13:53.049+0530: 900.949: [GC (Allocation Failure) 2019-01-02T11:13:53.049+0530: 900.949: [DefNew
Desired survivor size 32768 bytes, new threshold 15 (max 15)
- age   1:         40 bytes,         40 total
- age   2:        184 bytes,        224 total
- age   8:         16 bytes,        240 total
: 896K->0K(960K), 0.0008473 secs] 4724K->4116K(10176K), 0.0011648 secs] [Times: user=0.00 sys=0.00, real=0.00 secs] 
2019-01-02T11:13:53.051+0530: 900.952: [GC (Allocation Failure) 2019-01-02T11:13:53.052+0530: 900.952: [DefNew
Desired survivor size 32768 bytes, new threshold 15 (max 15)
- age   3:        184 bytes,        184 total
- age   9:         16 bytes,        200 total
: 896K->0K(960K), 0.0008404 secs] 5012K->4692K(10176K), 0.0009755 secs] [Times: user=0.02 sys=0.00, real=0.00 secs] 
2019-01-02T11:13:53.054+0530: 900.954: [GC (Allocation Failure) 2019-01-02T11:13:53.054+0530: 900.954: [DefNew
Desired survivor size 32768 bytes, new threshold 15 (max 15)
- age   1:         24 bytes,         24 total
- age   4:        184 bytes,        208 total
- age  10:         16 bytes,        224 total
: 497K->0K(960K), 0.0002343 secs] 5189K->4692K(10176K), 0.0002953 secs] [Times: user=0.00 sys=0.00, real=0.00 secs] 
2019-01-02T11:13:53.054+0530: 900.955: [GC (Allocation Failure) 2019-01-02T11:13:53.054+0530: 900.955: [DefNew
Desired survivor size 32768 bytes, new threshold 15 (max 15)
- age   2:         24 bytes,         24 total
- age   5:        184 bytes,        208 total
- age  11:         16 bytes,        224 total
: 511K->0K(960K), 0.0003147 secs] 5203K->5203K(10176K), 0.0003660 secs] [Times: user=0.00 sys=0.00, real=0.00 secs] 
2019-01-02T11:13:53.055+0530: 900.955: [GC (Allocation Failure) 2019-01-02T11:13:53.055+0530: 900.955: [DefNew
Desired survivor size 32768 bytes, new threshold 15 (max 15)
- age   1:         24 bytes,         24 total
- age   6:         72 bytes,         96 total
- age  12:         16 bytes,        112 total
: 529K->0K(960K), 0.0003113 secs] 5733K->5715K(10176K), 0.0003735 secs] [Times: user=0.00 sys=0.00, real=0.00 secs] 
2019-01-02T11:13:53.113+0530: 901.013: [GC (Allocation Failure) 2019-01-02T11:13:53.113+0530: 901.013: [DefNew
Desired survivor size 32768 bytes, new threshold 15 (max 15)
- age   1:        248 bytes,        248 total
- age   7:         16 bytes,        264 total
- age  13:         16 bytes,        280 total
: 882K->0K(960K), 0.0009499 secs] 6598K->5787K(10176K), 0.0012988 secs] [Times: user=0.00 sys=0.02, real=0.00 secs] 
2019-01-02T11:13:53.117+0530: 901.017: [GC (Allocation Failure) 2019-01-02T11:13:53.117+0530: 901.018: [DefNew
Desired survivor size 32768 bytes, new threshold 15 (max 15)
- age   1:         40 bytes,         40 total
- age   2:        184 bytes,        224 total
- age   8:         16 bytes,        240 total
- age  14:         16 bytes,        256 total
: 896K->0K(960K), 0.0005291 secs] 6683K->6075K(10176K), 0.0008849 secs] [Times: user=0.00 sys=0.00, real=0.00 secs] 
2019-01-02T11:13:53.119+0530: 901.019: [GC (Allocation Failure) 2019-01-02T11:13:53.119+0530: 901.019: [DefNew
Desired survivor size 32768 bytes, new threshold 15 (max 15)
- age   3:        184 bytes,        184 total
- age   9:         16 bytes,        200 total
- age  15:         16 bytes,        216 total
: 896K->0K(960K), 0.0007081 secs] 6971K->6651K(10176K), 0.0008364 secs] [Times: user=0.00 sys=0.00, real=0.00 secs] 
2019-01-02T11:13:53.121+0530: 901.022: [GC (Allocation Failure) 2019-01-02T11:13:53.121+0530: 901.022: [DefNew
Desired survivor size 32768 bytes, new threshold 15 (max 15)
- age   1:         24 bytes,         24 total
- age   4:        184 bytes,        208 total
- age  10:         16 bytes,        224 total
: 497K->0K(960K), 0.0006768 secs] 7149K->6651K(10176K), 0.0008056 secs] [Times: user=0.00 sys=0.00, real=0.00 secs] 
2019-01-02T11:13:53.122+0530: 901.023: [GC (Allocation Failure) 2019-01-02T11:13:53.122+0530: 901.023: [DefNew
Desired survivor size 32768 bytes, new threshold 15 (max 15)
- age   2:         24 bytes,         24 total
- age   5:        184 bytes,        208 total
- age  11:         16 bytes,        224 total
: 511K->0K(960K), 0.0003204 secs] 7163K->7163K(10176K), 0.0003763 secs] [Times: user=0.00 sys=0.00, real=0.00 secs] 
2019-01-02T11:13:53.123+0530: 901.023: [GC (Allocation Failure) 2019-01-02T11:13:53.123+0530: 901.023: [DefNew
Desired survivor size 32768 bytes, new threshold 15 (max 15)
- age   1:         24 bytes,         24 total
- age   6:         72 bytes,         96 total
- age  12:         16 bytes,        112 total
: 529K->0K(960K), 0.0002919 secs] 7692K->7674K(10176K), 0.0003484 secs] [Times: user=0.00 sys=0.00, real=0.00 secs] 
2019-01-02T11:13:53.184+0530: 901.084: [GC (Allocation Failure) 2019-01-02T11:13:53.184+0530: 901.084: [DefNew
Desired survivor size 32768 bytes, new threshold 15 (max 15)
- age   1:        248 bytes,        248 total
- age   7:         16 bytes,        264 total
- age  13:         16 bytes,        280 total
: 882K->0K(960K), 0.0005428 secs] 8557K->7746K(10176K), 0.0007178 secs] [Times: user=0.00 sys=0.00, real=0.00 secs] 
2019-01-02T11:13:53.186+0530: 901.086: [GC (Allocation Failure) 2019-01-02T11:13:53.186+0530: 901.086: [DefNew
Desired survivor size 32768 bytes, new threshold 15 (max 15)
- age   1:         40 bytes,         40 total
- age   2:        184 bytes,        224 total
- age   8:         16 bytes,        240 total
- age  14:         16 bytes,        256 total
: 896K->0K(960K), 0.0008957 secs] 8642K->8034K(10176K), 0.0011569 secs] [Times: user=0.00 sys=0.00, real=0.00 secs] 
2019-01-02T11:13:53.189+0530: 901.089: [GC (Allocation Failure) 2019-01-02T11:13:53.189+0530: 901.089: [DefNew
Desired survivor size 32768 bytes, new threshold 15 (max 15)
- age   3:        184 bytes,        184 total
- age   9:         16 bytes,        200 total
- age  15:         16 bytes,        216 total
: 896K->0K(960K), 0.0010497 secs] 8930K->8610K(10176K), 0.0012612 secs] [Times: user=0.00 sys=0.00, real=0.00 secs] 
2019-01-02T11:13:53.191+0530: 901.091: [GC (Allocation Failure) 2019-01-02T11:13:53.191+0530: 901.091: [DefNew
Desired survivor size 32768 bytes, new threshold 15 (max 15)
- age   1:         24 bytes,         24 total
- age   4:        184 bytes,        208 total
- age  10:         16 bytes,        224 total
: 497K->0K(960K), 0.0002474 secs] 9108K->8610K(10176K), 0.0003039 secs] [Times: user=0.00 sys=0.00, real=0.00 secs] 
2019-01-02T11:13:53.192+0530: 901.092: [GC (Allocation Failure) 2019-01-02T11:13:53.192+0530: 901.092: [DefNew
Desired survivor size 32768 bytes, new threshold 15 (max 15)
- age   2:         24 bytes,         24 total
- age   5:        184 bytes,        208 total
- age  11:         16 bytes,        224 total
: 511K->0K(960K), 0.0002965 secs] 9122K->9122K(10176K), 0.0003506 secs] [Times: user=0.00 sys=0.00, real=0.00 secs] 
2019-01-02T11:13:53.193+0530: 901.092: [GC (Allocation Failure) 2019-01-02T11:13:53.193+0530: 901.092: [DefNew: 529K->529K(960K), 0.0000245 secs]2019-01-02T11:13:53.193+0530: 901.093: [Tenured: 9122K->1285K(9216K), 0.0042408 secs] 9651K->1285K(10176K), [Metaspace: 2520K->2520K(1056768K)], 0.0043783 secs] [Times: user=0.00 sys=0.00, real=0.00 secs] 
2019-01-02T11:13:53.261+0530: 901.161: [GC (Allocation Failure) 2019-01-02T11:13:53.261+0530: 901.161: [DefNew
Desired survivor size 32768 bytes, new threshold 15 (max 15)
- age   1:        248 bytes,        248 total
: 882K->0K(960K), 0.0005257 secs] 2167K->1869K(10176K), 0.0007891 secs] [Times: user=0.00 sys=0.00, real=0.00 secs] 
2019-01-02T11:13:53.263+0530: 901.163: [GC (Allocation Failure) 2019-01-02T11:13:53.263+0530: 901.163: [DefNew
Desired survivor size 32768 bytes, new threshold 15 (max 15)
- age   1:         40 bytes,         40 total
- age   2:        184 bytes,        224 total
: 896K->0K(960K), 0.0003381 secs] 2765K->2157K(10176K), 0.0004185 secs] [Times: user=0.00 sys=0.00, real=0.00 secs] 
2019-01-02T11:13:53.265+0530: 901.165: [GC (Allocation Failure) 2019-01-02T11:13:53.265+0530: 901.165: [DefNew
Desired survivor size 32768 bytes, new threshold 15 (max 15)
- age   3:        184 bytes,        184 total
: 896K->0K(960K), 0.0011255 secs] 3053K->2733K(10176K), 0.0014670 secs] [Times: user=0.00 sys=0.00, real=0.00 secs] 
2019-01-02T11:13:53.269+0530: 901.168: [GC (Allocation Failure) 2019-01-02T11:13:53.269+0530: 901.168: [DefNew
Desired survivor size 32768 bytes, new threshold 15 (max 15)
- age   1:         24 bytes,         24 total
- age   4:        184 bytes,        208 total
: 497K->0K(960K), 0.0005320 secs] 3230K->2733K(10176K), 0.0007076 secs] [Times: user=0.00 sys=0.00, real=0.00 secs] 
2019-01-02T11:13:53.270+0530: 901.170: [GC (Allocation Failure) 2019-01-02T11:13:53.270+0530: 901.170: [DefNew
Desired survivor size 32768 bytes, new threshold 15 (max 15)
- age   2:         24 bytes,         24 total
- age   5:        184 bytes,        208 total
: 511K->0K(960K), 0.0009088 secs] 3244K->3244K(10176K), 0.0009926 secs] [Times: user=0.02 sys=0.00, real=0.00 secs] 
2019-01-02T11:13:53.271+0530: 901.171: [GC (Allocation Failure) 2019-01-02T11:13:53.271+0530: 901.171: [DefNew
Desired survivor size 32768 bytes, new threshold 15 (max 15)
- age   1:         24 bytes,         24 total
- age   6:         72 bytes,         96 total
: 529K->0K(960K), 0.0003119 secs] 3774K->3756K(10176K), 0.0003649 secs] [Times: user=0.00 sys=0.00, real=0.00 secs] 
2019-01-02T11:13:53.331+0530: 901.231: [GC (Allocation Failure) 2019-01-02T11:13:53.331+0530: 901.231: [DefNew
Desired survivor size 32768 bytes, new threshold 15 (max 15)
- age   1:        248 bytes,        248 total
- age   7:         16 bytes,        264 total
: 883K->0K(960K), 0.0007252 secs] 4639K->3828K(10176K), 0.0011591 secs] [Times: user=0.00 sys=0.00, real=0.00 secs] 
2019-01-02T11:13:53.335+0530: 901.235: [GC (Allocation Failure) 2019-01-02T11:13:53.335+0530: 901.235: [DefNew
Desired survivor size 32768 bytes, new threshold 15 (max 15)
- age   1:         40 bytes,         40 total
- age   2:        184 bytes,        224 total
- age   8:         16 bytes,        240 total
: 896K->0K(960K), 0.0005924 secs] 4724K->4116K(10176K), 0.0008552 secs] [Times: user=0.00 sys=0.00, real=0.00 secs] 
2019-01-02T11:13:53.337+0530: 901.237: [GC (Allocation Failure) 2019-01-02T11:13:53.337+0530: 901.237: [DefNew
Desired survivor size 32768 bytes, new threshold 15 (max 15)
- age   3:        184 bytes,        184 total
- age   9:         16 bytes,        200 total
: 896K->0K(960K), 0.0010611 secs] 5012K->4692K(10176K), 0.0011779 secs] [Times: user=0.00 sys=0.00, real=0.00 secs] 
2019-01-02T11:13:53.340+0530: 901.240: [GC (Allocation Failure) 2019-01-02T11:13:53.340+0530: 901.240: [DefNew
Desired survivor size 32768 bytes, new threshold 15 (max 15)
- age   1:         24 bytes,         24 total
- age   4:        184 bytes,        208 total
- age  10:         16 bytes,        224 total
: 497K->0K(960K), 0.0004909 secs] 5190K->4692K(10176K), 0.0006984 secs] [Times: user=0.00 sys=0.00, real=0.00 secs] 
2019-01-02T11:13:53.341+0530: 901.241: [GC (Allocation Failure) 2019-01-02T11:13:53.341+0530: 901.241: [DefNew
Desired survivor size 32768 bytes, new threshold 15 (max 15)
- age   2:         24 bytes,         24 total
- age   5:        184 bytes,        208 total
- age  11:         16 bytes,        224 total
: 511K->0K(960K), 0.0005451 secs] 5204K->5204K(10176K), 0.0006340 secs] [Times: user=0.00 sys=0.00, real=0.00 secs] 
2019-01-02T11:13:53.342+0530: 901.242: [GC (Allocation Failure) 2019-01-02T11:13:53.342+0530: 901.242: [DefNew
Desired survivor size 32768 bytes, new threshold 15 (max 15)
- age   1:         24 bytes,         24 total
- age   6:         72 bytes,         96 total
- age  12:         16 bytes,        112 total
: 529K->0K(960K), 0.0003056 secs] 5733K->5715K(10176K), 0.0003586 secs] [Times: user=0.00 sys=0.00, real=0.00 secs] 
2019-01-02T11:13:53.405+0530: 901.305: [GC (Allocation Failure) 2019-01-02T11:13:53.405+0530: 901.305: [DefNew
Desired survivor size 32768 bytes, new threshold 15 (max 15)
- age   1:        248 bytes,        248 total
- age   7:         16 bytes,        264 total
- age  13:         16 bytes,        280 total
: 883K->0K(960K), 0.0007617 secs] 6598K->5788K(10176K), 0.0009465 secs] [Times: user=0.00 sys=0.00, real=0.00 secs] 
2019-01-02T11:13:53.408+0530: 901.308: [GC (Allocation Failure) 2019-01-02T11:13:53.408+0530: 901.308: [DefNew
Desired survivor size 32768 bytes, new threshold 15 (max 15)
- age   1:         40 bytes,         40 total
- age   2:        184 bytes,        224 total
- age   8:         16 bytes,        240 total
- age  14:         16 bytes,        256 total
: 896K->0K(960K), 0.0005656 secs] 6684K->6076K(10176K), 0.0008353 secs] [Times: user=0.00 sys=0.00, real=0.00 secs] 
2019-01-02T11:13:53.410+0530: 901.310: [GC (Allocation Failure) 2019-01-02T11:13:53.410+0530: 901.310: [DefNew
Desired survivor size 32768 bytes, new threshold 15 (max 15)
- age   3:        184 bytes,        184 total
- age   9:         16 bytes,        200 total
- age  15:         16 bytes,        216 total
: 896K->0K(960K), 0.0011819 secs] 6972K->6652K(10176K), 0.0014801 secs] [Times: user=0.02 sys=0.00, real=0.00 secs] 
2019-01-02T11:13:53.413+0530: 901.313: [GC (Allocation Failure) 2019-01-02T11:13:53.413+0530: 901.313: [DefNew
Desired survivor size 32768 bytes, new threshold 15 (max 15)
- age   1:         24 bytes,         24 total
- age   4:        184 bytes,        208 total
- age  10:         16 bytes,        224 total
: 497K->0K(960K), 0.0003404 secs] 7149K->6652K(10176K), 0.0004459 secs] [Times: user=0.00 sys=0.00, real=0.00 secs] 
2019-01-02T11:13:53.414+0530: 901.314: [GC (Allocation Failure) 2019-01-02T11:13:53.414+0530: 901.314: [DefNew
Desired survivor size 32768 bytes, new threshold 15 (max 15)
- age   2:         24 bytes,         24 total
- age   5:        184 bytes,        208 total
- age  11:         16 bytes,        224 total
: 511K->0K(960K), 0.0003335 secs] 7163K->7163K(10176K), 0.0003871 secs] [Times: user=0.00 sys=0.00, real=0.00 secs] 
2019-01-02T11:13:53.414+0530: 901.314: [GC (Allocation Failure) 2019-01-02T11:13:53.414+0530: 901.314: [DefNew
Desired survivor size 32768 bytes, new threshold 15 (max 15)
- age   1:         24 bytes,         24 total
- age   6:         72 bytes,         96 total
- age  12:         16 bytes,        112 total
: 529K->0K(960K), 0.0003067 secs] 7693K->7675K(10176K), 0.0003563 secs] [Times: user=0.00 sys=0.00, real=0.00 secs] 
2019-01-02T11:13:53.472+0530: 901.371: [GC (Allocation Failure) 2019-01-02T11:13:53.472+0530: 901.372: [DefNew
Desired survivor size 32768 bytes, new threshold 15 (max 15)
- age   1:        248 bytes,        248 total
- age   7:         16 bytes,        264 total
- age  13:         16 bytes,        280 total
: 883K->0K(960K), 0.0007321 secs] 8558K->7747K(10176K), 0.0009687 secs] [Times: user=0.00 sys=0.00, real=0.00 secs] 
2019-01-02T11:13:53.474+0530: 901.374: [GC (Allocation Failure) 2019-01-02T11:13:53.474+0530: 901.374: [DefNew
Desired survivor size 32768 bytes, new threshold 15 (max 15)
- age   1:         40 bytes,         40 total
- age   2:        184 bytes,        224 total
- age   8:         16 bytes,        240 total
- age  14:         16 bytes,        256 total
: 896K->0K(960K), 0.0010058 secs] 8643K->8035K(10176K), 0.0012298 secs] [Times: user=0.00 sys=0.00, real=0.00 secs] 
2019-01-02T11:13:53.477+0530: 901.377: [GC (Allocation Failure) 2019-01-02T11:13:53.477+0530: 901.377: [DefNew
Desired survivor size 32768 bytes, new threshold 15 (max 15)
- age   3:        184 bytes,        184 total
- age   9:         16 bytes,        200 total
- age  15:         16 bytes,        216 total
: 896K->0K(960K), 0.0006403 secs] 8931K->8611K(10176K), 0.0007515 secs] [Times: user=0.00 sys=0.00, real=0.00 secs] 
2019-01-02T11:13:53.479+0530: 901.379: [GC (Allocation Failure) 2019-01-02T11:13:53.479+0530: 901.379: [DefNew
Desired survivor size 32768 bytes, new threshold 15 (max 15)
- age   1:         24 bytes,         24 total
- age   4:        184 bytes,        208 total
- age  10:         16 bytes,        224 total
: 497K->0K(960K), 0.0002708 secs] 9109K->8611K(10176K), 0.0003569 secs] [Times: user=0.00 sys=0.00, real=0.00 secs] 
2019-01-02T11:13:53.480+0530: 901.380: [GC (Allocation Failure) 2019-01-02T11:13:53.480+0530: 901.380: [DefNew
Desired survivor size 32768 bytes, new threshold 15 (max 15)
- age   2:         24 bytes,         24 total
- age   5:        184 bytes,        208 total
- age  11:         16 bytes,        224 total
: 511K->0K(960K), 0.0003170 secs] 9123K->9123K(10176K), 0.0003752 secs] [Times: user=0.00 sys=0.00, real=0.00 secs] 
2019-01-02T11:13:53.480+0530: 901.380: [GC (Allocation Failure) 2019-01-02T11:13:53.480+0530: 901.380: [DefNew: 529K->529K(960K), 0.0000279 secs]2019-01-02T11:13:53.481+0530: 901.380: [Tenured: 9123K->1285K(9216K), 0.0065260 secs] 9652K->1285K(10176K), [Metaspace: 2520K->2520K(1056768K)], 0.0067689 secs] [Times: user=0.00 sys=0.00, real=0.01 secs] 
2019-01-02T11:13:53.540+0530: 901.440: [GC (Allocation Failure) 2019-01-02T11:13:53.541+0530: 901.441: [DefNew
Desired survivor size 32768 bytes, new threshold 15 (max 15)
- age   1:        248 bytes,        248 total
: 882K->0K(960K), 0.0009807 secs] 2168K->1869K(10176K), 0.0014003 secs] [Times: user=0.00 sys=0.00, real=0.00 secs] 
2019-01-02T11:13:53.543+0530: 901.443: [GC (Allocation Failure) 2019-01-02T11:13:53.543+0530: 901.443: [DefNew
Desired survivor size 32768 bytes, new threshold 15 (max 15)
- age   1:         40 bytes,         40 total
- age   2:        184 bytes,        224 total
: 896K->0K(960K), 0.0009071 secs] 2765K->2157K(10176K), 0.0010537 secs] [Times: user=0.00 sys=0.00, real=0.00 secs] 
2019-01-02T11:13:53.546+0530: 901.446: [GC (Allocation Failure) 2019-01-02T11:13:53.546+0530: 901.446: [DefNew
Desired survivor size 32768 bytes, new threshold 15 (max 15)
- age   3:        184 bytes,        184 total
: 896K->0K(960K), 0.0011574 secs] 3053K->2733K(10176K), 0.0014066 secs] [Times: user=0.00 sys=0.00, real=0.00 secs] 
2019-01-02T11:13:53.549+0530: 901.449: [GC (Allocation Failure) 2019-01-02T11:13:53.549+0530: 901.449: [DefNew
Desired survivor size 32768 bytes, new threshold 15 (max 15)
- age   1:         24 bytes,         24 total
- age   4:        184 bytes,        208 total
: 497K->0K(960K), 0.0009322 secs] 3231K->2733K(10176K), 0.0011626 secs] [Times: user=0.00 sys=0.00, real=0.00 secs] 
2019-01-02T11:13:53.551+0530: 901.451: [GC (Allocation Failure) 2019-01-02T11:13:53.551+0530: 901.451: [DefNew
Desired survivor size 32768 bytes, new threshold 15 (max 15)
- age   2:         24 bytes,         24 total
- age   5:        184 bytes,        208 total
: 511K->0K(960K), 0.0007480 secs] 3245K->3245K(10176K), 0.0008746 secs] [Times: user=0.01 sys=0.00, real=0.00 secs] 
2019-01-02T11:13:53.553+0530: 901.453: [GC (Allocation Failure) 2019-01-02T11:13:53.553+0530: 901.453: [DefNew
Desired survivor size 32768 bytes, new threshold 15 (max 15)
- age   1:         24 bytes,         24 total
- age   6:         72 bytes,         96 total
: 529K->0K(960K), 0.0006699 secs] 3774K->3756K(10176K), 0.0008433 secs] [Times: user=0.00 sys=0.00, real=0.00 secs] 
2019-01-02T11:13:53.613+0530: 901.513: [GC (Allocation Failure) 2019-01-02T11:13:53.613+0530: 901.513: [DefNew
Desired survivor size 32768 bytes, new threshold 15 (max 15)
- age   1:        248 bytes,        248 total
- age   7:         16 bytes,        264 total
: 883K->0K(960K), 0.0005742 secs] 4639K->3828K(10176K), 0.0008324 secs] [Times: user=0.00 sys=0.00, real=0.00 secs] 
2019-01-02T11:13:53.615+0530: 901.515: [GC (Allocation Failure) 2019-01-02T11:13:53.615+0530: 901.515: [DefNew
Desired survivor size 32768 bytes, new threshold 15 (max 15)
- age   1:         40 bytes,         40 total
- age   2:        184 bytes,        224 total
- age   8:         16 bytes,        240 total
: 896K->0K(960K), 0.0010525 secs] 4724K->4116K(10176K), 0.0012293 secs] [Times: user=0.00 sys=0.00, real=0.00 secs] 
2019-01-02T11:13:53.619+0530: 901.519: [GC (Allocation Failure) 2019-01-02T11:13:53.619+0530: 901.519: [DefNew
Desired survivor size 32768 bytes, new threshold 15 (max 15)
- age   3:        184 bytes,        184 total
- age   9:         16 bytes,        200 total
: 896K->0K(960K), 0.0009778 secs] 5012K->4692K(10176K), 0.0012458 secs] [Times: user=0.00 sys=0.00, real=0.00 secs] 
2019-01-02T11:13:53.622+0530: 901.521: [GC (Allocation Failure) 2019-01-02T11:13:53.622+0530: 901.522: [DefNew
Desired survivor size 32768 bytes, new threshold 15 (max 15)
- age   1:         24 bytes,         24 total
- age   4:        184 bytes,        208 total
- age  10:         16 bytes,        224 total
: 497K->0K(960K), 0.0005200 secs] 5190K->4692K(10176K), 0.0006283 secs] [Times: user=0.00 sys=0.00, real=0.00 secs] 
2019-01-02T11:13:53.623+0530: 901.522: [GC (Allocation Failure) 2019-01-02T11:13:53.623+0530: 901.522: [DefNew
Desired survivor size 32768 bytes, new threshold 15 (max 15)
- age   2:         24 bytes,         24 total
- age   5:        184 bytes,        208 total
- age  11:         16 bytes,        224 total
: 512K->0K(960K), 0.0003193 secs] 5204K->5204K(10176K), 0.0003894 secs] [Times: user=0.00 sys=0.00, real=0.00 secs] 
2019-01-02T11:13:53.623+0530: 901.523: [GC (Allocation Failure) 2019-01-02T11:13:53.623+0530: 901.523: [DefNew
Desired survivor size 32768 bytes, new threshold 15 (max 15)
- age   1:         24 bytes,         24 total
- age   6:         72 bytes,         96 total
- age  12:         16 bytes,        112 total
: 529K->0K(960K), 0.0003164 secs] 5734K->5716K(10176K), 0.0003866 secs] [Times: user=0.00 sys=0.00, real=0.00 secs] 
2019-01-02T11:13:53.680+0530: 901.579: [GC (Allocation Failure) 2019-01-02T11:13:53.680+0530: 901.580: [DefNew
Desired survivor size 32768 bytes, new threshold 15 (max 15)
- age   1:        248 bytes,        248 total
- age   7:         16 bytes,        264 total
- age  13:         16 bytes,        280 total
: 883K->0K(960K), 0.0005952 secs] 6599K->5788K(10176K), 0.0008427 secs] [Times: user=0.00 sys=0.00, real=0.00 secs] 
2019-01-02T11:13:53.682+0530: 901.582: [GC (Allocation Failure) 2019-01-02T11:13:53.682+0530: 901.582: [DefNew
Desired survivor size 32768 bytes, new threshold 15 (max 15)
- age   1:         40 bytes,         40 total
- age   2:        184 bytes,        224 total
- age   8:         16 bytes,        240 total
- age  14:         16 bytes,        256 total
: 896K->0K(960K), 0.0010719 secs] 6684K->6076K(10176K), 0.0012469 secs] [Times: user=0.00 sys=0.00, real=0.00 secs] 
2019-01-02T11:13:53.686+0530: 901.585: [GC (Allocation Failure) 2019-01-02T11:13:53.686+0530: 901.585: [DefNew
Desired survivor size 32768 bytes, new threshold 15 (max 15)
- age   3:        184 bytes,        184 total
- age   9:         16 bytes,        200 total
- age  15:         16 bytes,        216 total
: 896K->0K(960K), 0.0015776 secs] 6972K->6652K(10176K), 0.0016957 secs] [Times: user=0.00 sys=0.00, real=0.00 secs] 
2019-01-02T11:13:53.689+0530: 901.588: [GC (Allocation Failure) 2019-01-02T11:13:53.689+0530: 901.589: [DefNew
Desired survivor size 32768 bytes, new threshold 15 (max 15)
- age   1:         24 bytes,         24 total
- age   4:        184 bytes,        208 total
- age  10:         16 bytes,        224 total
: 497K->0K(960K), 0.0006996 secs] 7150K->6652K(10176K), 0.0009448 secs] [Times: user=0.00 sys=0.00, real=0.00 secs] 
2019-01-02T11:13:53.690+0530: 901.590: [GC (Allocation Failure) 2019-01-02T11:13:53.690+0530: 901.590: [DefNew
Desired survivor size 32768 bytes, new threshold 15 (max 15)
- age   2:         24 bytes,         24 total
- age   5:        184 bytes,        208 total
- age  11:         16 bytes,        224 total
: 512K->0K(960K), 0.0003563 secs] 7164K->7164K(10176K), 0.0004293 secs] [Times: user=0.00 sys=0.00, real=0.00 secs] 
2019-01-02T11:13:53.691+0530: 901.591: [GC (Allocation Failure) 2019-01-02T11:13:53.691+0530: 901.591: [DefNew
Desired survivor size 32768 bytes, new threshold 15 (max 15)
- age   1:         24 bytes,         24 total
- age   6:         72 bytes,         96 total
- age  12:         16 bytes,        112 total
: 529K->0K(960K), 0.0003096 secs] 7693K->7676K(10176K), 0.0003638 secs] [Times: user=0.00 sys=0.00, real=0.00 secs] 
2019-01-02T11:13:53.755+0530: 901.655: [GC (Allocation Failure) 2019-01-02T11:13:53.755+0530: 901.655: [DefNew
Desired survivor size 32768 bytes, new threshold 15 (max 15)
- age   1:        248 bytes,        248 total
- age   7:         16 bytes,        264 total
- age  13:         16 bytes,        280 total
: 883K->0K(960K), 0.0008855 secs] 8559K->7748K(10176K), 0.0012532 secs] [Times: user=0.00 sys=0.00, real=0.00 secs] 
2019-01-02T11:13:53.758+0530: 901.658: [GC (Allocation Failure) 2019-01-02T11:13:53.759+0530: 901.658: [DefNew
Desired survivor size 32768 bytes, new threshold 15 (max 15)
- age   1:         40 bytes,         40 total
- age   2:        184 bytes,        224 total
- age   8:         16 bytes,        240 total
- age  14:         16 bytes,        256 total
: 896K->0K(960K), 0.0006893 secs] 8644K->8036K(10176K), 0.0014887 secs] [Times: user=0.00 sys=0.00, real=0.00 secs] 
2019-01-02T11:13:53.760+0530: 901.660: [GC (Allocation Failure) 2019-01-02T11:13:53.760+0530: 901.660: [DefNew
Desired survivor size 32768 bytes, new threshold 15 (max 15)
- age   3:        184 bytes,        184 total
- age   9:         16 bytes,        200 total
- age  15:         16 bytes,        216 total
: 896K->0K(960K), 0.0003797 secs] 8932K->8612K(10176K), 0.0004504 secs] [Times: user=0.00 sys=0.00, real=0.00 secs] 
2019-01-02T11:13:53.762+0530: 901.662: [GC (Allocation Failure) 2019-01-02T11:13:53.762+0530: 901.662: [DefNew
Desired survivor size 32768 bytes, new threshold 15 (max 15)
- age   1:         24 bytes,         24 total
- age   4:        184 bytes,        208 total
- age  10:         16 bytes,        224 total
: 497K->0K(960K), 0.0002703 secs] 9110K->8612K(10176K), 0.0003370 secs] [Times: user=0.00 sys=0.00, real=0.00 secs] 
2019-01-02T11:13:53.762+0530: 901.662: [GC (Allocation Failure) 2019-01-02T11:13:53.762+0530: 901.662: [DefNew
Desired survivor size 32768 bytes, new threshold 15 (max 15)
- age   2:         24 bytes,         24 total
- age   5:        184 bytes,        208 total
- age  11:         16 bytes,        224 total
: 512K->0K(960K), 0.0003410 secs] 9124K->9124K(10176K), 0.0004014 secs] [Times: user=0.00 sys=0.00, real=0.00 secs] 
2019-01-02T11:13:53.763+0530: 901.663: [GC (Allocation Failure) 2019-01-02T11:13:53.763+0530: 901.663: [DefNew: 529K->529K(960K), 0.0000245 secs]2019-01-02T11:13:53.763+0530: 901.663: [Tenured: 9124K->1285K(9216K), 0.0037271 secs] 9653K->1285K(10176K), [Metaspace: 2520K->2520K(1056768K)], 0.0040145 secs] [Times: user=0.00 sys=0.00, real=0.00 secs] 
2019-01-02T11:13:53.826+0530: 901.725: [GC (Allocation Failure) 2019-01-02T11:13:53.826+0530: 901.726: [DefNew
Desired survivor size 32768 bytes, new threshold 15 (max 15)
- age   1:        248 bytes,        248 total
: 883K->0K(960K), 0.0009824 secs] 2168K->1869K(10176K), 0.0014003 secs] [Times: user=0.00 sys=0.00, real=0.00 secs] 
2019-01-02T11:13:53.830+0530: 901.730: [GC (Allocation Failure) 2019-01-02T11:13:53.830+0530: 901.730: [DefNew
Desired survivor size 32768 bytes, new threshold 15 (max 15)
- age   1:         40 bytes,         40 total
- age   2:        184 bytes,        224 total
: 896K->0K(960K), 0.0007663 secs] 2765K->2157K(10176K), 0.0009818 secs] [Times: user=0.00 sys=0.00, real=0.00 secs] 
2019-01-02T11:13:53.832+0530: 901.732: [GC (Allocation Failure) 2019-01-02T11:13:53.832+0530: 901.732: [DefNew
Desired survivor size 32768 bytes, new threshold 15 (max 15)
- age   3:        184 bytes,        184 total
: 896K->0K(960K), 0.0003928 secs] 3053K->2733K(10176K), 0.0004550 secs] [Times: user=0.00 sys=0.00, real=0.00 secs] 
2019-01-02T11:13:53.834+0530: 901.733: [GC (Allocation Failure) 2019-01-02T11:13:53.834+0530: 901.734: [DefNew
Desired survivor size 32768 bytes, new threshold 15 (max 15)
- age   1:         24 bytes,         24 total
- age   4:        184 bytes,        208 total
: 497K->0K(960K), 0.0002623 secs] 3231K->2733K(10176K), 0.0003210 secs] [Times: user=0.00 sys=0.00, real=0.00 secs] 
2019-01-02T11:13:53.834+0530: 901.734: [GC (Allocation Failure) 2019-01-02T11:13:53.834+0530: 901.734: [DefNew
Desired survivor size 32768 bytes, new threshold 15 (max 15)
- age   2:         24 bytes,         24 total
- age   5:        184 bytes,        208 total
: 512K->0K(960K), 0.0003506 secs] 3245K->3245K(10176K), 0.0004117 secs] [Times: user=0.00 sys=0.00, real=0.00 secs] 
2019-01-02T11:13:53.835+0530: 901.735: [GC (Allocation Failure) 2019-01-02T11:13:53.835+0530: 901.735: [DefNew
Desired survivor size 32768 bytes, new threshold 15 (max 15)
- age   1:         24 bytes,         24 total
- age   6:         72 bytes,         96 total
: 529K->0K(960K), 0.0007247 secs] 3774K->3757K(10176K), 0.0008045 secs] [Times: user=0.00 sys=0.00, real=0.00 secs] 
2019-01-02T11:13:53.905+0530: 901.805: [GC (Allocation Failure) 2019-01-02T11:13:53.905+0530: 901.805: [DefNew
Desired survivor size 32768 bytes, new threshold 15 (max 15)
- age   1:        248 bytes,        248 total
- age   7:         16 bytes,        264 total
: 883K->0K(960K), 0.0006403 secs] 4640K->3829K(10176K), 0.0007925 secs] [Times: user=0.00 sys=0.00, real=0.00 secs] 
2019-01-02T11:13:53.908+0530: 901.807: [GC (Allocation Failure) 2019-01-02T11:13:53.908+0530: 901.808: [DefNew
Desired survivor size 32768 bytes, new threshold 15 (max 15)
- age   1:         40 bytes,         40 total
- age   2:        184 bytes,        224 total
- age   8:         16 bytes,        240 total
: 896K->0K(960K), 0.0010656 secs] 4725K->4117K(10176K), 0.0012783 secs] [Times: user=0.00 sys=0.00, real=0.00 secs] 
2019-01-02T11:13:53.911+0530: 901.811: [GC (Allocation Failure) 2019-01-02T11:13:53.911+0530: 901.811: [DefNew
Desired survivor size 32768 bytes, new threshold 15 (max 15)
- age   3:        184 bytes,        184 total
- age   9:         16 bytes,        200 total
: 896K->0K(960K), 0.0011266 secs] 5013K->4693K(10176K), 0.0013290 secs] [Times: user=0.00 sys=0.00, real=0.00 secs] 
2019-01-02T11:13:53.914+0530: 901.813: [GC (Allocation Failure) 2019-01-02T11:13:53.914+0530: 901.813: [DefNew
Desired survivor size 32768 bytes, new threshold 15 (max 15)
- age   1:         24 bytes,         24 total
- age   4:        184 bytes,        208 total
- age  10:         16 bytes,        224 total
: 497K->0K(960K), 0.0004402 secs] 5191K->4693K(10176K), 0.0005576 secs] [Times: user=0.00 sys=0.00, real=0.00 secs] 
2019-01-02T11:13:53.915+0530: 901.815: [GC (Allocation Failure) 2019-01-02T11:13:53.915+0530: 901.815: [DefNew
Desired survivor size 32768 bytes, new threshold 15 (max 15)
- age   2:         24 bytes,         24 total
- age   5:        184 bytes,        208 total
- age  11:         16 bytes,        224 total
: 512K->0K(960K), 0.0005793 secs] 5205K->5205K(10176K), 0.0006597 secs] [Times: user=0.00 sys=0.00, real=0.00 secs] 
2019-01-02T11:13:53.916+0530: 901.816: [GC (Allocation Failure) 2019-01-02T11:13:53.916+0530: 901.816: [DefNew
Desired survivor size 32768 bytes, new threshold 15 (max 15)
- age   1:         24 bytes,         24 total
- age   6:         72 bytes,         96 total
- age  12:         16 bytes,        112 total
: 529K->0K(960K), 0.0003261 secs] 5734K->5717K(10176K), 0.0003803 secs] [Times: user=0.00 sys=0.00, real=0.00 secs] 
2019-01-02T11:13:53.973+0530: 901.873: [GC (Allocation Failure) 2019-01-02T11:13:53.973+0530: 901.873: [DefNew
Desired survivor size 32768 bytes, new threshold 15 (max 15)
- age   1:        248 bytes,        248 total
- age   7:         16 bytes,        264 total
- age  13:         16 bytes,        280 total
: 883K->0K(960K), 0.0006260 secs] 6600K->5789K(10176K), 0.0007572 secs] [Times: user=0.00 sys=0.00, real=0.00 secs] 
2019-01-02T11:13:53.975+0530: 901.875: [GC (Allocation Failure) 2019-01-02T11:13:53.975+0530: 901.875: [DefNew
Desired survivor size 32768 bytes, new threshold 15 (max 15)
- age   1:         40 bytes,         40 total
- age   2:        184 bytes,        224 total
- age   8:         16 bytes,        240 total
- age  14:         16 bytes,        256 total
: 896K->0K(960K), 0.0010177 secs] 6685K->6077K(10176K), 0.0011939 secs] [Times: user=0.00 sys=0.00, real=0.00 secs] 
2019-01-02T11:13:53.978+0530: 901.877: [GC (Allocation Failure) 2019-01-02T11:13:53.978+0530: 901.878: [DefNew
Desired survivor size 32768 bytes, new threshold 15 (max 15)
- age   3:        184 bytes,        184 total
- age   9:         16 bytes,        200 total
- age  15:         16 bytes,        216 total
: 896K->0K(960K), 0.0009670 secs] 6973K->6653K(10176K), 0.0011358 secs] [Times: user=0.00 sys=0.00, real=0.00 secs] 
2019-01-02T11:13:53.980+0530: 901.880: [GC (Allocation Failure) 2019-01-02T11:13:53.980+0530: 901.880: [DefNew
Desired survivor size 32768 bytes, new threshold 15 (max 15)
- age   1:         24 bytes,         24 total
- age   4:        184 bytes,        208 total
- age  10:         16 bytes,        224 total
: 497K->0K(960K), 0.0002919 secs] 7150K->6653K(10176K), 0.0003609 secs] [Times: user=0.00 sys=0.00, real=0.00 secs] 
2019-01-02T11:13:53.981+0530: 901.881: [GC (Allocation Failure) 2019-01-02T11:13:53.981+0530: 901.881: [DefNew
Desired survivor size 32768 bytes, new threshold 15 (max 15)
- age   2:         24 bytes,         24 total
- age   5:        184 bytes,        208 total
- age  11:         16 bytes,        224 total
: 512K->0K(960K), 0.0003187 secs] 7165K->7165K(10176K), 0.0003968 secs] [Times: user=0.00 sys=0.00, real=0.00 secs] 
2019-01-02T11:13:53.982+0530: 901.882: [GC (Allocation Failure) 2019-01-02T11:13:53.982+0530: 901.882: [DefNew
Desired survivor size 32768 bytes, new threshold 15 (max 15)
- age   1:         24 bytes,         24 total
- age   6:         72 bytes,         96 total
- age  12:         16 bytes,        112 total
: 529K->0K(960K), 0.0003153 secs] 7694K->7676K(10176K), 0.0003866 secs] [Times: user=0.00 sys=0.00, real=0.00 secs] 
2019-01-02T11:13:54.040+0530: 901.940: [GC (Allocation Failure) 2019-01-02T11:13:54.040+0530: 901.940: [DefNew
Desired survivor size 32768 bytes, new threshold 15 (max 15)
- age   1:        248 bytes,        248 total
- age   7:         16 bytes,        264 total
- age  13:         16 bytes,        280 total
: 883K->0K(960K), 0.0005206 secs] 8560K->7749K(10176K), 0.0007560 secs] [Times: user=0.00 sys=0.00, real=0.00 secs] 
2019-01-02T11:13:54.042+0530: 901.942: [GC (Allocation Failure) 2019-01-02T11:13:54.043+0530: 901.942: [DefNew
Desired survivor size 32768 bytes, new threshold 15 (max 15)
- age   1:         40 bytes,         40 total
- age   2:        184 bytes,        224 total
- age   8:         16 bytes,        240 total
- age  14:         16 bytes,        256 total
: 896K->0K(960K), 0.0008752 secs] 8645K->8037K(10176K), 0.0010291 secs] [Times: user=0.00 sys=0.00, real=0.00 secs] 
2019-01-02T11:13:54.045+0530: 901.945: [GC (Allocation Failure) 2019-01-02T11:13:54.045+0530: 901.945: [DefNew
Desired survivor size 32768 bytes, new threshold 15 (max 15)
- age   3:        184 bytes,        184 total
- age   9:         16 bytes,        200 total
- age  15:         16 bytes,        216 total
: 896K->0K(960K), 0.0007965 secs] 8933K->8613K(10176K), 0.0009778 secs] [Times: user=0.00 sys=0.00, real=0.00 secs] 
2019-01-02T11:13:54.047+0530: 901.947: [GC (Allocation Failure) 2019-01-02T11:13:54.048+0530: 901.947: [DefNew
Desired survivor size 32768 bytes, new threshold 15 (max 15)
- age   1:         24 bytes,         24 total
- age   4:        184 bytes,        208 total
- age  10:         16 bytes,        224 total
: 497K->0K(960K), 0.0006785 secs] 9110K->8613K(10176K), 0.0008170 secs] [Times: user=0.00 sys=0.00, real=0.00 secs] 
2019-01-02T11:13:54.049+0530: 901.949: [GC (Allocation Failure) 2019-01-02T11:13:54.049+0530: 901.949: [DefNew
Desired survivor size 32768 bytes, new threshold 15 (max 15)
- age   2:         24 bytes,         24 total
- age   5:        184 bytes,        208 total
- age  11:         16 bytes,        224 total
: 512K->0K(960K), 0.0004276 secs] 9125K->9125K(10176K), 0.0005302 secs] [Times: user=0.00 sys=0.00, real=0.00 secs] 
2019-01-02T11:13:54.050+0530: 901.950: [GC (Allocation Failure) 2019-01-02T11:13:54.050+0530: 901.950: [DefNew: 529K->529K(960K), 0.0000274 secs]2019-01-02T11:13:54.050+0530: 901.950: [Tenured: 9124K->1285K(9216K), 0.0049307 secs] 9654K->1285K(10176K), [Metaspace: 2520K->2520K(1056768K)], 0.0051559 secs] [Times: user=0.02 sys=0.00, real=0.01 secs] 
2019-01-02T11:13:54.117+0530: 902.017: [GC (Allocation Failure) 2019-01-02T11:13:54.118+0530: 902.018: [DefNew
Desired survivor size 32768 bytes, new threshold 15 (max 15)
- age   1:        248 bytes,        248 total
: 883K->0K(960K), 0.0008433 secs] 2168K->1869K(10176K), 0.0012652 secs] [Times: user=0.00 sys=0.00, real=0.00 secs] 
2019-01-02T11:13:54.121+0530: 902.021: [GC (Allocation Failure) 2019-01-02T11:13:54.121+0530: 902.021: [DefNew
Desired survivor size 32768 bytes, new threshold 15 (max 15)
- age   1:         40 bytes,         40 total
- age   2:        184 bytes,        224 total
: 896K->0K(960K), 0.0009299 secs] 2765K->2157K(10176K), 0.0011683 secs] [Times: user=0.00 sys=0.00, real=0.00 secs] 
2019-01-02T11:13:54.124+0530: 902.024: [GC (Allocation Failure) 2019-01-02T11:13:54.124+0530: 902.024: [DefNew
Desired survivor size 32768 bytes, new threshold 15 (max 15)
- age   3:        184 bytes,        184 total
: 896K->0K(960K), 0.0007566 secs] 3053K->2733K(10176K), 0.0008621 secs] [Times: user=0.00 sys=0.00, real=0.00 secs] 
2019-01-02T11:13:54.126+0530: 902.026: [GC (Allocation Failure) 2019-01-02T11:13:54.126+0530: 902.026: [DefNew
Desired survivor size 32768 bytes, new threshold 15 (max 15)
- age   1:         24 bytes,         24 total
- age   4:        184 bytes,        208 total
: 497K->0K(960K), 0.0004350 secs] 3231K->2733K(10176K), 0.0005337 secs] [Times: user=0.00 sys=0.00, real=0.00 secs] 
2019-01-02T11:13:54.127+0530: 902.027: [GC (Allocation Failure) 2019-01-02T11:13:54.127+0530: 902.027: [DefNew
Desired survivor size 32768 bytes, new threshold 15 (max 15)
- age   2:         24 bytes,         24 total
- age   5:        184 bytes,        208 total
: 512K->0K(960K), 0.0003062 secs] 3245K->3245K(10176K), 0.0003592 secs] [Times: user=0.00 sys=0.00, real=0.00 secs] 
2019-01-02T11:13:54.128+0530: 902.027: [GC (Allocation Failure) 2019-01-02T11:13:54.128+0530: 902.027: [DefNew
Desired survivor size 32768 bytes, new threshold 15 (max 15)
- age   1:         24 bytes,         24 total
- age   6:         72 bytes,         96 total
: 529K->0K(960K), 0.0002908 secs] 3775K->3757K(10176K), 0.0003421 secs] [Times: user=0.00 sys=0.00, real=0.00 secs] 
2019-01-02T11:13:54.184+0530: 902.084: [GC (Allocation Failure) 2019-01-02T11:13:54.184+0530: 902.084: [DefNew
Desired survivor size 32768 bytes, new threshold 15 (max 15)
- age   1:        248 bytes,        248 total
- age   7:         16 bytes,        264 total
: 883K->0K(960K), 0.0004459 secs] 4640K->3829K(10176K), 0.0008233 secs] [Times: user=0.00 sys=0.00, real=0.00 secs] 
2019-01-02T11:13:54.186+0530: 902.086: [GC (Allocation Failure) 2019-01-02T11:13:54.187+0530: 902.086: [DefNew
Desired survivor size 32768 bytes, new threshold 15 (max 15)
- age   1:         40 bytes,         40 total
- age   2:        184 bytes,        224 total
- age   8:         16 bytes,        240 total
: 896K->0K(960K), 0.0010633 secs] 4725K->4117K(10176K), 0.0012777 secs] [Times: user=0.00 sys=0.00, real=0.00 secs] 
2019-01-02T11:13:54.190+0530: 902.090: [GC (Allocation Failure) 2019-01-02T11:13:54.190+0530: 902.090: [DefNew
Desired survivor size 32768 bytes, new threshold 15 (max 15)
- age   3:        184 bytes,        184 total
- age   9:         16 bytes,        200 total
: 896K->0K(960K), 0.0008969 secs] 5013K->4693K(10176K), 0.0011751 secs] [Times: user=0.00 sys=0.00, real=0.00 secs] 
2019-01-02T11:13:54.192+0530: 902.092: [GC (Allocation Failure) 2019-01-02T11:13:54.192+0530: 902.092: [DefNew
Desired survivor size 32768 bytes, new threshold 15 (max 15)
- age   1:         24 bytes,         24 total
- age   4:        184 bytes,        208 total
- age  10:         16 bytes,        224 total
: 497K->0K(960K), 0.0004385 secs] 5191K->4693K(10176K), 0.0005331 secs] [Times: user=0.00 sys=0.00, real=0.00 secs] 
2019-01-02T11:13:54.193+0530: 902.093: [GC (Allocation Failure) 2019-01-02T11:13:54.193+0530: 902.093: [DefNew
Desired survivor size 32768 bytes, new threshold 15 (max 15)
- age   2:         24 bytes,         24 total
- age   5:        184 bytes,        208 total
- age  11:         16 bytes,        224 total
: 512K->0K(960K), 0.0003164 secs] 5205K->5205K(10176K), 0.0003854 secs] [Times: user=0.00 sys=0.00, real=0.00 secs] 
2019-01-02T11:13:54.194+0530: 902.094: [GC (Allocation Failure) 2019-01-02T11:13:54.194+0530: 902.094: [DefNew
Desired survivor size 32768 bytes, new threshold 15 (max 15)
- age   1:         24 bytes,         24 total
- age   6:         72 bytes,         96 total
- age  12:         16 bytes,        112 total
: 529K->0K(960K), 0.0003193 secs] 5735K->5717K(10176K), 0.0003894 secs] [Times: user=0.00 sys=0.00, real=0.00 secs] 
2019-01-02T11:13:54.251+0530: 902.151: [GC (Allocation Failure) 2019-01-02T11:13:54.252+0530: 902.152: [DefNew
Desired survivor size 32768 bytes, new threshold 15 (max 15)
- age   1:        248 bytes,        248 total
- age   7:         16 bytes,        264 total
- age  13:         16 bytes,        280 total
: 883K->0K(960K), 0.0008370 secs] 6601K->5789K(10176K), 0.0011420 secs] [Times: user=0.00 sys=0.00, real=0.00 secs] 
2019-01-02T11:13:54.255+0530: 902.155: [GC (Allocation Failure) 2019-01-02T11:13:54.255+0530: 902.155: [DefNew
Desired survivor size 32768 bytes, new threshold 15 (max 15)
- age   1:         40 bytes,         40 total
- age   2:        184 bytes,        224 total
- age   8:         16 bytes,        240 total
- age  14:         16 bytes,        256 total
: 896K->0K(960K), 0.0011489 secs] 6685K->6077K(10176K), 0.0014054 secs] [Times: user=0.00 sys=0.00, real=0.00 secs] 
2019-01-02T11:13:54.258+0530: 902.158: [GC (Allocation Failure) 2019-01-02T11:13:54.258+0530: 902.158: [DefNew
Desired survivor size 32768 bytes, new threshold 15 (max 15)
- age   3:        184 bytes,        184 total
- age   9:         16 bytes,        200 total
- age  15:         16 bytes,        216 total
: 896K->0K(960K), 0.0007857 secs] 6973K->6653K(10176K), 0.0009915 secs] [Times: user=0.00 sys=0.00, real=0.00 secs] 
2019-01-02T11:13:54.260+0530: 902.160: [GC (Allocation Failure) 2019-01-02T11:13:54.261+0530: 902.160: [DefNew
Desired survivor size 32768 bytes, new threshold 15 (max 15)
- age   1:         24 bytes,         24 total
- age   4:        184 bytes,        208 total
- age  10:         16 bytes,        224 total
: 497K->0K(960K), 0.0006933 secs] 7151K->6653K(10176K), 0.0009185 secs] [Times: user=0.00 sys=0.00, real=0.00 secs] 
2019-01-02T11:13:54.262+0530: 902.162: [GC (Allocation Failure) 2019-01-02T11:13:54.262+0530: 902.162: [DefNew
Desired survivor size 32768 bytes, new threshold 15 (max 15)
- age   2:         24 bytes,         24 total
- age   5:        184 bytes,        208 total
- age  11:         16 bytes,        224 total
: 512K->0K(960K), 0.0005000 secs] 7165K->7165K(10176K), 0.0006540 secs] [Times: user=0.00 sys=0.00, real=0.00 secs] 
2019-01-02T11:13:54.263+0530: 902.163: [GC (Allocation Failure) 2019-01-02T11:13:54.263+0530: 902.163: [DefNew
Desired survivor size 32768 bytes, new threshold 15 (max 15)
- age   1:         24 bytes,         24 total
- age   6:         72 bytes,         96 total
- age  12:         16 bytes,        112 total
: 529K->0K(960K), 0.0003524 secs] 7695K->7677K(10176K), 0.0004328 secs] [Times: user=0.00 sys=0.00, real=0.00 secs] 
2019-01-02T11:13:54.322+0530: 902.222: [GC (Allocation Failure) 2019-01-02T11:13:54.322+0530: 902.222: [DefNew
Desired survivor size 32768 bytes, new threshold 15 (max 15)
- age   1:        248 bytes,        248 total
- age   7:         16 bytes,        264 total
- age  13:         16 bytes,        280 total
: 883K->0K(960K), 0.0007281 secs] 8561K->7749K(10176K), 0.0011392 secs] [Times: user=0.00 sys=0.00, real=0.00 secs] 
2019-01-02T11:13:54.325+0530: 902.225: [GC (Allocation Failure) 2019-01-02T11:13:54.325+0530: 902.225: [DefNew
Desired survivor size 32768 bytes, new threshold 15 (max 15)
- age   1:         40 bytes,         40 total
- age   2:        184 bytes,        224 total
- age   8:         16 bytes,        240 total
- age  14:         16 bytes,        256 total
: 896K->0K(960K), 0.0006739 secs] 8645K->8037K(10176K), 0.0008165 secs] [Times: user=0.00 sys=0.00, real=0.00 secs] 
2019-01-02T11:13:54.327+0530: 902.227: [GC (Allocation Failure) 2019-01-02T11:13:54.327+0530: 902.227: [DefNew
Desired survivor size 32768 bytes, new threshold 15 (max 15)
- age   3:        184 bytes,        184 total
- age   9:         16 bytes,        200 total
- age  15:         16 bytes,        216 total
: 896K->0K(960K), 0.0011597 secs] 8933K->8613K(10176K), 0.0013387 secs] [Times: user=0.00 sys=0.00, real=0.00 secs] 
2019-01-02T11:13:54.330+0530: 902.230: [GC (Allocation Failure) 2019-01-02T11:13:54.330+0530: 902.230: [DefNew
Desired survivor size 32768 bytes, new threshold 15 (max 15)
- age   1:         24 bytes,         24 total
- age   4:        184 bytes,        208 total
- age  10:         16 bytes,        224 total
: 497K->0K(960K), 0.0008085 secs] 9111K->8613K(10176K), 0.0009681 secs] [Times: user=0.00 sys=0.00, real=0.00 secs] 
2019-01-02T11:13:54.331+0530: 902.231: [GC (Allocation Failure) 2019-01-02T11:13:54.331+0530: 902.231: [DefNew
Desired survivor size 32768 bytes, new threshold 15 (max 15)
- age   2:         24 bytes,         24 total
- age   5:        184 bytes,        208 total
- age  11:         16 bytes,        224 total
: 512K->0K(960K), 0.0003398 secs] 9125K->9125K(10176K), 0.0004105 secs] [Times: user=0.01 sys=0.00, real=0.00 secs] 
2019-01-02T11:13:54.332+0530: 902.232: [GC (Allocation Failure) 2019-01-02T11:13:54.332+0530: 902.232: [DefNew: 529K->529K(960K), 0.0000274 secs]2019-01-02T11:13:54.332+0530: 902.232: [Tenured: 9125K->1285K(9216K), 0.0039113 secs] 9655K->1285K(10176K), [Metaspace: 2520K->2520K(1056768K)], 0.0040624 secs] [Times: user=0.00 sys=0.00, real=0.00 secs] 
2019-01-02T11:13:54.396+0530: 902.296: [GC (Allocation Failure) 2019-01-02T11:13:54.396+0530: 902.296: [DefNew
Desired survivor size 32768 bytes, new threshold 15 (max 15)
- age   1:        248 bytes,        248 total
: 883K->0K(960K), 0.0015816 secs] 2169K->1869K(10176K), 0.0018616 secs] [Times: user=0.00 sys=0.00, real=0.00 secs] 
2019-01-02T11:13:54.399+0530: 902.299: [GC (Allocation Failure) 2019-01-02T11:13:54.399+0530: 902.299: [DefNew
Desired survivor size 32768 bytes, new threshold 15 (max 15)
- age   1:         40 bytes,         40 total
- age   2:        184 bytes,        224 total
: 896K->0K(960K), 0.0008239 secs] 2765K->2157K(10176K), 0.0010491 secs] [Times: user=0.00 sys=0.00, real=0.00 secs] 
2019-01-02T11:13:54.403+0530: 902.302: [GC (Allocation Failure) 2019-01-02T11:13:54.403+0530: 902.303: [DefNew
Desired survivor size 32768 bytes, new threshold 15 (max 15)
- age   3:        184 bytes,        184 total
: 896K->0K(960K), 0.0012544 secs] 3053K->2733K(10176K), 0.0015075 secs] [Times: user=0.00 sys=0.00, real=0.00 secs] 
2019-01-02T11:13:54.406+0530: 902.306: [GC (Allocation Failure) 2019-01-02T11:13:54.406+0530: 902.306: [DefNew
Desired survivor size 32768 bytes, new threshold 15 (max 15)
- age   1:         24 bytes,         24 total
- age   4:        184 bytes,        208 total
: 497K->0K(960K), 0.0004077 secs] 3231K->2733K(10176K), 0.0006118 secs] [Times: user=0.00 sys=0.00, real=0.00 secs] 
2019-01-02T11:13:54.408+0530: 902.308: [GC (Allocation Failure) 2019-01-02T11:13:54.408+0530: 902.308: [DefNew
Desired survivor size 32768 bytes, new threshold 15 (max 15)
- age   2:         24 bytes,         24 total
- age   5:        184 bytes,        208 total
: 512K->0K(960K), 0.0008433 secs] 3246K->3246K(10176K), 0.0009733 secs] [Times: user=0.00 sys=0.00, real=0.00 secs] 
2019-01-02T11:13:54.409+0530: 902.309: [GC (Allocation Failure) 2019-01-02T11:13:54.409+0530: 902.309: [DefNew
Desired survivor size 32768 bytes, new threshold 15 (max 15)
- age   1:         24 bytes,         24 total
- age   6:         72 bytes,         96 total
: 529K->0K(960K), 0.0008860 secs] 3775K->3757K(10176K), 0.0010320 secs] [Times: user=0.02 sys=0.00, real=0.00 secs] 
2019-01-02T11:13:54.466+0530: 902.366: [GC (Allocation Failure) 2019-01-02T11:13:54.466+0530: 902.366: [DefNew
Desired survivor size 32768 bytes, new threshold 15 (max 15)
- age   1:        248 bytes,        248 total
- age   7:         16 bytes,        264 total
: 883K->0K(960K), 0.0007674 secs] 4641K->3830K(10176K), 0.0010970 secs] [Times: user=0.00 sys=0.00, real=0.00 secs] 
2019-01-02T11:13:54.469+0530: 902.369: [GC (Allocation Failure) 2019-01-02T11:13:54.469+0530: 902.369: [DefNew
Desired survivor size 32768 bytes, new threshold 15 (max 15)
- age   1:         40 bytes,         40 total
- age   2:        184 bytes,        224 total
- age   8:         16 bytes,        240 total
: 896K->0K(960K), 0.0006654 secs] 4726K->4118K(10176K), 0.0008615 secs] [Times: user=0.00 sys=0.00, real=0.00 secs] 
2019-01-02T11:13:54.472+0530: 902.372: [GC (Allocation Failure) 2019-01-02T11:13:54.472+0530: 902.372: [DefNew
Desired survivor size 32768 bytes, new threshold 15 (max 15)
- age   3:        184 bytes,        184 total
- age   9:         16 bytes,        200 total
: 896K->0K(960K), 0.0013530 secs] 5014K->4694K(10176K), 0.0016295 secs] [Times: user=0.00 sys=0.00, real=0.00 secs] 
2019-01-02T11:13:54.475+0530: 902.375: [GC (Allocation Failure) 2019-01-02T11:13:54.475+0530: 902.375: [DefNew
Desired survivor size 32768 bytes, new threshold 15 (max 15)
- age   1:         24 bytes,         24 total
- age   4:        184 bytes,        208 total
- age  10:         16 bytes,        224 total
: 497K->0K(960K), 0.0005097 secs] 5191K->4694K(10176K), 0.0006369 secs] [Times: user=0.00 sys=0.00, real=0.00 secs] 
2019-01-02T11:13:54.476+0530: 902.376: [GC (Allocation Failure) 2019-01-02T11:13:54.476+0530: 902.376: [DefNew
Desired survivor size 32768 bytes, new threshold 15 (max 15)
- age   2:         24 bytes,         24 total
- age   5:        184 bytes,        208 total
- age  11:         16 bytes,        224 total
: 512K->0K(960K), 0.0005126 secs] 5206K->5206K(10176K), 0.0006072 secs] [Times: user=0.00 sys=0.00, real=0.00 secs] 
2019-01-02T11:13:54.477+0530: 902.377: [GC (Allocation Failure) 2019-01-02T11:13:54.477+0530: 902.377: [DefNew
Desired survivor size 32768 bytes, new threshold 15 (max 15)
- age   1:         24 bytes,         24 total
- age   6:         72 bytes,         96 total
- age  12:         16 bytes,        112 total
: 529K->0K(960K), 0.0003290 secs] 5735K->5718K(10176K), 0.0004025 secs] [Times: user=0.00 sys=0.00, real=0.00 secs] 
2019-01-02T11:13:54.535+0530: 902.435: [GC (Allocation Failure) 2019-01-02T11:13:54.535+0530: 902.435: [DefNew
Desired survivor size 32768 bytes, new threshold 15 (max 15)
- age   1:        248 bytes,        248 total
- age   7:         16 bytes,        264 total
- age  13:         16 bytes,        280 total
: 883K->0K(960K), 0.0010149 secs] 6601K->5790K(10176K), 0.0013057 secs] [Times: user=0.00 sys=0.00, real=0.00 secs] 
2019-01-02T11:13:54.538+0530: 902.438: [GC (Allocation Failure) 2019-01-02T11:13:54.538+0530: 902.438: [DefNew
Desired survivor size 32768 bytes, new threshold 15 (max 15)
- age   1:         40 bytes,         40 total
- age   2:        184 bytes,        224 total
- age   8:         16 bytes,        240 total
- age  14:         16 bytes,        256 total
: 896K->0K(960K), 0.0013815 secs] 6686K->6078K(10176K), 0.0016660 secs] [Times: user=0.00 sys=0.00, real=0.00 secs] 
2019-01-02T11:13:54.541+0530: 902.441: [GC (Allocation Failure) 2019-01-02T11:13:54.542+0530: 902.441: [DefNew
Desired survivor size 32768 bytes, new threshold 15 (max 15)
- age   3:        184 bytes,        184 total
- age   9:         16 bytes,        200 total
- age  15:         16 bytes,        216 total
: 896K->0K(960K), 0.0006882 secs] 6974K->6654K(10176K), 0.0008096 secs] [Times: user=0.00 sys=0.00, real=0.00 secs] 
2019-01-02T11:13:54.544+0530: 902.444: [GC (Allocation Failure) 2019-01-02T11:13:54.544+0530: 902.444: [DefNew
Desired survivor size 32768 bytes, new threshold 15 (max 15)
- age   1:         24 bytes,         24 total
- age   4:        184 bytes,        208 total
- age  10:         16 bytes,        224 total
: 497K->0K(960K), 0.0003586 secs] 7152K->6654K(10176K), 0.0004595 secs] [Times: user=0.00 sys=0.00, real=0.00 secs] 
2019-01-02T11:13:54.545+0530: 902.445: [GC (Allocation Failure) 2019-01-02T11:13:54.545+0530: 902.445: [DefNew
Desired survivor size 32768 bytes, new threshold 15 (max 15)
- age   2:         24 bytes,         24 total
- age   5:        184 bytes,        208 total
- age  11:         16 bytes,        224 total
: 512K->0K(960K), 0.0003484 secs] 7166K->7166K(10176K), 0.0004345 secs] [Times: user=0.00 sys=0.00, real=0.00 secs] 
2019-01-02T11:13:54.546+0530: 902.446: [GC (Allocation Failure) 2019-01-02T11:13:54.546+0530: 902.446: [DefNew
Desired survivor size 32768 bytes, new threshold 15 (max 15)
- age   1:         24 bytes,         24 total
- age   6:         72 bytes,         96 total
- age  12:         16 bytes,        112 total
: 529K->0K(960K), 0.0003159 secs] 7696K->7678K(10176K), 0.0003934 secs] [Times: user=0.00 sys=0.00, real=0.00 secs] 
2019-01-02T11:13:54.604+0530: 902.504: [GC (Allocation Failure) 2019-01-02T11:13:54.604+0530: 902.504: [DefNew
Desired survivor size 32768 bytes, new threshold 15 (max 15)
- age   1:        248 bytes,        248 total
- age   7:         16 bytes,        264 total
- age  13:         16 bytes,        280 total
: 883K->0K(960K), 0.0011272 secs] 8561K->7750K(10176K), 0.0014066 secs] [Times: user=0.00 sys=0.00, real=0.00 secs] 
2019-01-02T11:13:54.607+0530: 902.507: [GC (Allocation Failure) 2019-01-02T11:13:54.607+0530: 902.507: [DefNew
Desired survivor size 32768 bytes, new threshold 15 (max 15)
- age   1:         40 bytes,         40 total
- age   2:        184 bytes,        224 total
- age   8:         16 bytes,        240 total
- age  14:         16 bytes,        256 total
: 896K->0K(960K), 0.0010765 secs] 8646K->8038K(10176K), 0.0013251 secs] [Times: user=0.00 sys=0.00, real=0.00 secs] 
2019-01-02T11:13:54.610+0530: 902.510: [GC (Allocation Failure) 2019-01-02T11:13:54.610+0530: 902.510: [DefNew
Desired survivor size 32768 bytes, new threshold 15 (max 15)
- age   3:        184 bytes,        184 total
- age   9:         16 bytes,        200 total
- age  15:         16 bytes,        216 total
: 896K->0K(960K), 0.0009459 secs] 8934K->8614K(10176K), 0.0010993 secs] [Times: user=0.00 sys=0.00, real=0.00 secs] 
2019-01-02T11:13:54.612+0530: 902.512: [GC (Allocation Failure) 2019-01-02T11:13:54.612+0530: 902.512: [DefNew
Desired survivor size 32768 bytes, new threshold 15 (max 15)
- age   1:         24 bytes,         24 total
- age   4:        184 bytes,        208 total
- age  10:         16 bytes,        224 total
: 497K->0K(960K), 0.0002611 secs] 9112K->8614K(10176K), 0.0003615 secs] [Times: user=0.00 sys=0.00, real=0.00 secs] 
2019-01-02T11:13:54.613+0530: 902.513: [GC (Allocation Failure) 2019-01-02T11:13:54.613+0530: 902.513: [DefNew
Desired survivor size 32768 bytes, new threshold 15 (max 15)
- age   2:         24 bytes,         24 total
- age   5:        184 bytes,        208 total
- age  11:         16 bytes,        224 total
: 512K->0K(960K), 0.0003187 secs] 9126K->9126K(10176K), 0.0003883 secs] [Times: user=0.00 sys=0.00, real=0.00 secs] 
2019-01-02T11:13:54.614+0530: 902.514: [GC (Allocation Failure) 2019-01-02T11:13:54.614+0530: 902.514: [DefNew: 529K->529K(960K), 0.0000279 secs]2019-01-02T11:13:54.614+0530: 902.514: [Tenured: 9126K->1285K(9216K), 0.0037380 secs] 9656K->1285K(10176K), [Metaspace: 2520K->2520K(1056768K)], 0.0038913 secs] [Times: user=0.00 sys=0.00, real=0.00 secs] 
2019-01-02T11:13:54.673+0530: 902.573: [GC (Allocation Failure) 2019-01-02T11:13:54.674+0530: 902.574: [DefNew
Desired survivor size 32768 bytes, new threshold 15 (max 15)
- age   1:        248 bytes,        248 total
: 883K->0K(960K), 0.0011614 secs] 2169K->1870K(10176K), 0.0016250 secs] [Times: user=0.02 sys=0.00, real=0.00 secs] 
2019-01-02T11:13:54.677+0530: 902.577: [GC (Allocation Failure) 2019-01-02T11:13:54.677+0530: 902.577: [DefNew
Desired survivor size 32768 bytes, new threshold 15 (max 15)
- age   1:         40 bytes,         40 total
- age   2:        184 bytes,        224 total
: 896K->0K(960K), 0.0007270 secs] 2766K->2158K(10176K), 0.0008872 secs] [Times: user=0.00 sys=0.00, real=0.00 secs] 
2019-01-02T11:13:54.679+0530: 902.579: [GC (Allocation Failure) 2019-01-02T11:13:54.679+0530: 902.579: [DefNew
Desired survivor size 32768 bytes, new threshold 15 (max 15)
- age   3:        184 bytes,        184 total
: 896K->0K(960K), 0.0013108 secs] 3054K->2734K(10176K), 0.0014545 secs] [Times: user=0.00 sys=0.00, real=0.00 secs] 
2019-01-02T11:13:54.682+0530: 902.582: [GC (Allocation Failure) 2019-01-02T11:13:54.682+0530: 902.582: [DefNew
Desired survivor size 32768 bytes, new threshold 15 (max 15)
- age   1:         24 bytes,         24 total
- age   4:        184 bytes,        208 total
: 497K->0K(960K), 0.0003449 secs] 3231K->2734K(10176K), 0.0004989 secs] [Times: user=0.00 sys=0.00, real=0.00 secs] 
2019-01-02T11:13:54.683+0530: 902.583: [GC (Allocation Failure) 2019-01-02T11:13:54.683+0530: 902.583: [DefNew
Desired survivor size 32768 bytes, new threshold 15 (max 15)
- age   2:         24 bytes,         24 total
- age   5:        184 bytes,        208 total
: 512K->0K(960K), 0.0003381 secs] 3246K->3246K(10176K), 0.0004111 secs] [Times: user=0.00 sys=0.00, real=0.00 secs] 
2019-01-02T11:13:54.684+0530: 902.584: [GC (Allocation Failure) 2019-01-02T11:13:54.684+0530: 902.584: [DefNew
Desired survivor size 32768 bytes, new threshold 15 (max 15)
- age   1:         24 bytes,         24 total
- age   6:         72 bytes,         96 total
: 529K->0K(960K), 0.0003353 secs] 3776K->3758K(10176K), 0.0004111 secs] [Times: user=0.00 sys=0.00, real=0.00 secs] 
2019-01-02T11:13:54.748+0530: 902.648: [GC (Allocation Failure) 2019-01-02T11:13:54.748+0530: 902.648: [DefNew
Desired survivor size 32768 bytes, new threshold 15 (max 15)
- age   1:        248 bytes,        248 total
- age   7:         16 bytes,        264 total
: 883K->0K(960K), 0.0014961 secs] 4641K->3830K(10176K), 0.0020212 secs] [Times: user=0.00 sys=0.00, real=0.00 secs] 
2019-01-02T11:13:54.752+0530: 902.652: [GC (Allocation Failure) 2019-01-02T11:13:54.752+0530: 902.652: [DefNew
Desired survivor size 32768 bytes, new threshold 15 (max 15)
- age   1:         40 bytes,         40 total
- age   2:        184 bytes,        224 total
- age   8:         16 bytes,        240 total
: 896K->0K(960K), 0.0003678 secs] 4726K->4118K(10176K), 0.0004721 secs] [Times: user=0.01 sys=0.00, real=0.00 secs] 
2019-01-02T11:13:54.754+0530: 902.654: [GC (Allocation Failure) 2019-01-02T11:13:54.754+0530: 902.654: [DefNew
Desired survivor size 32768 bytes, new threshold 15 (max 15)
- age   3:        184 bytes,        184 total
- age   9:         16 bytes,        200 total
: 896K->0K(960K), 0.0003826 secs] 5014K->4694K(10176K), 0.0004658 secs] [Times: user=0.00 sys=0.00, real=0.00 secs] 
2019-01-02T11:13:54.756+0530: 902.656: [GC (Allocation Failure) 2019-01-02T11:13:54.756+0530: 902.656: [DefNew
Desired survivor size 32768 bytes, new threshold 15 (max 15)
- age   1:         24 bytes,         24 total
- age   4:        184 bytes,        208 total
- age  10:         16 bytes,        224 total
: 497K->0K(960K), 0.0009676 secs] 5192K->4694K(10176K), 0.0012504 secs] [Times: user=0.00 sys=0.00, real=0.00 secs] 
2019-01-02T11:13:54.758+0530: 902.658: [GC (Allocation Failure) 2019-01-02T11:13:54.758+0530: 902.658: [DefNew
Desired survivor size 32768 bytes, new threshold 15 (max 15)
- age   2:         24 bytes,         24 total
- age   5:        184 bytes,        208 total
- age  11:         16 bytes,        224 total
: 512K->0K(960K), 0.0004128 secs] 5206K->5206K(10176K), 0.0004977 secs] [Times: user=0.00 sys=0.00, real=0.00 secs] 
2019-01-02T11:13:54.759+0530: 902.659: [GC (Allocation Failure) 2019-01-02T11:13:54.759+0530: 902.659: [DefNew
Desired survivor size 32768 bytes, new threshold 15 (max 15)
- age   1:         24 bytes,         24 total
- age   6:         72 bytes,         96 total
- age  12:         16 bytes,        112 total
: 530K->0K(960K), 0.0006751 secs] 5736K->5718K(10176K), 0.0007754 secs] [Times: user=0.00 sys=0.00, real=0.00 secs] 
2019-01-02T11:13:54.819+0530: 902.719: [GC (Allocation Failure) 2019-01-02T11:13:54.819+0530: 902.719: [DefNew
Desired survivor size 32768 bytes, new threshold 15 (max 15)
- age   1:        248 bytes,        248 total
- age   7:         16 bytes,        264 total
- age  13:         16 bytes,        280 total
: 883K->0K(960K), 0.0010480 secs] 6602K->5790K(10176K), 0.0013365 secs] [Times: user=0.00 sys=0.00, real=0.00 secs] 
2019-01-02T11:13:54.822+0530: 902.722: [GC (Allocation Failure) 2019-01-02T11:13:54.822+0530: 902.722: [DefNew
Desired survivor size 32768 bytes, new threshold 15 (max 15)
- age   1:         40 bytes,         40 total
- age   2:        184 bytes,        224 total
- age   8:         16 bytes,        240 total
- age  14:         16 bytes,        256 total
: 896K->0K(960K), 0.0011614 secs] 6686K->6078K(10176K), 0.0013644 secs] [Times: user=0.00 sys=0.00, real=0.00 secs] 
2019-01-02T11:13:54.825+0530: 902.725: [GC (Allocation Failure) 2019-01-02T11:13:54.825+0530: 902.725: [DefNew
Desired survivor size 32768 bytes, new threshold 15 (max 15)
- age   3:        184 bytes,        184 total
- age   9:         16 bytes,        200 total
- age  15:         16 bytes,        216 total
: 896K->0K(960K), 0.0004139 secs] 6974K->6654K(10176K), 0.0005035 secs] [Times: user=0.00 sys=0.00, real=0.00 secs] 
2019-01-02T11:13:54.827+0530: 902.727: [GC (Allocation Failure) 2019-01-02T11:13:54.827+0530: 902.727: [DefNew
Desired survivor size 32768 bytes, new threshold 15 (max 15)
- age   1:         24 bytes,         24 total
- age   4:        184 bytes,        208 total
- age  10:         16 bytes,        224 total
: 497K->0K(960K), 0.0005183 secs] 7152K->6654K(10176K), 0.0006266 secs] [Times: user=0.00 sys=0.00, real=0.00 secs] 
2019-01-02T11:13:54.828+0530: 902.728: [GC (Allocation Failure) 2019-01-02T11:13:54.828+0530: 902.728: [DefNew
Desired survivor size 32768 bytes, new threshold 15 (max 15)
- age   2:         24 bytes,         24 total
- age   5:        184 bytes,        208 total
- age  11:         16 bytes,        224 total
: 512K->0K(960K), 0.0005405 secs] 7167K->7167K(10176K), 0.0006323 secs] [Times: user=0.00 sys=0.00, real=0.00 secs] 
2019-01-02T11:13:54.829+0530: 902.729: [GC (Allocation Failure) 2019-01-02T11:13:54.829+0530: 902.729: [DefNew
Desired survivor size 32768 bytes, new threshold 15 (max 15)
- age   1:         24 bytes,         24 total
- age   6:         72 bytes,         96 total
- age  12:         16 bytes,        112 total
: 530K->0K(960K), 0.0003290 secs] 7696K->7679K(10176K), 0.0003997 secs] [Times: user=0.00 sys=0.00, real=0.00 secs] 
2019-01-02T11:13:54.885+0530: 902.785: [GC (Allocation Failure) 2019-01-02T11:13:54.885+0530: 902.785: [DefNew
Desired survivor size 32768 bytes, new threshold 15 (max 15)
- age   1:        248 bytes,        248 total
- age   7:         16 bytes,        264 total
- age  13:         16 bytes,        280 total
: 883K->0K(960K), 0.0008843 secs] 8562K->7751K(10176K), 0.0011432 secs] [Times: user=0.00 sys=0.00, real=0.00 secs] 
2019-01-02T11:13:54.888+0530: 902.788: [GC (Allocation Failure) 2019-01-02T11:13:54.888+0530: 902.788: [DefNew
Desired survivor size 32768 bytes, new threshold 15 (max 15)
- age   1:         40 bytes,         40 total
- age   2:        184 bytes,        224 total
- age   8:         16 bytes,        240 total
- age  14:         16 bytes,        256 total
: 896K->0K(960K), 0.0006215 secs] 8647K->8039K(10176K), 0.0008564 secs] [Times: user=0.00 sys=0.00, real=0.00 secs] 
2019-01-02T11:13:54.891+0530: 902.791: [GC (Allocation Failure) 2019-01-02T11:13:54.891+0530: 902.791: [DefNew
Desired survivor size 32768 bytes, new threshold 15 (max 15)
- age   3:        184 bytes,        184 total
- age   9:         16 bytes,        200 total
- age  15:         16 bytes,        216 total
: 896K->0K(960K), 0.0015702 secs] 8935K->8615K(10176K), 0.0018251 secs] [Times: user=0.00 sys=0.02, real=0.00 secs] 
2019-01-02T11:13:54.895+0530: 902.795: [GC (Allocation Failure) 2019-01-02T11:13:54.895+0530: 902.795: [DefNew
Desired survivor size 32768 bytes, new threshold 15 (max 15)
- age   1:         24 bytes,         24 total
- age   4:        184 bytes,        208 total
- age  10:         16 bytes,        224 total
: 497K->0K(960K), 0.0008359 secs] 9113K->8615K(10176K), 0.0011107 secs] [Times: user=0.00 sys=0.00, real=0.00 secs] 
2019-01-02T11:13:54.897+0530: 902.797: [GC (Allocation Failure) 2019-01-02T11:13:54.897+0530: 902.797: [DefNew
Desired survivor size 32768 bytes, new threshold 15 (max 15)
- age   2:         24 bytes,         24 total
- age   5:        184 bytes,        208 total
- age  11:         16 bytes,        224 total
: 512K->0K(960K), 0.0007167 secs] 9127K->9127K(10176K), 0.0008387 secs] [Times: user=0.00 sys=0.00, real=0.00 secs] 
2019-01-02T11:13:54.898+0530: 902.798: [GC (Allocation Failure) 2019-01-02T11:13:54.898+0530: 902.798: [DefNew: 530K->530K(960K), 0.0000342 secs]2019-01-02T11:13:54.898+0530: 902.798: [Tenured: 9127K->1285K(9216K), 0.0041952 secs] 9657K->1285K(10176K), [Metaspace: 2520K->2520K(1056768K)], 0.0043600 secs] [Times: user=0.00 sys=0.00, real=0.01 secs] 
2019-01-02T11:13:54.960+0530: 902.860: [GC (Allocation Failure) 2019-01-02T11:13:54.960+0530: 902.860: [DefNew
Desired survivor size 32768 bytes, new threshold 15 (max 15)
- age   1:        248 bytes,        248 total
: 883K->0K(960K), 0.0010862 secs] 2169K->1870K(10176K), 0.0014961 secs] [Times: user=0.00 sys=0.00, real=0.00 secs] 
2019-01-02T11:13:54.963+0530: 902.863: [GC (Allocation Failure) 2019-01-02T11:13:54.963+0530: 902.863: [DefNew
Desired survivor size 32768 bytes, new threshold 15 (max 15)
- age   1:         40 bytes,         40 total
- age   2:        184 bytes,        224 total
: 896K->0K(960K), 0.0007144 secs] 2766K->2158K(10176K), 0.0008222 secs] [Times: user=0.00 sys=0.00, real=0.00 secs] 
2019-01-02T11:13:54.965+0530: 902.865: [GC (Allocation Failure) 2019-01-02T11:13:54.966+0530: 902.866: [DefNew
Desired survivor size 32768 bytes, new threshold 15 (max 15)
- age   3:        184 bytes,        184 total
: 896K->0K(960K), 0.0010901 secs] 3054K->2734K(10176K), 0.0012486 secs] [Times: user=0.00 sys=0.00, real=0.00 secs] 
2019-01-02T11:13:54.968+0530: 902.868: [GC (Allocation Failure) 2019-01-02T11:13:54.968+0530: 902.868: [DefNew
Desired survivor size 32768 bytes, new threshold 15 (max 15)
- age   1:         24 bytes,         24 total
- age   4:        184 bytes,        208 total
: 497K->0K(960K), 0.0003854 secs] 3232K->2734K(10176K), 0.0005029 secs] [Times: user=0.00 sys=0.00, real=0.00 secs] 
2019-01-02T11:13:54.969+0530: 902.869: [GC (Allocation Failure) 2019-01-02T11:13:54.969+0530: 902.869: [DefNew
Desired survivor size 32768 bytes, new threshold 15 (max 15)
- age   2:         24 bytes,         24 total
- age   5:        184 bytes,        208 total
: 512K->0K(960K), 0.0003700 secs] 3246K->3246K(10176K), 0.0004470 secs] [Times: user=0.00 sys=0.00, real=0.00 secs] 
2019-01-02T11:13:54.970+0530: 902.870: [GC (Allocation Failure) 2019-01-02T11:13:54.970+0530: 902.870: [DefNew
Desired survivor size 32768 bytes, new threshold 15 (max 15)
- age   1:         24 bytes,         24 total
- age   6:         72 bytes,         96 total
: 530K->0K(960K), 0.0003147 secs] 3776K->3758K(10176K), 0.0003854 secs] [Times: user=0.00 sys=0.00, real=0.00 secs] 
2019-01-02T11:13:55.027+0530: 902.927: [GC (Allocation Failure) 2019-01-02T11:13:55.028+0530: 902.928: [DefNew
Desired survivor size 32768 bytes, new threshold 15 (max 15)
- age   1:        248 bytes,        248 total
- age   7:         16 bytes,        264 total
: 883K->0K(960K), 0.0008501 secs] 4642K->3830K(10176K), 0.0013233 secs] [Times: user=0.00 sys=0.00, real=0.00 secs] 
2019-01-02T11:13:55.030+0530: 902.930: [GC (Allocation Failure) 2019-01-02T11:13:55.030+0530: 902.930: [DefNew
Desired survivor size 32768 bytes, new threshold 15 (max 15)
- age   1:         40 bytes,         40 total
- age   2:        184 bytes,        224 total
- age   8:         16 bytes,        240 total
: 896K->0K(960K), 0.0007731 secs] 4726K->4118K(10176K), 0.0009499 secs] [Times: user=0.00 sys=0.00, real=0.00 secs] 
2019-01-02T11:13:55.033+0530: 902.933: [GC (Allocation Failure) 2019-01-02T11:13:55.033+0530: 902.933: [DefNew
Desired survivor size 32768 bytes, new threshold 15 (max 15)
- age   3:        184 bytes,        184 total
- age   9:         16 bytes,        200 total
: 896K->0K(960K), 0.0013256 secs] 5014K->4694K(10176K), 0.0014864 secs] [Times: user=0.01 sys=0.00, real=0.00 secs] 
2019-01-02T11:13:55.035+0530: 902.935: [GC (Allocation Failure) 2019-01-02T11:13:55.035+0530: 902.935: [DefNew
Desired survivor size 32768 bytes, new threshold 15 (max 15)
- age   1:         24 bytes,         24 total
- age   4:        184 bytes,        208 total
- age  10:         16 bytes,        224 total
: 497K->0K(960K), 0.0002600 secs] 5192K->4694K(10176K), 0.0003364 secs] [Times: user=0.00 sys=0.00, real=0.00 secs] 
2019-01-02T11:13:55.036+0530: 902.936: [GC (Allocation Failure) 2019-01-02T11:13:55.036+0530: 902.936: [DefNew
Desired survivor size 32768 bytes, new threshold 15 (max 15)
- age   2:         24 bytes,         24 total
- age   5:        184 bytes,        208 total
- age  11:         16 bytes,        224 total
: 512K->0K(960K), 0.0003204 secs] 5207K->5207K(10176K), 0.0003917 secs] [Times: user=0.00 sys=0.00, real=0.00 secs] 
2019-01-02T11:13:55.037+0530: 902.937: [GC (Allocation Failure) 2019-01-02T11:13:55.037+0530: 902.937: [DefNew
Desired survivor size 32768 bytes, new threshold 15 (max 15)
- age   1:         24 bytes,         24 total
- age   6:         72 bytes,         96 total
- age  12:         16 bytes,        112 total
: 530K->0K(960K), 0.0003136 secs] 5737K->5719K(10176K), 0.0003849 secs] [Times: user=0.00 sys=0.00, real=0.00 secs] 
2019-01-02T11:13:55.094+0530: 902.994: [GC (Allocation Failure) 2019-01-02T11:13:55.094+0530: 902.994: [DefNew
Desired survivor size 32768 bytes, new threshold 15 (max 15)
- age   1:        248 bytes,        248 total
- age   7:         16 bytes,        264 total
- age  13:         16 bytes,        280 total
: 883K->0K(960K), 0.0008718 secs] 6602K->5791K(10176K), 0.0011745 secs] [Times: user=0.00 sys=0.00, real=0.00 secs] 
2019-01-02T11:13:55.097+0530: 902.997: [GC (Allocation Failure) 2019-01-02T11:13:55.097+0530: 902.997: [DefNew
Desired survivor size 32768 bytes, new threshold 15 (max 15)
- age   1:         40 bytes,         40 total
- age   2:        184 bytes,        224 total
- age   8:         16 bytes,        240 total
- age  14:         16 bytes,        256 total
: 896K->0K(960K), 0.0007230 secs] 6687K->6079K(10176K), 0.0008455 secs] [Times: user=0.00 sys=0.00, real=0.00 secs] 
2019-01-02T11:13:55.099+0530: 902.999: [GC (Allocation Failure) 2019-01-02T11:13:55.099+0530: 902.999: [DefNew
Desired survivor size 32768 bytes, new threshold 15 (max 15)
- age   3:        184 bytes,        184 total
- age   9:         16 bytes,        200 total
- age  15:         16 bytes,        216 total
: 896K->0K(960K), 0.0011392 secs] 6975K->6655K(10176K), 0.0013382 secs] [Times: user=0.00 sys=0.00, real=0.00 secs] 
2019-01-02T11:13:55.102+0530: 903.002: [GC (Allocation Failure) 2019-01-02T11:13:55.102+0530: 903.002: [DefNew
Desired survivor size 32768 bytes, new threshold 15 (max 15)
- age   1:         24 bytes,         24 total
- age   4:        184 bytes,        208 total
- age  10:         16 bytes,        224 total
: 497K->0K(960K), 0.0002959 secs] 7153K->6655K(10176K), 0.0004060 secs] [Times: user=0.00 sys=0.00, real=0.00 secs] 
2019-01-02T11:13:55.103+0530: 903.003: [GC (Allocation Failure) 2019-01-02T11:13:55.103+0530: 903.003: [DefNew
Desired survivor size 32768 bytes, new threshold 15 (max 15)
- age   2:         24 bytes,         24 total
- age   5:        184 bytes,        208 total
- age  11:         16 bytes,        224 total
: 512K->0K(960K), 0.0003193 secs] 7167K->7167K(10176K), 0.0003900 secs] [Times: user=0.00 sys=0.00, real=0.00 secs] 
2019-01-02T11:13:55.103+0530: 903.003: [GC (Allocation Failure) 2019-01-02T11:13:55.103+0530: 903.003: [DefNew
Desired survivor size 32768 bytes, new threshold 15 (max 15)
- age   1:         24 bytes,         24 total
- age   6:         72 bytes,         96 total
- age  12:         16 bytes,        112 total
: 530K->0K(960K), 0.0003575 secs] 7697K->7679K(10176K), 0.0004442 secs] [Times: user=0.00 sys=0.00, real=0.00 secs] 
2019-01-02T11:13:55.160+0530: 903.060: [GC (Allocation Failure) 2019-01-02T11:13:55.160+0530: 903.060: [DefNew
Desired survivor size 32768 bytes, new threshold 15 (max 15)
- age   1:        248 bytes,        248 total
- age   7:         16 bytes,        264 total
- age  13:         16 bytes,        280 total
: 883K->0K(960K), 0.0009408 secs] 8563K->7752K(10176K), 0.0013900 secs] [Times: user=0.00 sys=0.00, real=0.00 secs] 
2019-01-02T11:13:55.163+0530: 903.063: [GC (Allocation Failure) 2019-01-02T11:13:55.163+0530: 903.063: [DefNew
Desired survivor size 32768 bytes, new threshold 15 (max 15)
- age   1:         40 bytes,         40 total
- age   2:        184 bytes,        224 total
- age   8:         16 bytes,        240 total
- age  14:         16 bytes,        256 total
: 896K->0K(960K), 0.0006831 secs] 8648K->8040K(10176K), 0.0008341 secs] [Times: user=0.00 sys=0.00, real=0.00 secs] 
2019-01-02T11:13:55.165+0530: 903.065: [GC (Allocation Failure) 2019-01-02T11:13:55.165+0530: 903.065: [DefNew
Desired survivor size 32768 bytes, new threshold 15 (max 15)
- age   3:        184 bytes,        184 total
- age   9:         16 bytes,        200 total
- age  15:         16 bytes,        216 total
: 896K->0K(960K), 0.0010291 secs] 8936K->8616K(10176K), 0.0012361 secs] [Times: user=0.00 sys=0.00, real=0.00 secs] 
2019-01-02T11:13:55.168+0530: 903.068: [GC (Allocation Failure) 2019-01-02T11:13:55.168+0530: 903.068: [DefNew
Desired survivor size 32768 bytes, new threshold 15 (max 15)
- age   1:         24 bytes,         24 total
- age   4:        184 bytes,        208 total
- age  10:         16 bytes,        224 total
: 497K->0K(960K), 0.0006277 secs] 9113K->8616K(10176K), 0.0007880 secs] [Times: user=0.00 sys=0.00, real=0.00 secs] 
2019-01-02T11:13:55.169+0530: 903.069: [GC (Allocation Failure) 2019-01-02T11:13:55.169+0530: 903.069: [DefNew
Desired survivor size 32768 bytes, new threshold 15 (max 15)
- age   2:         24 bytes,         24 total
- age   5:        184 bytes,        208 total
- age  11:         16 bytes,        224 total
: 512K->0K(960K), 0.0003301 secs] 9128K->9128K(10176K), 0.0004025 secs] [Times: user=0.00 sys=0.00, real=0.00 secs] 
2019-01-02T11:13:55.170+0530: 903.070: [GC (Allocation Failure) 2019-01-02T11:13:55.170+0530: 903.070: [DefNew: 530K->530K(960K), 0.0000285 secs]2019-01-02T11:13:55.170+0530: 903.070: [Tenured: 9128K->1286K(9216K), 0.0037134 secs] 9658K->1286K(10176K), [Metaspace: 2520K->2520K(1056768K)], 0.0038674 secs] [Times: user=0.01 sys=0.00, real=0.00 secs] 
2019-01-02T11:13:55.230+0530: 903.130: [GC (Allocation Failure) 2019-01-02T11:13:55.230+0530: 903.130: [DefNew
Desired survivor size 32768 bytes, new threshold 15 (max 15)
- age   1:        248 bytes,        248 total
: 883K->0K(960K), 0.0009938 secs] 2169K->1870K(10176K), 0.0011985 secs] [Times: user=0.00 sys=0.00, real=0.00 secs] 
2019-01-02T11:13:55.233+0530: 903.133: [GC (Allocation Failure) 2019-01-02T11:13:55.233+0530: 903.133: [DefNew
Desired survivor size 32768 bytes, new threshold 15 (max 15)
- age   1:         40 bytes,         40 total
- age   2:        184 bytes,        224 total
: 896K->0K(960K), 0.0008478 secs] 2766K->2158K(10176K), 0.0011147 secs] [Times: user=0.00 sys=0.00, real=0.00 secs] 
2019-01-02T11:13:55.235+0530: 903.135: [GC (Allocation Failure) 2019-01-02T11:13:55.235+0530: 903.135: [DefNew
Desired survivor size 32768 bytes, new threshold 15 (max 15)
- age   3:        184 bytes,        184 total
: 896K->0K(960K), 0.0009157 secs] 3054K->2734K(10176K), 0.0011101 secs] [Times: user=0.02 sys=0.00, real=0.00 secs] 
2019-01-02T11:13:55.238+0530: 903.138: [GC (Allocation Failure) 2019-01-02T11:13:55.238+0530: 903.138: [DefNew
Desired survivor size 32768 bytes, new threshold 15 (max 15)
- age   1:         24 bytes,         24 total
- age   4:        184 bytes,        208 total
: 497K->0K(960K), 0.0002862 secs] 3232K->2734K(10176K), 0.0003746 secs] [Times: user=0.00 sys=0.00, real=0.00 secs] 
2019-01-02T11:13:55.239+0530: 903.138: [GC (Allocation Failure) 2019-01-02T11:13:55.239+0530: 903.139: [DefNew
Desired survivor size 32768 bytes, new threshold 15 (max 15)
- age   2:         24 bytes,         24 total
- age   5:        184 bytes,        208 total
: 512K->0K(960K), 0.0003199 secs] 3246K->3246K(10176K), 0.0003894 secs] [Times: user=0.00 sys=0.00, real=0.00 secs] 
2019-01-02T11:13:55.239+0530: 903.139: [GC (Allocation Failure) 2019-01-02T11:13:55.239+0530: 903.139: [DefNew
Desired survivor size 32768 bytes, new threshold 15 (max 15)
- age   1:         24 bytes,         24 total
- age   6:         72 bytes,         96 total
: 530K->0K(960K), 0.0003130 secs] 3776K->3759K(10176K), 0.0003837 secs] [Times: user=0.00 sys=0.00, real=0.00 secs] 
2019-01-02T11:13:55.299+0530: 903.199: [GC (Allocation Failure) 2019-01-02T11:13:55.299+0530: 903.199: [DefNew
Desired survivor size 32768 bytes, new threshold 15 (max 15)
- age   1:        248 bytes,        248 total
- age   7:         16 bytes,        264 total
: 883K->0K(960K), 0.0007201 secs] 4642K->3831K(10176K), 0.0009225 secs] [Times: user=0.00 sys=0.00, real=0.00 secs] 
2019-01-02T11:13:55.301+0530: 903.201: [GC (Allocation Failure) 2019-01-02T11:13:55.302+0530: 903.202: [DefNew
Desired survivor size 32768 bytes, new threshold 15 (max 15)
- age   1:         40 bytes,         40 total
- age   2:        184 bytes,        224 total
- age   8:         16 bytes,        240 total
: 896K->0K(960K), 0.0008148 secs] 4727K->4119K(10176K), 0.0010001 secs] [Times: user=0.00 sys=0.00, real=0.00 secs] 
2019-01-02T11:13:55.304+0530: 903.204: [GC (Allocation Failure) 2019-01-02T11:13:55.304+0530: 903.204: [DefNew
Desired survivor size 32768 bytes, new threshold 15 (max 15)
- age   3:        184 bytes,        184 total
- age   9:         16 bytes,        200 total
: 896K->0K(960K), 0.0010981 secs] 5015K->4695K(10176K), 0.0012224 secs] [Times: user=0.00 sys=0.00, real=0.00 secs] 
2019-01-02T11:13:55.307+0530: 903.207: [GC (Allocation Failure) 2019-01-02T11:13:55.307+0530: 903.207: [DefNew
Desired survivor size 32768 bytes, new threshold 15 (max 15)
- age   1:         24 bytes,         24 total
- age   4:        184 bytes,        208 total
- age  10:         16 bytes,        224 total
: 497K->0K(960K), 0.0002452 secs] 5193K->4695K(10176K), 0.0003181 secs] [Times: user=0.00 sys=0.00, real=0.00 secs] 
2019-01-02T11:13:55.307+0530: 903.207: [GC (Allocation Failure) 2019-01-02T11:13:55.307+0530: 903.207: [DefNew
Desired survivor size 32768 bytes, new threshold 15 (max 15)
- age   2:         24 bytes,         24 total
- age   5:        184 bytes,        208 total
- age  11:         16 bytes,        224 total
: 512K->0K(960K), 0.0003221 secs] 5207K->5207K(10176K), 0.0003917 secs] [Times: user=0.00 sys=0.00, real=0.00 secs] 
2019-01-02T11:13:55.308+0530: 903.208: [GC (Allocation Failure) 2019-01-02T11:13:55.308+0530: 903.208: [DefNew
Desired survivor size 32768 bytes, new threshold 15 (max 15)
- age   1:         24 bytes,         24 total
- age   6:         72 bytes,         96 total
- age  12:         16 bytes,        112 total
: 530K->0K(960K), 0.0003073 secs] 5737K->5719K(10176K), 0.0003786 secs] [Times: user=0.00 sys=0.00, real=0.00 secs] 
2019-01-02T11:13:55.367+0530: 903.267: [GC (Allocation Failure) 2019-01-02T11:13:55.367+0530: 903.267: [DefNew
Desired survivor size 32768 bytes, new threshold 15 (max 15)
- age   1:        248 bytes,        248 total
- age   7:         16 bytes,        264 total
- age  13:         16 bytes,        280 total
: 883K->0K(960K), 0.0008296 secs] 6603K->5792K(10176K), 0.0010508 secs] [Times: user=0.00 sys=0.00, real=0.00 secs] 
2019-01-02T11:13:55.370+0530: 903.270: [GC (Allocation Failure) 2019-01-02T11:13:55.370+0530: 903.270: [DefNew
Desired survivor size 32768 bytes, new threshold 15 (max 15)
- age   1:         40 bytes,         40 total
- age   2:        184 bytes,        224 total
- age   8:         16 bytes,        240 total
- age  14:         16 bytes,        256 total
: 896K->0K(960K), 0.0011261 secs] 6688K->6080K(10176K), 0.0014499 secs] [Times: user=0.00 sys=0.00, real=0.00 secs] 
2019-01-02T11:13:55.373+0530: 903.273: [GC (Allocation Failure) 2019-01-02T11:13:55.374+0530: 903.273: [DefNew
Desired survivor size 32768 bytes, new threshold 15 (max 15)
- age   3:        184 bytes,        184 total
- age   9:         16 bytes,        200 total
- age  15:         16 bytes,        216 total
: 896K->0K(960K), 0.0003877 secs] 6976K->6656K(10176K), 0.0004806 secs] [Times: user=0.00 sys=0.00, real=0.00 secs] 
2019-01-02T11:13:55.375+0530: 903.275: [GC (Allocation Failure) 2019-01-02T11:13:55.375+0530: 903.275: [DefNew
Desired survivor size 32768 bytes, new threshold 15 (max 15)
- age   1:         24 bytes,         24 total
- age   4:        184 bytes,        208 total
- age  10:         16 bytes,        224 total
: 497K->0K(960K), 0.0002537 secs] 7153K->6656K(10176K), 0.0003273 secs] [Times: user=0.00 sys=0.00, real=0.00 secs] 
2019-01-02T11:13:55.376+0530: 903.276: [GC (Allocation Failure) 2019-01-02T11:13:55.376+0530: 903.276: [DefNew
Desired survivor size 32768 bytes, new threshold 15 (max 15)
- age   2:         24 bytes,         24 total
- age   5:        184 bytes,        208 total
- age  11:         16 bytes,        224 total
: 512K->0K(960K), 0.0003877 secs] 7168K->7168K(10176K), 0.0004692 secs] [Times: user=0.00 sys=0.00, real=0.00 secs] 
2019-01-02T11:13:55.377+0530: 903.277: [GC (Allocation Failure) 2019-01-02T11:13:55.377+0530: 903.277: [DefNew
Desired survivor size 32768 bytes, new threshold 15 (max 15)
- age   1:         24 bytes,         24 total
- age   6:         72 bytes,         96 total
- age  12:         16 bytes,        112 total
: 530K->0K(960K), 0.0009767 secs] 7698K->7680K(10176K), 0.0011608 secs] [Times: user=0.00 sys=0.00, real=0.00 secs] 
2019-01-02T11:13:55.448+0530: 903.348: [GC (Allocation Failure) 2019-01-02T11:13:55.449+0530: 903.349: [DefNew
Desired survivor size 32768 bytes, new threshold 15 (max 15)
- age   1:        248 bytes,        248 total
- age   7:         16 bytes,        264 total
- age  13:         16 bytes,        280 total
: 883K->0K(960K), 0.0006181 secs] 8564K->7752K(10176K), 0.0008028 secs] [Times: user=0.00 sys=0.00, real=0.00 secs] 
2019-01-02T11:13:55.451+0530: 903.351: [GC (Allocation Failure) 2019-01-02T11:13:55.451+0530: 903.351: [DefNew
Desired survivor size 32768 bytes, new threshold 15 (max 15)
- age   1:         40 bytes,         40 total
- age   2:        184 bytes,        224 total
- age   8:         16 bytes,        240 total
- age  14:         16 bytes,        256 total
: 896K->0K(960K), 0.0005724 secs] 8648K->8040K(10176K), 0.0008684 secs] [Times: user=0.00 sys=0.00, real=0.00 secs] 
2019-01-02T11:13:55.454+0530: 903.354: [GC (Allocation Failure) 2019-01-02T11:13:55.454+0530: 903.354: [DefNew
Desired survivor size 32768 bytes, new threshold 15 (max 15)
- age   3:        184 bytes,        184 total
- age   9:         16 bytes,        200 total
- age  15:         16 bytes,        216 total
: 896K->0K(960K), 0.0011044 secs] 8936K->8616K(10176K), 0.0012686 secs] [Times: user=0.02 sys=0.00, real=0.00 secs] 
2019-01-02T11:13:55.456+0530: 903.356: [GC (Allocation Failure) 2019-01-02T11:13:55.456+0530: 903.356: [DefNew
Desired survivor size 32768 bytes, new threshold 15 (max 15)
- age   1:         24 bytes,         24 total
- age   4:        184 bytes,        208 total
- age  10:         16 bytes,        224 total
: 497K->0K(960K), 0.0002554 secs] 9114K->8616K(10176K), 0.0003256 secs] [Times: user=0.00 sys=0.00, real=0.00 secs] 
2019-01-02T11:13:55.457+0530: 903.357: [GC (Allocation Failure) 2019-01-02T11:13:55.457+0530: 903.357: [DefNew
Desired survivor size 32768 bytes, new threshold 15 (max 15)
- age   2:         24 bytes,         24 total
- age   5:        184 bytes,        208 total
- age  11:         16 bytes,        224 total
: 512K->0K(960K), 0.0003432 secs] 9129K->9129K(10176K), 0.0004174 secs] [Times: user=0.00 sys=0.00, real=0.00 secs] 
2019-01-02T11:13:55.458+0530: 903.358: [GC (Allocation Failure) 2019-01-02T11:13:55.458+0530: 903.358: [DefNew: 530K->530K(960K), 0.0000411 secs]2019-01-02T11:13:55.458+0530: 903.358: [Tenured: 9129K->1286K(9216K), 0.0052899 secs] 9659K->1286K(10176K), [Metaspace: 2520K->2520K(1056768K)], 0.0055385 secs] [Times: user=0.00 sys=0.00, real=0.01 secs] 
2019-01-02T11:13:55.524+0530: 903.424: [GC (Allocation Failure) 2019-01-02T11:13:55.525+0530: 903.425: [DefNew
Desired survivor size 32768 bytes, new threshold 15 (max 15)
- age   1:        248 bytes,        248 total
: 883K->0K(960K), 0.0011420 secs] 2170K->1870K(10176K), 0.0015759 secs] [Times: user=0.00 sys=0.00, real=0.00 secs] 
2019-01-02T11:13:55.528+0530: 903.428: [GC (Allocation Failure) 2019-01-02T11:13:55.528+0530: 903.428: [DefNew
Desired survivor size 32768 bytes, new threshold 15 (max 15)
- age   1:         40 bytes,         40 total
- age   2:        184 bytes,        224 total
: 896K->0K(960K), 0.0009408 secs] 2766K->2158K(10176K), 0.0011865 secs] [Times: user=0.00 sys=0.00, real=0.00 secs] 
2019-01-02T11:13:55.530+0530: 903.430: [GC (Allocation Failure) 2019-01-02T11:13:55.531+0530: 903.431: [DefNew
Desired survivor size 32768 bytes, new threshold 15 (max 15)
- age   3:        184 bytes,        184 total
: 896K->0K(960K), 0.0008216 secs] 3054K->2734K(10176K), 0.0009619 secs] [Times: user=0.00 sys=0.00, real=0.00 secs] 
2019-01-02T11:13:55.533+0530: 903.433: [GC (Allocation Failure) 2019-01-02T11:13:55.533+0530: 903.433: [DefNew
Desired survivor size 32768 bytes, new threshold 15 (max 15)
- age   1:         24 bytes,         24 total
- age   4:        184 bytes,        208 total
: 497K->0K(960K), 0.0003410 secs] 3232K->2734K(10176K), 0.0004590 secs] [Times: user=0.00 sys=0.00, real=0.00 secs] 
2019-01-02T11:13:55.534+0530: 903.434: [GC (Allocation Failure) 2019-01-02T11:13:55.534+0530: 903.434: [DefNew
Desired survivor size 32768 bytes, new threshold 15 (max 15)
- age   2:         24 bytes,         24 total
- age   5:        184 bytes,        208 total
: 512K->0K(960K), 0.0003290 secs] 3247K->3247K(10176K), 0.0004008 secs] [Times: user=0.00 sys=0.00, real=0.00 secs] 
2019-01-02T11:13:55.535+0530: 903.435: [GC (Allocation Failure) 2019-01-02T11:13:55.535+0530: 903.435: [DefNew
Desired survivor size 32768 bytes, new threshold 15 (max 15)
- age   1:         24 bytes,         24 total
- age   6:         72 bytes,         96 total
: 530K->0K(960K), 0.0003062 secs] 3777K->3759K(10176K), 0.0003774 secs] [Times: user=0.00 sys=0.00, real=0.00 secs] 
2019-01-02T11:13:55.593+0530: 903.493: [GC (Allocation Failure) 2019-01-02T11:13:55.593+0530: 903.493: [DefNew
Desired survivor size 32768 bytes, new threshold 15 (max 15)
- age   1:        248 bytes,        248 total
- age   7:         16 bytes,        264 total
: 883K->0K(960K), 0.0005639 secs] 4643K->3831K(10176K), 0.0008062 secs] [Times: user=0.00 sys=0.00, real=0.00 secs] 
2019-01-02T11:13:55.598+0530: 903.498: [GC (Allocation Failure) 2019-01-02T11:13:55.598+0530: 903.498: [DefNew
Desired survivor size 32768 bytes, new threshold 15 (max 15)
- age   1:         40 bytes,         40 total
- age   2:        184 bytes,        224 total
- age   8:         16 bytes,        240 total
: 896K->0K(960K), 0.0008159 secs] 4727K->4119K(10176K), 0.0012817 secs] [Times: user=0.00 sys=0.00, real=0.00 secs] 
2019-01-02T11:13:55.600+0530: 903.500: [GC (Allocation Failure) 2019-01-02T11:13:55.600+0530: 903.500: [DefNew
Desired survivor size 32768 bytes, new threshold 15 (max 15)
- age   3:        184 bytes,        184 total
- age   9:         16 bytes,        200 total
: 896K->0K(960K), 0.0003683 secs] 5015K->4695K(10176K), 0.0004493 secs] [Times: user=0.00 sys=0.00, real=0.00 secs] 
2019-01-02T11:13:55.602+0530: 903.502: [GC (Allocation Failure) 2019-01-02T11:13:55.602+0530: 903.502: [DefNew
Desired survivor size 32768 bytes, new threshold 15 (max 15)
- age   1:         24 bytes,         24 total
- age   4:        184 bytes,        208 total
- age  10:         16 bytes,        224 total
: 497K->0K(960K), 0.0002343 secs] 5193K->4695K(10176K), 0.0003079 secs] [Times: user=0.00 sys=0.00, real=0.00 secs] 
2019-01-02T11:13:55.602+0530: 903.502: [GC (Allocation Failure) 2019-01-02T11:13:55.603+0530: 903.503: [DefNew
Desired survivor size 32768 bytes, new threshold 15 (max 15)
- age   2:         24 bytes,         24 total
- age   5:        184 bytes,        208 total
- age  11:         16 bytes,        224 total
: 512K->0K(960K), 0.0003609 secs] 5208K->5208K(10176K), 0.0004499 secs] [Times: user=0.00 sys=0.00, real=0.00 secs] 
2019-01-02T11:13:55.603+0530: 903.503: [GC (Allocation Failure) 2019-01-02T11:13:55.603+0530: 903.503: [DefNew
Desired survivor size 32768 bytes, new threshold 15 (max 15)
- age   1:         24 bytes,         24 total
- age   6:         72 bytes,         96 total
- age  12:         16 bytes,        112 total
: 530K->0K(960K), 0.0003244 secs] 5738K->5720K(10176K), 0.0003946 secs] [Times: user=0.00 sys=0.00, real=0.00 secs] 
2019-01-02T11:13:55.662+0530: 903.562: [GC (Allocation Failure) 2019-01-02T11:13:55.662+0530: 903.562: [DefNew
Desired survivor size 32768 bytes, new threshold 15 (max 15)
- age   1:        248 bytes,        248 total
- age   7:         16 bytes,        264 total
- age  13:         16 bytes,        280 total
: 883K->0K(960K), 0.0017686 secs] 6604K->5792K(10176K), 0.0019688 secs] [Times: user=0.00 sys=0.00, real=0.00 secs] 
2019-01-02T11:13:55.666+0530: 903.566: [GC (Allocation Failure) 2019-01-02T11:13:55.666+0530: 903.566: [DefNew
Desired survivor size 32768 bytes, new threshold 15 (max 15)
- age   1:         40 bytes,         40 total
- age   2:        184 bytes,        224 total
- age   8:         16 bytes,        240 total
- age  14:         16 bytes,        256 total
: 896K->0K(960K), 0.0007982 secs] 6688K->6080K(10176K), 0.0009573 secs] [Times: user=0.00 sys=0.00, real=0.00 secs] 
2019-01-02T11:13:55.668+0530: 903.568: [GC (Allocation Failure) 2019-01-02T11:13:55.668+0530: 903.568: [DefNew
Desired survivor size 32768 bytes, new threshold 15 (max 15)
- age   3:        184 bytes,        184 total
- age   9:         16 bytes,        200 total
- age  15:         16 bytes,        216 total
: 896K->0K(960K), 0.0004624 secs] 6976K->6656K(10176K), 0.0005810 secs] [Times: user=0.00 sys=0.00, real=0.00 secs] 
2019-01-02T11:13:55.670+0530: 903.570: [GC (Allocation Failure) 2019-01-02T11:13:55.670+0530: 903.570: [DefNew
Desired survivor size 32768 bytes, new threshold 15 (max 15)
- age   1:         24 bytes,         24 total
- age   4:        184 bytes,        208 total
- age  10:         16 bytes,        224 total
: 497K->0K(960K), 0.0002429 secs] 7154K->6656K(10176K), 0.0003164 secs] [Times: user=0.00 sys=0.00, real=0.00 secs] 
2019-01-02T11:13:55.671+0530: 903.571: [GC (Allocation Failure) 2019-01-02T11:13:55.671+0530: 903.571: [DefNew
Desired survivor size 32768 bytes, new threshold 15 (max 15)
- age   2:         24 bytes,         24 total
- age   5:        184 bytes,        208 total
- age  11:         16 bytes,        224 total
: 512K->0K(960K), 0.0003233 secs] 7169K->7169K(10176K), 0.0003928 secs] [Times: user=0.00 sys=0.00, real=0.00 secs] 
2019-01-02T11:13:55.672+0530: 903.572: [GC (Allocation Failure) 2019-01-02T11:13:55.672+0530: 903.572: [DefNew
Desired survivor size 32768 bytes, new threshold 15 (max 15)
- age   1:         24 bytes,         24 total
- age   6:         72 bytes,         96 total
- age  12:         16 bytes,        112 total
: 530K->0K(960K), 0.0003090 secs] 7699K->7681K(10176K), 0.0003814 secs] [Times: user=0.00 sys=0.00, real=0.00 secs] 
2019-01-02T11:13:55.736+0530: 903.636: [GC (Allocation Failure) 2019-01-02T11:13:55.736+0530: 903.636: [DefNew
Desired survivor size 32768 bytes, new threshold 15 (max 15)
- age   1:        248 bytes,        248 total
- age   7:         16 bytes,        264 total
- age  13:         16 bytes,        280 total
: 883K->0K(960K), 0.0009852 secs] 8565K->7753K(10176K), 0.0012811 secs] [Times: user=0.00 sys=0.00, real=0.00 secs] 
2019-01-02T11:13:55.739+0530: 903.639: [GC (Allocation Failure) 2019-01-02T11:13:55.739+0530: 903.639: [DefNew
Desired survivor size 32768 bytes, new threshold 15 (max 15)
- age   1:         40 bytes,         40 total
- age   2:        184 bytes,        224 total
- age   8:         16 bytes,        240 total
- age  14:         16 bytes,        256 total
: 896K->0K(960K), 0.0003968 secs] 8649K->8041K(10176K), 0.0004972 secs] [Times: user=0.00 sys=0.00, real=0.00 secs] 
2019-01-02T11:13:55.740+0530: 903.640: [GC (Allocation Failure) 2019-01-02T11:13:55.741+0530: 903.641: [DefNew
Desired survivor size 32768 bytes, new threshold 15 (max 15)
- age   3:        184 bytes,        184 total
- age   9:         16 bytes,        200 total
- age  15:         16 bytes,        216 total
: 896K->0K(960K), 0.0003598 secs] 8937K->8617K(10176K), 0.0004424 secs] [Times: user=0.00 sys=0.00, real=0.00 secs] 
2019-01-02T11:13:55.742+0530: 903.642: [GC (Allocation Failure) 2019-01-02T11:13:55.742+0530: 903.642: [DefNew
Desired survivor size 32768 bytes, new threshold 15 (max 15)
- age   1:         24 bytes,         24 total
- age   4:        184 bytes,        208 total
- age  10:         16 bytes,        224 total
: 497K->0K(960K), 0.0002646 secs] 9115K->8617K(10176K), 0.0003444 secs] [Times: user=0.00 sys=0.00, real=0.00 secs] 
2019-01-02T11:13:55.743+0530: 903.643: [GC (Allocation Failure) 2019-01-02T11:13:55.743+0530: 903.643: [DefNew
Desired survivor size 32768 bytes, new threshold 15 (max 15)
- age   2:         24 bytes,         24 total
- age   5:        184 bytes,        208 total
- age  11:         16 bytes,        224 total
: 512K->0K(960K), 0.0003695 secs] 9130K->9130K(10176K), 0.0004430 secs] [Times: user=0.00 sys=0.00, real=0.00 secs] 
2019-01-02T11:13:55.744+0530: 903.644: [GC (Allocation Failure) 2019-01-02T11:13:55.744+0530: 903.644: [DefNew: 530K->530K(960K), 0.0000279 secs]2019-01-02T11:13:55.744+0530: 903.644: [Tenured: 9129K->1286K(9216K), 0.0061720 secs] 9660K->1286K(10176K), [Metaspace: 2520K->2520K(1056768K)], 0.0064707 secs] [Times: user=0.00 sys=0.00, real=0.01 secs] 
2019-01-02T11:13:55.808+0530: 903.708: [GC (Allocation Failure) 2019-01-02T11:13:55.808+0530: 903.708: [DefNew
Desired survivor size 32768 bytes, new threshold 15 (max 15)
- age   1:        248 bytes,        248 total
: 883K->0K(960K), 0.0011683 secs] 2170K->1871K(10176K), 0.0014351 secs] [Times: user=0.00 sys=0.00, real=0.00 secs] 
2019-01-02T11:13:55.811+0530: 903.711: [GC (Allocation Failure) 2019-01-02T11:13:55.811+0530: 903.711: [DefNew
Desired survivor size 32768 bytes, new threshold 15 (max 15)
- age   1:         40 bytes,         40 total
- age   2:        184 bytes,        224 total
: 896K->0K(960K), 0.0010730 secs] 2767K->2159K(10176K), 0.0014168 secs] [Times: user=0.00 sys=0.00, real=0.00 secs] 
2019-01-02T11:13:55.814+0530: 903.714: [GC (Allocation Failure) 2019-01-02T11:13:55.814+0530: 903.714: [DefNew
Desired survivor size 32768 bytes, new threshold 15 (max 15)
- age   3:        184 bytes,        184 total
: 896K->0K(960K), 0.0006106 secs] 3055K->2735K(10176K), 0.0009083 secs] [Times: user=0.00 sys=0.00, real=0.00 secs] 
2019-01-02T11:13:55.816+0530: 903.716: [GC (Allocation Failure) 2019-01-02T11:13:55.816+0530: 903.716: [DefNew
Desired survivor size 32768 bytes, new threshold 15 (max 15)
- age   1:         24 bytes,         24 total
- age   4:        184 bytes,        208 total
: 497K->0K(960K), 0.0003455 secs] 3232K->2735K(10176K), 0.0004134 secs] [Times: user=0.00 sys=0.00, real=0.00 secs] 
2019-01-02T11:13:55.818+0530: 903.718: [GC (Allocation Failure) 2019-01-02T11:13:55.818+0530: 903.718: [DefNew
Desired survivor size 32768 bytes, new threshold 15 (max 15)
- age   2:         24 bytes,         24 total
- age   5:        184 bytes,        208 total
: 512K->0K(960K), 0.0003512 secs] 3247K->3247K(10176K), 0.0004248 secs] [Times: user=0.00 sys=0.00, real=0.00 secs] 
2019-01-02T11:13:55.818+0530: 903.718: [GC (Allocation Failure) 2019-01-02T11:13:55.818+0530: 903.718: [DefNew
Desired survivor size 32768 bytes, new threshold 15 (max 15)
- age   1:         24 bytes,         24 total
- age   6:         72 bytes,         96 total
: 530K->0K(960K), 0.0002953 secs] 3777K->3760K(10176K), 0.0003524 secs] [Times: user=0.00 sys=0.00, real=0.00 secs] 
2019-01-02T11:13:55.876+0530: 903.777: [GC (Allocation Failure) 2019-01-02T11:13:55.877+0530: 903.777: [DefNew
Desired survivor size 32768 bytes, new threshold 15 (max 15)
- age   1:        248 bytes,        248 total
- age   7:         16 bytes,        264 total
: 883K->0K(960K), 0.0011158 secs] 4643K->3832K(10176K), 0.0014448 secs] [Times: user=0.00 sys=0.00, real=0.00 secs] 
2019-01-02T11:13:55.880+0530: 903.780: [GC (Allocation Failure) 2019-01-02T11:13:55.880+0530: 903.780: [DefNew
Desired survivor size 32768 bytes, new threshold 15 (max 15)
- age   1:         40 bytes,         40 total
- age   2:        184 bytes,        224 total
- age   8:         16 bytes,        240 total
: 896K->0K(960K), 0.0007355 secs] 4728K->4120K(10176K), 0.0009744 secs] [Times: user=0.00 sys=0.00, real=0.00 secs] 
2019-01-02T11:13:55.882+0530: 903.782: [GC (Allocation Failure) 2019-01-02T11:13:55.882+0530: 903.782: [DefNew
Desired survivor size 32768 bytes, new threshold 15 (max 15)
- age   3:        184 bytes,        184 total
- age   9:         16 bytes,        200 total
: 896K->0K(960K), 0.0011221 secs] 5016K->4696K(10176K), 0.0013040 secs] [Times: user=0.00 sys=0.00, real=0.00 secs] 
2019-01-02T11:13:55.886+0530: 903.786: [GC (Allocation Failure) 2019-01-02T11:13:55.886+0530: 903.786: [DefNew
Desired survivor size 32768 bytes, new threshold 15 (max 15)
- age   1:         24 bytes,         24 total
- age   4:        184 bytes,        208 total
- age  10:         16 bytes,        224 total
: 497K->0K(960K), 0.0006808 secs] 5193K->4696K(10176K), 0.0008752 secs] [Times: user=0.00 sys=0.00, real=0.00 secs] 
2019-01-02T11:13:55.887+0530: 903.787: [GC (Allocation Failure) 2019-01-02T11:13:55.887+0530: 903.787: [DefNew
Desired survivor size 32768 bytes, new threshold 15 (max 15)
- age   2:         24 bytes,         24 total
- age   5:        184 bytes,        208 total
- age  11:         16 bytes,        224 total
: 512K->0K(960K), 0.0003335 secs] 5208K->5208K(10176K), 0.0003963 secs] [Times: user=0.00 sys=0.00, real=0.00 secs] 
2019-01-02T11:13:55.888+0530: 903.788: [GC (Allocation Failure) 2019-01-02T11:13:55.888+0530: 903.788: [DefNew
Desired survivor size 32768 bytes, new threshold 15 (max 15)
- age   1:         24 bytes,         24 total
- age   6:         72 bytes,         96 total
- age  12:         16 bytes,        112 total
: 530K->0K(960K), 0.0003170 secs] 5738K->5721K(10176K), 0.0003843 secs] [Times: user=0.00 sys=0.00, real=0.00 secs] 
2019-01-02T11:13:55.948+0530: 903.848: [GC (Allocation Failure) 2019-01-02T11:13:55.948+0530: 903.848: [DefNew
Desired survivor size 32768 bytes, new threshold 15 (max 15)
- age   1:        248 bytes,        248 total
- age   7:         16 bytes,        264 total
- age  13:         16 bytes,        280 total
: 883K->0K(960K), 0.0006027 secs] 6604K->5793K(10176K), 0.0008341 secs] [Times: user=0.00 sys=0.00, real=0.00 secs] 
2019-01-02T11:13:55.950+0530: 903.850: [GC (Allocation Failure) 2019-01-02T11:13:55.951+0530: 903.851: [DefNew
Desired survivor size 32768 bytes, new threshold 15 (max 15)
- age   1:         40 bytes,         40 total
- age   2:        184 bytes,        224 total
- age   8:         16 bytes,        240 total
- age  14:         16 bytes,        256 total
: 896K->0K(960K), 0.0006762 secs] 6689K->6081K(10176K), 0.0008245 secs] [Times: user=0.00 sys=0.00, real=0.00 secs] 
2019-01-02T11:13:55.952+0530: 903.852: [GC (Allocation Failure) 2019-01-02T11:13:55.952+0530: 903.853: [DefNew
Desired survivor size 32768 bytes, new threshold 15 (max 15)
- age   3:        184 bytes,        184 total
- age   9:         16 bytes,        200 total
- age  15:         16 bytes,        216 total
: 896K->0K(960K), 0.0009123 secs] 6977K->6657K(10176K), 0.0010565 secs] [Times: user=0.00 sys=0.00, real=0.00 secs] 
2019-01-02T11:13:55.955+0530: 903.855: [GC (Allocation Failure) 2019-01-02T11:13:55.955+0530: 903.855: [DefNew
Desired survivor size 32768 bytes, new threshold 15 (max 15)
- age   1:         24 bytes,         24 total
- age   4:        184 bytes,        208 total
- age  10:         16 bytes,        224 total
: 497K->0K(960K), 0.0007480 secs] 7154K->6657K(10176K), 0.0009254 secs] [Times: user=0.00 sys=0.00, real=0.00 secs] 
2019-01-02T11:13:55.956+0530: 903.857: [GC (Allocation Failure) 2019-01-02T11:13:55.957+0530: 903.857: [DefNew
Desired survivor size 32768 bytes, new threshold 15 (max 15)
- age   2:         24 bytes,         24 total
- age   5:        184 bytes,        208 total
- age  11:         16 bytes,        224 total
: 512K->0K(960K), 0.0003341 secs] 7169K->7169K(10176K), 0.0004099 secs] [Times: user=0.00 sys=0.00, real=0.00 secs] 
2019-01-02T11:13:55.957+0530: 903.857: [GC (Allocation Failure) 2019-01-02T11:13:55.957+0530: 903.857: [DefNew
Desired survivor size 32768 bytes, new threshold 15 (max 15)
- age   1:         24 bytes,         24 total
- age   6:         72 bytes,         96 total
- age  12:         16 bytes,        112 total
: 530K->0K(960K), 0.0003181 secs] 7699K->7682K(10176K), 0.0003900 secs] [Times: user=0.00 sys=0.00, real=0.00 secs] 
2019-01-02T11:13:56.012+0530: 903.912: [GC (Allocation Failure) 2019-01-02T11:13:56.013+0530: 903.913: [DefNew
Desired survivor size 32768 bytes, new threshold 15 (max 15)
- age   1:        248 bytes,        248 total
- age   7:         16 bytes,        264 total
- age  13:         16 bytes,        280 total
: 884K->0K(960K), 0.0009915 secs] 8566K->7754K(10176K), 0.0012418 secs] [Times: user=0.00 sys=0.00, real=0.00 secs] 
2019-01-02T11:13:56.016+0530: 903.916: [GC (Allocation Failure) 2019-01-02T11:13:56.016+0530: 903.916: [DefNew
Desired survivor size 32768 bytes, new threshold 15 (max 15)
- age   1:         40 bytes,         40 total
- age   2:        184 bytes,        224 total
- age   8:         16 bytes,        240 total
- age  14:         16 bytes,        256 total
: 896K->0K(960K), 0.0010930 secs] 8650K->8042K(10176K), 0.0014379 secs] [Times: user=0.00 sys=0.02, real=0.00 secs] 
2019-01-02T11:13:56.018+0530: 903.918: [GC (Allocation Failure) 2019-01-02T11:13:56.018+0530: 903.919: [DefNew
Desired survivor size 32768 bytes, new threshold 15 (max 15)
- age   3:        184 bytes,        184 total
- age   9:         16 bytes,        200 total
- age  15:         16 bytes,        216 total
: 896K->0K(960K), 0.0008199 secs] 8938K->8618K(10176K), 0.0009157 secs] [Times: user=0.00 sys=0.00, real=0.00 secs] 
2019-01-02T11:13:56.021+0530: 903.921: [GC (Allocation Failure) 2019-01-02T11:13:56.021+0530: 903.921: [DefNew
Desired survivor size 32768 bytes, new threshold 15 (max 15)
- age   1:         24 bytes,         24 total
- age   4:        184 bytes,        208 total
- age  10:         16 bytes,        224 total
: 497K->0K(960K), 0.0006602 secs] 9116K->8618K(10176K), 0.0008455 secs] [Times: user=0.00 sys=0.00, real=0.00 secs] 
2019-01-02T11:13:56.022+0530: 903.922: [GC (Allocation Failure) 2019-01-02T11:13:56.022+0530: 903.922: [DefNew
Desired survivor size 32768 bytes, new threshold 15 (max 15)
- age   2:         24 bytes,         24 total
- age   5:        184 bytes,        208 total
- age  11:         16 bytes,        224 total
: 512K->0K(960K), 0.0003746 secs] 9130K->9130K(10176K), 0.0004556 secs] [Times: user=0.00 sys=0.00, real=0.00 secs] 
2019-01-02T11:13:56.023+0530: 903.923: [GC (Allocation Failure) 2019-01-02T11:13:56.023+0530: 903.923: [DefNew: 530K->530K(960K), 0.0000279 secs]2019-01-02T11:13:56.023+0530: 903.923: [Tenured: 9130K->1286K(9216K), 0.0038258 secs] 9661K->1286K(10176K), [Metaspace: 2520K->2520K(1056768K)], 0.0039786 secs] [Times: user=0.00 sys=0.00, real=0.00 secs] 
2019-01-02T11:13:56.083+0530: 903.983: [GC (Allocation Failure) 2019-01-02T11:13:56.083+0530: 903.983: [DefNew
Desired survivor size 32768 bytes, new threshold 15 (max 15)
- age   1:        248 bytes,        248 total
: 883K->0K(960K), 0.0010736 secs] 2170K->1871K(10176K), 0.0016478 secs] [Times: user=0.00 sys=0.00, real=0.00 secs] 
2019-01-02T11:13:56.086+0530: 903.987: [GC (Allocation Failure) 2019-01-02T11:13:56.087+0530: 903.987: [DefNew
Desired survivor size 32768 bytes, new threshold 15 (max 15)
- age   1:         40 bytes,         40 total
- age   2:        184 bytes,        224 total
: 896K->0K(960K), 0.0009208 secs] 2767K->2159K(10176K), 0.0011232 secs] [Times: user=0.00 sys=0.00, real=0.00 secs] 
2019-01-02T11:13:56.089+0530: 903.989: [GC (Allocation Failure) 2019-01-02T11:13:56.089+0530: 903.989: [DefNew
Desired survivor size 32768 bytes, new threshold 15 (max 15)
- age   3:        184 bytes,        184 total
: 896K->0K(960K), 0.0010189 secs] 3055K->2735K(10176K), 0.0012213 secs] [Times: user=0.00 sys=0.00, real=0.00 secs] 
2019-01-02T11:13:56.092+0530: 903.992: [GC (Allocation Failure) 2019-01-02T11:13:56.092+0530: 903.992: [DefNew
Desired survivor size 32768 bytes, new threshold 15 (max 15)
- age   1:         24 bytes,         24 total
- age   4:        184 bytes,        208 total
: 497K->0K(960K), 0.0002566 secs] 3233K->2735K(10176K), 0.0003341 secs] [Times: user=0.00 sys=0.00, real=0.00 secs] 
2019-01-02T11:13:56.092+0530: 903.992: [GC (Allocation Failure) 2019-01-02T11:13:56.092+0530: 903.992: [DefNew
Desired survivor size 32768 bytes, new threshold 15 (max 15)
- age   2:         24 bytes,         24 total
- age   5:        184 bytes,        208 total
: 512K->0K(960K), 0.0003404 secs] 3247K->3247K(10176K), 0.0004111 secs] [Times: user=0.00 sys=0.00, real=0.00 secs] 
2019-01-02T11:13:56.093+0530: 903.993: [GC (Allocation Failure) 2019-01-02T11:13:56.093+0530: 903.993: [DefNew
Desired survivor size 32768 bytes, new threshold 15 (max 15)
- age   1:         24 bytes,         24 total
- age   6:         72 bytes,         96 total
: 530K->0K(960K), 0.0003244 secs] 3778K->3760K(10176K), 0.0003968 secs] [Times: user=0.00 sys=0.00, real=0.00 secs] 
2019-01-02T11:13:56.153+0530: 904.053: [GC (Allocation Failure) 2019-01-02T11:13:56.153+0530: 904.053: [DefNew
Desired survivor size 32768 bytes, new threshold 15 (max 15)
- age   1:        248 bytes,        248 total
- age   7:         16 bytes,        264 total
: 884K->0K(960K), 0.0005109 secs] 4644K->3832K(10176K), 0.0008250 secs] [Times: user=0.00 sys=0.00, real=0.00 secs] 
2019-01-02T11:13:56.155+0530: 904.055: [GC (Allocation Failure) 2019-01-02T11:13:56.155+0530: 904.055: [DefNew
Desired survivor size 32768 bytes, new threshold 15 (max 15)
- age   1:         40 bytes,         40 total
- age   2:        184 bytes,        224 total
- age   8:         16 bytes,        240 total
: 896K->0K(960K), 0.0012715 secs] 4728K->4120K(10176K), 0.0015543 secs] [Times: user=0.02 sys=0.00, real=0.00 secs] 
2019-01-02T11:13:56.158+0530: 904.058: [GC (Allocation Failure) 2019-01-02T11:13:56.158+0530: 904.058: [DefNew
Desired survivor size 32768 bytes, new threshold 15 (max 15)
- age   3:        184 bytes,        184 total
- age   9:         16 bytes,        200 total
: 896K->0K(960K), 0.0010537 secs] 5016K->4696K(10176K), 0.0012561 secs] [Times: user=0.00 sys=0.00, real=0.00 secs] 
2019-01-02T11:13:56.161+0530: 904.061: [GC (Allocation Failure) 2019-01-02T11:13:56.161+0530: 904.061: [DefNew
Desired survivor size 32768 bytes, new threshold 15 (max 15)
- age   1:         24 bytes,         24 total
- age   4:        184 bytes,        208 total
- age  10:         16 bytes,        224 total
: 497K->0K(960K), 0.0002760 secs] 5194K->4696K(10176K), 0.0003581 secs] [Times: user=0.00 sys=0.00, real=0.00 secs] 
2019-01-02T11:13:56.162+0530: 904.062: [GC (Allocation Failure) 2019-01-02T11:13:56.162+0530: 904.062: [DefNew
Desired survivor size 32768 bytes, new threshold 15 (max 15)
- age   2:         24 bytes,         24 total
- age   5:        184 bytes,        208 total
- age  11:         16 bytes,        224 total
: 512K->0K(960K), 0.0003415 secs] 5209K->5209K(10176K), 0.0004156 secs] [Times: user=0.00 sys=0.00, real=0.00 secs] 
2019-01-02T11:13:56.163+0530: 904.063: [GC (Allocation Failure) 2019-01-02T11:13:56.163+0530: 904.063: [DefNew
Desired survivor size 32768 bytes, new threshold 15 (max 15)
- age   1:         24 bytes,         24 total
- age   6:         72 bytes,         96 total
- age  12:         16 bytes,        112 total
: 530K->0K(960K), 0.0003375 secs] 5739K->5721K(10176K), 0.0004168 secs] [Times: user=0.00 sys=0.00, real=0.00 secs] 
2019-01-02T11:13:56.223+0530: 904.123: [GC (Allocation Failure) 2019-01-02T11:13:56.223+0530: 904.123: [DefNew
Desired survivor size 32768 bytes, new threshold 15 (max 15)
- age   1:        248 bytes,        248 total
- age   7:         16 bytes,        264 total
- age  13:         16 bytes,        280 total
: 884K->0K(960K), 0.0009493 secs] 6605K->5793K(10176K), 0.0014117 secs] [Times: user=0.00 sys=0.00, real=0.00 secs] 
2019-01-02T11:13:56.226+0530: 904.126: [GC (Allocation Failure) 2019-01-02T11:13:56.226+0530: 904.126: [DefNew
Desired survivor size 32768 bytes, new threshold 15 (max 15)
- age   1:         40 bytes,         40 total
- age   2:        184 bytes,        224 total
- age   8:         16 bytes,        240 total
- age  14:         16 bytes,        256 total
: 896K->0K(960K), 0.0007549 secs] 6689K->6081K(10176K), 0.0011494 secs] [Times: user=0.00 sys=0.00, real=0.00 secs] 
2019-01-02T11:13:56.229+0530: 904.129: [GC (Allocation Failure) 2019-01-02T11:13:56.229+0530: 904.129: [DefNew
Desired survivor size 32768 bytes, new threshold 15 (max 15)
- age   3:        184 bytes,        184 total
- age   9:         16 bytes,        200 total
- age  15:         16 bytes,        216 total
: 896K->0K(960K), 0.0004128 secs] 6977K->6657K(10176K), 0.0005154 secs] [Times: user=0.00 sys=0.00, real=0.00 secs] 
2019-01-02T11:13:56.230+0530: 904.130: [GC (Allocation Failure) 2019-01-02T11:13:56.230+0530: 904.130: [DefNew
Desired survivor size 32768 bytes, new threshold 15 (max 15)
- age   1:         24 bytes,         24 total
- age   4:        184 bytes,        208 total
- age  10:         16 bytes,        224 total
: 497K->0K(960K), 0.0002577 secs] 7155K->6657K(10176K), 0.0003335 secs] [Times: user=0.00 sys=0.00, real=0.00 secs] 
2019-01-02T11:13:56.231+0530: 904.131: [GC (Allocation Failure) 2019-01-02T11:13:56.231+0530: 904.131: [DefNew
Desired survivor size 32768 bytes, new threshold 15 (max 15)
- age   2:         24 bytes,         24 total
- age   5:        184 bytes,        208 total
- age  11:         16 bytes,        224 total
: 512K->0K(960K), 0.0010805 secs] 7170K->7170K(10176K), 0.0012897 secs] [Times: user=0.00 sys=0.00, real=0.00 secs] 
2019-01-02T11:13:56.233+0530: 904.133: [GC (Allocation Failure) 2019-01-02T11:13:56.233+0530: 904.133: [DefNew
Desired survivor size 32768 bytes, new threshold 15 (max 15)
- age   1:         24 bytes,         24 total
- age   6:         72 bytes,         96 total
- age  12:         16 bytes,        112 total
: 530K->0K(960K), 0.0003598 secs] 7700K->7682K(10176K), 0.0004499 secs] [Times: user=0.00 sys=0.00, real=0.00 secs] 
2019-01-02T11:13:56.289+0530: 904.189: [GC (Allocation Failure) 2019-01-02T11:13:56.290+0530: 904.190: [DefNew
Desired survivor size 32768 bytes, new threshold 15 (max 15)
- age   1:        248 bytes,        248 total
- age   7:         16 bytes,        264 total
- age  13:         16 bytes,        280 total
: 884K->0K(960K), 0.0011004 secs] 8566K->7755K(10176K), 0.0015229 secs] [Times: user=0.00 sys=0.00, real=0.00 secs] 
2019-01-02T11:13:56.293+0530: 904.193: [GC (Allocation Failure) 2019-01-02T11:13:56.293+0530: 904.193: [DefNew
Desired survivor size 32768 bytes, new threshold 15 (max 15)
- age   1:         40 bytes,         40 total
- age   2:        184 bytes,        224 total
- age   8:         16 bytes,        240 total
- age  14:         16 bytes,        256 total
: 896K->0K(960K), 0.0010440 secs] 8651K->8043K(10176K), 0.0012418 secs] [Times: user=0.00 sys=0.00, real=0.00 secs] 
2019-01-02T11:13:56.296+0530: 904.196: [GC (Allocation Failure) 2019-01-02T11:13:56.296+0530: 904.196: [DefNew
Desired survivor size 32768 bytes, new threshold 15 (max 15)
- age   3:        184 bytes,        184 total
- age   9:         16 bytes,        200 total
- age  15:         16 bytes,        216 total
: 896K->0K(960K), 0.0006306 secs] 8939K->8619K(10176K), 0.0008438 secs] [Times: user=0.02 sys=0.00, real=0.00 secs] 
2019-01-02T11:13:56.299+0530: 904.199: [GC (Allocation Failure) 2019-01-02T11:13:56.299+0530: 904.199: [DefNew
Desired survivor size 32768 bytes, new threshold 15 (max 15)
- age   1:         24 bytes,         24 total
- age   4:        184 bytes,        208 total
- age  10:         16 bytes,        224 total
: 497K->0K(960K), 0.0008883 secs] 9116K->8619K(10176K), 0.0010719 secs] [Times: user=0.00 sys=0.00, real=0.00 secs] 
2019-01-02T11:13:56.300+0530: 904.201: [GC (Allocation Failure) 2019-01-02T11:13:56.301+0530: 904.201: [DefNew
Desired survivor size 32768 bytes, new threshold 15 (max 15)
- age   2:         24 bytes,         24 total
- age   5:        184 bytes,        208 total
- age  11:         16 bytes,        224 total
: 512K->0K(960K), 0.0009054 secs] 9131K->9131K(10176K), 0.0010006 secs] [Times: user=0.00 sys=0.00, real=0.00 secs] 
2019-01-02T11:13:56.302+0530: 904.202: [GC (Allocation Failure) 2019-01-02T11:13:56.302+0530: 904.202: [DefNew: 530K->530K(960K), 0.0000450 secs]2019-01-02T11:13:56.302+0530: 904.203: [Tenured: 9131K->1286K(9216K), 0.0044022 secs] 9662K->1286K(10176K), [Metaspace: 2520K->2520K(1056768K)], 0.0045784 secs] [Times: user=0.00 sys=0.00, real=0.00 secs] 
2019-01-02T11:13:56.365+0530: 904.265: [GC (Allocation Failure) 2019-01-02T11:13:56.365+0530: 904.265: [DefNew
Desired survivor size 32768 bytes, new threshold 15 (max 15)
- age   1:        248 bytes,        248 total
: 884K->0K(960K), 0.0011204 secs] 2170K->1871K(10176K), 0.0015674 secs] [Times: user=0.00 sys=0.00, real=0.00 secs] 
2019-01-02T11:13:56.369+0530: 904.269: [GC (Allocation Failure) 2019-01-02T11:13:56.369+0530: 904.269: [DefNew
Desired survivor size 32768 bytes, new threshold 15 (max 15)
- age   1:         40 bytes,         40 total
- age   2:        184 bytes,        224 total
: 896K->0K(960K), 0.0008501 secs] 2767K->2159K(10176K), 0.0009921 secs] [Times: user=0.00 sys=0.00, real=0.00 secs] 
2019-01-02T11:13:56.371+0530: 904.271: [GC (Allocation Failure) 2019-01-02T11:13:56.371+0530: 904.271: [DefNew
Desired survivor size 32768 bytes, new threshold 15 (max 15)
- age   3:        184 bytes,        184 total
: 896K->0K(960K), 0.0011141 secs] 3055K->2735K(10176K), 0.0013245 secs] [Times: user=0.00 sys=0.00, real=0.00 secs] 
2019-01-02T11:13:56.374+0530: 904.274: [GC (Allocation Failure) 2019-01-02T11:13:56.374+0530: 904.274: [DefNew
Desired survivor size 32768 bytes, new threshold 15 (max 15)
- age   1:         24 bytes,         24 total
- age   4:        184 bytes,        208 total
: 497K->0K(960K), 0.0007652 secs] 3233K->2735K(10176K), 0.0009505 secs] [Times: user=0.02 sys=0.00, real=0.00 secs] 
2019-01-02T11:13:56.376+0530: 904.276: [GC (Allocation Failure) 2019-01-02T11:13:56.376+0530: 904.276: [DefNew
Desired survivor size 32768 bytes, new threshold 15 (max 15)
- age   2:         24 bytes,         24 total
- age   5:        184 bytes,        208 total
: 512K->0K(960K), 0.0004727 secs] 3248K->3248K(10176K), 0.0005736 secs] [Times: user=0.00 sys=0.00, real=0.00 secs] 
2019-01-02T11:13:56.377+0530: 904.277: [GC (Allocation Failure) 2019-01-02T11:13:56.377+0530: 904.277: [DefNew
Desired survivor size 32768 bytes, new threshold 15 (max 15)
- age   1:         24 bytes,         24 total
- age   6:         72 bytes,         96 total
: 530K->0K(960K), 0.0003831 secs] 3778K->3760K(10176K), 0.0004732 secs] [Times: user=0.00 sys=0.00, real=0.00 secs] 
2019-01-02T11:13:56.442+0530: 904.342: [GC (Allocation Failure) 2019-01-02T11:13:56.442+0530: 904.342: [DefNew
Desired survivor size 32768 bytes, new threshold 15 (max 15)
- age   1:        248 bytes,        248 total
- age   7:         16 bytes,        264 total
: 884K->0K(960K), 0.0011061 secs] 4644K->3833K(10176K), 0.0015486 secs] [Times: user=0.00 sys=0.00, real=0.00 secs] 
2019-01-02T11:13:56.445+0530: 904.345: [GC (Allocation Failure) 2019-01-02T11:13:56.445+0530: 904.345: [DefNew
Desired survivor size 32768 bytes, new threshold 15 (max 15)
- age   1:         40 bytes,         40 total
- age   2:        184 bytes,        224 total
- age   8:         16 bytes,        240 total
: 896K->0K(960K), 0.0007401 secs] 4729K->4121K(10176K), 0.0009066 secs] [Times: user=0.00 sys=0.00, real=0.00 secs] 
2019-01-02T11:13:56.448+0530: 904.348: [GC (Allocation Failure) 2019-01-02T11:13:56.448+0530: 904.348: [DefNew
Desired survivor size 32768 bytes, new threshold 15 (max 15)
- age   3:        184 bytes,        184 total
- age   9:         16 bytes,        200 total
: 896K->0K(960K), 0.0004601 secs] 5017K->4696K(10176K), 0.0006716 secs] [Times: user=0.00 sys=0.00, real=0.00 secs] 
2019-01-02T11:13:56.450+0530: 904.350: [GC (Allocation Failure) 2019-01-02T11:13:56.450+0530: 904.350: [DefNew
Desired survivor size 32768 bytes, new threshold 15 (max 15)
- age   1:         24 bytes,         24 total
- age   4:        184 bytes,        208 total
- age  10:         16 bytes,        224 total
: 497K->0K(960K), 0.0004710 secs] 5194K->4697K(10176K), 0.0005821 secs] [Times: user=0.00 sys=0.00, real=0.00 secs] 
2019-01-02T11:13:56.451+0530: 904.351: [GC (Allocation Failure) 2019-01-02T11:13:56.451+0530: 904.351: [DefNew
Desired survivor size 32768 bytes, new threshold 15 (max 15)
- age   2:         24 bytes,         24 total
- age   5:        184 bytes,        208 total
- age  11:         16 bytes,        224 total
: 512K->0K(960K), 0.0006659 secs] 5209K->5209K(10176K), 0.0007503 secs] [Times: user=0.00 sys=0.00, real=0.00 secs] 
2019-01-02T11:13:56.453+0530: 904.353: [GC (Allocation Failure) 2019-01-02T11:13:56.453+0530: 904.353: [DefNew
Desired survivor size 32768 bytes, new threshold 15 (max 15)
- age   1:         24 bytes,         24 total
- age   6:         72 bytes,         96 total
- age  12:         16 bytes,        112 total
: 530K->0K(960K), 0.0006517 secs] 5739K->5722K(10176K), 0.0007572 secs] [Times: user=0.00 sys=0.00, real=0.00 secs] 
2019-01-02T11:13:56.514+0530: 904.414: [GC (Allocation Failure) 2019-01-02T11:13:56.514+0530: 904.414: [DefNew
Desired survivor size 32768 bytes, new threshold 15 (max 15)
- age   1:        248 bytes,        248 total
- age   7:         16 bytes,        264 total
- age  13:         16 bytes,        280 total
: 884K->0K(960K), 0.0004624 secs] 6606K->5794K(10176K), 0.0007811 secs] [Times: user=0.00 sys=0.00, real=0.00 secs] 
2019-01-02T11:13:56.516+0530: 904.416: [GC (Allocation Failure) 2019-01-02T11:13:56.517+0530: 904.417: [DefNew
Desired survivor size 32768 bytes, new threshold 15 (max 15)
- age   1:         40 bytes,         40 total
- age   2:        184 bytes,        224 total
- age   8:         16 bytes,        240 total
- age  14:         16 bytes,        256 total
: 896K->0K(960K), 0.0014151 secs] 6690K->6082K(10176K), 0.0018610 secs] [Times: user=0.00 sys=0.00, real=0.00 secs] 
2019-01-02T11:13:56.520+0530: 904.420: [GC (Allocation Failure) 2019-01-02T11:13:56.520+0530: 904.420: [DefNew
Desired survivor size 32768 bytes, new threshold 15 (max 15)
- age   3:        184 bytes,        184 total
- age   9:         16 bytes,        200 total
- age  15:         16 bytes,        216 total
: 896K->0K(960K), 0.0009430 secs] 6978K->6658K(10176K), 0.0011192 secs] [Times: user=0.00 sys=0.00, real=0.00 secs] 
2019-01-02T11:13:56.522+0530: 904.422: [GC (Allocation Failure) 2019-01-02T11:13:56.522+0530: 904.422: [DefNew
Desired survivor size 32768 bytes, new threshold 15 (max 15)
- age   1:         24 bytes,         24 total
- age   4:        184 bytes,        208 total
- age  10:         16 bytes,        224 total
: 497K->0K(960K), 0.0002651 secs] 7156K->6658K(10176K), 0.0003427 secs] [Times: user=0.00 sys=0.00, real=0.00 secs] 
2019-01-02T11:13:56.523+0530: 904.423: [GC (Allocation Failure) 2019-01-02T11:13:56.523+0530: 904.423: [DefNew
Desired survivor size 32768 bytes, new threshold 15 (max 15)
- age   2:         24 bytes,         24 total
- age   5:        184 bytes,        208 total
- age  11:         16 bytes,        224 total
: 512K->0K(960K), 0.0003170 secs] 7171K->7171K(10176K), 0.0003934 secs] [Times: user=0.00 sys=0.00, real=0.00 secs] 
2019-01-02T11:13:56.524+0530: 904.424: [GC (Allocation Failure) 2019-01-02T11:13:56.524+0530: 904.424: [DefNew
Desired survivor size 32768 bytes, new threshold 15 (max 15)
- age   1:         24 bytes,         24 total
- age   6:         72 bytes,         96 total
- age  12:         16 bytes,        112 total
: 530K->0K(960K), 0.0003176 secs] 7701K->7683K(10176K), 0.0003894 secs] [Times: user=0.00 sys=0.00, real=0.00 secs] 
2019-01-02T11:13:56.588+0530: 904.488: [GC (Allocation Failure) 2019-01-02T11:13:56.588+0530: 904.488: [DefNew
Desired survivor size 32768 bytes, new threshold 15 (max 15)
- age   1:        248 bytes,        248 total
- age   7:         16 bytes,        264 total
- age  13:         16 bytes,        280 total
: 884K->0K(960K), 0.0010263 secs] 8567K->7755K(10176K), 0.0014647 secs] [Times: user=0.00 sys=0.00, real=0.00 secs] 
2019-01-02T11:13:56.591+0530: 904.491: [GC (Allocation Failure) 2019-01-02T11:13:56.591+0530: 904.491: [DefNew
Desired survivor size 32768 bytes, new threshold 15 (max 15)
- age   1:         40 bytes,         40 total
- age   2:        184 bytes,        224 total
- age   8:         16 bytes,        240 total
- age  14:         16 bytes,        256 total
: 896K->0K(960K), 0.0003484 secs] 8651K->8043K(10176K), 0.0004299 secs] [Times: user=0.00 sys=0.00, real=0.00 secs] 
2019-01-02T11:13:56.592+0530: 904.492: [GC (Allocation Failure) 2019-01-02T11:13:56.592+0530: 904.492: [DefNew
Desired survivor size 32768 bytes, new threshold 15 (max 15)
- age   3:        184 bytes,        184 total
- age   9:         16 bytes,        200 total
- age  15:         16 bytes,        216 total
: 896K->0K(960K), 0.0004020 secs] 8939K->8619K(10176K), 0.0004960 secs] [Times: user=0.00 sys=0.00, real=0.00 secs] 
2019-01-02T11:13:56.594+0530: 904.494: [GC (Allocation Failure) 2019-01-02T11:13:56.594+0530: 904.494: [DefNew
Desired survivor size 32768 bytes, new threshold 15 (max 15)
- age   1:         24 bytes,         24 total
- age   4:        184 bytes,        208 total
- age  10:         16 bytes,        224 total
: 497K->0K(960K), 0.0002851 secs] 9117K->8619K(10176K), 0.0003757 secs] [Times: user=0.00 sys=0.00, real=0.00 secs] 
2019-01-02T11:13:56.595+0530: 904.495: [GC (Allocation Failure) 2019-01-02T11:13:56.595+0530: 904.495: [DefNew
Desired survivor size 32768 bytes, new threshold 15 (max 15)
- age   2:         24 bytes,         24 total
- age   5:        184 bytes,        208 total
- age  11:         16 bytes,        224 total
: 512K->0K(960K), 0.0003700 secs] 9132K->9132K(10176K), 0.0004493 secs] [Times: user=0.00 sys=0.00, real=0.00 secs] 
2019-01-02T11:13:56.596+0530: 904.496: [GC (Allocation Failure) 2019-01-02T11:13:56.596+0530: 904.496: [DefNew: 530K->530K(960K), 0.0000279 secs]2019-01-02T11:13:56.596+0530: 904.496: [Tenured: 9132K->1286K(9216K), 0.0038058 secs] 9662K->1286K(10176K), [Metaspace: 2520K->2520K(1056768K)], 0.0039569 secs] [Times: user=0.00 sys=0.00, real=0.00 secs] 
2019-01-02T11:13:56.658+0530: 904.558: [GC (Allocation Failure) 2019-01-02T11:13:56.659+0530: 904.559: [DefNew
Desired survivor size 32768 bytes, new threshold 15 (max 15)
- age   1:        248 bytes,        248 total
: 884K->0K(960K), 0.0009641 secs] 2170K->1871K(10176K), 0.0014214 secs] [Times: user=0.00 sys=0.00, real=0.00 secs] 
2019-01-02T11:13:56.662+0530: 904.562: [GC (Allocation Failure) 2019-01-02T11:13:56.662+0530: 904.562: [DefNew
Desired survivor size 32768 bytes, new threshold 15 (max 15)
- age   1:         40 bytes,         40 total
- age   2:        184 bytes,        224 total
: 896K->0K(960K), 0.0005873 secs] 2767K->2159K(10176K), 0.0008718 secs] [Times: user=0.00 sys=0.00, real=0.00 secs] 
2019-01-02T11:13:56.664+0530: 904.564: [GC (Allocation Failure) 2019-01-02T11:13:56.664+0530: 904.564: [DefNew
Desired survivor size 32768 bytes, new threshold 15 (max 15)
- age   3:        184 bytes,        184 total
: 896K->0K(960K), 0.0011363 secs] 3055K->2735K(10176K), 0.0012937 secs] [Times: user=0.00 sys=0.00, real=0.00 secs] 
2019-01-02T11:13:56.667+0530: 904.567: [GC (Allocation Failure) 2019-01-02T11:13:56.667+0530: 904.567: [DefNew
Desired survivor size 32768 bytes, new threshold 15 (max 15)
- age   1:         24 bytes,         24 total
- age   4:        184 bytes,        208 total
: 497K->0K(960K), 0.0004453 secs] 3233K->2735K(10176K), 0.0006135 secs] [Times: user=0.00 sys=0.00, real=0.00 secs] 
2019-01-02T11:13:56.669+0530: 904.569: [GC (Allocation Failure) 2019-01-02T11:13:56.669+0530: 904.569: [DefNew
Desired survivor size 32768 bytes, new threshold 15 (max 15)
- age   2:         24 bytes,         24 total
- age   5:        184 bytes,        208 total
: 512K->0K(960K), 0.0004253 secs] 3248K->3248K(10176K), 0.0005320 secs] [Times: user=0.00 sys=0.00, real=0.00 secs] 
2019-01-02T11:13:56.670+0530: 904.570: [GC (Allocation Failure) 2019-01-02T11:13:56.670+0530: 904.570: [DefNew
Desired survivor size 32768 bytes, new threshold 15 (max 15)
- age   1:         24 bytes,         24 total
- age   6:         72 bytes,         96 total
: 530K->0K(960K), 0.0007469 secs] 3778K->3761K(10176K), 0.0008946 secs] [Times: user=0.00 sys=0.00, real=0.00 secs] 
2019-01-02T11:13:56.730+0530: 904.631: [GC (Allocation Failure) 2019-01-02T11:13:56.731+0530: 904.631: [DefNew
Desired survivor size 32768 bytes, new threshold 15 (max 15)
- age   1:        248 bytes,        248 total
- age   7:         16 bytes,        264 total
: 884K->0K(960K), 0.0007412 secs] 4645K->3833K(10176K), 0.0011500 secs] [Times: user=0.00 sys=0.00, real=0.00 secs] 
2019-01-02T11:13:56.733+0530: 904.633: [GC (Allocation Failure) 2019-01-02T11:13:56.734+0530: 904.634: [DefNew
Desired survivor size 32768 bytes, new threshold 15 (max 15)
- age   1:         40 bytes,         40 total
- age   2:        184 bytes,        224 total
- age   8:         16 bytes,        240 total
: 896K->0K(960K), 0.0010035 secs] 4729K->4121K(10176K), 0.0012880 secs] [Times: user=0.00 sys=0.02, real=0.00 secs] 
2019-01-02T11:13:56.737+0530: 904.637: [GC (Allocation Failure) 2019-01-02T11:13:56.737+0530: 904.637: [DefNew
Desired survivor size 32768 bytes, new threshold 15 (max 15)
- age   3:        184 bytes,        184 total
- age   9:         16 bytes,        200 total
: 896K->0K(960K), 0.0007566 secs] 5017K->4697K(10176K), 0.0008820 secs] [Times: user=0.00 sys=0.00, real=0.00 secs] 
2019-01-02T11:13:56.739+0530: 904.639: [GC (Allocation Failure) 2019-01-02T11:13:56.739+0530: 904.639: [DefNew
Desired survivor size 32768 bytes, new threshold 15 (max 15)
- age   1:         24 bytes,         24 total
- age   4:        184 bytes,        208 total
- age  10:         16 bytes,        224 total
: 497K->0K(960K), 0.0007252 secs] 5195K->4697K(10176K), 0.0008792 secs] [Times: user=0.00 sys=0.00, real=0.00 secs] 
2019-01-02T11:13:56.740+0530: 904.640: [GC (Allocation Failure) 2019-01-02T11:13:56.740+0530: 904.640: [DefNew
Desired survivor size 32768 bytes, new threshold 15 (max 15)
- age   2:         24 bytes,         24 total
- age   5:        184 bytes,        208 total
- age  11:         16 bytes,        224 total
: 512K->0K(960K), 0.0003290 secs] 5210K->5210K(10176K), 0.0003997 secs] [Times: user=0.00 sys=0.00, real=0.00 secs] 
2019-01-02T11:13:56.741+0530: 904.641: [GC (Allocation Failure) 2019-01-02T11:13:56.741+0530: 904.641: [DefNew
Desired survivor size 32768 bytes, new threshold 15 (max 15)
- age   1:         24 bytes,         24 total
- age   6:         72 bytes,         96 total
- age  12:         16 bytes,        112 total
: 530K->0K(960K), 0.0003199 secs] 5740K->5722K(10176K), 0.0003906 secs] [Times: user=0.00 sys=0.00, real=0.00 secs] 
2019-01-02T11:13:56.799+0530: 904.699: [GC (Allocation Failure) 2019-01-02T11:13:56.799+0530: 904.699: [DefNew
Desired survivor size 32768 bytes, new threshold 15 (max 15)
- age   1:        248 bytes,        248 total
- age   7:         16 bytes,        264 total
- age  13:         16 bytes,        280 total
: 884K->0K(960K), 0.0006637 secs] 6606K->5795K(10176K), 0.0010588 secs] [Times: user=0.00 sys=0.00, real=0.00 secs] 
2019-01-02T11:13:56.802+0530: 904.702: [GC (Allocation Failure) 2019-01-02T11:13:56.802+0530: 904.703: [DefNew
Desired survivor size 32768 bytes, new threshold 15 (max 15)
- age   1:         40 bytes,         40 total
- age   2:        184 bytes,        224 total
- age   8:         16 bytes,        240 total
- age  14:         16 bytes,        256 total
: 896K->0K(960K), 0.0009647 secs] 6691K->6082K(10176K), 0.0012555 secs] [Times: user=0.00 sys=0.00, real=0.00 secs] 
2019-01-02T11:13:56.806+0530: 904.706: [GC (Allocation Failure) 2019-01-02T11:13:56.806+0530: 904.706: [DefNew
Desired survivor size 32768 bytes, new threshold 15 (max 15)
- age   3:        184 bytes,        184 total
- age   9:         16 bytes,        200 total
- age  15:         16 bytes,        216 total
: 896K->0K(960K), 0.0009858 secs] 6978K->6658K(10176K), 0.0011158 secs] [Times: user=0.00 sys=0.00, real=0.00 secs] 
2019-01-02T11:13:56.808+0530: 904.708: [GC (Allocation Failure) 2019-01-02T11:13:56.808+0530: 904.708: [DefNew
Desired survivor size 32768 bytes, new threshold 15 (max 15)
- age   1:         24 bytes,         24 total
- age   4:        184 bytes,        208 total
- age  10:         16 bytes,        224 total
: 497K->0K(960K), 0.0011785 secs] 7156K->6658K(10176K), 0.0014191 secs] [Times: user=0.00 sys=0.00, real=0.00 secs] 
2019-01-02T11:13:56.810+0530: 904.710: [GC (Allocation Failure) 2019-01-02T11:13:56.810+0530: 904.710: [DefNew
Desired survivor size 32768 bytes, new threshold 15 (max 15)
- age   2:         24 bytes,         24 total
- age   5:        184 bytes,        208 total
- age  11:         16 bytes,        224 total
: 512K->0K(960K), 0.0005092 secs] 7171K->7171K(10176K), 0.0006072 secs] [Times: user=0.00 sys=0.00, real=0.00 secs] 
2019-01-02T11:13:56.811+0530: 904.711: [GC (Allocation Failure) 2019-01-02T11:13:56.811+0530: 904.711: [DefNew
Desired survivor size 32768 bytes, new threshold 15 (max 15)
- age   1:         24 bytes,         24 total
- age   6:         72 bytes,         96 total
- age  12:         16 bytes,        112 total
: 530K->0K(960K), 0.0004134 secs] 7702K->7684K(10176K), 0.0004943 secs] [Times: user=0.02 sys=0.00, real=0.00 secs] 
2019-01-02T11:13:56.871+0530: 904.771: [GC (Allocation Failure) 2019-01-02T11:13:56.871+0530: 904.771: [DefNew
Desired survivor size 32768 bytes, new threshold 15 (max 15)
- age   1:        248 bytes,        248 total
- age   7:         16 bytes,        264 total
- age  13:         16 bytes,        280 total
: 884K->0K(960K), 0.0009425 secs] 8568K->7756K(10176K), 0.0011648 secs] [Times: user=0.00 sys=0.00, real=0.00 secs] 
2019-01-02T11:13:56.874+0530: 904.774: [GC (Allocation Failure) 2019-01-02T11:13:56.874+0530: 904.774: [DefNew
Desired survivor size 32768 bytes, new threshold 15 (max 15)
- age   1:         40 bytes,         40 total
- age   2:        184 bytes,        224 total
- age   8:         16 bytes,        240 total
- age  14:         16 bytes,        256 total
: 896K->0K(960K), 0.0008079 secs] 8652K->8044K(10176K), 0.0009265 secs] [Times: user=0.02 sys=0.00, real=0.00 secs] 
2019-01-02T11:13:56.876+0530: 904.776: [GC (Allocation Failure) 2019-01-02T11:13:56.876+0530: 904.776: [DefNew
Desired survivor size 32768 bytes, new threshold 15 (max 15)
- age   3:        184 bytes,        184 total
- age   9:         16 bytes,        200 total
- age  15:         16 bytes,        216 total
: 896K->0K(960K), 0.0014214 secs] 8940K->8620K(10176K), 0.0016096 secs] [Times: user=0.00 sys=0.00, real=0.00 secs] 
2019-01-02T11:13:56.880+0530: 904.780: [GC (Allocation Failure) 2019-01-02T11:13:56.880+0530: 904.780: [DefNew
Desired survivor size 32768 bytes, new threshold 15 (max 15)
- age   1:         24 bytes,         24 total
- age   4:        184 bytes,        208 total
- age  10:         16 bytes,        224 total
: 497K->0K(960K), 0.0003757 secs] 9118K->8620K(10176K), 0.0005200 secs] [Times: user=0.00 sys=0.00, real=0.00 secs] 
2019-01-02T11:13:56.880+0530: 904.781: [GC (Allocation Failure) 2019-01-02T11:13:56.880+0530: 904.781: [DefNew
Desired survivor size 32768 bytes, new threshold 15 (max 15)
- age   2:         24 bytes,         24 total
- age   5:        184 bytes,        208 total
- age  11:         16 bytes,        224 total
: 512K->0K(960K), 0.0003820 secs] 9133K->9133K(10176K), 0.0004658 secs] [Times: user=0.00 sys=0.00, real=0.00 secs] 
2019-01-02T11:13:56.881+0530: 904.781: [GC (Allocation Failure) 2019-01-02T11:13:56.881+0530: 904.781: [DefNew: 530K->530K(960K), 0.0000279 secs]2019-01-02T11:13:56.881+0530: 904.781: [Tenured: 9133K->1286K(9216K), 0.0037722 secs] 9663K->1286K(10176K), [Metaspace: 2520K->2520K(1056768K)], 0.0039267 secs] [Times: user=0.00 sys=0.00, real=0.00 secs] 
2019-01-02T11:13:56.953+0530: 904.853: [GC (Allocation Failure) 2019-01-02T11:13:56.953+0530: 904.854: [DefNew
Desired survivor size 32768 bytes, new threshold 15 (max 15)
- age   1:        248 bytes,        248 total
: 884K->0K(960K), 0.0018325 secs] 2171K->1872K(10176K), 0.0022573 secs] [Times: user=0.00 sys=0.00, real=0.00 secs] 
2019-01-02T11:13:56.957+0530: 904.857: [GC (Allocation Failure) 2019-01-02T11:13:56.957+0530: 904.857: [DefNew
Desired survivor size 32768 bytes, new threshold 15 (max 15)
- age   1:         40 bytes,         40 total
- age   2:        184 bytes,        224 total
: 896K->0K(960K), 0.0007737 secs] 2768K->2160K(10176K), 0.0008792 secs] [Times: user=0.00 sys=0.00, real=0.00 secs] 
2019-01-02T11:13:56.960+0530: 904.860: [GC (Allocation Failure) 2019-01-02T11:13:56.960+0530: 904.860: [DefNew
Desired survivor size 32768 bytes, new threshold 15 (max 15)
- age   3:        184 bytes,        184 total
: 896K->0K(960K), 0.0011574 secs] 3056K->2736K(10176K), 0.0014100 secs] [Times: user=0.00 sys=0.00, real=0.00 secs] 
2019-01-02T11:13:56.962+0530: 904.862: [GC (Allocation Failure) 2019-01-02T11:13:56.962+0530: 904.862: [DefNew
Desired survivor size 32768 bytes, new threshold 15 (max 15)
- age   1:         24 bytes,         24 total
- age   4:        184 bytes,        208 total
: 497K->0K(960K), 0.0002514 secs] 3233K->2736K(10176K), 0.0003290 secs] [Times: user=0.00 sys=0.00, real=0.00 secs] 
2019-01-02T11:13:56.963+0530: 904.863: [GC (Allocation Failure) 2019-01-02T11:13:56.963+0530: 904.863: [DefNew
Desired survivor size 32768 bytes, new threshold 15 (max 15)
- age   2:         24 bytes,         24 total
- age   5:        184 bytes,        208 total
: 513K->0K(960K), 0.0003290 secs] 3248K->3248K(10176K), 0.0003997 secs] [Times: user=0.00 sys=0.00, real=0.00 secs] 
2019-01-02T11:13:56.964+0530: 904.864: [GC (Allocation Failure) 2019-01-02T11:13:56.964+0530: 904.864: [DefNew
Desired survivor size 32768 bytes, new threshold 15 (max 15)
- age   1:         24 bytes,         24 total
- age   6:         72 bytes,         96 total
: 530K->0K(960K), 0.0003050 secs] 3779K->3761K(10176K), 0.0003752 secs] [Times: user=0.00 sys=0.00, real=0.00 secs] 
2019-01-02T11:13:57.025+0530: 904.926: [GC (Allocation Failure) 2019-01-02T11:13:57.026+0530: 904.926: [DefNew
Desired survivor size 32768 bytes, new threshold 15 (max 15)
- age   1:        248 bytes,        248 total
- age   7:         16 bytes,        264 total
: 884K->0K(960K), 0.0006466 secs] 4645K->3833K(10176K), 0.0007885 secs] [Times: user=0.00 sys=0.00, real=0.00 secs] 
2019-01-02T11:13:57.028+0530: 904.928: [GC (Allocation Failure) 2019-01-02T11:13:57.028+0530: 904.928: [DefNew
Desired survivor size 32768 bytes, new threshold 15 (max 15)
- age   1:         40 bytes,         40 total
- age   2:        184 bytes,        224 total
- age   8:         16 bytes,        240 total
: 896K->0K(960K), 0.0010628 secs] 4729K->4121K(10176K), 0.0012749 secs] [Times: user=0.00 sys=0.00, real=0.00 secs] 
2019-01-02T11:13:57.031+0530: 904.931: [GC (Allocation Failure) 2019-01-02T11:13:57.031+0530: 904.931: [DefNew
Desired survivor size 32768 bytes, new threshold 15 (max 15)
- age   3:        184 bytes,        184 total
- age   9:         16 bytes,        200 total
: 896K->0K(960K), 0.0004042 secs] 5017K->4697K(10176K), 0.0005131 secs] [Times: user=0.00 sys=0.00, real=0.00 secs] 
2019-01-02T11:13:57.033+0530: 904.933: [GC (Allocation Failure) 2019-01-02T11:13:57.033+0530: 904.933: [DefNew
Desired survivor size 32768 bytes, new threshold 15 (max 15)
- age   1:         24 bytes,         24 total
- age   4:        184 bytes,        208 total
- age  10:         16 bytes,        224 total
: 497K->0K(960K), 0.0002378 secs] 5195K->4697K(10176K), 0.0003073 secs] [Times: user=0.00 sys=0.00, real=0.00 secs] 
2019-01-02T11:13:57.033+0530: 904.933: [GC (Allocation Failure) 2019-01-02T11:13:57.033+0530: 904.933: [DefNew
Desired survivor size 32768 bytes, new threshold 15 (max 15)
- age   2:         24 bytes,         24 total
- age   5:        184 bytes,        208 total
- age  11:         16 bytes,        224 total
: 513K->0K(960K), 0.0003159 secs] 5210K->5210K(10176K), 0.0003849 secs] [Times: user=0.00 sys=0.00, real=0.00 secs] 
2019-01-02T11:13:57.034+0530: 904.934: [GC (Allocation Failure) 2019-01-02T11:13:57.034+0530: 904.934: [DefNew
Desired survivor size 32768 bytes, new threshold 15 (max 15)
- age   1:         24 bytes,         24 total
- age   6:         72 bytes,         96 total
- age  12:         16 bytes,        112 total
: 530K->0K(960K), 0.0003062 secs] 5741K->5723K(10176K), 0.0003757 secs] [Times: user=0.00 sys=0.00, real=0.00 secs] 
2019-01-02T11:13:57.093+0530: 904.994: [GC (Allocation Failure) 2019-01-02T11:13:57.094+0530: 904.994: [DefNew
Desired survivor size 32768 bytes, new threshold 15 (max 15)
- age   1:        248 bytes,        248 total
- age   7:         16 bytes,        264 total
- age  13:         16 bytes,        280 total
: 868K->0K(960K), 0.0005331 secs] 6591K->5795K(10176K), 0.0008262 secs] [Times: user=0.00 sys=0.00, real=0.00 secs] 
2019-01-02T11:13:57.096+0530: 904.996: [GC (Allocation Failure) 2019-01-02T11:13:57.096+0530: 904.997: [DefNew
Desired survivor size 32768 bytes, new threshold 15 (max 15)
- age   1:         40 bytes,         40 total
- age   2:        184 bytes,        224 total
- age   8:         16 bytes,        240 total
- age  14:         16 bytes,        256 total
: 896K->0K(960K), 0.0008233 secs] 6691K->6083K(10176K), 0.0012179 secs] [Times: user=0.00 sys=0.00, real=0.00 secs] 
2019-01-02T11:13:57.099+0530: 904.999: [GC (Allocation Failure) 2019-01-02T11:13:57.099+0530: 904.999: [DefNew
Desired survivor size 32768 bytes, new threshold 15 (max 15)
- age   1:         40 bytes,         40 total
- age   3:        184 bytes,        224 total
- age   9:         16 bytes,        240 total
- age  15:         16 bytes,        256 total
: 896K->0K(960K), 0.0014243 secs] 6979K->6659K(10176K), 0.0016563 secs] [Times: user=0.00 sys=0.00, real=0.00 secs] 
2019-01-02T11:13:57.102+0530: 905.002: [GC (Allocation Failure) 2019-01-02T11:13:57.102+0530: 905.002: [DefNew
Desired survivor size 32768 bytes, new threshold 15 (max 15)
- age   1:         24 bytes,         24 total
- age   4:        184 bytes,        208 total
- age  10:         16 bytes,        224 total
: 498K->0K(960K), 0.0002646 secs] 7158K->6659K(10176K), 0.0003398 secs] [Times: user=0.00 sys=0.00, real=0.00 secs] 
2019-01-02T11:13:57.103+0530: 905.003: [GC (Allocation Failure) 2019-01-02T11:13:57.103+0530: 905.003: [DefNew
Desired survivor size 32768 bytes, new threshold 15 (max 15)
- age   2:         24 bytes,         24 total
- age   5:        184 bytes,        208 total
- age  11:         16 bytes,        224 total
: 513K->0K(960K), 0.0010468 secs] 7172K->7172K(10176K), 0.0012099 secs] [Times: user=0.00 sys=0.00, real=0.00 secs] 
2019-01-02T11:13:57.105+0530: 905.005: [GC (Allocation Failure) 2019-01-02T11:13:57.105+0530: 905.005: [DefNew
Desired survivor size 32768 bytes, new threshold 15 (max 15)
- age   1:         24 bytes,         24 total
- age   6:         72 bytes,         96 total
- age  12:         16 bytes,        112 total
: 530K->0K(960K), 0.0005474 secs] 7702K->7685K(10176K), 0.0006654 secs] [Times: user=0.00 sys=0.00, real=0.00 secs] 
2019-01-02T11:13:57.169+0530: 905.069: [GC (Allocation Failure) 2019-01-02T11:13:57.169+0530: 905.069: [DefNew
Desired survivor size 32768 bytes, new threshold 15 (max 15)
- age   1:        248 bytes,        248 total
- age   7:         16 bytes,        264 total
- age  13:         16 bytes,        280 total
: 884K->0K(960K), 0.0009721 secs] 8569K->7757K(10176K), 0.0012783 secs] [Times: user=0.00 sys=0.00, real=0.00 secs] 
2019-01-02T11:13:57.173+0530: 905.073: [GC (Allocation Failure) 2019-01-02T11:13:57.173+0530: 905.073: [DefNew
Desired survivor size 32768 bytes, new threshold 15 (max 15)
- age   2:        184 bytes,        184 total
- age   8:         16 bytes,        200 total
- age  14:         16 bytes,        216 total
: 896K->0K(960K), 0.0009088 secs] 8653K->8045K(10176K), 0.0012122 secs] [Times: user=0.00 sys=0.00, real=0.00 secs] 
2019-01-02T11:13:57.176+0530: 905.075: [GC (Allocation Failure) 2019-01-02T11:13:57.176+0530: 905.075: [DefNew
Desired survivor size 32768 bytes, new threshold 15 (max 15)
- age   3:        184 bytes,        184 total
- age   9:         16 bytes,        200 total
- age  15:         16 bytes,        216 total
: 896K->0K(960K), 0.0008290 secs] 8941K->8621K(10176K), 0.0009596 secs] [Times: user=0.00 sys=0.00, real=0.00 secs] 
2019-01-02T11:13:57.178+0530: 905.077: [GC (Allocation Failure) 2019-01-02T11:13:57.178+0530: 905.077: [DefNew
Desired survivor size 32768 bytes, new threshold 15 (max 15)
- age   1:         24 bytes,         24 total
- age   4:        184 bytes,        208 total
- age  10:         16 bytes,        224 total
: 497K->0K(960K), 0.0002492 secs] 9119K->8621K(10176K), 0.0003193 secs] [Times: user=0.00 sys=0.00, real=0.00 secs] 
2019-01-02T11:13:57.178+0530: 905.078: [GC (Allocation Failure) 2019-01-02T11:13:57.179+0530: 905.078: [DefNew
Desired survivor size 32768 bytes, new threshold 15 (max 15)
- age   2:         24 bytes,         24 total
- age   5:        184 bytes,        208 total
- age  11:         16 bytes,        224 total
: 513K->0K(960K), 0.0003164 secs] 9134K->9134K(10176K), 0.0003940 secs] [Times: user=0.00 sys=0.00, real=0.00 secs] 
2019-01-02T11:13:57.179+0530: 905.079: [GC (Allocation Failure) 2019-01-02T11:13:57.179+0530: 905.079: [DefNew: 530K->530K(960K), 0.0000274 secs]2019-01-02T11:13:57.179+0530: 905.079: [Tenured: 9134K->1287K(9216K), 0.0039774 secs] 9664K->1287K(10176K), [Metaspace: 2520K->2520K(1056768K)], 0.0041308 secs] [Times: user=0.00 sys=0.00, real=0.00 secs] 
2019-01-02T11:13:57.243+0530: 905.142: [GC (Allocation Failure) 2019-01-02T11:13:57.243+0530: 905.143: [DefNew
Desired survivor size 32768 bytes, new threshold 15 (max 15)
- age   1:        248 bytes,        248 total
: 868K->0K(960K), 0.0010451 secs] 2155K->1872K(10176K), 0.0012008 secs] [Times: user=0.00 sys=0.00, real=0.00 secs] 
2019-01-02T11:13:57.246+0530: 905.145: [GC (Allocation Failure) 2019-01-02T11:13:57.246+0530: 905.145: [DefNew
Desired survivor size 32768 bytes, new threshold 15 (max 15)
- age   1:         40 bytes,         40 total
- age   2:        184 bytes,        224 total
: 896K->0K(960K), 0.0008473 secs] 2768K->2160K(10176K), 0.0010491 secs] [Times: user=0.00 sys=0.00, real=0.00 secs] 
2019-01-02T11:13:57.248+0530: 905.148: [GC (Allocation Failure) 2019-01-02T11:13:57.249+0530: 905.148: [DefNew
Desired survivor size 32768 bytes, new threshold 15 (max 15)
- age   1:         40 bytes,         40 total
- age   3:        184 bytes,        224 total
: 896K->0K(960K), 0.0012025 secs] 3056K->2736K(10176K), 0.0016649 secs] [Times: user=0.00 sys=0.01, real=0.00 secs] 
2019-01-02T11:13:57.252+0530: 905.152: [GC (Allocation Failure) 2019-01-02T11:13:57.252+0530: 905.152: [DefNew
Desired survivor size 32768 bytes, new threshold 15 (max 15)
- age   1:         24 bytes,         24 total
- age   4:        184 bytes,        208 total
: 499K->0K(960K), 0.0002720 secs] 3235K->2736K(10176K), 0.0003598 secs] [Times: user=0.00 sys=0.00, real=0.00 secs] 
2019-01-02T11:13:57.253+0530: 905.152: [GC (Allocation Failure) 2019-01-02T11:13:57.253+0530: 905.152: [DefNew
Desired survivor size 32768 bytes, new threshold 15 (max 15)
- age   2:         24 bytes,         24 total
- age   5:        184 bytes,        208 total
: 513K->0K(960K), 0.0003170 secs] 3249K->3249K(10176K), 0.0003923 secs] [Times: user=0.00 sys=0.00, real=0.00 secs] 
2019-01-02T11:13:57.253+0530: 905.153: [GC (Allocation Failure) 2019-01-02T11:13:57.253+0530: 905.153: [DefNew
Desired survivor size 32768 bytes, new threshold 15 (max 15)
- age   1:         24 bytes,         24 total
- age   6:         72 bytes,         96 total
: 530K->0K(960K), 0.0003261 secs] 3779K->3762K(10176K), 0.0003980 secs] [Times: user=0.00 sys=0.00, real=0.00 secs] 
2019-01-02T11:13:57.314+0530: 905.213: [GC (Allocation Failure) 2019-01-02T11:13:57.314+0530: 905.214: [DefNew
Desired survivor size 32768 bytes, new threshold 15 (max 15)
- age   1:        248 bytes,        248 total
- age   7:         16 bytes,        264 total
: 884K->0K(960K), 0.0011620 secs] 4646K->3834K(10176K), 0.0014317 secs] [Times: user=0.00 sys=0.00, real=0.00 secs] 
2019-01-02T11:13:57.318+0530: 905.218: [GC (Allocation Failure) 2019-01-02T11:13:57.318+0530: 905.218: [DefNew
Desired survivor size 32768 bytes, new threshold 15 (max 15)
- age   2:        184 bytes,        184 total
- age   8:         16 bytes,        200 total
: 896K->0K(960K), 0.0008934 secs] 4730K->4122K(10176K), 0.0011631 secs] [Times: user=0.00 sys=0.00, real=0.00 secs] 
2019-01-02T11:13:57.321+0530: 905.221: [GC (Allocation Failure) 2019-01-02T11:13:57.321+0530: 905.221: [DefNew
Desired survivor size 32768 bytes, new threshold 15 (max 15)
- age   3:        184 bytes,        184 total
- age   9:         16 bytes,        200 total
: 896K->0K(960K), 0.0005257 secs] 5018K->4698K(10176K), 0.0006431 secs] [Times: user=0.00 sys=0.00, real=0.00 secs] 
2019-01-02T11:13:57.323+0530: 905.223: [GC (Allocation Failure) 2019-01-02T11:13:57.323+0530: 905.223: [DefNew
Desired survivor size 32768 bytes, new threshold 15 (max 15)
- age   1:         24 bytes,         24 total
- age   4:        184 bytes,        208 total
- age  10:         16 bytes,        224 total
: 497K->0K(960K), 0.0005627 secs] 5195K->4698K(10176K), 0.0006734 secs] [Times: user=0.00 sys=0.00, real=0.00 secs] 
2019-01-02T11:13:57.324+0530: 905.224: [GC (Allocation Failure) 2019-01-02T11:13:57.324+0530: 905.224: [DefNew
Desired survivor size 32768 bytes, new threshold 15 (max 15)
- age   2:         24 bytes,         24 total
- age   5:        184 bytes,        208 total
- age  11:         16 bytes,        224 total
: 513K->0K(960K), 0.0007002 secs] 5211K->5211K(10176K), 0.0007874 secs] [Times: user=0.00 sys=0.00, real=0.00 secs] 
2019-01-02T11:13:57.326+0530: 905.225: [GC (Allocation Failure) 2019-01-02T11:13:57.326+0530: 905.225: [DefNew
Desired survivor size 32768 bytes, new threshold 15 (max 15)
- age   1:         24 bytes,         24 total
- age   6:         72 bytes,         96 total
- age  12:         16 bytes,        112 total
: 531K->0K(960K), 0.0003096 secs] 5741K->5723K(10176K), 0.0003809 secs] [Times: user=0.00 sys=0.00, real=0.00 secs] 
2019-01-02T11:13:57.386+0530: 905.285: [GC (Allocation Failure) 2019-01-02T11:13:57.386+0530: 905.286: [DefNew
Desired survivor size 32768 bytes, new threshold 15 (max 15)
- age   1:        248 bytes,        248 total
- age   7:         16 bytes,        264 total
- age  13:         16 bytes,        280 total
: 868K->0K(960K), 0.0008974 secs] 6592K->5796K(10176K), 0.0011808 secs] [Times: user=0.00 sys=0.00, real=0.00 secs] 
2019-01-02T11:13:57.389+0530: 905.289: [GC (Allocation Failure) 2019-01-02T11:13:57.389+0530: 905.289: [DefNew
Desired survivor size 32768 bytes, new threshold 15 (max 15)
- age   1:         40 bytes,         40 total
- age   2:        184 bytes,        224 total
- age   8:         16 bytes,        240 total
- age  14:         16 bytes,        256 total
: 896K->0K(960K), 0.0009430 secs] 6692K->6084K(10176K), 0.0012355 secs] [Times: user=0.00 sys=0.00, real=0.00 secs] 
2019-01-02T11:13:57.392+0530: 905.292: [GC (Allocation Failure) 2019-01-02T11:13:57.392+0530: 905.292: [DefNew
Desired survivor size 32768 bytes, new threshold 15 (max 15)
- age   1:         40 bytes,         40 total
- age   3:        184 bytes,        224 total
- age   9:         16 bytes,        240 total
- age  15:         16 bytes,        256 total
: 896K->0K(960K), 0.0009710 secs] 6980K->6660K(10176K), 0.0011335 secs] [Times: user=0.00 sys=0.00, real=0.00 secs] 
2019-01-02T11:13:57.394+0530: 905.294: [GC (Allocation Failure) 2019-01-02T11:13:57.394+0530: 905.294: [DefNew
Desired survivor size 32768 bytes, new threshold 15 (max 15)
- age   1:         24 bytes,         24 total
- age   4:        184 bytes,        208 total
- age  10:         16 bytes,        224 total
: 499K->0K(960K), 0.0002543 secs] 7158K->6660K(10176K), 0.0003256 secs] [Times: user=0.00 sys=0.00, real=0.00 secs] 
2019-01-02T11:13:57.395+0530: 905.295: [GC (Allocation Failure) 2019-01-02T11:13:57.395+0530: 905.295: [DefNew
Desired survivor size 32768 bytes, new threshold 15 (max 15)
- age   2:         24 bytes,         24 total
- age   5:        184 bytes,        208 total
- age  11:         16 bytes,        224 total
: 513K->0K(960K), 0.0003130 secs] 7173K->7173K(10176K), 0.0003820 secs] [Times: user=0.00 sys=0.00, real=0.00 secs] 
2019-01-02T11:13:57.396+0530: 905.295: [GC (Allocation Failure) 2019-01-02T11:13:57.396+0530: 905.296: [DefNew
Desired survivor size 32768 bytes, new threshold 15 (max 15)
- age   1:         24 bytes,         24 total
- age   6:         72 bytes,         96 total
- age  12:         16 bytes,        112 total
: 530K->0K(960K), 0.0003170 secs] 7703K->7685K(10176K), 0.0003883 secs] [Times: user=0.00 sys=0.00, real=0.00 secs] 
2019-01-02T11:13:57.460+0530: 905.359: [GC (Allocation Failure) 2019-01-02T11:13:57.460+0530: 905.360: [DefNew
Desired survivor size 32768 bytes, new threshold 15 (max 15)
- age   1:        248 bytes,        248 total
- age   7:         16 bytes,        264 total
- age  13:         16 bytes,        280 total
: 884K->0K(960K), 0.0006089 secs] 8570K->7758K(10176K), 0.0007902 secs] [Times: user=0.00 sys=0.00, real=0.00 secs] 
2019-01-02T11:13:57.462+0530: 905.362: [GC (Allocation Failure) 2019-01-02T11:13:57.463+0530: 905.362: [DefNew
Desired survivor size 32768 bytes, new threshold 15 (max 15)
- age   2:        184 bytes,        184 total
- age   8:         16 bytes,        200 total
- age  14:         16 bytes,        216 total
: 896K->0K(960K), 0.0013159 secs] 8654K->8046K(10176K), 0.0016654 secs] [Times: user=0.00 sys=0.00, real=0.00 secs] 
2019-01-02T11:13:57.466+0530: 905.365: [GC (Allocation Failure) 2019-01-02T11:13:57.466+0530: 905.365: [DefNew
Desired survivor size 32768 bytes, new threshold 15 (max 15)
- age   3:        184 bytes,        184 total
- age   9:         16 bytes,        200 total
- age  15:         16 bytes,        216 total
: 896K->0K(960K), 0.0011779 secs] 8942K->8622K(10176K), 0.0014522 secs] [Times: user=0.00 sys=0.02, real=0.00 secs] 
2019-01-02T11:13:57.468+0530: 905.368: [GC (Allocation Failure) 2019-01-02T11:13:57.468+0530: 905.368: [DefNew
Desired survivor size 32768 bytes, new threshold 15 (max 15)
- age   1:         24 bytes,         24 total
- age   4:        184 bytes,        208 total
- age  10:         16 bytes,        224 total
: 515K->0K(960K), 0.0002583 secs] 9137K->8622K(10176K), 0.0003290 secs] [Times: user=0.00 sys=0.00, real=0.00 secs] 
2019-01-02T11:13:57.469+0530: 905.369: [GC (Allocation Failure) 2019-01-02T11:13:57.469+0530: 905.369: [DefNew
Desired survivor size 32768 bytes, new threshold 15 (max 15)
- age   2:         24 bytes,         24 total
- age   5:        184 bytes,        208 total
- age  11:         16 bytes,        224 total
: 513K->0K(960K), 0.0003216 secs] 9135K->9135K(10176K), 0.0003900 secs] [Times: user=0.00 sys=0.00, real=0.00 secs] 
2019-01-02T11:13:57.470+0530: 905.369: [GC (Allocation Failure) 2019-01-02T11:13:57.470+0530: 905.369: [DefNew: 530K->530K(960K), 0.0000353 secs]2019-01-02T11:13:57.470+0530: 905.370: [Tenured: 9134K->1287K(9216K), 0.0057803 secs] 9665K->1287K(10176K), [Metaspace: 2520K->2520K(1056768K)], 0.0060311 secs] [Times: user=0.00 sys=0.00, real=0.01 secs] 
2019-01-02T11:13:57.535+0530: 905.434: [GC (Allocation Failure) 2019-01-02T11:13:57.535+0530: 905.435: [DefNew
Desired survivor size 32768 bytes, new threshold 15 (max 15)
- age   1:        248 bytes,        248 total
: 884K->0K(960K), 0.0010200 secs] 2171K->1872K(10176K), 0.0012361 secs] [Times: user=0.00 sys=0.00, real=0.00 secs] 
2019-01-02T11:13:57.538+0530: 905.437: [GC (Allocation Failure) 2019-01-02T11:13:57.538+0530: 905.438: [DefNew
Desired survivor size 32768 bytes, new threshold 15 (max 15)
- age   1:         40 bytes,         40 total
- age   2:        184 bytes,        224 total
: 896K->0K(960K), 0.0010183 secs] 2768K->2160K(10176K), 0.0012566 secs] [Times: user=0.00 sys=0.00, real=0.00 secs] 
2019-01-02T11:13:57.541+0530: 905.441: [GC (Allocation Failure) 2019-01-02T11:13:57.541+0530: 905.441: [DefNew
Desired survivor size 32768 bytes, new threshold 15 (max 15)
- age   1:         40 bytes,         40 total
- age   3:        184 bytes,        224 total
: 896K->0K(960K), 0.0004464 secs] 3056K->2736K(10176K), 0.0006152 secs] [Times: user=0.00 sys=0.00, real=0.00 secs] 
2019-01-02T11:13:57.543+0530: 905.443: [GC (Allocation Failure) 2019-01-02T11:13:57.543+0530: 905.443: [DefNew
Desired survivor size 32768 bytes, new threshold 15 (max 15)
- age   1:         24 bytes,         24 total
- age   4:        184 bytes,        208 total
: 515K->0K(960K), 0.0004065 secs] 3252K->2736K(10176K), 0.0005622 secs] [Times: user=0.00 sys=0.00, real=0.00 secs] 
2019-01-02T11:13:57.544+0530: 905.444: [GC (Allocation Failure) 2019-01-02T11:13:57.544+0530: 905.444: [DefNew
Desired survivor size 32768 bytes, new threshold 15 (max 15)
- age   2:         24 bytes,         24 total
- age   5:        184 bytes,        208 total
: 513K->0K(960K), 0.0003911 secs] 3249K->3249K(10176K), 0.0004824 secs] [Times: user=0.00 sys=0.00, real=0.00 secs] 
2019-01-02T11:13:57.545+0530: 905.445: [GC (Allocation Failure) 2019-01-02T11:13:57.545+0530: 905.445: [DefNew
Desired survivor size 32768 bytes, new threshold 15 (max 15)
- age   1:         24 bytes,         24 total
- age   6:         72 bytes,         96 total
: 530K->0K(960K), 0.0003609 secs] 3780K->3762K(10176K), 0.0004493 secs] [Times: user=0.00 sys=0.00, real=0.00 secs] 
2019-01-02T11:13:57.610+0530: 905.510: [GC (Allocation Failure) 2019-01-02T11:13:57.610+0530: 905.510: [DefNew
Desired survivor size 32768 bytes, new threshold 15 (max 15)
- age   1:        248 bytes,        248 total
- age   7:         16 bytes,        264 total
: 884K->0K(960K), 0.0006272 secs] 4646K->3834K(10176K), 0.0008353 secs] [Times: user=0.00 sys=0.00, real=0.00 secs] 
2019-01-02T11:13:57.613+0530: 905.512: [GC (Allocation Failure) 2019-01-02T11:13:57.613+0530: 905.512: [DefNew
Desired survivor size 32768 bytes, new threshold 15 (max 15)
- age   1:         40 bytes,         40 total
- age   2:        184 bytes,        224 total
- age   8:         16 bytes,        240 total
: 896K->0K(960K), 0.0003341 secs] 4730K->4122K(10176K), 0.0004145 secs] [Times: user=0.00 sys=0.00, real=0.00 secs] 
2019-01-02T11:13:57.614+0530: 905.514: [GC (Allocation Failure) 2019-01-02T11:13:57.614+0530: 905.514: [DefNew
Desired survivor size 32768 bytes, new threshold 15 (max 15)
- age   3:        184 bytes,        184 total
- age   9:         16 bytes,        200 total
: 896K->0K(960K), 0.0004122 secs] 5018K->4698K(10176K), 0.0005012 secs] [Times: user=0.00 sys=0.00, real=0.00 secs] 
2019-01-02T11:13:57.616+0530: 905.516: [GC (Allocation Failure) 2019-01-02T11:13:57.616+0530: 905.516: [DefNew
Desired survivor size 32768 bytes, new threshold 15 (max 15)
- age   1:         24 bytes,         24 total
- age   4:        184 bytes,        208 total
- age  10:         16 bytes,        224 total
: 515K->0K(960K), 0.0002703 secs] 5214K->4698K(10176K), 0.0003472 secs] [Times: user=0.00 sys=0.00, real=0.00 secs] 
2019-01-02T11:13:57.617+0530: 905.516: [GC (Allocation Failure) 2019-01-02T11:13:57.617+0530: 905.516: [DefNew
Desired survivor size 32768 bytes, new threshold 15 (max 15)
- age   2:         24 bytes,         24 total
- age   5:        184 bytes,        208 total
- age  11:         16 bytes,        224 total
: 513K->0K(960K), 0.0003358 secs] 5211K->5211K(10176K), 0.0003934 secs] [Times: user=0.00 sys=0.00, real=0.00 secs] 
2019-01-02T11:13:57.617+0530: 905.517: [GC (Allocation Failure) 2019-01-02T11:13:57.617+0530: 905.517: [DefNew
Desired survivor size 32768 bytes, new threshold 15 (max 15)
- age   1:         24 bytes,         24 total
- age   6:         72 bytes,         96 total
- age  12:         16 bytes,        112 total
: 530K->0K(960K), 0.0003142 secs] 5742K->5724K(10176K), 0.0003683 secs] [Times: user=0.00 sys=0.00, real=0.00 secs] 
2019-01-02T11:13:57.679+0530: 905.578: [GC (Allocation Failure) 2019-01-02T11:13:57.679+0530: 905.578: [DefNew
Desired survivor size 32768 bytes, new threshold 15 (max 15)
- age   1:        248 bytes,        248 total
- age   7:         16 bytes,        264 total
- age  13:         16 bytes,        280 total
: 884K->0K(960K), 0.0010308 secs] 6608K->5796K(10176K), 0.0012800 secs] [Times: user=0.00 sys=0.00, real=0.00 secs] 
2019-01-02T11:13:57.682+0530: 905.582: [GC (Allocation Failure) 2019-01-02T11:13:57.682+0530: 905.582: [DefNew
Desired survivor size 32768 bytes, new threshold 15 (max 15)
- age   1:         40 bytes,         40 total
- age   2:        184 bytes,        224 total
- age   8:         16 bytes,        240 total
- age  14:         16 bytes,        256 total
: 896K->0K(960K), 0.0019043 secs] 6692K->6084K(10176K), 0.0021729 secs] [Times: user=0.00 sys=0.00, real=0.00 secs] 
2019-01-02T11:13:57.686+0530: 905.585: [GC (Allocation Failure) 2019-01-02T11:13:57.686+0530: 905.586: [DefNew
Desired survivor size 32768 bytes, new threshold 15 (max 15)
- age   3:        184 bytes,        184 total
- age   9:         16 bytes,        200 total
- age  15:         16 bytes,        216 total
: 896K->0K(960K), 0.0008039 secs] 6980K->6660K(10176K), 0.0010719 secs] [Times: user=0.00 sys=0.00, real=0.00 secs] 
2019-01-02T11:13:57.688+0530: 905.588: [GC (Allocation Failure) 2019-01-02T11:13:57.688+0530: 905.588: [DefNew
Desired survivor size 32768 bytes, new threshold 15 (max 15)
- age   1:         24 bytes,         24 total
- age   4:        184 bytes,        208 total
- age  10:         16 bytes,        224 total
: 515K->0K(960K), 0.0002623 secs] 7176K->6660K(10176K), 0.0003370 secs] [Times: user=0.00 sys=0.00, real=0.00 secs] 
2019-01-02T11:13:57.689+0530: 905.589: [GC (Allocation Failure) 2019-01-02T11:13:57.689+0530: 905.589: [DefNew
Desired survivor size 32768 bytes, new threshold 15 (max 15)
- age   2:         24 bytes,         24 total
- age   5:        184 bytes,        208 total
- age  11:         16 bytes,        224 total
: 513K->0K(960K), 0.0003290 secs] 7173K->7173K(10176K), 0.0003866 secs] [Times: user=0.00 sys=0.00, real=0.00 secs] 
2019-01-02T11:13:57.690+0530: 905.589: [GC (Allocation Failure) 2019-01-02T11:13:57.690+0530: 905.589: [DefNew
Desired survivor size 32768 bytes, new threshold 15 (max 15)
- age   1:         24 bytes,         24 total
- age   6:         72 bytes,         96 total
- age  12:         16 bytes,        112 total
: 530K->0K(960K), 0.0010377 secs] 7704K->7686K(10176K), 0.0011837 secs] [Times: user=0.00 sys=0.00, real=0.00 secs] 
2019-01-02T11:13:57.754+0530: 905.653: [GC (Allocation Failure) 2019-01-02T11:13:57.754+0530: 905.653: [DefNew
Desired survivor size 32768 bytes, new threshold 15 (max 15)
- age   1:        248 bytes,        248 total
- age   7:         16 bytes,        264 total
- age  13:         16 bytes,        280 total
: 884K->0K(960K), 0.0007041 secs] 8571K->7758K(10176K), 0.0009533 secs] [Times: user=0.00 sys=0.00, real=0.00 secs] 
2019-01-02T11:13:57.756+0530: 905.656: [GC (Allocation Failure) 2019-01-02T11:13:57.757+0530: 905.656: [DefNew
Desired survivor size 32768 bytes, new threshold 15 (max 15)
- age   1:         40 bytes,         40 total
- age   2:        184 bytes,        224 total
- age   8:         16 bytes,        240 total
- age  14:         16 bytes,        256 total
: 896K->0K(960K), 0.0007982 secs] 8654K->8046K(10176K), 0.0011187 secs] [Times: user=0.00 sys=0.00, real=0.00 secs] 
2019-01-02T11:13:57.760+0530: 905.659: [GC (Allocation Failure) 2019-01-02T11:13:57.760+0530: 905.659: [DefNew
Desired survivor size 32768 bytes, new threshold 15 (max 15)
- age   3:        184 bytes,        184 total
- age   9:         16 bytes,        200 total
- age  15:         16 bytes,        216 total
: 896K->0K(960K), 0.0007230 secs] 8942K->8622K(10176K), 0.0008319 secs] [Times: user=0.00 sys=0.00, real=0.00 secs] 
2019-01-02T11:13:57.762+0530: 905.661: [GC (Allocation Failure) 2019-01-02T11:13:57.762+0530: 905.661: [DefNew
Desired survivor size 32768 bytes, new threshold 15 (max 15)
- age   1:         24 bytes,         24 total
- age   4:        184 bytes,        208 total
- age  10:         16 bytes,        224 total
: 515K->0K(960K), 0.0004943 secs] 9138K->8622K(10176K), 0.0005878 secs] [Times: user=0.00 sys=0.00, real=0.00 secs] 
2019-01-02T11:13:57.763+0530: 905.663: [GC (Allocation Failure) 2019-01-02T11:13:57.763+0530: 905.663: [DefNew
Desired survivor size 32768 bytes, new threshold 15 (max 15)
- age   2:         24 bytes,         24 total
- age   5:        184 bytes,        208 total
- age  11:         16 bytes,        224 total
: 513K->0K(960K), 0.0004094 secs] 9135K->9135K(10176K), 0.0004869 secs] [Times: user=0.00 sys=0.00, real=0.00 secs] 
2019-01-02T11:13:57.764+0530: 905.663: [GC (Allocation Failure) 2019-01-02T11:13:57.764+0530: 905.663: [DefNew: 530K->530K(960K), 0.0000239 secs]2019-01-02T11:13:57.764+0530: 905.663: [Tenured: 9135K->1287K(9216K), 0.0037026 secs] 9666K->1287K(10176K), [Metaspace: 2520K->2520K(1056768K)], 0.0038349 secs] [Times: user=0.00 sys=0.00, real=0.00 secs] 
2019-01-02T11:13:57.823+0530: 905.723: [GC (Allocation Failure) 2019-01-02T11:13:57.823+0530: 905.723: [DefNew
Desired survivor size 32768 bytes, new threshold 15 (max 15)
- age   1:        248 bytes,        248 total
: 884K->0K(960K), 0.0020788 secs] 2171K->1872K(10176K), 0.0024237 secs] [Times: user=0.00 sys=0.00, real=0.00 secs] 
2019-01-02T11:13:57.829+0530: 905.729: [GC (Allocation Failure) 2019-01-02T11:13:57.829+0530: 905.729: [DefNew
Desired survivor size 32768 bytes, new threshold 15 (max 15)
- age   1:         40 bytes,         40 total
- age   2:        184 bytes,        224 total
: 896K->0K(960K), 0.0010343 secs] 2768K->2160K(10176K), 0.0012122 secs] [Times: user=0.00 sys=0.00, real=0.00 secs] 
2019-01-02T11:13:57.832+0530: 905.732: [GC (Allocation Failure) 2019-01-02T11:13:57.832+0530: 905.732: [DefNew
Desired survivor size 32768 bytes, new threshold 15 (max 15)
- age   3:        184 bytes,        184 total
: 896K->0K(960K), 0.0012447 secs] 3056K->2736K(10176K), 0.0014664 secs] [Times: user=0.00 sys=0.00, real=0.00 secs] 
2019-01-02T11:13:57.835+0530: 905.735: [GC (Allocation Failure) 2019-01-02T11:13:57.835+0530: 905.735: [DefNew
Desired survivor size 32768 bytes, new threshold 15 (max 15)
- age   1:         24 bytes,         24 total
- age   4:        184 bytes,        208 total
: 515K->0K(960K), 0.0003085 secs] 3252K->2736K(10176K), 0.0004060 secs] [Times: user=0.00 sys=0.00, real=0.00 secs] 
2019-01-02T11:13:57.836+0530: 905.735: [GC (Allocation Failure) 2019-01-02T11:13:57.836+0530: 905.735: [DefNew
Desired survivor size 32768 bytes, new threshold 15 (max 15)
- age   2:         24 bytes,         24 total
- age   5:        184 bytes,        208 total
: 513K->0K(960K), 0.0003392 secs] 3249K->3249K(10176K), 0.0004117 secs] [Times: user=0.00 sys=0.00, real=0.00 secs] 
2019-01-02T11:13:57.836+0530: 905.736: [GC (Allocation Failure) 2019-01-02T11:13:57.836+0530: 905.736: [DefNew
Desired survivor size 32768 bytes, new threshold 15 (max 15)
- age   1:         24 bytes,         24 total
- age   6:         72 bytes,         96 total
: 530K->0K(960K), 0.0003159 secs] 3780K->3762K(10176K), 0.0003951 secs] [Times: user=0.00 sys=0.00, real=0.00 secs] 
2019-01-02T11:13:57.895+0530: 905.795: [GC (Allocation Failure) 2019-01-02T11:13:57.895+0530: 905.795: [DefNew
Desired survivor size 32768 bytes, new threshold 15 (max 15)
- age   1:        248 bytes,        248 total
- age   7:         16 bytes,        264 total
: 884K->0K(960K), 0.0005656 secs] 4647K->3835K(10176K), 0.0006956 secs] [Times: user=0.00 sys=0.00, real=0.00 secs] 
2019-01-02T11:13:57.897+0530: 905.797: [GC (Allocation Failure) 2019-01-02T11:13:57.897+0530: 905.797: [DefNew
Desired survivor size 32768 bytes, new threshold 15 (max 15)
- age   1:         40 bytes,         40 total
- age   2:        184 bytes,        224 total
- age   8:         16 bytes,        240 total
: 896K->0K(960K), 0.0007600 secs] 4731K->4123K(10176K), 0.0008450 secs] [Times: user=0.00 sys=0.00, real=0.00 secs] 
2019-01-02T11:13:57.899+0530: 905.799: [GC (Allocation Failure) 2019-01-02T11:13:57.900+0530: 905.799: [DefNew
Desired survivor size 32768 bytes, new threshold 15 (max 15)
- age   3:        184 bytes,        184 total
- age   9:         16 bytes,        200 total
: 896K->0K(960K), 0.0014556 secs] 5019K->4698K(10176K), 0.0017641 secs] [Times: user=0.00 sys=0.00, real=0.00 secs] 
2019-01-02T11:13:57.903+0530: 905.802: [GC (Allocation Failure) 2019-01-02T11:13:57.903+0530: 905.803: [DefNew
Desired survivor size 32768 bytes, new threshold 15 (max 15)
- age   1:         24 bytes,         24 total
- age   4:        184 bytes,        208 total
- age  10:         16 bytes,        224 total
: 515K->0K(960K), 0.0007709 secs] 5214K->4699K(10176K), 0.0010263 secs] [Times: user=0.00 sys=0.00, real=0.00 secs] 
2019-01-02T11:13:57.905+0530: 905.805: [GC (Allocation Failure) 2019-01-02T11:13:57.905+0530: 905.805: [DefNew
Desired survivor size 32768 bytes, new threshold 15 (max 15)
- age   2:         24 bytes,         24 total
- age   5:        184 bytes,        208 total
- age  11:         16 bytes,        224 total
: 513K->0K(960K), 0.0013479 secs] 5212K->5212K(10176K), 0.0015531 secs] [Times: user=0.00 sys=0.00, real=0.00 secs] 
2019-01-02T11:13:57.907+0530: 905.807: [GC (Allocation Failure) 2019-01-02T11:13:57.907+0530: 905.807: [DefNew
Desired survivor size 32768 bytes, new threshold 15 (max 15)
- age   1:         24 bytes,         24 total
- age   6:         72 bytes,         96 total
- age  12:         16 bytes,        112 total
: 530K->0K(960K), 0.0003506 secs] 5742K->5725K(10176K), 0.0004373 secs] [Times: user=0.00 sys=0.00, real=0.00 secs] 
2019-01-02T11:13:57.965+0530: 905.864: [GC (Allocation Failure) 2019-01-02T11:13:57.965+0530: 905.865: [DefNew
Desired survivor size 32768 bytes, new threshold 15 (max 15)
- age   1:        248 bytes,        248 total
- age   7:         16 bytes,        264 total
- age  13:         16 bytes,        280 total
: 884K->0K(960K), 0.0010257 secs] 6609K->5797K(10176K), 0.0013490 secs] [Times: user=0.00 sys=0.00, real=0.00 secs] 
2019-01-02T11:13:57.968+0530: 905.867: [GC (Allocation Failure) 2019-01-02T11:13:57.968+0530: 905.868: [DefNew
Desired survivor size 32768 bytes, new threshold 15 (max 15)
- age   1:         40 bytes,         40 total
- age   2:        184 bytes,        224 total
- age   8:         16 bytes,        240 total
- age  14:         16 bytes,        256 total
: 896K->0K(960K), 0.0006488 secs] 6693K->6085K(10176K), 0.0008467 secs] [Times: user=0.00 sys=0.00, real=0.00 secs] 
2019-01-02T11:13:57.970+0530: 905.870: [GC (Allocation Failure) 2019-01-02T11:13:57.970+0530: 905.870: [DefNew
Desired survivor size 32768 bytes, new threshold 15 (max 15)
- age   3:        184 bytes,        184 total
- age   9:         16 bytes,        200 total
- age  15:         16 bytes,        216 total
: 896K->0K(960K), 0.0011215 secs] 6981K->6661K(10176K), 0.0014083 secs] [Times: user=0.00 sys=0.00, real=0.00 secs] 
2019-01-02T11:13:57.973+0530: 905.873: [GC (Allocation Failure) 2019-01-02T11:13:57.973+0530: 905.873: [DefNew
Desired survivor size 32768 bytes, new threshold 15 (max 15)
- age   1:         24 bytes,         24 total
- age   4:        184 bytes,        208 total
- age  10:         16 bytes,        224 total
: 515K->0K(960K), 0.0002931 secs] 7176K->6661K(10176K), 0.0004983 secs] [Times: user=0.00 sys=0.00, real=0.00 secs] 
2019-01-02T11:13:57.974+0530: 905.874: [GC (Allocation Failure) 2019-01-02T11:13:57.974+0530: 905.874: [DefNew
Desired survivor size 32768 bytes, new threshold 15 (max 15)
- age   2:         24 bytes,         24 total
- age   5:        184 bytes,        208 total
- age  11:         16 bytes,        224 total
: 513K->0K(960K), 0.0003461 secs] 7174K->7174K(10176K), 0.0004111 secs] [Times: user=0.00 sys=0.00, real=0.00 secs] 
2019-01-02T11:13:57.975+0530: 905.874: [GC (Allocation Failure) 2019-01-02T11:13:57.975+0530: 905.874: [DefNew
Desired survivor size 32768 bytes, new threshold 15 (max 15)
- age   1:         24 bytes,         24 total
- age   6:         72 bytes,         96 total
- age  12:         16 bytes,        112 total
: 530K->0K(960K), 0.0009356 secs] 7705K->7687K(10176K), 0.0010622 secs] [Times: user=0.00 sys=0.00, real=0.00 secs] 
2019-01-02T11:13:58.032+0530: 905.932: [GC (Allocation Failure) 2019-01-02T11:13:58.032+0530: 905.932: [DefNew
Desired survivor size 32768 bytes, new threshold 15 (max 15)
- age   1:        248 bytes,        248 total
- age   7:         16 bytes,        264 total
- age  13:         16 bytes,        280 total
: 884K->0K(960K), 0.0009978 secs] 8571K->7759K(10176K), 0.0014590 secs] [Times: user=0.00 sys=0.00, real=0.00 secs] 
2019-01-02T11:13:58.035+0530: 905.935: [GC (Allocation Failure) 2019-01-02T11:13:58.035+0530: 905.935: [DefNew
Desired survivor size 32768 bytes, new threshold 15 (max 15)
- age   1:         40 bytes,         40 total
- age   2:        184 bytes,        224 total
- age   8:         16 bytes,        240 total
- age  14:         16 bytes,        256 total
: 896K->0K(960K), 0.0005884 secs] 8655K->8047K(10176K), 0.0007897 secs] [Times: user=0.00 sys=0.00, real=0.00 secs] 
2019-01-02T11:13:58.038+0530: 905.937: [GC (Allocation Failure) 2019-01-02T11:13:58.038+0530: 905.937: [DefNew
Desired survivor size 32768 bytes, new threshold 15 (max 15)
- age   3:        184 bytes,        184 total
- age   9:         16 bytes,        200 total
- age  15:         16 bytes,        216 total
: 896K->0K(960K), 0.0012304 secs] 8943K->8623K(10176K), 0.0013883 secs] [Times: user=0.00 sys=0.00, real=0.00 secs] 
2019-01-02T11:13:58.041+0530: 905.940: [GC (Allocation Failure) 2019-01-02T11:13:58.041+0530: 905.940: [DefNew
Desired survivor size 32768 bytes, new threshold 15 (max 15)
- age   1:         24 bytes,         24 total
- age   4:        184 bytes,        208 total
- age  10:         16 bytes,        224 total
: 515K->0K(960K), 0.0002902 secs] 9139K->8623K(10176K), 0.0004151 secs] [Times: user=0.00 sys=0.00, real=0.00 secs] 
2019-01-02T11:13:58.041+0530: 905.941: [GC (Allocation Failure) 2019-01-02T11:13:58.041+0530: 905.941: [DefNew
Desired survivor size 32768 bytes, new threshold 15 (max 15)
- age   2:         24 bytes,         24 total
- age   5:        184 bytes,        208 total
- age  11:         16 bytes,        224 total
: 513K->0K(960K), 0.0003581 secs] 9136K->9136K(10176K), 0.0004305 secs] [Times: user=0.00 sys=0.00, real=0.00 secs] 
2019-01-02T11:13:58.043+0530: 905.943: [GC (Allocation Failure) 2019-01-02T11:13:58.043+0530: 905.943: [DefNew: 531K->531K(960K), 0.0000758 secs]2019-01-02T11:13:58.043+0530: 905.943: [Tenured: 9136K->1287K(9216K), 0.0054861 secs] 9667K->1287K(10176K), [Metaspace: 2520K->2520K(1056768K)], 0.0057831 secs] [Times: user=0.02 sys=0.00, real=0.01 secs] 
2019-01-02T11:13:58.105+0530: 906.005: [GC (Allocation Failure) 2019-01-02T11:13:58.105+0530: 906.005: [DefNew
Desired survivor size 32768 bytes, new threshold 15 (max 15)
- age   1:        248 bytes,        248 total
: 884K->0K(960K), 0.0011255 secs] 2172K->1873K(10176K), 0.0014590 secs] [Times: user=0.02 sys=0.00, real=0.00 secs] 
2019-01-02T11:13:58.109+0530: 906.008: [GC (Allocation Failure) 2019-01-02T11:13:58.109+0530: 906.009: [DefNew
Desired survivor size 32768 bytes, new threshold 15 (max 15)
- age   1:         40 bytes,         40 total
- age   2:        184 bytes,        224 total
: 896K->0K(960K), 0.0008991 secs] 2769K->2161K(10176K), 0.0013376 secs] [Times: user=0.00 sys=0.00, real=0.00 secs] 
2019-01-02T11:13:58.113+0530: 906.012: [GC (Allocation Failure) 2019-01-02T11:13:58.113+0530: 906.012: [DefNew
Desired survivor size 32768 bytes, new threshold 15 (max 15)
- age   3:        184 bytes,        184 total
: 896K->0K(960K), 0.0007840 secs] 3057K->2736K(10176K), 0.0008894 secs] [Times: user=0.00 sys=0.00, real=0.00 secs] 
2019-01-02T11:13:58.115+0530: 906.015: [GC (Allocation Failure) 2019-01-02T11:13:58.115+0530: 906.015: [DefNew
Desired survivor size 32768 bytes, new threshold 15 (max 15)
- age   1:         24 bytes,         24 total
- age   4:        184 bytes,        208 total
: 515K->0K(960K), 0.0005776 secs] 3252K->2737K(10176K), 0.0007389 secs] [Times: user=0.00 sys=0.00, real=0.00 secs] 
2019-01-02T11:13:58.116+0530: 906.016: [GC (Allocation Failure) 2019-01-02T11:13:58.116+0530: 906.016: [DefNew
Desired survivor size 32768 bytes, new threshold 15 (max 15)
- age   2:         24 bytes,         24 total
- age   5:        184 bytes,        208 total
: 513K->0K(960K), 0.0003159 secs] 3250K->3250K(10176K), 0.0003843 secs] [Times: user=0.00 sys=0.00, real=0.00 secs] 
2019-01-02T11:13:58.117+0530: 906.017: [GC (Allocation Failure) 2019-01-02T11:13:58.117+0530: 906.017: [DefNew
Desired survivor size 32768 bytes, new threshold 15 (max 15)
- age   1:         24 bytes,         24 total
- age   6:         72 bytes,         96 total
: 531K->0K(960K), 0.0003096 secs] 3780K->3763K(10176K), 0.0003797 secs] [Times: user=0.00 sys=0.00, real=0.00 secs] 
2019-01-02T11:13:58.173+0530: 906.073: [GC (Allocation Failure) 2019-01-02T11:13:58.173+0530: 906.073: [DefNew
Desired survivor size 32768 bytes, new threshold 15 (max 15)
- age   1:        248 bytes,        248 total
- age   7:         16 bytes,        264 total
: 884K->0K(960K), 0.0007349 secs] 4647K->3835K(10176K), 0.0010770 secs] [Times: user=0.00 sys=0.00, real=0.00 secs] 
2019-01-02T11:13:58.176+0530: 906.076: [GC (Allocation Failure) 2019-01-02T11:13:58.177+0530: 906.076: [DefNew
Desired survivor size 32768 bytes, new threshold 15 (max 15)
- age   1:         40 bytes,         40 total
- age   2:        184 bytes,        224 total
- age   8:         16 bytes,        240 total
: 896K->0K(960K), 0.0008256 secs] 4731K->4123K(10176K), 0.0012093 secs] [Times: user=0.00 sys=0.00, real=0.00 secs] 
2019-01-02T11:13:58.180+0530: 906.080: [GC (Allocation Failure) 2019-01-02T11:13:58.180+0530: 906.080: [DefNew
Desired survivor size 32768 bytes, new threshold 15 (max 15)
- age   3:        184 bytes,        184 total
- age   9:         16 bytes,        200 total
: 896K->0K(960K), 0.0011130 secs] 5019K->4699K(10176K), 0.0013695 secs] [Times: user=0.00 sys=0.00, real=0.00 secs] 
2019-01-02T11:13:58.183+0530: 906.082: [GC (Allocation Failure) 2019-01-02T11:13:58.183+0530: 906.082: [DefNew
Desired survivor size 32768 bytes, new threshold 15 (max 15)
- age   1:         24 bytes,         24 total
- age   4:        184 bytes,        208 total
- age  10:         16 bytes,        224 total
: 515K->0K(960K), 0.0005308 secs] 5214K->4699K(10176K), 0.0006346 secs] [Times: user=0.00 sys=0.00, real=0.00 secs] 
2019-01-02T11:13:58.184+0530: 906.084: [GC (Allocation Failure) 2019-01-02T11:13:58.184+0530: 906.084: [DefNew
Desired survivor size 32768 bytes, new threshold 15 (max 15)
- age   2:         24 bytes,         24 total
- age   5:        184 bytes,        208 total
- age  11:         16 bytes,        224 total
: 513K->0K(960K), 0.0003546 secs] 5212K->5212K(10176K), 0.0004350 secs] [Times: user=0.00 sys=0.00, real=0.00 secs] 
2019-01-02T11:13:58.185+0530: 906.084: [GC (Allocation Failure) 2019-01-02T11:13:58.185+0530: 906.084: [DefNew
Desired survivor size 32768 bytes, new threshold 15 (max 15)
- age   1:         24 bytes,         24 total
- age   6:         72 bytes,         96 total
- age  12:         16 bytes,        112 total
: 531K->0K(960K), 0.0003581 secs] 5743K->5725K(10176K), 0.0004464 secs] [Times: user=0.00 sys=0.00, real=0.00 secs] 
2019-01-02T11:13:58.245+0530: 906.145: [GC (Allocation Failure) 2019-01-02T11:13:58.246+0530: 906.145: [DefNew
Desired survivor size 32768 bytes, new threshold 15 (max 15)
- age   1:        248 bytes,        248 total
- age   7:         16 bytes,        264 total
- age  13:         16 bytes,        280 total
: 884K->0K(960K), 0.0009949 secs] 6610K->5797K(10176K), 0.0013952 secs] [Times: user=0.00 sys=0.00, real=0.00 secs] 
2019-01-02T11:13:58.248+0530: 906.148: [GC (Allocation Failure) 2019-01-02T11:13:58.248+0530: 906.148: [DefNew
Desired survivor size 32768 bytes, new threshold 15 (max 15)
- age   1:         40 bytes,         40 total
- age   2:        184 bytes,        224 total
- age   8:         16 bytes,        240 total
- age  14:         16 bytes,        256 total
: 896K->0K(960K), 0.0007555 secs] 6693K->6085K(10176K), 0.0008866 secs] [Times: user=0.00 sys=0.00, real=0.00 secs] 
2019-01-02T11:13:58.251+0530: 906.150: [GC (Allocation Failure) 2019-01-02T11:13:58.251+0530: 906.151: [DefNew
Desired survivor size 32768 bytes, new threshold 15 (max 15)
- age   3:        184 bytes,        184 total
- age   9:         16 bytes,        200 total
- age  15:         16 bytes,        216 total
: 896K->0K(960K), 0.0010166 secs] 6981K->6661K(10176K), 0.0012703 secs] [Times: user=0.00 sys=0.00, real=0.00 secs] 
2019-01-02T11:13:58.253+0530: 906.153: [GC (Allocation Failure) 2019-01-02T11:13:58.253+0530: 906.153: [DefNew
Desired survivor size 32768 bytes, new threshold 15 (max 15)
- age   1:         24 bytes,         24 total
- age   4:        184 bytes,        208 total
- age  10:         16 bytes,        224 total
: 515K->0K(960K), 0.0002606 secs] 7177K->6661K(10176K), 0.0003387 secs] [Times: user=0.00 sys=0.00, real=0.00 secs] 
2019-01-02T11:13:58.254+0530: 906.154: [GC (Allocation Failure) 2019-01-02T11:13:58.254+0530: 906.154: [DefNew
Desired survivor size 32768 bytes, new threshold 15 (max 15)
- age   2:         24 bytes,         24 total
- age   5:        184 bytes,        208 total
- age  11:         16 bytes,        224 total
: 513K->0K(960K), 0.0003290 secs] 7175K->7175K(10176K), 0.0004060 secs] [Times: user=0.00 sys=0.00, real=0.00 secs] 
2019-01-02T11:13:58.255+0530: 906.155: [GC (Allocation Failure) 2019-01-02T11:13:58.255+0530: 906.155: [DefNew
Desired survivor size 32768 bytes, new threshold 15 (max 15)
- age   1:         24 bytes,         24 total
- age   6:         72 bytes,         96 total
- age  12:         16 bytes,        112 total
: 531K->0K(960K), 0.0003489 secs] 7705K->7688K(10176K), 0.0004356 secs] [Times: user=0.00 sys=0.00, real=0.00 secs] 
2019-01-02T11:13:58.314+0530: 906.213: [GC (Allocation Failure) 2019-01-02T11:13:58.314+0530: 906.213: [DefNew
Desired survivor size 32768 bytes, new threshold 15 (max 15)
- age   1:        248 bytes,        248 total
- age   7:         16 bytes,        264 total
- age  13:         16 bytes,        280 total
: 884K->0K(960K), 0.0011614 secs] 8572K->7760K(10176K), 0.0014123 secs] [Times: user=0.00 sys=0.00, real=0.00 secs] 
2019-01-02T11:13:58.317+0530: 906.216: [GC (Allocation Failure) 2019-01-02T11:13:58.317+0530: 906.217: [DefNew
Desired survivor size 32768 bytes, new threshold 15 (max 15)
- age   1:         40 bytes,         40 total
- age   2:        184 bytes,        224 total
- age   8:         16 bytes,        240 total
- age  14:         16 bytes,        256 total
: 896K->0K(960K), 0.0006534 secs] 8656K->8048K(10176K), 0.0008262 secs] [Times: user=0.00 sys=0.00, real=0.00 secs] 
2019-01-02T11:13:58.319+0530: 906.219: [GC (Allocation Failure) 2019-01-02T11:13:58.319+0530: 906.219: [DefNew
Desired survivor size 32768 bytes, new threshold 15 (max 15)
- age   3:        184 bytes,        184 total
- age   9:         16 bytes,        200 total
- age  15:         16 bytes,        216 total
: 896K->0K(960K), 0.0011837 secs] 8944K->8624K(10176K), 0.0013575 secs] [Times: user=0.00 sys=0.00, real=0.00 secs] 
2019-01-02T11:13:58.322+0530: 906.222: [GC (Allocation Failure) 2019-01-02T11:13:58.322+0530: 906.222: [DefNew
Desired survivor size 32768 bytes, new threshold 15 (max 15)
- age   1:         24 bytes,         24 total
- age   4:        184 bytes,        208 total
- age  10:         16 bytes,        224 total
: 515K->0K(960K), 0.0002703 secs] 9139K->8624K(10176K), 0.0003586 secs] [Times: user=0.00 sys=0.00, real=0.00 secs] 
2019-01-02T11:13:58.323+0530: 906.222: [GC (Allocation Failure) 2019-01-02T11:13:58.323+0530: 906.223: [DefNew
Desired survivor size 32768 bytes, new threshold 15 (max 15)
- age   2:         24 bytes,         24 total
- age   5:        184 bytes,        208 total
- age  11:         16 bytes,        224 total
: 513K->0K(960K), 0.0003478 secs] 9137K->9137K(10176K), 0.0004185 secs] [Times: user=0.00 sys=0.00, real=0.00 secs] 
2019-01-02T11:13:58.324+0530: 906.223: [GC (Allocation Failure) 2019-01-02T11:13:58.324+0530: 906.223: [DefNew: 531K->531K(960K), 0.0000279 secs]2019-01-02T11:13:58.324+0530: 906.223: [Tenured: 9137K->1287K(9216K), 0.0050556 secs] 9668K->1287K(10176K), [Metaspace: 2520K->2520K(1056768K)], 0.0052272 secs] [Times: user=0.01 sys=0.00, real=0.01 secs] 
2019-01-02T11:13:58.384+0530: 906.284: [GC (Allocation Failure) 2019-01-02T11:13:58.384+0530: 906.284: [DefNew
Desired survivor size 32768 bytes, new threshold 15 (max 15)
- age   1:        248 bytes,        248 total
: 884K->0K(960K), 0.0012184 secs] 2172K->1873K(10176K), 0.0017641 secs] [Times: user=0.00 sys=0.00, real=0.00 secs] 
2019-01-02T11:13:58.388+0530: 906.287: [GC (Allocation Failure) 2019-01-02T11:13:58.388+0530: 906.288: [DefNew
Desired survivor size 32768 bytes, new threshold 15 (max 15)
- age   1:         40 bytes,         40 total
- age   2:        184 bytes,        224 total
: 896K->0K(960K), 0.0010468 secs] 2769K->2161K(10176K), 0.0014117 secs] [Times: user=0.00 sys=0.00, real=0.00 secs] 
2019-01-02T11:13:58.392+0530: 906.291: [GC (Allocation Failure) 2019-01-02T11:13:58.392+0530: 906.292: [DefNew
Desired survivor size 32768 bytes, new threshold 15 (max 15)
- age   3:        184 bytes,        184 total
: 896K->0K(960K), 0.0008547 secs] 3057K->2737K(10176K), 0.0011979 secs] [Times: user=0.00 sys=0.00, real=0.00 secs] 
2019-01-02T11:13:58.394+0530: 906.294: [GC (Allocation Failure) 2019-01-02T11:13:58.394+0530: 906.294: [DefNew
Desired survivor size 32768 bytes, new threshold 15 (max 15)
- age   1:         24 bytes,         24 total
- age   4:        184 bytes,        208 total
: 515K->0K(960K), 0.0009607 secs] 3252K->2737K(10176K), 0.0011962 secs] [Times: user=0.00 sys=0.00, real=0.00 secs] 
2019-01-02T11:13:58.396+0530: 906.296: [GC (Allocation Failure) 2019-01-02T11:13:58.396+0530: 906.296: [DefNew
Desired survivor size 32768 bytes, new threshold 15 (max 15)
- age   2:         24 bytes,         24 total
- age   5:        184 bytes,        208 total
: 513K->0K(960K), 0.0006950 secs] 3250K->3250K(10176K), 0.0008199 secs] [Times: user=0.00 sys=0.00, real=0.00 secs] 
2019-01-02T11:13:58.398+0530: 906.298: [GC (Allocation Failure) 2019-01-02T11:13:58.398+0530: 906.298: [DefNew
Desired survivor size 32768 bytes, new threshold 15 (max 15)
- age   1:         24 bytes,         24 total
- age   6:         72 bytes,         96 total
: 531K->0K(960K), 0.0007036 secs] 3781K->3763K(10176K), 0.0007902 secs] [Times: user=0.00 sys=0.00, real=0.00 secs] 
2019-01-02T11:13:58.461+0530: 906.360: [GC (Allocation Failure) 2019-01-02T11:13:58.461+0530: 906.361: [DefNew
Desired survivor size 32768 bytes, new threshold 15 (max 15)
- age   1:        248 bytes,        248 total
- age   7:         16 bytes,        264 total
: 884K->0K(960K), 0.0012276 secs] 4648K->3835K(10176K), 0.0022094 secs] [Times: user=0.00 sys=0.00, real=0.00 secs] 
2019-01-02T11:13:58.465+0530: 906.365: [GC (Allocation Failure) 2019-01-02T11:13:58.466+0530: 906.365: [DefNew
Desired survivor size 32768 bytes, new threshold 15 (max 15)
- age   1:         40 bytes,         40 total
- age   2:        184 bytes,        224 total
- age   8:         16 bytes,        240 total
: 896K->0K(960K), 0.0013633 secs] 4731K->4123K(10176K), 0.0016136 secs] [Times: user=0.02 sys=0.00, real=0.00 secs] 
2019-01-02T11:13:58.469+0530: 906.369: [GC (Allocation Failure) 2019-01-02T11:13:58.469+0530: 906.369: [DefNew
Desired survivor size 32768 bytes, new threshold 15 (max 15)
- age   3:        184 bytes,        184 total
- age   9:         16 bytes,        200 total
: 896K->0K(960K), 0.0012036 secs] 5019K->4699K(10176K), 0.0014129 secs] [Times: user=0.00 sys=0.00, real=0.00 secs] 
2019-01-02T11:13:58.475+0530: 906.375: [GC (Allocation Failure) 2019-01-02T11:13:58.475+0530: 906.375: [DefNew
Desired survivor size 32768 bytes, new threshold 15 (max 15)
- age   1:         24 bytes,         24 total
- age   4:        184 bytes,        208 total
- age  10:         16 bytes,        224 total
: 515K->0K(960K), 0.0006152 secs] 5215K->4699K(10176K), 0.0007971 secs] [Times: user=0.00 sys=0.00, real=0.00 secs] 
2019-01-02T11:13:58.481+0530: 906.380: [GC (Allocation Failure) 2019-01-02T11:13:58.481+0530: 906.381: [DefNew
Desired survivor size 32768 bytes, new threshold 15 (max 15)
- age   2:         24 bytes,         24 total
- age   5:        184 bytes,        208 total
- age  11:         16 bytes,        224 total
: 513K->0K(960K), 0.0015674 secs] 5213K->5213K(10176K), 0.0051229 secs] [Times: user=0.02 sys=0.00, real=0.01 secs] 
2019-01-02T11:13:58.484+0530: 906.384: [GC (Allocation Failure) 2019-01-02T11:13:58.484+0530: 906.384: [DefNew
Desired survivor size 32768 bytes, new threshold 15 (max 15)
- age   1:         24 bytes,         24 total
- age   6:         72 bytes,         96 total
- age  12:         16 bytes,        112 total
: 531K->0K(960K), 0.0007463 secs] 5743K->5726K(10176K), 0.0008855 secs] [Times: user=0.00 sys=0.00, real=0.00 secs] 
2019-01-02T11:13:58.594+0530: 906.494: [GC (Allocation Failure) 2019-01-02T11:13:58.594+0530: 906.494: [DefNew
Desired survivor size 32768 bytes, new threshold 15 (max 15)
- age   1:        248 bytes,        248 total
- age   7:         16 bytes,        264 total
- age  13:         16 bytes,        280 total
: 884K->0K(960K), 0.0004806 secs] 6610K->5798K(10176K), 0.0006163 secs] [Times: user=0.00 sys=0.00, real=0.00 secs] 
2019-01-02T11:13:58.598+0530: 906.498: [GC (Allocation Failure) 2019-01-02T11:13:58.598+0530: 906.498: [DefNew
Desired survivor size 32768 bytes, new threshold 15 (max 15)
- age   1:         40 bytes,         40 total
- age   2:        184 bytes,        224 total
- age   8:         16 bytes,        240 total
- age  14:         16 bytes,        256 total
: 896K->0K(960K), 0.0008187 secs] 6694K->6086K(10176K), 0.0010274 secs] [Times: user=0.00 sys=0.00, real=0.00 secs] 
2019-01-02T11:13:58.601+0530: 906.501: [GC (Allocation Failure) 2019-01-02T11:13:58.602+0530: 906.501: [DefNew
Desired survivor size 32768 bytes, new threshold 15 (max 15)
- age   3:        184 bytes,        184 total
- age   9:         16 bytes,        200 total
- age  15:         16 bytes,        216 total
: 896K->0K(960K), 0.0016780 secs] 6982K->6662K(10176K), 0.0019910 secs] [Times: user=0.00 sys=0.00, real=0.00 secs] 
2019-01-02T11:13:58.606+0530: 906.506: [GC (Allocation Failure) 2019-01-02T11:13:58.606+0530: 906.506: [DefNew
Desired survivor size 32768 bytes, new threshold 15 (max 15)
- age   1:         24 bytes,         24 total
- age   4:        184 bytes,        208 total
- age  10:         16 bytes,        224 total
: 515K->0K(960K), 0.0005582 secs] 7177K->6662K(10176K), 0.0006882 secs] [Times: user=0.00 sys=0.00, real=0.00 secs] 
2019-01-02T11:13:58.607+0530: 906.507: [GC (Allocation Failure) 2019-01-02T11:13:58.607+0530: 906.507: [DefNew
Desired survivor size 32768 bytes, new threshold 15 (max 15)
- age   2:         24 bytes,         24 total
- age   5:        184 bytes,        208 total
- age  11:         16 bytes,        224 total
: 513K->0K(960K), 0.0006882 secs] 7175K->7175K(10176K), 0.0008490 secs] [Times: user=0.00 sys=0.00, real=0.00 secs] 
2019-01-02T11:13:58.613+0530: 906.512: [GC (Allocation Failure) 2019-01-02T11:13:58.613+0530: 906.513: [DefNew
Desired survivor size 32768 bytes, new threshold 15 (max 15)
- age   1:         24 bytes,         24 total
- age   6:         72 bytes,         96 total
- age  12:         16 bytes,        112 total
: 531K->0K(960K), 0.0008062 secs] 7706K->7688K(10176K), 0.0010297 secs] [Times: user=0.00 sys=0.00, real=0.00 secs] 
2019-01-02T11:13:58.702+0530: 906.602: [GC (Allocation Failure) 2019-01-02T11:13:58.703+0530: 906.603: [DefNew
Desired survivor size 32768 bytes, new threshold 15 (max 15)
- age   1:        248 bytes,        248 total
- age   7:         16 bytes,        264 total
- age  13:         16 bytes,        280 total
: 884K->0K(960K), 0.0009710 secs] 8573K->7761K(10176K), 0.0013353 secs] [Times: user=0.00 sys=0.00, real=0.00 secs] 
2019-01-02T11:13:58.706+0530: 906.606: [GC (Allocation Failure) 2019-01-02T11:13:58.706+0530: 906.606: [DefNew
Desired survivor size 32768 bytes, new threshold 15 (max 15)
- age   1:         40 bytes,         40 total
- age   2:        184 bytes,        224 total
- age   8:         16 bytes,        240 total
- age  14:         16 bytes,        256 total
: 896K->0K(960K), 0.0013593 secs] 8657K->8049K(10176K), 0.0016335 secs] [Times: user=0.00 sys=0.00, real=0.00 secs] 
2019-01-02T11:13:58.710+0530: 906.609: [GC (Allocation Failure) 2019-01-02T11:13:58.710+0530: 906.609: [DefNew
Desired survivor size 32768 bytes, new threshold 15 (max 15)
- age   3:        184 bytes,        184 total
- age   9:         16 bytes,        200 total
- age  15:         16 bytes,        216 total
: 896K->0K(960K), 0.0005240 secs] 8945K->8625K(10176K), 0.0006249 secs] [Times: user=0.00 sys=0.00, real=0.00 secs] 
2019-01-02T11:13:58.712+0530: 906.612: [GC (Allocation Failure) 2019-01-02T11:13:58.712+0530: 906.612: [DefNew
Desired survivor size 32768 bytes, new threshold 15 (max 15)
- age   1:         24 bytes,         24 total
- age   4:        184 bytes,        208 total
- age  10:         16 bytes,        224 total
: 515K->0K(960K), 0.0004179 secs] 9140K->8625K(10176K), 0.0005029 secs] [Times: user=0.00 sys=0.00, real=0.00 secs] 
2019-01-02T11:13:58.713+0530: 906.613: [GC (Allocation Failure) 2019-01-02T11:13:58.713+0530: 906.613: [DefNew
Desired survivor size 32768 bytes, new threshold 15 (max 15)
- age   2:         24 bytes,         24 total
- age   5:        184 bytes,        208 total
- age  11:         16 bytes,        224 total
: 513K->0K(960K), 0.0005012 secs] 9138K->9138K(10176K), 0.0006015 secs] [Times: user=0.00 sys=0.00, real=0.00 secs] 
2019-01-02T11:13:58.715+0530: 906.615: [GC (Allocation Failure) 2019-01-02T11:13:58.715+0530: 906.615: [DefNew: 531K->531K(960K), 0.0000616 secs]2019-01-02T11:13:58.715+0530: 906.615: [Tenured: 9138K->1287K(9216K), 0.0059701 secs] 9669K->1287K(10176K), [Metaspace: 2520K->2520K(1056768K)], 0.0062102 secs] [Times: user=0.00 sys=0.02, real=0.01 secs] 
2019-01-02T11:13:58.794+0530: 906.694: [GC (Allocation Failure) 2019-01-02T11:13:58.794+0530: 906.694: [DefNew
Desired survivor size 32768 bytes, new threshold 15 (max 15)
- age   1:        248 bytes,        248 total
: 884K->0K(960K), 0.0004088 secs] 2172K->1873K(10176K), 0.0005035 secs] [Times: user=0.00 sys=0.00, real=0.00 secs] 
2019-01-02T11:13:58.796+0530: 906.696: [GC (Allocation Failure) 2019-01-02T11:13:58.796+0530: 906.696: [DefNew
Desired survivor size 32768 bytes, new threshold 15 (max 15)
- age   1:         40 bytes,         40 total
- age   2:        184 bytes,        224 total
: 896K->0K(960K), 0.0003558 secs] 2769K->2161K(10176K), 0.0004470 secs] [Times: user=0.00 sys=0.00, real=0.00 secs] 
2019-01-02T11:13:58.799+0530: 906.698: [GC (Allocation Failure) 2019-01-02T11:13:58.799+0530: 906.698: [DefNew
Desired survivor size 32768 bytes, new threshold 15 (max 15)
- age   3:        184 bytes,        184 total
: 896K->0K(960K), 0.0007515 secs] 3057K->2737K(10176K), 0.0010109 secs] [Times: user=0.00 sys=0.00, real=0.00 secs] 
2019-01-02T11:13:58.801+0530: 906.701: [GC (Allocation Failure) 2019-01-02T11:13:58.801+0530: 906.701: [DefNew
Desired survivor size 32768 bytes, new threshold 15 (max 15)
- age   1:         24 bytes,         24 total
- age   4:        184 bytes,        208 total
: 515K->0K(960K), 0.0006306 secs] 3252K->2737K(10176K), 0.0007304 secs] [Times: user=0.00 sys=0.00, real=0.00 secs] 
2019-01-02T11:13:58.803+0530: 906.702: [GC (Allocation Failure) 2019-01-02T11:13:58.803+0530: 906.703: [DefNew
Desired survivor size 32768 bytes, new threshold 15 (max 15)
- age   2:         24 bytes,         24 total
- age   5:        184 bytes,        208 total
: 513K->0K(960K), 0.0008564 secs] 3250K->3250K(10176K), 0.0009584 secs] [Times: user=0.00 sys=0.00, real=0.00 secs] 
2019-01-02T11:13:58.804+0530: 906.704: [GC (Allocation Failure) 2019-01-02T11:13:58.804+0530: 906.704: [DefNew
Desired survivor size 32768 bytes, new threshold 15 (max 15)
- age   1:         24 bytes,         24 total
- age   6:         72 bytes,         96 total
: 531K->0K(960K), 0.0003085 secs] 3781K->3764K(10176K), 0.0003621 secs] [Times: user=0.00 sys=0.00, real=0.00 secs] 
2019-01-02T11:13:58.878+0530: 906.777: [GC (Allocation Failure) 2019-01-02T11:13:58.878+0530: 906.778: [DefNew
Desired survivor size 32768 bytes, new threshold 15 (max 15)
- age   1:        248 bytes,        248 total
- age   7:         16 bytes,        264 total
: 884K->0K(960K), 0.0011238 secs] 4648K->3836K(10176K), 0.0014881 secs] [Times: user=0.00 sys=0.00, real=0.00 secs] 
2019-01-02T11:13:58.881+0530: 906.781: [GC (Allocation Failure) 2019-01-02T11:13:58.881+0530: 906.781: [DefNew
Desired survivor size 32768 bytes, new threshold 15 (max 15)
- age   1:         40 bytes,         40 total
- age   2:        184 bytes,        224 total
- age   8:         16 bytes,        240 total
: 896K->0K(960K), 0.0009470 secs] 4732K->4124K(10176K), 0.0012196 secs] [Times: user=0.00 sys=0.00, real=0.00 secs] 
2019-01-02T11:13:58.884+0530: 906.784: [GC (Allocation Failure) 2019-01-02T11:13:58.884+0530: 906.784: [DefNew
Desired survivor size 32768 bytes, new threshold 15 (max 15)
- age   3:        184 bytes,        184 total
- age   9:         16 bytes,        200 total
: 896K->0K(960K), 0.0012658 secs] 5020K->4700K(10176K), 0.0014727 secs] [Times: user=0.00 sys=0.00, real=0.00 secs] 
2019-01-02T11:13:58.887+0530: 906.787: [GC (Allocation Failure) 2019-01-02T11:13:58.887+0530: 906.787: [DefNew
Desired survivor size 32768 bytes, new threshold 15 (max 15)
- age   1:         24 bytes,         24 total
- age   4:        184 bytes,        208 total
- age  10:         16 bytes,        224 total
: 515K->0K(960K), 0.0011432 secs] 5215K->4700K(10176K), 0.0013769 secs] [Times: user=0.00 sys=0.00, real=0.00 secs] 
2019-01-02T11:13:58.889+0530: 906.789: [GC (Allocation Failure) 2019-01-02T11:13:58.889+0530: 906.789: [DefNew
Desired survivor size 32768 bytes, new threshold 15 (max 15)
- age   2:         24 bytes,         24 total
- age   5:        184 bytes,        208 total
- age  11:         16 bytes,        224 total
: 513K->0K(960K), 0.0004179 secs] 5213K->5213K(10176K), 0.0005166 secs] [Times: user=0.00 sys=0.00, real=0.00 secs] 
2019-01-02T11:13:58.890+0530: 906.790: [GC (Allocation Failure) 2019-01-02T11:13:58.890+0530: 906.790: [DefNew
Desired survivor size 32768 bytes, new threshold 15 (max 15)
- age   1:         24 bytes,         24 total
- age   6:         72 bytes,         96 total
- age  12:         16 bytes,        112 total
: 531K->0K(960K), 0.0003347 secs] 5744K->5726K(10176K), 0.0003963 secs] [Times: user=0.00 sys=0.00, real=0.00 secs] 
2019-01-02T11:13:58.963+0530: 906.863: [GC (Allocation Failure) 2019-01-02T11:13:58.963+0530: 906.863: [DefNew
Desired survivor size 32768 bytes, new threshold 15 (max 15)
- age   1:        248 bytes,        248 total
- age   7:         16 bytes,        264 total
- age  13:         16 bytes,        280 total
: 884K->0K(960K), 0.0011574 secs] 6611K->5799K(10176K), 0.0014995 secs] [Times: user=0.00 sys=0.00, real=0.00 secs] 
2019-01-02T11:13:58.966+0530: 906.866: [GC (Allocation Failure) 2019-01-02T11:13:58.966+0530: 906.866: [DefNew
Desired survivor size 32768 bytes, new threshold 15 (max 15)
- age   1:         40 bytes,         40 total
- age   2:        184 bytes,        224 total
- age   8:         16 bytes,        240 total
- age  14:         16 bytes,        256 total
: 896K->0K(960K), 0.0017145 secs] 6695K->6086K(10176K), 0.0018963 secs] [Times: user=0.00 sys=0.00, real=0.00 secs] 
2019-01-02T11:13:58.971+0530: 906.870: [GC (Allocation Failure) 2019-01-02T11:13:58.971+0530: 906.871: [DefNew
Desired survivor size 32768 bytes, new threshold 15 (max 15)
- age   3:        184 bytes,        184 total
- age   9:         16 bytes,        200 total
- age  15:         16 bytes,        216 total
: 896K->0K(960K), 0.0010280 secs] 6982K->6662K(10176K), 0.0013228 secs] [Times: user=0.00 sys=0.00, real=0.00 secs] 
2019-01-02T11:13:58.974+0530: 906.874: [GC (Allocation Failure) 2019-01-02T11:13:58.974+0530: 906.874: [DefNew
Desired survivor size 32768 bytes, new threshold 15 (max 15)
- age   1:         24 bytes,         24 total
- age   4:        184 bytes,        208 total
- age  10:         16 bytes,        224 total
: 515K->0K(960K), 0.0005451 secs] 7178K->6662K(10176K), 0.0007954 secs] [Times: user=0.00 sys=0.00, real=0.00 secs] 
2019-01-02T11:13:58.975+0530: 906.875: [GC (Allocation Failure) 2019-01-02T11:13:58.975+0530: 906.875: [DefNew
Desired survivor size 32768 bytes, new threshold 15 (max 15)
- age   2:         24 bytes,         24 total
- age   5:        184 bytes,        208 total
- age  11:         16 bytes,        224 total
: 513K->0K(960K), 0.0008741 secs] 7176K->7176K(10176K), 0.0010086 secs] [Times: user=0.00 sys=0.00, real=0.00 secs] 
2019-01-02T11:13:58.977+0530: 906.876: [GC (Allocation Failure) 2019-01-02T11:13:58.977+0530: 906.876: [DefNew
Desired survivor size 32768 bytes, new threshold 15 (max 15)
- age   1:         24 bytes,         24 total
- age   6:         72 bytes,         96 total
- age  12:         16 bytes,        112 total
: 531K->0K(960K), 0.0003381 secs] 7707K->7689K(10176K), 0.0004014 secs] [Times: user=0.00 sys=0.00, real=0.00 secs] 
2019-01-02T11:13:59.034+0530: 906.934: [GC (Allocation Failure) 2019-01-02T11:13:59.035+0530: 906.934: [DefNew
Desired survivor size 32768 bytes, new threshold 15 (max 15)
- age   1:        248 bytes,        248 total
- age   7:         16 bytes,        264 total
- age  13:         16 bytes,        280 total
: 884K->0K(960K), 0.0006990 secs] 8574K->7761K(10176K), 0.0008438 secs] [Times: user=0.00 sys=0.00, real=0.00 secs] 
2019-01-02T11:13:59.037+0530: 906.936: [GC (Allocation Failure) 2019-01-02T11:13:59.037+0530: 906.936: [DefNew
Desired survivor size 32768 bytes, new threshold 15 (max 15)
- age   1:         40 bytes,         40 total
- age   2:        184 bytes,        224 total
- age   8:         16 bytes,        240 total
- age  14:         16 bytes,        256 total
: 896K->0K(960K), 0.0009784 secs] 8657K->8049K(10176K), 0.0011346 secs] [Times: user=0.00 sys=0.00, real=0.00 secs] 
2019-01-02T11:13:59.039+0530: 906.939: [GC (Allocation Failure) 2019-01-02T11:13:59.039+0530: 906.939: [DefNew
Desired survivor size 32768 bytes, new threshold 15 (max 15)
- age   3:        184 bytes,        184 total
- age   9:         16 bytes,        200 total
- age  15:         16 bytes,        216 total
: 896K->0K(960K), 0.0010246 secs] 8945K->8625K(10176K), 0.0012669 secs] [Times: user=0.00 sys=0.00, real=0.00 secs] 
2019-01-02T11:13:59.042+0530: 906.942: [GC (Allocation Failure) 2019-01-02T11:13:59.042+0530: 906.942: [DefNew
Desired survivor size 32768 bytes, new threshold 15 (max 15)
- age   1:         24 bytes,         24 total
- age   4:        184 bytes,        208 total
- age  10:         16 bytes,        224 total
: 515K->0K(960K), 0.0002731 secs] 9141K->8625K(10176K), 0.0003461 secs] [Times: user=0.00 sys=0.00, real=0.00 secs] 
2019-01-02T11:13:59.043+0530: 906.942: [GC (Allocation Failure) 2019-01-02T11:13:59.043+0530: 906.943: [DefNew
Desired survivor size 32768 bytes, new threshold 15 (max 15)
- age   2:         24 bytes,         24 total
- age   5:        184 bytes,        208 total
- age  11:         16 bytes,        224 total
: 513K->0K(960K), 0.0003050 secs] 9139K->9139K(10176K), 0.0003638 secs] [Times: user=0.00 sys=0.00, real=0.00 secs] 
2019-01-02T11:13:59.043+0530: 906.943: [GC (Allocation Failure) 2019-01-02T11:13:59.043+0530: 906.943: [DefNew: 531K->531K(960K), 0.0000228 secs]2019-01-02T11:13:59.043+0530: 906.943: [Tenured: 9138K->1288K(9216K), 0.0037038 secs] 9670K->1288K(10176K), [Metaspace: 2520K->2520K(1056768K)], 0.0038303 secs] [Times: user=0.00 sys=0.00, real=0.00 secs] 
2019-01-02T11:13:59.105+0530: 907.005: [GC (Allocation Failure) 2019-01-02T11:13:59.106+0530: 907.006: [DefNew
Desired survivor size 32768 bytes, new threshold 15 (max 15)
- age   1:        248 bytes,        248 total
: 884K->0K(960K), 0.0011620 secs] 2172K->1873K(10176K), 0.0015434 secs] [Times: user=0.00 sys=0.00, real=0.00 secs] 
2019-01-02T11:13:59.109+0530: 907.009: [GC (Allocation Failure) 2019-01-02T11:13:59.109+0530: 907.009: [DefNew
Desired survivor size 32768 bytes, new threshold 15 (max 15)
- age   1:         40 bytes,         40 total
- age   2:        184 bytes,        224 total
: 896K->0K(960K), 0.0005867 secs] 2769K->2161K(10176K), 0.0009248 secs] [Times: user=0.00 sys=0.00, real=0.00 secs] 
2019-01-02T11:13:59.111+0530: 907.011: [GC (Allocation Failure) 2019-01-02T11:13:59.112+0530: 907.011: [DefNew
Desired survivor size 32768 bytes, new threshold 15 (max 15)
- age   3:        184 bytes,        184 total
: 896K->0K(960K), 0.0014938 secs] 3057K->2737K(10176K), 0.0017133 secs] [Times: user=0.00 sys=0.00, real=0.00 secs] 
2019-01-02T11:13:59.114+0530: 907.014: [GC (Allocation Failure) 2019-01-02T11:13:59.114+0530: 907.014: [DefNew
Desired survivor size 32768 bytes, new threshold 15 (max 15)
- age   1:         24 bytes,         24 total
- age   4:        184 bytes,        208 total
: 515K->0K(960K), 0.0009020 secs] 3253K->2737K(10176K), 0.0011403 secs] [Times: user=0.00 sys=0.00, real=0.00 secs] 
2019-01-02T11:13:59.116+0530: 907.016: [GC (Allocation Failure) 2019-01-02T11:13:59.116+0530: 907.016: [DefNew
Desired survivor size 32768 bytes, new threshold 15 (max 15)
- age   2:         24 bytes,         24 total
- age   5:        184 bytes,        208 total
: 513K->0K(960K), 0.0004841 secs] 3251K->3251K(10176K), 0.0005924 secs] [Times: user=0.00 sys=0.00, real=0.00 secs] 
2019-01-02T11:13:59.117+0530: 907.017: [GC (Allocation Failure) 2019-01-02T11:13:59.118+0530: 907.017: [DefNew
Desired survivor size 32768 bytes, new threshold 15 (max 15)
- age   1:         24 bytes,         24 total
- age   6:         72 bytes,         96 total
: 531K->0K(960K), 0.0006620 secs] 3782K->3764K(10176K), 0.0007714 secs] [Times: user=0.00 sys=0.00, real=0.00 secs] 
2019-01-02T11:13:59.181+0530: 907.080: [GC (Allocation Failure) 2019-01-02T11:13:59.181+0530: 907.081: [DefNew
Desired survivor size 32768 bytes, new threshold 15 (max 15)
- age   1:        248 bytes,        248 total
- age   7:         16 bytes,        264 total
: 884K->0K(960K), 0.0011192 secs] 4649K->3836K(10176K), 0.0014989 secs] [Times: user=0.00 sys=0.00, real=0.00 secs] 
2019-01-02T11:13:59.184+0530: 907.084: [GC (Allocation Failure) 2019-01-02T11:13:59.184+0530: 907.084: [DefNew
Desired survivor size 32768 bytes, new threshold 15 (max 15)
- age   1:         40 bytes,         40 total
- age   2:        184 bytes,        224 total
- age   8:         16 bytes,        240 total
: 896K->0K(960K), 0.0015047 secs] 4732K->4124K(10176K), 0.0017350 secs] [Times: user=0.00 sys=0.00, real=0.00 secs] 
2019-01-02T11:13:59.188+0530: 907.088: [GC (Allocation Failure) 2019-01-02T11:13:59.188+0530: 907.088: [DefNew
Desired survivor size 32768 bytes, new threshold 15 (max 15)
- age   3:        184 bytes,        184 total
- age   9:         16 bytes,        200 total
: 896K->0K(960K), 0.0028046 secs] 5020K->4700K(10176K), 0.0030156 secs] [Times: user=0.00 sys=0.00, real=0.00 secs] 
2019-01-02T11:13:59.193+0530: 907.093: [GC (Allocation Failure) 2019-01-02T11:13:59.193+0530: 907.093: [DefNew
Desired survivor size 32768 bytes, new threshold 15 (max 15)
- age   1:         24 bytes,         24 total
- age   4:        184 bytes,        208 total
- age  10:         16 bytes,        224 total
: 515K->0K(960K), 0.0005947 secs] 5216K->4700K(10176K), 0.0007783 secs] [Times: user=0.00 sys=0.00, real=0.00 secs] 
2019-01-02T11:13:59.194+0530: 907.094: [GC (Allocation Failure) 2019-01-02T11:13:59.194+0530: 907.094: [DefNew
Desired survivor size 32768 bytes, new threshold 15 (max 15)
- age   2:         24 bytes,         24 total
- age   5:        184 bytes,        208 total
- age  11:         16 bytes,        224 total
: 513K->0K(960K), 0.0003415 secs] 5214K->5214K(10176K), 0.0004003 secs] [Times: user=0.00 sys=0.00, real=0.00 secs] 
2019-01-02T11:13:59.195+0530: 907.095: [GC (Allocation Failure) 2019-01-02T11:13:59.195+0530: 907.095: [DefNew
Desired survivor size 32768 bytes, new threshold 15 (max 15)
- age   1:         24 bytes,         24 total
- age   6:         72 bytes,         96 total
- age  12:         16 bytes,        112 total
: 531K->0K(960K), 0.0004265 secs] 5745K->5727K(10176K), 0.0005194 secs] [Times: user=0.00 sys=0.00, real=0.00 secs] 
2019-01-02T11:13:59.258+0530: 907.158: [GC (Allocation Failure) 2019-01-02T11:13:59.258+0530: 907.158: [DefNew
Desired survivor size 32768 bytes, new threshold 15 (max 15)
- age   1:        248 bytes,        248 total
- age   7:         16 bytes,        264 total
- age  13:         16 bytes,        280 total
: 884K->0K(960K), 0.0011244 secs] 6612K->5799K(10176K), 0.0014807 secs] [Times: user=0.00 sys=0.00, real=0.00 secs] 
2019-01-02T11:13:59.262+0530: 907.161: [GC (Allocation Failure) 2019-01-02T11:13:59.262+0530: 907.161: [DefNew
Desired survivor size 32768 bytes, new threshold 15 (max 15)
- age   1:         40 bytes,         40 total
- age   2:        184 bytes,        224 total
- age   8:         16 bytes,        240 total
- age  14:         16 bytes,        256 total
: 896K->0K(960K), 0.0005291 secs] 6695K->6087K(10176K), 0.0007264 secs] [Times: user=0.00 sys=0.00, real=0.00 secs] 
2019-01-02T11:13:59.264+0530: 907.163: [GC (Allocation Failure) 2019-01-02T11:13:59.264+0530: 907.163: [DefNew
Desired survivor size 32768 bytes, new threshold 15 (max 15)
- age   3:        184 bytes,        184 total
- age   9:         16 bytes,        200 total
- age  15:         16 bytes,        216 total
: 896K->0K(960K), 0.0010189 secs] 6983K->6663K(10176K), 0.0011654 secs] [Times: user=0.00 sys=0.00, real=0.00 secs] 
2019-01-02T11:13:59.266+0530: 907.166: [GC (Allocation Failure) 2019-01-02T11:13:59.266+0530: 907.166: [DefNew
Desired survivor size 32768 bytes, new threshold 15 (max 15)
- age   1:         24 bytes,         24 total
- age   4:        184 bytes,        208 total
- age  10:         16 bytes,        224 total
: 515K->0K(960K), 0.0008615 secs] 7179K->6663K(10176K), 0.0010599 secs] [Times: user=0.00 sys=0.00, real=0.00 secs] 
2019-01-02T11:13:59.268+0530: 907.168: [GC (Allocation Failure) 2019-01-02T11:13:59.268+0530: 907.168: [DefNew
Desired survivor size 32768 bytes, new threshold 15 (max 15)
- age   2:         24 bytes,         24 total
- age   5:        184 bytes,        208 total
- age  11:         16 bytes,        224 total
: 513K->0K(960K), 0.0008780 secs] 7177K->7177K(10176K), 0.0009716 secs] [Times: user=0.00 sys=0.00, real=0.00 secs] 
2019-01-02T11:13:59.269+0530: 907.169: [GC (Allocation Failure) 2019-01-02T11:13:59.270+0530: 907.169: [DefNew
Desired survivor size 32768 bytes, new threshold 15 (max 15)
- age   1:         24 bytes,         24 total
- age   6:         72 bytes,         96 total
- age  12:         16 bytes,        112 total
: 531K->0K(960K), 0.0007190 secs] 7708K->7690K(10176K), 0.0008701 secs] [Times: user=0.00 sys=0.00, real=0.00 secs] 
2019-01-02T11:13:59.328+0530: 907.228: [GC (Allocation Failure) 2019-01-02T11:13:59.328+0530: 907.228: [DefNew
Desired survivor size 32768 bytes, new threshold 15 (max 15)
- age   1:        248 bytes,        248 total
- age   7:         16 bytes,        264 total
- age  13:         16 bytes,        280 total
: 884K->0K(960K), 0.0010052 secs] 8575K->7762K(10176K), 0.0013251 secs] [Times: user=0.00 sys=0.00, real=0.00 secs] 
2019-01-02T11:13:59.332+0530: 907.232: [GC (Allocation Failure) 2019-01-02T11:13:59.332+0530: 907.232: [DefNew
Desired survivor size 32768 bytes, new threshold 15 (max 15)
- age   1:         40 bytes,         40 total
- age   2:        184 bytes,        224 total
- age   8:         16 bytes,        240 total
- age  14:         16 bytes,        256 total
: 896K->0K(960K), 0.0010320 secs] 8658K->8050K(10176K), 0.0012076 secs] [Times: user=0.00 sys=0.00, real=0.00 secs] 
2019-01-02T11:13:59.335+0530: 907.234: [GC (Allocation Failure) 2019-01-02T11:13:59.335+0530: 907.235: [DefNew
Desired survivor size 32768 bytes, new threshold 15 (max 15)
- age   3:        184 bytes,        184 total
- age   9:         16 bytes,        200 total
- age  15:         16 bytes,        216 total
: 896K->0K(960K), 0.0004909 secs] 8946K->8626K(10176K), 0.0006089 secs] [Times: user=0.00 sys=0.00, real=0.00 secs] 
2019-01-02T11:13:59.337+0530: 907.236: [GC (Allocation Failure) 2019-01-02T11:13:59.337+0530: 907.236: [DefNew
Desired survivor size 32768 bytes, new threshold 15 (max 15)
- age   1:         24 bytes,         24 total
- age   4:        184 bytes,        208 total
- age  10:         16 bytes,        224 total
: 515K->0K(960K), 0.0004903 secs] 9142K->8626K(10176K), 0.0005907 secs] [Times: user=0.00 sys=0.00, real=0.00 secs] 
2019-01-02T11:13:59.338+0530: 907.238: [GC (Allocation Failure) 2019-01-02T11:13:59.338+0530: 907.238: [DefNew
Desired survivor size 32768 bytes, new threshold 15 (max 15)
- age   2:         24 bytes,         24 total
- age   5:        184 bytes,        208 total
- age  11:         16 bytes,        224 total
: 513K->0K(960K), 0.0005656 secs] 9140K->9140K(10176K), 0.0006517 secs] [Times: user=0.00 sys=0.00, real=0.00 secs] 
2019-01-02T11:13:59.339+0530: 907.239: [GC (Allocation Failure) 2019-01-02T11:13:59.339+0530: 907.239: [DefNew: 531K->531K(960K), 0.0000393 secs]2019-01-02T11:13:59.339+0530: 907.239: [Tenured: 9139K->1288K(9216K), 0.0039615 secs] 9671K->1288K(10176K), [Metaspace: 2520K->2520K(1056768K)], 0.0041337 secs] [Times: user=0.02 sys=0.00, real=0.00 secs] 
2019-01-02T11:13:59.403+0530: 907.303: [GC (Allocation Failure) 2019-01-02T11:13:59.403+0530: 907.303: [DefNew
Desired survivor size 32768 bytes, new threshold 15 (max 15)
- age   1:        248 bytes,        248 total
: 884K->0K(960K), 0.0016609 secs] 2173K->1873K(10176K), 0.0020172 secs] [Times: user=0.00 sys=0.00, real=0.00 secs] 
2019-01-02T11:13:59.407+0530: 907.307: [GC (Allocation Failure) 2019-01-02T11:13:59.407+0530: 907.307: [DefNew
Desired survivor size 32768 bytes, new threshold 15 (max 15)
- age   1:         40 bytes,         40 total
- age   2:        184 bytes,        224 total
: 896K->0K(960K), 0.0007104 secs] 2769K->2161K(10176K), 0.0008501 secs] [Times: user=0.00 sys=0.00, real=0.00 secs] 
2019-01-02T11:13:59.409+0530: 907.309: [GC (Allocation Failure) 2019-01-02T11:13:59.409+0530: 907.309: [DefNew
Desired survivor size 32768 bytes, new threshold 15 (max 15)
- age   3:        184 bytes,        184 total
: 896K->0K(960K), 0.0014607 secs] 3057K->2737K(10176K), 0.0016746 secs] [Times: user=0.00 sys=0.00, real=0.00 secs] 
2019-01-02T11:13:59.412+0530: 907.312: [GC (Allocation Failure) 2019-01-02T11:13:59.412+0530: 907.312: [DefNew
Desired survivor size 32768 bytes, new threshold 15 (max 15)
- age   1:         24 bytes,         24 total
- age   4:        184 bytes,        208 total
: 515K->0K(960K), 0.0003792 secs] 3253K->2737K(10176K), 0.0005200 secs] [Times: user=0.00 sys=0.00, real=0.00 secs] 
2019-01-02T11:13:59.414+0530: 907.314: [GC (Allocation Failure) 2019-01-02T11:13:59.414+0530: 907.314: [DefNew
Desired survivor size 32768 bytes, new threshold 15 (max 15)
- age   2:         24 bytes,         24 total
- age   5:        184 bytes,        208 total
: 513K->0K(960K), 0.0006095 secs] 3251K->3251K(10176K), 0.0008148 secs] [Times: user=0.00 sys=0.00, real=0.00 secs] 
2019-01-02T11:13:59.415+0530: 907.315: [GC (Allocation Failure) 2019-01-02T11:13:59.415+0530: 907.315: [DefNew
Desired survivor size 32768 bytes, new threshold 15 (max 15)
- age   1:         24 bytes,         24 total
- age   6:         72 bytes,         96 total
: 531K->0K(960K), 0.0003307 secs] 3782K->3764K(10176K), 0.0004191 secs] [Times: user=0.00 sys=0.00, real=0.00 secs] 
2019-01-02T11:13:59.474+0530: 907.374: [GC (Allocation Failure) 2019-01-02T11:13:59.474+0530: 907.374: [DefNew
Desired survivor size 32768 bytes, new threshold 15 (max 15)
- age   1:        248 bytes,        248 total
- age   7:         16 bytes,        264 total
: 884K->0K(960K), 0.0010930 secs] 4649K->3837K(10176K), 0.0014841 secs] [Times: user=0.00 sys=0.00, real=0.00 secs] 
2019-01-02T11:13:59.478+0530: 907.378: [GC (Allocation Failure) 2019-01-02T11:13:59.478+0530: 907.378: [DefNew
Desired survivor size 32768 bytes, new threshold 15 (max 15)
- age   1:         40 bytes,         40 total
- age   2:        184 bytes,        224 total
- age   8:         16 bytes,        240 total
: 896K->0K(960K), 0.0009693 secs] 4733K->4125K(10176K), 0.0011301 secs] [Times: user=0.00 sys=0.00, real=0.00 secs] 
2019-01-02T11:13:59.481+0530: 907.381: [GC (Allocation Failure) 2019-01-02T11:13:59.481+0530: 907.381: [DefNew
Desired survivor size 32768 bytes, new threshold 15 (max 15)
- age   3:        184 bytes,        184 total
- age   9:         16 bytes,        200 total
: 896K->0K(960K), 0.0011500 secs] 5021K->4701K(10176K), 0.0013079 secs] [Times: user=0.00 sys=0.00, real=0.00 secs] 
2019-01-02T11:13:59.484+0530: 907.383: [GC (Allocation Failure) 2019-01-02T11:13:59.484+0530: 907.384: [DefNew
Desired survivor size 32768 bytes, new threshold 15 (max 15)
- age   1:         24 bytes,         24 total
- age   4:        184 bytes,        208 total
- age  10:         16 bytes,        224 total
: 515K->0K(960K), 0.0007691 secs] 5216K->4701K(10176K), 0.0010143 secs] [Times: user=0.00 sys=0.00, real=0.00 secs] 
2019-01-02T11:13:59.485+0530: 907.385: [GC (Allocation Failure) 2019-01-02T11:13:59.485+0530: 907.385: [DefNew
Desired survivor size 32768 bytes, new threshold 15 (max 15)
- age   2:         24 bytes,         24 total
- age   5:        184 bytes,        208 total
- age  11:         16 bytes,        224 total
: 513K->0K(960K), 0.0004829 secs] 5214K->5214K(10176K), 0.0005781 secs] [Times: user=0.00 sys=0.00, real=0.00 secs] 
2019-01-02T11:13:59.486+0530: 907.386: [GC (Allocation Failure) 2019-01-02T11:13:59.486+0530: 907.386: [DefNew
Desired survivor size 32768 bytes, new threshold 15 (max 15)
- age   1:         24 bytes,         24 total
- age   6:         72 bytes,         96 total
- age  12:         16 bytes,        112 total
: 531K->0K(960K), 0.0005952 secs] 5745K->5727K(10176K), 0.0007155 secs] [Times: user=0.00 sys=0.00, real=0.00 secs] 
2019-01-02T11:13:59.547+0530: 907.447: [GC (Allocation Failure) 2019-01-02T11:13:59.548+0530: 907.448: [DefNew
Desired survivor size 32768 bytes, new threshold 15 (max 15)
- age   1:        248 bytes,        248 total
- age   7:         16 bytes,        264 total
- age  13:         16 bytes,        280 total
: 885K->0K(960K), 0.0008609 secs] 6612K->5800K(10176K), 0.0011688 secs] [Times: user=0.00 sys=0.00, real=0.00 secs] 
2019-01-02T11:13:59.550+0530: 907.450: [GC (Allocation Failure) 2019-01-02T11:13:59.551+0530: 907.450: [DefNew
Desired survivor size 32768 bytes, new threshold 15 (max 15)
- age   1:         40 bytes,         40 total
- age   2:        184 bytes,        224 total
- age   8:         16 bytes,        240 total
- age  14:         16 bytes,        256 total
: 896K->0K(960K), 0.0013467 secs] 6696K->6088K(10176K), 0.0015959 secs] [Times: user=0.00 sys=0.00, real=0.00 secs] 
2019-01-02T11:13:59.554+0530: 907.454: [GC (Allocation Failure) 2019-01-02T11:13:59.554+0530: 907.454: [DefNew
Desired survivor size 32768 bytes, new threshold 15 (max 15)
- age   3:        184 bytes,        184 total
- age   9:         16 bytes,        200 total
- age  15:         16 bytes,        216 total
: 896K->0K(960K), 0.0007840 secs] 6984K->6664K(10176K), 0.0008866 secs] [Times: user=0.00 sys=0.00, real=0.00 secs] 
2019-01-02T11:13:59.556+0530: 907.456: [GC (Allocation Failure) 2019-01-02T11:13:59.556+0530: 907.456: [DefNew
Desired survivor size 32768 bytes, new threshold 15 (max 15)
- age   1:         24 bytes,         24 total
- age   4:        184 bytes,        208 total
- age  10:         16 bytes,        224 total
: 515K->0K(960K), 0.0005320 secs] 7179K->6664K(10176K), 0.0006289 secs] [Times: user=0.00 sys=0.00, real=0.00 secs] 
2019-01-02T11:13:59.557+0530: 907.457: [GC (Allocation Failure) 2019-01-02T11:13:59.557+0530: 907.457: [DefNew
Desired survivor size 32768 bytes, new threshold 15 (max 15)
- age   2:         24 bytes,         24 total
- age   5:        184 bytes,        208 total
- age  11:         16 bytes,        224 total
: 513K->0K(960K), 0.0003261 secs] 7177K->7177K(10176K), 0.0004037 secs] [Times: user=0.00 sys=0.00, real=0.00 secs] 
2019-01-02T11:13:59.558+0530: 907.458: [GC (Allocation Failure) 2019-01-02T11:13:59.558+0530: 907.458: [DefNew
Desired survivor size 32768 bytes, new threshold 15 (max 15)
- age   1:         24 bytes,         24 total
- age   6:         72 bytes,         96 total
- age  12:         16 bytes,        112 total
: 531K->0K(960K), 0.0003176 secs] 7708K->7691K(10176K), 0.0003951 secs] [Times: user=0.00 sys=0.00, real=0.00 secs] 
2019-01-02T11:13:59.627+0530: 907.527: [GC (Allocation Failure) 2019-01-02T11:13:59.627+0530: 907.527: [DefNew
Desired survivor size 32768 bytes, new threshold 15 (max 15)
- age   1:        248 bytes,        248 total
- age   7:         16 bytes,        264 total
- age  13:         16 bytes,        280 total
: 885K->0K(960K), 0.0010947 secs] 8576K->7763K(10176K), 0.0014254 secs] [Times: user=0.00 sys=0.00, real=0.00 secs] 
2019-01-02T11:13:59.629+0530: 907.529: [GC (Allocation Failure) 2019-01-02T11:13:59.629+0530: 907.529: [DefNew
Desired survivor size 32768 bytes, new threshold 15 (max 15)
- age   1:         40 bytes,         40 total
- age   2:        184 bytes,        224 total
- age   8:         16 bytes,        240 total
- age  14:         16 bytes,        256 total
: 896K->0K(960K), 0.0003124 secs] 8659K->8051K(10176K), 0.0003888 secs] [Times: user=0.00 sys=0.00, real=0.00 secs] 
2019-01-02T11:13:59.631+0530: 907.531: [GC (Allocation Failure) 2019-01-02T11:13:59.631+0530: 907.531: [DefNew
Desired survivor size 32768 bytes, new threshold 15 (max 15)
- age   3:        184 bytes,        184 total
- age   9:         16 bytes,        200 total
- age  15:         16 bytes,        216 total
: 896K->0K(960K), 0.0003700 secs] 8947K->8627K(10176K), 0.0004578 secs] [Times: user=0.00 sys=0.00, real=0.00 secs] 
2019-01-02T11:13:59.633+0530: 907.532: [GC (Allocation Failure) 2019-01-02T11:13:59.633+0530: 907.532: [DefNew
Desired survivor size 32768 bytes, new threshold 15 (max 15)
- age   1:         24 bytes,         24 total
- age   4:        184 bytes,        208 total
- age  10:         16 bytes,        224 total
: 515K->0K(960K), 0.0002412 secs] 9142K->8627K(10176K), 0.0003187 secs] [Times: user=0.00 sys=0.00, real=0.00 secs] 
2019-01-02T11:13:59.633+0530: 907.533: [GC (Allocation Failure) 2019-01-02T11:13:59.633+0530: 907.533: [DefNew
Desired survivor size 32768 bytes, new threshold 15 (max 15)
- age   2:         24 bytes,         24 total
- age   5:        184 bytes,        208 total
- age  11:         16 bytes,        224 total
: 513K->0K(960K), 0.0003221 secs] 9140K->9140K(10176K), 0.0003906 secs] [Times: user=0.00 sys=0.00, real=0.00 secs] 
2019-01-02T11:13:59.634+0530: 907.534: [GC (Allocation Failure) 2019-01-02T11:13:59.634+0530: 907.534: [DefNew: 531K->531K(960K), 0.0000553 secs]2019-01-02T11:13:59.634+0530: 907.534: [Tenured: 9140K->1288K(9216K), 0.0060391 secs] 9672K->1288K(10176K), [Metaspace: 2520K->2520K(1056768K)], 0.0062951 secs] [Times: user=0.02 sys=0.00, real=0.01 secs] 
2019-01-02T11:13:59.721+0530: 907.621: [GC (Allocation Failure) 2019-01-02T11:13:59.721+0530: 907.621: [DefNew
Desired survivor size 32768 bytes, new threshold 15 (max 15)
- age   1:        248 bytes,        248 total
: 884K->0K(960K), 0.0005468 secs] 2173K->1874K(10176K), 0.0007213 secs] [Times: user=0.00 sys=0.00, real=0.00 secs] 
2019-01-02T11:13:59.724+0530: 907.624: [GC (Allocation Failure) 2019-01-02T11:13:59.724+0530: 907.624: [DefNew
Desired survivor size 32768 bytes, new threshold 15 (max 15)
- age   1:         40 bytes,         40 total
- age   2:        184 bytes,        224 total
: 896K->0K(960K), 0.0011774 secs] 2770K->2162K(10176K), 0.0013610 secs] [Times: user=0.00 sys=0.00, real=0.00 secs] 
2019-01-02T11:13:59.727+0530: 907.627: [GC (Allocation Failure) 2019-01-02T11:13:59.727+0530: 907.627: [DefNew
Desired survivor size 32768 bytes, new threshold 15 (max 15)
- age   3:        184 bytes,        184 total
: 896K->0K(960K), 0.0005080 secs] 3058K->2738K(10176K), 0.0006255 secs] [Times: user=0.00 sys=0.00, real=0.00 secs] 
2019-01-02T11:13:59.729+0530: 907.629: [GC (Allocation Failure) 2019-01-02T11:13:59.729+0530: 907.629: [DefNew
Desired survivor size 32768 bytes, new threshold 15 (max 15)
- age   1:         24 bytes,         24 total
- age   4:        184 bytes,        208 total
: 515K->0K(960K), 0.0003478 secs] 3253K->2738K(10176K), 0.0004481 secs] [Times: user=0.00 sys=0.00, real=0.00 secs] 
2019-01-02T11:13:59.730+0530: 907.630: [GC (Allocation Failure) 2019-01-02T11:13:59.730+0530: 907.630: [DefNew
Desired survivor size 32768 bytes, new threshold 15 (max 15)
- age   2:         24 bytes,         24 total
- age   5:        184 bytes,        208 total
: 513K->0K(960K), 0.0003980 secs] 3251K->3251K(10176K), 0.0004863 secs] [Times: user=0.00 sys=0.00, real=0.00 secs] 
2019-01-02T11:13:59.731+0530: 907.631: [GC (Allocation Failure) 2019-01-02T11:13:59.731+0530: 907.631: [DefNew
Desired survivor size 32768 bytes, new threshold 15 (max 15)
- age   1:         24 bytes,         24 total
- age   6:         72 bytes,         96 total
: 531K->0K(960K), 0.0003364 secs] 3782K->3765K(10176K), 0.0004031 secs] [Times: user=0.00 sys=0.00, real=0.00 secs] 
2019-01-02T11:13:59.793+0530: 907.693: [GC (Allocation Failure) 2019-01-02T11:13:59.793+0530: 907.693: [DefNew
Desired survivor size 32768 bytes, new threshold 15 (max 15)
- age   1:        248 bytes,        248 total
- age   7:         16 bytes,        264 total
: 885K->0K(960K), 0.0009294 secs] 4650K->3837K(10176K), 0.0012133 secs] [Times: user=0.00 sys=0.00, real=0.00 secs] 
2019-01-02T11:13:59.796+0530: 907.696: [GC (Allocation Failure) 2019-01-02T11:13:59.796+0530: 907.696: [DefNew
Desired survivor size 32768 bytes, new threshold 15 (max 15)
- age   1:         40 bytes,         40 total
- age   2:        184 bytes,        224 total
- age   8:         16 bytes,        240 total
: 896K->0K(960K), 0.0010451 secs] 4733K->4125K(10176K), 0.0012179 secs] [Times: user=0.00 sys=0.00, real=0.00 secs] 
2019-01-02T11:13:59.798+0530: 907.698: [GC (Allocation Failure) 2019-01-02T11:13:59.799+0530: 907.698: [DefNew
Desired survivor size 32768 bytes, new threshold 15 (max 15)
- age   3:        184 bytes,        184 total
- age   9:         16 bytes,        200 total
: 896K->0K(960K), 0.0008421 secs] 5021K->4701K(10176K), 0.0009721 secs] [Times: user=0.00 sys=0.00, real=0.00 secs] 
2019-01-02T11:13:59.800+0530: 907.700: [GC (Allocation Failure) 2019-01-02T11:13:59.801+0530: 907.700: [DefNew
Desired survivor size 32768 bytes, new threshold 15 (max 15)
- age   1:         24 bytes,         24 total
- age   4:        184 bytes,        208 total
- age  10:         16 bytes,        224 total
: 515K->0K(960K), 0.0002560 secs] 5216K->4701K(10176K), 0.0003358 secs] [Times: user=0.00 sys=0.00, real=0.00 secs] 
2019-01-02T11:13:59.801+0530: 907.701: [GC (Allocation Failure) 2019-01-02T11:13:59.801+0530: 907.701: [DefNew
Desired survivor size 32768 bytes, new threshold 15 (max 15)
- age   2:         24 bytes,         24 total
- age   5:        184 bytes,        208 total
- age  11:         16 bytes,        224 total
: 513K->0K(960K), 0.0006568 secs] 5215K->5215K(10176K), 0.0007703 secs] [Times: user=0.00 sys=0.00, real=0.00 secs] 
2019-01-02T11:13:59.803+0530: 907.703: [GC (Allocation Failure) 2019-01-02T11:13:59.804+0530: 907.703: [DefNew
Desired survivor size 32768 bytes, new threshold 15 (max 15)
- age   1:         24 bytes,         24 total
- age   6:         72 bytes,         96 total
- age  12:         16 bytes,        112 total
: 531K->0K(960K), 0.0005468 secs] 5746K->5728K(10176K), 0.0006859 secs] [Times: user=0.00 sys=0.00, real=0.00 secs] 
2019-01-02T11:13:59.860+0530: 907.760: [GC (Allocation Failure) 2019-01-02T11:13:59.860+0530: 907.760: [DefNew
Desired survivor size 32768 bytes, new threshold 15 (max 15)
- age   1:        248 bytes,        248 total
- age   7:         16 bytes,        264 total
- age  13:         16 bytes,        280 total
: 885K->0K(960K), 0.0010206 secs] 6613K->5800K(10176K), 0.0013336 secs] [Times: user=0.00 sys=0.00, real=0.00 secs] 
2019-01-02T11:13:59.864+0530: 907.764: [GC (Allocation Failure) 2019-01-02T11:13:59.864+0530: 907.764: [DefNew
Desired survivor size 32768 bytes, new threshold 15 (max 15)
- age   1:         40 bytes,         40 total
- age   2:        184 bytes,        224 total
- age   8:         16 bytes,        240 total
- age  14:         16 bytes,        256 total
: 896K->0K(960K), 0.0010075 secs] 6696K->6088K(10176K), 0.0012230 secs] [Times: user=0.00 sys=0.00, real=0.00 secs] 
2019-01-02T11:13:59.866+0530: 907.766: [GC (Allocation Failure) 2019-01-02T11:13:59.867+0530: 907.766: [DefNew
Desired survivor size 32768 bytes, new threshold 15 (max 15)
- age   3:        184 bytes,        184 total
- age   9:         16 bytes,        200 total
- age  15:         16 bytes,        216 total
: 896K->0K(960K), 0.0007663 secs] 6984K->6664K(10176K), 0.0009493 secs] [Times: user=0.00 sys=0.00, real=0.00 secs] 
2019-01-02T11:13:59.870+0530: 907.770: [GC (Allocation Failure) 2019-01-02T11:13:59.870+0530: 907.770: [DefNew
Desired survivor size 32768 bytes, new threshold 15 (max 15)
- age   1:         24 bytes,         24 total
- age   4:        184 bytes,        208 total
- age  10:         16 bytes,        224 total
: 515K->0K(960K), 0.0010588 secs] 7180K->6664K(10176K), 0.0012908 secs] [Times: user=0.00 sys=0.00, real=0.00 secs] 
2019-01-02T11:13:59.871+0530: 907.771: [GC (Allocation Failure) 2019-01-02T11:13:59.871+0530: 907.771: [DefNew
Desired survivor size 32768 bytes, new threshold 15 (max 15)
- age   2:         24 bytes,         24 total
- age   5:        184 bytes,        208 total
- age  11:         16 bytes,        224 total
: 513K->0K(960K), 0.0009448 secs] 7178K->7178K(10176K), 0.0010936 secs] [Times: user=0.00 sys=0.00, real=0.00 secs] 
2019-01-02T11:13:59.873+0530: 907.773: [GC (Allocation Failure) 2019-01-02T11:13:59.873+0530: 907.773: [DefNew
Desired survivor size 32768 bytes, new threshold 15 (max 15)
- age   1:         24 bytes,         24 total
- age   6:         72 bytes,         96 total
- age  12:         16 bytes,        112 total
: 531K->0K(960K), 0.0011728 secs] 7709K->7691K(10176K), 0.0013256 secs] [Times: user=0.00 sys=0.00, real=0.00 secs] 
2019-01-02T11:13:59.943+0530: 907.843: [GC (Allocation Failure) 2019-01-02T11:13:59.944+0530: 907.844: [DefNew
Desired survivor size 32768 bytes, new threshold 15 (max 15)
- age   1:        248 bytes,        248 total
- age   7:         16 bytes,        264 total
- age  13:         16 bytes,        280 total
: 885K->0K(960K), 0.0011506 secs] 8576K->7764K(10176K), 0.0015349 secs] [Times: user=0.00 sys=0.00, real=0.00 secs] 
2019-01-02T11:13:59.947+0530: 907.847: [GC (Allocation Failure) 2019-01-02T11:13:59.947+0530: 907.847: [DefNew
Desired survivor size 32768 bytes, new threshold 15 (max 15)
- age   1:         40 bytes,         40 total
- age   2:        184 bytes,        224 total
- age   8:         16 bytes,        240 total
- age  14:         16 bytes,        256 total
: 896K->0K(960K), 0.0008130 secs] 8660K->8052K(10176K), 0.0010742 secs] [Times: user=0.02 sys=0.00, real=0.00 secs] 
2019-01-02T11:13:59.949+0530: 907.849: [GC (Allocation Failure) 2019-01-02T11:13:59.949+0530: 907.849: [DefNew
Desired survivor size 32768 bytes, new threshold 15 (max 15)
- age   3:        184 bytes,        184 total
- age   9:         16 bytes,        200 total
- age  15:         16 bytes,        216 total
: 896K->0K(960K), 0.0011620 secs] 8948K->8628K(10176K), 0.0014083 secs] [Times: user=0.00 sys=0.00, real=0.00 secs] 
2019-01-02T11:13:59.952+0530: 907.852: [GC (Allocation Failure) 2019-01-02T11:13:59.952+0530: 907.852: [DefNew
Desired survivor size 32768 bytes, new threshold 15 (max 15)
- age   1:         24 bytes,         24 total
- age   4:        184 bytes,        208 total
- age  10:         16 bytes,        224 total
: 515K->0K(960K), 0.0008250 secs] 9143K->8628K(10176K), 0.0010616 secs] [Times: user=0.00 sys=0.00, real=0.00 secs] 
2019-01-02T11:13:59.954+0530: 907.854: [GC (Allocation Failure) 2019-01-02T11:13:59.954+0530: 907.854: [DefNew
Desired survivor size 32768 bytes, new threshold 15 (max 15)
- age   2:         24 bytes,         24 total
- age   5:        184 bytes,        208 total
- age  11:         16 bytes,        224 total
: 513K->0K(960K), 0.0004117 secs] 9141K->9141K(10176K), 0.0005012 secs] [Times: user=0.00 sys=0.00, real=0.00 secs] 
2019-01-02T11:13:59.955+0530: 907.855: [GC (Allocation Failure) 2019-01-02T11:13:59.956+0530: 907.855: [DefNew: 531K->531K(960K), 0.0000450 secs]2019-01-02T11:13:59.956+0530: 907.855: [Tenured: 9141K->1288K(9216K), 0.0047278 secs] 9672K->1288K(10176K), [Metaspace: 2520K->2520K(1056768K)], 0.0049239 secs] [Times: user=0.00 sys=0.00, real=0.01 secs] 
2019-01-02T11:14:00.019+0530: 907.919: [GC (Allocation Failure) 2019-01-02T11:14:00.019+0530: 907.919: [DefNew
Desired survivor size 32768 bytes, new threshold 15 (max 15)
- age   1:        248 bytes,        248 total
: 885K->0K(960K), 0.0021278 secs] 2173K->1874K(10176K), 0.0024283 secs] [Times: user=0.00 sys=0.00, real=0.00 secs] 
2019-01-02T11:14:00.024+0530: 907.924: [GC (Allocation Failure) 2019-01-02T11:14:00.024+0530: 907.924: [DefNew
Desired survivor size 32768 bytes, new threshold 15 (max 15)
- age   1:         40 bytes,         40 total
- age   2:        184 bytes,        224 total
: 896K->0K(960K), 0.0008039 secs] 2770K->2162K(10176K), 0.0009830 secs] [Times: user=0.01 sys=0.00, real=0.00 secs] 
2019-01-02T11:14:00.026+0530: 907.926: [GC (Allocation Failure) 2019-01-02T11:14:00.027+0530: 907.926: [DefNew
Desired survivor size 32768 bytes, new threshold 15 (max 15)
- age   3:        184 bytes,        184 total
: 896K->0K(960K), 0.0010360 secs] 3058K->2738K(10176K), 0.0013034 secs] [Times: user=0.00 sys=0.00, real=0.00 secs] 
2019-01-02T11:14:00.029+0530: 907.929: [GC (Allocation Failure) 2019-01-02T11:14:00.029+0530: 907.929: [DefNew
Desired survivor size 32768 bytes, new threshold 15 (max 15)
- age   1:         24 bytes,         24 total
- age   4:        184 bytes,        208 total
: 515K->0K(960K), 0.0002514 secs] 3253K->2738K(10176K), 0.0003535 secs] [Times: user=0.00 sys=0.00, real=0.00 secs] 
2019-01-02T11:14:00.030+0530: 907.930: [GC (Allocation Failure) 2019-01-02T11:14:00.030+0530: 907.930: [DefNew
Desired survivor size 32768 bytes, new threshold 15 (max 15)
- age   2:         24 bytes,         24 total
- age   5:        184 bytes,        208 total
: 513K->0K(960K), 0.0003301 secs] 3252K->3252K(10176K), 0.0004014 secs] [Times: user=0.00 sys=0.00, real=0.00 secs] 
2019-01-02T11:14:00.031+0530: 907.931: [GC (Allocation Failure) 2019-01-02T11:14:00.031+0530: 907.931: [DefNew
Desired survivor size 32768 bytes, new threshold 15 (max 15)
- age   1:         24 bytes,         24 total
- age   6:         72 bytes,         96 total
: 531K->0K(960K), 0.0003204 secs] 3783K->3765K(10176K), 0.0004795 secs] [Times: user=0.00 sys=0.00, real=0.00 secs] 
2019-01-02T11:14:00.089+0530: 907.989: [GC (Allocation Failure) 2019-01-02T11:14:00.090+0530: 907.989: [DefNew
Desired survivor size 32768 bytes, new threshold 15 (max 15)
- age   1:        248 bytes,        248 total
- age   7:         16 bytes,        264 total
: 885K->0K(960K), 0.0005816 secs] 4650K->3837K(10176K), 0.0009641 secs] [Times: user=0.00 sys=0.00, real=0.00 secs] 
2019-01-02T11:14:00.092+0530: 907.992: [GC (Allocation Failure) 2019-01-02T11:14:00.092+0530: 907.992: [DefNew
Desired survivor size 32768 bytes, new threshold 15 (max 15)
- age   1:         40 bytes,         40 total
- age   2:        184 bytes,        224 total
- age   8:         16 bytes,        240 total
: 896K->0K(960K), 0.0005519 secs] 4733K->4125K(10176K), 0.0007019 secs] [Times: user=0.00 sys=0.00, real=0.00 secs] 
2019-01-02T11:14:00.094+0530: 907.994: [GC (Allocation Failure) 2019-01-02T11:14:00.094+0530: 907.994: [DefNew
Desired survivor size 32768 bytes, new threshold 15 (max 15)
- age   3:        184 bytes,        184 total
- age   9:         16 bytes,        200 total
: 896K->0K(960K), 0.0009601 secs] 5021K->4701K(10176K), 0.0010753 secs] [Times: user=0.00 sys=0.00, real=0.00 secs] 
2019-01-02T11:14:00.096+0530: 907.996: [GC (Allocation Failure) 2019-01-02T11:14:00.096+0530: 907.996: [DefNew
Desired survivor size 32768 bytes, new threshold 15 (max 15)
- age   1:         24 bytes,         24 total
- age   4:        184 bytes,        208 total
- age  10:         16 bytes,        224 total
: 515K->0K(960K), 0.0002874 secs] 5217K->4701K(10176K), 0.0004231 secs] [Times: user=0.00 sys=0.00, real=0.00 secs] 
2019-01-02T11:14:00.097+0530: 907.997: [GC (Allocation Failure) 2019-01-02T11:14:00.097+0530: 907.997: [DefNew
Desired survivor size 32768 bytes, new threshold 15 (max 15)
- age   2:         24 bytes,         24 total
- age   5:        184 bytes,        208 total
- age  11:         16 bytes,        224 total
: 513K->0K(960K), 0.0003364 secs] 5215K->5215K(10176K), 0.0004077 secs] [Times: user=0.00 sys=0.00, real=0.00 secs] 
2019-01-02T11:14:00.098+0530: 907.998: [GC (Allocation Failure) 2019-01-02T11:14:00.098+0530: 907.998: [DefNew
Desired survivor size 32768 bytes, new threshold 15 (max 15)
- age   1:         24 bytes,         24 total
- age   6:         72 bytes,         96 total
- age  12:         16 bytes,        112 total
: 531K->0K(960K), 0.0003159 secs] 5746K->5729K(10176K), 0.0003871 secs] [Times: user=0.00 sys=0.00, real=0.00 secs] 
2019-01-02T11:14:00.164+0530: 908.064: [GC (Allocation Failure) 2019-01-02T11:14:00.164+0530: 908.064: [DefNew
Desired survivor size 32768 bytes, new threshold 15 (max 15)
- age   1:        248 bytes,        248 total
- age   7:         16 bytes,        264 total
- age  13:         16 bytes,        280 total
: 885K->0K(960K), 0.0016267 secs] 6614K->5801K(10176K), 0.0020252 secs] [Times: user=0.01 sys=0.00, real=0.00 secs] 
2019-01-02T11:14:00.168+0530: 908.068: [GC (Allocation Failure) 2019-01-02T11:14:00.168+0530: 908.068: [DefNew
Desired survivor size 32768 bytes, new threshold 15 (max 15)
- age   1:         40 bytes,         40 total
- age   2:        184 bytes,        224 total
- age   8:         16 bytes,        240 total
- age  14:         16 bytes,        256 total
: 896K->0K(960K), 0.0004037 secs] 6697K->6089K(10176K), 0.0004903 secs] [Times: user=0.00 sys=0.00, real=0.00 secs] 
2019-01-02T11:14:00.170+0530: 908.070: [GC (Allocation Failure) 2019-01-02T11:14:00.170+0530: 908.070: [DefNew
Desired survivor size 32768 bytes, new threshold 15 (max 15)
- age   3:        184 bytes,        184 total
- age   9:         16 bytes,        200 total
- age  15:         16 bytes,        216 total
: 896K->0K(960K), 0.0006671 secs] 6985K->6665K(10176K), 0.0008672 secs] [Times: user=0.00 sys=0.00, real=0.00 secs] 
2019-01-02T11:14:00.174+0530: 908.074: [GC (Allocation Failure) 2019-01-02T11:14:00.174+0530: 908.074: [DefNew
Desired survivor size 32768 bytes, new threshold 15 (max 15)
- age   1:         24 bytes,         24 total
- age   4:        184 bytes,        208 total
- age  10:         16 bytes,        224 total
: 515K->0K(960K), 0.0008284 secs] 7180K->6665K(10176K), 0.0010753 secs] [Times: user=0.00 sys=0.00, real=0.00 secs] 
2019-01-02T11:14:00.176+0530: 908.076: [GC (Allocation Failure) 2019-01-02T11:14:00.176+0530: 908.076: [DefNew
Desired survivor size 32768 bytes, new threshold 15 (max 15)
- age   2:         24 bytes,         24 total
- age   5:        184 bytes,        208 total
- age  11:         16 bytes,        224 total
: 513K->0K(960K), 0.0009966 secs] 7178K->7178K(10176K), 0.0010970 secs] [Times: user=0.00 sys=0.00, real=0.00 secs] 
2019-01-02T11:14:00.177+0530: 908.077: [GC (Allocation Failure) 2019-01-02T11:14:00.177+0530: 908.077: [DefNew
Desired survivor size 32768 bytes, new threshold 15 (max 15)
- age   1:         24 bytes,         24 total
- age   6:         72 bytes,         96 total
- age  12:         16 bytes,        112 total
: 531K->0K(960K), 0.0003296 secs] 7710K->7692K(10176K), 0.0003911 secs] [Times: user=0.00 sys=0.00, real=0.00 secs] 
2019-01-02T11:14:00.236+0530: 908.136: [GC (Allocation Failure) 2019-01-02T11:14:00.236+0530: 908.136: [DefNew
Desired survivor size 32768 bytes, new threshold 15 (max 15)
- age   1:        248 bytes,        248 total
- age   7:         16 bytes,        264 total
- age  13:         16 bytes,        280 total
: 885K->0K(960K), 0.0009100 secs] 8577K->7764K(10176K), 0.0011705 secs] [Times: user=0.00 sys=0.00, real=0.00 secs] 
2019-01-02T11:14:00.240+0530: 908.140: [GC (Allocation Failure) 2019-01-02T11:14:00.240+0530: 908.140: [DefNew
Desired survivor size 32768 bytes, new threshold 15 (max 15)
- age   1:         40 bytes,         40 total
- age   2:        184 bytes,        224 total
- age   8:         16 bytes,        240 total
- age  14:         16 bytes,        256 total
: 896K->0K(960K), 0.0012384 secs] 8660K->8052K(10176K), 0.0014881 secs] [Times: user=0.00 sys=0.00, real=0.00 secs] 
2019-01-02T11:14:00.243+0530: 908.143: [GC (Allocation Failure) 2019-01-02T11:14:00.243+0530: 908.143: [DefNew
Desired survivor size 32768 bytes, new threshold 15 (max 15)
- age   3:        184 bytes,        184 total
- age   9:         16 bytes,        200 total
- age  15:         16 bytes,        216 total
: 896K->0K(960K), 0.0007880 secs] 8948K->8628K(10176K), 0.0008746 secs] [Times: user=0.02 sys=0.00, real=0.00 secs] 
2019-01-02T11:14:00.245+0530: 908.145: [GC (Allocation Failure) 2019-01-02T11:14:00.245+0530: 908.145: [DefNew
Desired survivor size 32768 bytes, new threshold 15 (max 15)
- age   1:         24 bytes,         24 total
- age   4:        184 bytes,        208 total
- age  10:         16 bytes,        224 total
: 515K->0K(960K), 0.0005696 secs] 9144K->8628K(10176K), 0.0006813 secs] [Times: user=0.00 sys=0.00, real=0.00 secs] 
2019-01-02T11:14:00.246+0530: 908.146: [GC (Allocation Failure) 2019-01-02T11:14:00.246+0530: 908.146: [DefNew
Desired survivor size 32768 bytes, new threshold 15 (max 15)
- age   2:         24 bytes,         24 total
- age   5:        184 bytes,        208 total
- age  11:         16 bytes,        224 total
: 513K->0K(960K), 0.0003689 secs] 9142K->9142K(10176K), 0.0004367 secs] [Times: user=0.00 sys=0.00, real=0.00 secs] 
2019-01-02T11:14:00.247+0530: 908.147: [GC (Allocation Failure) 2019-01-02T11:14:00.247+0530: 908.147: [DefNew: 531K->531K(960K), 0.0000234 secs]2019-01-02T11:14:00.247+0530: 908.147: [Tenured: 9142K->1288K(9216K), 0.0038594 secs] 9673K->1288K(10176K), [Metaspace: 2520K->2520K(1056768K)], 0.0039911 secs] [Times: user=0.00 sys=0.00, real=0.00 secs] 
2019-01-02T11:14:00.309+0530: 908.209: [GC (Allocation Failure) 2019-01-02T11:14:00.309+0530: 908.209: [DefNew
Desired survivor size 32768 bytes, new threshold 15 (max 15)
- age   1:        248 bytes,        248 total
: 885K->0K(960K), 0.0012412 secs] 2173K->1874K(10176K), 0.0014522 secs] [Times: user=0.00 sys=0.00, real=0.00 secs] 
2019-01-02T11:14:00.312+0530: 908.212: [GC (Allocation Failure) 2019-01-02T11:14:00.312+0530: 908.212: [DefNew
Desired survivor size 32768 bytes, new threshold 15 (max 15)
- age   1:         40 bytes,         40 total
- age   2:        184 bytes,        224 total
: 896K->0K(960K), 0.0010160 secs] 2770K->2162K(10176K), 0.0011774 secs] [Times: user=0.00 sys=0.00, real=0.00 secs] 
2019-01-02T11:14:00.315+0530: 908.215: [GC (Allocation Failure) 2019-01-02T11:14:00.315+0530: 908.215: [DefNew
Desired survivor size 32768 bytes, new threshold 15 (max 15)
- age   3:        184 bytes,        184 total
: 896K->0K(960K), 0.0009105 secs] 3058K->2738K(10176K), 0.0011072 secs] [Times: user=0.00 sys=0.00, real=0.00 secs] 
2019-01-02T11:14:00.317+0530: 908.217: [GC (Allocation Failure) 2019-01-02T11:14:00.317+0530: 908.217: [DefNew
Desired survivor size 32768 bytes, new threshold 15 (max 15)
- age   1:         24 bytes,         24 total
- age   4:        184 bytes,        208 total
: 515K->0K(960K), 0.0002503 secs] 3254K->2738K(10176K), 0.0003210 secs] [Times: user=0.00 sys=0.00, real=0.00 secs] 
2019-01-02T11:14:00.318+0530: 908.218: [GC (Allocation Failure) 2019-01-02T11:14:00.318+0530: 908.218: [DefNew
Desired survivor size 32768 bytes, new threshold 15 (max 15)
- age   2:         24 bytes,         24 total
- age   5:        184 bytes,        208 total
: 513K->0K(960K), 0.0003267 secs] 3252K->3252K(10176K), 0.0003963 secs] [Times: user=0.00 sys=0.00, real=0.00 secs] 
2019-01-02T11:14:00.319+0530: 908.218: [GC (Allocation Failure) 2019-01-02T11:14:00.319+0530: 908.219: [DefNew
Desired survivor size 32768 bytes, new threshold 15 (max 15)
- age   1:         24 bytes,         24 total
- age   6:         72 bytes,         96 total
: 531K->0K(960K), 0.0003107 secs] 3783K->3766K(10176K), 0.0003814 secs] [Times: user=0.00 sys=0.00, real=0.00 secs] 
2019-01-02T11:14:00.381+0530: 908.281: [GC (Allocation Failure) 2019-01-02T11:14:00.381+0530: 908.281: [DefNew
Desired survivor size 32768 bytes, new threshold 15 (max 15)
- age   1:        248 bytes,        248 total
- age   7:         16 bytes,        264 total
: 885K->0K(960K), 0.0009442 secs] 4651K->3838K(10176K), 0.0013615 secs] [Times: user=0.00 sys=0.00, real=0.00 secs] 
2019-01-02T11:14:00.384+0530: 908.284: [GC (Allocation Failure) 2019-01-02T11:14:00.384+0530: 908.284: [DefNew
Desired survivor size 32768 bytes, new threshold 15 (max 15)
- age   1:         40 bytes,         40 total
- age   2:        184 bytes,        224 total
- age   8:         16 bytes,        240 total
: 896K->0K(960K), 0.0015012 secs] 4734K->4126K(10176K), 0.0018564 secs] [Times: user=0.00 sys=0.00, real=0.00 secs] 
2019-01-02T11:14:00.388+0530: 908.288: [GC (Allocation Failure) 2019-01-02T11:14:00.388+0530: 908.288: [DefNew
Desired survivor size 32768 bytes, new threshold 15 (max 15)
- age   3:        184 bytes,        184 total
- age   9:         16 bytes,        200 total
: 896K->0K(960K), 0.0018051 secs] 5022K->4702K(10176K), 0.0019528 secs] [Times: user=0.00 sys=0.00, real=0.00 secs] 
2019-01-02T11:14:00.392+0530: 908.292: [GC (Allocation Failure) 2019-01-02T11:14:00.392+0530: 908.292: [DefNew
Desired survivor size 32768 bytes, new threshold 15 (max 15)
- age   1:         24 bytes,         24 total
- age   4:        184 bytes,        208 total
- age  10:         16 bytes,        224 total
: 515K->0K(960K), 0.0005964 secs] 5217K->4702K(10176K), 0.0007709 secs] [Times: user=0.00 sys=0.00, real=0.00 secs] 
2019-01-02T11:14:00.393+0530: 908.293: [GC (Allocation Failure) 2019-01-02T11:14:00.393+0530: 908.293: [DefNew
Desired survivor size 32768 bytes, new threshold 15 (max 15)
- age   2:         24 bytes,         24 total
- age   5:        184 bytes,        208 total
- age  11:         16 bytes,        224 total
: 513K->0K(960K), 0.0008091 secs] 5215K->5215K(10176K), 0.0008969 secs] [Times: user=0.00 sys=0.00, real=0.00 secs] 
2019-01-02T11:14:00.394+0530: 908.294: [GC (Allocation Failure) 2019-01-02T11:14:00.395+0530: 908.294: [DefNew
Desired survivor size 32768 bytes, new threshold 15 (max 15)
- age   1:         24 bytes,         24 total
- age   6:         72 bytes,         96 total
- age  12:         16 bytes,        112 total
: 531K->0K(960K), 0.0003746 secs] 5747K->5729K(10176K), 0.0005012 secs] [Times: user=0.00 sys=0.00, real=0.00 secs] 
2019-01-02T11:14:00.456+0530: 908.356: [GC (Allocation Failure) 2019-01-02T11:14:00.456+0530: 908.356: [DefNew
Desired survivor size 32768 bytes, new threshold 15 (max 15)
- age   1:        248 bytes,        248 total
- age   7:         16 bytes,        264 total
- age  13:         16 bytes,        280 total
: 885K->0K(960K), 0.0006329 secs] 6614K->5801K(10176K), 0.0010993 secs] [Times: user=0.00 sys=0.00, real=0.00 secs] 
2019-01-02T11:14:00.459+0530: 908.359: [GC (Allocation Failure) 2019-01-02T11:14:00.459+0530: 908.359: [DefNew
Desired survivor size 32768 bytes, new threshold 15 (max 15)
- age   1:         40 bytes,         40 total
- age   2:        184 bytes,        224 total
- age   8:         16 bytes,        240 total
- age  14:         16 bytes,        256 total
: 896K->0K(960K), 0.0008723 secs] 6697K->6089K(10176K), 0.0011015 secs] [Times: user=0.00 sys=0.00, real=0.00 secs] 
2019-01-02T11:14:00.461+0530: 908.361: [GC (Allocation Failure) 2019-01-02T11:14:00.462+0530: 908.361: [DefNew
Desired survivor size 32768 bytes, new threshold 15 (max 15)
- age   3:        184 bytes,        184 total
- age   9:         16 bytes,        200 total
- age  15:         16 bytes,        216 total
: 896K->0K(960K), 0.0007543 secs] 6985K->6665K(10176K), 0.0008649 secs] [Times: user=0.02 sys=0.00, real=0.00 secs] 
2019-01-02T11:14:00.464+0530: 908.364: [GC (Allocation Failure) 2019-01-02T11:14:00.464+0530: 908.364: [DefNew
Desired survivor size 32768 bytes, new threshold 15 (max 15)
- age   1:         24 bytes,         24 total
- age   4:        184 bytes,        208 total
- age  10:         16 bytes,        224 total
: 515K->0K(960K), 0.0008250 secs] 7181K->6665K(10176K), 0.0010269 secs] [Times: user=0.00 sys=0.00, real=0.00 secs] 
2019-01-02T11:14:00.465+0530: 908.365: [GC (Allocation Failure) 2019-01-02T11:14:00.465+0530: 908.365: [DefNew
Desired survivor size 32768 bytes, new threshold 15 (max 15)
- age   2:         24 bytes,         24 total
- age   5:        184 bytes,        208 total
- age  11:         16 bytes,        224 total
: 513K->0K(960K), 0.0003512 secs] 7179K->7179K(10176K), 0.0004122 secs] [Times: user=0.00 sys=0.00, real=0.00 secs] 
2019-01-02T11:14:00.466+0530: 908.366: [GC (Allocation Failure) 2019-01-02T11:14:00.466+0530: 908.366: [DefNew
Desired survivor size 32768 bytes, new threshold 15 (max 15)
- age   1:         24 bytes,         24 total
- age   6:         72 bytes,         96 total
- age  12:         16 bytes,        112 total
: 531K->0K(960K), 0.0002971 secs] 7711K->7693K(10176K), 0.0003478 secs] [Times: user=0.00 sys=0.00, real=0.00 secs] 
2019-01-02T11:14:00.527+0530: 908.427: [GC (Allocation Failure) 2019-01-02T11:14:00.527+0530: 908.427: [DefNew
Desired survivor size 32768 bytes, new threshold 15 (max 15)
- age   1:        248 bytes,        248 total
- age   7:         16 bytes,        264 total
- age  13:         16 bytes,        280 total
: 885K->0K(960K), 0.0007116 secs] 8578K->7765K(10176K), 0.0009476 secs] [Times: user=0.00 sys=0.00, real=0.00 secs] 
2019-01-02T11:14:00.529+0530: 908.429: [GC (Allocation Failure) 2019-01-02T11:14:00.529+0530: 908.429: [DefNew
Desired survivor size 32768 bytes, new threshold 15 (max 15)
- age   1:         40 bytes,         40 total
- age   2:        184 bytes,        224 total
- age   8:         16 bytes,        240 total
- age  14:         16 bytes,        256 total
: 896K->0K(960K), 0.0016250 secs] 8661K->8053K(10176K), 0.0017550 secs] [Times: user=0.00 sys=0.00, real=0.00 secs] 
2019-01-02T11:14:00.532+0530: 908.432: [GC (Allocation Failure) 2019-01-02T11:14:00.532+0530: 908.432: [DefNew
Desired survivor size 32768 bytes, new threshold 15 (max 15)
- age   3:        184 bytes,        184 total
- age   9:         16 bytes,        200 total
- age  15:         16 bytes,        216 total
: 896K->0K(960K), 0.0003888 secs] 8949K->8629K(10176K), 0.0005126 secs] [Times: user=0.00 sys=0.00, real=0.00 secs] 
2019-01-02T11:14:00.534+0530: 908.434: [GC (Allocation Failure) 2019-01-02T11:14:00.534+0530: 908.434: [DefNew
Desired survivor size 32768 bytes, new threshold 15 (max 15)
- age   1:         24 bytes,         24 total
- age   4:        184 bytes,        208 total
- age  10:         16 bytes,        224 total
: 515K->0K(960K), 0.0002349 secs] 9145K->8629K(10176K), 0.0003039 secs] [Times: user=0.00 sys=0.00, real=0.00 secs] 
2019-01-02T11:14:00.535+0530: 908.435: [GC (Allocation Failure) 2019-01-02T11:14:00.535+0530: 908.435: [DefNew
Desired survivor size 32768 bytes, new threshold 15 (max 15)
- age   2:         24 bytes,         24 total
- age   5:        184 bytes,        208 total
- age  11:         16 bytes,        224 total
: 514K->0K(960K), 0.0004550 secs] 9143K->9143K(10176K), 0.0005576 secs] [Times: user=0.00 sys=0.00, real=0.00 secs] 
2019-01-02T11:14:00.536+0530: 908.436: [GC (Allocation Failure) 2019-01-02T11:14:00.536+0530: 908.436: [DefNew: 531K->531K(960K), 0.0000422 secs]2019-01-02T11:14:00.536+0530: 908.436: [Tenured: 9143K->1288K(9216K), 0.0046668 secs] 9674K->1288K(10176K), [Metaspace: 2520K->2520K(1056768K)], 0.0051839 secs] [Times: user=0.01 sys=0.00, real=0.00 secs] 
2019-01-02T11:14:00.602+0530: 908.502: [GC (Allocation Failure) 2019-01-02T11:14:00.602+0530: 908.502: [DefNew
Desired survivor size 32768 bytes, new threshold 15 (max 15)
- age   1:        248 bytes,        248 total
: 885K->0K(960K), 0.0013610 secs] 2173K->1874K(10176K), 0.0017897 secs] [Times: user=0.02 sys=0.00, real=0.00 secs] 
2019-01-02T11:14:00.608+0530: 908.508: [GC (Allocation Failure) 2019-01-02T11:14:00.608+0530: 908.508: [DefNew
Desired survivor size 32768 bytes, new threshold 15 (max 15)
- age   1:         40 bytes,         40 total
- age   2:        184 bytes,        224 total
: 896K->0K(960K), 0.0005650 secs] 2770K->2162K(10176K), 0.0007823 secs] [Times: user=0.00 sys=0.00, real=0.00 secs] 
2019-01-02T11:14:00.611+0530: 908.511: [GC (Allocation Failure) 2019-01-02T11:14:00.611+0530: 908.511: [DefNew
Desired survivor size 32768 bytes, new threshold 15 (max 15)
- age   3:        184 bytes,        184 total
: 896K->0K(960K), 0.0013136 secs] 3058K->2738K(10176K), 0.0015035 secs] [Times: user=0.00 sys=0.00, real=0.00 secs] 
2019-01-02T11:14:00.614+0530: 908.514: [GC (Allocation Failure) 2019-01-02T11:14:00.614+0530: 908.514: [DefNew
Desired survivor size 32768 bytes, new threshold 15 (max 15)
- age   1:         24 bytes,         24 total
- age   4:        184 bytes,        208 total
: 515K->0K(960K), 0.0003626 secs] 3254K->2738K(10176K), 0.0004721 secs] [Times: user=0.00 sys=0.00, real=0.00 secs] 
2019-01-02T11:14:00.615+0530: 908.515: [GC (Allocation Failure) 2019-01-02T11:14:00.615+0530: 908.515: [DefNew
Desired survivor size 32768 bytes, new threshold 15 (max 15)
- age   2:         24 bytes,         24 total
- age   5:        184 bytes,        208 total
: 514K->0K(960K), 0.0005240 secs] 3252K->3252K(10176K), 0.0006295 secs] [Times: user=0.00 sys=0.00, real=0.00 secs] 
2019-01-02T11:14:00.616+0530: 908.516: [GC (Allocation Failure) 2019-01-02T11:14:00.616+0530: 908.516: [DefNew
Desired survivor size 32768 bytes, new threshold 15 (max 15)
- age   1:         24 bytes,         24 total
- age   6:         72 bytes,         96 total
: 531K->0K(960K), 0.0004333 secs] 3784K->3766K(10176K), 0.0005143 secs] [Times: user=0.00 sys=0.00, real=0.00 secs] 
2019-01-02T11:14:00.676+0530: 908.576: [GC (Allocation Failure) 2019-01-02T11:14:00.676+0530: 908.576: [DefNew
Desired survivor size 32768 bytes, new threshold 15 (max 15)
- age   1:        248 bytes,        248 total
- age   7:         16 bytes,        264 total
: 885K->0K(960K), 0.0011380 secs] 4651K->3838K(10176K), 0.0014357 secs] [Times: user=0.00 sys=0.00, real=0.00 secs] 
2019-01-02T11:14:00.679+0530: 908.579: [GC (Allocation Failure) 2019-01-02T11:14:00.679+0530: 908.579: [DefNew
Desired survivor size 32768 bytes, new threshold 15 (max 15)
- age   1:         40 bytes,         40 total
- age   2:        184 bytes,        224 total
- age   8:         16 bytes,        240 total
: 896K->0K(960K), 0.0007680 secs] 4734K->4126K(10176K), 0.0009066 secs] [Times: user=0.01 sys=0.00, real=0.00 secs] 
2019-01-02T11:14:00.682+0530: 908.582: [GC (Allocation Failure) 2019-01-02T11:14:00.682+0530: 908.582: [DefNew
Desired survivor size 32768 bytes, new threshold 15 (max 15)
- age   3:        184 bytes,        184 total
- age   9:         16 bytes,        200 total
: 896K->0K(960K), 0.0011340 secs] 5022K->4702K(10176K), 0.0012538 secs] [Times: user=0.00 sys=0.00, real=0.00 secs] 
2019-01-02T11:14:00.684+0530: 908.584: [GC (Allocation Failure) 2019-01-02T11:14:00.684+0530: 908.584: [DefNew
Desired survivor size 32768 bytes, new threshold 15 (max 15)
- age   1:         24 bytes,         24 total
- age   4:        184 bytes,        208 total
- age  10:         16 bytes,        224 total
: 515K->0K(960K), 0.0002286 secs] 5218K->4702K(10176K), 0.0002851 secs] [Times: user=0.00 sys=0.00, real=0.00 secs] 
2019-01-02T11:14:00.685+0530: 908.585: [GC (Allocation Failure) 2019-01-02T11:14:00.685+0530: 908.585: [DefNew
Desired survivor size 32768 bytes, new threshold 15 (max 15)
- age   2:         24 bytes,         24 total
- age   5:        184 bytes,        208 total
- age  11:         16 bytes,        224 total
: 514K->0K(960K), 0.0002942 secs] 5216K->5216K(10176K), 0.0003432 secs] [Times: user=0.00 sys=0.00, real=0.00 secs] 
2019-01-02T11:14:00.685+0530: 908.585: [GC (Allocation Failure) 2019-01-02T11:14:00.685+0530: 908.585: [DefNew
Desired survivor size 32768 bytes, new threshold 15 (max 15)
- age   1:         24 bytes,         24 total
- age   6:         72 bytes,         96 total
- age  12:         16 bytes,        112 total
: 531K->0K(960K), 0.0004630 secs] 5747K->5730K(10176K), 0.0005502 secs] [Times: user=0.00 sys=0.00, real=0.00 secs] 
2019-01-02T11:14:00.748+0530: 908.648: [GC (Allocation Failure) 2019-01-02T11:14:00.748+0530: 908.648: [DefNew
Desired survivor size 32768 bytes, new threshold 15 (max 15)
- age   1:        248 bytes,        248 total
- age   7:         16 bytes,        264 total
- age  13:         16 bytes,        280 total
: 885K->0K(960K), 0.0009379 secs] 6615K->5802K(10176K), 0.0013422 secs] [Times: user=0.00 sys=0.00, real=0.00 secs] 
2019-01-02T11:14:00.751+0530: 908.651: [GC (Allocation Failure) 2019-01-02T11:14:00.751+0530: 908.651: [DefNew
Desired survivor size 32768 bytes, new threshold 15 (max 15)
- age   1:         40 bytes,         40 total
- age   2:        184 bytes,        224 total
- age   8:         16 bytes,        240 total
- age  14:         16 bytes,        256 total
: 896K->0K(960K), 0.0007281 secs] 6698K->6090K(10176K), 0.0009875 secs] [Times: user=0.00 sys=0.00, real=0.00 secs] 
2019-01-02T11:14:00.754+0530: 908.654: [GC (Allocation Failure) 2019-01-02T11:14:00.754+0530: 908.654: [DefNew
Desired survivor size 32768 bytes, new threshold 15 (max 15)
- age   3:        184 bytes,        184 total
- age   9:         16 bytes,        200 total
- age  15:         16 bytes,        216 total
: 896K->0K(960K), 0.0004128 secs] 6986K->6666K(10176K), 0.0005040 secs] [Times: user=0.00 sys=0.00, real=0.00 secs] 
2019-01-02T11:14:00.755+0530: 908.655: [GC (Allocation Failure) 2019-01-02T11:14:00.755+0530: 908.655: [DefNew
Desired survivor size 32768 bytes, new threshold 15 (max 15)
- age   1:         24 bytes,         24 total
- age   4:        184 bytes,        208 total
- age  10:         16 bytes,        224 total
: 515K->0K(960K), 0.0002514 secs] 7181K->6666K(10176K), 0.0003239 secs] [Times: user=0.00 sys=0.00, real=0.00 secs] 
2019-01-02T11:14:00.756+0530: 908.656: [GC (Allocation Failure) 2019-01-02T11:14:00.756+0530: 908.656: [DefNew
Desired survivor size 32768 bytes, new threshold 15 (max 15)
- age   2:         24 bytes,         24 total
- age   5:        184 bytes,        208 total
- age  11:         16 bytes,        224 total
: 514K->0K(960K), 0.0003455 secs] 7180K->7180K(10176K), 0.0004270 secs] [Times: user=0.00 sys=0.00, real=0.00 secs] 
2019-01-02T11:14:00.757+0530: 908.657: [GC (Allocation Failure) 2019-01-02T11:14:00.757+0530: 908.657: [DefNew
Desired survivor size 32768 bytes, new threshold 15 (max 15)
- age   1:         24 bytes,         24 total
- age   6:         72 bytes,         96 total
- age  12:         16 bytes,        112 total
: 531K->0K(960K), 0.0003130 secs] 7711K->7694K(10176K), 0.0003735 secs] [Times: user=0.00 sys=0.00, real=0.00 secs] 
2019-01-02T11:14:00.812+0530: 908.712: [GC (Allocation Failure) 2019-01-02T11:14:00.812+0530: 908.712: [DefNew
Desired survivor size 32768 bytes, new threshold 15 (max 15)
- age   1:        248 bytes,        248 total
- age   7:         16 bytes,        264 total
- age  13:         16 bytes,        280 total
: 885K->0K(960K), 0.0005593 secs] 8579K->7766K(10176K), 0.0007190 secs] [Times: user=0.00 sys=0.00, real=0.00 secs] 
2019-01-02T11:14:00.814+0530: 908.714: [GC (Allocation Failure) 2019-01-02T11:14:00.814+0530: 908.714: [DefNew
Desired survivor size 32768 bytes, new threshold 15 (max 15)
- age   1:         40 bytes,         40 total
- age   2:        184 bytes,        224 total
- age   8:         16 bytes,        240 total
- age  14:         16 bytes,        256 total
: 896K->0K(960K), 0.0008535 secs] 8662K->8054K(10176K), 0.0009755 secs] [Times: user=0.00 sys=0.00, real=0.00 secs] 
2019-01-02T11:14:00.817+0530: 908.717: [GC (Allocation Failure) 2019-01-02T11:14:00.817+0530: 908.717: [DefNew
Desired survivor size 32768 bytes, new threshold 15 (max 15)
- age   3:        184 bytes,        184 total
- age   9:         16 bytes,        200 total
- age  15:         16 bytes,        216 total
: 896K->0K(960K), 0.0011591 secs] 8950K->8630K(10176K), 0.0013313 secs] [Times: user=0.00 sys=0.00, real=0.00 secs] 
2019-01-02T11:14:00.820+0530: 908.720: [GC (Allocation Failure) 2019-01-02T11:14:00.820+0530: 908.720: [DefNew
Desired survivor size 32768 bytes, new threshold 15 (max 15)
- age   1:         24 bytes,         24 total
- age   4:        184 bytes,        208 total
- age  10:         16 bytes,        224 total
: 515K->0K(960K), 0.0004481 secs] 9145K->8630K(10176K), 0.0006238 secs] [Times: user=0.00 sys=0.00, real=0.00 secs] 
2019-01-02T11:14:00.821+0530: 908.721: [GC (Allocation Failure) 2019-01-02T11:14:00.821+0530: 908.721: [DefNew
Desired survivor size 32768 bytes, new threshold 15 (max 15)
- age   2:         24 bytes,         24 total
- age   5:        184 bytes,        208 total
- age  11:         16 bytes,        224 total
: 514K->0K(960K), 0.0003398 secs] 9144K->9144K(10176K), 0.0004134 secs] [Times: user=0.00 sys=0.00, real=0.00 secs] 
2019-01-02T11:14:00.821+0530: 908.721: [GC (Allocation Failure) 2019-01-02T11:14:00.821+0530: 908.721: [DefNew: 531K->531K(960K), 0.0000279 secs]2019-01-02T11:14:00.821+0530: 908.721: [Tenured: 9143K->1288K(9216K), 0.0048612 secs] 9675K->1288K(10176K), [Metaspace: 2520K->2520K(1056768K)], 0.0050328 secs] [Times: user=0.00 sys=0.00, real=0.00 secs] 
2019-01-02T11:14:00.882+0530: 908.782: [GC (Allocation Failure) 2019-01-02T11:14:00.882+0530: 908.782: [DefNew
Desired survivor size 32768 bytes, new threshold 15 (max 15)
- age   1:        248 bytes,        248 total
: 885K->0K(960K), 0.0013399 secs] 2174K->1875K(10176K), 0.0016386 secs] [Times: user=0.02 sys=0.00, real=0.00 secs] 
2019-01-02T11:14:00.885+0530: 908.785: [GC (Allocation Failure) 2019-01-02T11:14:00.885+0530: 908.785: [DefNew
Desired survivor size 32768 bytes, new threshold 15 (max 15)
- age   1:         40 bytes,         40 total
- age   2:        184 bytes,        224 total
: 896K->0K(960K), 0.0007002 secs] 2771K->2163K(10176K), 0.0009009 secs] [Times: user=0.00 sys=0.00, real=0.00 secs] 
2019-01-02T11:14:00.889+0530: 908.789: [GC (Allocation Failure) 2019-01-02T11:14:00.889+0530: 908.789: [DefNew
Desired survivor size 32768 bytes, new threshold 15 (max 15)
- age   3:        184 bytes,        184 total
: 896K->0K(960K), 0.0014368 secs] 3059K->2739K(10176K), 0.0016136 secs] [Times: user=0.00 sys=0.00, real=0.00 secs] 
2019-01-02T11:14:00.892+0530: 908.792: [GC (Allocation Failure) 2019-01-02T11:14:00.892+0530: 908.792: [DefNew
Desired survivor size 32768 bytes, new threshold 15 (max 15)
- age   1:         24 bytes,         24 total
- age   4:        184 bytes,        208 total
: 515K->0K(960K), 0.0007674 secs] 3254K->2739K(10176K), 0.0009294 secs] [Times: user=0.00 sys=0.00, real=0.00 secs] 
2019-01-02T11:14:00.893+0530: 908.793: [GC (Allocation Failure) 2019-01-02T11:14:00.893+0530: 908.793: [DefNew
Desired survivor size 32768 bytes, new threshold 15 (max 15)
- age   2:         24 bytes,         24 total
- age   5:        184 bytes,        208 total
: 514K->0K(960K), 0.0003843 secs] 3253K->3253K(10176K), 0.0004504 secs] [Times: user=0.00 sys=0.00, real=0.00 secs] 
2019-01-02T11:14:00.894+0530: 908.794: [GC (Allocation Failure) 2019-01-02T11:14:00.894+0530: 908.794: [DefNew
Desired survivor size 32768 bytes, new threshold 15 (max 15)
- age   1:         24 bytes,         24 total
- age   6:         72 bytes,         96 total
: 531K->0K(960K), 0.0006967 secs] 3784K->3766K(10176K), 0.0007868 secs] [Times: user=0.00 sys=0.00, real=0.00 secs] 
2019-01-02T11:14:00.958+0530: 908.858: [GC (Allocation Failure) 2019-01-02T11:14:00.959+0530: 908.859: [DefNew
Desired survivor size 32768 bytes, new threshold 15 (max 15)
- age   1:        248 bytes,        248 total
- age   7:         16 bytes,        264 total
: 885K->0K(960K), 0.0006979 secs] 4652K->3839K(10176K), 0.0010132 secs] [Times: user=0.00 sys=0.00, real=0.00 secs] 
2019-01-02T11:14:00.962+0530: 908.862: [GC (Allocation Failure) 2019-01-02T11:14:00.962+0530: 908.862: [DefNew
Desired survivor size 32768 bytes, new threshold 15 (max 15)
- age   1:         40 bytes,         40 total
- age   2:        184 bytes,        224 total
- age   8:         16 bytes,        240 total
: 896K->0K(960K), 0.0006437 secs] 4735K->4127K(10176K), 0.0009368 secs] [Times: user=0.00 sys=0.00, real=0.00 secs] 
2019-01-02T11:14:00.964+0530: 908.864: [GC (Allocation Failure) 2019-01-02T11:14:00.964+0530: 908.864: [DefNew
Desired survivor size 32768 bytes, new threshold 15 (max 15)
- age   3:        184 bytes,        184 total
- age   9:         16 bytes,        200 total
: 896K->0K(960K), 0.0007076 secs] 5023K->4703K(10176K), 0.0007885 secs] [Times: user=0.00 sys=0.00, real=0.00 secs] 
2019-01-02T11:14:00.966+0530: 908.866: [GC (Allocation Failure) 2019-01-02T11:14:00.966+0530: 908.866: [DefNew
Desired survivor size 32768 bytes, new threshold 15 (max 15)
- age   1:         24 bytes,         24 total
- age   4:        184 bytes,        208 total
- age  10:         16 bytes,        224 total
: 515K->0K(960K), 0.0005479 secs] 5218K->4703K(10176K), 0.0007184 secs] [Times: user=0.00 sys=0.00, real=0.00 secs] 
2019-01-02T11:14:00.968+0530: 908.868: [GC (Allocation Failure) 2019-01-02T11:14:00.968+0530: 908.868: [DefNew
Desired survivor size 32768 bytes, new threshold 15 (max 15)
- age   2:         24 bytes,         24 total
- age   5:        184 bytes,        208 total
- age  11:         16 bytes,        224 total
: 514K->0K(960K), 0.0006146 secs] 5216K->5216K(10176K), 0.0007948 secs] [Times: user=0.00 sys=0.00, real=0.00 secs] 
2019-01-02T11:14:00.969+0530: 908.869: [GC (Allocation Failure) 2019-01-02T11:14:00.969+0530: 908.869: [DefNew
Desired survivor size 32768 bytes, new threshold 15 (max 15)
- age   1:         24 bytes,         24 total
- age   6:         72 bytes,         96 total
- age  12:         16 bytes,        112 total
: 531K->0K(960K), 0.0003273 secs] 5748K->5730K(10176K), 0.0003997 secs] [Times: user=0.00 sys=0.00, real=0.00 secs] 
2019-01-02T11:14:01.029+0530: 908.929: [GC (Allocation Failure) 2019-01-02T11:14:01.029+0530: 908.929: [DefNew
Desired survivor size 32768 bytes, new threshold 15 (max 15)
- age   1:        248 bytes,        248 total
- age   7:         16 bytes,        264 total
- age  13:         16 bytes,        280 total
: 885K->0K(960K), 0.0010548 secs] 6616K->5803K(10176K), 0.0015115 secs] [Times: user=0.00 sys=0.00, real=0.00 secs] 
2019-01-02T11:14:01.032+0530: 908.932: [GC (Allocation Failure) 2019-01-02T11:14:01.032+0530: 908.932: [DefNew
Desired survivor size 32768 bytes, new threshold 15 (max 15)
- age   1:         40 bytes,         40 total
- age   2:        184 bytes,        224 total
- age   8:         16 bytes,        240 total
- age  14:         16 bytes,        256 total
: 896K->0K(960K), 0.0006614 secs] 6699K->6091K(10176K), 0.0007538 secs] [Times: user=0.00 sys=0.00, real=0.00 secs] 
2019-01-02T11:14:01.034+0530: 908.934: [GC (Allocation Failure) 2019-01-02T11:14:01.034+0530: 908.934: [DefNew
Desired survivor size 32768 bytes, new threshold 15 (max 15)
- age   3:        184 bytes,        184 total
- age   9:         16 bytes,        200 total
- age  15:         16 bytes,        216 total
: 896K->0K(960K), 0.0012065 secs] 6987K->6666K(10176K), 0.0013980 secs] [Times: user=0.00 sys=0.00, real=0.00 secs] 
2019-01-02T11:14:01.037+0530: 908.937: [GC (Allocation Failure) 2019-01-02T11:14:01.037+0530: 908.937: [DefNew
Desired survivor size 32768 bytes, new threshold 15 (max 15)
- age   1:         24 bytes,         24 total
- age   4:        184 bytes,        208 total
- age  10:         16 bytes,        224 total
: 515K->0K(960K), 0.0002691 secs] 7182K->6667K(10176K), 0.0003586 secs] [Times: user=0.00 sys=0.00, real=0.00 secs] 
2019-01-02T11:14:01.038+0530: 908.938: [GC (Allocation Failure) 2019-01-02T11:14:01.038+0530: 908.938: [DefNew
Desired survivor size 32768 bytes, new threshold 15 (max 15)
- age   2:         24 bytes,         24 total
- age   5:        184 bytes,        208 total
- age  11:         16 bytes,        224 total
: 514K->0K(960K), 0.0004436 secs] 7180K->7180K(10176K), 0.0005302 secs] [Times: user=0.00 sys=0.00, real=0.00 secs] 
2019-01-02T11:14:01.039+0530: 908.939: [GC (Allocation Failure) 2019-01-02T11:14:01.039+0530: 908.939: [DefNew
Desired survivor size 32768 bytes, new threshold 15 (max 15)
- age   1:         24 bytes,         24 total
- age   6:         72 bytes,         96 total
- age  12:         16 bytes,        112 total
: 531K->0K(960K), 0.0003723 secs] 7712K->7694K(10176K), 0.0004447 secs] [Times: user=0.02 sys=0.00, real=0.00 secs] 
2019-01-02T11:14:01.096+0530: 908.996: [GC (Allocation Failure) 2019-01-02T11:14:01.096+0530: 908.996: [DefNew
Desired survivor size 32768 bytes, new threshold 15 (max 15)
- age   1:        248 bytes,        248 total
- age   7:         16 bytes,        264 total
- age  13:         16 bytes,        280 total
: 885K->0K(960K), 0.0012692 secs] 8580K->7767K(10176K), 0.0016232 secs] [Times: user=0.00 sys=0.00, real=0.00 secs] 
2019-01-02T11:14:01.099+0530: 908.999: [GC (Allocation Failure) 2019-01-02T11:14:01.100+0530: 908.999: [DefNew
Desired survivor size 32768 bytes, new threshold 15 (max 15)
- age   1:         40 bytes,         40 total
- age   2:        184 bytes,        224 total
- age   8:         16 bytes,        240 total
- age  14:         16 bytes,        256 total
: 896K->0K(960K), 0.0006614 secs] 8663K->8055K(10176K), 0.0008239 secs] [Times: user=0.00 sys=0.00, real=0.00 secs] 
2019-01-02T11:14:01.102+0530: 909.001: [GC (Allocation Failure) 2019-01-02T11:14:01.102+0530: 909.002: [DefNew
Desired survivor size 32768 bytes, new threshold 15 (max 15)
- age   3:        184 bytes,        184 total
- age   9:         16 bytes,        200 total
- age  15:         16 bytes,        216 total
: 896K->0K(960K), 0.0007435 secs] 8951K->8630K(10176K), 0.0011101 secs] [Times: user=0.00 sys=0.01, real=0.00 secs] 
2019-01-02T11:14:01.105+0530: 909.004: [GC (Allocation Failure) 2019-01-02T11:14:01.105+0530: 909.004: [DefNew
Desired survivor size 32768 bytes, new threshold 15 (max 15)
- age   1:         24 bytes,         24 total
- age   4:        184 bytes,        208 total
- age  10:         16 bytes,        224 total
: 515K->0K(960K), 0.0002571 secs] 9146K->8631K(10176K), 0.0003387 secs] [Times: user=0.00 sys=0.00, real=0.00 secs] 
2019-01-02T11:14:01.105+0530: 909.005: [GC (Allocation Failure) 2019-01-02T11:14:01.105+0530: 909.005: [DefNew
Desired survivor size 32768 bytes, new threshold 15 (max 15)
- age   2:         24 bytes,         24 total
- age   5:        184 bytes,        208 total
- age  11:         16 bytes,        224 total
: 514K->0K(960K), 0.0003381 secs] 9144K->9144K(10176K), 0.0004122 secs] [Times: user=0.00 sys=0.00, real=0.00 secs] 
2019-01-02T11:14:01.106+0530: 909.006: [GC (Allocation Failure) 2019-01-02T11:14:01.106+0530: 909.006: [DefNew: 531K->531K(960K), 0.0000279 secs]2019-01-02T11:14:01.106+0530: 909.006: [Tenured: 9144K->1289K(9216K), 0.0045316 secs] 9676K->1289K(10176K), [Metaspace: 2520K->2520K(1056768K)], 0.0048874 secs] [Times: user=0.00 sys=0.00, real=0.01 secs] 
2019-01-02T11:14:01.168+0530: 909.067: [GC (Allocation Failure) 2019-01-02T11:14:01.168+0530: 909.067: [DefNew
Desired survivor size 32768 bytes, new threshold 15 (max 15)
- age   1:        248 bytes,        248 total
: 885K->0K(960K), 0.0016694 secs] 2174K->1875K(10176K), 0.0020435 secs] [Times: user=0.00 sys=0.00, real=0.00 secs] 
2019-01-02T11:14:01.172+0530: 909.071: [GC (Allocation Failure) 2019-01-02T11:14:01.172+0530: 909.071: [DefNew
Desired survivor size 32768 bytes, new threshold 15 (max 15)
- age   1:         40 bytes,         40 total
- age   2:        184 bytes,        224 total
: 896K->0K(960K), 0.0008130 secs] 2771K->2163K(10176K), 0.0010029 secs] [Times: user=0.00 sys=0.00, real=0.00 secs] 
2019-01-02T11:14:01.174+0530: 909.074: [GC (Allocation Failure) 2019-01-02T11:14:01.174+0530: 909.074: [DefNew
Desired survivor size 32768 bytes, new threshold 15 (max 15)
- age   3:        184 bytes,        184 total
: 896K->0K(960K), 0.0004134 secs] 3059K->2739K(10176K), 0.0005023 secs] [Times: user=0.00 sys=0.00, real=0.00 secs] 
2019-01-02T11:14:01.176+0530: 909.076: [GC (Allocation Failure) 2019-01-02T11:14:01.176+0530: 909.076: [DefNew
Desired survivor size 32768 bytes, new threshold 15 (max 15)
- age   1:         24 bytes,         24 total
- age   4:        184 bytes,        208 total
: 515K->0K(960K), 0.0002423 secs] 3254K->2739K(10176K), 0.0003216 secs] [Times: user=0.00 sys=0.00, real=0.00 secs] 
2019-01-02T11:14:01.177+0530: 909.076: [GC (Allocation Failure) 2019-01-02T11:14:01.177+0530: 909.076: [DefNew
Desired survivor size 32768 bytes, new threshold 15 (max 15)
- age   2:         24 bytes,         24 total
- age   5:        184 bytes,        208 total
: 514K->0K(960K), 0.0009693 secs] 3253K->3253K(10176K), 0.0011905 secs] [Times: user=0.00 sys=0.00, real=0.00 secs] 
2019-01-02T11:14:01.179+0530: 909.078: [GC (Allocation Failure) 2019-01-02T11:14:01.179+0530: 909.078: [DefNew
Desired survivor size 32768 bytes, new threshold 15 (max 15)
- age   1:         24 bytes,         24 total
- age   6:         72 bytes,         96 total
: 531K->0K(960K), 0.0006528 secs] 3784K->3767K(10176K), 0.0007754 secs] [Times: user=0.00 sys=0.00, real=0.00 secs] 
2019-01-02T11:14:01.240+0530: 909.140: [GC (Allocation Failure) 2019-01-02T11:14:01.241+0530: 909.140: [DefNew
Desired survivor size 32768 bytes, new threshold 15 (max 15)
- age   1:        248 bytes,        248 total
- age   7:         16 bytes,        264 total
: 885K->0K(960K), 0.0008478 secs] 4652K->3839K(10176K), 0.0011397 secs] [Times: user=0.00 sys=0.00, real=0.00 secs] 
2019-01-02T11:14:01.243+0530: 909.143: [GC (Allocation Failure) 2019-01-02T11:14:01.243+0530: 909.143: [DefNew
Desired survivor size 32768 bytes, new threshold 15 (max 15)
- age   1:         40 bytes,         40 total
- age   2:        184 bytes,        224 total
- age   8:         16 bytes,        240 total
: 896K->0K(960K), 0.0003512 secs] 4735K->4127K(10176K), 0.0004476 secs] [Times: user=0.00 sys=0.00, real=0.00 secs] 
2019-01-02T11:14:01.246+0530: 909.146: [GC (Allocation Failure) 2019-01-02T11:14:01.246+0530: 909.146: [DefNew
Desired survivor size 32768 bytes, new threshold 15 (max 15)
- age   3:        184 bytes,        184 total
- age   9:         16 bytes,        200 total
: 896K->0K(960K), 0.0006340 secs] 5023K->4703K(10176K), 0.0007703 secs] [Times: user=0.00 sys=0.00, real=0.00 secs] 
2019-01-02T11:14:01.248+0530: 909.148: [GC (Allocation Failure) 2019-01-02T11:14:01.248+0530: 909.148: [DefNew
Desired survivor size 32768 bytes, new threshold 15 (max 15)
- age   1:         24 bytes,         24 total
- age   4:        184 bytes,        208 total
- age  10:         16 bytes,        224 total
: 515K->0K(960K), 0.0007606 secs] 5218K->4703K(10176K), 0.0009009 secs] [Times: user=0.00 sys=0.00, real=0.00 secs] 
2019-01-02T11:14:01.250+0530: 909.149: [GC (Allocation Failure) 2019-01-02T11:14:01.250+0530: 909.149: [DefNew
Desired survivor size 32768 bytes, new threshold 15 (max 15)
- age   2:         24 bytes,         24 total
- age   5:        184 bytes,        208 total
- age  11:         16 bytes,        224 total
: 514K->0K(960K), 0.0003666 secs] 5217K->5217K(10176K), 0.0004402 secs] [Times: user=0.00 sys=0.00, real=0.00 secs] 
2019-01-02T11:14:01.250+0530: 909.150: [GC (Allocation Failure) 2019-01-02T11:14:01.250+0530: 909.150: [DefNew
Desired survivor size 32768 bytes, new threshold 15 (max 15)
- age   1:         24 bytes,         24 total
- age   6:         72 bytes,         96 total
- age  12:         16 bytes,        112 total
: 531K->0K(960K), 0.0003347 secs] 5749K->5731K(10176K), 0.0004082 secs] [Times: user=0.00 sys=0.00, real=0.00 secs] 
2019-01-02T11:14:01.315+0530: 909.214: [GC (Allocation Failure) 2019-01-02T11:14:01.315+0530: 909.214: [DefNew
Desired survivor size 32768 bytes, new threshold 15 (max 15)
- age   1:        248 bytes,        248 total
- age   7:         16 bytes,        264 total
- age  13:         16 bytes,        280 total
: 885K->0K(960K), 0.0008159 secs] 6616K->5803K(10176K), 0.0010537 secs] [Times: user=0.00 sys=0.00, real=0.00 secs] 
2019-01-02T11:14:01.317+0530: 909.217: [GC (Allocation Failure) 2019-01-02T11:14:01.317+0530: 909.217: [DefNew
Desired survivor size 32768 bytes, new threshold 15 (max 15)
- age   1:         40 bytes,         40 total
- age   2:        184 bytes,        224 total
- age   8:         16 bytes,        240 total
- age  14:         16 bytes,        256 total
: 896K->0K(960K), 0.0006956 secs] 6699K->6091K(10176K), 0.0008427 secs] [Times: user=0.00 sys=0.00, real=0.00 secs] 
2019-01-02T11:14:01.320+0530: 909.219: [GC (Allocation Failure) 2019-01-02T11:14:01.320+0530: 909.219: [DefNew
Desired survivor size 32768 bytes, new threshold 15 (max 15)
- age   3:        184 bytes,        184 total
- age   9:         16 bytes,        200 total
- age  15:         16 bytes,        216 total
: 896K->0K(960K), 0.0017299 secs] 6987K->6667K(10176K), 0.0020805 secs] [Times: user=0.02 sys=0.00, real=0.00 secs] 
2019-01-02T11:14:01.323+0530: 909.223: [GC (Allocation Failure) 2019-01-02T11:14:01.323+0530: 909.223: [DefNew
Desired survivor size 32768 bytes, new threshold 15 (max 15)
- age   1:         24 bytes,         24 total
- age   4:        184 bytes,        208 total
- age  10:         16 bytes,        224 total
: 515K->0K(960K), 0.0003524 secs] 7183K->6667K(10176K), 0.0004533 secs] [Times: user=0.00 sys=0.00, real=0.00 secs] 
2019-01-02T11:14:01.324+0530: 909.223: [GC (Allocation Failure) 2019-01-02T11:14:01.324+0530: 909.223: [DefNew
Desired survivor size 32768 bytes, new threshold 15 (max 15)
- age   2:         24 bytes,         24 total
- age   5:        184 bytes,        208 total
- age  11:         16 bytes,        224 total
: 514K->0K(960K), 0.0003529 secs] 7181K->7181K(10176K), 0.0004174 secs] [Times: user=0.00 sys=0.00, real=0.00 secs] 
2019-01-02T11:14:01.325+0530: 909.224: [GC (Allocation Failure) 2019-01-02T11:14:01.325+0530: 909.224: [DefNew
Desired survivor size 32768 bytes, new threshold 15 (max 15)
- age   1:         24 bytes,         24 total
- age   6:         72 bytes,         96 total
- age  12:         16 bytes,        112 total
: 531K->0K(960K), 0.0004328 secs] 7713K->7695K(10176K), 0.0005240 secs] [Times: user=0.00 sys=0.00, real=0.00 secs] 
2019-01-02T11:14:01.389+0530: 909.288: [GC (Allocation Failure) 2019-01-02T11:14:01.389+0530: 909.289: [DefNew
Desired survivor size 32768 bytes, new threshold 15 (max 15)
- age   1:        248 bytes,        248 total
- age   7:         16 bytes,        264 total
- age  13:         16 bytes,        280 total
: 885K->0K(960K), 0.0012618 secs] 8581K->7767K(10176K), 0.0017105 secs] [Times: user=0.00 sys=0.00, real=0.00 secs] 
2019-01-02T11:14:01.393+0530: 909.293: [GC (Allocation Failure) 2019-01-02T11:14:01.393+0530: 909.293: [DefNew
Desired survivor size 32768 bytes, new threshold 15 (max 15)
- age   1:         40 bytes,         40 total
- age   2:        184 bytes,        224 total
- age   8:         16 bytes,        240 total
- age  14:         16 bytes,        256 total
: 896K->0K(960K), 0.0009721 secs] 8663K->8055K(10176K), 0.0013861 secs] [Times: user=0.00 sys=0.00, real=0.00 secs] 
2019-01-02T11:14:01.398+0530: 909.297: [GC (Allocation Failure) 2019-01-02T11:14:01.398+0530: 909.297: [DefNew
Desired survivor size 32768 bytes, new threshold 15 (max 15)
- age   3:        184 bytes,        184 total
- age   9:         16 bytes,        200 total
- age  15:         16 bytes,        216 total
: 896K->0K(960K), 0.0022082 secs] 8951K->8631K(10176K), 0.0026222 secs] [Times: user=0.02 sys=0.00, real=0.00 secs] 
2019-01-02T11:14:01.404+0530: 909.303: [GC (Allocation Failure) 2019-01-02T11:14:01.404+0530: 909.303: [DefNew
Desired survivor size 32768 bytes, new threshold 15 (max 15)
- age   1:         24 bytes,         24 total
- age   4:        184 bytes,        208 total
- age  10:         16 bytes,        224 total
: 515K->0K(960K), 0.0004538 secs] 9147K->8631K(10176K), 0.0005987 secs] [Times: user=0.00 sys=0.00, real=0.00 secs] 
2019-01-02T11:14:01.404+0530: 909.304: [GC (Allocation Failure) 2019-01-02T11:14:01.405+0530: 909.304: [DefNew
Desired survivor size 32768 bytes, new threshold 15 (max 15)
- age   2:         24 bytes,         24 total
- age   5:        184 bytes,        208 total
- age  11:         16 bytes,        224 total
: 514K->0K(960K), 0.0003558 secs] 9145K->9145K(10176K), 0.0004350 secs] [Times: user=0.00 sys=0.00, real=0.00 secs] 
2019-01-02T11:14:01.405+0530: 909.305: [GC (Allocation Failure) 2019-01-02T11:14:01.405+0530: 909.305: [DefNew: 531K->531K(960K), 0.0000285 secs]2019-01-02T11:14:01.405+0530: 909.305: [Tenured: 9145K->1289K(9216K), 0.0039335 secs] 9677K->1289K(10176K), [Metaspace: 2520K->2520K(1056768K)], 0.0040886 secs] [Times: user=0.00 sys=0.00, real=0.00 secs] 
2019-01-02T11:14:01.475+0530: 909.374: [GC (Allocation Failure) 2019-01-02T11:14:01.475+0530: 909.375: [DefNew
Desired survivor size 32768 bytes, new threshold 15 (max 15)
- age   1:        248 bytes,        248 total
: 885K->0K(960K), 0.0009140 secs] 2174K->1875K(10176K), 0.0013370 secs] [Times: user=0.00 sys=0.00, real=0.00 secs] 
2019-01-02T11:14:01.478+0530: 909.378: [GC (Allocation Failure) 2019-01-02T11:14:01.478+0530: 909.378: [DefNew
Desired survivor size 32768 bytes, new threshold 15 (max 15)
- age   1:         40 bytes,         40 total
- age   2:        184 bytes,        224 total
: 896K->0K(960K), 0.0010280 secs] 2771K->2163K(10176K), 0.0014334 secs] [Times: user=0.00 sys=0.00, real=0.00 secs] 
2019-01-02T11:14:01.482+0530: 909.382: [GC (Allocation Failure) 2019-01-02T11:14:01.482+0530: 909.382: [DefNew
Desired survivor size 32768 bytes, new threshold 15 (max 15)
- age   3:        184 bytes,        184 total
: 896K->0K(960K), 0.0007412 secs] 3059K->2739K(10176K), 0.0010844 secs] [Times: user=0.00 sys=0.00, real=0.00 secs] 
2019-01-02T11:14:01.485+0530: 909.384: [GC (Allocation Failure) 2019-01-02T11:14:01.485+0530: 909.385: [DefNew
Desired survivor size 32768 bytes, new threshold 15 (max 15)
- age   1:         24 bytes,         24 total
- age   4:        184 bytes,        208 total
: 515K->0K(960K), 0.0004561 secs] 3255K->2739K(10176K), 0.0005838 secs] [Times: user=0.00 sys=0.00, real=0.00 secs] 
2019-01-02T11:14:01.486+0530: 909.386: [GC (Allocation Failure) 2019-01-02T11:14:01.486+0530: 909.386: [DefNew
Desired survivor size 32768 bytes, new threshold 15 (max 15)
- age   2:         24 bytes,         24 total
- age   5:        184 bytes,        208 total
: 514K->0K(960K), 0.0009294 secs] 3253K->3253K(10176K), 0.0010212 secs] [Times: user=0.00 sys=0.00, real=0.00 secs] 
2019-01-02T11:14:01.488+0530: 909.387: [GC (Allocation Failure) 2019-01-02T11:14:01.488+0530: 909.387: [DefNew
Desired survivor size 32768 bytes, new threshold 15 (max 15)
- age   1:         24 bytes,         24 total
- age   6:         72 bytes,         96 total
: 531K->0K(960K), 0.0003056 secs] 3785K->3767K(10176K), 0.0003581 secs] [Times: user=0.00 sys=0.00, real=0.00 secs] 
2019-01-02T11:14:01.547+0530: 909.446: [GC (Allocation Failure) 2019-01-02T11:14:01.547+0530: 909.446: [DefNew
Desired survivor size 32768 bytes, new threshold 15 (max 15)
- age   1:        248 bytes,        248 total
- age   7:         16 bytes,        264 total
: 885K->0K(960K), 0.0006055 secs] 4653K->3839K(10176K), 0.0008284 secs] [Times: user=0.00 sys=0.00, real=0.00 secs] 
2019-01-02T11:14:01.549+0530: 909.449: [GC (Allocation Failure) 2019-01-02T11:14:01.549+0530: 909.449: [DefNew
Desired survivor size 32768 bytes, new threshold 15 (max 15)
- age   1:         40 bytes,         40 total
- age   2:        184 bytes,        224 total
- age   8:         16 bytes,        240 total
: 896K->0K(960K), 0.0009613 secs] 4735K->4127K(10176K), 0.0011437 secs] [Times: user=0.00 sys=0.00, real=0.00 secs] 
2019-01-02T11:14:01.552+0530: 909.452: [GC (Allocation Failure) 2019-01-02T11:14:01.552+0530: 909.452: [DefNew
Desired survivor size 32768 bytes, new threshold 15 (max 15)
- age   1:         40 bytes,         40 total
- age   3:        184 bytes,        224 total
- age   9:         16 bytes,        240 total
: 896K->0K(960K), 0.0012618 secs] 5023K->4703K(10176K), 0.0014967 secs] [Times: user=0.00 sys=0.00, real=0.00 secs] 
2019-01-02T11:14:01.555+0530: 909.454: [GC (Allocation Failure) 2019-01-02T11:14:01.555+0530: 909.454: [DefNew
Desired survivor size 32768 bytes, new threshold 15 (max 15)
- age   1:         24 bytes,         24 total
- age   4:        184 bytes,        208 total
- age  10:         16 bytes,        224 total
: 515K->0K(960K), 0.0002406 secs] 5219K->4703K(10176K), 0.0002953 secs] [Times: user=0.00 sys=0.00, real=0.00 secs] 
2019-01-02T11:14:01.555+0530: 909.455: [GC (Allocation Failure) 2019-01-02T11:14:01.555+0530: 909.455: [DefNew
Desired survivor size 32768 bytes, new threshold 15 (max 15)
- age   2:         24 bytes,         24 total
- age   5:        184 bytes,        208 total
- age  11:         16 bytes,        224 total
: 514K->0K(960K), 0.0003142 secs] 5217K->5217K(10176K), 0.0003660 secs] [Times: user=0.00 sys=0.00, real=0.00 secs] 
2019-01-02T11:14:01.556+0530: 909.456: [GC (Allocation Failure) 2019-01-02T11:14:01.556+0530: 909.456: [DefNew
Desired survivor size 32768 bytes, new threshold 15 (max 15)
- age   1:         24 bytes,         24 total
- age   6:         72 bytes,         96 total
- age  12:         16 bytes,        112 total
: 531K->0K(960K), 0.0003142 secs] 5749K->5731K(10176K), 0.0003660 secs] [Times: user=0.00 sys=0.00, real=0.00 secs] 
2019-01-02T11:14:01.616+0530: 909.515: [GC (Allocation Failure) 2019-01-02T11:14:01.616+0530: 909.515: [DefNew
Desired survivor size 32768 bytes, new threshold 15 (max 15)
- age   1:        248 bytes,        248 total
- age   7:         16 bytes,        264 total
- age  13:         16 bytes,        280 total
: 885K->0K(960K), 0.0014225 secs] 6617K->5804K(10176K), 0.0017276 secs] [Times: user=0.01 sys=0.00, real=0.00 secs] 
2019-01-02T11:14:01.619+0530: 909.518: [GC (Allocation Failure) 2019-01-02T11:14:01.619+0530: 909.518: [DefNew
Desired survivor size 32768 bytes, new threshold 15 (max 15)
- age   1:         40 bytes,         40 total
- age   2:        184 bytes,        224 total
- age   8:         16 bytes,        240 total
- age  14:         16 bytes,        256 total
: 896K->0K(960K), 0.0007737 secs] 6700K->6092K(10176K), 0.0009619 secs] [Times: user=0.00 sys=0.00, real=0.00 secs] 
2019-01-02T11:14:01.622+0530: 909.522: [GC (Allocation Failure) 2019-01-02T11:14:01.622+0530: 909.522: [DefNew
Desired survivor size 32768 bytes, new threshold 15 (max 15)
- age   1:         40 bytes,         40 total
- age   3:        184 bytes,        224 total
- age   9:         16 bytes,        240 total
- age  15:         16 bytes,        256 total
: 896K->0K(960K), 0.0004248 secs] 6988K->6668K(10176K), 0.0006460 secs] [Times: user=0.00 sys=0.00, real=0.00 secs] 
2019-01-02T11:14:01.624+0530: 909.523: [GC (Allocation Failure) 2019-01-02T11:14:01.624+0530: 909.523: [DefNew
Desired survivor size 32768 bytes, new threshold 15 (max 15)
- age   1:         24 bytes,         24 total
- age   4:        184 bytes,        208 total
- age  10:         16 bytes,        224 total
: 515K->0K(960K), 0.0002423 secs] 7183K->6668K(10176K), 0.0003124 secs] [Times: user=0.00 sys=0.00, real=0.00 secs] 
2019-01-02T11:14:01.624+0530: 909.524: [GC (Allocation Failure) 2019-01-02T11:14:01.625+0530: 909.524: [DefNew
Desired survivor size 32768 bytes, new threshold 15 (max 15)
- age   2:         24 bytes,         24 total
- age   5:        184 bytes,        208 total
- age  11:         16 bytes,        224 total
: 514K->0K(960K), 0.0003227 secs] 7182K->7182K(10176K), 0.0003911 secs] [Times: user=0.00 sys=0.00, real=0.00 secs] 
2019-01-02T11:14:01.625+0530: 909.525: [GC (Allocation Failure) 2019-01-02T11:14:01.625+0530: 909.525: [DefNew
Desired survivor size 32768 bytes, new threshold 15 (max 15)
- age   1:         24 bytes,         24 total
- age   6:         72 bytes,         96 total
- age  12:         16 bytes,        112 total
: 531K->0K(960K), 0.0003199 secs] 7714K->7696K(10176K), 0.0003906 secs] [Times: user=0.00 sys=0.00, real=0.00 secs] 
2019-01-02T11:14:01.686+0530: 909.585: [GC (Allocation Failure) 2019-01-02T11:14:01.686+0530: 909.585: [DefNew
Desired survivor size 32768 bytes, new threshold 15 (max 15)
- age   1:        248 bytes,        248 total
- age   7:         16 bytes,        264 total
- age  13:         16 bytes,        280 total
: 885K->0K(960K), 0.0008028 secs] 8581K->7768K(10176K), 0.0009430 secs] [Times: user=0.00 sys=0.00, real=0.00 secs] 
2019-01-02T11:14:01.689+0530: 909.588: [GC (Allocation Failure) 2019-01-02T11:14:01.689+0530: 909.588: [DefNew
Desired survivor size 32768 bytes, new threshold 15 (max 15)
- age   1:         40 bytes,         40 total
- age   2:        184 bytes,        224 total
- age   8:         16 bytes,        240 total
- age  14:         16 bytes,        256 total
: 896K->0K(960K), 0.0006831 secs] 8664K->8056K(10176K), 0.0009579 secs] [Times: user=0.00 sys=0.00, real=0.00 secs] 
2019-01-02T11:14:01.692+0530: 909.592: [GC (Allocation Failure) 2019-01-02T11:14:01.692+0530: 909.592: [DefNew
Desired survivor size 32768 bytes, new threshold 15 (max 15)
- age   1:         40 bytes,         40 total
- age   3:        184 bytes,        224 total
- age   9:         16 bytes,        240 total
- age  15:         16 bytes,        256 total
: 896K->0K(960K), 0.0010331 secs] 8952K->8632K(10176K), 0.0012891 secs] [Times: user=0.00 sys=0.00, real=0.00 secs] 
2019-01-02T11:14:01.695+0530: 909.594: [GC (Allocation Failure) 2019-01-02T11:14:01.695+0530: 909.594: [DefNew
Desired survivor size 32768 bytes, new threshold 15 (max 15)
- age   1:         24 bytes,         24 total
- age   4:        184 bytes,        208 total
- age  10:         16 bytes,        224 total
: 515K->0K(960K), 0.0003278 secs] 9147K->8632K(10176K), 0.0004139 secs] [Times: user=0.02 sys=0.00, real=0.00 secs] 
2019-01-02T11:14:01.695+0530: 909.595: [GC (Allocation Failure) 2019-01-02T11:14:01.695+0530: 909.595: [DefNew
Desired survivor size 32768 bytes, new threshold 15 (max 15)
- age   2:         24 bytes,         24 total
- age   5:        184 bytes,        208 total
- age  11:         16 bytes,        224 total
: 514K->0K(960K), 0.0003392 secs] 9146K->9146K(10176K), 0.0004134 secs] [Times: user=0.00 sys=0.00, real=0.00 secs] 
2019-01-02T11:14:01.696+0530: 909.596: [GC (Allocation Failure) 2019-01-02T11:14:01.696+0530: 909.596: [DefNew: 532K->532K(960K), 0.0003546 secs]2019-01-02T11:14:01.697+0530: 909.596: [Tenured: 9146K->1289K(9216K), 0.0076869 secs] 9678K->1289K(10176K), [Metaspace: 2520K->2520K(1056768K)], 0.0082377 secs] [Times: user=0.00 sys=0.00, real=0.01 secs] 
2019-01-02T11:14:01.774+0530: 909.674: [GC (Allocation Failure) 2019-01-02T11:14:01.774+0530: 909.674: [DefNew
Desired survivor size 32768 bytes, new threshold 15 (max 15)
- age   1:        248 bytes,        248 total
: 885K->0K(960K), 0.0009083 secs] 2174K->1875K(10176K), 0.0013040 secs] [Times: user=0.00 sys=0.00, real=0.00 secs] 
2019-01-02T11:14:01.777+0530: 909.676: [GC (Allocation Failure) 2019-01-02T11:14:01.777+0530: 909.676: [DefNew
Desired survivor size 32768 bytes, new threshold 15 (max 15)
- age   1:         40 bytes,         40 total
- age   2:        184 bytes,        224 total
: 896K->0K(960K), 0.0007697 secs] 2771K->2163K(10176K), 0.0009265 secs] [Times: user=0.00 sys=0.00, real=0.00 secs] 
2019-01-02T11:14:01.779+0530: 909.679: [GC (Allocation Failure) 2019-01-02T11:14:01.779+0530: 909.679: [DefNew
Desired survivor size 32768 bytes, new threshold 15 (max 15)
- age   1:         40 bytes,         40 total
- age   3:        184 bytes,        224 total
: 896K->0K(960K), 0.0004624 secs] 3059K->2739K(10176K), 0.0006118 secs] [Times: user=0.00 sys=0.00, real=0.00 secs] 
2019-01-02T11:14:01.782+0530: 909.682: [GC (Allocation Failure) 2019-01-02T11:14:01.782+0530: 909.682: [DefNew
Desired survivor size 32768 bytes, new threshold 15 (max 15)
- age   1:         24 bytes,         24 total
- age   4:        184 bytes,        208 total
: 515K->0K(960K), 0.0003917 secs] 3255K->2739K(10176K), 0.0005228 secs] [Times: user=0.00 sys=0.00, real=0.00 secs] 
2019-01-02T11:14:01.784+0530: 909.683: [GC (Allocation Failure) 2019-01-02T11:14:01.784+0530: 909.683: [DefNew
Desired survivor size 32768 bytes, new threshold 15 (max 15)
- age   2:         24 bytes,         24 total
- age   5:        184 bytes,        208 total
: 514K->0K(960K), 0.0007116 secs] 3253K->3253K(10176K), 0.0008142 secs] [Times: user=0.00 sys=0.00, real=0.00 secs] 
2019-01-02T11:14:01.785+0530: 909.685: [GC (Allocation Failure) 2019-01-02T11:14:01.785+0530: 909.685: [DefNew
Desired survivor size 32768 bytes, new threshold 15 (max 15)
- age   1:         24 bytes,         24 total
- age   6:         72 bytes,         96 total
: 532K->0K(960K), 0.0007349 secs] 3785K->3768K(10176K), 0.0008296 secs] [Times: user=0.00 sys=0.00, real=0.00 secs] 
2019-01-02T11:14:01.842+0530: 909.742: [GC (Allocation Failure) 2019-01-02T11:14:01.843+0530: 909.742: [DefNew
Desired survivor size 32768 bytes, new threshold 15 (max 15)
- age   1:        248 bytes,        248 total
- age   7:         16 bytes,        264 total
: 885K->0K(960K), 0.0006238 secs] 4653K->3840K(10176K), 0.0008946 secs] [Times: user=0.00 sys=0.00, real=0.00 secs] 
2019-01-02T11:14:01.845+0530: 909.745: [GC (Allocation Failure) 2019-01-02T11:14:01.845+0530: 909.745: [DefNew
Desired survivor size 32768 bytes, new threshold 15 (max 15)
- age   1:         40 bytes,         40 total
- age   2:        184 bytes,        224 total
- age   8:         16 bytes,        240 total
: 896K->0K(960K), 0.0008187 secs] 4736K->4128K(10176K), 0.0009550 secs] [Times: user=0.00 sys=0.00, real=0.00 secs] 
2019-01-02T11:14:01.847+0530: 909.747: [GC (Allocation Failure) 2019-01-02T11:14:01.848+0530: 909.747: [DefNew
Desired survivor size 32768 bytes, new threshold 15 (max 15)
- age   1:         40 bytes,         40 total
- age   3:        184 bytes,        224 total
- age   9:         16 bytes,        240 total
: 896K->0K(960K), 0.0011466 secs] 5024K->4704K(10176K), 0.0013461 secs] [Times: user=0.00 sys=0.00, real=0.00 secs] 
2019-01-02T11:14:01.850+0530: 909.750: [GC (Allocation Failure) 2019-01-02T11:14:01.851+0530: 909.750: [DefNew
Desired survivor size 32768 bytes, new threshold 15 (max 15)
- age   1:         24 bytes,         24 total
- age   4:        184 bytes,        208 total
- age  10:         16 bytes,        224 total
: 515K->0K(960K), 0.0006899 secs] 5219K->4704K(10176K), 0.0008193 secs] [Times: user=0.00 sys=0.02, real=0.00 secs] 
2019-01-02T11:14:01.852+0530: 909.752: [GC (Allocation Failure) 2019-01-02T11:14:01.852+0530: 909.752: [DefNew
Desired survivor size 32768 bytes, new threshold 15 (max 15)
- age   2:         24 bytes,         24 total
- age   5:        184 bytes,        208 total
- age  11:         16 bytes,        224 total
: 514K->0K(960K), 0.0005610 secs] 5218K->5218K(10176K), 0.0006585 secs] [Times: user=0.00 sys=0.00, real=0.00 secs] 
2019-01-02T11:14:01.853+0530: 909.753: [GC (Allocation Failure) 2019-01-02T11:14:01.854+0530: 909.753: [DefNew
Desired survivor size 32768 bytes, new threshold 15 (max 15)
- age   1:         24 bytes,         24 total
- age   6:         72 bytes,         96 total
- age  12:         16 bytes,        112 total
: 532K->0K(960K), 0.0003347 secs] 5750K->5732K(10176K), 0.0004464 secs] [Times: user=0.00 sys=0.00, real=0.00 secs] 
2019-01-02T11:14:01.910+0530: 909.809: [GC (Allocation Failure) 2019-01-02T11:14:01.910+0530: 909.810: [DefNew
Desired survivor size 32768 bytes, new threshold 15 (max 15)
- age   1:        248 bytes,        248 total
- age   7:         16 bytes,        264 total
- age  13:         16 bytes,        280 total
: 885K->0K(960K), 0.0008564 secs] 6618K->5804K(10176K), 0.0011283 secs] [Times: user=0.00 sys=0.00, real=0.00 secs] 
2019-01-02T11:14:01.913+0530: 909.813: [GC (Allocation Failure) 2019-01-02T11:14:01.914+0530: 909.813: [DefNew
Desired survivor size 32768 bytes, new threshold 15 (max 15)
- age   1:         40 bytes,         40 total
- age   2:        184 bytes,        224 total
- age   8:         16 bytes,        240 total
- age  14:         16 bytes,        256 total
: 896K->0K(960K), 0.0011124 secs] 6700K->6092K(10176K), 0.0014340 secs] [Times: user=0.00 sys=0.00, real=0.00 secs] 
2019-01-02T11:14:01.918+0530: 909.817: [GC (Allocation Failure) 2019-01-02T11:14:01.918+0530: 909.817: [DefNew
Desired survivor size 32768 bytes, new threshold 15 (max 15)
- age   1:         40 bytes,         40 total
- age   3:        184 bytes,        224 total
- age   9:         16 bytes,        240 total
- age  15:         16 bytes,        256 total
: 896K->0K(960K), 0.0015434 secs] 6988K->6668K(10176K), 0.0016951 secs] [Times: user=0.00 sys=0.00, real=0.00 secs] 
2019-01-02T11:14:01.921+0530: 909.820: [GC (Allocation Failure) 2019-01-02T11:14:01.921+0530: 909.820: [DefNew
Desired survivor size 32768 bytes, new threshold 15 (max 15)
- age   1:         24 bytes,         24 total
- age   4:        184 bytes,        208 total
- age  10:         16 bytes,        224 total
: 515K->0K(960K), 0.0006089 secs] 7184K->6668K(10176K), 0.0007064 secs] [Times: user=0.00 sys=0.00, real=0.00 secs] 
2019-01-02T11:14:01.922+0530: 909.822: [GC (Allocation Failure) 2019-01-02T11:14:01.922+0530: 909.822: [DefNew
Desired survivor size 32768 bytes, new threshold 15 (max 15)
- age   2:         24 bytes,         24 total
- age   5:        184 bytes,        208 total
- age  11:         16 bytes,        224 total
: 514K->0K(960K), 0.0010086 secs] 7182K->7182K(10176K), 0.0011261 secs] [Times: user=0.00 sys=0.00, real=0.00 secs] 
2019-01-02T11:14:01.924+0530: 909.824: [GC (Allocation Failure) 2019-01-02T11:14:01.924+0530: 909.824: [DefNew
Desired survivor size 32768 bytes, new threshold 15 (max 15)
- age   1:         24 bytes,         24 total
- age   6:         72 bytes,         96 total
- age  12:         16 bytes,        112 total
: 532K->0K(960K), 0.0003410 secs] 7714K->7697K(10176K), 0.0004174 secs] [Times: user=0.00 sys=0.00, real=0.00 secs] 
2019-01-02T11:14:01.983+0530: 909.882: [GC (Allocation Failure) 2019-01-02T11:14:01.983+0530: 909.883: [DefNew
Desired survivor size 32768 bytes, new threshold 15 (max 15)
- age   1:        248 bytes,        248 total
- age   7:         16 bytes,        264 total
- age  13:         16 bytes,        280 total
: 885K->0K(960K), 0.0011734 secs] 8582K->7769K(10176K), 0.0015377 secs] [Times: user=0.00 sys=0.00, real=0.00 secs] 
2019-01-02T11:14:01.987+0530: 909.886: [GC (Allocation Failure) 2019-01-02T11:14:01.987+0530: 909.886: [DefNew
Desired survivor size 32768 bytes, new threshold 15 (max 15)
- age   1:         40 bytes,         40 total
- age   2:        184 bytes,        224 total
- age   8:         16 bytes,        240 total
- age  14:         16 bytes,        256 total
: 896K->0K(960K), 0.0007201 secs] 8665K->8057K(10176K), 0.0008535 secs] [Times: user=0.00 sys=0.00, real=0.00 secs] 
2019-01-02T11:14:01.989+0530: 909.888: [GC (Allocation Failure) 2019-01-02T11:14:01.989+0530: 909.889: [DefNew
Desired survivor size 32768 bytes, new threshold 15 (max 15)
- age   1:         40 bytes,         40 total
- age   3:        184 bytes,        224 total
- age   9:         16 bytes,        240 total
- age  15:         16 bytes,        256 total
: 896K->0K(960K), 0.0010177 secs] 8953K->8633K(10176K), 0.0011854 secs] [Times: user=0.00 sys=0.00, real=0.00 secs] 
2019-01-02T11:14:01.991+0530: 909.891: [GC (Allocation Failure) 2019-01-02T11:14:01.992+0530: 909.891: [DefNew
Desired survivor size 32768 bytes, new threshold 15 (max 15)
- age   1:         24 bytes,         24 total
- age   4:        184 bytes,        208 total
- age  10:         16 bytes,        224 total
: 515K->0K(960K), 0.0003199 secs] 9148K->8633K(10176K), 0.0004145 secs] [Times: user=0.00 sys=0.00, real=0.00 secs] 
2019-01-02T11:14:01.992+0530: 909.892: [GC (Allocation Failure) 2019-01-02T11:14:01.992+0530: 909.892: [DefNew
Desired survivor size 32768 bytes, new threshold 15 (max 15)
- age   2:         24 bytes,         24 total
- age   5:        184 bytes,        208 total
- age  11:         16 bytes,        224 total
: 514K->0K(960K), 0.0003256 secs] 9147K->9147K(10176K), 0.0003957 secs] [Times: user=0.00 sys=0.00, real=0.00 secs] 
2019-01-02T11:14:01.993+0530: 909.893: [GC (Allocation Failure) 2019-01-02T11:14:01.993+0530: 909.893: [DefNew: 532K->532K(960K), 0.0000279 secs]2019-01-02T11:14:01.993+0530: 909.893: [Tenured: 9147K->1289K(9216K), 0.0037705 secs] 9679K->1289K(10176K), [Metaspace: 2520K->2520K(1056768K)], 0.0039255 secs] [Times: user=0.00 sys=0.00, real=0.00 secs] 
2019-01-02T11:14:02.054+0530: 909.954: [GC (Allocation Failure) 2019-01-02T11:14:02.054+0530: 909.954: [DefNew
Desired survivor size 32768 bytes, new threshold 15 (max 15)
- age   1:        248 bytes,        248 total
: 885K->0K(960K), 0.0010086 secs] 2175K->1876K(10176K), 0.0011477 secs] [Times: user=0.00 sys=0.00, real=0.00 secs] 
2019-01-02T11:14:02.057+0530: 909.956: [GC (Allocation Failure) 2019-01-02T11:14:02.057+0530: 909.957: [DefNew
Desired survivor size 32768 bytes, new threshold 15 (max 15)
- age   1:         40 bytes,         40 total
- age   2:        184 bytes,        224 total
: 896K->0K(960K), 0.0009345 secs] 2772K->2164K(10176K), 0.0010993 secs] [Times: user=0.00 sys=0.00, real=0.00 secs] 
2019-01-02T11:14:02.060+0530: 909.959: [GC (Allocation Failure) 2019-01-02T11:14:02.060+0530: 909.959: [DefNew
Desired survivor size 32768 bytes, new threshold 15 (max 15)
- age   1:         40 bytes,         40 total
- age   3:        184 bytes,        224 total
: 896K->0K(960K), 0.0007999 secs] 3060K->2740K(10176K), 0.0009704 secs] [Times: user=0.00 sys=0.00, real=0.00 secs] 
2019-01-02T11:14:02.062+0530: 909.961: [GC (Allocation Failure) 2019-01-02T11:14:02.062+0530: 909.962: [DefNew
Desired survivor size 32768 bytes, new threshold 15 (max 15)
- age   1:         24 bytes,         24 total
- age   4:        184 bytes,        208 total
: 515K->0K(960K), 0.0002754 secs] 3255K->2740K(10176K), 0.0003774 secs] [Times: user=0.00 sys=0.00, real=0.00 secs] 
2019-01-02T11:14:02.063+0530: 909.962: [GC (Allocation Failure) 2019-01-02T11:14:02.063+0530: 909.962: [DefNew
Desired survivor size 32768 bytes, new threshold 15 (max 15)
- age   2:         24 bytes,         24 total
- age   5:        184 bytes,        208 total
: 514K->0K(960K), 0.0003296 secs] 3254K->3254K(10176K), 0.0004065 secs] [Times: user=0.00 sys=0.00, real=0.00 secs] 
2019-01-02T11:14:02.063+0530: 909.963: [GC (Allocation Failure) 2019-01-02T11:14:02.063+0530: 909.963: [DefNew
Desired survivor size 32768 bytes, new threshold 15 (max 15)
- age   1:         24 bytes,         24 total
- age   6:         72 bytes,         96 total
: 532K->0K(960K), 0.0003176 secs] 3786K->3768K(10176K), 0.0003877 secs] [Times: user=0.00 sys=0.00, real=0.00 secs] 
2019-01-02T11:14:02.123+0530: 910.022: [GC (Allocation Failure) 2019-01-02T11:14:02.123+0530: 910.023: [DefNew
Desired survivor size 32768 bytes, new threshold 15 (max 15)
- age   1:        248 bytes,        248 total
- age   7:         16 bytes,        264 total
: 885K->0K(960K), 0.0009168 secs] 4654K->3840K(10176K), 0.0014054 secs] [Times: user=0.00 sys=0.00, real=0.00 secs] 
2019-01-02T11:14:02.126+0530: 910.026: [GC (Allocation Failure) 2019-01-02T11:14:02.126+0530: 910.026: [DefNew
Desired survivor size 32768 bytes, new threshold 15 (max 15)
- age   1:         40 bytes,         40 total
- age   2:        184 bytes,        224 total
- age   8:         16 bytes,        240 total
: 896K->0K(960K), 0.0007920 secs] 4736K->4128K(10176K), 0.0009847 secs] [Times: user=0.00 sys=0.00, real=0.00 secs] 
2019-01-02T11:14:02.129+0530: 910.028: [GC (Allocation Failure) 2019-01-02T11:14:02.129+0530: 910.028: [DefNew
Desired survivor size 32768 bytes, new threshold 15 (max 15)
- age   1:         40 bytes,         40 total
- age   3:        184 bytes,        224 total
- age   9:         16 bytes,        240 total
: 896K->0K(960K), 0.0004345 secs] 5024K->4704K(10176K), 0.0005280 secs] [Times: user=0.00 sys=0.00, real=0.00 secs] 
2019-01-02T11:14:02.130+0530: 910.030: [GC (Allocation Failure) 2019-01-02T11:14:02.130+0530: 910.030: [DefNew
Desired survivor size 32768 bytes, new threshold 15 (max 15)
- age   1:         24 bytes,         24 total
- age   4:        184 bytes,        208 total
- age  10:         16 bytes,        224 total
: 515K->0K(960K), 0.0002703 secs] 5220K->4704K(10176K), 0.0003467 secs] [Times: user=0.00 sys=0.00, real=0.00 secs] 
2019-01-02T11:14:02.131+0530: 910.031: [GC (Allocation Failure) 2019-01-02T11:14:02.131+0530: 910.031: [DefNew
Desired survivor size 32768 bytes, new threshold 15 (max 15)
- age   2:         24 bytes,         24 total
- age   5:        184 bytes,        208 total
- age  11:         16 bytes,        224 total
: 514K->0K(960K), 0.0003278 secs] 5218K->5218K(10176K), 0.0003991 secs] [Times: user=0.00 sys=0.00, real=0.00 secs] 
2019-01-02T11:14:02.132+0530: 910.031: [GC (Allocation Failure) 2019-01-02T11:14:02.132+0530: 910.032: [DefNew
Desired survivor size 32768 bytes, new threshold 15 (max 15)
- age   1:         24 bytes,         24 total
- age   6:         72 bytes,         96 total
- age  12:         16 bytes,        112 total
: 532K->0K(960K), 0.0005895 secs] 5750K->5733K(10176K), 0.0007389 secs] [Times: user=0.00 sys=0.00, real=0.00 secs] 
2019-01-02T11:14:02.194+0530: 910.093: [GC (Allocation Failure) 2019-01-02T11:14:02.194+0530: 910.094: [DefNew
Desired survivor size 32768 bytes, new threshold 15 (max 15)
- age   1:        248 bytes,        248 total
- age   7:         16 bytes,        264 total
- age  13:         16 bytes,        280 total
: 885K->0K(960K), 0.0006317 secs] 6618K->5805K(10176K), 0.0009624 secs] [Times: user=0.02 sys=0.00, real=0.00 secs] 
2019-01-02T11:14:02.197+0530: 910.097: [GC (Allocation Failure) 2019-01-02T11:14:02.197+0530: 910.097: [DefNew
Desired survivor size 32768 bytes, new threshold 15 (max 15)
- age   1:         40 bytes,         40 total
- age   2:        184 bytes,        224 total
- age   8:         16 bytes,        240 total
- age  14:         16 bytes,        256 total
: 896K->0K(960K), 0.0007686 secs] 6701K->6093K(10176K), 0.0010485 secs] [Times: user=0.00 sys=0.00, real=0.00 secs] 
2019-01-02T11:14:02.200+0530: 910.100: [GC (Allocation Failure) 2019-01-02T11:14:02.200+0530: 910.100: [DefNew
Desired survivor size 32768 bytes, new threshold 15 (max 15)
- age   1:         40 bytes,         40 total
- age   3:        184 bytes,        224 total
- age   9:         16 bytes,        240 total
- age  15:         16 bytes,        256 total
: 896K->0K(960K), 0.0011871 secs] 6989K->6669K(10176K), 0.0014066 secs] [Times: user=0.00 sys=0.00, real=0.00 secs] 
2019-01-02T11:14:02.203+0530: 910.103: [GC (Allocation Failure) 2019-01-02T11:14:02.203+0530: 910.103: [DefNew
Desired survivor size 32768 bytes, new threshold 15 (max 15)
- age   1:         24 bytes,         24 total
- age   4:        184 bytes,        208 total
- age  10:         16 bytes,        224 total
: 515K->0K(960K), 0.0006032 secs] 7184K->6669K(10176K), 0.0007971 secs] [Times: user=0.00 sys=0.00, real=0.00 secs] 
2019-01-02T11:14:02.204+0530: 910.104: [GC (Allocation Failure) 2019-01-02T11:14:02.204+0530: 910.104: [DefNew
Desired survivor size 32768 bytes, new threshold 15 (max 15)
- age   2:         24 bytes,         24 total
- age   5:        184 bytes,        208 total
- age  11:         16 bytes,        224 total
: 514K->0K(960K), 0.0007184 secs] 7183K->7183K(10176K), 0.0008142 secs] [Times: user=0.00 sys=0.00, real=0.00 secs] 
2019-01-02T11:14:02.206+0530: 910.105: [GC (Allocation Failure) 2019-01-02T11:14:02.206+0530: 910.105: [DefNew
Desired survivor size 32768 bytes, new threshold 15 (max 15)
- age   1:         24 bytes,         24 total
- age   6:         72 bytes,         96 total
- age  12:         16 bytes,        112 total
: 532K->0K(960K), 0.0003267 secs] 7715K->7697K(10176K), 0.0003985 secs] [Times: user=0.00 sys=0.00, real=0.00 secs] 
2019-01-02T11:14:02.267+0530: 910.166: [GC (Allocation Failure) 2019-01-02T11:14:02.267+0530: 910.166: [DefNew
Desired survivor size 32768 bytes, new threshold 15 (max 15)
- age   1:        248 bytes,        248 total
- age   7:         16 bytes,        264 total
- age  13:         16 bytes,        280 total
: 885K->0K(960K), 0.0010320 secs] 8583K->7769K(10176K), 0.0013342 secs] [Times: user=0.00 sys=0.00, real=0.00 secs] 
2019-01-02T11:14:02.270+0530: 910.170: [GC (Allocation Failure) 2019-01-02T11:14:02.271+0530: 910.170: [DefNew
Desired survivor size 32768 bytes, new threshold 15 (max 15)
- age   1:         40 bytes,         40 total
- age   2:        184 bytes,        224 total
- age   8:         16 bytes,        240 total
- age  14:         16 bytes,        256 total
: 896K->0K(960K), 0.0006397 secs] 8665K->8057K(10176K), 0.0010713 secs] [Times: user=0.00 sys=0.00, real=0.00 secs] 
2019-01-02T11:14:02.273+0530: 910.172: [GC (Allocation Failure) 2019-01-02T11:14:02.273+0530: 910.172: [DefNew
Desired survivor size 32768 bytes, new threshold 15 (max 15)
- age   1:         40 bytes,         40 total
- age   3:        184 bytes,        224 total
- age   9:         16 bytes,        240 total
- age  15:         16 bytes,        256 total
: 896K->0K(960K), 0.0009744 secs] 8953K->8633K(10176K), 0.0011352 secs] [Times: user=0.00 sys=0.00, real=0.00 secs] 
2019-01-02T11:14:02.275+0530: 910.175: [GC (Allocation Failure) 2019-01-02T11:14:02.275+0530: 910.175: [DefNew
Desired survivor size 32768 bytes, new threshold 15 (max 15)
- age   1:         24 bytes,         24 total
- age   4:        184 bytes,        208 total
- age  10:         16 bytes,        224 total
: 515K->0K(960K), 0.0005023 secs] 9149K->8633K(10176K), 0.0006711 secs] [Times: user=0.00 sys=0.00, real=0.00 secs] 
2019-01-02T11:14:02.276+0530: 910.176: [GC (Allocation Failure) 2019-01-02T11:14:02.276+0530: 910.176: [DefNew
Desired survivor size 32768 bytes, new threshold 15 (max 15)
- age   2:         24 bytes,         24 total
- age   5:        184 bytes,        208 total
- age  11:         16 bytes,        224 total
: 514K->0K(960K), 0.0003330 secs] 9148K->9148K(10176K), 0.0004048 secs] [Times: user=0.00 sys=0.00, real=0.00 secs] 
2019-01-02T11:14:02.277+0530: 910.177: [GC (Allocation Failure) 2019-01-02T11:14:02.277+0530: 910.177: [DefNew: 532K->532K(960K), 0.0000274 secs]2019-01-02T11:14:02.277+0530: 910.177: [Tenured: 9148K->1289K(9216K), 0.0038030 secs] 9680K->1289K(10176K), [Metaspace: 2520K->2520K(1056768K)], 0.0039637 secs] [Times: user=0.00 sys=0.00, real=0.00 secs] 
2019-01-02T11:14:02.337+0530: 910.237: [GC (Allocation Failure) 2019-01-02T11:14:02.337+0530: 910.237: [DefNew
Desired survivor size 32768 bytes, new threshold 15 (max 15)
- age   1:        248 bytes,        248 total
: 885K->0K(960K), 0.0007538 secs] 2175K->1876K(10176K), 0.0008889 secs] [Times: user=0.00 sys=0.00, real=0.00 secs] 
2019-01-02T11:14:02.340+0530: 910.239: [GC (Allocation Failure) 2019-01-02T11:14:02.340+0530: 910.239: [DefNew
Desired survivor size 32768 bytes, new threshold 15 (max 15)
- age   1:         40 bytes,         40 total
- age   2:        184 bytes,        224 total
: 896K->0K(960K), 0.0009875 secs] 2772K->2164K(10176K), 0.0011055 secs] [Times: user=0.00 sys=0.00, real=0.00 secs] 
2019-01-02T11:14:02.342+0530: 910.242: [GC (Allocation Failure) 2019-01-02T11:14:02.342+0530: 910.242: [DefNew
Desired survivor size 32768 bytes, new threshold 15 (max 15)
- age   1:         40 bytes,         40 total
- age   3:        184 bytes,        224 total
: 896K->0K(960K), 0.0014174 secs] 3060K->2740K(10176K), 0.0015725 secs] [Times: user=0.00 sys=0.00, real=0.00 secs] 
2019-01-02T11:14:02.345+0530: 910.245: [GC (Allocation Failure) 2019-01-02T11:14:02.345+0530: 910.245: [DefNew
Desired survivor size 32768 bytes, new threshold 15 (max 15)
- age   1:         24 bytes,         24 total
- age   4:        184 bytes,        208 total
: 515K->0K(960K), 0.0003033 secs] 3255K->2740K(10176K), 0.0004048 secs] [Times: user=0.00 sys=0.00, real=0.00 secs] 
2019-01-02T11:14:02.346+0530: 910.246: [GC (Allocation Failure) 2019-01-02T11:14:02.346+0530: 910.246: [DefNew
Desired survivor size 32768 bytes, new threshold 15 (max 15)
- age   2:         24 bytes,         24 total
- age   5:        184 bytes,        208 total
: 514K->0K(960K), 0.0003221 secs] 3254K->3254K(10176K), 0.0003928 secs] [Times: user=0.00 sys=0.00, real=0.00 secs] 
2019-01-02 11:14:02 GC log file has reached the maximum size. Saved as E:/gitrepo/Learning-repo/java/gc.log.4
