2019-01-02 11:12:28 GC log file created E:/gitrepo/Learning-repo/java/gc.log.2
Java HotSpot(TM) 64-Bit Server VM (25.191-b12) for windows-amd64 JRE (1.8.0_191-b12), built on Oct  6 2018 09:29:03 by "java_re" with MS VC++ 10.0 (VS2010)
Memory: 4k page, physical 4066668k(1001820k free), swap 8131460k(2721892k free)
CommandLine flags: -XX:CICompilerCount=3 -XX:GCLogFileSize=1048576 -XX:+HeapDumpOnOutOfMemoryError -XX:HeapDumpPath=E:/gitrepo/Learning-repo/java/heap_dump.hprof -XX:InitialHeapSize=10485760 -XX:MaxHeapSize=10485760 -XX:MaxNewSize=1048576 -XX:MinHeapDeltaBytes=196608 -XX:NewRatio=3 -XX:NewSize=1048576 -XX:NumberOfGCLogFiles=5 -XX:OldSize=9437184 -XX:+PrintGC -XX:+PrintGCDateStamps -XX:+PrintGCDetails -XX:+PrintGCTimeStamps -XX:+PrintTenuringDistribution -XX:SurvivorRatio=10 -XX:+UseCompressedClassPointers -XX:+UseCompressedOops -XX:+UseFastUnorderedTimeStamps -XX:+UseGCLogFileRotation -XX:-UseLargePagesIndividualAllocation -XX:+UseSerialGC 
2019-01-02T11:12:28.816+0530: 816.720: [GC (Allocation Failure) 2019-01-02T11:12:28.817+0530: 816.720: [DefNew
Desired survivor size 32768 bytes, new threshold 15 (max 15)
- age   1:         24 bytes,         24 total
- age   4:        184 bytes,        208 total
: 427K->0K(960K), 0.0002817 secs] 3093K->2665K(10176K), 0.0004869 secs] [Times: user=0.00 sys=0.00, real=0.00 secs] 
2019-01-02T11:12:28.817+0530: 816.721: [GC (Allocation Failure) 2019-01-02T11:12:28.817+0530: 816.721: [DefNew
Desired survivor size 32768 bytes, new threshold 15 (max 15)
- age   2:         24 bytes,         24 total
- age   5:        184 bytes,        208 total
: 487K->0K(960K), 0.0003489 secs] 3152K->3152K(10176K), 0.0004213 secs] [Times: user=0.00 sys=0.00, real=0.00 secs] 
2019-01-02T11:12:28.818+0530: 816.721: [GC (Allocation Failure) 2019-01-02T11:12:28.818+0530: 816.721: [DefNew
Desired survivor size 32768 bytes, new threshold 15 (max 15)
- age   1:         24 bytes,         24 total
- age   6:         72 bytes,         96 total
: 505K->0K(960K), 0.0003221 secs] 3657K->3639K(10176K), 0.0003940 secs] [Times: user=0.00 sys=0.00, real=0.00 secs] 
2019-01-02T11:12:28.873+0530: 816.776: [GC (Allocation Failure) 2019-01-02T11:12:28.873+0530: 816.777: [DefNew
Desired survivor size 32768 bytes, new threshold 15 (max 15)
- age   1:        248 bytes,        248 total
- age   7:         16 bytes,        264 total
: 842K->0K(960K), 0.0005559 secs] 4482K->3711K(10176K), 0.0008381 secs] [Times: user=0.00 sys=0.00, real=0.00 secs] 
2019-01-02T11:12:28.875+0530: 816.779: [GC (Allocation Failure) 2019-01-02T11:12:28.875+0530: 816.779: [DefNew
Desired survivor size 32768 bytes, new threshold 15 (max 15)
- age   2:        184 bytes,        184 total
- age   8:         16 bytes,        200 total
: 896K->0K(960K), 0.0004903 secs] 4607K->3999K(10176K), 0.0006032 secs] [Times: user=0.00 sys=0.00, real=0.00 secs] 
2019-01-02T11:12:28.877+0530: 816.781: [GC (Allocation Failure) 2019-01-02T11:12:28.877+0530: 816.781: [DefNew
Desired survivor size 32768 bytes, new threshold 15 (max 15)
- age   1:         40 bytes,         40 total
- age   3:        184 bytes,        224 total
- age   9:         16 bytes,        240 total
: 896K->0K(960K), 0.0011933 secs] 4895K->4575K(10176K), 0.0014197 secs] [Times: user=0.00 sys=0.00, real=0.00 secs] 
2019-01-02T11:12:28.880+0530: 816.783: [GC (Allocation Failure) 2019-01-02T11:12:28.880+0530: 816.783: [DefNew
Desired survivor size 32768 bytes, new threshold 15 (max 15)
- age   1:         24 bytes,         24 total
- age   4:        184 bytes,        208 total
- age  10:         16 bytes,        224 total
: 428K->0K(960K), 0.0003695 secs] 5004K->4575K(10176K), 0.0004835 secs] [Times: user=0.00 sys=0.00, real=0.00 secs] 
2019-01-02T11:12:28.881+0530: 816.784: [GC (Allocation Failure) 2019-01-02T11:12:28.881+0530: 816.784: [DefNew
Desired survivor size 32768 bytes, new threshold 15 (max 15)
- age   2:         24 bytes,         24 total
- age   5:        184 bytes,        208 total
- age  11:         16 bytes,        224 total
: 487K->0K(960K), 0.0003324 secs] 5062K->5062K(10176K), 0.0004892 secs] [Times: user=0.00 sys=0.00, real=0.00 secs] 
2019-01-02T11:12:28.882+0530: 816.785: [GC (Allocation Failure) 2019-01-02T11:12:28.882+0530: 816.785: [DefNew
Desired survivor size 32768 bytes, new threshold 15 (max 15)
- age   1:         24 bytes,         24 total
- age   6:         72 bytes,         96 total
- age  12:         16 bytes,        112 total
: 505K->0K(960K), 0.0003136 secs] 5567K->5549K(10176K), 0.0003843 secs] [Times: user=0.00 sys=0.00, real=0.00 secs] 
2019-01-02T11:12:28.936+0530: 816.839: [GC (Allocation Failure) 2019-01-02T11:12:28.936+0530: 816.839: [DefNew
Desired survivor size 32768 bytes, new threshold 15 (max 15)
- age   1:        248 bytes,        248 total
- age   7:         16 bytes,        264 total
- age  13:         16 bytes,        280 total
: 842K->0K(960K), 0.0013610 secs] 6392K->5622K(10176K), 0.0016837 secs] [Times: user=0.00 sys=0.02, real=0.00 secs] 
2019-01-02T11:12:28.940+0530: 816.843: [GC (Allocation Failure) 2019-01-02T11:12:28.940+0530: 816.844: [DefNew
Desired survivor size 32768 bytes, new threshold 15 (max 15)
- age   1:         40 bytes,         40 total
- age   2:        184 bytes,        224 total
- age   8:         16 bytes,        240 total
- age  14:         16 bytes,        256 total
: 896K->0K(960K), 0.0009419 secs] 6518K->5910K(10176K), 0.0011785 secs] [Times: user=0.00 sys=0.00, real=0.00 secs] 
2019-01-02T11:12:28.943+0530: 816.846: [GC (Allocation Failure) 2019-01-02T11:12:28.943+0530: 816.846: [DefNew
Desired survivor size 32768 bytes, new threshold 15 (max 15)
- age   1:         40 bytes,         40 total
- age   3:        184 bytes,        224 total
- age   9:         16 bytes,        240 total
- age  15:         16 bytes,        256 total
: 896K->0K(960K), 0.0011882 secs] 6806K->6486K(10176K), 0.0013444 secs] [Times: user=0.00 sys=0.00, real=0.00 secs] 
2019-01-02T11:12:28.946+0530: 816.849: [GC (Allocation Failure) 2019-01-02T11:12:28.946+0530: 816.849: [DefNew
Desired survivor size 32768 bytes, new threshold 15 (max 15)
- age   1:         24 bytes,         24 total
- age   4:        184 bytes,        208 total
- age  10:         16 bytes,        224 total
: 427K->0K(960K), 0.0002896 secs] 6913K->6486K(10176K), 0.0003769 secs] [Times: user=0.00 sys=0.00, real=0.00 secs] 
2019-01-02T11:12:28.947+0530: 816.850: [GC (Allocation Failure) 2019-01-02T11:12:28.947+0530: 816.850: [DefNew
Desired survivor size 32768 bytes, new threshold 15 (max 15)
- age   2:         24 bytes,         24 total
- age   5:        184 bytes,        208 total
- age  11:         16 bytes,        224 total
: 487K->0K(960K), 0.0003193 secs] 6973K->6973K(10176K), 0.0003894 secs] [Times: user=0.00 sys=0.00, real=0.00 secs] 
2019-01-02T11:12:28.948+0530: 816.851: [GC (Allocation Failure) 2019-01-02T11:12:28.948+0530: 816.851: [DefNew
Desired survivor size 32768 bytes, new threshold 15 (max 15)
- age   1:         24 bytes,         24 total
- age   6:         72 bytes,         96 total
- age  12:         16 bytes,        112 total
: 505K->0K(960K), 0.0003033 secs] 7478K->7460K(10176K), 0.0003746 secs] [Times: user=0.00 sys=0.00, real=0.00 secs] 
2019-01-02T11:12:29.008+0530: 816.912: [GC (Allocation Failure) 2019-01-02T11:12:29.009+0530: 816.912: [DefNew
Desired survivor size 32768 bytes, new threshold 15 (max 15)
- age   1:        248 bytes,        248 total
- age   7:         16 bytes,        264 total
- age  13:         16 bytes,        280 total
: 842K->0K(960K), 0.0008290 secs] 8302K->7532K(10176K), 0.0010873 secs] [Times: user=0.00 sys=0.00, real=0.00 secs] 
2019-01-02T11:12:29.012+0530: 816.915: [GC (Allocation Failure) 2019-01-02T11:12:29.012+0530: 816.916: [DefNew
Desired survivor size 32768 bytes, new threshold 15 (max 15)
- age   2:        184 bytes,        184 total
- age   8:         16 bytes,        200 total
- age  14:         16 bytes,        216 total
: 896K->0K(960K), 0.0010770 secs] 8428K->7820K(10176K), 0.0013119 secs] [Times: user=0.00 sys=0.00, real=0.00 secs] 
2019-01-02T11:12:29.015+0530: 816.918: [GC (Allocation Failure) 2019-01-02T11:12:29.015+0530: 816.918: [DefNew
Desired survivor size 32768 bytes, new threshold 15 (max 15)
- age   1:         40 bytes,         40 total
- age   3:        184 bytes,        224 total
- age   9:         16 bytes,        240 total
- age  15:         16 bytes,        256 total
: 896K->0K(960K), 0.0009824 secs] 8716K->8396K(10176K), 0.0011563 secs] [Times: user=0.00 sys=0.00, real=0.00 secs] 
2019-01-02T11:12:29.017+0530: 816.921: [GC (Allocation Failure) 2019-01-02T11:12:29.017+0530: 816.921: [DefNew
Desired survivor size 32768 bytes, new threshold 15 (max 15)
- age   1:         24 bytes,         24 total
- age   4:        184 bytes,        208 total
- age  10:         16 bytes,        224 total
: 428K->0K(960K), 0.0002663 secs] 8824K->8396K(10176K), 0.0003427 secs] [Times: user=0.00 sys=0.00, real=0.00 secs] 
2019-01-02T11:12:29.018+0530: 816.921: [GC (Allocation Failure) 2019-01-02T11:12:29.018+0530: 816.921: [DefNew
Desired survivor size 32768 bytes, new threshold 15 (max 15)
- age   2:         24 bytes,         24 total
- age   5:        184 bytes,        208 total
- age  11:         16 bytes,        224 total
: 487K->0K(960K), 0.0003210 secs] 8883K->8883K(10176K), 0.0003911 secs] [Times: user=0.00 sys=0.00, real=0.00 secs] 
2019-01-02T11:12:29.019+0530: 816.922: [GC (Allocation Failure) 2019-01-02T11:12:29.019+0530: 816.922: [DefNew: 505K->505K(960K), 0.0000279 secs]2019-01-02T11:12:29.019+0530: 816.922: [Tenured: 8883K->1242K(9216K), 0.0054017 secs] 9388K->1242K(10176K), [Metaspace: 2520K->2520K(1056768K)], 0.0056737 secs] [Times: user=0.00 sys=0.00, real=0.00 secs] 
2019-01-02T11:12:29.080+0530: 816.984: [GC (Allocation Failure) 2019-01-02T11:12:29.081+0530: 816.984: [DefNew
Desired survivor size 32768 bytes, new threshold 15 (max 15)
- age   1:        248 bytes,        248 total
: 842K->0K(960K), 0.0008809 secs] 2085K->1801K(10176K), 0.0011700 secs] [Times: user=0.00 sys=0.00, real=0.00 secs] 
2019-01-02T11:12:29.083+0530: 816.987: [GC (Allocation Failure) 2019-01-02T11:12:29.083+0530: 816.987: [DefNew
Desired survivor size 32768 bytes, new threshold 15 (max 15)
- age   1:         40 bytes,         40 total
- age   2:        184 bytes,        224 total
: 896K->0K(960K), 0.0005690 secs] 2697K->2089K(10176K), 0.0007526 secs] [Times: user=0.00 sys=0.00, real=0.00 secs] 
2019-01-02T11:12:29.086+0530: 816.989: [GC (Allocation Failure) 2019-01-02T11:12:29.086+0530: 816.989: [DefNew
Desired survivor size 32768 bytes, new threshold 15 (max 15)
- age   1:         40 bytes,         40 total
- age   3:        184 bytes,        224 total
: 896K->0K(960K), 0.0004077 secs] 2985K->2665K(10176K), 0.0004949 secs] [Times: user=0.00 sys=0.00, real=0.00 secs] 
2019-01-02T11:12:29.087+0530: 816.991: [GC (Allocation Failure) 2019-01-02T11:12:29.088+0530: 816.991: [DefNew
Desired survivor size 32768 bytes, new threshold 15 (max 15)
- age   1:         24 bytes,         24 total
- age   4:        184 bytes,        208 total
: 427K->0K(960K), 0.0008330 secs] 3093K->2665K(10176K), 0.0010137 secs] [Times: user=0.00 sys=0.00, real=0.00 secs] 
2019-01-02T11:12:29.089+0530: 816.992: [GC (Allocation Failure) 2019-01-02T11:12:29.089+0530: 816.992: [DefNew
Desired survivor size 32768 bytes, new threshold 15 (max 15)
- age   2:         24 bytes,         24 total
- age   5:        184 bytes,        208 total
: 487K->0K(960K), 0.0006431 secs] 3152K->3152K(10176K), 0.0007372 secs] [Times: user=0.00 sys=0.00, real=0.00 secs] 
2019-01-02T11:12:29.090+0530: 816.994: [GC (Allocation Failure) 2019-01-02T11:12:29.090+0530: 816.994: [DefNew
Desired survivor size 32768 bytes, new threshold 15 (max 15)
- age   1:         24 bytes,         24 total
- age   6:         72 bytes,         96 total
: 505K->0K(960K), 0.0006916 secs] 3657K->3640K(10176K), 0.0007766 secs] [Times: user=0.00 sys=0.00, real=0.00 secs] 
2019-01-02T11:12:29.143+0530: 817.046: [GC (Allocation Failure) 2019-01-02T11:12:29.143+0530: 817.047: [DefNew
Desired survivor size 32768 bytes, new threshold 15 (max 15)
- age   1:        248 bytes,        248 total
- age   7:         16 bytes,        264 total
: 842K->0K(960K), 0.0006859 secs] 4482K->3712K(10176K), 0.0010006 secs] [Times: user=0.00 sys=0.00, real=0.00 secs] 
2019-01-02T11:12:29.146+0530: 817.049: [GC (Allocation Failure) 2019-01-02T11:12:29.146+0530: 817.049: [DefNew
Desired survivor size 32768 bytes, new threshold 15 (max 15)
- age   2:        184 bytes,        184 total
- age   8:         16 bytes,        200 total
: 896K->0K(960K), 0.0009180 secs] 4608K->4000K(10176K), 0.0011215 secs] [Times: user=0.00 sys=0.00, real=0.00 secs] 
2019-01-02T11:12:29.148+0530: 817.052: [GC (Allocation Failure) 2019-01-02T11:12:29.148+0530: 817.052: [DefNew
Desired survivor size 32768 bytes, new threshold 15 (max 15)
- age   1:         40 bytes,         40 total
- age   3:        184 bytes,        224 total
- age   9:         16 bytes,        240 total
: 896K->0K(960K), 0.0010645 secs] 4896K->4576K(10176K), 0.0012355 secs] [Times: user=0.00 sys=0.00, real=0.00 secs] 
2019-01-02T11:12:29.151+0530: 817.054: [GC (Allocation Failure) 2019-01-02T11:12:29.151+0530: 817.054: [DefNew
Desired survivor size 32768 bytes, new threshold 15 (max 15)
- age   1:         24 bytes,         24 total
- age   4:        184 bytes,        208 total
- age  10:         16 bytes,        224 total
: 428K->0K(960K), 0.0002560 secs] 5004K->4576K(10176K), 0.0003370 secs] [Times: user=0.00 sys=0.00, real=0.00 secs] 
2019-01-02T11:12:29.151+0530: 817.055: [GC (Allocation Failure) 2019-01-02T11:12:29.151+0530: 817.055: [DefNew
Desired survivor size 32768 bytes, new threshold 15 (max 15)
- age   2:         24 bytes,         24 total
- age   5:        184 bytes,        208 total
- age  11:         16 bytes,        224 total
: 487K->0K(960K), 0.0003284 secs] 5063K->5063K(10176K), 0.0003980 secs] [Times: user=0.00 sys=0.00, real=0.00 secs] 
2019-01-02T11:12:29.152+0530: 817.055: [GC (Allocation Failure) 2019-01-02T11:12:29.152+0530: 817.055: [DefNew
Desired survivor size 32768 bytes, new threshold 15 (max 15)
- age   1:         24 bytes,         24 total
- age   6:         72 bytes,         96 total
- age  12:         16 bytes,        112 total
: 505K->0K(960K), 0.0003124 secs] 5568K->5550K(10176K), 0.0003831 secs] [Times: user=0.00 sys=0.00, real=0.00 secs] 
2019-01-02T11:12:29.208+0530: 817.111: [GC (Allocation Failure) 2019-01-02T11:12:29.208+0530: 817.112: [DefNew
Desired survivor size 32768 bytes, new threshold 15 (max 15)
- age   1:        248 bytes,        248 total
- age   7:         16 bytes,        264 total
- age  13:         16 bytes,        280 total
: 843K->0K(960K), 0.0006198 secs] 6393K->5622K(10176K), 0.0007834 secs] [Times: user=0.00 sys=0.00, real=0.00 secs] 
2019-01-02T11:12:29.211+0530: 817.114: [GC (Allocation Failure) 2019-01-02T11:12:29.211+0530: 817.114: [DefNew
Desired survivor size 32768 bytes, new threshold 15 (max 15)
- age   1:         40 bytes,         40 total
- age   2:        184 bytes,        224 total
- age   8:         16 bytes,        240 total
- age  14:         16 bytes,        256 total
: 896K->0K(960K), 0.0009670 secs] 6518K->5910K(10176K), 0.0012327 secs] [Times: user=0.00 sys=0.00, real=0.00 secs] 
2019-01-02T11:12:29.214+0530: 817.117: [GC (Allocation Failure) 2019-01-02T11:12:29.214+0530: 817.117: [DefNew
Desired survivor size 32768 bytes, new threshold 15 (max 15)
- age   1:         40 bytes,         40 total
- age   3:        184 bytes,        224 total
- age   9:         16 bytes,        240 total
- age  15:         16 bytes,        256 total
: 896K->0K(960K), 0.0011728 secs] 6806K->6486K(10176K), 0.0014328 secs] [Times: user=0.00 sys=0.00, real=0.00 secs] 
2019-01-02T11:12:29.216+0530: 817.120: [GC (Allocation Failure) 2019-01-02T11:12:29.216+0530: 817.120: [DefNew
Desired survivor size 32768 bytes, new threshold 15 (max 15)
- age   1:         24 bytes,         24 total
- age   4:        184 bytes,        208 total
- age  10:         16 bytes,        224 total
: 427K->0K(960K), 0.0002680 secs] 6914K->6486K(10176K), 0.0004322 secs] [Times: user=0.00 sys=0.00, real=0.00 secs] 
2019-01-02T11:12:29.217+0530: 817.120: [GC (Allocation Failure) 2019-01-02T11:12:29.217+0530: 817.121: [DefNew
Desired survivor size 32768 bytes, new threshold 15 (max 15)
- age   2:         24 bytes,         24 total
- age   5:        184 bytes,        208 total
- age  11:         16 bytes,        224 total
: 487K->0K(960K), 0.0003353 secs] 6973K->6973K(10176K), 0.0004128 secs] [Times: user=0.00 sys=0.00, real=0.00 secs] 
2019-01-02T11:12:29.218+0530: 817.121: [GC (Allocation Failure) 2019-01-02T11:12:29.218+0530: 817.121: [DefNew
Desired survivor size 32768 bytes, new threshold 15 (max 15)
- age   1:         24 bytes,         24 total
- age   6:         72 bytes,         96 total
- age  12:         16 bytes,        112 total
: 505K->0K(960K), 0.0003284 secs] 7478K->7460K(10176K), 0.0004008 secs] [Times: user=0.00 sys=0.00, real=0.00 secs] 
2019-01-02T11:12:29.271+0530: 817.174: [GC (Allocation Failure) 2019-01-02T11:12:29.271+0530: 817.174: [DefNew
Desired survivor size 32768 bytes, new threshold 15 (max 15)
- age   1:        248 bytes,        248 total
- age   7:         16 bytes,        264 total
- age  13:         16 bytes,        280 total
: 842K->0K(960K), 0.0012036 secs] 8303K->7533K(10176K), 0.0014870 secs] [Times: user=0.00 sys=0.00, real=0.00 secs] 
2019-01-02T11:12:29.274+0530: 817.178: [GC (Allocation Failure) 2019-01-02T11:12:29.274+0530: 817.178: [DefNew
Desired survivor size 32768 bytes, new threshold 15 (max 15)
- age   2:        184 bytes,        184 total
- age   8:         16 bytes,        200 total
- age  14:         16 bytes,        216 total
: 896K->0K(960K), 0.0006563 secs] 8429K->7820K(10176K), 0.0008558 secs] [Times: user=0.00 sys=0.00, real=0.00 secs] 
2019-01-02T11:12:29.276+0530: 817.180: [GC (Allocation Failure) 2019-01-02T11:12:29.276+0530: 817.180: [DefNew
Desired survivor size 32768 bytes, new threshold 15 (max 15)
- age   1:         40 bytes,         40 total
- age   3:        184 bytes,        224 total
- age   9:         16 bytes,        240 total
- age  15:         16 bytes,        256 total
: 896K->0K(960K), 0.0009448 secs] 8716K->8397K(10176K), 0.0010548 secs] [Times: user=0.00 sys=0.00, real=0.00 secs] 
2019-01-02T11:12:29.279+0530: 817.182: [GC (Allocation Failure) 2019-01-02T11:12:29.279+0530: 817.182: [DefNew
Desired survivor size 32768 bytes, new threshold 15 (max 15)
- age   1:         24 bytes,         24 total
- age   4:        184 bytes,        208 total
- age  10:         16 bytes,        224 total
: 428K->0K(960K), 0.0004350 secs] 8825K->8397K(10176K), 0.0005844 secs] [Times: user=0.00 sys=0.00, real=0.00 secs] 
2019-01-02T11:12:29.281+0530: 817.184: [GC (Allocation Failure) 2019-01-02T11:12:29.281+0530: 817.184: [DefNew
Desired survivor size 32768 bytes, new threshold 15 (max 15)
- age   2:         24 bytes,         24 total
- age   5:        184 bytes,        208 total
- age  11:         16 bytes,        224 total
: 487K->0K(960K), 0.0005474 secs] 8884K->8884K(10176K), 0.0006711 secs] [Times: user=0.00 sys=0.00, real=0.00 secs] 
2019-01-02T11:12:29.282+0530: 817.185: [GC (Allocation Failure) 2019-01-02T11:12:29.282+0530: 817.185: [DefNew: 505K->505K(960K), 0.0000296 secs]2019-01-02T11:12:29.282+0530: 817.185: [Tenured: 8883K->1242K(9216K), 0.0036222 secs] 9389K->1242K(10176K), [Metaspace: 2520K->2520K(1056768K)], 0.0037802 secs] [Times: user=0.00 sys=0.00, real=0.00 secs] 
2019-01-02T11:12:29.340+0530: 817.243: [GC (Allocation Failure) 2019-01-02T11:12:29.340+0530: 817.243: [DefNew
Desired survivor size 32768 bytes, new threshold 15 (max 15)
- age   1:        248 bytes,        248 total
: 842K->0K(960K), 0.0014961 secs] 2085K->1802K(10176K), 0.0020463 secs] [Times: user=0.00 sys=0.00, real=0.00 secs] 
2019-01-02T11:12:29.344+0530: 817.247: [GC (Allocation Failure) 2019-01-02T11:12:29.344+0530: 817.247: [DefNew
Desired survivor size 32768 bytes, new threshold 15 (max 15)
- age   1:         40 bytes,         40 total
- age   2:        184 bytes,        224 total
: 896K->0K(960K), 0.0007036 secs] 2698K->2090K(10176K), 0.0008752 secs] [Times: user=0.00 sys=0.00, real=0.00 secs] 
2019-01-02T11:12:29.346+0530: 817.249: [GC (Allocation Failure) 2019-01-02T11:12:29.346+0530: 817.249: [DefNew
Desired survivor size 32768 bytes, new threshold 15 (max 15)
- age   1:         40 bytes,         40 total
- age   3:        184 bytes,        224 total
: 896K->0K(960K), 0.0011454 secs] 2986K->2666K(10176K), 0.0012988 secs] [Times: user=0.00 sys=0.00, real=0.00 secs] 
2019-01-02T11:12:29.349+0530: 817.252: [GC (Allocation Failure) 2019-01-02T11:12:29.349+0530: 817.252: [DefNew
Desired survivor size 32768 bytes, new threshold 15 (max 15)
- age   1:         24 bytes,         24 total
- age   4:        184 bytes,        208 total
: 427K->0K(960K), 0.0006620 secs] 3093K->2666K(10176K), 0.0008148 secs] [Times: user=0.00 sys=0.00, real=0.00 secs] 
2019-01-02T11:12:29.350+0530: 817.253: [GC (Allocation Failure) 2019-01-02T11:12:29.350+0530: 817.253: [DefNew
Desired survivor size 32768 bytes, new threshold 15 (max 15)
- age   2:         24 bytes,         24 total
- age   5:        184 bytes,        208 total
: 487K->0K(960K), 0.0003746 secs] 3153K->3153K(10176K), 0.0004630 secs] [Times: user=0.00 sys=0.00, real=0.00 secs] 
2019-01-02T11:12:29.351+0530: 817.254: [GC (Allocation Failure) 2019-01-02T11:12:29.351+0530: 817.254: [DefNew
Desired survivor size 32768 bytes, new threshold 15 (max 15)
- age   1:         24 bytes,         24 total
- age   6:         72 bytes,         96 total
: 505K->0K(960K), 0.0003335 secs] 3658K->3640K(10176K), 0.0004077 secs] [Times: user=0.00 sys=0.00, real=0.00 secs] 
2019-01-02T11:12:29.408+0530: 817.312: [GC (Allocation Failure) 2019-01-02T11:12:29.409+0530: 817.312: [DefNew
Desired survivor size 32768 bytes, new threshold 15 (max 15)
- age   1:        248 bytes,        248 total
- age   7:         16 bytes,        264 total
: 842K->0K(960K), 0.0005257 secs] 4483K->3712K(10176K), 0.0008091 secs] [Times: user=0.00 sys=0.00, real=0.00 secs] 
2019-01-02T11:12:29.411+0530: 817.315: [GC (Allocation Failure) 2019-01-02T11:12:29.411+0530: 817.315: [DefNew
Desired survivor size 32768 bytes, new threshold 15 (max 15)
- age   2:        184 bytes,        184 total
- age   8:         16 bytes,        200 total
: 896K->0K(960K), 0.0011067 secs] 4608K->4000K(10176K), 0.0013125 secs] [Times: user=0.00 sys=0.00, real=0.00 secs] 
2019-01-02T11:12:29.414+0530: 817.317: [GC (Allocation Failure) 2019-01-02T11:12:29.414+0530: 817.317: [DefNew
Desired survivor size 32768 bytes, new threshold 15 (max 15)
- age   1:         40 bytes,         40 total
- age   3:        184 bytes,        224 total
- age   9:         16 bytes,        240 total
: 896K->0K(960K), 0.0008706 secs] 4896K->4576K(10176K), 0.0010554 secs] [Times: user=0.00 sys=0.00, real=0.00 secs] 
2019-01-02T11:12:29.416+0530: 817.319: [GC (Allocation Failure) 2019-01-02T11:12:29.416+0530: 817.319: [DefNew
Desired survivor size 32768 bytes, new threshold 15 (max 15)
- age   1:         24 bytes,         24 total
- age   4:        184 bytes,        208 total
- age  10:         16 bytes,        224 total
: 428K->0K(960K), 0.0002486 secs] 5005K->4576K(10176K), 0.0003301 secs] [Times: user=0.00 sys=0.00, real=0.00 secs] 
2019-01-02T11:12:29.417+0530: 817.320: [GC (Allocation Failure) 2019-01-02T11:12:29.417+0530: 817.320: [DefNew
Desired survivor size 32768 bytes, new threshold 15 (max 15)
- age   2:         24 bytes,         24 total
- age   5:        184 bytes,        208 total
- age  11:         16 bytes,        224 total
: 487K->0K(960K), 0.0003221 secs] 5063K->5063K(10176K), 0.0003934 secs] [Times: user=0.00 sys=0.00, real=0.00 secs] 
2019-01-02T11:12:29.417+0530: 817.321: [GC (Allocation Failure) 2019-01-02T11:12:29.417+0530: 817.321: [DefNew
Desired survivor size 32768 bytes, new threshold 15 (max 15)
- age   1:         24 bytes,         24 total
- age   6:         72 bytes,         96 total
- age  12:         16 bytes,        112 total
: 505K->0K(960K), 0.0003301 secs] 5568K->5550K(10176K), 0.0004117 secs] [Times: user=0.00 sys=0.00, real=0.00 secs] 
2019-01-02T11:12:29.471+0530: 817.375: [GC (Allocation Failure) 2019-01-02T11:12:29.472+0530: 817.375: [DefNew
Desired survivor size 32768 bytes, new threshold 15 (max 15)
- age   1:        248 bytes,        248 total
- age   7:         16 bytes,        264 total
- age  13:         16 bytes,        280 total
: 843K->0K(960K), 0.0011301 secs] 6394K->5623K(10176K), 0.0016033 secs] [Times: user=0.00 sys=0.00, real=0.00 secs] 
2019-01-02T11:12:29.475+0530: 817.379: [GC (Allocation Failure) 2019-01-02T11:12:29.475+0530: 817.379: [DefNew
Desired survivor size 32768 bytes, new threshold 15 (max 15)
- age   1:         40 bytes,         40 total
- age   2:        184 bytes,        224 total
- age   8:         16 bytes,        240 total
- age  14:         16 bytes,        256 total
: 896K->0K(960K), 0.0006220 secs] 6519K->5911K(10176K), 0.0008986 secs] [Times: user=0.00 sys=0.00, real=0.00 secs] 
2019-01-02T11:12:29.477+0530: 817.381: [GC (Allocation Failure) 2019-01-02T11:12:29.478+0530: 817.381: [DefNew
Desired survivor size 32768 bytes, new threshold 15 (max 15)
- age   1:         40 bytes,         40 total
- age   3:        184 bytes,        224 total
- age   9:         16 bytes,        240 total
- age  15:         16 bytes,        256 total
: 896K->0K(960K), 0.0009180 secs] 6807K->6487K(10176K), 0.0010497 secs] [Times: user=0.00 sys=0.00, real=0.00 secs] 
2019-01-02T11:12:29.480+0530: 817.383: [GC (Allocation Failure) 2019-01-02T11:12:29.480+0530: 817.383: [DefNew
Desired survivor size 32768 bytes, new threshold 15 (max 15)
- age   1:         24 bytes,         24 total
- age   4:        184 bytes,        208 total
- age  10:         16 bytes,        224 total
: 427K->0K(960K), 0.0005080 secs] 6914K->6487K(10176K), 0.0006500 secs] [Times: user=0.00 sys=0.00, real=0.00 secs] 
2019-01-02T11:12:29.481+0530: 817.384: [GC (Allocation Failure) 2019-01-02T11:12:29.481+0530: 817.384: [DefNew
Desired survivor size 32768 bytes, new threshold 15 (max 15)
- age   2:         24 bytes,         24 total
- age   5:        184 bytes,        208 total
- age  11:         16 bytes,        224 total
: 487K->0K(960K), 0.0003398 secs] 6974K->6974K(10176K), 0.0004162 secs] [Times: user=0.00 sys=0.00, real=0.00 secs] 
2019-01-02T11:12:29.482+0530: 817.385: [GC (Allocation Failure) 2019-01-02T11:12:29.482+0530: 817.385: [DefNew
Desired survivor size 32768 bytes, new threshold 15 (max 15)
- age   1:         24 bytes,         24 total
- age   6:         72 bytes,         96 total
- age  12:         16 bytes,        112 total
: 505K->0K(960K), 0.0003318 secs] 7479K->7461K(10176K), 0.0004048 secs] [Times: user=0.02 sys=0.00, real=0.00 secs] 
2019-01-02T11:12:29.539+0530: 817.442: [GC (Allocation Failure) 2019-01-02T11:12:29.539+0530: 817.442: [DefNew
Desired survivor size 32768 bytes, new threshold 15 (max 15)
- age   1:        248 bytes,        248 total
- age   7:         16 bytes,        264 total
- age  13:         16 bytes,        280 total
: 842K->0K(960K), 0.0010981 secs] 8304K->7533K(10176K), 0.0013741 secs] [Times: user=0.00 sys=0.00, real=0.00 secs] 
2019-01-02T11:12:29.543+0530: 817.446: [GC (Allocation Failure) 2019-01-02T11:12:29.543+0530: 817.446: [DefNew
Desired survivor size 32768 bytes, new threshold 15 (max 15)
- age   2:        184 bytes,        184 total
- age   8:         16 bytes,        200 total
- age  14:         16 bytes,        216 total
: 896K->0K(960K), 0.0006648 secs] 8429K->7821K(10176K), 0.0007834 secs] [Times: user=0.00 sys=0.00, real=0.00 secs] 
2019-01-02T11:12:29.545+0530: 817.448: [GC (Allocation Failure) 2019-01-02T11:12:29.545+0530: 817.448: [DefNew
Desired survivor size 32768 bytes, new threshold 15 (max 15)
- age   1:         40 bytes,         40 total
- age   3:        184 bytes,        224 total
- age   9:         16 bytes,        240 total
- age  15:         16 bytes,        256 total
: 896K->0K(960K), 0.0011654 secs] 8717K->8397K(10176K), 0.0013564 secs] [Times: user=0.00 sys=0.00, real=0.00 secs] 
2019-01-02T11:12:29.547+0530: 817.451: [GC (Allocation Failure) 2019-01-02T11:12:29.547+0530: 817.451: [DefNew
Desired survivor size 32768 bytes, new threshold 15 (max 15)
- age   1:         24 bytes,         24 total
- age   4:        184 bytes,        208 total
- age  10:         16 bytes,        224 total
: 428K->0K(960K), 0.0007977 secs] 8826K->8397K(10176K), 0.0009054 secs] [Times: user=0.00 sys=0.00, real=0.00 secs] 
2019-01-02T11:12:29.549+0530: 817.453: [GC (Allocation Failure) 2019-01-02T11:12:29.549+0530: 817.453: [DefNew
Desired survivor size 32768 bytes, new threshold 15 (max 15)
- age   2:         24 bytes,         24 total
- age   5:        184 bytes,        208 total
- age  11:         16 bytes,        224 total
: 487K->0K(960K), 0.0003296 secs] 8885K->8885K(10176K), 0.0004305 secs] [Times: user=0.00 sys=0.00, real=0.00 secs] 
2019-01-02T11:12:29.550+0530: 817.453: [GC (Allocation Failure) 2019-01-02T11:12:29.550+0530: 817.453: [DefNew: 505K->505K(960K), 0.0000285 secs]2019-01-02T11:12:29.550+0530: 817.453: [Tenured: 8884K->1242K(9216K), 0.0036638 secs] 9390K->1242K(10176K), [Metaspace: 2520K->2520K(1056768K)], 0.0038189 secs] [Times: user=0.00 sys=0.00, real=0.00 secs] 
2019-01-02T11:12:29.614+0530: 817.517: [GC (Allocation Failure) 2019-01-02T11:12:29.614+0530: 817.517: [DefNew
Desired survivor size 32768 bytes, new threshold 15 (max 15)
- age   1:        248 bytes,        248 total
: 843K->0K(960K), 0.0014317 secs] 2085K->1802K(10176K), 0.0016426 secs] [Times: user=0.00 sys=0.00, real=0.00 secs] 
2019-01-02T11:12:29.617+0530: 817.521: [GC (Allocation Failure) 2019-01-02T11:12:29.617+0530: 817.521: [DefNew
Desired survivor size 32768 bytes, new threshold 15 (max 15)
- age   1:         40 bytes,         40 total
- age   2:        184 bytes,        224 total
: 896K->0K(960K), 0.0003786 secs] 2698K->2090K(10176K), 0.0004607 secs] [Times: user=0.00 sys=0.00, real=0.00 secs] 
2019-01-02T11:12:29.619+0530: 817.522: [GC (Allocation Failure) 2019-01-02T11:12:29.619+0530: 817.522: [DefNew
Desired survivor size 32768 bytes, new threshold 15 (max 15)
- age   1:         40 bytes,         40 total
- age   3:        184 bytes,        224 total
: 896K->0K(960K), 0.0003512 secs] 2986K->2666K(10176K), 0.0004088 secs] [Times: user=0.00 sys=0.00, real=0.00 secs] 
2019-01-02T11:12:29.620+0530: 817.524: [GC (Allocation Failure) 2019-01-02T11:12:29.620+0530: 817.524: [DefNew
Desired survivor size 32768 bytes, new threshold 15 (max 15)
- age   1:         24 bytes,         24 total
- age   4:        184 bytes,        208 total
: 427K->0K(960K), 0.0002520 secs] 3093K->2666K(10176K), 0.0003427 secs] [Times: user=0.00 sys=0.00, real=0.00 secs] 
2019-01-02T11:12:29.621+0530: 817.524: [GC (Allocation Failure) 2019-01-02T11:12:29.621+0530: 817.524: [DefNew
Desired survivor size 32768 bytes, new threshold 15 (max 15)
- age   2:         24 bytes,         24 total
- age   5:        184 bytes,        208 total
: 487K->0K(960K), 0.0003341 secs] 3153K->3153K(10176K), 0.0004065 secs] [Times: user=0.00 sys=0.00, real=0.00 secs] 
2019-01-02T11:12:29.622+0530: 817.525: [GC (Allocation Failure) 2019-01-02T11:12:29.622+0530: 817.525: [DefNew
Desired survivor size 32768 bytes, new threshold 15 (max 15)
- age   1:         24 bytes,         24 total
- age   6:         72 bytes,         96 total
: 505K->0K(960K), 0.0003136 secs] 3658K->3640K(10176K), 0.0003871 secs] [Times: user=0.00 sys=0.00, real=0.00 secs] 
2019-01-02T11:12:29.682+0530: 817.585: [GC (Allocation Failure) 2019-01-02T11:12:29.682+0530: 817.585: [DefNew
Desired survivor size 32768 bytes, new threshold 15 (max 15)
- age   1:        248 bytes,        248 total
- age   7:         16 bytes,        264 total
: 842K->0K(960K), 0.0011603 secs] 4483K->3713K(10176K), 0.0015297 secs] [Times: user=0.00 sys=0.00, real=0.00 secs] 
2019-01-02T11:12:29.685+0530: 817.588: [GC (Allocation Failure) 2019-01-02T11:12:29.685+0530: 817.589: [DefNew
Desired survivor size 32768 bytes, new threshold 15 (max 15)
- age   2:        184 bytes,        184 total
- age   8:         16 bytes,        200 total
: 896K->0K(960K), 0.0011939 secs] 4609K->4000K(10176K), 0.0014784 secs] [Times: user=0.00 sys=0.01, real=0.00 secs] 
2019-01-02T11:12:29.687+0530: 817.591: [GC (Allocation Failure) 2019-01-02T11:12:29.688+0530: 817.591: [DefNew
Desired survivor size 32768 bytes, new threshold 15 (max 15)
- age   1:         40 bytes,         40 total
- age   3:        184 bytes,        224 total
- age   9:         16 bytes,        240 total
: 896K->0K(960K), 0.0003609 secs] 4896K->4577K(10176K), 0.0004282 secs] [Times: user=0.00 sys=0.00, real=0.00 secs] 
2019-01-02T11:12:29.689+0530: 817.592: [GC (Allocation Failure) 2019-01-02T11:12:29.689+0530: 817.592: [DefNew
Desired survivor size 32768 bytes, new threshold 15 (max 15)
- age   1:         24 bytes,         24 total
- age   4:        184 bytes,        208 total
- age  10:         16 bytes,        224 total
: 428K->0K(960K), 0.0002218 secs] 5005K->4576K(10176K), 0.0002720 secs] [Times: user=0.00 sys=0.00, real=0.00 secs] 
2019-01-02T11:12:29.689+0530: 817.593: [GC (Allocation Failure) 2019-01-02T11:12:29.689+0530: 817.593: [DefNew
Desired survivor size 32768 bytes, new threshold 15 (max 15)
- age   2:         24 bytes,         24 total
- age   5:        184 bytes,        208 total
- age  11:         16 bytes,        224 total
: 487K->0K(960K), 0.0002925 secs] 5064K->5064K(10176K), 0.0003427 secs] [Times: user=0.00 sys=0.00, real=0.00 secs] 
2019-01-02T11:12:29.690+0530: 817.593: [GC (Allocation Failure) 2019-01-02T11:12:29.690+0530: 817.594: [DefNew
Desired survivor size 32768 bytes, new threshold 15 (max 15)
- age   1:         24 bytes,         24 total
- age   6:         72 bytes,         96 total
- age  12:         16 bytes,        112 total
: 505K->0K(960K), 0.0008347 secs] 5569K->5551K(10176K), 0.0009983 secs] [Times: user=0.00 sys=0.00, real=0.00 secs] 
2019-01-02T11:12:29.748+0530: 817.651: [GC (Allocation Failure) 2019-01-02T11:12:29.748+0530: 817.652: [DefNew
Desired survivor size 32768 bytes, new threshold 15 (max 15)
- age   1:        248 bytes,        248 total
- age   7:         16 bytes,        264 total
- age  13:         16 bytes,        280 total
: 843K->0K(960K), 0.0009185 secs] 6394K->5623K(10176K), 0.0012777 secs] [Times: user=0.00 sys=0.00, real=0.00 secs] 
2019-01-02T11:12:29.751+0530: 817.655: [GC (Allocation Failure) 2019-01-02T11:12:29.751+0530: 817.655: [DefNew
Desired survivor size 32768 bytes, new threshold 15 (max 15)
- age   1:         40 bytes,         40 total
- age   2:        184 bytes,        224 total
- age   8:         16 bytes,        240 total
- age  14:         16 bytes,        256 total
: 896K->0K(960K), 0.0006449 secs] 6519K->5911K(10176K), 0.0008684 secs] [Times: user=0.00 sys=0.00, real=0.00 secs] 
2019-01-02T11:12:29.754+0530: 817.657: [GC (Allocation Failure) 2019-01-02T11:12:29.754+0530: 817.657: [DefNew
Desired survivor size 32768 bytes, new threshold 15 (max 15)
- age   1:         40 bytes,         40 total
- age   3:        184 bytes,        224 total
- age   9:         16 bytes,        240 total
- age  15:         16 bytes,        256 total
: 896K->0K(960K), 0.0004213 secs] 6807K->6487K(10176K), 0.0005114 secs] [Times: user=0.00 sys=0.00, real=0.00 secs] 
2019-01-02T11:12:29.755+0530: 817.659: [GC (Allocation Failure) 2019-01-02T11:12:29.755+0530: 817.659: [DefNew
Desired survivor size 32768 bytes, new threshold 15 (max 15)
- age   1:         24 bytes,         24 total
- age   4:        184 bytes,        208 total
- age  10:         16 bytes,        224 total
: 427K->0K(960K), 0.0003107 secs] 6915K->6487K(10176K), 0.0003997 secs] [Times: user=0.00 sys=0.00, real=0.00 secs] 
2019-01-02T11:12:29.756+0530: 817.660: [GC (Allocation Failure) 2019-01-02T11:12:29.756+0530: 817.660: [DefNew
Desired survivor size 32768 bytes, new threshold 15 (max 15)
- age   2:         24 bytes,         24 total
- age   5:        184 bytes,        208 total
- age  11:         16 bytes,        224 total
: 487K->0K(960K), 0.0003341 secs] 6975K->6975K(10176K), 0.0004042 secs] [Times: user=0.00 sys=0.00, real=0.00 secs] 
2019-01-02T11:12:29.757+0530: 817.660: [GC (Allocation Failure) 2019-01-02T11:12:29.757+0530: 817.660: [DefNew
Desired survivor size 32768 bytes, new threshold 15 (max 15)
- age   1:         24 bytes,         24 total
- age   6:         72 bytes,         96 total
- age  12:         16 bytes,        112 total
: 505K->0K(960K), 0.0005143 secs] 7480K->7462K(10176K), 0.0006118 secs] [Times: user=0.00 sys=0.00, real=0.00 secs] 
2019-01-02T11:12:29.809+0530: 817.713: [GC (Allocation Failure) 2019-01-02T11:12:29.810+0530: 817.713: [DefNew
Desired survivor size 32768 bytes, new threshold 15 (max 15)
- age   1:        248 bytes,        248 total
- age   7:         16 bytes,        264 total
- age  13:         16 bytes,        280 total
: 842K->0K(960K), 0.0009932 secs] 8305K->7534K(10176K), 0.0014043 secs] [Times: user=0.00 sys=0.02, real=0.00 secs] 
2019-01-02T11:12:29.813+0530: 817.716: [GC (Allocation Failure) 2019-01-02T11:12:29.813+0530: 817.716: [DefNew
Desired survivor size 32768 bytes, new threshold 15 (max 15)
- age   2:        184 bytes,        184 total
- age   8:         16 bytes,        200 total
- age  14:         16 bytes,        216 total
: 896K->0K(960K), 0.0006785 secs] 8430K->7822K(10176K), 0.0007988 secs] [Times: user=0.00 sys=0.00, real=0.00 secs] 
2019-01-02T11:12:29.815+0530: 817.718: [GC (Allocation Failure) 2019-01-02T11:12:29.815+0530: 817.718: [DefNew
Desired survivor size 32768 bytes, new threshold 15 (max 15)
- age   1:         40 bytes,         40 total
- age   3:        184 bytes,        224 total
- age   9:         16 bytes,        240 total
- age  15:         16 bytes,        256 total
: 896K->0K(960K), 0.0011597 secs] 8718K->8398K(10176K), 0.0013832 secs] [Times: user=0.00 sys=0.00, real=0.00 secs] 
2019-01-02T11:12:29.817+0530: 817.721: [GC (Allocation Failure) 2019-01-02T11:12:29.817+0530: 817.721: [DefNew
Desired survivor size 32768 bytes, new threshold 15 (max 15)
- age   1:         24 bytes,         24 total
- age   4:        184 bytes,        208 total
- age  10:         16 bytes,        224 total
: 428K->0K(960K), 0.0002589 secs] 8827K->8398K(10176K), 0.0003210 secs] [Times: user=0.00 sys=0.00, real=0.00 secs] 
2019-01-02T11:12:29.818+0530: 817.721: [GC (Allocation Failure) 2019-01-02T11:12:29.818+0530: 817.721: [DefNew
Desired survivor size 32768 bytes, new threshold 15 (max 15)
- age   2:         24 bytes,         24 total
- age   5:        184 bytes,        208 total
- age  11:         16 bytes,        224 total
: 487K->0K(960K), 0.0003221 secs] 8885K->8885K(10176K), 0.0003746 secs] [Times: user=0.00 sys=0.00, real=0.00 secs] 
2019-01-02T11:12:29.819+0530: 817.722: [GC (Allocation Failure) 2019-01-02T11:12:29.819+0530: 817.722: [DefNew: 505K->505K(960K), 0.0000234 secs]2019-01-02T11:12:29.819+0530: 817.722: [Tenured: 8885K->1242K(9216K), 0.0042460 secs] 9391K->1242K(10176K), [Metaspace: 2520K->2520K(1056768K)], 0.0043708 secs] [Times: user=0.00 sys=0.00, real=0.00 secs] 
2019-01-02T11:12:29.880+0530: 817.783: [GC (Allocation Failure) 2019-01-02T11:12:29.880+0530: 817.783: [DefNew
Desired survivor size 32768 bytes, new threshold 15 (max 15)
- age   1:        248 bytes,        248 total
: 843K->0K(960K), 0.0010810 secs] 2086K->1802K(10176K), 0.0012008 secs] [Times: user=0.00 sys=0.00, real=0.00 secs] 
2019-01-02T11:12:29.882+0530: 817.786: [GC (Allocation Failure) 2019-01-02T11:12:29.882+0530: 817.786: [DefNew
Desired survivor size 32768 bytes, new threshold 15 (max 15)
- age   1:         40 bytes,         40 total
- age   2:        184 bytes,        224 total
: 896K->0K(960K), 0.0008780 secs] 2698K->2090K(10176K), 0.0010440 secs] [Times: user=0.00 sys=0.00, real=0.00 secs] 
2019-01-02T11:12:29.885+0530: 817.788: [GC (Allocation Failure) 2019-01-02T11:12:29.885+0530: 817.789: [DefNew
Desired survivor size 32768 bytes, new threshold 15 (max 15)
- age   1:         40 bytes,         40 total
- age   3:        184 bytes,        224 total
: 896K->0K(960K), 0.0011660 secs] 2986K->2666K(10176K), 0.0013672 secs] [Times: user=0.00 sys=0.00, real=0.00 secs] 
2019-01-02T11:12:29.888+0530: 817.791: [GC (Allocation Failure) 2019-01-02T11:12:29.888+0530: 817.791: [DefNew
Desired survivor size 32768 bytes, new threshold 15 (max 15)
- age   1:         24 bytes,         24 total
- age   4:        184 bytes,        208 total
: 427K->0K(960K), 0.0003273 secs] 3094K->2666K(10176K), 0.0004213 secs] [Times: user=0.00 sys=0.00, real=0.00 secs] 
2019-01-02T11:12:29.889+0530: 817.792: [GC (Allocation Failure) 2019-01-02T11:12:29.889+0530: 817.792: [DefNew
Desired survivor size 32768 bytes, new threshold 15 (max 15)
- age   2:         24 bytes,         24 total
- age   5:        184 bytes,        208 total
: 487K->0K(960K), 0.0003951 secs] 3153K->3153K(10176K), 0.0004664 secs] [Times: user=0.00 sys=0.00, real=0.00 secs] 
2019-01-02T11:12:29.889+0530: 817.793: [GC (Allocation Failure) 2019-01-02T11:12:29.889+0530: 817.793: [DefNew
Desired survivor size 32768 bytes, new threshold 15 (max 15)
- age   1:         24 bytes,         24 total
- age   6:         72 bytes,         96 total
: 505K->0K(960K), 0.0003763 secs] 3659K->3641K(10176K), 0.0004419 secs] [Times: user=0.00 sys=0.00, real=0.00 secs] 
2019-01-02T11:12:29.945+0530: 817.848: [GC (Allocation Failure) 2019-01-02T11:12:29.945+0530: 817.848: [DefNew
Desired survivor size 32768 bytes, new threshold 15 (max 15)
- age   1:        248 bytes,        248 total
- age   7:         16 bytes,        264 total
: 842K->0K(960K), 0.0012754 secs] 4484K->3713K(10176K), 0.0015588 secs] [Times: user=0.00 sys=0.00, real=0.00 secs] 
2019-01-02T11:12:29.947+0530: 817.851: [GC (Allocation Failure) 2019-01-02T11:12:29.948+0530: 817.851: [DefNew
Desired survivor size 32768 bytes, new threshold 15 (max 15)
- age   2:        184 bytes,        184 total
- age   8:         16 bytes,        200 total
: 896K->0K(960K), 0.0006962 secs] 4609K->4001K(10176K), 0.0008302 secs] [Times: user=0.00 sys=0.00, real=0.00 secs] 
2019-01-02T11:12:29.950+0530: 817.853: [GC (Allocation Failure) 2019-01-02T11:12:29.950+0530: 817.853: [DefNew
Desired survivor size 32768 bytes, new threshold 15 (max 15)
- age   1:         40 bytes,         40 total
- age   3:        184 bytes,        224 total
- age   9:         16 bytes,        240 total
: 896K->0K(960K), 0.0011021 secs] 4897K->4577K(10176K), 0.0012469 secs] [Times: user=0.02 sys=0.00, real=0.00 secs] 
2019-01-02T11:12:29.952+0530: 817.856: [GC (Allocation Failure) 2019-01-02T11:12:29.952+0530: 817.856: [DefNew
Desired survivor size 32768 bytes, new threshold 15 (max 15)
- age   1:         24 bytes,         24 total
- age   4:        184 bytes,        208 total
- age  10:         16 bytes,        224 total
: 428K->0K(960K), 0.0002817 secs] 5005K->4577K(10176K), 0.0003792 secs] [Times: user=0.00 sys=0.00, real=0.00 secs] 
2019-01-02T11:12:29.953+0530: 817.857: [GC (Allocation Failure) 2019-01-02T11:12:29.953+0530: 817.857: [DefNew
Desired survivor size 32768 bytes, new threshold 15 (max 15)
- age   2:         24 bytes,         24 total
- age   5:        184 bytes,        208 total
- age  11:         16 bytes,        224 total
: 487K->0K(960K), 0.0003324 secs] 5064K->5064K(10176K), 0.0004042 secs] [Times: user=0.00 sys=0.00, real=0.00 secs] 
2019-01-02T11:12:29.954+0530: 817.857: [GC (Allocation Failure) 2019-01-02T11:12:29.954+0530: 817.857: [DefNew
Desired survivor size 32768 bytes, new threshold 15 (max 15)
- age   1:         24 bytes,         24 total
- age   6:         72 bytes,         96 total
- age  12:         16 bytes,        112 total
: 505K->0K(960K), 0.0003210 secs] 5570K->5552K(10176K), 0.0003923 secs] [Times: user=0.00 sys=0.00, real=0.00 secs] 
2019-01-02T11:12:30.012+0530: 817.915: [GC (Allocation Failure) 2019-01-02T11:12:30.012+0530: 817.915: [DefNew
Desired survivor size 32768 bytes, new threshold 15 (max 15)
- age   1:        248 bytes,        248 total
- age   7:         16 bytes,        264 total
- age  13:         16 bytes,        280 total
: 843K->0K(960K), 0.0006066 secs] 6395K->5624K(10176K), 0.0010725 secs] [Times: user=0.02 sys=0.00, real=0.00 secs] 
2019-01-02T11:12:30.015+0530: 817.918: [GC (Allocation Failure) 2019-01-02T11:12:30.015+0530: 817.918: [DefNew
Desired survivor size 32768 bytes, new threshold 15 (max 15)
- age   1:         40 bytes,         40 total
- age   2:        184 bytes,        224 total
- age   8:         16 bytes,        240 total
- age  14:         16 bytes,        256 total
: 896K->0K(960K), 0.0006255 secs] 6520K->5912K(10176K), 0.0007959 secs] [Times: user=0.00 sys=0.00, real=0.00 secs] 
2019-01-02T11:12:30.017+0530: 817.920: [GC (Allocation Failure) 2019-01-02T11:12:30.017+0530: 817.920: [DefNew
Desired survivor size 32768 bytes, new threshold 15 (max 15)
- age   1:         40 bytes,         40 total
- age   3:        184 bytes,        224 total
- age   9:         16 bytes,        240 total
- age  15:         16 bytes,        256 total
: 896K->0K(960K), 0.0011819 secs] 6808K->6488K(10176K), 0.0012652 secs] [Times: user=0.00 sys=0.00, real=0.00 secs] 
2019-01-02T11:12:30.020+0530: 817.923: [GC (Allocation Failure) 2019-01-02T11:12:30.020+0530: 817.923: [DefNew
Desired survivor size 32768 bytes, new threshold 15 (max 15)
- age   1:         24 bytes,         24 total
- age   4:        184 bytes,        208 total
- age  10:         16 bytes,        224 total
: 427K->0K(960K), 0.0005035 secs] 6915K->6488K(10176K), 0.0007304 secs] [Times: user=0.00 sys=0.00, real=0.00 secs] 
2019-01-02T11:12:30.021+0530: 817.925: [GC (Allocation Failure) 2019-01-02T11:12:30.021+0530: 817.925: [DefNew
Desired survivor size 32768 bytes, new threshold 15 (max 15)
- age   2:         24 bytes,         24 total
- age   5:        184 bytes,        208 total
- age  11:         16 bytes,        224 total
: 487K->0K(960K), 0.0005810 secs] 6975K->6975K(10176K), 0.0006927 secs] [Times: user=0.00 sys=0.00, real=0.00 secs] 
2019-01-02T11:12:30.022+0530: 817.926: [GC (Allocation Failure) 2019-01-02T11:12:30.022+0530: 817.926: [DefNew
Desired survivor size 32768 bytes, new threshold 15 (max 15)
- age   1:         24 bytes,         24 total
- age   6:         72 bytes,         96 total
- age  12:         16 bytes,        112 total
: 505K->0K(960K), 0.0003256 secs] 7480K->7463K(10176K), 0.0003968 secs] [Times: user=0.00 sys=0.00, real=0.00 secs] 
2019-01-02T11:12:30.083+0530: 817.986: [GC (Allocation Failure) 2019-01-02T11:12:30.083+0530: 817.986: [DefNew
Desired survivor size 32768 bytes, new threshold 15 (max 15)
- age   1:        248 bytes,        248 total
- age   7:         16 bytes,        264 total
- age  13:         16 bytes,        280 total
: 843K->0K(960K), 0.0008695 secs] 8305K->7535K(10176K), 0.0012407 secs] [Times: user=0.00 sys=0.00, real=0.00 secs] 
2019-01-02T11:12:30.086+0530: 817.989: [GC (Allocation Failure) 2019-01-02T11:12:30.086+0530: 817.989: [DefNew
Desired survivor size 32768 bytes, new threshold 15 (max 15)
- age   2:        184 bytes,        184 total
- age   8:         16 bytes,        200 total
- age  14:         16 bytes,        216 total
: 896K->0K(960K), 0.0008621 secs] 8431K->7823K(10176K), 0.0010730 secs] [Times: user=0.00 sys=0.00, real=0.00 secs] 
2019-01-02T11:12:30.088+0530: 817.991: [GC (Allocation Failure) 2019-01-02T11:12:30.088+0530: 817.991: [DefNew
Desired survivor size 32768 bytes, new threshold 15 (max 15)
- age   1:         40 bytes,         40 total
- age   3:        184 bytes,        224 total
- age   9:         16 bytes,        240 total
- age  15:         16 bytes,        256 total
: 896K->0K(960K), 0.0003643 secs] 8719K->8399K(10176K), 0.0004430 secs] [Times: user=0.00 sys=0.00, real=0.00 secs] 
2019-01-02T11:12:30.089+0530: 817.993: [GC (Allocation Failure) 2019-01-02T11:12:30.089+0530: 817.993: [DefNew
Desired survivor size 32768 bytes, new threshold 15 (max 15)
- age   1:         24 bytes,         24 total
- age   4:        184 bytes,        208 total
- age  10:         16 bytes,        224 total
: 428K->0K(960K), 0.0002303 secs] 8827K->8399K(10176K), 0.0002988 secs] [Times: user=0.00 sys=0.00, real=0.00 secs] 
2019-01-02T11:12:30.090+0530: 817.993: [GC (Allocation Failure) 2019-01-02T11:12:30.090+0530: 817.993: [DefNew
Desired survivor size 32768 bytes, new threshold 15 (max 15)
- age   2:         24 bytes,         24 total
- age   5:        184 bytes,        208 total
- age  11:         16 bytes,        224 total
: 487K->0K(960K), 0.0003176 secs] 8886K->8886K(10176K), 0.0003917 secs] [Times: user=0.00 sys=0.00, real=0.00 secs] 
2019-01-02T11:12:30.091+0530: 817.994: [GC (Allocation Failure) 2019-01-02T11:12:30.091+0530: 817.994: [DefNew: 505K->505K(960K), 0.0000274 secs]2019-01-02T11:12:30.091+0530: 817.994: [Tenured: 8886K->1243K(9216K), 0.0061349 secs] 9391K->1243K(10176K), [Metaspace: 2520K->2520K(1056768K)], 0.0063065 secs] [Times: user=0.00 sys=0.00, real=0.01 secs] 
2019-01-02T11:12:30.152+0530: 818.055: [GC (Allocation Failure) 2019-01-02T11:12:30.152+0530: 818.055: [DefNew
Desired survivor size 32768 bytes, new threshold 15 (max 15)
- age   1:        248 bytes,        248 total
: 843K->0K(960K), 0.0012122 secs] 2086K->1802K(10176K), 0.0015497 secs] [Times: user=0.01 sys=0.00, real=0.00 secs] 
2019-01-02T11:12:30.155+0530: 818.058: [GC (Allocation Failure) 2019-01-02T11:12:30.155+0530: 818.059: [DefNew
Desired survivor size 32768 bytes, new threshold 15 (max 15)
- age   1:         40 bytes,         40 total
- age   2:        184 bytes,        224 total
: 896K->0K(960K), 0.0008153 secs] 2698K->2090K(10176K), 0.0010884 secs] [Times: user=0.00 sys=0.00, real=0.00 secs] 
2019-01-02T11:12:30.158+0530: 818.061: [GC (Allocation Failure) 2019-01-02T11:12:30.158+0530: 818.061: [DefNew
Desired survivor size 32768 bytes, new threshold 15 (max 15)
- age   1:         40 bytes,         40 total
- age   3:        184 bytes,        224 total
: 896K->0K(960K), 0.0012167 secs] 2986K->2666K(10176K), 0.0013513 secs] [Times: user=0.00 sys=0.00, real=0.00 secs] 
2019-01-02T11:12:30.160+0530: 818.064: [GC (Allocation Failure) 2019-01-02T11:12:30.161+0530: 818.064: [DefNew
Desired survivor size 32768 bytes, new threshold 15 (max 15)
- age   1:         24 bytes,         24 total
- age   4:        184 bytes,        208 total
: 427K->0K(960K), 0.0006819 secs] 3094K->2666K(10176K), 0.0008826 secs] [Times: user=0.00 sys=0.00, real=0.00 secs] 
2019-01-02T11:12:30.162+0530: 818.065: [GC (Allocation Failure) 2019-01-02T11:12:30.162+0530: 818.065: [DefNew
Desired survivor size 32768 bytes, new threshold 15 (max 15)
- age   2:         24 bytes,         24 total
- age   5:        184 bytes,        208 total
: 487K->0K(960K), 0.0005513 secs] 3154K->3154K(10176K), 0.0006773 secs] [Times: user=0.00 sys=0.00, real=0.00 secs] 
2019-01-02T11:12:30.163+0530: 818.066: [GC (Allocation Failure) 2019-01-02T11:12:30.163+0530: 818.067: [DefNew
Desired survivor size 32768 bytes, new threshold 15 (max 15)
- age   1:         24 bytes,         24 total
- age   6:         72 bytes,         96 total
: 505K->0K(960K), 0.0006996 secs] 3659K->3641K(10176K), 0.0008096 secs] [Times: user=0.00 sys=0.00, real=0.00 secs] 
2019-01-02T11:12:30.216+0530: 818.120: [GC (Allocation Failure) 2019-01-02T11:12:30.217+0530: 818.120: [DefNew
Desired survivor size 32768 bytes, new threshold 15 (max 15)
- age   1:        248 bytes,        248 total
- age   7:         16 bytes,        264 total
: 843K->0K(960K), 0.0009989 secs] 4484K->3713K(10176K), 0.0012926 secs] [Times: user=0.00 sys=0.00, real=0.00 secs] 
2019-01-02T11:12:30.219+0530: 818.123: [GC (Allocation Failure) 2019-01-02T11:12:30.219+0530: 818.123: [DefNew
Desired survivor size 32768 bytes, new threshold 15 (max 15)
- age   2:        184 bytes,        184 total
- age   8:         16 bytes,        200 total
: 896K->0K(960K), 0.0010508 secs] 4609K->4001K(10176K), 0.0011922 secs] [Times: user=0.00 sys=0.00, real=0.00 secs] 
2019-01-02T11:12:30.222+0530: 818.125: [GC (Allocation Failure) 2019-01-02T11:12:30.222+0530: 818.126: [DefNew
Desired survivor size 32768 bytes, new threshold 15 (max 15)
- age   1:         40 bytes,         40 total
- age   3:        184 bytes,        224 total
- age   9:         16 bytes,        240 total
: 896K->0K(960K), 0.0007372 secs] 4897K->4577K(10176K), 0.0009607 secs] [Times: user=0.00 sys=0.00, real=0.00 secs] 
2019-01-02T11:12:30.224+0530: 818.128: [GC (Allocation Failure) 2019-01-02T11:12:30.224+0530: 818.128: [DefNew
Desired survivor size 32768 bytes, new threshold 15 (max 15)
- age   1:         24 bytes,         24 total
- age   4:        184 bytes,        208 total
- age  10:         16 bytes,        224 total
: 428K->0K(960K), 0.0002931 secs] 5006K->4577K(10176K), 0.0003717 secs] [Times: user=0.00 sys=0.00, real=0.00 secs] 
2019-01-02T11:12:30.225+0530: 818.129: [GC (Allocation Failure) 2019-01-02T11:12:30.225+0530: 818.129: [DefNew
Desired survivor size 32768 bytes, new threshold 15 (max 15)
- age   2:         24 bytes,         24 total
- age   5:        184 bytes,        208 total
- age  11:         16 bytes,        224 total
: 487K->0K(960K), 0.0003142 secs] 5065K->5065K(10176K), 0.0003843 secs] [Times: user=0.00 sys=0.00, real=0.00 secs] 
2019-01-02T11:12:30.226+0530: 818.129: [GC (Allocation Failure) 2019-01-02T11:12:30.226+0530: 818.129: [DefNew
Desired survivor size 32768 bytes, new threshold 15 (max 15)
- age   1:         24 bytes,         24 total
- age   6:         72 bytes,         96 total
- age  12:         16 bytes,        112 total
: 505K->0K(960K), 0.0003102 secs] 5570K->5552K(10176K), 0.0003803 secs] [Times: user=0.00 sys=0.00, real=0.00 secs] 
2019-01-02T11:12:30.280+0530: 818.184: [GC (Allocation Failure) 2019-01-02T11:12:30.281+0530: 818.184: [DefNew
Desired survivor size 32768 bytes, new threshold 15 (max 15)
- age   1:        248 bytes,        248 total
- age   7:         16 bytes,        264 total
- age  13:         16 bytes,        280 total
: 843K->0K(960K), 0.0006414 secs] 6395K->5624K(10176K), 0.0008273 secs] [Times: user=0.00 sys=0.00, real=0.00 secs] 
2019-01-02T11:12:30.283+0530: 818.186: [GC (Allocation Failure) 2019-01-02T11:12:30.283+0530: 818.186: [DefNew
Desired survivor size 32768 bytes, new threshold 15 (max 15)
- age   1:         40 bytes,         40 total
- age   2:        184 bytes,        224 total
- age   8:         16 bytes,        240 total
- age  14:         16 bytes,        256 total
: 896K->0K(960K), 0.0010229 secs] 6520K->5912K(10176K), 0.0012601 secs] [Times: user=0.00 sys=0.00, real=0.00 secs] 
2019-01-02T11:12:30.286+0530: 818.189: [GC (Allocation Failure) 2019-01-02T11:12:30.286+0530: 818.189: [DefNew
Desired survivor size 32768 bytes, new threshold 15 (max 15)
- age   1:         40 bytes,         40 total
- age   3:        184 bytes,        224 total
- age   9:         16 bytes,        240 total
- age  15:         16 bytes,        256 total
: 896K->0K(960K), 0.0008068 secs] 6808K->6488K(10176K), 0.0010531 secs] [Times: user=0.00 sys=0.00, real=0.00 secs] 
2019-01-02T11:12:30.288+0530: 818.192: [GC (Allocation Failure) 2019-01-02T11:12:30.288+0530: 818.192: [DefNew
Desired survivor size 32768 bytes, new threshold 15 (max 15)
- age   1:         24 bytes,         24 total
- age   4:        184 bytes,        208 total
- age  10:         16 bytes,        224 total
: 427K->0K(960K), 0.0002834 secs] 6916K->6488K(10176K), 0.0003740 secs] [Times: user=0.00 sys=0.00, real=0.00 secs] 
2019-01-02T11:12:30.289+0530: 818.192: [GC (Allocation Failure) 2019-01-02T11:12:30.289+0530: 818.192: [DefNew
Desired survivor size 32768 bytes, new threshold 15 (max 15)
- age   2:         24 bytes,         24 total
- age   5:        184 bytes,        208 total
- age  11:         16 bytes,        224 total
: 487K->0K(960K), 0.0003444 secs] 6976K->6976K(10176K), 0.0004168 secs] [Times: user=0.00 sys=0.00, real=0.00 secs] 
2019-01-02T11:12:30.290+0530: 818.193: [GC (Allocation Failure) 2019-01-02T11:12:30.290+0530: 818.193: [DefNew
Desired survivor size 32768 bytes, new threshold 15 (max 15)
- age   1:         24 bytes,         24 total
- age   6:         72 bytes,         96 total
- age  12:         16 bytes,        112 total
: 505K->0K(960K), 0.0003244 secs] 7481K->7463K(10176K), 0.0004025 secs] [Times: user=0.00 sys=0.00, real=0.00 secs] 
2019-01-02T11:12:30.346+0530: 818.250: [GC (Allocation Failure) 2019-01-02T11:12:30.346+0530: 818.250: [DefNew
Desired survivor size 32768 bytes, new threshold 15 (max 15)
- age   1:        248 bytes,        248 total
- age   7:         16 bytes,        264 total
- age  13:         16 bytes,        280 total
: 843K->0K(960K), 0.0009693 secs] 8306K->7535K(10176K), 0.0013467 secs] [Times: user=0.00 sys=0.00, real=0.00 secs] 
2019-01-02T11:12:30.349+0530: 818.252: [GC (Allocation Failure) 2019-01-02T11:12:30.349+0530: 818.252: [DefNew
Desired survivor size 32768 bytes, new threshold 15 (max 15)
- age   2:        184 bytes,        184 total
- age   8:         16 bytes,        200 total
- age  14:         16 bytes,        216 total
: 896K->0K(960K), 0.0006825 secs] 8431K->7823K(10176K), 0.0008199 secs] [Times: user=0.00 sys=0.00, real=0.00 secs] 
2019-01-02T11:12:30.352+0530: 818.255: [GC (Allocation Failure) 2019-01-02T11:12:30.352+0530: 818.255: [DefNew
Desired survivor size 32768 bytes, new threshold 15 (max 15)
- age   1:         40 bytes,         40 total
- age   3:        184 bytes,        224 total
- age   9:         16 bytes,        240 total
- age  15:         16 bytes,        256 total
: 896K->0K(960K), 0.0009641 secs] 8719K->8399K(10176K), 0.0011055 secs] [Times: user=0.00 sys=0.00, real=0.00 secs] 
2019-01-02T11:12:30.354+0530: 818.258: [GC (Allocation Failure) 2019-01-02T11:12:30.354+0530: 818.258: [DefNew
Desired survivor size 32768 bytes, new threshold 15 (max 15)
- age   1:         24 bytes,         24 total
- age   4:        184 bytes,        208 total
- age  10:         16 bytes,        224 total
: 428K->0K(960K), 0.0002731 secs] 8828K->8399K(10176K), 0.0003535 secs] [Times: user=0.00 sys=0.00, real=0.00 secs] 
2019-01-02T11:12:30.355+0530: 818.258: [GC (Allocation Failure) 2019-01-02T11:12:30.355+0530: 818.258: [DefNew
Desired survivor size 32768 bytes, new threshold 15 (max 15)
- age   2:         24 bytes,         24 total
- age   5:        184 bytes,        208 total
- age  11:         16 bytes,        224 total
: 487K->0K(960K), 0.0003364 secs] 8887K->8887K(10176K), 0.0004111 secs] [Times: user=0.00 sys=0.00, real=0.00 secs] 
2019-01-02T11:12:30.356+0530: 818.259: [GC (Allocation Failure) 2019-01-02T11:12:30.356+0530: 818.259: [DefNew: 505K->505K(960K), 0.0000291 secs]2019-01-02T11:12:30.356+0530: 818.259: [Tenured: 8887K->1243K(9216K), 0.0036376 secs] 9392K->1243K(10176K), [Metaspace: 2520K->2520K(1056768K)], 0.0037938 secs] [Times: user=0.00 sys=0.00, real=0.00 secs] 
2019-01-02T11:12:30.416+0530: 818.319: [GC (Allocation Failure) 2019-01-02T11:12:30.416+0530: 818.319: [DefNew
Desired survivor size 32768 bytes, new threshold 15 (max 15)
- age   1:        248 bytes,        248 total
: 843K->0K(960K), 0.0008718 secs] 2086K->1803K(10176K), 0.0010576 secs] [Times: user=0.00 sys=0.00, real=0.00 secs] 
2019-01-02T11:12:30.418+0530: 818.322: [GC (Allocation Failure) 2019-01-02T11:12:30.418+0530: 818.322: [DefNew
Desired survivor size 32768 bytes, new threshold 15 (max 15)
- age   1:         40 bytes,         40 total
- age   2:        184 bytes,        224 total
: 896K->0K(960K), 0.0009710 secs] 2699K->2090K(10176K), 0.0011557 secs] [Times: user=0.00 sys=0.00, real=0.00 secs] 
2019-01-02T11:12:30.422+0530: 818.325: [GC (Allocation Failure) 2019-01-02T11:12:30.422+0530: 818.325: [DefNew
Desired survivor size 32768 bytes, new threshold 15 (max 15)
- age   1:         40 bytes,         40 total
- age   3:        184 bytes,        224 total
: 896K->0K(960K), 0.0011027 secs] 2986K->2667K(10176K), 0.0013285 secs] [Times: user=0.00 sys=0.00, real=0.00 secs] 
2019-01-02T11:12:30.424+0530: 818.328: [GC (Allocation Failure) 2019-01-02T11:12:30.424+0530: 818.328: [DefNew
Desired survivor size 32768 bytes, new threshold 15 (max 15)
- age   1:         24 bytes,         24 total
- age   4:        184 bytes,        208 total
: 427K->0K(960K), 0.0002435 secs] 3094K->2666K(10176K), 0.0003233 secs] [Times: user=0.00 sys=0.00, real=0.00 secs] 
2019-01-02T11:12:30.425+0530: 818.328: [GC (Allocation Failure) 2019-01-02T11:12:30.425+0530: 818.328: [DefNew
Desired survivor size 32768 bytes, new threshold 15 (max 15)
- age   2:         24 bytes,         24 total
- age   5:        184 bytes,        208 total
: 487K->0K(960K), 0.0003096 secs] 3154K->3154K(10176K), 0.0003797 secs] [Times: user=0.00 sys=0.00, real=0.00 secs] 
2019-01-02T11:12:30.425+0530: 818.329: [GC (Allocation Failure) 2019-01-02T11:12:30.426+0530: 818.329: [DefNew
Desired survivor size 32768 bytes, new threshold 15 (max 15)
- age   1:         24 bytes,         24 total
- age   6:         72 bytes,         96 total
: 505K->0K(960K), 0.0003005 secs] 3659K->3642K(10176K), 0.0003717 secs] [Times: user=0.00 sys=0.00, real=0.00 secs] 
2019-01-02T11:12:30.480+0530: 818.384: [GC (Allocation Failure) 2019-01-02T11:12:30.480+0530: 818.384: [DefNew
Desired survivor size 32768 bytes, new threshold 15 (max 15)
- age   1:        248 bytes,        248 total
- age   7:         16 bytes,        264 total
: 843K->0K(960K), 0.0003159 secs] 4485K->3714K(10176K), 0.0004191 secs] [Times: user=0.00 sys=0.00, real=0.00 secs] 
2019-01-02T11:12:30.482+0530: 818.386: [GC (Allocation Failure) 2019-01-02T11:12:30.482+0530: 818.386: [DefNew
Desired survivor size 32768 bytes, new threshold 15 (max 15)
- age   2:        184 bytes,        184 total
- age   8:         16 bytes,        200 total
: 896K->0K(960K), 0.0005992 secs] 4610K->4002K(10176K), 0.0007406 secs] [Times: user=0.00 sys=0.00, real=0.00 secs] 
2019-01-02T11:12:30.484+0530: 818.388: [GC (Allocation Failure) 2019-01-02T11:12:30.485+0530: 818.388: [DefNew
Desired survivor size 32768 bytes, new threshold 15 (max 15)
- age   1:         40 bytes,         40 total
- age   3:        184 bytes,        224 total
- age   9:         16 bytes,        240 total
: 896K->0K(960K), 0.0007458 secs] 4898K->4578K(10176K), 0.0010622 secs] [Times: user=0.00 sys=0.00, real=0.00 secs] 
2019-01-02T11:12:30.487+0530: 818.390: [GC (Allocation Failure) 2019-01-02T11:12:30.487+0530: 818.390: [DefNew
Desired survivor size 32768 bytes, new threshold 15 (max 15)
- age   1:         24 bytes,         24 total
- age   4:        184 bytes,        208 total
- age  10:         16 bytes,        224 total
: 428K->0K(960K), 0.0008347 secs] 5006K->4578K(10176K), 0.0009522 secs] [Times: user=0.00 sys=0.00, real=0.00 secs] 
2019-01-02T11:12:30.489+0530: 818.392: [GC (Allocation Failure) 2019-01-02T11:12:30.489+0530: 818.392: [DefNew
Desired survivor size 32768 bytes, new threshold 15 (max 15)
- age   2:         24 bytes,         24 total
- age   5:        184 bytes,        208 total
- age  11:         16 bytes,        224 total
: 487K->0K(960K), 0.0003313 secs] 5065K->5065K(10176K), 0.0003923 secs] [Times: user=0.00 sys=0.00, real=0.00 secs] 
2019-01-02T11:12:30.489+0530: 818.393: [GC (Allocation Failure) 2019-01-02T11:12:30.489+0530: 818.393: [DefNew
Desired survivor size 32768 bytes, new threshold 15 (max 15)
- age   1:         24 bytes,         24 total
- age   6:         72 bytes,         96 total
- age  12:         16 bytes,        112 total
: 505K->0K(960K), 0.0003159 secs] 5571K->5553K(10176K), 0.0003689 secs] [Times: user=0.00 sys=0.00, real=0.00 secs] 
2019-01-02T11:12:30.551+0530: 818.454: [GC (Allocation Failure) 2019-01-02T11:12:30.551+0530: 818.454: [DefNew
Desired survivor size 32768 bytes, new threshold 15 (max 15)
- age   1:        248 bytes,        248 total
- age   7:         16 bytes,        264 total
- age  13:         16 bytes,        280 total
: 843K->0K(960K), 0.0005468 secs] 6396K->5625K(10176K), 0.0008011 secs] [Times: user=0.00 sys=0.00, real=0.00 secs] 
2019-01-02T11:12:30.553+0530: 818.456: [GC (Allocation Failure) 2019-01-02T11:12:30.553+0530: 818.456: [DefNew
Desired survivor size 32768 bytes, new threshold 15 (max 15)
- age   1:         40 bytes,         40 total
- age   2:        184 bytes,        224 total
- age   8:         16 bytes,        240 total
- age  14:         16 bytes,        256 total
: 896K->0K(960K), 0.0007612 secs] 6521K->5913K(10176K), 0.0012281 secs] [Times: user=0.00 sys=0.00, real=0.00 secs] 
2019-01-02T11:12:30.556+0530: 818.459: [GC (Allocation Failure) 2019-01-02T11:12:30.556+0530: 818.459: [DefNew
Desired survivor size 32768 bytes, new threshold 15 (max 15)
- age   1:         40 bytes,         40 total
- age   3:        184 bytes,        224 total
- age   9:         16 bytes,        240 total
- age  15:         16 bytes,        256 total
: 896K->0K(960K), 0.0010434 secs] 6809K->6489K(10176K), 0.0012150 secs] [Times: user=0.00 sys=0.00, real=0.00 secs] 
2019-01-02T11:12:30.559+0530: 818.462: [GC (Allocation Failure) 2019-01-02T11:12:30.559+0530: 818.462: [DefNew
Desired survivor size 32768 bytes, new threshold 15 (max 15)
- age   1:         24 bytes,         24 total
- age   4:        184 bytes,        208 total
- age  10:         16 bytes,        224 total
: 427K->0K(960K), 0.0003193 secs] 6917K->6489K(10176K), 0.0004014 secs] [Times: user=0.02 sys=0.00, real=0.00 secs] 
2019-01-02T11:12:30.560+0530: 818.463: [GC (Allocation Failure) 2019-01-02T11:12:30.560+0530: 818.463: [DefNew
Desired survivor size 32768 bytes, new threshold 15 (max 15)
- age   2:         24 bytes,         24 total
- age   5:        184 bytes,        208 total
- age  11:         16 bytes,        224 total
: 487K->0K(960K), 0.0003250 secs] 6976K->6976K(10176K), 0.0003809 secs] [Times: user=0.00 sys=0.00, real=0.00 secs] 
2019-01-02T11:12:30.560+0530: 818.463: [GC (Allocation Failure) 2019-01-02T11:12:30.560+0530: 818.463: [DefNew
Desired survivor size 32768 bytes, new threshold 15 (max 15)
- age   1:         24 bytes,         24 total
- age   6:         72 bytes,         96 total
- age  12:         16 bytes,        112 total
: 505K->0K(960K), 0.0003267 secs] 7482K->7464K(10176K), 0.0004042 secs] [Times: user=0.00 sys=0.00, real=0.00 secs] 
2019-01-02T11:12:30.616+0530: 818.519: [GC (Allocation Failure) 2019-01-02T11:12:30.616+0530: 818.519: [DefNew
Desired survivor size 32768 bytes, new threshold 15 (max 15)
- age   1:        248 bytes,        248 total
- age   7:         16 bytes,        264 total
- age  13:         16 bytes,        280 total
: 843K->0K(960K), 0.0005844 secs] 8307K->7536K(10176K), 0.0009419 secs] [Times: user=0.00 sys=0.00, real=0.00 secs] 
2019-01-02T11:12:30.619+0530: 818.522: [GC (Allocation Failure) 2019-01-02T11:12:30.619+0530: 818.522: [DefNew
Desired survivor size 32768 bytes, new threshold 15 (max 15)
- age   2:        184 bytes,        184 total
- age   8:         16 bytes,        200 total
- age  14:         16 bytes,        216 total
: 896K->0K(960K), 0.0008051 secs] 8432K->7824K(10176K), 0.0009505 secs] [Times: user=0.00 sys=0.00, real=0.00 secs] 
2019-01-02T11:12:30.621+0530: 818.524: [GC (Allocation Failure) 2019-01-02T11:12:30.621+0530: 818.524: [DefNew
Desired survivor size 32768 bytes, new threshold 15 (max 15)
- age   1:         40 bytes,         40 total
- age   3:        184 bytes,        224 total
- age   9:         16 bytes,        240 total
- age  15:         16 bytes,        256 total
: 896K->0K(960K), 0.0010069 secs] 8720K->8400K(10176K), 0.0011774 secs] [Times: user=0.02 sys=0.00, real=0.00 secs] 
2019-01-02T11:12:30.624+0530: 818.527: [GC (Allocation Failure) 2019-01-02T11:12:30.624+0530: 818.527: [DefNew
Desired survivor size 32768 bytes, new threshold 15 (max 15)
- age   1:         24 bytes,         24 total
- age   4:        184 bytes,        208 total
- age  10:         16 bytes,        224 total
: 428K->0K(960K), 0.0002674 secs] 8829K->8400K(10176K), 0.0003455 secs] [Times: user=0.00 sys=0.00, real=0.00 secs] 
2019-01-02T11:12:30.624+0530: 818.527: [GC (Allocation Failure) 2019-01-02T11:12:30.625+0530: 818.528: [DefNew
Desired survivor size 32768 bytes, new threshold 15 (max 15)
- age   2:         24 bytes,         24 total
- age   5:        184 bytes,        208 total
- age  11:         16 bytes,        224 total
: 487K->0K(960K), 0.0003239 secs] 8888K->8888K(10176K), 0.0003985 secs] [Times: user=0.00 sys=0.00, real=0.00 secs] 
2019-01-02T11:12:30.625+0530: 818.528: [GC (Allocation Failure) 2019-01-02T11:12:30.625+0530: 818.528: [DefNew: 505K->505K(960K), 0.0000285 secs]2019-01-02T11:12:30.625+0530: 818.528: [Tenured: 8888K->1243K(9216K), 0.0036331 secs] 9393K->1243K(10176K), [Metaspace: 2520K->2520K(1056768K)], 0.0037807 secs] [Times: user=0.00 sys=0.00, real=0.00 secs] 
2019-01-02T11:12:30.687+0530: 818.590: [GC (Allocation Failure) 2019-01-02T11:12:30.687+0530: 818.590: [DefNew
Desired survivor size 32768 bytes, new threshold 15 (max 15)
- age   1:        248 bytes,        248 total
: 843K->0K(960K), 0.0012167 secs] 2086K->1803K(10176K), 0.0015280 secs] [Times: user=0.00 sys=0.00, real=0.00 secs] 
2019-01-02T11:12:30.690+0530: 818.593: [GC (Allocation Failure) 2019-01-02T11:12:30.690+0530: 818.593: [DefNew
Desired survivor size 32768 bytes, new threshold 15 (max 15)
- age   1:         40 bytes,         40 total
- age   2:        184 bytes,        224 total
: 896K->0K(960K), 0.0012144 secs] 2699K->2091K(10176K), 0.0013826 secs] [Times: user=0.00 sys=0.00, real=0.00 secs] 
2019-01-02T11:12:30.693+0530: 818.596: [GC (Allocation Failure) 2019-01-02T11:12:30.693+0530: 818.596: [DefNew
Desired survivor size 32768 bytes, new threshold 15 (max 15)
- age   1:         40 bytes,         40 total
- age   3:        184 bytes,        224 total
: 896K->0K(960K), 0.0005599 secs] 2987K->2667K(10176K), 0.0006762 secs] [Times: user=0.00 sys=0.00, real=0.00 secs] 
2019-01-02T11:12:30.695+0530: 818.598: [GC (Allocation Failure) 2019-01-02T11:12:30.695+0530: 818.598: [DefNew
Desired survivor size 32768 bytes, new threshold 15 (max 15)
- age   1:         24 bytes,         24 total
- age   4:        184 bytes,        208 total
: 427K->0K(960K), 0.0002195 secs] 3094K->2667K(10176K), 0.0002708 secs] [Times: user=0.00 sys=0.00, real=0.00 secs] 
2019-01-02T11:12:30.695+0530: 818.598: [GC (Allocation Failure) 2019-01-02T11:12:30.695+0530: 818.598: [DefNew
Desired survivor size 32768 bytes, new threshold 15 (max 15)
- age   2:         24 bytes,         24 total
- age   5:        184 bytes,        208 total
: 487K->0K(960K), 0.0002965 secs] 3154K->3154K(10176K), 0.0003586 secs] [Times: user=0.00 sys=0.00, real=0.00 secs] 
2019-01-02T11:12:30.696+0530: 818.599: [GC (Allocation Failure) 2019-01-02T11:12:30.696+0530: 818.599: [DefNew
Desired survivor size 32768 bytes, new threshold 15 (max 15)
- age   1:         24 bytes,         24 total
- age   6:         72 bytes,         96 total
: 505K->0K(960K), 0.0002976 secs] 3660K->3642K(10176K), 0.0003581 secs] [Times: user=0.00 sys=0.00, real=0.00 secs] 
2019-01-02T11:12:30.752+0530: 818.655: [GC (Allocation Failure) 2019-01-02T11:12:30.752+0530: 818.655: [DefNew
Desired survivor size 32768 bytes, new threshold 15 (max 15)
- age   1:        248 bytes,        248 total
- age   7:         16 bytes,        264 total
: 843K->0K(960K), 0.0006899 secs] 4485K->3714K(10176K), 0.0009351 secs] [Times: user=0.00 sys=0.00, real=0.00 secs] 
2019-01-02T11:12:30.754+0530: 818.657: [GC (Allocation Failure) 2019-01-02T11:12:30.754+0530: 818.657: [DefNew
Desired survivor size 32768 bytes, new threshold 15 (max 15)
- age   2:        184 bytes,        184 total
- age   8:         16 bytes,        200 total
: 896K->0K(960K), 0.0011517 secs] 4610K->4002K(10176K), 0.0013553 secs] [Times: user=0.00 sys=0.00, real=0.00 secs] 
2019-01-02T11:12:30.757+0530: 818.660: [GC (Allocation Failure) 2019-01-02T11:12:30.757+0530: 818.660: [DefNew
Desired survivor size 32768 bytes, new threshold 15 (max 15)
- age   1:         40 bytes,         40 total
- age   3:        184 bytes,        224 total
- age   9:         16 bytes,        240 total
: 896K->0K(960K), 0.0007845 secs] 4898K->4578K(10176K), 0.0010012 secs] [Times: user=0.00 sys=0.00, real=0.00 secs] 
2019-01-02T11:12:30.759+0530: 818.662: [GC (Allocation Failure) 2019-01-02T11:12:30.759+0530: 818.662: [DefNew
Desired survivor size 32768 bytes, new threshold 15 (max 15)
- age   1:         24 bytes,         24 total
- age   4:        184 bytes,        208 total
- age  10:         16 bytes,        224 total
: 428K->0K(960K), 0.0002725 secs] 5007K->4578K(10176K), 0.0003484 secs] [Times: user=0.00 sys=0.00, real=0.00 secs] 
2019-01-02T11:12:30.760+0530: 818.663: [GC (Allocation Failure) 2019-01-02T11:12:30.760+0530: 818.663: [DefNew
Desired survivor size 32768 bytes, new threshold 15 (max 15)
- age   2:         24 bytes,         24 total
- age   5:        184 bytes,        208 total
- age  11:         16 bytes,        224 total
: 487K->0K(960K), 0.0003375 secs] 5066K->5066K(10176K), 0.0003906 secs] [Times: user=0.00 sys=0.00, real=0.00 secs] 
2019-01-02T11:12:30.761+0530: 818.664: [GC (Allocation Failure) 2019-01-02T11:12:30.761+0530: 818.664: [DefNew
Desired survivor size 32768 bytes, new threshold 15 (max 15)
- age   1:         24 bytes,         24 total
- age   6:         72 bytes,         96 total
- age  12:         16 bytes,        112 total
: 505K->0K(960K), 0.0003296 secs] 5571K->5553K(10176K), 0.0004003 secs] [Times: user=0.00 sys=0.00, real=0.00 secs] 
2019-01-02T11:12:30.814+0530: 818.717: [GC (Allocation Failure) 2019-01-02T11:12:30.814+0530: 818.717: [DefNew
Desired survivor size 32768 bytes, new threshold 15 (max 15)
- age   1:        248 bytes,        248 total
- age   7:         16 bytes,        264 total
- age  13:         16 bytes,        280 total
: 843K->0K(960K), 0.0013222 secs] 6397K->5626K(10176K), 0.0016637 secs] [Times: user=0.00 sys=0.00, real=0.00 secs] 
2019-01-02T11:12:30.818+0530: 818.721: [GC (Allocation Failure) 2019-01-02T11:12:30.818+0530: 818.721: [DefNew
Desired survivor size 32768 bytes, new threshold 15 (max 15)
- age   1:         40 bytes,         40 total
- age   2:        184 bytes,        224 total
- age   8:         16 bytes,        240 total
- age  14:         16 bytes,        256 total
: 896K->0K(960K), 0.0006420 secs] 6522K->5913K(10176K), 0.0007475 secs] [Times: user=0.00 sys=0.00, real=0.00 secs] 
2019-01-02T11:12:30.820+0530: 818.723: [GC (Allocation Failure) 2019-01-02T11:12:30.820+0530: 818.723: [DefNew
Desired survivor size 32768 bytes, new threshold 15 (max 15)
- age   1:         40 bytes,         40 total
- age   3:        184 bytes,        224 total
- age   9:         16 bytes,        240 total
- age  15:         16 bytes,        256 total
: 896K->0K(960K), 0.0010223 secs] 6809K->6490K(10176K), 0.0011985 secs] [Times: user=0.00 sys=0.00, real=0.00 secs] 
2019-01-02T11:12:30.822+0530: 818.725: [GC (Allocation Failure) 2019-01-02T11:12:30.822+0530: 818.725: [DefNew
Desired survivor size 32768 bytes, new threshold 15 (max 15)
- age   1:         24 bytes,         24 total
- age   4:        184 bytes,        208 total
- age  10:         16 bytes,        224 total
: 427K->0K(960K), 0.0004350 secs] 6917K->6489K(10176K), 0.0005491 secs] [Times: user=0.00 sys=0.00, real=0.00 secs] 
2019-01-02T11:12:30.824+0530: 818.727: [GC (Allocation Failure) 2019-01-02T11:12:30.824+0530: 818.727: [DefNew
Desired survivor size 32768 bytes, new threshold 15 (max 15)
- age   2:         24 bytes,         24 total
- age   5:        184 bytes,        208 total
- age  11:         16 bytes,        224 total
: 487K->0K(960K), 0.0005257 secs] 6977K->6977K(10176K), 0.0006021 secs] [Times: user=0.02 sys=0.00, real=0.00 secs] 
2019-01-02T11:12:30.825+0530: 818.728: [GC (Allocation Failure) 2019-01-02T11:12:30.825+0530: 818.728: [DefNew
Desired survivor size 32768 bytes, new threshold 15 (max 15)
- age   1:         24 bytes,         24 total
- age   6:         72 bytes,         96 total
- age  12:         16 bytes,        112 total
: 505K->0K(960K), 0.0003159 secs] 7483K->7465K(10176K), 0.0003706 secs] [Times: user=0.00 sys=0.00, real=0.00 secs] 
2019-01-02T11:12:30.878+0530: 818.781: [GC (Allocation Failure) 2019-01-02T11:12:30.879+0530: 818.782: [DefNew
Desired survivor size 32768 bytes, new threshold 15 (max 15)
- age   1:        248 bytes,        248 total
- age   7:         16 bytes,        264 total
- age  13:         16 bytes,        280 total
: 843K->0K(960K), 0.0007475 secs] 8308K->7537K(10176K), 0.0010559 secs] [Times: user=0.00 sys=0.00, real=0.00 secs] 
2019-01-02T11:12:30.882+0530: 818.785: [GC (Allocation Failure) 2019-01-02T11:12:30.882+0530: 818.785: [DefNew
Desired survivor size 32768 bytes, new threshold 15 (max 15)
- age   2:        184 bytes,        184 total
- age   8:         16 bytes,        200 total
- age  14:         16 bytes,        216 total
: 896K->0K(960K), 0.0007264 secs] 8433K->7825K(10176K), 0.0011090 secs] [Times: user=0.00 sys=0.00, real=0.00 secs] 
2019-01-02T11:12:30.885+0530: 818.788: [GC (Allocation Failure) 2019-01-02T11:12:30.885+0530: 818.788: [DefNew
Desired survivor size 32768 bytes, new threshold 15 (max 15)
- age   1:         40 bytes,         40 total
- age   3:        184 bytes,        224 total
- age   9:         16 bytes,        240 total
- age  15:         16 bytes,        256 total
: 896K->0K(960K), 0.0008404 secs] 8721K->8401K(10176K), 0.0009493 secs] [Times: user=0.00 sys=0.00, real=0.00 secs] 
2019-01-02T11:12:30.887+0530: 818.790: [GC (Allocation Failure) 2019-01-02T11:12:30.887+0530: 818.790: [DefNew
Desired survivor size 32768 bytes, new threshold 15 (max 15)
- age   1:         24 bytes,         24 total
- age   4:        184 bytes,        208 total
- age  10:         16 bytes,        224 total
: 428K->0K(960K), 0.0005553 secs] 8829K->8401K(10176K), 0.0006477 secs] [Times: user=0.00 sys=0.00, real=0.00 secs] 
2019-01-02T11:12:30.888+0530: 818.791: [GC (Allocation Failure) 2019-01-02T11:12:30.888+0530: 818.791: [DefNew
Desired survivor size 32768 bytes, new threshold 15 (max 15)
- age   2:         24 bytes,         24 total
- age   5:        184 bytes,        208 total
- age  11:         16 bytes,        224 total
: 487K->0K(960K), 0.0003318 secs] 8889K->8889K(10176K), 0.0003866 secs] [Times: user=0.00 sys=0.00, real=0.00 secs] 
2019-01-02T11:12:30.889+0530: 818.792: [GC (Allocation Failure) 2019-01-02T11:12:30.889+0530: 818.792: [DefNew: 505K->505K(960K), 0.0000228 secs]2019-01-02T11:12:30.889+0530: 818.792: [Tenured: 8888K->1243K(9216K), 0.0036182 secs] 9394K->1243K(10176K), [Metaspace: 2520K->2520K(1056768K)], 0.0037459 secs] [Times: user=0.00 sys=0.00, real=0.00 secs] 
2019-01-02T11:12:30.945+0530: 818.848: [GC (Allocation Failure) 2019-01-02T11:12:30.945+0530: 818.848: [DefNew
Desired survivor size 32768 bytes, new threshold 15 (max 15)
- age   1:        248 bytes,        248 total
: 843K->0K(960K), 0.0014522 secs] 2086K->1803K(10176K), 0.0017339 secs] [Times: user=0.00 sys=0.00, real=0.00 secs] 
2019-01-02T11:12:30.949+0530: 818.852: [GC (Allocation Failure) 2019-01-02T11:12:30.949+0530: 818.852: [DefNew
Desired survivor size 32768 bytes, new threshold 15 (max 15)
- age   1:         40 bytes,         40 total
- age   2:        184 bytes,        224 total
: 896K->0K(960K), 0.0010651 secs] 2699K->2091K(10176K), 0.0012777 secs] [Times: user=0.00 sys=0.00, real=0.00 secs] 
2019-01-02T11:12:30.952+0530: 818.855: [GC (Allocation Failure) 2019-01-02T11:12:30.952+0530: 818.856: [DefNew
Desired survivor size 32768 bytes, new threshold 15 (max 15)
- age   1:         40 bytes,         40 total
- age   3:        184 bytes,        224 total
: 896K->0K(960K), 0.0008923 secs] 2987K->2667K(10176K), 0.0010571 secs] [Times: user=0.00 sys=0.00, real=0.00 secs] 
2019-01-02T11:12:30.955+0530: 818.858: [GC (Allocation Failure) 2019-01-02T11:12:30.955+0530: 818.858: [DefNew
Desired survivor size 32768 bytes, new threshold 15 (max 15)
- age   1:         24 bytes,         24 total
- age   4:        184 bytes,        208 total
: 427K->0K(960K), 0.0006066 secs] 3095K->2667K(10176K), 0.0007344 secs] [Times: user=0.00 sys=0.00, real=0.00 secs] 
2019-01-02T11:12:30.956+0530: 818.859: [GC (Allocation Failure) 2019-01-02T11:12:30.956+0530: 818.859: [DefNew
Desired survivor size 32768 bytes, new threshold 15 (max 15)
- age   2:         24 bytes,         24 total
- age   5:        184 bytes,        208 total
: 487K->0K(960K), 0.0003484 secs] 3155K->3155K(10176K), 0.0004208 secs] [Times: user=0.00 sys=0.00, real=0.00 secs] 
2019-01-02T11:12:30.957+0530: 818.860: [GC (Allocation Failure) 2019-01-02T11:12:30.957+0530: 818.860: [DefNew
Desired survivor size 32768 bytes, new threshold 15 (max 15)
- age   1:         24 bytes,         24 total
- age   6:         72 bytes,         96 total
: 505K->0K(960K), 0.0003199 secs] 3660K->3642K(10176K), 0.0003900 secs] [Times: user=0.00 sys=0.00, real=0.00 secs] 
2019-01-02T11:12:31.015+0530: 818.918: [GC (Allocation Failure) 2019-01-02T11:12:31.015+0530: 818.918: [DefNew
Desired survivor size 32768 bytes, new threshold 15 (max 15)
- age   1:        248 bytes,        248 total
- age   7:         16 bytes,        264 total
: 843K->0K(960K), 0.0014248 secs] 4486K->3715K(10176K), 0.0016557 secs] [Times: user=0.00 sys=0.00, real=0.00 secs] 
2019-01-02T11:12:31.019+0530: 818.922: [GC (Allocation Failure) 2019-01-02T11:12:31.019+0530: 818.922: [DefNew
Desired survivor size 32768 bytes, new threshold 15 (max 15)
- age   2:        184 bytes,        184 total
- age   8:         16 bytes,        200 total
: 896K->0K(960K), 0.0008484 secs] 4611K->4002K(10176K), 0.0010155 secs] [Times: user=0.00 sys=0.00, real=0.00 secs] 
2019-01-02T11:12:31.021+0530: 818.924: [GC (Allocation Failure) 2019-01-02T11:12:31.021+0530: 818.924: [DefNew
Desired survivor size 32768 bytes, new threshold 15 (max 15)
- age   1:         40 bytes,         40 total
- age   3:        184 bytes,        224 total
- age   9:         16 bytes,        240 total
: 896K->0K(960K), 0.0011449 secs] 4898K->4579K(10176K), 0.0012726 secs] [Times: user=0.00 sys=0.00, real=0.00 secs] 
2019-01-02T11:12:31.024+0530: 818.927: [GC (Allocation Failure) 2019-01-02T11:12:31.024+0530: 818.927: [DefNew
Desired survivor size 32768 bytes, new threshold 15 (max 15)
- age   1:         24 bytes,         24 total
- age   4:        184 bytes,        208 total
- age  10:         16 bytes,        224 total
: 428K->0K(960K), 0.0004972 secs] 5007K->4578K(10176K), 0.0006722 secs] [Times: user=0.00 sys=0.00, real=0.00 secs] 
2019-01-02T11:12:31.026+0530: 818.929: [GC (Allocation Failure) 2019-01-02T11:12:31.026+0530: 818.929: [DefNew
Desired survivor size 32768 bytes, new threshold 15 (max 15)
- age   2:         24 bytes,         24 total
- age   5:        184 bytes,        208 total
- age  11:         16 bytes,        224 total
: 487K->0K(960K), 0.0006409 secs] 5066K->5066K(10176K), 0.0007788 secs] [Times: user=0.00 sys=0.00, real=0.00 secs] 
2019-01-02T11:12:31.027+0530: 818.930: [GC (Allocation Failure) 2019-01-02T11:12:31.027+0530: 818.930: [DefNew
Desired survivor size 32768 bytes, new threshold 15 (max 15)
- age   1:         24 bytes,         24 total
- age   6:         72 bytes,         96 total
- age  12:         16 bytes,        112 total
: 505K->0K(960K), 0.0003666 secs] 5572K->5554K(10176K), 0.0004442 secs] [Times: user=0.01 sys=0.00, real=0.00 secs] 
2019-01-02T11:12:31.084+0530: 818.987: [GC (Allocation Failure) 2019-01-02T11:12:31.084+0530: 818.987: [DefNew
Desired survivor size 32768 bytes, new threshold 15 (max 15)
- age   1:        248 bytes,        248 total
- age   7:         16 bytes,        264 total
- age  13:         16 bytes,        280 total
: 843K->0K(960K), 0.0008946 secs] 6397K->5626K(10176K), 0.0011962 secs] [Times: user=0.00 sys=0.00, real=0.00 secs] 
2019-01-02T11:12:31.086+0530: 818.989: [GC (Allocation Failure) 2019-01-02T11:12:31.086+0530: 818.990: [DefNew
Desired survivor size 32768 bytes, new threshold 15 (max 15)
- age   1:         40 bytes,         40 total
- age   2:        184 bytes,        224 total
- age   8:         16 bytes,        240 total
- age  14:         16 bytes,        256 total
: 896K->0K(960K), 0.0005622 secs] 6522K->5914K(10176K), 0.0007195 secs] [Times: user=0.00 sys=0.00, real=0.00 secs] 
2019-01-02T11:12:31.089+0530: 818.992: [GC (Allocation Failure) 2019-01-02T11:12:31.089+0530: 818.992: [DefNew
Desired survivor size 32768 bytes, new threshold 15 (max 15)
- age   1:         40 bytes,         40 total
- age   3:        184 bytes,        224 total
- age   9:         16 bytes,        240 total
- age  15:         16 bytes,        256 total
: 896K->0K(960K), 0.0009425 secs] 6810K->6490K(10176K), 0.0011939 secs] [Times: user=0.02 sys=0.00, real=0.00 secs] 
2019-01-02T11:12:31.092+0530: 818.995: [GC (Allocation Failure) 2019-01-02T11:12:31.092+0530: 818.995: [DefNew
Desired survivor size 32768 bytes, new threshold 15 (max 15)
- age   1:         24 bytes,         24 total
- age   4:        184 bytes,        208 total
- age  10:         16 bytes,        224 total
: 427K->0K(960K), 0.0002634 secs] 6918K->6490K(10176K), 0.0003335 secs] [Times: user=0.00 sys=0.00, real=0.00 secs] 
2019-01-02T11:12:31.092+0530: 818.995: [GC (Allocation Failure) 2019-01-02T11:12:31.092+0530: 818.995: [DefNew
Desired survivor size 32768 bytes, new threshold 15 (max 15)
- age   2:         24 bytes,         24 total
- age   5:        184 bytes,        208 total
- age  11:         16 bytes,        224 total
: 487K->0K(960K), 0.0003387 secs] 6978K->6978K(10176K), 0.0003946 secs] [Times: user=0.00 sys=0.00, real=0.00 secs] 
2019-01-02T11:12:31.093+0530: 818.996: [GC (Allocation Failure) 2019-01-02T11:12:31.093+0530: 818.996: [DefNew
Desired survivor size 32768 bytes, new threshold 15 (max 15)
- age   1:         24 bytes,         24 total
- age   6:         72 bytes,         96 total
- age  12:         16 bytes,        112 total
: 505K->0K(960K), 0.0003318 secs] 7483K->7466K(10176K), 0.0004042 secs] [Times: user=0.00 sys=0.00, real=0.00 secs] 
2019-01-02T11:12:31.149+0530: 819.052: [GC (Allocation Failure) 2019-01-02T11:12:31.149+0530: 819.053: [DefNew
Desired survivor size 32768 bytes, new threshold 15 (max 15)
- age   1:        248 bytes,        248 total
- age   7:         16 bytes,        264 total
- age  13:         16 bytes,        280 total
: 843K->0K(960K), 0.0016734 secs] 8309K->7538K(10176K), 0.0021142 secs] [Times: user=0.00 sys=0.00, real=0.00 secs] 
2019-01-02T11:12:31.154+0530: 819.057: [GC (Allocation Failure) 2019-01-02T11:12:31.154+0530: 819.057: [DefNew
Desired survivor size 32768 bytes, new threshold 15 (max 15)
- age   2:        184 bytes,        184 total
- age   8:         16 bytes,        200 total
- age  14:         16 bytes,        216 total
: 896K->0K(960K), 0.0009944 secs] 8434K->7826K(10176K), 0.0011010 secs] [Times: user=0.00 sys=0.00, real=0.00 secs] 
2019-01-02T11:12:31.157+0530: 819.060: [GC (Allocation Failure) 2019-01-02T11:12:31.157+0530: 819.060: [DefNew
Desired survivor size 32768 bytes, new threshold 15 (max 15)
- age   1:         40 bytes,         40 total
- age   3:        184 bytes,        224 total
- age   9:         16 bytes,        240 total
- age  15:         16 bytes,        256 total
: 896K->0K(960K), 0.0010987 secs] 8722K->8402K(10176K), 0.0012846 secs] [Times: user=0.00 sys=0.00, real=0.00 secs] 
2019-01-02T11:12:31.159+0530: 819.062: [GC (Allocation Failure) 2019-01-02T11:12:31.159+0530: 819.063: [DefNew
Desired survivor size 32768 bytes, new threshold 15 (max 15)
- age   1:         24 bytes,         24 total
- age   4:        184 bytes,        208 total
- age  10:         16 bytes,        224 total
: 428K->0K(960K), 0.0002668 secs] 8830K->8402K(10176K), 0.0003398 secs] [Times: user=0.00 sys=0.00, real=0.00 secs] 
2019-01-02T11:12:31.160+0530: 819.063: [GC (Allocation Failure) 2019-01-02T11:12:31.160+0530: 819.063: [DefNew
Desired survivor size 32768 bytes, new threshold 15 (max 15)
- age   2:         24 bytes,         24 total
- age   5:        184 bytes,        208 total
- age  11:         16 bytes,        224 total
: 487K->0K(960K), 0.0003392 secs] 8889K->8889K(10176K), 0.0004054 secs] [Times: user=0.00 sys=0.00, real=0.00 secs] 
2019-01-02T11:12:31.161+0530: 819.064: [GC (Allocation Failure) 2019-01-02T11:12:31.161+0530: 819.064: [DefNew: 505K->505K(960K), 0.0000245 secs]2019-01-02T11:12:31.161+0530: 819.064: [Tenured: 8889K->1243K(9216K), 0.0037933 secs] 9395K->1243K(10176K), [Metaspace: 2520K->2520K(1056768K)], 0.0039198 secs] [Times: user=0.00 sys=0.00, real=0.00 secs] 
2019-01-02T11:12:31.222+0530: 819.125: [GC (Allocation Failure) 2019-01-02T11:12:31.222+0530: 819.125: [DefNew
Desired survivor size 32768 bytes, new threshold 15 (max 15)
- age   1:        248 bytes,        248 total
: 843K->0K(960K), 0.0009066 secs] 2087K->1803K(10176K), 0.0011916 secs] [Times: user=0.00 sys=0.00, real=0.00 secs] 
2019-01-02T11:12:31.225+0530: 819.128: [GC (Allocation Failure) 2019-01-02T11:12:31.225+0530: 819.128: [DefNew
Desired survivor size 32768 bytes, new threshold 15 (max 15)
- age   1:         40 bytes,         40 total
- age   2:        184 bytes,        224 total
: 896K->0K(960K), 0.0009345 secs] 2699K->2091K(10176K), 0.0010896 secs] [Times: user=0.00 sys=0.00, real=0.00 secs] 
2019-01-02T11:12:31.228+0530: 819.131: [GC (Allocation Failure) 2019-01-02T11:12:31.228+0530: 819.131: [DefNew
Desired survivor size 32768 bytes, new threshold 15 (max 15)
- age   1:         40 bytes,         40 total
- age   3:        184 bytes,        224 total
: 896K->0K(960K), 0.0011090 secs] 2987K->2667K(10176K), 0.0012754 secs] [Times: user=0.00 sys=0.00, real=0.00 secs] 
2019-01-02T11:12:31.230+0530: 819.133: [GC (Allocation Failure) 2019-01-02T11:12:31.230+0530: 819.133: [DefNew
Desired survivor size 32768 bytes, new threshold 15 (max 15)
- age   1:         24 bytes,         24 total
- age   4:        184 bytes,        208 total
: 427K->0K(960K), 0.0002503 secs] 3095K->2667K(10176K), 0.0003107 secs] [Times: user=0.00 sys=0.00, real=0.00 secs] 
2019-01-02T11:12:31.230+0530: 819.133: [GC (Allocation Failure) 2019-01-02T11:12:31.230+0530: 819.133: [DefNew
Desired survivor size 32768 bytes, new threshold 15 (max 15)
- age   2:         24 bytes,         24 total
- age   5:        184 bytes,        208 total
: 487K->0K(960K), 0.0003467 secs] 3155K->3155K(10176K), 0.0003997 secs] [Times: user=0.00 sys=0.00, real=0.00 secs] 
2019-01-02T11:12:31.231+0530: 819.134: [GC (Allocation Failure) 2019-01-02T11:12:31.231+0530: 819.134: [DefNew
Desired survivor size 32768 bytes, new threshold 15 (max 15)
- age   1:         24 bytes,         24 total
- age   6:         72 bytes,         96 total
: 505K->0K(960K), 0.0003113 secs] 3661K->3643K(10176K), 0.0003643 secs] [Times: user=0.00 sys=0.00, real=0.00 secs] 
2019-01-02T11:12:31.287+0530: 819.190: [GC (Allocation Failure) 2019-01-02T11:12:31.287+0530: 819.190: [DefNew
Desired survivor size 32768 bytes, new threshold 15 (max 15)
- age   1:        248 bytes,        248 total
- age   7:         16 bytes,        264 total
: 843K->0K(960K), 0.0005251 secs] 4486K->3715K(10176K), 0.0007349 secs] [Times: user=0.00 sys=0.00, real=0.00 secs] 
2019-01-02T11:12:31.289+0530: 819.192: [GC (Allocation Failure) 2019-01-02T11:12:31.289+0530: 819.192: [DefNew
Desired survivor size 32768 bytes, new threshold 15 (max 15)
- age   2:        184 bytes,        184 total
- age   8:         16 bytes,        200 total
: 896K->0K(960K), 0.0007446 secs] 4611K->4003K(10176K), 0.0008512 secs] [Times: user=0.00 sys=0.00, real=0.00 secs] 
2019-01-02T11:12:31.291+0530: 819.194: [GC (Allocation Failure) 2019-01-02T11:12:31.292+0530: 819.195: [DefNew
Desired survivor size 32768 bytes, new threshold 15 (max 15)
- age   1:         40 bytes,         40 total
- age   3:        184 bytes,        224 total
- age   9:         16 bytes,        240 total
: 896K->0K(960K), 0.0008011 secs] 4899K->4579K(10176K), 0.0010103 secs] [Times: user=0.02 sys=0.00, real=0.00 secs] 
2019-01-02T11:12:31.294+0530: 819.197: [GC (Allocation Failure) 2019-01-02T11:12:31.294+0530: 819.197: [DefNew
Desired survivor size 32768 bytes, new threshold 15 (max 15)
- age   1:         24 bytes,         24 total
- age   4:        184 bytes,        208 total
- age  10:         16 bytes,        224 total
: 428K->0K(960K), 0.0006745 secs] 5007K->4579K(10176K), 0.0007857 secs] [Times: user=0.00 sys=0.00, real=0.00 secs] 
2019-01-02T11:12:31.295+0530: 819.198: [GC (Allocation Failure) 2019-01-02T11:12:31.295+0530: 819.198: [DefNew
Desired survivor size 32768 bytes, new threshold 15 (max 15)
- age   2:         24 bytes,         24 total
- age   5:        184 bytes,        208 total
- age  11:         16 bytes,        224 total
: 488K->0K(960K), 0.0003341 secs] 5067K->5067K(10176K), 0.0003974 secs] [Times: user=0.00 sys=0.00, real=0.00 secs] 
2019-01-02T11:12:31.296+0530: 819.199: [GC (Allocation Failure) 2019-01-02T11:12:31.296+0530: 819.199: [DefNew
Desired survivor size 32768 bytes, new threshold 15 (max 15)
- age   1:         24 bytes,         24 total
- age   6:         72 bytes,         96 total
- age  12:         16 bytes,        112 total
: 505K->0K(960K), 0.0003119 secs] 5572K->5554K(10176K), 0.0003626 secs] [Times: user=0.00 sys=0.00, real=0.00 secs] 
2019-01-02T11:12:31.347+0530: 819.250: [GC (Allocation Failure) 2019-01-02T11:12:31.347+0530: 819.250: [DefNew
Desired survivor size 32768 bytes, new threshold 15 (max 15)
- age   1:        248 bytes,        248 total
- age   7:         16 bytes,        264 total
- age  13:         16 bytes,        280 total
: 843K->0K(960K), 0.0010217 secs] 6398K->5627K(10176K), 0.0012811 secs] [Times: user=0.00 sys=0.00, real=0.00 secs] 
2019-01-02T11:12:31.350+0530: 819.253: [GC (Allocation Failure) 2019-01-02T11:12:31.350+0530: 819.253: [DefNew
Desired survivor size 32768 bytes, new threshold 15 (max 15)
- age   1:         40 bytes,         40 total
- age   2:        184 bytes,        224 total
- age   8:         16 bytes,        240 total
- age  14:         16 bytes,        256 total
: 896K->0K(960K), 0.0011597 secs] 6523K->5915K(10176K), 0.0014847 secs] [Times: user=0.00 sys=0.00, real=0.00 secs] 
2019-01-02T11:12:31.353+0530: 819.256: [GC (Allocation Failure) 2019-01-02T11:12:31.353+0530: 819.257: [DefNew
Desired survivor size 32768 bytes, new threshold 15 (max 15)
- age   1:         40 bytes,         40 total
- age   3:        184 bytes,        224 total
- age   9:         16 bytes,        240 total
- age  15:         16 bytes,        256 total
: 896K->0K(960K), 0.0011130 secs] 6811K->6491K(10176K), 0.0013581 secs] [Times: user=0.02 sys=0.00, real=0.00 secs] 
2019-01-02T11:12:31.356+0530: 819.259: [GC (Allocation Failure) 2019-01-02T11:12:31.356+0530: 819.259: [DefNew
Desired survivor size 32768 bytes, new threshold 15 (max 15)
- age   1:         24 bytes,         24 total
- age   4:        184 bytes,        208 total
- age  10:         16 bytes,        224 total
: 427K->0K(960K), 0.0003774 secs] 6918K->6491K(10176K), 0.0004795 secs] [Times: user=0.00 sys=0.00, real=0.00 secs] 
2019-01-02T11:12:31.357+0530: 819.260: [GC (Allocation Failure) 2019-01-02T11:12:31.357+0530: 819.260: [DefNew
Desired survivor size 32768 bytes, new threshold 15 (max 15)
- age   2:         24 bytes,         24 total
- age   5:        184 bytes,        208 total
- age  11:         16 bytes,        224 total
: 488K->0K(960K), 0.0004105 secs] 6978K->6978K(10176K), 0.0005023 secs] [Times: user=0.00 sys=0.00, real=0.00 secs] 
2019-01-02T11:12:31.358+0530: 819.261: [GC (Allocation Failure) 2019-01-02T11:12:31.358+0530: 819.261: [DefNew
Desired survivor size 32768 bytes, new threshold 15 (max 15)
- age   1:         24 bytes,         24 total
- age   6:         72 bytes,         96 total
- age  12:         16 bytes,        112 total
: 505K->0K(960K), 0.0003364 secs] 7484K->7466K(10176K), 0.0004088 secs] [Times: user=0.00 sys=0.00, real=0.00 secs] 
2019-01-02T11:12:31.409+0530: 819.312: [GC (Allocation Failure) 2019-01-02T11:12:31.409+0530: 819.312: [DefNew
Desired survivor size 32768 bytes, new threshold 15 (max 15)
- age   1:        248 bytes,        248 total
- age   7:         16 bytes,        264 total
- age  13:         16 bytes,        280 total
: 843K->0K(960K), 0.0007389 secs] 8310K->7538K(10176K), 0.0009847 secs] [Times: user=0.00 sys=0.00, real=0.00 secs] 
2019-01-02T11:12:31.413+0530: 819.316: [GC (Allocation Failure) 2019-01-02T11:12:31.413+0530: 819.316: [DefNew
Desired survivor size 32768 bytes, new threshold 15 (max 15)
- age   2:        184 bytes,        184 total
- age   8:         16 bytes,        200 total
- age  14:         16 bytes,        216 total
: 896K->0K(960K), 0.0007498 secs] 8434K->7826K(10176K), 0.0010679 secs] [Times: user=0.00 sys=0.00, real=0.00 secs] 
2019-01-02T11:12:31.416+0530: 819.319: [GC (Allocation Failure) 2019-01-02T11:12:31.416+0530: 819.319: [DefNew
Desired survivor size 32768 bytes, new threshold 15 (max 15)
- age   1:         40 bytes,         40 total
- age   3:        184 bytes,        224 total
- age   9:         16 bytes,        240 total
- age  15:         16 bytes,        256 total
: 896K->0K(960K), 0.0013125 secs] 8722K->8402K(10176K), 0.0015035 secs] [Times: user=0.02 sys=0.00, real=0.00 secs] 
2019-01-02T11:12:31.419+0530: 819.322: [GC (Allocation Failure) 2019-01-02T11:12:31.419+0530: 819.322: [DefNew
Desired survivor size 32768 bytes, new threshold 15 (max 15)
- age   1:         24 bytes,         24 total
- age   4:        184 bytes,        208 total
- age  10:         16 bytes,        224 total
: 428K->0K(960K), 0.0003735 secs] 8831K->8402K(10176K), 0.0004892 secs] [Times: user=0.00 sys=0.00, real=0.00 secs] 
2019-01-02T11:12:31.420+0530: 819.323: [GC (Allocation Failure) 2019-01-02T11:12:31.420+0530: 819.323: [DefNew
Desired survivor size 32768 bytes, new threshold 15 (max 15)
- age   2:         24 bytes,         24 total
- age   5:        184 bytes,        208 total
- age  11:         16 bytes,        224 total
: 488K->0K(960K), 0.0007178 secs] 8890K->8890K(10176K), 0.0008170 secs] [Times: user=0.00 sys=0.00, real=0.00 secs] 
2019-01-02T11:12:31.421+0530: 819.325: [GC (Allocation Failure) 2019-01-02T11:12:31.422+0530: 819.325: [DefNew: 505K->505K(960K), 0.0000348 secs]2019-01-02T11:12:31.422+0530: 819.325: [Tenured: 8890K->1243K(9216K), 0.0040504 secs] 9396K->1243K(10176K), [Metaspace: 2520K->2520K(1056768K)], 0.0042602 secs] [Times: user=0.00 sys=0.00, real=0.01 secs] 
2019-01-02T11:12:31.478+0530: 819.381: [GC (Allocation Failure) 2019-01-02T11:12:31.478+0530: 819.381: [DefNew
Desired survivor size 32768 bytes, new threshold 15 (max 15)
- age   1:        248 bytes,        248 total
: 843K->0K(960K), 0.0012492 secs] 2087K->1803K(10176K), 0.0015600 secs] [Times: user=0.02 sys=0.00, real=0.00 secs] 
2019-01-02T11:12:31.481+0530: 819.384: [GC (Allocation Failure) 2019-01-02T11:12:31.482+0530: 819.385: [DefNew
Desired survivor size 32768 bytes, new threshold 15 (max 15)
- age   1:         40 bytes,         40 total
- age   2:        184 bytes,        224 total
: 896K->0K(960K), 0.0009807 secs] 2699K->2091K(10176K), 0.0011671 secs] [Times: user=0.00 sys=0.00, real=0.00 secs] 
2019-01-02T11:12:31.484+0530: 819.387: [GC (Allocation Failure) 2019-01-02T11:12:31.484+0530: 819.387: [DefNew
Desired survivor size 32768 bytes, new threshold 15 (max 15)
- age   1:         40 bytes,         40 total
- age   3:        184 bytes,        224 total
: 896K->0K(960K), 0.0010080 secs] 2987K->2667K(10176K), 0.0011306 secs] [Times: user=0.00 sys=0.00, real=0.00 secs] 
2019-01-02T11:12:31.486+0530: 819.389: [GC (Allocation Failure) 2019-01-02T11:12:31.486+0530: 819.390: [DefNew
Desired survivor size 32768 bytes, new threshold 15 (max 15)
- age   1:         24 bytes,         24 total
- age   4:        184 bytes,        208 total
: 427K->0K(960K), 0.0005531 secs] 3095K->2667K(10176K), 0.0006357 secs] [Times: user=0.00 sys=0.00, real=0.00 secs] 
2019-01-02T11:12:31.488+0530: 819.391: [GC (Allocation Failure) 2019-01-02T11:12:31.488+0530: 819.391: [DefNew
Desired survivor size 32768 bytes, new threshold 15 (max 15)
- age   2:         24 bytes,         24 total
- age   5:        184 bytes,        208 total
: 488K->0K(960K), 0.0006443 secs] 3155K->3155K(10176K), 0.0007452 secs] [Times: user=0.00 sys=0.00, real=0.00 secs] 
2019-01-02T11:12:31.489+0530: 819.392: [GC (Allocation Failure) 2019-01-02T11:12:31.489+0530: 819.392: [DefNew
Desired survivor size 32768 bytes, new threshold 15 (max 15)
- age   1:         24 bytes,         24 total
- age   6:         72 bytes,         96 total
: 505K->0K(960K), 0.0004185 secs] 3661K->3643K(10176K), 0.0005023 secs] [Times: user=0.00 sys=0.00, real=0.00 secs] 
2019-01-02T11:12:31.549+0530: 819.452: [GC (Allocation Failure) 2019-01-02T11:12:31.549+0530: 819.452: [DefNew
Desired survivor size 32768 bytes, new threshold 15 (max 15)
- age   1:        248 bytes,        248 total
- age   7:         16 bytes,        264 total
: 843K->0K(960K), 0.0006146 secs] 4486K->3715K(10176K), 0.0008792 secs] [Times: user=0.00 sys=0.00, real=0.00 secs] 
2019-01-02T11:12:31.552+0530: 819.455: [GC (Allocation Failure) 2019-01-02T11:12:31.552+0530: 819.455: [DefNew
Desired survivor size 32768 bytes, new threshold 15 (max 15)
- age   2:        184 bytes,        184 total
- age   8:         16 bytes,        200 total
: 896K->0K(960K), 0.0008113 secs] 4611K->4003K(10176K), 0.0011055 secs] [Times: user=0.00 sys=0.00, real=0.00 secs] 
2019-01-02T11:12:31.555+0530: 819.458: [GC (Allocation Failure) 2019-01-02T11:12:31.555+0530: 819.458: [DefNew
Desired survivor size 32768 bytes, new threshold 15 (max 15)
- age   1:         40 bytes,         40 total
- age   3:        184 bytes,        224 total
- age   9:         16 bytes,        240 total
: 896K->0K(960K), 0.0008307 secs] 4899K->4579K(10176K), 0.0009607 secs] [Times: user=0.00 sys=0.00, real=0.00 secs] 
2019-01-02T11:12:31.557+0530: 819.460: [GC (Allocation Failure) 2019-01-02T11:12:31.557+0530: 819.460: [DefNew
Desired survivor size 32768 bytes, new threshold 15 (max 15)
- age   1:         24 bytes,         24 total
- age   4:        184 bytes,        208 total
- age  10:         16 bytes,        224 total
: 428K->0K(960K), 0.0005474 secs] 5008K->4579K(10176K), 0.0006614 secs] [Times: user=0.00 sys=0.02, real=0.00 secs] 
2019-01-02T11:12:31.558+0530: 819.461: [GC (Allocation Failure) 2019-01-02T11:12:31.558+0530: 819.461: [DefNew
Desired survivor size 32768 bytes, new threshold 15 (max 15)
- age   2:         24 bytes,         24 total
- age   5:        184 bytes,        208 total
- age  11:         16 bytes,        224 total
: 488K->0K(960K), 0.0003250 secs] 5067K->5067K(10176K), 0.0003997 secs] [Times: user=0.00 sys=0.00, real=0.00 secs] 
2019-01-02T11:12:31.559+0530: 819.462: [GC (Allocation Failure) 2019-01-02T11:12:31.559+0530: 819.462: [DefNew
Desired survivor size 32768 bytes, new threshold 15 (max 15)
- age   1:         24 bytes,         24 total
- age   6:         72 bytes,         96 total
- age  12:         16 bytes,        112 total
: 506K->0K(960K), 0.0003181 secs] 5573K->5555K(10176K), 0.0003894 secs] [Times: user=0.00 sys=0.00, real=0.00 secs] 
2019-01-02T11:12:31.613+0530: 819.516: [GC (Allocation Failure) 2019-01-02T11:12:31.614+0530: 819.517: [DefNew
Desired survivor size 32768 bytes, new threshold 15 (max 15)
- age   1:        248 bytes,        248 total
- age   7:         16 bytes,        264 total
- age  13:         16 bytes,        280 total
: 843K->0K(960K), 0.0007862 secs] 6399K->5627K(10176K), 0.0011181 secs] [Times: user=0.00 sys=0.00, real=0.00 secs] 
2019-01-02T11:12:31.616+0530: 819.519: [GC (Allocation Failure) 2019-01-02T11:12:31.617+0530: 819.520: [DefNew
Desired survivor size 32768 bytes, new threshold 15 (max 15)
- age   1:         40 bytes,         40 total
- age   2:        184 bytes,        224 total
- age   8:         16 bytes,        240 total
- age  14:         16 bytes,        256 total
: 896K->0K(960K), 0.0010354 secs] 6523K->5915K(10176K), 0.0012652 secs] [Times: user=0.00 sys=0.00, real=0.00 secs] 
2019-01-02T11:12:31.619+0530: 819.522: [GC (Allocation Failure) 2019-01-02T11:12:31.619+0530: 819.522: [DefNew
Desired survivor size 32768 bytes, new threshold 15 (max 15)
- age   1:         40 bytes,         40 total
- age   3:        184 bytes,        224 total
- age   9:         16 bytes,        240 total
- age  15:         16 bytes,        256 total
: 896K->0K(960K), 0.0004122 secs] 6811K->6491K(10176K), 0.0005040 secs] [Times: user=0.00 sys=0.00, real=0.00 secs] 
2019-01-02T11:12:31.620+0530: 819.523: [GC (Allocation Failure) 2019-01-02T11:12:31.620+0530: 819.524: [DefNew
Desired survivor size 32768 bytes, new threshold 15 (max 15)
- age   1:         24 bytes,         24 total
- age   4:        184 bytes,        208 total
- age  10:         16 bytes,        224 total
: 427K->0K(960K), 0.0007845 secs] 6919K->6491K(10176K), 0.0008872 secs] [Times: user=0.00 sys=0.00, real=0.00 secs] 
2019-01-02T11:12:31.622+0530: 819.525: [GC (Allocation Failure) 2019-01-02T11:12:31.622+0530: 819.525: [DefNew
Desired survivor size 32768 bytes, new threshold 15 (max 15)
- age   2:         24 bytes,         24 total
- age   5:        184 bytes,        208 total
- age  11:         16 bytes,        224 total
: 488K->0K(960K), 0.0009334 secs] 6979K->6979K(10176K), 0.0011209 secs] [Times: user=0.00 sys=0.00, real=0.00 secs] 
2019-01-02T11:12:31.624+0530: 819.527: [GC (Allocation Failure) 2019-01-02T11:12:31.624+0530: 819.527: [DefNew
Desired survivor size 32768 bytes, new threshold 15 (max 15)
- age   1:         24 bytes,         24 total
- age   6:         72 bytes,         96 total
- age  12:         16 bytes,        112 total
: 506K->0K(960K), 0.0003318 secs] 7485K->7467K(10176K), 0.0004082 secs] [Times: user=0.00 sys=0.00, real=0.00 secs] 
2019-01-02T11:12:31.680+0530: 819.583: [GC (Allocation Failure) 2019-01-02T11:12:31.680+0530: 819.583: [DefNew
Desired survivor size 32768 bytes, new threshold 15 (max 15)
- age   1:        248 bytes,        248 total
- age   7:         16 bytes,        264 total
- age  13:         16 bytes,        280 total
: 843K->0K(960K), 0.0007663 secs] 8310K->7539K(10176K), 0.0010092 secs] [Times: user=0.00 sys=0.00, real=0.00 secs] 
2019-01-02T11:12:31.682+0530: 819.586: [GC (Allocation Failure) 2019-01-02T11:12:31.683+0530: 819.586: [DefNew
Desired survivor size 32768 bytes, new threshold 15 (max 15)
- age   2:        184 bytes,        184 total
- age   8:         16 bytes,        200 total
- age  14:         16 bytes,        216 total
: 896K->0K(960K), 0.0007463 secs] 8435K->7827K(10176K), 0.0008900 secs] [Times: user=0.00 sys=0.00, real=0.00 secs] 
2019-01-02T11:12:31.685+0530: 819.588: [GC (Allocation Failure) 2019-01-02T11:12:31.685+0530: 819.588: [DefNew
Desired survivor size 32768 bytes, new threshold 15 (max 15)
- age   1:         40 bytes,         40 total
- age   3:        184 bytes,        224 total
- age   9:         16 bytes,        240 total
- age  15:         16 bytes,        256 total
: 896K->0K(960K), 0.0012116 secs] 8723K->8403K(10176K), 0.0013627 secs] [Times: user=0.00 sys=0.00, real=0.00 secs] 
2019-01-02T11:12:31.688+0530: 819.591: [GC (Allocation Failure) 2019-01-02T11:12:31.688+0530: 819.591: [DefNew
Desired survivor size 32768 bytes, new threshold 15 (max 15)
- age   1:         24 bytes,         24 total
- age   4:        184 bytes,        208 total
- age  10:         16 bytes,        224 total
: 428K->0K(960K), 0.0004117 secs] 8832K->8403K(10176K), 0.0005434 secs] [Times: user=0.00 sys=0.00, real=0.00 secs] 
2019-01-02T11:12:31.689+0530: 819.592: [GC (Allocation Failure) 2019-01-02T11:12:31.689+0530: 819.592: [DefNew
Desired survivor size 32768 bytes, new threshold 15 (max 15)
- age   2:         24 bytes,         24 total
- age   5:        184 bytes,        208 total
- age  11:         16 bytes,        224 total
: 488K->0K(960K), 0.0005251 secs] 8891K->8891K(10176K), 0.0006078 secs] [Times: user=0.00 sys=0.00, real=0.00 secs] 
2019-01-02T11:12:31.691+0530: 819.594: [GC (Allocation Failure) 2019-01-02T11:12:31.691+0530: 819.594: [DefNew: 506K->506K(960K), 0.0000342 secs]2019-01-02T11:12:31.691+0530: 819.594: [Tenured: 8891K->1243K(9216K), 0.0036433 secs] 9397K->1243K(10176K), [Metaspace: 2520K->2520K(1056768K)], 0.0037956 secs] [Times: user=0.00 sys=0.00, real=0.00 secs] 
2019-01-02T11:12:31.750+0530: 819.653: [GC (Allocation Failure) 2019-01-02T11:12:31.750+0530: 819.653: [DefNew
Desired survivor size 32768 bytes, new threshold 15 (max 15)
- age   1:        248 bytes,        248 total
: 843K->0K(960K), 0.0013154 secs] 2087K->1804K(10176K), 0.0016660 secs] [Times: user=0.00 sys=0.00, real=0.00 secs] 
2019-01-02T11:12:31.754+0530: 819.657: [GC (Allocation Failure) 2019-01-02T11:12:31.754+0530: 819.657: [DefNew
Desired survivor size 32768 bytes, new threshold 15 (max 15)
- age   1:         40 bytes,         40 total
- age   2:        184 bytes,        224 total
: 896K->0K(960K), 0.0009123 secs] 2700K->2092K(10176K), 0.0011740 secs] [Times: user=0.00 sys=0.00, real=0.00 secs] 
2019-01-02T11:12:31.757+0530: 819.660: [GC (Allocation Failure) 2019-01-02T11:12:31.757+0530: 819.660: [DefNew
Desired survivor size 32768 bytes, new threshold 15 (max 15)
- age   1:         40 bytes,         40 total
- age   3:        184 bytes,        224 total
: 896K->0K(960K), 0.0007999 secs] 2988K->2668K(10176K), 0.0009123 secs] [Times: user=0.00 sys=0.00, real=0.00 secs] 
2019-01-02T11:12:31.759+0530: 819.662: [GC (Allocation Failure) 2019-01-02T11:12:31.759+0530: 819.662: [DefNew
Desired survivor size 32768 bytes, new threshold 15 (max 15)
- age   1:         24 bytes,         24 total
- age   4:        184 bytes,        208 total
: 427K->0K(960K), 0.0005171 secs] 3095K->2668K(10176K), 0.0006363 secs] [Times: user=0.00 sys=0.00, real=0.00 secs] 
2019-01-02T11:12:31.760+0530: 819.663: [GC (Allocation Failure) 2019-01-02T11:12:31.760+0530: 819.663: [DefNew
Desired survivor size 32768 bytes, new threshold 15 (max 15)
- age   2:         24 bytes,         24 total
- age   5:        184 bytes,        208 total
: 488K->0K(960K), 0.0003256 secs] 3156K->3156K(10176K), 0.0003991 secs] [Times: user=0.00 sys=0.01, real=0.00 secs] 
2019-01-02T11:12:31.761+0530: 819.664: [GC (Allocation Failure) 2019-01-02T11:12:31.761+0530: 819.664: [DefNew
Desired survivor size 32768 bytes, new threshold 15 (max 15)
- age   1:         24 bytes,         24 total
- age   6:         72 bytes,         96 total
: 506K->0K(960K), 0.0003335 secs] 3661K->3644K(10176K), 0.0004162 secs] [Times: user=0.00 sys=0.00, real=0.00 secs] 
2019-01-02T11:12:31.814+0530: 819.717: [GC (Allocation Failure) 2019-01-02T11:12:31.814+0530: 819.717: [DefNew
Desired survivor size 32768 bytes, new threshold 15 (max 15)
- age   1:        248 bytes,        248 total
- age   7:         16 bytes,        264 total
: 843K->0K(960K), 0.0006990 secs] 4487K->3716K(10176K), 0.0010833 secs] [Times: user=0.00 sys=0.00, real=0.00 secs] 
2019-01-02T11:12:31.817+0530: 819.720: [GC (Allocation Failure) 2019-01-02T11:12:31.817+0530: 819.720: [DefNew
Desired survivor size 32768 bytes, new threshold 15 (max 15)
- age   2:        184 bytes,        184 total
- age   8:         16 bytes,        200 total
: 896K->0K(960K), 0.0006352 secs] 4612K->4004K(10176K), 0.0008934 secs] [Times: user=0.00 sys=0.00, real=0.00 secs] 
2019-01-02T11:12:31.820+0530: 819.723: [GC (Allocation Failure) 2019-01-02T11:12:31.820+0530: 819.723: [DefNew
Desired survivor size 32768 bytes, new threshold 15 (max 15)
- age   1:         40 bytes,         40 total
- age   3:        184 bytes,        224 total
- age   9:         16 bytes,        240 total
: 896K->0K(960K), 0.0015964 secs] 4900K->4580K(10176K), 0.0017567 secs] [Times: user=0.00 sys=0.00, real=0.00 secs] 
2019-01-02T11:12:31.822+0530: 819.726: [GC (Allocation Failure) 2019-01-02T11:12:31.823+0530: 819.726: [DefNew
Desired survivor size 32768 bytes, new threshold 15 (max 15)
- age   1:         24 bytes,         24 total
- age   4:        184 bytes,        208 total
- age  10:         16 bytes,        224 total
: 428K->0K(960K), 0.0003968 secs] 5008K->4580K(10176K), 0.0005240 secs] [Times: user=0.00 sys=0.02, real=0.00 secs] 
2019-01-02T11:12:31.824+0530: 819.727: [GC (Allocation Failure) 2019-01-02T11:12:31.824+0530: 819.727: [DefNew
Desired survivor size 32768 bytes, new threshold 15 (max 15)
- age   2:         24 bytes,         24 total
- age   5:        184 bytes,        208 total
- age  11:         16 bytes,        224 total
: 488K->0K(960K), 0.0005878 secs] 5068K->5068K(10176K), 0.0006950 secs] [Times: user=0.00 sys=0.00, real=0.00 secs] 
2019-01-02T11:12:31.825+0530: 819.728: [GC (Allocation Failure) 2019-01-02T11:12:31.825+0530: 819.728: [DefNew
Desired survivor size 32768 bytes, new threshold 15 (max 15)
- age   1:         24 bytes,         24 total
- age   6:         72 bytes,         96 total
- age  12:         16 bytes,        112 total
: 506K->0K(960K), 0.0003632 secs] 5574K->5556K(10176K), 0.0004516 secs] [Times: user=0.00 sys=0.00, real=0.00 secs] 
2019-01-02T11:12:31.878+0530: 819.781: [GC (Allocation Failure) 2019-01-02T11:12:31.878+0530: 819.782: [DefNew
Desired survivor size 32768 bytes, new threshold 15 (max 15)
- age   1:        248 bytes,        248 total
- age   7:         16 bytes,        264 total
- age  13:         16 bytes,        280 total
: 843K->0K(960K), 0.0007486 secs] 6399K->5628K(10176K), 0.0011791 secs] [Times: user=0.00 sys=0.00, real=0.00 secs] 
2019-01-02T11:12:31.882+0530: 819.785: [GC (Allocation Failure) 2019-01-02T11:12:31.882+0530: 819.785: [DefNew
Desired survivor size 32768 bytes, new threshold 15 (max 15)
- age   1:         40 bytes,         40 total
- age   2:        184 bytes,        224 total
- age   8:         16 bytes,        240 total
- age  14:         16 bytes,        256 total
: 896K->0K(960K), 0.0011107 secs] 6524K->5916K(10176K), 0.0013957 secs] [Times: user=0.00 sys=0.00, real=0.00 secs] 
2019-01-02T11:12:31.884+0530: 819.787: [GC (Allocation Failure) 2019-01-02T11:12:31.884+0530: 819.787: [DefNew
Desired survivor size 32768 bytes, new threshold 15 (max 15)
- age   1:         40 bytes,         40 total
- age   3:        184 bytes,        224 total
- age   9:         16 bytes,        240 total
- age  15:         16 bytes,        256 total
: 896K->0K(960K), 0.0008906 secs] 6812K->6492K(10176K), 0.0010320 secs] [Times: user=0.02 sys=0.00, real=0.00 secs] 
2019-01-02T11:12:31.886+0530: 819.789: [GC (Allocation Failure) 2019-01-02T11:12:31.886+0530: 819.789: [DefNew
Desired survivor size 32768 bytes, new threshold 15 (max 15)
- age   1:         24 bytes,         24 total
- age   4:        184 bytes,        208 total
- age  10:         16 bytes,        224 total
: 427K->0K(960K), 0.0006163 secs] 6919K->6492K(10176K), 0.0007441 secs] [Times: user=0.00 sys=0.00, real=0.00 secs] 
2019-01-02T11:12:31.888+0530: 819.791: [GC (Allocation Failure) 2019-01-02T11:12:31.888+0530: 819.791: [DefNew
Desired survivor size 32768 bytes, new threshold 15 (max 15)
- age   2:         24 bytes,         24 total
- age   5:        184 bytes,        208 total
- age  11:         16 bytes,        224 total
: 488K->0K(960K), 0.0003740 secs] 6980K->6980K(10176K), 0.0004601 secs] [Times: user=0.00 sys=0.00, real=0.00 secs] 
2019-01-02T11:12:31.889+0530: 819.792: [GC (Allocation Failure) 2019-01-02T11:12:31.889+0530: 819.792: [DefNew
Desired survivor size 32768 bytes, new threshold 15 (max 15)
- age   1:         24 bytes,         24 total
- age   6:         72 bytes,         96 total
- age  12:         16 bytes,        112 total
: 506K->0K(960K), 0.0006334 secs] 7486K->7468K(10176K), 0.0007315 secs] [Times: user=0.00 sys=0.00, real=0.00 secs] 
2019-01-02T11:12:31.947+0530: 819.850: [GC (Allocation Failure) 2019-01-02T11:12:31.947+0530: 819.850: [DefNew
Desired survivor size 32768 bytes, new threshold 15 (max 15)
- age   1:        248 bytes,        248 total
- age   7:         16 bytes,        264 total
- age  13:         16 bytes,        280 total
: 843K->0K(960K), 0.0009579 secs] 8311K->7540K(10176K), 0.0013205 secs] [Times: user=0.00 sys=0.02, real=0.00 secs] 
2019-01-02T11:12:31.950+0530: 819.853: [GC (Allocation Failure) 2019-01-02T11:12:31.950+0530: 819.853: [DefNew
Desired survivor size 32768 bytes, new threshold 15 (max 15)
- age   2:        184 bytes,        184 total
- age   8:         16 bytes,        200 total
- age  14:         16 bytes,        216 total
: 896K->0K(960K), 0.0007201 secs] 8436K->7828K(10176K), 0.0009898 secs] [Times: user=0.00 sys=0.00, real=0.00 secs] 
2019-01-02T11:12:31.953+0530: 819.856: [GC (Allocation Failure) 2019-01-02T11:12:31.953+0530: 819.856: [DefNew
Desired survivor size 32768 bytes, new threshold 15 (max 15)
- age   1:         40 bytes,         40 total
- age   3:        184 bytes,        224 total
- age   9:         16 bytes,        240 total
- age  15:         16 bytes,        256 total
: 896K->0K(960K), 0.0003797 secs] 8724K->8404K(10176K), 0.0004727 secs] [Times: user=0.00 sys=0.00, real=0.00 secs] 
2019-01-02T11:12:31.954+0530: 819.858: [GC (Allocation Failure) 2019-01-02T11:12:31.955+0530: 819.858: [DefNew
Desired survivor size 32768 bytes, new threshold 15 (max 15)
- age   1:         24 bytes,         24 total
- age   4:        184 bytes,        208 total
- age  10:         16 bytes,        224 total
: 428K->0K(960K), 0.0004493 secs] 8832K->8404K(10176K), 0.0006300 secs] [Times: user=0.00 sys=0.00, real=0.00 secs] 
2019-01-02T11:12:31.955+0530: 819.859: [GC (Allocation Failure) 2019-01-02T11:12:31.956+0530: 819.859: [DefNew
Desired survivor size 32768 bytes, new threshold 15 (max 15)
- age   2:         24 bytes,         24 total
- age   5:        184 bytes,        208 total
- age  11:         16 bytes,        224 total
: 488K->0K(960K), 0.0004305 secs] 8892K->8892K(10176K), 0.0005553 secs] [Times: user=0.00 sys=0.00, real=0.00 secs] 
2019-01-02T11:12:31.957+0530: 819.860: [GC (Allocation Failure) 2019-01-02T11:12:31.957+0530: 819.860: [DefNew: 506K->506K(960K), 0.0000393 secs]2019-01-02T11:12:31.957+0530: 819.860: [Tenured: 8892K->1244K(9216K), 0.0043583 secs] 9398K->1244K(10176K), [Metaspace: 2520K->2520K(1056768K)], 0.0045402 secs] [Times: user=0.00 sys=0.00, real=0.00 secs] 
2019-01-02T11:12:32.024+0530: 819.927: [GC (Allocation Failure) 2019-01-02T11:12:32.024+0530: 819.927: [DefNew
Desired survivor size 32768 bytes, new threshold 15 (max 15)
- age   1:        248 bytes,        248 total
: 843K->0K(960K), 0.0014556 secs] 2087K->1804K(10176K), 0.0017703 secs] [Times: user=0.02 sys=0.00, real=0.00 secs] 
2019-01-02T11:12:32.027+0530: 819.930: [GC (Allocation Failure) 2019-01-02T11:12:32.027+0530: 819.931: [DefNew
Desired survivor size 32768 bytes, new threshold 15 (max 15)
- age   1:         40 bytes,         40 total
- age   2:        184 bytes,        224 total
: 896K->0K(960K), 0.0007218 secs] 2700K->2092K(10176K), 0.0008627 secs] [Times: user=0.00 sys=0.00, real=0.00 secs] 
2019-01-02T11:12:32.030+0530: 819.933: [GC (Allocation Failure) 2019-01-02T11:12:32.030+0530: 819.933: [DefNew
Desired survivor size 32768 bytes, new threshold 15 (max 15)
- age   1:         40 bytes,         40 total
- age   3:        184 bytes,        224 total
: 896K->0K(960K), 0.0007475 secs] 2988K->2668K(10176K), 0.0008581 secs] [Times: user=0.00 sys=0.00, real=0.00 secs] 
2019-01-02T11:12:32.032+0530: 819.935: [GC (Allocation Failure) 2019-01-02T11:12:32.032+0530: 819.935: [DefNew
Desired survivor size 32768 bytes, new threshold 15 (max 15)
- age   1:         24 bytes,         24 total
- age   4:        184 bytes,        208 total
: 427K->0K(960K), 0.0005656 secs] 3095K->2668K(10176K), 0.0006939 secs] [Times: user=0.00 sys=0.00, real=0.00 secs] 
2019-01-02T11:12:32.034+0530: 819.937: [GC (Allocation Failure) 2019-01-02T11:12:32.034+0530: 819.937: [DefNew
Desired survivor size 32768 bytes, new threshold 15 (max 15)
- age   2:         24 bytes,         24 total
- age   5:        184 bytes,        208 total
: 488K->0K(960K), 0.0003837 secs] 3156K->3156K(10176K), 0.0004761 secs] [Times: user=0.00 sys=0.00, real=0.00 secs] 
2019-01-02T11:12:32.034+0530: 819.938: [GC (Allocation Failure) 2019-01-02T11:12:32.034+0530: 819.938: [DefNew
Desired survivor size 32768 bytes, new threshold 15 (max 15)
- age   1:         24 bytes,         24 total
- age   6:         72 bytes,         96 total
: 506K->0K(960K), 0.0003170 secs] 3662K->3644K(10176K), 0.0003860 secs] [Times: user=0.00 sys=0.00, real=0.00 secs] 
2019-01-02T11:12:32.092+0530: 819.995: [GC (Allocation Failure) 2019-01-02T11:12:32.092+0530: 819.995: [DefNew
Desired survivor size 32768 bytes, new threshold 15 (max 15)
- age   1:        248 bytes,        248 total
- age   7:         16 bytes,        264 total
: 843K->0K(960K), 0.0005884 secs] 4487K->3716K(10176K), 0.0007726 secs] [Times: user=0.00 sys=0.00, real=0.00 secs] 
2019-01-02T11:12:32.094+0530: 819.997: [GC (Allocation Failure) 2019-01-02T11:12:32.094+0530: 819.997: [DefNew
Desired survivor size 32768 bytes, new threshold 15 (max 15)
- age   2:        184 bytes,        184 total
- age   8:         16 bytes,        200 total
: 896K->0K(960K), 0.0010690 secs] 4612K->4004K(10176K), 0.0013176 secs] [Times: user=0.00 sys=0.00, real=0.00 secs] 
2019-01-02T11:12:32.097+0530: 820.000: [GC (Allocation Failure) 2019-01-02T11:12:32.097+0530: 820.000: [DefNew
Desired survivor size 32768 bytes, new threshold 15 (max 15)
- age   1:         40 bytes,         40 total
- age   3:        184 bytes,        224 total
- age   9:         16 bytes,        240 total
: 896K->0K(960K), 0.0010793 secs] 4900K->4580K(10176K), 0.0012988 secs] [Times: user=0.00 sys=0.00, real=0.00 secs] 
2019-01-02T11:12:32.100+0530: 820.003: [GC (Allocation Failure) 2019-01-02T11:12:32.100+0530: 820.003: [DefNew
Desired survivor size 32768 bytes, new threshold 15 (max 15)
- age   1:         24 bytes,         24 total
- age   4:        184 bytes,        208 total
- age  10:         16 bytes,        224 total
: 428K->0K(960K), 0.0002514 secs] 5009K->4580K(10176K), 0.0003256 secs] [Times: user=0.00 sys=0.00, real=0.00 secs] 
2019-01-02T11:12:32.100+0530: 820.003: [GC (Allocation Failure) 2019-01-02T11:12:32.100+0530: 820.004: [DefNew
Desired survivor size 32768 bytes, new threshold 15 (max 15)
- age   2:         24 bytes,         24 total
- age   5:        184 bytes,        208 total
- age  11:         16 bytes,        224 total
: 488K->0K(960K), 0.0005149 secs] 5068K->5068K(10176K), 0.0006015 secs] [Times: user=0.00 sys=0.00, real=0.00 secs] 
2019-01-02T11:12:32.101+0530: 820.005: [GC (Allocation Failure) 2019-01-02T11:12:32.101+0530: 820.005: [DefNew
Desired survivor size 32768 bytes, new threshold 15 (max 15)
- age   1:         24 bytes,         24 total
- age   6:         72 bytes,         96 total
- age  12:         16 bytes,        112 total
: 506K->0K(960K), 0.0003239 secs] 5574K->5556K(10176K), 0.0003946 secs] [Times: user=0.00 sys=0.00, real=0.00 secs] 
2019-01-02T11:12:32.157+0530: 820.060: [GC (Allocation Failure) 2019-01-02T11:12:32.157+0530: 820.060: [DefNew
Desired survivor size 32768 bytes, new threshold 15 (max 15)
- age   1:        248 bytes,        248 total
- age   7:         16 bytes,        264 total
- age  13:         16 bytes,        280 total
: 843K->0K(960K), 0.0006072 secs] 6400K->5628K(10176K), 0.0010554 secs] [Times: user=0.00 sys=0.00, real=0.00 secs] 
2019-01-02T11:12:32.160+0530: 820.063: [GC (Allocation Failure) 2019-01-02T11:12:32.160+0530: 820.063: [DefNew
Desired survivor size 32768 bytes, new threshold 15 (max 15)
- age   1:         40 bytes,         40 total
- age   2:        184 bytes,        224 total
- age   8:         16 bytes,        240 total
- age  14:         16 bytes,        256 total
: 896K->0K(960K), 0.0008473 secs] 6524K->5916K(10176K), 0.0015115 secs] [Times: user=0.00 sys=0.00, real=0.00 secs] 
2019-01-02T11:12:32.163+0530: 820.066: [GC (Allocation Failure) 2019-01-02T11:12:32.163+0530: 820.066: [DefNew
Desired survivor size 32768 bytes, new threshold 15 (max 15)
- age   1:         40 bytes,         40 total
- age   3:        184 bytes,        224 total
- age   9:         16 bytes,        240 total
- age  15:         16 bytes,        256 total
: 896K->0K(960K), 0.0012310 secs] 6812K->6492K(10176K), 0.0014129 secs] [Times: user=0.00 sys=0.00, real=0.00 secs] 
2019-01-02T11:12:32.165+0530: 820.068: [GC (Allocation Failure) 2019-01-02T11:12:32.165+0530: 820.068: [DefNew
Desired survivor size 32768 bytes, new threshold 15 (max 15)
- age   1:         24 bytes,         24 total
- age   4:        184 bytes,        208 total
- age  10:         16 bytes,        224 total
: 427K->0K(960K), 0.0002720 secs] 6920K->6492K(10176K), 0.0003472 secs] [Times: user=0.02 sys=0.00, real=0.00 secs] 
2019-01-02T11:12:32.166+0530: 820.069: [GC (Allocation Failure) 2019-01-02T11:12:32.166+0530: 820.069: [DefNew
Desired survivor size 32768 bytes, new threshold 15 (max 15)
- age   2:         24 bytes,         24 total
- age   5:        184 bytes,        208 total
- age  11:         16 bytes,        224 total
: 488K->0K(960K), 0.0003330 secs] 6980K->6980K(10176K), 0.0004105 secs] [Times: user=0.00 sys=0.00, real=0.00 secs] 
2019-01-02T11:12:32.167+0530: 820.070: [GC (Allocation Failure) 2019-01-02T11:12:32.167+0530: 820.070: [DefNew
Desired survivor size 32768 bytes, new threshold 15 (max 15)
- age   1:         24 bytes,         24 total
- age   6:         72 bytes,         96 total
- age  12:         16 bytes,        112 total
: 506K->0K(960K), 0.0003712 secs] 7486K->7468K(10176K), 0.0004442 secs] [Times: user=0.00 sys=0.00, real=0.00 secs] 
2019-01-02T11:12:32.227+0530: 820.130: [GC (Allocation Failure) 2019-01-02T11:12:32.227+0530: 820.130: [DefNew
Desired survivor size 32768 bytes, new threshold 15 (max 15)
- age   1:        248 bytes,        248 total
- age   7:         16 bytes,        264 total
- age  13:         16 bytes,        280 total
: 843K->0K(960K), 0.0010816 secs] 8312K->7541K(10176K), 0.0014761 secs] [Times: user=0.02 sys=0.00, real=0.00 secs] 
2019-01-02T11:12:32.231+0530: 820.134: [GC (Allocation Failure) 2019-01-02T11:12:32.231+0530: 820.134: [DefNew
Desired survivor size 32768 bytes, new threshold 15 (max 15)
- age   2:        184 bytes,        184 total
- age   8:         16 bytes,        200 total
- age  14:         16 bytes,        216 total
: 896K->0K(960K), 0.0011067 secs] 8437K->7829K(10176K), 0.0014345 secs] [Times: user=0.00 sys=0.00, real=0.00 secs] 
2019-01-02T11:12:32.233+0530: 820.136: [GC (Allocation Failure) 2019-01-02T11:12:32.233+0530: 820.136: [DefNew
Desired survivor size 32768 bytes, new threshold 15 (max 15)
- age   1:         40 bytes,         40 total
- age   3:        184 bytes,        224 total
- age   9:         16 bytes,        240 total
- age  15:         16 bytes,        256 total
: 896K->0K(960K), 0.0003985 secs] 8725K->8405K(10176K), 0.0004670 secs] [Times: user=0.00 sys=0.00, real=0.00 secs] 
2019-01-02T11:12:32.235+0530: 820.138: [GC (Allocation Failure) 2019-01-02T11:12:32.235+0530: 820.138: [DefNew
Desired survivor size 32768 bytes, new threshold 15 (max 15)
- age   1:         24 bytes,         24 total
- age   4:        184 bytes,        208 total
- age  10:         16 bytes,        224 total
: 428K->0K(960K), 0.0003444 secs] 8833K->8405K(10176K), 0.0004379 secs] [Times: user=0.00 sys=0.00, real=0.00 secs] 
2019-01-02T11:12:32.236+0530: 820.139: [GC (Allocation Failure) 2019-01-02T11:12:32.236+0530: 820.139: [DefNew
Desired survivor size 32768 bytes, new threshold 15 (max 15)
- age   2:         24 bytes,         24 total
- age   5:        184 bytes,        208 total
- age  11:         16 bytes,        224 total
: 488K->0K(960K), 0.0004556 secs] 8893K->8893K(10176K), 0.0005479 secs] [Times: user=0.00 sys=0.00, real=0.00 secs] 
2019-01-02T11:12:32.237+0530: 820.140: [GC (Allocation Failure) 2019-01-02T11:12:32.237+0530: 820.140: [DefNew: 506K->506K(960K), 0.0000342 secs]2019-01-02T11:12:32.237+0530: 820.140: [Tenured: 8893K->1244K(9216K), 0.0058299 secs] 9399K->1244K(10176K), [Metaspace: 2520K->2520K(1056768K)], 0.0060557 secs] [Times: user=0.00 sys=0.00, real=0.01 secs] 
2019-01-02T11:12:32.293+0530: 820.196: [GC (Allocation Failure) 2019-01-02T11:12:32.293+0530: 820.196: [DefNew
Desired survivor size 32768 bytes, new threshold 15 (max 15)
- age   1:        248 bytes,        248 total
: 843K->0K(960K), 0.0007669 secs] 2088K->1804K(10176K), 0.0010474 secs] [Times: user=0.00 sys=0.00, real=0.00 secs] 
2019-01-02T11:12:32.295+0530: 820.199: [GC (Allocation Failure) 2019-01-02T11:12:32.296+0530: 820.199: [DefNew
Desired survivor size 32768 bytes, new threshold 15 (max 15)
- age   1:         40 bytes,         40 total
- age   2:        184 bytes,        224 total
: 896K->0K(960K), 0.0008438 secs] 2700K->2092K(10176K), 0.0009716 secs] [Times: user=0.00 sys=0.00, real=0.00 secs] 
2019-01-02T11:12:32.298+0530: 820.201: [GC (Allocation Failure) 2019-01-02T11:12:32.298+0530: 820.201: [DefNew
Desired survivor size 32768 bytes, new threshold 15 (max 15)
- age   1:         40 bytes,         40 total
- age   3:        184 bytes,        224 total
: 896K->0K(960K), 0.0007304 secs] 2988K->2668K(10176K), 0.0012116 secs] [Times: user=0.00 sys=0.00, real=0.00 secs] 
2019-01-02T11:12:32.301+0530: 820.204: [GC (Allocation Failure) 2019-01-02T11:12:32.301+0530: 820.204: [DefNew
Desired survivor size 32768 bytes, new threshold 15 (max 15)
- age   1:         24 bytes,         24 total
- age   4:        184 bytes,        208 total
: 427K->0K(960K), 0.0006431 secs] 3096K->2668K(10176K), 0.0007589 secs] [Times: user=0.00 sys=0.00, real=0.00 secs] 
2019-01-02T11:12:32.302+0530: 820.205: [GC (Allocation Failure) 2019-01-02T11:12:32.302+0530: 820.205: [DefNew
Desired survivor size 32768 bytes, new threshold 15 (max 15)
- age   2:         24 bytes,         24 total
- age   5:        184 bytes,        208 total
: 488K->0K(960K), 0.0003273 secs] 3156K->3156K(10176K), 0.0003997 secs] [Times: user=0.00 sys=0.00, real=0.00 secs] 
2019-01-02T11:12:32.303+0530: 820.206: [GC (Allocation Failure) 2019-01-02T11:12:32.303+0530: 820.206: [DefNew
Desired survivor size 32768 bytes, new threshold 15 (max 15)
- age   1:         24 bytes,         24 total
- age   6:         72 bytes,         96 total
: 506K->0K(960K), 0.0003028 secs] 3662K->3644K(10176K), 0.0003723 secs] [Times: user=0.00 sys=0.00, real=0.00 secs] 
2019-01-02T11:12:32.357+0530: 820.260: [GC (Allocation Failure) 2019-01-02T11:12:32.357+0530: 820.260: [DefNew
Desired survivor size 32768 bytes, new threshold 15 (max 15)
- age   1:        248 bytes,        248 total
- age   7:         16 bytes,        264 total
: 843K->0K(960K), 0.0012629 secs] 4488K->3717K(10176K), 0.0016432 secs] [Times: user=0.00 sys=0.00, real=0.00 secs] 
2019-01-02T11:12:32.360+0530: 820.263: [GC (Allocation Failure) 2019-01-02T11:12:32.360+0530: 820.263: [DefNew
Desired survivor size 32768 bytes, new threshold 15 (max 15)
- age   2:        184 bytes,        184 total
- age   8:         16 bytes,        200 total
: 896K->0K(960K), 0.0006996 secs] 4613K->4004K(10176K), 0.0009351 secs] [Times: user=0.00 sys=0.00, real=0.00 secs] 
2019-01-02T11:12:32.363+0530: 820.266: [GC (Allocation Failure) 2019-01-02T11:12:32.363+0530: 820.266: [DefNew
Desired survivor size 32768 bytes, new threshold 15 (max 15)
- age   1:         40 bytes,         40 total
- age   3:        184 bytes,        224 total
- age   9:         16 bytes,        240 total
: 896K->0K(960K), 0.0008433 secs] 4900K->4581K(10176K), 0.0010782 secs] [Times: user=0.00 sys=0.00, real=0.00 secs] 
2019-01-02T11:12:32.365+0530: 820.268: [GC (Allocation Failure) 2019-01-02T11:12:32.365+0530: 820.268: [DefNew
Desired survivor size 32768 bytes, new threshold 15 (max 15)
- age   1:         24 bytes,         24 total
- age   4:        184 bytes,        208 total
- age  10:         16 bytes,        224 total
: 428K->0K(960K), 0.0002822 secs] 5009K->4581K(10176K), 0.0003706 secs] [Times: user=0.00 sys=0.00, real=0.00 secs] 
2019-01-02T11:12:32.366+0530: 820.269: [GC (Allocation Failure) 2019-01-02T11:12:32.366+0530: 820.269: [DefNew
Desired survivor size 32768 bytes, new threshold 15 (max 15)
- age   2:         24 bytes,         24 total
- age   5:        184 bytes,        208 total
- age  11:         16 bytes,        224 total
: 488K->0K(960K), 0.0003227 secs] 5069K->5069K(10176K), 0.0003928 secs] [Times: user=0.00 sys=0.00, real=0.00 secs] 
2019-01-02T11:12:32.367+0530: 820.270: [GC (Allocation Failure) 2019-01-02T11:12:32.367+0530: 820.270: [DefNew
Desired survivor size 32768 bytes, new threshold 15 (max 15)
- age   1:         24 bytes,         24 total
- age   6:         72 bytes,         96 total
- age  12:         16 bytes,        112 total
: 506K->0K(960K), 0.0003193 secs] 5575K->5557K(10176K), 0.0003894 secs] [Times: user=0.00 sys=0.00, real=0.00 secs] 
2019-01-02T11:12:32.421+0530: 820.324: [GC (Allocation Failure) 2019-01-02T11:12:32.421+0530: 820.325: [DefNew
Desired survivor size 32768 bytes, new threshold 15 (max 15)
- age   1:        248 bytes,        248 total
- age   7:         16 bytes,        264 total
- age  13:         16 bytes,        280 total
: 844K->0K(960K), 0.0012760 secs] 6401K->5629K(10176K), 0.0015925 secs] [Times: user=0.00 sys=0.00, real=0.00 secs] 
2019-01-02T11:12:32.425+0530: 820.328: [GC (Allocation Failure) 2019-01-02T11:12:32.425+0530: 820.328: [DefNew
Desired survivor size 32768 bytes, new threshold 15 (max 15)
- age   1:         40 bytes,         40 total
- age   2:        184 bytes,        224 total
- age   8:         16 bytes,        240 total
- age  14:         16 bytes,        256 total
: 896K->0K(960K), 0.0011432 secs] 6525K->5917K(10176K), 0.0015041 secs] [Times: user=0.00 sys=0.00, real=0.00 secs] 
2019-01-02T11:12:32.428+0530: 820.331: [GC (Allocation Failure) 2019-01-02T11:12:32.428+0530: 820.331: [DefNew
Desired survivor size 32768 bytes, new threshold 15 (max 15)
- age   1:         40 bytes,         40 total
- age   3:        184 bytes,        224 total
- age   9:         16 bytes,        240 total
- age  15:         16 bytes,        256 total
: 896K->0K(960K), 0.0009476 secs] 6813K->6493K(10176K), 0.0010833 secs] [Times: user=0.00 sys=0.00, real=0.00 secs] 
2019-01-02T11:12:32.430+0530: 820.333: [GC (Allocation Failure) 2019-01-02T11:12:32.430+0530: 820.333: [DefNew
Desired survivor size 32768 bytes, new threshold 15 (max 15)
- age   1:         24 bytes,         24 total
- age   4:        184 bytes,        208 total
- age  10:         16 bytes,        224 total
: 427K->0K(960K), 0.0013575 secs] 6921K->6493K(10176K), 0.0015252 secs] [Times: user=0.00 sys=0.00, real=0.00 secs] 
2019-01-02T11:12:32.432+0530: 820.335: [GC (Allocation Failure) 2019-01-02T11:12:32.432+0530: 820.335: [DefNew
Desired survivor size 32768 bytes, new threshold 15 (max 15)
- age   2:         24 bytes,         24 total
- age   5:        184 bytes,        208 total
- age  11:         16 bytes,        224 total
: 488K->0K(960K), 0.0003575 secs] 6981K->6981K(10176K), 0.0004373 secs] [Times: user=0.00 sys=0.00, real=0.00 secs] 
2019-01-02T11:12:32.433+0530: 820.336: [GC (Allocation Failure) 2019-01-02T11:12:32.433+0530: 820.336: [DefNew
Desired survivor size 32768 bytes, new threshold 15 (max 15)
- age   1:         24 bytes,         24 total
- age   6:         72 bytes,         96 total
- age  12:         16 bytes,        112 total
: 506K->0K(960K), 0.0003484 secs] 7487K->7469K(10176K), 0.0004213 secs] [Times: user=0.00 sys=0.00, real=0.00 secs] 
2019-01-02T11:12:32.487+0530: 820.390: [GC (Allocation Failure) 2019-01-02T11:12:32.487+0530: 820.390: [DefNew
Desired survivor size 32768 bytes, new threshold 15 (max 15)
- age   1:        248 bytes,        248 total
- age   7:         16 bytes,        264 total
- age  13:         16 bytes,        280 total
: 843K->0K(960K), 0.0004977 secs] 8313K->7541K(10176K), 0.0008786 secs] [Times: user=0.00 sys=0.00, real=0.00 secs] 
2019-01-02T11:12:32.490+0530: 820.393: [GC (Allocation Failure) 2019-01-02T11:12:32.490+0530: 820.393: [DefNew
Desired survivor size 32768 bytes, new threshold 15 (max 15)
- age   2:        184 bytes,        184 total
- age   8:         16 bytes,        200 total
- age  14:         16 bytes,        216 total
: 896K->0K(960K), 0.0012258 secs] 8437K->7829K(10176K), 0.0014995 secs] [Times: user=0.00 sys=0.00, real=0.00 secs] 
2019-01-02T11:12:32.493+0530: 820.396: [GC (Allocation Failure) 2019-01-02T11:12:32.493+0530: 820.396: [DefNew
Desired survivor size 32768 bytes, new threshold 15 (max 15)
- age   1:         40 bytes,         40 total
- age   3:        184 bytes,        224 total
- age   9:         16 bytes,        240 total
- age  15:         16 bytes,        256 total
: 896K->0K(960K), 0.0006796 secs] 8725K->8405K(10176K), 0.0007874 secs] [Times: user=0.01 sys=0.00, real=0.00 secs] 
2019-01-02T11:12:32.495+0530: 820.398: [GC (Allocation Failure) 2019-01-02T11:12:32.495+0530: 820.398: [DefNew
Desired survivor size 32768 bytes, new threshold 15 (max 15)
- age   1:         24 bytes,         24 total
- age   4:        184 bytes,        208 total
- age  10:         16 bytes,        224 total
: 428K->0K(960K), 0.0004020 secs] 8834K->8405K(10176K), 0.0005485 secs] [Times: user=0.00 sys=0.00, real=0.00 secs] 
2019-01-02T11:12:32.496+0530: 820.399: [GC (Allocation Failure) 2019-01-02T11:12:32.496+0530: 820.399: [DefNew
Desired survivor size 32768 bytes, new threshold 15 (max 15)
- age   2:         24 bytes,         24 total
- age   5:        184 bytes,        208 total
- age  11:         16 bytes,        224 total
: 488K->0K(960K), 0.0003227 secs] 8894K->8894K(10176K), 0.0003985 secs] [Times: user=0.00 sys=0.00, real=0.00 secs] 
2019-01-02T11:12:32.497+0530: 820.400: [GC (Allocation Failure) 2019-01-02T11:12:32.497+0530: 820.400: [DefNew: 506K->506K(960K), 0.0000291 secs]2019-01-02T11:12:32.497+0530: 820.400: [Tenured: 8893K->1244K(9216K), 0.0038554 secs] 9400K->1244K(10176K), [Metaspace: 2520K->2520K(1056768K)], 0.0040151 secs] [Times: user=0.00 sys=0.00, real=0.00 secs] 
2019-01-02T11:12:32.558+0530: 820.461: [GC (Allocation Failure) 2019-01-02T11:12:32.558+0530: 820.461: [DefNew
Desired survivor size 32768 bytes, new threshold 15 (max 15)
- age   1:        248 bytes,        248 total
: 844K->0K(960K), 0.0011779 secs] 2088K->1804K(10176K), 0.0016090 secs] [Times: user=0.00 sys=0.00, real=0.00 secs] 
2019-01-02T11:12:32.561+0530: 820.464: [GC (Allocation Failure) 2019-01-02T11:12:32.561+0530: 820.464: [DefNew
Desired survivor size 32768 bytes, new threshold 15 (max 15)
- age   1:         40 bytes,         40 total
- age   2:        184 bytes,        224 total
: 896K->0K(960K), 0.0005719 secs] 2700K->2092K(10176K), 0.0007657 secs] [Times: user=0.00 sys=0.00, real=0.00 secs] 
2019-01-02T11:12:32.563+0530: 820.466: [GC (Allocation Failure) 2019-01-02T11:12:32.563+0530: 820.466: [DefNew
Desired survivor size 32768 bytes, new threshold 15 (max 15)
- age   1:         40 bytes,         40 total
- age   3:        184 bytes,        224 total
: 896K->0K(960K), 0.0008820 secs] 2988K->2668K(10176K), 0.0010234 secs] [Times: user=0.00 sys=0.00, real=0.00 secs] 
2019-01-02T11:12:32.566+0530: 820.469: [GC (Allocation Failure) 2019-01-02T11:12:32.566+0530: 820.469: [DefNew
Desired survivor size 32768 bytes, new threshold 15 (max 15)
- age   1:         24 bytes,         24 total
- age   4:        184 bytes,        208 total
: 427K->0K(960K), 0.0002646 secs] 3096K->2668K(10176K), 0.0003495 secs] [Times: user=0.00 sys=0.00, real=0.00 secs] 
2019-01-02T11:12:32.566+0530: 820.470: [GC (Allocation Failure) 2019-01-02T11:12:32.566+0530: 820.470: [DefNew
Desired survivor size 32768 bytes, new threshold 15 (max 15)
- age   2:         24 bytes,         24 total
- age   5:        184 bytes,        208 total
: 488K->0K(960K), 0.0003170 secs] 3157K->3157K(10176K), 0.0003871 secs] [Times: user=0.00 sys=0.00, real=0.00 secs] 
2019-01-02T11:12:32.567+0530: 820.470: [GC (Allocation Failure) 2019-01-02T11:12:32.567+0530: 820.470: [DefNew
Desired survivor size 32768 bytes, new threshold 15 (max 15)
- age   1:         24 bytes,         24 total
- age   6:         72 bytes,         96 total
: 506K->0K(960K), 0.0003096 secs] 3663K->3645K(10176K), 0.0003792 secs] [Times: user=0.00 sys=0.00, real=0.00 secs] 
2019-01-02T11:12:32.623+0530: 820.527: [GC (Allocation Failure) 2019-01-02T11:12:32.624+0530: 820.527: [DefNew
Desired survivor size 32768 bytes, new threshold 15 (max 15)
- age   1:        248 bytes,        248 total
- age   7:         16 bytes,        264 total
: 843K->0K(960K), 0.0011614 secs] 4488K->3717K(10176K), 0.0015035 secs] [Times: user=0.00 sys=0.00, real=0.00 secs] 
2019-01-02T11:12:32.627+0530: 820.530: [GC (Allocation Failure) 2019-01-02T11:12:32.627+0530: 820.530: [DefNew
Desired survivor size 32768 bytes, new threshold 15 (max 15)
- age   2:        184 bytes,        184 total
- age   8:         16 bytes,        200 total
: 896K->0K(960K), 0.0010360 secs] 4613K->4005K(10176K), 0.0012008 secs] [Times: user=0.00 sys=0.00, real=0.00 secs] 
2019-01-02T11:12:32.630+0530: 820.533: [GC (Allocation Failure) 2019-01-02T11:12:32.630+0530: 820.533: [DefNew
Desired survivor size 32768 bytes, new threshold 15 (max 15)
- age   1:         40 bytes,         40 total
- age   3:        184 bytes,        224 total
- age   9:         16 bytes,        240 total
: 896K->0K(960K), 0.0008535 secs] 4901K->4581K(10176K), 0.0010531 secs] [Times: user=0.00 sys=0.00, real=0.00 secs] 
2019-01-02T11:12:32.632+0530: 820.535: [GC (Allocation Failure) 2019-01-02T11:12:32.632+0530: 820.535: [DefNew
Desired survivor size 32768 bytes, new threshold 15 (max 15)
- age   1:         24 bytes,         24 total
- age   4:        184 bytes,        208 total
- age  10:         16 bytes,        224 total
: 428K->0K(960K), 0.0006853 secs] 5009K->4581K(10176K), 0.0008552 secs] [Times: user=0.00 sys=0.00, real=0.00 secs] 
2019-01-02T11:12:32.633+0530: 820.537: [GC (Allocation Failure) 2019-01-02T11:12:32.633+0530: 820.537: [DefNew
Desired survivor size 32768 bytes, new threshold 15 (max 15)
- age   2:         24 bytes,         24 total
- age   5:        184 bytes,        208 total
- age  11:         16 bytes,        224 total
: 488K->0K(960K), 0.0003444 secs] 5069K->5069K(10176K), 0.0004174 secs] [Times: user=0.02 sys=0.00, real=0.00 secs] 
2019-01-02T11:12:32.634+0530: 820.537: [GC (Allocation Failure) 2019-01-02T11:12:32.634+0530: 820.537: [DefNew
Desired survivor size 32768 bytes, new threshold 15 (max 15)
- age   1:         24 bytes,         24 total
- age   6:         72 bytes,         96 total
- age  12:         16 bytes,        112 total
: 506K->0K(960K), 0.0003170 secs] 5575K->5557K(10176K), 0.0003883 secs] [Times: user=0.00 sys=0.00, real=0.00 secs] 
2019-01-02T11:12:32.691+0530: 820.594: [GC (Allocation Failure) 2019-01-02T11:12:32.691+0530: 820.594: [DefNew
Desired survivor size 32768 bytes, new threshold 15 (max 15)
- age   1:        248 bytes,        248 total
- age   7:         16 bytes,        264 total
- age  13:         16 bytes,        280 total
: 844K->0K(960K), 0.0009311 secs] 6401K->5630K(10176K), 0.0012766 secs] [Times: user=0.00 sys=0.00, real=0.00 secs] 
2019-01-02T11:12:32.695+0530: 820.598: [GC (Allocation Failure) 2019-01-02T11:12:32.695+0530: 820.598: [DefNew
Desired survivor size 32768 bytes, new threshold 15 (max 15)
- age   1:         40 bytes,         40 total
- age   2:        184 bytes,        224 total
- age   8:         16 bytes,        240 total
- age  14:         16 bytes,        256 total
: 896K->0K(960K), 0.0007127 secs] 6526K->5918K(10176K), 0.0009978 secs] [Times: user=0.00 sys=0.00, real=0.00 secs] 
2019-01-02T11:12:32.697+0530: 820.600: [GC (Allocation Failure) 2019-01-02T11:12:32.697+0530: 820.600: [DefNew
Desired survivor size 32768 bytes, new threshold 15 (max 15)
- age   1:         40 bytes,         40 total
- age   3:        184 bytes,        224 total
- age   9:         16 bytes,        240 total
- age  15:         16 bytes,        256 total
: 896K->0K(960K), 0.0006956 secs] 6814K->6494K(10176K), 0.0008136 secs] [Times: user=0.00 sys=0.00, real=0.00 secs] 
2019-01-02T11:12:32.699+0530: 820.602: [GC (Allocation Failure) 2019-01-02T11:12:32.699+0530: 820.602: [DefNew
Desired survivor size 32768 bytes, new threshold 15 (max 15)
- age   1:         24 bytes,         24 total
- age   4:        184 bytes,        208 total
- age  10:         16 bytes,        224 total
: 427K->0K(960K), 0.0002349 secs] 6921K->6494K(10176K), 0.0002879 secs] [Times: user=0.00 sys=0.00, real=0.00 secs] 
2019-01-02T11:12:32.699+0530: 820.603: [GC (Allocation Failure) 2019-01-02T11:12:32.699+0530: 820.603: [DefNew
Desired survivor size 32768 bytes, new threshold 15 (max 15)
- age   2:         24 bytes,         24 total
- age   5:        184 bytes,        208 total
- age  11:         16 bytes,        224 total
: 488K->0K(960K), 0.0002959 secs] 6982K->6982K(10176K), 0.0003472 secs] [Times: user=0.00 sys=0.00, real=0.00 secs] 
2019-01-02T11:12:32.700+0530: 820.603: [GC (Allocation Failure) 2019-01-02T11:12:32.700+0530: 820.603: [DefNew
Desired survivor size 32768 bytes, new threshold 15 (max 15)
- age   1:         24 bytes,         24 total
- age   6:         72 bytes,         96 total
- age  12:         16 bytes,        112 total
: 506K->0K(960K), 0.0003153 secs] 7488K->7470K(10176K), 0.0003860 secs] [Times: user=0.00 sys=0.00, real=0.00 secs] 
2019-01-02T11:12:32.754+0530: 820.657: [GC (Allocation Failure) 2019-01-02T11:12:32.754+0530: 820.658: [DefNew
Desired survivor size 32768 bytes, new threshold 15 (max 15)
- age   1:        248 bytes,        248 total
- age   7:         16 bytes,        264 total
- age  13:         16 bytes,        280 total
: 843K->0K(960K), 0.0005211 secs] 8314K->7542K(10176K), 0.0008752 secs] [Times: user=0.00 sys=0.00, real=0.00 secs] 
2019-01-02T11:12:32.757+0530: 820.660: [GC (Allocation Failure) 2019-01-02T11:12:32.757+0530: 820.660: [DefNew
Desired survivor size 32768 bytes, new threshold 15 (max 15)
- age   2:        184 bytes,        184 total
- age   8:         16 bytes,        200 total
- age  14:         16 bytes,        216 total
: 896K->0K(960K), 0.0008946 secs] 8438K->7830K(10176K), 0.0012019 secs] [Times: user=0.00 sys=0.00, real=0.00 secs] 
2019-01-02T11:12:32.760+0530: 820.663: [GC (Allocation Failure) 2019-01-02T11:12:32.760+0530: 820.664: [DefNew
Desired survivor size 32768 bytes, new threshold 15 (max 15)
- age   1:         40 bytes,         40 total
- age   3:        184 bytes,        224 total
- age   9:         16 bytes,        240 total
- age  15:         16 bytes,        256 total
: 896K->0K(960K), 0.0013085 secs] 8726K->8406K(10176K), 0.0015850 secs] [Times: user=0.00 sys=0.00, real=0.00 secs] 
2019-01-02T11:12:32.763+0530: 820.666: [GC (Allocation Failure) 2019-01-02T11:12:32.763+0530: 820.666: [DefNew
Desired survivor size 32768 bytes, new threshold 15 (max 15)
- age   1:         24 bytes,         24 total
- age   4:        184 bytes,        208 total
- age  10:         16 bytes,        224 total
: 428K->0K(960K), 0.0004065 secs] 8835K->8406K(10176K), 0.0005291 secs] [Times: user=0.00 sys=0.00, real=0.00 secs] 
2019-01-02T11:12:32.764+0530: 820.668: [GC (Allocation Failure) 2019-01-02T11:12:32.764+0530: 820.668: [DefNew
Desired survivor size 32768 bytes, new threshold 15 (max 15)
- age   2:         24 bytes,         24 total
- age   5:        184 bytes,        208 total
- age  11:         16 bytes,        224 total
: 488K->0K(960K), 0.0004920 secs] 8894K->8894K(10176K), 0.0005724 secs] [Times: user=0.00 sys=0.00, real=0.00 secs] 
2019-01-02T11:12:32.765+0530: 820.668: [GC (Allocation Failure) 2019-01-02T11:12:32.765+0530: 820.669: [DefNew: 506K->506K(960K), 0.0000268 secs]2019-01-02T11:12:32.765+0530: 820.669: [Tenured: 8894K->1244K(9216K), 0.0036239 secs] 9401K->1244K(10176K), [Metaspace: 2520K->2520K(1056768K)], 0.0037665 secs] [Times: user=0.00 sys=0.00, real=0.00 secs] 
2019-01-02T11:12:32.824+0530: 820.727: [GC (Allocation Failure) 2019-01-02T11:12:32.824+0530: 820.727: [DefNew
Desired survivor size 32768 bytes, new threshold 15 (max 15)
- age   1:        248 bytes,        248 total
: 844K->0K(960K), 0.0010440 secs] 2088K->1805K(10176K), 0.0015594 secs] [Times: user=0.00 sys=0.00, real=0.00 secs] 
2019-01-02T11:12:32.828+0530: 820.731: [GC (Allocation Failure) 2019-01-02T11:12:32.828+0530: 820.731: [DefNew
Desired survivor size 32768 bytes, new threshold 15 (max 15)
- age   1:         40 bytes,         40 total
- age   2:        184 bytes,        224 total
: 896K->0K(960K), 0.0004499 secs] 2701K->2093K(10176K), 0.0006756 secs] [Times: user=0.00 sys=0.00, real=0.00 secs] 
2019-01-02T11:12:32.830+0530: 820.733: [GC (Allocation Failure) 2019-01-02T11:12:32.830+0530: 820.733: [DefNew
Desired survivor size 32768 bytes, new threshold 15 (max 15)
- age   1:         40 bytes,         40 total
- age   3:        184 bytes,        224 total
: 896K->0K(960K), 0.0007498 secs] 2989K->2669K(10176K), 0.0008877 secs] [Times: user=0.00 sys=0.00, real=0.00 secs] 
2019-01-02T11:12:32.832+0530: 820.735: [GC (Allocation Failure) 2019-01-02T11:12:32.832+0530: 820.735: [DefNew
Desired survivor size 32768 bytes, new threshold 15 (max 15)
- age   1:         24 bytes,         24 total
- age   4:        184 bytes,        208 total
: 427K->0K(960K), 0.0002543 secs] 3096K->2669K(10176K), 0.0003335 secs] [Times: user=0.00 sys=0.00, real=0.00 secs] 
2019-01-02T11:12:32.833+0530: 820.736: [GC (Allocation Failure) 2019-01-02T11:12:32.833+0530: 820.736: [DefNew
Desired survivor size 32768 bytes, new threshold 15 (max 15)
- age   2:         24 bytes,         24 total
- age   5:        184 bytes,        208 total
: 488K->0K(960K), 0.0003233 secs] 3157K->3157K(10176K), 0.0003934 secs] [Times: user=0.00 sys=0.00, real=0.00 secs] 
2019-01-02T11:12:32.833+0530: 820.736: [GC (Allocation Failure) 2019-01-02T11:12:32.833+0530: 820.737: [DefNew
Desired survivor size 32768 bytes, new threshold 15 (max 15)
- age   1:         24 bytes,         24 total
- age   6:         72 bytes,         96 total
: 506K->0K(960K), 0.0003153 secs] 3663K->3645K(10176K), 0.0003871 secs] [Times: user=0.00 sys=0.00, real=0.00 secs] 
2019-01-02T11:12:32.887+0530: 820.790: [GC (Allocation Failure) 2019-01-02T11:12:32.887+0530: 820.791: [DefNew
Desired survivor size 32768 bytes, new threshold 15 (max 15)
- age   1:        248 bytes,        248 total
- age   7:         16 bytes,        264 total
: 843K->0K(960K), 0.0005023 secs] 4489K->3717K(10176K), 0.0009077 secs] [Times: user=0.00 sys=0.00, real=0.00 secs] 
2019-01-02T11:12:32.890+0530: 820.793: [GC (Allocation Failure) 2019-01-02T11:12:32.890+0530: 820.794: [DefNew
Desired survivor size 32768 bytes, new threshold 15 (max 15)
- age   2:        184 bytes,        184 total
- age   8:         16 bytes,        200 total
: 896K->0K(960K), 0.0008809 secs] 4613K->4005K(10176K), 0.0011295 secs] [Times: user=0.00 sys=0.00, real=0.00 secs] 
2019-01-02T11:12:32.892+0530: 820.796: [GC (Allocation Failure) 2019-01-02T11:12:32.893+0530: 820.796: [DefNew
Desired survivor size 32768 bytes, new threshold 15 (max 15)
- age   1:         40 bytes,         40 total
- age   3:        184 bytes,        224 total
- age   9:         16 bytes,        240 total
: 896K->0K(960K), 0.0012926 secs] 4901K->4581K(10176K), 0.0014995 secs] [Times: user=0.00 sys=0.00, real=0.00 secs] 
2019-01-02T11:12:32.895+0530: 820.798: [GC (Allocation Failure) 2019-01-02T11:12:32.895+0530: 820.798: [DefNew
Desired survivor size 32768 bytes, new threshold 15 (max 15)
- age   1:         24 bytes,         24 total
- age   4:        184 bytes,        208 total
- age  10:         16 bytes,        224 total
: 428K->0K(960K), 0.0004191 secs] 5010K->4581K(10176K), 0.0005451 secs] [Times: user=0.00 sys=0.00, real=0.00 secs] 
2019-01-02T11:12:32.896+0530: 820.800: [GC (Allocation Failure) 2019-01-02T11:12:32.896+0530: 820.800: [DefNew
Desired survivor size 32768 bytes, new threshold 15 (max 15)
- age   2:         24 bytes,         24 total
- age   5:        184 bytes,        208 total
- age  11:         16 bytes,        224 total
: 488K->0K(960K), 0.0008216 secs] 5070K->5070K(10176K), 0.0009328 secs] [Times: user=0.00 sys=0.00, real=0.00 secs] 
2019-01-02T11:12:32.898+0530: 820.801: [GC (Allocation Failure) 2019-01-02T11:12:32.898+0530: 820.801: [DefNew
Desired survivor size 32768 bytes, new threshold 15 (max 15)
- age   1:         24 bytes,         24 total
- age   6:         72 bytes,         96 total
- age  12:         16 bytes,        112 total
: 506K->0K(960K), 0.0003364 secs] 5576K->5558K(10176K), 0.0004099 secs] [Times: user=0.00 sys=0.00, real=0.00 secs] 
2019-01-02T11:12:32.953+0530: 820.857: [GC (Allocation Failure) 2019-01-02T11:12:32.954+0530: 820.857: [DefNew
Desired survivor size 32768 bytes, new threshold 15 (max 15)
- age   1:        248 bytes,        248 total
- age   7:         16 bytes,        264 total
- age  13:         16 bytes,        280 total
: 844K->0K(960K), 0.0012030 secs] 6402K->5630K(10176K), 0.0014676 secs] [Times: user=0.00 sys=0.00, real=0.00 secs] 
2019-01-02T11:12:32.957+0530: 820.860: [GC (Allocation Failure) 2019-01-02T11:12:32.957+0530: 820.860: [DefNew
Desired survivor size 32768 bytes, new threshold 15 (max 15)
- age   1:         40 bytes,         40 total
- age   2:        184 bytes,        224 total
- age   8:         16 bytes,        240 total
- age  14:         16 bytes,        256 total
: 896K->0K(960K), 0.0008638 secs] 6526K->5918K(10176K), 0.0010069 secs] [Times: user=0.00 sys=0.00, real=0.00 secs] 
2019-01-02T11:12:32.959+0530: 820.862: [GC (Allocation Failure) 2019-01-02T11:12:32.959+0530: 820.862: [DefNew
Desired survivor size 32768 bytes, new threshold 15 (max 15)
- age   1:         40 bytes,         40 total
- age   3:        184 bytes,        224 total
- age   9:         16 bytes,        240 total
- age  15:         16 bytes,        256 total
: 896K->0K(960K), 0.0010673 secs] 6814K->6494K(10176K), 0.0012983 secs] [Times: user=0.00 sys=0.00, real=0.00 secs] 
2019-01-02T11:12:32.962+0530: 820.865: [GC (Allocation Failure) 2019-01-02T11:12:32.962+0530: 820.865: [DefNew
Desired survivor size 32768 bytes, new threshold 15 (max 15)
- age   1:         24 bytes,         24 total
- age   4:        184 bytes,        208 total
- age  10:         16 bytes,        224 total
: 427K->0K(960K), 0.0006009 secs] 6922K->6494K(10176K), 0.0007230 secs] [Times: user=0.00 sys=0.00, real=0.00 secs] 
2019-01-02T11:12:32.963+0530: 820.866: [GC (Allocation Failure) 2019-01-02T11:12:32.963+0530: 820.866: [DefNew
Desired survivor size 32768 bytes, new threshold 15 (max 15)
- age   2:         24 bytes,         24 total
- age   5:        184 bytes,        208 total
- age  11:         16 bytes,        224 total
: 488K->0K(960K), 0.0007726 secs] 6982K->6982K(10176K), 0.0008541 secs] [Times: user=0.00 sys=0.00, real=0.00 secs] 
2019-01-02T11:12:32.965+0530: 820.868: [GC (Allocation Failure) 2019-01-02T11:12:32.965+0530: 820.868: [DefNew
Desired survivor size 32768 bytes, new threshold 15 (max 15)
- age   1:         24 bytes,         24 total
- age   6:         72 bytes,         96 total
- age  12:         16 bytes,        112 total
: 506K->0K(960K), 0.0004949 secs] 7489K->7471K(10176K), 0.0005570 secs] [Times: user=0.00 sys=0.00, real=0.00 secs] 
2019-01-02T11:12:33.023+0530: 820.926: [GC (Allocation Failure) 2019-01-02T11:12:33.023+0530: 820.926: [DefNew
Desired survivor size 32768 bytes, new threshold 15 (max 15)
- age   1:        248 bytes,        248 total
- age   7:         16 bytes,        264 total
- age  13:         16 bytes,        280 total
: 843K->0K(960K), 0.0005154 secs] 8315K->7543K(10176K), 0.0008872 secs] [Times: user=0.00 sys=0.01, real=0.00 secs] 
2019-01-02T11:12:33.026+0530: 820.929: [GC (Allocation Failure) 2019-01-02T11:12:33.026+0530: 820.929: [DefNew
Desired survivor size 32768 bytes, new threshold 15 (max 15)
- age   2:        184 bytes,        184 total
- age   8:         16 bytes,        200 total
- age  14:         16 bytes,        216 total
: 896K->0K(960K), 0.0009282 secs] 8439K->7831K(10176K), 0.0011443 secs] [Times: user=0.00 sys=0.00, real=0.00 secs] 
2019-01-02T11:12:33.029+0530: 820.932: [GC (Allocation Failure) 2019-01-02T11:12:33.029+0530: 820.932: [DefNew
Desired survivor size 32768 bytes, new threshold 15 (max 15)
- age   1:         40 bytes,         40 total
- age   3:        184 bytes,        224 total
- age   9:         16 bytes,        240 total
- age  15:         16 bytes,        256 total
: 896K->0K(960K), 0.0004276 secs] 8727K->8407K(10176K), 0.0005194 secs] [Times: user=0.00 sys=0.00, real=0.00 secs] 
2019-01-02T11:12:33.030+0530: 820.933: [GC (Allocation Failure) 2019-01-02T11:12:33.030+0530: 820.934: [DefNew
Desired survivor size 32768 bytes, new threshold 15 (max 15)
- age   1:         24 bytes,         24 total
- age   4:        184 bytes,        208 total
- age  10:         16 bytes,        224 total
: 428K->0K(960K), 0.0005234 secs] 8835K->8407K(10176K), 0.0006181 secs] [Times: user=0.00 sys=0.00, real=0.00 secs] 
2019-01-02T11:12:33.032+0530: 820.935: [GC (Allocation Failure) 2019-01-02T11:12:33.032+0530: 820.935: [DefNew
Desired survivor size 32768 bytes, new threshold 15 (max 15)
- age   2:         24 bytes,         24 total
- age   5:        184 bytes,        208 total
- age  11:         16 bytes,        224 total
: 488K->0K(960K), 0.0007423 secs] 8895K->8895K(10176K), 0.0008495 secs] [Times: user=0.00 sys=0.00, real=0.00 secs] 
2019-01-02T11:12:33.033+0530: 820.936: [GC (Allocation Failure) 2019-01-02T11:12:33.033+0530: 820.936: [DefNew: 506K->506K(960K), 0.0000336 secs]2019-01-02T11:12:33.033+0530: 820.936: [Tenured: 8895K->1244K(9216K), 0.0036878 secs] 9402K->1244K(10176K), [Metaspace: 2520K->2520K(1056768K)], 0.0038526 secs] [Times: user=0.00 sys=0.00, real=0.00 secs] 
2019-01-02T11:12:33.094+0530: 820.997: [GC (Allocation Failure) 2019-01-02T11:12:33.094+0530: 820.997: [DefNew
Desired survivor size 32768 bytes, new threshold 15 (max 15)
- age   1:        248 bytes,        248 total
: 844K->0K(960K), 0.0012355 secs] 2088K->1805K(10176K), 0.0016386 secs] [Times: user=0.00 sys=0.00, real=0.00 secs] 
2019-01-02T11:12:33.097+0530: 821.000: [GC (Allocation Failure) 2019-01-02T11:12:33.097+0530: 821.000: [DefNew
Desired survivor size 32768 bytes, new threshold 15 (max 15)
- age   1:         40 bytes,         40 total
- age   2:        184 bytes,        224 total
: 896K->0K(960K), 0.0004060 secs] 2701K->2093K(10176K), 0.0006545 secs] [Times: user=0.00 sys=0.00, real=0.00 secs] 
2019-01-02T11:12:33.099+0530: 821.002: [GC (Allocation Failure) 2019-01-02T11:12:33.099+0530: 821.002: [DefNew
Desired survivor size 32768 bytes, new threshold 15 (max 15)
- age   1:         40 bytes,         40 total
- age   3:        184 bytes,        224 total
: 896K->0K(960K), 0.0006249 secs] 2989K->2669K(10176K), 0.0007275 secs] [Times: user=0.00 sys=0.00, real=0.00 secs] 
2019-01-02T11:12:33.101+0530: 821.004: [GC (Allocation Failure) 2019-01-02T11:12:33.101+0530: 821.004: [DefNew
Desired survivor size 32768 bytes, new threshold 15 (max 15)
- age   1:         24 bytes,         24 total
- age   4:        184 bytes,        208 total
: 427K->0K(960K), 0.0007064 secs] 3096K->2669K(10176K), 0.0008780 secs] [Times: user=0.00 sys=0.02, real=0.00 secs] 
2019-01-02T11:12:33.102+0530: 821.006: [GC (Allocation Failure) 2019-01-02T11:12:33.103+0530: 821.006: [DefNew
Desired survivor size 32768 bytes, new threshold 15 (max 15)
- age   2:         24 bytes,         24 total
- age   5:        184 bytes,        208 total
: 488K->0K(960K), 0.0003415 secs] 3157K->3157K(10176K), 0.0004236 secs] [Times: user=0.00 sys=0.00, real=0.00 secs] 
2019-01-02T11:12:33.103+0530: 821.007: [GC (Allocation Failure) 2019-01-02T11:12:33.103+0530: 821.007: [DefNew
Desired survivor size 32768 bytes, new threshold 15 (max 15)
- age   1:         24 bytes,         24 total
- age   6:         72 bytes,         96 total
: 506K->0K(960K), 0.0003130 secs] 3663K->3646K(10176K), 0.0003837 secs] [Times: user=0.00 sys=0.00, real=0.00 secs] 
2019-01-02T11:12:33.159+0530: 821.062: [GC (Allocation Failure) 2019-01-02T11:12:33.159+0530: 821.062: [DefNew
Desired survivor size 32768 bytes, new threshold 15 (max 15)
- age   1:        248 bytes,        248 total
- age   7:         16 bytes,        264 total
: 843K->0K(960K), 0.0007184 secs] 4489K->3718K(10176K), 0.0010229 secs] [Times: user=0.00 sys=0.00, real=0.00 secs] 
2019-01-02T11:12:33.164+0530: 821.067: [GC (Allocation Failure) 2019-01-02T11:12:33.164+0530: 821.067: [DefNew
Desired survivor size 32768 bytes, new threshold 15 (max 15)
- age   2:        184 bytes,        184 total
- age   8:         16 bytes,        200 total
: 896K->0K(960K), 0.0006141 secs] 4614K->4006K(10176K), 0.0007526 secs] [Times: user=0.00 sys=0.00, real=0.00 secs] 
2019-01-02T11:12:33.166+0530: 821.070: [GC (Allocation Failure) 2019-01-02T11:12:33.166+0530: 821.070: [DefNew
Desired survivor size 32768 bytes, new threshold 15 (max 15)
- age   1:         40 bytes,         40 total
- age   3:        184 bytes,        224 total
- age   9:         16 bytes,        240 total
: 896K->0K(960K), 0.0010787 secs] 4902K->4582K(10176K), 0.0011665 secs] [Times: user=0.00 sys=0.00, real=0.00 secs] 
2019-01-02T11:12:33.169+0530: 821.072: [GC (Allocation Failure) 2019-01-02T11:12:33.169+0530: 821.072: [DefNew
Desired survivor size 32768 bytes, new threshold 15 (max 15)
- age   1:         24 bytes,         24 total
- age   4:        184 bytes,        208 total
- age  10:         16 bytes,        224 total
: 428K->0K(960K), 0.0002583 secs] 5010K->4582K(10176K), 0.0003381 secs] [Times: user=0.00 sys=0.00, real=0.00 secs] 
2019-01-02T11:12:33.169+0530: 821.073: [GC (Allocation Failure) 2019-01-02T11:12:33.169+0530: 821.073: [DefNew
Desired survivor size 32768 bytes, new threshold 15 (max 15)
- age   2:         24 bytes,         24 total
- age   5:        184 bytes,        208 total
- age  11:         16 bytes,        224 total
: 488K->0K(960K), 0.0003444 secs] 5070K->5070K(10176K), 0.0004139 secs] [Times: user=0.00 sys=0.00, real=0.00 secs] 
2019-01-02T11:12:33.170+0530: 821.073: [GC (Allocation Failure) 2019-01-02T11:12:33.170+0530: 821.073: [DefNew
Desired survivor size 32768 bytes, new threshold 15 (max 15)
- age   1:         24 bytes,         24 total
- age   6:         72 bytes,         96 total
- age  12:         16 bytes,        112 total
: 506K->0K(960K), 0.0003392 secs] 5576K->5558K(10176K), 0.0004145 secs] [Times: user=0.00 sys=0.00, real=0.00 secs] 
2019-01-02T11:12:33.228+0530: 821.131: [GC (Allocation Failure) 2019-01-02T11:12:33.228+0530: 821.131: [DefNew
Desired survivor size 32768 bytes, new threshold 15 (max 15)
- age   1:        248 bytes,        248 total
- age   7:         16 bytes,        264 total
- age  13:         16 bytes,        280 total
: 844K->0K(960K), 0.0006659 secs] 6403K->5631K(10176K), 0.0011055 secs] [Times: user=0.00 sys=0.00, real=0.00 secs] 
2019-01-02T11:12:33.231+0530: 821.135: [GC (Allocation Failure) 2019-01-02T11:12:33.232+0530: 821.135: [DefNew
Desired survivor size 32768 bytes, new threshold 15 (max 15)
- age   1:         40 bytes,         40 total
- age   2:        184 bytes,        224 total
- age   8:         16 bytes,        240 total
- age  14:         16 bytes,        256 total
: 896K->0K(960K), 0.0005770 secs] 6527K->5919K(10176K), 0.0008353 secs] [Times: user=0.00 sys=0.00, real=0.00 secs] 
2019-01-02T11:12:33.234+0530: 821.137: [GC (Allocation Failure) 2019-01-02T11:12:33.234+0530: 821.137: [DefNew
Desired survivor size 32768 bytes, new threshold 15 (max 15)
- age   1:         40 bytes,         40 total
- age   3:        184 bytes,        224 total
- age   9:         16 bytes,        240 total
- age  15:         16 bytes,        256 total
: 896K->0K(960K), 0.0009305 secs] 6815K->6495K(10176K), 0.0010576 secs] [Times: user=0.00 sys=0.00, real=0.00 secs] 
2019-01-02T11:12:33.236+0530: 821.139: [GC (Allocation Failure) 2019-01-02T11:12:33.236+0530: 821.139: [DefNew
Desired survivor size 32768 bytes, new threshold 15 (max 15)
- age   1:         24 bytes,         24 total
- age   4:        184 bytes,        208 total
- age  10:         16 bytes,        224 total
: 427K->0K(960K), 0.0003700 secs] 6922K->6495K(10176K), 0.0005382 secs] [Times: user=0.00 sys=0.00, real=0.00 secs] 
2019-01-02T11:12:33.237+0530: 821.140: [GC (Allocation Failure) 2019-01-02T11:12:33.237+0530: 821.140: [DefNew
Desired survivor size 32768 bytes, new threshold 15 (max 15)
- age   2:         24 bytes,         24 total
- age   5:        184 bytes,        208 total
- age  11:         16 bytes,        224 total
: 488K->0K(960K), 0.0003392 secs] 6983K->6983K(10176K), 0.0004145 secs] [Times: user=0.00 sys=0.00, real=0.00 secs] 
2019-01-02T11:12:33.238+0530: 821.141: [GC (Allocation Failure) 2019-01-02T11:12:33.238+0530: 821.141: [DefNew
Desired survivor size 32768 bytes, new threshold 15 (max 15)
- age   1:         24 bytes,         24 total
- age   6:         72 bytes,         96 total
- age  12:         16 bytes,        112 total
: 506K->0K(960K), 0.0003267 secs] 7489K->7471K(10176K), 0.0003985 secs] [Times: user=0.00 sys=0.00, real=0.00 secs] 
2019-01-02T11:12:33.295+0530: 821.198: [GC (Allocation Failure) 2019-01-02T11:12:33.295+0530: 821.198: [DefNew
Desired survivor size 32768 bytes, new threshold 15 (max 15)
- age   1:        248 bytes,        248 total
- age   7:         16 bytes,        264 total
- age  13:         16 bytes,        280 total
: 844K->0K(960K), 0.0007161 secs] 8315K->7544K(10176K), 0.0011865 secs] [Times: user=0.00 sys=0.00, real=0.00 secs] 
2019-01-02T11:12:33.299+0530: 821.202: [GC (Allocation Failure) 2019-01-02T11:12:33.299+0530: 821.202: [DefNew
Desired survivor size 32768 bytes, new threshold 15 (max 15)
- age   2:        184 bytes,        184 total
- age   8:         16 bytes,        200 total
- age  14:         16 bytes,        216 total
: 896K->0K(960K), 0.0006431 secs] 8440K->7832K(10176K), 0.0008359 secs] [Times: user=0.00 sys=0.00, real=0.00 secs] 
2019-01-02T11:12:33.301+0530: 821.204: [GC (Allocation Failure) 2019-01-02T11:12:33.301+0530: 821.205: [DefNew
Desired survivor size 32768 bytes, new threshold 15 (max 15)
- age   1:         40 bytes,         40 total
- age   3:        184 bytes,        224 total
- age   9:         16 bytes,        240 total
- age  15:         16 bytes,        256 total
: 896K->0K(960K), 0.0007526 secs] 8728K->8408K(10176K), 0.0009790 secs] [Times: user=0.00 sys=0.00, real=0.00 secs] 
2019-01-02T11:12:33.303+0530: 821.206: [GC (Allocation Failure) 2019-01-02T11:12:33.303+0530: 821.206: [DefNew
Desired survivor size 32768 bytes, new threshold 15 (max 15)
- age   1:         24 bytes,         24 total
- age   4:        184 bytes,        208 total
- age  10:         16 bytes,        224 total
: 428K->0K(960K), 0.0002566 secs] 8836K->8408K(10176K), 0.0003307 secs] [Times: user=0.00 sys=0.00, real=0.00 secs] 
2019-01-02T11:12:33.304+0530: 821.207: [GC (Allocation Failure) 2019-01-02T11:12:33.304+0530: 821.207: [DefNew
Desired survivor size 32768 bytes, new threshold 15 (max 15)
- age   2:         24 bytes,         24 total
- age   5:        184 bytes,        208 total
- age  11:         16 bytes,        224 total
: 488K->0K(960K), 0.0003438 secs] 8896K->8896K(10176K), 0.0004145 secs] [Times: user=0.01 sys=0.00, real=0.00 secs] 
2019-01-02T11:12:33.305+0530: 821.208: [GC (Allocation Failure) 2019-01-02T11:12:33.305+0530: 821.208: [DefNew: 506K->506K(960K), 0.0000279 secs]2019-01-02T11:12:33.305+0530: 821.208: [Tenured: 8896K->1244K(9216K), 0.0036148 secs] 9402K->1244K(10176K), [Metaspace: 2520K->2520K(1056768K)], 0.0037648 secs] [Times: user=0.00 sys=0.00, real=0.00 secs] 
2019-01-02T11:12:33.364+0530: 821.267: [GC (Allocation Failure) 2019-01-02T11:12:33.364+0530: 821.267: [DefNew
Desired survivor size 32768 bytes, new threshold 15 (max 15)
- age   1:        248 bytes,        248 total
: 844K->0K(960K), 0.0006124 secs] 2089K->1805K(10176K), 0.0010599 secs] [Times: user=0.00 sys=0.00, real=0.00 secs] 
2019-01-02T11:12:33.366+0530: 821.269: [GC (Allocation Failure) 2019-01-02T11:12:33.366+0530: 821.269: [DefNew
Desired survivor size 32768 bytes, new threshold 15 (max 15)
- age   1:         40 bytes,         40 total
- age   2:        184 bytes,        224 total
: 896K->0K(960K), 0.0008034 secs] 2701K->2093K(10176K), 0.0009733 secs] [Times: user=0.02 sys=0.00, real=0.00 secs] 
2019-01-02T11:12:33.369+0530: 821.272: [GC (Allocation Failure) 2019-01-02T11:12:33.369+0530: 821.272: [DefNew
Desired survivor size 32768 bytes, new threshold 15 (max 15)
- age   1:         40 bytes,         40 total
- age   3:        184 bytes,        224 total
: 896K->0K(960K), 0.0008712 secs] 2989K->2669K(10176K), 0.0011112 secs] [Times: user=0.00 sys=0.00, real=0.00 secs] 
2019-01-02T11:12:33.371+0530: 821.274: [GC (Allocation Failure) 2019-01-02T11:12:33.371+0530: 821.274: [DefNew
Desired survivor size 32768 bytes, new threshold 15 (max 15)
- age   1:         24 bytes,         24 total
- age   4:        184 bytes,        208 total
: 427K->0K(960K), 0.0002440 secs] 3097K->2669K(10176K), 0.0003067 secs] [Times: user=0.00 sys=0.00, real=0.00 secs] 
2019-01-02T11:12:33.372+0530: 821.275: [GC (Allocation Failure) 2019-01-02T11:12:33.372+0530: 821.275: [DefNew
Desired survivor size 32768 bytes, new threshold 15 (max 15)
- age   2:         24 bytes,         24 total
- age   5:        184 bytes,        208 total
: 488K->0K(960K), 0.0003387 secs] 3158K->3158K(10176K), 0.0004156 secs] [Times: user=0.00 sys=0.00, real=0.00 secs] 
2019-01-02T11:12:33.373+0530: 821.276: [GC (Allocation Failure) 2019-01-02T11:12:33.373+0530: 821.276: [DefNew
Desired survivor size 32768 bytes, new threshold 15 (max 15)
- age   1:         24 bytes,         24 total
- age   6:         72 bytes,         96 total
: 506K->0K(960K), 0.0003119 secs] 3664K->3646K(10176K), 0.0003820 secs] [Times: user=0.00 sys=0.00, real=0.00 secs] 
2019-01-02T11:12:33.428+0530: 821.331: [GC (Allocation Failure) 2019-01-02T11:12:33.429+0530: 821.332: [DefNew
Desired survivor size 32768 bytes, new threshold 15 (max 15)
- age   1:        248 bytes,        248 total
- age   7:         16 bytes,        264 total
: 844K->0K(960K), 0.0009379 secs] 4490K->3718K(10176K), 0.0021569 secs] [Times: user=0.01 sys=0.00, real=0.00 secs] 
2019-01-02T11:12:33.433+0530: 821.336: [GC (Allocation Failure) 2019-01-02T11:12:33.433+0530: 821.336: [DefNew
Desired survivor size 32768 bytes, new threshold 15 (max 15)
- age   2:        184 bytes,        184 total
- age   8:         16 bytes,        200 total
: 896K->0K(960K), 0.0007007 secs] 4614K->4006K(10176K), 0.0008068 secs] [Times: user=0.00 sys=0.00, real=0.00 secs] 
2019-01-02T11:12:33.435+0530: 821.339: [GC (Allocation Failure) 2019-01-02T11:12:33.435+0530: 821.339: [DefNew
Desired survivor size 32768 bytes, new threshold 15 (max 15)
- age   1:         40 bytes,         40 total
- age   3:        184 bytes,        224 total
- age   9:         16 bytes,        240 total
: 896K->0K(960K), 0.0008951 secs] 4902K->4582K(10176K), 0.0010109 secs] [Times: user=0.00 sys=0.00, real=0.00 secs] 
2019-01-02T11:12:33.437+0530: 821.341: [GC (Allocation Failure) 2019-01-02T11:12:33.437+0530: 821.341: [DefNew
Desired survivor size 32768 bytes, new threshold 15 (max 15)
- age   1:         24 bytes,         24 total
- age   4:        184 bytes,        208 total
- age  10:         16 bytes,        224 total
: 428K->0K(960K), 0.0002566 secs] 5011K->4582K(10176K), 0.0003284 secs] [Times: user=0.00 sys=0.00, real=0.00 secs] 
2019-01-02T11:12:33.438+0530: 821.341: [GC (Allocation Failure) 2019-01-02T11:12:33.438+0530: 821.341: [DefNew
Desired survivor size 32768 bytes, new threshold 15 (max 15)
- age   2:         24 bytes,         24 total
- age   5:        184 bytes,        208 total
- age  11:         16 bytes,        224 total
: 488K->0K(960K), 0.0003284 secs] 5071K->5071K(10176K), 0.0003985 secs] [Times: user=0.00 sys=0.00, real=0.00 secs] 
2019-01-02T11:12:33.439+0530: 821.342: [GC (Allocation Failure) 2019-01-02T11:12:33.439+0530: 821.342: [DefNew
Desired survivor size 32768 bytes, new threshold 15 (max 15)
- age   1:         24 bytes,         24 total
- age   6:         72 bytes,         96 total
- age  12:         16 bytes,        112 total
: 506K->0K(960K), 0.0003221 secs] 5577K->5559K(10176K), 0.0003923 secs] [Times: user=0.00 sys=0.00, real=0.00 secs] 
2019-01-02T11:12:33.495+0530: 821.398: [GC (Allocation Failure) 2019-01-02T11:12:33.495+0530: 821.398: [DefNew
Desired survivor size 32768 bytes, new threshold 15 (max 15)
- age   1:        248 bytes,        248 total
- age   7:         16 bytes,        264 total
- age  13:         16 bytes,        280 total
: 844K->0K(960K), 0.0010269 secs] 6403K->5631K(10176K), 0.0014020 secs] [Times: user=0.00 sys=0.00, real=0.00 secs] 
2019-01-02T11:12:33.498+0530: 821.402: [GC (Allocation Failure) 2019-01-02T11:12:33.499+0530: 821.402: [DefNew
Desired survivor size 32768 bytes, new threshold 15 (max 15)
- age   1:         40 bytes,         40 total
- age   2:        184 bytes,        224 total
- age   8:         16 bytes,        240 total
- age  14:         16 bytes,        256 total
: 896K->0K(960K), 0.0009544 secs] 6527K->5919K(10176K), 0.0012680 secs] [Times: user=0.00 sys=0.00, real=0.00 secs] 
2019-01-02T11:12:33.501+0530: 821.404: [GC (Allocation Failure) 2019-01-02T11:12:33.501+0530: 821.404: [DefNew
Desired survivor size 32768 bytes, new threshold 15 (max 15)
- age   1:         40 bytes,         40 total
- age   3:        184 bytes,        224 total
- age   9:         16 bytes,        240 total
- age  15:         16 bytes,        256 total
: 896K->0K(960K), 0.0011055 secs] 6815K->6495K(10176K), 0.0012161 secs] [Times: user=0.00 sys=0.00, real=0.00 secs] 
2019-01-02T11:12:33.503+0530: 821.407: [GC (Allocation Failure) 2019-01-02T11:12:33.503+0530: 821.407: [DefNew
Desired survivor size 32768 bytes, new threshold 15 (max 15)
- age   1:         24 bytes,         24 total
- age   4:        184 bytes,        208 total
- age  10:         16 bytes,        224 total
: 427K->0K(960K), 0.0002469 secs] 6923K->6495K(10176K), 0.0003181 secs] [Times: user=0.00 sys=0.00, real=0.00 secs] 
2019-01-02T11:12:33.504+0530: 821.407: [GC (Allocation Failure) 2019-01-02T11:12:33.504+0530: 821.407: [DefNew
Desired survivor size 32768 bytes, new threshold 15 (max 15)
- age   2:         24 bytes,         24 total
- age   5:        184 bytes,        208 total
- age  11:         16 bytes,        224 total
: 488K->0K(960K), 0.0003056 secs] 6984K->6984K(10176K), 0.0003752 secs] [Times: user=0.00 sys=0.00, real=0.00 secs] 
2019-01-02T11:12:33.505+0530: 821.408: [GC (Allocation Failure) 2019-01-02T11:12:33.505+0530: 821.408: [DefNew
Desired survivor size 32768 bytes, new threshold 15 (max 15)
- age   1:         24 bytes,         24 total
- age   6:         72 bytes,         96 total
- age  12:         16 bytes,        112 total
: 506K->0K(960K), 0.0003107 secs] 7490K->7472K(10176K), 0.0003814 secs] [Times: user=0.00 sys=0.00, real=0.00 secs] 
2019-01-02T11:12:33.563+0530: 821.467: [GC (Allocation Failure) 2019-01-02T11:12:33.564+0530: 821.467: [DefNew
Desired survivor size 32768 bytes, new threshold 15 (max 15)
- age   1:        248 bytes,        248 total
- age   7:         16 bytes,        264 total
- age  13:         16 bytes,        280 total
: 844K->0K(960K), 0.0013279 secs] 8316K->7544K(10176K), 0.0016250 secs] [Times: user=0.00 sys=0.00, real=0.00 secs] 
2019-01-02T11:12:33.567+0530: 821.470: [GC (Allocation Failure) 2019-01-02T11:12:33.567+0530: 821.470: [DefNew
Desired survivor size 32768 bytes, new threshold 15 (max 15)
- age   2:        184 bytes,        184 total
- age   8:         16 bytes,        200 total
- age  14:         16 bytes,        216 total
: 896K->0K(960K), 0.0006534 secs] 8440K->7832K(10176K), 0.0007743 secs] [Times: user=0.00 sys=0.00, real=0.00 secs] 
2019-01-02T11:12:33.569+0530: 821.472: [GC (Allocation Failure) 2019-01-02T11:12:33.569+0530: 821.472: [DefNew
Desired survivor size 32768 bytes, new threshold 15 (max 15)
- age   1:         40 bytes,         40 total
- age   3:        184 bytes,        224 total
- age   9:         16 bytes,        240 total
- age  15:         16 bytes,        256 total
: 896K->0K(960K), 0.0010896 secs] 8728K->8408K(10176K), 0.0012315 secs] [Times: user=0.02 sys=0.00, real=0.00 secs] 
2019-01-02T11:12:33.572+0530: 821.475: [GC (Allocation Failure) 2019-01-02T11:12:33.572+0530: 821.475: [DefNew
Desired survivor size 32768 bytes, new threshold 15 (max 15)
- age   1:         24 bytes,         24 total
- age   4:        184 bytes,        208 total
- age  10:         16 bytes,        224 total
: 428K->0K(960K), 0.0003124 secs] 8837K->8408K(10176K), 0.0003997 secs] [Times: user=0.00 sys=0.00, real=0.00 secs] 
2019-01-02T11:12:33.573+0530: 821.476: [GC (Allocation Failure) 2019-01-02T11:12:33.573+0530: 821.476: [DefNew
Desired survivor size 32768 bytes, new threshold 15 (max 15)
- age   2:         24 bytes,         24 total
- age   5:        184 bytes,        208 total
- age  11:         16 bytes,        224 total
: 488K->0K(960K), 0.0003147 secs] 8897K->8897K(10176K), 0.0003860 secs] [Times: user=0.00 sys=0.00, real=0.00 secs] 
2019-01-02T11:12:33.573+0530: 821.477: [GC (Allocation Failure) 2019-01-02T11:12:33.573+0530: 821.477: [DefNew: 506K->506K(960K), 0.0000285 secs]2019-01-02T11:12:33.573+0530: 821.477: [Tenured: 8897K->1244K(9216K), 0.0036296 secs] 9403K->1244K(10176K), [Metaspace: 2520K->2520K(1056768K)], 0.0037870 secs] [Times: user=0.00 sys=0.00, real=0.00 secs] 
2019-01-02T11:12:33.633+0530: 821.536: [GC (Allocation Failure) 2019-01-02T11:12:33.633+0530: 821.536: [DefNew
Desired survivor size 32768 bytes, new threshold 15 (max 15)
- age   1:        248 bytes,        248 total
: 844K->0K(960K), 0.0015349 secs] 2089K->1805K(10176K), 0.0018405 secs] [Times: user=0.00 sys=0.00, real=0.00 secs] 
2019-01-02T11:12:33.636+0530: 821.540: [GC (Allocation Failure) 2019-01-02T11:12:33.636+0530: 821.540: [DefNew
Desired survivor size 32768 bytes, new threshold 15 (max 15)
- age   1:         40 bytes,         40 total
- age   2:        184 bytes,        224 total
: 896K->0K(960K), 0.0005377 secs] 2701K->2093K(10176K), 0.0006865 secs] [Times: user=0.00 sys=0.00, real=0.00 secs] 
2019-01-02T11:12:33.639+0530: 821.542: [GC (Allocation Failure) 2019-01-02T11:12:33.639+0530: 821.542: [DefNew
Desired survivor size 32768 bytes, new threshold 15 (max 15)
- age   1:         40 bytes,         40 total
- age   3:        184 bytes,        224 total
: 896K->0K(960K), 0.0013148 secs] 2989K->2669K(10176K), 0.0016010 secs] [Times: user=0.00 sys=0.00, real=0.00 secs] 
2019-01-02T11:12:33.642+0530: 821.545: [GC (Allocation Failure) 2019-01-02T11:12:33.642+0530: 821.545: [DefNew
Desired survivor size 32768 bytes, new threshold 15 (max 15)
- age   1:         24 bytes,         24 total
- age   4:        184 bytes,        208 total
: 427K->0K(960K), 0.0003347 secs] 3097K->2669K(10176K), 0.0004191 secs] [Times: user=0.00 sys=0.00, real=0.00 secs] 
2019-01-02T11:12:33.643+0530: 821.546: [GC (Allocation Failure) 2019-01-02T11:12:33.643+0530: 821.546: [DefNew
Desired survivor size 32768 bytes, new threshold 15 (max 15)
- age   2:         24 bytes,         24 total
- age   5:        184 bytes,        208 total
: 488K->0K(960K), 0.0004168 secs] 3158K->3158K(10176K), 0.0004926 secs] [Times: user=0.00 sys=0.00, real=0.00 secs] 
2019-01-02T11:12:33.643+0530: 821.547: [GC (Allocation Failure) 2019-01-02T11:12:33.643+0530: 821.547: [DefNew
Desired survivor size 32768 bytes, new threshold 15 (max 15)
- age   1:         24 bytes,         24 total
- age   6:         72 bytes,         96 total
: 506K->0K(960K), 0.0003985 secs] 3664K->3646K(10176K), 0.0004738 secs] [Times: user=0.00 sys=0.00, real=0.00 secs] 
2019-01-02T11:12:33.699+0530: 821.602: [GC (Allocation Failure) 2019-01-02T11:12:33.699+0530: 821.602: [DefNew
Desired survivor size 32768 bytes, new threshold 15 (max 15)
- age   1:        248 bytes,        248 total
- age   7:         16 bytes,        264 total
: 844K->0K(960K), 0.0009852 secs] 4490K->3719K(10176K), 0.0015075 secs] [Times: user=0.00 sys=0.00, real=0.00 secs] 
2019-01-02T11:12:33.702+0530: 821.606: [GC (Allocation Failure) 2019-01-02T11:12:33.702+0530: 821.606: [DefNew
Desired survivor size 32768 bytes, new threshold 15 (max 15)
- age   2:        184 bytes,        184 total
- age   8:         16 bytes,        200 total
: 896K->0K(960K), 0.0006865 secs] 4615K->4006K(10176K), 0.0008227 secs] [Times: user=0.00 sys=0.00, real=0.00 secs] 
2019-01-02T11:12:33.704+0530: 821.608: [GC (Allocation Failure) 2019-01-02T11:12:33.704+0530: 821.608: [DefNew
Desired survivor size 32768 bytes, new threshold 15 (max 15)
- age   1:         40 bytes,         40 total
- age   3:        184 bytes,        224 total
- age   9:         16 bytes,        240 total
: 896K->0K(960K), 0.0009909 secs] 4902K->4583K(10176K), 0.0011819 secs] [Times: user=0.00 sys=0.00, real=0.00 secs] 
2019-01-02T11:12:33.707+0530: 821.610: [GC (Allocation Failure) 2019-01-02T11:12:33.707+0530: 821.610: [DefNew
Desired survivor size 32768 bytes, new threshold 15 (max 15)
- age   1:         24 bytes,         24 total
- age   4:        184 bytes,        208 total
- age  10:         16 bytes,        224 total
: 428K->0K(960K), 0.0002566 secs] 5011K->4583K(10176K), 0.0003313 secs] [Times: user=0.00 sys=0.00, real=0.00 secs] 
2019-01-02T11:12:33.708+0530: 821.611: [GC (Allocation Failure) 2019-01-02T11:12:33.708+0530: 821.611: [DefNew
Desired survivor size 32768 bytes, new threshold 15 (max 15)
- age   2:         24 bytes,         24 total
- age   5:        184 bytes,        208 total
- age  11:         16 bytes,        224 total
: 488K->0K(960K), 0.0003204 secs] 5071K->5071K(10176K), 0.0003974 secs] [Times: user=0.00 sys=0.00, real=0.00 secs] 
2019-01-02T11:12:33.708+0530: 821.612: [GC (Allocation Failure) 2019-01-02T11:12:33.708+0530: 821.612: [DefNew
Desired survivor size 32768 bytes, new threshold 15 (max 15)
- age   1:         24 bytes,         24 total
- age   6:         72 bytes,         96 total
- age  12:         16 bytes,        112 total
: 506K->0K(960K), 0.0003147 secs] 5578K->5560K(10176K), 0.0003854 secs] [Times: user=0.00 sys=0.00, real=0.00 secs] 
2019-01-02T11:12:33.765+0530: 821.668: [GC (Allocation Failure) 2019-01-02T11:12:33.765+0530: 821.668: [DefNew
Desired survivor size 32768 bytes, new threshold 15 (max 15)
- age   1:        248 bytes,        248 total
- age   7:         16 bytes,        264 total
- age  13:         16 bytes,        280 total
: 844K->0K(960K), 0.0007874 secs] 6404K->5632K(10176K), 0.0011483 secs] [Times: user=0.00 sys=0.00, real=0.00 secs] 
2019-01-02T11:12:33.768+0530: 821.672: [GC (Allocation Failure) 2019-01-02T11:12:33.769+0530: 821.672: [DefNew
Desired survivor size 32768 bytes, new threshold 15 (max 15)
- age   1:         40 bytes,         40 total
- age   2:        184 bytes,        224 total
- age   8:         16 bytes,        240 total
- age  14:         16 bytes,        256 total
: 896K->0K(960K), 0.0005958 secs] 6528K->5920K(10176K), 0.0007304 secs] [Times: user=0.00 sys=0.00, real=0.00 secs] 
2019-01-02T11:12:33.770+0530: 821.674: [GC (Allocation Failure) 2019-01-02T11:12:33.770+0530: 821.674: [DefNew
Desired survivor size 32768 bytes, new threshold 15 (max 15)
- age   1:         40 bytes,         40 total
- age   3:        184 bytes,        224 total
- age   9:         16 bytes,        240 total
- age  15:         16 bytes,        256 total
: 896K->0K(960K), 0.0009077 secs] 6816K->6496K(10176K), 0.0010491 secs] [Times: user=0.00 sys=0.00, real=0.00 secs] 
2019-01-02T11:12:33.773+0530: 821.676: [GC (Allocation Failure) 2019-01-02T11:12:33.773+0530: 821.676: [DefNew
Desired survivor size 32768 bytes, new threshold 15 (max 15)
- age   1:         24 bytes,         24 total
- age   4:        184 bytes,        208 total
- age  10:         16 bytes,        224 total
: 427K->0K(960K), 0.0003558 secs] 6923K->6496K(10176K), 0.0005217 secs] [Times: user=0.00 sys=0.00, real=0.00 secs] 
2019-01-02T11:12:33.774+0530: 821.677: [GC (Allocation Failure) 2019-01-02T11:12:33.774+0530: 821.677: [DefNew
Desired survivor size 32768 bytes, new threshold 15 (max 15)
- age   2:         24 bytes,         24 total
- age   5:        184 bytes,        208 total
- age  11:         16 bytes,        224 total
: 488K->0K(960K), 0.0003461 secs] 6984K->6984K(10176K), 0.0004202 secs] [Times: user=0.00 sys=0.00, real=0.00 secs] 
2019-01-02T11:12:33.775+0530: 821.678: [GC (Allocation Failure) 2019-01-02T11:12:33.775+0530: 821.678: [DefNew
Desired survivor size 32768 bytes, new threshold 15 (max 15)
- age   1:         24 bytes,         24 total
- age   6:         72 bytes,         96 total
- age  12:         16 bytes,        112 total
: 506K->0K(960K), 0.0003170 secs] 7491K->7473K(10176K), 0.0003934 secs] [Times: user=0.00 sys=0.00, real=0.00 secs] 
2019-01-02T11:12:33.828+0530: 821.731: [GC (Allocation Failure) 2019-01-02T11:12:33.828+0530: 821.732: [DefNew
Desired survivor size 32768 bytes, new threshold 15 (max 15)
- age   1:        248 bytes,        248 total
- age   7:         16 bytes,        264 total
- age  13:         16 bytes,        280 total
: 844K->0K(960K), 0.0006905 secs] 8317K->7545K(10176K), 0.0009858 secs] [Times: user=0.00 sys=0.00, real=0.00 secs] 
2019-01-02T11:12:33.831+0530: 821.734: [GC (Allocation Failure) 2019-01-02T11:12:33.831+0530: 821.735: [DefNew
Desired survivor size 32768 bytes, new threshold 15 (max 15)
- age   2:        184 bytes,        184 total
- age   8:         16 bytes,        200 total
- age  14:         16 bytes,        216 total
: 896K->0K(960K), 0.0008701 secs] 8441K->7833K(10176K), 0.0011939 secs] [Times: user=0.00 sys=0.00, real=0.00 secs] 
2019-01-02T11:12:33.834+0530: 821.737: [GC (Allocation Failure) 2019-01-02T11:12:33.834+0530: 821.737: [DefNew
Desired survivor size 32768 bytes, new threshold 15 (max 15)
- age   1:         40 bytes,         40 total
- age   3:        184 bytes,        224 total
- age   9:         16 bytes,        240 total
- age  15:         16 bytes,        256 total
: 896K->0K(960K), 0.0013353 secs] 8729K->8409K(10176K), 0.0015360 secs] [Times: user=0.02 sys=0.00, real=0.00 secs] 
2019-01-02T11:12:33.837+0530: 821.740: [GC (Allocation Failure) 2019-01-02T11:12:33.837+0530: 821.740: [DefNew
Desired survivor size 32768 bytes, new threshold 15 (max 15)
- age   1:         24 bytes,         24 total
- age   4:        184 bytes,        208 total
- age  10:         16 bytes,        224 total
: 428K->0K(960K), 0.0003603 secs] 8838K->8409K(10176K), 0.0004607 secs] [Times: user=0.00 sys=0.00, real=0.00 secs] 
2019-01-02T11:12:33.838+0530: 821.741: [GC (Allocation Failure) 2019-01-02T11:12:33.838+0530: 821.741: [DefNew
Desired survivor size 32768 bytes, new threshold 15 (max 15)
- age   2:         24 bytes,         24 total
- age   5:        184 bytes,        208 total
- age  11:         16 bytes,        224 total
: 488K->0K(960K), 0.0004208 secs] 8898K->8898K(10176K), 0.0005109 secs] [Times: user=0.00 sys=0.00, real=0.00 secs] 
2019-01-02T11:12:33.839+0530: 821.742: [GC (Allocation Failure) 2019-01-02T11:12:33.839+0530: 821.742: [DefNew: 506K->506K(960K), 0.0000296 secs]2019-01-02T11:12:33.839+0530: 821.742: [Tenured: 8898K->1245K(9216K), 0.0036781 secs] 9404K->1245K(10176K), [Metaspace: 2520K->2520K(1056768K)], 0.0038292 secs] [Times: user=0.00 sys=0.00, real=0.00 secs] 
2019-01-02T11:12:33.897+0530: 821.800: [GC (Allocation Failure) 2019-01-02T11:12:33.897+0530: 821.800: [DefNew
Desired survivor size 32768 bytes, new threshold 15 (max 15)
- age   1:        248 bytes,        248 total
: 844K->0K(960K), 0.0010685 secs] 2089K->1806K(10176K), 0.0014722 secs] [Times: user=0.00 sys=0.02, real=0.00 secs] 
2019-01-02T11:12:33.901+0530: 821.804: [GC (Allocation Failure) 2019-01-02T11:12:33.901+0530: 821.804: [DefNew
Desired survivor size 32768 bytes, new threshold 15 (max 15)
- age   1:         40 bytes,         40 total
- age   2:        184 bytes,        224 total
: 896K->0K(960K), 0.0013296 secs] 2702K->2094K(10176K), 0.0015828 secs] [Times: user=0.00 sys=0.00, real=0.00 secs] 
2019-01-02T11:12:33.904+0530: 821.807: [GC (Allocation Failure) 2019-01-02T11:12:33.904+0530: 821.807: [DefNew
Desired survivor size 32768 bytes, new threshold 15 (max 15)
- age   1:         40 bytes,         40 total
- age   3:        184 bytes,        224 total
: 896K->0K(960K), 0.0009271 secs] 2990K->2670K(10176K), 0.0010474 secs] [Times: user=0.00 sys=0.00, real=0.00 secs] 
2019-01-02T11:12:33.906+0530: 821.809: [GC (Allocation Failure) 2019-01-02T11:12:33.906+0530: 821.809: [DefNew
Desired survivor size 32768 bytes, new threshold 15 (max 15)
- age   1:         24 bytes,         24 total
- age   4:        184 bytes,        208 total
: 427K->0K(960K), 0.0007070 secs] 3097K->2670K(10176K), 0.0008843 secs] [Times: user=0.00 sys=0.00, real=0.00 secs] 
2019-01-02T11:12:33.908+0530: 821.811: [GC (Allocation Failure) 2019-01-02T11:12:33.908+0530: 821.811: [DefNew
Desired survivor size 32768 bytes, new threshold 15 (max 15)
- age   2:         24 bytes,         24 total
- age   5:        184 bytes,        208 total
: 488K->0K(960K), 0.0003398 secs] 3158K->3158K(10176K), 0.0004179 secs] [Times: user=0.00 sys=0.00, real=0.00 secs] 
2019-01-02T11:12:33.908+0530: 821.812: [GC (Allocation Failure) 2019-01-02T11:12:33.908+0530: 821.812: [DefNew
Desired survivor size 32768 bytes, new threshold 15 (max 15)
- age   1:         24 bytes,         24 total
- age   6:         72 bytes,         96 total
: 506K->0K(960K), 0.0003256 secs] 3665K->3647K(10176K), 0.0004071 secs] [Times: user=0.00 sys=0.00, real=0.00 secs] 
2019-01-02T11:12:33.962+0530: 821.865: [GC (Allocation Failure) 2019-01-02T11:12:33.962+0530: 821.865: [DefNew
Desired survivor size 32768 bytes, new threshold 15 (max 15)
- age   1:        248 bytes,        248 total
- age   7:         16 bytes,        264 total
: 844K->0K(960K), 0.0010263 secs] 4491K->3719K(10176K), 0.0013057 secs] [Times: user=0.00 sys=0.00, real=0.00 secs] 
2019-01-02T11:12:33.965+0530: 821.868: [GC (Allocation Failure) 2019-01-02T11:12:33.965+0530: 821.868: [DefNew
Desired survivor size 32768 bytes, new threshold 15 (max 15)
- age   2:        184 bytes,        184 total
- age   8:         16 bytes,        200 total
: 896K->0K(960K), 0.0013051 secs] 4615K->4007K(10176K), 0.0015092 secs] [Times: user=0.00 sys=0.00, real=0.00 secs] 
2019-01-02T11:12:33.968+0530: 821.871: [GC (Allocation Failure) 2019-01-02T11:12:33.968+0530: 821.872: [DefNew
Desired survivor size 32768 bytes, new threshold 15 (max 15)
- age   1:         40 bytes,         40 total
- age   3:        184 bytes,        224 total
- age   9:         16 bytes,        240 total
: 896K->0K(960K), 0.0004595 secs] 4903K->4583K(10176K), 0.0005496 secs] [Times: user=0.00 sys=0.00, real=0.00 secs] 
2019-01-02T11:12:33.970+0530: 821.873: [GC (Allocation Failure) 2019-01-02T11:12:33.970+0530: 821.873: [DefNew
Desired survivor size 32768 bytes, new threshold 15 (max 15)
- age   1:         24 bytes,         24 total
- age   4:        184 bytes,        208 total
- age  10:         16 bytes,        224 total
: 428K->0K(960K), 0.0006984 secs] 5011K->4583K(10176K), 0.0008450 secs] [Times: user=0.00 sys=0.00, real=0.00 secs] 
2019-01-02T11:12:33.971+0530: 821.875: [GC (Allocation Failure) 2019-01-02T11:12:33.971+0530: 821.875: [DefNew
Desired survivor size 32768 bytes, new threshold 15 (max 15)
- age   2:         24 bytes,         24 total
- age   5:        184 bytes,        208 total
- age  11:         16 bytes,        224 total
: 488K->0K(960K), 0.0007925 secs] 5072K->5072K(10176K), 0.0009140 secs] [Times: user=0.00 sys=0.00, real=0.00 secs] 
2019-01-02T11:12:33.973+0530: 821.876: [GC (Allocation Failure) 2019-01-02T11:12:33.973+0530: 821.876: [DefNew
Desired survivor size 32768 bytes, new threshold 15 (max 15)
- age   1:         24 bytes,         24 total
- age   6:         72 bytes,         96 total
- age  12:         16 bytes,        112 total
: 506K->0K(960K), 0.0003586 secs] 5578K->5560K(10176K), 0.0004407 secs] [Times: user=0.00 sys=0.00, real=0.00 secs] 
2019-01-02T11:12:34.031+0530: 821.935: [GC (Allocation Failure) 2019-01-02T11:12:34.032+0530: 821.935: [DefNew
Desired survivor size 32768 bytes, new threshold 15 (max 15)
- age   1:        248 bytes,        248 total
- age   7:         16 bytes,        264 total
- age  13:         16 bytes,        280 total
: 844K->0K(960K), 0.0007235 secs] 6405K->5632K(10176K), 0.0011352 secs] [Times: user=0.00 sys=0.00, real=0.00 secs] 
2019-01-02T11:12:34.035+0530: 821.938: [GC (Allocation Failure) 2019-01-02T11:12:34.035+0530: 821.938: [DefNew
Desired survivor size 32768 bytes, new threshold 15 (max 15)
- age   1:         40 bytes,         40 total
- age   2:        184 bytes,        224 total
- age   8:         16 bytes,        240 total
- age  14:         16 bytes,        256 total
: 896K->0K(960K), 0.0009790 secs] 6528K->5920K(10176K), 0.0012173 secs] [Times: user=0.00 sys=0.00, real=0.00 secs] 
2019-01-02T11:12:34.037+0530: 821.940: [GC (Allocation Failure) 2019-01-02T11:12:34.037+0530: 821.941: [DefNew
Desired survivor size 32768 bytes, new threshold 15 (max 15)
- age   1:         40 bytes,         40 total
- age   3:        184 bytes,        224 total
- age   9:         16 bytes,        240 total
- age  15:         16 bytes,        256 total
: 896K->0K(960K), 0.0008735 secs] 6816K->6496K(10176K), 0.0010343 secs] [Times: user=0.01 sys=0.00, real=0.00 secs] 
2019-01-02T11:12:34.039+0530: 821.943: [GC (Allocation Failure) 2019-01-02T11:12:34.040+0530: 821.943: [DefNew
Desired survivor size 32768 bytes, new threshold 15 (max 15)
- age   1:         24 bytes,         24 total
- age   4:        184 bytes,        208 total
- age  10:         16 bytes,        224 total
: 427K->0K(960K), 0.0007857 secs] 6924K->6496K(10176K), 0.0012498 secs] [Times: user=0.00 sys=0.00, real=0.00 secs] 
2019-01-02T11:12:34.041+0530: 821.944: [GC (Allocation Failure) 2019-01-02T11:12:34.041+0530: 821.945: [DefNew
Desired survivor size 32768 bytes, new threshold 15 (max 15)
- age   2:         24 bytes,         24 total
- age   5:        184 bytes,        208 total
- age  11:         16 bytes,        224 total
: 488K->0K(960K), 0.0003484 secs] 6985K->6985K(10176K), 0.0004219 secs] [Times: user=0.00 sys=0.00, real=0.00 secs] 
2019-01-02T11:12:34.042+0530: 821.945: [GC (Allocation Failure) 2019-01-02T11:12:34.042+0530: 821.945: [DefNew
Desired survivor size 32768 bytes, new threshold 15 (max 15)
- age   1:         24 bytes,         24 total
- age   6:         72 bytes,         96 total
- age  12:         16 bytes,        112 total
: 506K->0K(960K), 0.0003113 secs] 7492K->7474K(10176K), 0.0003854 secs] [Times: user=0.00 sys=0.00, real=0.00 secs] 
2019-01-02T11:12:34.098+0530: 822.001: [GC (Allocation Failure) 2019-01-02T11:12:34.098+0530: 822.001: [DefNew
Desired survivor size 32768 bytes, new threshold 15 (max 15)
- age   1:        248 bytes,        248 total
- age   7:         16 bytes,        264 total
- age  13:         16 bytes,        280 total
: 844K->0K(960K), 0.0005371 secs] 8318K->7546K(10176K), 0.0008735 secs] [Times: user=0.00 sys=0.00, real=0.00 secs] 
2019-01-02T11:12:34.102+0530: 822.005: [GC (Allocation Failure) 2019-01-02T11:12:34.102+0530: 822.005: [DefNew
Desired survivor size 32768 bytes, new threshold 15 (max 15)
- age   2:        184 bytes,        184 total
- age   8:         16 bytes,        200 total
- age  14:         16 bytes,        216 total
: 896K->0K(960K), 0.0016113 secs] 8442K->7834K(10176K), 0.0017932 secs] [Times: user=0.00 sys=0.00, real=0.00 secs] 
2019-01-02T11:12:34.105+0530: 822.008: [GC (Allocation Failure) 2019-01-02T11:12:34.105+0530: 822.009: [DefNew
Desired survivor size 32768 bytes, new threshold 15 (max 15)
- age   1:         40 bytes,         40 total
- age   3:        184 bytes,        224 total
- age   9:         16 bytes,        240 total
- age  15:         16 bytes,        256 total
: 896K->0K(960K), 0.0010035 secs] 8730K->8410K(10176K), 0.0011762 secs] [Times: user=0.00 sys=0.00, real=0.00 secs] 
2019-01-02T11:12:34.107+0530: 822.011: [GC (Allocation Failure) 2019-01-02T11:12:34.108+0530: 822.011: [DefNew
Desired survivor size 32768 bytes, new threshold 15 (max 15)
- age   1:         24 bytes,         24 total
- age   4:        184 bytes,        208 total
- age  10:         16 bytes,        224 total
: 428K->0K(960K), 0.0002583 secs] 8838K->8410K(10176K), 0.0003392 secs] [Times: user=0.00 sys=0.00, real=0.00 secs] 
2019-01-02T11:12:34.108+0530: 822.012: [GC (Allocation Failure) 2019-01-02T11:12:34.108+0530: 822.012: [DefNew
Desired survivor size 32768 bytes, new threshold 15 (max 15)
- age   2:         24 bytes,         24 total
- age   5:        184 bytes,        208 total
- age  11:         16 bytes,        224 total
: 488K->0K(960K), 0.0003216 secs] 8899K->8899K(10176K), 0.0003906 secs] [Times: user=0.00 sys=0.00, real=0.00 secs] 
2019-01-02T11:12:34.109+0530: 822.012: [GC (Allocation Failure) 2019-01-02T11:12:34.109+0530: 822.012: [DefNew: 506K->506K(960K), 0.0000285 secs]2019-01-02T11:12:34.109+0530: 822.012: [Tenured: 8898K->1245K(9216K), 0.0037106 secs] 9405K->1245K(10176K), [Metaspace: 2520K->2520K(1056768K)], 0.0038645 secs] [Times: user=0.00 sys=0.00, real=0.00 secs] 
2019-01-02T11:12:34.166+0530: 822.069: [GC (Allocation Failure) 2019-01-02T11:12:34.166+0530: 822.069: [DefNew
Desired survivor size 32768 bytes, new threshold 15 (max 15)
- age   1:        248 bytes,        248 total
: 844K->0K(960K), 0.0016785 secs] 2089K->1806K(10176K), 0.0019665 secs] [Times: user=0.00 sys=0.00, real=0.00 secs] 
2019-01-02T11:12:34.170+0530: 822.073: [GC (Allocation Failure) 2019-01-02T11:12:34.170+0530: 822.073: [DefNew
Desired survivor size 32768 bytes, new threshold 15 (max 15)
- age   1:         40 bytes,         40 total
- age   2:        184 bytes,        224 total
: 896K->0K(960K), 0.0007104 secs] 2702K->2094K(10176K), 0.0008507 secs] [Times: user=0.00 sys=0.00, real=0.00 secs] 
2019-01-02T11:12:34.172+0530: 822.075: [GC (Allocation Failure) 2019-01-02T11:12:34.172+0530: 822.075: [DefNew
Desired survivor size 32768 bytes, new threshold 15 (max 15)
- age   1:         40 bytes,         40 total
- age   3:        184 bytes,        224 total
: 896K->0K(960K), 0.0011380 secs] 2990K->2670K(10176K), 0.0013068 secs] [Times: user=0.00 sys=0.00, real=0.00 secs] 
2019-01-02T11:12:34.175+0530: 822.078: [GC (Allocation Failure) 2019-01-02T11:12:34.175+0530: 822.078: [DefNew
Desired survivor size 32768 bytes, new threshold 15 (max 15)
- age   1:         24 bytes,         24 total
- age   4:        184 bytes,        208 total
: 427K->0K(960K), 0.0006654 secs] 3097K->2670K(10176K), 0.0008855 secs] [Times: user=0.00 sys=0.00, real=0.00 secs] 
2019-01-02T11:12:34.176+0530: 822.079: [GC (Allocation Failure) 2019-01-02T11:12:34.176+0530: 822.079: [DefNew
Desired survivor size 32768 bytes, new threshold 15 (max 15)
- age   2:         24 bytes,         24 total
- age   5:        184 bytes,        208 total
: 488K->0K(960K), 0.0003278 secs] 3158K->3158K(10176K), 0.0004025 secs] [Times: user=0.00 sys=0.00, real=0.00 secs] 
2019-01-02T11:12:34.177+0530: 822.080: [GC (Allocation Failure) 2019-01-02T11:12:34.177+0530: 822.080: [DefNew
Desired survivor size 32768 bytes, new threshold 15 (max 15)
- age   1:         24 bytes,         24 total
- age   6:         72 bytes,         96 total
: 506K->0K(960K), 0.0003073 secs] 3665K->3647K(10176K), 0.0003763 secs] [Times: user=0.00 sys=0.00, real=0.00 secs] 
2019-01-02T11:12:34.234+0530: 822.137: [GC (Allocation Failure) 2019-01-02T11:12:34.234+0530: 822.138: [DefNew
Desired survivor size 32768 bytes, new threshold 15 (max 15)
- age   1:        248 bytes,        248 total
- age   7:         16 bytes,        264 total
: 844K->0K(960K), 0.0008587 secs] 4491K->3719K(10176K), 0.0012652 secs] [Times: user=0.00 sys=0.00, real=0.00 secs] 
2019-01-02T11:12:34.237+0530: 822.141: [GC (Allocation Failure) 2019-01-02T11:12:34.237+0530: 822.141: [DefNew
Desired survivor size 32768 bytes, new threshold 15 (max 15)
- age   2:        184 bytes,        184 total
- age   8:         16 bytes,        200 total
: 896K->0K(960K), 0.0007880 secs] 4615K->4007K(10176K), 0.0009345 secs] [Times: user=0.00 sys=0.00, real=0.00 secs] 
2019-01-02T11:12:34.240+0530: 822.143: [GC (Allocation Failure) 2019-01-02T11:12:34.240+0530: 822.143: [DefNew
Desired survivor size 32768 bytes, new threshold 15 (max 15)
- age   1:         40 bytes,         40 total
- age   3:        184 bytes,        224 total
- age   9:         16 bytes,        240 total
: 896K->0K(960K), 0.0013479 secs] 4903K->4583K(10176K), 0.0014893 secs] [Times: user=0.02 sys=0.00, real=0.00 secs] 
2019-01-02T11:12:34.243+0530: 822.146: [GC (Allocation Failure) 2019-01-02T11:12:34.243+0530: 822.146: [DefNew
Desired survivor size 32768 bytes, new threshold 15 (max 15)
- age   1:         24 bytes,         24 total
- age   4:        184 bytes,        208 total
- age  10:         16 bytes,        224 total
: 428K->0K(960K), 0.0003284 secs] 5012K->4583K(10176K), 0.0004675 secs] [Times: user=0.00 sys=0.00, real=0.00 secs] 
2019-01-02T11:12:34.244+0530: 822.147: [GC (Allocation Failure) 2019-01-02T11:12:34.244+0530: 822.147: [DefNew
Desired survivor size 32768 bytes, new threshold 15 (max 15)
- age   2:         24 bytes,         24 total
- age   5:        184 bytes,        208 total
- age  11:         16 bytes,        224 total
: 488K->0K(960K), 0.0003381 secs] 5072K->5072K(10176K), 0.0004105 secs] [Times: user=0.00 sys=0.00, real=0.00 secs] 
2019-01-02T11:12:34.244+0530: 822.148: [GC (Allocation Failure) 2019-01-02T11:12:34.244+0530: 822.148: [DefNew
Desired survivor size 32768 bytes, new threshold 15 (max 15)
- age   1:         24 bytes,         24 total
- age   6:         72 bytes,         96 total
- age  12:         16 bytes,        112 total
: 506K->0K(960K), 0.0003546 secs] 5579K->5561K(10176K), 0.0004339 secs] [Times: user=0.00 sys=0.00, real=0.00 secs] 
2019-01-02T11:12:34.298+0530: 822.201: [GC (Allocation Failure) 2019-01-02T11:12:34.298+0530: 822.201: [DefNew
Desired survivor size 32768 bytes, new threshold 15 (max 15)
- age   1:        248 bytes,        248 total
- age   7:         16 bytes,        264 total
- age  13:         16 bytes,        280 total
: 844K->0K(960K), 0.0006722 secs] 6405K->5633K(10176K), 0.0009744 secs] [Times: user=0.00 sys=0.00, real=0.00 secs] 
2019-01-02T11:12:34.301+0530: 822.204: [GC (Allocation Failure) 2019-01-02T11:12:34.301+0530: 822.204: [DefNew
Desired survivor size 32768 bytes, new threshold 15 (max 15)
- age   1:         40 bytes,         40 total
- age   2:        184 bytes,        224 total
- age   8:         16 bytes,        240 total
- age  14:         16 bytes,        256 total
: 896K->0K(960K), 0.0011489 secs] 6529K->5921K(10176K), 0.0015474 secs] [Times: user=0.00 sys=0.01, real=0.00 secs] 
2019-01-02T11:12:34.304+0530: 822.207: [GC (Allocation Failure) 2019-01-02T11:12:34.304+0530: 822.208: [DefNew
Desired survivor size 32768 bytes, new threshold 15 (max 15)
- age   1:         40 bytes,         40 total
- age   3:        184 bytes,        224 total
- age   9:         16 bytes,        240 total
- age  15:         16 bytes,        256 total
: 896K->0K(960K), 0.0010548 secs] 6817K->6497K(10176K), 0.0012640 secs] [Times: user=0.00 sys=0.00, real=0.00 secs] 
2019-01-02T11:12:34.307+0530: 822.210: [GC (Allocation Failure) 2019-01-02T11:12:34.307+0530: 822.210: [DefNew
Desired survivor size 32768 bytes, new threshold 15 (max 15)
- age   1:         24 bytes,         24 total
- age   4:        184 bytes,        208 total
- age  10:         16 bytes,        224 total
: 427K->0K(960K), 0.0003860 secs] 6925K->6497K(10176K), 0.0005017 secs] [Times: user=0.00 sys=0.00, real=0.00 secs] 
2019-01-02T11:12:34.308+0530: 822.211: [GC (Allocation Failure) 2019-01-02T11:12:34.308+0530: 822.211: [DefNew
Desired survivor size 32768 bytes, new threshold 15 (max 15)
- age   2:         24 bytes,         24 total
- age   5:        184 bytes,        208 total
- age  11:         16 bytes,        224 total
: 488K->0K(960K), 0.0003575 secs] 6986K->6986K(10176K), 0.0004590 secs] [Times: user=0.00 sys=0.00, real=0.00 secs] 
2019-01-02T11:12:34.309+0530: 822.212: [GC (Allocation Failure) 2019-01-02T11:12:34.309+0530: 822.212: [DefNew
Desired survivor size 32768 bytes, new threshold 15 (max 15)
- age   1:         24 bytes,         24 total
- age   6:         72 bytes,         96 total
- age  12:         16 bytes,        112 total
: 506K->0K(960K), 0.0003324 secs] 7492K->7474K(10176K), 0.0004037 secs] [Times: user=0.00 sys=0.00, real=0.00 secs] 
2019-01-02T11:12:34.362+0530: 822.266: [GC (Allocation Failure) 2019-01-02T11:12:34.363+0530: 822.266: [DefNew
Desired survivor size 32768 bytes, new threshold 15 (max 15)
- age   1:        248 bytes,        248 total
- age   7:         16 bytes,        264 total
- age  13:         16 bytes,        280 total
: 844K->0K(960K), 0.0007344 secs] 8319K->7547K(10176K), 0.0010622 secs] [Times: user=0.00 sys=0.00, real=0.00 secs] 
2019-01-02T11:12:34.366+0530: 822.269: [GC (Allocation Failure) 2019-01-02T11:12:34.366+0530: 822.269: [DefNew
Desired survivor size 32768 bytes, new threshold 15 (max 15)
- age   2:        184 bytes,        184 total
- age   8:         16 bytes,        200 total
- age  14:         16 bytes,        216 total
: 896K->0K(960K), 0.0009961 secs] 8443K->7835K(10176K), 0.0011779 secs] [Times: user=0.00 sys=0.00, real=0.00 secs] 
2019-01-02T11:12:34.369+0530: 822.272: [GC (Allocation Failure) 2019-01-02T11:12:34.369+0530: 822.272: [DefNew
Desired survivor size 32768 bytes, new threshold 15 (max 15)
- age   1:         40 bytes,         40 total
- age   3:        184 bytes,        224 total
- age   9:         16 bytes,        240 total
- age  15:         16 bytes,        256 total
: 896K->0K(960K), 0.0004350 secs] 8731K->8411K(10176K), 0.0005302 secs] [Times: user=0.00 sys=0.00, real=0.00 secs] 
2019-01-02T11:12:34.371+0530: 822.274: [GC (Allocation Failure) 2019-01-02T11:12:34.371+0530: 822.274: [DefNew
Desired survivor size 32768 bytes, new threshold 15 (max 15)
- age   1:         24 bytes,         24 total
- age   4:        184 bytes,        208 total
- age  10:         16 bytes,        224 total
: 428K->0K(960K), 0.0004082 secs] 8839K->8411K(10176K), 0.0005428 secs] [Times: user=0.00 sys=0.00, real=0.00 secs] 
2019-01-02T11:12:34.372+0530: 822.276: [GC (Allocation Failure) 2019-01-02T11:12:34.372+0530: 822.276: [DefNew
Desired survivor size 32768 bytes, new threshold 15 (max 15)
- age   2:         24 bytes,         24 total
- age   5:        184 bytes,        208 total
- age  11:         16 bytes,        224 total
: 489K->0K(960K), 0.0003581 secs] 8899K->8899K(10176K), 0.0004396 secs] [Times: user=0.00 sys=0.00, real=0.00 secs] 
2019-01-02T11:12:34.373+0530: 822.277: [GC (Allocation Failure) 2019-01-02T11:12:34.373+0530: 822.277: [DefNew: 506K->506K(960K), 0.0000279 secs]2019-01-02T11:12:34.373+0530: 822.277: [Tenured: 8899K->1245K(9216K), 0.0036376 secs] 9406K->1245K(10176K), [Metaspace: 2520K->2520K(1056768K)], 0.0037893 secs] [Times: user=0.00 sys=0.00, real=0.00 secs] 
2019-01-02T11:12:34.431+0530: 822.334: [GC (Allocation Failure) 2019-01-02T11:12:34.431+0530: 822.334: [DefNew
Desired survivor size 32768 bytes, new threshold 15 (max 15)
- age   1:        248 bytes,        248 total
: 844K->0K(960K), 0.0012025 secs] 2089K->1806K(10176K), 0.0016706 secs] [Times: user=0.00 sys=0.00, real=0.00 secs] 
2019-01-02T11:12:34.436+0530: 822.338: [GC (Allocation Failure) 2019-01-02T11:12:34.436+0530: 822.339: [DefNew
Desired survivor size 32768 bytes, new threshold 15 (max 15)
- age   1:         40 bytes,         40 total
- age   2:        184 bytes,        224 total
: 896K->0K(960K), 0.0010633 secs] 2702K->2094K(10176K), 0.0012914 secs] [Times: user=0.00 sys=0.00, real=0.00 secs] 
2019-01-02T11:12:34.438+0530: 822.341: [GC (Allocation Failure) 2019-01-02T11:12:34.438+0530: 822.341: [DefNew
Desired survivor size 32768 bytes, new threshold 15 (max 15)
- age   1:         40 bytes,         40 total
- age   3:        184 bytes,        224 total
: 896K->0K(960K), 0.0008986 secs] 2990K->2670K(10176K), 0.0010297 secs] [Times: user=0.00 sys=0.00, real=0.00 secs] 
2019-01-02T11:12:34.441+0530: 822.343: [GC (Allocation Failure) 2019-01-02T11:12:34.441+0530: 822.343: [DefNew
Desired survivor size 32768 bytes, new threshold 15 (max 15)
- age   1:         24 bytes,         24 total
- age   4:        184 bytes,        208 total
: 445K->0K(960K), 0.0004111 secs] 3115K->2670K(10176K), 0.0005046 secs] [Times: user=0.00 sys=0.00, real=0.00 secs] 
2019-01-02T11:12:34.441+0530: 822.344: [GC (Allocation Failure) 2019-01-02T11:12:34.442+0530: 822.344: [DefNew
Desired survivor size 32768 bytes, new threshold 15 (max 15)
- age   2:         24 bytes,         24 total
- age   5:        184 bytes,        208 total
: 489K->0K(960K), 0.0003940 secs] 3159K->3159K(10176K), 0.0004761 secs] [Times: user=0.00 sys=0.00, real=0.00 secs] 
2019-01-02T11:12:34.442+0530: 822.345: [GC (Allocation Failure) 2019-01-02T11:12:34.442+0530: 822.345: [DefNew
Desired survivor size 32768 bytes, new threshold 15 (max 15)
- age   1:         24 bytes,         24 total
- age   6:         72 bytes,         96 total
: 506K->0K(960K), 0.0003284 secs] 3665K->3648K(10176K), 0.0004003 secs] [Times: user=0.00 sys=0.00, real=0.00 secs] 
2019-01-02T11:12:34.498+0530: 822.401: [GC (Allocation Failure) 2019-01-02T11:12:34.499+0530: 822.401: [DefNew
Desired survivor size 32768 bytes, new threshold 15 (max 15)
- age   1:        248 bytes,        248 total
- age   7:         16 bytes,        264 total
: 844K->0K(960K), 0.0004721 secs] 4492K->3720K(10176K), 0.0007948 secs] [Times: user=0.00 sys=0.00, real=0.00 secs] 
2019-01-02T11:12:34.501+0530: 822.404: [GC (Allocation Failure) 2019-01-02T11:12:34.501+0530: 822.404: [DefNew
Desired survivor size 32768 bytes, new threshold 15 (max 15)
- age   2:        184 bytes,        184 total
- age   8:         16 bytes,        200 total
: 896K->0K(960K), 0.0010531 secs] 4616K->4008K(10176K), 0.0012384 secs] [Times: user=0.00 sys=0.00, real=0.00 secs] 
2019-01-02T11:12:34.504+0530: 822.407: [GC (Allocation Failure) 2019-01-02T11:12:34.504+0530: 822.407: [DefNew
Desired survivor size 32768 bytes, new threshold 15 (max 15)
- age   1:         40 bytes,         40 total
- age   3:        184 bytes,        224 total
- age   9:         16 bytes,        240 total
: 896K->0K(960K), 0.0006209 secs] 4904K->4584K(10176K), 0.0007412 secs] [Times: user=0.00 sys=0.00, real=0.00 secs] 
2019-01-02T11:12:34.506+0530: 822.409: [GC (Allocation Failure) 2019-01-02T11:12:34.506+0530: 822.409: [DefNew
Desired survivor size 32768 bytes, new threshold 15 (max 15)
- age   1:         24 bytes,         24 total
- age   4:        184 bytes,        208 total
- age  10:         16 bytes,        224 total
: 428K->0K(960K), 0.0004208 secs] 5012K->4584K(10176K), 0.0005251 secs] [Times: user=0.00 sys=0.00, real=0.00 secs] 
2019-01-02T11:12:34.507+0530: 822.410: [GC (Allocation Failure) 2019-01-02T11:12:34.507+0530: 822.410: [DefNew
Desired survivor size 32768 bytes, new threshold 15 (max 15)
- age   2:         24 bytes,         24 total
- age   5:        184 bytes,        208 total
- age  11:         16 bytes,        224 total
: 489K->0K(960K), 0.0003358 secs] 5073K->5073K(10176K), 0.0003974 secs] [Times: user=0.00 sys=0.00, real=0.00 secs] 
2019-01-02T11:12:34.508+0530: 822.411: [GC (Allocation Failure) 2019-01-02T11:12:34.508+0530: 822.411: [DefNew
Desired survivor size 32768 bytes, new threshold 15 (max 15)
- age   1:         24 bytes,         24 total
- age   6:         72 bytes,         96 total
- age  12:         16 bytes,        112 total
: 506K->0K(960K), 0.0002965 secs] 5579K->5561K(10176K), 0.0003472 secs] [Times: user=0.00 sys=0.00, real=0.00 secs] 
2019-01-02T11:12:34.565+0530: 822.468: [GC (Allocation Failure) 2019-01-02T11:12:34.565+0530: 822.468: [DefNew
Desired survivor size 32768 bytes, new threshold 15 (max 15)
- age   1:        248 bytes,        248 total
- age   7:         16 bytes,        264 total
- age  13:         16 bytes,        280 total
: 844K->0K(960K), 0.0006694 secs] 6406K->5634K(10176K), 0.0009835 secs] [Times: user=0.00 sys=0.00, real=0.00 secs] 
2019-01-02T11:12:34.568+0530: 822.471: [GC (Allocation Failure) 2019-01-02T11:12:34.568+0530: 822.471: [DefNew
Desired survivor size 32768 bytes, new threshold 15 (max 15)
- age   1:         40 bytes,         40 total
- age   2:        184 bytes,        224 total
- age   8:         16 bytes,        240 total
- age  14:         16 bytes,        256 total
: 896K->0K(960K), 0.0012310 secs] 6530K->5922K(10176K), 0.0014254 secs] [Times: user=0.00 sys=0.00, real=0.00 secs] 
2019-01-02T11:12:34.572+0530: 822.474: [GC (Allocation Failure) 2019-01-02T11:12:34.572+0530: 822.474: [DefNew
Desired survivor size 32768 bytes, new threshold 15 (max 15)
- age   1:         40 bytes,         40 total
- age   3:        184 bytes,        224 total
- age   9:         16 bytes,        240 total
- age  15:         16 bytes,        256 total
: 896K->0K(960K), 0.0013558 secs] 6818K->6498K(10176K), 0.0015155 secs] [Times: user=0.00 sys=0.00, real=0.00 secs] 
2019-01-02T11:12:34.574+0530: 822.477: [GC (Allocation Failure) 2019-01-02T11:12:34.574+0530: 822.477: [DefNew
Desired survivor size 32768 bytes, new threshold 15 (max 15)
- age   1:         24 bytes,         24 total
- age   4:        184 bytes,        208 total
- age  10:         16 bytes,        224 total
: 445K->0K(960K), 0.0005217 secs] 6943K->6498K(10176K), 0.0006066 secs] [Times: user=0.00 sys=0.00, real=0.00 secs] 
2019-01-02T11:12:34.576+0530: 822.478: [GC (Allocation Failure) 2019-01-02T11:12:34.576+0530: 822.479: [DefNew
Desired survivor size 32768 bytes, new threshold 15 (max 15)
- age   2:         24 bytes,         24 total
- age   5:        184 bytes,        208 total
- age  11:         16 bytes,        224 total
: 489K->0K(960K), 0.0007783 secs] 6986K->6986K(10176K), 0.0009060 secs] [Times: user=0.00 sys=0.00, real=0.00 secs] 
2019-01-02T11:12:34.577+0530: 822.480: [GC (Allocation Failure) 2019-01-02T11:12:34.577+0530: 822.480: [DefNew
Desired survivor size 32768 bytes, new threshold 15 (max 15)
- age   1:         24 bytes,         24 total
- age   6:         72 bytes,         96 total
- age  12:         16 bytes,        112 total
: 506K->0K(960K), 0.0003199 secs] 7493K->7475K(10176K), 0.0003928 secs] [Times: user=0.00 sys=0.00, real=0.00 secs] 
2019-01-02T11:12:34.632+0530: 822.535: [GC (Allocation Failure) 2019-01-02T11:12:34.633+0530: 822.535: [DefNew
Desired survivor size 32768 bytes, new threshold 15 (max 15)
- age   1:        248 bytes,        248 total
- age   7:         16 bytes,        264 total
- age  13:         16 bytes,        280 total
: 844K->0K(960K), 0.0008951 secs] 8320K->7547K(10176K), 0.0011563 secs] [Times: user=0.00 sys=0.00, real=0.00 secs] 
2019-01-02T11:12:34.635+0530: 822.538: [GC (Allocation Failure) 2019-01-02T11:12:34.635+0530: 822.538: [DefNew
Desired survivor size 32768 bytes, new threshold 15 (max 15)
- age   2:        184 bytes,        184 total
- age   8:         16 bytes,        200 total
- age  14:         16 bytes,        216 total
: 896K->0K(960K), 0.0010297 secs] 8443K->7835K(10176K), 0.0012435 secs] [Times: user=0.00 sys=0.00, real=0.00 secs] 
2019-01-02T11:12:34.638+0530: 822.541: [GC (Allocation Failure) 2019-01-02T11:12:34.638+0530: 822.541: [DefNew
Desired survivor size 32768 bytes, new threshold 15 (max 15)
- age   1:         40 bytes,         40 total
- age   3:        184 bytes,        224 total
- age   9:         16 bytes,        240 total
- age  15:         16 bytes,        256 total
: 896K->0K(960K), 0.0007543 secs] 8731K->8411K(10176K), 0.0009681 secs] [Times: user=0.00 sys=0.00, real=0.00 secs] 
2019-01-02T11:12:34.640+0530: 822.543: [GC (Allocation Failure) 2019-01-02T11:12:34.641+0530: 822.543: [DefNew
Desired survivor size 32768 bytes, new threshold 15 (max 15)
- age   1:         24 bytes,         24 total
- age   4:        184 bytes,        208 total
- age  10:         16 bytes,        224 total
: 428K->0K(960K), 0.0011477 secs] 8840K->8411K(10176K), 0.0012669 secs] [Times: user=0.00 sys=0.00, real=0.00 secs] 
2019-01-02T11:12:34.642+0530: 822.545: [GC (Allocation Failure) 2019-01-02T11:12:34.642+0530: 822.545: [DefNew
Desired survivor size 32768 bytes, new threshold 15 (max 15)
- age   2:         24 bytes,         24 total
- age   5:        184 bytes,        208 total
- age  11:         16 bytes,        224 total
: 489K->0K(960K), 0.0003307 secs] 8900K->8900K(10176K), 0.0003911 secs] [Times: user=0.00 sys=0.00, real=0.00 secs] 
2019-01-02T11:12:34.643+0530: 822.546: [GC (Allocation Failure) 2019-01-02T11:12:34.643+0530: 822.546: [DefNew: 507K->507K(960K), 0.0000245 secs]2019-01-02T11:12:34.643+0530: 822.546: [Tenured: 8900K->1245K(9216K), 0.0036735 secs] 9407K->1245K(10176K), [Metaspace: 2520K->2520K(1056768K)], 0.0037984 secs] [Times: user=0.02 sys=0.00, real=0.00 secs] 
2019-01-02T11:12:34.700+0530: 822.603: [GC (Allocation Failure) 2019-01-02T11:12:34.700+0530: 822.603: [DefNew
Desired survivor size 32768 bytes, new threshold 15 (max 15)
- age   1:        248 bytes,        248 total
: 844K->0K(960K), 0.0014197 secs] 2090K->1806K(10176K), 0.0016700 secs] [Times: user=0.00 sys=0.00, real=0.00 secs] 
2019-01-02T11:12:34.704+0530: 822.607: [GC (Allocation Failure) 2019-01-02T11:12:34.704+0530: 822.607: [DefNew
Desired survivor size 32768 bytes, new threshold 15 (max 15)
- age   1:         40 bytes,         40 total
- age   2:        184 bytes,        224 total
: 896K->0K(960K), 0.0010160 secs] 2702K->2094K(10176K), 0.0012287 secs] [Times: user=0.00 sys=0.00, real=0.00 secs] 
2019-01-02T11:12:34.706+0530: 822.609: [GC (Allocation Failure) 2019-01-02T11:12:34.707+0530: 822.609: [DefNew
Desired survivor size 32768 bytes, new threshold 15 (max 15)
- age   1:         40 bytes,         40 total
- age   3:        184 bytes,        224 total
: 896K->0K(960K), 0.0010964 secs] 2990K->2670K(10176K), 0.0012891 secs] [Times: user=0.00 sys=0.00, real=0.00 secs] 
2019-01-02T11:12:34.709+0530: 822.612: [GC (Allocation Failure) 2019-01-02T11:12:34.709+0530: 822.612: [DefNew
Desired survivor size 32768 bytes, new threshold 15 (max 15)
- age   1:         24 bytes,         24 total
- age   4:        184 bytes,        208 total
: 445K->0K(960K), 0.0003752 secs] 3116K->2670K(10176K), 0.0004641 secs] [Times: user=0.00 sys=0.00, real=0.00 secs] 
2019-01-02T11:12:34.710+0530: 822.613: [GC (Allocation Failure) 2019-01-02T11:12:34.710+0530: 822.613: [DefNew
Desired survivor size 32768 bytes, new threshold 15 (max 15)
- age   2:         24 bytes,         24 total
- age   5:        184 bytes,        208 total
: 489K->0K(960K), 0.0004601 secs] 3159K->3159K(10176K), 0.0005291 secs] [Times: user=0.00 sys=0.00, real=0.00 secs] 
2019-01-02T11:12:34.711+0530: 822.614: [GC (Allocation Failure) 2019-01-02T11:12:34.711+0530: 822.614: [DefNew
Desired survivor size 32768 bytes, new threshold 15 (max 15)
- age   1:         24 bytes,         24 total
- age   6:         72 bytes,         96 total
: 506K->0K(960K), 0.0003273 secs] 3666K->3648K(10176K), 0.0003991 secs] [Times: user=0.00 sys=0.00, real=0.00 secs] 
2019-01-02T11:12:34.770+0530: 822.673: [GC (Allocation Failure) 2019-01-02T11:12:34.771+0530: 822.673: [DefNew
Desired survivor size 32768 bytes, new threshold 15 (max 15)
- age   1:        248 bytes,        248 total
- age   7:         16 bytes,        264 total
: 844K->0K(960K), 0.0009425 secs] 4492K->3720K(10176K), 0.0013353 secs] [Times: user=0.01 sys=0.00, real=0.00 secs] 
2019-01-02T11:12:34.774+0530: 822.677: [GC (Allocation Failure) 2019-01-02T11:12:34.774+0530: 822.677: [DefNew
Desired survivor size 32768 bytes, new threshold 15 (max 15)
- age   2:        184 bytes,        184 total
- age   8:         16 bytes,        200 total
: 896K->0K(960K), 0.0006186 secs] 4616K->4008K(10176K), 0.0008233 secs] [Times: user=0.00 sys=0.00, real=0.00 secs] 
2019-01-02T11:12:34.776+0530: 822.679: [GC (Allocation Failure) 2019-01-02T11:12:34.776+0530: 822.679: [DefNew
Desired survivor size 32768 bytes, new threshold 15 (max 15)
- age   1:         40 bytes,         40 total
- age   3:        184 bytes,        224 total
- age   9:         16 bytes,        240 total
: 896K->0K(960K), 0.0008809 secs] 4904K->4584K(10176K), 0.0010001 secs] [Times: user=0.00 sys=0.00, real=0.00 secs] 
2019-01-02T11:12:34.778+0530: 822.681: [GC (Allocation Failure) 2019-01-02T11:12:34.778+0530: 822.681: [DefNew
Desired survivor size 32768 bytes, new threshold 15 (max 15)
- age   1:         24 bytes,         24 total
- age   4:        184 bytes,        208 total
- age  10:         16 bytes,        224 total
: 428K->0K(960K), 0.0002446 secs] 5013K->4584K(10176K), 0.0003022 secs] [Times: user=0.00 sys=0.00, real=0.00 secs] 
2019-01-02T11:12:34.779+0530: 822.681: [GC (Allocation Failure) 2019-01-02T11:12:34.779+0530: 822.681: [DefNew
Desired survivor size 32768 bytes, new threshold 15 (max 15)
- age   2:         24 bytes,         24 total
- age   5:        184 bytes,        208 total
- age  11:         16 bytes,        224 total
: 489K->0K(960K), 0.0003176 secs] 5073K->5073K(10176K), 0.0003689 secs] [Times: user=0.00 sys=0.00, real=0.00 secs] 
2019-01-02T11:12:34.779+0530: 822.682: [GC (Allocation Failure) 2019-01-02T11:12:34.779+0530: 822.682: [DefNew
Desired survivor size 32768 bytes, new threshold 15 (max 15)
- age   1:         24 bytes,         24 total
- age   6:         72 bytes,         96 total
- age  12:         16 bytes,        112 total
: 507K->0K(960K), 0.0003062 secs] 5580K->5562K(10176K), 0.0003575 secs] [Times: user=0.00 sys=0.00, real=0.00 secs] 
2019-01-02T11:12:34.828+0530: 822.731: [GC (Allocation Failure) 2019-01-02T11:12:34.829+0530: 822.731: [DefNew
Desired survivor size 32768 bytes, new threshold 15 (max 15)
- age   1:        248 bytes,        248 total
- age   7:         16 bytes,        264 total
- age  13:         16 bytes,        280 total
: 844K->0K(960K), 0.0011996 secs] 6407K->5634K(10176K), 0.0016392 secs] [Times: user=0.00 sys=0.00, real=0.00 secs] 
2019-01-02T11:12:34.832+0530: 822.735: [GC (Allocation Failure) 2019-01-02T11:12:34.832+0530: 822.735: [DefNew
Desired survivor size 32768 bytes, new threshold 15 (max 15)
- age   1:         40 bytes,         40 total
- age   2:        184 bytes,        224 total
- age   8:         16 bytes,        240 total
- age  14:         16 bytes,        256 total
: 896K->0K(960K), 0.0010303 secs] 6530K->5922K(10176K), 0.0012156 secs] [Times: user=0.00 sys=0.00, real=0.00 secs] 
2019-01-02T11:12:34.835+0530: 822.737: [GC (Allocation Failure) 2019-01-02T11:12:34.835+0530: 822.737: [DefNew
Desired survivor size 32768 bytes, new threshold 15 (max 15)
- age   1:         40 bytes,         40 total
- age   3:        184 bytes,        224 total
- age   9:         16 bytes,        240 total
- age  15:         16 bytes,        256 total
: 896K->0K(960K), 0.0008307 secs] 6818K->6498K(10176K), 0.0010012 secs] [Times: user=0.00 sys=0.00, real=0.00 secs] 
2019-01-02T11:12:34.837+0530: 822.740: [GC (Allocation Failure) 2019-01-02T11:12:34.837+0530: 822.740: [DefNew
Desired survivor size 32768 bytes, new threshold 15 (max 15)
- age   1:         24 bytes,         24 total
- age   4:        184 bytes,        208 total
- age  10:         16 bytes,        224 total
: 445K->0K(960K), 0.0006146 secs] 6943K->6498K(10176K), 0.0007298 secs] [Times: user=0.00 sys=0.00, real=0.00 secs] 
2019-01-02T11:12:34.839+0530: 822.742: [GC (Allocation Failure) 2019-01-02T11:12:34.839+0530: 822.742: [DefNew
Desired survivor size 32768 bytes, new threshold 15 (max 15)
- age   2:         24 bytes,         24 total
- age   5:        184 bytes,        208 total
- age  11:         16 bytes,        224 total
: 489K->0K(960K), 0.0004829 secs] 6987K->6987K(10176K), 0.0005947 secs] [Times: user=0.00 sys=0.00, real=0.00 secs] 
2019-01-02T11:12:34.840+0530: 822.743: [GC (Allocation Failure) 2019-01-02T11:12:34.840+0530: 822.743: [DefNew
Desired survivor size 32768 bytes, new threshold 15 (max 15)
- age   1:         24 bytes,         24 total
- age   6:         72 bytes,         96 total
- age  12:         16 bytes,        112 total
: 507K->0K(960K), 0.0006916 secs] 7494K->7476K(10176K), 0.0007925 secs] [Times: user=0.00 sys=0.00, real=0.00 secs] 
2019-01-02T11:12:34.894+0530: 822.796: [GC (Allocation Failure) 2019-01-02T11:12:34.894+0530: 822.797: [DefNew
Desired survivor size 32768 bytes, new threshold 15 (max 15)
- age   1:        248 bytes,        248 total
- age   7:         16 bytes,        264 total
- age  13:         16 bytes,        280 total
: 844K->0K(960K), 0.0008262 secs] 8320K->7548K(10176K), 0.0010080 secs] [Times: user=0.00 sys=0.00, real=0.00 secs] 
2019-01-02T11:12:34.896+0530: 822.799: [GC (Allocation Failure) 2019-01-02T11:12:34.896+0530: 822.799: [DefNew
Desired survivor size 32768 bytes, new threshold 15 (max 15)
- age   2:        184 bytes,        184 total
- age   8:         16 bytes,        200 total
- age  14:         16 bytes,        216 total
: 896K->0K(960K), 0.0011489 secs] 8444K->7836K(10176K), 0.0013416 secs] [Times: user=0.00 sys=0.00, real=0.00 secs] 
2019-01-02T11:12:34.899+0530: 822.802: [GC (Allocation Failure) 2019-01-02T11:12:34.899+0530: 822.802: [DefNew
Desired survivor size 32768 bytes, new threshold 15 (max 15)
- age   1:         40 bytes,         40 total
- age   3:        184 bytes,        224 total
- age   9:         16 bytes,        240 total
- age  15:         16 bytes,        256 total
: 896K->0K(960K), 0.0007526 secs] 8732K->8412K(10176K), 0.0009425 secs] [Times: user=0.00 sys=0.00, real=0.00 secs] 
2019-01-02T11:12:34.902+0530: 822.804: [GC (Allocation Failure) 2019-01-02T11:12:34.902+0530: 822.804: [DefNew
Desired survivor size 32768 bytes, new threshold 15 (max 15)
- age   1:         24 bytes,         24 total
- age   4:        184 bytes,        208 total
- age  10:         16 bytes,        224 total
: 428K->0K(960K), 0.0002697 secs] 8841K->8412K(10176K), 0.0003524 secs] [Times: user=0.00 sys=0.00, real=0.00 secs] 
2019-01-02T11:12:34.902+0530: 822.805: [GC (Allocation Failure) 2019-01-02T11:12:34.902+0530: 822.805: [DefNew
Desired survivor size 32768 bytes, new threshold 15 (max 15)
- age   2:         24 bytes,         24 total
- age   5:        184 bytes,        208 total
- age  11:         16 bytes,        224 total
: 489K->0K(960K), 0.0003501 secs] 8901K->8901K(10176K), 0.0004236 secs] [Times: user=0.00 sys=0.00, real=0.00 secs] 
2019-01-02T11:12:34.903+0530: 822.806: [GC (Allocation Failure) 2019-01-02T11:12:34.903+0530: 822.806: [DefNew: 507K->507K(960K), 0.0000285 secs]2019-01-02T11:12:34.903+0530: 822.806: [Tenured: 8901K->1245K(9216K), 0.0062700 secs] 9408K->1245K(10176K), [Metaspace: 2520K->2520K(1056768K)], 0.0065369 secs] [Times: user=0.00 sys=0.00, real=0.01 secs] 
2019-01-02T11:12:34.962+0530: 822.865: [GC (Allocation Failure) 2019-01-02T11:12:34.962+0530: 822.865: [DefNew
Desired survivor size 32768 bytes, new threshold 15 (max 15)
- age   1:        248 bytes,        248 total
: 844K->0K(960K), 0.0010069 secs] 2090K->1806K(10176K), 0.0015183 secs] [Times: user=0.00 sys=0.00, real=0.00 secs] 
2019-01-02T11:12:34.965+0530: 822.868: [GC (Allocation Failure) 2019-01-02T11:12:34.965+0530: 822.868: [DefNew
Desired survivor size 32768 bytes, new threshold 15 (max 15)
- age   1:         40 bytes,         40 total
- age   2:        184 bytes,        224 total
: 896K->0K(960K), 0.0009459 secs] 2702K->2094K(10176K), 0.0012230 secs] [Times: user=0.00 sys=0.00, real=0.00 secs] 
2019-01-02T11:12:34.968+0530: 822.871: [GC (Allocation Failure) 2019-01-02T11:12:34.968+0530: 822.871: [DefNew
Desired survivor size 32768 bytes, new threshold 15 (max 15)
- age   1:         40 bytes,         40 total
- age   3:        184 bytes,        224 total
: 896K->0K(960K), 0.0012509 secs] 2990K->2670K(10176K), 0.0014260 secs] [Times: user=0.00 sys=0.00, real=0.00 secs] 
2019-01-02T11:12:34.970+0530: 822.873: [GC (Allocation Failure) 2019-01-02T11:12:34.970+0530: 822.873: [DefNew
Desired survivor size 32768 bytes, new threshold 15 (max 15)
- age   1:         24 bytes,         24 total
- age   4:        184 bytes,        208 total
: 445K->0K(960K), 0.0002600 secs] 3116K->2670K(10176K), 0.0003375 secs] [Times: user=0.00 sys=0.00, real=0.00 secs] 
2019-01-02T11:12:34.971+0530: 822.874: [GC (Allocation Failure) 2019-01-02T11:12:34.971+0530: 822.874: [DefNew
Desired survivor size 32768 bytes, new threshold 15 (max 15)
- age   2:         24 bytes,         24 total
- age   5:        184 bytes,        208 total
: 489K->0K(960K), 0.0012355 secs] 3159K->3159K(10176K), 0.0013450 secs] [Times: user=0.00 sys=0.00, real=0.00 secs] 
2019-01-02T11:12:34.973+0530: 822.876: [GC (Allocation Failure) 2019-01-02T11:12:34.973+0530: 822.876: [DefNew
Desired survivor size 32768 bytes, new threshold 15 (max 15)
- age   1:         24 bytes,         24 total
- age   6:         72 bytes,         96 total
: 507K->0K(960K), 0.0004618 secs] 3666K->3648K(10176K), 0.0005742 secs] [Times: user=0.02 sys=0.00, real=0.00 secs] 
2019-01-02T11:12:35.036+0530: 822.939: [GC (Allocation Failure) 2019-01-02T11:12:35.036+0530: 822.939: [DefNew
Desired survivor size 32768 bytes, new threshold 15 (max 15)
- age   1:        248 bytes,        248 total
- age   7:         16 bytes,        264 total
: 844K->0K(960K), 0.0005719 secs] 4493K->3721K(10176K), 0.0009533 secs] [Times: user=0.02 sys=0.00, real=0.00 secs] 
2019-01-02T11:12:35.039+0530: 822.942: [GC (Allocation Failure) 2019-01-02T11:12:35.039+0530: 822.942: [DefNew
Desired survivor size 32768 bytes, new threshold 15 (max 15)
- age   2:        184 bytes,        184 total
- age   8:         16 bytes,        200 total
: 896K->0K(960K), 0.0008980 secs] 4617K->4008K(10176K), 0.0013125 secs] [Times: user=0.00 sys=0.00, real=0.00 secs] 
2019-01-02T11:12:35.042+0530: 822.945: [GC (Allocation Failure) 2019-01-02T11:12:35.042+0530: 822.945: [DefNew
Desired survivor size 32768 bytes, new threshold 15 (max 15)
- age   1:         40 bytes,         40 total
- age   3:        184 bytes,        224 total
- age   9:         16 bytes,        240 total
: 896K->0K(960K), 0.0012150 secs] 4904K->4585K(10176K), 0.0014932 secs] [Times: user=0.00 sys=0.00, real=0.00 secs] 
2019-01-02T11:12:35.045+0530: 822.948: [GC (Allocation Failure) 2019-01-02T11:12:35.045+0530: 822.948: [DefNew
Desired survivor size 32768 bytes, new threshold 15 (max 15)
- age   1:         24 bytes,         24 total
- age   4:        184 bytes,        208 total
- age  10:         16 bytes,        224 total
: 428K->0K(960K), 0.0004231 secs] 5013K->4585K(10176K), 0.0005559 secs] [Times: user=0.00 sys=0.00, real=0.00 secs] 
2019-01-02T11:12:35.046+0530: 822.949: [GC (Allocation Failure) 2019-01-02T11:12:35.046+0530: 822.949: [DefNew
Desired survivor size 32768 bytes, new threshold 15 (max 15)
- age   2:         24 bytes,         24 total
- age   5:        184 bytes,        208 total
- age  11:         16 bytes,        224 total
: 489K->0K(960K), 0.0004852 secs] 5074K->5074K(10176K), 0.0005656 secs] [Times: user=0.00 sys=0.00, real=0.00 secs] 
2019-01-02T11:12:35.047+0530: 822.950: [GC (Allocation Failure) 2019-01-02T11:12:35.047+0530: 822.950: [DefNew
Desired survivor size 32768 bytes, new threshold 15 (max 15)
- age   1:         24 bytes,         24 total
- age   6:         72 bytes,         96 total
- age  12:         16 bytes,        112 total
: 507K->0K(960K), 0.0003261 secs] 5580K->5562K(10176K), 0.0003985 secs] [Times: user=0.00 sys=0.00, real=0.00 secs] 
2019-01-02T11:12:35.101+0530: 823.004: [GC (Allocation Failure) 2019-01-02T11:12:35.101+0530: 823.004: [DefNew
Desired survivor size 32768 bytes, new threshold 15 (max 15)
- age   1:        248 bytes,        248 total
- age   7:         16 bytes,        264 total
- age  13:         16 bytes,        280 total
: 844K->0K(960K), 0.0009590 secs] 6407K->5635K(10176K), 0.0011574 secs] [Times: user=0.00 sys=0.00, real=0.00 secs] 
2019-01-02T11:12:35.104+0530: 823.007: [GC (Allocation Failure) 2019-01-02T11:12:35.104+0530: 823.007: [DefNew
Desired survivor size 32768 bytes, new threshold 15 (max 15)
- age   1:         40 bytes,         40 total
- age   2:        184 bytes,        224 total
- age   8:         16 bytes,        240 total
- age  14:         16 bytes,        256 total
: 896K->0K(960K), 0.0015092 secs] 6531K->5923K(10176K), 0.0016774 secs] [Times: user=0.00 sys=0.00, real=0.00 secs] 
2019-01-02T11:12:35.108+0530: 823.011: [GC (Allocation Failure) 2019-01-02T11:12:35.108+0530: 823.011: [DefNew
Desired survivor size 32768 bytes, new threshold 15 (max 15)
- age   1:         40 bytes,         40 total
- age   3:        184 bytes,        224 total
- age   9:         16 bytes,        240 total
- age  15:         16 bytes,        256 total
: 896K->0K(960K), 0.0005753 secs] 6819K->6499K(10176K), 0.0007931 secs] [Times: user=0.00 sys=0.00, real=0.00 secs] 
2019-01-02T11:12:35.110+0530: 823.013: [GC (Allocation Failure) 2019-01-02T11:12:35.110+0530: 823.013: [DefNew
Desired survivor size 32768 bytes, new threshold 15 (max 15)
- age   1:         24 bytes,         24 total
- age   4:        184 bytes,        208 total
- age  10:         16 bytes,        224 total
: 445K->0K(960K), 0.0003906 secs] 6944K->6499K(10176K), 0.0004938 secs] [Times: user=0.00 sys=0.00, real=0.00 secs] 
2019-01-02T11:12:35.111+0530: 823.014: [GC (Allocation Failure) 2019-01-02T11:12:35.111+0530: 823.014: [DefNew
Desired survivor size 32768 bytes, new threshold 15 (max 15)
- age   2:         24 bytes,         24 total
- age   5:        184 bytes,        208 total
- age  11:         16 bytes,        224 total
: 489K->0K(960K), 0.0003655 secs] 6988K->6988K(10176K), 0.0004504 secs] [Times: user=0.00 sys=0.00, real=0.00 secs] 
2019-01-02T11:12:35.112+0530: 823.015: [GC (Allocation Failure) 2019-01-02T11:12:35.112+0530: 823.015: [DefNew
Desired survivor size 32768 bytes, new threshold 15 (max 15)
- age   1:         24 bytes,         24 total
- age   6:         72 bytes,         96 total
- age  12:         16 bytes,        112 total
: 507K->0K(960K), 0.0003273 secs] 7495K->7477K(10176K), 0.0004054 secs] [Times: user=0.00 sys=0.00, real=0.00 secs] 
2019-01-02T11:12:35.168+0530: 823.071: [GC (Allocation Failure) 2019-01-02T11:12:35.168+0530: 823.071: [DefNew
Desired survivor size 32768 bytes, new threshold 15 (max 15)
- age   1:        248 bytes,        248 total
- age   7:         16 bytes,        264 total
- age  13:         16 bytes,        280 total
: 844K->0K(960K), 0.0009750 secs] 8321K->7549K(10176K), 0.0012772 secs] [Times: user=0.00 sys=0.00, real=0.00 secs] 
2019-01-02T11:12:35.171+0530: 823.074: [GC (Allocation Failure) 2019-01-02T11:12:35.171+0530: 823.074: [DefNew
Desired survivor size 32768 bytes, new threshold 15 (max 15)
- age   2:        184 bytes,        184 total
- age   8:         16 bytes,        200 total
- age  14:         16 bytes,        216 total
: 896K->0K(960K), 0.0013564 secs] 8445K->7837K(10176K), 0.0016267 secs] [Times: user=0.00 sys=0.00, real=0.00 secs] 
2019-01-02T11:12:35.174+0530: 823.077: [GC (Allocation Failure) 2019-01-02T11:12:35.174+0530: 823.077: [DefNew
Desired survivor size 32768 bytes, new threshold 15 (max 15)
- age   1:         40 bytes,         40 total
- age   3:        184 bytes,        224 total
- age   9:         16 bytes,        240 total
- age  15:         16 bytes,        256 total
: 896K->0K(960K), 0.0007144 secs] 8733K->8413K(10176K), 0.0008267 secs] [Times: user=0.00 sys=0.00, real=0.00 secs] 
2019-01-02T11:12:35.177+0530: 823.079: [GC (Allocation Failure) 2019-01-02T11:12:35.177+0530: 823.079: [DefNew
Desired survivor size 32768 bytes, new threshold 15 (max 15)
- age   1:         24 bytes,         24 total
- age   4:        184 bytes,        208 total
- age  10:         16 bytes,        224 total
: 428K->0K(960K), 0.0005474 secs] 8841K->8413K(10176K), 0.0006762 secs] [Times: user=0.00 sys=0.02, real=0.00 secs] 
2019-01-02T11:12:35.178+0530: 823.081: [GC (Allocation Failure) 2019-01-02T11:12:35.178+0530: 823.081: [DefNew
Desired survivor size 32768 bytes, new threshold 15 (max 15)
- age   2:         24 bytes,         24 total
- age   5:        184 bytes,        208 total
- age  11:         16 bytes,        224 total
: 489K->0K(960K), 0.0003524 secs] 8902K->8902K(10176K), 0.0004248 secs] [Times: user=0.00 sys=0.00, real=0.00 secs] 
2019-01-02T11:12:35.179+0530: 823.082: [GC (Allocation Failure) 2019-01-02T11:12:35.179+0530: 823.082: [DefNew: 507K->507K(960K), 0.0000279 secs]2019-01-02T11:12:35.179+0530: 823.082: [Tenured: 8902K->1245K(9216K), 0.0036804 secs] 9409K->1245K(10176K), [Metaspace: 2520K->2520K(1056768K)], 0.0038298 secs] [Times: user=0.00 sys=0.00, real=0.00 secs] 
2019-01-02T11:12:35.240+0530: 823.143: [GC (Allocation Failure) 2019-01-02T11:12:35.241+0530: 823.143: [DefNew
Desired survivor size 32768 bytes, new threshold 15 (max 15)
- age   1:        248 bytes,        248 total
: 844K->0K(960K), 0.0011529 secs] 2090K->1807K(10176K), 0.0019072 secs] [Times: user=0.00 sys=0.00, real=0.00 secs] 
2019-01-02T11:12:35.243+0530: 823.146: [GC (Allocation Failure) 2019-01-02T11:12:35.243+0530: 823.146: [DefNew
Desired survivor size 32768 bytes, new threshold 15 (max 15)
- age   1:         40 bytes,         40 total
- age   2:        184 bytes,        224 total
: 896K->0K(960K), 0.0007201 secs] 2703K->2095K(10176K), 0.0008324 secs] [Times: user=0.00 sys=0.00, real=0.00 secs] 
2019-01-02T11:12:35.245+0530: 823.148: [GC (Allocation Failure) 2019-01-02T11:12:35.246+0530: 823.148: [DefNew
Desired survivor size 32768 bytes, new threshold 15 (max 15)
- age   1:         40 bytes,         40 total
- age   3:        184 bytes,        224 total
: 896K->0K(960K), 0.0011340 secs] 2991K->2671K(10176K), 0.0013011 secs] [Times: user=0.00 sys=0.00, real=0.00 secs] 
2019-01-02T11:12:35.248+0530: 823.151: [GC (Allocation Failure) 2019-01-02T11:12:35.248+0530: 823.151: [DefNew
Desired survivor size 32768 bytes, new threshold 15 (max 15)
- age   1:         24 bytes,         24 total
- age   4:        184 bytes,        208 total
: 445K->0K(960K), 0.0005086 secs] 3116K->2671K(10176K), 0.0006602 secs] [Times: user=0.00 sys=0.00, real=0.00 secs] 
2019-01-02T11:12:35.250+0530: 823.153: [GC (Allocation Failure) 2019-01-02T11:12:35.250+0530: 823.153: [DefNew
Desired survivor size 32768 bytes, new threshold 15 (max 15)
- age   2:         24 bytes,         24 total
- age   5:        184 bytes,        208 total
: 489K->0K(960K), 0.0003683 secs] 3160K->3160K(10176K), 0.0004687 secs] [Times: user=0.00 sys=0.00, real=0.00 secs] 
2019-01-02T11:12:35.251+0530: 823.154: [GC (Allocation Failure) 2019-01-02T11:12:35.251+0530: 823.154: [DefNew
Desired survivor size 32768 bytes, new threshold 15 (max 15)
- age   1:         24 bytes,         24 total
- age   6:         72 bytes,         96 total
: 507K->0K(960K), 0.0003324 secs] 3667K->3649K(10176K), 0.0004077 secs] [Times: user=0.00 sys=0.00, real=0.00 secs] 
2019-01-02T11:12:35.306+0530: 823.209: [GC (Allocation Failure) 2019-01-02T11:12:35.306+0530: 823.209: [DefNew
Desired survivor size 32768 bytes, new threshold 15 (max 15)
- age   1:        248 bytes,        248 total
- age   7:         16 bytes,        264 total
: 844K->0K(960K), 0.0011882 secs] 4493K->3721K(10176K), 0.0016113 secs] [Times: user=0.00 sys=0.00, real=0.00 secs] 
2019-01-02T11:12:35.309+0530: 823.212: [GC (Allocation Failure) 2019-01-02T11:12:35.310+0530: 823.213: [DefNew
Desired survivor size 32768 bytes, new threshold 15 (max 15)
- age   2:        184 bytes,        184 total
- age   8:         16 bytes,        200 total
: 896K->0K(960K), 0.0008598 secs] 4617K->4009K(10176K), 0.0011962 secs] [Times: user=0.00 sys=0.00, real=0.00 secs] 
2019-01-02T11:12:35.312+0530: 823.215: [GC (Allocation Failure) 2019-01-02T11:12:35.312+0530: 823.215: [DefNew
Desired survivor size 32768 bytes, new threshold 15 (max 15)
- age   1:         40 bytes,         40 total
- age   3:        184 bytes,        224 total
- age   9:         16 bytes,        240 total
: 896K->0K(960K), 0.0009983 secs] 4905K->4585K(10176K), 0.0011130 secs] [Times: user=0.00 sys=0.00, real=0.00 secs] 
2019-01-02T11:12:35.315+0530: 823.218: [GC (Allocation Failure) 2019-01-02T11:12:35.315+0530: 823.218: [DefNew
Desired survivor size 32768 bytes, new threshold 15 (max 15)
- age   1:         24 bytes,         24 total
- age   4:        184 bytes,        208 total
- age  10:         16 bytes,        224 total
: 428K->0K(960K), 0.0003273 secs] 5013K->4585K(10176K), 0.0004789 secs] [Times: user=0.00 sys=0.00, real=0.00 secs] 
2019-01-02T11:12:35.316+0530: 823.219: [GC (Allocation Failure) 2019-01-02T11:12:35.316+0530: 823.219: [DefNew
Desired survivor size 32768 bytes, new threshold 15 (max 15)
- age   2:         24 bytes,         24 total
- age   5:        184 bytes,        208 total
- age  11:         16 bytes,        224 total
: 489K->0K(960K), 0.0003392 secs] 5074K->5074K(10176K), 0.0004128 secs] [Times: user=0.00 sys=0.00, real=0.00 secs] 
2019-01-02T11:12:35.316+0530: 823.219: [GC (Allocation Failure) 2019-01-02T11:12:35.316+0530: 823.219: [DefNew
Desired survivor size 32768 bytes, new threshold 15 (max 15)
- age   1:         24 bytes,         24 total
- age   6:         72 bytes,         96 total
- age  12:         16 bytes,        112 total
: 507K->0K(960K), 0.0003449 secs] 5581K->5563K(10176K), 0.0004299 secs] [Times: user=0.00 sys=0.00, real=0.00 secs] 
2019-01-02T11:12:35.372+0530: 823.275: [GC (Allocation Failure) 2019-01-02T11:12:35.373+0530: 823.275: [DefNew
Desired survivor size 32768 bytes, new threshold 15 (max 15)
- age   1:        248 bytes,        248 total
- age   7:         16 bytes,        264 total
- age  13:         16 bytes,        280 total
: 845K->0K(960K), 0.0008923 secs] 6408K->5635K(10176K), 0.0012407 secs] [Times: user=0.00 sys=0.00, real=0.00 secs] 
2019-01-02T11:12:35.376+0530: 823.279: [GC (Allocation Failure) 2019-01-02T11:12:35.376+0530: 823.279: [DefNew
Desired survivor size 32768 bytes, new threshold 15 (max 15)
- age   1:         40 bytes,         40 total
- age   2:        184 bytes,        224 total
- age   8:         16 bytes,        240 total
- age  14:         16 bytes,        256 total
: 896K->0K(960K), 0.0005188 secs] 6531K->5923K(10176K), 0.0008313 secs] [Times: user=0.00 sys=0.00, real=0.00 secs] 
2019-01-02T11:12:35.378+0530: 823.281: [GC (Allocation Failure) 2019-01-02T11:12:35.378+0530: 823.281: [DefNew
Desired survivor size 32768 bytes, new threshold 15 (max 15)
- age   1:         40 bytes,         40 total
- age   3:        184 bytes,        224 total
- age   9:         16 bytes,        240 total
- age  15:         16 bytes,        256 total
: 896K->0K(960K), 0.0008832 secs] 6819K->6499K(10176K), 0.0010212 secs] [Times: user=0.00 sys=0.02, real=0.00 secs] 
2019-01-02T11:12:35.381+0530: 823.284: [GC (Allocation Failure) 2019-01-02T11:12:35.381+0530: 823.284: [DefNew
Desired survivor size 32768 bytes, new threshold 15 (max 15)
- age   1:         24 bytes,         24 total
- age   4:        184 bytes,        208 total
- age  10:         16 bytes,        224 total
: 445K->0K(960K), 0.0006289 secs] 6945K->6499K(10176K), 0.0008627 secs] [Times: user=0.00 sys=0.00, real=0.00 secs] 
2019-01-02T11:12:35.383+0530: 823.285: [GC (Allocation Failure) 2019-01-02T11:12:35.383+0530: 823.286: [DefNew
Desired survivor size 32768 bytes, new threshold 15 (max 15)
- age   2:         24 bytes,         24 total
- age   5:        184 bytes,        208 total
- age  11:         16 bytes,        224 total
: 489K->0K(960K), 0.0003512 secs] 6988K->6988K(10176K), 0.0004310 secs] [Times: user=0.00 sys=0.00, real=0.00 secs] 
2019-01-02T11:12:35.383+0530: 823.286: [GC (Allocation Failure) 2019-01-02T11:12:35.383+0530: 823.286: [DefNew
Desired survivor size 32768 bytes, new threshold 15 (max 15)
- age   1:         24 bytes,         24 total
- age   6:         72 bytes,         96 total
- age  12:         16 bytes,        112 total
: 507K->0K(960K), 0.0003335 secs] 7495K->7477K(10176K), 0.0004060 secs] [Times: user=0.00 sys=0.00, real=0.00 secs] 
2019-01-02T11:12:35.439+0530: 823.342: [GC (Allocation Failure) 2019-01-02T11:12:35.439+0530: 823.342: [DefNew
Desired survivor size 32768 bytes, new threshold 15 (max 15)
- age   1:        248 bytes,        248 total
- age   7:         16 bytes,        264 total
- age  13:         16 bytes,        280 total
: 844K->0K(960K), 0.0006409 secs] 8322K->7550K(10176K), 0.0009590 secs] [Times: user=0.00 sys=0.00, real=0.00 secs] 
2019-01-02T11:12:35.443+0530: 823.346: [GC (Allocation Failure) 2019-01-02T11:12:35.443+0530: 823.346: [DefNew
Desired survivor size 32768 bytes, new threshold 15 (max 15)
- age   2:        184 bytes,        184 total
- age   8:         16 bytes,        200 total
- age  14:         16 bytes,        216 total
: 896K->0K(960K), 0.0004367 secs] 8446K->7838K(10176K), 0.0005513 secs] [Times: user=0.00 sys=0.00, real=0.00 secs] 
2019-01-02T11:12:35.445+0530: 823.347: [GC (Allocation Failure) 2019-01-02T11:12:35.445+0530: 823.348: [DefNew
Desired survivor size 32768 bytes, new threshold 15 (max 15)
- age   1:         40 bytes,         40 total
- age   3:        184 bytes,        224 total
- age   9:         16 bytes,        240 total
- age  15:         16 bytes,        256 total
: 896K->0K(960K), 0.0007560 secs] 8734K->8414K(10176K), 0.0009083 secs] [Times: user=0.00 sys=0.00, real=0.00 secs] 
2019-01-02T11:12:35.447+0530: 823.350: [GC (Allocation Failure) 2019-01-02T11:12:35.447+0530: 823.350: [DefNew
Desired survivor size 32768 bytes, new threshold 15 (max 15)
- age   1:         24 bytes,         24 total
- age   4:        184 bytes,        208 total
- age  10:         16 bytes,        224 total
: 428K->0K(960K), 0.0009430 secs] 8842K->8414K(10176K), 0.0011004 secs] [Times: user=0.00 sys=0.00, real=0.00 secs] 
2019-01-02T11:12:35.448+0530: 823.351: [GC (Allocation Failure) 2019-01-02T11:12:35.449+0530: 823.351: [DefNew
Desired survivor size 32768 bytes, new threshold 15 (max 15)
- age   2:         24 bytes,         24 total
- age   5:        184 bytes,        208 total
- age  11:         16 bytes,        224 total
: 489K->0K(960K), 0.0003512 secs] 8903K->8903K(10176K), 0.0004367 secs] [Times: user=0.00 sys=0.00, real=0.00 secs] 
2019-01-02T11:12:35.449+0530: 823.352: [GC (Allocation Failure) 2019-01-02T11:12:35.449+0530: 823.352: [DefNew: 507K->507K(960K), 0.0000291 secs]2019-01-02T11:12:35.449+0530: 823.352: [Tenured: 8902K->1245K(9216K), 0.0037186 secs] 9410K->1245K(10176K), [Metaspace: 2520K->2520K(1056768K)], 0.0038811 secs] [Times: user=0.00 sys=0.00, real=0.00 secs] 
2019-01-02T11:12:35.511+0530: 823.414: [GC (Allocation Failure) 2019-01-02T11:12:35.511+0530: 823.414: [DefNew
Desired survivor size 32768 bytes, new threshold 15 (max 15)
- age   1:        248 bytes,        248 total
: 844K->0K(960K), 0.0011797 secs] 2090K->1807K(10176K), 0.0013382 secs] [Times: user=0.00 sys=0.00, real=0.00 secs] 
2019-01-02T11:12:35.514+0530: 823.417: [GC (Allocation Failure) 2019-01-02T11:12:35.515+0530: 823.418: [DefNew
Desired survivor size 32768 bytes, new threshold 15 (max 15)
- age   1:         40 bytes,         40 total
- age   2:        184 bytes,        224 total
: 896K->0K(960K), 0.0007828 secs] 2703K->2095K(10176K), 0.0010018 secs] [Times: user=0.00 sys=0.00, real=0.00 secs] 
2019-01-02T11:12:35.517+0530: 823.420: [GC (Allocation Failure) 2019-01-02T11:12:35.517+0530: 823.420: [DefNew
Desired survivor size 32768 bytes, new threshold 15 (max 15)
- age   1:         40 bytes,         40 total
- age   3:        184 bytes,        224 total
: 896K->0K(960K), 0.0003946 secs] 2991K->2671K(10176K), 0.0004784 secs] [Times: user=0.00 sys=0.00, real=0.00 secs] 
2019-01-02T11:12:35.519+0530: 823.422: [GC (Allocation Failure) 2019-01-02T11:12:35.519+0530: 823.422: [DefNew
Desired survivor size 32768 bytes, new threshold 15 (max 15)
- age   1:         24 bytes,         24 total
- age   4:        184 bytes,        208 total
: 445K->0K(960K), 0.0002372 secs] 3116K->2671K(10176K), 0.0003067 secs] [Times: user=0.00 sys=0.00, real=0.00 secs] 
2019-01-02T11:12:35.519+0530: 823.422: [GC (Allocation Failure) 2019-01-02T11:12:35.520+0530: 823.422: [DefNew
Desired survivor size 32768 bytes, new threshold 15 (max 15)
- age   2:         24 bytes,         24 total
- age   5:        184 bytes,        208 total
: 489K->0K(960K), 0.0003050 secs] 3160K->3160K(10176K), 0.0003769 secs] [Times: user=0.00 sys=0.01, real=0.00 secs] 
2019-01-02T11:12:35.520+0530: 823.423: [GC (Allocation Failure) 2019-01-02T11:12:35.520+0530: 823.423: [DefNew
Desired survivor size 32768 bytes, new threshold 15 (max 15)
- age   1:         24 bytes,         24 total
- age   6:         72 bytes,         96 total
: 507K->0K(960K), 0.0003221 secs] 3667K->3649K(10176K), 0.0003968 secs] [Times: user=0.00 sys=0.00, real=0.00 secs] 
2019-01-02T11:12:35.579+0530: 823.482: [GC (Allocation Failure) 2019-01-02T11:12:35.579+0530: 823.482: [DefNew
Desired survivor size 32768 bytes, new threshold 15 (max 15)
- age   1:        248 bytes,        248 total
- age   7:         16 bytes,        264 total
: 844K->0K(960K), 0.0006306 secs] 4494K->3721K(10176K), 0.0007720 secs] [Times: user=0.00 sys=0.00, real=0.00 secs] 
2019-01-02T11:12:35.581+0530: 823.484: [GC (Allocation Failure) 2019-01-02T11:12:35.581+0530: 823.484: [DefNew
Desired survivor size 32768 bytes, new threshold 15 (max 15)
- age   2:        184 bytes,        184 total
- age   8:         16 bytes,        200 total
: 896K->0K(960K), 0.0011472 secs] 4617K->4009K(10176K), 0.0013456 secs] [Times: user=0.02 sys=0.00, real=0.00 secs] 
2019-01-02T11:12:35.584+0530: 823.487: [GC (Allocation Failure) 2019-01-02T11:12:35.584+0530: 823.487: [DefNew
Desired survivor size 32768 bytes, new threshold 15 (max 15)
- age   1:         40 bytes,         40 total
- age   3:        184 bytes,        224 total
- age   9:         16 bytes,        240 total
: 896K->0K(960K), 0.0011027 secs] 4905K->4585K(10176K), 0.0012732 secs] [Times: user=0.00 sys=0.00, real=0.00 secs] 
2019-01-02T11:12:35.587+0530: 823.490: [GC (Allocation Failure) 2019-01-02T11:12:35.587+0530: 823.490: [DefNew
Desired survivor size 32768 bytes, new threshold 15 (max 15)
- age   1:         24 bytes,         24 total
- age   4:        184 bytes,        208 total
- age  10:         16 bytes,        224 total
: 446K->0K(960K), 0.0002509 secs] 5032K->4585K(10176K), 0.0003233 secs] [Times: user=0.00 sys=0.00, real=0.00 secs] 
2019-01-02T11:12:35.587+0530: 823.490: [GC (Allocation Failure) 2019-01-02T11:12:35.587+0530: 823.490: [DefNew
Desired survivor size 32768 bytes, new threshold 15 (max 15)
- age   2:         24 bytes,         24 total
- age   5:        184 bytes,        208 total
- age  11:         16 bytes,        224 total
: 489K->0K(960K), 0.0003273 secs] 5075K->5075K(10176K), 0.0003991 secs] [Times: user=0.00 sys=0.00, real=0.00 secs] 
2019-01-02T11:12:35.588+0530: 823.491: [GC (Allocation Failure) 2019-01-02T11:12:35.588+0530: 823.491: [DefNew
Desired survivor size 32768 bytes, new threshold 15 (max 15)
- age   1:         24 bytes,         24 total
- age   6:         72 bytes,         96 total
- age  12:         16 bytes,        112 total
: 507K->0K(960K), 0.0003079 secs] 5582K->5564K(10176K), 0.0003792 secs] [Times: user=0.00 sys=0.00, real=0.00 secs] 
2019-01-02T11:12:35.646+0530: 823.549: [GC (Allocation Failure) 2019-01-02T11:12:35.646+0530: 823.549: [DefNew
Desired survivor size 32768 bytes, new threshold 15 (max 15)
- age   1:        248 bytes,        248 total
- age   7:         16 bytes,        264 total
- age  13:         16 bytes,        280 total
: 845K->0K(960K), 0.0008752 secs] 6409K->5636K(10176K), 0.0010092 secs] [Times: user=0.00 sys=0.00, real=0.00 secs] 
2019-01-02T11:12:35.649+0530: 823.552: [GC (Allocation Failure) 2019-01-02T11:12:35.649+0530: 823.552: [DefNew
Desired survivor size 32768 bytes, new threshold 15 (max 15)
- age   1:         40 bytes,         40 total
- age   2:        184 bytes,        224 total
- age   8:         16 bytes,        240 total
- age  14:         16 bytes,        256 total
: 896K->0K(960K), 0.0008176 secs] 6532K->5924K(10176K), 0.0009579 secs] [Times: user=0.00 sys=0.00, real=0.00 secs] 
2019-01-02T11:12:35.651+0530: 823.554: [GC (Allocation Failure) 2019-01-02T11:12:35.651+0530: 823.554: [DefNew
Desired survivor size 32768 bytes, new threshold 15 (max 15)
- age   1:         40 bytes,         40 total
- age   3:        184 bytes,        224 total
- age   9:         16 bytes,        240 total
- age  15:         16 bytes,        256 total
: 896K->0K(960K), 0.0003683 secs] 6820K->6500K(10176K), 0.0004385 secs] [Times: user=0.00 sys=0.00, real=0.00 secs] 
2019-01-02T11:12:35.652+0530: 823.555: [GC (Allocation Failure) 2019-01-02T11:12:35.652+0530: 823.555: [DefNew
Desired survivor size 32768 bytes, new threshold 15 (max 15)
- age   1:         24 bytes,         24 total
- age   4:        184 bytes,        208 total
- age  10:         16 bytes,        224 total
: 445K->0K(960K), 0.0002315 secs] 6945K->6500K(10176K), 0.0002874 secs] [Times: user=0.00 sys=0.00, real=0.00 secs] 
2019-01-02T11:12:35.653+0530: 823.556: [GC (Allocation Failure) 2019-01-02T11:12:35.653+0530: 823.556: [DefNew
Desired survivor size 32768 bytes, new threshold 15 (max 15)
- age   2:         24 bytes,         24 total
- age   5:        184 bytes,        208 total
- age  11:         16 bytes,        224 total
: 489K->0K(960K), 0.0003113 secs] 6989K->6989K(10176K), 0.0003649 secs] [Times: user=0.00 sys=0.00, real=0.00 secs] 
2019-01-02T11:12:35.653+0530: 823.556: [GC (Allocation Failure) 2019-01-02T11:12:35.653+0530: 823.556: [DefNew
Desired survivor size 32768 bytes, new threshold 15 (max 15)
- age   1:         24 bytes,         24 total
- age   6:         72 bytes,         96 total
- age  12:         16 bytes,        112 total
: 507K->0K(960K), 0.0003079 secs] 7496K->7478K(10176K), 0.0003626 secs] [Times: user=0.00 sys=0.00, real=0.00 secs] 
2019-01-02T11:12:35.709+0530: 823.612: [GC (Allocation Failure) 2019-01-02T11:12:35.709+0530: 823.612: [DefNew
Desired survivor size 32768 bytes, new threshold 15 (max 15)
- age   1:        248 bytes,        248 total
- age   7:         16 bytes,        264 total
- age  13:         16 bytes,        280 total
: 844K->0K(960K), 0.0007036 secs] 8323K->7550K(10176K), 0.0011061 secs] [Times: user=0.00 sys=0.00, real=0.00 secs] 
2019-01-02T11:12:35.712+0530: 823.615: [GC (Allocation Failure) 2019-01-02T11:12:35.713+0530: 823.616: [DefNew
Desired survivor size 32768 bytes, new threshold 15 (max 15)
- age   2:        184 bytes,        184 total
- age   8:         16 bytes,        200 total
- age  14:         16 bytes,        216 total
: 896K->0K(960K), 0.0006391 secs] 8446K->7838K(10176K), 0.0008313 secs] [Times: user=0.00 sys=0.00, real=0.00 secs] 
2019-01-02T11:12:35.714+0530: 823.617: [GC (Allocation Failure) 2019-01-02T11:12:35.715+0530: 823.617: [DefNew
Desired survivor size 32768 bytes, new threshold 15 (max 15)
- age   1:         40 bytes,         40 total
- age   3:        184 bytes,        224 total
- age   9:         16 bytes,        240 total
- age  15:         16 bytes,        256 total
: 896K->0K(960K), 0.0007041 secs] 8734K->8414K(10176K), 0.0008336 secs] [Times: user=0.00 sys=0.00, real=0.00 secs] 
2019-01-02T11:12:35.717+0530: 823.619: [GC (Allocation Failure) 2019-01-02T11:12:35.717+0530: 823.620: [DefNew
Desired survivor size 32768 bytes, new threshold 15 (max 15)
- age   1:         24 bytes,         24 total
- age   4:        184 bytes,        208 total
- age  10:         16 bytes,        224 total
: 446K->0K(960K), 0.0006260 secs] 8861K->8414K(10176K), 0.0008091 secs] [Times: user=0.00 sys=0.00, real=0.00 secs] 
2019-01-02T11:12:35.718+0530: 823.621: [GC (Allocation Failure) 2019-01-02T11:12:35.718+0530: 823.621: [DefNew
Desired survivor size 32768 bytes, new threshold 15 (max 15)
- age   2:         24 bytes,         24 total
- age   5:        184 bytes,        208 total
- age  11:         16 bytes,        224 total
: 489K->0K(960K), 0.0003278 secs] 8904K->8904K(10176K), 0.0003866 secs] [Times: user=0.00 sys=0.00, real=0.00 secs] 
2019-01-02T11:12:35.719+0530: 823.622: [GC (Allocation Failure) 2019-01-02T11:12:35.719+0530: 823.622: [DefNew: 507K->507K(960K), 0.0000239 secs]2019-01-02T11:12:35.719+0530: 823.622: [Tenured: 8903K->1246K(9216K), 0.0044096 secs] 9411K->1246K(10176K), [Metaspace: 2520K->2520K(1056768K)], 0.0045470 secs] [Times: user=0.01 sys=0.00, real=0.00 secs] 
2019-01-02T11:12:35.776+0530: 823.678: [GC (Allocation Failure) 2019-01-02T11:12:35.776+0530: 823.679: [DefNew
Desired survivor size 32768 bytes, new threshold 15 (max 15)
- age   1:        248 bytes,        248 total
: 845K->0K(960K), 0.0016232 secs] 2091K->1807K(10176K), 0.0021529 secs] [Times: user=0.00 sys=0.00, real=0.00 secs] 
2019-01-02T11:12:35.780+0530: 823.683: [GC (Allocation Failure) 2019-01-02T11:12:35.780+0530: 823.683: [DefNew
Desired survivor size 32768 bytes, new threshold 15 (max 15)
- age   1:         40 bytes,         40 total
- age   2:        184 bytes,        224 total
: 896K->0K(960K), 0.0007771 secs] 2703K->2095K(10176K), 0.0009162 secs] [Times: user=0.00 sys=0.00, real=0.00 secs] 
2019-01-02T11:12:35.782+0530: 823.685: [GC (Allocation Failure) 2019-01-02T11:12:35.782+0530: 823.685: [DefNew
Desired survivor size 32768 bytes, new threshold 15 (max 15)
- age   1:         40 bytes,         40 total
- age   3:        184 bytes,        224 total
: 896K->0K(960K), 0.0009442 secs] 2991K->2671K(10176K), 0.0011369 secs] [Times: user=0.00 sys=0.00, real=0.00 secs] 
2019-01-02T11:12:35.785+0530: 823.687: [GC (Allocation Failure) 2019-01-02T11:12:35.785+0530: 823.688: [DefNew
Desired survivor size 32768 bytes, new threshold 15 (max 15)
- age   1:         24 bytes,         24 total
- age   4:        184 bytes,        208 total
: 445K->0K(960K), 0.0006317 secs] 3117K->2671K(10176K), 0.0008302 secs] [Times: user=0.02 sys=0.00, real=0.00 secs] 
2019-01-02T11:12:35.786+0530: 823.689: [GC (Allocation Failure) 2019-01-02T11:12:35.786+0530: 823.689: [DefNew
Desired survivor size 32768 bytes, new threshold 15 (max 15)
- age   2:         24 bytes,         24 total
- age   5:        184 bytes,        208 total
: 489K->0K(960K), 0.0003529 secs] 3160K->3160K(10176K), 0.0005491 secs] [Times: user=0.00 sys=0.00, real=0.00 secs] 
2019-01-02T11:12:35.787+0530: 823.690: [GC (Allocation Failure) 2019-01-02T11:12:35.787+0530: 823.690: [DefNew
Desired survivor size 32768 bytes, new threshold 15 (max 15)
- age   1:         24 bytes,         24 total
- age   6:         72 bytes,         96 total
: 507K->0K(960K), 0.0003056 secs] 3667K->3650K(10176K), 0.0003746 secs] [Times: user=0.00 sys=0.00, real=0.00 secs] 
2019-01-02T11:12:35.842+0530: 823.745: [GC (Allocation Failure) 2019-01-02T11:12:35.842+0530: 823.745: [DefNew
Desired survivor size 32768 bytes, new threshold 15 (max 15)
- age   1:        248 bytes,        248 total
- age   7:         16 bytes,        264 total
: 844K->0K(960K), 0.0009140 secs] 4494K->3722K(10176K), 0.0013575 secs] [Times: user=0.00 sys=0.00, real=0.00 secs] 
2019-01-02T11:12:35.845+0530: 823.748: [GC (Allocation Failure) 2019-01-02T11:12:35.845+0530: 823.748: [DefNew
Desired survivor size 32768 bytes, new threshold 15 (max 15)
- age   2:        184 bytes,        184 total
- age   8:         16 bytes,        200 total
: 896K->0K(960K), 0.0008604 secs] 4618K->4010K(10176K), 0.0011050 secs] [Times: user=0.00 sys=0.00, real=0.00 secs] 
2019-01-02T11:12:35.847+0530: 823.750: [GC (Allocation Failure) 2019-01-02T11:12:35.848+0530: 823.751: [DefNew
Desired survivor size 32768 bytes, new threshold 15 (max 15)
- age   1:         40 bytes,         40 total
- age   3:        184 bytes,        224 total
- age   9:         16 bytes,        240 total
: 896K->0K(960K), 0.0007520 secs] 4906K->4586K(10176K), 0.0009145 secs] [Times: user=0.00 sys=0.00, real=0.00 secs] 
2019-01-02T11:12:35.850+0530: 823.753: [GC (Allocation Failure) 2019-01-02T11:12:35.850+0530: 823.753: [DefNew
Desired survivor size 32768 bytes, new threshold 15 (max 15)
- age   1:         24 bytes,         24 total
- age   4:        184 bytes,        208 total
- age  10:         16 bytes,        224 total
: 446K->0K(960K), 0.0006397 secs] 5032K->4586K(10176K), 0.0007999 secs] [Times: user=0.00 sys=0.00, real=0.00 secs] 
2019-01-02T11:12:35.851+0530: 823.754: [GC (Allocation Failure) 2019-01-02T11:12:35.851+0530: 823.754: [DefNew
Desired survivor size 32768 bytes, new threshold 15 (max 15)
- age   2:         24 bytes,         24 total
- age   5:        184 bytes,        208 total
- age  11:         16 bytes,        224 total
: 489K->0K(960K), 0.0003392 secs] 5075K->5075K(10176K), 0.0004145 secs] [Times: user=0.00 sys=0.00, real=0.00 secs] 
2019-01-02T11:12:35.852+0530: 823.755: [GC (Allocation Failure) 2019-01-02T11:12:35.852+0530: 823.755: [DefNew
Desired survivor size 32768 bytes, new threshold 15 (max 15)
- age   1:         24 bytes,         24 total
- age   6:         72 bytes,         96 total
- age  12:         16 bytes,        112 total
: 507K->0K(960K), 0.0003290 secs] 5582K->5564K(10176K), 0.0004014 secs] [Times: user=0.00 sys=0.00, real=0.00 secs] 
2019-01-02T11:12:35.906+0530: 823.809: [GC (Allocation Failure) 2019-01-02T11:12:35.906+0530: 823.809: [DefNew
Desired survivor size 32768 bytes, new threshold 15 (max 15)
- age   1:        248 bytes,        248 total
- age   7:         16 bytes,        264 total
- age  13:         16 bytes,        280 total
: 845K->0K(960K), 0.0007041 secs] 6409K->5636K(10176K), 0.0010098 secs] [Times: user=0.00 sys=0.00, real=0.00 secs] 
2019-01-02T11:12:35.909+0530: 823.812: [GC (Allocation Failure) 2019-01-02T11:12:35.909+0530: 823.812: [DefNew
Desired survivor size 32768 bytes, new threshold 15 (max 15)
- age   1:         40 bytes,         40 total
- age   2:        184 bytes,        224 total
- age   8:         16 bytes,        240 total
- age  14:         16 bytes,        256 total
: 896K->0K(960K), 0.0007623 secs] 6532K->5924K(10176K), 0.0010639 secs] [Times: user=0.02 sys=0.00, real=0.00 secs] 
2019-01-02T11:12:35.912+0530: 823.815: [GC (Allocation Failure) 2019-01-02T11:12:35.912+0530: 823.815: [DefNew
Desired survivor size 32768 bytes, new threshold 15 (max 15)
- age   1:         40 bytes,         40 total
- age   3:        184 bytes,        224 total
- age   9:         16 bytes,        240 total
- age  15:         16 bytes,        256 total
: 896K->0K(960K), 0.0012270 secs] 6820K->6500K(10176K), 0.0014243 secs] [Times: user=0.00 sys=0.00, real=0.00 secs] 
2019-01-02T11:12:35.914+0530: 823.817: [GC (Allocation Failure) 2019-01-02T11:12:35.915+0530: 823.817: [DefNew
Desired survivor size 32768 bytes, new threshold 15 (max 15)
- age   1:         24 bytes,         24 total
- age   4:        184 bytes,        208 total
- age  10:         16 bytes,        224 total
: 445K->0K(960K), 0.0005348 secs] 6946K->6500K(10176K), 0.0006260 secs] [Times: user=0.00 sys=0.00, real=0.00 secs] 
2019-01-02T11:12:35.916+0530: 823.819: [GC (Allocation Failure) 2019-01-02T11:12:35.916+0530: 823.819: [DefNew
Desired survivor size 32768 bytes, new threshold 15 (max 15)
- age   2:         24 bytes,         24 total
- age   5:        184 bytes,        208 total
- age  11:         16 bytes,        224 total
: 489K->0K(960K), 0.0007982 secs] 6990K->6990K(10176K), 0.0008940 secs] [Times: user=0.00 sys=0.00, real=0.00 secs] 
2019-01-02T11:12:35.917+0530: 823.820: [GC (Allocation Failure) 2019-01-02T11:12:35.917+0530: 823.820: [DefNew
Desired survivor size 32768 bytes, new threshold 15 (max 15)
- age   1:         24 bytes,         24 total
- age   6:         72 bytes,         96 total
- age  12:         16 bytes,        112 total
: 507K->0K(960K), 0.0003193 secs] 7497K->7479K(10176K), 0.0003934 secs] [Times: user=0.00 sys=0.00, real=0.00 secs] 
2019-01-02T11:12:35.968+0530: 823.871: [GC (Allocation Failure) 2019-01-02T11:12:35.968+0530: 823.871: [DefNew
Desired survivor size 32768 bytes, new threshold 15 (max 15)
- age   1:        248 bytes,        248 total
- age   7:         16 bytes,        264 total
- age  13:         16 bytes,        280 total
: 844K->0K(960K), 0.0011506 secs] 8324K->7551K(10176K), 0.0015326 secs] [Times: user=0.00 sys=0.00, real=0.00 secs] 
2019-01-02T11:12:35.972+0530: 823.875: [GC (Allocation Failure) 2019-01-02T11:12:35.972+0530: 823.875: [DefNew
Desired survivor size 32768 bytes, new threshold 15 (max 15)
- age   2:        184 bytes,        184 total
- age   8:         16 bytes,        200 total
- age  14:         16 bytes,        216 total
: 896K->0K(960K), 0.0011785 secs] 8447K->7839K(10176K), 0.0013610 secs] [Times: user=0.02 sys=0.00, real=0.00 secs] 
2019-01-02T11:12:35.975+0530: 823.878: [GC (Allocation Failure) 2019-01-02T11:12:35.975+0530: 823.878: [DefNew
Desired survivor size 32768 bytes, new threshold 15 (max 15)
- age   1:         40 bytes,         40 total
- age   3:        184 bytes,        224 total
- age   9:         16 bytes,        240 total
- age  15:         16 bytes,        256 total
: 896K->0K(960K), 0.0010269 secs] 8735K->8415K(10176K), 0.0012441 secs] [Times: user=0.00 sys=0.00, real=0.00 secs] 
2019-01-02T11:12:35.977+0530: 823.880: [GC (Allocation Failure) 2019-01-02T11:12:35.978+0530: 823.881: [DefNew
Desired survivor size 32768 bytes, new threshold 15 (max 15)
- age   1:         24 bytes,         24 total
- age   4:        184 bytes,        208 total
- age  10:         16 bytes,        224 total
: 446K->0K(960K), 0.0006574 secs] 8861K->8415K(10176K), 0.0010708 secs] [Times: user=0.00 sys=0.00, real=0.00 secs] 
2019-01-02T11:12:35.979+0530: 823.882: [GC (Allocation Failure) 2019-01-02T11:12:35.979+0530: 823.882: [DefNew
Desired survivor size 32768 bytes, new threshold 15 (max 15)
- age   2:         24 bytes,         24 total
- age   5:        184 bytes,        208 total
- age  11:         16 bytes,        224 total
: 489K->0K(960K), 0.0004727 secs] 8904K->8904K(10176K), 0.0005610 secs] [Times: user=0.00 sys=0.00, real=0.00 secs] 
2019-01-02T11:12:35.980+0530: 823.883: [GC (Allocation Failure) 2019-01-02T11:12:35.980+0530: 823.883: [DefNew: 507K->507K(960K), 0.0000462 secs]2019-01-02T11:12:35.980+0530: 823.883: [Tenured: 8904K->1246K(9216K), 0.0045476 secs] 9412K->1246K(10176K), [Metaspace: 2520K->2520K(1056768K)], 0.0047295 secs] [Times: user=0.00 sys=0.00, real=0.00 secs] 
2019-01-02T11:12:36.043+0530: 823.946: [GC (Allocation Failure) 2019-01-02T11:12:36.044+0530: 823.947: [DefNew
Desired survivor size 32768 bytes, new threshold 15 (max 15)
- age   1:        248 bytes,        248 total
: 845K->0K(960K), 0.0012008 secs] 2091K->1807K(10176K), 0.0016877 secs] [Times: user=0.00 sys=0.00, real=0.00 secs] 
2019-01-02T11:12:36.047+0530: 823.950: [GC (Allocation Failure) 2019-01-02T11:12:36.047+0530: 823.950: [DefNew
Desired survivor size 32768 bytes, new threshold 15 (max 15)
- age   1:         40 bytes,         40 total
- age   2:        184 bytes,        224 total
: 896K->0K(960K), 0.0006135 secs] 2703K->2095K(10176K), 0.0008393 secs] [Times: user=0.00 sys=0.00, real=0.00 secs] 
2019-01-02T11:12:36.049+0530: 823.952: [GC (Allocation Failure) 2019-01-02T11:12:36.049+0530: 823.952: [DefNew
Desired survivor size 32768 bytes, new threshold 15 (max 15)
- age   1:         40 bytes,         40 total
- age   3:        184 bytes,        224 total
: 896K->0K(960K), 0.0006112 secs] 2991K->2671K(10176K), 0.0007372 secs] [Times: user=0.00 sys=0.00, real=0.00 secs] 
2019-01-02T11:12:36.051+0530: 823.954: [GC (Allocation Failure) 2019-01-02T11:12:36.051+0530: 823.954: [DefNew
Desired survivor size 32768 bytes, new threshold 15 (max 15)
- age   1:         24 bytes,         24 total
- age   4:        184 bytes,        208 total
: 445K->0K(960K), 0.0006414 secs] 3117K->2671K(10176K), 0.0008073 secs] [Times: user=0.00 sys=0.00, real=0.00 secs] 
2019-01-02T11:12:36.052+0530: 823.955: [GC (Allocation Failure) 2019-01-02T11:12:36.053+0530: 823.956: [DefNew
Desired survivor size 32768 bytes, new threshold 15 (max 15)
- age   2:         24 bytes,         24 total
- age   5:        184 bytes,        208 total
: 489K->0K(960K), 0.0008974 secs] 3161K->3161K(10176K), 0.0010365 secs] [Times: user=0.00 sys=0.00, real=0.00 secs] 
2019-01-02T11:12:36.054+0530: 823.957: [GC (Allocation Failure) 2019-01-02T11:12:36.054+0530: 823.957: [DefNew
Desired survivor size 32768 bytes, new threshold 15 (max 15)
- age   1:         24 bytes,         24 total
- age   6:         72 bytes,         96 total
: 507K->0K(960K), 0.0003142 secs] 3668K->3650K(10176K), 0.0003894 secs] [Times: user=0.00 sys=0.00, real=0.00 secs] 
2019-01-02T11:12:36.110+0530: 824.013: [GC (Allocation Failure) 2019-01-02T11:12:36.110+0530: 824.013: [DefNew
Desired survivor size 32768 bytes, new threshold 15 (max 15)
- age   1:        248 bytes,        248 total
- age   7:         16 bytes,        264 total
: 844K->0K(960K), 0.0011363 secs] 4495K->3722K(10176K), 0.0017339 secs] [Times: user=0.00 sys=0.00, real=0.00 secs] 
2019-01-02T11:12:36.114+0530: 824.017: [GC (Allocation Failure) 2019-01-02T11:12:36.114+0530: 824.017: [DefNew
Desired survivor size 32768 bytes, new threshold 15 (max 15)
- age   2:        184 bytes,        184 total
- age   8:         16 bytes,        200 total
: 896K->0K(960K), 0.0010041 secs] 4618K->4010K(10176K), 0.0011637 secs] [Times: user=0.00 sys=0.00, real=0.00 secs] 
2019-01-02T11:12:36.116+0530: 824.019: [GC (Allocation Failure) 2019-01-02T11:12:36.117+0530: 824.019: [DefNew
Desired survivor size 32768 bytes, new threshold 15 (max 15)
- age   1:         40 bytes,         40 total
- age   3:        184 bytes,        224 total
- age   9:         16 bytes,        240 total
: 896K->0K(960K), 0.0009482 secs] 4906K->4586K(10176K), 0.0010594 secs] [Times: user=0.00 sys=0.00, real=0.00 secs] 
2019-01-02T11:12:36.119+0530: 824.022: [GC (Allocation Failure) 2019-01-02T11:12:36.119+0530: 824.022: [DefNew
Desired survivor size 32768 bytes, new threshold 15 (max 15)
- age   1:         24 bytes,         24 total
- age   4:        184 bytes,        208 total
- age  10:         16 bytes,        224 total
: 446K->0K(960K), 0.0003221 secs] 5033K->4586K(10176K), 0.0004270 secs] [Times: user=0.00 sys=0.00, real=0.00 secs] 
2019-01-02T11:12:36.119+0530: 824.022: [GC (Allocation Failure) 2019-01-02T11:12:36.119+0530: 824.022: [DefNew
Desired survivor size 32768 bytes, new threshold 15 (max 15)
- age   2:         24 bytes,         24 total
- age   5:        184 bytes,        208 total
- age  11:         16 bytes,        224 total
: 489K->0K(960K), 0.0003353 secs] 5075K->5075K(10176K), 0.0004099 secs] [Times: user=0.00 sys=0.00, real=0.00 secs] 
2019-01-02T11:12:36.120+0530: 824.023: [GC (Allocation Failure) 2019-01-02T11:12:36.120+0530: 824.023: [DefNew
Desired survivor size 32768 bytes, new threshold 15 (max 15)
- age   1:         24 bytes,         24 total
- age   6:         72 bytes,         96 total
- age  12:         16 bytes,        112 total
: 507K->0K(960K), 0.0003216 secs] 5583K->5565K(10176K), 0.0003946 secs] [Times: user=0.00 sys=0.00, real=0.00 secs] 
2019-01-02T11:12:36.175+0530: 824.078: [GC (Allocation Failure) 2019-01-02T11:12:36.175+0530: 824.078: [DefNew
Desired survivor size 32768 bytes, new threshold 15 (max 15)
- age   1:        248 bytes,        248 total
- age   7:         16 bytes,        264 total
- age  13:         16 bytes,        280 total
: 845K->0K(960K), 0.0006414 secs] 6410K->5637K(10176K), 0.0009202 secs] [Times: user=0.00 sys=0.00, real=0.00 secs] 
2019-01-02T11:12:36.177+0530: 824.080: [GC (Allocation Failure) 2019-01-02T11:12:36.178+0530: 824.081: [DefNew
Desired survivor size 32768 bytes, new threshold 15 (max 15)
- age   1:         40 bytes,         40 total
- age   2:        184 bytes,        224 total
- age   8:         16 bytes,        240 total
- age  14:         16 bytes,        256 total
: 896K->0K(960K), 0.0012338 secs] 6533K->5925K(10176K), 0.0014904 secs] [Times: user=0.00 sys=0.00, real=0.00 secs] 
2019-01-02T11:12:36.181+0530: 824.084: [GC (Allocation Failure) 2019-01-02T11:12:36.181+0530: 824.084: [DefNew
Desired survivor size 32768 bytes, new threshold 15 (max 15)
- age   1:         40 bytes,         40 total
- age   3:        184 bytes,        224 total
- age   9:         16 bytes,        240 total
- age  15:         16 bytes,        256 total
: 896K->0K(960K), 0.0010400 secs] 6821K->6501K(10176K), 0.0012920 secs] [Times: user=0.00 sys=0.00, real=0.00 secs] 
2019-01-02T11:12:36.184+0530: 824.087: [GC (Allocation Failure) 2019-01-02T11:12:36.184+0530: 824.087: [DefNew
Desired survivor size 32768 bytes, new threshold 15 (max 15)
- age   1:         24 bytes,         24 total
- age   4:        184 bytes,        208 total
- age  10:         16 bytes,        224 total
: 445K->0K(960K), 0.0005747 secs] 6946K->6501K(10176K), 0.0007019 secs] [Times: user=0.00 sys=0.00, real=0.00 secs] 
2019-01-02T11:12:36.185+0530: 824.088: [GC (Allocation Failure) 2019-01-02T11:12:36.185+0530: 824.088: [DefNew
Desired survivor size 32768 bytes, new threshold 15 (max 15)
- age   2:         24 bytes,         24 total
- age   5:        184 bytes,        208 total
- age  11:         16 bytes,        224 total
: 489K->0K(960K), 0.0003449 secs] 6990K->6990K(10176K), 0.0004168 secs] [Times: user=0.00 sys=0.00, real=0.00 secs] 
2019-01-02T11:12:36.186+0530: 824.089: [GC (Allocation Failure) 2019-01-02T11:12:36.186+0530: 824.089: [DefNew
Desired survivor size 32768 bytes, new threshold 15 (max 15)
- age   1:         24 bytes,         24 total
- age   6:         72 bytes,         96 total
- age  12:         16 bytes,        112 total
: 507K->0K(960K), 0.0003313 secs] 7498K->7480K(10176K), 0.0004048 secs] [Times: user=0.00 sys=0.00, real=0.00 secs] 
2019-01-02T11:12:36.242+0530: 824.145: [GC (Allocation Failure) 2019-01-02T11:12:36.242+0530: 824.145: [DefNew
Desired survivor size 32768 bytes, new threshold 15 (max 15)
- age   1:        248 bytes,        248 total
- age   7:         16 bytes,        264 total
- age  13:         16 bytes,        280 total
: 844K->0K(960K), 0.0006226 secs] 8324K->7552K(10176K), 0.0009368 secs] [Times: user=0.00 sys=0.00, real=0.00 secs] 
2019-01-02T11:12:36.245+0530: 824.148: [GC (Allocation Failure) 2019-01-02T11:12:36.245+0530: 824.148: [DefNew
Desired survivor size 32768 bytes, new threshold 15 (max 15)
- age   2:        184 bytes,        184 total
- age   8:         16 bytes,        200 total
- age  14:         16 bytes,        216 total
: 896K->0K(960K), 0.0007047 secs] 8448K->7840K(10176K), 0.0011700 secs] [Times: user=0.00 sys=0.00, real=0.00 secs] 
2019-01-02T11:12:36.248+0530: 824.151: [GC (Allocation Failure) 2019-01-02T11:12:36.249+0530: 824.152: [DefNew
Desired survivor size 32768 bytes, new threshold 15 (max 15)
- age   1:         40 bytes,         40 total
- age   3:        184 bytes,        224 total
- age   9:         16 bytes,        240 total
- age  15:         16 bytes,        256 total
: 896K->0K(960K), 0.0011409 secs] 8736K->8416K(10176K), 0.0013809 secs] [Times: user=0.00 sys=0.00, real=0.00 secs] 
2019-01-02T11:12:36.251+0530: 824.154: [GC (Allocation Failure) 2019-01-02T11:12:36.251+0530: 824.154: [DefNew
Desired survivor size 32768 bytes, new threshold 15 (max 15)
- age   1:         24 bytes,         24 total
- age   4:        184 bytes,        208 total
- age  10:         16 bytes,        224 total
: 446K->0K(960K), 0.0004339 secs] 8862K->8416K(10176K), 0.0005724 secs] [Times: user=0.00 sys=0.00, real=0.00 secs] 
2019-01-02T11:12:36.253+0530: 824.156: [GC (Allocation Failure) 2019-01-02T11:12:36.253+0530: 824.156: [DefNew
Desired survivor size 32768 bytes, new threshold 15 (max 15)
- age   2:         24 bytes,         24 total
- age   5:        184 bytes,        208 total
- age  11:         16 bytes,        224 total
: 489K->0K(960K), 0.0003404 secs] 8905K->8905K(10176K), 0.0004179 secs] [Times: user=0.00 sys=0.00, real=0.00 secs] 
2019-01-02T11:12:36.253+0530: 824.156: [GC (Allocation Failure) 2019-01-02T11:12:36.253+0530: 824.156: [DefNew: 507K->507K(960K), 0.0000291 secs]2019-01-02T11:12:36.253+0530: 824.156: [Tenured: 8905K->1246K(9216K), 0.0037157 secs] 9412K->1246K(10176K), [Metaspace: 2520K->2520K(1056768K)], 0.0038628 secs] [Times: user=0.00 sys=0.00, real=0.00 secs] 
2019-01-02T11:12:36.311+0530: 824.214: [GC (Allocation Failure) 2019-01-02T11:12:36.311+0530: 824.214: [DefNew
Desired survivor size 32768 bytes, new threshold 15 (max 15)
- age   1:        248 bytes,        248 total
: 845K->0K(960K), 0.0012732 secs] 2091K->1808K(10176K), 0.0017293 secs] [Times: user=0.00 sys=0.00, real=0.00 secs] 
2019-01-02T11:12:36.315+0530: 824.218: [GC (Allocation Failure) 2019-01-02T11:12:36.315+0530: 824.218: [DefNew
Desired survivor size 32768 bytes, new threshold 15 (max 15)
- age   1:         40 bytes,         40 total
- age   2:        184 bytes,        224 total
: 896K->0K(960K), 0.0005890 secs] 2704K->2096K(10176K), 0.0008490 secs] [Times: user=0.00 sys=0.01, real=0.00 secs] 
2019-01-02T11:12:36.317+0530: 824.220: [GC (Allocation Failure) 2019-01-02T11:12:36.317+0530: 824.220: [DefNew
Desired survivor size 32768 bytes, new threshold 15 (max 15)
- age   1:         40 bytes,         40 total
- age   3:        184 bytes,        224 total
: 896K->0K(960K), 0.0010805 secs] 2992K->2672K(10176K), 0.0011905 secs] [Times: user=0.00 sys=0.00, real=0.00 secs] 
2019-01-02T11:12:36.320+0530: 824.223: [GC (Allocation Failure) 2019-01-02T11:12:36.320+0530: 824.223: [DefNew
Desired survivor size 32768 bytes, new threshold 15 (max 15)
- age   1:         24 bytes,         24 total
- age   4:        184 bytes,        208 total
: 445K->0K(960K), 0.0010440 secs] 3117K->2672K(10176K), 0.0012390 secs] [Times: user=0.00 sys=0.00, real=0.00 secs] 
2019-01-02T11:12:36.322+0530: 824.225: [GC (Allocation Failure) 2019-01-02T11:12:36.322+0530: 824.225: [DefNew
Desired survivor size 32768 bytes, new threshold 15 (max 15)
- age   2:         24 bytes,         24 total
- age   5:        184 bytes,        208 total
: 489K->0K(960K), 0.0003535 secs] 3161K->3161K(10176K), 0.0004316 secs] [Times: user=0.00 sys=0.00, real=0.00 secs] 
2019-01-02T11:12:36.323+0530: 824.226: [GC (Allocation Failure) 2019-01-02T11:12:36.323+0530: 824.226: [DefNew
Desired survivor size 32768 bytes, new threshold 15 (max 15)
- age   1:         24 bytes,         24 total
- age   6:         72 bytes,         96 total
: 507K->0K(960K), 0.0003358 secs] 3668K->3650K(10176K), 0.0004082 secs] [Times: user=0.00 sys=0.00, real=0.00 secs] 
2019-01-02T11:12:36.379+0530: 824.282: [GC (Allocation Failure) 2019-01-02T11:12:36.379+0530: 824.282: [DefNew
Desired survivor size 32768 bytes, new threshold 15 (max 15)
- age   1:        248 bytes,        248 total
- age   7:         16 bytes,        264 total
: 844K->0K(960K), 0.0012213 secs] 4495K->3723K(10176K), 0.0015155 secs] [Times: user=0.00 sys=0.00, real=0.00 secs] 
2019-01-02T11:12:36.382+0530: 824.285: [GC (Allocation Failure) 2019-01-02T11:12:36.382+0530: 824.285: [DefNew
Desired survivor size 32768 bytes, new threshold 15 (max 15)
- age   2:        184 bytes,        184 total
- age   8:         16 bytes,        200 total
: 896K->0K(960K), 0.0012914 secs] 4619K->4011K(10176K), 0.0014853 secs] [Times: user=0.00 sys=0.00, real=0.00 secs] 
2019-01-02T11:12:36.385+0530: 824.288: [GC (Allocation Failure) 2019-01-02T11:12:36.385+0530: 824.288: [DefNew
Desired survivor size 32768 bytes, new threshold 15 (max 15)
- age   1:         40 bytes,         40 total
- age   3:        184 bytes,        224 total
- age   9:         16 bytes,        240 total
: 896K->0K(960K), 0.0008906 secs] 4907K->4587K(10176K), 0.0010474 secs] [Times: user=0.00 sys=0.00, real=0.00 secs] 
2019-01-02T11:12:36.387+0530: 824.290: [GC (Allocation Failure) 2019-01-02T11:12:36.388+0530: 824.291: [DefNew
Desired survivor size 32768 bytes, new threshold 15 (max 15)
- age   1:         24 bytes,         24 total
- age   4:        184 bytes,        208 total
- age  10:         16 bytes,        224 total
: 446K->0K(960K), 0.0007475 secs] 5033K->4587K(10176K), 0.0009459 secs] [Times: user=0.00 sys=0.00, real=0.00 secs] 
2019-01-02T11:12:36.389+0530: 824.292: [GC (Allocation Failure) 2019-01-02T11:12:36.389+0530: 824.292: [DefNew
Desired survivor size 32768 bytes, new threshold 15 (max 15)
- age   2:         24 bytes,         24 total
- age   5:        184 bytes,        208 total
- age  11:         16 bytes,        224 total
: 489K->0K(960K), 0.0003472 secs] 5076K->5076K(10176K), 0.0004236 secs] [Times: user=0.00 sys=0.00, real=0.00 secs] 
2019-01-02T11:12:36.390+0530: 824.293: [GC (Allocation Failure) 2019-01-02T11:12:36.390+0530: 824.293: [DefNew
Desired survivor size 32768 bytes, new threshold 15 (max 15)
- age   1:         24 bytes,         24 total
- age   6:         72 bytes,         96 total
- age  12:         16 bytes,        112 total
: 507K->0K(960K), 0.0004806 secs] 5583K->5565K(10176K), 0.0005559 secs] [Times: user=0.00 sys=0.00, real=0.00 secs] 
2019-01-02T11:12:36.447+0530: 824.350: [GC (Allocation Failure) 2019-01-02T11:12:36.447+0530: 824.350: [DefNew
Desired survivor size 32768 bytes, new threshold 15 (max 15)
- age   1:        248 bytes,        248 total
- age   7:         16 bytes,        264 total
- age  13:         16 bytes,        280 total
: 845K->0K(960K), 0.0009482 secs] 6411K->5638K(10176K), 0.0012139 secs] [Times: user=0.00 sys=0.00, real=0.00 secs] 
2019-01-02T11:12:36.450+0530: 824.353: [GC (Allocation Failure) 2019-01-02T11:12:36.451+0530: 824.354: [DefNew
Desired survivor size 32768 bytes, new threshold 15 (max 15)
- age   1:         40 bytes,         40 total
- age   2:        184 bytes,        224 total
- age   8:         16 bytes,        240 total
- age  14:         16 bytes,        256 total
: 896K->0K(960K), 0.0006374 secs] 6534K->5926K(10176K), 0.0008769 secs] [Times: user=0.00 sys=0.00, real=0.00 secs] 
2019-01-02T11:12:36.453+0530: 824.356: [GC (Allocation Failure) 2019-01-02T11:12:36.453+0530: 824.356: [DefNew
Desired survivor size 32768 bytes, new threshold 15 (max 15)
- age   1:         40 bytes,         40 total
- age   3:        184 bytes,        224 total
- age   9:         16 bytes,        240 total
- age  15:         16 bytes,        256 total
: 896K->0K(960K), 0.0007931 secs] 6822K->6502K(10176K), 0.0010559 secs] [Times: user=0.00 sys=0.00, real=0.00 secs] 
2019-01-02T11:12:36.455+0530: 824.358: [GC (Allocation Failure) 2019-01-02T11:12:36.455+0530: 824.358: [DefNew
Desired survivor size 32768 bytes, new threshold 15 (max 15)
- age   1:         24 bytes,         24 total
- age   4:        184 bytes,        208 total
- age  10:         16 bytes,        224 total
: 445K->0K(960K), 0.0002651 secs] 6947K->6502K(10176K), 0.0003495 secs] [Times: user=0.02 sys=0.00, real=0.00 secs] 
2019-01-02T11:12:36.456+0530: 824.359: [GC (Allocation Failure) 2019-01-02T11:12:36.456+0530: 824.359: [DefNew
Desired survivor size 32768 bytes, new threshold 15 (max 15)
- age   2:         24 bytes,         24 total
- age   5:        184 bytes,        208 total
- age  11:         16 bytes,        224 total
: 489K->0K(960K), 0.0003518 secs] 6991K->6991K(10176K), 0.0004464 secs] [Times: user=0.00 sys=0.00, real=0.00 secs] 
2019-01-02T11:12:36.457+0530: 824.360: [GC (Allocation Failure) 2019-01-02T11:12:36.457+0530: 824.360: [DefNew
Desired survivor size 32768 bytes, new threshold 15 (max 15)
- age   1:         24 bytes,         24 total
- age   6:         72 bytes,         96 total
- age  12:         16 bytes,        112 total
: 507K->0K(960K), 0.0003244 secs] 7498K->7480K(10176K), 0.0004025 secs] [Times: user=0.00 sys=0.00, real=0.00 secs] 
2019-01-02T11:12:36.514+0530: 824.417: [GC (Allocation Failure) 2019-01-02T11:12:36.514+0530: 824.417: [DefNew
Desired survivor size 32768 bytes, new threshold 15 (max 15)
- age   1:        248 bytes,        248 total
- age   7:         16 bytes,        264 total
- age  13:         16 bytes,        280 total
: 845K->0K(960K), 0.0006933 secs] 8325K->7553K(10176K), 0.0012019 secs] [Times: user=0.00 sys=0.00, real=0.00 secs] 
2019-01-02T11:12:36.517+0530: 824.420: [GC (Allocation Failure) 2019-01-02T11:12:36.517+0530: 824.420: [DefNew
Desired survivor size 32768 bytes, new threshold 15 (max 15)
- age   2:        184 bytes,        184 total
- age   8:         16 bytes,        200 total
- age  14:         16 bytes,        216 total
: 896K->0K(960K), 0.0009778 secs] 8449K->7841K(10176K), 0.0011648 secs] [Times: user=0.02 sys=0.00, real=0.00 secs] 
2019-01-02T11:12:36.520+0530: 824.423: [GC (Allocation Failure) 2019-01-02T11:12:36.520+0530: 824.423: [DefNew
Desired survivor size 32768 bytes, new threshold 15 (max 15)
- age   1:         40 bytes,         40 total
- age   3:        184 bytes,        224 total
- age   9:         16 bytes,        240 total
- age  15:         16 bytes,        256 total
: 896K->0K(960K), 0.0013621 secs] 8737K->8417K(10176K), 0.0015554 secs] [Times: user=0.00 sys=0.00, real=0.00 secs] 
2019-01-02T11:12:36.523+0530: 824.426: [GC (Allocation Failure) 2019-01-02T11:12:36.523+0530: 824.426: [DefNew
Desired survivor size 32768 bytes, new threshold 15 (max 15)
- age   1:         24 bytes,         24 total
- age   4:        184 bytes,        208 total
- age  10:         16 bytes,        224 total
: 446K->0K(960K), 0.0002737 secs] 8863K->8417K(10176K), 0.0003717 secs] [Times: user=0.00 sys=0.00, real=0.00 secs] 
2019-01-02T11:12:36.523+0530: 824.426: [GC (Allocation Failure) 2019-01-02T11:12:36.523+0530: 824.427: [DefNew
Desired survivor size 32768 bytes, new threshold 15 (max 15)
- age   2:         24 bytes,         24 total
- age   5:        184 bytes,        208 total
- age  11:         16 bytes,        224 total
: 489K->0K(960K), 0.0003837 secs] 8906K->8906K(10176K), 0.0004624 secs] [Times: user=0.00 sys=0.00, real=0.00 secs] 
2019-01-02T11:12:36.524+0530: 824.427: [GC (Allocation Failure) 2019-01-02T11:12:36.524+0530: 824.427: [DefNew: 507K->507K(960K), 0.0000279 secs]2019-01-02T11:12:36.524+0530: 824.427: [Tenured: 8906K->1246K(9216K), 0.0038223 secs] 9413K->1246K(10176K), [Metaspace: 2520K->2520K(1056768K)], 0.0039598 secs] [Times: user=0.00 sys=0.00, real=0.00 secs] 
2019-01-02T11:12:36.586+0530: 824.489: [GC (Allocation Failure) 2019-01-02T11:12:36.587+0530: 824.490: [DefNew
Desired survivor size 32768 bytes, new threshold 15 (max 15)
- age   1:        248 bytes,        248 total
: 845K->0K(960K), 0.0014756 secs] 2091K->1808K(10176K), 0.0019437 secs] [Times: user=0.00 sys=0.00, real=0.00 secs] 
2019-01-02T11:12:36.590+0530: 824.493: [GC (Allocation Failure) 2019-01-02T11:12:36.591+0530: 824.494: [DefNew
Desired survivor size 32768 bytes, new threshold 15 (max 15)
- age   1:         40 bytes,         40 total
- age   2:        184 bytes,        224 total
: 896K->0K(960K), 0.0014163 secs] 2704K->2096K(10176K), 0.0017772 secs] [Times: user=0.00 sys=0.00, real=0.00 secs] 
2019-01-02T11:12:36.594+0530: 824.497: [GC (Allocation Failure) 2019-01-02T11:12:36.594+0530: 824.497: [DefNew
Desired survivor size 32768 bytes, new threshold 15 (max 15)
- age   1:         40 bytes,         40 total
- age   3:        184 bytes,        224 total
: 896K->0K(960K), 0.0005365 secs] 2992K->2672K(10176K), 0.0006962 secs] [Times: user=0.00 sys=0.00, real=0.00 secs] 
2019-01-02T11:12:36.595+0530: 824.498: [GC (Allocation Failure) 2019-01-02T11:12:36.596+0530: 824.499: [DefNew
Desired survivor size 32768 bytes, new threshold 15 (max 15)
- age   1:         24 bytes,         24 total
- age   4:        184 bytes,        208 total
: 445K->0K(960K), 0.0002566 secs] 3117K->2672K(10176K), 0.0003358 secs] [Times: user=0.00 sys=0.00, real=0.00 secs] 
2019-01-02T11:12:36.596+0530: 824.499: [GC (Allocation Failure) 2019-01-02T11:12:36.596+0530: 824.499: [DefNew
Desired survivor size 32768 bytes, new threshold 15 (max 15)
- age   2:         24 bytes,         24 total
- age   5:        184 bytes,        208 total
: 489K->0K(960K), 0.0003392 secs] 3161K->3161K(10176K), 0.0004117 secs] [Times: user=0.00 sys=0.00, real=0.00 secs] 
2019-01-02T11:12:36.598+0530: 824.501: [GC (Allocation Failure) 2019-01-02T11:12:36.598+0530: 824.501: [DefNew
Desired survivor size 32768 bytes, new threshold 15 (max 15)
- age   1:         24 bytes,         24 total
- age   6:         72 bytes,         96 total
: 507K->0K(960K), 0.0008108 secs] 3669K->3651K(10176K), 0.0009704 secs] [Times: user=0.00 sys=0.00, real=0.00 secs] 
2019-01-02T11:12:36.654+0530: 824.557: [GC (Allocation Failure) 2019-01-02T11:12:36.654+0530: 824.558: [DefNew
Desired survivor size 32768 bytes, new threshold 15 (max 15)
- age   1:        248 bytes,        248 total
- age   7:         16 bytes,        264 total
: 845K->0K(960K), 0.0008552 secs] 4496K->3723K(10176K), 0.0011626 secs] [Times: user=0.00 sys=0.00, real=0.00 secs] 
2019-01-02T11:12:36.657+0530: 824.560: [GC (Allocation Failure) 2019-01-02T11:12:36.658+0530: 824.561: [DefNew
Desired survivor size 32768 bytes, new threshold 15 (max 15)
- age   2:        184 bytes,        184 total
- age   8:         16 bytes,        200 total
: 896K->0K(960K), 0.0010645 secs] 4619K->4011K(10176K), 0.0012367 secs] [Times: user=0.02 sys=0.00, real=0.00 secs] 
2019-01-02T11:12:36.660+0530: 824.563: [GC (Allocation Failure) 2019-01-02T11:12:36.660+0530: 824.563: [DefNew
Desired survivor size 32768 bytes, new threshold 15 (max 15)
- age   1:         40 bytes,         40 total
- age   3:        184 bytes,        224 total
- age   9:         16 bytes,        240 total
: 896K->0K(960K), 0.0004601 secs] 4907K->4587K(10176K), 0.0005508 secs] [Times: user=0.00 sys=0.00, real=0.00 secs] 
2019-01-02T11:12:36.662+0530: 824.565: [GC (Allocation Failure) 2019-01-02T11:12:36.662+0530: 824.565: [DefNew
Desired survivor size 32768 bytes, new threshold 15 (max 15)
- age   1:         24 bytes,         24 total
- age   4:        184 bytes,        208 total
- age  10:         16 bytes,        224 total
: 446K->0K(960K), 0.0002554 secs] 5033K->4587K(10176K), 0.0003181 secs] [Times: user=0.00 sys=0.00, real=0.00 secs] 
2019-01-02T11:12:36.663+0530: 824.566: [GC (Allocation Failure) 2019-01-02T11:12:36.663+0530: 824.566: [DefNew
Desired survivor size 32768 bytes, new threshold 15 (max 15)
- age   2:         24 bytes,         24 total
- age   5:        184 bytes,        208 total
- age  11:         16 bytes,        224 total
: 489K->0K(960K), 0.0003256 secs] 5076K->5076K(10176K), 0.0003894 secs] [Times: user=0.00 sys=0.00, real=0.00 secs] 
2019-01-02T11:12:36.663+0530: 824.566: [GC (Allocation Failure) 2019-01-02T11:12:36.663+0530: 824.566: [DefNew
Desired survivor size 32768 bytes, new threshold 15 (max 15)
- age   1:         24 bytes,         24 total
- age   6:         72 bytes,         96 total
- age  12:         16 bytes,        112 total
: 507K->0K(960K), 0.0003113 secs] 5584K->5566K(10176K), 0.0003666 secs] [Times: user=0.00 sys=0.00, real=0.00 secs] 
2019-01-02T11:12:36.716+0530: 824.619: [GC (Allocation Failure) 2019-01-02T11:12:36.716+0530: 824.619: [DefNew
Desired survivor size 32768 bytes, new threshold 15 (max 15)
- age   1:        248 bytes,        248 total
- age   7:         16 bytes,        264 total
- age  13:         16 bytes,        280 total
: 845K->0K(960K), 0.0010668 secs] 6411K->5638K(10176K), 0.0013644 secs] [Times: user=0.00 sys=0.00, real=0.00 secs] 
2019-01-02T11:12:36.719+0530: 824.622: [GC (Allocation Failure) 2019-01-02T11:12:36.719+0530: 824.622: [DefNew
Desired survivor size 32768 bytes, new threshold 15 (max 15)
- age   1:         40 bytes,         40 total
- age   2:        184 bytes,        224 total
- age   8:         16 bytes,        240 total
- age  14:         16 bytes,        256 total
: 896K->0K(960K), 0.0008541 secs] 6534K->5926K(10176K), 0.0009698 secs] [Times: user=0.00 sys=0.00, real=0.00 secs] 
2019-01-02T11:12:36.722+0530: 824.625: [GC (Allocation Failure) 2019-01-02T11:12:36.723+0530: 824.626: [DefNew
Desired survivor size 32768 bytes, new threshold 15 (max 15)
- age   1:         40 bytes,         40 total
- age   3:        184 bytes,        224 total
- age   9:         16 bytes,        240 total
- age  15:         16 bytes,        256 total
: 896K->0K(960K), 0.0017424 secs] 6822K->6502K(10176K), 0.0021489 secs] [Times: user=0.00 sys=0.00, real=0.00 secs] 
2019-01-02T11:12:36.726+0530: 824.629: [GC (Allocation Failure) 2019-01-02T11:12:36.726+0530: 824.629: [DefNew
Desired survivor size 32768 bytes, new threshold 15 (max 15)
- age   1:         24 bytes,         24 total
- age   4:        184 bytes,        208 total
- age  10:         16 bytes,        224 total
: 445K->0K(960K), 0.0003934 secs] 6947K->6502K(10176K), 0.0006084 secs] [Times: user=0.00 sys=0.00, real=0.00 secs] 
2019-01-02T11:12:36.727+0530: 824.630: [GC (Allocation Failure) 2019-01-02T11:12:36.727+0530: 824.630: [DefNew
Desired survivor size 32768 bytes, new threshold 15 (max 15)
- age   2:         24 bytes,         24 total
- age   5:        184 bytes,        208 total
- age  11:         16 bytes,        224 total
: 489K->0K(960K), 0.0004824 secs] 6992K->6992K(10176K), 0.0005667 secs] [Times: user=0.00 sys=0.00, real=0.00 secs] 
2019-01-02T11:12:36.728+0530: 824.631: [GC (Allocation Failure) 2019-01-02T11:12:36.728+0530: 824.631: [DefNew
Desired survivor size 32768 bytes, new threshold 15 (max 15)
- age   1:         24 bytes,         24 total
- age   6:         72 bytes,         96 total
- age  12:         16 bytes,        112 total
: 507K->0K(960K), 0.0003478 secs] 7499K->7481K(10176K), 0.0004139 secs] [Times: user=0.00 sys=0.00, real=0.00 secs] 
2019-01-02T11:12:36.782+0530: 824.685: [GC (Allocation Failure) 2019-01-02T11:12:36.783+0530: 824.686: [DefNew
Desired survivor size 32768 bytes, new threshold 15 (max 15)
- age   1:        248 bytes,        248 total
- age   7:         16 bytes,        264 total
- age  13:         16 bytes,        280 total
: 845K->0K(960K), 0.0010360 secs] 8326K->7553K(10176K), 0.0013461 secs] [Times: user=0.02 sys=0.00, real=0.00 secs] 
2019-01-02T11:12:36.786+0530: 824.689: [GC (Allocation Failure) 2019-01-02T11:12:36.786+0530: 824.689: [DefNew
Desired survivor size 32768 bytes, new threshold 15 (max 15)
- age   2:        184 bytes,        184 total
- age   8:         16 bytes,        200 total
- age  14:         16 bytes,        216 total
: 896K->0K(960K), 0.0006739 secs] 8449K->7841K(10176K), 0.0007897 secs] [Times: user=0.00 sys=0.00, real=0.00 secs] 
2019-01-02T11:12:36.788+0530: 824.691: [GC (Allocation Failure) 2019-01-02T11:12:36.788+0530: 824.691: [DefNew
Desired survivor size 32768 bytes, new threshold 15 (max 15)
- age   1:         40 bytes,         40 total
- age   3:        184 bytes,        224 total
- age   9:         16 bytes,        240 total
- age  15:         16 bytes,        256 total
: 896K->0K(960K), 0.0010343 secs] 8737K->8417K(10176K), 0.0012276 secs] [Times: user=0.00 sys=0.00, real=0.00 secs] 
2019-01-02T11:12:36.790+0530: 824.693: [GC (Allocation Failure) 2019-01-02T11:12:36.790+0530: 824.693: [DefNew
Desired survivor size 32768 bytes, new threshold 15 (max 15)
- age   1:         24 bytes,         24 total
- age   4:        184 bytes,        208 total
- age  10:         16 bytes,        224 total
: 446K->0K(960K), 0.0002566 secs] 8864K->8417K(10176K), 0.0003170 secs] [Times: user=0.00 sys=0.00, real=0.00 secs] 
2019-01-02T11:12:36.791+0530: 824.694: [GC (Allocation Failure) 2019-01-02T11:12:36.791+0530: 824.694: [DefNew
Desired survivor size 32768 bytes, new threshold 15 (max 15)
- age   2:         24 bytes,         24 total
- age   5:        184 bytes,        208 total
- age  11:         16 bytes,        224 total
: 489K->0K(960K), 0.0003415 secs] 8907K->8907K(10176K), 0.0004077 secs] [Times: user=0.00 sys=0.00, real=0.00 secs] 
2019-01-02T11:12:36.792+0530: 824.695: [GC (Allocation Failure) 2019-01-02T11:12:36.792+0530: 824.695: [DefNew: 507K->507K(960K), 0.0000239 secs]2019-01-02T11:12:36.792+0530: 824.695: [Tenured: 8907K->1246K(9216K), 0.0036291 secs] 9414K->1246K(10176K), [Metaspace: 2520K->2520K(1056768K)], 0.0037585 secs] [Times: user=0.00 sys=0.00, real=0.00 secs] 
2019-01-02T11:12:36.850+0530: 824.753: [GC (Allocation Failure) 2019-01-02T11:12:36.850+0530: 824.753: [DefNew
Desired survivor size 32768 bytes, new threshold 15 (max 15)
- age   1:        248 bytes,        248 total
: 845K->0K(960K), 0.0016284 secs] 2092K->1808K(10176K), 0.0018696 secs] [Times: user=0.00 sys=0.00, real=0.00 secs] 
2019-01-02T11:12:36.853+0530: 824.756: [GC (Allocation Failure) 2019-01-02T11:12:36.853+0530: 824.756: [DefNew
Desired survivor size 32768 bytes, new threshold 15 (max 15)
- age   1:         40 bytes,         40 total
- age   2:        184 bytes,        224 total
: 896K->0K(960K), 0.0005838 secs] 2704K->2096K(10176K), 0.0006996 secs] [Times: user=0.00 sys=0.00, real=0.00 secs] 
2019-01-02T11:12:36.855+0530: 824.758: [GC (Allocation Failure) 2019-01-02T11:12:36.855+0530: 824.758: [DefNew
Desired survivor size 32768 bytes, new threshold 15 (max 15)
- age   1:         40 bytes,         40 total
- age   3:        184 bytes,        224 total
: 896K->0K(960K), 0.0009408 secs] 2992K->2672K(10176K), 0.0010246 secs] [Times: user=0.00 sys=0.00, real=0.00 secs] 
2019-01-02T11:12:36.858+0530: 824.761: [GC (Allocation Failure) 2019-01-02T11:12:36.858+0530: 824.761: [DefNew
Desired survivor size 32768 bytes, new threshold 15 (max 15)
- age   1:         24 bytes,         24 total
- age   4:        184 bytes,        208 total
: 445K->0K(960K), 0.0003712 secs] 3117K->2672K(10176K), 0.0005149 secs] [Times: user=0.00 sys=0.00, real=0.00 secs] 
2019-01-02T11:12:36.859+0530: 824.762: [GC (Allocation Failure) 2019-01-02T11:12:36.859+0530: 824.762: [DefNew
Desired survivor size 32768 bytes, new threshold 15 (max 15)
- age   2:         24 bytes,         24 total
- age   5:        184 bytes,        208 total
: 489K->0K(960K), 0.0003381 secs] 3162K->3162K(10176K), 0.0004162 secs] [Times: user=0.00 sys=0.00, real=0.00 secs] 
2019-01-02T11:12:36.859+0530: 824.762: [GC (Allocation Failure) 2019-01-02T11:12:36.859+0530: 824.762: [DefNew
Desired survivor size 32768 bytes, new threshold 15 (max 15)
- age   1:         24 bytes,         24 total
- age   6:         72 bytes,         96 total
: 507K->0K(960K), 0.0003364 secs] 3669K->3651K(10176K), 0.0004174 secs] [Times: user=0.00 sys=0.00, real=0.00 secs] 
2019-01-02T11:12:36.914+0530: 824.817: [GC (Allocation Failure) 2019-01-02T11:12:36.914+0530: 824.817: [DefNew
Desired survivor size 32768 bytes, new threshold 15 (max 15)
- age   1:        248 bytes,        248 total
- age   7:         16 bytes,        264 total
: 845K->0K(960K), 0.0008222 secs] 4496K->3723K(10176K), 0.0011187 secs] [Times: user=0.00 sys=0.00, real=0.00 secs] 
2019-01-02T11:12:36.917+0530: 824.820: [GC (Allocation Failure) 2019-01-02T11:12:36.917+0530: 824.820: [DefNew
Desired survivor size 32768 bytes, new threshold 15 (max 15)
- age   2:        184 bytes,        184 total
- age   8:         16 bytes,        200 total
: 896K->0K(960K), 0.0008398 secs] 4619K->4011K(10176K), 0.0011295 secs] [Times: user=0.00 sys=0.00, real=0.00 secs] 
2019-01-02T11:12:36.920+0530: 824.823: [GC (Allocation Failure) 2019-01-02T11:12:36.920+0530: 824.823: [DefNew
Desired survivor size 32768 bytes, new threshold 15 (max 15)
- age   1:         40 bytes,         40 total
- age   3:        184 bytes,        224 total
- age   9:         16 bytes,        240 total
: 896K->0K(960K), 0.0010149 secs] 4907K->4587K(10176K), 0.0011095 secs] [Times: user=0.00 sys=0.00, real=0.00 secs] 
2019-01-02T11:12:36.922+0530: 824.826: [GC (Allocation Failure) 2019-01-02T11:12:36.923+0530: 824.826: [DefNew
Desired survivor size 32768 bytes, new threshold 15 (max 15)
- age   1:         24 bytes,         24 total
- age   4:        184 bytes,        208 total
- age  10:         16 bytes,        224 total
: 446K->0K(960K), 0.0002725 secs] 5034K->4587K(10176K), 0.0003603 secs] [Times: user=0.00 sys=0.00, real=0.00 secs] 
2019-01-02T11:12:36.923+0530: 824.826: [GC (Allocation Failure) 2019-01-02T11:12:36.923+0530: 824.826: [DefNew
Desired survivor size 32768 bytes, new threshold 15 (max 15)
- age   2:         24 bytes,         24 total
- age   5:        184 bytes,        208 total
- age  11:         16 bytes,        224 total
: 489K->0K(960K), 0.0003444 secs] 5077K->5077K(10176K), 0.0004390 secs] [Times: user=0.01 sys=0.00, real=0.00 secs] 
2019-01-02T11:12:36.924+0530: 824.827: [GC (Allocation Failure) 2019-01-02T11:12:36.924+0530: 824.827: [DefNew
Desired survivor size 32768 bytes, new threshold 15 (max 15)
- age   1:         24 bytes,         24 total
- age   6:         72 bytes,         96 total
- age  12:         16 bytes,        112 total
: 507K->0K(960K), 0.0003290 secs] 5584K->5567K(10176K), 0.0004014 secs] [Times: user=0.00 sys=0.00, real=0.00 secs] 
2019-01-02T11:12:36.979+0530: 824.882: [GC (Allocation Failure) 2019-01-02T11:12:36.979+0530: 824.883: [DefNew
Desired survivor size 32768 bytes, new threshold 15 (max 15)
- age   1:        248 bytes,        248 total
- age   7:         16 bytes,        264 total
- age  13:         16 bytes,        280 total
: 845K->0K(960K), 0.0010337 secs] 6412K->5639K(10176K), 0.0013365 secs] [Times: user=0.00 sys=0.00, real=0.00 secs] 
2019-01-02T11:12:36.982+0530: 824.885: [GC (Allocation Failure) 2019-01-02T11:12:36.982+0530: 824.885: [DefNew
Desired survivor size 32768 bytes, new threshold 15 (max 15)
- age   1:         40 bytes,         40 total
- age   2:        184 bytes,        224 total
- age   8:         16 bytes,        240 total
- age  14:         16 bytes,        256 total
: 896K->0K(960K), 0.0013621 secs] 6535K->5927K(10176K), 0.0015429 secs] [Times: user=0.00 sys=0.00, real=0.00 secs] 
2019-01-02T11:12:36.985+0530: 824.888: [GC (Allocation Failure) 2019-01-02T11:12:36.985+0530: 824.888: [DefNew
Desired survivor size 32768 bytes, new threshold 15 (max 15)
- age   1:         40 bytes,         40 total
- age   3:        184 bytes,        224 total
- age   9:         16 bytes,        240 total
- age  15:         16 bytes,        256 total
: 896K->0K(960K), 0.0007834 secs] 6823K->6503K(10176K), 0.0008883 secs] [Times: user=0.00 sys=0.00, real=0.00 secs] 
2019-01-02T11:12:36.987+0530: 824.890: [GC (Allocation Failure) 2019-01-02T11:12:36.987+0530: 824.890: [DefNew
Desired survivor size 32768 bytes, new threshold 15 (max 15)
- age   1:         24 bytes,         24 total
- age   4:        184 bytes,        208 total
- age  10:         16 bytes,        224 total
: 445K->0K(960K), 0.0005542 secs] 6948K->6503K(10176K), 0.0006728 secs] [Times: user=0.00 sys=0.00, real=0.00 secs] 
2019-01-02T11:12:36.988+0530: 824.891: [GC (Allocation Failure) 2019-01-02T11:12:36.988+0530: 824.891: [DefNew
Desired survivor size 32768 bytes, new threshold 15 (max 15)
- age   2:         24 bytes,         24 total
- age   5:        184 bytes,        208 total
- age  11:         16 bytes,        224 total
: 489K->0K(960K), 0.0003410 secs] 6992K->6992K(10176K), 0.0004117 secs] [Times: user=0.00 sys=0.00, real=0.00 secs] 
2019-01-02T11:12:36.989+0530: 824.892: [GC (Allocation Failure) 2019-01-02T11:12:36.989+0530: 824.892: [DefNew
Desired survivor size 32768 bytes, new threshold 15 (max 15)
- age   1:         24 bytes,         24 total
- age   6:         72 bytes,         96 total
- age  12:         16 bytes,        112 total
: 507K->0K(960K), 0.0003239 secs] 7500K->7482K(10176K), 0.0003957 secs] [Times: user=0.00 sys=0.00, real=0.00 secs] 
2019-01-02T11:12:37.049+0530: 824.952: [GC (Allocation Failure) 2019-01-02T11:12:37.049+0530: 824.952: [DefNew
Desired survivor size 32768 bytes, new threshold 15 (max 15)
- age   1:        248 bytes,        248 total
- age   7:         16 bytes,        264 total
- age  13:         16 bytes,        280 total
: 845K->0K(960K), 0.0009841 secs] 8327K->7554K(10176K), 0.0013992 secs] [Times: user=0.00 sys=0.00, real=0.00 secs] 
2019-01-02T11:12:37.053+0530: 824.956: [GC (Allocation Failure) 2019-01-02T11:12:37.053+0530: 824.956: [DefNew
Desired survivor size 32768 bytes, new threshold 15 (max 15)
- age   2:        184 bytes,        184 total
- age   8:         16 bytes,        200 total
- age  14:         16 bytes,        216 total
: 896K->0K(960K), 0.0007988 secs] 8450K->7842K(10176K), 0.0010411 secs] [Times: user=0.00 sys=0.00, real=0.00 secs] 
2019-01-02T11:12:37.055+0530: 824.958: [GC (Allocation Failure) 2019-01-02T11:12:37.055+0530: 824.959: [DefNew
Desired survivor size 32768 bytes, new threshold 15 (max 15)
- age   1:         40 bytes,         40 total
- age   3:        184 bytes,        224 total
- age   9:         16 bytes,        240 total
- age  15:         16 bytes,        256 total
: 896K->0K(960K), 0.0007714 secs] 8738K->8418K(10176K), 0.0008969 secs] [Times: user=0.00 sys=0.00, real=0.00 secs] 
2019-01-02T11:12:37.057+0530: 824.961: [GC (Allocation Failure) 2019-01-02T11:12:37.058+0530: 824.961: [DefNew
Desired survivor size 32768 bytes, new threshold 15 (max 15)
- age   1:         24 bytes,         24 total
- age   4:        184 bytes,        208 total
- age  10:         16 bytes,        224 total
: 446K->0K(960K), 0.0004117 secs] 8864K->8418K(10176K), 0.0005097 secs] [Times: user=0.00 sys=0.00, real=0.00 secs] 
2019-01-02T11:12:37.058+0530: 824.961: [GC (Allocation Failure) 2019-01-02T11:12:37.058+0530: 824.961: [DefNew
Desired survivor size 32768 bytes, new threshold 15 (max 15)
- age   2:         24 bytes,         24 total
- age   5:        184 bytes,        208 total
- age  11:         16 bytes,        224 total
: 489K->0K(960K), 0.0003142 secs] 8908K->8908K(10176K), 0.0003837 secs] [Times: user=0.00 sys=0.00, real=0.00 secs] 
2019-01-02T11:12:37.059+0530: 824.962: [GC (Allocation Failure) 2019-01-02T11:12:37.059+0530: 824.962: [DefNew: 507K->507K(960K), 0.0000274 secs]2019-01-02T11:12:37.059+0530: 824.962: [Tenured: 8907K->1246K(9216K), 0.0036912 secs] 9415K->1246K(10176K), [Metaspace: 2520K->2520K(1056768K)], 0.0038412 secs] [Times: user=0.00 sys=0.00, real=0.00 secs] 
2019-01-02T11:12:37.118+0530: 825.021: [GC (Allocation Failure) 2019-01-02T11:12:37.118+0530: 825.021: [DefNew
Desired survivor size 32768 bytes, new threshold 15 (max 15)
- age   1:        248 bytes,        248 total
: 845K->0K(960K), 0.0014750 secs] 2092K->1808K(10176K), 0.0020087 secs] [Times: user=0.00 sys=0.00, real=0.00 secs] 
2019-01-02T11:12:37.122+0530: 825.025: [GC (Allocation Failure) 2019-01-02T11:12:37.122+0530: 825.025: [DefNew
Desired survivor size 32768 bytes, new threshold 15 (max 15)
- age   1:         40 bytes,         40 total
- age   2:        184 bytes,        224 total
: 896K->0K(960K), 0.0007469 secs] 2704K->2096K(10176K), 0.0008798 secs] [Times: user=0.00 sys=0.00, real=0.00 secs] 
2019-01-02T11:12:37.124+0530: 825.027: [GC (Allocation Failure) 2019-01-02T11:12:37.124+0530: 825.027: [DefNew
Desired survivor size 32768 bytes, new threshold 15 (max 15)
- age   1:         40 bytes,         40 total
- age   3:        184 bytes,        224 total
: 896K->0K(960K), 0.0010326 secs] 2992K->2672K(10176K), 0.0011620 secs] [Times: user=0.00 sys=0.00, real=0.00 secs] 
2019-01-02T11:12:37.127+0530: 825.030: [GC (Allocation Failure) 2019-01-02T11:12:37.127+0530: 825.030: [DefNew
Desired survivor size 32768 bytes, new threshold 15 (max 15)
- age   1:         24 bytes,         24 total
- age   4:        184 bytes,        208 total
: 445K->0K(960K), 0.0002788 secs] 3118K->2672K(10176K), 0.0003575 secs] [Times: user=0.00 sys=0.00, real=0.00 secs] 
2019-01-02T11:12:37.127+0530: 825.031: [GC (Allocation Failure) 2019-01-02T11:12:37.128+0530: 825.031: [DefNew
Desired survivor size 32768 bytes, new threshold 15 (max 15)
- age   2:         24 bytes,         24 total
- age   5:        184 bytes,        208 total
: 489K->0K(960K), 0.0003176 secs] 3162K->3162K(10176K), 0.0004333 secs] [Times: user=0.00 sys=0.00, real=0.00 secs] 
2019-01-02T11:12:37.128+0530: 825.031: [GC (Allocation Failure) 2019-01-02T11:12:37.128+0530: 825.031: [DefNew
Desired survivor size 32768 bytes, new threshold 15 (max 15)
- age   1:         24 bytes,         24 total
- age   6:         72 bytes,         96 total
: 507K->0K(960K), 0.0003107 secs] 3670K->3652K(10176K), 0.0003803 secs] [Times: user=0.00 sys=0.00, real=0.00 secs] 
2019-01-02T11:12:37.183+0530: 825.086: [GC (Allocation Failure) 2019-01-02T11:12:37.183+0530: 825.086: [DefNew
Desired survivor size 32768 bytes, new threshold 15 (max 15)
- age   1:        248 bytes,        248 total
- age   7:         16 bytes,        264 total
: 845K->0K(960K), 0.0009322 secs] 4497K->3724K(10176K), 0.0014545 secs] [Times: user=0.00 sys=0.00, real=0.00 secs] 
2019-01-02T11:12:37.187+0530: 825.090: [GC (Allocation Failure) 2019-01-02T11:12:37.187+0530: 825.090: [DefNew
Desired survivor size 32768 bytes, new threshold 15 (max 15)
- age   2:        184 bytes,        184 total
- age   8:         16 bytes,        200 total
: 896K->0K(960K), 0.0006300 secs] 4620K->4012K(10176K), 0.0009140 secs] [Times: user=0.00 sys=0.00, real=0.00 secs] 
2019-01-02T11:12:37.189+0530: 825.092: [GC (Allocation Failure) 2019-01-02T11:12:37.189+0530: 825.092: [DefNew
Desired survivor size 32768 bytes, new threshold 15 (max 15)
- age   1:         40 bytes,         40 total
- age   3:        184 bytes,        224 total
- age   9:         16 bytes,        240 total
: 896K->0K(960K), 0.0012452 secs] 4908K->4588K(10176K), 0.0013655 secs] [Times: user=0.00 sys=0.00, real=0.00 secs] 
2019-01-02T11:12:37.192+0530: 825.095: [GC (Allocation Failure) 2019-01-02T11:12:37.192+0530: 825.095: [DefNew
Desired survivor size 32768 bytes, new threshold 15 (max 15)
- age   1:         24 bytes,         24 total
- age   4:        184 bytes,        208 total
- age  10:         16 bytes,        224 total
: 446K->0K(960K), 0.0006409 secs] 5034K->4588K(10176K), 0.0007857 secs] [Times: user=0.00 sys=0.00, real=0.00 secs] 
2019-01-02T11:12:37.193+0530: 825.097: [GC (Allocation Failure) 2019-01-02T11:12:37.193+0530: 825.097: [DefNew
Desired survivor size 32768 bytes, new threshold 15 (max 15)
- age   2:         24 bytes,         24 total
- age   5:        184 bytes,        208 total
- age  11:         16 bytes,        224 total
: 489K->0K(960K), 0.0003535 secs] 5077K->5077K(10176K), 0.0004299 secs] [Times: user=0.00 sys=0.00, real=0.00 secs] 
2019-01-02T11:12:37.194+0530: 825.097: [GC (Allocation Failure) 2019-01-02T11:12:37.194+0530: 825.097: [DefNew
Desired survivor size 32768 bytes, new threshold 15 (max 15)
- age   1:         24 bytes,         24 total
- age   6:         72 bytes,         96 total
- age  12:         16 bytes,        112 total
: 507K->0K(960K), 0.0003877 secs] 5585K->5567K(10176K), 0.0004795 secs] [Times: user=0.00 sys=0.00, real=0.00 secs] 
2019-01-02T11:12:37.249+0530: 825.152: [GC (Allocation Failure) 2019-01-02T11:12:37.249+0530: 825.152: [DefNew
Desired survivor size 32768 bytes, new threshold 15 (max 15)
- age   1:        248 bytes,        248 total
- age   7:         16 bytes,        264 total
- age  13:         16 bytes,        280 total
: 845K->0K(960K), 0.0008170 secs] 6413K->5639K(10176K), 0.0011112 secs] [Times: user=0.00 sys=0.00, real=0.00 secs] 
2019-01-02T11:12:37.253+0530: 825.156: [GC (Allocation Failure) 2019-01-02T11:12:37.253+0530: 825.156: [DefNew
Desired survivor size 32768 bytes, new threshold 15 (max 15)
- age   1:         40 bytes,         40 total
- age   2:        184 bytes,        224 total
- age   8:         16 bytes,        240 total
- age  14:         16 bytes,        256 total
: 896K->0K(960K), 0.0004767 secs] 6535K->5927K(10176K), 0.0007327 secs] [Times: user=0.00 sys=0.00, real=0.00 secs] 
2019-01-02T11:12:37.256+0530: 825.159: [GC (Allocation Failure) 2019-01-02T11:12:37.256+0530: 825.159: [DefNew
Desired survivor size 32768 bytes, new threshold 15 (max 15)
- age   1:         40 bytes,         40 total
- age   3:        184 bytes,        224 total
- age   9:         16 bytes,        240 total
- age  15:         16 bytes,        256 total
: 896K->0K(960K), 0.0011922 secs] 6823K->6503K(10176K), 0.0013712 secs] [Times: user=0.00 sys=0.00, real=0.00 secs] 
2019-01-02T11:12:37.259+0530: 825.162: [GC (Allocation Failure) 2019-01-02T11:12:37.259+0530: 825.162: [DefNew
Desired survivor size 32768 bytes, new threshold 15 (max 15)
- age   1:         24 bytes,         24 total
- age   4:        184 bytes,        208 total
- age  10:         16 bytes,        224 total
: 445K->0K(960K), 0.0009242 secs] 6949K->6503K(10176K), 0.0010594 secs] [Times: user=0.00 sys=0.00, real=0.00 secs] 
2019-01-02T11:12:37.260+0530: 825.163: [GC (Allocation Failure) 2019-01-02T11:12:37.260+0530: 825.163: [DefNew
Desired survivor size 32768 bytes, new threshold 15 (max 15)
- age   2:         24 bytes,         24 total
- age   5:        184 bytes,        208 total
- age  11:         16 bytes,        224 total
: 489K->0K(960K), 0.0004236 secs] 6993K->6993K(10176K), 0.0005035 secs] [Times: user=0.00 sys=0.00, real=0.00 secs] 
2019-01-02T11:12:37.261+0530: 825.164: [GC (Allocation Failure) 2019-01-02T11:12:37.261+0530: 825.164: [DefNew
Desired survivor size 32768 bytes, new threshold 15 (max 15)
- age   1:         24 bytes,         24 total
- age   6:         72 bytes,         96 total
- age  12:         16 bytes,        112 total
: 507K->0K(960K), 0.0003449 secs] 7501K->7483K(10176K), 0.0004168 secs] [Times: user=0.00 sys=0.00, real=0.00 secs] 
2019-01-02T11:12:37.317+0530: 825.220: [GC (Allocation Failure) 2019-01-02T11:12:37.318+0530: 825.221: [DefNew
Desired survivor size 32768 bytes, new threshold 15 (max 15)
- age   1:        248 bytes,        248 total
- age   7:         16 bytes,        264 total
- age  13:         16 bytes,        280 total
: 845K->0K(960K), 0.0006631 secs] 8328K->7555K(10176K), 0.0013843 secs] [Times: user=0.00 sys=0.00, real=0.00 secs] 
2019-01-02T11:12:37.321+0530: 825.224: [GC (Allocation Failure) 2019-01-02T11:12:37.321+0530: 825.224: [DefNew
Desired survivor size 32768 bytes, new threshold 15 (max 15)
- age   2:        184 bytes,        184 total
- age   8:         16 bytes,        200 total
- age  14:         16 bytes,        216 total
: 896K->0K(960K), 0.0007190 secs] 8451K->7843K(10176K), 0.0009938 secs] [Times: user=0.00 sys=0.00, real=0.00 secs] 
2019-01-02T11:12:37.323+0530: 825.226: [GC (Allocation Failure) 2019-01-02T11:12:37.323+0530: 825.226: [DefNew
Desired survivor size 32768 bytes, new threshold 15 (max 15)
- age   1:         40 bytes,         40 total
- age   3:        184 bytes,        224 total
- age   9:         16 bytes,        240 total
- age  15:         16 bytes,        256 total
: 896K->0K(960K), 0.0009168 secs] 8739K->8419K(10176K), 0.0010457 secs] [Times: user=0.00 sys=0.00, real=0.00 secs] 
2019-01-02T11:12:37.326+0530: 825.229: [GC (Allocation Failure) 2019-01-02T11:12:37.326+0530: 825.229: [DefNew
Desired survivor size 32768 bytes, new threshold 15 (max 15)
- age   1:         24 bytes,         24 total
- age   4:        184 bytes,        208 total
- age  10:         16 bytes,        224 total
: 446K->0K(960K), 0.0006277 secs] 8865K->8419K(10176K), 0.0007857 secs] [Times: user=0.00 sys=0.00, real=0.00 secs] 
2019-01-02T11:12:37.327+0530: 825.230: [GC (Allocation Failure) 2019-01-02T11:12:37.327+0530: 825.230: [DefNew
Desired survivor size 32768 bytes, new threshold 15 (max 15)
- age   2:         24 bytes,         24 total
- age   5:        184 bytes,        208 total
- age  11:         16 bytes,        224 total
: 489K->0K(960K), 0.0003444 secs] 8909K->8909K(10176K), 0.0004020 secs] [Times: user=0.00 sys=0.00, real=0.00 secs] 
2019-01-02T11:12:37.328+0530: 825.231: [GC (Allocation Failure) 2019-01-02T11:12:37.328+0530: 825.231: [DefNew: 507K->507K(960K), 0.0000245 secs]2019-01-02T11:12:37.328+0530: 825.231: [Tenured: 8908K->1247K(9216K), 0.0036906 secs] 9416K->1247K(10176K), [Metaspace: 2520K->2520K(1056768K)], 0.0038212 secs] [Times: user=0.02 sys=0.00, real=0.00 secs] 
2019-01-02T11:12:37.389+0530: 825.292: [GC (Allocation Failure) 2019-01-02T11:12:37.389+0530: 825.292: [DefNew
Desired survivor size 32768 bytes, new threshold 15 (max 15)
- age   1:        248 bytes,        248 total
: 845K->0K(960K), 0.0010183 secs] 2092K->1809K(10176K), 0.0011928 secs] [Times: user=0.00 sys=0.00, real=0.00 secs] 
2019-01-02T11:12:37.392+0530: 825.295: [GC (Allocation Failure) 2019-01-02T11:12:37.392+0530: 825.295: [DefNew
Desired survivor size 32768 bytes, new threshold 15 (max 15)
- age   1:         40 bytes,         40 total
- age   2:        184 bytes,        224 total
: 896K->0K(960K), 0.0007577 secs] 2705K->2097K(10176K), 0.0009590 secs] [Times: user=0.00 sys=0.00, real=0.00 secs] 
2019-01-02T11:12:37.395+0530: 825.298: [GC (Allocation Failure) 2019-01-02T11:12:37.395+0530: 825.298: [DefNew
Desired survivor size 32768 bytes, new threshold 15 (max 15)
- age   1:         40 bytes,         40 total
- age   3:        184 bytes,        224 total
: 896K->0K(960K), 0.0003797 secs] 2993K->2673K(10176K), 0.0004761 secs] [Times: user=0.00 sys=0.00, real=0.00 secs] 
2019-01-02T11:12:37.396+0530: 825.299: [GC (Allocation Failure) 2019-01-02T11:12:37.396+0530: 825.299: [DefNew
Desired survivor size 32768 bytes, new threshold 15 (max 15)
- age   1:         24 bytes,         24 total
- age   4:        184 bytes,        208 total
: 445K->0K(960K), 0.0002497 secs] 3118K->2673K(10176K), 0.0003250 secs] [Times: user=0.00 sys=0.00, real=0.00 secs] 
2019-01-02T11:12:37.397+0530: 825.300: [GC (Allocation Failure) 2019-01-02T11:12:37.397+0530: 825.300: [DefNew
Desired survivor size 32768 bytes, new threshold 15 (max 15)
- age   2:         24 bytes,         24 total
- age   5:        184 bytes,        208 total
: 489K->0K(960K), 0.0003392 secs] 3162K->3162K(10176K), 0.0004099 secs] [Times: user=0.00 sys=0.00, real=0.00 secs] 
2019-01-02T11:12:37.398+0530: 825.301: [GC (Allocation Failure) 2019-01-02T11:12:37.398+0530: 825.301: [DefNew
Desired survivor size 32768 bytes, new threshold 15 (max 15)
- age   1:         24 bytes,         24 total
- age   6:         72 bytes,         96 total
: 507K->0K(960K), 0.0003199 secs] 3670K->3652K(10176K), 0.0003894 secs] [Times: user=0.00 sys=0.00, real=0.00 secs] 
2019-01-02T11:12:37.453+0530: 825.356: [GC (Allocation Failure) 2019-01-02T11:12:37.454+0530: 825.357: [DefNew
Desired survivor size 32768 bytes, new threshold 15 (max 15)
- age   1:        248 bytes,        248 total
- age   7:         16 bytes,        264 total
: 845K->0K(960K), 0.0011580 secs] 4497K->3724K(10176K), 0.0015320 secs] [Times: user=0.01 sys=0.00, real=0.00 secs] 
2019-01-02T11:12:37.456+0530: 825.359: [GC (Allocation Failure) 2019-01-02T11:12:37.456+0530: 825.359: [DefNew
Desired survivor size 32768 bytes, new threshold 15 (max 15)
- age   2:        184 bytes,        184 total
- age   8:         16 bytes,        200 total
: 896K->0K(960K), 0.0006477 secs] 4620K->4012K(10176K), 0.0008552 secs] [Times: user=0.00 sys=0.00, real=0.00 secs] 
2019-01-02T11:12:37.458+0530: 825.362: [GC (Allocation Failure) 2019-01-02T11:12:37.459+0530: 825.362: [DefNew
Desired survivor size 32768 bytes, new threshold 15 (max 15)
- age   1:         40 bytes,         40 total
- age   3:        184 bytes,        224 total
- age   9:         16 bytes,        240 total
: 896K->0K(960K), 0.0011038 secs] 4908K->4588K(10176K), 0.0013205 secs] [Times: user=0.00 sys=0.00, real=0.00 secs] 
2019-01-02T11:12:37.461+0530: 825.364: [GC (Allocation Failure) 2019-01-02T11:12:37.461+0530: 825.365: [DefNew
Desired survivor size 32768 bytes, new threshold 15 (max 15)
- age   1:         24 bytes,         24 total
- age   4:        184 bytes,        208 total
- age  10:         16 bytes,        224 total
: 446K->0K(960K), 0.0003370 secs] 5035K->4588K(10176K), 0.0004960 secs] [Times: user=0.00 sys=0.00, real=0.00 secs] 
2019-01-02T11:12:37.462+0530: 825.365: [GC (Allocation Failure) 2019-01-02T11:12:37.462+0530: 825.365: [DefNew
Desired survivor size 32768 bytes, new threshold 15 (max 15)
- age   2:         24 bytes,         24 total
- age   5:        184 bytes,        208 total
- age  11:         16 bytes,        224 total
: 489K->0K(960K), 0.0003478 secs] 5078K->5078K(10176K), 0.0004225 secs] [Times: user=0.00 sys=0.00, real=0.00 secs] 
2019-01-02T11:12:37.463+0530: 825.366: [GC (Allocation Failure) 2019-01-02T11:12:37.463+0530: 825.366: [DefNew
Desired survivor size 32768 bytes, new threshold 15 (max 15)
- age   1:         24 bytes,         24 total
- age   6:         72 bytes,         96 total
- age  12:         16 bytes,        112 total
: 507K->0K(960K), 0.0003261 secs] 5586K->5568K(10176K), 0.0003985 secs] [Times: user=0.00 sys=0.00, real=0.00 secs] 
2019-01-02T11:12:37.518+0530: 825.422: [GC (Allocation Failure) 2019-01-02T11:12:37.519+0530: 825.422: [DefNew
Desired survivor size 32768 bytes, new threshold 15 (max 15)
- age   1:        248 bytes,        248 total
- age   7:         16 bytes,        264 total
- age  13:         16 bytes,        280 total
: 845K->0K(960K), 0.0011358 secs] 6413K->5640K(10176K), 0.0014385 secs] [Times: user=0.00 sys=0.00, real=0.00 secs] 
2019-01-02T11:12:37.522+0530: 825.425: [GC (Allocation Failure) 2019-01-02T11:12:37.522+0530: 825.425: [DefNew
Desired survivor size 32768 bytes, new threshold 15 (max 15)
- age   1:         40 bytes,         40 total
- age   2:        184 bytes,        224 total
- age   8:         16 bytes,        240 total
- age  14:         16 bytes,        256 total
: 896K->0K(960K), 0.0007800 secs] 6536K->5928K(10176K), 0.0008815 secs] [Times: user=0.00 sys=0.00, real=0.00 secs] 
2019-01-02T11:12:37.525+0530: 825.428: [GC (Allocation Failure) 2019-01-02T11:12:37.525+0530: 825.428: [DefNew
Desired survivor size 32768 bytes, new threshold 15 (max 15)
- age   1:         40 bytes,         40 total
- age   3:        184 bytes,        224 total
- age   9:         16 bytes,        240 total
- age  15:         16 bytes,        256 total
: 896K->0K(960K), 0.0011734 secs] 6824K->6504K(10176K), 0.0013570 secs] [Times: user=0.00 sys=0.00, real=0.00 secs] 
2019-01-02T11:12:37.528+0530: 825.431: [GC (Allocation Failure) 2019-01-02T11:12:37.528+0530: 825.431: [DefNew
Desired survivor size 32768 bytes, new threshold 15 (max 15)
- age   1:         24 bytes,         24 total
- age   4:        184 bytes,        208 total
- age  10:         16 bytes,        224 total
: 445K->0K(960K), 0.0007948 secs] 6949K->6504K(10176K), 0.0009698 secs] [Times: user=0.00 sys=0.00, real=0.00 secs] 
2019-01-02T11:12:37.529+0530: 825.432: [GC (Allocation Failure) 2019-01-02T11:12:37.529+0530: 825.432: [DefNew
Desired survivor size 32768 bytes, new threshold 15 (max 15)
- age   2:         24 bytes,         24 total
- age   5:        184 bytes,        208 total
- age  11:         16 bytes,        224 total
: 490K->0K(960K), 0.0003455 secs] 6994K->6994K(10176K), 0.0005143 secs] [Times: user=0.00 sys=0.00, real=0.00 secs] 
2019-01-02T11:12:37.530+0530: 825.433: [GC (Allocation Failure) 2019-01-02T11:12:37.530+0530: 825.433: [DefNew
Desired survivor size 32768 bytes, new threshold 15 (max 15)
- age   1:         24 bytes,         24 total
- age   6:         72 bytes,         96 total
- age  12:         16 bytes,        112 total
: 507K->0K(960K), 0.0003341 secs] 7501K->7483K(10176K), 0.0004060 secs] [Times: user=0.00 sys=0.00, real=0.00 secs] 
2019-01-02T11:12:37.587+0530: 825.491: [GC (Allocation Failure) 2019-01-02T11:12:37.587+0530: 825.491: [DefNew
Desired survivor size 32768 bytes, new threshold 15 (max 15)
- age   1:        248 bytes,        248 total
- age   7:         16 bytes,        264 total
- age  13:         16 bytes,        280 total
: 845K->0K(960K), 0.0009413 secs] 8329K->7556K(10176K), 0.0012384 secs] [Times: user=0.00 sys=0.00, real=0.00 secs] 
2019-01-02T11:12:37.590+0530: 825.493: [GC (Allocation Failure) 2019-01-02T11:12:37.590+0530: 825.493: [DefNew
Desired survivor size 32768 bytes, new threshold 15 (max 15)
- age   2:        184 bytes,        184 total
- age   8:         16 bytes,        200 total
- age  14:         16 bytes,        216 total
: 896K->0K(960K), 0.0007098 secs] 8452K->7844K(10176K), 0.0009128 secs] [Times: user=0.00 sys=0.00, real=0.00 secs] 
2019-01-02T11:12:37.592+0530: 825.496: [GC (Allocation Failure) 2019-01-02T11:12:37.593+0530: 825.496: [DefNew
Desired survivor size 32768 bytes, new threshold 15 (max 15)
- age   1:         40 bytes,         40 total
- age   3:        184 bytes,        224 total
- age   9:         16 bytes,        240 total
- age  15:         16 bytes,        256 total
: 896K->0K(960K), 0.0010303 secs] 8740K->8420K(10176K), 0.0011985 secs] [Times: user=0.00 sys=0.00, real=0.00 secs] 
2019-01-02T11:12:37.595+0530: 825.498: [GC (Allocation Failure) 2019-01-02T11:12:37.595+0530: 825.499: [DefNew
Desired survivor size 32768 bytes, new threshold 15 (max 15)
- age   1:         24 bytes,         24 total
- age   4:        184 bytes,        208 total
- age  10:         16 bytes,        224 total
: 446K->0K(960K), 0.0003130 secs] 8866K->8420K(10176K), 0.0004618 secs] [Times: user=0.00 sys=0.00, real=0.00 secs] 
2019-01-02T11:12:37.596+0530: 825.499: [GC (Allocation Failure) 2019-01-02T11:12:37.596+0530: 825.499: [DefNew
Desired survivor size 32768 bytes, new threshold 15 (max 15)
- age   2:         24 bytes,         24 total
- age   5:        184 bytes,        208 total
- age  11:         16 bytes,        224 total
: 490K->0K(960K), 0.0003472 secs] 8909K->8909K(10176K), 0.0004071 secs] [Times: user=0.00 sys=0.00, real=0.00 secs] 
2019-01-02T11:12:37.597+0530: 825.500: [GC (Allocation Failure) 2019-01-02T11:12:37.597+0530: 825.500: [DefNew: 507K->507K(960K), 0.0000239 secs]2019-01-02T11:12:37.597+0530: 825.500: [Tenured: 8909K->1247K(9216K), 0.0037642 secs] 9417K->1247K(10176K), [Metaspace: 2520K->2520K(1056768K)], 0.0038925 secs] [Times: user=0.00 sys=0.00, real=0.00 secs] 
2019-01-02T11:12:37.657+0530: 825.560: [GC (Allocation Failure) 2019-01-02T11:12:37.657+0530: 825.561: [DefNew
Desired survivor size 32768 bytes, new threshold 15 (max 15)
- age   1:        248 bytes,        248 total
: 845K->0K(960K), 0.0011192 secs] 2092K->1809K(10176K), 0.0012732 secs] [Times: user=0.00 sys=0.00, real=0.00 secs] 
2019-01-02T11:12:37.661+0530: 825.564: [GC (Allocation Failure) 2019-01-02T11:12:37.661+0530: 825.564: [DefNew
Desired survivor size 32768 bytes, new threshold 15 (max 15)
- age   1:         40 bytes,         40 total
- age   2:        184 bytes,        224 total
: 896K->0K(960K), 0.0010326 secs] 2705K->2097K(10176K), 0.0012247 secs] [Times: user=0.00 sys=0.00, real=0.00 secs] 
2019-01-02T11:12:37.663+0530: 825.566: [GC (Allocation Failure) 2019-01-02T11:12:37.663+0530: 825.566: [DefNew
Desired survivor size 32768 bytes, new threshold 15 (max 15)
- age   1:         40 bytes,         40 total
- age   3:        184 bytes,        224 total
: 896K->0K(960K), 0.0003757 secs] 2993K->2673K(10176K), 0.0004493 secs] [Times: user=0.00 sys=0.00, real=0.00 secs] 
2019-01-02T11:12:37.665+0530: 825.568: [GC (Allocation Failure) 2019-01-02T11:12:37.665+0530: 825.568: [DefNew
Desired survivor size 32768 bytes, new threshold 15 (max 15)
- age   1:         24 bytes,         24 total
- age   4:        184 bytes,        208 total
: 445K->0K(960K), 0.0003239 secs] 3118K->2673K(10176K), 0.0004042 secs] [Times: user=0.00 sys=0.00, real=0.00 secs] 
2019-01-02T11:12:37.665+0530: 825.569: [GC (Allocation Failure) 2019-01-02T11:12:37.666+0530: 825.569: [DefNew
Desired survivor size 32768 bytes, new threshold 15 (max 15)
- age   2:         24 bytes,         24 total
- age   5:        184 bytes,        208 total
: 490K->0K(960K), 0.0004082 secs] 3163K->3163K(10176K), 0.0004806 secs] [Times: user=0.00 sys=0.00, real=0.00 secs] 
2019-01-02T11:12:37.666+0530: 825.569: [GC (Allocation Failure) 2019-01-02T11:12:37.666+0530: 825.570: [DefNew
Desired survivor size 32768 bytes, new threshold 15 (max 15)
- age   1:         24 bytes,         24 total
- age   6:         72 bytes,         96 total
: 507K->0K(960K), 0.0004071 secs] 3670K->3652K(10176K), 0.0004824 secs] [Times: user=0.00 sys=0.00, real=0.00 secs] 
2019-01-02T11:12:37.722+0530: 825.625: [GC (Allocation Failure) 2019-01-02T11:12:37.722+0530: 825.625: [DefNew
Desired survivor size 32768 bytes, new threshold 15 (max 15)
- age   1:        248 bytes,        248 total
- age   7:         16 bytes,        264 total
: 845K->0K(960K), 0.0010115 secs] 4498K->3725K(10176K), 0.0016917 secs] [Times: user=0.00 sys=0.00, real=0.00 secs] 
2019-01-02T11:12:37.726+0530: 825.629: [GC (Allocation Failure) 2019-01-02T11:12:37.726+0530: 825.629: [DefNew
Desired survivor size 32768 bytes, new threshold 15 (max 15)
- age   2:        184 bytes,        184 total
- age   8:         16 bytes,        200 total
: 896K->0K(960K), 0.0010041 secs] 4621K->4013K(10176K), 0.0015406 secs] [Times: user=0.00 sys=0.00, real=0.00 secs] 
2019-01-02T11:12:37.730+0530: 825.633: [GC (Allocation Failure) 2019-01-02T11:12:37.730+0530: 825.633: [DefNew
Desired survivor size 32768 bytes, new threshold 15 (max 15)
- age   1:         40 bytes,         40 total
- age   3:        184 bytes,        224 total
- age   9:         16 bytes,        240 total
: 896K->0K(960K), 0.0006557 secs] 4909K->4589K(10176K), 0.0007840 secs] [Times: user=0.00 sys=0.00, real=0.00 secs] 
2019-01-02T11:12:37.732+0530: 825.635: [GC (Allocation Failure) 2019-01-02T11:12:37.732+0530: 825.635: [DefNew
Desired survivor size 32768 bytes, new threshold 15 (max 15)
- age   1:         24 bytes,         24 total
- age   4:        184 bytes,        208 total
- age  10:         16 bytes,        224 total
: 446K->0K(960K), 0.0003090 secs] 5035K->4589K(10176K), 0.0004014 secs] [Times: user=0.00 sys=0.00, real=0.00 secs] 
2019-01-02T11:12:37.733+0530: 825.636: [GC (Allocation Failure) 2019-01-02T11:12:37.733+0530: 825.636: [DefNew
Desired survivor size 32768 bytes, new threshold 15 (max 15)
- age   2:         24 bytes,         24 total
- age   5:        184 bytes,        208 total
- age  11:         16 bytes,        224 total
: 490K->0K(960K), 0.0003917 secs] 5078K->5078K(10176K), 0.0004704 secs] [Times: user=0.00 sys=0.00, real=0.00 secs] 
2019-01-02T11:12:37.733+0530: 825.637: [GC (Allocation Failure) 2019-01-02T11:12:37.733+0530: 825.637: [DefNew
Desired survivor size 32768 bytes, new threshold 15 (max 15)
- age   1:         24 bytes,         24 total
- age   6:         72 bytes,         96 total
- age  12:         16 bytes,        112 total
: 507K->0K(960K), 0.0003204 secs] 5586K->5568K(10176K), 0.0003746 secs] [Times: user=0.00 sys=0.00, real=0.00 secs] 
2019-01-02T11:12:37.788+0530: 825.691: [GC (Allocation Failure) 2019-01-02T11:12:37.788+0530: 825.692: [DefNew
Desired survivor size 32768 bytes, new threshold 15 (max 15)
- age   1:        248 bytes,        248 total
- age   7:         16 bytes,        264 total
- age  13:         16 bytes,        280 total
: 845K->0K(960K), 0.0009795 secs] 6414K->5640K(10176K), 0.0013165 secs] [Times: user=0.00 sys=0.00, real=0.00 secs] 
2019-01-02T11:12:37.792+0530: 825.695: [GC (Allocation Failure) 2019-01-02T11:12:37.792+0530: 825.695: [DefNew
Desired survivor size 32768 bytes, new threshold 15 (max 15)
- age   1:         40 bytes,         40 total
- age   2:        184 bytes,        224 total
- age   8:         16 bytes,        240 total
- age  14:         16 bytes,        256 total
: 896K->0K(960K), 0.0008170 secs] 6536K->5928K(10176K), 0.0009453 secs] [Times: user=0.00 sys=0.00, real=0.00 secs] 
2019-01-02T11:12:37.794+0530: 825.698: [GC (Allocation Failure) 2019-01-02T11:12:37.794+0530: 825.698: [DefNew
Desired survivor size 32768 bytes, new threshold 15 (max 15)
- age   1:         40 bytes,         40 total
- age   3:        184 bytes,        224 total
- age   9:         16 bytes,        240 total
- age  15:         16 bytes,        256 total
: 896K->0K(960K), 0.0012783 secs] 6824K->6504K(10176K), 0.0014328 secs] [Times: user=0.00 sys=0.00, real=0.00 secs] 
2019-01-02T11:12:37.797+0530: 825.700: [GC (Allocation Failure) 2019-01-02T11:12:37.797+0530: 825.700: [DefNew
Desired survivor size 32768 bytes, new threshold 15 (max 15)
- age   1:         24 bytes,         24 total
- age   4:        184 bytes,        208 total
- age  10:         16 bytes,        224 total
: 445K->0K(960K), 0.0002651 secs] 6950K->6504K(10176K), 0.0003421 secs] [Times: user=0.02 sys=0.00, real=0.00 secs] 
2019-01-02T11:12:37.798+0530: 825.701: [GC (Allocation Failure) 2019-01-02T11:12:37.798+0530: 825.701: [DefNew
Desired survivor size 32768 bytes, new threshold 15 (max 15)
- age   2:         24 bytes,         24 total
- age   5:        184 bytes,        208 total
- age  11:         16 bytes,        224 total
: 490K->0K(960K), 0.0003353 secs] 6994K->6994K(10176K), 0.0004071 secs] [Times: user=0.00 sys=0.00, real=0.00 secs] 
2019-01-02T11:12:37.798+0530: 825.702: [GC (Allocation Failure) 2019-01-02T11:12:37.798+0530: 825.702: [DefNew
Desired survivor size 32768 bytes, new threshold 15 (max 15)
- age   1:         24 bytes,         24 total
- age   6:         72 bytes,         96 total
- age  12:         16 bytes,        112 total
: 507K->0K(960K), 0.0003267 secs] 7502K->7484K(10176K), 0.0003980 secs] [Times: user=0.00 sys=0.00, real=0.00 secs] 
2019-01-02T11:12:37.855+0530: 825.758: [GC (Allocation Failure) 2019-01-02T11:12:37.855+0530: 825.758: [DefNew
Desired survivor size 32768 bytes, new threshold 15 (max 15)
- age   1:        248 bytes,        248 total
- age   7:         16 bytes,        264 total
- age  13:         16 bytes,        280 total
: 845K->0K(960K), 0.0008638 secs] 8329K->7556K(10176K), 0.0012407 secs] [Times: user=0.00 sys=0.00, real=0.00 secs] 
2019-01-02T11:12:37.858+0530: 825.761: [GC (Allocation Failure) 2019-01-02T11:12:37.858+0530: 825.761: [DefNew
Desired survivor size 32768 bytes, new threshold 15 (max 15)
- age   2:        184 bytes,        184 total
- age   8:         16 bytes,        200 total
- age  14:         16 bytes,        216 total
: 896K->0K(960K), 0.0006602 secs] 8452K->7844K(10176K), 0.0007840 secs] [Times: user=0.00 sys=0.00, real=0.00 secs] 
2019-01-02T11:12:37.860+0530: 825.764: [GC (Allocation Failure) 2019-01-02T11:12:37.860+0530: 825.764: [DefNew
Desired survivor size 32768 bytes, new threshold 15 (max 15)
- age   1:         40 bytes,         40 total
- age   3:        184 bytes,        224 total
- age   9:         16 bytes,        240 total
- age  15:         16 bytes,        256 total
: 896K->0K(960K), 0.0012053 secs] 8740K->8420K(10176K), 0.0013758 secs] [Times: user=0.00 sys=0.00, real=0.00 secs] 
2019-01-02T11:12:37.863+0530: 825.767: [GC (Allocation Failure) 2019-01-02T11:12:37.863+0530: 825.767: [DefNew
Desired survivor size 32768 bytes, new threshold 15 (max 15)
- age   1:         24 bytes,         24 total
- age   4:        184 bytes,        208 total
- age  10:         16 bytes,        224 total
: 446K->0K(960K), 0.0007064 secs] 8867K->8420K(10176K), 0.0008416 secs] [Times: user=0.00 sys=0.00, real=0.00 secs] 
2019-01-02T11:12:37.865+0530: 825.768: [GC (Allocation Failure) 2019-01-02T11:12:37.865+0530: 825.768: [DefNew
Desired survivor size 32768 bytes, new threshold 15 (max 15)
- age   2:         24 bytes,         24 total
- age   5:        184 bytes,        208 total
- age  11:         16 bytes,        224 total
: 490K->0K(960K), 0.0003467 secs] 8910K->8910K(10176K), 0.0004219 secs] [Times: user=0.00 sys=0.00, real=0.00 secs] 
2019-01-02T11:12:37.865+0530: 825.769: [GC (Allocation Failure) 2019-01-02T11:12:37.865+0530: 825.769: [DefNew: 508K->508K(960K), 0.0000296 secs]2019-01-02T11:12:37.866+0530: 825.769: [Tenured: 8910K->1247K(9216K), 0.0036336 secs] 9418K->1247K(10176K), [Metaspace: 2520K->2520K(1056768K)], 0.0037887 secs] [Times: user=0.00 sys=0.00, real=0.00 secs] 
2019-01-02T11:12:37.924+0530: 825.827: [GC (Allocation Failure) 2019-01-02T11:12:37.924+0530: 825.827: [DefNew
Desired survivor size 32768 bytes, new threshold 15 (max 15)
- age   1:        248 bytes,        248 total
: 845K->0K(960K), 0.0014493 secs] 2093K->1809K(10176K), 0.0017042 secs] [Times: user=0.00 sys=0.00, real=0.00 secs] 
2019-01-02T11:12:37.927+0530: 825.830: [GC (Allocation Failure) 2019-01-02T11:12:37.927+0530: 825.831: [DefNew
Desired survivor size 32768 bytes, new threshold 15 (max 15)
- age   1:         40 bytes,         40 total
- age   2:        184 bytes,        224 total
: 896K->0K(960K), 0.0005576 secs] 2705K->2097K(10176K), 0.0007104 secs] [Times: user=0.00 sys=0.00, real=0.00 secs] 
2019-01-02T11:12:37.929+0530: 825.833: [GC (Allocation Failure) 2019-01-02T11:12:37.930+0530: 825.833: [DefNew
Desired survivor size 32768 bytes, new threshold 15 (max 15)
- age   1:         40 bytes,         40 total
- age   3:        184 bytes,        224 total
: 896K->0K(960K), 0.0010810 secs] 2993K->2673K(10176K), 0.0013199 secs] [Times: user=0.00 sys=0.00, real=0.00 secs] 
2019-01-02T11:12:37.932+0530: 825.835: [GC (Allocation Failure) 2019-01-02T11:12:37.932+0530: 825.835: [DefNew
Desired survivor size 32768 bytes, new threshold 15 (max 15)
- age   1:         24 bytes,         24 total
- age   4:        184 bytes,        208 total
: 445K->0K(960K), 0.0002731 secs] 3118K->2673K(10176K), 0.0003603 secs] [Times: user=0.00 sys=0.00, real=0.00 secs] 
2019-01-02T11:12:37.933+0530: 825.836: [GC (Allocation Failure) 2019-01-02T11:12:37.933+0530: 825.836: [DefNew
Desired survivor size 32768 bytes, new threshold 15 (max 15)
- age   2:         24 bytes,         24 total
- age   5:        184 bytes,        208 total
: 490K->0K(960K), 0.0003347 secs] 3163K->3163K(10176K), 0.0004082 secs] [Times: user=0.00 sys=0.00, real=0.00 secs] 
2019-01-02T11:12:37.934+0530: 825.837: [GC (Allocation Failure) 2019-01-02T11:12:37.934+0530: 825.837: [DefNew
Desired survivor size 32768 bytes, new threshold 15 (max 15)
- age   1:         24 bytes,         24 total
- age   6:         72 bytes,         96 total
: 507K->0K(960K), 0.0003284 secs] 3671K->3653K(10176K), 0.0004003 secs] [Times: user=0.00 sys=0.00, real=0.00 secs] 
2019-01-02T11:12:37.990+0530: 825.893: [GC (Allocation Failure) 2019-01-02T11:12:37.990+0530: 825.894: [DefNew
Desired survivor size 32768 bytes, new threshold 15 (max 15)
- age   1:        248 bytes,        248 total
- age   7:         16 bytes,        264 total
: 845K->0K(960K), 0.0014094 secs] 4498K->3725K(10176K), 0.0022162 secs] [Times: user=0.00 sys=0.00, real=0.00 secs] 
2019-01-02T11:12:37.994+0530: 825.897: [GC (Allocation Failure) 2019-01-02T11:12:37.994+0530: 825.897: [DefNew
Desired survivor size 32768 bytes, new threshold 15 (max 15)
- age   2:        184 bytes,        184 total
- age   8:         16 bytes,        200 total
: 896K->0K(960K), 0.0012851 secs] 4621K->4013K(10176K), 0.0015161 secs] [Times: user=0.00 sys=0.00, real=0.00 secs] 
2019-01-02T11:12:37.998+0530: 825.901: [GC (Allocation Failure) 2019-01-02T11:12:37.998+0530: 825.901: [DefNew
Desired survivor size 32768 bytes, new threshold 15 (max 15)
- age   1:         40 bytes,         40 total
- age   3:        184 bytes,        224 total
- age   9:         16 bytes,        240 total
: 896K->0K(960K), 0.0008883 secs] 4909K->4589K(10176K), 0.0010616 secs] [Times: user=0.00 sys=0.00, real=0.00 secs] 
2019-01-02T11:12:38.000+0530: 825.903: [GC (Allocation Failure) 2019-01-02T11:12:38.000+0530: 825.903: [DefNew
Desired survivor size 32768 bytes, new threshold 15 (max 15)
- age   1:         24 bytes,         24 total
- age   4:        184 bytes,        208 total
- age  10:         16 bytes,        224 total
: 446K->0K(960K), 0.0003170 secs] 5035K->4589K(10176K), 0.0003877 secs] [Times: user=0.00 sys=0.00, real=0.00 secs] 
2019-01-02T11:12:38.000+0530: 825.904: [GC (Allocation Failure) 2019-01-02T11:12:38.000+0530: 825.904: [DefNew
Desired survivor size 32768 bytes, new threshold 15 (max 15)
- age   2:         24 bytes,         24 total
- age   5:        184 bytes,        208 total
- age  11:         16 bytes,        224 total
: 490K->0K(960K), 0.0003512 secs] 5079K->5079K(10176K), 0.0004236 secs] [Times: user=0.00 sys=0.00, real=0.00 secs] 
2019-01-02T11:12:38.001+0530: 825.904: [GC (Allocation Failure) 2019-01-02T11:12:38.001+0530: 825.904: [DefNew
Desired survivor size 32768 bytes, new threshold 15 (max 15)
- age   1:         24 bytes,         24 total
- age   6:         72 bytes,         96 total
- age  12:         16 bytes,        112 total
: 508K->0K(960K), 0.0003358 secs] 5587K->5569K(10176K), 0.0004065 secs] [Times: user=0.00 sys=0.00, real=0.00 secs] 
2019-01-02T11:12:38.068+0530: 825.971: [GC (Allocation Failure) 2019-01-02T11:12:38.068+0530: 825.972: [DefNew
Desired survivor size 32768 bytes, new threshold 15 (max 15)
- age   1:        248 bytes,        248 total
- age   7:         16 bytes,        264 total
- age  13:         16 bytes,        280 total
: 845K->0K(960K), 0.0004310 secs] 6415K->5641K(10176K), 0.0006996 secs] [Times: user=0.00 sys=0.00, real=0.00 secs] 
2019-01-02T11:12:38.071+0530: 825.974: [GC (Allocation Failure) 2019-01-02T11:12:38.071+0530: 825.974: [DefNew
Desired survivor size 32768 bytes, new threshold 15 (max 15)
- age   1:         40 bytes,         40 total
- age   2:        184 bytes,        224 total
- age   8:         16 bytes,        240 total
- age  14:         16 bytes,        256 total
: 896K->0K(960K), 0.0013906 secs] 6537K->5929K(10176K), 0.0016529 secs] [Times: user=0.00 sys=0.00, real=0.00 secs] 
2019-01-02T11:12:38.074+0530: 825.977: [GC (Allocation Failure) 2019-01-02T11:12:38.074+0530: 825.978: [DefNew
Desired survivor size 32768 bytes, new threshold 15 (max 15)
- age   1:         40 bytes,         40 total
- age   3:        184 bytes,        224 total
- age   9:         16 bytes,        240 total
- age  15:         16 bytes,        256 total
: 896K->0K(960K), 0.0011135 secs] 6825K->6505K(10176K), 0.0013040 secs] [Times: user=0.00 sys=0.00, real=0.00 secs] 
2019-01-02T11:12:38.077+0530: 825.980: [GC (Allocation Failure) 2019-01-02T11:12:38.077+0530: 825.980: [DefNew
Desired survivor size 32768 bytes, new threshold 15 (max 15)
- age   1:         24 bytes,         24 total
- age   4:        184 bytes,        208 total
- age  10:         16 bytes,        224 total
: 445K->0K(960K), 0.0004943 secs] 6950K->6505K(10176K), 0.0005753 secs] [Times: user=0.02 sys=0.00, real=0.00 secs] 
2019-01-02T11:12:38.078+0530: 825.981: [GC (Allocation Failure) 2019-01-02T11:12:38.078+0530: 825.981: [DefNew
Desired survivor size 32768 bytes, new threshold 15 (max 15)
- age   2:         24 bytes,         24 total
- age   5:        184 bytes,        208 total
- age  11:         16 bytes,        224 total
: 490K->0K(960K), 0.0006756 secs] 6995K->6995K(10176K), 0.0007646 secs] [Times: user=0.00 sys=0.00, real=0.00 secs] 
2019-01-02T11:12:38.079+0530: 825.982: [GC (Allocation Failure) 2019-01-02T11:12:38.079+0530: 825.982: [DefNew
Desired survivor size 32768 bytes, new threshold 15 (max 15)
- age   1:         24 bytes,         24 total
- age   6:         72 bytes,         96 total
- age  12:         16 bytes,        112 total
: 508K->0K(960K), 0.0003136 secs] 7503K->7485K(10176K), 0.0003911 secs] [Times: user=0.00 sys=0.00, real=0.00 secs] 
2019-01-02T11:12:38.135+0530: 826.038: [GC (Allocation Failure) 2019-01-02T11:12:38.135+0530: 826.038: [DefNew
Desired survivor size 32768 bytes, new threshold 15 (max 15)
- age   1:        248 bytes,        248 total
- age   7:         16 bytes,        264 total
- age  13:         16 bytes,        280 total
: 845K->0K(960K), 0.0004156 secs] 8330K->7557K(10176K), 0.0007520 secs] [Times: user=0.00 sys=0.00, real=0.00 secs] 
2019-01-02T11:12:38.137+0530: 826.041: [GC (Allocation Failure) 2019-01-02T11:12:38.138+0530: 826.041: [DefNew
Desired survivor size 32768 bytes, new threshold 15 (max 15)
- age   2:        184 bytes,        184 total
- age   8:         16 bytes,        200 total
- age  14:         16 bytes,        216 total
: 896K->0K(960K), 0.0008832 secs] 8453K->7845K(10176K), 0.0010981 secs] [Times: user=0.00 sys=0.00, real=0.00 secs] 
2019-01-02T11:12:38.140+0530: 826.043: [GC (Allocation Failure) 2019-01-02T11:12:38.140+0530: 826.043: [DefNew
Desired survivor size 32768 bytes, new threshold 15 (max 15)
- age   1:         40 bytes,         40 total
- age   3:        184 bytes,        224 total
- age   9:         16 bytes,        240 total
- age  15:         16 bytes,        256 total
: 896K->0K(960K), 0.0004601 secs] 8741K->8421K(10176K), 0.0005724 secs] [Times: user=0.01 sys=0.00, real=0.00 secs] 
2019-01-02T11:12:38.141+0530: 826.045: [GC (Allocation Failure) 2019-01-02T11:12:38.142+0530: 826.045: [DefNew
Desired survivor size 32768 bytes, new threshold 15 (max 15)
- age   1:         24 bytes,         24 total
- age   4:        184 bytes,        208 total
- age  10:         16 bytes,        224 total
: 446K->0K(960K), 0.0003774 secs] 8867K->8421K(10176K), 0.0004983 secs] [Times: user=0.00 sys=0.00, real=0.00 secs] 
2019-01-02T11:12:38.143+0530: 826.046: [GC (Allocation Failure) 2019-01-02T11:12:38.143+0530: 826.046: [DefNew
Desired survivor size 32768 bytes, new threshold 15 (max 15)
- age   2:         24 bytes,         24 total
- age   5:        184 bytes,        208 total
- age  11:         16 bytes,        224 total
: 490K->0K(960K), 0.0007794 secs] 8911K->8911K(10176K), 0.0008969 secs] [Times: user=0.00 sys=0.00, real=0.00 secs] 
2019-01-02T11:12:38.145+0530: 826.048: [GC (Allocation Failure) 2019-01-02T11:12:38.145+0530: 826.048: [DefNew: 508K->508K(960K), 0.0000371 secs]2019-01-02T11:12:38.145+0530: 826.048: [Tenured: 8911K->1247K(9216K), 0.0036370 secs] 9419K->1247K(10176K), [Metaspace: 2520K->2520K(1056768K)], 0.0038098 secs] [Times: user=0.00 sys=0.00, real=0.00 secs] 
2019-01-02T11:12:38.203+0530: 826.106: [GC (Allocation Failure) 2019-01-02T11:12:38.203+0530: 826.106: [DefNew
Desired survivor size 32768 bytes, new threshold 15 (max 15)
- age   1:        248 bytes,        248 total
: 845K->0K(960K), 0.0008170 secs] 2093K->1809K(10176K), 0.0012042 secs] [Times: user=0.00 sys=0.00, real=0.00 secs] 
2019-01-02T11:12:38.206+0530: 826.109: [GC (Allocation Failure) 2019-01-02T11:12:38.206+0530: 826.109: [DefNew
Desired survivor size 32768 bytes, new threshold 15 (max 15)
- age   1:         40 bytes,         40 total
- age   2:        184 bytes,        224 total
: 896K->0K(960K), 0.0006813 secs] 2705K->2097K(10176K), 0.0011050 secs] [Times: user=0.00 sys=0.00, real=0.00 secs] 
2019-01-02T11:12:38.208+0530: 826.111: [GC (Allocation Failure) 2019-01-02T11:12:38.208+0530: 826.111: [DefNew
Desired survivor size 32768 bytes, new threshold 15 (max 15)
- age   1:         40 bytes,         40 total
- age   3:        184 bytes,        224 total
: 896K->0K(960K), 0.0012207 secs] 2993K->2673K(10176K), 0.0014117 secs] [Times: user=0.00 sys=0.00, real=0.00 secs] 
2019-01-02T11:12:38.211+0530: 826.114: [GC (Allocation Failure) 2019-01-02T11:12:38.211+0530: 826.114: [DefNew
Desired survivor size 32768 bytes, new threshold 15 (max 15)
- age   1:         24 bytes,         24 total
- age   4:        184 bytes,        208 total
: 445K->0K(960K), 0.0005268 secs] 3119K->2673K(10176K), 0.0006175 secs] [Times: user=0.00 sys=0.00, real=0.00 secs] 
2019-01-02T11:12:38.212+0530: 826.116: [GC (Allocation Failure) 2019-01-02T11:12:38.212+0530: 826.116: [DefNew
Desired survivor size 32768 bytes, new threshold 15 (max 15)
- age   2:         24 bytes,         24 total
- age   5:        184 bytes,        208 total
: 490K->0K(960K), 0.0006192 secs] 3163K->3163K(10176K), 0.0006905 secs] [Times: user=0.00 sys=0.00, real=0.00 secs] 
2019-01-02T11:12:38.213+0530: 826.117: [GC (Allocation Failure) 2019-01-02T11:12:38.213+0530: 826.117: [DefNew
Desired survivor size 32768 bytes, new threshold 15 (max 15)
- age   1:         24 bytes,         24 total
- age   6:         72 bytes,         96 total
: 508K->0K(960K), 0.0002914 secs] 3671K->3653K(10176K), 0.0003421 secs] [Times: user=0.00 sys=0.00, real=0.00 secs] 
2019-01-02T11:12:38.274+0530: 826.178: [GC (Allocation Failure) 2019-01-02T11:12:38.275+0530: 826.178: [DefNew
Desired survivor size 32768 bytes, new threshold 15 (max 15)
- age   1:        248 bytes,        248 total
- age   7:         16 bytes,        264 total
: 845K->0K(960K), 0.0008855 secs] 4499K->3725K(10176K), 0.0012150 secs] [Times: user=0.00 sys=0.00, real=0.00 secs] 
2019-01-02T11:12:38.277+0530: 826.181: [GC (Allocation Failure) 2019-01-02T11:12:38.278+0530: 826.181: [DefNew
Desired survivor size 32768 bytes, new threshold 15 (max 15)
- age   2:        184 bytes,        184 total
- age   8:         16 bytes,        200 total
: 896K->0K(960K), 0.0005799 secs] 4621K->4013K(10176K), 0.0007389 secs] [Times: user=0.00 sys=0.00, real=0.00 secs] 
2019-01-02T11:12:38.279+0530: 826.183: [GC (Allocation Failure) 2019-01-02T11:12:38.279+0530: 826.183: [DefNew
Desired survivor size 32768 bytes, new threshold 15 (max 15)
- age   1:         40 bytes,         40 total
- age   3:        184 bytes,        224 total
- age   9:         16 bytes,        240 total
: 896K->0K(960K), 0.0009311 secs] 4909K->4589K(10176K), 0.0010753 secs] [Times: user=0.00 sys=0.00, real=0.00 secs] 
2019-01-02T11:12:38.282+0530: 826.185: [GC (Allocation Failure) 2019-01-02T11:12:38.282+0530: 826.185: [DefNew
Desired survivor size 32768 bytes, new threshold 15 (max 15)
- age   1:         24 bytes,         24 total
- age   4:        184 bytes,        208 total
- age  10:         16 bytes,        224 total
: 446K->0K(960K), 0.0002543 secs] 5036K->4589K(10176K), 0.0003341 secs] [Times: user=0.00 sys=0.00, real=0.00 secs] 
2019-01-02T11:12:38.282+0530: 826.186: [GC (Allocation Failure) 2019-01-02T11:12:38.282+0530: 826.186: [DefNew
Desired survivor size 32768 bytes, new threshold 15 (max 15)
- age   2:         24 bytes,         24 total
- age   5:        184 bytes,        208 total
- age  11:         16 bytes,        224 total
: 490K->0K(960K), 0.0003221 secs] 5079K->5079K(10176K), 0.0003752 secs] [Times: user=0.00 sys=0.00, real=0.00 secs] 
2019-01-02T11:12:38.283+0530: 826.186: [GC (Allocation Failure) 2019-01-02T11:12:38.283+0530: 826.186: [DefNew
Desired survivor size 32768 bytes, new threshold 15 (max 15)
- age   1:         24 bytes,         24 total
- age   6:         72 bytes,         96 total
- age  12:         16 bytes,        112 total
: 508K->0K(960K), 0.0002891 secs] 5587K->5569K(10176K), 0.0003467 secs] [Times: user=0.00 sys=0.00, real=0.00 secs] 
2019-01-02T11:12:38.335+0530: 826.239: [GC (Allocation Failure) 2019-01-02T11:12:38.336+0530: 826.239: [DefNew
Desired survivor size 32768 bytes, new threshold 15 (max 15)
- age   1:        248 bytes,        248 total
- age   7:         16 bytes,        264 total
- age  13:         16 bytes,        280 total
: 845K->0K(960K), 0.0008872 secs] 6415K->5642K(10176K), 0.0011523 secs] [Times: user=0.00 sys=0.00, real=0.00 secs] 
2019-01-02T11:12:38.339+0530: 826.242: [GC (Allocation Failure) 2019-01-02T11:12:38.339+0530: 826.242: [DefNew
Desired survivor size 32768 bytes, new threshold 15 (max 15)
- age   1:         40 bytes,         40 total
- age   2:        184 bytes,        224 total
- age   8:         16 bytes,        240 total
- age  14:         16 bytes,        256 total
: 896K->0K(960K), 0.0005599 secs] 6538K->5930K(10176K), 0.0008370 secs] [Times: user=0.00 sys=0.00, real=0.00 secs] 
2019-01-02T11:12:38.341+0530: 826.245: [GC (Allocation Failure) 2019-01-02T11:12:38.342+0530: 826.245: [DefNew
Desired survivor size 32768 bytes, new threshold 15 (max 15)
- age   1:         40 bytes,         40 total
- age   3:        184 bytes,        224 total
- age   9:         16 bytes,        240 total
- age  15:         16 bytes,        256 total
: 896K->0K(960K), 0.0012635 secs] 6826K->6506K(10176K), 0.0014556 secs] [Times: user=0.00 sys=0.00, real=0.00 secs] 
2019-01-02T11:12:38.344+0530: 826.247: [GC (Allocation Failure) 2019-01-02T11:12:38.344+0530: 826.247: [DefNew
Desired survivor size 32768 bytes, new threshold 15 (max 15)
- age   1:         24 bytes,         24 total
- age   4:        184 bytes,        208 total
- age  10:         16 bytes,        224 total
: 445K->0K(960K), 0.0005525 secs] 6951K->6506K(10176K), 0.0006574 secs] [Times: user=0.00 sys=0.00, real=0.00 secs] 
2019-01-02T11:12:38.345+0530: 826.249: [GC (Allocation Failure) 2019-01-02T11:12:38.345+0530: 826.249: [DefNew
Desired survivor size 32768 bytes, new threshold 15 (max 15)
- age   2:         24 bytes,         24 total
- age   5:        184 bytes,        208 total
- age  11:         16 bytes,        224 total
: 490K->0K(960K), 0.0007178 secs] 6996K->6996K(10176K), 0.0008039 secs] [Times: user=0.00 sys=0.00, real=0.00 secs] 
2019-01-02T11:12:38.346+0530: 826.250: [GC (Allocation Failure) 2019-01-02T11:12:38.347+0530: 826.250: [DefNew
Desired survivor size 32768 bytes, new threshold 15 (max 15)
- age   1:         24 bytes,         24 total
- age   6:         72 bytes,         96 total
- age  12:         16 bytes,        112 total
: 508K->0K(960K), 0.0003107 secs] 7504K->7486K(10176K), 0.0003871 secs] [Times: user=0.00 sys=0.00, real=0.00 secs] 
2019-01-02T11:12:38.398+0530: 826.301: [GC (Allocation Failure) 2019-01-02T11:12:38.398+0530: 826.301: [DefNew
Desired survivor size 32768 bytes, new threshold 15 (max 15)
- age   1:        248 bytes,        248 total
- age   7:         16 bytes,        264 total
- age  13:         16 bytes,        280 total
: 845K->0K(960K), 0.0011181 secs] 8331K->7558K(10176K), 0.0015092 secs] [Times: user=0.00 sys=0.00, real=0.00 secs] 
2019-01-02T11:12:38.402+0530: 826.304: [GC (Allocation Failure) 2019-01-02T11:12:38.402+0530: 826.304: [DefNew
Desired survivor size 32768 bytes, new threshold 15 (max 15)
- age   2:        184 bytes,        184 total
- age   8:         16 bytes,        200 total
- age  14:         16 bytes,        216 total
: 896K->0K(960K), 0.0011985 secs] 8454K->7846K(10176K), 0.0014305 secs] [Times: user=0.00 sys=0.00, real=0.00 secs] 
2019-01-02T11:12:38.405+0530: 826.307: [GC (Allocation Failure) 2019-01-02T11:12:38.405+0530: 826.307: [DefNew
Desired survivor size 32768 bytes, new threshold 15 (max 15)
- age   1:         40 bytes,         40 total
- age   3:        184 bytes,        224 total
- age   9:         16 bytes,        240 total
- age  15:         16 bytes,        256 total
: 896K->0K(960K), 0.0007897 secs] 8742K->8422K(10176K), 0.0009761 secs] [Times: user=0.00 sys=0.00, real=0.00 secs] 
2019-01-02T11:12:38.407+0530: 826.310: [GC (Allocation Failure) 2019-01-02T11:12:38.407+0530: 826.310: [DefNew
Desired survivor size 32768 bytes, new threshold 15 (max 15)
- age   1:         24 bytes,         24 total
- age   4:        184 bytes,        208 total
- age  10:         16 bytes,        224 total
: 446K->0K(960K), 0.0002703 secs] 8868K->8422K(10176K), 0.0003478 secs] [Times: user=0.00 sys=0.00, real=0.00 secs] 
2019-01-02T11:12:38.408+0530: 826.310: [GC (Allocation Failure) 2019-01-02T11:12:38.408+0530: 826.310: [DefNew
Desired survivor size 32768 bytes, new threshold 15 (max 15)
- age   2:         24 bytes,         24 total
- age   5:        184 bytes,        208 total
- age  11:         16 bytes,        224 total
: 490K->0K(960K), 0.0011654 secs] 8912K->8912K(10176K), 0.0014197 secs] [Times: user=0.00 sys=0.00, real=0.00 secs] 
2019-01-02T11:12:38.410+0530: 826.312: [GC (Allocation Failure) 2019-01-02T11:12:38.410+0530: 826.312: [DefNew: 508K->508K(960K), 0.0000308 secs]2019-01-02T11:12:38.410+0530: 826.312: [Tenured: 8912K->1247K(9216K), 0.0051138 secs] 9420K->1247K(10176K), [Metaspace: 2520K->2520K(1056768K)], 0.0052751 secs] [Times: user=0.00 sys=0.00, real=0.00 secs] 
2019-01-02T11:12:38.467+0530: 826.369: [GC (Allocation Failure) 2019-01-02T11:12:38.467+0530: 826.370: [DefNew
Desired survivor size 32768 bytes, new threshold 15 (max 15)
- age   1:        248 bytes,        248 total
: 845K->0K(960K), 0.0013604 secs] 2093K->1809K(10176K), 0.0017954 secs] [Times: user=0.01 sys=0.00, real=0.00 secs] 
2019-01-02T11:12:38.470+0530: 826.373: [GC (Allocation Failure) 2019-01-02T11:12:38.471+0530: 826.373: [DefNew
Desired survivor size 32768 bytes, new threshold 15 (max 15)
- age   1:         40 bytes,         40 total
- age   2:        184 bytes,        224 total
: 896K->0K(960K), 0.0006283 secs] 2705K->2097K(10176K), 0.0009795 secs] [Times: user=0.00 sys=0.00, real=0.00 secs] 
2019-01-02T11:12:38.473+0530: 826.376: [GC (Allocation Failure) 2019-01-02T11:12:38.473+0530: 826.376: [DefNew
Desired survivor size 32768 bytes, new threshold 15 (max 15)
- age   1:         40 bytes,         40 total
- age   3:        184 bytes,        224 total
: 896K->0K(960K), 0.0011768 secs] 2993K->2673K(10176K), 0.0013661 secs] [Times: user=0.00 sys=0.00, real=0.00 secs] 
2019-01-02T11:12:38.476+0530: 826.379: [GC (Allocation Failure) 2019-01-02T11:12:38.476+0530: 826.379: [DefNew
Desired survivor size 32768 bytes, new threshold 15 (max 15)
- age   1:         24 bytes,         24 total
- age   4:        184 bytes,        208 total
: 445K->0K(960K), 0.0002760 secs] 3119K->2673K(10176K), 0.0003621 secs] [Times: user=0.00 sys=0.00, real=0.00 secs] 
2019-01-02T11:12:38.477+0530: 826.380: [GC (Allocation Failure) 2019-01-02T11:12:38.477+0530: 826.380: [DefNew
Desired survivor size 32768 bytes, new threshold 15 (max 15)
- age   2:         24 bytes,         24 total
- age   5:        184 bytes,        208 total
: 490K->0K(960K), 0.0006346 secs] 3164K->3164K(10176K), 0.0007366 secs] [Times: user=0.00 sys=0.00, real=0.00 secs] 
2019-01-02T11:12:38.479+0530: 826.381: [GC (Allocation Failure) 2019-01-02T11:12:38.479+0530: 826.381: [DefNew
Desired survivor size 32768 bytes, new threshold 15 (max 15)
- age   1:         24 bytes,         24 total
- age   6:         72 bytes,         96 total
: 508K->0K(960K), 0.0005616 secs] 3672K->3654K(10176K), 0.0006625 secs] [Times: user=0.00 sys=0.00, real=0.00 secs] 
2019-01-02T11:12:38.532+0530: 826.434: [GC (Allocation Failure) 2019-01-02T11:12:38.532+0530: 826.434: [DefNew
Desired survivor size 32768 bytes, new threshold 15 (max 15)
- age   1:        248 bytes,        248 total
- age   7:         16 bytes,        264 total
: 845K->0K(960K), 0.0008604 secs] 4499K->3726K(10176K), 0.0010787 secs] [Times: user=0.00 sys=0.00, real=0.00 secs] 
2019-01-02T11:12:38.534+0530: 826.437: [GC (Allocation Failure) 2019-01-02T11:12:38.535+0530: 826.437: [DefNew
Desired survivor size 32768 bytes, new threshold 15 (max 15)
- age   2:        184 bytes,        184 total
- age   8:         16 bytes,        200 total
: 896K->0K(960K), 0.0011015 secs] 4622K->4014K(10176K), 0.0013296 secs] [Times: user=0.00 sys=0.00, real=0.00 secs] 
2019-01-02T11:12:38.537+0530: 826.440: [GC (Allocation Failure) 2019-01-02T11:12:38.537+0530: 826.440: [DefNew
Desired survivor size 32768 bytes, new threshold 15 (max 15)
- age   1:         40 bytes,         40 total
- age   3:        184 bytes,        224 total
- age   9:         16 bytes,        240 total
: 896K->0K(960K), 0.0007452 secs] 4910K->4590K(10176K), 0.0009299 secs] [Times: user=0.00 sys=0.00, real=0.00 secs] 
2019-01-02T11:12:38.540+0530: 826.442: [GC (Allocation Failure) 2019-01-02T11:12:38.540+0530: 826.442: [DefNew
Desired survivor size 32768 bytes, new threshold 15 (max 15)
- age   1:         24 bytes,         24 total
- age   4:        184 bytes,        208 total
- age  10:         16 bytes,        224 total
: 446K->0K(960K), 0.0006722 secs] 5036K->4590K(10176K), 0.0009105 secs] [Times: user=0.00 sys=0.00, real=0.00 secs] 
2019-01-02T11:12:38.542+0530: 826.444: [GC (Allocation Failure) 2019-01-02T11:12:38.542+0530: 826.444: [DefNew
Desired survivor size 32768 bytes, new threshold 15 (max 15)
- age   2:         24 bytes,         24 total
- age   5:        184 bytes,        208 total
- age  11:         16 bytes,        224 total
: 490K->0K(960K), 0.0012184 secs] 5080K->5080K(10176K), 0.0014927 secs] [Times: user=0.00 sys=0.00, real=0.00 secs] 
2019-01-02T11:12:38.544+0530: 826.447: [GC (Allocation Failure) 2019-01-02T11:12:38.544+0530: 826.447: [DefNew
Desired survivor size 32768 bytes, new threshold 15 (max 15)
- age   1:         24 bytes,         24 total
- age   6:         72 bytes,         96 total
- age  12:         16 bytes,        112 total
: 508K->0K(960K), 0.0005713 secs] 5588K->5570K(10176K), 0.0007213 secs] [Times: user=0.00 sys=0.00, real=0.00 secs] 
2019-01-02T11:12:38.600+0530: 826.503: [GC (Allocation Failure) 2019-01-02T11:12:38.600+0530: 826.503: [DefNew
Desired survivor size 32768 bytes, new threshold 15 (max 15)
- age   1:        248 bytes,        248 total
- age   7:         16 bytes,        264 total
- age  13:         16 bytes,        280 total
: 846K->0K(960K), 0.0009009 secs] 6416K->5642K(10176K), 0.0011979 secs] [Times: user=0.00 sys=0.00, real=0.00 secs] 
2019-01-02T11:12:38.604+0530: 826.506: [GC (Allocation Failure) 2019-01-02T11:12:38.604+0530: 826.506: [DefNew
Desired survivor size 32768 bytes, new threshold 15 (max 15)
- age   1:         40 bytes,         40 total
- age   2:        184 bytes,        224 total
- age   8:         16 bytes,        240 total
- age  14:         16 bytes,        256 total
: 896K->0K(960K), 0.0009601 secs] 6538K->5930K(10176K), 0.0011700 secs] [Times: user=0.00 sys=0.00, real=0.00 secs] 
2019-01-02T11:12:38.606+0530: 826.509: [GC (Allocation Failure) 2019-01-02T11:12:38.606+0530: 826.509: [DefNew
Desired survivor size 32768 bytes, new threshold 15 (max 15)
- age   1:         40 bytes,         40 total
- age   3:        184 bytes,        224 total
- age   9:         16 bytes,        240 total
- age  15:         16 bytes,        256 total
: 896K->0K(960K), 0.0009641 secs] 6826K->6506K(10176K), 0.0010958 secs] [Times: user=0.00 sys=0.00, real=0.00 secs] 
2019-01-02T11:12:38.609+0530: 826.511: [GC (Allocation Failure) 2019-01-02T11:12:38.609+0530: 826.511: [DefNew
Desired survivor size 32768 bytes, new threshold 15 (max 15)
- age   1:         24 bytes,         24 total
- age   4:        184 bytes,        208 total
- age  10:         16 bytes,        224 total
: 445K->0K(960K), 0.0005913 secs] 6952K->6506K(10176K), 0.0006967 secs] [Times: user=0.00 sys=0.00, real=0.00 secs] 
2019-01-02T11:12:38.610+0530: 826.513: [GC (Allocation Failure) 2019-01-02T11:12:38.611+0530: 826.513: [DefNew
Desired survivor size 32768 bytes, new threshold 15 (max 15)
- age   2:         24 bytes,         24 total
- age   5:        184 bytes,        208 total
- age  11:         16 bytes,        224 total
: 490K->0K(960K), 0.0003883 secs] 6996K->6996K(10176K), 0.0006346 secs] [Times: user=0.00 sys=0.00, real=0.00 secs] 
2019-01-02T11:12:38.611+0530: 826.514: [GC (Allocation Failure) 2019-01-02T11:12:38.611+0530: 826.514: [DefNew
Desired survivor size 32768 bytes, new threshold 15 (max 15)
- age   1:         24 bytes,         24 total
- age   6:         72 bytes,         96 total
- age  12:         16 bytes,        112 total
: 508K->0K(960K), 0.0005171 secs] 7504K->7486K(10176K), 0.0006716 secs] [Times: user=0.00 sys=0.00, real=0.00 secs] 
2019-01-02T11:12:38.666+0530: 826.569: [GC (Allocation Failure) 2019-01-02T11:12:38.666+0530: 826.569: [DefNew
Desired survivor size 32768 bytes, new threshold 15 (max 15)
- age   1:        248 bytes,        248 total
- age   7:         16 bytes,        264 total
- age  13:         16 bytes,        280 total
: 845K->0K(960K), 0.0009499 secs] 8332K->7559K(10176K), 0.0013119 secs] [Times: user=0.00 sys=0.00, real=0.00 secs] 
2019-01-02T11:12:38.669+0530: 826.572: [GC (Allocation Failure) 2019-01-02T11:12:38.669+0530: 826.572: [DefNew
Desired survivor size 32768 bytes, new threshold 15 (max 15)
- age   2:        184 bytes,        184 total
- age   8:         16 bytes,        200 total
- age  14:         16 bytes,        216 total
: 896K->0K(960K), 0.0008581 secs] 8455K->7847K(10176K), 0.0010143 secs] [Times: user=0.00 sys=0.00, real=0.00 secs] 
2019-01-02T11:12:38.672+0530: 826.575: [GC (Allocation Failure) 2019-01-02T11:12:38.672+0530: 826.575: [DefNew
Desired survivor size 32768 bytes, new threshold 15 (max 15)
- age   1:         40 bytes,         40 total
- age   3:        184 bytes,        224 total
- age   9:         16 bytes,        240 total
- age  15:         16 bytes,        256 total
: 896K->0K(960K), 0.0013051 secs] 8743K->8423K(10176K), 0.0014436 secs] [Times: user=0.00 sys=0.00, real=0.00 secs] 
2019-01-02T11:12:38.674+0530: 826.577: [GC (Allocation Failure) 2019-01-02T11:12:38.674+0530: 826.577: [DefNew
Desired survivor size 32768 bytes, new threshold 15 (max 15)
- age   1:         24 bytes,         24 total
- age   4:        184 bytes,        208 total
- age  10:         16 bytes,        224 total
: 446K->0K(960K), 0.0002606 secs] 8869K->8423K(10176K), 0.0003353 secs] [Times: user=0.00 sys=0.00, real=0.00 secs] 
2019-01-02T11:12:38.675+0530: 826.578: [GC (Allocation Failure) 2019-01-02T11:12:38.675+0530: 826.578: [DefNew
Desired survivor size 32768 bytes, new threshold 15 (max 15)
- age   2:         24 bytes,         24 total
- age   5:        184 bytes,        208 total
- age  11:         16 bytes,        224 total
: 490K->0K(960K), 0.0003062 secs] 8913K->8913K(10176K), 0.0003752 secs] [Times: user=0.00 sys=0.00, real=0.00 secs] 
2019-01-02T11:12:38.676+0530: 826.578: [GC (Allocation Failure) 2019-01-02T11:12:38.676+0530: 826.578: [DefNew: 508K->508K(960K), 0.0000251 secs]2019-01-02T11:12:38.676+0530: 826.579: [Tenured: 8912K->1247K(9216K), 0.0063356 secs] 9421K->1247K(10176K), [Metaspace: 2520K->2520K(1056768K)], 0.0064793 secs] [Times: user=0.00 sys=0.00, real=0.01 secs] 
2019-01-02T11:12:38.739+0530: 826.642: [GC (Allocation Failure) 2019-01-02T11:12:38.739+0530: 826.642: [DefNew
Desired survivor size 32768 bytes, new threshold 15 (max 15)
- age   1:        248 bytes,        248 total
: 845K->0K(960K), 0.0015286 secs] 2093K->1810K(10176K), 0.0016728 secs] [Times: user=0.00 sys=0.00, real=0.00 secs] 
2019-01-02T11:12:38.742+0530: 826.645: [GC (Allocation Failure) 2019-01-02T11:12:38.742+0530: 826.645: [DefNew
Desired survivor size 32768 bytes, new threshold 15 (max 15)
- age   1:         40 bytes,         40 total
- age   2:        184 bytes,        224 total
: 896K->0K(960K), 0.0003928 secs] 2706K->2098K(10176K), 0.0004960 secs] [Times: user=0.00 sys=0.00, real=0.00 secs] 
2019-01-02T11:12:38.745+0530: 826.648: [GC (Allocation Failure) 2019-01-02T11:12:38.745+0530: 826.648: [DefNew
Desired survivor size 32768 bytes, new threshold 15 (max 15)
- age   1:         40 bytes,         40 total
- age   3:        184 bytes,        224 total
: 896K->0K(960K), 0.0005263 secs] 2994K->2674K(10176K), 0.0006369 secs] [Times: user=0.00 sys=0.00, real=0.00 secs] 
2019-01-02T11:12:38.747+0530: 826.649: [GC (Allocation Failure) 2019-01-02T11:12:38.747+0530: 826.649: [DefNew
Desired survivor size 32768 bytes, new threshold 15 (max 15)
- age   1:         24 bytes,         24 total
- age   4:        184 bytes,        208 total
: 445K->0K(960K), 0.0005035 secs] 3119K->2674K(10176K), 0.0006078 secs] [Times: user=0.00 sys=0.00, real=0.00 secs] 
2019-01-02T11:12:38.748+0530: 826.651: [GC (Allocation Failure) 2019-01-02T11:12:38.748+0530: 826.651: [DefNew
Desired survivor size 32768 bytes, new threshold 15 (max 15)
- age   2:         24 bytes,         24 total
- age   5:        184 bytes,        208 total
: 490K->0K(960K), 0.0005616 secs] 3164K->3164K(10176K), 0.0006437 secs] [Times: user=0.00 sys=0.00, real=0.00 secs] 
2019-01-02T11:12:38.749+0530: 826.652: [GC (Allocation Failure) 2019-01-02T11:12:38.749+0530: 826.652: [DefNew
Desired survivor size 32768 bytes, new threshold 15 (max 15)
- age   1:         24 bytes,         24 total
- age   6:         72 bytes,         96 total
: 508K->0K(960K), 0.0003107 secs] 3672K->3654K(10176K), 0.0003643 secs] [Times: user=0.00 sys=0.00, real=0.00 secs] 
2019-01-02T11:12:38.804+0530: 826.707: [GC (Allocation Failure) 2019-01-02T11:12:38.804+0530: 826.707: [DefNew
Desired survivor size 32768 bytes, new threshold 15 (max 15)
- age   1:        248 bytes,        248 total
- age   7:         16 bytes,        264 total
: 845K->0K(960K), 0.0008273 secs] 4500K->3726K(10176K), 0.0010941 secs] [Times: user=0.00 sys=0.00, real=0.00 secs] 
2019-01-02T11:12:38.807+0530: 826.710: [GC (Allocation Failure) 2019-01-02T11:12:38.807+0530: 826.710: [DefNew
Desired survivor size 32768 bytes, new threshold 15 (max 15)
- age   2:        184 bytes,        184 total
- age   8:         16 bytes,        200 total
: 896K->0K(960K), 0.0006831 secs] 4622K->4014K(10176K), 0.0008079 secs] [Times: user=0.00 sys=0.00, real=0.00 secs] 
2019-01-02T11:12:38.809+0530: 826.712: [GC (Allocation Failure) 2019-01-02T11:12:38.809+0530: 826.712: [DefNew
Desired survivor size 32768 bytes, new threshold 15 (max 15)
- age   1:         40 bytes,         40 total
- age   3:        184 bytes,        224 total
- age   9:         16 bytes,        240 total
: 896K->0K(960K), 0.0003757 secs] 4910K->4590K(10176K), 0.0004419 secs] [Times: user=0.00 sys=0.00, real=0.00 secs] 
2019-01-02T11:12:38.811+0530: 826.714: [GC (Allocation Failure) 2019-01-02T11:12:38.811+0530: 826.714: [DefNew
Desired survivor size 32768 bytes, new threshold 15 (max 15)
- age   1:         24 bytes,         24 total
- age   4:        184 bytes,        208 total
- age  10:         16 bytes,        224 total
: 446K->0K(960K), 0.0004105 secs] 5037K->4590K(10176K), 0.0006295 secs] [Times: user=0.01 sys=0.00, real=0.00 secs] 
2019-01-02T11:12:38.812+0530: 826.715: [GC (Allocation Failure) 2019-01-02T11:12:38.812+0530: 826.715: [DefNew
Desired survivor size 32768 bytes, new threshold 15 (max 15)
- age   2:         24 bytes,         24 total
- age   5:        184 bytes,        208 total
- age  11:         16 bytes,        224 total
: 490K->0K(960K), 0.0003615 secs] 5080K->5080K(10176K), 0.0004493 secs] [Times: user=0.00 sys=0.00, real=0.00 secs] 
2019-01-02T11:12:38.813+0530: 826.716: [GC (Allocation Failure) 2019-01-02T11:12:38.813+0530: 826.716: [DefNew
Desired survivor size 32768 bytes, new threshold 15 (max 15)
- age   1:         24 bytes,         24 total
- age   6:         72 bytes,         96 total
- age  12:         16 bytes,        112 total
: 508K->0K(960K), 0.0006391 secs] 5588K->5571K(10176K), 0.0007161 secs] [Times: user=0.00 sys=0.00, real=0.00 secs] 
2019-01-02T11:12:38.865+0530: 826.768: [GC (Allocation Failure) 2019-01-02T11:12:38.866+0530: 826.768: [DefNew
Desired survivor size 32768 bytes, new threshold 15 (max 15)
- age   1:        248 bytes,        248 total
- age   7:         16 bytes,        264 total
- age  13:         16 bytes,        280 total
: 846K->0K(960K), 0.0006209 secs] 6417K->5643K(10176K), 0.0007982 secs] [Times: user=0.00 sys=0.00, real=0.00 secs] 
2019-01-02T11:12:38.868+0530: 826.770: [GC (Allocation Failure) 2019-01-02T11:12:38.868+0530: 826.770: [DefNew
Desired survivor size 32768 bytes, new threshold 15 (max 15)
- age   1:         40 bytes,         40 total
- age   2:        184 bytes,        224 total
- age   8:         16 bytes,        240 total
- age  14:         16 bytes,        256 total
: 896K->0K(960K), 0.0009818 secs] 6539K->5931K(10176K), 0.0012179 secs] [Times: user=0.00 sys=0.00, real=0.00 secs] 
2019-01-02T11:12:38.870+0530: 826.773: [GC (Allocation Failure) 2019-01-02T11:12:38.870+0530: 826.773: [DefNew
Desired survivor size 32768 bytes, new threshold 15 (max 15)
- age   1:         40 bytes,         40 total
- age   3:        184 bytes,        224 total
- age   9:         16 bytes,        240 total
- age  15:         16 bytes,        256 total
: 896K->0K(960K), 0.0010805 secs] 6827K->6507K(10176K), 0.0013290 secs] [Times: user=0.00 sys=0.00, real=0.00 secs] 
2019-01-02T11:12:38.873+0530: 826.776: [GC (Allocation Failure) 2019-01-02T11:12:38.873+0530: 826.776: [DefNew
Desired survivor size 32768 bytes, new threshold 15 (max 15)
- age   1:         24 bytes,         24 total
- age   4:        184 bytes,        208 total
- age  10:         16 bytes,        224 total
: 445K->0K(960K), 0.0002953 secs] 6952K->6507K(10176K), 0.0003786 secs] [Times: user=0.00 sys=0.00, real=0.00 secs] 
2019-01-02T11:12:38.874+0530: 826.776: [GC (Allocation Failure) 2019-01-02T11:12:38.874+0530: 826.777: [DefNew
Desired survivor size 32768 bytes, new threshold 15 (max 15)
- age   2:         24 bytes,         24 total
- age   5:        184 bytes,        208 total
- age  11:         16 bytes,        224 total
: 490K->0K(960K), 0.0003506 secs] 6997K->6997K(10176K), 0.0004225 secs] [Times: user=0.00 sys=0.00, real=0.00 secs] 
2019-01-02T11:12:38.875+0530: 826.777: [GC (Allocation Failure) 2019-01-02T11:12:38.875+0530: 826.777: [DefNew
Desired survivor size 32768 bytes, new threshold 15 (max 15)
- age   1:         24 bytes,         24 total
- age   6:         72 bytes,         96 total
- age  12:         16 bytes,        112 total
: 508K->0K(960K), 0.0003256 secs] 7505K->7487K(10176K), 0.0003980 secs] [Times: user=0.00 sys=0.00, real=0.00 secs] 
2019-01-02T11:12:38.931+0530: 826.834: [GC (Allocation Failure) 2019-01-02T11:12:38.931+0530: 826.834: [DefNew
Desired survivor size 32768 bytes, new threshold 15 (max 15)
- age   1:        248 bytes,        248 total
- age   7:         16 bytes,        264 total
- age  13:         16 bytes,        280 total
: 845K->0K(960K), 0.0006186 secs] 8333K->7559K(10176K), 0.0008108 secs] [Times: user=0.00 sys=0.00, real=0.00 secs] 
2019-01-02T11:12:38.934+0530: 826.836: [GC (Allocation Failure) 2019-01-02T11:12:38.934+0530: 826.837: [DefNew
Desired survivor size 32768 bytes, new threshold 15 (max 15)
- age   2:        184 bytes,        184 total
- age   8:         16 bytes,        200 total
- age  14:         16 bytes,        216 total
: 896K->0K(960K), 0.0009909 secs] 8455K->7847K(10176K), 0.0011665 secs] [Times: user=0.00 sys=0.00, real=0.00 secs] 
2019-01-02T11:12:38.936+0530: 826.839: [GC (Allocation Failure) 2019-01-02T11:12:38.937+0530: 826.839: [DefNew
Desired survivor size 32768 bytes, new threshold 15 (max 15)
- age   1:         40 bytes,         40 total
- age   3:        184 bytes,        224 total
- age   9:         16 bytes,        240 total
- age  15:         16 bytes,        256 total
: 896K->0K(960K), 0.0011956 secs] 8743K->8423K(10176K), 0.0014351 secs] [Times: user=0.00 sys=0.00, real=0.00 secs] 
2019-01-02T11:12:38.939+0530: 826.842: [GC (Allocation Failure) 2019-01-02T11:12:38.939+0530: 826.842: [DefNew
Desired survivor size 32768 bytes, new threshold 15 (max 15)
- age   1:         24 bytes,         24 total
- age   4:        184 bytes,        208 total
- age  10:         16 bytes,        224 total
: 446K->0K(960K), 0.0002691 secs] 8870K->8423K(10176K), 0.0003472 secs] [Times: user=0.00 sys=0.00, real=0.00 secs] 
2019-01-02T11:12:38.940+0530: 826.843: [GC (Allocation Failure) 2019-01-02T11:12:38.940+0530: 826.843: [DefNew
Desired survivor size 32768 bytes, new threshold 15 (max 15)
- age   2:         24 bytes,         24 total
- age   5:        184 bytes,        208 total
- age  11:         16 bytes,        224 total
: 490K->0K(960K), 0.0003575 secs] 8914K->8914K(10176K), 0.0004310 secs] [Times: user=0.00 sys=0.00, real=0.00 secs] 
2019-01-02T11:12:38.941+0530: 826.844: [GC (Allocation Failure) 2019-01-02T11:12:38.941+0530: 826.844: [DefNew: 508K->508K(960K), 0.0000285 secs]2019-01-02T11:12:38.941+0530: 826.844: [Tenured: 8913K->1247K(9216K), 0.0052284 secs] 9422K->1247K(10176K), [Metaspace: 2520K->2520K(1056768K)], 0.0054918 secs] [Times: user=0.00 sys=0.00, real=0.01 secs] 
2019-01-02T11:12:38.999+0530: 826.902: [GC (Allocation Failure) 2019-01-02T11:12:38.999+0530: 826.902: [DefNew
Desired survivor size 32768 bytes, new threshold 15 (max 15)
- age   1:        248 bytes,        248 total
: 846K->0K(960K), 0.0014858 secs] 2093K->1810K(10176K), 0.0018428 secs] [Times: user=0.00 sys=0.00, real=0.00 secs] 
2019-01-02T11:12:39.003+0530: 826.905: [GC (Allocation Failure) 2019-01-02T11:12:39.003+0530: 826.905: [DefNew
Desired survivor size 32768 bytes, new threshold 15 (max 15)
- age   1:         40 bytes,         40 total
- age   2:        184 bytes,        224 total
: 896K->0K(960K), 0.0010599 secs] 2706K->2098K(10176K), 0.0012498 secs] [Times: user=0.00 sys=0.00, real=0.00 secs] 
2019-01-02T11:12:39.006+0530: 826.908: [GC (Allocation Failure) 2019-01-02T11:12:39.006+0530: 826.908: [DefNew
Desired survivor size 32768 bytes, new threshold 15 (max 15)
- age   1:         40 bytes,         40 total
- age   3:        184 bytes,        224 total
: 896K->0K(960K), 0.0011061 secs] 2994K->2674K(10176K), 0.0012977 secs] [Times: user=0.00 sys=0.00, real=0.00 secs] 
2019-01-02T11:12:39.008+0530: 826.911: [GC (Allocation Failure) 2019-01-02T11:12:39.008+0530: 826.911: [DefNew
Desired survivor size 32768 bytes, new threshold 15 (max 15)
- age   1:         24 bytes,         24 total
- age   4:        184 bytes,        208 total
: 445K->0K(960K), 0.0002674 secs] 3119K->2674K(10176K), 0.0003455 secs] [Times: user=0.00 sys=0.00, real=0.00 secs] 
2019-01-02T11:12:39.009+0530: 826.912: [GC (Allocation Failure) 2019-01-02T11:12:39.009+0530: 826.912: [DefNew
Desired survivor size 32768 bytes, new threshold 15 (max 15)
- age   2:         24 bytes,         24 total
- age   5:        184 bytes,        208 total
: 490K->0K(960K), 0.0003347 secs] 3164K->3164K(10176K), 0.0004054 secs] [Times: user=0.00 sys=0.00, real=0.00 secs] 
2019-01-02T11:12:39.010+0530: 826.912: [GC (Allocation Failure) 2019-01-02T11:12:39.010+0530: 826.913: [DefNew
Desired survivor size 32768 bytes, new threshold 15 (max 15)
- age   1:         24 bytes,         24 total
- age   6:         72 bytes,         96 total
: 508K->0K(960K), 0.0004738 secs] 3672K->3654K(10176K), 0.0005474 secs] [Times: user=0.00 sys=0.00, real=0.00 secs] 
2019-01-02T11:12:39.072+0530: 826.975: [GC (Allocation Failure) 2019-01-02T11:12:39.072+0530: 826.975: [DefNew
Desired survivor size 32768 bytes, new threshold 15 (max 15)
- age   1:        248 bytes,        248 total
- age   7:         16 bytes,        264 total
: 845K->0K(960K), 0.0009978 secs] 4500K->3727K(10176K), 0.0012601 secs] [Times: user=0.00 sys=0.00, real=0.00 secs] 
2019-01-02T11:12:39.075+0530: 826.978: [GC (Allocation Failure) 2019-01-02T11:12:39.075+0530: 826.978: [DefNew
Desired survivor size 32768 bytes, new threshold 15 (max 15)
- age   2:        184 bytes,        184 total
- age   8:         16 bytes,        200 total
: 896K->0K(960K), 0.0011894 secs] 4623K->4015K(10176K), 0.0015109 secs] [Times: user=0.00 sys=0.00, real=0.00 secs] 
2019-01-02T11:12:39.078+0530: 826.981: [GC (Allocation Failure) 2019-01-02T11:12:39.078+0530: 826.981: [DefNew
Desired survivor size 32768 bytes, new threshold 15 (max 15)
- age   1:         40 bytes,         40 total
- age   3:        184 bytes,        224 total
- age   9:         16 bytes,        240 total
: 896K->0K(960K), 0.0004966 secs] 4911K->4591K(10176K), 0.0005907 secs] [Times: user=0.00 sys=0.00, real=0.00 secs] 
2019-01-02T11:12:39.080+0530: 826.983: [GC (Allocation Failure) 2019-01-02T11:12:39.080+0530: 826.983: [DefNew
Desired survivor size 32768 bytes, new threshold 15 (max 15)
- age   1:         24 bytes,         24 total
- age   4:        184 bytes,        208 total
- age  10:         16 bytes,        224 total
: 446K->0K(960K), 0.0006300 secs] 5037K->4591K(10176K), 0.0007349 secs] [Times: user=0.00 sys=0.00, real=0.00 secs] 
2019-01-02T11:12:39.081+0530: 826.984: [GC (Allocation Failure) 2019-01-02T11:12:39.081+0530: 826.984: [DefNew
Desired survivor size 32768 bytes, new threshold 15 (max 15)
- age   2:         24 bytes,         24 total
- age   5:        184 bytes,        208 total
- age  11:         16 bytes,        224 total
: 490K->0K(960K), 0.0009790 secs] 5081K->5081K(10176K), 0.0010588 secs] [Times: user=0.00 sys=0.00, real=0.00 secs] 
2019-01-02T11:12:39.083+0530: 826.985: [GC (Allocation Failure) 2019-01-02T11:12:39.083+0530: 826.985: [DefNew
Desired survivor size 32768 bytes, new threshold 15 (max 15)
- age   1:         24 bytes,         24 total
- age   6:         72 bytes,         96 total
- age  12:         16 bytes,        112 total
: 508K->0K(960K), 0.0003427 secs] 5589K->5571K(10176K), 0.0004008 secs] [Times: user=0.00 sys=0.00, real=0.00 secs] 
2019-01-02T11:12:39.135+0530: 827.037: [GC (Allocation Failure) 2019-01-02T11:12:39.135+0530: 827.038: [DefNew
Desired survivor size 32768 bytes, new threshold 15 (max 15)
- age   1:        248 bytes,        248 total
- age   7:         16 bytes,        264 total
- age  13:         16 bytes,        280 total
: 846K->0K(960K), 0.0007959 secs] 6417K->5643K(10176K), 0.0010126 secs] [Times: user=0.00 sys=0.00, real=0.00 secs] 
2019-01-02T11:12:39.138+0530: 827.040: [GC (Allocation Failure) 2019-01-02T11:12:39.138+0530: 827.041: [DefNew
Desired survivor size 32768 bytes, new threshold 15 (max 15)
- age   1:         40 bytes,         40 total
- age   2:        184 bytes,        224 total
- age   8:         16 bytes,        240 total
- age  14:         16 bytes,        256 total
: 896K->0K(960K), 0.0011990 secs] 6539K->5931K(10176K), 0.0013747 secs] [Times: user=0.02 sys=0.00, real=0.00 secs] 
2019-01-02T11:12:39.141+0530: 827.044: [GC (Allocation Failure) 2019-01-02T11:12:39.141+0530: 827.044: [DefNew
Desired survivor size 32768 bytes, new threshold 15 (max 15)
- age   1:         40 bytes,         40 total
- age   3:        184 bytes,        224 total
- age   9:         16 bytes,        240 total
- age  15:         16 bytes,        256 total
: 896K->0K(960K), 0.0011814 secs] 6827K->6507K(10176K), 0.0013444 secs] [Times: user=0.00 sys=0.00, real=0.00 secs] 
2019-01-02T11:12:39.144+0530: 827.046: [GC (Allocation Failure) 2019-01-02T11:12:39.144+0530: 827.046: [DefNew
Desired survivor size 32768 bytes, new threshold 15 (max 15)
- age   1:         24 bytes,         24 total
- age   4:        184 bytes,        208 total
- age  10:         16 bytes,        224 total
: 445K->0K(960K), 0.0002714 secs] 6953K->6507K(10176K), 0.0003410 secs] [Times: user=0.00 sys=0.00, real=0.00 secs] 
2019-01-02T11:12:39.144+0530: 827.047: [GC (Allocation Failure) 2019-01-02T11:12:39.144+0530: 827.047: [DefNew
Desired survivor size 32768 bytes, new threshold 15 (max 15)
- age   2:         24 bytes,         24 total
- age   5:        184 bytes,        208 total
- age  11:         16 bytes,        224 total
: 490K->0K(960K), 0.0003239 secs] 6998K->6998K(10176K), 0.0003928 secs] [Times: user=0.00 sys=0.00, real=0.00 secs] 
2019-01-02T11:12:39.146+0530: 827.049: [GC (Allocation Failure) 2019-01-02T11:12:39.146+0530: 827.049: [DefNew
Desired survivor size 32768 bytes, new threshold 15 (max 15)
- age   1:         24 bytes,         24 total
- age   6:         72 bytes,         96 total
- age  12:         16 bytes,        112 total
: 508K->0K(960K), 0.0008701 secs] 7506K->7488K(10176K), 0.0010611 secs] [Times: user=0.00 sys=0.00, real=0.00 secs] 
2019-01-02T11:12:39.203+0530: 827.105: [GC (Allocation Failure) 2019-01-02T11:12:39.203+0530: 827.106: [DefNew
Desired survivor size 32768 bytes, new threshold 15 (max 15)
- age   1:        248 bytes,        248 total
- age   7:         16 bytes,        264 total
- age  13:         16 bytes,        280 total
: 845K->0K(960K), 0.0008746 secs] 8334K->7560K(10176K), 0.0012720 secs] [Times: user=0.00 sys=0.00, real=0.00 secs] 
2019-01-02T11:12:39.206+0530: 827.109: [GC (Allocation Failure) 2019-01-02T11:12:39.206+0530: 827.109: [DefNew
Desired survivor size 32768 bytes, new threshold 15 (max 15)
- age   2:        184 bytes,        184 total
- age   8:         16 bytes,        200 total
- age  14:         16 bytes,        216 total
: 896K->0K(960K), 0.0006528 secs] 8456K->7848K(10176K), 0.0008723 secs] [Times: user=0.00 sys=0.00, real=0.00 secs] 
2019-01-02T11:12:39.208+0530: 827.111: [GC (Allocation Failure) 2019-01-02T11:12:39.208+0530: 827.111: [DefNew
Desired survivor size 32768 bytes, new threshold 15 (max 15)
- age   1:         40 bytes,         40 total
- age   3:        184 bytes,        224 total
- age   9:         16 bytes,        240 total
- age  15:         16 bytes,        256 total
: 896K->0K(960K), 0.0003695 secs] 8744K->8424K(10176K), 0.0004510 secs] [Times: user=0.00 sys=0.00, real=0.00 secs] 
2019-01-02T11:12:39.210+0530: 827.113: [GC (Allocation Failure) 2019-01-02T11:12:39.210+0530: 827.113: [DefNew
Desired survivor size 32768 bytes, new threshold 15 (max 15)
- age   1:         24 bytes,         24 total
- age   4:        184 bytes,        208 total
- age  10:         16 bytes,        224 total
: 446K->0K(960K), 0.0002760 secs] 8870K->8424K(10176K), 0.0003472 secs] [Times: user=0.00 sys=0.00, real=0.00 secs] 
2019-01-02T11:12:39.211+0530: 827.113: [GC (Allocation Failure) 2019-01-02T11:12:39.211+0530: 827.113: [DefNew
Desired survivor size 32768 bytes, new threshold 15 (max 15)
- age   2:         24 bytes,         24 total
- age   5:        184 bytes,        208 total
- age  11:         16 bytes,        224 total
: 490K->0K(960K), 0.0003119 secs] 8914K->8914K(10176K), 0.0003831 secs] [Times: user=0.00 sys=0.00, real=0.00 secs] 
2019-01-02T11:12:39.211+0530: 827.114: [GC (Allocation Failure) 2019-01-02T11:12:39.211+0530: 827.114: [DefNew: 508K->508K(960K), 0.0000279 secs]2019-01-02T11:12:39.211+0530: 827.114: [Tenured: 8914K->1248K(9216K), 0.0055402 secs] 9423K->1248K(10176K), [Metaspace: 2520K->2520K(1056768K)], 0.0058937 secs] [Times: user=0.00 sys=0.02, real=0.01 secs] 
2019-01-02T11:12:39.272+0530: 827.175: [GC (Allocation Failure) 2019-01-02T11:12:39.273+0530: 827.175: [DefNew
Desired survivor size 32768 bytes, new threshold 15 (max 15)
- age   1:        248 bytes,        248 total
: 846K->0K(960K), 0.0010308 secs] 2094K->1810K(10176K), 0.0014009 secs] [Times: user=0.00 sys=0.00, real=0.00 secs] 
2019-01-02T11:12:39.276+0530: 827.178: [GC (Allocation Failure) 2019-01-02T11:12:39.276+0530: 827.178: [DefNew
Desired survivor size 32768 bytes, new threshold 15 (max 15)
- age   1:         40 bytes,         40 total
- age   2:        184 bytes,        224 total
: 896K->0K(960K), 0.0008501 secs] 2706K->2098K(10176K), 0.0009978 secs] [Times: user=0.00 sys=0.00, real=0.00 secs] 
2019-01-02T11:12:39.278+0530: 827.181: [GC (Allocation Failure) 2019-01-02T11:12:39.278+0530: 827.181: [DefNew
Desired survivor size 32768 bytes, new threshold 15 (max 15)
- age   1:         40 bytes,         40 total
- age   3:        184 bytes,        224 total
: 896K->0K(960K), 0.0004037 secs] 2994K->2674K(10176K), 0.0004806 secs] [Times: user=0.00 sys=0.00, real=0.00 secs] 
2019-01-02T11:12:39.280+0530: 827.183: [GC (Allocation Failure) 2019-01-02T11:12:39.280+0530: 827.183: [DefNew
Desired survivor size 32768 bytes, new threshold 15 (max 15)
- age   1:         24 bytes,         24 total
- age   4:        184 bytes,        208 total
: 445K->0K(960K), 0.0007977 secs] 3120K->2674K(10176K), 0.0009716 secs] [Times: user=0.00 sys=0.00, real=0.00 secs] 
2019-01-02T11:12:39.281+0530: 827.184: [GC (Allocation Failure) 2019-01-02T11:12:39.281+0530: 827.184: [DefNew
Desired survivor size 32768 bytes, new threshold 15 (max 15)
- age   2:         24 bytes,         24 total
- age   5:        184 bytes,        208 total
: 490K->0K(960K), 0.0004561 secs] 3165K->3165K(10176K), 0.0005399 secs] [Times: user=0.00 sys=0.00, real=0.00 secs] 
2019-01-02T11:12:39.282+0530: 827.185: [GC (Allocation Failure) 2019-01-02T11:12:39.283+0530: 827.185: [DefNew
Desired survivor size 32768 bytes, new threshold 15 (max 15)
- age   1:         24 bytes,         24 total
- age   6:         72 bytes,         96 total
: 508K->0K(960K), 0.0007019 secs] 3673K->3655K(10176K), 0.0007891 secs] [Times: user=0.00 sys=0.00, real=0.00 secs] 
2019-01-02T11:12:39.335+0530: 827.237: [GC (Allocation Failure) 2019-01-02T11:12:39.335+0530: 827.237: [DefNew
Desired survivor size 32768 bytes, new threshold 15 (max 15)
- age   1:        248 bytes,        248 total
- age   7:         16 bytes,        264 total
: 845K->0K(960K), 0.0006848 secs] 4501K->3727K(10176K), 0.0008684 secs] [Times: user=0.00 sys=0.00, real=0.00 secs] 
2019-01-02T11:12:39.337+0530: 827.240: [GC (Allocation Failure) 2019-01-02T11:12:39.337+0530: 827.240: [DefNew
Desired survivor size 32768 bytes, new threshold 15 (max 15)
- age   2:        184 bytes,        184 total
- age   8:         16 bytes,        200 total
: 896K->0K(960K), 0.0008752 secs] 4623K->4015K(10176K), 0.0011061 secs] [Times: user=0.00 sys=0.00, real=0.00 secs] 
2019-01-02T11:12:39.340+0530: 827.243: [GC (Allocation Failure) 2019-01-02T11:12:39.340+0530: 827.243: [DefNew
Desired survivor size 32768 bytes, new threshold 15 (max 15)
- age   1:         40 bytes,         40 total
- age   3:        184 bytes,        224 total
- age   9:         16 bytes,        240 total
: 896K->0K(960K), 0.0013650 secs] 4911K->4591K(10176K), 0.0015451 secs] [Times: user=0.02 sys=0.00, real=0.00 secs] 
2019-01-02T11:12:39.343+0530: 827.246: [GC (Allocation Failure) 2019-01-02T11:12:39.343+0530: 827.246: [DefNew
Desired survivor size 32768 bytes, new threshold 15 (max 15)
- age   1:         24 bytes,         24 total
- age   4:        184 bytes,        208 total
- age  10:         16 bytes,        224 total
: 446K->0K(960K), 0.0004972 secs] 5037K->4591K(10176K), 0.0006215 secs] [Times: user=0.00 sys=0.00, real=0.00 secs] 
2019-01-02T11:12:39.344+0530: 827.247: [GC (Allocation Failure) 2019-01-02T11:12:39.344+0530: 827.247: [DefNew
Desired survivor size 32768 bytes, new threshold 15 (max 15)
- age   2:         24 bytes,         24 total
- age   5:        184 bytes,        208 total
- age  11:         16 bytes,        224 total
: 490K->0K(960K), 0.0003415 secs] 5081K->5081K(10176K), 0.0004134 secs] [Times: user=0.00 sys=0.00, real=0.00 secs] 
2019-01-02T11:12:39.345+0530: 827.248: [GC (Allocation Failure) 2019-01-02T11:12:39.345+0530: 827.248: [DefNew
Desired survivor size 32768 bytes, new threshold 15 (max 15)
- age   1:         24 bytes,         24 total
- age   6:         72 bytes,         96 total
- age  12:         16 bytes,        112 total
: 508K->0K(960K), 0.0003421 secs] 5590K->5572K(10176K), 0.0004145 secs] [Times: user=0.00 sys=0.00, real=0.00 secs] 
2019-01-02T11:12:39.399+0530: 827.302: [GC (Allocation Failure) 2019-01-02T11:12:39.399+0530: 827.302: [DefNew
Desired survivor size 32768 bytes, new threshold 15 (max 15)
- age   1:        248 bytes,        248 total
- age   7:         16 bytes,        264 total
- age  13:         16 bytes,        280 total
: 846K->0K(960K), 0.0009396 secs] 6418K->5644K(10176K), 0.0012047 secs] [Times: user=0.00 sys=0.00, real=0.00 secs] 
2019-01-02T11:12:39.402+0530: 827.305: [GC (Allocation Failure) 2019-01-02T11:12:39.402+0530: 827.305: [DefNew
Desired survivor size 32768 bytes, new threshold 15 (max 15)
- age   1:         40 bytes,         40 total
- age   2:        184 bytes,        224 total
- age   8:         16 bytes,        240 total
- age  14:         16 bytes,        256 total
: 896K->0K(960K), 0.0007463 secs] 6540K->5932K(10176K), 0.0008535 secs] [Times: user=0.00 sys=0.00, real=0.00 secs] 
2019-01-02T11:12:39.404+0530: 827.307: [GC (Allocation Failure) 2019-01-02T11:12:39.405+0530: 827.307: [DefNew
Desired survivor size 32768 bytes, new threshold 15 (max 15)
- age   1:         40 bytes,         40 total
- age   3:        184 bytes,        224 total
- age   9:         16 bytes,        240 total
- age  15:         16 bytes,        256 total
: 896K->0K(960K), 0.0011415 secs] 6828K->6508K(10176K), 0.0012806 secs] [Times: user=0.00 sys=0.00, real=0.00 secs] 
2019-01-02T11:12:39.407+0530: 827.310: [GC (Allocation Failure) 2019-01-02T11:12:39.407+0530: 827.310: [DefNew
Desired survivor size 32768 bytes, new threshold 15 (max 15)
- age   1:         24 bytes,         24 total
- age   4:        184 bytes,        208 total
- age  10:         16 bytes,        224 total
: 445K->0K(960K), 0.0003090 secs] 6953K->6508K(10176K), 0.0004151 secs] [Times: user=0.00 sys=0.00, real=0.00 secs] 
2019-01-02T11:12:39.408+0530: 827.311: [GC (Allocation Failure) 2019-01-02T11:12:39.408+0530: 827.311: [DefNew
Desired survivor size 32768 bytes, new threshold 15 (max 15)
- age   2:         24 bytes,         24 total
- age   5:        184 bytes,        208 total
- age  11:         16 bytes,        224 total
: 490K->0K(960K), 0.0003432 secs] 6998K->6998K(10176K), 0.0004607 secs] [Times: user=0.00 sys=0.00, real=0.00 secs] 
2019-01-02T11:12:39.409+0530: 827.312: [GC (Allocation Failure) 2019-01-02T11:12:39.409+0530: 827.312: [DefNew
Desired survivor size 32768 bytes, new threshold 15 (max 15)
- age   1:         24 bytes,         24 total
- age   6:         72 bytes,         96 total
- age  12:         16 bytes,        112 total
: 508K->0K(960K), 0.0003347 secs] 7507K->7489K(10176K), 0.0004054 secs] [Times: user=0.00 sys=0.00, real=0.00 secs] 
2019-01-02T11:12:39.465+0530: 827.368: [GC (Allocation Failure) 2019-01-02T11:12:39.465+0530: 827.368: [DefNew
Desired survivor size 32768 bytes, new threshold 15 (max 15)
- age   1:        248 bytes,        248 total
- age   7:         16 bytes,        264 total
- age  13:         16 bytes,        280 total
: 845K->0K(960K), 0.0012447 secs] 8334K->7561K(10176K), 0.0015155 secs] [Times: user=0.00 sys=0.00, real=0.00 secs] 
2019-01-02T11:12:39.468+0530: 827.371: [GC (Allocation Failure) 2019-01-02T11:12:39.468+0530: 827.371: [DefNew
Desired survivor size 32768 bytes, new threshold 15 (max 15)
- age   2:        184 bytes,        184 total
- age   8:         16 bytes,        200 total
- age  14:         16 bytes,        216 total
: 896K->0K(960K), 0.0006659 secs] 8457K->7849K(10176K), 0.0008205 secs] [Times: user=0.00 sys=0.00, real=0.00 secs] 
2019-01-02T11:12:39.470+0530: 827.373: [GC (Allocation Failure) 2019-01-02T11:12:39.471+0530: 827.373: [DefNew
Desired survivor size 32768 bytes, new threshold 15 (max 15)
- age   1:         40 bytes,         40 total
- age   3:        184 bytes,        224 total
- age   9:         16 bytes,        240 total
- age  15:         16 bytes,        256 total
: 896K->0K(960K), 0.0011386 secs] 8745K->8425K(10176K), 0.0013097 secs] [Times: user=0.00 sys=0.00, real=0.00 secs] 
2019-01-02T11:12:39.473+0530: 827.376: [GC (Allocation Failure) 2019-01-02T11:12:39.473+0530: 827.376: [DefNew
Desired survivor size 32768 bytes, new threshold 15 (max 15)
- age   1:         24 bytes,         24 total
- age   4:        184 bytes,        208 total
- age  10:         16 bytes,        224 total
: 446K->0K(960K), 0.0003033 secs] 8871K->8425K(10176K), 0.0003923 secs] [Times: user=0.00 sys=0.00, real=0.00 secs] 
2019-01-02T11:12:39.474+0530: 827.377: [GC (Allocation Failure) 2019-01-02T11:12:39.474+0530: 827.377: [DefNew
Desired survivor size 32768 bytes, new threshold 15 (max 15)
- age   2:         24 bytes,         24 total
- age   5:        184 bytes,        208 total
- age  11:         16 bytes,        224 total
: 490K->0K(960K), 0.0003410 secs] 8915K->8915K(10176K), 0.0004145 secs] [Times: user=0.00 sys=0.00, real=0.00 secs] 
2019-01-02T11:12:39.475+0530: 827.378: [GC (Allocation Failure) 2019-01-02T11:12:39.475+0530: 827.378: [DefNew: 508K->508K(960K), 0.0000285 secs]2019-01-02T11:12:39.475+0530: 827.378: [Tenured: 8915K->1248K(9216K), 0.0036319 secs] 9423K->1248K(10176K), [Metaspace: 2520K->2520K(1056768K)], 0.0037824 secs] [Times: user=0.00 sys=0.00, real=0.00 secs] 
2019-01-02T11:12:39.532+0530: 827.435: [GC (Allocation Failure) 2019-01-02T11:12:39.532+0530: 827.435: [DefNew
Desired survivor size 32768 bytes, new threshold 15 (max 15)
- age   1:        248 bytes,        248 total
: 846K->0K(960K), 0.0019391 secs] 2094K->1810K(10176K), 0.0024448 secs] [Times: user=0.00 sys=0.00, real=0.00 secs] 
2019-01-02T11:12:39.536+0530: 827.439: [GC (Allocation Failure) 2019-01-02T11:12:39.536+0530: 827.439: [DefNew
Desired survivor size 32768 bytes, new threshold 15 (max 15)
- age   1:         40 bytes,         40 total
- age   2:        184 bytes,        224 total
: 896K->0K(960K), 0.0006477 secs] 2706K->2098K(10176K), 0.0008569 secs] [Times: user=0.00 sys=0.00, real=0.00 secs] 
2019-01-02T11:12:39.538+0530: 827.441: [GC (Allocation Failure) 2019-01-02T11:12:39.538+0530: 827.441: [DefNew
Desired survivor size 32768 bytes, new threshold 15 (max 15)
- age   1:         40 bytes,         40 total
- age   3:        184 bytes,        224 total
: 896K->0K(960K), 0.0010400 secs] 2994K->2674K(10176K), 0.0012281 secs] [Times: user=0.00 sys=0.00, real=0.00 secs] 
2019-01-02T11:12:39.541+0530: 827.444: [GC (Allocation Failure) 2019-01-02T11:12:39.541+0530: 827.444: [DefNew
Desired survivor size 32768 bytes, new threshold 15 (max 15)
- age   1:         24 bytes,         24 total
- age   4:        184 bytes,        208 total
: 445K->0K(960K), 0.0002959 secs] 3120K->2674K(10176K), 0.0004128 secs] [Times: user=0.00 sys=0.00, real=0.00 secs] 
2019-01-02T11:12:39.542+0530: 827.445: [GC (Allocation Failure) 2019-01-02T11:12:39.542+0530: 827.445: [DefNew
Desired survivor size 32768 bytes, new threshold 15 (max 15)
- age   2:         24 bytes,         24 total
- age   5:        184 bytes,        208 total
: 490K->0K(960K), 0.0003427 secs] 3165K->3165K(10176K), 0.0004151 secs] [Times: user=0.00 sys=0.00, real=0.00 secs] 
2019-01-02T11:12:39.543+0530: 827.445: [GC (Allocation Failure) 2019-01-02T11:12:39.543+0530: 827.445: [DefNew
Desired survivor size 32768 bytes, new threshold 15 (max 15)
- age   1:         24 bytes,         24 total
- age   6:         72 bytes,         96 total
: 508K->0K(960K), 0.0003090 secs] 3673K->3655K(10176K), 0.0003792 secs] [Times: user=0.00 sys=0.00, real=0.00 secs] 
2019-01-02T11:12:39.603+0530: 827.505: [GC (Allocation Failure) 2019-01-02T11:12:39.603+0530: 827.506: [DefNew
Desired survivor size 32768 bytes, new threshold 15 (max 15)
- age   1:        248 bytes,        248 total
- age   7:         16 bytes,        264 total
: 846K->0K(960K), 0.0005901 secs] 4501K->3727K(10176K), 0.0007366 secs] [Times: user=0.00 sys=0.00, real=0.00 secs] 
2019-01-02T11:12:39.605+0530: 827.508: [GC (Allocation Failure) 2019-01-02T11:12:39.605+0530: 827.508: [DefNew
Desired survivor size 32768 bytes, new threshold 15 (max 15)
- age   2:        184 bytes,        184 total
- age   8:         16 bytes,        200 total
: 896K->0K(960K), 0.0008142 secs] 4623K->4015K(10176K), 0.0009716 secs] [Times: user=0.00 sys=0.00, real=0.00 secs] 
2019-01-02T11:12:39.607+0530: 827.510: [GC (Allocation Failure) 2019-01-02T11:12:39.607+0530: 827.510: [DefNew
Desired survivor size 32768 bytes, new threshold 15 (max 15)
- age   1:         40 bytes,         40 total
- age   3:        184 bytes,        224 total
- age   9:         16 bytes,        240 total
: 896K->0K(960K), 0.0010673 secs] 4911K->4591K(10176K), 0.0012059 secs] [Times: user=0.00 sys=0.00, real=0.00 secs] 
2019-01-02T11:12:39.610+0530: 827.512: [GC (Allocation Failure) 2019-01-02T11:12:39.610+0530: 827.512: [DefNew
Desired survivor size 32768 bytes, new threshold 15 (max 15)
- age   1:         24 bytes,         24 total
- age   4:        184 bytes,        208 total
- age  10:         16 bytes,        224 total
: 446K->0K(960K), 0.0002412 secs] 5038K->4591K(10176K), 0.0003113 secs] [Times: user=0.00 sys=0.00, real=0.00 secs] 
2019-01-02T11:12:39.610+0530: 827.513: [GC (Allocation Failure) 2019-01-02T11:12:39.610+0530: 827.513: [DefNew
Desired survivor size 32768 bytes, new threshold 15 (max 15)
- age   2:         24 bytes,         24 total
- age   5:        184 bytes,        208 total
- age  11:         16 bytes,        224 total
: 490K->0K(960K), 0.0003199 secs] 5082K->5082K(10176K), 0.0003917 secs] [Times: user=0.00 sys=0.00, real=0.00 secs] 
2019-01-02T11:12:39.611+0530: 827.514: [GC (Allocation Failure) 2019-01-02T11:12:39.611+0530: 827.514: [DefNew
Desired survivor size 32768 bytes, new threshold 15 (max 15)
- age   1:         24 bytes,         24 total
- age   6:         72 bytes,         96 total
- age  12:         16 bytes,        112 total
: 508K->0K(960K), 0.0003062 secs] 5590K->5572K(10176K), 0.0003837 secs] [Times: user=0.00 sys=0.00, real=0.00 secs] 
2019-01-02T11:12:39.669+0530: 827.571: [GC (Allocation Failure) 2019-01-02T11:12:39.669+0530: 827.572: [DefNew
Desired survivor size 32768 bytes, new threshold 15 (max 15)
- age   1:        248 bytes,        248 total
- age   7:         16 bytes,        264 total
- age  13:         16 bytes,        280 total
: 846K->0K(960K), 0.0006688 secs] 6419K->5644K(10176K), 0.0009219 secs] [Times: user=0.01 sys=0.00, real=0.00 secs] 
2019-01-02T11:12:39.672+0530: 827.574: [GC (Allocation Failure) 2019-01-02T11:12:39.672+0530: 827.575: [DefNew
Desired survivor size 32768 bytes, new threshold 15 (max 15)
- age   1:         40 bytes,         40 total
- age   2:        184 bytes,        224 total
- age   8:         16 bytes,        240 total
- age  14:         16 bytes,        256 total
: 896K->0K(960K), 0.0007971 secs] 6540K->5932K(10176K), 0.0009721 secs] [Times: user=0.00 sys=0.00, real=0.00 secs] 
2019-01-02T11:12:39.674+0530: 827.577: [GC (Allocation Failure) 2019-01-02T11:12:39.674+0530: 827.577: [DefNew
Desired survivor size 32768 bytes, new threshold 15 (max 15)
- age   1:         40 bytes,         40 total
- age   3:        184 bytes,        224 total
- age   9:         16 bytes,        240 total
- age  15:         16 bytes,        256 total
: 896K->0K(960K), 0.0003934 secs] 6828K->6508K(10176K), 0.0004727 secs] [Times: user=0.00 sys=0.00, real=0.00 secs] 
2019-01-02T11:12:39.676+0530: 827.579: [GC (Allocation Failure) 2019-01-02T11:12:39.676+0530: 827.579: [DefNew
Desired survivor size 32768 bytes, new threshold 15 (max 15)
- age   1:         24 bytes,         24 total
- age   4:        184 bytes,        208 total
- age  10:         16 bytes,        224 total
: 445K->0K(960K), 0.0002423 secs] 6954K->6508K(10176K), 0.0003124 secs] [Times: user=0.00 sys=0.00, real=0.00 secs] 
2019-01-02T11:12:39.677+0530: 827.579: [GC (Allocation Failure) 2019-01-02T11:12:39.677+0530: 827.579: [DefNew
Desired survivor size 32768 bytes, new threshold 15 (max 15)
- age   2:         24 bytes,         24 total
- age   5:        184 bytes,        208 total
- age  11:         16 bytes,        224 total
: 490K->0K(960K), 0.0003050 secs] 6999K->6999K(10176K), 0.0003735 secs] [Times: user=0.00 sys=0.00, real=0.00 secs] 
2019-01-02T11:12:39.677+0530: 827.580: [GC (Allocation Failure) 2019-01-02T11:12:39.677+0530: 827.580: [DefNew
Desired survivor size 32768 bytes, new threshold 15 (max 15)
- age   1:         24 bytes,         24 total
- age   6:         72 bytes,         96 total
- age  12:         16 bytes,        112 total
: 508K->0K(960K), 0.0003147 secs] 7507K->7489K(10176K), 0.0003883 secs] [Times: user=0.00 sys=0.00, real=0.00 secs] 
2019-01-02T11:12:39.736+0530: 827.639: [GC (Allocation Failure) 2019-01-02T11:12:39.736+0530: 827.639: [DefNew
Desired survivor size 32768 bytes, new threshold 15 (max 15)
- age   1:        248 bytes,        248 total
- age   7:         16 bytes,        264 total
- age  13:         16 bytes,        280 total
: 846K->0K(960K), 0.0009596 secs] 8335K->7562K(10176K), 0.0011757 secs] [Times: user=0.00 sys=0.00, real=0.00 secs] 
2019-01-02T11:12:39.739+0530: 827.642: [GC (Allocation Failure) 2019-01-02T11:12:39.739+0530: 827.642: [DefNew
Desired survivor size 32768 bytes, new threshold 15 (max 15)
- age   2:        184 bytes,        184 total
- age   8:         16 bytes,        200 total
- age  14:         16 bytes,        216 total
: 896K->0K(960K), 0.0012065 secs] 8458K->7849K(10176K), 0.0016603 secs] [Times: user=0.00 sys=0.00, real=0.00 secs] 
2019-01-02T11:12:39.742+0530: 827.645: [GC (Allocation Failure) 2019-01-02T11:12:39.742+0530: 827.645: [DefNew
Desired survivor size 32768 bytes, new threshold 15 (max 15)
- age   1:         40 bytes,         40 total
- age   3:        184 bytes,        224 total
- age   9:         16 bytes,        240 total
- age  15:         16 bytes,        256 total
: 896K->0K(960K), 0.0004561 secs] 8745K->8426K(10176K), 0.0005479 secs] [Times: user=0.00 sys=0.00, real=0.00 secs] 
2019-01-02T11:12:39.744+0530: 827.647: [GC (Allocation Failure) 2019-01-02T11:12:39.744+0530: 827.647: [DefNew
Desired survivor size 32768 bytes, new threshold 15 (max 15)
- age   1:         24 bytes,         24 total
- age   4:        184 bytes,        208 total
- age  10:         16 bytes,        224 total
: 446K->0K(960K), 0.0003193 secs] 8872K->8426K(10176K), 0.0004014 secs] [Times: user=0.00 sys=0.00, real=0.00 secs] 
2019-01-02T11:12:39.745+0530: 827.648: [GC (Allocation Failure) 2019-01-02T11:12:39.745+0530: 827.648: [DefNew
Desired survivor size 32768 bytes, new threshold 15 (max 15)
- age   2:         24 bytes,         24 total
- age   5:        184 bytes,        208 total
- age  11:         16 bytes,        224 total
: 490K->0K(960K), 0.0004413 secs] 8916K->8916K(10176K), 0.0005217 secs] [Times: user=0.00 sys=0.00, real=0.00 secs] 
2019-01-02T11:12:39.746+0530: 827.649: [GC (Allocation Failure) 2019-01-02T11:12:39.746+0530: 827.649: [DefNew: 508K->508K(960K), 0.0000393 secs]2019-01-02T11:12:39.746+0530: 827.649: [Tenured: 8916K->1248K(9216K), 0.0079440 secs] 9424K->1248K(10176K), [Metaspace: 2520K->2520K(1056768K)], 0.0081191 secs] [Times: user=0.02 sys=0.00, real=0.01 secs] 
2019-01-02T11:12:39.805+0530: 827.707: [GC (Allocation Failure) 2019-01-02T11:12:39.805+0530: 827.708: [DefNew
Desired survivor size 32768 bytes, new threshold 15 (max 15)
- age   1:        248 bytes,        248 total
: 846K->0K(960K), 0.0012059 secs] 2094K->1811K(10176K), 0.0014664 secs] [Times: user=0.00 sys=0.00, real=0.00 secs] 
2019-01-02T11:12:39.808+0530: 827.711: [GC (Allocation Failure) 2019-01-02T11:12:39.808+0530: 827.711: [DefNew
Desired survivor size 32768 bytes, new threshold 15 (max 15)
- age   1:         40 bytes,         40 total
- age   2:        184 bytes,        224 total
: 896K->0K(960K), 0.0008672 secs] 2707K->2099K(10176K), 0.0011072 secs] [Times: user=0.00 sys=0.00, real=0.00 secs] 
2019-01-02T11:12:39.811+0530: 827.714: [GC (Allocation Failure) 2019-01-02T11:12:39.811+0530: 827.714: [DefNew
Desired survivor size 32768 bytes, new threshold 15 (max 15)
- age   1:         40 bytes,         40 total
- age   3:        184 bytes,        224 total
: 896K->0K(960K), 0.0012019 secs] 2995K->2675K(10176K), 0.0013359 secs] [Times: user=0.00 sys=0.00, real=0.00 secs] 
2019-01-02T11:12:39.813+0530: 827.716: [GC (Allocation Failure) 2019-01-02T11:12:39.813+0530: 827.716: [DefNew
Desired survivor size 32768 bytes, new threshold 15 (max 15)
- age   1:         24 bytes,         24 total
- age   4:        184 bytes,        208 total
: 445K->0K(960K), 0.0002526 secs] 3120K->2675K(10176K), 0.0003102 secs] [Times: user=0.00 sys=0.00, real=0.00 secs] 
2019-01-02T11:12:39.814+0530: 827.717: [GC (Allocation Failure) 2019-01-02T11:12:39.814+0530: 827.717: [DefNew
Desired survivor size 32768 bytes, new threshold 15 (max 15)
- age   2:         24 bytes,         24 total
- age   5:        184 bytes,        208 total
: 490K->0K(960K), 0.0003318 secs] 3165K->3165K(10176K), 0.0003894 secs] [Times: user=0.00 sys=0.00, real=0.00 secs] 
2019-01-02T11:12:39.815+0530: 827.718: [GC (Allocation Failure) 2019-01-02T11:12:39.815+0530: 827.718: [DefNew
Desired survivor size 32768 bytes, new threshold 15 (max 15)
- age   1:         24 bytes,         24 total
- age   6:         72 bytes,         96 total
: 508K->0K(960K), 0.0003113 secs] 3674K->3656K(10176K), 0.0003632 secs] [Times: user=0.00 sys=0.00, real=0.00 secs] 
2019-01-02T11:12:39.869+0530: 827.772: [GC (Allocation Failure) 2019-01-02T11:12:39.869+0530: 827.772: [DefNew
Desired survivor size 32768 bytes, new threshold 15 (max 15)
- age   1:        248 bytes,        248 total
- age   7:         16 bytes,        264 total
: 846K->0K(960K), 0.0005861 secs] 4502K->3728K(10176K), 0.0007520 secs] [Times: user=0.00 sys=0.00, real=0.00 secs] 
2019-01-02T11:12:39.871+0530: 827.774: [GC (Allocation Failure) 2019-01-02T11:12:39.871+0530: 827.774: [DefNew
Desired survivor size 32768 bytes, new threshold 15 (max 15)
- age   2:        184 bytes,        184 total
- age   8:         16 bytes,        200 total
: 896K->0K(960K), 0.0012224 secs] 4624K->4016K(10176K), 0.0014334 secs] [Times: user=0.02 sys=0.00, real=0.00 secs] 
2019-01-02T11:12:39.874+0530: 827.777: [GC (Allocation Failure) 2019-01-02T11:12:39.874+0530: 827.777: [DefNew
Desired survivor size 32768 bytes, new threshold 15 (max 15)
- age   1:         40 bytes,         40 total
- age   3:        184 bytes,        224 total
- age   9:         16 bytes,        240 total
: 896K->0K(960K), 0.0011118 secs] 4912K->4592K(10176K), 0.0013427 secs] [Times: user=0.00 sys=0.00, real=0.00 secs] 
2019-01-02T11:12:39.877+0530: 827.780: [GC (Allocation Failure) 2019-01-02T11:12:39.877+0530: 827.780: [DefNew
Desired survivor size 32768 bytes, new threshold 15 (max 15)
- age   1:         24 bytes,         24 total
- age   4:        184 bytes,        208 total
- age  10:         16 bytes,        224 total
: 446K->0K(960K), 0.0002874 secs] 5038K->4592K(10176K), 0.0003746 secs] [Times: user=0.00 sys=0.00, real=0.00 secs] 
2019-01-02T11:12:39.878+0530: 827.781: [GC (Allocation Failure) 2019-01-02T11:12:39.878+0530: 827.781: [DefNew
Desired survivor size 32768 bytes, new threshold 15 (max 15)
- age   2:         24 bytes,         24 total
- age   5:        184 bytes,        208 total
- age  11:         16 bytes,        224 total
: 490K->0K(960K), 0.0003444 secs] 5082K->5082K(10176K), 0.0004179 secs] [Times: user=0.00 sys=0.00, real=0.00 secs] 
2019-01-02T11:12:39.879+0530: 827.782: [GC (Allocation Failure) 2019-01-02T11:12:39.879+0530: 827.782: [DefNew
Desired survivor size 32768 bytes, new threshold 15 (max 15)
- age   1:         24 bytes,         24 total
- age   6:         72 bytes,         96 total
- age  12:         16 bytes,        112 total
: 508K->0K(960K), 0.0003370 secs] 5591K->5573K(10176K), 0.0004077 secs] [Times: user=0.00 sys=0.00, real=0.00 secs] 
2019-01-02T11:12:39.934+0530: 827.837: [GC (Allocation Failure) 2019-01-02T11:12:39.934+0530: 827.837: [DefNew
Desired survivor size 32768 bytes, new threshold 15 (max 15)
- age   1:        248 bytes,        248 total
- age   7:         16 bytes,        264 total
- age  13:         16 bytes,        280 total
: 846K->0K(960K), 0.0003643 secs] 6419K->5645K(10176K), 0.0004943 secs] [Times: user=0.02 sys=0.00, real=0.00 secs] 
2019-01-02T11:12:39.936+0530: 827.839: [GC (Allocation Failure) 2019-01-02T11:12:39.936+0530: 827.839: [DefNew
Desired survivor size 32768 bytes, new threshold 15 (max 15)
- age   1:         40 bytes,         40 total
- age   2:        184 bytes,        224 total
- age   8:         16 bytes,        240 total
- age  14:         16 bytes,        256 total
: 896K->0K(960K), 0.0007315 secs] 6541K->5933K(10176K), 0.0008364 secs] [Times: user=0.00 sys=0.00, real=0.00 secs] 
2019-01-02T11:12:39.938+0530: 827.841: [GC (Allocation Failure) 2019-01-02T11:12:39.939+0530: 827.841: [DefNew
Desired survivor size 32768 bytes, new threshold 15 (max 15)
- age   1:         40 bytes,         40 total
- age   3:        184 bytes,        224 total
- age   9:         16 bytes,        240 total
- age  15:         16 bytes,        256 total
: 896K->0K(960K), 0.0012042 secs] 6829K->6509K(10176K), 0.0014739 secs] [Times: user=0.00 sys=0.00, real=0.00 secs] 
2019-01-02T11:12:39.941+0530: 827.844: [GC (Allocation Failure) 2019-01-02T11:12:39.942+0530: 827.844: [DefNew
Desired survivor size 32768 bytes, new threshold 15 (max 15)
- age   1:         24 bytes,         24 total
- age   4:        184 bytes,        208 total
- age  10:         16 bytes,        224 total
: 445K->0K(960K), 0.0006215 secs] 6954K->6509K(10176K), 0.0008666 secs] [Times: user=0.00 sys=0.00, real=0.00 secs] 
2019-01-02T11:12:39.943+0530: 827.846: [GC (Allocation Failure) 2019-01-02T11:12:39.943+0530: 827.846: [DefNew
Desired survivor size 32768 bytes, new threshold 15 (max 15)
- age   2:         24 bytes,         24 total
- age   5:        184 bytes,        208 total
- age  11:         16 bytes,        224 total
: 490K->0K(960K), 0.0003894 secs] 7000K->7000K(10176K), 0.0004818 secs] [Times: user=0.00 sys=0.00, real=0.00 secs] 
2019-01-02T11:12:39.944+0530: 827.847: [GC (Allocation Failure) 2019-01-02T11:12:39.944+0530: 827.847: [DefNew
Desired survivor size 32768 bytes, new threshold 15 (max 15)
- age   1:         24 bytes,         24 total
- age   6:         72 bytes,         96 total
- age  12:         16 bytes,        112 total
: 508K->0K(960K), 0.0003501 secs] 7508K->7490K(10176K), 0.0004231 secs] [Times: user=0.00 sys=0.00, real=0.00 secs] 
2019-01-02T11:12:40.002+0530: 827.904: [GC (Allocation Failure) 2019-01-02T11:12:40.002+0530: 827.905: [DefNew
Desired survivor size 32768 bytes, new threshold 15 (max 15)
- age   1:        248 bytes,        248 total
- age   7:         16 bytes,        264 total
- age  13:         16 bytes,        280 total
: 846K->0K(960K), 0.0009761 secs] 8336K->7562K(10176K), 0.0012868 secs] [Times: user=0.00 sys=0.00, real=0.00 secs] 
2019-01-02T11:12:40.004+0530: 827.907: [GC (Allocation Failure) 2019-01-02T11:12:40.004+0530: 827.907: [DefNew
Desired survivor size 32768 bytes, new threshold 15 (max 15)
- age   2:        184 bytes,        184 total
- age   8:         16 bytes,        200 total
- age  14:         16 bytes,        216 total
: 896K->0K(960K), 0.0007155 secs] 8458K->7850K(10176K), 0.0008467 secs] [Times: user=0.00 sys=0.00, real=0.00 secs] 
2019-01-02T11:12:40.007+0530: 827.909: [GC (Allocation Failure) 2019-01-02T11:12:40.007+0530: 827.910: [DefNew
Desired survivor size 32768 bytes, new threshold 15 (max 15)
- age   1:         40 bytes,         40 total
- age   3:        184 bytes,        224 total
- age   9:         16 bytes,        240 total
- age  15:         16 bytes,        256 total
: 896K->0K(960K), 0.0011586 secs] 8746K->8426K(10176K), 0.0014756 secs] [Times: user=0.00 sys=0.00, real=0.00 secs] 
2019-01-02T11:12:40.010+0530: 827.912: [GC (Allocation Failure) 2019-01-02T11:12:40.010+0530: 827.912: [DefNew
Desired survivor size 32768 bytes, new threshold 15 (max 15)
- age   1:         24 bytes,         24 total
- age   4:        184 bytes,        208 total
- age  10:         16 bytes,        224 total
: 446K->0K(960K), 0.0002623 secs] 8873K->8426K(10176K), 0.0003467 secs] [Times: user=0.00 sys=0.00, real=0.00 secs] 
2019-01-02T11:12:40.010+0530: 827.913: [GC (Allocation Failure) 2019-01-02T11:12:40.010+0530: 827.913: [DefNew
Desired survivor size 32768 bytes, new threshold 15 (max 15)
- age   2:         24 bytes,         24 total
- age   5:        184 bytes,        208 total
- age  11:         16 bytes,        224 total
: 490K->0K(960K), 0.0003472 secs] 8917K->8917K(10176K), 0.0004196 secs] [Times: user=0.00 sys=0.00, real=0.00 secs] 
2019-01-02T11:12:40.011+0530: 827.914: [GC (Allocation Failure) 2019-01-02T11:12:40.011+0530: 827.914: [DefNew: 508K->508K(960K), 0.0000285 secs]2019-01-02T11:12:40.011+0530: 827.914: [Tenured: 8917K->1248K(9216K), 0.0036467 secs] 9425K->1248K(10176K), [Metaspace: 2520K->2520K(1056768K)], 0.0037978 secs] [Times: user=0.02 sys=0.00, real=0.00 secs] 
2019-01-02T11:12:40.073+0530: 827.976: [GC (Allocation Failure) 2019-01-02T11:12:40.074+0530: 827.976: [DefNew
Desired survivor size 32768 bytes, new threshold 15 (max 15)
- age   1:        248 bytes,        248 total
: 846K->0K(960K), 0.0013946 secs] 2094K->1811K(10176K), 0.0017954 secs] [Times: user=0.02 sys=0.00, real=0.00 secs] 
2019-01-02T11:12:40.077+0530: 827.980: [GC (Allocation Failure) 2019-01-02T11:12:40.077+0530: 827.980: [DefNew
Desired survivor size 32768 bytes, new threshold 15 (max 15)
- age   1:         40 bytes,         40 total
- age   2:        184 bytes,        224 total
: 896K->0K(960K), 0.0006756 secs] 2707K->2099K(10176K), 0.0009334 secs] [Times: user=0.00 sys=0.00, real=0.00 secs] 
2019-01-02T11:12:40.080+0530: 827.983: [GC (Allocation Failure) 2019-01-02T11:12:40.080+0530: 827.983: [DefNew
Desired survivor size 32768 bytes, new threshold 15 (max 15)
- age   1:         40 bytes,         40 total
- age   3:        184 bytes,        224 total
: 896K->0K(960K), 0.0011956 secs] 2995K->2675K(10176K), 0.0013325 secs] [Times: user=0.00 sys=0.00, real=0.00 secs] 
2019-01-02T11:12:40.082+0530: 827.985: [GC (Allocation Failure) 2019-01-02T11:12:40.082+0530: 827.985: [DefNew
Desired survivor size 32768 bytes, new threshold 15 (max 15)
- age   1:         24 bytes,         24 total
- age   4:        184 bytes,        208 total
: 445K->0K(960K), 0.0002537 secs] 3120K->2675K(10176K), 0.0003278 secs] [Times: user=0.00 sys=0.00, real=0.00 secs] 
2019-01-02T11:12:40.083+0530: 827.986: [GC (Allocation Failure) 2019-01-02T11:12:40.083+0530: 827.986: [DefNew
Desired survivor size 32768 bytes, new threshold 15 (max 15)
- age   2:         24 bytes,         24 total
- age   5:        184 bytes,        208 total
: 490K->0K(960K), 0.0003364 secs] 3165K->3165K(10176K), 0.0004071 secs] [Times: user=0.00 sys=0.00, real=0.00 secs] 
2019-01-02T11:12:40.084+0530: 827.987: [GC (Allocation Failure) 2019-01-02T11:12:40.084+0530: 827.987: [DefNew
Desired survivor size 32768 bytes, new threshold 15 (max 15)
- age   1:         24 bytes,         24 total
- age   6:         72 bytes,         96 total
: 508K->0K(960K), 0.0003427 secs] 3674K->3656K(10176K), 0.0004219 secs] [Times: user=0.00 sys=0.00, real=0.00 secs] 
2019-01-02T11:12:40.141+0530: 828.044: [GC (Allocation Failure) 2019-01-02T11:12:40.141+0530: 828.044: [DefNew
Desired survivor size 32768 bytes, new threshold 15 (max 15)
- age   1:        248 bytes,        248 total
- age   7:         16 bytes,        264 total
: 846K->0K(960K), 0.0010400 secs] 4502K->3728K(10176K), 0.0013541 secs] [Times: user=0.00 sys=0.00, real=0.00 secs] 
2019-01-02T11:12:40.144+0530: 828.047: [GC (Allocation Failure) 2019-01-02T11:12:40.144+0530: 828.047: [DefNew
Desired survivor size 32768 bytes, new threshold 15 (max 15)
- age   2:        184 bytes,        184 total
- age   8:         16 bytes,        200 total
: 896K->0K(960K), 0.0010257 secs] 4624K->4016K(10176K), 0.0012914 secs] [Times: user=0.00 sys=0.00, real=0.00 secs] 
2019-01-02T11:12:40.147+0530: 828.050: [GC (Allocation Failure) 2019-01-02T11:12:40.147+0530: 828.050: [DefNew
Desired survivor size 32768 bytes, new threshold 15 (max 15)
- age   1:         40 bytes,         40 total
- age   3:        184 bytes,        224 total
- age   9:         16 bytes,        240 total
: 896K->0K(960K), 0.0004932 secs] 4912K->4592K(10176K), 0.0006426 secs] [Times: user=0.00 sys=0.00, real=0.00 secs] 
2019-01-02T11:12:40.148+0530: 828.051: [GC (Allocation Failure) 2019-01-02T11:12:40.148+0530: 828.051: [DefNew
Desired survivor size 32768 bytes, new threshold 15 (max 15)
- age   1:         24 bytes,         24 total
- age   4:        184 bytes,        208 total
- age  10:         16 bytes,        224 total
: 446K->0K(960K), 0.0002520 secs] 5039K->4592K(10176K), 0.0003250 secs] [Times: user=0.00 sys=0.00, real=0.00 secs] 
2019-01-02T11:12:40.149+0530: 828.052: [GC (Allocation Failure) 2019-01-02T11:12:40.149+0530: 828.052: [DefNew
Desired survivor size 32768 bytes, new threshold 15 (max 15)
- age   2:         24 bytes,         24 total
- age   5:        184 bytes,        208 total
- age  11:         16 bytes,        224 total
: 490K->0K(960K), 0.0003204 secs] 5083K->5083K(10176K), 0.0003900 secs] [Times: user=0.00 sys=0.00, real=0.00 secs] 
2019-01-02T11:12:40.150+0530: 828.053: [GC (Allocation Failure) 2019-01-02T11:12:40.150+0530: 828.053: [DefNew
Desired survivor size 32768 bytes, new threshold 15 (max 15)
- age   1:         24 bytes,         24 total
- age   6:         72 bytes,         96 total
- age  12:         16 bytes,        112 total
: 508K->0K(960K), 0.0003341 secs] 5591K->5573K(10176K), 0.0004065 secs] [Times: user=0.00 sys=0.00, real=0.00 secs] 
2019-01-02T11:12:40.206+0530: 828.109: [GC (Allocation Failure) 2019-01-02T11:12:40.206+0530: 828.109: [DefNew
Desired survivor size 32768 bytes, new threshold 15 (max 15)
- age   1:        248 bytes,        248 total
- age   7:         16 bytes,        264 total
- age  13:         16 bytes,        280 total
: 846K->0K(960K), 0.0007064 secs] 6420K->5646K(10176K), 0.0009419 secs] [Times: user=0.00 sys=0.00, real=0.00 secs] 
2019-01-02T11:12:40.208+0530: 828.111: [GC (Allocation Failure) 2019-01-02T11:12:40.209+0530: 828.111: [DefNew
Desired survivor size 32768 bytes, new threshold 15 (max 15)
- age   1:         40 bytes,         40 total
- age   2:        184 bytes,        224 total
- age   8:         16 bytes,        240 total
- age  14:         16 bytes,        256 total
: 896K->0K(960K), 0.0011922 secs] 6542K->5934K(10176K), 0.0014408 secs] [Times: user=0.00 sys=0.00, real=0.00 secs] 
2019-01-02T11:12:40.212+0530: 828.114: [GC (Allocation Failure) 2019-01-02T11:12:40.212+0530: 828.115: [DefNew
Desired survivor size 32768 bytes, new threshold 15 (max 15)
- age   1:         40 bytes,         40 total
- age   3:        184 bytes,        224 total
- age   9:         16 bytes,        240 total
- age  15:         16 bytes,        256 total
: 896K->0K(960K), 0.0007709 secs] 6830K->6510K(10176K), 0.0009898 secs] [Times: user=0.00 sys=0.00, real=0.00 secs] 
2019-01-02T11:12:40.214+0530: 828.117: [GC (Allocation Failure) 2019-01-02T11:12:40.214+0530: 828.117: [DefNew
Desired survivor size 32768 bytes, new threshold 15 (max 15)
- age   1:         24 bytes,         24 total
- age   4:        184 bytes,        208 total
- age  10:         16 bytes,        224 total
: 445K->0K(960K), 0.0002668 secs] 6955K->6510K(10176K), 0.0003449 secs] [Times: user=0.00 sys=0.00, real=0.00 secs] 
2019-01-02T11:12:40.215+0530: 828.117: [GC (Allocation Failure) 2019-01-02T11:12:40.215+0530: 828.117: [DefNew
Desired survivor size 32768 bytes, new threshold 15 (max 15)
- age   2:         24 bytes,         24 total
- age   5:        184 bytes,        208 total
- age  11:         16 bytes,        224 total
: 490K->0K(960K), 0.0003358 secs] 7000K->7000K(10176K), 0.0004077 secs] [Times: user=0.00 sys=0.02, real=0.00 secs] 
2019-01-02T11:12:40.215+0530: 828.118: [GC (Allocation Failure) 2019-01-02T11:12:40.215+0530: 828.118: [DefNew
Desired survivor size 32768 bytes, new threshold 15 (max 15)
- age   1:         24 bytes,         24 total
- age   6:         72 bytes,         96 total
- age  12:         16 bytes,        112 total
: 508K->0K(960K), 0.0003284 secs] 7509K->7491K(10176K), 0.0004003 secs] [Times: user=0.00 sys=0.00, real=0.00 secs] 
2019-01-02T11:12:40.269+0530: 828.172: [GC (Allocation Failure) 2019-01-02T11:12:40.269+0530: 828.172: [DefNew
Desired survivor size 32768 bytes, new threshold 15 (max 15)
- age   1:        248 bytes,        248 total
- age   7:         16 bytes,        264 total
- age  13:         16 bytes,        280 total
: 846K->0K(960K), 0.0010736 secs] 8337K->7563K(10176K), 0.0014630 secs] [Times: user=0.00 sys=0.00, real=0.00 secs] 
2019-01-02T11:12:40.273+0530: 828.176: [GC (Allocation Failure) 2019-01-02T11:12:40.273+0530: 828.176: [DefNew
Desired survivor size 32768 bytes, new threshold 15 (max 15)
- age   2:        184 bytes,        184 total
- age   8:         16 bytes,        200 total
- age  14:         16 bytes,        216 total
: 896K->0K(960K), 0.0006061 secs] 8459K->7851K(10176K), 0.0007349 secs] [Times: user=0.00 sys=0.00, real=0.00 secs] 
2019-01-02T11:12:40.275+0530: 828.178: [GC (Allocation Failure) 2019-01-02T11:12:40.275+0530: 828.178: [DefNew
Desired survivor size 32768 bytes, new threshold 15 (max 15)
- age   1:         40 bytes,         40 total
- age   3:        184 bytes,        224 total
- age   9:         16 bytes,        240 total
- age  15:         16 bytes,        256 total
: 896K->0K(960K), 0.0012578 secs] 8747K->8427K(10176K), 0.0014111 secs] [Times: user=0.00 sys=0.00, real=0.00 secs] 
2019-01-02T11:12:40.278+0530: 828.181: [GC (Allocation Failure) 2019-01-02T11:12:40.278+0530: 828.181: [DefNew
Desired survivor size 32768 bytes, new threshold 15 (max 15)
- age   1:         24 bytes,         24 total
- age   4:        184 bytes,        208 total
- age  10:         16 bytes,        224 total
: 446K->0K(960K), 0.0002742 secs] 8873K->8427K(10176K), 0.0003723 secs] [Times: user=0.00 sys=0.00, real=0.00 secs] 
2019-01-02T11:12:40.279+0530: 828.182: [GC (Allocation Failure) 2019-01-02T11:12:40.279+0530: 828.182: [DefNew
Desired survivor size 32768 bytes, new threshold 15 (max 15)
- age   2:         24 bytes,         24 total
- age   5:        184 bytes,        208 total
- age  11:         16 bytes,        224 total
: 490K->0K(960K), 0.0003461 secs] 8918K->8918K(10176K), 0.0004185 secs] [Times: user=0.00 sys=0.00, real=0.00 secs] 
2019-01-02T11:12:40.280+0530: 828.182: [GC (Allocation Failure) 2019-01-02T11:12:40.280+0530: 828.183: [DefNew: 508K->508K(960K), 0.0000285 secs]2019-01-02T11:12:40.280+0530: 828.183: [Tenured: 8917K->1248K(9216K), 0.0037072 secs] 9426K->1248K(10176K), [Metaspace: 2520K->2520K(1056768K)], 0.0038548 secs] [Times: user=0.00 sys=0.00, real=0.00 secs] 
2019-01-02T11:12:40.338+0530: 828.241: [GC (Allocation Failure) 2019-01-02T11:12:40.338+0530: 828.241: [DefNew
Desired survivor size 32768 bytes, new threshold 15 (max 15)
- age   1:        248 bytes,        248 total
: 846K->0K(960K), 0.0007754 secs] 2095K->1811K(10176K), 0.0012498 secs] [Times: user=0.00 sys=0.00, real=0.00 secs] 
2019-01-02T11:12:40.341+0530: 828.243: [GC (Allocation Failure) 2019-01-02T11:12:40.341+0530: 828.243: [DefNew
Desired survivor size 32768 bytes, new threshold 15 (max 15)
- age   1:         40 bytes,         40 total
- age   2:        184 bytes,        224 total
: 896K->0K(960K), 0.0008912 secs] 2707K->2099K(10176K), 0.0010115 secs] [Times: user=0.00 sys=0.00, real=0.00 secs] 
2019-01-02T11:12:40.343+0530: 828.246: [GC (Allocation Failure) 2019-01-02T11:12:40.343+0530: 828.246: [DefNew
Desired survivor size 32768 bytes, new threshold 15 (max 15)
- age   1:         40 bytes,         40 total
- age   3:        184 bytes,        224 total
: 896K->0K(960K), 0.0004521 secs] 2995K->2675K(10176K), 0.0005508 secs] [Times: user=0.00 sys=0.00, real=0.00 secs] 
2019-01-02T11:12:40.345+0530: 828.248: [GC (Allocation Failure) 2019-01-02T11:12:40.345+0530: 828.248: [DefNew
Desired survivor size 32768 bytes, new threshold 15 (max 15)
- age   1:         24 bytes,         24 total
- age   4:        184 bytes,        208 total
: 445K->0K(960K), 0.0002566 secs] 3120K->2675K(10176K), 0.0003313 secs] [Times: user=0.00 sys=0.00, real=0.00 secs] 
2019-01-02T11:12:40.346+0530: 828.248: [GC (Allocation Failure) 2019-01-02T11:12:40.346+0530: 828.249: [DefNew
Desired survivor size 32768 bytes, new threshold 15 (max 15)
- age   2:         24 bytes,         24 total
- age   5:        184 bytes,        208 total
: 490K->0K(960K), 0.0003284 secs] 3166K->3166K(10176K), 0.0003997 secs] [Times: user=0.00 sys=0.00, real=0.00 secs] 
2019-01-02T11:12:40.346+0530: 828.249: [GC (Allocation Failure) 2019-01-02T11:12:40.346+0530: 828.249: [DefNew
Desired survivor size 32768 bytes, new threshold 15 (max 15)
- age   1:         24 bytes,         24 total
- age   6:         72 bytes,         96 total
: 508K->0K(960K), 0.0003187 secs] 3674K->3656K(10176K), 0.0003900 secs] [Times: user=0.00 sys=0.00, real=0.00 secs] 
2019-01-02T11:12:40.409+0530: 828.312: [GC (Allocation Failure) 2019-01-02T11:12:40.409+0530: 828.312: [DefNew
Desired survivor size 32768 bytes, new threshold 15 (max 15)
- age   1:        248 bytes,        248 total
- age   7:         16 bytes,        264 total
: 846K->0K(960K), 0.0006397 secs] 4503K->3729K(10176K), 0.0008860 secs] [Times: user=0.00 sys=0.00, real=0.00 secs] 
2019-01-02T11:12:40.411+0530: 828.314: [GC (Allocation Failure) 2019-01-02T11:12:40.411+0530: 828.314: [DefNew
Desired survivor size 32768 bytes, new threshold 15 (max 15)
- age   2:        184 bytes,        184 total
- age   8:         16 bytes,        200 total
: 896K->0K(960K), 0.0009482 secs] 4625K->4017K(10176K), 0.0011312 secs] [Times: user=0.00 sys=0.00, real=0.00 secs] 
2019-01-02T11:12:40.414+0530: 828.317: [GC (Allocation Failure) 2019-01-02T11:12:40.414+0530: 828.317: [DefNew
Desired survivor size 32768 bytes, new threshold 15 (max 15)
- age   1:         40 bytes,         40 total
- age   3:        184 bytes,        224 total
- age   9:         16 bytes,        240 total
: 896K->0K(960K), 0.0004288 secs] 4913K->4593K(10176K), 0.0005331 secs] [Times: user=0.00 sys=0.00, real=0.00 secs] 
2019-01-02T11:12:40.416+0530: 828.318: [GC (Allocation Failure) 2019-01-02T11:12:40.416+0530: 828.318: [DefNew
Desired survivor size 32768 bytes, new threshold 15 (max 15)
- age   1:         24 bytes,         24 total
- age   4:        184 bytes,        208 total
- age  10:         16 bytes,        224 total
: 446K->0K(960K), 0.0002429 secs] 5039K->4593K(10176K), 0.0003005 secs] [Times: user=0.00 sys=0.00, real=0.00 secs] 
2019-01-02T11:12:40.416+0530: 828.319: [GC (Allocation Failure) 2019-01-02T11:12:40.416+0530: 828.319: [DefNew
Desired survivor size 32768 bytes, new threshold 15 (max 15)
- age   2:         24 bytes,         24 total
- age   5:        184 bytes,        208 total
- age  11:         16 bytes,        224 total
: 490K->0K(960K), 0.0003324 secs] 5083K->5083K(10176K), 0.0003951 secs] [Times: user=0.00 sys=0.00, real=0.00 secs] 
2019-01-02T11:12:40.417+0530: 828.320: [GC (Allocation Failure) 2019-01-02T11:12:40.417+0530: 828.320: [DefNew
Desired survivor size 32768 bytes, new threshold 15 (max 15)
- age   1:         24 bytes,         24 total
- age   6:         72 bytes,         96 total
- age  12:         16 bytes,        112 total
: 508K->0K(960K), 0.0003278 secs] 5592K->5574K(10176K), 0.0003854 secs] [Times: user=0.00 sys=0.00, real=0.00 secs] 
2019-01-02T11:12:40.471+0530: 828.374: [GC (Allocation Failure) 2019-01-02T11:12:40.471+0530: 828.374: [DefNew
Desired survivor size 32768 bytes, new threshold 15 (max 15)
- age   1:        248 bytes,        248 total
- age   7:         16 bytes,        264 total
- age  13:         16 bytes,        280 total
: 846K->0K(960K), 0.0009778 secs] 6420K->5646K(10176K), 0.0012988 secs] [Times: user=0.00 sys=0.00, real=0.00 secs] 
2019-01-02T11:12:40.474+0530: 828.377: [GC (Allocation Failure) 2019-01-02T11:12:40.474+0530: 828.377: [DefNew
Desired survivor size 32768 bytes, new threshold 15 (max 15)
- age   1:         40 bytes,         40 total
- age   2:        184 bytes,        224 total
- age   8:         16 bytes,        240 total
- age  14:         16 bytes,        256 total
: 896K->0K(960K), 0.0007486 secs] 6542K->5934K(10176K), 0.0008655 secs] [Times: user=0.00 sys=0.00, real=0.00 secs] 
2019-01-02T11:12:40.477+0530: 828.380: [GC (Allocation Failure) 2019-01-02T11:12:40.477+0530: 828.380: [DefNew
Desired survivor size 32768 bytes, new threshold 15 (max 15)
- age   1:         40 bytes,         40 total
- age   3:        184 bytes,        224 total
- age   9:         16 bytes,        240 total
- age  15:         16 bytes,        256 total
: 896K->0K(960K), 0.0011272 secs] 6830K->6510K(10176K), 0.0012663 secs] [Times: user=0.00 sys=0.00, real=0.00 secs] 
2019-01-02T11:12:40.480+0530: 828.382: [GC (Allocation Failure) 2019-01-02T11:12:40.480+0530: 828.382: [DefNew
Desired survivor size 32768 bytes, new threshold 15 (max 15)
- age   1:         24 bytes,         24 total
- age   4:        184 bytes,        208 total
- age  10:         16 bytes,        224 total
: 445K->0K(960K), 0.0003421 secs] 6956K->6510K(10176K), 0.0004356 secs] [Times: user=0.00 sys=0.00, real=0.00 secs] 
2019-01-02T11:12:40.480+0530: 828.383: [GC (Allocation Failure) 2019-01-02T11:12:40.480+0530: 828.383: [DefNew
Desired survivor size 32768 bytes, new threshold 15 (max 15)
- age   2:         24 bytes,         24 total
- age   5:        184 bytes,        208 total
- age  11:         16 bytes,        224 total
: 490K->0K(960K), 0.0003444 secs] 7001K->7001K(10176K), 0.0004174 secs] [Times: user=0.01 sys=0.00, real=0.00 secs] 
2019-01-02T11:12:40.481+0530: 828.384: [GC (Allocation Failure) 2019-01-02T11:12:40.481+0530: 828.384: [DefNew
Desired survivor size 32768 bytes, new threshold 15 (max 15)
- age   1:         24 bytes,         24 total
- age   6:         72 bytes,         96 total
- age  12:         16 bytes,        112 total
: 508K->0K(960K), 0.0003364 secs] 7509K->7492K(10176K), 0.0004151 secs] [Times: user=0.00 sys=0.00, real=0.00 secs] 
2019-01-02T11:12:40.535+0530: 828.438: [GC (Allocation Failure) 2019-01-02T11:12:40.535+0530: 828.438: [DefNew
Desired survivor size 32768 bytes, new threshold 15 (max 15)
- age   1:        248 bytes,        248 total
- age   7:         16 bytes,        264 total
- age  13:         16 bytes,        280 total
: 846K->0K(960K), 0.0007891 secs] 8338K->7564K(10176K), 0.0013188 secs] [Times: user=0.00 sys=0.00, real=0.00 secs] 
2019-01-02T11:12:40.539+0530: 828.442: [GC (Allocation Failure) 2019-01-02T11:12:40.539+0530: 828.442: [DefNew
Desired survivor size 32768 bytes, new threshold 15 (max 15)
- age   2:        184 bytes,        184 total
- age   8:         16 bytes,        200 total
- age  14:         16 bytes,        216 total
: 896K->0K(960K), 0.0013587 secs] 8460K->7852K(10176K), 0.0016637 secs] [Times: user=0.00 sys=0.00, real=0.00 secs] 
2019-01-02T11:12:40.542+0530: 828.445: [GC (Allocation Failure) 2019-01-02T11:12:40.542+0530: 828.445: [DefNew
Desired survivor size 32768 bytes, new threshold 15 (max 15)
- age   1:         40 bytes,         40 total
- age   3:        184 bytes,        224 total
- age   9:         16 bytes,        240 total
- age  15:         16 bytes,        256 total
: 896K->0K(960K), 0.0009276 secs] 8748K->8428K(10176K), 0.0010890 secs] [Times: user=0.02 sys=0.00, real=0.00 secs] 
2019-01-02T11:12:40.544+0530: 828.447: [GC (Allocation Failure) 2019-01-02T11:12:40.544+0530: 828.447: [DefNew
Desired survivor size 32768 bytes, new threshold 15 (max 15)
- age   1:         24 bytes,         24 total
- age   4:        184 bytes,        208 total
- age  10:         16 bytes,        224 total
: 446K->0K(960K), 0.0008940 secs] 8874K->8428K(10176K), 0.0010468 secs] [Times: user=0.00 sys=0.00, real=0.00 secs] 
2019-01-02T11:12:40.546+0530: 828.449: [GC (Allocation Failure) 2019-01-02T11:12:40.546+0530: 828.449: [DefNew
Desired survivor size 32768 bytes, new threshold 15 (max 15)
- age   2:         24 bytes,         24 total
- age   5:        184 bytes,        208 total
- age  11:         16 bytes,        224 total
: 490K->0K(960K), 0.0003706 secs] 8918K->8918K(10176K), 0.0004476 secs] [Times: user=0.00 sys=0.00, real=0.00 secs] 
2019-01-02T11:12:40.547+0530: 828.450: [GC (Allocation Failure) 2019-01-02T11:12:40.547+0530: 828.450: [DefNew: 508K->508K(960K), 0.0000285 secs]2019-01-02T11:12:40.547+0530: 828.450: [Tenured: 8918K->1248K(9216K), 0.0036747 secs] 9427K->1248K(10176K), [Metaspace: 2520K->2520K(1056768K)], 0.0038292 secs] [Times: user=0.00 sys=0.00, real=0.00 secs] 
2019-01-02T11:12:40.607+0530: 828.510: [GC (Allocation Failure) 2019-01-02T11:12:40.607+0530: 828.510: [DefNew
Desired survivor size 32768 bytes, new threshold 15 (max 15)
- age   1:        248 bytes,        248 total
: 846K->0K(960K), 0.0010622 secs] 2095K->1811K(10176K), 0.0013365 secs] [Times: user=0.00 sys=0.00, real=0.00 secs] 
2019-01-02T11:12:40.610+0530: 828.513: [GC (Allocation Failure) 2019-01-02T11:12:40.610+0530: 828.513: [DefNew
Desired survivor size 32768 bytes, new threshold 15 (max 15)
- age   1:         40 bytes,         40 total
- age   2:        184 bytes,        224 total
: 896K->0K(960K), 0.0010365 secs] 2707K->2099K(10176K), 0.0013581 secs] [Times: user=0.00 sys=0.00, real=0.00 secs] 
2019-01-02T11:12:40.613+0530: 828.516: [GC (Allocation Failure) 2019-01-02T11:12:40.613+0530: 828.516: [DefNew
Desired survivor size 32768 bytes, new threshold 15 (max 15)
- age   1:         40 bytes,         40 total
- age   3:        184 bytes,        224 total
: 896K->0K(960K), 0.0010884 secs] 2995K->2675K(10176K), 0.0012418 secs] [Times: user=0.00 sys=0.00, real=0.00 secs] 
2019-01-02T11:12:40.616+0530: 828.518: [GC (Allocation Failure) 2019-01-02T11:12:40.616+0530: 828.518: [DefNew
Desired survivor size 32768 bytes, new threshold 15 (max 15)
- age   1:         24 bytes,         24 total
- age   4:        184 bytes,        208 total
: 445K->0K(960K), 0.0002566 secs] 3121K->2675K(10176K), 0.0003318 secs] [Times: user=0.00 sys=0.00, real=0.00 secs] 
2019-01-02T11:12:40.616+0530: 828.519: [GC (Allocation Failure) 2019-01-02T11:12:40.616+0530: 828.519: [DefNew
Desired survivor size 32768 bytes, new threshold 15 (max 15)
- age   2:         24 bytes,         24 total
- age   5:        184 bytes,        208 total
: 490K->0K(960K), 0.0003381 secs] 3166K->3166K(10176K), 0.0003951 secs] [Times: user=0.00 sys=0.00, real=0.00 secs] 
2019-01-02T11:12:40.617+0530: 828.520: [GC (Allocation Failure) 2019-01-02T11:12:40.617+0530: 828.520: [DefNew
Desired survivor size 32768 bytes, new threshold 15 (max 15)
- age   1:         24 bytes,         24 total
- age   6:         72 bytes,         96 total
: 508K->0K(960K), 0.0003159 secs] 3675K->3657K(10176K), 0.0003706 secs] [Times: user=0.00 sys=0.00, real=0.00 secs] 
2019-01-02T11:12:40.673+0530: 828.576: [GC (Allocation Failure) 2019-01-02T11:12:40.673+0530: 828.576: [DefNew
Desired survivor size 32768 bytes, new threshold 15 (max 15)
- age   1:        248 bytes,        248 total
- age   7:         16 bytes,        264 total
: 846K->0K(960K), 0.0014482 secs] 4503K->3729K(10176K), 0.0016808 secs] [Times: user=0.00 sys=0.00, real=0.00 secs] 
2019-01-02T11:12:40.677+0530: 828.580: [GC (Allocation Failure) 2019-01-02T11:12:40.677+0530: 828.580: [DefNew
Desired survivor size 32768 bytes, new threshold 15 (max 15)
- age   2:        184 bytes,        184 total
- age   8:         16 bytes,        200 total
: 896K->0K(960K), 0.0009373 secs] 4625K->4017K(10176K), 0.0010451 secs] [Times: user=0.00 sys=0.00, real=0.00 secs] 
2019-01-02T11:12:40.680+0530: 828.582: [GC (Allocation Failure) 2019-01-02T11:12:40.680+0530: 828.583: [DefNew
Desired survivor size 32768 bytes, new threshold 15 (max 15)
- age   1:         40 bytes,         40 total
- age   3:        184 bytes,        224 total
- age   9:         16 bytes,        240 total
: 896K->0K(960K), 0.0004510 secs] 4913K->4593K(10176K), 0.0006203 secs] [Times: user=0.00 sys=0.00, real=0.00 secs] 
2019-01-02T11:12:40.681+0530: 828.584: [GC (Allocation Failure) 2019-01-02T11:12:40.681+0530: 828.584: [DefNew
Desired survivor size 32768 bytes, new threshold 15 (max 15)
- age   1:         24 bytes,         24 total
- age   4:        184 bytes,        208 total
- age  10:         16 bytes,        224 total
: 446K->0K(960K), 0.0002366 secs] 5039K->4593K(10176K), 0.0003073 secs] [Times: user=0.00 sys=0.00, real=0.00 secs] 
2019-01-02T11:12:40.682+0530: 828.585: [GC (Allocation Failure) 2019-01-02T11:12:40.682+0530: 828.585: [DefNew
Desired survivor size 32768 bytes, new threshold 15 (max 15)
- age   2:         24 bytes,         24 total
- age   5:        184 bytes,        208 total
- age  11:         16 bytes,        224 total
: 491K->0K(960K), 0.0003273 secs] 5084K->5084K(10176K), 0.0003974 secs] [Times: user=0.00 sys=0.00, real=0.00 secs] 
2019-01-02T11:12:40.683+0530: 828.586: [GC (Allocation Failure) 2019-01-02T11:12:40.683+0530: 828.586: [DefNew
Desired survivor size 32768 bytes, new threshold 15 (max 15)
- age   1:         24 bytes,         24 total
- age   6:         72 bytes,         96 total
- age  12:         16 bytes,        112 total
: 508K->0K(960K), 0.0003085 secs] 5592K->5575K(10176K), 0.0003854 secs] [Times: user=0.00 sys=0.02, real=0.00 secs] 
2019-01-02T11:12:40.738+0530: 828.641: [GC (Allocation Failure) 2019-01-02T11:12:40.739+0530: 828.642: [DefNew
Desired survivor size 32768 bytes, new threshold 15 (max 15)
- age   1:        248 bytes,        248 total
- age   7:         16 bytes,        264 total
- age  13:         16 bytes,        280 total
: 846K->0K(960K), 0.0011141 secs] 6421K->5647K(10176K), 0.0014653 secs] [Times: user=0.00 sys=0.00, real=0.00 secs] 
2019-01-02T11:12:40.742+0530: 828.645: [GC (Allocation Failure) 2019-01-02T11:12:40.742+0530: 828.645: [DefNew
Desired survivor size 32768 bytes, new threshold 15 (max 15)
- age   1:         40 bytes,         40 total
- age   2:        184 bytes,        224 total
- age   8:         16 bytes,        240 total
- age  14:         16 bytes,        256 total
: 896K->0K(960K), 0.0007230 secs] 6543K->5935K(10176K), 0.0009140 secs] [Times: user=0.00 sys=0.00, real=0.00 secs] 
2019-01-02T11:12:40.745+0530: 828.647: [GC (Allocation Failure) 2019-01-02T11:12:40.745+0530: 828.648: [DefNew
Desired survivor size 32768 bytes, new threshold 15 (max 15)
- age   1:         40 bytes,         40 total
- age   3:        184 bytes,        224 total
- age   9:         16 bytes,        240 total
- age  15:         16 bytes,        256 total
: 896K->0K(960K), 0.0012686 secs] 6831K->6511K(10176K), 0.0014123 secs] [Times: user=0.02 sys=0.00, real=0.00 secs] 
2019-01-02T11:12:40.747+0530: 828.650: [GC (Allocation Failure) 2019-01-02T11:12:40.748+0530: 828.650: [DefNew
Desired survivor size 32768 bytes, new threshold 15 (max 15)
- age   1:         24 bytes,         24 total
- age   4:        184 bytes,        208 total
- age  10:         16 bytes,        224 total
: 445K->0K(960K), 0.0006283 secs] 6956K->6511K(10176K), 0.0007589 secs] [Times: user=0.00 sys=0.00, real=0.00 secs] 
2019-01-02T11:12:40.749+0530: 828.651: [GC (Allocation Failure) 2019-01-02T11:12:40.749+0530: 828.651: [DefNew
Desired survivor size 32768 bytes, new threshold 15 (max 15)
- age   2:         24 bytes,         24 total
- age   5:        184 bytes,        208 total
- age  11:         16 bytes,        224 total
: 491K->0K(960K), 0.0003296 secs] 7002K->7002K(10176K), 0.0004020 secs] [Times: user=0.00 sys=0.00, real=0.00 secs] 
2019-01-02T11:12:40.749+0530: 828.652: [GC (Allocation Failure) 2019-01-02T11:12:40.749+0530: 828.652: [DefNew
Desired survivor size 32768 bytes, new threshold 15 (max 15)
- age   1:         24 bytes,         24 total
- age   6:         72 bytes,         96 total
- age  12:         16 bytes,        112 total
: 508K->0K(960K), 0.0003159 secs] 7510K->7492K(10176K), 0.0003860 secs] [Times: user=0.00 sys=0.00, real=0.00 secs] 
2019-01-02T11:12:40.805+0530: 828.708: [GC (Allocation Failure) 2019-01-02T11:12:40.806+0530: 828.709: [DefNew
Desired survivor size 32768 bytes, new threshold 15 (max 15)
- age   1:        248 bytes,        248 total
- age   7:         16 bytes,        264 total
- age  13:         16 bytes,        280 total
: 846K->0K(960K), 0.0008153 secs] 8339K->7564K(10176K), 0.0012087 secs] [Times: user=0.00 sys=0.00, real=0.00 secs] 
2019-01-02T11:12:40.809+0530: 828.712: [GC (Allocation Failure) 2019-01-02T11:12:40.809+0530: 828.712: [DefNew
Desired survivor size 32768 bytes, new threshold 15 (max 15)
- age   2:        184 bytes,        184 total
- age   8:         16 bytes,        200 total
- age  14:         16 bytes,        216 total
: 896K->0K(960K), 0.0007173 secs] 8460K->7852K(10176K), 0.0008837 secs] [Times: user=0.00 sys=0.00, real=0.00 secs] 
2019-01-02T11:12:40.811+0530: 828.714: [GC (Allocation Failure) 2019-01-02T11:12:40.811+0530: 828.714: [DefNew
Desired survivor size 32768 bytes, new threshold 15 (max 15)
- age   1:         40 bytes,         40 total
- age   3:        184 bytes,        224 total
- age   9:         16 bytes,        240 total
- age  15:         16 bytes,        256 total
: 896K->0K(960K), 0.0013598 secs] 8748K->8428K(10176K), 0.0015218 secs] [Times: user=0.00 sys=0.00, real=0.00 secs] 
2019-01-02T11:12:40.814+0530: 828.717: [GC (Allocation Failure) 2019-01-02T11:12:40.814+0530: 828.717: [DefNew
Desired survivor size 32768 bytes, new threshold 15 (max 15)
- age   1:         24 bytes,         24 total
- age   4:        184 bytes,        208 total
- age  10:         16 bytes,        224 total
: 446K->0K(960K), 0.0006089 secs] 8875K->8428K(10176K), 0.0007880 secs] [Times: user=0.00 sys=0.00, real=0.00 secs] 
2019-01-02T11:12:40.815+0530: 828.718: [GC (Allocation Failure) 2019-01-02T11:12:40.815+0530: 828.718: [DefNew
Desired survivor size 32768 bytes, new threshold 15 (max 15)
- age   2:         24 bytes,         24 total
- age   5:        184 bytes,        208 total
- age  11:         16 bytes,        224 total
: 491K->0K(960K), 0.0003392 secs] 8919K->8919K(10176K), 0.0004202 secs] [Times: user=0.00 sys=0.00, real=0.00 secs] 
2019-01-02T11:12:40.816+0530: 828.719: [GC (Allocation Failure) 2019-01-02T11:12:40.816+0530: 828.719: [DefNew: 508K->508K(960K), 0.0000353 secs]2019-01-02T11:12:40.816+0530: 828.719: [Tenured: 8919K->1248K(9216K), 0.0036456 secs] 9428K->1248K(10176K), [Metaspace: 2520K->2520K(1056768K)], 0.0038109 secs] [Times: user=0.00 sys=0.00, real=0.00 secs] 
2019-01-02T11:12:40.874+0530: 828.777: [GC (Allocation Failure) 2019-01-02T11:12:40.874+0530: 828.777: [DefNew
Desired survivor size 32768 bytes, new threshold 15 (max 15)
- age   1:        248 bytes,        248 total
: 846K->0K(960K), 0.0016968 secs] 2095K->1812K(10176K), 0.0018895 secs] [Times: user=0.00 sys=0.00, real=0.00 secs] 
2019-01-02T11:12:40.878+0530: 828.781: [GC (Allocation Failure) 2019-01-02T11:12:40.878+0530: 828.781: [DefNew
Desired survivor size 32768 bytes, new threshold 15 (max 15)
- age   1:         40 bytes,         40 total
- age   2:        184 bytes,        224 total
: 896K->0K(960K), 0.0005941 secs] 2708K->2100K(10176K), 0.0008011 secs] [Times: user=0.00 sys=0.00, real=0.00 secs] 
2019-01-02T11:12:40.880+0530: 828.783: [GC (Allocation Failure) 2019-01-02T11:12:40.880+0530: 828.783: [DefNew
Desired survivor size 32768 bytes, new threshold 15 (max 15)
- age   1:         40 bytes,         40 total
- age   3:        184 bytes,        224 total
: 896K->0K(960K), 0.0012971 secs] 2996K->2676K(10176K), 0.0014841 secs] [Times: user=0.00 sys=0.00, real=0.00 secs] 
2019-01-02T11:12:40.883+0530: 828.786: [GC (Allocation Failure) 2019-01-02T11:12:40.883+0530: 828.786: [DefNew
Desired survivor size 32768 bytes, new threshold 15 (max 15)
- age   1:         24 bytes,         24 total
- age   4:        184 bytes,        208 total
: 445K->0K(960K), 0.0002486 secs] 3121K->2676K(10176K), 0.0003244 secs] [Times: user=0.00 sys=0.00, real=0.00 secs] 
2019-01-02T11:12:40.883+0530: 828.786: [GC (Allocation Failure) 2019-01-02T11:12:40.883+0530: 828.786: [DefNew
Desired survivor size 32768 bytes, new threshold 15 (max 15)
- age   2:         24 bytes,         24 total
- age   5:        184 bytes,        208 total
: 491K->0K(960K), 0.0003227 secs] 3166K->3166K(10176K), 0.0003946 secs] [Times: user=0.00 sys=0.00, real=0.00 secs] 
2019-01-02T11:12:40.884+0530: 828.787: [GC (Allocation Failure) 2019-01-02T11:12:40.884+0530: 828.787: [DefNew
Desired survivor size 32768 bytes, new threshold 15 (max 15)
- age   1:         24 bytes,         24 total
- age   6:         72 bytes,         96 total
: 508K->0K(960K), 0.0003022 secs] 3675K->3657K(10176K), 0.0003723 secs] [Times: user=0.00 sys=0.00, real=0.00 secs] 
2019-01-02T11:12:40.940+0530: 828.843: [GC (Allocation Failure) 2019-01-02T11:12:40.940+0530: 828.843: [DefNew
Desired survivor size 32768 bytes, new threshold 15 (max 15)
- age   1:        248 bytes,        248 total
- age   7:         16 bytes,        264 total
: 846K->0K(960K), 0.0011580 secs] 4504K->3729K(10176K), 0.0014733 secs] [Times: user=0.00 sys=0.00, real=0.00 secs] 
2019-01-02T11:12:40.943+0530: 828.846: [GC (Allocation Failure) 2019-01-02T11:12:40.943+0530: 828.846: [DefNew
Desired survivor size 32768 bytes, new threshold 15 (max 15)
- age   2:        184 bytes,        184 total
- age   8:         16 bytes,        200 total
: 896K->0K(960K), 0.0005913 secs] 4625K->4017K(10176K), 0.0006899 secs] [Times: user=0.00 sys=0.00, real=0.00 secs] 
2019-01-02T11:12:40.945+0530: 828.848: [GC (Allocation Failure) 2019-01-02T11:12:40.945+0530: 828.848: [DefNew
Desired survivor size 32768 bytes, new threshold 15 (max 15)
- age   1:         40 bytes,         40 total
- age   3:        184 bytes,        224 total
- age   9:         16 bytes,        240 total
: 896K->0K(960K), 0.0010246 secs] 4913K->4593K(10176K), 0.0011318 secs] [Times: user=0.00 sys=0.00, real=0.00 secs] 
2019-01-02T11:12:40.948+0530: 828.851: [GC (Allocation Failure) 2019-01-02T11:12:40.948+0530: 828.851: [DefNew
Desired survivor size 32768 bytes, new threshold 15 (max 15)
- age   1:         24 bytes,         24 total
- age   4:        184 bytes,        208 total
- age  10:         16 bytes,        224 total
: 446K->0K(960K), 0.0003193 secs] 5040K->4593K(10176K), 0.0004801 secs] [Times: user=0.00 sys=0.02, real=0.00 secs] 
2019-01-02T11:12:40.949+0530: 828.852: [GC (Allocation Failure) 2019-01-02T11:12:40.949+0530: 828.852: [DefNew
Desired survivor size 32768 bytes, new threshold 15 (max 15)
- age   2:         24 bytes,         24 total
- age   5:        184 bytes,        208 total
- age  11:         16 bytes,        224 total
: 491K->0K(960K), 0.0003461 secs] 5084K->5084K(10176K), 0.0004174 secs] [Times: user=0.00 sys=0.00, real=0.00 secs] 
2019-01-02T11:12:40.950+0530: 828.853: [GC (Allocation Failure) 2019-01-02T11:12:40.950+0530: 828.853: [DefNew
Desired survivor size 32768 bytes, new threshold 15 (max 15)
- age   1:         24 bytes,         24 total
- age   6:         72 bytes,         96 total
- age  12:         16 bytes,        112 total
: 509K->0K(960K), 0.0003546 secs] 5593K->5575K(10176K), 0.0004385 secs] [Times: user=0.00 sys=0.00, real=0.00 secs] 
2019-01-02T11:12:41.006+0530: 828.909: [GC (Allocation Failure) 2019-01-02T11:12:41.006+0530: 828.909: [DefNew
Desired survivor size 32768 bytes, new threshold 15 (max 15)
- age   1:        248 bytes,        248 total
- age   7:         16 bytes,        264 total
- age  13:         16 bytes,        280 total
: 846K->0K(960K), 0.0011791 secs] 6422K->5647K(10176K), 0.0016643 secs] [Times: user=0.00 sys=0.00, real=0.00 secs] 
2019-01-02T11:12:41.010+0530: 828.912: [GC (Allocation Failure) 2019-01-02T11:12:41.010+0530: 828.913: [DefNew
Desired survivor size 32768 bytes, new threshold 15 (max 15)
- age   1:         40 bytes,         40 total
- age   2:        184 bytes,        224 total
- age   8:         16 bytes,        240 total
- age  14:         16 bytes,        256 total
: 896K->0K(960K), 0.0007007 secs] 6543K->5935K(10176K), 0.0008621 secs] [Times: user=0.00 sys=0.00, real=0.00 secs] 
2019-01-02T11:12:41.012+0530: 828.915: [GC (Allocation Failure) 2019-01-02T11:12:41.012+0530: 828.915: [DefNew
Desired survivor size 32768 bytes, new threshold 15 (max 15)
- age   1:         40 bytes,         40 total
- age   3:        184 bytes,        224 total
- age   9:         16 bytes,        240 total
- age  15:         16 bytes,        256 total
: 896K->0K(960K), 0.0011791 secs] 6831K->6511K(10176K), 0.0013461 secs] [Times: user=0.00 sys=0.00, real=0.00 secs] 
2019-01-02T11:12:41.015+0530: 828.918: [GC (Allocation Failure) 2019-01-02T11:12:41.015+0530: 828.918: [DefNew
Desired survivor size 32768 bytes, new threshold 15 (max 15)
- age   1:         24 bytes,         24 total
- age   4:        184 bytes,        208 total
- age  10:         16 bytes,        224 total
: 445K->0K(960K), 0.0006825 secs] 6957K->6511K(10176K), 0.0008712 secs] [Times: user=0.00 sys=0.00, real=0.00 secs] 
2019-01-02T11:12:41.016+0530: 828.919: [GC (Allocation Failure) 2019-01-02T11:12:41.016+0530: 828.919: [DefNew
Desired survivor size 32768 bytes, new threshold 15 (max 15)
- age   2:         24 bytes,         24 total
- age   5:        184 bytes,        208 total
- age  11:         16 bytes,        224 total
: 491K->0K(960K), 0.0003529 secs] 7002K->7002K(10176K), 0.0004288 secs] [Times: user=0.00 sys=0.00, real=0.00 secs] 
2019-01-02T11:12:41.017+0530: 828.920: [GC (Allocation Failure) 2019-01-02T11:12:41.017+0530: 828.920: [DefNew
Desired survivor size 32768 bytes, new threshold 15 (max 15)
- age   1:         24 bytes,         24 total
- age   6:         72 bytes,         96 total
- age  12:         16 bytes,        112 total
: 508K->0K(960K), 0.0003301 secs] 7511K->7493K(10176K), 0.0004111 secs] [Times: user=0.00 sys=0.00, real=0.00 secs] 
2019-01-02T11:12:41.081+0530: 828.984: [GC (Allocation Failure) 2019-01-02T11:12:41.082+0530: 828.985: [DefNew
Desired survivor size 32768 bytes, new threshold 15 (max 15)
- age   1:        248 bytes,        248 total
- age   7:         16 bytes,        264 total
- age  13:         16 bytes,        280 total
: 846K->0K(960K), 0.0007549 secs] 8339K->7565K(10176K), 0.0014539 secs] [Times: user=0.00 sys=0.00, real=0.00 secs] 
2019-01-02T11:12:41.085+0530: 828.988: [GC (Allocation Failure) 2019-01-02T11:12:41.085+0530: 828.988: [DefNew
Desired survivor size 32768 bytes, new threshold 15 (max 15)
- age   2:        184 bytes,        184 total
- age   8:         16 bytes,        200 total
- age  14:         16 bytes,        216 total
: 896K->0K(960K), 0.0006460 secs] 8461K->7853K(10176K), 0.0009453 secs] [Times: user=0.00 sys=0.00, real=0.00 secs] 
2019-01-02T11:12:41.087+0530: 828.990: [GC (Allocation Failure) 2019-01-02T11:12:41.088+0530: 828.991: [DefNew
Desired survivor size 32768 bytes, new threshold 15 (max 15)
- age   1:         40 bytes,         40 total
- age   3:        184 bytes,        224 total
- age   9:         16 bytes,        240 total
- age  15:         16 bytes,        256 total
: 896K->0K(960K), 0.0011563 secs] 8749K->8429K(10176K), 0.0013079 secs] [Times: user=0.02 sys=0.00, real=0.00 secs] 
2019-01-02T11:12:41.090+0530: 828.993: [GC (Allocation Failure) 2019-01-02T11:12:41.090+0530: 828.993: [DefNew
Desired survivor size 32768 bytes, new threshold 15 (max 15)
- age   1:         24 bytes,         24 total
- age   4:        184 bytes,        208 total
- age  10:         16 bytes,        224 total
: 446K->0K(960K), 0.0005320 secs] 8876K->8429K(10176K), 0.0006232 secs] [Times: user=0.00 sys=0.00, real=0.00 secs] 
2019-01-02T11:12:41.091+0530: 828.994: [GC (Allocation Failure) 2019-01-02T11:12:41.091+0530: 828.994: [DefNew
Desired survivor size 32768 bytes, new threshold 15 (max 15)
- age   2:         24 bytes,         24 total
- age   5:        184 bytes,        208 total
- age  11:         16 bytes,        224 total
: 491K->0K(960K), 0.0007589 secs] 8920K->8920K(10176K), 0.0008809 secs] [Times: user=0.00 sys=0.00, real=0.00 secs] 
2019-01-02T11:12:41.093+0530: 828.996: [GC (Allocation Failure) 2019-01-02T11:12:41.093+0530: 828.996: [DefNew: 509K->509K(960K), 0.0000405 secs]2019-01-02T11:12:41.093+0530: 828.996: [Tenured: 8920K->1249K(9216K), 0.0048914 secs] 9429K->1249K(10176K), [Metaspace: 2520K->2520K(1056768K)], 0.0050853 secs] [Times: user=0.00 sys=0.00, real=0.01 secs] 
2019-01-02T11:12:41.154+0530: 829.057: [GC (Allocation Failure) 2019-01-02T11:12:41.155+0530: 829.057: [DefNew
Desired survivor size 32768 bytes, new threshold 15 (max 15)
- age   1:        248 bytes,        248 total
: 846K->0K(960K), 0.0008284 secs] 2095K->1812K(10176K), 0.0011648 secs] [Times: user=0.00 sys=0.00, real=0.00 secs] 
2019-01-02T11:12:41.157+0530: 829.060: [GC (Allocation Failure) 2019-01-02T11:12:41.157+0530: 829.060: [DefNew
Desired survivor size 32768 bytes, new threshold 15 (max 15)
- age   1:         40 bytes,         40 total
- age   2:        184 bytes,        224 total
: 896K->0K(960K), 0.0009168 secs] 2708K->2100K(10176K), 0.0011432 secs] [Times: user=0.00 sys=0.00, real=0.00 secs] 
2019-01-02T11:12:41.160+0530: 829.063: [GC (Allocation Failure) 2019-01-02T11:12:41.160+0530: 829.063: [DefNew
Desired survivor size 32768 bytes, new threshold 15 (max 15)
- age   1:         40 bytes,         40 total
- age   3:        184 bytes,        224 total
: 896K->0K(960K), 0.0008627 secs] 2996K->2676K(10176K), 0.0010234 secs] [Times: user=0.00 sys=0.00, real=0.00 secs] 
2019-01-02T11:12:41.162+0530: 829.065: [GC (Allocation Failure) 2019-01-02T11:12:41.162+0530: 829.065: [DefNew
Desired survivor size 32768 bytes, new threshold 15 (max 15)
- age   1:         24 bytes,         24 total
- age   4:        184 bytes,        208 total
: 445K->0K(960K), 0.0005605 secs] 3121K->2676K(10176K), 0.0006945 secs] [Times: user=0.00 sys=0.00, real=0.00 secs] 
2019-01-02T11:12:41.163+0530: 829.066: [GC (Allocation Failure) 2019-01-02T11:12:41.163+0530: 829.066: [DefNew
Desired survivor size 32768 bytes, new threshold 15 (max 15)
- age   2:         24 bytes,         24 total
- age   5:        184 bytes,        208 total
: 491K->0K(960K), 0.0003541 secs] 3167K->3167K(10176K), 0.0004270 secs] [Times: user=0.00 sys=0.00, real=0.00 secs] 
2019-01-02T11:12:41.164+0530: 829.067: [GC (Allocation Failure) 2019-01-02T11:12:41.164+0530: 829.067: [DefNew
Desired survivor size 32768 bytes, new threshold 15 (max 15)
- age   1:         24 bytes,         24 total
- age   6:         72 bytes,         96 total
: 509K->0K(960K), 0.0002891 secs] 3676K->3658K(10176K), 0.0003398 secs] [Times: user=0.00 sys=0.00, real=0.00 secs] 
2019-01-02T11:12:41.221+0530: 829.124: [GC (Allocation Failure) 2019-01-02T11:12:41.221+0530: 829.124: [DefNew
Desired survivor size 32768 bytes, new threshold 15 (max 15)
- age   1:        248 bytes,        248 total
- age   7:         16 bytes,        264 total
: 846K->0K(960K), 0.0011586 secs] 4504K->3730K(10176K), 0.0013758 secs] [Times: user=0.00 sys=0.00, real=0.00 secs] 
2019-01-02T11:12:41.225+0530: 829.128: [GC (Allocation Failure) 2019-01-02T11:12:41.225+0530: 829.128: [DefNew
Desired survivor size 32768 bytes, new threshold 15 (max 15)
- age   2:        184 bytes,        184 total
- age   8:         16 bytes,        200 total
: 896K->0K(960K), 0.0011728 secs] 4626K->4018K(10176K), 0.0013553 secs] [Times: user=0.00 sys=0.00, real=0.00 secs] 
2019-01-02T11:12:41.227+0530: 829.130: [GC (Allocation Failure) 2019-01-02T11:12:41.227+0530: 829.130: [DefNew
Desired survivor size 32768 bytes, new threshold 15 (max 15)
- age   1:         40 bytes,         40 total
- age   3:        184 bytes,        224 total
- age   9:         16 bytes,        240 total
: 896K->0K(960K), 0.0008604 secs] 4914K->4594K(10176K), 0.0010012 secs] [Times: user=0.00 sys=0.00, real=0.00 secs] 
2019-01-02T11:12:41.229+0530: 829.132: [GC (Allocation Failure) 2019-01-02T11:12:41.229+0530: 829.132: [DefNew
Desired survivor size 32768 bytes, new threshold 15 (max 15)
- age   1:         24 bytes,         24 total
- age   4:        184 bytes,        208 total
- age  10:         16 bytes,        224 total
: 446K->0K(960K), 0.0006061 secs] 5040K->4594K(10176K), 0.0007475 secs] [Times: user=0.00 sys=0.00, real=0.00 secs] 
2019-01-02T11:12:41.231+0530: 829.134: [GC (Allocation Failure) 2019-01-02T11:12:41.231+0530: 829.134: [DefNew
Desired survivor size 32768 bytes, new threshold 15 (max 15)
- age   2:         24 bytes,         24 total
- age   5:        184 bytes,        208 total
- age  11:         16 bytes,        224 total
: 491K->0K(960K), 0.0003831 secs] 5085K->5085K(10176K), 0.0004898 secs] [Times: user=0.00 sys=0.00, real=0.00 secs] 
2019-01-02T11:12:41.232+0530: 829.135: [GC (Allocation Failure) 2019-01-02T11:12:41.232+0530: 829.135: [DefNew
Desired survivor size 32768 bytes, new threshold 15 (max 15)
- age   1:         24 bytes,         24 total
- age   6:         72 bytes,         96 total
- age  12:         16 bytes,        112 total
: 509K->0K(960K), 0.0003375 secs] 5594K->5576K(10176K), 0.0004219 secs] [Times: user=0.00 sys=0.00, real=0.00 secs] 
2019-01-02T11:12:41.290+0530: 829.193: [GC (Allocation Failure) 2019-01-02T11:12:41.290+0530: 829.193: [DefNew
Desired survivor size 32768 bytes, new threshold 15 (max 15)
- age   1:        248 bytes,        248 total
- age   7:         16 bytes,        264 total
- age  13:         16 bytes,        280 total
: 846K->0K(960K), 0.0011797 secs] 6422K->5648K(10176K), 0.0016518 secs] [Times: user=0.00 sys=0.01, real=0.00 secs] 
2019-01-02T11:12:41.294+0530: 829.197: [GC (Allocation Failure) 2019-01-02T11:12:41.294+0530: 829.197: [DefNew
Desired survivor size 32768 bytes, new threshold 15 (max 15)
- age   1:         40 bytes,         40 total
- age   2:        184 bytes,        224 total
- age   8:         16 bytes,        240 total
- age  14:         16 bytes,        256 total
: 896K->0K(960K), 0.0010257 secs] 6544K->5936K(10176K), 0.0013741 secs] [Times: user=0.00 sys=0.00, real=0.00 secs] 
2019-01-02T11:12:41.296+0530: 829.199: [GC (Allocation Failure) 2019-01-02T11:12:41.296+0530: 829.199: [DefNew
Desired survivor size 32768 bytes, new threshold 15 (max 15)
- age   1:         40 bytes,         40 total
- age   3:        184 bytes,        224 total
- age   9:         16 bytes,        240 total
- age  15:         16 bytes,        256 total
: 896K->0K(960K), 0.0008684 secs] 6832K->6512K(10176K), 0.0009904 secs] [Times: user=0.00 sys=0.00, real=0.00 secs] 
2019-01-02T11:12:41.298+0530: 829.201: [GC (Allocation Failure) 2019-01-02T11:12:41.298+0530: 829.201: [DefNew
Desired survivor size 32768 bytes, new threshold 15 (max 15)
- age   1:         24 bytes,         24 total
- age   4:        184 bytes,        208 total
- age  10:         16 bytes,        224 total
: 445K->0K(960K), 0.0003974 secs] 6957K->6512K(10176K), 0.0004613 secs] [Times: user=0.00 sys=0.00, real=0.00 secs] 
2019-01-02T11:12:41.299+0530: 829.202: [GC (Allocation Failure) 2019-01-02T11:12:41.299+0530: 829.202: [DefNew
Desired survivor size 32768 bytes, new threshold 15 (max 15)
- age   2:         24 bytes,         24 total
- age   5:        184 bytes,        208 total
- age  11:         16 bytes,        224 total
: 491K->0K(960K), 0.0002971 secs] 7003K->7003K(10176K), 0.0003478 secs] [Times: user=0.00 sys=0.00, real=0.00 secs] 
2019-01-02T11:12:41.300+0530: 829.203: [GC (Allocation Failure) 2019-01-02T11:12:41.300+0530: 829.203: [DefNew
Desired survivor size 32768 bytes, new threshold 15 (max 15)
- age   1:         24 bytes,         24 total
- age   6:         72 bytes,         96 total
- age  12:         16 bytes,        112 total
: 509K->0K(960K), 0.0002925 secs] 7512K->7494K(10176K), 0.0003415 secs] [Times: user=0.00 sys=0.00, real=0.00 secs] 
2019-01-02T11:12:41.350+0530: 829.253: [GC (Allocation Failure) 2019-01-02T11:12:41.350+0530: 829.253: [DefNew
Desired survivor size 32768 bytes, new threshold 15 (max 15)
- age   1:        248 bytes,        248 total
- age   7:         16 bytes,        264 total
- age  13:         16 bytes,        280 total
: 846K->0K(960K), 0.0009516 secs] 8340K->7566K(10176K), 0.0012601 secs] [Times: user=0.00 sys=0.00, real=0.00 secs] 
2019-01-02T11:12:41.353+0530: 829.256: [GC (Allocation Failure) 2019-01-02T11:12:41.353+0530: 829.256: [DefNew
Desired survivor size 32768 bytes, new threshold 15 (max 15)
- age   2:        184 bytes,        184 total
- age   8:         16 bytes,        200 total
- age  14:         16 bytes,        216 total
: 896K->0K(960K), 0.0007053 secs] 8462K->7854K(10176K), 0.0008433 secs] [Times: user=0.00 sys=0.00, real=0.00 secs] 
2019-01-02T11:12:41.355+0530: 829.258: [GC (Allocation Failure) 2019-01-02T11:12:41.355+0530: 829.258: [DefNew
Desired survivor size 32768 bytes, new threshold 15 (max 15)
- age   1:         40 bytes,         40 total
- age   3:        184 bytes,        224 total
- age   9:         16 bytes,        240 total
- age  15:         16 bytes,        256 total
: 896K->0K(960K), 0.0011791 secs] 8750K->8430K(10176K), 0.0013148 secs] [Times: user=0.00 sys=0.00, real=0.00 secs] 
2019-01-02T11:12:41.358+0530: 829.260: [GC (Allocation Failure) 2019-01-02T11:12:41.358+0530: 829.261: [DefNew
Desired survivor size 32768 bytes, new threshold 15 (max 15)
- age   1:         24 bytes,         24 total
- age   4:        184 bytes,        208 total
- age  10:         16 bytes,        224 total
: 446K->0K(960K), 0.0004977 secs] 8876K->8430K(10176K), 0.0006049 secs] [Times: user=0.00 sys=0.00, real=0.00 secs] 
2019-01-02T11:12:41.358+0530: 829.261: [GC (Allocation Failure) 2019-01-02T11:12:41.359+0530: 829.261: [DefNew
Desired survivor size 32768 bytes, new threshold 15 (max 15)
- age   2:         24 bytes,         24 total
- age   5:        184 bytes,        208 total
- age  11:         16 bytes,        224 total
: 491K->0K(960K), 0.0003296 secs] 8921K->8921K(10176K), 0.0003883 secs] [Times: user=0.00 sys=0.00, real=0.00 secs] 
2019-01-02T11:12:41.359+0530: 829.262: [GC (Allocation Failure) 2019-01-02T11:12:41.359+0530: 829.262: [DefNew: 509K->509K(960K), 0.0000239 secs]2019-01-02T11:12:41.359+0530: 829.262: [Tenured: 8921K->1249K(9216K), 0.0048988 secs] 9430K->1249K(10176K), [Metaspace: 2520K->2520K(1056768K)], 0.0050379 secs] [Times: user=0.00 sys=0.00, real=0.01 secs] 
2019-01-02T11:12:41.414+0530: 829.317: [GC (Allocation Failure) 2019-01-02T11:12:41.414+0530: 829.317: [DefNew
Desired survivor size 32768 bytes, new threshold 15 (max 15)
- age   1:        248 bytes,        248 total
: 846K->0K(960K), 0.0009003 secs] 2096K->1812K(10176K), 0.0010816 secs] [Times: user=0.00 sys=0.00, real=0.00 secs] 
2019-01-02T11:12:41.417+0530: 829.320: [GC (Allocation Failure) 2019-01-02T11:12:41.417+0530: 829.320: [DefNew
Desired survivor size 32768 bytes, new threshold 15 (max 15)
- age   1:         40 bytes,         40 total
- age   2:        184 bytes,        224 total
: 896K->0K(960K), 0.0006192 secs] 2708K->2100K(10176K), 0.0009402 secs] [Times: user=0.00 sys=0.00, real=0.00 secs] 
2019-01-02T11:12:41.419+0530: 829.322: [GC (Allocation Failure) 2019-01-02T11:12:41.419+0530: 829.322: [DefNew
Desired survivor size 32768 bytes, new threshold 15 (max 15)
- age   1:         40 bytes,         40 total
- age   3:        184 bytes,        224 total
: 896K->0K(960K), 0.0012258 secs] 2996K->2676K(10176K), 0.0013581 secs] [Times: user=0.00 sys=0.00, real=0.00 secs] 
2019-01-02T11:12:41.422+0530: 829.325: [GC (Allocation Failure) 2019-01-02T11:12:41.422+0530: 829.325: [DefNew
Desired survivor size 32768 bytes, new threshold 15 (max 15)
- age   1:         24 bytes,         24 total
- age   4:        184 bytes,        208 total
: 445K->0K(960K), 0.0005810 secs] 3121K->2676K(10176K), 0.0007475 secs] [Times: user=0.00 sys=0.00, real=0.00 secs] 
2019-01-02T11:12:41.423+0530: 829.326: [GC (Allocation Failure) 2019-01-02T11:12:41.423+0530: 829.326: [DefNew
Desired survivor size 32768 bytes, new threshold 15 (max 15)
- age   2:         24 bytes,         24 total
- age   5:        184 bytes,        208 total
: 491K->0K(960K), 0.0003267 secs] 3167K->3167K(10176K), 0.0003980 secs] [Times: user=0.00 sys=0.00, real=0.00 secs] 
2019-01-02T11:12:41.424+0530: 829.327: [GC (Allocation Failure) 2019-01-02T11:12:41.424+0530: 829.327: [DefNew
Desired survivor size 32768 bytes, new threshold 15 (max 15)
- age   1:         24 bytes,         24 total
- age   6:         72 bytes,         96 total
: 509K->0K(960K), 0.0003130 secs] 3676K->3658K(10176K), 0.0003655 secs] [Times: user=0.00 sys=0.00, real=0.00 secs] 
2019-01-02T11:12:41.478+0530: 829.381: [GC (Allocation Failure) 2019-01-02T11:12:41.478+0530: 829.381: [DefNew
Desired survivor size 32768 bytes, new threshold 15 (max 15)
- age   1:        248 bytes,        248 total
- age   7:         16 bytes,        264 total
: 846K->0K(960K), 0.0007184 secs] 4505K->3730K(10176K), 0.0010462 secs] [Times: user=0.02 sys=0.00, real=0.00 secs] 
2019-01-02T11:12:41.480+0530: 829.383: [GC (Allocation Failure) 2019-01-02T11:12:41.480+0530: 829.383: [DefNew
Desired survivor size 32768 bytes, new threshold 15 (max 15)
- age   2:        184 bytes,        184 total
- age   8:         16 bytes,        200 total
: 896K->0K(960K), 0.0006152 secs] 4626K->4018K(10176K), 0.0007572 secs] [Times: user=0.00 sys=0.00, real=0.00 secs] 
2019-01-02T11:12:41.483+0530: 829.386: [GC (Allocation Failure) 2019-01-02T11:12:41.483+0530: 829.386: [DefNew
Desired survivor size 32768 bytes, new threshold 15 (max 15)
- age   1:         40 bytes,         40 total
- age   3:        184 bytes,        224 total
- age   9:         16 bytes,        240 total
: 896K->0K(960K), 0.0008684 secs] 4914K->4594K(10176K), 0.0010941 secs] [Times: user=0.00 sys=0.00, real=0.00 secs] 
2019-01-02T11:12:41.485+0530: 829.388: [GC (Allocation Failure) 2019-01-02T11:12:41.485+0530: 829.388: [DefNew
Desired survivor size 32768 bytes, new threshold 15 (max 15)
- age   1:         24 bytes,         24 total
- age   4:        184 bytes,        208 total
- age  10:         16 bytes,        224 total
: 446K->0K(960K), 0.0002668 secs] 5041K->4594K(10176K), 0.0003552 secs] [Times: user=0.00 sys=0.00, real=0.00 secs] 
2019-01-02T11:12:41.486+0530: 829.389: [GC (Allocation Failure) 2019-01-02T11:12:41.486+0530: 829.389: [DefNew
Desired survivor size 32768 bytes, new threshold 15 (max 15)
- age   2:         24 bytes,         24 total
- age   5:        184 bytes,        208 total
- age  11:         16 bytes,        224 total
: 491K->0K(960K), 0.0003501 secs] 5085K->5085K(10176K), 0.0004293 secs] [Times: user=0.00 sys=0.00, real=0.00 secs] 
2019-01-02T11:12:41.487+0530: 829.390: [GC (Allocation Failure) 2019-01-02T11:12:41.487+0530: 829.390: [DefNew
Desired survivor size 32768 bytes, new threshold 15 (max 15)
- age   1:         24 bytes,         24 total
- age   6:         72 bytes,         96 total
- age  12:         16 bytes,        112 total
: 509K->0K(960K), 0.0003267 secs] 5594K->5576K(10176K), 0.0003991 secs] [Times: user=0.00 sys=0.00, real=0.00 secs] 
2019-01-02T11:12:41.541+0530: 829.444: [GC (Allocation Failure) 2019-01-02T11:12:41.541+0530: 829.444: [DefNew
Desired survivor size 32768 bytes, new threshold 15 (max 15)
- age   1:        248 bytes,        248 total
- age   7:         16 bytes,        264 total
- age  13:         16 bytes,        280 total
: 846K->0K(960K), 0.0007714 secs] 6423K->5648K(10176K), 0.0012737 secs] [Times: user=0.00 sys=0.02, real=0.00 secs] 
2019-01-02T11:12:41.545+0530: 829.448: [GC (Allocation Failure) 2019-01-02T11:12:41.545+0530: 829.448: [DefNew
Desired survivor size 32768 bytes, new threshold 15 (max 15)
- age   1:         40 bytes,         40 total
- age   2:        184 bytes,        224 total
- age   8:         16 bytes,        240 total
- age  14:         16 bytes,        256 total
: 896K->0K(960K), 0.0009567 secs] 6544K->5936K(10176K), 0.0013011 secs] [Times: user=0.00 sys=0.00, real=0.00 secs] 
2019-01-02T11:12:41.548+0530: 829.450: [GC (Allocation Failure) 2019-01-02T11:12:41.548+0530: 829.451: [DefNew
Desired survivor size 32768 bytes, new threshold 15 (max 15)
- age   1:         40 bytes,         40 total
- age   3:        184 bytes,        224 total
- age   9:         16 bytes,        240 total
- age  15:         16 bytes,        256 total
: 896K->0K(960K), 0.0013633 secs] 6832K->6512K(10176K), 0.0015782 secs] [Times: user=0.00 sys=0.00, real=0.00 secs] 
2019-01-02T11:12:41.551+0530: 829.454: [GC (Allocation Failure) 2019-01-02T11:12:41.551+0530: 829.454: [DefNew
Desired survivor size 32768 bytes, new threshold 15 (max 15)
- age   1:         24 bytes,         24 total
- age   4:        184 bytes,        208 total
- age  10:         16 bytes,        224 total
: 445K->0K(960K), 0.0003239 secs] 6958K->6512K(10176K), 0.0004099 secs] [Times: user=0.00 sys=0.00, real=0.00 secs] 
2019-01-02T11:12:41.552+0530: 829.454: [GC (Allocation Failure) 2019-01-02T11:12:41.552+0530: 829.454: [DefNew
Desired survivor size 32768 bytes, new threshold 15 (max 15)
- age   2:         24 bytes,         24 total
- age   5:        184 bytes,        208 total
- age  11:         16 bytes,        224 total
: 491K->0K(960K), 0.0004185 secs] 7003K->7003K(10176K), 0.0005103 secs] [Times: user=0.00 sys=0.00, real=0.00 secs] 
2019-01-02T11:12:41.552+0530: 829.455: [GC (Allocation Failure) 2019-01-02T11:12:41.552+0530: 829.455: [DefNew
Desired survivor size 32768 bytes, new threshold 15 (max 15)
- age   1:         24 bytes,         24 total
- age   6:         72 bytes,         96 total
- age  12:         16 bytes,        112 total
: 509K->0K(960K), 0.0003330 secs] 7512K->7494K(10176K), 0.0003968 secs] [Times: user=0.00 sys=0.00, real=0.00 secs] 
2019-01-02T11:12:41.608+0530: 829.511: [GC (Allocation Failure) 2019-01-02T11:12:41.608+0530: 829.511: [DefNew
Desired survivor size 32768 bytes, new threshold 15 (max 15)
- age   1:        248 bytes,        248 total
- age   7:         16 bytes,        264 total
- age  13:         16 bytes,        280 total
: 846K->0K(960K), 0.0006551 secs] 8341K->7567K(10176K), 0.0008661 secs] [Times: user=0.00 sys=0.00, real=0.00 secs] 
2019-01-02T11:12:41.611+0530: 829.514: [GC (Allocation Failure) 2019-01-02T11:12:41.611+0530: 829.514: [DefNew
Desired survivor size 32768 bytes, new threshold 15 (max 15)
- age   2:        184 bytes,        184 total
- age   8:         16 bytes,        200 total
- age  14:         16 bytes,        216 total
: 896K->0K(960K), 0.0004613 secs] 8463K->7855K(10176K), 0.0005742 secs] [Times: user=0.00 sys=0.00, real=0.00 secs] 
2019-01-02T11:12:41.613+0530: 829.516: [GC (Allocation Failure) 2019-01-02T11:12:41.613+0530: 829.516: [DefNew
Desired survivor size 32768 bytes, new threshold 15 (max 15)
- age   1:         40 bytes,         40 total
- age   3:        184 bytes,        224 total
- age   9:         16 bytes,        240 total
- age  15:         16 bytes,        256 total
: 896K->0K(960K), 0.0006910 secs] 8751K->8431K(10176K), 0.0008684 secs] [Times: user=0.00 sys=0.00, real=0.00 secs] 
2019-01-02T11:12:41.615+0530: 829.518: [GC (Allocation Failure) 2019-01-02T11:12:41.615+0530: 829.518: [DefNew
Desired survivor size 32768 bytes, new threshold 15 (max 15)
- age   1:         24 bytes,         24 total
- age   4:        184 bytes,        208 total
- age  10:         16 bytes,        224 total
: 446K->0K(960K), 0.0007555 secs] 8877K->8431K(10176K), 0.0010160 secs] [Times: user=0.00 sys=0.00, real=0.00 secs] 
2019-01-02T11:12:41.617+0530: 829.520: [GC (Allocation Failure) 2019-01-02T11:12:41.617+0530: 829.520: [DefNew
Desired survivor size 32768 bytes, new threshold 15 (max 15)
- age   2:         24 bytes,         24 total
- age   5:        184 bytes,        208 total
- age  11:         16 bytes,        224 total
: 491K->0K(960K), 0.0011266 secs] 8922K->8922K(10176K), 0.0012407 secs] [Times: user=0.00 sys=0.00, real=0.00 secs] 
2019-01-02T11:12:41.618+0530: 829.521: [GC (Allocation Failure) 2019-01-02T11:12:41.618+0530: 829.521: [DefNew: 509K->509K(960K), 0.0000291 secs]2019-01-02T11:12:41.618+0530: 829.521: [Tenured: 8922K->1249K(9216K), 0.0036981 secs] 9431K->1249K(10176K), [Metaspace: 2520K->2520K(1056768K)], 0.0038509 secs] [Times: user=0.02 sys=0.00, real=0.00 secs] 
2019-01-02T11:12:41.683+0530: 829.586: [GC (Allocation Failure) 2019-01-02T11:12:41.683+0530: 829.586: [DefNew
Desired survivor size 32768 bytes, new threshold 15 (max 15)
- age   1:        248 bytes,        248 total
: 846K->0K(960K), 0.0008524 secs] 2096K->1812K(10176K), 0.0011848 secs] [Times: user=0.00 sys=0.00, real=0.00 secs] 
2019-01-02T11:12:41.686+0530: 829.589: [GC (Allocation Failure) 2019-01-02T11:12:41.686+0530: 829.589: [DefNew
Desired survivor size 32768 bytes, new threshold 15 (max 15)
- age   1:         40 bytes,         40 total
- age   2:        184 bytes,        224 total
: 896K->0K(960K), 0.0008735 secs] 2708K->2100K(10176K), 0.0009978 secs] [Times: user=0.00 sys=0.00, real=0.00 secs] 
2019-01-02T11:12:41.687+0530: 829.590: [GC (Allocation Failure) 2019-01-02T11:12:41.687+0530: 829.590: [DefNew
Desired survivor size 32768 bytes, new threshold 15 (max 15)
- age   1:         40 bytes,         40 total
- age   3:        184 bytes,        224 total
: 896K->0K(960K), 0.0003381 secs] 2996K->2676K(10176K), 0.0003963 secs] [Times: user=0.00 sys=0.00, real=0.00 secs] 
2019-01-02T11:12:41.689+0530: 829.592: [GC (Allocation Failure) 2019-01-02T11:12:41.689+0530: 829.592: [DefNew
Desired survivor size 32768 bytes, new threshold 15 (max 15)
- age   1:         24 bytes,         24 total
- age   4:        184 bytes,        208 total
: 445K->0K(960K), 0.0002087 secs] 3122K->2676K(10176K), 0.0002577 secs] [Times: user=0.00 sys=0.00, real=0.00 secs] 
2019-01-02T11:12:41.689+0530: 829.592: [GC (Allocation Failure) 2019-01-02T11:12:41.689+0530: 829.592: [DefNew
Desired survivor size 32768 bytes, new threshold 15 (max 15)
- age   2:         24 bytes,         24 total
- age   5:        184 bytes,        208 total
: 491K->0K(960K), 0.0003005 secs] 3167K->3167K(10176K), 0.0003529 secs] [Times: user=0.00 sys=0.00, real=0.00 secs] 
2019-01-02T11:12:41.690+0530: 829.593: [GC (Allocation Failure) 2019-01-02T11:12:41.690+0530: 829.593: [DefNew
Desired survivor size 32768 bytes, new threshold 15 (max 15)
- age   1:         24 bytes,         24 total
- age   6:         72 bytes,         96 total
: 509K->0K(960K), 0.0002902 secs] 3676K->3658K(10176K), 0.0003478 secs] [Times: user=0.00 sys=0.00, real=0.00 secs] 
2019-01-02T11:12:41.744+0530: 829.647: [GC (Allocation Failure) 2019-01-02T11:12:41.744+0530: 829.647: [DefNew
Desired survivor size 32768 bytes, new threshold 15 (max 15)
- age   1:        248 bytes,        248 total
- age   7:         16 bytes,        264 total
: 846K->0K(960K), 0.0009111 secs] 4505K->3731K(10176K), 0.0011842 secs] [Times: user=0.00 sys=0.00, real=0.00 secs] 
2019-01-02T11:12:41.748+0530: 829.651: [GC (Allocation Failure) 2019-01-02T11:12:41.748+0530: 829.651: [DefNew
Desired survivor size 32768 bytes, new threshold 15 (max 15)
- age   2:        184 bytes,        184 total
- age   8:         16 bytes,        200 total
: 896K->0K(960K), 0.0005508 secs] 4627K->4019K(10176K), 0.0007070 secs] [Times: user=0.00 sys=0.00, real=0.00 secs] 
2019-01-02T11:12:41.750+0530: 829.653: [GC (Allocation Failure) 2019-01-02T11:12:41.750+0530: 829.653: [DefNew
Desired survivor size 32768 bytes, new threshold 15 (max 15)
- age   1:         40 bytes,         40 total
- age   3:        184 bytes,        224 total
- age   9:         16 bytes,        240 total
: 896K->0K(960K), 0.0008729 secs] 4915K->4595K(10176K), 0.0009784 secs] [Times: user=0.00 sys=0.00, real=0.00 secs] 
2019-01-02T11:12:41.752+0530: 829.655: [GC (Allocation Failure) 2019-01-02T11:12:41.752+0530: 829.655: [DefNew
Desired survivor size 32768 bytes, new threshold 15 (max 15)
- age   1:         24 bytes,         24 total
- age   4:        184 bytes,        208 total
- age  10:         16 bytes,        224 total
: 446K->0K(960K), 0.0005137 secs] 5041K->4595K(10176K), 0.0007047 secs] [Times: user=0.00 sys=0.00, real=0.00 secs] 
2019-01-02T11:12:41.753+0530: 829.656: [GC (Allocation Failure) 2019-01-02T11:12:41.753+0530: 829.656: [DefNew
Desired survivor size 32768 bytes, new threshold 15 (max 15)
- age   2:         24 bytes,         24 total
- age   5:        184 bytes,        208 total
- age  11:         16 bytes,        224 total
: 491K->0K(960K), 0.0003187 secs] 5086K->5086K(10176K), 0.0003740 secs] [Times: user=0.00 sys=0.00, real=0.00 secs] 
2019-01-02T11:12:41.754+0530: 829.657: [GC (Allocation Failure) 2019-01-02T11:12:41.754+0530: 829.657: [DefNew
Desired survivor size 32768 bytes, new threshold 15 (max 15)
- age   1:         24 bytes,         24 total
- age   6:         72 bytes,         96 total
- age  12:         16 bytes,        112 total
: 509K->0K(960K), 0.0003324 secs] 5595K->5577K(10176K), 0.0004088 secs] [Times: user=0.00 sys=0.00, real=0.00 secs] 
2019-01-02T11:12:41.808+0530: 829.711: [GC (Allocation Failure) 2019-01-02T11:12:41.808+0530: 829.711: [DefNew
Desired survivor size 32768 bytes, new threshold 15 (max 15)
- age   1:        248 bytes,        248 total
- age   7:         16 bytes,        264 total
- age  13:         16 bytes,        280 total
: 847K->0K(960K), 0.0009904 secs] 6424K->5649K(10176K), 0.0014146 secs] [Times: user=0.00 sys=0.00, real=0.00 secs] 
2019-01-02T11:12:41.812+0530: 829.715: [GC (Allocation Failure) 2019-01-02T11:12:41.812+0530: 829.715: [DefNew
Desired survivor size 32768 bytes, new threshold 15 (max 15)
- age   1:         40 bytes,         40 total
- age   2:        184 bytes,        224 total
- age   8:         16 bytes,        240 total
- age  14:         16 bytes,        256 total
: 896K->0K(960K), 0.0008273 secs] 6545K->5937K(10176K), 0.0011027 secs] [Times: user=0.00 sys=0.00, real=0.00 secs] 
2019-01-02T11:12:41.814+0530: 829.717: [GC (Allocation Failure) 2019-01-02T11:12:41.815+0530: 829.718: [DefNew
Desired survivor size 32768 bytes, new threshold 15 (max 15)
- age   1:         40 bytes,         40 total
- age   3:        184 bytes,        224 total
- age   9:         16 bytes,        240 total
- age  15:         16 bytes,        256 total
: 896K->0K(960K), 0.0007766 secs] 6833K->6513K(10176K), 0.0009134 secs] [Times: user=0.00 sys=0.00, real=0.00 secs] 
2019-01-02T11:12:41.817+0530: 829.720: [GC (Allocation Failure) 2019-01-02T11:12:41.817+0530: 829.720: [DefNew
Desired survivor size 32768 bytes, new threshold 15 (max 15)
- age   1:         24 bytes,         24 total
- age   4:        184 bytes,        208 total
- age  10:         16 bytes,        224 total
: 445K->0K(960K), 0.0005873 secs] 6958K->6513K(10176K), 0.0007150 secs] [Times: user=0.00 sys=0.00, real=0.00 secs] 
2019-01-02T11:12:41.818+0530: 829.721: [GC (Allocation Failure) 2019-01-02T11:12:41.818+0530: 829.721: [DefNew
Desired survivor size 32768 bytes, new threshold 15 (max 15)
- age   2:         24 bytes,         24 total
- age   5:        184 bytes,        208 total
- age  11:         16 bytes,        224 total
: 491K->0K(960K), 0.0005217 secs] 7004K->7004K(10176K), 0.0006072 secs] [Times: user=0.00 sys=0.00, real=0.00 secs] 
2019-01-02T11:12:41.819+0530: 829.722: [GC (Allocation Failure) 2019-01-02T11:12:41.819+0530: 829.722: [DefNew
Desired survivor size 32768 bytes, new threshold 15 (max 15)
- age   1:         24 bytes,         24 total
- age   6:         72 bytes,         96 total
- age  12:         16 bytes,        112 total
: 509K->0K(960K), 0.0003170 secs] 7513K->7495K(10176K), 0.0003717 secs] [Times: user=0.00 sys=0.00, real=0.00 secs] 
2019-01-02T11:12:41.875+0530: 829.778: [GC (Allocation Failure) 2019-01-02T11:12:41.875+0530: 829.778: [DefNew
Desired survivor size 32768 bytes, new threshold 15 (max 15)
- age   1:        248 bytes,        248 total
- age   7:         16 bytes,        264 total
- age  13:         16 bytes,        280 total
: 846K->0K(960K), 0.0009790 secs] 8342K->7567K(10176K), 0.0014094 secs] [Times: user=0.00 sys=0.00, real=0.00 secs] 
2019-01-02T11:12:41.878+0530: 829.781: [GC (Allocation Failure) 2019-01-02T11:12:41.878+0530: 829.781: [DefNew
Desired survivor size 32768 bytes, new threshold 15 (max 15)
- age   2:        184 bytes,        184 total
- age   8:         16 bytes,        200 total
- age  14:         16 bytes,        216 total
: 896K->0K(960K), 0.0007788 secs] 8463K->7855K(10176K), 0.0011403 secs] [Times: user=0.00 sys=0.00, real=0.00 secs] 
2019-01-02T11:12:41.881+0530: 829.784: [GC (Allocation Failure) 2019-01-02T11:12:41.881+0530: 829.784: [DefNew
Desired survivor size 32768 bytes, new threshold 15 (max 15)
- age   1:         40 bytes,         40 total
- age   3:        184 bytes,        224 total
- age   9:         16 bytes,        240 total
- age  15:         16 bytes,        256 total
: 896K->0K(960K), 0.0008045 secs] 8751K->8431K(10176K), 0.0009453 secs] [Times: user=0.00 sys=0.00, real=0.00 secs] 
2019-01-02T11:12:41.883+0530: 829.786: [GC (Allocation Failure) 2019-01-02T11:12:41.883+0530: 829.786: [DefNew
Desired survivor size 32768 bytes, new threshold 15 (max 15)
- age   1:         24 bytes,         24 total
- age   4:        184 bytes,        208 total
- age  10:         16 bytes,        224 total
: 446K->0K(960K), 0.0005656 secs] 8878K->8431K(10176K), 0.0006751 secs] [Times: user=0.00 sys=0.00, real=0.00 secs] 
2019-01-02T11:12:41.885+0530: 829.788: [GC (Allocation Failure) 2019-01-02T11:12:41.885+0530: 829.788: [DefNew
Desired survivor size 32768 bytes, new threshold 15 (max 15)
- age   2:         24 bytes,         24 total
- age   5:        184 bytes,        208 total
- age  11:         16 bytes,        224 total
: 491K->0K(960K), 0.0006186 secs] 8923K->8923K(10176K), 0.0007577 secs] [Times: user=0.00 sys=0.00, real=0.00 secs] 
2019-01-02T11:12:41.886+0530: 829.789: [GC (Allocation Failure) 2019-01-02T11:12:41.886+0530: 829.789: [DefNew: 509K->509K(960K), 0.0000239 secs]2019-01-02T11:12:41.886+0530: 829.789: [Tenured: 8922K->1249K(9216K), 0.0036399 secs] 9432K->1249K(10176K), [Metaspace: 2520K->2520K(1056768K)], 0.0037699 secs] [Times: user=0.00 sys=0.00, real=0.00 secs] 
2019-01-02T11:12:41.945+0530: 829.848: [GC (Allocation Failure) 2019-01-02T11:12:41.945+0530: 829.848: [DefNew
Desired survivor size 32768 bytes, new threshold 15 (max 15)
- age   1:        248 bytes,        248 total
: 846K->0K(960K), 0.0012566 secs] 2096K->1813K(10176K), 0.0016443 secs] [Times: user=0.02 sys=0.00, real=0.00 secs] 
2019-01-02T11:12:41.949+0530: 829.852: [GC (Allocation Failure) 2019-01-02T11:12:41.949+0530: 829.852: [DefNew
Desired survivor size 32768 bytes, new threshold 15 (max 15)
- age   1:         40 bytes,         40 total
- age   2:        184 bytes,        224 total
: 896K->0K(960K), 0.0005821 secs] 2709K->2100K(10176K), 0.0007241 secs] [Times: user=0.00 sys=0.00, real=0.00 secs] 
2019-01-02T11:12:41.951+0530: 829.854: [GC (Allocation Failure) 2019-01-02T11:12:41.951+0530: 829.854: [DefNew
Desired survivor size 32768 bytes, new threshold 15 (max 15)
- age   1:         40 bytes,         40 total
- age   3:        184 bytes,        224 total
: 896K->0K(960K), 0.0009721 secs] 2996K->2677K(10176K), 0.0010941 secs] [Times: user=0.00 sys=0.00, real=0.00 secs] 
2019-01-02T11:12:41.954+0530: 829.857: [GC (Allocation Failure) 2019-01-02T11:12:41.954+0530: 829.857: [DefNew
Desired survivor size 32768 bytes, new threshold 15 (max 15)
- age   1:         24 bytes,         24 total
- age   4:        184 bytes,        208 total
: 445K->0K(960K), 0.0002697 secs] 3122K->2676K(10176K), 0.0003666 secs] [Times: user=0.00 sys=0.00, real=0.00 secs] 
2019-01-02T11:12:41.955+0530: 829.858: [GC (Allocation Failure) 2019-01-02T11:12:41.955+0530: 829.858: [DefNew
Desired survivor size 32768 bytes, new threshold 15 (max 15)
- age   2:         24 bytes,         24 total
- age   5:        184 bytes,        208 total
: 491K->0K(960K), 0.0003318 secs] 3168K->3168K(10176K), 0.0004156 secs] [Times: user=0.00 sys=0.00, real=0.00 secs] 
2019-01-02T11:12:41.955+0530: 829.858: [GC (Allocation Failure) 2019-01-02T11:12:41.955+0530: 829.858: [DefNew
Desired survivor size 32768 bytes, new threshold 15 (max 15)
- age   1:         24 bytes,         24 total
- age   6:         72 bytes,         96 total
: 509K->0K(960K), 0.0003381 secs] 3677K->3659K(10176K), 0.0004099 secs] [Times: user=0.00 sys=0.00, real=0.00 secs] 
2019-01-02T11:12:42.010+0530: 829.913: [GC (Allocation Failure) 2019-01-02T11:12:42.010+0530: 829.913: [DefNew
Desired survivor size 32768 bytes, new threshold 15 (max 15)
- age   1:        248 bytes,        248 total
- age   7:         16 bytes,        264 total
: 846K->0K(960K), 0.0006876 secs] 4506K->3731K(10176K), 0.0009904 secs] [Times: user=0.00 sys=0.00, real=0.00 secs] 
2019-01-02T11:12:42.013+0530: 829.916: [GC (Allocation Failure) 2019-01-02T11:12:42.013+0530: 829.916: [DefNew
Desired survivor size 32768 bytes, new threshold 15 (max 15)
- age   2:        184 bytes,        184 total
- age   8:         16 bytes,        200 total
: 896K->0K(960K), 0.0009830 secs] 4627K->4019K(10176K), 0.0013034 secs] [Times: user=0.00 sys=0.00, real=0.00 secs] 
2019-01-02T11:12:42.016+0530: 829.919: [GC (Allocation Failure) 2019-01-02T11:12:42.016+0530: 829.919: [DefNew
Desired survivor size 32768 bytes, new threshold 15 (max 15)
- age   1:         40 bytes,         40 total
- age   3:        184 bytes,        224 total
- age   9:         16 bytes,        240 total
: 896K->0K(960K), 0.0008051 secs] 4915K->4595K(10176K), 0.0009345 secs] [Times: user=0.00 sys=0.00, real=0.00 secs] 
2019-01-02T11:12:42.018+0530: 829.921: [GC (Allocation Failure) 2019-01-02T11:12:42.018+0530: 829.921: [DefNew
Desired survivor size 32768 bytes, new threshold 15 (max 15)
- age   1:         24 bytes,         24 total
- age   4:        184 bytes,        208 total
- age  10:         16 bytes,        224 total
: 446K->0K(960K), 0.0004379 secs] 5041K->4595K(10176K), 0.0005513 secs] [Times: user=0.00 sys=0.00, real=0.00 secs] 
2019-01-02T11:12:42.019+0530: 829.922: [GC (Allocation Failure) 2019-01-02T11:12:42.019+0530: 829.922: [DefNew
Desired survivor size 32768 bytes, new threshold 15 (max 15)
- age   2:         24 bytes,         24 total
- age   5:        184 bytes,        208 total
- age  11:         16 bytes,        224 total
: 491K->0K(960K), 0.0003404 secs] 5086K->5086K(10176K), 0.0004128 secs] [Times: user=0.00 sys=0.00, real=0.00 secs] 
2019-01-02T11:12:42.020+0530: 829.923: [GC (Allocation Failure) 2019-01-02T11:12:42.020+0530: 829.923: [DefNew
Desired survivor size 32768 bytes, new threshold 15 (max 15)
- age   1:         24 bytes,         24 total
- age   6:         72 bytes,         96 total
- age  12:         16 bytes,        112 total
: 509K->0K(960K), 0.0003888 secs] 5595K->5577K(10176K), 0.0004664 secs] [Times: user=0.00 sys=0.00, real=0.00 secs] 
2019-01-02T11:12:42.078+0530: 829.981: [GC (Allocation Failure) 2019-01-02T11:12:42.078+0530: 829.981: [DefNew
Desired survivor size 32768 bytes, new threshold 15 (max 15)
- age   1:        248 bytes,        248 total
- age   7:         16 bytes,        264 total
- age  13:         16 bytes,        280 total
: 847K->0K(960K), 0.0011905 secs] 6424K->5650K(10176K), 0.0015092 secs] [Times: user=0.00 sys=0.00, real=0.00 secs] 
2019-01-02T11:12:42.082+0530: 829.985: [GC (Allocation Failure) 2019-01-02T11:12:42.082+0530: 829.985: [DefNew
Desired survivor size 32768 bytes, new threshold 15 (max 15)
- age   1:         40 bytes,         40 total
- age   2:        184 bytes,        224 total
- age   8:         16 bytes,        240 total
- age  14:         16 bytes,        256 total
: 896K->0K(960K), 0.0009197 secs] 6546K->5938K(10176K), 0.0010326 secs] [Times: user=0.00 sys=0.00, real=0.00 secs] 
2019-01-02T11:12:42.084+0530: 829.987: [GC (Allocation Failure) 2019-01-02T11:12:42.084+0530: 829.987: [DefNew
Desired survivor size 32768 bytes, new threshold 15 (max 15)
- age   1:         40 bytes,         40 total
- age   3:        184 bytes,        224 total
- age   9:         16 bytes,        240 total
- age  15:         16 bytes,        256 total
: 896K->0K(960K), 0.0010913 secs] 6834K->6514K(10176K), 0.0013233 secs] [Times: user=0.00 sys=0.00, real=0.00 secs] 
2019-01-02T11:12:42.087+0530: 829.990: [GC (Allocation Failure) 2019-01-02T11:12:42.087+0530: 829.990: [DefNew
Desired survivor size 32768 bytes, new threshold 15 (max 15)
- age   1:         24 bytes,         24 total
- age   4:        184 bytes,        208 total
- age  10:         16 bytes,        224 total
: 445K->0K(960K), 0.0008587 secs] 6959K->6514K(10176K), 0.0010896 secs] [Times: user=0.00 sys=0.02, real=0.00 secs] 
2019-01-02T11:12:42.089+0530: 829.992: [GC (Allocation Failure) 2019-01-02T11:12:42.089+0530: 829.992: [DefNew
Desired survivor size 32768 bytes, new threshold 15 (max 15)
- age   2:         24 bytes,         24 total
- age   5:        184 bytes,        208 total
- age  11:         16 bytes,        224 total
: 491K->0K(960K), 0.0003472 secs] 7005K->7005K(10176K), 0.0004276 secs] [Times: user=0.00 sys=0.00, real=0.00 secs] 
2019-01-02T11:12:42.089+0530: 829.992: [GC (Allocation Failure) 2019-01-02T11:12:42.089+0530: 829.992: [DefNew
Desired survivor size 32768 bytes, new threshold 15 (max 15)
- age   1:         24 bytes,         24 total
- age   6:         72 bytes,         96 total
- age  12:         16 bytes,        112 total
: 509K->0K(960K), 0.0003837 secs] 7514K->7496K(10176K), 0.0004584 secs] [Times: user=0.00 sys=0.00, real=0.00 secs] 
2019-01-02T11:12:42.147+0530: 830.050: [GC (Allocation Failure) 2019-01-02T11:12:42.147+0530: 830.050: [DefNew
Desired survivor size 32768 bytes, new threshold 15 (max 15)
- age   1:        248 bytes,        248 total
- age   7:         16 bytes,        264 total
- age  13:         16 bytes,        280 total
: 846K->0K(960K), 0.0004008 secs] 8343K->7568K(10176K), 0.0005816 secs] [Times: user=0.00 sys=0.00, real=0.00 secs] 
2019-01-02T11:12:42.149+0530: 830.052: [GC (Allocation Failure) 2019-01-02T11:12:42.149+0530: 830.052: [DefNew
Desired survivor size 32768 bytes, new threshold 15 (max 15)
- age   2:        184 bytes,        184 total
- age   8:         16 bytes,        200 total
- age  14:         16 bytes,        216 total
: 896K->0K(960K), 0.0006568 secs] 8464K->7856K(10176K), 0.0007652 secs] [Times: user=0.02 sys=0.00, real=0.00 secs] 
2019-01-02T11:12:42.152+0530: 830.055: [GC (Allocation Failure) 2019-01-02T11:12:42.152+0530: 830.055: [DefNew
Desired survivor size 32768 bytes, new threshold 15 (max 15)
- age   1:         40 bytes,         40 total
- age   3:        184 bytes,        224 total
- age   9:         16 bytes,        240 total
- age  15:         16 bytes,        256 total
: 896K->0K(960K), 0.0011831 secs] 8752K->8432K(10176K), 0.0014214 secs] [Times: user=0.00 sys=0.00, real=0.00 secs] 
2019-01-02T11:12:42.155+0530: 830.058: [GC (Allocation Failure) 2019-01-02T11:12:42.155+0530: 830.058: [DefNew
Desired survivor size 32768 bytes, new threshold 15 (max 15)
- age   1:         24 bytes,         24 total
- age   4:        184 bytes,        208 total
- age  10:         16 bytes,        224 total
: 446K->0K(960K), 0.0005987 secs] 8879K->8432K(10176K), 0.0007195 secs] [Times: user=0.00 sys=0.00, real=0.00 secs] 
2019-01-02T11:12:42.156+0530: 830.059: [GC (Allocation Failure) 2019-01-02T11:12:42.156+0530: 830.059: [DefNew
Desired survivor size 32768 bytes, new threshold 15 (max 15)
- age   2:         24 bytes,         24 total
- age   5:        184 bytes,        208 total
- age  11:         16 bytes,        224 total
: 491K->0K(960K), 0.0003261 secs] 8923K->8923K(10176K), 0.0003980 secs] [Times: user=0.00 sys=0.00, real=0.00 secs] 
2019-01-02T11:12:42.157+0530: 830.060: [GC (Allocation Failure) 2019-01-02T11:12:42.157+0530: 830.060: [DefNew: 509K->509K(960K), 0.0000279 secs]2019-01-02T11:12:42.157+0530: 830.060: [Tenured: 8923K->1249K(9216K), 0.0038075 secs] 9433K->1249K(10176K), [Metaspace: 2520K->2520K(1056768K)], 0.0039677 secs] [Times: user=0.00 sys=0.00, real=0.00 secs] 
2019-01-02T11:12:42.217+0530: 830.120: [GC (Allocation Failure) 2019-01-02T11:12:42.217+0530: 830.120: [DefNew
Desired survivor size 32768 bytes, new threshold 15 (max 15)
- age   1:        248 bytes,        248 total
: 847K->0K(960K), 0.0008666 secs] 2096K->1813K(10176K), 0.0010326 secs] [Times: user=0.00 sys=0.00, real=0.00 secs] 
2019-01-02T11:12:42.219+0530: 830.122: [GC (Allocation Failure) 2019-01-02T11:12:42.219+0530: 830.122: [DefNew
Desired survivor size 32768 bytes, new threshold 15 (max 15)
- age   1:         40 bytes,         40 total
- age   2:        184 bytes,        224 total
: 896K->0K(960K), 0.0010656 secs] 2709K->2101K(10176K), 0.0013330 secs] [Times: user=0.00 sys=0.00, real=0.00 secs] 
2019-01-02T11:12:42.222+0530: 830.125: [GC (Allocation Failure) 2019-01-02T11:12:42.222+0530: 830.125: [DefNew
Desired survivor size 32768 bytes, new threshold 15 (max 15)
- age   1:         40 bytes,         40 total
- age   3:        184 bytes,        224 total
: 896K->0K(960K), 0.0010970 secs] 2997K->2677K(10176K), 0.0013108 secs] [Times: user=0.00 sys=0.00, real=0.00 secs] 
2019-01-02T11:12:42.225+0530: 830.128: [GC (Allocation Failure) 2019-01-02T11:12:42.225+0530: 830.128: [DefNew
Desired survivor size 32768 bytes, new threshold 15 (max 15)
- age   1:         24 bytes,         24 total
- age   4:        184 bytes,        208 total
: 445K->0K(960K), 0.0002589 secs] 3122K->2677K(10176K), 0.0003398 secs] [Times: user=0.00 sys=0.00, real=0.00 secs] 
2019-01-02T11:12:42.225+0530: 830.128: [GC (Allocation Failure) 2019-01-02T11:12:42.226+0530: 830.129: [DefNew
Desired survivor size 32768 bytes, new threshold 15 (max 15)
- age   2:         24 bytes,         24 total
- age   5:        184 bytes,        208 total
: 491K->0K(960K), 0.0003335 secs] 3168K->3168K(10176K), 0.0004077 secs] [Times: user=0.00 sys=0.00, real=0.00 secs] 
2019-01-02T11:12:42.226+0530: 830.129: [GC (Allocation Failure) 2019-01-02T11:12:42.226+0530: 830.129: [DefNew
Desired survivor size 32768 bytes, new threshold 15 (max 15)
- age   1:         24 bytes,         24 total
- age   6:         72 bytes,         96 total
: 509K->0K(960K), 0.0003239 secs] 3677K->3659K(10176K), 0.0003946 secs] [Times: user=0.00 sys=0.00, real=0.00 secs] 
2019-01-02T11:12:42.283+0530: 830.186: [GC (Allocation Failure) 2019-01-02T11:12:42.283+0530: 830.186: [DefNew
Desired survivor size 32768 bytes, new threshold 15 (max 15)
- age   1:        248 bytes,        248 total
- age   7:         16 bytes,        264 total
: 846K->0K(960K), 0.0005724 secs] 4506K->3731K(10176K), 0.0007549 secs] [Times: user=0.00 sys=0.00, real=0.00 secs] 
2019-01-02T11:12:42.285+0530: 830.188: [GC (Allocation Failure) 2019-01-02T11:12:42.285+0530: 830.188: [DefNew
Desired survivor size 32768 bytes, new threshold 15 (max 15)
- age   2:        184 bytes,        184 total
- age   8:         16 bytes,        200 total
: 896K->0K(960K), 0.0010172 secs] 4627K->4019K(10176K), 0.0012361 secs] [Times: user=0.00 sys=0.00, real=0.00 secs] 
2019-01-02T11:12:42.288+0530: 830.191: [GC (Allocation Failure) 2019-01-02T11:12:42.288+0530: 830.191: [DefNew
Desired survivor size 32768 bytes, new threshold 15 (max 15)
- age   1:         40 bytes,         40 total
- age   3:        184 bytes,        224 total
- age   9:         16 bytes,        240 total
: 896K->0K(960K), 0.0011266 secs] 4915K->4595K(10176K), 0.0014379 secs] [Times: user=0.00 sys=0.00, real=0.00 secs] 
2019-01-02T11:12:42.291+0530: 830.194: [GC (Allocation Failure) 2019-01-02T11:12:42.291+0530: 830.194: [DefNew
Desired survivor size 32768 bytes, new threshold 15 (max 15)
- age   1:         24 bytes,         24 total
- age   4:        184 bytes,        208 total
- age  10:         16 bytes,        224 total
: 446K->0K(960K), 0.0002611 secs] 5042K->4595K(10176K), 0.0003415 secs] [Times: user=0.00 sys=0.00, real=0.00 secs] 
2019-01-02T11:12:42.292+0530: 830.195: [GC (Allocation Failure) 2019-01-02T11:12:42.292+0530: 830.195: [DefNew
Desired survivor size 32768 bytes, new threshold 15 (max 15)
- age   2:         24 bytes,         24 total
- age   5:        184 bytes,        208 total
- age  11:         16 bytes,        224 total
: 491K->0K(960K), 0.0003512 secs] 5087K->5087K(10176K), 0.0004259 secs] [Times: user=0.00 sys=0.00, real=0.00 secs] 
2019-01-02T11:12:42.293+0530: 830.196: [GC (Allocation Failure) 2019-01-02T11:12:42.293+0530: 830.196: [DefNew
Desired survivor size 32768 bytes, new threshold 15 (max 15)
- age   1:         24 bytes,         24 total
- age   6:         72 bytes,         96 total
- age  12:         16 bytes,        112 total
: 509K->0K(960K), 0.0003239 secs] 5596K->5578K(10176K), 0.0003968 secs] [Times: user=0.00 sys=0.00, real=0.00 secs] 
2019-01-02T11:12:42.349+0530: 830.251: [GC (Allocation Failure) 2019-01-02T11:12:42.349+0530: 830.251: [DefNew
Desired survivor size 32768 bytes, new threshold 15 (max 15)
- age   1:        248 bytes,        248 total
- age   7:         16 bytes,        264 total
- age  13:         16 bytes,        280 total
: 847K->0K(960K), 0.0008313 secs] 6425K->5650K(10176K), 0.0012378 secs] [Times: user=0.00 sys=0.00, real=0.00 secs] 
2019-01-02T11:12:42.351+0530: 830.254: [GC (Allocation Failure) 2019-01-02T11:12:42.352+0530: 830.254: [DefNew
Desired survivor size 32768 bytes, new threshold 15 (max 15)
- age   1:         40 bytes,         40 total
- age   2:        184 bytes,        224 total
- age   8:         16 bytes,        240 total
- age  14:         16 bytes,        256 total
: 896K->0K(960K), 0.0006431 secs] 6546K->5938K(10176K), 0.0008039 secs] [Times: user=0.00 sys=0.00, real=0.00 secs] 
2019-01-02T11:12:42.354+0530: 830.257: [GC (Allocation Failure) 2019-01-02T11:12:42.354+0530: 830.257: [DefNew
Desired survivor size 32768 bytes, new threshold 15 (max 15)
- age   1:         40 bytes,         40 total
- age   3:        184 bytes,        224 total
- age   9:         16 bytes,        240 total
- age  15:         16 bytes,        256 total
: 896K->0K(960K), 0.0011295 secs] 6834K->6514K(10176K), 0.0014168 secs] [Times: user=0.00 sys=0.00, real=0.00 secs] 
2019-01-02T11:12:42.357+0530: 830.259: [GC (Allocation Failure) 2019-01-02T11:12:42.357+0530: 830.259: [DefNew
Desired survivor size 32768 bytes, new threshold 15 (max 15)
- age   1:         24 bytes,         24 total
- age   4:        184 bytes,        208 total
- age  10:         16 bytes,        224 total
: 445K->0K(960K), 0.0002640 secs] 6960K->6514K(10176K), 0.0003296 secs] [Times: user=0.00 sys=0.00, real=0.00 secs] 
2019-01-02T11:12:42.357+0530: 830.260: [GC (Allocation Failure) 2019-01-02T11:12:42.357+0530: 830.260: [DefNew
Desired survivor size 32768 bytes, new threshold 15 (max 15)
- age   2:         24 bytes,         24 total
- age   5:        184 bytes,        208 total
- age  11:         16 bytes,        224 total
: 491K->0K(960K), 0.0003398 secs] 7005K->7005K(10176K), 0.0004003 secs] [Times: user=0.00 sys=0.00, real=0.00 secs] 
2019-01-02T11:12:42.358+0530: 830.261: [GC (Allocation Failure) 2019-01-02T11:12:42.358+0530: 830.261: [DefNew
Desired survivor size 32768 bytes, new threshold 15 (max 15)
- age   1:         24 bytes,         24 total
- age   6:         72 bytes,         96 total
- age  12:         16 bytes,        112 total
: 509K->0K(960K), 0.0003102 secs] 7515K->7497K(10176K), 0.0003678 secs] [Times: user=0.00 sys=0.00, real=0.00 secs] 
2019-01-02T11:12:42.413+0530: 830.316: [GC (Allocation Failure) 2019-01-02T11:12:42.413+0530: 830.316: [DefNew
Desired survivor size 32768 bytes, new threshold 15 (max 15)
- age   1:        248 bytes,        248 total
- age   7:         16 bytes,        264 total
- age  13:         16 bytes,        280 total
: 846K->0K(960K), 0.0011842 secs] 8344K->7569K(10176K), 0.0015109 secs] [Times: user=0.00 sys=0.00, real=0.00 secs] 
2019-01-02T11:12:42.417+0530: 830.319: [GC (Allocation Failure) 2019-01-02T11:12:42.417+0530: 830.319: [DefNew
Desired survivor size 32768 bytes, new threshold 15 (max 15)
- age   2:        184 bytes,        184 total
- age   8:         16 bytes,        200 total
- age  14:         16 bytes,        216 total
: 896K->0K(960K), 0.0005143 secs] 8465K->7857K(10176K), 0.0006722 secs] [Times: user=0.00 sys=0.00, real=0.00 secs] 
2019-01-02T11:12:42.419+0530: 830.321: [GC (Allocation Failure) 2019-01-02T11:12:42.419+0530: 830.321: [DefNew
Desired survivor size 32768 bytes, new threshold 15 (max 15)
- age   1:         40 bytes,         40 total
- age   3:        184 bytes,        224 total
- age   9:         16 bytes,        240 total
- age  15:         16 bytes,        256 total
: 896K->0K(960K), 0.0009048 secs] 8753K->8433K(10176K), 0.0010371 secs] [Times: user=0.00 sys=0.00, real=0.00 secs] 
2019-01-02T11:12:42.421+0530: 830.324: [GC (Allocation Failure) 2019-01-02T11:12:42.422+0530: 830.324: [DefNew
Desired survivor size 32768 bytes, new threshold 15 (max 15)
- age   1:         24 bytes,         24 total
- age   4:        184 bytes,        208 total
- age  10:         16 bytes,        224 total
: 446K->0K(960K), 0.0008518 secs] 8879K->8433K(10176K), 0.0009830 secs] [Times: user=0.00 sys=0.00, real=0.00 secs] 
2019-01-02T11:12:42.423+0530: 830.326: [GC (Allocation Failure) 2019-01-02T11:12:42.423+0530: 830.326: [DefNew
Desired survivor size 32768 bytes, new threshold 15 (max 15)
- age   2:         24 bytes,         24 total
- age   5:        184 bytes,        208 total
- age  11:         16 bytes,        224 total
: 491K->0K(960K), 0.0004020 secs] 8924K->8924K(10176K), 0.0004784 secs] [Times: user=0.00 sys=0.00, real=0.00 secs] 
2019-01-02T11:12:42.424+0530: 830.327: [GC (Allocation Failure) 2019-01-02T11:12:42.424+0530: 830.327: [DefNew: 509K->509K(960K), 0.0000285 secs]2019-01-02T11:12:42.424+0530: 830.327: [Tenured: 8924K->1249K(9216K), 0.0037933 secs] 9433K->1249K(10176K), [Metaspace: 2520K->2520K(1056768K)], 0.0039478 secs] [Times: user=0.00 sys=0.00, real=0.00 secs] 
2019-01-02T11:12:42.484+0530: 830.387: [GC (Allocation Failure) 2019-01-02T11:12:42.484+0530: 830.387: [DefNew
Desired survivor size 32768 bytes, new threshold 15 (max 15)
- age   1:        248 bytes,        248 total
: 847K->0K(960K), 0.0009983 secs] 2096K->1813K(10176K), 0.0013553 secs] [Times: user=0.00 sys=0.00, real=0.00 secs] 
2019-01-02T11:12:42.487+0530: 830.390: [GC (Allocation Failure) 2019-01-02T11:12:42.487+0530: 830.390: [DefNew
Desired survivor size 32768 bytes, new threshold 15 (max 15)
- age   1:         40 bytes,         40 total
- age   2:        184 bytes,        224 total
: 896K->0K(960K), 0.0008678 secs] 2709K->2101K(10176K), 0.0009670 secs] [Times: user=0.00 sys=0.00, real=0.00 secs] 
2019-01-02T11:12:42.490+0530: 830.392: [GC (Allocation Failure) 2019-01-02T11:12:42.490+0530: 830.392: [DefNew
Desired survivor size 32768 bytes, new threshold 15 (max 15)
- age   1:         40 bytes,         40 total
- age   3:        184 bytes,        224 total
: 896K->0K(960K), 0.0008222 secs] 2997K->2677K(10176K), 0.0010251 secs] [Times: user=0.00 sys=0.00, real=0.00 secs] 
2019-01-02T11:12:42.492+0530: 830.395: [GC (Allocation Failure) 2019-01-02T11:12:42.492+0530: 830.395: [DefNew
Desired survivor size 32768 bytes, new threshold 15 (max 15)
- age   1:         24 bytes,         24 total
- age   4:        184 bytes,        208 total
: 445K->0K(960K), 0.0002537 secs] 3122K->2677K(10176K), 0.0003307 secs] [Times: user=0.00 sys=0.00, real=0.00 secs] 
2019-01-02T11:12:42.493+0530: 830.395: [GC (Allocation Failure) 2019-01-02T11:12:42.493+0530: 830.395: [DefNew
Desired survivor size 32768 bytes, new threshold 15 (max 15)
- age   2:         24 bytes,         24 total
- age   5:        184 bytes,        208 total
: 491K->0K(960K), 0.0003341 secs] 3168K->3168K(10176K), 0.0004060 secs] [Times: user=0.02 sys=0.00, real=0.00 secs] 
2019-01-02T11:12:42.494+0530: 830.396: [GC (Allocation Failure) 2019-01-02T11:12:42.494+0530: 830.396: [DefNew
Desired survivor size 32768 bytes, new threshold 15 (max 15)
- age   1:         24 bytes,         24 total
- age   6:         72 bytes,         96 total
: 509K->0K(960K), 0.0003193 secs] 3678K->3660K(10176K), 0.0003911 secs] [Times: user=0.00 sys=0.00, real=0.00 secs] 
2019-01-02T11:12:42.551+0530: 830.453: [GC (Allocation Failure) 2019-01-02T11:12:42.551+0530: 830.453: [DefNew
Desired survivor size 32768 bytes, new threshold 15 (max 15)
- age   1:        248 bytes,        248 total
- age   7:         16 bytes,        264 total
: 846K->0K(960K), 0.0006962 secs] 4506K->3732K(10176K), 0.0008666 secs] [Times: user=0.00 sys=0.00, real=0.00 secs] 
2019-01-02T11:12:42.553+0530: 830.456: [GC (Allocation Failure) 2019-01-02T11:12:42.554+0530: 830.456: [DefNew
Desired survivor size 32768 bytes, new threshold 15 (max 15)
- age   2:        184 bytes,        184 total
- age   8:         16 bytes,        200 total
: 896K->0K(960K), 0.0010525 secs] 4628K->4020K(10176K), 0.0013433 secs] [Times: user=0.00 sys=0.00, real=0.00 secs] 
2019-01-02T11:12:42.556+0530: 830.459: [GC (Allocation Failure) 2019-01-02T11:12:42.557+0530: 830.459: [DefNew
Desired survivor size 32768 bytes, new threshold 15 (max 15)
- age   1:         40 bytes,         40 total
- age   3:        184 bytes,        224 total
- age   9:         16 bytes,        240 total
: 896K->0K(960K), 0.0008803 secs] 4916K->4596K(10176K), 0.0011169 secs] [Times: user=0.00 sys=0.00, real=0.00 secs] 
2019-01-02T11:12:42.559+0530: 830.462: [GC (Allocation Failure) 2019-01-02T11:12:42.559+0530: 830.462: [DefNew
Desired survivor size 32768 bytes, new threshold 15 (max 15)
- age   1:         24 bytes,         24 total
- age   4:        184 bytes,        208 total
- age  10:         16 bytes,        224 total
: 446K->0K(960K), 0.0006534 secs] 5042K->4596K(10176K), 0.0007988 secs] [Times: user=0.00 sys=0.00, real=0.00 secs] 
2019-01-02T11:12:42.561+0530: 830.463: [GC (Allocation Failure) 2019-01-02T11:12:42.561+0530: 830.463: [DefNew
Desired survivor size 32768 bytes, new threshold 15 (max 15)
- age   2:         24 bytes,         24 total
- age   5:        184 bytes,        208 total
- age  11:         16 bytes,        224 total
: 491K->0K(960K), 0.0003638 secs] 5087K->5087K(10176K), 0.0004396 secs] [Times: user=0.00 sys=0.00, real=0.00 secs] 
2019-01-02T11:12:42.562+0530: 830.464: [GC (Allocation Failure) 2019-01-02T11:12:42.562+0530: 830.464: [DefNew
Desired survivor size 32768 bytes, new threshold 15 (max 15)
- age   1:         24 bytes,         24 total
- age   6:         72 bytes,         96 total
- age  12:         16 bytes,        112 total
: 509K->0K(960K), 0.0003387 secs] 5596K->5579K(10176K), 0.0004117 secs] [Times: user=0.00 sys=0.00, real=0.00 secs] 
2019-01-02T11:12:42.619+0530: 830.521: [GC (Allocation Failure) 2019-01-02T11:12:42.619+0530: 830.521: [DefNew
Desired survivor size 32768 bytes, new threshold 15 (max 15)
- age   1:        248 bytes,        248 total
- age   7:         16 bytes,        264 total
- age  13:         16 bytes,        280 total
: 847K->0K(960K), 0.0008108 secs] 6426K->5651K(10176K), 0.0009995 secs] [Times: user=0.00 sys=0.00, real=0.00 secs] 
2019-01-02T11:12:42.622+0530: 830.524: [GC (Allocation Failure) 2019-01-02T11:12:42.622+0530: 830.524: [DefNew
Desired survivor size 32768 bytes, new threshold 15 (max 15)
- age   1:         40 bytes,         40 total
- age   2:        184 bytes,        224 total
- age   8:         16 bytes,        240 total
- age  14:         16 bytes,        256 total
: 896K->0K(960K), 0.0008701 secs] 6547K->5939K(10176K), 0.0011050 secs] [Times: user=0.00 sys=0.00, real=0.00 secs] 
2019-01-02T11:12:42.624+0530: 830.527: [GC (Allocation Failure) 2019-01-02T11:12:42.624+0530: 830.527: [DefNew
Desired survivor size 32768 bytes, new threshold 15 (max 15)
- age   1:         40 bytes,         40 total
- age   3:        184 bytes,        224 total
- age   9:         16 bytes,        240 total
- age  15:         16 bytes,        256 total
: 896K->0K(960K), 0.0009653 secs] 6835K->6515K(10176K), 0.0011574 secs] [Times: user=0.00 sys=0.00, real=0.00 secs] 
2019-01-02T11:12:42.627+0530: 830.529: [GC (Allocation Failure) 2019-01-02T11:12:42.627+0530: 830.529: [DefNew
Desired survivor size 32768 bytes, new threshold 15 (max 15)
- age   1:         24 bytes,         24 total
- age   4:        184 bytes,        208 total
- age  10:         16 bytes,        224 total
: 445K->0K(960K), 0.0002543 secs] 6960K->6515K(10176K), 0.0003301 secs] [Times: user=0.00 sys=0.00, real=0.00 secs] 
2019-01-02T11:12:42.627+0530: 830.530: [GC (Allocation Failure) 2019-01-02T11:12:42.627+0530: 830.530: [DefNew
Desired survivor size 32768 bytes, new threshold 15 (max 15)
- age   2:         24 bytes,         24 total
- age   5:        184 bytes,        208 total
- age  11:         16 bytes,        224 total
: 491K->0K(960K), 0.0003381 secs] 7006K->7006K(10176K), 0.0004099 secs] [Times: user=0.00 sys=0.00, real=0.00 secs] 
2019-01-02T11:12:42.628+0530: 830.531: [GC (Allocation Failure) 2019-01-02T11:12:42.628+0530: 830.531: [DefNew
Desired survivor size 32768 bytes, new threshold 15 (max 15)
- age   1:         24 bytes,         24 total
- age   6:         72 bytes,         96 total
- age  12:         16 bytes,        112 total
: 509K->0K(960K), 0.0003119 secs] 7515K->7497K(10176K), 0.0003849 secs] [Times: user=0.00 sys=0.00, real=0.00 secs] 
2019-01-02T11:12:42.689+0530: 830.591: [GC (Allocation Failure) 2019-01-02T11:12:42.689+0530: 830.592: [DefNew
Desired survivor size 32768 bytes, new threshold 15 (max 15)
- age   1:        248 bytes,        248 total
- age   7:         16 bytes,        264 total
- age  13:         16 bytes,        280 total
: 847K->0K(960K), 0.0010269 secs] 8344K->7570K(10176K), 0.0014197 secs] [Times: user=0.00 sys=0.00, real=0.00 secs] 
2019-01-02T11:12:42.692+0530: 830.595: [GC (Allocation Failure) 2019-01-02T11:12:42.693+0530: 830.595: [DefNew
Desired survivor size 32768 bytes, new threshold 15 (max 15)
- age   2:        184 bytes,        184 total
- age   8:         16 bytes,        200 total
- age  14:         16 bytes,        216 total
: 896K->0K(960K), 0.0011620 secs] 8466K->7858K(10176K), 0.0013764 secs] [Times: user=0.00 sys=0.00, real=0.00 secs] 
2019-01-02T11:12:42.695+0530: 830.598: [GC (Allocation Failure) 2019-01-02T11:12:42.695+0530: 830.598: [DefNew
Desired survivor size 32768 bytes, new threshold 15 (max 15)
- age   1:         40 bytes,         40 total
- age   3:        184 bytes,        224 total
- age   9:         16 bytes,        240 total
- age  15:         16 bytes,        256 total
: 896K->0K(960K), 0.0004875 secs] 8754K->8434K(10176K), 0.0006152 secs] [Times: user=0.00 sys=0.00, real=0.00 secs] 
2019-01-02T11:12:42.697+0530: 830.599: [GC (Allocation Failure) 2019-01-02T11:12:42.697+0530: 830.599: [DefNew
Desired survivor size 32768 bytes, new threshold 15 (max 15)
- age   1:         24 bytes,         24 total
- age   4:        184 bytes,        208 total
- age  10:         16 bytes,        224 total
: 446K->0K(960K), 0.0002532 secs] 8880K->8434K(10176K), 0.0003147 secs] [Times: user=0.00 sys=0.00, real=0.00 secs] 
2019-01-02T11:12:42.697+0530: 830.600: [GC (Allocation Failure) 2019-01-02T11:12:42.698+0530: 830.600: [DefNew
Desired survivor size 32768 bytes, new threshold 15 (max 15)
- age   2:         24 bytes,         24 total
- age   5:        184 bytes,        208 total
- age  11:         16 bytes,        224 total
: 491K->0K(960K), 0.0003335 secs] 8925K->8925K(10176K), 0.0003900 secs] [Times: user=0.00 sys=0.00, real=0.00 secs] 
2019-01-02T11:12:42.698+0530: 830.601: [GC (Allocation Failure) 2019-01-02T11:12:42.698+0530: 830.601: [DefNew: 509K->509K(960K), 0.0000245 secs]2019-01-02T11:12:42.698+0530: 830.601: [Tenured: 8925K->1249K(9216K), 0.0060460 secs] 9434K->1249K(10176K), [Metaspace: 2520K->2520K(1056768K)], 0.0061782 secs] [Times: user=0.00 sys=0.00, real=0.01 secs] 
2019-01-02T11:12:42.757+0530: 830.660: [GC (Allocation Failure) 2019-01-02T11:12:42.758+0530: 830.660: [DefNew
Desired survivor size 32768 bytes, new threshold 15 (max 15)
- age   1:        248 bytes,        248 total
: 847K->0K(960K), 0.0011209 secs] 2097K->1813K(10176K), 0.0015771 secs] [Times: user=0.02 sys=0.00, real=0.00 secs] 
2019-01-02T11:12:42.761+0530: 830.663: [GC (Allocation Failure) 2019-01-02T11:12:42.761+0530: 830.664: [DefNew
Desired survivor size 32768 bytes, new threshold 15 (max 15)
- age   1:         40 bytes,         40 total
- age   2:        184 bytes,        224 total
: 896K->0K(960K), 0.0010622 secs] 2709K->2101K(10176K), 0.0012794 secs] [Times: user=0.00 sys=0.00, real=0.00 secs] 
2019-01-02T11:12:42.764+0530: 830.666: [GC (Allocation Failure) 2019-01-02T11:12:42.764+0530: 830.666: [DefNew
Desired survivor size 32768 bytes, new threshold 15 (max 15)
- age   1:         40 bytes,         40 total
- age   3:        184 bytes,        224 total
: 896K->0K(960K), 0.0004578 secs] 2997K->2677K(10176K), 0.0005645 secs] [Times: user=0.00 sys=0.00, real=0.00 secs] 
2019-01-02T11:12:42.765+0530: 830.668: [GC (Allocation Failure) 2019-01-02T11:12:42.765+0530: 830.668: [DefNew
Desired survivor size 32768 bytes, new threshold 15 (max 15)
- age   1:         24 bytes,         24 total
- age   4:        184 bytes,        208 total
: 445K->0K(960K), 0.0002429 secs] 3123K->2677K(10176K), 0.0003159 secs] [Times: user=0.00 sys=0.00, real=0.00 secs] 
2019-01-02T11:12:42.766+0530: 830.669: [GC (Allocation Failure) 2019-01-02T11:12:42.766+0530: 830.669: [DefNew
Desired survivor size 32768 bytes, new threshold 15 (max 15)
- age   2:         24 bytes,         24 total
- age   5:        184 bytes,        208 total
: 491K->0K(960K), 0.0010491 secs] 3169K->3169K(10176K), 0.0012943 secs] [Times: user=0.00 sys=0.00, real=0.00 secs] 
2019-01-02T11:12:42.768+0530: 830.671: [GC (Allocation Failure) 2019-01-02T11:12:42.768+0530: 830.671: [DefNew
Desired survivor size 32768 bytes, new threshold 15 (max 15)
- age   1:         24 bytes,         24 total
- age   6:         72 bytes,         96 total
: 509K->0K(960K), 0.0004595 secs] 3678K->3660K(10176K), 0.0005696 secs] [Times: user=0.00 sys=0.00, real=0.00 secs] 
2019-01-02T11:12:42.820+0530: 830.722: [GC (Allocation Failure) 2019-01-02T11:12:42.820+0530: 830.723: [DefNew
Desired survivor size 32768 bytes, new threshold 15 (max 15)
- age   1:        248 bytes,        248 total
- age   7:         16 bytes,        264 total
: 847K->0K(960K), 0.0009932 secs] 4507K->3732K(10176K), 0.0013809 secs] [Times: user=0.01 sys=0.00, real=0.00 secs] 
2019-01-02T11:12:42.823+0530: 830.725: [GC (Allocation Failure) 2019-01-02T11:12:42.823+0530: 830.725: [DefNew
Desired survivor size 32768 bytes, new threshold 15 (max 15)
- age   2:        184 bytes,        184 total
- age   8:         16 bytes,        200 total
: 896K->0K(960K), 0.0009339 secs] 4628K->4020K(10176K), 0.0015115 secs] [Times: user=0.00 sys=0.00, real=0.00 secs] 
2019-01-02T11:12:42.826+0530: 830.728: [GC (Allocation Failure) 2019-01-02T11:12:42.826+0530: 830.728: [DefNew
Desired survivor size 32768 bytes, new threshold 15 (max 15)
- age   1:         40 bytes,         40 total
- age   3:        184 bytes,        224 total
- age   9:         16 bytes,        240 total
: 896K->0K(960K), 0.0010793 secs] 4916K->4596K(10176K), 0.0012481 secs] [Times: user=0.00 sys=0.00, real=0.00 secs] 
2019-01-02T11:12:42.828+0530: 830.731: [GC (Allocation Failure) 2019-01-02T11:12:42.828+0530: 830.731: [DefNew
Desired survivor size 32768 bytes, new threshold 15 (max 15)
- age   1:         24 bytes,         24 total
- age   4:        184 bytes,        208 total
- age  10:         16 bytes,        224 total
: 446K->0K(960K), 0.0002589 secs] 5043K->4596K(10176K), 0.0003335 secs] [Times: user=0.00 sys=0.00, real=0.00 secs] 
2019-01-02T11:12:42.829+0530: 830.731: [GC (Allocation Failure) 2019-01-02T11:12:42.829+0530: 830.731: [DefNew
Desired survivor size 32768 bytes, new threshold 15 (max 15)
- age   2:         24 bytes,         24 total
- age   5:        184 bytes,        208 total
- age  11:         16 bytes,        224 total
: 491K->0K(960K), 0.0003438 secs] 5088K->5088K(10176K), 0.0004145 secs] [Times: user=0.00 sys=0.00, real=0.00 secs] 
2019-01-02T11:12:42.830+0530: 830.732: [GC (Allocation Failure) 2019-01-02T11:12:42.830+0530: 830.732: [DefNew
Desired survivor size 32768 bytes, new threshold 15 (max 15)
- age   1:         24 bytes,         24 total
- age   6:         72 bytes,         96 total
- age  12:         16 bytes,        112 total
: 509K->0K(960K), 0.0003256 secs] 5597K->5579K(10176K), 0.0003963 secs] [Times: user=0.00 sys=0.00, real=0.00 secs] 
2019-01-02T11:12:42.885+0530: 830.787: [GC (Allocation Failure) 2019-01-02T11:12:42.885+0530: 830.787: [DefNew
Desired survivor size 32768 bytes, new threshold 15 (max 15)
- age   1:        248 bytes,        248 total
- age   7:         16 bytes,        264 total
- age  13:         16 bytes,        280 total
: 847K->0K(960K), 0.0006072 secs] 6426K->5651K(10176K), 0.0010833 secs] [Times: user=0.00 sys=0.00, real=0.00 secs] 
2019-01-02T11:12:42.888+0530: 830.790: [GC (Allocation Failure) 2019-01-02T11:12:42.888+0530: 830.790: [DefNew
Desired survivor size 32768 bytes, new threshold 15 (max 15)
- age   1:         40 bytes,         40 total
- age   2:        184 bytes,        224 total
- age   8:         16 bytes,        240 total
- age  14:         16 bytes,        256 total
: 896K->0K(960K), 0.0008815 secs] 6547K->5939K(10176K), 0.0009852 secs] [Times: user=0.00 sys=0.00, real=0.00 secs] 
2019-01-02T11:12:42.890+0530: 830.793: [GC (Allocation Failure) 2019-01-02T11:12:42.890+0530: 830.793: [DefNew
Desired survivor size 32768 bytes, new threshold 15 (max 15)
- age   1:         40 bytes,         40 total
- age   3:        184 bytes,        224 total
- age   9:         16 bytes,        240 total
- age  15:         16 bytes,        256 total
: 896K->0K(960K), 0.0013775 secs] 6835K->6515K(10176K), 0.0015582 secs] [Times: user=0.00 sys=0.00, real=0.00 secs] 
2019-01-02T11:12:42.893+0530: 830.796: [GC (Allocation Failure) 2019-01-02T11:12:42.893+0530: 830.796: [DefNew
Desired survivor size 32768 bytes, new threshold 15 (max 15)
- age   1:         24 bytes,         24 total
- age   4:        184 bytes,        208 total
- age  10:         16 bytes,        224 total
: 445K->0K(960K), 0.0003370 secs] 6961K->6515K(10176K), 0.0004949 secs] [Times: user=0.00 sys=0.00, real=0.00 secs] 
2019-01-02T11:12:42.894+0530: 830.797: [GC (Allocation Failure) 2019-01-02T11:12:42.894+0530: 830.797: [DefNew
Desired survivor size 32768 bytes, new threshold 15 (max 15)
- age   2:         24 bytes,         24 total
- age   5:        184 bytes,        208 total
- age  11:         16 bytes,        224 total
: 491K->0K(960K), 0.0003392 secs] 7007K->7007K(10176K), 0.0004196 secs] [Times: user=0.00 sys=0.00, real=0.00 secs] 
2019-01-02T11:12:42.895+0530: 830.797: [GC (Allocation Failure) 2019-01-02T11:12:42.895+0530: 830.798: [DefNew
Desired survivor size 32768 bytes, new threshold 15 (max 15)
- age   1:         24 bytes,         24 total
- age   6:         72 bytes,         96 total
- age  12:         16 bytes,        112 total
: 509K->0K(960K), 0.0003290 secs] 7516K->7498K(10176K), 0.0004014 secs] [Times: user=0.00 sys=0.00, real=0.00 secs] 
2019-01-02T11:12:42.952+0530: 830.855: [GC (Allocation Failure) 2019-01-02T11:12:42.953+0530: 830.855: [DefNew
Desired survivor size 32768 bytes, new threshold 15 (max 15)
- age   1:        248 bytes,        248 total
- age   7:         16 bytes,        264 total
- age  13:         16 bytes,        280 total
: 847K->0K(960K), 0.0006158 secs] 8345K->7570K(10176K), 0.0011004 secs] [Times: user=0.00 sys=0.00, real=0.00 secs] 
2019-01-02T11:12:42.955+0530: 830.858: [GC (Allocation Failure) 2019-01-02T11:12:42.955+0530: 830.858: [DefNew
Desired survivor size 32768 bytes, new threshold 15 (max 15)
- age   2:        184 bytes,        184 total
- age   8:         16 bytes,        200 total
- age  14:         16 bytes,        216 total
: 896K->0K(960K), 0.0007298 secs] 8466K->7858K(10176K), 0.0008940 secs] [Times: user=0.00 sys=0.00, real=0.00 secs] 
2019-01-02T11:12:42.957+0530: 830.860: [GC (Allocation Failure) 2019-01-02T11:12:42.958+0530: 830.860: [DefNew
Desired survivor size 32768 bytes, new threshold 15 (max 15)
- age   1:         40 bytes,         40 total
- age   3:        184 bytes,        224 total
- age   9:         16 bytes,        240 total
- age  15:         16 bytes,        256 total
: 896K->0K(960K), 0.0013245 secs] 8754K->8434K(10176K), 0.0014932 secs] [Times: user=0.00 sys=0.00, real=0.00 secs] 
2019-01-02T11:12:42.960+0530: 830.863: [GC (Allocation Failure) 2019-01-02T11:12:42.960+0530: 830.863: [DefNew
Desired survivor size 32768 bytes, new threshold 15 (max 15)
- age   1:         24 bytes,         24 total
- age   4:        184 bytes,        208 total
- age  10:         16 bytes,        224 total
: 446K->0K(960K), 0.0002748 secs] 8881K->8434K(10176K), 0.0003649 secs] [Times: user=0.00 sys=0.00, real=0.00 secs] 
2019-01-02T11:12:42.961+0530: 830.863: [GC (Allocation Failure) 2019-01-02T11:12:42.961+0530: 830.863: [DefNew
Desired survivor size 32768 bytes, new threshold 15 (max 15)
- age   2:         24 bytes,         24 total
- age   5:        184 bytes,        208 total
- age  11:         16 bytes,        224 total
: 491K->0K(960K), 0.0003301 secs] 8926K->8926K(10176K), 0.0004008 secs] [Times: user=0.02 sys=0.00, real=0.00 secs] 
2019-01-02T11:12:42.962+0530: 830.864: [GC (Allocation Failure) 2019-01-02T11:12:42.962+0530: 830.864: [DefNew: 509K->509K(960K), 0.0000279 secs]2019-01-02T11:12:42.962+0530: 830.864: [Tenured: 8926K->1250K(9216K), 0.0036211 secs] 9435K->1250K(10176K), [Metaspace: 2520K->2520K(1056768K)], 0.0037733 secs] [Times: user=0.00 sys=0.00, real=0.00 secs] 
2019-01-02T11:12:43.021+0530: 830.924: [GC (Allocation Failure) 2019-01-02T11:12:43.021+0530: 830.924: [DefNew
Desired survivor size 32768 bytes, new threshold 15 (max 15)
- age   1:        248 bytes,        248 total
: 847K->0K(960K), 0.0009373 secs] 2097K->1813K(10176K), 0.0012829 secs] [Times: user=0.00 sys=0.00, real=0.00 secs] 
2019-01-02T11:12:43.024+0530: 830.926: [GC (Allocation Failure) 2019-01-02T11:12:43.024+0530: 830.927: [DefNew
Desired survivor size 32768 bytes, new threshold 15 (max 15)
- age   1:         40 bytes,         40 total
- age   2:        184 bytes,        224 total
: 896K->0K(960K), 0.0008786 secs] 2709K->2101K(10176K), 0.0009818 secs] [Times: user=0.00 sys=0.00, real=0.00 secs] 
2019-01-02T11:12:43.026+0530: 830.929: [GC (Allocation Failure) 2019-01-02T11:12:43.026+0530: 830.929: [DefNew
Desired survivor size 32768 bytes, new threshold 15 (max 15)
- age   1:         40 bytes,         40 total
- age   3:        184 bytes,        224 total
: 896K->0K(960K), 0.0009658 secs] 2997K->2677K(10176K), 0.0011204 secs] [Times: user=0.00 sys=0.00, real=0.00 secs] 
2019-01-02T11:12:43.029+0530: 830.931: [GC (Allocation Failure) 2019-01-02T11:12:43.029+0530: 830.931: [DefNew
Desired survivor size 32768 bytes, new threshold 15 (max 15)
- age   1:         24 bytes,         24 total
- age   4:        184 bytes,        208 total
: 445K->0K(960K), 0.0002577 secs] 3123K->2677K(10176K), 0.0003330 secs] [Times: user=0.00 sys=0.00, real=0.00 secs] 
2019-01-02T11:12:43.030+0530: 830.932: [GC (Allocation Failure) 2019-01-02T11:12:43.030+0530: 830.932: [DefNew
Desired survivor size 32768 bytes, new threshold 15 (max 15)
- age   2:         24 bytes,         24 total
- age   5:        184 bytes,        208 total
: 491K->0K(960K), 0.0003227 secs] 3169K->3169K(10176K), 0.0003946 secs] [Times: user=0.00 sys=0.00, real=0.00 secs] 
2019-01-02T11:12:43.030+0530: 830.933: [GC (Allocation Failure) 2019-01-02T11:12:43.030+0530: 830.933: [DefNew
Desired survivor size 32768 bytes, new threshold 15 (max 15)
- age   1:         24 bytes,         24 total
- age   6:         72 bytes,         96 total
: 509K->0K(960K), 0.0003239 secs] 3678K->3660K(10176K), 0.0003991 secs] [Times: user=0.00 sys=0.00, real=0.00 secs] 
2019-01-02T11:12:43.088+0530: 830.991: [GC (Allocation Failure) 2019-01-02T11:12:43.089+0530: 830.991: [DefNew
Desired survivor size 32768 bytes, new threshold 15 (max 15)
- age   1:        248 bytes,        248 total
- age   7:         16 bytes,        264 total
: 847K->0K(960K), 0.0006426 secs] 4507K->3733K(10176K), 0.0008501 secs] [Times: user=0.00 sys=0.00, real=0.00 secs] 
2019-01-02T11:12:43.091+0530: 830.993: [GC (Allocation Failure) 2019-01-02T11:12:43.091+0530: 830.994: [DefNew
Desired survivor size 32768 bytes, new threshold 15 (max 15)
- age   2:        184 bytes,        184 total
- age   8:         16 bytes,        200 total
: 896K->0K(960K), 0.0009219 secs] 4629K->4021K(10176K), 0.0011038 secs] [Times: user=0.00 sys=0.00, real=0.00 secs] 
2019-01-02T11:12:43.094+0530: 830.996: [GC (Allocation Failure) 2019-01-02T11:12:43.094+0530: 830.996: [DefNew
Desired survivor size 32768 bytes, new threshold 15 (max 15)
- age   1:         40 bytes,         40 total
- age   3:        184 bytes,        224 total
- age   9:         16 bytes,        240 total
: 896K->0K(960K), 0.0012931 secs] 4917K->4597K(10176K), 0.0015383 secs] [Times: user=0.00 sys=0.00, real=0.00 secs] 
2019-01-02T11:12:43.096+0530: 830.999: [GC (Allocation Failure) 2019-01-02T11:12:43.097+0530: 830.999: [DefNew
Desired survivor size 32768 bytes, new threshold 15 (max 15)
- age   1:         24 bytes,         24 total
- age   4:        184 bytes,        208 total
- age  10:         16 bytes,        224 total
: 446K->0K(960K), 0.0004048 secs] 5043K->4597K(10176K), 0.0005388 secs] [Times: user=0.00 sys=0.00, real=0.00 secs] 
2019-01-02T11:12:43.097+0530: 831.000: [GC (Allocation Failure) 2019-01-02T11:12:43.097+0530: 831.000: [DefNew
Desired survivor size 32768 bytes, new threshold 15 (max 15)
- age   2:         24 bytes,         24 total
- age   5:        184 bytes,        208 total
- age  11:         16 bytes,        224 total
: 491K->0K(960K), 0.0003666 secs] 5088K->5088K(10176K), 0.0004521 secs] [Times: user=0.00 sys=0.00, real=0.00 secs] 
2019-01-02T11:12:43.098+0530: 831.001: [GC (Allocation Failure) 2019-01-02T11:12:43.098+0530: 831.001: [DefNew
Desired survivor size 32768 bytes, new threshold 15 (max 15)
- age   1:         24 bytes,         24 total
- age   6:         72 bytes,         96 total
- age  12:         16 bytes,        112 total
: 509K->0K(960K), 0.0003318 secs] 5598K->5580K(10176K), 0.0004071 secs] [Times: user=0.00 sys=0.00, real=0.00 secs] 
2019-01-02T11:12:43.155+0530: 831.057: [GC (Allocation Failure) 2019-01-02T11:12:43.155+0530: 831.058: [DefNew
Desired survivor size 32768 bytes, new threshold 15 (max 15)
- age   1:        248 bytes,        248 total
- age   7:         16 bytes,        264 total
- age  13:         16 bytes,        280 total
: 847K->0K(960K), 0.0006699 secs] 6427K->5652K(10176K), 0.0010115 secs] [Times: user=0.00 sys=0.00, real=0.00 secs] 
2019-01-02T11:12:43.157+0530: 831.060: [GC (Allocation Failure) 2019-01-02T11:12:43.157+0530: 831.060: [DefNew
Desired survivor size 32768 bytes, new threshold 15 (max 15)
- age   1:         40 bytes,         40 total
- age   2:        184 bytes,        224 total
- age   8:         16 bytes,        240 total
- age  14:         16 bytes,        256 total
: 896K->0K(960K), 0.0008798 secs] 6548K->5940K(10176K), 0.0010098 secs] [Times: user=0.00 sys=0.00, real=0.00 secs] 
2019-01-02T11:12:43.160+0530: 831.063: [GC (Allocation Failure) 2019-01-02T11:12:43.160+0530: 831.063: [DefNew
Desired survivor size 32768 bytes, new threshold 15 (max 15)
- age   1:         40 bytes,         40 total
- age   3:        184 bytes,        224 total
- age   9:         16 bytes,        240 total
- age  15:         16 bytes,        256 total
: 896K->0K(960K), 0.0012241 secs] 6836K->6516K(10176K), 0.0014054 secs] [Times: user=0.00 sys=0.00, real=0.00 secs] 
2019-01-02T11:12:43.163+0530: 831.065: [GC (Allocation Failure) 2019-01-02T11:12:43.163+0530: 831.065: [DefNew
Desired survivor size 32768 bytes, new threshold 15 (max 15)
- age   1:         24 bytes,         24 total
- age   4:        184 bytes,        208 total
- age  10:         16 bytes,        224 total
: 445K->0K(960K), 0.0002697 secs] 6961K->6516K(10176K), 0.0003341 secs] [Times: user=0.00 sys=0.00, real=0.00 secs] 
2019-01-02T11:12:43.163+0530: 831.066: [GC (Allocation Failure) 2019-01-02T11:12:43.163+0530: 831.066: [DefNew
Desired survivor size 32768 bytes, new threshold 15 (max 15)
- age   2:         24 bytes,         24 total
- age   5:        184 bytes,        208 total
- age  11:         16 bytes,        224 total
: 491K->0K(960K), 0.0003484 secs] 7007K->7007K(10176K), 0.0004071 secs] [Times: user=0.02 sys=0.00, real=0.00 secs] 
2019-01-02T11:12:43.164+0530: 831.067: [GC (Allocation Failure) 2019-01-02T11:12:43.164+0530: 831.067: [DefNew
Desired survivor size 32768 bytes, new threshold 15 (max 15)
- age   1:         24 bytes,         24 total
- age   6:         72 bytes,         96 total
- age  12:         16 bytes,        112 total
: 509K->0K(960K), 0.0003261 secs] 7517K->7499K(10176K), 0.0003946 secs] [Times: user=0.00 sys=0.00, real=0.00 secs] 
2019-01-02T11:12:43.221+0530: 831.124: [GC (Allocation Failure) 2019-01-02T11:12:43.221+0530: 831.124: [DefNew
Desired survivor size 32768 bytes, new threshold 15 (max 15)
- age   1:        248 bytes,        248 total
- age   7:         16 bytes,        264 total
- age  13:         16 bytes,        280 total
: 847K->0K(960K), 0.0011734 secs] 8346K->7571K(10176K), 0.0015269 secs] [Times: user=0.00 sys=0.00, real=0.00 secs] 
2019-01-02T11:12:43.224+0530: 831.127: [GC (Allocation Failure) 2019-01-02T11:12:43.224+0530: 831.127: [DefNew
Desired survivor size 32768 bytes, new threshold 15 (max 15)
- age   2:        184 bytes,        184 total
- age   8:         16 bytes,        200 total
- age  14:         16 bytes,        216 total
: 896K->0K(960K), 0.0006431 secs] 8467K->7859K(10176K), 0.0007640 secs] [Times: user=0.00 sys=0.00, real=0.00 secs] 
2019-01-02T11:12:43.226+0530: 831.129: [GC (Allocation Failure) 2019-01-02T11:12:43.226+0530: 831.129: [DefNew
Desired survivor size 32768 bytes, new threshold 15 (max 15)
- age   1:         40 bytes,         40 total
- age   3:        184 bytes,        224 total
- age   9:         16 bytes,        240 total
- age  15:         16 bytes,        256 total
: 896K->0K(960K), 0.0010810 secs] 8755K->8435K(10176K), 0.0011973 secs] [Times: user=0.00 sys=0.00, real=0.00 secs] 
2019-01-02T11:12:43.228+0530: 831.131: [GC (Allocation Failure) 2019-01-02T11:12:43.228+0530: 831.131: [DefNew
Desired survivor size 32768 bytes, new threshold 15 (max 15)
- age   1:         24 bytes,         24 total
- age   4:        184 bytes,        208 total
- age  10:         16 bytes,        224 total
: 446K->0K(960K), 0.0002372 secs] 8881K->8435K(10176K), 0.0002891 secs] [Times: user=0.00 sys=0.00, real=0.00 secs] 
2019-01-02T11:12:43.229+0530: 831.132: [GC (Allocation Failure) 2019-01-02T11:12:43.229+0530: 831.132: [DefNew
Desired survivor size 32768 bytes, new threshold 15 (max 15)
- age   2:         24 bytes,         24 total
- age   5:        184 bytes,        208 total
- age  11:         16 bytes,        224 total
: 491K->0K(960K), 0.0002902 secs] 8927K->8927K(10176K), 0.0003518 secs] [Times: user=0.00 sys=0.00, real=0.00 secs] 
2019-01-02T11:12:43.230+0530: 831.132: [GC (Allocation Failure) 2019-01-02T11:12:43.230+0530: 831.132: [DefNew: 509K->509K(960K), 0.0000234 secs]2019-01-02T11:12:43.230+0530: 831.132: [Tenured: 8927K->1250K(9216K), 0.0037117 secs] 9436K->1250K(10176K), [Metaspace: 2520K->2520K(1056768K)], 0.0038429 secs] [Times: user=0.00 sys=0.00, real=0.00 secs] 
2019-01-02T11:12:43.288+0530: 831.191: [GC (Allocation Failure) 2019-01-02T11:12:43.288+0530: 831.191: [DefNew
Desired survivor size 32768 bytes, new threshold 15 (max 15)
- age   1:        248 bytes,        248 total
: 847K->0K(960K), 0.0008792 secs] 2097K->1814K(10176K), 0.0012139 secs] [Times: user=0.01 sys=0.00, real=0.00 secs] 
2019-01-02T11:12:43.291+0530: 831.194: [GC (Allocation Failure) 2019-01-02T11:12:43.291+0530: 831.194: [DefNew
Desired survivor size 32768 bytes, new threshold 15 (max 15)
- age   1:         40 bytes,         40 total
- age   2:        184 bytes,        224 total
: 896K->0K(960K), 0.0009060 secs] 2710K->2102K(10176K), 0.0010998 secs] [Times: user=0.00 sys=0.00, real=0.00 secs] 
2019-01-02T11:12:43.294+0530: 831.197: [GC (Allocation Failure) 2019-01-02T11:12:43.294+0530: 831.197: [DefNew
Desired survivor size 32768 bytes, new threshold 15 (max 15)
- age   1:         40 bytes,         40 total
- age   3:        184 bytes,        224 total
: 896K->0K(960K), 0.0009807 secs] 2998K->2678K(10176K), 0.0011911 secs] [Times: user=0.00 sys=0.00, real=0.00 secs] 
2019-01-02T11:12:43.297+0530: 831.199: [GC (Allocation Failure) 2019-01-02T11:12:43.297+0530: 831.199: [DefNew
Desired survivor size 32768 bytes, new threshold 15 (max 15)
- age   1:         24 bytes,         24 total
- age   4:        184 bytes,        208 total
: 445K->0K(960K), 0.0003005 secs] 3123K->2678K(10176K), 0.0003854 secs] [Times: user=0.00 sys=0.00, real=0.00 secs] 
2019-01-02T11:12:43.297+0530: 831.200: [GC (Allocation Failure) 2019-01-02T11:12:43.298+0530: 831.200: [DefNew
Desired survivor size 32768 bytes, new threshold 15 (max 15)
- age   2:         24 bytes,         24 total
- age   5:        184 bytes,        208 total
: 491K->0K(960K), 0.0003512 secs] 3169K->3169K(10176K), 0.0004305 secs] [Times: user=0.00 sys=0.00, real=0.00 secs] 
2019-01-02T11:12:43.298+0530: 831.201: [GC (Allocation Failure) 2019-01-02T11:12:43.298+0530: 831.201: [DefNew
Desired survivor size 32768 bytes, new threshold 15 (max 15)
- age   1:         24 bytes,         24 total
- age   6:         72 bytes,         96 total
: 509K->0K(960K), 0.0003267 secs] 3679K->3661K(10176K), 0.0003991 secs] [Times: user=0.00 sys=0.00, real=0.00 secs] 
2019-01-02T11:12:43.356+0530: 831.259: [GC (Allocation Failure) 2019-01-02T11:12:43.357+0530: 831.259: [DefNew
Desired survivor size 32768 bytes, new threshold 15 (max 15)
- age   1:        248 bytes,        248 total
- age   7:         16 bytes,        264 total
: 847K->0K(960K), 0.0009465 secs] 4508K->3733K(10176K), 0.0013467 secs] [Times: user=0.00 sys=0.00, real=0.00 secs] 
2019-01-02T11:12:43.360+0530: 831.262: [GC (Allocation Failure) 2019-01-02T11:12:43.360+0530: 831.262: [DefNew
Desired survivor size 32768 bytes, new threshold 15 (max 15)
- age   2:        184 bytes,        184 total
- age   8:         16 bytes,        200 total
: 896K->0K(960K), 0.0013729 secs] 4629K->4021K(10176K), 0.0016643 secs] [Times: user=0.00 sys=0.00, real=0.00 secs] 
2019-01-02T11:12:43.363+0530: 831.265: [GC (Allocation Failure) 2019-01-02T11:12:43.363+0530: 831.265: [DefNew
Desired survivor size 32768 bytes, new threshold 15 (max 15)
- age   1:         40 bytes,         40 total
- age   3:        184 bytes,        224 total
- age   9:         16 bytes,        240 total
: 896K->0K(960K), 0.0004054 secs] 4917K->4597K(10176K), 0.0005012 secs] [Times: user=0.00 sys=0.00, real=0.00 secs] 
2019-01-02T11:12:43.364+0530: 831.267: [GC (Allocation Failure) 2019-01-02T11:12:43.364+0530: 831.267: [DefNew
Desired survivor size 32768 bytes, new threshold 15 (max 15)
- age   1:         24 bytes,         24 total
- age   4:        184 bytes,        208 total
- age  10:         16 bytes,        224 total
: 446K->0K(960K), 0.0002697 secs] 5043K->4597K(10176K), 0.0003392 secs] [Times: user=0.00 sys=0.00, real=0.00 secs] 
2019-01-02T11:12:43.365+0530: 831.267: [GC (Allocation Failure) 2019-01-02T11:12:43.365+0530: 831.268: [DefNew
Desired survivor size 32768 bytes, new threshold 15 (max 15)
- age   2:         24 bytes,         24 total
- age   5:        184 bytes,        208 total
- age  11:         16 bytes,        224 total
: 491K->0K(960K), 0.0003495 secs] 5089K->5089K(10176K), 0.0004042 secs] [Times: user=0.00 sys=0.00, real=0.00 secs] 
2019-01-02T11:12:43.366+0530: 831.268: [GC (Allocation Failure) 2019-01-02T11:12:43.366+0530: 831.268: [DefNew
Desired survivor size 32768 bytes, new threshold 15 (max 15)
- age   1:         24 bytes,         24 total
- age   6:         72 bytes,         96 total
- age  12:         16 bytes,        112 total
: 509K->0K(960K), 0.0004105 secs] 5598K->5580K(10176K), 0.0004903 secs] [Times: user=0.00 sys=0.00, real=0.00 secs] 
2019-01-02T11:12:43.423+0530: 831.326: [GC (Allocation Failure) 2019-01-02T11:12:43.423+0530: 831.326: [DefNew
Desired survivor size 32768 bytes, new threshold 15 (max 15)
- age   1:        248 bytes,        248 total
- age   7:         16 bytes,        264 total
- age  13:         16 bytes,        280 total
: 847K->0K(960K), 0.0013479 secs] 6428K->5652K(10176K), 0.0016985 secs] [Times: user=0.00 sys=0.00, real=0.00 secs] 
2019-01-02T11:12:43.426+0530: 831.329: [GC (Allocation Failure) 2019-01-02T11:12:43.426+0530: 831.329: [DefNew
Desired survivor size 32768 bytes, new threshold 15 (max 15)
- age   1:         40 bytes,         40 total
- age   2:        184 bytes,        224 total
- age   8:         16 bytes,        240 total
- age  14:         16 bytes,        256 total
: 896K->0K(960K), 0.0006066 secs] 6548K->5940K(10176K), 0.0007771 secs] [Times: user=0.00 sys=0.00, real=0.00 secs] 
2019-01-02T11:12:43.428+0530: 831.331: [GC (Allocation Failure) 2019-01-02T11:12:43.429+0530: 831.331: [DefNew
Desired survivor size 32768 bytes, new threshold 15 (max 15)
- age   1:         40 bytes,         40 total
- age   3:        184 bytes,        224 total
- age   9:         16 bytes,        240 total
- age  15:         16 bytes,        256 total
: 896K->0K(960K), 0.0010816 secs] 6836K->6516K(10176K), 0.0013678 secs] [Times: user=0.02 sys=0.00, real=0.00 secs] 
2019-01-02T11:12:43.431+0530: 831.334: [GC (Allocation Failure) 2019-01-02T11:12:43.431+0530: 831.334: [DefNew
Desired survivor size 32768 bytes, new threshold 15 (max 15)
- age   1:         24 bytes,         24 total
- age   4:        184 bytes,        208 total
- age  10:         16 bytes,        224 total
: 445K->0K(960K), 0.0002845 secs] 6962K->6516K(10176K), 0.0003740 secs] [Times: user=0.00 sys=0.00, real=0.00 secs] 
2019-01-02T11:12:43.432+0530: 831.335: [GC (Allocation Failure) 2019-01-02T11:12:43.432+0530: 831.335: [DefNew
Desired survivor size 32768 bytes, new threshold 15 (max 15)
- age   2:         24 bytes,         24 total
- age   5:        184 bytes,        208 total
- age  11:         16 bytes,        224 total
: 491K->0K(960K), 0.0003381 secs] 7008K->7008K(10176K), 0.0004094 secs] [Times: user=0.00 sys=0.00, real=0.00 secs] 
2019-01-02T11:12:43.433+0530: 831.336: [GC (Allocation Failure) 2019-01-02T11:12:43.433+0530: 831.336: [DefNew
Desired survivor size 32768 bytes, new threshold 15 (max 15)
- age   1:         24 bytes,         24 total
- age   6:         72 bytes,         96 total
- age  12:         16 bytes,        112 total
: 509K->0K(960K), 0.0003181 secs] 7518K->7500K(10176K), 0.0003894 secs] [Times: user=0.00 sys=0.00, real=0.00 secs] 
2019-01-02T11:12:43.488+0530: 831.391: [GC (Allocation Failure) 2019-01-02T11:12:43.488+0530: 831.391: [DefNew
Desired survivor size 32768 bytes, new threshold 15 (max 15)
- age   1:        248 bytes,        248 total
- age   7:         16 bytes,        264 total
- age  13:         16 bytes,        280 total
: 847K->0K(960K), 0.0008028 secs] 8347K->7572K(10176K), 0.0013382 secs] [Times: user=0.00 sys=0.00, real=0.00 secs] 
2019-01-02T11:12:43.492+0530: 831.395: [GC (Allocation Failure) 2019-01-02T11:12:43.492+0530: 831.395: [DefNew
Desired survivor size 32768 bytes, new threshold 15 (max 15)
- age   2:        184 bytes,        184 total
- age   8:         16 bytes,        200 total
- age  14:         16 bytes,        216 total
: 896K->0K(960K), 0.0006027 secs] 8468K->7860K(10176K), 0.0007190 secs] [Times: user=0.00 sys=0.00, real=0.00 secs] 
2019-01-02T11:12:43.494+0530: 831.397: [GC (Allocation Failure) 2019-01-02T11:12:43.494+0530: 831.397: [DefNew
Desired survivor size 32768 bytes, new threshold 15 (max 15)
- age   1:         40 bytes,         40 total
- age   3:        184 bytes,        224 total
- age   9:         16 bytes,        240 total
- age  15:         16 bytes,        256 total
: 896K->0K(960K), 0.0009459 secs] 8756K->8436K(10176K), 0.0010428 secs] [Times: user=0.00 sys=0.00, real=0.00 secs] 
2019-01-02T11:12:43.497+0530: 831.399: [GC (Allocation Failure) 2019-01-02T11:12:43.497+0530: 831.399: [DefNew
Desired survivor size 32768 bytes, new threshold 15 (max 15)
- age   1:         24 bytes,         24 total
- age   4:        184 bytes,        208 total
- age  10:         16 bytes,        224 total
: 446K->0K(960K), 0.0003563 secs] 8882K->8436K(10176K), 0.0005035 secs] [Times: user=0.00 sys=0.00, real=0.00 secs] 
2019-01-02T11:12:43.497+0530: 831.400: [GC (Allocation Failure) 2019-01-02T11:12:43.497+0530: 831.400: [DefNew
Desired survivor size 32768 bytes, new threshold 15 (max 15)
- age   2:         24 bytes,         24 total
- age   5:        184 bytes,        208 total
- age  11:         16 bytes,        224 total
: 491K->0K(960K), 0.0003558 secs] 8928K->8928K(10176K), 0.0004282 secs] [Times: user=0.00 sys=0.00, real=0.00 secs] 
2019-01-02T11:12:43.498+0530: 831.401: [GC (Allocation Failure) 2019-01-02T11:12:43.498+0530: 831.401: [DefNew: 509K->509K(960K), 0.0000279 secs]2019-01-02T11:12:43.498+0530: 831.401: [Tenured: 8927K->1250K(9216K), 0.0036427 secs] 9437K->1250K(10176K), [Metaspace: 2520K->2520K(1056768K)], 0.0037933 secs] [Times: user=0.00 sys=0.00, real=0.00 secs] 
2019-01-02T11:12:43.558+0530: 831.460: [GC (Allocation Failure) 2019-01-02T11:12:43.558+0530: 831.460: [DefNew
Desired survivor size 32768 bytes, new threshold 15 (max 15)
- age   1:        248 bytes,        248 total
: 847K->0K(960K), 0.0009442 secs] 2097K->1814K(10176K), 0.0011175 secs] [Times: user=0.00 sys=0.00, real=0.00 secs] 
2019-01-02T11:12:43.560+0530: 831.463: [GC (Allocation Failure) 2019-01-02T11:12:43.560+0530: 831.463: [DefNew
Desired survivor size 32768 bytes, new threshold 15 (max 15)
- age   1:         40 bytes,         40 total
- age   2:        184 bytes,        224 total
: 896K->0K(960K), 0.0009733 secs] 2710K->2102K(10176K), 0.0012042 secs] [Times: user=0.00 sys=0.00, real=0.00 secs] 
2019-01-02T11:12:43.563+0530: 831.466: [GC (Allocation Failure) 2019-01-02T11:12:43.563+0530: 831.466: [DefNew
Desired survivor size 32768 bytes, new threshold 15 (max 15)
- age   1:         40 bytes,         40 total
- age   3:        184 bytes,        224 total
: 896K->0K(960K), 0.0012053 secs] 2998K->2678K(10176K), 0.0014533 secs] [Times: user=0.00 sys=0.00, real=0.00 secs] 
2019-01-02T11:12:43.566+0530: 831.469: [GC (Allocation Failure) 2019-01-02T11:12:43.566+0530: 831.469: [DefNew
Desired survivor size 32768 bytes, new threshold 15 (max 15)
- age   1:         24 bytes,         24 total
- age   4:        184 bytes,        208 total
: 445K->0K(960K), 0.0002566 secs] 3123K->2678K(10176K), 0.0003427 secs] [Times: user=0.00 sys=0.00, real=0.00 secs] 
2019-01-02T11:12:43.567+0530: 831.469: [GC (Allocation Failure) 2019-01-02T11:12:43.567+0530: 831.469: [DefNew
Desired survivor size 32768 bytes, new threshold 15 (max 15)
- age   2:         24 bytes,         24 total
- age   5:        184 bytes,        208 total
: 491K->0K(960K), 0.0003410 secs] 3170K->3170K(10176K), 0.0004185 secs] [Times: user=0.00 sys=0.00, real=0.00 secs] 
2019-01-02T11:12:43.568+0530: 831.470: [GC (Allocation Failure) 2019-01-02T11:12:43.568+0530: 831.470: [DefNew
Desired survivor size 32768 bytes, new threshold 15 (max 15)
- age   1:         24 bytes,         24 total
- age   6:         72 bytes,         96 total
: 509K->0K(960K), 0.0003216 secs] 3679K->3661K(10176K), 0.0003968 secs] [Times: user=0.00 sys=0.00, real=0.00 secs] 
2019-01-02T11:12:43.629+0530: 831.532: [GC (Allocation Failure) 2019-01-02T11:12:43.629+0530: 831.532: [DefNew
Desired survivor size 32768 bytes, new threshold 15 (max 15)
- age   1:        248 bytes,        248 total
- age   7:         16 bytes,        264 total
: 847K->0K(960K), 0.0017259 secs] 4508K->3733K(10176K), 0.0020110 secs] [Times: user=0.00 sys=0.00, real=0.00 secs] 
2019-01-02T11:12:43.633+0530: 831.535: [GC (Allocation Failure) 2019-01-02T11:12:43.633+0530: 831.535: [DefNew
Desired survivor size 32768 bytes, new threshold 15 (max 15)
- age   2:        184 bytes,        184 total
- age   8:         16 bytes,        200 total
: 896K->0K(960K), 0.0009716 secs] 4629K->4021K(10176K), 0.0011352 secs] [Times: user=0.00 sys=0.00, real=0.00 secs] 
2019-01-02T11:12:43.636+0530: 831.538: [GC (Allocation Failure) 2019-01-02T11:12:43.636+0530: 831.539: [DefNew
Desired survivor size 32768 bytes, new threshold 15 (max 15)
- age   1:         40 bytes,         40 total
- age   3:        184 bytes,        224 total
- age   9:         16 bytes,        240 total
: 896K->0K(960K), 0.0005696 secs] 4917K->4597K(10176K), 0.0007709 secs] [Times: user=0.00 sys=0.00, real=0.00 secs] 
2019-01-02T11:12:43.638+0530: 831.540: [GC (Allocation Failure) 2019-01-02T11:12:43.638+0530: 831.540: [DefNew
Desired survivor size 32768 bytes, new threshold 15 (max 15)
- age   1:         24 bytes,         24 total
- age   4:        184 bytes,        208 total
- age  10:         16 bytes,        224 total
: 446K->0K(960K), 0.0003626 secs] 5044K->4597K(10176K), 0.0004647 secs] [Times: user=0.00 sys=0.00, real=0.00 secs] 
2019-01-02T11:12:43.639+0530: 831.541: [GC (Allocation Failure) 2019-01-02T11:12:43.639+0530: 831.541: [DefNew
Desired survivor size 32768 bytes, new threshold 15 (max 15)
- age   2:         24 bytes,         24 total
- age   5:        184 bytes,        208 total
- age  11:         16 bytes,        224 total
: 491K->0K(960K), 0.0007492 secs] 5089K->5089K(10176K), 0.0008273 secs] [Times: user=0.00 sys=0.00, real=0.00 secs] 
2019-01-02T11:12:43.640+0530: 831.543: [GC (Allocation Failure) 2019-01-02T11:12:43.640+0530: 831.543: [DefNew
Desired survivor size 32768 bytes, new threshold 15 (max 15)
- age   1:         24 bytes,         24 total
- age   6:         72 bytes,         96 total
- age  12:         16 bytes,        112 total
: 509K->0K(960K), 0.0007509 secs] 5599K->5581K(10176K), 0.0008706 secs] [Times: user=0.00 sys=0.00, real=0.00 secs] 
2019-01-02T11:12:43.712+0530: 831.615: [GC (Allocation Failure) 2019-01-02T11:12:43.712+0530: 831.615: [DefNew
Desired survivor size 32768 bytes, new threshold 15 (max 15)
- age   1:        248 bytes,        248 total
- age   7:         16 bytes,        264 total
- age  13:         16 bytes,        280 total
: 847K->0K(960K), 0.0006158 secs] 6428K->5653K(10176K), 0.0008125 secs] [Times: user=0.00 sys=0.00, real=0.00 secs] 
2019-01-02T11:12:43.714+0530: 831.617: [GC (Allocation Failure) 2019-01-02T11:12:43.714+0530: 831.617: [DefNew
Desired survivor size 32768 bytes, new threshold 15 (max 15)
- age   1:         40 bytes,         40 total
- age   2:        184 bytes,        224 total
- age   8:         16 bytes,        240 total
- age  14:         16 bytes,        256 total
: 896K->0K(960K), 0.0004293 secs] 6549K->5941K(10176K), 0.0005280 secs] [Times: user=0.00 sys=0.00, real=0.00 secs] 
2019-01-02T11:12:43.716+0530: 831.619: [GC (Allocation Failure) 2019-01-02T11:12:43.716+0530: 831.619: [DefNew
Desired survivor size 32768 bytes, new threshold 15 (max 15)
- age   1:         40 bytes,         40 total
- age   3:        184 bytes,        224 total
- age   9:         16 bytes,        240 total
- age  15:         16 bytes,        256 total
: 896K->0K(960K), 0.0004938 secs] 6837K->6517K(10176K), 0.0005844 secs] [Times: user=0.00 sys=0.00, real=0.00 secs] 
2019-01-02T11:12:43.719+0530: 831.621: [GC (Allocation Failure) 2019-01-02T11:12:43.719+0530: 831.621: [DefNew
Desired survivor size 32768 bytes, new threshold 15 (max 15)
- age   1:         24 bytes,         24 total
- age   4:        184 bytes,        208 total
- age  10:         16 bytes,        224 total
: 445K->0K(960K), 0.0003307 secs] 6962K->6517K(10176K), 0.0004179 secs] [Times: user=0.00 sys=0.00, real=0.00 secs] 
2019-01-02T11:12:43.719+0530: 831.622: [GC (Allocation Failure) 2019-01-02T11:12:43.719+0530: 831.622: [DefNew
Desired survivor size 32768 bytes, new threshold 15 (max 15)
- age   2:         24 bytes,         24 total
- age   5:        184 bytes,        208 total
- age  11:         16 bytes,        224 total
: 491K->0K(960K), 0.0004960 secs] 7009K->7009K(10176K), 0.0005810 secs] [Times: user=0.00 sys=0.00, real=0.00 secs] 
2019-01-02T11:12:43.720+0530: 831.623: [GC (Allocation Failure) 2019-01-02T11:12:43.720+0530: 831.623: [DefNew
Desired survivor size 32768 bytes, new threshold 15 (max 15)
- age   1:         24 bytes,         24 total
- age   6:         72 bytes,         96 total
- age  12:         16 bytes,        112 total
: 509K->0K(960K), 0.0004345 secs] 7518K->7500K(10176K), 0.0005228 secs] [Times: user=0.00 sys=0.00, real=0.00 secs] 
2019-01-02T11:12:43.788+0530: 831.690: [GC (Allocation Failure) 2019-01-02T11:12:43.788+0530: 831.691: [DefNew
Desired survivor size 32768 bytes, new threshold 15 (max 15)
- age   1:        248 bytes,        248 total
- age   7:         16 bytes,        264 total
- age  13:         16 bytes,        280 total
: 847K->0K(960K), 0.0014562 secs] 8348K->7573K(10176K), 0.0020355 secs] [Times: user=0.00 sys=0.00, real=0.00 secs] 
2019-01-02T11:12:43.793+0530: 831.695: [GC (Allocation Failure) 2019-01-02T11:12:43.793+0530: 831.695: [DefNew
Desired survivor size 32768 bytes, new threshold 15 (max 15)
- age   2:        184 bytes,        184 total
- age   8:         16 bytes,        200 total
- age  14:         16 bytes,        216 total
: 896K->0K(960K), 0.0008056 secs] 8469K->7861K(10176K), 0.0009926 secs] [Times: user=0.00 sys=0.00, real=0.00 secs] 
2019-01-02T11:12:43.795+0530: 831.698: [GC (Allocation Failure) 2019-01-02T11:12:43.795+0530: 831.698: [DefNew
Desired survivor size 32768 bytes, new threshold 15 (max 15)
- age   1:         40 bytes,         40 total
- age   3:        184 bytes,        224 total
- age   9:         16 bytes,        240 total
- age  15:         16 bytes,        256 total
: 896K->0K(960K), 0.0004299 secs] 8757K->8437K(10176K), 0.0005097 secs] [Times: user=0.00 sys=0.00, real=0.00 secs] 
2019-01-02T11:12:43.797+0530: 831.700: [GC (Allocation Failure) 2019-01-02T11:12:43.797+0530: 831.700: [DefNew
Desired survivor size 32768 bytes, new threshold 15 (max 15)
- age   1:         24 bytes,         24 total
- age   4:        184 bytes,        208 total
- age  10:         16 bytes,        224 total
: 446K->0K(960K), 0.0002714 secs] 8883K->8437K(10176K), 0.0003444 secs] [Times: user=0.00 sys=0.00, real=0.00 secs] 
2019-01-02T11:12:43.798+0530: 831.701: [GC (Allocation Failure) 2019-01-02T11:12:43.798+0530: 831.701: [DefNew
Desired survivor size 32768 bytes, new threshold 15 (max 15)
- age   2:         24 bytes,         24 total
- age   5:        184 bytes,        208 total
- age  11:         16 bytes,        224 total
: 491K->0K(960K), 0.0003187 secs] 8928K->8928K(10176K), 0.0003706 secs] [Times: user=0.00 sys=0.00, real=0.00 secs] 
2019-01-02T11:12:43.799+0530: 831.701: [GC (Allocation Failure) 2019-01-02T11:12:43.799+0530: 831.701: [DefNew: 509K->509K(960K), 0.0000268 secs]2019-01-02T11:12:43.799+0530: 831.701: [Tenured: 8928K->1250K(9216K), 0.0036849 secs] 9438K->1250K(10176K), [Metaspace: 2520K->2520K(1056768K)], 0.0038286 secs] [Times: user=0.00 sys=0.00, real=0.00 secs] 
2019-01-02T11:12:43.854+0530: 831.756: [GC (Allocation Failure) 2019-01-02T11:12:43.854+0530: 831.756: [DefNew
Desired survivor size 32768 bytes, new threshold 15 (max 15)
- age   1:        248 bytes,        248 total
: 847K->0K(960K), 0.0012395 secs] 2098K->1814K(10176K), 0.0015360 secs] [Times: user=0.00 sys=0.00, real=0.00 secs] 
2019-01-02T11:12:43.857+0530: 831.759: [GC (Allocation Failure) 2019-01-02T11:12:43.857+0530: 831.760: [DefNew
Desired survivor size 32768 bytes, new threshold 15 (max 15)
- age   1:         40 bytes,         40 total
- age   2:        184 bytes,        224 total
: 896K->0K(960K), 0.0014516 secs] 2710K->2102K(10176K), 0.0016540 secs] [Times: user=0.00 sys=0.00, real=0.00 secs] 
2019-01-02T11:12:43.860+0530: 831.763: [GC (Allocation Failure) 2019-01-02T11:12:43.860+0530: 831.763: [DefNew
Desired survivor size 32768 bytes, new threshold 15 (max 15)
- age   1:         40 bytes,         40 total
- age   3:        184 bytes,        224 total
: 896K->0K(960K), 0.0007309 secs] 2998K->2678K(10176K), 0.0008438 secs] [Times: user=0.00 sys=0.00, real=0.00 secs] 
2019-01-02T11:12:43.862+0530: 831.765: [GC (Allocation Failure) 2019-01-02T11:12:43.862+0530: 831.765: [DefNew
Desired survivor size 32768 bytes, new threshold 15 (max 15)
- age   1:         24 bytes,         24 total
- age   4:        184 bytes,        208 total
: 445K->0K(960K), 0.0004236 secs] 3124K->2678K(10176K), 0.0004995 secs] [Times: user=0.00 sys=0.00, real=0.00 secs] 
2019-01-02T11:12:43.864+0530: 831.766: [GC (Allocation Failure) 2019-01-02T11:12:43.864+0530: 831.766: [DefNew
Desired survivor size 32768 bytes, new threshold 15 (max 15)
- age   2:         24 bytes,         24 total
- age   5:        184 bytes,        208 total
: 491K->0K(960K), 0.0009875 secs] 3170K->3170K(10176K), 0.0011221 secs] [Times: user=0.00 sys=0.00, real=0.00 secs] 
2019-01-02T11:12:43.865+0530: 831.768: [GC (Allocation Failure) 2019-01-02T11:12:43.865+0530: 831.768: [DefNew
Desired survivor size 32768 bytes, new threshold 15 (max 15)
- age   1:         24 bytes,         24 total
- age   6:         72 bytes,         96 total
: 509K->0K(960K), 0.0003124 secs] 3680K->3662K(10176K), 0.0003695 secs] [Times: user=0.02 sys=0.00, real=0.00 secs] 
2019-01-02T11:12:43.918+0530: 831.821: [GC (Allocation Failure) 2019-01-02T11:12:43.918+0530: 831.821: [DefNew
Desired survivor size 32768 bytes, new threshold 15 (max 15)
- age   1:        248 bytes,        248 total
- age   7:         16 bytes,        264 total
: 847K->0K(960K), 0.0008798 secs] 4509K->3734K(10176K), 0.0011346 secs] [Times: user=0.00 sys=0.00, real=0.00 secs] 
2019-01-02T11:12:43.921+0530: 831.824: [GC (Allocation Failure) 2019-01-02T11:12:43.921+0530: 831.824: [DefNew
Desired survivor size 32768 bytes, new threshold 15 (max 15)
- age   2:        184 bytes,        184 total
- age   8:         16 bytes,        200 total
: 896K->0K(960K), 0.0005947 secs] 4630K->4022K(10176K), 0.0008963 secs] [Times: user=0.00 sys=0.00, real=0.00 secs] 
2019-01-02T11:12:43.924+0530: 831.826: [GC (Allocation Failure) 2019-01-02T11:12:43.924+0530: 831.827: [DefNew
Desired survivor size 32768 bytes, new threshold 15 (max 15)
- age   1:         40 bytes,         40 total
- age   3:        184 bytes,        224 total
- age   9:         16 bytes,        240 total
: 896K->0K(960K), 0.0013382 secs] 4918K->4598K(10176K), 0.0015497 secs] [Times: user=0.00 sys=0.00, real=0.00 secs] 
2019-01-02T11:12:43.927+0530: 831.829: [GC (Allocation Failure) 2019-01-02T11:12:43.927+0530: 831.829: [DefNew
Desired survivor size 32768 bytes, new threshold 15 (max 15)
- age   1:         24 bytes,         24 total
- age   4:        184 bytes,        208 total
- age  10:         16 bytes,        224 total
: 446K->0K(960K), 0.0005263 secs] 5044K->4598K(10176K), 0.0006437 secs] [Times: user=0.00 sys=0.00, real=0.00 secs] 
2019-01-02T11:12:43.928+0530: 831.831: [GC (Allocation Failure) 2019-01-02T11:12:43.928+0530: 831.831: [DefNew
Desired survivor size 32768 bytes, new threshold 15 (max 15)
- age   2:         24 bytes,         24 total
- age   5:        184 bytes,        208 total
- age  11:         16 bytes,        224 total
: 492K->0K(960K), 0.0008450 secs] 5090K->5090K(10176K), 0.0009448 secs] [Times: user=0.02 sys=0.00, real=0.00 secs] 
2019-01-02T11:12:43.929+0530: 831.832: [GC (Allocation Failure) 2019-01-02T11:12:43.929+0530: 831.832: [DefNew
Desired survivor size 32768 bytes, new threshold 15 (max 15)
- age   1:         24 bytes,         24 total
- age   6:         72 bytes,         96 total
- age  12:         16 bytes,        112 total
: 509K->0K(960K), 0.0003421 secs] 5599K->5581K(10176K), 0.0004145 secs] [Times: user=0.00 sys=0.00, real=0.00 secs] 
2019-01-02T11:12:43.982+0530: 831.885: [GC (Allocation Failure) 2019-01-02T11:12:43.982+0530: 831.885: [DefNew
Desired survivor size 32768 bytes, new threshold 15 (max 15)
- age   1:        248 bytes,        248 total
- age   7:         16 bytes,        264 total
- age  13:         16 bytes,        280 total
: 847K->0K(960K), 0.0009573 secs] 6429K->5654K(10176K), 0.0013387 secs] [Times: user=0.00 sys=0.00, real=0.00 secs] 
2019-01-02T11:12:43.986+0530: 831.888: [GC (Allocation Failure) 2019-01-02T11:12:43.986+0530: 831.888: [DefNew
Desired survivor size 32768 bytes, new threshold 15 (max 15)
- age   1:         40 bytes,         40 total
- age   2:        184 bytes,        224 total
- age   8:         16 bytes,        240 total
- age  14:         16 bytes,        256 total
: 896K->0K(960K), 0.0006112 secs] 6550K->5942K(10176K), 0.0008917 secs] [Times: user=0.00 sys=0.00, real=0.00 secs] 
2019-01-02T11:12:43.988+0530: 831.891: [GC (Allocation Failure) 2019-01-02T11:12:43.988+0530: 831.891: [DefNew
Desired survivor size 32768 bytes, new threshold 15 (max 15)
- age   1:         40 bytes,         40 total
- age   3:        184 bytes,        224 total
- age   9:         16 bytes,        240 total
- age  15:         16 bytes,        256 total
: 896K->0K(960K), 0.0012544 secs] 6838K->6518K(10176K), 0.0014214 secs] [Times: user=0.00 sys=0.00, real=0.00 secs] 
2019-01-02T11:12:43.991+0530: 831.894: [GC (Allocation Failure) 2019-01-02T11:12:43.991+0530: 831.894: [DefNew
Desired survivor size 32768 bytes, new threshold 15 (max 15)
- age   1:         24 bytes,         24 total
- age   4:        184 bytes,        208 total
- age  10:         16 bytes,        224 total
: 445K->0K(960K), 0.0003774 secs] 6963K->6518K(10176K), 0.0004875 secs] [Times: user=0.00 sys=0.00, real=0.00 secs] 
2019-01-02T11:12:43.992+0530: 831.895: [GC (Allocation Failure) 2019-01-02T11:12:43.992+0530: 831.895: [DefNew
Desired survivor size 32768 bytes, new threshold 15 (max 15)
- age   2:         24 bytes,         24 total
- age   5:        184 bytes,        208 total
- age  11:         16 bytes,        224 total
: 492K->0K(960K), 0.0004601 secs] 7009K->7009K(10176K), 0.0005479 secs] [Times: user=0.00 sys=0.00, real=0.00 secs] 
2019-01-02T11:12:43.993+0530: 831.896: [GC (Allocation Failure) 2019-01-02T11:12:43.993+0530: 831.896: [DefNew
Desired survivor size 32768 bytes, new threshold 15 (max 15)
- age   1:         24 bytes,         24 total
- age   6:         72 bytes,         96 total
- age  12:         16 bytes,        112 total
: 509K->0K(960K), 0.0007332 secs] 7519K->7501K(10176K), 0.0008148 secs] [Times: user=0.00 sys=0.00, real=0.00 secs] 
2019-01-02T11:12:44.048+0530: 831.951: [GC (Allocation Failure) 2019-01-02T11:12:44.048+0530: 831.951: [DefNew
Desired survivor size 32768 bytes, new threshold 15 (max 15)
- age   1:        248 bytes,        248 total
- age   7:         16 bytes,        264 total
- age  13:         16 bytes,        280 total
: 847K->0K(960K), 0.0009043 secs] 8349K->7573K(10176K), 0.0013593 secs] [Times: user=0.00 sys=0.00, real=0.00 secs] 
2019-01-02T11:12:44.051+0530: 831.954: [GC (Allocation Failure) 2019-01-02T11:12:44.051+0530: 831.954: [DefNew
Desired survivor size 32768 bytes, new threshold 15 (max 15)
- age   2:        184 bytes,        184 total
- age   8:         16 bytes,        200 total
- age  14:         16 bytes,        216 total
: 896K->0K(960K), 0.0007292 secs] 8469K->7861K(10176K), 0.0009847 secs] [Times: user=0.00 sys=0.00, real=0.00 secs] 
2019-01-02T11:12:44.054+0530: 831.957: [GC (Allocation Failure) 2019-01-02T11:12:44.054+0530: 831.957: [DefNew
Desired survivor size 32768 bytes, new threshold 15 (max 15)
- age   1:         40 bytes,         40 total
- age   3:        184 bytes,        224 total
- age   9:         16 bytes,        240 total
- age  15:         16 bytes,        256 total
: 896K->0K(960K), 0.0012429 secs] 8757K->8437K(10176K), 0.0013878 secs] [Times: user=0.00 sys=0.00, real=0.00 secs] 
2019-01-02T11:12:44.056+0530: 831.959: [GC (Allocation Failure) 2019-01-02T11:12:44.057+0530: 831.959: [DefNew
Desired survivor size 32768 bytes, new threshold 15 (max 15)
- age   1:         24 bytes,         24 total
- age   4:        184 bytes,        208 total
- age  10:         16 bytes,        224 total
: 446K->0K(960K), 0.0005690 secs] 8884K->8437K(10176K), 0.0006905 secs] [Times: user=0.00 sys=0.00, real=0.00 secs] 
2019-01-02T11:12:44.058+0530: 831.961: [GC (Allocation Failure) 2019-01-02T11:12:44.058+0530: 831.961: [DefNew
Desired survivor size 32768 bytes, new threshold 15 (max 15)
- age   2:         24 bytes,         24 total
- age   5:        184 bytes,        208 total
- age  11:         16 bytes,        224 total
: 492K->0K(960K), 0.0004276 secs] 8929K->8929K(10176K), 0.0005206 secs] [Times: user=0.00 sys=0.00, real=0.00 secs] 
2019-01-02T11:12:44.059+0530: 831.962: [GC (Allocation Failure) 2019-01-02T11:12:44.059+0530: 831.962: [DefNew: 509K->509K(960K), 0.0000262 secs]2019-01-02T11:12:44.059+0530: 831.962: [Tenured: 8929K->1250K(9216K), 0.0050128 secs] 9439K->1250K(10176K), [Metaspace: 2520K->2520K(1056768K)], 0.0051531 secs] [Times: user=0.00 sys=0.00, real=0.00 secs] 
2019-01-02T11:12:44.120+0530: 832.023: [GC (Allocation Failure) 2019-01-02T11:12:44.120+0530: 832.023: [DefNew
Desired survivor size 32768 bytes, new threshold 15 (max 15)
- age   1:        248 bytes,        248 total
: 847K->0K(960K), 0.0010822 secs] 2098K->1814K(10176K), 0.0013729 secs] [Times: user=0.00 sys=0.00, real=0.00 secs] 
2019-01-02T11:12:44.123+0530: 832.026: [GC (Allocation Failure) 2019-01-02T11:12:44.124+0530: 832.026: [DefNew
Desired survivor size 32768 bytes, new threshold 15 (max 15)
- age   1:         40 bytes,         40 total
- age   2:        184 bytes,        224 total
: 896K->0K(960K), 0.0015628 secs] 2710K->2102K(10176K), 0.0018963 secs] [Times: user=0.00 sys=0.00, real=0.00 secs] 
2019-01-02T11:12:44.127+0530: 832.030: [GC (Allocation Failure) 2019-01-02T11:12:44.127+0530: 832.030: [DefNew
Desired survivor size 32768 bytes, new threshold 15 (max 15)
- age   1:         40 bytes,         40 total
- age   3:        184 bytes,        224 total
: 896K->0K(960K), 0.0008609 secs] 2998K->2678K(10176K), 0.0010559 secs] [Times: user=0.00 sys=0.00, real=0.00 secs] 
2019-01-02T11:12:44.129+0530: 832.032: [GC (Allocation Failure) 2019-01-02T11:12:44.130+0530: 832.032: [DefNew
Desired survivor size 32768 bytes, new threshold 15 (max 15)
- age   1:         24 bytes,         24 total
- age   4:        184 bytes,        208 total
: 445K->0K(960K), 0.0006460 secs] 3124K->2678K(10176K), 0.0007469 secs] [Times: user=0.00 sys=0.00, real=0.00 secs] 
2019-01-02T11:12:44.131+0530: 832.033: [GC (Allocation Failure) 2019-01-02T11:12:44.131+0530: 832.033: [DefNew
Desired survivor size 32768 bytes, new threshold 15 (max 15)
- age   2:         24 bytes,         24 total
- age   5:        184 bytes,        208 total
: 492K->0K(960K), 0.0003495 secs] 3170K->3170K(10176K), 0.0004282 secs] [Times: user=0.01 sys=0.00, real=0.00 secs] 
2019-01-02T11:12:44.132+0530: 832.034: [GC (Allocation Failure) 2019-01-02T11:12:44.132+0530: 832.034: [DefNew
Desired survivor size 32768 bytes, new threshold 15 (max 15)
- age   1:         24 bytes,         24 total
- age   6:         72 bytes,         96 total
: 509K->0K(960K), 0.0003273 secs] 3680K->3662K(10176K), 0.0003934 secs] [Times: user=0.00 sys=0.00, real=0.00 secs] 
2019-01-02T11:12:44.189+0530: 832.091: [GC (Allocation Failure) 2019-01-02T11:12:44.189+0530: 832.091: [DefNew
Desired survivor size 32768 bytes, new threshold 15 (max 15)
- age   1:        248 bytes,        248 total
- age   7:         16 bytes,        264 total
: 847K->0K(960K), 0.0009231 secs] 4509K->3734K(10176K), 0.0011169 secs] [Times: user=0.00 sys=0.00, real=0.00 secs] 
2019-01-02T11:12:44.192+0530: 832.095: [GC (Allocation Failure) 2019-01-02T11:12:44.192+0530: 832.095: [DefNew
Desired survivor size 32768 bytes, new threshold 15 (max 15)
- age   2:        184 bytes,        184 total
- age   8:         16 bytes,        200 total
: 896K->0K(960K), 0.0008416 secs] 4630K->4022K(10176K), 0.0011004 secs] [Times: user=0.02 sys=0.00, real=0.00 secs] 
2019-01-02T11:12:44.195+0530: 832.097: [GC (Allocation Failure) 2019-01-02T11:12:44.195+0530: 832.097: [DefNew
Desired survivor size 32768 bytes, new threshold 15 (max 15)
- age   1:         40 bytes,         40 total
- age   3:        184 bytes,        224 total
- age   9:         16 bytes,        240 total
: 896K->0K(960K), 0.0009761 secs] 4918K->4598K(10176K), 0.0011922 secs] [Times: user=0.00 sys=0.00, real=0.00 secs] 
2019-01-02T11:12:44.197+0530: 832.100: [GC (Allocation Failure) 2019-01-02T11:12:44.197+0530: 832.100: [DefNew
Desired survivor size 32768 bytes, new threshold 15 (max 15)
- age   1:         24 bytes,         24 total
- age   4:        184 bytes,        208 total
- age  10:         16 bytes,        224 total
: 446K->0K(960K), 0.0002589 secs] 5045K->4598K(10176K), 0.0003307 secs] [Times: user=0.00 sys=0.00, real=0.00 secs] 
2019-01-02T11:12:44.198+0530: 832.101: [GC (Allocation Failure) 2019-01-02T11:12:44.198+0530: 832.101: [DefNew
Desired survivor size 32768 bytes, new threshold 15 (max 15)
- age   2:         24 bytes,         24 total
- age   5:        184 bytes,        208 total
- age  11:         16 bytes,        224 total
: 492K->0K(960K), 0.0003090 secs] 5090K->5090K(10176K), 0.0003792 secs] [Times: user=0.00 sys=0.00, real=0.00 secs] 
2019-01-02T11:12:44.199+0530: 832.101: [GC (Allocation Failure) 2019-01-02T11:12:44.199+0530: 832.101: [DefNew
Desired survivor size 32768 bytes, new threshold 15 (max 15)
- age   1:         24 bytes,         24 total
- age   6:         72 bytes,         96 total
- age  12:         16 bytes,        112 total
: 510K->0K(960K), 0.0003107 secs] 5600K->5582K(10176K), 0.0003809 secs] [Times: user=0.00 sys=0.00, real=0.00 secs] 
2019-01-02T11:12:44.253+0530: 832.156: [GC (Allocation Failure) 2019-01-02T11:12:44.253+0530: 832.156: [DefNew
Desired survivor size 32768 bytes, new threshold 15 (max 15)
- age   1:        248 bytes,        248 total
- age   7:         16 bytes,        264 total
- age  13:         16 bytes,        280 total
: 847K->0K(960K), 0.0011130 secs] 6430K->5654K(10176K), 0.0013598 secs] [Times: user=0.00 sys=0.00, real=0.00 secs] 
2019-01-02T11:12:44.256+0530: 832.159: [GC (Allocation Failure) 2019-01-02T11:12:44.257+0530: 832.159: [DefNew
Desired survivor size 32768 bytes, new threshold 15 (max 15)
- age   1:         40 bytes,         40 total
- age   2:        184 bytes,        224 total
- age   8:         16 bytes,        240 total
- age  14:         16 bytes,        256 total
: 896K->0K(960K), 0.0006773 secs] 6550K->5942K(10176K), 0.0008490 secs] [Times: user=0.00 sys=0.00, real=0.00 secs] 
2019-01-02T11:12:44.259+0530: 832.162: [GC (Allocation Failure) 2019-01-02T11:12:44.259+0530: 832.162: [DefNew
Desired survivor size 32768 bytes, new threshold 15 (max 15)
- age   1:         40 bytes,         40 total
- age   3:        184 bytes,        224 total
- age   9:         16 bytes,        240 total
- age  15:         16 bytes,        256 total
: 896K->0K(960K), 0.0013581 secs] 6838K->6518K(10176K), 0.0015674 secs] [Times: user=0.00 sys=0.00, real=0.00 secs] 
2019-01-02T11:12:44.262+0530: 832.165: [GC (Allocation Failure) 2019-01-02T11:12:44.263+0530: 832.165: [DefNew
Desired survivor size 32768 bytes, new threshold 15 (max 15)
- age   1:         24 bytes,         24 total
- age   4:        184 bytes,        208 total
- age  10:         16 bytes,        224 total
: 445K->0K(960K), 0.0008695 secs] 6964K->6518K(10176K), 0.0011033 secs] [Times: user=0.00 sys=0.00, real=0.00 secs] 
2019-01-02T11:12:44.264+0530: 832.167: [GC (Allocation Failure) 2019-01-02T11:12:44.264+0530: 832.167: [DefNew
Desired survivor size 32768 bytes, new threshold 15 (max 15)
- age   2:         24 bytes,         24 total
- age   5:        184 bytes,        208 total
- age  11:         16 bytes,        224 total
: 492K->0K(960K), 0.0004898 secs] 7010K->7010K(10176K), 0.0005793 secs] [Times: user=0.00 sys=0.00, real=0.00 secs] 
2019-01-02T11:12:44.265+0530: 832.168: [GC (Allocation Failure) 2019-01-02T11:12:44.265+0530: 832.168: [DefNew
Desired survivor size 32768 bytes, new threshold 15 (max 15)
- age   1:         24 bytes,         24 total
- age   6:         72 bytes,         96 total
- age  12:         16 bytes,        112 total
: 510K->0K(960K), 0.0004470 secs] 7520K->7502K(10176K), 0.0005394 secs] [Times: user=0.00 sys=0.00, real=0.00 secs] 
2019-01-02T11:12:44.329+0530: 832.232: [GC (Allocation Failure) 2019-01-02T11:12:44.329+0530: 832.232: [DefNew
Desired survivor size 32768 bytes, new threshold 15 (max 15)
- age   1:        248 bytes,        248 total
- age   7:         16 bytes,        264 total
- age  13:         16 bytes,        280 total
: 847K->0K(960K), 0.0008467 secs] 8349K->7574K(10176K), 0.0010565 secs] [Times: user=0.00 sys=0.00, real=0.00 secs] 
2019-01-02T11:12:44.332+0530: 832.235: [GC (Allocation Failure) 2019-01-02T11:12:44.332+0530: 832.235: [DefNew
Desired survivor size 32768 bytes, new threshold 15 (max 15)
- age   2:        184 bytes,        184 total
- age   8:         16 bytes,        200 total
- age  14:         16 bytes,        216 total
: 896K->0K(960K), 0.0011819 secs] 8470K->7862K(10176K), 0.0014682 secs] [Times: user=0.00 sys=0.00, real=0.00 secs] 
2019-01-02T11:12:44.335+0530: 832.238: [GC (Allocation Failure) 2019-01-02T11:12:44.335+0530: 832.238: [DefNew
Desired survivor size 32768 bytes, new threshold 15 (max 15)
- age   1:         40 bytes,         40 total
- age   3:        184 bytes,        224 total
- age   9:         16 bytes,        240 total
- age  15:         16 bytes,        256 total
: 896K->0K(960K), 0.0004470 secs] 8758K->8438K(10176K), 0.0005736 secs] [Times: user=0.00 sys=0.00, real=0.00 secs] 
2019-01-02T11:12:44.336+0530: 832.239: [GC (Allocation Failure) 2019-01-02T11:12:44.336+0530: 832.239: [DefNew
Desired survivor size 32768 bytes, new threshold 15 (max 15)
- age   1:         24 bytes,         24 total
- age   4:        184 bytes,        208 total
- age  10:         16 bytes,        224 total
: 446K->0K(960K), 0.0002281 secs] 8884K->8438K(10176K), 0.0002805 secs] [Times: user=0.00 sys=0.00, real=0.00 secs] 
2019-01-02T11:12:44.337+0530: 832.240: [GC (Allocation Failure) 2019-01-02T11:12:44.337+0530: 832.240: [DefNew
Desired survivor size 32768 bytes, new threshold 15 (max 15)
- age   2:         24 bytes,         24 total
- age   5:        184 bytes,        208 total
- age  11:         16 bytes,        224 total
: 492K->0K(960K), 0.0002919 secs] 8930K->8930K(10176K), 0.0003415 secs] [Times: user=0.00 sys=0.00, real=0.00 secs] 
2019-01-02T11:12:44.338+0530: 832.240: [GC (Allocation Failure) 2019-01-02T11:12:44.338+0530: 832.240: [DefNew: 510K->510K(960K), 0.0000228 secs]2019-01-02T11:12:44.338+0530: 832.240: [Tenured: 8930K->1250K(9216K), 0.0036599 secs] 9440K->1250K(10176K), [Metaspace: 2520K->2520K(1056768K)], 0.0037984 secs] [Times: user=0.00 sys=0.00, real=0.00 secs] 
2019-01-02T11:12:44.394+0530: 832.297: [GC (Allocation Failure) 2019-01-02T11:12:44.394+0530: 832.297: [DefNew
Desired survivor size 32768 bytes, new threshold 15 (max 15)
- age   1:        248 bytes,        248 total
: 847K->0K(960K), 0.0012686 secs] 2098K->1815K(10176K), 0.0017099 secs] [Times: user=0.00 sys=0.00, real=0.00 secs] 
2019-01-02T11:12:44.398+0530: 832.300: [GC (Allocation Failure) 2019-01-02T11:12:44.398+0530: 832.301: [DefNew
Desired survivor size 32768 bytes, new threshold 15 (max 15)
- age   1:         40 bytes,         40 total
- age   2:        184 bytes,        224 total
: 896K->0K(960K), 0.0007384 secs] 2711K->2103K(10176K), 0.0008621 secs] [Times: user=0.00 sys=0.00, real=0.00 secs] 
2019-01-02T11:12:44.400+0530: 832.303: [GC (Allocation Failure) 2019-01-02T11:12:44.400+0530: 832.303: [DefNew
Desired survivor size 32768 bytes, new threshold 15 (max 15)
- age   1:         40 bytes,         40 total
- age   3:        184 bytes,        224 total
: 896K->0K(960K), 0.0011802 secs] 2999K->2679K(10176K), 0.0013330 secs] [Times: user=0.00 sys=0.00, real=0.00 secs] 
2019-01-02T11:12:44.403+0530: 832.305: [GC (Allocation Failure) 2019-01-02T11:12:44.403+0530: 832.305: [DefNew
Desired survivor size 32768 bytes, new threshold 15 (max 15)
- age   1:         24 bytes,         24 total
- age   4:        184 bytes,        208 total
: 445K->0K(960K), 0.0004168 secs] 3124K->2679K(10176K), 0.0005126 secs] [Times: user=0.00 sys=0.00, real=0.00 secs] 
2019-01-02T11:12:44.404+0530: 832.306: [GC (Allocation Failure) 2019-01-02T11:12:44.404+0530: 832.306: [DefNew
Desired survivor size 32768 bytes, new threshold 15 (max 15)
- age   2:         24 bytes,         24 total
- age   5:        184 bytes,        208 total
: 492K->0K(960K), 0.0003016 secs] 3171K->3171K(10176K), 0.0003535 secs] [Times: user=0.00 sys=0.00, real=0.00 secs] 
2019-01-02T11:12:44.404+0530: 832.307: [GC (Allocation Failure) 2019-01-02T11:12:44.404+0530: 832.307: [DefNew
Desired survivor size 32768 bytes, new threshold 15 (max 15)
- age   1:         24 bytes,         24 total
- age   6:         72 bytes,         96 total
: 510K->0K(960K), 0.0002936 secs] 3680K->3662K(10176K), 0.0003438 secs] [Times: user=0.00 sys=0.00, real=0.00 secs] 
2019-01-02T11:12:44.459+0530: 832.362: [GC (Allocation Failure) 2019-01-02T11:12:44.459+0530: 832.362: [DefNew
Desired survivor size 32768 bytes, new threshold 15 (max 15)
- age   1:        248 bytes,        248 total
- age   7:         16 bytes,        264 total
: 847K->0K(960K), 0.0010884 secs] 4510K->3735K(10176K), 0.0014180 secs] [Times: user=0.00 sys=0.00, real=0.00 secs] 
2019-01-02T11:12:44.463+0530: 832.366: [GC (Allocation Failure) 2019-01-02T11:12:44.463+0530: 832.366: [DefNew
Desired survivor size 32768 bytes, new threshold 15 (max 15)
- age   2:        184 bytes,        184 total
- age   8:         16 bytes,        200 total
: 896K->0K(960K), 0.0005724 secs] 4631K->4023K(10176K), 0.0008125 secs] [Times: user=0.00 sys=0.00, real=0.00 secs] 
2019-01-02T11:12:44.465+0530: 832.368: [GC (Allocation Failure) 2019-01-02T11:12:44.465+0530: 832.368: [DefNew
Desired survivor size 32768 bytes, new threshold 15 (max 15)
- age   1:         40 bytes,         40 total
- age   3:        184 bytes,        224 total
- age   9:         16 bytes,        240 total
: 896K->0K(960K), 0.0010782 secs] 4919K->4599K(10176K), 0.0012549 secs] [Times: user=0.00 sys=0.00, real=0.00 secs] 
2019-01-02T11:12:44.468+0530: 832.370: [GC (Allocation Failure) 2019-01-02T11:12:44.468+0530: 832.370: [DefNew
Desired survivor size 32768 bytes, new threshold 15 (max 15)
- age   1:         24 bytes,         24 total
- age   4:        184 bytes,        208 total
- age  10:         16 bytes,        224 total
: 446K->0K(960K), 0.0002520 secs] 5045K->4599K(10176K), 0.0003347 secs] [Times: user=0.00 sys=0.00, real=0.00 secs] 
2019-01-02T11:12:44.468+0530: 832.371: [GC (Allocation Failure) 2019-01-02T11:12:44.468+0530: 832.371: [DefNew
Desired survivor size 32768 bytes, new threshold 15 (max 15)
- age   2:         24 bytes,         24 total
- age   5:        184 bytes,        208 total
- age  11:         16 bytes,        224 total
: 492K->0K(960K), 0.0003187 secs] 5091K->5091K(10176K), 0.0003974 secs] [Times: user=0.00 sys=0.00, real=0.00 secs] 
2019-01-02T11:12:44.469+0530: 832.372: [GC (Allocation Failure) 2019-01-02T11:12:44.469+0530: 832.372: [DefNew
Desired survivor size 32768 bytes, new threshold 15 (max 15)
- age   1:         24 bytes,         24 total
- age   6:         72 bytes,         96 total
- age  12:         16 bytes,        112 total
: 510K->0K(960K), 0.0003056 secs] 5601K->5583K(10176K), 0.0003797 secs] [Times: user=0.00 sys=0.00, real=0.00 secs] 
2019-01-02T11:12:44.522+0530: 832.425: [GC (Allocation Failure) 2019-01-02T11:12:44.522+0530: 832.425: [DefNew
Desired survivor size 32768 bytes, new threshold 15 (max 15)
- age   1:        248 bytes,        248 total
- age   7:         16 bytes,        264 total
- age  13:         16 bytes,        280 total
: 847K->0K(960K), 0.0007007 secs] 6430K->5655K(10176K), 0.0009544 secs] [Times: user=0.00 sys=0.00, real=0.00 secs] 
2019-01-02T11:12:44.525+0530: 832.428: [GC (Allocation Failure) 2019-01-02T11:12:44.525+0530: 832.428: [DefNew
Desired survivor size 32768 bytes, new threshold 15 (max 15)
- age   1:         40 bytes,         40 total
- age   2:        184 bytes,        224 total
- age   8:         16 bytes,        240 total
- age  14:         16 bytes,        256 total
: 896K->0K(960K), 0.0007070 secs] 6551K->5943K(10176K), 0.0010411 secs] [Times: user=0.00 sys=0.00, real=0.00 secs] 
2019-01-02T11:12:44.528+0530: 832.431: [GC (Allocation Failure) 2019-01-02T11:12:44.528+0530: 832.431: [DefNew
Desired survivor size 32768 bytes, new threshold 15 (max 15)
- age   1:         40 bytes,         40 total
- age   3:        184 bytes,        224 total
- age   9:         16 bytes,        240 total
- age  15:         16 bytes,        256 total
: 896K->0K(960K), 0.0011358 secs] 6839K->6519K(10176K), 0.0013102 secs] [Times: user=0.00 sys=0.00, real=0.00 secs] 
2019-01-02T11:12:44.531+0530: 832.433: [GC (Allocation Failure) 2019-01-02T11:12:44.531+0530: 832.433: [DefNew
Desired survivor size 32768 bytes, new threshold 15 (max 15)
- age   1:         24 bytes,         24 total
- age   4:        184 bytes,        208 total
- age  10:         16 bytes,        224 total
: 445K->0K(960K), 0.0004704 secs] 6964K->6519K(10176K), 0.0006021 secs] [Times: user=0.00 sys=0.00, real=0.00 secs] 
2019-01-02T11:12:44.532+0530: 832.435: [GC (Allocation Failure) 2019-01-02T11:12:44.532+0530: 832.435: [DefNew
Desired survivor size 32768 bytes, new threshold 15 (max 15)
- age   2:         24 bytes,         24 total
- age   5:        184 bytes,        208 total
- age  11:         16 bytes,        224 total
: 492K->0K(960K), 0.0005057 secs] 7011K->7011K(10176K), 0.0005964 secs] [Times: user=0.00 sys=0.00, real=0.00 secs] 
2019-01-02T11:12:44.533+0530: 832.436: [GC (Allocation Failure) 2019-01-02T11:12:44.533+0530: 832.436: [DefNew
Desired survivor size 32768 bytes, new threshold 15 (max 15)
- age   1:         24 bytes,         24 total
- age   6:         72 bytes,         96 total
- age  12:         16 bytes,        112 total
: 510K->0K(960K), 0.0003239 secs] 7521K->7503K(10176K), 0.0003968 secs] [Times: user=0.00 sys=0.00, real=0.00 secs] 
2019-01-02T11:12:44.592+0530: 832.495: [GC (Allocation Failure) 2019-01-02T11:12:44.592+0530: 832.495: [DefNew
Desired survivor size 32768 bytes, new threshold 15 (max 15)
- age   1:        248 bytes,        248 total
- age   7:         16 bytes,        264 total
- age  13:         16 bytes,        280 total
: 847K->0K(960K), 0.0007458 secs] 8350K->7575K(10176K), 0.0010320 secs] [Times: user=0.00 sys=0.00, real=0.00 secs] 
2019-01-02T11:12:44.596+0530: 832.498: [GC (Allocation Failure) 2019-01-02T11:12:44.596+0530: 832.499: [DefNew
Desired survivor size 32768 bytes, new threshold 15 (max 15)
- age   2:        184 bytes,        184 total
- age   8:         16 bytes,        200 total
- age  14:         16 bytes,        216 total
: 896K->0K(960K), 0.0012333 secs] 8471K->7863K(10176K), 0.0014402 secs] [Times: user=0.00 sys=0.00, real=0.00 secs] 
2019-01-02T11:12:44.599+0530: 832.502: [GC (Allocation Failure) 2019-01-02T11:12:44.599+0530: 832.502: [DefNew
Desired survivor size 32768 bytes, new threshold 15 (max 15)
- age   1:         40 bytes,         40 total
- age   3:        184 bytes,        224 total
- age   9:         16 bytes,        240 total
- age  15:         16 bytes,        256 total
: 896K->0K(960K), 0.0009858 secs] 8759K->8439K(10176K), 0.0011654 secs] [Times: user=0.00 sys=0.00, real=0.00 secs] 
2019-01-02T11:12:44.601+0530: 832.504: [GC (Allocation Failure) 2019-01-02T11:12:44.602+0530: 832.504: [DefNew
Desired survivor size 32768 bytes, new threshold 15 (max 15)
- age   1:         24 bytes,         24 total
- age   4:        184 bytes,        208 total
- age  10:         16 bytes,        224 total
: 446K->0K(960K), 0.0008142 secs] 8885K->8439K(10176K), 0.0009562 secs] [Times: user=0.00 sys=0.00, real=0.00 secs] 
2019-01-02T11:12:44.603+0530: 832.506: [GC (Allocation Failure) 2019-01-02T11:12:44.603+0530: 832.506: [DefNew
Desired survivor size 32768 bytes, new threshold 15 (max 15)
- age   2:         24 bytes,         24 total
- age   5:        184 bytes,        208 total
- age  11:         16 bytes,        224 total
: 492K->0K(960K), 0.0003529 secs] 8931K->8931K(10176K), 0.0004288 secs] [Times: user=0.00 sys=0.00, real=0.00 secs] 
2019-01-02T11:12:44.604+0530: 832.506: [GC (Allocation Failure) 2019-01-02T11:12:44.604+0530: 832.506: [DefNew: 510K->510K(960K), 0.0000279 secs]2019-01-02T11:12:44.604+0530: 832.506: [Tenured: 8931K->1250K(9216K), 0.0036097 secs] 9441K->1250K(10176K), [Metaspace: 2520K->2520K(1056768K)], 0.0037591 secs] [Times: user=0.00 sys=0.00, real=0.00 secs] 
2019-01-02T11:12:44.665+0530: 832.568: [GC (Allocation Failure) 2019-01-02T11:12:44.665+0530: 832.568: [DefNew
Desired survivor size 32768 bytes, new threshold 15 (max 15)
- age   1:        248 bytes,        248 total
: 847K->0K(960K), 0.0012384 secs] 2098K->1815K(10176K), 0.0014317 secs] [Times: user=0.00 sys=0.00, real=0.00 secs] 
2019-01-02T11:12:44.668+0530: 832.571: [GC (Allocation Failure) 2019-01-02T11:12:44.669+0530: 832.571: [DefNew
Desired survivor size 32768 bytes, new threshold 15 (max 15)
- age   1:         40 bytes,         40 total
- age   2:        184 bytes,        224 total
: 896K->0K(960K), 0.0010314 secs] 2711K->2103K(10176K), 0.0012407 secs] [Times: user=0.00 sys=0.00, real=0.00 secs] 
2019-01-02T11:12:44.671+0530: 832.574: [GC (Allocation Failure) 2019-01-02T11:12:44.671+0530: 832.574: [DefNew
Desired survivor size 32768 bytes, new threshold 15 (max 15)
- age   1:         40 bytes,         40 total
- age   3:        184 bytes,        224 total
: 896K->0K(960K), 0.0004419 secs] 2999K->2679K(10176K), 0.0005240 secs] [Times: user=0.00 sys=0.00, real=0.00 secs] 
2019-01-02T11:12:44.673+0530: 832.576: [GC (Allocation Failure) 2019-01-02T11:12:44.673+0530: 832.576: [DefNew
Desired survivor size 32768 bytes, new threshold 15 (max 15)
- age   1:         24 bytes,         24 total
- age   4:        184 bytes,        208 total
: 445K->0K(960K), 0.0002435 secs] 3124K->2679K(10176K), 0.0003067 secs] [Times: user=0.00 sys=0.00, real=0.00 secs] 
2019-01-02T11:12:44.674+0530: 832.576: [GC (Allocation Failure) 2019-01-02T11:12:44.674+0530: 832.576: [DefNew
Desired survivor size 32768 bytes, new threshold 15 (max 15)
- age   2:         24 bytes,         24 total
- age   5:        184 bytes,        208 total
: 492K->0K(960K), 0.0003176 secs] 3171K->3171K(10176K), 0.0003735 secs] [Times: user=0.00 sys=0.00, real=0.00 secs] 
2019-01-02T11:12:44.674+0530: 832.577: [GC (Allocation Failure) 2019-01-02T11:12:44.674+0530: 832.577: [DefNew
Desired survivor size 32768 bytes, new threshold 15 (max 15)
- age   1:         24 bytes,         24 total
- age   6:         72 bytes,         96 total
: 510K->0K(960K), 0.0002959 secs] 3681K->3663K(10176K), 0.0003524 secs] [Times: user=0.00 sys=0.00, real=0.00 secs] 
2019-01-02T11:12:44.732+0530: 832.635: [GC (Allocation Failure) 2019-01-02T11:12:44.732+0530: 832.635: [DefNew
Desired survivor size 32768 bytes, new threshold 15 (max 15)
- age   1:        248 bytes,        248 total
- age   7:         16 bytes,        264 total
: 847K->0K(960K), 0.0006984 secs] 4510K->3735K(10176K), 0.0010080 secs] [Times: user=0.00 sys=0.00, real=0.00 secs] 
2019-01-02T11:12:44.736+0530: 832.638: [GC (Allocation Failure) 2019-01-02T11:12:44.736+0530: 832.638: [DefNew
Desired survivor size 32768 bytes, new threshold 15 (max 15)
- age   2:        184 bytes,        184 total
- age   8:         16 bytes,        200 total
: 896K->0K(960K), 0.0003871 secs] 4631K->4023K(10176K), 0.0005359 secs] [Times: user=0.00 sys=0.00, real=0.00 secs] 
2019-01-02T11:12:44.737+0530: 832.640: [GC (Allocation Failure) 2019-01-02T11:12:44.737+0530: 832.640: [DefNew
Desired survivor size 32768 bytes, new threshold 15 (max 15)
- age   1:         40 bytes,         40 total
- age   3:        184 bytes,        224 total
- age   9:         16 bytes,        240 total
: 896K->0K(960K), 0.0004863 secs] 4919K->4599K(10176K), 0.0005924 secs] [Times: user=0.00 sys=0.00, real=0.00 secs] 
2019-01-02T11:12:44.739+0530: 832.642: [GC (Allocation Failure) 2019-01-02T11:12:44.739+0530: 832.642: [DefNew
Desired survivor size 32768 bytes, new threshold 15 (max 15)
- age   1:         24 bytes,         24 total
- age   4:        184 bytes,        208 total
- age  10:         16 bytes,        224 total
: 446K->0K(960K), 0.0002731 secs] 5045K->4599K(10176K), 0.0003489 secs] [Times: user=0.02 sys=0.00, real=0.00 secs] 
2019-01-02T11:12:44.740+0530: 832.642: [GC (Allocation Failure) 2019-01-02T11:12:44.740+0530: 832.642: [DefNew
Desired survivor size 32768 bytes, new threshold 15 (max 15)
- age   2:         24 bytes,         24 total
- age   5:        184 bytes,        208 total
- age  11:         16 bytes,        224 total
: 492K->0K(960K), 0.0003227 secs] 5091K->5091K(10176K), 0.0003769 secs] [Times: user=0.00 sys=0.00, real=0.00 secs] 
2019-01-02T11:12:44.740+0530: 832.643: [GC (Allocation Failure) 2019-01-02T11:12:44.740+0530: 832.643: [DefNew
Desired survivor size 32768 bytes, new threshold 15 (max 15)
- age   1:         24 bytes,         24 total
- age   6:         72 bytes,         96 total
- age  12:         16 bytes,        112 total
: 510K->0K(960K), 0.0004082 secs] 5601K->5583K(10176K), 0.0004903 secs] [Times: user=0.00 sys=0.00, real=0.00 secs] 
2019-01-02T11:12:44.795+0530: 832.697: [GC (Allocation Failure) 2019-01-02T11:12:44.795+0530: 832.698: [DefNew
Desired survivor size 32768 bytes, new threshold 15 (max 15)
- age   1:        248 bytes,        248 total
- age   7:         16 bytes,        264 total
- age  13:         16 bytes,        280 total
: 847K->0K(960K), 0.0008587 secs] 6431K->5655K(10176K), 0.0012572 secs] [Times: user=0.00 sys=0.00, real=0.00 secs] 
2019-01-02T11:12:44.798+0530: 832.701: [GC (Allocation Failure) 2019-01-02T11:12:44.798+0530: 832.701: [DefNew
Desired survivor size 32768 bytes, new threshold 15 (max 15)
- age   1:         40 bytes,         40 total
- age   2:        184 bytes,        224 total
- age   8:         16 bytes,        240 total
- age  14:         16 bytes,        256 total
: 896K->0K(960K), 0.0005764 secs] 6551K->5943K(10176K), 0.0007828 secs] [Times: user=0.00 sys=0.00, real=0.00 secs] 
2019-01-02T11:12:44.800+0530: 832.703: [GC (Allocation Failure) 2019-01-02T11:12:44.800+0530: 832.703: [DefNew
Desired survivor size 32768 bytes, new threshold 15 (max 15)
- age   1:         40 bytes,         40 total
- age   3:        184 bytes,        224 total
- age   9:         16 bytes,        240 total
- age  15:         16 bytes,        256 total
: 896K->0K(960K), 0.0012840 secs] 6839K->6519K(10176K), 0.0014893 secs] [Times: user=0.00 sys=0.00, real=0.00 secs] 
2019-01-02T11:12:44.803+0530: 832.705: [GC (Allocation Failure) 2019-01-02T11:12:44.803+0530: 832.705: [DefNew
Desired survivor size 32768 bytes, new threshold 15 (max 15)
- age   1:         24 bytes,         24 total
- age   4:        184 bytes,        208 total
- age  10:         16 bytes,        224 total
: 445K->0K(960K), 0.0006779 secs] 6965K->6519K(10176K), 0.0008837 secs] [Times: user=0.00 sys=0.00, real=0.00 secs] 
2019-01-02T11:12:44.804+0530: 832.707: [GC (Allocation Failure) 2019-01-02T11:12:44.804+0530: 832.707: [DefNew
Desired survivor size 32768 bytes, new threshold 15 (max 15)
- age   2:         24 bytes,         24 total
- age   5:        184 bytes,        208 total
- age  11:         16 bytes,        224 total
: 492K->0K(960K), 0.0003552 secs] 7011K->7011K(10176K), 0.0004179 secs] [Times: user=0.00 sys=0.00, real=0.00 secs] 
2019-01-02T11:12:44.805+0530: 832.708: [GC (Allocation Failure) 2019-01-02T11:12:44.805+0530: 832.708: [DefNew
Desired survivor size 32768 bytes, new threshold 15 (max 15)
- age   1:         24 bytes,         24 total
- age   6:         72 bytes,         96 total
- age  12:         16 bytes,        112 total
: 510K->0K(960K), 0.0003073 secs] 7521K->7503K(10176K), 0.0003598 secs] [Times: user=0.00 sys=0.00, real=0.00 secs] 
2019-01-02T11:12:44.858+0530: 832.761: [GC (Allocation Failure) 2019-01-02T11:12:44.859+0530: 832.761: [DefNew
Desired survivor size 32768 bytes, new threshold 15 (max 15)
- age   1:        248 bytes,        248 total
- age   7:         16 bytes,        264 total
- age  13:         16 bytes,        280 total
: 847K->0K(960K), 0.0009562 secs] 8351K->7576K(10176K), 0.0012310 secs] [Times: user=0.00 sys=0.00, real=0.00 secs] 
2019-01-02T11:12:44.862+0530: 832.764: [GC (Allocation Failure) 2019-01-02T11:12:44.862+0530: 832.765: [DefNew
Desired survivor size 32768 bytes, new threshold 15 (max 15)
- age   2:        184 bytes,        184 total
- age   8:         16 bytes,        200 total
- age  14:         16 bytes,        216 total
: 896K->0K(960K), 0.0011289 secs] 8472K->7864K(10176K), 0.0013439 secs] [Times: user=0.00 sys=0.00, real=0.00 secs] 
2019-01-02T11:12:44.864+0530: 832.767: [GC (Allocation Failure) 2019-01-02T11:12:44.864+0530: 832.767: [DefNew
Desired survivor size 32768 bytes, new threshold 15 (max 15)
- age   1:         40 bytes,         40 total
- age   3:        184 bytes,        224 total
- age   9:         16 bytes,        240 total
- age  15:         16 bytes,        256 total
: 896K->0K(960K), 0.0008615 secs] 8760K->8440K(10176K), 0.0009687 secs] [Times: user=0.00 sys=0.00, real=0.00 secs] 
2019-01-02T11:12:44.866+0530: 832.769: [GC (Allocation Failure) 2019-01-02T11:12:44.866+0530: 832.769: [DefNew
Desired survivor size 32768 bytes, new threshold 15 (max 15)
- age   1:         24 bytes,         24 total
- age   4:        184 bytes,        208 total
- age  10:         16 bytes,        224 total
: 446K->0K(960K), 0.0004111 secs] 8886K->8440K(10176K), 0.0004943 secs] [Times: user=0.00 sys=0.00, real=0.00 secs] 
2019-01-02T11:12:44.867+0530: 832.770: [GC (Allocation Failure) 2019-01-02T11:12:44.867+0530: 832.770: [DefNew
Desired survivor size 32768 bytes, new threshold 15 (max 15)
- age   2:         24 bytes,         24 total
- age   5:        184 bytes,        208 total
- age  11:         16 bytes,        224 total
: 492K->0K(960K), 0.0003085 secs] 8932K->8932K(10176K), 0.0003615 secs] [Times: user=0.00 sys=0.00, real=0.00 secs] 
2019-01-02T11:12:44.868+0530: 832.770: [GC (Allocation Failure) 2019-01-02T11:12:44.868+0530: 832.770: [DefNew: 510K->510K(960K), 0.0000228 secs]2019-01-02T11:12:44.868+0530: 832.771: [Tenured: 8932K->1251K(9216K), 0.0036416 secs] 9442K->1251K(10176K), [Metaspace: 2520K->2520K(1056768K)], 0.0037670 secs] [Times: user=0.00 sys=0.00, real=0.00 secs] 
2019-01-02T11:12:44.924+0530: 832.827: [GC (Allocation Failure) 2019-01-02T11:12:44.925+0530: 832.827: [DefNew
Desired survivor size 32768 bytes, new threshold 15 (max 15)
- age   1:        248 bytes,        248 total
: 847K->0K(960K), 0.0010206 secs] 2099K->1815K(10176K), 0.0013353 secs] [Times: user=0.00 sys=0.00, real=0.00 secs] 
2019-01-02T11:12:44.928+0530: 832.830: [GC (Allocation Failure) 2019-01-02T11:12:44.928+0530: 832.831: [DefNew
Desired survivor size 32768 bytes, new threshold 15 (max 15)
- age   1:         40 bytes,         40 total
- age   2:        184 bytes,        224 total
: 896K->0K(960K), 0.0006716 secs] 2711K->2103K(10176K), 0.0009647 secs] [Times: user=0.00 sys=0.00, real=0.00 secs] 
2019-01-02T11:12:44.931+0530: 832.834: [GC (Allocation Failure) 2019-01-02T11:12:44.931+0530: 832.834: [DefNew
Desired survivor size 32768 bytes, new threshold 15 (max 15)
- age   1:         40 bytes,         40 total
- age   3:        184 bytes,        224 total
: 896K->0K(960K), 0.0006637 secs] 2999K->2679K(10176K), 0.0008233 secs] [Times: user=0.00 sys=0.00, real=0.00 secs] 
2019-01-02T11:12:44.933+0530: 832.836: [GC (Allocation Failure) 2019-01-02T11:12:44.933+0530: 832.836: [DefNew
Desired survivor size 32768 bytes, new threshold 15 (max 15)
- age   1:         24 bytes,         24 total
- age   4:        184 bytes,        208 total
: 445K->0K(960K), 0.0005257 secs] 3124K->2679K(10176K), 0.0006101 secs] [Times: user=0.00 sys=0.00, real=0.00 secs] 
2019-01-02T11:12:44.934+0530: 832.837: [GC (Allocation Failure) 2019-01-02T11:12:44.934+0530: 832.837: [DefNew
Desired survivor size 32768 bytes, new threshold 15 (max 15)
- age   2:         24 bytes,         24 total
- age   5:        184 bytes,        208 total
: 492K->0K(960K), 0.0006813 secs] 3171K->3171K(10176K), 0.0007555 secs] [Times: user=0.00 sys=0.00, real=0.00 secs] 
2019-01-02T11:12:44.935+0530: 832.838: [GC (Allocation Failure) 2019-01-02T11:12:44.935+0530: 832.838: [DefNew
Desired survivor size 32768 bytes, new threshold 15 (max 15)
- age   1:         24 bytes,         24 total
- age   6:         72 bytes,         96 total
: 510K->0K(960K), 0.0003079 secs] 3681K->3663K(10176K), 0.0003598 secs] [Times: user=0.00 sys=0.00, real=0.00 secs] 
2019-01-02T11:12:44.986+0530: 832.889: [GC (Allocation Failure) 2019-01-02T11:12:44.986+0530: 832.889: [DefNew
Desired survivor size 32768 bytes, new threshold 15 (max 15)
- age   1:        248 bytes,        248 total
- age   7:         16 bytes,        264 total
: 847K->0K(960K), 0.0009009 secs] 4511K->3735K(10176K), 0.0011192 secs] [Times: user=0.00 sys=0.00, real=0.00 secs] 
2019-01-02T11:12:44.989+0530: 832.892: [GC (Allocation Failure) 2019-01-02T11:12:44.989+0530: 832.892: [DefNew
Desired survivor size 32768 bytes, new threshold 15 (max 15)
- age   2:        184 bytes,        184 total
- age   8:         16 bytes,        200 total
: 896K->0K(960K), 0.0012623 secs] 4631K->4023K(10176K), 0.0015001 secs] [Times: user=0.00 sys=0.00, real=0.00 secs] 
2019-01-02T11:12:44.992+0530: 832.895: [GC (Allocation Failure) 2019-01-02T11:12:44.993+0530: 832.895: [DefNew
Desired survivor size 32768 bytes, new threshold 15 (max 15)
- age   1:         40 bytes,         40 total
- age   3:        184 bytes,        224 total
- age   9:         16 bytes,        240 total
: 896K->0K(960K), 0.0011700 secs] 4919K->4599K(10176K), 0.0013581 secs] [Times: user=0.00 sys=0.00, real=0.00 secs] 
2019-01-02T11:12:44.995+0530: 832.898: [GC (Allocation Failure) 2019-01-02T11:12:44.995+0530: 832.898: [DefNew
Desired survivor size 32768 bytes, new threshold 15 (max 15)
- age   1:         24 bytes,         24 total
- age   4:        184 bytes,        208 total
- age  10:         16 bytes,        224 total
: 446K->0K(960K), 0.0002731 secs] 5046K->4599K(10176K), 0.0003506 secs] [Times: user=0.00 sys=0.00, real=0.00 secs] 
2019-01-02T11:12:44.996+0530: 832.899: [GC (Allocation Failure) 2019-01-02T11:12:44.996+0530: 832.899: [DefNew
Desired survivor size 32768 bytes, new threshold 15 (max 15)
- age   2:         24 bytes,         24 total
- age   5:        184 bytes,        208 total
- age  11:         16 bytes,        224 total
: 492K->0K(960K), 0.0006950 secs] 5092K->5092K(10176K), 0.0008524 secs] [Times: user=0.00 sys=0.00, real=0.00 secs] 
2019-01-02T11:12:44.998+0530: 832.900: [GC (Allocation Failure) 2019-01-02T11:12:44.998+0530: 832.900: [DefNew
Desired survivor size 32768 bytes, new threshold 15 (max 15)
- age   1:         24 bytes,         24 total
- age   6:         72 bytes,         96 total
- age  12:         16 bytes,        112 total
: 510K->0K(960K), 0.0004727 secs] 5602K->5584K(10176K), 0.0005844 secs] [Times: user=0.00 sys=0.00, real=0.00 secs] 
2019-01-02T11:12:45.051+0530: 832.954: [GC (Allocation Failure) 2019-01-02T11:12:45.051+0530: 832.954: [DefNew
Desired survivor size 32768 bytes, new threshold 15 (max 15)
- age   1:        248 bytes,        248 total
- age   7:         16 bytes,        264 total
- age  13:         16 bytes,        280 total
: 848K->0K(960K), 0.0009533 secs] 6432K->5656K(10176K), 0.0013302 secs] [Times: user=0.00 sys=0.02, real=0.00 secs] 
2019-01-02T11:12:45.054+0530: 832.957: [GC (Allocation Failure) 2019-01-02T11:12:45.054+0530: 832.957: [DefNew
Desired survivor size 32768 bytes, new threshold 15 (max 15)
- age   1:         40 bytes,         40 total
- age   2:        184 bytes,        224 total
- age   8:         16 bytes,        240 total
- age  14:         16 bytes,        256 total
: 896K->0K(960K), 0.0008062 secs] 6552K->5944K(10176K), 0.0010012 secs] [Times: user=0.00 sys=0.00, real=0.00 secs] 
2019-01-02T11:12:45.057+0530: 832.960: [GC (Allocation Failure) 2019-01-02T11:12:45.057+0530: 832.960: [DefNew
Desired survivor size 32768 bytes, new threshold 15 (max 15)
- age   1:         40 bytes,         40 total
- age   3:        184 bytes,        224 total
- age   9:         16 bytes,        240 total
- age  15:         16 bytes,        256 total
: 896K->0K(960K), 0.0011728 secs] 6840K->6520K(10176K), 0.0013330 secs] [Times: user=0.00 sys=0.00, real=0.00 secs] 
2019-01-02T11:12:45.059+0530: 832.962: [GC (Allocation Failure) 2019-01-02T11:12:45.059+0530: 832.962: [DefNew
Desired survivor size 32768 bytes, new threshold 15 (max 15)
- age   1:         24 bytes,         24 total
- age   4:        184 bytes,        208 total
- age  10:         16 bytes,        224 total
: 445K->0K(960K), 0.0002714 secs] 6965K->6520K(10176K), 0.0003495 secs] [Times: user=0.00 sys=0.00, real=0.00 secs] 
2019-01-02T11:12:45.060+0530: 832.963: [GC (Allocation Failure) 2019-01-02T11:12:45.060+0530: 832.963: [DefNew
Desired survivor size 32768 bytes, new threshold 15 (max 15)
- age   2:         24 bytes,         24 total
- age   5:        184 bytes,        208 total
- age  11:         16 bytes,        224 total
: 492K->0K(960K), 0.0003449 secs] 7012K->7012K(10176K), 0.0004196 secs] [Times: user=0.00 sys=0.00, real=0.00 secs] 
2019-01-02T11:12:45.061+0530: 832.964: [GC (Allocation Failure) 2019-01-02T11:12:45.061+0530: 832.964: [DefNew
Desired survivor size 32768 bytes, new threshold 15 (max 15)
- age   1:         24 bytes,         24 total
- age   6:         72 bytes,         96 total
- age  12:         16 bytes,        112 total
: 510K->0K(960K), 0.0003421 secs] 7522K->7504K(10176K), 0.0004213 secs] [Times: user=0.00 sys=0.00, real=0.00 secs] 
2019-01-02T11:12:45.119+0530: 833.022: [GC (Allocation Failure) 2019-01-02T11:12:45.120+0530: 833.022: [DefNew
Desired survivor size 32768 bytes, new threshold 15 (max 15)
- age   1:        248 bytes,        248 total
- age   7:         16 bytes,        264 total
- age  13:         16 bytes,        280 total
: 847K->0K(960K), 0.0011021 secs] 8352K->7576K(10176K), 0.0016113 secs] [Times: user=0.00 sys=0.00, real=0.00 secs] 
2019-01-02T11:12:45.123+0530: 833.026: [GC (Allocation Failure) 2019-01-02T11:12:45.123+0530: 833.026: [DefNew
Desired survivor size 32768 bytes, new threshold 15 (max 15)
- age   2:        184 bytes,        184 total
- age   8:         16 bytes,        200 total
- age  14:         16 bytes,        216 total
: 896K->0K(960K), 0.0006756 secs] 8472K->7864K(10176K), 0.0008587 secs] [Times: user=0.00 sys=0.00, real=0.00 secs] 
2019-01-02T11:12:45.125+0530: 833.028: [GC (Allocation Failure) 2019-01-02T11:12:45.126+0530: 833.028: [DefNew
Desired survivor size 32768 bytes, new threshold 15 (max 15)
- age   1:         40 bytes,         40 total
- age   3:        184 bytes,        224 total
- age   9:         16 bytes,        240 total
- age  15:         16 bytes,        256 total
: 896K->0K(960K), 0.0010913 secs] 8760K->8440K(10176K), 0.0012418 secs] [Times: user=0.00 sys=0.00, real=0.00 secs] 
2019-01-02T11:12:45.128+0530: 833.031: [GC (Allocation Failure) 2019-01-02T11:12:45.128+0530: 833.031: [DefNew
Desired survivor size 32768 bytes, new threshold 15 (max 15)
- age   1:         24 bytes,         24 total
- age   4:        184 bytes,        208 total
- age  10:         16 bytes,        224 total
: 446K->0K(960K), 0.0002680 secs] 8887K->8440K(10176K), 0.0003438 secs] [Times: user=0.00 sys=0.00, real=0.00 secs] 
2019-01-02T11:12:45.129+0530: 833.031: [GC (Allocation Failure) 2019-01-02T11:12:45.129+0530: 833.031: [DefNew
Desired survivor size 32768 bytes, new threshold 15 (max 15)
- age   2:         24 bytes,         24 total
- age   5:        184 bytes,        208 total
- age  11:         16 bytes,        224 total
: 492K->0K(960K), 0.0003375 secs] 8933K->8933K(10176K), 0.0004077 secs] [Times: user=0.00 sys=0.00, real=0.00 secs] 
2019-01-02T11:12:45.130+0530: 833.032: [GC (Allocation Failure) 2019-01-02T11:12:45.130+0530: 833.032: [DefNew: 510K->510K(960K), 0.0000314 secs]2019-01-02T11:12:45.130+0530: 833.032: [Tenured: 8932K->1251K(9216K), 0.0058977 secs] 9443K->1251K(10176K), [Metaspace: 2520K->2520K(1056768K)], 0.0061018 secs] [Times: user=0.00 sys=0.00, real=0.01 secs] 
2019-01-02T11:12:45.192+0530: 833.094: [GC (Allocation Failure) 2019-01-02T11:12:45.192+0530: 833.095: [DefNew
Desired survivor size 32768 bytes, new threshold 15 (max 15)
- age   1:        248 bytes,        248 total
: 848K->0K(960K), 0.0011169 secs] 2099K->1815K(10176K), 0.0014528 secs] [Times: user=0.00 sys=0.00, real=0.00 secs] 
2019-01-02T11:12:45.199+0530: 833.102: [GC (Allocation Failure) 2019-01-02T11:12:45.199+0530: 833.102: [DefNew
Desired survivor size 32768 bytes, new threshold 15 (max 15)
- age   1:         40 bytes,         40 total
- age   2:        184 bytes,        224 total
: 896K->0K(960K), 0.0012977 secs] 2711K->2103K(10176K), 0.0014978 secs] [Times: user=0.00 sys=0.00, real=0.00 secs] 
2019-01-02T11:12:45.203+0530: 833.105: [GC (Allocation Failure) 2019-01-02T11:12:45.203+0530: 833.106: [DefNew
Desired survivor size 32768 bytes, new threshold 15 (max 15)
- age   1:         40 bytes,         40 total
- age   3:        184 bytes,        224 total
: 896K->0K(960K), 0.0004544 secs] 2999K->2679K(10176K), 0.0006329 secs] [Times: user=0.00 sys=0.00, real=0.00 secs] 
2019-01-02T11:12:45.204+0530: 833.107: [GC (Allocation Failure) 2019-01-02T11:12:45.204+0530: 833.107: [DefNew
Desired survivor size 32768 bytes, new threshold 15 (max 15)
- age   1:         24 bytes,         24 total
- age   4:        184 bytes,        208 total
: 445K->0K(960K), 0.0002543 secs] 3125K->2679K(10176K), 0.0003273 secs] [Times: user=0.00 sys=0.00, real=0.00 secs] 
2019-01-02T11:12:45.205+0530: 833.108: [GC (Allocation Failure) 2019-01-02T11:12:45.205+0530: 833.108: [DefNew
Desired survivor size 32768 bytes, new threshold 15 (max 15)
- age   2:         24 bytes,         24 total
- age   5:        184 bytes,        208 total
: 492K->0K(960K), 0.0003187 secs] 3172K->3172K(10176K), 0.0003877 secs] [Times: user=0.00 sys=0.00, real=0.00 secs] 
2019-01-02T11:12:45.206+0530: 833.109: [GC (Allocation Failure) 2019-01-02T11:12:45.206+0530: 833.109: [DefNew
Desired survivor size 32768 bytes, new threshold 15 (max 15)
- age   1:         24 bytes,         24 total
- age   6:         72 bytes,         96 total
: 510K->0K(960K), 0.0003187 secs] 3682K->3664K(10176K), 0.0003883 secs] [Times: user=0.00 sys=0.00, real=0.00 secs] 
2019-01-02T11:12:45.264+0530: 833.166: [GC (Allocation Failure) 2019-01-02T11:12:45.264+0530: 833.167: [DefNew
Desired survivor size 32768 bytes, new threshold 15 (max 15)
- age   1:        248 bytes,        248 total
- age   7:         16 bytes,        264 total
: 847K->0K(960K), 0.0012783 secs] 4511K->3736K(10176K), 0.0015508 secs] [Times: user=0.00 sys=0.00, real=0.00 secs] 
2019-01-02T11:12:45.267+0530: 833.170: [GC (Allocation Failure) 2019-01-02T11:12:45.267+0530: 833.170: [DefNew
Desired survivor size 32768 bytes, new threshold 15 (max 15)
- age   2:        184 bytes,        184 total
- age   8:         16 bytes,        200 total
: 896K->0K(960K), 0.0005901 secs] 4632K->4024K(10176K), 0.0006973 secs] [Times: user=0.00 sys=0.00, real=0.00 secs] 
2019-01-02T11:12:45.269+0530: 833.172: [GC (Allocation Failure) 2019-01-02T11:12:45.269+0530: 833.172: [DefNew
Desired survivor size 32768 bytes, new threshold 15 (max 15)
- age   1:         40 bytes,         40 total
- age   3:        184 bytes,        224 total
- age   9:         16 bytes,        240 total
: 896K->0K(960K), 0.0009812 secs] 4920K->4600K(10176K), 0.0010924 secs] [Times: user=0.01 sys=0.00, real=0.00 secs] 
2019-01-02T11:12:45.272+0530: 833.174: [GC (Allocation Failure) 2019-01-02T11:12:45.272+0530: 833.174: [DefNew
Desired survivor size 32768 bytes, new threshold 15 (max 15)
- age   1:         24 bytes,         24 total
- age   4:        184 bytes,        208 total
- age  10:         16 bytes,        224 total
: 446K->0K(960K), 0.0002953 secs] 5046K->4600K(10176K), 0.0004174 secs] [Times: user=0.00 sys=0.00, real=0.00 secs] 
2019-01-02T11:12:45.272+0530: 833.175: [GC (Allocation Failure) 2019-01-02T11:12:45.272+0530: 833.175: [DefNew
Desired survivor size 32768 bytes, new threshold 15 (max 15)
- age   2:         24 bytes,         24 total
- age   5:        184 bytes,        208 total
- age  11:         16 bytes,        224 total
: 492K->0K(960K), 0.0003649 secs] 5092K->5092K(10176K), 0.0004396 secs] [Times: user=0.00 sys=0.00, real=0.00 secs] 
2019-01-02T11:12:45.273+0530: 833.176: [GC (Allocation Failure) 2019-01-02T11:12:45.273+0530: 833.176: [DefNew
Desired survivor size 32768 bytes, new threshold 15 (max 15)
- age   1:         24 bytes,         24 total
- age   6:         72 bytes,         96 total
- age  12:         16 bytes,        112 total
: 510K->0K(960K), 0.0003284 secs] 5602K->5584K(10176K), 0.0004003 secs] [Times: user=0.00 sys=0.00, real=0.00 secs] 
2019-01-02T11:12:45.328+0530: 833.231: [GC (Allocation Failure) 2019-01-02T11:12:45.328+0530: 833.231: [DefNew
Desired survivor size 32768 bytes, new threshold 15 (max 15)
- age   1:        248 bytes,        248 total
- age   7:         16 bytes,        264 total
- age  13:         16 bytes,        280 total
: 848K->0K(960K), 0.0008034 secs] 6432K->5656K(10176K), 0.0010308 secs] [Times: user=0.00 sys=0.00, real=0.00 secs] 
2019-01-02T11:12:45.332+0530: 833.234: [GC (Allocation Failure) 2019-01-02T11:12:45.332+0530: 833.234: [DefNew
Desired survivor size 32768 bytes, new threshold 15 (max 15)
- age   1:         40 bytes,         40 total
- age   2:        184 bytes,        224 total
- age   8:         16 bytes,        240 total
- age  14:         16 bytes,        256 total
: 896K->0K(960K), 0.0008142 secs] 6552K->5944K(10176K), 0.0010924 secs] [Times: user=0.02 sys=0.00, real=0.00 secs] 
2019-01-02T11:12:45.334+0530: 833.237: [GC (Allocation Failure) 2019-01-02T11:12:45.334+0530: 833.237: [DefNew
Desired survivor size 32768 bytes, new threshold 15 (max 15)
- age   1:         40 bytes,         40 total
- age   3:        184 bytes,        224 total
- age   9:         16 bytes,        240 total
- age  15:         16 bytes,        256 total
: 896K->0K(960K), 0.0007714 secs] 6840K->6520K(10176K), 0.0009658 secs] [Times: user=0.00 sys=0.00, real=0.00 secs] 
2019-01-02T11:12:45.336+0530: 833.239: [GC (Allocation Failure) 2019-01-02T11:12:45.336+0530: 833.239: [DefNew
Desired survivor size 32768 bytes, new threshold 15 (max 15)
- age   1:         24 bytes,         24 total
- age   4:        184 bytes,        208 total
- age  10:         16 bytes,        224 total
: 445K->0K(960K), 0.0005445 secs] 6966K->6520K(10176K), 0.0007195 secs] [Times: user=0.00 sys=0.00, real=0.00 secs] 
2019-01-02T11:12:45.338+0530: 833.241: [GC (Allocation Failure) 2019-01-02T11:12:45.338+0530: 833.241: [DefNew
Desired survivor size 32768 bytes, new threshold 15 (max 15)
- age   2:         24 bytes,         24 total
- age   5:        184 bytes,        208 total
- age  11:         16 bytes,        224 total
: 492K->0K(960K), 0.0005354 secs] 7013K->7013K(10176K), 0.0006580 secs] [Times: user=0.00 sys=0.00, real=0.00 secs] 
2019-01-02T11:12:45.339+0530: 833.242: [GC (Allocation Failure) 2019-01-02T11:12:45.339+0530: 833.242: [DefNew
Desired survivor size 32768 bytes, new threshold 15 (max 15)
- age   1:         24 bytes,         24 total
- age   6:         72 bytes,         96 total
- age  12:         16 bytes,        112 total
: 510K->0K(960K), 0.0003318 secs] 7523K->7505K(10176K), 0.0004088 secs] [Times: user=0.00 sys=0.00, real=0.00 secs] 
2019-01-02T11:12:45.395+0530: 833.298: [GC (Allocation Failure) 2019-01-02T11:12:45.395+0530: 833.298: [DefNew
Desired survivor size 32768 bytes, new threshold 15 (max 15)
- age   1:        248 bytes,        248 total
- age   7:         16 bytes,        264 total
- age  13:         16 bytes,        280 total
: 847K->0K(960K), 0.0009630 secs] 8353K->7577K(10176K), 0.0013370 secs] [Times: user=0.00 sys=0.00, real=0.00 secs] 
2019-01-02T11:12:45.398+0530: 833.301: [GC (Allocation Failure) 2019-01-02T11:12:45.399+0530: 833.301: [DefNew
Desired survivor size 32768 bytes, new threshold 15 (max 15)
- age   2:        184 bytes,        184 total
- age   8:         16 bytes,        200 total
- age  14:         16 bytes,        216 total
: 896K->0K(960K), 0.0010998 secs] 8473K->7865K(10176K), 0.0013524 secs] [Times: user=0.00 sys=0.00, real=0.00 secs] 
2019-01-02T11:12:45.401+0530: 833.304: [GC (Allocation Failure) 2019-01-02T11:12:45.401+0530: 833.304: [DefNew
Desired survivor size 32768 bytes, new threshold 15 (max 15)
- age   1:         40 bytes,         40 total
- age   3:        184 bytes,        224 total
- age   9:         16 bytes,        240 total
- age  15:         16 bytes,        256 total
: 896K->0K(960K), 0.0008997 secs] 8761K->8441K(10176K), 0.0010212 secs] [Times: user=0.00 sys=0.00, real=0.00 secs] 
2019-01-02T11:12:45.404+0530: 833.307: [GC (Allocation Failure) 2019-01-02T11:12:45.404+0530: 833.307: [DefNew
Desired survivor size 32768 bytes, new threshold 15 (max 15)
- age   1:         24 bytes,         24 total
- age   4:        184 bytes,        208 total
- age  10:         16 bytes,        224 total
: 446K->0K(960K), 0.0009345 secs] 8887K->8441K(10176K), 0.0010525 secs] [Times: user=0.00 sys=0.00, real=0.00 secs] 
2019-01-02T11:12:45.405+0530: 833.308: [GC (Allocation Failure) 2019-01-02T11:12:45.405+0530: 833.308: [DefNew
Desired survivor size 32768 bytes, new threshold 15 (max 15)
- age   2:         24 bytes,         24 total
- age   5:        184 bytes,        208 total
- age  11:         16 bytes,        224 total
: 492K->0K(960K), 0.0003478 secs] 8933K->8933K(10176K), 0.0004134 secs] [Times: user=0.00 sys=0.00, real=0.00 secs] 
2019-01-02T11:12:45.406+0530: 833.309: [GC (Allocation Failure) 2019-01-02T11:12:45.406+0530: 833.309: [DefNew: 510K->510K(960K), 0.0000268 secs]2019-01-02T11:12:45.406+0530: 833.309: [Tenured: 8933K->1251K(9216K), 0.0036946 secs] 9444K->1251K(10176K), [Metaspace: 2520K->2520K(1056768K)], 0.0038355 secs] [Times: user=0.00 sys=0.00, real=0.00 secs] 
2019-01-02T11:12:45.465+0530: 833.368: [GC (Allocation Failure) 2019-01-02T11:12:45.465+0530: 833.368: [DefNew
Desired survivor size 32768 bytes, new threshold 15 (max 15)
- age   1:        248 bytes,        248 total
: 848K->0K(960K), 0.0013188 secs] 2099K->1816K(10176K), 0.0017002 secs] [Times: user=0.00 sys=0.00, real=0.00 secs] 
2019-01-02T11:12:45.469+0530: 833.371: [GC (Allocation Failure) 2019-01-02T11:12:45.469+0530: 833.372: [DefNew
Desired survivor size 32768 bytes, new threshold 15 (max 15)
- age   1:         40 bytes,         40 total
- age   2:        184 bytes,        224 total
: 896K->0K(960K), 0.0007304 secs] 2712K->2104K(10176K), 0.0008684 secs] [Times: user=0.00 sys=0.00, real=0.00 secs] 
2019-01-02T11:12:45.471+0530: 833.374: [GC (Allocation Failure) 2019-01-02T11:12:45.471+0530: 833.374: [DefNew
Desired survivor size 32768 bytes, new threshold 15 (max 15)
- age   1:         40 bytes,         40 total
- age   3:        184 bytes,        224 total
: 896K->0K(960K), 0.0010559 secs] 3000K->2680K(10176K), 0.0011979 secs] [Times: user=0.02 sys=0.00, real=0.00 secs] 
2019-01-02T11:12:45.474+0530: 833.377: [GC (Allocation Failure) 2019-01-02T11:12:45.474+0530: 833.377: [DefNew
Desired survivor size 32768 bytes, new threshold 15 (max 15)
- age   1:         24 bytes,         24 total
- age   4:        184 bytes,        208 total
: 445K->0K(960K), 0.0002589 secs] 3125K->2680K(10176K), 0.0003313 secs] [Times: user=0.00 sys=0.00, real=0.00 secs] 
2019-01-02T11:12:45.475+0530: 833.377: [GC (Allocation Failure) 2019-01-02T11:12:45.475+0530: 833.377: [DefNew
Desired survivor size 32768 bytes, new threshold 15 (max 15)
- age   2:         24 bytes,         24 total
- age   5:        184 bytes,        208 total
: 492K->0K(960K), 0.0003261 secs] 3172K->3172K(10176K), 0.0003786 secs] [Times: user=0.00 sys=0.00, real=0.00 secs] 
2019-01-02T11:12:45.475+0530: 833.378: [GC (Allocation Failure) 2019-01-02T11:12:45.475+0530: 833.378: [DefNew
Desired survivor size 32768 bytes, new threshold 15 (max 15)
- age   1:         24 bytes,         24 total
- age   6:         72 bytes,         96 total
: 510K->0K(960K), 0.0003010 secs] 3682K->3664K(10176K), 0.0003518 secs] [Times: user=0.00 sys=0.00, real=0.00 secs] 
2019-01-02T11:12:45.529+0530: 833.432: [GC (Allocation Failure) 2019-01-02T11:12:45.529+0530: 833.432: [DefNew
Desired survivor size 32768 bytes, new threshold 15 (max 15)
- age   1:        248 bytes,        248 total
- age   7:         16 bytes,        264 total
: 847K->0K(960K), 0.0011586 secs] 4512K->3736K(10176K), 0.0014539 secs] [Times: user=0.00 sys=0.00, real=0.00 secs] 
2019-01-02T11:12:45.533+0530: 833.435: [GC (Allocation Failure) 2019-01-02T11:12:45.533+0530: 833.436: [DefNew
Desired survivor size 32768 bytes, new threshold 15 (max 15)
- age   2:        184 bytes,        184 total
- age   8:         16 bytes,        200 total
: 896K->0K(960K), 0.0012492 secs] 4632K->4024K(10176K), 0.0015269 secs] [Times: user=0.00 sys=0.00, real=0.00 secs] 
2019-01-02T11:12:45.535+0530: 833.438: [GC (Allocation Failure) 2019-01-02T11:12:45.535+0530: 833.438: [DefNew
Desired survivor size 32768 bytes, new threshold 15 (max 15)
- age   1:         40 bytes,         40 total
- age   3:        184 bytes,        224 total
- age   9:         16 bytes,        240 total
: 896K->0K(960K), 0.0009140 secs] 4920K->4600K(10176K), 0.0010417 secs] [Times: user=0.00 sys=0.00, real=0.00 secs] 
2019-01-02T11:12:45.538+0530: 833.440: [GC (Allocation Failure) 2019-01-02T11:12:45.538+0530: 833.440: [DefNew
Desired survivor size 32768 bytes, new threshold 15 (max 15)
- age   1:         24 bytes,         24 total
- age   4:        184 bytes,        208 total
- age  10:         16 bytes,        224 total
: 446K->0K(960K), 0.0007737 secs] 5047K->4600K(10176K), 0.0008849 secs] [Times: user=0.00 sys=0.00, real=0.00 secs] 
2019-01-02T11:12:45.539+0530: 833.442: [GC (Allocation Failure) 2019-01-02T11:12:45.539+0530: 833.442: [DefNew
Desired survivor size 32768 bytes, new threshold 15 (max 15)
- age   2:         24 bytes,         24 total
- age   5:        184 bytes,        208 total
- age  11:         16 bytes,        224 total
: 492K->0K(960K), 0.0003461 secs] 5093K->5093K(10176K), 0.0004099 secs] [Times: user=0.00 sys=0.00, real=0.00 secs] 
2019-01-02T11:12:45.540+0530: 833.443: [GC (Allocation Failure) 2019-01-02T11:12:45.540+0530: 833.443: [DefNew
Desired survivor size 32768 bytes, new threshold 15 (max 15)
- age   1:         24 bytes,         24 total
- age   6:         72 bytes,         96 total
- age  12:         16 bytes,        112 total
: 510K->0K(960K), 0.0003387 secs] 5603K->5585K(10176K), 0.0004082 secs] [Times: user=0.00 sys=0.00, real=0.00 secs] 
2019-01-02T11:12:45.605+0530: 833.508: [GC (Allocation Failure) 2019-01-02T11:12:45.606+0530: 833.508: [DefNew
Desired survivor size 32768 bytes, new threshold 15 (max 15)
- age   1:        248 bytes,        248 total
- age   7:         16 bytes,        264 total
- age  13:         16 bytes,        280 total
: 848K->0K(960K), 0.0012036 secs] 6433K->5657K(10176K), 0.0015919 secs] [Times: user=0.00 sys=0.00, real=0.00 secs] 
2019-01-02T11:12:45.609+0530: 833.512: [GC (Allocation Failure) 2019-01-02T11:12:45.609+0530: 833.512: [DefNew
Desired survivor size 32768 bytes, new threshold 15 (max 15)
- age   1:         40 bytes,         40 total
- age   2:        184 bytes,        224 total
- age   8:         16 bytes,        240 total
- age  14:         16 bytes,        256 total
: 896K->0K(960K), 0.0011973 secs] 6553K->5945K(10176K), 0.0014459 secs] [Times: user=0.00 sys=0.00, real=0.00 secs] 
2019-01-02T11:12:45.612+0530: 833.515: [GC (Allocation Failure) 2019-01-02T11:12:45.612+0530: 833.515: [DefNew
Desired survivor size 32768 bytes, new threshold 15 (max 15)
- age   1:         40 bytes,         40 total
- age   3:        184 bytes,        224 total
- age   9:         16 bytes,        240 total
- age  15:         16 bytes,        256 total
: 896K->0K(960K), 0.0004732 secs] 6841K->6521K(10176K), 0.0005861 secs] [Times: user=0.00 sys=0.00, real=0.00 secs] 
2019-01-02T11:12:45.613+0530: 833.516: [GC (Allocation Failure) 2019-01-02T11:12:45.613+0530: 833.516: [DefNew
Desired survivor size 32768 bytes, new threshold 15 (max 15)
- age   1:         24 bytes,         24 total
- age   4:        184 bytes,        208 total
- age  10:         16 bytes,        224 total
: 445K->0K(960K), 0.0002549 secs] 6966K->6521K(10176K), 0.0003164 secs] [Times: user=0.00 sys=0.00, real=0.00 secs] 
2019-01-02T11:12:45.614+0530: 833.517: [GC (Allocation Failure) 2019-01-02T11:12:45.614+0530: 833.517: [DefNew
Desired survivor size 32768 bytes, new threshold 15 (max 15)
- age   2:         24 bytes,         24 total
- age   5:        184 bytes,        208 total
- age  11:         16 bytes,        224 total
: 492K->0K(960K), 0.0003204 secs] 7013K->7013K(10176K), 0.0003735 secs] [Times: user=0.00 sys=0.00, real=0.00 secs] 
2019-01-02T11:12:45.615+0530: 833.518: [GC (Allocation Failure) 2019-01-02T11:12:45.615+0530: 833.518: [DefNew
Desired survivor size 32768 bytes, new threshold 15 (max 15)
- age   1:         24 bytes,         24 total
- age   6:         72 bytes,         96 total
- age  12:         16 bytes,        112 total
: 510K->0K(960K), 0.0003159 secs] 7524K->7506K(10176K), 0.0005365 secs] [Times: user=0.00 sys=0.00, real=0.00 secs] 
2019-01-02T11:12:45.675+0530: 833.578: [GC (Allocation Failure) 2019-01-02T11:12:45.675+0530: 833.578: [DefNew
Desired survivor size 32768 bytes, new threshold 15 (max 15)
- age   1:        248 bytes,        248 total
- age   7:         16 bytes,        264 total
- age  13:         16 bytes,        280 total
: 847K->0K(960K), 0.0012127 secs] 8354K->7578K(10176K), 0.0014784 secs] [Times: user=0.00 sys=0.02, real=0.00 secs] 
2019-01-02T11:12:45.678+0530: 833.581: [GC (Allocation Failure) 2019-01-02T11:12:45.678+0530: 833.581: [DefNew
Desired survivor size 32768 bytes, new threshold 15 (max 15)
- age   2:        184 bytes,        184 total
- age   8:         16 bytes,        200 total
- age  14:         16 bytes,        216 total
: 896K->0K(960K), 0.0004003 secs] 8474K->7866K(10176K), 0.0005171 secs] [Times: user=0.00 sys=0.00, real=0.00 secs] 
2019-01-02T11:12:45.679+0530: 833.582: [GC (Allocation Failure) 2019-01-02T11:12:45.680+0530: 833.582: [DefNew
Desired survivor size 32768 bytes, new threshold 15 (max 15)
- age   1:         40 bytes,         40 total
- age   3:        184 bytes,        224 total
- age   9:         16 bytes,        240 total
- age  15:         16 bytes,        256 total
: 896K->0K(960K), 0.0003700 secs] 8762K->8442K(10176K), 0.0004413 secs] [Times: user=0.00 sys=0.00, real=0.00 secs] 
2019-01-02T11:12:45.681+0530: 833.584: [GC (Allocation Failure) 2019-01-02T11:12:45.681+0530: 833.584: [DefNew
Desired survivor size 32768 bytes, new threshold 15 (max 15)
- age   1:         24 bytes,         24 total
- age   4:        184 bytes,        208 total
- age  10:         16 bytes,        224 total
: 446K->0K(960K), 0.0002457 secs] 8888K->8442K(10176K), 0.0003102 secs] [Times: user=0.00 sys=0.00, real=0.00 secs] 
2019-01-02T11:12:45.681+0530: 833.584: [GC (Allocation Failure) 2019-01-02T11:12:45.681+0530: 833.584: [DefNew
Desired survivor size 32768 bytes, new threshold 15 (max 15)
- age   2:         24 bytes,         24 total
- age   5:        184 bytes,        208 total
- age  11:         16 bytes,        224 total
: 492K->0K(960K), 0.0003096 secs] 8934K->8934K(10176K), 0.0003586 secs] [Times: user=0.00 sys=0.00, real=0.00 secs] 
2019-01-02T11:12:45.682+0530: 833.585: [GC (Allocation Failure) 2019-01-02T11:12:45.682+0530: 833.585: [DefNew: 510K->510K(960K), 0.0000234 secs]2019-01-02T11:12:45.682+0530: 833.585: [Tenured: 8934K->1251K(9216K), 0.0060414 secs] 9444K->1251K(10176K), [Metaspace: 2520K->2520K(1056768K)], 0.0061703 secs] [Times: user=0.00 sys=0.00, real=0.01 secs] 
2019-01-02T11:12:45.742+0530: 833.645: [GC (Allocation Failure) 2019-01-02T11:12:45.743+0530: 833.645: [DefNew
Desired survivor size 32768 bytes, new threshold 15 (max 15)
- age   1:        248 bytes,        248 total
: 848K->0K(960K), 0.0009048 secs] 2099K->1816K(10176K), 0.0012469 secs] [Times: user=0.00 sys=0.00, real=0.00 secs] 
2019-01-02T11:12:45.745+0530: 833.648: [GC (Allocation Failure) 2019-01-02T11:12:45.745+0530: 833.648: [DefNew
Desired survivor size 32768 bytes, new threshold 15 (max 15)
- age   1:         40 bytes,         40 total
- age   2:        184 bytes,        224 total
: 896K->0K(960K), 0.0008741 secs] 2712K->2104K(10176K), 0.0010770 secs] [Times: user=0.00 sys=0.00, real=0.00 secs] 
2019-01-02T11:12:45.747+0530: 833.650: [GC (Allocation Failure) 2019-01-02T11:12:45.748+0530: 833.650: [DefNew
Desired survivor size 32768 bytes, new threshold 15 (max 15)
- age   1:         40 bytes,         40 total
- age   3:        184 bytes,        224 total
: 896K->0K(960K), 0.0008934 secs] 3000K->2680K(10176K), 0.0009961 secs] [Times: user=0.00 sys=0.00, real=0.00 secs] 
2019-01-02T11:12:45.749+0530: 833.652: [GC (Allocation Failure) 2019-01-02T11:12:45.749+0530: 833.652: [DefNew
Desired survivor size 32768 bytes, new threshold 15 (max 15)
- age   1:         24 bytes,         24 total
- age   4:        184 bytes,        208 total
: 445K->0K(960K), 0.0010217 secs] 3125K->2680K(10176K), 0.0011466 secs] [Times: user=0.00 sys=0.00, real=0.00 secs] 
2019-01-02T11:12:45.751+0530: 833.654: [GC (Allocation Failure) 2019-01-02T11:12:45.751+0530: 833.654: [DefNew
Desired survivor size 32768 bytes, new threshold 15 (max 15)
- age   2:         24 bytes,         24 total
- age   5:        184 bytes,        208 total
: 492K->0K(960K), 0.0003501 secs] 3172K->3172K(10176K), 0.0004151 secs] [Times: user=0.00 sys=0.00, real=0.00 secs] 
2019-01-02T11:12:45.752+0530: 833.655: [GC (Allocation Failure) 2019-01-02T11:12:45.752+0530: 833.655: [DefNew
Desired survivor size 32768 bytes, new threshold 15 (max 15)
- age   1:         24 bytes,         24 total
- age   6:         72 bytes,         96 total
: 510K->0K(960K), 0.0005320 secs] 3682K->3664K(10176K), 0.0006266 secs] [Times: user=0.00 sys=0.00, real=0.00 secs] 
2019-01-02T11:12:45.803+0530: 833.706: [GC (Allocation Failure) 2019-01-02T11:12:45.804+0530: 833.707: [DefNew
Desired survivor size 32768 bytes, new threshold 15 (max 15)
- age   1:        248 bytes,        248 total
- age   7:         16 bytes,        264 total
: 847K->0K(960K), 0.0007817 secs] 4512K->3737K(10176K), 0.0011226 secs] [Times: user=0.00 sys=0.00, real=0.00 secs] 
2019-01-02T11:12:45.806+0530: 833.709: [GC (Allocation Failure) 2019-01-02T11:12:45.806+0530: 833.709: [DefNew
Desired survivor size 32768 bytes, new threshold 15 (max 15)
- age   2:        184 bytes,        184 total
- age   8:         16 bytes,        200 total
: 896K->0K(960K), 0.0005291 secs] 4633K->4025K(10176K), 0.0006426 secs] [Times: user=0.00 sys=0.00, real=0.00 secs] 
2019-01-02T11:12:45.808+0530: 833.711: [GC (Allocation Failure) 2019-01-02T11:12:45.808+0530: 833.711: [DefNew
Desired survivor size 32768 bytes, new threshold 15 (max 15)
- age   1:         40 bytes,         40 total
- age   3:        184 bytes,        224 total
- age   9:         16 bytes,        240 total
: 896K->0K(960K), 0.0009881 secs] 4921K->4601K(10176K), 0.0011147 secs] [Times: user=0.00 sys=0.00, real=0.00 secs] 
2019-01-02T11:12:45.811+0530: 833.713: [GC (Allocation Failure) 2019-01-02T11:12:45.811+0530: 833.713: [DefNew
Desired survivor size 32768 bytes, new threshold 15 (max 15)
- age   1:         24 bytes,         24 total
- age   4:        184 bytes,        208 total
- age  10:         16 bytes,        224 total
: 446K->0K(960K), 0.0002959 secs] 5047K->4601K(10176K), 0.0004305 secs] [Times: user=0.00 sys=0.00, real=0.00 secs] 
2019-01-02T11:12:45.811+0530: 833.714: [GC (Allocation Failure) 2019-01-02T11:12:45.811+0530: 833.714: [DefNew
Desired survivor size 32768 bytes, new threshold 15 (max 15)
- age   2:         24 bytes,         24 total
- age   5:        184 bytes,        208 total
- age  11:         16 bytes,        224 total
: 492K->0K(960K), 0.0003142 secs] 5093K->5093K(10176K), 0.0003672 secs] [Times: user=0.00 sys=0.00, real=0.00 secs] 
2019-01-02T11:12:45.812+0530: 833.715: [GC (Allocation Failure) 2019-01-02T11:12:45.812+0530: 833.715: [DefNew
Desired survivor size 32768 bytes, new threshold 15 (max 15)
- age   1:         24 bytes,         24 total
- age   6:         72 bytes,         96 total
- age  12:         16 bytes,        112 total
: 510K->0K(960K), 0.0002891 secs] 5603K->5585K(10176K), 0.0003392 secs] [Times: user=0.00 sys=0.00, real=0.00 secs] 
2019-01-02T11:12:45.868+0530: 833.771: [GC (Allocation Failure) 2019-01-02T11:12:45.868+0530: 833.771: [DefNew
Desired survivor size 32768 bytes, new threshold 15 (max 15)
- age   1:        248 bytes,        248 total
- age   7:         16 bytes,        264 total
- age  13:         16 bytes,        280 total
: 848K->0K(960K), 0.0009807 secs] 6434K->5658K(10176K), 0.0012606 secs] [Times: user=0.00 sys=0.00, real=0.00 secs] 
2019-01-02T11:12:45.871+0530: 833.774: [GC (Allocation Failure) 2019-01-02T11:12:45.871+0530: 833.774: [DefNew
Desired survivor size 32768 bytes, new threshold 15 (max 15)
- age   1:         40 bytes,         40 total
- age   2:        184 bytes,        224 total
- age   8:         16 bytes,        240 total
- age  14:         16 bytes,        256 total
: 896K->0K(960K), 0.0006597 secs] 6554K->5946K(10176K), 0.0008319 secs] [Times: user=0.00 sys=0.00, real=0.00 secs] 
2019-01-02T11:12:45.873+0530: 833.776: [GC (Allocation Failure) 2019-01-02T11:12:45.873+0530: 833.776: [DefNew
Desired survivor size 32768 bytes, new threshold 15 (max 15)
- age   1:         40 bytes,         40 total
- age   3:        184 bytes,        224 total
- age   9:         16 bytes,        240 total
- age  15:         16 bytes,        256 total
: 896K->0K(960K), 0.0010924 secs] 6842K->6522K(10176K), 0.0013205 secs] [Times: user=0.00 sys=0.00, real=0.00 secs] 
2019-01-02T11:12:45.876+0530: 833.779: [GC (Allocation Failure) 2019-01-02T11:12:45.876+0530: 833.779: [DefNew
Desired survivor size 32768 bytes, new threshold 15 (max 15)
- age   1:         24 bytes,         24 total
- age   4:        184 bytes,        208 total
- age  10:         16 bytes,        224 total
: 445K->0K(960K), 0.0003666 secs] 6967K->6522K(10176K), 0.0004584 secs] [Times: user=0.00 sys=0.00, real=0.00 secs] 
2019-01-02T11:12:45.877+0530: 833.780: [GC (Allocation Failure) 2019-01-02T11:12:45.877+0530: 833.780: [DefNew
Desired survivor size 32768 bytes, new threshold 15 (max 15)
- age   2:         24 bytes,         24 total
- age   5:        184 bytes,        208 total
- age  11:         16 bytes,        224 total
: 492K->0K(960K), 0.0003062 secs] 7014K->7014K(10176K), 0.0003581 secs] [Times: user=0.00 sys=0.00, real=0.00 secs] 
2019-01-02T11:12:45.878+0530: 833.780: [GC (Allocation Failure) 2019-01-02T11:12:45.878+0530: 833.780: [DefNew
Desired survivor size 32768 bytes, new threshold 15 (max 15)
- age   1:         24 bytes,         24 total
- age   6:         72 bytes,         96 total
- age  12:         16 bytes,        112 total
: 510K->0K(960K), 0.0002942 secs] 7524K->7506K(10176K), 0.0003535 secs] [Times: user=0.00 sys=0.00, real=0.00 secs] 
2019-01-02T11:12:45.933+0530: 833.836: [GC (Allocation Failure) 2019-01-02T11:12:45.933+0530: 833.836: [DefNew
Desired survivor size 32768 bytes, new threshold 15 (max 15)
- age   1:        248 bytes,        248 total
- age   7:         16 bytes,        264 total
- age  13:         16 bytes,        280 total
: 848K->0K(960K), 0.0009385 secs] 8354K->7579K(10176K), 0.0012595 secs] [Times: user=0.00 sys=0.00, real=0.00 secs] 
2019-01-02T11:12:45.937+0530: 833.840: [GC (Allocation Failure) 2019-01-02T11:12:45.937+0530: 833.840: [DefNew
Desired survivor size 32768 bytes, new threshold 15 (max 15)
- age   2:        184 bytes,        184 total
- age   8:         16 bytes,        200 total
- age  14:         16 bytes,        216 total
: 896K->0K(960K), 0.0007304 secs] 8475K->7867K(10176K), 0.0010001 secs] [Times: user=0.00 sys=0.00, real=0.00 secs] 
2019-01-02T11:12:45.939+0530: 833.842: [GC (Allocation Failure) 2019-01-02T11:12:45.940+0530: 833.842: [DefNew
Desired survivor size 32768 bytes, new threshold 15 (max 15)
- age   1:         40 bytes,         40 total
- age   3:        184 bytes,        224 total
- age   9:         16 bytes,        240 total
- age  15:         16 bytes,        256 total
: 896K->0K(960K), 0.0008455 secs] 8763K->8443K(10176K), 0.0009755 secs] [Times: user=0.02 sys=0.00, real=0.00 secs] 
2019-01-02T11:12:45.942+0530: 833.844: [GC (Allocation Failure) 2019-01-02T11:12:45.942+0530: 833.844: [DefNew
Desired survivor size 32768 bytes, new threshold 15 (max 15)
- age   1:         24 bytes,         24 total
- age   4:        184 bytes,        208 total
- age  10:         16 bytes,        224 total
: 446K->0K(960K), 0.0002520 secs] 8889K->8443K(10176K), 0.0003250 secs] [Times: user=0.00 sys=0.00, real=0.00 secs] 
2019-01-02T11:12:45.942+0530: 833.845: [GC (Allocation Failure) 2019-01-02T11:12:45.942+0530: 833.845: [DefNew
Desired survivor size 32768 bytes, new threshold 15 (max 15)
- age   2:         24 bytes,         24 total
- age   5:        184 bytes,        208 total
- age  11:         16 bytes,        224 total
: 492K->0K(960K), 0.0003244 secs] 8935K->8935K(10176K), 0.0003940 secs] [Times: user=0.00 sys=0.00, real=0.00 secs] 
2019-01-02T11:12:45.943+0530: 833.846: [GC (Allocation Failure) 2019-01-02T11:12:45.943+0530: 833.846: [DefNew: 510K->510K(960K), 0.0000274 secs]2019-01-02T11:12:45.943+0530: 833.846: [Tenured: 8935K->1251K(9216K), 0.0036405 secs] 9445K->1251K(10176K), [Metaspace: 2520K->2520K(1056768K)], 0.0037870 secs] [Times: user=0.00 sys=0.00, real=0.00 secs] 
2019-01-02T11:12:46.001+0530: 833.904: [GC (Allocation Failure) 2019-01-02T11:12:46.001+0530: 833.904: [DefNew
Desired survivor size 32768 bytes, new threshold 15 (max 15)
- age   1:        248 bytes,        248 total
: 848K->0K(960K), 0.0016187 secs] 2100K->1816K(10176K), 0.0018108 secs] [Times: user=0.02 sys=0.00, real=0.00 secs] 
2019-01-02T11:12:46.005+0530: 833.908: [GC (Allocation Failure) 2019-01-02T11:12:46.005+0530: 833.908: [DefNew
Desired survivor size 32768 bytes, new threshold 15 (max 15)
- age   1:         40 bytes,         40 total
- age   2:        184 bytes,        224 total
: 896K->0K(960K), 0.0013119 secs] 2712K->2104K(10176K), 0.0015121 secs] [Times: user=0.00 sys=0.00, real=0.00 secs] 
2019-01-02T11:12:46.008+0530: 833.910: [GC (Allocation Failure) 2019-01-02T11:12:46.008+0530: 833.911: [DefNew
Desired survivor size 32768 bytes, new threshold 15 (max 15)
- age   1:         40 bytes,         40 total
- age   3:        184 bytes,        224 total
: 896K->0K(960K), 0.0008655 secs] 3000K->2680K(10176K), 0.0009550 secs] [Times: user=0.00 sys=0.00, real=0.00 secs] 
2019-01-02T11:12:46.010+0530: 833.913: [GC (Allocation Failure) 2019-01-02T11:12:46.010+0530: 833.913: [DefNew
Desired survivor size 32768 bytes, new threshold 15 (max 15)
- age   1:         24 bytes,         24 total
- age   4:        184 bytes,        208 total
: 445K->0K(960K), 0.0006813 secs] 3125K->2680K(10176K), 0.0009294 secs] [Times: user=0.00 sys=0.00, real=0.00 secs] 
2019-01-02T11:12:46.011+0530: 833.914: [GC (Allocation Failure) 2019-01-02T11:12:46.011+0530: 833.914: [DefNew
Desired survivor size 32768 bytes, new threshold 15 (max 15)
- age   2:         24 bytes,         24 total
- age   5:        184 bytes,        208 total
: 492K->0K(960K), 0.0003529 secs] 3172K->3172K(10176K), 0.0004276 secs] [Times: user=0.00 sys=0.00, real=0.00 secs] 
2019-01-02T11:12:46.012+0530: 833.915: [GC (Allocation Failure) 2019-01-02T11:12:46.012+0530: 833.915: [DefNew
Desired survivor size 32768 bytes, new threshold 15 (max 15)
- age   1:         24 bytes,         24 total
- age   6:         72 bytes,         96 total
: 510K->0K(960K), 0.0003370 secs] 3683K->3665K(10176K), 0.0004094 secs] [Times: user=0.00 sys=0.00, real=0.00 secs] 
2019-01-02T11:12:46.066+0530: 833.969: [GC (Allocation Failure) 2019-01-02T11:12:46.066+0530: 833.969: [DefNew
Desired survivor size 32768 bytes, new threshold 15 (max 15)
- age   1:        248 bytes,        248 total
- age   7:         16 bytes,        264 total
: 848K->0K(960K), 0.0007771 secs] 4513K->3737K(10176K), 0.0010713 secs] [Times: user=0.00 sys=0.00, real=0.00 secs] 
2019-01-02T11:12:46.070+0530: 833.973: [GC (Allocation Failure) 2019-01-02T11:12:46.070+0530: 833.973: [DefNew
Desired survivor size 32768 bytes, new threshold 15 (max 15)
- age   2:        184 bytes,        184 total
- age   8:         16 bytes,        200 total
: 896K->0K(960K), 0.0009647 secs] 4633K->4025K(10176K), 0.0012857 secs] [Times: user=0.00 sys=0.00, real=0.00 secs] 
2019-01-02T11:12:46.072+0530: 833.975: [GC (Allocation Failure) 2019-01-02T11:12:46.073+0530: 833.975: [DefNew
Desired survivor size 32768 bytes, new threshold 15 (max 15)
- age   1:         40 bytes,         40 total
- age   3:        184 bytes,        224 total
- age   9:         16 bytes,        240 total
: 896K->0K(960K), 0.0008039 secs] 4921K->4601K(10176K), 0.0009596 secs] [Times: user=0.00 sys=0.00, real=0.00 secs] 
2019-01-02T11:12:46.075+0530: 833.978: [GC (Allocation Failure) 2019-01-02T11:12:46.075+0530: 833.978: [DefNew
Desired survivor size 32768 bytes, new threshold 15 (max 15)
- age   1:         24 bytes,         24 total
- age   4:        184 bytes,        208 total
- age  10:         16 bytes,        224 total
: 446K->0K(960K), 0.0005382 secs] 5047K->4601K(10176K), 0.0006648 secs] [Times: user=0.00 sys=0.00, real=0.00 secs] 
2019-01-02T11:12:46.076+0530: 833.979: [GC (Allocation Failure) 2019-01-02T11:12:46.076+0530: 833.979: [DefNew
Desired survivor size 32768 bytes, new threshold 15 (max 15)
- age   2:         24 bytes,         24 total
- age   5:        184 bytes,        208 total
- age  11:         16 bytes,        224 total
: 492K->0K(960K), 0.0010901 secs] 5094K->5094K(10176K), 0.0012344 secs] [Times: user=0.00 sys=0.00, real=0.00 secs] 
2019-01-02T11:12:46.079+0530: 833.981: [GC (Allocation Failure) 2019-01-02T11:12:46.079+0530: 833.982: [DefNew
Desired survivor size 32768 bytes, new threshold 15 (max 15)
- age   1:         24 bytes,         24 total
- age   6:         72 bytes,         96 total
- age  12:         16 bytes,        112 total
: 510K->0K(960K), 0.0011859 secs] 5604K->5586K(10176K), 0.0013347 secs] [Times: user=0.00 sys=0.00, real=0.00 secs] 
2019-01-02T11:12:46.136+0530: 834.039: [GC (Allocation Failure) 2019-01-02T11:12:46.136+0530: 834.039: [DefNew
Desired survivor size 32768 bytes, new threshold 15 (max 15)
- age   1:        248 bytes,        248 total
- age   7:         16 bytes,        264 total
- age  13:         16 bytes,        280 total
: 848K->0K(960K), 0.0010251 secs] 6434K->5658K(10176K), 0.0013900 secs] [Times: user=0.00 sys=0.00, real=0.00 secs] 
2019-01-02T11:12:46.140+0530: 834.043: [GC (Allocation Failure) 2019-01-02T11:12:46.140+0530: 834.043: [DefNew
Desired survivor size 32768 bytes, new threshold 15 (max 15)
- age   1:         40 bytes,         40 total
- age   2:        184 bytes,        224 total
- age   8:         16 bytes,        240 total
- age  14:         16 bytes,        256 total
: 896K->0K(960K), 0.0006277 secs] 6554K->5946K(10176K), 0.0008165 secs] [Times: user=0.00 sys=0.00, real=0.00 secs] 
2019-01-02T11:12:46.142+0530: 834.045: [GC (Allocation Failure) 2019-01-02T11:12:46.142+0530: 834.045: [DefNew
Desired survivor size 32768 bytes, new threshold 15 (max 15)
- age   1:         40 bytes,         40 total
- age   3:        184 bytes,        224 total
- age   9:         16 bytes,        240 total
- age  15:         16 bytes,        256 total
: 896K->0K(960K), 0.0009550 secs] 6842K->6522K(10176K), 0.0010457 secs] [Times: user=0.00 sys=0.00, real=0.00 secs] 
2019-01-02T11:12:46.144+0530: 834.047: [GC (Allocation Failure) 2019-01-02T11:12:46.144+0530: 834.047: [DefNew
Desired survivor size 32768 bytes, new threshold 15 (max 15)
- age   1:         24 bytes,         24 total
- age   4:        184 bytes,        208 total
- age  10:         16 bytes,        224 total
: 445K->0K(960K), 0.0004060 secs] 6968K->6522K(10176K), 0.0005428 secs] [Times: user=0.00 sys=0.00, real=0.00 secs] 
2019-01-02T11:12:46.145+0530: 834.048: [GC (Allocation Failure) 2019-01-02T11:12:46.145+0530: 834.048: [DefNew
Desired survivor size 32768 bytes, new threshold 15 (max 15)
- age   2:         24 bytes,         24 total
- age   5:        184 bytes,        208 total
- age  11:         16 bytes,        224 total
: 492K->0K(960K), 0.0003518 secs] 7015K->7015K(10176K), 0.0004196 secs] [Times: user=0.00 sys=0.00, real=0.00 secs] 
2019-01-02T11:12:46.146+0530: 834.049: [GC (Allocation Failure) 2019-01-02T11:12:46.146+0530: 834.049: [DefNew
Desired survivor size 32768 bytes, new threshold 15 (max 15)
- age   1:         24 bytes,         24 total
- age   6:         72 bytes,         96 total
- age  12:         16 bytes,        112 total
: 510K->0K(960K), 0.0003153 secs] 7525K->7507K(10176K), 0.0003871 secs] [Times: user=0.00 sys=0.00, real=0.00 secs] 
2019-01-02T11:12:46.200+0530: 834.103: [GC (Allocation Failure) 2019-01-02T11:12:46.200+0530: 834.103: [DefNew
Desired survivor size 32768 bytes, new threshold 15 (max 15)
- age   1:        248 bytes,        248 total
- age   7:         16 bytes,        264 total
- age  13:         16 bytes,        280 total
: 848K->0K(960K), 0.0006506 secs] 8355K->7579K(10176K), 0.0011004 secs] [Times: user=0.00 sys=0.00, real=0.00 secs] 
2019-01-02T11:12:46.203+0530: 834.106: [GC (Allocation Failure) 2019-01-02T11:12:46.203+0530: 834.106: [DefNew
Desired survivor size 32768 bytes, new threshold 15 (max 15)
- age   2:        184 bytes,        184 total
- age   8:         16 bytes,        200 total
- age  14:         16 bytes,        216 total
: 896K->0K(960K), 0.0009448 secs] 8475K->7867K(10176K), 0.0012720 secs] [Times: user=0.00 sys=0.00, real=0.00 secs] 
2019-01-02T11:12:46.206+0530: 834.109: [GC (Allocation Failure) 2019-01-02T11:12:46.206+0530: 834.109: [DefNew
Desired survivor size 32768 bytes, new threshold 15 (max 15)
- age   1:         40 bytes,         40 total
- age   3:        184 bytes,        224 total
- age   9:         16 bytes,        240 total
- age  15:         16 bytes,        256 total
: 896K->0K(960K), 0.0008615 secs] 8763K->8443K(10176K), 0.0010166 secs] [Times: user=0.00 sys=0.00, real=0.00 secs] 
2019-01-02T11:12:46.209+0530: 834.112: [GC (Allocation Failure) 2019-01-02T11:12:46.209+0530: 834.112: [DefNew
Desired survivor size 32768 bytes, new threshold 15 (max 15)
- age   1:         24 bytes,         24 total
- age   4:        184 bytes,        208 total
- age  10:         16 bytes,        224 total
: 446K->0K(960K), 0.0004635 secs] 8890K->8443K(10176K), 0.0005462 secs] [Times: user=0.00 sys=0.00, real=0.00 secs] 
2019-01-02T11:12:46.210+0530: 834.112: [GC (Allocation Failure) 2019-01-02T11:12:46.210+0530: 834.113: [DefNew
Desired survivor size 32768 bytes, new threshold 15 (max 15)
- age   2:         24 bytes,         24 total
- age   5:        184 bytes,        208 total
- age  11:         16 bytes,        224 total
: 492K->0K(960K), 0.0003273 secs] 8936K->8936K(10176K), 0.0004065 secs] [Times: user=0.00 sys=0.00, real=0.00 secs] 
2019-01-02T11:12:46.210+0530: 834.113: [GC (Allocation Failure) 2019-01-02T11:12:46.210+0530: 834.113: [DefNew: 510K->510K(960K), 0.0000279 secs]2019-01-02T11:12:46.211+0530: 834.113: [Tenured: 8936K->1251K(9216K), 0.0038298 secs] 9446K->1251K(10176K), [Metaspace: 2520K->2520K(1056768K)], 0.0039780 secs] [Times: user=0.00 sys=0.00, real=0.00 secs] 
2019-01-02T11:12:46.269+0530: 834.172: [GC (Allocation Failure) 2019-01-02T11:12:46.269+0530: 834.172: [DefNew
Desired survivor size 32768 bytes, new threshold 15 (max 15)
- age   1:        248 bytes,        248 total
: 848K->0K(960K), 0.0016569 secs] 2100K->1816K(10176K), 0.0018228 secs] [Times: user=0.00 sys=0.00, real=0.00 secs] 
2019-01-02T11:12:46.273+0530: 834.175: [GC (Allocation Failure) 2019-01-02T11:12:46.273+0530: 834.175: [DefNew
Desired survivor size 32768 bytes, new threshold 15 (max 15)
- age   1:         40 bytes,         40 total
- age   2:        184 bytes,        224 total
: 896K->0K(960K), 0.0012572 secs] 2712K->2104K(10176K), 0.0014528 secs] [Times: user=0.00 sys=0.00, real=0.00 secs] 
2019-01-02T11:12:46.276+0530: 834.178: [GC (Allocation Failure) 2019-01-02T11:12:46.276+0530: 834.178: [DefNew
Desired survivor size 32768 bytes, new threshold 15 (max 15)
- age   1:         40 bytes,         40 total
- age   3:        184 bytes,        224 total
: 896K->0K(960K), 0.0008735 secs] 3000K->2680K(10176K), 0.0009767 secs] [Times: user=0.00 sys=0.00, real=0.00 secs] 
2019-01-02T11:12:46.278+0530: 834.180: [GC (Allocation Failure) 2019-01-02T11:12:46.278+0530: 834.180: [DefNew
Desired survivor size 32768 bytes, new threshold 15 (max 15)
- age   1:         24 bytes,         24 total
- age   4:        184 bytes,        208 total
: 445K->0K(960K), 0.0006882 secs] 3126K->2680K(10176K), 0.0008729 secs] [Times: user=0.00 sys=0.00, real=0.00 secs] 
2019-01-02T11:12:46.279+0530: 834.182: [GC (Allocation Failure) 2019-01-02T11:12:46.280+0530: 834.182: [DefNew
Desired survivor size 32768 bytes, new threshold 15 (max 15)
- age   2:         24 bytes,         24 total
- age   5:        184 bytes,        208 total
: 492K->0K(960K), 0.0003404 secs] 3173K->3173K(10176K), 0.0004156 secs] [Times: user=0.00 sys=0.00, real=0.00 secs] 
2019-01-02T11:12:46.280+0530: 834.183: [GC (Allocation Failure) 2019-01-02T11:12:46.280+0530: 834.183: [DefNew
Desired survivor size 32768 bytes, new threshold 15 (max 15)
- age   1:         24 bytes,         24 total
- age   6:         72 bytes,         96 total
: 510K->0K(960K), 0.0003181 secs] 3683K->3665K(10176K), 0.0003900 secs] [Times: user=0.00 sys=0.00, real=0.00 secs] 
2019-01-02T11:12:46.334+0530: 834.236: [GC (Allocation Failure) 2019-01-02T11:12:46.334+0530: 834.237: [DefNew
Desired survivor size 32768 bytes, new threshold 15 (max 15)
- age   1:        248 bytes,        248 total
- age   7:         16 bytes,        264 total
: 848K->0K(960K), 0.0007104 secs] 4513K->3737K(10176K), 0.0010217 secs] [Times: user=0.00 sys=0.00, real=0.00 secs] 
2019-01-02T11:12:46.337+0530: 834.240: [GC (Allocation Failure) 2019-01-02T11:12:46.337+0530: 834.240: [DefNew
Desired survivor size 32768 bytes, new threshold 15 (max 15)
- age   2:        184 bytes,        184 total
- age   8:         16 bytes,        200 total
: 896K->0K(960K), 0.0009185 secs] 4633K->4025K(10176K), 0.0012612 secs] [Times: user=0.00 sys=0.00, real=0.00 secs] 
2019-01-02T11:12:46.341+0530: 834.243: [GC (Allocation Failure) 2019-01-02T11:12:46.341+0530: 834.243: [DefNew
Desired survivor size 32768 bytes, new threshold 15 (max 15)
- age   1:         40 bytes,         40 total
- age   3:        184 bytes,        224 total
- age   9:         16 bytes,        240 total
: 896K->0K(960K), 0.0007606 secs] 4921K->4601K(10176K), 0.0011563 secs] [Times: user=0.00 sys=0.00, real=0.00 secs] 
2019-01-02T11:12:46.343+0530: 834.245: [GC (Allocation Failure) 2019-01-02T11:12:46.343+0530: 834.245: [DefNew
Desired survivor size 32768 bytes, new threshold 15 (max 15)
- age   1:         24 bytes,         24 total
- age   4:        184 bytes,        208 total
- age  10:         16 bytes,        224 total
: 446K->0K(960K), 0.0005696 secs] 5048K->4601K(10176K), 0.0009111 secs] [Times: user=0.00 sys=0.00, real=0.00 secs] 
2019-01-02T11:12:46.344+0530: 834.247: [GC (Allocation Failure) 2019-01-02T11:12:46.344+0530: 834.247: [DefNew
Desired survivor size 32768 bytes, new threshold 15 (max 15)
- age   2:         24 bytes,         24 total
- age   5:        184 bytes,        208 total
- age  11:         16 bytes,        224 total
: 492K->0K(960K), 0.0003449 secs] 5094K->5094K(10176K), 0.0004156 secs] [Times: user=0.00 sys=0.00, real=0.00 secs] 
2019-01-02T11:12:46.345+0530: 834.248: [GC (Allocation Failure) 2019-01-02T11:12:46.345+0530: 834.248: [DefNew
Desired survivor size 32768 bytes, new threshold 15 (max 15)
- age   1:         24 bytes,         24 total
- age   6:         72 bytes,         96 total
- age  12:         16 bytes,        112 total
: 510K->0K(960K), 0.0003370 secs] 5605K->5587K(10176K), 0.0004082 secs] [Times: user=0.00 sys=0.00, real=0.00 secs] 
2019-01-02T11:12:46.400+0530: 834.302: [GC (Allocation Failure) 2019-01-02T11:12:46.400+0530: 834.302: [DefNew
Desired survivor size 32768 bytes, new threshold 15 (max 15)
- age   1:        248 bytes,        248 total
- age   7:         16 bytes,        264 total
- age  13:         16 bytes,        280 total
: 848K->0K(960K), 0.0008512 secs] 6435K->5659K(10176K), 0.0012521 secs] [Times: user=0.00 sys=0.00, real=0.00 secs] 
2019-01-02T11:12:46.403+0530: 834.305: [GC (Allocation Failure) 2019-01-02T11:12:46.403+0530: 834.305: [DefNew
Desired survivor size 32768 bytes, new threshold 15 (max 15)
- age   1:         40 bytes,         40 total
- age   2:        184 bytes,        224 total
- age   8:         16 bytes,        240 total
- age  14:         16 bytes,        256 total
: 896K->0K(960K), 0.0010907 secs] 6555K->5947K(10176K), 0.0012692 secs] [Times: user=0.00 sys=0.00, real=0.00 secs] 
2019-01-02T11:12:46.406+0530: 834.309: [GC (Allocation Failure) 2019-01-02T11:12:46.407+0530: 834.309: [DefNew
Desired survivor size 32768 bytes, new threshold 15 (max 15)
- age   1:         40 bytes,         40 total
- age   3:        184 bytes,        224 total
- age   9:         16 bytes,        240 total
- age  15:         16 bytes,        256 total
: 896K->0K(960K), 0.0011118 secs] 6843K->6523K(10176K), 0.0013131 secs] [Times: user=0.00 sys=0.00, real=0.00 secs] 
2019-01-02T11:12:46.409+0530: 834.311: [GC (Allocation Failure) 2019-01-02T11:12:46.409+0530: 834.312: [DefNew
Desired survivor size 32768 bytes, new threshold 15 (max 15)
- age   1:         24 bytes,         24 total
- age   4:        184 bytes,        208 total
- age  10:         16 bytes,        224 total
: 445K->0K(960K), 0.0004008 secs] 6968K->6523K(10176K), 0.0005177 secs] [Times: user=0.00 sys=0.00, real=0.00 secs] 
2019-01-02T11:12:46.410+0530: 834.313: [GC (Allocation Failure) 2019-01-02T11:12:46.410+0530: 834.313: [DefNew
Desired survivor size 32768 bytes, new threshold 15 (max 15)
- age   2:         24 bytes,         24 total
- age   5:        184 bytes,        208 total
- age  11:         16 bytes,        224 total
: 492K->0K(960K), 0.0005097 secs] 7015K->7015K(10176K), 0.0006163 secs] [Times: user=0.00 sys=0.00, real=0.00 secs] 
2019-01-02T11:12:46.411+0530: 834.314: [GC (Allocation Failure) 2019-01-02T11:12:46.411+0530: 834.314: [DefNew
Desired survivor size 32768 bytes, new threshold 15 (max 15)
- age   1:         24 bytes,         24 total
- age   6:         72 bytes,         96 total
- age  12:         16 bytes,        112 total
: 510K->0K(960K), 0.0003347 secs] 7526K->7508K(10176K), 0.0004077 secs] [Times: user=0.00 sys=0.00, real=0.00 secs] 
2019-01-02T11:12:46.463+0530: 834.365: [GC (Allocation Failure) 2019-01-02T11:12:46.463+0530: 834.365: [DefNew
Desired survivor size 32768 bytes, new threshold 15 (max 15)
- age   1:        248 bytes,        248 total
- age   7:         16 bytes,        264 total
- age  13:         16 bytes,        280 total
: 848K->0K(960K), 0.0007178 secs] 8356K->7580K(10176K), 0.0010611 secs] [Times: user=0.00 sys=0.00, real=0.00 secs] 
2019-01-02T11:12:46.466+0530: 834.368: [GC (Allocation Failure) 2019-01-02T11:12:46.466+0530: 834.368: [DefNew
Desired survivor size 32768 bytes, new threshold 15 (max 15)
- age   2:        184 bytes,        184 total
- age   8:         16 bytes,        200 total
- age  14:         16 bytes,        216 total
: 896K->0K(960K), 0.0007406 secs] 8476K->7868K(10176K), 0.0010257 secs] [Times: user=0.00 sys=0.00, real=0.00 secs] 
2019-01-02T11:12:46.468+0530: 834.371: [GC (Allocation Failure) 2019-01-02T11:12:46.468+0530: 834.371: [DefNew
Desired survivor size 32768 bytes, new threshold 15 (max 15)
- age   1:         40 bytes,         40 total
- age   3:        184 bytes,        224 total
- age   9:         16 bytes,        240 total
- age  15:         16 bytes,        256 total
: 896K->0K(960K), 0.0012036 secs] 8764K->8444K(10176K), 0.0013729 secs] [Times: user=0.00 sys=0.00, real=0.00 secs] 
2019-01-02T11:12:46.471+0530: 834.374: [GC (Allocation Failure) 2019-01-02T11:12:46.471+0530: 834.374: [DefNew
Desired survivor size 32768 bytes, new threshold 15 (max 15)
- age   1:         24 bytes,         24 total
- age   4:        184 bytes,        208 total
- age  10:         16 bytes,        224 total
: 446K->0K(960K), 0.0005445 secs] 8890K->8444K(10176K), 0.0007116 secs] [Times: user=0.00 sys=0.00, real=0.00 secs] 
2019-01-02T11:12:46.472+0530: 834.375: [GC (Allocation Failure) 2019-01-02T11:12:46.472+0530: 834.375: [DefNew
Desired survivor size 32768 bytes, new threshold 15 (max 15)
- age   2:         24 bytes,         24 total
- age   5:        184 bytes,        208 total
- age  11:         16 bytes,        224 total
: 492K->0K(960K), 0.0004607 secs] 8937K->8937K(10176K), 0.0005491 secs] [Times: user=0.00 sys=0.00, real=0.00 secs] 
2019-01-02T11:12:46.473+0530: 834.376: [GC (Allocation Failure) 2019-01-02T11:12:46.473+0530: 834.376: [DefNew: 510K->510K(960K), 0.0000399 secs]2019-01-02T11:12:46.474+0530: 834.376: [Tenured: 8936K->1252K(9216K), 0.0046525 secs] 9447K->1252K(10176K), [Metaspace: 2520K->2520K(1056768K)], 0.0048327 secs] [Times: user=0.00 sys=0.00, real=0.00 secs] 
2019-01-02T11:12:46.533+0530: 834.435: [GC (Allocation Failure) 2019-01-02T11:12:46.533+0530: 834.436: [DefNew
Desired survivor size 32768 bytes, new threshold 15 (max 15)
- age   1:        248 bytes,        248 total
: 848K->0K(960K), 0.0013199 secs] 2100K->1816K(10176K), 0.0017567 secs] [Times: user=0.01 sys=0.00, real=0.00 secs] 
2019-01-02T11:12:46.537+0530: 834.439: [GC (Allocation Failure) 2019-01-02T11:12:46.537+0530: 834.439: [DefNew
Desired survivor size 32768 bytes, new threshold 15 (max 15)
- age   1:         40 bytes,         40 total
- age   2:        184 bytes,        224 total
: 896K->0K(960K), 0.0010519 secs] 2712K->2104K(10176K), 0.0012333 secs] [Times: user=0.00 sys=0.00, real=0.00 secs] 
2019-01-02T11:12:46.539+0530: 834.441: [GC (Allocation Failure) 2019-01-02T11:12:46.539+0530: 834.441: [DefNew
Desired survivor size 32768 bytes, new threshold 15 (max 15)
- age   1:         40 bytes,         40 total
- age   3:        184 bytes,        224 total
: 896K->0K(960K), 0.0006699 secs] 3000K->2680K(10176K), 0.0007577 secs] [Times: user=0.00 sys=0.00, real=0.00 secs] 
2019-01-02T11:12:46.541+0530: 834.443: [GC (Allocation Failure) 2019-01-02T11:12:46.541+0530: 834.443: [DefNew
Desired survivor size 32768 bytes, new threshold 15 (max 15)
- age   1:         24 bytes,         24 total
- age   4:        184 bytes,        208 total
: 445K->0K(960K), 0.0004898 secs] 3126K->2680K(10176K), 0.0006124 secs] [Times: user=0.00 sys=0.00, real=0.00 secs] 
2019-01-02T11:12:46.542+0530: 834.445: [GC (Allocation Failure) 2019-01-02T11:12:46.542+0530: 834.445: [DefNew
Desired survivor size 32768 bytes, new threshold 15 (max 15)
- age   2:         24 bytes,         24 total
- age   5:        184 bytes,        208 total
: 492K->0K(960K), 0.0003398 secs] 3173K->3173K(10176K), 0.0004202 secs] [Times: user=0.00 sys=0.00, real=0.00 secs] 
2019-01-02T11:12:46.543+0530: 834.445: [GC (Allocation Failure) 2019-01-02T11:12:46.543+0530: 834.445: [DefNew
Desired survivor size 32768 bytes, new threshold 15 (max 15)
- age   1:         24 bytes,         24 total
- age   6:         72 bytes,         96 total
: 510K->0K(960K), 0.0003130 secs] 3684K->3666K(10176K), 0.0003854 secs] [Times: user=0.00 sys=0.00, real=0.00 secs] 
2019-01-02T11:12:46.604+0530: 834.506: [GC (Allocation Failure) 2019-01-02T11:12:46.604+0530: 834.506: [DefNew
Desired survivor size 32768 bytes, new threshold 15 (max 15)
- age   1:        248 bytes,        248 total
- age   7:         16 bytes,        264 total
: 848K->0K(960K), 0.0005302 secs] 4514K->3738K(10176K), 0.0012036 secs] [Times: user=0.00 sys=0.00, real=0.00 secs] 
2019-01-02T11:12:46.607+0530: 834.509: [GC (Allocation Failure) 2019-01-02T11:12:46.607+0530: 834.509: [DefNew
Desired survivor size 32768 bytes, new threshold 15 (max 15)
- age   2:        184 bytes,        184 total
- age   8:         16 bytes,        200 total
: 896K->0K(960K), 0.0008815 secs] 4634K->4026K(10176K), 0.0011506 secs] [Times: user=0.00 sys=0.00, real=0.00 secs] 
2019-01-02T11:12:46.609+0530: 834.512: [GC (Allocation Failure) 2019-01-02T11:12:46.610+0530: 834.512: [DefNew
Desired survivor size 32768 bytes, new threshold 15 (max 15)
- age   1:         40 bytes,         40 total
- age   3:        184 bytes,        224 total
- age   9:         16 bytes,        240 total
: 896K->0K(960K), 0.0008661 secs] 4922K->4602K(10176K), 0.0009579 secs] [Times: user=0.00 sys=0.00, real=0.00 secs] 
2019-01-02T11:12:46.612+0530: 834.514: [GC (Allocation Failure) 2019-01-02T11:12:46.612+0530: 834.514: [DefNew
Desired survivor size 32768 bytes, new threshold 15 (max 15)
- age   1:         24 bytes,         24 total
- age   4:        184 bytes,        208 total
- age  10:         16 bytes,        224 total
: 446K->0K(960K), 0.0007612 secs] 5048K->4602K(10176K), 0.0010200 secs] [Times: user=0.00 sys=0.00, real=0.00 secs] 
2019-01-02T11:12:46.614+0530: 834.516: [GC (Allocation Failure) 2019-01-02T11:12:46.614+0530: 834.516: [DefNew
Desired survivor size 32768 bytes, new threshold 15 (max 15)
- age   2:         24 bytes,         24 total
- age   5:        184 bytes,        208 total
- age  11:         16 bytes,        224 total
: 492K->0K(960K), 0.0010480 secs] 5095K->5095K(10176K), 0.0011734 secs] [Times: user=0.00 sys=0.00, real=0.00 secs] 
2019-01-02T11:12:46.615+0530: 834.518: [GC (Allocation Failure) 2019-01-02T11:12:46.615+0530: 834.518: [DefNew
Desired survivor size 32768 bytes, new threshold 15 (max 15)
- age   1:         24 bytes,         24 total
- age   6:         72 bytes,         96 total
- age  12:         16 bytes,        112 total
: 510K->0K(960K), 0.0003284 secs] 5605K->5587K(10176K), 0.0004025 secs] [Times: user=0.00 sys=0.00, real=0.00 secs] 
2019-01-02T11:12:46.671+0530: 834.574: [GC (Allocation Failure) 2019-01-02T11:12:46.672+0530: 834.574: [DefNew
Desired survivor size 32768 bytes, new threshold 15 (max 15)
- age   1:        248 bytes,        248 total
- age   7:         16 bytes,        264 total
- age  13:         16 bytes,        280 total
: 848K->0K(960K), 0.0012110 secs] 6436K->5659K(10176K), 0.0016107 secs] [Times: user=0.00 sys=0.00, real=0.00 secs] 
2019-01-02T11:12:46.676+0530: 834.578: [GC (Allocation Failure) 2019-01-02T11:12:46.676+0530: 834.578: [DefNew
Desired survivor size 32768 bytes, new threshold 15 (max 15)
- age   1:         40 bytes,         40 total
- age   2:        184 bytes,        224 total
- age   8:         16 bytes,        240 total
- age  14:         16 bytes,        256 total
: 896K->0K(960K), 0.0007406 secs] 6555K->5947K(10176K), 0.0009088 secs] [Times: user=0.00 sys=0.00, real=0.00 secs] 
2019-01-02T11:12:46.678+0530: 834.580: [GC (Allocation Failure) 2019-01-02T11:12:46.678+0530: 834.581: [DefNew
Desired survivor size 32768 bytes, new threshold 15 (max 15)
- age   1:         40 bytes,         40 total
- age   3:        184 bytes,        224 total
- age   9:         16 bytes,        240 total
- age  15:         16 bytes,        256 total
: 896K->0K(960K), 0.0012395 secs] 6843K->6523K(10176K), 0.0014944 secs] [Times: user=0.00 sys=0.00, real=0.00 secs] 
2019-01-02T11:12:46.682+0530: 834.584: [GC (Allocation Failure) 2019-01-02T11:12:46.682+0530: 834.584: [DefNew
Desired survivor size 32768 bytes, new threshold 15 (max 15)
- age   1:         24 bytes,         24 total
- age   4:        184 bytes,        208 total
- age  10:         16 bytes,        224 total
: 445K->0K(960K), 0.0002988 secs] 6969K->6523K(10176K), 0.0004225 secs] [Times: user=0.00 sys=0.00, real=0.00 secs] 
2019-01-02T11:12:46.683+0530: 834.585: [GC (Allocation Failure) 2019-01-02T11:12:46.683+0530: 834.585: [DefNew
Desired survivor size 32768 bytes, new threshold 15 (max 15)
- age   2:         24 bytes,         24 total
- age   5:        184 bytes,        208 total
- age  11:         16 bytes,        224 total
: 492K->0K(960K), 0.0003176 secs] 7016K->7016K(10176K), 0.0003717 secs] [Times: user=0.00 sys=0.00, real=0.00 secs] 
2019-01-02T11:12:46.683+0530: 834.586: [GC (Allocation Failure) 2019-01-02T11:12:46.683+0530: 834.586: [DefNew
Desired survivor size 32768 bytes, new threshold 15 (max 15)
- age   1:         24 bytes,         24 total
- age   6:         72 bytes,         96 total
- age  12:         16 bytes,        112 total
: 510K->0K(960K), 0.0002959 secs] 7527K->7509K(10176K), 0.0003461 secs] [Times: user=0.00 sys=0.00, real=0.00 secs] 
2019-01-02T11:12:46.741+0530: 834.643: [GC (Allocation Failure) 2019-01-02T11:12:46.741+0530: 834.643: [DefNew
Desired survivor size 32768 bytes, new threshold 15 (max 15)
- age   1:        248 bytes,        248 total
- age   7:         16 bytes,        264 total
- age  13:         16 bytes,        280 total
: 848K->0K(960K), 0.0010753 secs] 8357K->7581K(10176K), 0.0014146 secs] [Times: user=0.00 sys=0.00, real=0.00 secs] 
2019-01-02T11:12:46.744+0530: 834.646: [GC (Allocation Failure) 2019-01-02T11:12:46.744+0530: 834.647: [DefNew
Desired survivor size 32768 bytes, new threshold 15 (max 15)
- age   2:        184 bytes,        184 total
- age   8:         16 bytes,        200 total
- age  14:         16 bytes,        216 total
: 896K->0K(960K), 0.0006802 secs] 8477K->7869K(10176K), 0.0008233 secs] [Times: user=0.00 sys=0.00, real=0.00 secs] 
2019-01-02T11:12:46.746+0530: 834.649: [GC (Allocation Failure) 2019-01-02T11:12:46.746+0530: 834.649: [DefNew
Desired survivor size 32768 bytes, new threshold 15 (max 15)
- age   1:         40 bytes,         40 total
- age   3:        184 bytes,        224 total
- age   9:         16 bytes,        240 total
- age  15:         16 bytes,        256 total
: 896K->0K(960K), 0.0010251 secs] 8765K->8445K(10176K), 0.0011261 secs] [Times: user=0.00 sys=0.00, real=0.00 secs] 
2019-01-02T11:12:46.748+0530: 834.651: [GC (Allocation Failure) 2019-01-02T11:12:46.748+0530: 834.651: [DefNew
Desired survivor size 32768 bytes, new threshold 15 (max 15)
- age   1:         24 bytes,         24 total
- age   4:        184 bytes,        208 total
- age  10:         16 bytes,        224 total
: 446K->0K(960K), 0.0002378 secs] 8891K->8445K(10176K), 0.0003067 secs] [Times: user=0.00 sys=0.00, real=0.00 secs] 
2019-01-02T11:12:46.749+0530: 834.651: [GC (Allocation Failure) 2019-01-02T11:12:46.749+0530: 834.651: [DefNew
Desired survivor size 32768 bytes, new threshold 15 (max 15)
- age   2:         24 bytes,         24 total
- age   5:        184 bytes,        208 total
- age  11:         16 bytes,        224 total
: 492K->0K(960K), 0.0003176 secs] 8937K->8937K(10176K), 0.0003888 secs] [Times: user=0.00 sys=0.00, real=0.00 secs] 
2019-01-02T11:12:46.750+0530: 834.652: [GC (Allocation Failure) 2019-01-02T11:12:46.750+0530: 834.652: [DefNew: 510K->510K(960K), 0.0000279 secs]2019-01-02T11:12:46.750+0530: 834.652: [Tenured: 8937K->1252K(9216K), 0.0036616 secs] 9448K->1252K(10176K), [Metaspace: 2520K->2520K(1056768K)], 0.0038127 secs] [Times: user=0.02 sys=0.00, real=0.00 secs] 
2019-01-02T11:12:46.808+0530: 834.711: [GC (Allocation Failure) 2019-01-02T11:12:46.808+0530: 834.711: [DefNew
Desired survivor size 32768 bytes, new threshold 15 (max 15)
- age   1:        248 bytes,        248 total
: 848K->0K(960K), 0.0012754 secs] 2100K->1817K(10176K), 0.0016689 secs] [Times: user=0.00 sys=0.00, real=0.00 secs] 
2019-01-02T11:12:46.812+0530: 834.714: [GC (Allocation Failure) 2019-01-02T11:12:46.812+0530: 834.714: [DefNew
Desired survivor size 32768 bytes, new threshold 15 (max 15)
- age   1:         40 bytes,         40 total
- age   2:        184 bytes,        224 total
: 896K->0K(960K), 0.0006711 secs] 2713K->2105K(10176K), 0.0008279 secs] [Times: user=0.00 sys=0.00, real=0.00 secs] 
2019-01-02T11:12:46.814+0530: 834.716: [GC (Allocation Failure) 2019-01-02T11:12:46.814+0530: 834.716: [DefNew
Desired survivor size 32768 bytes, new threshold 15 (max 15)
- age   1:         40 bytes,         40 total
- age   3:        184 bytes,        224 total
: 896K->0K(960K), 0.0010098 secs] 3001K->2681K(10176K), 0.0011386 secs] [Times: user=0.02 sys=0.00, real=0.00 secs] 
2019-01-02T11:12:46.816+0530: 834.718: [GC (Allocation Failure) 2019-01-02T11:12:46.816+0530: 834.718: [DefNew
Desired survivor size 32768 bytes, new threshold 15 (max 15)
- age   1:         24 bytes,         24 total
- age   4:        184 bytes,        208 total
: 445K->0K(960K), 0.0002360 secs] 3126K->2681K(10176K), 0.0002965 secs] [Times: user=0.00 sys=0.00, real=0.00 secs] 
2019-01-02T11:12:46.817+0530: 834.719: [GC (Allocation Failure) 2019-01-02T11:12:46.817+0530: 834.719: [DefNew
Desired survivor size 32768 bytes, new threshold 15 (max 15)
- age   2:         24 bytes,         24 total
- age   5:        184 bytes,        208 total
: 492K->0K(960K), 0.0002993 secs] 3173K->3173K(10176K), 0.0003518 secs] [Times: user=0.00 sys=0.00, real=0.00 secs] 
2019-01-02T11:12:46.817+0530: 834.720: [GC (Allocation Failure) 2019-01-02T11:12:46.817+0530: 834.720: [DefNew
Desired survivor size 32768 bytes, new threshold 15 (max 15)
- age   1:         24 bytes,         24 total
- age   6:         72 bytes,         96 total
: 510K->0K(960K), 0.0002879 secs] 3684K->3666K(10176K), 0.0003387 secs] [Times: user=0.00 sys=0.00, real=0.00 secs] 
2019-01-02T11:12:46.872+0530: 834.775: [GC (Allocation Failure) 2019-01-02T11:12:46.873+0530: 834.775: [DefNew
Desired survivor size 32768 bytes, new threshold 15 (max 15)
- age   1:        248 bytes,        248 total
- age   7:         16 bytes,        264 total
: 848K->0K(960K), 0.0009134 secs] 4514K->3738K(10176K), 0.0013216 secs] [Times: user=0.00 sys=0.00, real=0.00 secs] 
2019-01-02T11:12:46.876+0530: 834.778: [GC (Allocation Failure) 2019-01-02T11:12:46.876+0530: 834.778: [DefNew
Desired survivor size 32768 bytes, new threshold 15 (max 15)
- age   2:        184 bytes,        184 total
- age   8:         16 bytes,        200 total
: 896K->0K(960K), 0.0008176 secs] 4634K->4026K(10176K), 0.0010206 secs] [Times: user=0.02 sys=0.00, real=0.00 secs] 
2019-01-02T11:12:46.878+0530: 834.780: [GC (Allocation Failure) 2019-01-02T11:12:46.878+0530: 834.780: [DefNew
Desired survivor size 32768 bytes, new threshold 15 (max 15)
- age   1:         40 bytes,         40 total
- age   3:        184 bytes,        224 total
- age   9:         16 bytes,        240 total
: 896K->0K(960K), 0.0006312 secs] 4922K->4602K(10176K), 0.0007748 secs] [Times: user=0.00 sys=0.00, real=0.00 secs] 
2019-01-02T11:12:46.880+0530: 834.783: [GC (Allocation Failure) 2019-01-02T11:12:46.880+0530: 834.783: [DefNew
Desired survivor size 32768 bytes, new threshold 15 (max 15)
- age   1:         24 bytes,         24 total
- age   4:        184 bytes,        208 total
- age  10:         16 bytes,        224 total
: 446K->0K(960K), 0.0008056 secs] 5049K->4602K(10176K), 0.0009966 secs] [Times: user=0.00 sys=0.00, real=0.00 secs] 
2019-01-02T11:12:46.882+0530: 834.784: [GC (Allocation Failure) 2019-01-02T11:12:46.882+0530: 834.784: [DefNew
Desired survivor size 32768 bytes, new threshold 15 (max 15)
- age   2:         24 bytes,         24 total
- age   5:        184 bytes,        208 total
- age  11:         16 bytes,        224 total
: 492K->0K(960K), 0.0003421 secs] 5095K->5095K(10176K), 0.0004208 secs] [Times: user=0.00 sys=0.00, real=0.00 secs] 
2019-01-02T11:12:46.882+0530: 834.785: [GC (Allocation Failure) 2019-01-02T11:12:46.883+0530: 834.785: [DefNew
Desired survivor size 32768 bytes, new threshold 15 (max 15)
- age   1:         24 bytes,         24 total
- age   6:         72 bytes,         96 total
- age  12:         16 bytes,        112 total
: 510K->0K(960K), 0.0003079 secs] 5606K->5588K(10176K), 0.0003854 secs] [Times: user=0.00 sys=0.00, real=0.00 secs] 
2019-01-02T11:12:46.937+0530: 834.839: [GC (Allocation Failure) 2019-01-02T11:12:46.937+0530: 834.839: [DefNew
Desired survivor size 32768 bytes, new threshold 15 (max 15)
- age   1:        248 bytes,        248 total
- age   7:         16 bytes,        264 total
- age  13:         16 bytes,        280 total
: 848K->0K(960K), 0.0006848 secs] 6436K->5660K(10176K), 0.0009949 secs] [Times: user=0.00 sys=0.00, real=0.00 secs] 
2019-01-02T11:12:46.940+0530: 834.842: [GC (Allocation Failure) 2019-01-02T11:12:46.940+0530: 834.843: [DefNew
Desired survivor size 32768 bytes, new threshold 15 (max 15)
- age   1:         40 bytes,         40 total
- age   2:        184 bytes,        224 total
- age   8:         16 bytes,        240 total
- age  14:         16 bytes,        256 total
: 896K->0K(960K), 0.0007982 secs] 6556K->5948K(10176K), 0.0014944 secs] [Times: user=0.00 sys=0.00, real=0.00 secs] 
2019-01-02T11:12:46.943+0530: 834.846: [GC (Allocation Failure) 2019-01-02T11:12:46.943+0530: 834.846: [DefNew
Desired survivor size 32768 bytes, new threshold 15 (max 15)
- age   1:         40 bytes,         40 total
- age   3:        184 bytes,        224 total
- age   9:         16 bytes,        240 total
- age  15:         16 bytes,        256 total
: 896K->0K(960K), 0.0008678 secs] 6844K->6524K(10176K), 0.0011027 secs] [Times: user=0.00 sys=0.00, real=0.00 secs] 
2019-01-02T11:12:46.946+0530: 834.848: [GC (Allocation Failure) 2019-01-02T11:12:46.946+0530: 834.848: [DefNew
Desired survivor size 32768 bytes, new threshold 15 (max 15)
- age   1:         24 bytes,         24 total
- age   4:        184 bytes,        208 total
- age  10:         16 bytes,        224 total
: 445K->0K(960K), 0.0003643 secs] 6969K->6524K(10176K), 0.0004715 secs] [Times: user=0.00 sys=0.00, real=0.00 secs] 
2019-01-02T11:12:46.947+0530: 834.849: [GC (Allocation Failure) 2019-01-02T11:12:46.947+0530: 834.849: [DefNew
Desired survivor size 32768 bytes, new threshold 15 (max 15)
- age   2:         24 bytes,         24 total
- age   5:        184 bytes,        208 total
- age  11:         16 bytes,        224 total
: 492K->0K(960K), 0.0004037 secs] 7017K->7017K(10176K), 0.0004960 secs] [Times: user=0.00 sys=0.00, real=0.00 secs] 
2019-01-02T11:12:46.948+0530: 834.850: [GC (Allocation Failure) 2019-01-02T11:12:46.948+0530: 834.850: [DefNew
Desired survivor size 32768 bytes, new threshold 15 (max 15)
- age   1:         24 bytes,         24 total
- age   6:         72 bytes,         96 total
- age  12:         16 bytes,        112 total
: 510K->0K(960K), 0.0003221 secs] 7527K->7509K(10176K), 0.0003946 secs] [Times: user=0.00 sys=0.00, real=0.00 secs] 
2019-01-02T11:12:47.002+0530: 834.905: [GC (Allocation Failure) 2019-01-02T11:12:47.002+0530: 834.905: [DefNew
Desired survivor size 32768 bytes, new threshold 15 (max 15)
- age   1:        248 bytes,        248 total
- age   7:         16 bytes,        264 total
- age  13:         16 bytes,        280 total
: 848K->0K(960K), 0.0006597 secs] 8358K->7582K(10176K), 0.0009237 secs] [Times: user=0.00 sys=0.00, real=0.00 secs] 
2019-01-02T11:12:47.005+0530: 834.907: [GC (Allocation Failure) 2019-01-02T11:12:47.005+0530: 834.908: [DefNew
Desired survivor size 32768 bytes, new threshold 15 (max 15)
- age   2:        184 bytes,        184 total
- age   8:         16 bytes,        200 total
- age  14:         16 bytes,        216 total
: 896K->0K(960K), 0.0007395 secs] 8478K->7869K(10176K), 0.0009527 secs] [Times: user=0.00 sys=0.00, real=0.00 secs] 
2019-01-02T11:12:47.008+0530: 834.910: [GC (Allocation Failure) 2019-01-02T11:12:47.008+0530: 834.910: [DefNew
Desired survivor size 32768 bytes, new threshold 15 (max 15)
- age   1:         40 bytes,         40 total
- age   3:        184 bytes,        224 total
- age   9:         16 bytes,        240 total
- age  15:         16 bytes,        256 total
: 896K->0K(960K), 0.0015138 secs] 8765K->8446K(10176K), 0.0016620 secs] [Times: user=0.00 sys=0.00, real=0.00 secs] 
2019-01-02T11:12:47.011+0530: 834.913: [GC (Allocation Failure) 2019-01-02T11:12:47.011+0530: 834.913: [DefNew
Desired survivor size 32768 bytes, new threshold 15 (max 15)
- age   1:         24 bytes,         24 total
- age   4:        184 bytes,        208 total
- age  10:         16 bytes,        224 total
: 446K->0K(960K), 0.0005103 secs] 8892K->8446K(10176K), 0.0006312 secs] [Times: user=0.00 sys=0.00, real=0.00 secs] 
2019-01-02T11:12:47.012+0530: 834.914: [GC (Allocation Failure) 2019-01-02T11:12:47.012+0530: 834.914: [DefNew
Desired survivor size 32768 bytes, new threshold 15 (max 15)
- age   2:         24 bytes,         24 total
- age   5:        184 bytes,        208 total
- age  11:         16 bytes,        224 total
: 493K->0K(960K), 0.0008541 secs] 8938K->8938K(10176K), 0.0009419 secs] [Times: user=0.00 sys=0.00, real=0.00 secs] 
2019-01-02T11:12:47.013+0530: 834.916: [GC (Allocation Failure) 2019-01-02T11:12:47.014+0530: 834.916: [DefNew: 510K->510K(960K), 0.0000308 secs]2019-01-02T11:12:47.014+0530: 834.916: [Tenured: 8938K->1252K(9216K), 0.0036399 secs] 9449K->1252K(10176K), [Metaspace: 2520K->2520K(1056768K)], 0.0037984 secs] [Times: user=0.02 sys=0.00, real=0.00 secs] 
2019-01-02T11:12:47.072+0530: 834.974: [GC (Allocation Failure) 2019-01-02T11:12:47.072+0530: 834.974: [DefNew
Desired survivor size 32768 bytes, new threshold 15 (max 15)
- age   1:        248 bytes,        248 total
: 848K->0K(960K), 0.0011802 secs] 2100K->1817K(10176K), 0.0015309 secs] [Times: user=0.00 sys=0.00, real=0.00 secs] 
2019-01-02T11:12:47.076+0530: 834.978: [GC (Allocation Failure) 2019-01-02T11:12:47.076+0530: 834.978: [DefNew
Desired survivor size 32768 bytes, new threshold 15 (max 15)
- age   1:         40 bytes,         40 total
- age   2:        184 bytes,        224 total
: 896K->0K(960K), 0.0012851 secs] 2713K->2105K(10176K), 0.0016039 secs] [Times: user=0.00 sys=0.00, real=0.00 secs] 
2019-01-02T11:12:47.079+0530: 834.982: [GC (Allocation Failure) 2019-01-02T11:12:47.079+0530: 834.982: [DefNew
Desired survivor size 32768 bytes, new threshold 15 (max 15)
- age   1:         40 bytes,         40 total
- age   3:        184 bytes,        224 total
: 896K->0K(960K), 0.0011814 secs] 3001K->2681K(10176K), 0.0014585 secs] [Times: user=0.01 sys=0.00, real=0.00 secs] 
2019-01-02T11:12:47.082+0530: 834.985: [GC (Allocation Failure) 2019-01-02T11:12:47.082+0530: 834.985: [DefNew
Desired survivor size 32768 bytes, new threshold 15 (max 15)
- age   1:         24 bytes,         24 total
- age   4:        184 bytes,        208 total
: 445K->0K(960K), 0.0007634 secs] 3126K->2681K(10176K), 0.0009733 secs] [Times: user=0.00 sys=0.00, real=0.00 secs] 
2019-01-02T11:12:47.084+0530: 834.987: [GC (Allocation Failure) 2019-01-02T11:12:47.084+0530: 834.987: [DefNew
Desired survivor size 32768 bytes, new threshold 15 (max 15)
- age   2:         24 bytes,         24 total
- age   5:        184 bytes,        208 total
: 493K->0K(960K), 0.0006112 secs] 3174K->3174K(10176K), 0.0007475 secs] [Times: user=0.00 sys=0.00, real=0.00 secs] 
2019-01-02T11:12:47.086+0530: 834.988: [GC (Allocation Failure) 2019-01-02T11:12:47.086+0530: 834.988: [DefNew
Desired survivor size 32768 bytes, new threshold 15 (max 15)
- age   1:         24 bytes,         24 total
- age   6:         72 bytes,         96 total
: 510K->0K(960K), 0.0005211 secs] 3684K->3666K(10176K), 0.0006369 secs] [Times: user=0.00 sys=0.00, real=0.00 secs] 
2019-01-02T11:12:47.145+0530: 835.048: [GC (Allocation Failure) 2019-01-02T11:12:47.146+0530: 835.048: [DefNew
Desired survivor size 32768 bytes, new threshold 15 (max 15)
- age   1:        248 bytes,        248 total
- age   7:         16 bytes,        264 total
: 848K->0K(960K), 0.0006169 secs] 4515K->3739K(10176K), 0.0008193 secs] [Times: user=0.00 sys=0.00, real=0.00 secs] 
2019-01-02T11:12:47.148+0530: 835.050: [GC (Allocation Failure) 2019-01-02T11:12:47.148+0530: 835.050: [DefNew
Desired survivor size 32768 bytes, new threshold 15 (max 15)
- age   2:        184 bytes,        184 total
- age   8:         16 bytes,        200 total
: 896K->0K(960K), 0.0013108 secs] 4635K->4027K(10176K), 0.0015394 secs] [Times: user=0.00 sys=0.00, real=0.00 secs] 
2019-01-02T11:12:47.151+0530: 835.054: [GC (Allocation Failure) 2019-01-02T11:12:47.151+0530: 835.054: [DefNew
Desired survivor size 32768 bytes, new threshold 15 (max 15)
- age   1:         40 bytes,         40 total
- age   3:        184 bytes,        224 total
- age   9:         16 bytes,        240 total
: 896K->0K(960K), 0.0007720 secs] 4923K->4603K(10176K), 0.0010405 secs] [Times: user=0.00 sys=0.00, real=0.00 secs] 
2019-01-02T11:12:47.153+0530: 835.056: [GC (Allocation Failure) 2019-01-02T11:12:47.154+0530: 835.056: [DefNew
Desired survivor size 32768 bytes, new threshold 15 (max 15)
- age   1:         24 bytes,         24 total
- age   4:        184 bytes,        208 total
- age  10:         16 bytes,        224 total
: 446K->0K(960K), 0.0002600 secs] 5049K->4603K(10176K), 0.0003444 secs] [Times: user=0.00 sys=0.00, real=0.00 secs] 
2019-01-02T11:12:47.154+0530: 835.057: [GC (Allocation Failure) 2019-01-02T11:12:47.154+0530: 835.057: [DefNew
Desired survivor size 32768 bytes, new threshold 15 (max 15)
- age   2:         24 bytes,         24 total
- age   5:        184 bytes,        208 total
- age  11:         16 bytes,        224 total
: 493K->0K(960K), 0.0003404 secs] 5095K->5095K(10176K), 0.0004117 secs] [Times: user=0.00 sys=0.00, real=0.00 secs] 
2019-01-02T11:12:47.155+0530: 835.057: [GC (Allocation Failure) 2019-01-02T11:12:47.155+0530: 835.058: [DefNew
Desired survivor size 32768 bytes, new threshold 15 (max 15)
- age   1:         24 bytes,         24 total
- age   6:         72 bytes,         96 total
- age  12:         16 bytes,        112 total
: 510K->0K(960K), 0.0003261 secs] 5606K->5588K(10176K), 0.0003991 secs] [Times: user=0.00 sys=0.00, real=0.00 secs] 
2019-01-02T11:12:47.210+0530: 835.113: [GC (Allocation Failure) 2019-01-02T11:12:47.210+0530: 835.113: [DefNew
Desired survivor size 32768 bytes, new threshold 15 (max 15)
- age   1:        248 bytes,        248 total
- age   7:         16 bytes,        264 total
- age  13:         16 bytes,        280 total
: 848K->0K(960K), 0.0003239 secs] 6437K->5660K(10176K), 0.0004413 secs] [Times: user=0.00 sys=0.00, real=0.00 secs] 
2019-01-02T11:12:47.212+0530: 835.115: [GC (Allocation Failure) 2019-01-02T11:12:47.212+0530: 835.115: [DefNew
Desired survivor size 32768 bytes, new threshold 15 (max 15)
- age   1:         40 bytes,         40 total
- age   2:        184 bytes,        224 total
- age   8:         16 bytes,        240 total
- age  14:         16 bytes,        256 total
: 896K->0K(960K), 0.0006266 secs] 6556K->5948K(10176K), 0.0007743 secs] [Times: user=0.00 sys=0.00, real=0.00 secs] 
2019-01-02T11:12:47.214+0530: 835.117: [GC (Allocation Failure) 2019-01-02T11:12:47.214+0530: 835.117: [DefNew
Desired survivor size 32768 bytes, new threshold 15 (max 15)
- age   1:         40 bytes,         40 total
- age   3:        184 bytes,        224 total
- age   9:         16 bytes,        240 total
- age  15:         16 bytes,        256 total
: 896K->0K(960K), 0.0010947 secs] 6844K->6524K(10176K), 0.0012760 secs] [Times: user=0.00 sys=0.00, real=0.00 secs] 
2019-01-02T11:12:47.217+0530: 835.120: [GC (Allocation Failure) 2019-01-02T11:12:47.217+0530: 835.120: [DefNew
Desired survivor size 32768 bytes, new threshold 15 (max 15)
- age   1:         24 bytes,         24 total
- age   4:        184 bytes,        208 total
- age  10:         16 bytes,        224 total
: 445K->0K(960K), 0.0003963 secs] 6970K->6524K(10176K), 0.0005462 secs] [Times: user=0.00 sys=0.00, real=0.00 secs] 
2019-01-02T11:12:47.219+0530: 835.121: [GC (Allocation Failure) 2019-01-02T11:12:47.219+0530: 835.121: [DefNew
Desired survivor size 32768 bytes, new threshold 15 (max 15)
- age   2:         24 bytes,         24 total
- age   5:        184 bytes,        208 total
- age  11:         16 bytes,        224 total
: 493K->0K(960K), 0.0005599 secs] 7017K->7017K(10176K), 0.0006631 secs] [Times: user=0.00 sys=0.00, real=0.00 secs] 
2019-01-02T11:12:47.220+0530: 835.122: [GC (Allocation Failure) 2019-01-02T11:12:47.220+0530: 835.122: [DefNew
Desired survivor size 32768 bytes, new threshold 15 (max 15)
- age   1:         24 bytes,         24 total
- age   6:         72 bytes,         96 total
- age  12:         16 bytes,        112 total
: 510K->0K(960K), 0.0003381 secs] 7528K->7510K(10176K), 0.0005491 secs] [Times: user=0.00 sys=0.00, real=0.00 secs] 
2019-01-02T11:12:47.276+0530: 835.178: [GC (Allocation Failure) 2019-01-02T11:12:47.276+0530: 835.179: [DefNew
Desired survivor size 32768 bytes, new threshold 15 (max 15)
- age   1:        248 bytes,        248 total
- age   7:         16 bytes,        264 total
- age  13:         16 bytes,        280 total
: 848K->0K(960K), 0.0006534 secs] 8358K->7582K(10176K), 0.0011192 secs] [Times: user=0.00 sys=0.00, real=0.00 secs] 
2019-01-02T11:12:47.279+0530: 835.181: [GC (Allocation Failure) 2019-01-02T11:12:47.279+0530: 835.181: [DefNew
Desired survivor size 32768 bytes, new threshold 15 (max 15)
- age   2:        184 bytes,        184 total
- age   8:         16 bytes,        200 total
- age  14:         16 bytes,        216 total
: 896K->0K(960K), 0.0005696 secs] 8478K->7870K(10176K), 0.0007235 secs] [Times: user=0.00 sys=0.00, real=0.00 secs] 
2019-01-02T11:12:47.281+0530: 835.183: [GC (Allocation Failure) 2019-01-02T11:12:47.281+0530: 835.183: [DefNew
Desired survivor size 32768 bytes, new threshold 15 (max 15)
- age   1:         40 bytes,         40 total
- age   3:        184 bytes,        224 total
- age   9:         16 bytes,        240 total
- age  15:         16 bytes,        256 total
: 896K->0K(960K), 0.0009379 secs] 8766K->8446K(10176K), 0.0011215 secs] [Times: user=0.00 sys=0.00, real=0.00 secs] 
2019-01-02T11:12:47.283+0530: 835.186: [GC (Allocation Failure) 2019-01-02T11:12:47.283+0530: 835.186: [DefNew
Desired survivor size 32768 bytes, new threshold 15 (max 15)
- age   1:         24 bytes,         24 total
- age   4:        184 bytes,        208 total
- age  10:         16 bytes,        224 total
: 446K->0K(960K), 0.0002617 secs] 8893K->8446K(10176K), 0.0003381 secs] [Times: user=0.00 sys=0.00, real=0.00 secs] 
2019-01-02T11:12:47.284+0530: 835.186: [GC (Allocation Failure) 2019-01-02T11:12:47.284+0530: 835.186: [DefNew
Desired survivor size 32768 bytes, new threshold 15 (max 15)
- age   2:         24 bytes,         24 total
- age   5:        184 bytes,        208 total
- age  11:         16 bytes,        224 total
: 493K->0K(960K), 0.0003130 secs] 8939K->8939K(10176K), 0.0003866 secs] [Times: user=0.00 sys=0.00, real=0.00 secs] 
2019-01-02T11:12:47.285+0530: 835.187: [GC (Allocation Failure) 2019-01-02T11:12:47.285+0530: 835.187: [DefNew: 510K->510K(960K), 0.0000274 secs]2019-01-02T11:12:47.285+0530: 835.187: [Tenured: 8939K->1252K(9216K), 0.0036416 secs] 9450K->1252K(10176K), [Metaspace: 2520K->2520K(1056768K)], 0.0037887 secs] [Times: user=0.00 sys=0.00, real=0.00 secs] 
2019-01-02T11:12:47.344+0530: 835.247: [GC (Allocation Failure) 2019-01-02T11:12:47.344+0530: 835.247: [DefNew
Desired survivor size 32768 bytes, new threshold 15 (max 15)
- age   1:        248 bytes,        248 total
: 848K->0K(960K), 0.0004727 secs] 2101K->1817K(10176K), 0.0006449 secs] [Times: user=0.02 sys=0.00, real=0.00 secs] 
2019-01-02T11:12:47.347+0530: 835.249: [GC (Allocation Failure) 2019-01-02T11:12:47.347+0530: 835.249: [DefNew
Desired survivor size 32768 bytes, new threshold 15 (max 15)
- age   1:         40 bytes,         40 total
- age   2:        184 bytes,        224 total
: 896K->0K(960K), 0.0007845 secs] 2713K->2105K(10176K), 0.0009328 secs] [Times: user=0.00 sys=0.00, real=0.00 secs] 
2019-01-02T11:12:47.349+0530: 835.252: [GC (Allocation Failure) 2019-01-02T11:12:47.349+0530: 835.252: [DefNew
Desired survivor size 32768 bytes, new threshold 15 (max 15)
- age   1:         40 bytes,         40 total
- age   3:        184 bytes,        224 total
: 896K->0K(960K), 0.0007252 secs] 3001K->2681K(10176K), 0.0013707 secs] [Times: user=0.00 sys=0.00, real=0.00 secs] 
2019-01-02T11:12:47.352+0530: 835.254: [GC (Allocation Failure) 2019-01-02T11:12:47.352+0530: 835.255: [DefNew
Desired survivor size 32768 bytes, new threshold 15 (max 15)
- age   1:         24 bytes,         24 total
- age   4:        184 bytes,        208 total
: 445K->0K(960K), 0.0007612 secs] 3127K->2681K(10176K), 0.0009071 secs] [Times: user=0.00 sys=0.00, real=0.00 secs] 
2019-01-02T11:12:47.353+0530: 835.256: [GC (Allocation Failure) 2019-01-02T11:12:47.353+0530: 835.256: [DefNew
Desired survivor size 32768 bytes, new threshold 15 (max 15)
- age   2:         24 bytes,         24 total
- age   5:        184 bytes,        208 total
: 493K->0K(960K), 0.0003335 secs] 3174K->3174K(10176K), 0.0004048 secs] [Times: user=0.00 sys=0.00, real=0.00 secs] 
2019-01-02T11:12:47.354+0530: 835.257: [GC (Allocation Failure) 2019-01-02T11:12:47.354+0530: 835.257: [DefNew
Desired survivor size 32768 bytes, new threshold 15 (max 15)
- age   1:         24 bytes,         24 total
- age   6:         72 bytes,         96 total
: 510K->0K(960K), 0.0003062 secs] 3685K->3667K(10176K), 0.0003763 secs] [Times: user=0.00 sys=0.00, real=0.00 secs] 
2019-01-02T11:12:47.411+0530: 835.314: [GC (Allocation Failure) 2019-01-02T11:12:47.412+0530: 835.314: [DefNew
Desired survivor size 32768 bytes, new threshold 15 (max 15)
- age   1:        248 bytes,        248 total
- age   7:         16 bytes,        264 total
: 848K->0K(960K), 0.0006694 secs] 4515K->3739K(10176K), 0.0010348 secs] [Times: user=0.00 sys=0.00, real=0.00 secs] 
2019-01-02T11:12:47.414+0530: 835.317: [GC (Allocation Failure) 2019-01-02T11:12:47.414+0530: 835.317: [DefNew
Desired survivor size 32768 bytes, new threshold 15 (max 15)
- age   2:        184 bytes,        184 total
- age   8:         16 bytes,        200 total
: 896K->0K(960K), 0.0007019 secs] 4635K->4027K(10176K), 0.0008490 secs] [Times: user=0.00 sys=0.00, real=0.00 secs] 
2019-01-02T11:12:47.417+0530: 835.320: [GC (Allocation Failure) 2019-01-02T11:12:47.417+0530: 835.320: [DefNew
Desired survivor size 32768 bytes, new threshold 15 (max 15)
- age   1:         40 bytes,         40 total
- age   3:        184 bytes,        224 total
- age   9:         16 bytes,        240 total
: 896K->0K(960K), 0.0010120 secs] 4923K->4603K(10176K), 0.0013000 secs] [Times: user=0.00 sys=0.00, real=0.00 secs] 
2019-01-02T11:12:47.420+0530: 835.322: [GC (Allocation Failure) 2019-01-02T11:12:47.420+0530: 835.322: [DefNew
Desired survivor size 32768 bytes, new threshold 15 (max 15)
- age   1:         24 bytes,         24 total
- age   4:        184 bytes,        208 total
- age  10:         16 bytes,        224 total
: 446K->0K(960K), 0.0002554 secs] 5049K->4603K(10176K), 0.0003210 secs] [Times: user=0.00 sys=0.00, real=0.00 secs] 
2019-01-02T11:12:47.420+0530: 835.323: [GC (Allocation Failure) 2019-01-02T11:12:47.420+0530: 835.323: [DefNew
Desired survivor size 32768 bytes, new threshold 15 (max 15)
- age   2:         24 bytes,         24 total
- age   5:        184 bytes,        208 total
- age  11:         16 bytes,        224 total
: 493K->0K(960K), 0.0003449 secs] 5096K->5096K(10176K), 0.0004031 secs] [Times: user=0.00 sys=0.00, real=0.00 secs] 
2019-01-02T11:12:47.421+0530: 835.323: [GC (Allocation Failure) 2019-01-02T11:12:47.421+0530: 835.324: [DefNew
Desired survivor size 32768 bytes, new threshold 15 (max 15)
- age   1:         24 bytes,         24 total
- age   6:         72 bytes,         96 total
- age  12:         16 bytes,        112 total
: 511K->0K(960K), 0.0003181 secs] 5607K->5589K(10176K), 0.0003792 secs] [Times: user=0.00 sys=0.00, real=0.00 secs] 
2019-01-02T11:12:47.476+0530: 835.379: [GC (Allocation Failure) 2019-01-02T11:12:47.476+0530: 835.379: [DefNew
Desired survivor size 32768 bytes, new threshold 15 (max 15)
- age   1:        248 bytes,        248 total
- age   7:         16 bytes,        264 total
- age  13:         16 bytes,        280 total
: 848K->0K(960K), 0.0011209 secs] 6438K->5661K(10176K), 0.0014682 secs] [Times: user=0.00 sys=0.00, real=0.00 secs] 
2019-01-02T11:12:47.480+0530: 835.382: [GC (Allocation Failure) 2019-01-02T11:12:47.480+0530: 835.382: [DefNew
Desired survivor size 32768 bytes, new threshold 15 (max 15)
- age   1:         40 bytes,         40 total
- age   2:        184 bytes,        224 total
- age   8:         16 bytes,        240 total
- age  14:         16 bytes,        256 total
: 896K->0K(960K), 0.0004664 secs] 6557K->5949K(10176K), 0.0006716 secs] [Times: user=0.00 sys=0.00, real=0.00 secs] 
2019-01-02T11:12:47.482+0530: 835.384: [GC (Allocation Failure) 2019-01-02T11:12:47.482+0530: 835.384: [DefNew
Desired survivor size 32768 bytes, new threshold 15 (max 15)
- age   1:         40 bytes,         40 total
- age   3:        184 bytes,        224 total
- age   9:         16 bytes,        240 total
- age  15:         16 bytes,        256 total
: 896K->0K(960K), 0.0006939 secs] 6845K->6525K(10176K), 0.0008478 secs] [Times: user=0.00 sys=0.00, real=0.00 secs] 
2019-01-02T11:12:47.484+0530: 835.386: [GC (Allocation Failure) 2019-01-02T11:12:47.484+0530: 835.387: [DefNew
Desired survivor size 32768 bytes, new threshold 15 (max 15)
- age   1:         24 bytes,         24 total
- age   4:        184 bytes,        208 total
- age  10:         16 bytes,        224 total
: 445K->0K(960K), 0.0006768 secs] 6970K->6525K(10176K), 0.0008341 secs] [Times: user=0.00 sys=0.00, real=0.00 secs] 
2019-01-02T11:12:47.486+0530: 835.388: [GC (Allocation Failure) 2019-01-02T11:12:47.486+0530: 835.388: [DefNew
Desired survivor size 32768 bytes, new threshold 15 (max 15)
- age   2:         24 bytes,         24 total
- age   5:        184 bytes,        208 total
- age  11:         16 bytes,        224 total
: 493K->0K(960K), 0.0008079 secs] 7018K->7018K(10176K), 0.0009613 secs] [Times: user=0.00 sys=0.00, real=0.00 secs] 
2019-01-02T11:12:47.487+0530: 835.389: [GC (Allocation Failure) 2019-01-02T11:12:47.487+0530: 835.390: [DefNew
Desired survivor size 32768 bytes, new threshold 15 (max 15)
- age   1:         24 bytes,         24 total
- age   6:         72 bytes,         96 total
- age  12:         16 bytes,        112 total
: 511K->0K(960K), 0.0003296 secs] 7529K->7511K(10176K), 0.0004088 secs] [Times: user=0.00 sys=0.00, real=0.00 secs] 
2019-01-02T11:12:47.544+0530: 835.446: [GC (Allocation Failure) 2019-01-02T11:12:47.544+0530: 835.446: [DefNew
Desired survivor size 32768 bytes, new threshold 15 (max 15)
- age   1:        248 bytes,        248 total
- age   7:         16 bytes,        264 total
- age  13:         16 bytes,        280 total
: 848K->0K(960K), 0.0011569 secs] 8359K->7583K(10176K), 0.0014779 secs] [Times: user=0.00 sys=0.00, real=0.00 secs] 
2019-01-02T11:12:47.547+0530: 835.449: [GC (Allocation Failure) 2019-01-02T11:12:47.547+0530: 835.449: [DefNew
Desired survivor size 32768 bytes, new threshold 15 (max 15)
- age   2:        184 bytes,        184 total
- age   8:         16 bytes,        200 total
- age  14:         16 bytes,        216 total
: 896K->0K(960K), 0.0008758 secs] 8479K->7871K(10176K), 0.0009961 secs] [Times: user=0.02 sys=0.00, real=0.00 secs] 
2019-01-02T11:12:47.549+0530: 835.452: [GC (Allocation Failure) 2019-01-02T11:12:47.549+0530: 835.452: [DefNew
Desired survivor size 32768 bytes, new threshold 15 (max 15)
- age   1:         40 bytes,         40 total
- age   3:        184 bytes,        224 total
- age   9:         16 bytes,        240 total
- age  15:         16 bytes,        256 total
: 896K->0K(960K), 0.0012777 secs] 8767K->8447K(10176K), 0.0014442 secs] [Times: user=0.00 sys=0.00, real=0.00 secs] 
2019-01-02T11:12:47.552+0530: 835.455: [GC (Allocation Failure) 2019-01-02T11:12:47.552+0530: 835.455: [DefNew
Desired survivor size 32768 bytes, new threshold 15 (max 15)
- age   1:         24 bytes,         24 total
- age   4:        184 bytes,        208 total
- age  10:         16 bytes,        224 total
: 446K->0K(960K), 0.0002760 secs] 8893K->8447K(10176K), 0.0003974 secs] [Times: user=0.00 sys=0.00, real=0.00 secs] 
2019-01-02T11:12:47.553+0530: 835.455: [GC (Allocation Failure) 2019-01-02T11:12:47.553+0530: 835.455: [DefNew
Desired survivor size 32768 bytes, new threshold 15 (max 15)
- age   2:         24 bytes,         24 total
- age   5:        184 bytes,        208 total
- age  11:         16 bytes,        224 total
: 493K->0K(960K), 0.0003638 secs] 8940K->8940K(10176K), 0.0004499 secs] [Times: user=0.00 sys=0.00, real=0.00 secs] 
2019-01-02T11:12:47.554+0530: 835.456: [GC (Allocation Failure) 2019-01-02T11:12:47.554+0530: 835.456: [DefNew: 511K->511K(960K), 0.0000285 secs]2019-01-02T11:12:47.554+0530: 835.456: [Tenured: 8940K->1252K(9216K), 0.0036268 secs] 9451K->1252K(10176K), [Metaspace: 2520K->2520K(1056768K)], 0.0037773 secs] [Times: user=0.00 sys=0.00, real=0.00 secs] 
2019-01-02T11:12:47.617+0530: 835.520: [GC (Allocation Failure) 2019-01-02T11:12:47.617+0530: 835.520: [DefNew
Desired survivor size 32768 bytes, new threshold 15 (max 15)
- age   1:        248 bytes,        248 total
: 848K->0K(960K), 0.0010810 secs] 2101K->1817K(10176K), 0.0012977 secs] [Times: user=0.00 sys=0.00, real=0.00 secs] 
2019-01-02T11:12:47.620+0530: 835.523: [GC (Allocation Failure) 2019-01-02T11:12:47.620+0530: 835.523: [DefNew
Desired survivor size 32768 bytes, new threshold 15 (max 15)
- age   1:         40 bytes,         40 total
- age   2:        184 bytes,        224 total
: 896K->0K(960K), 0.0010873 secs] 2713K->2105K(10176K), 0.0012760 secs] [Times: user=0.00 sys=0.00, real=0.00 secs] 
2019-01-02T11:12:47.623+0530: 835.526: [GC (Allocation Failure) 2019-01-02T11:12:47.623+0530: 835.526: [DefNew
Desired survivor size 32768 bytes, new threshold 15 (max 15)
- age   1:         40 bytes,         40 total
- age   3:        184 bytes,        224 total
: 896K->0K(960K), 0.0006249 secs] 3001K->2681K(10176K), 0.0008336 secs] [Times: user=0.00 sys=0.00, real=0.00 secs] 
2019-01-02T11:12:47.625+0530: 835.528: [GC (Allocation Failure) 2019-01-02T11:12:47.625+0530: 835.528: [DefNew
Desired survivor size 32768 bytes, new threshold 15 (max 15)
- age   1:         24 bytes,         24 total
- age   4:        184 bytes,        208 total
: 445K->0K(960K), 0.0002617 secs] 3127K->2681K(10176K), 0.0003392 secs] [Times: user=0.00 sys=0.00, real=0.00 secs] 
2019-01-02T11:12:47.626+0530: 835.528: [GC (Allocation Failure) 2019-01-02T11:12:47.626+0530: 835.528: [DefNew
Desired survivor size 32768 bytes, new threshold 15 (max 15)
- age   2:         24 bytes,         24 total
- age   5:        184 bytes,        208 total
: 493K->0K(960K), 0.0003130 secs] 3174K->3174K(10176K), 0.0003837 secs] [Times: user=0.00 sys=0.00, real=0.00 secs] 
2019-01-02T11:12:47.627+0530: 835.529: [GC (Allocation Failure) 2019-01-02T11:12:47.627+0530: 835.529: [DefNew
Desired survivor size 32768 bytes, new threshold 15 (max 15)
- age   1:         24 bytes,         24 total
- age   6:         72 bytes,         96 total
: 511K->0K(960K), 0.0002993 secs] 3685K->3667K(10176K), 0.0003683 secs] [Times: user=0.00 sys=0.00, real=0.00 secs] 
2019-01-02T11:12:47.685+0530: 835.588: [GC (Allocation Failure) 2019-01-02T11:12:47.685+0530: 835.588: [DefNew
Desired survivor size 32768 bytes, new threshold 15 (max 15)
- age   1:        248 bytes,        248 total
- age   7:         16 bytes,        264 total
: 848K->0K(960K), 0.0004704 secs] 4516K->3739K(10176K), 0.0007526 secs] [Times: user=0.00 sys=0.00, real=0.00 secs] 
2019-01-02T11:12:47.688+0530: 835.590: [GC (Allocation Failure) 2019-01-02T11:12:47.688+0530: 835.590: [DefNew
Desired survivor size 32768 bytes, new threshold 15 (max 15)
- age   2:        184 bytes,        184 total
- age   8:         16 bytes,        200 total
: 896K->0K(960K), 0.0010058 secs] 4635K->4027K(10176K), 0.0011569 secs] [Times: user=0.00 sys=0.00, real=0.00 secs] 
2019-01-02T11:12:47.691+0530: 835.593: [GC (Allocation Failure) 2019-01-02T11:12:47.691+0530: 835.593: [DefNew
Desired survivor size 32768 bytes, new threshold 15 (max 15)
- age   1:         40 bytes,         40 total
- age   3:        184 bytes,        224 total
- age   9:         16 bytes,        240 total
: 896K->0K(960K), 0.0006791 secs] 4923K->4603K(10176K), 0.0008296 secs] [Times: user=0.00 sys=0.00, real=0.00 secs] 
2019-01-02T11:12:47.693+0530: 835.595: [GC (Allocation Failure) 2019-01-02T11:12:47.693+0530: 835.595: [DefNew
Desired survivor size 32768 bytes, new threshold 15 (max 15)
- age   1:         24 bytes,         24 total
- age   4:        184 bytes,        208 total
- age  10:         16 bytes,        224 total
: 446K->0K(960K), 0.0002566 secs] 5050K->4603K(10176K), 0.0003159 secs] [Times: user=0.00 sys=0.00, real=0.00 secs] 
2019-01-02T11:12:47.693+0530: 835.596: [GC (Allocation Failure) 2019-01-02T11:12:47.693+0530: 835.596: [DefNew
Desired survivor size 32768 bytes, new threshold 15 (max 15)
- age   2:         24 bytes,         24 total
- age   5:        184 bytes,        208 total
- age  11:         16 bytes,        224 total
: 493K->0K(960K), 0.0003016 secs] 5096K->5096K(10176K), 0.0003535 secs] [Times: user=0.00 sys=0.00, real=0.00 secs] 
2019-01-02T11:12:47.694+0530: 835.597: [GC (Allocation Failure) 2019-01-02T11:12:47.694+0530: 835.597: [DefNew
Desired survivor size 32768 bytes, new threshold 15 (max 15)
- age   1:         24 bytes,         24 total
- age   6:         72 bytes,         96 total
- age  12:         16 bytes,        112 total
: 511K->0K(960K), 0.0005200 secs] 5607K->5589K(10176K), 0.0006101 secs] [Times: user=0.00 sys=0.00, real=0.00 secs] 
2019-01-02T11:12:47.751+0530: 835.653: [GC (Allocation Failure) 2019-01-02T11:12:47.751+0530: 835.653: [DefNew
Desired survivor size 32768 bytes, new threshold 15 (max 15)
- age   1:        248 bytes,        248 total
- age   7:         16 bytes,        264 total
- age  13:         16 bytes,        280 total
: 848K->0K(960K), 0.0008279 secs] 6438K->5662K(10176K), 0.0010075 secs] [Times: user=0.00 sys=0.00, real=0.00 secs] 
2019-01-02T11:12:47.754+0530: 835.656: [GC (Allocation Failure) 2019-01-02T11:12:47.754+0530: 835.656: [DefNew
Desired survivor size 32768 bytes, new threshold 15 (max 15)
- age   1:         40 bytes,         40 total
- age   2:        184 bytes,        224 total
- age   8:         16 bytes,        240 total
- age  14:         16 bytes,        256 total
: 896K->0K(960K), 0.0010668 secs] 6558K->5950K(10176K), 0.0011985 secs] [Times: user=0.00 sys=0.00, real=0.00 secs] 
2019-01-02T11:12:47.757+0530: 835.659: [GC (Allocation Failure) 2019-01-02T11:12:47.757+0530: 835.659: [DefNew
Desired survivor size 32768 bytes, new threshold 15 (max 15)
- age   1:         40 bytes,         40 total
- age   3:        184 bytes,        224 total
- age   9:         16 bytes,        240 total
- age  15:         16 bytes,        256 total
: 896K->0K(960K), 0.0006665 secs] 6846K->6526K(10176K), 0.0007885 secs] [Times: user=0.00 sys=0.00, real=0.00 secs] 
2019-01-02T11:12:47.758+0530: 835.661: [GC (Allocation Failure) 2019-01-02T11:12:47.758+0530: 835.661: [DefNew
Desired survivor size 32768 bytes, new threshold 15 (max 15)
- age   1:         24 bytes,         24 total
- age   4:        184 bytes,        208 total
- age  10:         16 bytes,        224 total
: 445K->0K(960K), 0.0002286 secs] 6971K->6526K(10176K), 0.0002805 secs] [Times: user=0.00 sys=0.00, real=0.00 secs] 
2019-01-02T11:12:47.759+0530: 835.661: [GC (Allocation Failure) 2019-01-02T11:12:47.759+0530: 835.661: [DefNew
Desired survivor size 32768 bytes, new threshold 15 (max 15)
- age   2:         24 bytes,         24 total
- age   5:        184 bytes,        208 total
- age  11:         16 bytes,        224 total
: 493K->0K(960K), 0.0002965 secs] 7019K->7019K(10176K), 0.0003541 secs] [Times: user=0.00 sys=0.00, real=0.00 secs] 
2019-01-02T11:12:47.760+0530: 835.662: [GC (Allocation Failure) 2019-01-02T11:12:47.760+0530: 835.662: [DefNew
Desired survivor size 32768 bytes, new threshold 15 (max 15)
- age   1:         24 bytes,         24 total
- age   6:         72 bytes,         96 total
- age  12:         16 bytes,        112 total
: 511K->0K(960K), 0.0003085 secs] 7529K->7512K(10176K), 0.0003626 secs] [Times: user=0.00 sys=0.00, real=0.00 secs] 
2019-01-02T11:12:47.813+0530: 835.715: [GC (Allocation Failure) 2019-01-02T11:12:47.813+0530: 835.716: [DefNew
Desired survivor size 32768 bytes, new threshold 15 (max 15)
- age   1:        248 bytes,        248 total
- age   7:         16 bytes,        264 total
- age  13:         16 bytes,        280 total
: 848K->0K(960K), 0.0009225 secs] 8360K->7584K(10176K), 0.0013017 secs] [Times: user=0.00 sys=0.00, real=0.00 secs] 
2019-01-02T11:12:47.816+0530: 835.718: [GC (Allocation Failure) 2019-01-02T11:12:47.816+0530: 835.718: [DefNew
Desired survivor size 32768 bytes, new threshold 15 (max 15)
- age   2:        184 bytes,        184 total
- age   8:         16 bytes,        200 total
- age  14:         16 bytes,        216 total
: 896K->0K(960K), 0.0006249 secs] 8480K->7872K(10176K), 0.0007144 secs] [Times: user=0.00 sys=0.00, real=0.00 secs] 
2019-01-02T11:12:47.818+0530: 835.720: [GC (Allocation Failure) 2019-01-02T11:12:47.818+0530: 835.720: [DefNew
Desired survivor size 32768 bytes, new threshold 15 (max 15)
- age   1:         40 bytes,         40 total
- age   3:        184 bytes,        224 total
- age   9:         16 bytes,        240 total
- age  15:         16 bytes,        256 total
: 896K->0K(960K), 0.0006454 secs] 8768K->8448K(10176K), 0.0007287 secs] [Times: user=0.00 sys=0.00, real=0.00 secs] 
2019-01-02T11:12:47.820+0530: 835.722: [GC (Allocation Failure) 2019-01-02T11:12:47.820+0530: 835.722: [DefNew
Desired survivor size 32768 bytes, new threshold 15 (max 15)
- age   1:         24 bytes,         24 total
- age   4:        184 bytes,        208 total
- age  10:         16 bytes,        224 total
: 446K->0K(960K), 0.0005645 secs] 8894K->8448K(10176K), 0.0006705 secs] [Times: user=0.00 sys=0.00, real=0.00 secs] 
2019-01-02T11:12:47.821+0530: 835.723: [GC (Allocation Failure) 2019-01-02T11:12:47.821+0530: 835.723: [DefNew
Desired survivor size 32768 bytes, new threshold 15 (max 15)
- age   2:         24 bytes,         24 total
- age   5:        184 bytes,        208 total
- age  11:         16 bytes,        224 total
: 493K->0K(960K), 0.0008946 secs] 8941K->8941K(10176K), 0.0010149 secs] [Times: user=0.00 sys=0.00, real=0.00 secs] 
2019-01-02T11:12:47.822+0530: 835.725: [GC (Allocation Failure) 2019-01-02T11:12:47.822+0530: 835.725: [DefNew: 511K->511K(960K), 0.0000239 secs]2019-01-02T11:12:47.822+0530: 835.725: [Tenured: 8941K->1252K(9216K), 0.0036182 secs] 9452K->1252K(10176K), [Metaspace: 2520K->2520K(1056768K)], 0.0037477 secs] [Times: user=0.00 sys=0.00, real=0.00 secs] 
2019-01-02T11:12:47.880+0530: 835.783: [GC (Allocation Failure) 2019-01-02T11:12:47.880+0530: 835.783: [DefNew
Desired survivor size 32768 bytes, new threshold 15 (max 15)
- age   1:        248 bytes,        248 total
: 848K->0K(960K), 0.0017167 secs] 2101K->1818K(10176K), 0.0019003 secs] [Times: user=0.00 sys=0.00, real=0.00 secs] 
2019-01-02T11:12:47.884+0530: 835.787: [GC (Allocation Failure) 2019-01-02T11:12:47.884+0530: 835.787: [DefNew
Desired survivor size 32768 bytes, new threshold 15 (max 15)
- age   1:         40 bytes,         40 total
- age   2:        184 bytes,        224 total
: 896K->0K(960K), 0.0006665 secs] 2714K->2106K(10176K), 0.0007885 secs] [Times: user=0.00 sys=0.00, real=0.00 secs] 
2019-01-02T11:12:47.886+0530: 835.789: [GC (Allocation Failure) 2019-01-02T11:12:47.886+0530: 835.789: [DefNew
Desired survivor size 32768 bytes, new threshold 15 (max 15)
- age   1:         40 bytes,         40 total
- age   3:        184 bytes,        224 total
: 896K->0K(960K), 0.0011517 secs] 3002K->2682K(10176K), 0.0013473 secs] [Times: user=0.00 sys=0.00, real=0.00 secs] 
2019-01-02T11:12:47.889+0530: 835.791: [GC (Allocation Failure) 2019-01-02T11:12:47.889+0530: 835.791: [DefNew
Desired survivor size 32768 bytes, new threshold 15 (max 15)
- age   1:         24 bytes,         24 total
- age   4:        184 bytes,        208 total
: 445K->0K(960K), 0.0002589 secs] 3127K->2682K(10176K), 0.0003410 secs] [Times: user=0.00 sys=0.00, real=0.00 secs] 
2019-01-02T11:12:47.890+0530: 835.792: [GC (Allocation Failure) 2019-01-02T11:12:47.890+0530: 835.792: [DefNew
Desired survivor size 32768 bytes, new threshold 15 (max 15)
- age   2:         24 bytes,         24 total
- age   5:        184 bytes,        208 total
: 493K->0K(960K), 0.0003119 secs] 3175K->3175K(10176K), 0.0003871 secs] [Times: user=0.00 sys=0.00, real=0.00 secs] 
2019-01-02T11:12:47.890+0530: 835.793: [GC (Allocation Failure) 2019-01-02T11:12:47.890+0530: 835.793: [DefNew
Desired survivor size 32768 bytes, new threshold 15 (max 15)
- age   1:         24 bytes,         24 total
- age   6:         72 bytes,         96 total
: 511K->0K(960K), 0.0003193 secs] 3686K->3668K(10176K), 0.0003963 secs] [Times: user=0.01 sys=0.00, real=0.00 secs] 
2019-01-02T11:12:47.944+0530: 835.846: [GC (Allocation Failure) 2019-01-02T11:12:47.944+0530: 835.847: [DefNew
Desired survivor size 32768 bytes, new threshold 15 (max 15)
- age   1:        248 bytes,        248 total
- age   7:         16 bytes,        264 total
: 848K->0K(960K), 0.0008547 secs] 4516K->3740K(10176K), 0.0010890 secs] [Times: user=0.00 sys=0.00, real=0.00 secs] 
2019-01-02T11:12:47.947+0530: 835.850: [GC (Allocation Failure) 2019-01-02T11:12:47.948+0530: 835.850: [DefNew
Desired survivor size 32768 bytes, new threshold 15 (max 15)
- age   2:        184 bytes,        184 total
- age   8:         16 bytes,        200 total
: 896K->0K(960K), 0.0008136 secs] 4636K->4028K(10176K), 0.0011591 secs] [Times: user=0.00 sys=0.00, real=0.00 secs] 
2019-01-02T11:12:47.950+0530: 835.853: [GC (Allocation Failure) 2019-01-02T11:12:47.950+0530: 835.853: [DefNew
Desired survivor size 32768 bytes, new threshold 15 (max 15)
- age   1:         40 bytes,         40 total
- age   3:        184 bytes,        224 total
- age   9:         16 bytes,        240 total
: 896K->0K(960K), 0.0009584 secs] 4924K->4604K(10176K), 0.0011141 secs] [Times: user=0.00 sys=0.00, real=0.00 secs] 
2019-01-02T11:12:47.952+0530: 835.855: [GC (Allocation Failure) 2019-01-02T11:12:47.952+0530: 835.855: [DefNew
Desired survivor size 32768 bytes, new threshold 15 (max 15)
- age   1:         24 bytes,         24 total
- age   4:        184 bytes,        208 total
- age  10:         16 bytes,        224 total
: 446K->0K(960K), 0.0009619 secs] 5050K->4604K(10176K), 0.0010759 secs] [Times: user=0.02 sys=0.00, real=0.00 secs] 
2019-01-02T11:12:47.954+0530: 835.857: [GC (Allocation Failure) 2019-01-02T11:12:47.954+0530: 835.857: [DefNew
Desired survivor size 32768 bytes, new threshold 15 (max 15)
- age   2:         24 bytes,         24 total
- age   5:        184 bytes,        208 total
- age  11:         16 bytes,        224 total
: 493K->0K(960K), 0.0003683 secs] 5097K->5097K(10176K), 0.0004487 secs] [Times: user=0.00 sys=0.00, real=0.00 secs] 
2019-01-02T11:12:47.955+0530: 835.858: [GC (Allocation Failure) 2019-01-02T11:12:47.955+0530: 835.858: [DefNew
Desired survivor size 32768 bytes, new threshold 15 (max 15)
- age   1:         24 bytes,         24 total
- age   6:         72 bytes,         96 total
- age  12:         16 bytes,        112 total
: 511K->0K(960K), 0.0003313 secs] 5608K->5590K(10176K), 0.0004105 secs] [Times: user=0.00 sys=0.00, real=0.00 secs] 
2019-01-02T11:12:48.011+0530: 835.913: [GC (Allocation Failure) 2019-01-02T11:12:48.011+0530: 835.913: [DefNew
Desired survivor size 32768 bytes, new threshold 15 (max 15)
- age   1:        248 bytes,        248 total
- age   7:         16 bytes,        264 total
- age  13:         16 bytes,        280 total
: 849K->0K(960K), 0.0009801 secs] 6439K->5662K(10176K), 0.0012555 secs] [Times: user=0.00 sys=0.00, real=0.00 secs] 
2019-01-02T11:12:48.014+0530: 835.917: [GC (Allocation Failure) 2019-01-02T11:12:48.014+0530: 835.917: [DefNew
Desired survivor size 32768 bytes, new threshold 15 (max 15)
- age   1:         40 bytes,         40 total
- age   2:        184 bytes,        224 total
- age   8:         16 bytes,        240 total
- age  14:         16 bytes,        256 total
: 896K->0K(960K), 0.0011141 secs] 6558K->5950K(10176K), 0.0013530 secs] [Times: user=0.02 sys=0.00, real=0.00 secs] 
2019-01-02T11:12:48.017+0530: 835.920: [GC (Allocation Failure) 2019-01-02T11:12:48.017+0530: 835.920: [DefNew
Desired survivor size 32768 bytes, new threshold 15 (max 15)
- age   1:         40 bytes,         40 total
- age   3:        184 bytes,        224 total
- age   9:         16 bytes,        240 total
- age  15:         16 bytes,        256 total
: 896K->0K(960K), 0.0007355 secs] 6846K->6526K(10176K), 0.0008404 secs] [Times: user=0.00 sys=0.00, real=0.00 secs] 
2019-01-02T11:12:48.019+0530: 835.922: [GC (Allocation Failure) 2019-01-02T11:12:48.019+0530: 835.922: [DefNew
Desired survivor size 32768 bytes, new threshold 15 (max 15)
- age   1:         24 bytes,         24 total
- age   4:        184 bytes,        208 total
- age  10:         16 bytes,        224 total
: 445K->0K(960K), 0.0006352 secs] 6972K->6526K(10176K), 0.0007321 secs] [Times: user=0.00 sys=0.00, real=0.00 secs] 
2019-01-02T11:12:48.021+0530: 835.923: [GC (Allocation Failure) 2019-01-02T11:12:48.021+0530: 835.923: [DefNew
Desired survivor size 32768 bytes, new threshold 15 (max 15)
- age   2:         24 bytes,         24 total
- age   5:        184 bytes,        208 total
- age  11:         16 bytes,        224 total
: 493K->0K(960K), 0.0003421 secs] 7019K->7019K(10176K), 0.0004168 secs] [Times: user=0.00 sys=0.00, real=0.00 secs] 
2019-01-02T11:12:48.021+0530: 835.924: [GC (Allocation Failure) 2019-01-02T11:12:48.021+0530: 835.924: [DefNew
Desired survivor size 32768 bytes, new threshold 15 (max 15)
- age   1:         24 bytes,         24 total
- age   6:         72 bytes,         96 total
- age  12:         16 bytes,        112 total
: 511K->0K(960K), 0.0003313 secs] 7530K->7512K(10176K), 0.0004042 secs] [Times: user=0.00 sys=0.00, real=0.00 secs] 
2019-01-02T11:12:48.079+0530: 835.981: [GC (Allocation Failure) 2019-01-02T11:12:48.079+0530: 835.981: [DefNew
Desired survivor size 32768 bytes, new threshold 15 (max 15)
- age   1:        248 bytes,        248 total
- age   7:         16 bytes,        264 total
- age  13:         16 bytes,        280 total
: 848K->0K(960K), 0.0007030 secs] 8361K->7584K(10176K), 0.0019967 secs] [Times: user=0.00 sys=0.00, real=0.00 secs] 
2019-01-02T11:12:48.083+0530: 835.985: [GC (Allocation Failure) 2019-01-02T11:12:48.083+0530: 835.986: [DefNew
Desired survivor size 32768 bytes, new threshold 15 (max 15)
- age   2:        184 bytes,        184 total
- age   8:         16 bytes,        200 total
- age  14:         16 bytes,        216 total
: 896K->0K(960K), 0.0007663 secs] 8480K->7872K(10176K), 0.0010314 secs] [Times: user=0.00 sys=0.00, real=0.00 secs] 
2019-01-02T11:12:48.085+0530: 835.988: [GC (Allocation Failure) 2019-01-02T11:12:48.086+0530: 835.988: [DefNew
Desired survivor size 32768 bytes, new threshold 15 (max 15)
- age   1:         40 bytes,         40 total
- age   3:        184 bytes,        224 total
- age   9:         16 bytes,        240 total
- age  15:         16 bytes,        256 total
: 896K->0K(960K), 0.0007857 secs] 8768K->8448K(10176K), 0.0009373 secs] [Times: user=0.00 sys=0.00, real=0.00 secs] 
2019-01-02T11:12:48.088+0530: 835.990: [GC (Allocation Failure) 2019-01-02T11:12:48.088+0530: 835.990: [DefNew
Desired survivor size 32768 bytes, new threshold 15 (max 15)
- age   1:         24 bytes,         24 total
- age   4:        184 bytes,        208 total
- age  10:         16 bytes,        224 total
: 446K->0K(960K), 0.0004419 secs] 8895K->8448K(10176K), 0.0006374 secs] [Times: user=0.00 sys=0.00, real=0.00 secs] 
2019-01-02T11:12:48.089+0530: 835.991: [GC (Allocation Failure) 2019-01-02T11:12:48.089+0530: 835.991: [DefNew
Desired survivor size 32768 bytes, new threshold 15 (max 15)
- age   2:         24 bytes,         24 total
- age   5:        184 bytes,        208 total
- age  11:         16 bytes,        224 total
: 493K->0K(960K), 0.0003797 secs] 8942K->8942K(10176K), 0.0004521 secs] [Times: user=0.00 sys=0.00, real=0.00 secs] 
2019-01-02T11:12:48.090+0530: 835.992: [GC (Allocation Failure) 2019-01-02T11:12:48.090+0530: 835.992: [DefNew: 511K->511K(960K), 0.0000274 secs]2019-01-02T11:12:48.090+0530: 835.992: [Tenured: 8941K->1252K(9216K), 0.0036456 secs] 9453K->1252K(10176K), [Metaspace: 2520K->2520K(1056768K)], 0.0037944 secs] [Times: user=0.02 sys=0.00, real=0.00 secs] 
2019-01-02T11:12:48.150+0530: 836.052: [GC (Allocation Failure) 2019-01-02T11:12:48.150+0530: 836.053: [DefNew
Desired survivor size 32768 bytes, new threshold 15 (max 15)
- age   1:        248 bytes,        248 total
: 849K->0K(960K), 0.0012806 secs] 2101K->1818K(10176K), 0.0019385 secs] [Times: user=0.00 sys=0.00, real=0.00 secs] 
2019-01-02T11:12:48.153+0530: 836.056: [GC (Allocation Failure) 2019-01-02T11:12:48.153+0530: 836.056: [DefNew
Desired survivor size 32768 bytes, new threshold 15 (max 15)
- age   1:         40 bytes,         40 total
- age   2:        184 bytes,        224 total
: 896K->0K(960K), 0.0005719 secs] 2714K->2106K(10176K), 0.0006984 secs] [Times: user=0.00 sys=0.00, real=0.00 secs] 
2019-01-02T11:12:48.155+0530: 836.057: [GC (Allocation Failure) 2019-01-02T11:12:48.155+0530: 836.058: [DefNew
Desired survivor size 32768 bytes, new threshold 15 (max 15)
- age   1:         40 bytes,         40 total
- age   3:        184 bytes,        224 total
: 896K->0K(960K), 0.0011557 secs] 3002K->2682K(10176K), 0.0013661 secs] [Times: user=0.02 sys=0.00, real=0.00 secs] 
2019-01-02T11:12:48.158+0530: 836.060: [GC (Allocation Failure) 2019-01-02T11:12:48.158+0530: 836.060: [DefNew
Desired survivor size 32768 bytes, new threshold 15 (max 15)
- age   1:         24 bytes,         24 total
- age   4:        184 bytes,        208 total
: 445K->0K(960K), 0.0004339 secs] 3127K->2682K(10176K), 0.0005588 secs] [Times: user=0.00 sys=0.00, real=0.00 secs] 
2019-01-02T11:12:48.159+0530: 836.061: [GC (Allocation Failure) 2019-01-02T11:12:48.159+0530: 836.061: [DefNew
Desired survivor size 32768 bytes, new threshold 15 (max 15)
- age   2:         24 bytes,         24 total
- age   5:        184 bytes,        208 total
: 493K->0K(960K), 0.0003267 secs] 3175K->3175K(10176K), 0.0003831 secs] [Times: user=0.00 sys=0.00, real=0.00 secs] 
2019-01-02T11:12:48.160+0530: 836.062: [GC (Allocation Failure) 2019-01-02T11:12:48.160+0530: 836.062: [DefNew
Desired survivor size 32768 bytes, new threshold 15 (max 15)
- age   1:         24 bytes,         24 total
- age   6:         72 bytes,         96 total
: 511K->0K(960K), 0.0003147 secs] 3686K->3668K(10176K), 0.0003860 secs] [Times: user=0.00 sys=0.00, real=0.00 secs] 
2019-01-02T11:12:48.218+0530: 836.120: [GC (Allocation Failure) 2019-01-02T11:12:48.218+0530: 836.120: [DefNew
Desired survivor size 32768 bytes, new threshold 15 (max 15)
- age   1:        248 bytes,        248 total
- age   7:         16 bytes,        264 total
: 848K->0K(960K), 0.0005263 secs] 4517K->3740K(10176K), 0.0008478 secs] [Times: user=0.01 sys=0.00, real=0.00 secs] 
2019-01-02T11:12:48.220+0530: 836.123: [GC (Allocation Failure) 2019-01-02T11:12:48.220+0530: 836.123: [DefNew
Desired survivor size 32768 bytes, new threshold 15 (max 15)
- age   2:        184 bytes,        184 total
- age   8:         16 bytes,        200 total
: 896K->0K(960K), 0.0010571 secs] 4636K->4028K(10176K), 0.0012532 secs] [Times: user=0.00 sys=0.00, real=0.00 secs] 
2019-01-02T11:12:48.223+0530: 836.125: [GC (Allocation Failure) 2019-01-02T11:12:48.223+0530: 836.126: [DefNew
Desired survivor size 32768 bytes, new threshold 15 (max 15)
- age   1:         40 bytes,         40 total
- age   3:        184 bytes,        224 total
- age   9:         16 bytes,        240 total
: 896K->0K(960K), 0.0011272 secs] 4924K->4604K(10176K), 0.0012749 secs] [Times: user=0.00 sys=0.00, real=0.00 secs] 
2019-01-02T11:12:48.226+0530: 836.128: [GC (Allocation Failure) 2019-01-02T11:12:48.226+0530: 836.128: [DefNew
Desired survivor size 32768 bytes, new threshold 15 (max 15)
- age   1:         24 bytes,         24 total
- age   4:        184 bytes,        208 total
- age  10:         16 bytes,        224 total
: 446K->0K(960K), 0.0002634 secs] 5051K->4604K(10176K), 0.0003472 secs] [Times: user=0.00 sys=0.00, real=0.00 secs] 
2019-01-02T11:12:48.226+0530: 836.129: [GC (Allocation Failure) 2019-01-02T11:12:48.226+0530: 836.129: [DefNew
Desired survivor size 32768 bytes, new threshold 15 (max 15)
- age   2:         24 bytes,         24 total
- age   5:        184 bytes,        208 total
- age  11:         16 bytes,        224 total
: 493K->0K(960K), 0.0003290 secs] 5097K->5097K(10176K), 0.0003843 secs] [Times: user=0.00 sys=0.00, real=0.00 secs] 
2019-01-02T11:12:48.227+0530: 836.130: [GC (Allocation Failure) 2019-01-02T11:12:48.227+0530: 836.130: [DefNew
Desired survivor size 32768 bytes, new threshold 15 (max 15)
- age   1:         24 bytes,         24 total
- age   6:         72 bytes,         96 total
- age  12:         16 bytes,        112 total
: 511K->0K(960K), 0.0003096 secs] 5608K->5591K(10176K), 0.0003621 secs] [Times: user=0.00 sys=0.00, real=0.00 secs] 
2019-01-02T11:12:48.284+0530: 836.186: [GC (Allocation Failure) 2019-01-02T11:12:48.284+0530: 836.186: [DefNew
Desired survivor size 32768 bytes, new threshold 15 (max 15)
- age   1:        248 bytes,        248 total
- age   7:         16 bytes,        264 total
- age  13:         16 bytes,        280 total
: 849K->0K(960K), 0.0004265 secs] 6440K->5663K(10176K), 0.0007572 secs] [Times: user=0.00 sys=0.00, real=0.00 secs] 
2019-01-02T11:12:48.286+0530: 836.189: [GC (Allocation Failure) 2019-01-02T11:12:48.286+0530: 836.189: [DefNew
Desired survivor size 32768 bytes, new threshold 15 (max 15)
- age   1:         40 bytes,         40 total
- age   2:        184 bytes,        224 total
- age   8:         16 bytes,        240 total
- age  14:         16 bytes,        256 total
: 896K->0K(960K), 0.0007868 secs] 6559K->5951K(10176K), 0.0008997 secs] [Times: user=0.00 sys=0.00, real=0.00 secs] 
2019-01-02T11:12:48.288+0530: 836.191: [GC (Allocation Failure) 2019-01-02T11:12:48.289+0530: 836.191: [DefNew
Desired survivor size 32768 bytes, new threshold 15 (max 15)
- age   1:         40 bytes,         40 total
- age   3:        184 bytes,        224 total
- age   9:         16 bytes,        240 total
- age  15:         16 bytes,        256 total
: 896K->0K(960K), 0.0010405 secs] 6847K->6527K(10176K), 0.0012663 secs] [Times: user=0.00 sys=0.00, real=0.00 secs] 
2019-01-02T11:12:48.291+0530: 836.194: [GC (Allocation Failure) 2019-01-02T11:12:48.291+0530: 836.194: [DefNew
Desired survivor size 32768 bytes, new threshold 15 (max 15)
- age   1:         24 bytes,         24 total
- age   4:        184 bytes,        208 total
- age  10:         16 bytes,        224 total
: 445K->0K(960K), 0.0006728 secs] 6972K->6527K(10176K), 0.0008535 secs] [Times: user=0.00 sys=0.00, real=0.00 secs] 
2019-01-02T11:12:48.292+0530: 836.195: [GC (Allocation Failure) 2019-01-02T11:12:48.292+0530: 836.195: [DefNew
Desired survivor size 32768 bytes, new threshold 15 (max 15)
- age   2:         24 bytes,         24 total
- age   5:        184 bytes,        208 total
- age  11:         16 bytes,        224 total
: 493K->0K(960K), 0.0003347 secs] 7020K->7020K(10176K), 0.0003917 secs] [Times: user=0.00 sys=0.00, real=0.00 secs] 
2019-01-02T11:12:48.293+0530: 836.196: [GC (Allocation Failure) 2019-01-02T11:12:48.293+0530: 836.196: [DefNew
Desired survivor size 32768 bytes, new threshold 15 (max 15)
- age   1:         24 bytes,         24 total
- age   6:         72 bytes,         96 total
- age  12:         16 bytes,        112 total
: 511K->0K(960K), 0.0003164 secs] 7531K->7513K(10176K), 0.0003786 secs] [Times: user=0.00 sys=0.00, real=0.00 secs] 
2019-01-02T11:12:48.347+0530: 836.250: [GC (Allocation Failure) 2019-01-02T11:12:48.347+0530: 836.250: [DefNew
Desired survivor size 32768 bytes, new threshold 15 (max 15)
- age   1:        248 bytes,        248 total
- age   7:         16 bytes,        264 total
- age  13:         16 bytes,        280 total
: 848K->0K(960K), 0.0006682 secs] 8362K->7585K(10176K), 0.0010742 secs] [Times: user=0.00 sys=0.00, real=0.00 secs] 
2019-01-02T11:12:48.350+0530: 836.253: [GC (Allocation Failure) 2019-01-02T11:12:48.350+0530: 836.253: [DefNew
Desired survivor size 32768 bytes, new threshold 15 (max 15)
- age   2:        184 bytes,        184 total
- age   8:         16 bytes,        200 total
- age  14:         16 bytes,        216 total
: 896K->0K(960K), 0.0007731 secs] 8481K->7873K(10176K), 0.0011346 secs] [Times: user=0.00 sys=0.00, real=0.00 secs] 
2019-01-02T11:12:48.353+0530: 836.256: [GC (Allocation Failure) 2019-01-02T11:12:48.353+0530: 836.256: [DefNew
Desired survivor size 32768 bytes, new threshold 15 (max 15)
- age   1:         40 bytes,         40 total
- age   3:        184 bytes,        224 total
- age   9:         16 bytes,        240 total
- age  15:         16 bytes,        256 total
: 896K->0K(960K), 0.0008079 secs] 8769K->8449K(10176K), 0.0009533 secs] [Times: user=0.00 sys=0.00, real=0.00 secs] 
2019-01-02T11:12:48.355+0530: 836.258: [GC (Allocation Failure) 2019-01-02T11:12:48.355+0530: 836.258: [DefNew
Desired survivor size 32768 bytes, new threshold 15 (max 15)
- age   1:         24 bytes,         24 total
- age   4:        184 bytes,        208 total
- age  10:         16 bytes,        224 total
: 446K->0K(960K), 0.0006563 secs] 8896K->8449K(10176K), 0.0008227 secs] [Times: user=0.00 sys=0.00, real=0.00 secs] 
2019-01-02T11:12:48.357+0530: 836.260: [GC (Allocation Failure) 2019-01-02T11:12:48.357+0530: 836.260: [DefNew
Desired survivor size 32768 bytes, new threshold 15 (max 15)
- age   2:         24 bytes,         24 total
- age   5:        184 bytes,        208 total
- age  11:         16 bytes,        224 total
: 493K->0K(960K), 0.0003985 secs] 8942K->8942K(10176K), 0.0005103 secs] [Times: user=0.00 sys=0.00, real=0.00 secs] 
2019-01-02T11:12:48.358+0530: 836.260: [GC (Allocation Failure) 2019-01-02T11:12:48.358+0530: 836.261: [DefNew: 511K->511K(960K), 0.0000376 secs]2019-01-02T11:12:48.358+0530: 836.261: [Tenured: 8942K->1253K(9216K), 0.0036513 secs] 9454K->1253K(10176K), [Metaspace: 2520K->2520K(1056768K)], 0.0038149 secs] [Times: user=0.02 sys=0.00, real=0.00 secs] 
2019-01-02T11:12:48.417+0530: 836.319: [GC (Allocation Failure) 2019-01-02T11:12:48.417+0530: 836.319: [DefNew
Desired survivor size 32768 bytes, new threshold 15 (max 15)
- age   1:        248 bytes,        248 total
: 849K->0K(960K), 0.0014015 secs] 2102K->1818K(10176K), 0.0016900 secs] [Times: user=0.00 sys=0.00, real=0.00 secs] 
2019-01-02T11:12:48.420+0530: 836.322: [GC (Allocation Failure) 2019-01-02T11:12:48.420+0530: 836.322: [DefNew
Desired survivor size 32768 bytes, new threshold 15 (max 15)
- age   1:         40 bytes,         40 total
- age   2:        184 bytes,        224 total
: 896K->0K(960K), 0.0007674 secs] 2714K->2106K(10176K), 0.0008951 secs] [Times: user=0.00 sys=0.00, real=0.00 secs] 
2019-01-02T11:12:48.422+0530: 836.325: [GC (Allocation Failure) 2019-01-02T11:12:48.422+0530: 836.325: [DefNew
Desired survivor size 32768 bytes, new threshold 15 (max 15)
- age   1:         40 bytes,         40 total
- age   3:        184 bytes,        224 total
: 896K->0K(960K), 0.0010554 secs] 3002K->2682K(10176K), 0.0011876 secs] [Times: user=0.00 sys=0.00, real=0.00 secs] 
2019-01-02T11:12:48.425+0530: 836.327: [GC (Allocation Failure) 2019-01-02T11:12:48.425+0530: 836.327: [DefNew
Desired survivor size 32768 bytes, new threshold 15 (max 15)
- age   1:         24 bytes,         24 total
- age   4:        184 bytes,        208 total
: 445K->0K(960K), 0.0003022 secs] 3127K->2682K(10176K), 0.0003934 secs] [Times: user=0.00 sys=0.00, real=0.00 secs] 
2019-01-02T11:12:48.426+0530: 836.328: [GC (Allocation Failure) 2019-01-02T11:12:48.426+0530: 836.328: [DefNew
Desired survivor size 32768 bytes, new threshold 15 (max 15)
- age   2:         24 bytes,         24 total
- age   5:        184 bytes,        208 total
: 493K->0K(960K), 0.0003415 secs] 3175K->3175K(10176K), 0.0004282 secs] [Times: user=0.00 sys=0.00, real=0.00 secs] 
2019-01-02T11:12:48.426+0530: 836.329: [GC (Allocation Failure) 2019-01-02T11:12:48.426+0530: 836.329: [DefNew
Desired survivor size 32768 bytes, new threshold 15 (max 15)
- age   1:         24 bytes,         24 total
- age   6:         72 bytes,         96 total
: 511K->0K(960K), 0.0003273 secs] 3686K->3668K(10176K), 0.0003997 secs] [Times: user=0.00 sys=0.00, real=0.00 secs] 
2019-01-02T11:12:48.481+0530: 836.384: [GC (Allocation Failure) 2019-01-02T11:12:48.481+0530: 836.384: [DefNew
Desired survivor size 32768 bytes, new threshold 15 (max 15)
- age   1:        248 bytes,        248 total
- age   7:         16 bytes,        264 total
: 848K->0K(960K), 0.0012002 secs] 4517K->3741K(10176K), 0.0015052 secs] [Times: user=0.00 sys=0.00, real=0.00 secs] 
2019-01-02T11:12:48.485+0530: 836.387: [GC (Allocation Failure) 2019-01-02T11:12:48.485+0530: 836.387: [DefNew
Desired survivor size 32768 bytes, new threshold 15 (max 15)
- age   2:        184 bytes,        184 total
- age   8:         16 bytes,        200 total
: 896K->0K(960K), 0.0009180 secs] 4637K->4029K(10176K), 0.0010759 secs] [Times: user=0.00 sys=0.00, real=0.00 secs] 
2019-01-02T11:12:48.487+0530: 836.390: [GC (Allocation Failure) 2019-01-02T11:12:48.487+0530: 836.390: [DefNew
Desired survivor size 32768 bytes, new threshold 15 (max 15)
- age   1:         40 bytes,         40 total
- age   3:        184 bytes,        224 total
- age   9:         16 bytes,        240 total
: 896K->0K(960K), 0.0008558 secs] 4925K->4605K(10176K), 0.0009898 secs] [Times: user=0.00 sys=0.00, real=0.00 secs] 
2019-01-02T11:12:48.489+0530: 836.392: [GC (Allocation Failure) 2019-01-02T11:12:48.490+0530: 836.392: [DefNew
Desired survivor size 32768 bytes, new threshold 15 (max 15)
- age   1:         24 bytes,         24 total
- age   4:        184 bytes,        208 total
- age  10:         16 bytes,        224 total
: 446K->0K(960K), 0.0008085 secs] 5051K->4605K(10176K), 0.0009448 secs] [Times: user=0.00 sys=0.00, real=0.00 secs] 
2019-01-02T11:12:48.491+0530: 836.394: [GC (Allocation Failure) 2019-01-02T11:12:48.491+0530: 836.394: [DefNew
Desired survivor size 32768 bytes, new threshold 15 (max 15)
- age   2:         24 bytes,         24 total
- age   5:        184 bytes,        208 total
- age  11:         16 bytes,        224 total
: 493K->0K(960K), 0.0003666 secs] 5098K->5098K(10176K), 0.0004647 secs] [Times: user=0.00 sys=0.00, real=0.00 secs] 
2019-01-02T11:12:48.492+0530: 836.395: [GC (Allocation Failure) 2019-01-02T11:12:48.492+0530: 836.395: [DefNew
Desired survivor size 32768 bytes, new threshold 15 (max 15)
- age   1:         24 bytes,         24 total
- age   6:         72 bytes,         96 total
- age  12:         16 bytes,        112 total
: 511K->0K(960K), 0.0003375 secs] 5609K->5591K(10176K), 0.0004122 secs] [Times: user=0.00 sys=0.00, real=0.00 secs] 
2019-01-02T11:12:48.547+0530: 836.449: [GC (Allocation Failure) 2019-01-02T11:12:48.547+0530: 836.449: [DefNew
Desired survivor size 32768 bytes, new threshold 15 (max 15)
- age   1:        248 bytes,        248 total
- age   7:         16 bytes,        264 total
- age  13:         16 bytes,        280 total
: 849K->0K(960K), 0.0006306 secs] 6440K->5663K(10176K), 0.0009955 secs] [Times: user=0.00 sys=0.00, real=0.00 secs] 
2019-01-02T11:12:48.550+0530: 836.452: [GC (Allocation Failure) 2019-01-02T11:12:48.550+0530: 836.452: [DefNew
Desired survivor size 32768 bytes, new threshold 15 (max 15)
- age   1:         40 bytes,         40 total
- age   2:        184 bytes,        224 total
- age   8:         16 bytes,        240 total
- age  14:         16 bytes,        256 total
: 896K->0K(960K), 0.0009778 secs] 6559K->5951K(10176K), 0.0012903 secs] [Times: user=0.00 sys=0.00, real=0.00 secs] 
2019-01-02T11:12:48.552+0530: 836.455: [GC (Allocation Failure) 2019-01-02T11:12:48.552+0530: 836.455: [DefNew
Desired survivor size 32768 bytes, new threshold 15 (max 15)
- age   1:         40 bytes,         40 total
- age   3:        184 bytes,        224 total
- age   9:         16 bytes,        240 total
- age  15:         16 bytes,        256 total
: 896K->0K(960K), 0.0006853 secs] 6847K->6527K(10176K), 0.0007845 secs] [Times: user=0.00 sys=0.00, real=0.00 secs] 
2019-01-02T11:12:48.554+0530: 836.457: [GC (Allocation Failure) 2019-01-02T11:12:48.555+0530: 836.457: [DefNew
Desired survivor size 32768 bytes, new threshold 15 (max 15)
- age   1:         24 bytes,         24 total
- age   4:        184 bytes,        208 total
- age  10:         16 bytes,        224 total
: 445K->0K(960K), 0.0005029 secs] 6973K->6527K(10176K), 0.0006152 secs] [Times: user=0.00 sys=0.00, real=0.00 secs] 
2019-01-02T11:12:48.556+0530: 836.458: [GC (Allocation Failure) 2019-01-02T11:12:48.556+0530: 836.458: [DefNew
Desired survivor size 32768 bytes, new threshold 15 (max 15)
- age   2:         24 bytes,         24 total
- age   5:        184 bytes,        208 total
- age  11:         16 bytes,        224 total
: 493K->0K(960K), 0.0003495 secs] 7021K->7021K(10176K), 0.0004231 secs] [Times: user=0.00 sys=0.00, real=0.00 secs] 
2019-01-02T11:12:48.557+0530: 836.459: [GC (Allocation Failure) 2019-01-02T11:12:48.557+0530: 836.459: [DefNew
Desired survivor size 32768 bytes, new threshold 15 (max 15)
- age   1:         24 bytes,         24 total
- age   6:         72 bytes,         96 total
- age  12:         16 bytes,        112 total
: 511K->0K(960K), 0.0003261 secs] 7532K->7514K(10176K), 0.0003985 secs] [Times: user=0.00 sys=0.00, real=0.00 secs] 
2019-01-02T11:12:48.621+0530: 836.524: [GC (Allocation Failure) 2019-01-02T11:12:48.621+0530: 836.524: [DefNew
Desired survivor size 32768 bytes, new threshold 15 (max 15)
- age   1:        248 bytes,        248 total
- age   7:         16 bytes,        264 total
- age  13:         16 bytes,        280 total
: 848K->0K(960K), 0.0009983 secs] 8363K->7586K(10176K), 0.0013399 secs] [Times: user=0.00 sys=0.00, real=0.00 secs] 
2019-01-02T11:12:48.625+0530: 836.527: [GC (Allocation Failure) 2019-01-02T11:12:48.625+0530: 836.527: [DefNew
Desired survivor size 32768 bytes, new threshold 15 (max 15)
- age   2:        184 bytes,        184 total
- age   8:         16 bytes,        200 total
- age  14:         16 bytes,        216 total
: 896K->0K(960K), 0.0005724 secs] 8482K->7874K(10176K), 0.0008695 secs] [Times: user=0.00 sys=0.00, real=0.00 secs] 
2019-01-02T11:12:48.627+0530: 836.530: [GC (Allocation Failure) 2019-01-02T11:12:48.627+0530: 836.530: [DefNew
Desired survivor size 32768 bytes, new threshold 15 (max 15)
- age   1:         40 bytes,         40 total
- age   3:        184 bytes,        224 total
- age   9:         16 bytes,        240 total
- age  15:         16 bytes,        256 total
: 896K->0K(960K), 0.0010394 secs] 8770K->8450K(10176K), 0.0011945 secs] [Times: user=0.00 sys=0.00, real=0.00 secs] 
2019-01-02T11:12:48.629+0530: 836.532: [GC (Allocation Failure) 2019-01-02T11:12:48.629+0530: 836.532: [DefNew
Desired survivor size 32768 bytes, new threshold 15 (max 15)
- age   1:         24 bytes,         24 total
- age   4:        184 bytes,        208 total
- age  10:         16 bytes,        224 total
: 446K->0K(960K), 0.0002651 secs] 8896K->8450K(10176K), 0.0003421 secs] [Times: user=0.00 sys=0.00, real=0.00 secs] 
2019-01-02T11:12:48.630+0530: 836.533: [GC (Allocation Failure) 2019-01-02T11:12:48.630+0530: 836.533: [DefNew
Desired survivor size 32768 bytes, new threshold 15 (max 15)
- age   2:         24 bytes,         24 total
- age   5:        184 bytes,        208 total
- age  11:         16 bytes,        224 total
: 493K->0K(960K), 0.0003432 secs] 8943K->8943K(10176K), 0.0004270 secs] [Times: user=0.00 sys=0.00, real=0.00 secs] 
2019-01-02T11:12:48.631+0530: 836.534: [GC (Allocation Failure) 2019-01-02T11:12:48.631+0530: 836.534: [DefNew: 511K->511K(960K), 0.0000342 secs]2019-01-02T11:12:48.631+0530: 836.534: [Tenured: 8943K->1253K(9216K), 0.0043178 secs] 9454K->1253K(10176K), [Metaspace: 2520K->2520K(1056768K)], 0.0045932 secs] [Times: user=0.00 sys=0.00, real=0.00 secs] 
2019-01-02T11:12:48.691+0530: 836.593: [GC (Allocation Failure) 2019-01-02T11:12:48.691+0530: 836.594: [DefNew
Desired survivor size 32768 bytes, new threshold 15 (max 15)
- age   1:        248 bytes,        248 total
: 849K->0K(960K), 0.0011688 secs] 2102K->1818K(10176K), 0.0014516 secs] [Times: user=0.00 sys=0.00, real=0.00 secs] 
2019-01-02T11:12:48.694+0530: 836.596: [GC (Allocation Failure) 2019-01-02T11:12:48.694+0530: 836.596: [DefNew
Desired survivor size 32768 bytes, new threshold 15 (max 15)
- age   1:         40 bytes,         40 total
- age   2:        184 bytes,        224 total
: 896K->0K(960K), 0.0009083 secs] 2714K->2106K(10176K), 0.0010423 secs] [Times: user=0.00 sys=0.00, real=0.00 secs] 
2019-01-02T11:12:48.696+0530: 836.598: [GC (Allocation Failure) 2019-01-02T11:12:48.696+0530: 836.598: [DefNew
Desired survivor size 32768 bytes, new threshold 15 (max 15)
- age   1:         40 bytes,         40 total
- age   3:        184 bytes,        224 total
: 896K->0K(960K), 0.0003467 secs] 3002K->2682K(10176K), 0.0004060 secs] [Times: user=0.00 sys=0.00, real=0.00 secs] 
2019-01-02T11:12:48.697+0530: 836.600: [GC (Allocation Failure) 2019-01-02T11:12:48.697+0530: 836.600: [DefNew
Desired survivor size 32768 bytes, new threshold 15 (max 15)
- age   1:         24 bytes,         24 total
- age   4:        184 bytes,        208 total
: 445K->0K(960K), 0.0002104 secs] 3128K->2682K(10176K), 0.0002594 secs] [Times: user=0.00 sys=0.00, real=0.00 secs] 
2019-01-02T11:12:48.698+0530: 836.600: [GC (Allocation Failure) 2019-01-02T11:12:48.698+0530: 836.600: [DefNew
Desired survivor size 32768 bytes, new threshold 15 (max 15)
- age   2:         24 bytes,         24 total
- age   5:        184 bytes,        208 total
: 493K->0K(960K), 0.0002965 secs] 3176K->3176K(10176K), 0.0003461 secs] [Times: user=0.00 sys=0.00, real=0.00 secs] 
2019-01-02T11:12:48.698+0530: 836.601: [GC (Allocation Failure) 2019-01-02T11:12:48.699+0530: 836.601: [DefNew
Desired survivor size 32768 bytes, new threshold 15 (max 15)
- age   1:         24 bytes,         24 total
- age   6:         72 bytes,         96 total
: 511K->0K(960K), 0.0002851 secs] 3687K->3669K(10176K), 0.0003392 secs] [Times: user=0.00 sys=0.00, real=0.00 secs] 
2019-01-02T11:12:48.756+0530: 836.658: [GC (Allocation Failure) 2019-01-02T11:12:48.756+0530: 836.659: [DefNew
Desired survivor size 32768 bytes, new threshold 15 (max 15)
- age   1:        248 bytes,        248 total
- age   7:         16 bytes,        264 total
: 848K->0K(960K), 0.0007737 secs] 4518K->3741K(10176K), 0.0009219 secs] [Times: user=0.00 sys=0.00, real=0.00 secs] 
2019-01-02T11:12:48.758+0530: 836.661: [GC (Allocation Failure) 2019-01-02T11:12:48.758+0530: 836.661: [DefNew
Desired survivor size 32768 bytes, new threshold 15 (max 15)
- age   2:        184 bytes,        184 total
- age   8:         16 bytes,        200 total
: 896K->0K(960K), 0.0011683 secs] 4637K->4029K(10176K), 0.0013855 secs] [Times: user=0.00 sys=0.00, real=0.00 secs] 
2019-01-02T11:12:48.761+0530: 836.664: [GC (Allocation Failure) 2019-01-02T11:12:48.761+0530: 836.664: [DefNew
Desired survivor size 32768 bytes, new threshold 15 (max 15)
- age   1:         40 bytes,         40 total
- age   3:        184 bytes,        224 total
- age   9:         16 bytes,        240 total
: 896K->0K(960K), 0.0006534 secs] 4925K->4605K(10176K), 0.0008404 secs] [Times: user=0.00 sys=0.00, real=0.00 secs] 
2019-01-02T11:12:48.763+0530: 836.666: [GC (Allocation Failure) 2019-01-02T11:12:48.763+0530: 836.666: [DefNew
Desired survivor size 32768 bytes, new threshold 15 (max 15)
- age   1:         24 bytes,         24 total
- age   4:        184 bytes,        208 total
- age  10:         16 bytes,        224 total
: 446K->0K(960K), 0.0002503 secs] 5051K->4605K(10176K), 0.0003130 secs] [Times: user=0.00 sys=0.00, real=0.00 secs] 
2019-01-02T11:12:48.764+0530: 836.667: [GC (Allocation Failure) 2019-01-02T11:12:48.764+0530: 836.667: [DefNew
Desired survivor size 32768 bytes, new threshold 15 (max 15)
- age   2:         24 bytes,         24 total
- age   5:        184 bytes,        208 total
- age  11:         16 bytes,        224 total
: 493K->0K(960K), 0.0003124 secs] 5098K->5098K(10176K), 0.0003672 secs] [Times: user=0.01 sys=0.00, real=0.00 secs] 
2019-01-02T11:12:48.765+0530: 836.667: [GC (Allocation Failure) 2019-01-02T11:12:48.765+0530: 836.667: [DefNew
Desired survivor size 32768 bytes, new threshold 15 (max 15)
- age   1:         24 bytes,         24 total
- age   6:         72 bytes,         96 total
- age  12:         16 bytes,        112 total
: 511K->0K(960K), 0.0003005 secs] 5610K->5592K(10176K), 0.0003581 secs] [Times: user=0.00 sys=0.00, real=0.00 secs] 
2019-01-02T11:12:48.819+0530: 836.721: [GC (Allocation Failure) 2019-01-02T11:12:48.819+0530: 836.721: [DefNew
Desired survivor size 32768 bytes, new threshold 15 (max 15)
- age   1:        248 bytes,        248 total
- age   7:         16 bytes,        264 total
- age  13:         16 bytes,        280 total
: 849K->0K(960K), 0.0006220 secs] 6441K->5664K(10176K), 0.0009402 secs] [Times: user=0.00 sys=0.00, real=0.00 secs] 
2019-01-02T11:12:48.822+0530: 836.725: [GC (Allocation Failure) 2019-01-02T11:12:48.822+0530: 836.725: [DefNew
Desired survivor size 32768 bytes, new threshold 15 (max 15)
- age   1:         40 bytes,         40 total
- age   2:        184 bytes,        224 total
- age   8:         16 bytes,        240 total
- age  14:         16 bytes,        256 total
: 896K->0K(960K), 0.0007463 secs] 6560K->5952K(10176K), 0.0008587 secs] [Times: user=0.00 sys=0.00, real=0.00 secs] 
2019-01-02T11:12:48.824+0530: 836.727: [GC (Allocation Failure) 2019-01-02T11:12:48.824+0530: 836.727: [DefNew
Desired survivor size 32768 bytes, new threshold 15 (max 15)
- age   1:         40 bytes,         40 total
- age   3:        184 bytes,        224 total
- age   9:         16 bytes,        240 total
- age  15:         16 bytes,        256 total
: 896K->0K(960K), 0.0010713 secs] 6848K->6528K(10176K), 0.0012070 secs] [Times: user=0.00 sys=0.00, real=0.00 secs] 
2019-01-02T11:12:48.827+0530: 836.729: [GC (Allocation Failure) 2019-01-02T11:12:48.827+0530: 836.729: [DefNew
Desired survivor size 32768 bytes, new threshold 15 (max 15)
- age   1:         24 bytes,         24 total
- age   4:        184 bytes,        208 total
- age  10:         16 bytes,        224 total
: 445K->0K(960K), 0.0003113 secs] 6973K->6528K(10176K), 0.0004253 secs] [Times: user=0.00 sys=0.00, real=0.00 secs] 
2019-01-02T11:12:48.828+0530: 836.730: [GC (Allocation Failure) 2019-01-02T11:12:48.828+0530: 836.730: [DefNew
Desired survivor size 32768 bytes, new threshold 15 (max 15)
- age   2:         24 bytes,         24 total
- age   5:        184 bytes,        208 total
- age  11:         16 bytes,        224 total
: 493K->0K(960K), 0.0003449 secs] 7021K->7021K(10176K), 0.0004071 secs] [Times: user=0.00 sys=0.00, real=0.00 secs] 
2019-01-02T11:12:48.828+0530: 836.731: [GC (Allocation Failure) 2019-01-02T11:12:48.828+0530: 836.731: [DefNew
Desired survivor size 32768 bytes, new threshold 15 (max 15)
- age   1:         24 bytes,         24 total
- age   6:         72 bytes,         96 total
- age  12:         16 bytes,        112 total
: 511K->0K(960K), 0.0003102 secs] 7532K->7514K(10176K), 0.0003621 secs] [Times: user=0.00 sys=0.00, real=0.00 secs] 
2019-01-02T11:12:48.883+0530: 836.786: [GC (Allocation Failure) 2019-01-02T11:12:48.884+0530: 836.786: [DefNew
Desired survivor size 32768 bytes, new threshold 15 (max 15)
- age   1:        248 bytes,        248 total
- age   7:         16 bytes,        264 total
- age  13:         16 bytes,        280 total
: 848K->0K(960K), 0.0008011 secs] 8363K->7587K(10176K), 0.0013695 secs] [Times: user=0.00 sys=0.00, real=0.00 secs] 
2019-01-02T11:12:48.887+0530: 836.790: [GC (Allocation Failure) 2019-01-02T11:12:48.887+0530: 836.790: [DefNew
Desired survivor size 32768 bytes, new threshold 15 (max 15)
- age   2:        184 bytes,        184 total
- age   8:         16 bytes,        200 total
- age  14:         16 bytes,        216 total
: 896K->0K(960K), 0.0007959 secs] 8483K->7875K(10176K), 0.0011705 secs] [Times: user=0.00 sys=0.00, real=0.00 secs] 
2019-01-02T11:12:48.890+0530: 836.792: [GC (Allocation Failure) 2019-01-02T11:12:48.890+0530: 836.792: [DefNew
Desired survivor size 32768 bytes, new threshold 15 (max 15)
- age   1:         40 bytes,         40 total
- age   3:        184 bytes,        224 total
- age   9:         16 bytes,        240 total
- age  15:         16 bytes,        256 total
: 896K->0K(960K), 0.0009852 secs] 8771K->8451K(10176K), 0.0011112 secs] [Times: user=0.00 sys=0.00, real=0.00 secs] 
2019-01-02T11:12:48.892+0530: 836.795: [GC (Allocation Failure) 2019-01-02T11:12:48.892+0530: 836.795: [DefNew
Desired survivor size 32768 bytes, new threshold 15 (max 15)
- age   1:         24 bytes,         24 total
- age   4:        184 bytes,        208 total
- age  10:         16 bytes,        224 total
: 446K->0K(960K), 0.0003558 secs] 8897K->8451K(10176K), 0.0005177 secs] [Times: user=0.00 sys=0.00, real=0.00 secs] 
2019-01-02T11:12:48.893+0530: 836.796: [GC (Allocation Failure) 2019-01-02T11:12:48.893+0530: 836.796: [DefNew
Desired survivor size 32768 bytes, new threshold 15 (max 15)
- age   2:         24 bytes,         24 total
- age   5:        184 bytes,        208 total
- age  11:         16 bytes,        224 total
: 493K->0K(960K), 0.0003410 secs] 8944K->8944K(10176K), 0.0004145 secs] [Times: user=0.00 sys=0.00, real=0.00 secs] 
2019-01-02T11:12:48.894+0530: 836.796: [GC (Allocation Failure) 2019-01-02T11:12:48.894+0530: 836.797: [DefNew: 511K->511K(960K), 0.0000285 secs]2019-01-02T11:12:48.894+0530: 836.797: [Tenured: 8944K->1253K(9216K), 0.0036713 secs] 9455K->1253K(10176K), [Metaspace: 2520K->2520K(1056768K)], 0.0038218 secs] [Times: user=0.00 sys=0.00, real=0.00 secs] 
2019-01-02T11:12:48.953+0530: 836.855: [GC (Allocation Failure) 2019-01-02T11:12:48.953+0530: 836.856: [DefNew
Desired survivor size 32768 bytes, new threshold 15 (max 15)
- age   1:        248 bytes,        248 total
: 849K->0K(960K), 0.0012241 secs] 2102K->1819K(10176K), 0.0016153 secs] [Times: user=0.00 sys=0.00, real=0.00 secs] 
2019-01-02T11:12:48.956+0530: 836.859: [GC (Allocation Failure) 2019-01-02T11:12:48.956+0530: 836.859: [DefNew
Desired survivor size 32768 bytes, new threshold 15 (max 15)
- age   1:         40 bytes,         40 total
- age   2:        184 bytes,        224 total
: 896K->0K(960K), 0.0008233 secs] 2715K->2107K(10176K), 0.0009402 secs] [Times: user=0.00 sys=0.00, real=0.00 secs] 
2019-01-02T11:12:48.959+0530: 836.861: [GC (Allocation Failure) 2019-01-02T11:12:48.959+0530: 836.861: [DefNew
Desired survivor size 32768 bytes, new threshold 15 (max 15)
- age   1:         40 bytes,         40 total
- age   3:        184 bytes,        224 total
: 896K->0K(960K), 0.0011831 secs] 3003K->2683K(10176K), 0.0013701 secs] [Times: user=0.00 sys=0.00, real=0.00 secs] 
2019-01-02T11:12:48.961+0530: 836.864: [GC (Allocation Failure) 2019-01-02T11:12:48.961+0530: 836.864: [DefNew
Desired survivor size 32768 bytes, new threshold 15 (max 15)
- age   1:         24 bytes,         24 total
- age   4:        184 bytes,        208 total
: 445K->0K(960K), 0.0002594 secs] 3128K->2683K(10176K), 0.0003398 secs] [Times: user=0.00 sys=0.00, real=0.00 secs] 
2019-01-02T11:12:48.962+0530: 836.864: [GC (Allocation Failure) 2019-01-02T11:12:48.962+0530: 836.864: [DefNew
Desired survivor size 32768 bytes, new threshold 15 (max 15)
- age   2:         24 bytes,         24 total
- age   5:        184 bytes,        208 total
: 493K->0K(960K), 0.0003415 secs] 3176K->3176K(10176K), 0.0004219 secs] [Times: user=0.00 sys=0.00, real=0.00 secs] 
2019-01-02T11:12:48.963+0530: 836.865: [GC (Allocation Failure) 2019-01-02T11:12:48.963+0530: 836.865: [DefNew
Desired survivor size 32768 bytes, new threshold 15 (max 15)
- age   1:         24 bytes,         24 total
- age   6:         72 bytes,         96 total
: 511K->0K(960K), 0.0003227 secs] 3687K->3669K(10176K), 0.0004008 secs] [Times: user=0.00 sys=0.00, real=0.00 secs] 
2019-01-02T11:12:49.017+0530: 836.920: [GC (Allocation Failure) 2019-01-02T11:12:49.017+0530: 836.920: [DefNew
Desired survivor size 32768 bytes, new threshold 15 (max 15)
- age   1:        248 bytes,        248 total
- age   7:         16 bytes,        264 total
: 848K->0K(960K), 0.0009915 secs] 4518K->3741K(10176K), 0.0013986 secs] [Times: user=0.00 sys=0.00, real=0.00 secs] 
2019-01-02T11:12:49.021+0530: 836.923: [GC (Allocation Failure) 2019-01-02T11:12:49.021+0530: 836.923: [DefNew
Desired survivor size 32768 bytes, new threshold 15 (max 15)
- age   2:        184 bytes,        184 total
- age   8:         16 bytes,        200 total
: 896K->0K(960K), 0.0011215 secs] 4637K->4029K(10176K), 0.0014111 secs] [Times: user=0.00 sys=0.00, real=0.00 secs] 
2019-01-02T11:12:49.023+0530: 836.926: [GC (Allocation Failure) 2019-01-02T11:12:49.024+0530: 836.926: [DefNew
Desired survivor size 32768 bytes, new threshold 15 (max 15)
- age   1:         40 bytes,         40 total
- age   3:        184 bytes,        224 total
- age   9:         16 bytes,        240 total
: 896K->0K(960K), 0.0009379 secs] 4925K->4605K(10176K), 0.0010360 secs] [Times: user=0.00 sys=0.00, real=0.00 secs] 
2019-01-02T11:12:49.026+0530: 836.928: [GC (Allocation Failure) 2019-01-02T11:12:49.026+0530: 836.928: [DefNew
Desired survivor size 32768 bytes, new threshold 15 (max 15)
- age   1:         24 bytes,         24 total
- age   4:        184 bytes,        208 total
- age  10:         16 bytes,        224 total
: 446K->0K(960K), 0.0007925 secs] 5052K->4605K(10176K), 0.0009208 secs] [Times: user=0.00 sys=0.00, real=0.00 secs] 
2019-01-02T11:12:49.028+0530: 836.930: [GC (Allocation Failure) 2019-01-02T11:12:49.028+0530: 836.930: [DefNew
Desired survivor size 32768 bytes, new threshold 15 (max 15)
- age   2:         24 bytes,         24 total
- age   5:        184 bytes,        208 total
- age  11:         16 bytes,        224 total
: 493K->0K(960K), 0.0003524 secs] 5099K->5099K(10176K), 0.0004299 secs] [Times: user=0.00 sys=0.00, real=0.00 secs] 
2019-01-02T11:12:49.028+0530: 836.931: [GC (Allocation Failure) 2019-01-02T11:12:49.028+0530: 836.931: [DefNew
Desired survivor size 32768 bytes, new threshold 15 (max 15)
- age   1:         24 bytes,         24 total
- age   6:         72 bytes,         96 total
- age  12:         16 bytes,        112 total
: 511K->0K(960K), 0.0003347 secs] 5610K->5592K(10176K), 0.0004082 secs] [Times: user=0.00 sys=0.00, real=0.00 secs] 
2019-01-02T11:12:49.084+0530: 836.986: [GC (Allocation Failure) 2019-01-02T11:12:49.084+0530: 836.986: [DefNew
Desired survivor size 32768 bytes, new threshold 15 (max 15)
- age   1:        248 bytes,        248 total
- age   7:         16 bytes,        264 total
- age  13:         16 bytes,        280 total
: 849K->0K(960K), 0.0010537 secs] 6442K->5664K(10176K), 0.0014402 secs] [Times: user=0.00 sys=0.00, real=0.00 secs] 
2019-01-02T11:12:49.088+0530: 836.990: [GC (Allocation Failure) 2019-01-02T11:12:49.088+0530: 836.991: [DefNew
Desired survivor size 32768 bytes, new threshold 15 (max 15)
- age   1:         40 bytes,         40 total
- age   2:        184 bytes,        224 total
- age   8:         16 bytes,        240 total
- age  14:         16 bytes,        256 total
: 896K->0K(960K), 0.0008974 secs] 6560K->5952K(10176K), 0.0012971 secs] [Times: user=0.00 sys=0.00, real=0.00 secs] 
2019-01-02T11:12:49.091+0530: 836.994: [GC (Allocation Failure) 2019-01-02T11:12:49.091+0530: 836.994: [DefNew
Desired survivor size 32768 bytes, new threshold 15 (max 15)
- age   1:         40 bytes,         40 total
- age   3:        184 bytes,        224 total
- age   9:         16 bytes,        240 total
- age  15:         16 bytes,        256 total
: 896K->0K(960K), 0.0008963 secs] 6848K->6528K(10176K), 0.0010280 secs] [Times: user=0.02 sys=0.00, real=0.00 secs] 
2019-01-02T11:12:49.094+0530: 836.996: [GC (Allocation Failure) 2019-01-02T11:12:49.094+0530: 836.996: [DefNew
Desired survivor size 32768 bytes, new threshold 15 (max 15)
- age   1:         24 bytes,         24 total
- age   4:        184 bytes,        208 total
- age  10:         16 bytes,        224 total
: 445K->0K(960K), 0.0008227 secs] 6974K->6528K(10176K), 0.0010189 secs] [Times: user=0.00 sys=0.00, real=0.00 secs] 
2019-01-02T11:12:49.095+0530: 836.998: [GC (Allocation Failure) 2019-01-02T11:12:49.095+0530: 836.998: [DefNew
Desired survivor size 32768 bytes, new threshold 15 (max 15)
- age   2:         24 bytes,         24 total
- age   5:        184 bytes,        208 total
- age  11:         16 bytes,        224 total
: 493K->0K(960K), 0.0010839 secs] 7022K->7022K(10176K), 0.0012498 secs] [Times: user=0.00 sys=0.00, real=0.00 secs] 
2019-01-02T11:12:49.097+0530: 836.999: [GC (Allocation Failure) 2019-01-02T11:12:49.097+0530: 836.999: [DefNew
Desired survivor size 32768 bytes, new threshold 15 (max 15)
- age   1:         24 bytes,         24 total
- age   6:         72 bytes,         96 total
- age  12:         16 bytes,        112 total
: 511K->0K(960K), 0.0003472 secs] 7533K->7515K(10176K), 0.0004231 secs] [Times: user=0.00 sys=0.00, real=0.00 secs] 
2019-01-02T11:12:49.154+0530: 837.056: [GC (Allocation Failure) 2019-01-02T11:12:49.154+0530: 837.057: [DefNew
Desired survivor size 32768 bytes, new threshold 15 (max 15)
- age   1:        248 bytes,        248 total
- age   7:         16 bytes,        264 total
- age  13:         16 bytes,        280 total
: 849K->0K(960K), 0.0004869 secs] 8364K->7587K(10176K), 0.0007942 secs] [Times: user=0.01 sys=0.00, real=0.00 secs] 
2019-01-02T11:12:49.156+0530: 837.059: [GC (Allocation Failure) 2019-01-02T11:12:49.156+0530: 837.059: [DefNew
Desired survivor size 32768 bytes, new threshold 15 (max 15)
- age   2:        184 bytes,        184 total
- age   8:         16 bytes,        200 total
- age  14:         16 bytes,        216 total
: 896K->0K(960K), 0.0007338 secs] 8483K->7875K(10176K), 0.0008416 secs] [Times: user=0.00 sys=0.00, real=0.00 secs] 
2019-01-02T11:12:49.158+0530: 837.061: [GC (Allocation Failure) 2019-01-02T11:12:49.159+0530: 837.061: [DefNew
Desired survivor size 32768 bytes, new threshold 15 (max 15)
- age   1:         40 bytes,         40 total
- age   3:        184 bytes,        224 total
- age   9:         16 bytes,        240 total
- age  15:         16 bytes,        256 total
: 896K->0K(960K), 0.0010639 secs] 8771K->8451K(10176K), 0.0012458 secs] [Times: user=0.00 sys=0.00, real=0.00 secs] 
2019-01-02T11:12:49.161+0530: 837.064: [GC (Allocation Failure) 2019-01-02T11:12:49.161+0530: 837.064: [DefNew
Desired survivor size 32768 bytes, new threshold 15 (max 15)
- age   1:         24 bytes,         24 total
- age   4:        184 bytes,        208 total
- age  10:         16 bytes,        224 total
: 446K->0K(960K), 0.0005348 secs] 8898K->8451K(10176K), 0.0006540 secs] [Times: user=0.00 sys=0.00, real=0.00 secs] 
2019-01-02T11:12:49.163+0530: 837.065: [GC (Allocation Failure) 2019-01-02T11:12:49.163+0530: 837.065: [DefNew
Desired survivor size 32768 bytes, new threshold 15 (max 15)
- age   2:         24 bytes,         24 total
- age   5:        184 bytes,        208 total
- age  11:         16 bytes,        224 total
: 493K->0K(960K), 0.0004094 secs] 8945K->8945K(10176K), 0.0005291 secs] [Times: user=0.00 sys=0.00, real=0.00 secs] 
2019-01-02T11:12:49.164+0530: 837.066: [GC (Allocation Failure) 2019-01-02T11:12:49.164+0530: 837.066: [DefNew: 511K->511K(960K), 0.0000291 secs]2019-01-02T11:12:49.164+0530: 837.066: [Tenured: 8945K->1253K(9216K), 0.0036450 secs] 9456K->1253K(10176K), [Metaspace: 2520K->2520K(1056768K)], 0.0038018 secs] [Times: user=0.00 sys=0.00, real=0.00 secs] 
2019-01-02T11:12:49.225+0530: 837.128: [GC (Allocation Failure) 2019-01-02T11:12:49.225+0530: 837.128: [DefNew
Desired survivor size 32768 bytes, new threshold 15 (max 15)
- age   1:        248 bytes,        248 total
: 849K->0K(960K), 0.0007213 secs] 2102K->1819K(10176K), 0.0010143 secs] [Times: user=0.00 sys=0.00, real=0.00 secs] 
2019-01-02T11:12:49.227+0530: 837.130: [GC (Allocation Failure) 2019-01-02T11:12:49.227+0530: 837.130: [DefNew
Desired survivor size 32768 bytes, new threshold 15 (max 15)
- age   1:         40 bytes,         40 total
- age   2:        184 bytes,        224 total
: 896K->0K(960K), 0.0008199 secs] 2715K->2107K(10176K), 0.0009271 secs] [Times: user=0.00 sys=0.00, real=0.00 secs] 
2019-01-02T11:12:49.230+0530: 837.133: [GC (Allocation Failure) 2019-01-02T11:12:49.230+0530: 837.133: [DefNew
Desired survivor size 32768 bytes, new threshold 15 (max 15)
- age   1:         40 bytes,         40 total
- age   3:        184 bytes,        224 total
: 896K->0K(960K), 0.0004824 secs] 3003K->2683K(10176K), 0.0006374 secs] [Times: user=0.00 sys=0.00, real=0.00 secs] 
2019-01-02T11:12:49.232+0530: 837.134: [GC (Allocation Failure) 2019-01-02T11:12:49.232+0530: 837.134: [DefNew
Desired survivor size 32768 bytes, new threshold 15 (max 15)
- age   1:         24 bytes,         24 total
- age   4:        184 bytes,        208 total
: 445K->0K(960K), 0.0002446 secs] 3128K->2683K(10176K), 0.0003176 secs] [Times: user=0.00 sys=0.00, real=0.00 secs] 
2019-01-02T11:12:49.232+0530: 837.135: [GC (Allocation Failure) 2019-01-02T11:12:49.232+0530: 837.135: [DefNew
Desired survivor size 32768 bytes, new threshold 15 (max 15)
- age   2:         24 bytes,         24 total
- age   5:        184 bytes,        208 total
: 493K->0K(960K), 0.0003256 secs] 3176K->3176K(10176K), 0.0003957 secs] [Times: user=0.00 sys=0.00, real=0.00 secs] 
2019-01-02T11:12:49.233+0530: 837.136: [GC (Allocation Failure) 2019-01-02T11:12:49.233+0530: 837.136: [DefNew
Desired survivor size 32768 bytes, new threshold 15 (max 15)
- age   1:         24 bytes,         24 total
- age   6:         72 bytes,         96 total
: 511K->0K(960K), 0.0003153 secs] 3688K->3670K(10176K), 0.0003906 secs] [Times: user=0.00 sys=0.00, real=0.00 secs] 
2019-01-02T11:12:49.289+0530: 837.192: [GC (Allocation Failure) 2019-01-02T11:12:49.289+0530: 837.192: [DefNew
Desired survivor size 32768 bytes, new threshold 15 (max 15)
- age   1:        248 bytes,        248 total
- age   7:         16 bytes,        264 total
: 849K->0K(960K), 0.0013188 secs] 4519K->3742K(10176K), 0.0016917 secs] [Times: user=0.00 sys=0.00, real=0.00 secs] 
2019-01-02T11:12:49.293+0530: 837.196: [GC (Allocation Failure) 2019-01-02T11:12:49.293+0530: 837.196: [DefNew
Desired survivor size 32768 bytes, new threshold 15 (max 15)
- age   2:        184 bytes,        184 total
- age   8:         16 bytes,        200 total
: 896K->0K(960K), 0.0006631 secs] 4638K->4030K(10176K), 0.0008159 secs] [Times: user=0.00 sys=0.00, real=0.00 secs] 
2019-01-02T11:12:49.295+0530: 837.198: [GC (Allocation Failure) 2019-01-02T11:12:49.295+0530: 837.198: [DefNew
Desired survivor size 32768 bytes, new threshold 15 (max 15)
- age   1:         40 bytes,         40 total
- age   3:        184 bytes,        224 total
- age   9:         16 bytes,        240 total
: 896K->0K(960K), 0.0011409 secs] 4926K->4606K(10176K), 0.0013136 secs] [Times: user=0.00 sys=0.00, real=0.00 secs] 
2019-01-02T11:12:49.298+0530: 837.200: [GC (Allocation Failure) 2019-01-02T11:12:49.298+0530: 837.200: [DefNew
Desired survivor size 32768 bytes, new threshold 15 (max 15)
- age   1:         24 bytes,         24 total
- age   4:        184 bytes,        208 total
- age  10:         16 bytes,        224 total
: 446K->0K(960K), 0.0002560 secs] 5052K->4606K(10176K), 0.0003307 secs] [Times: user=0.00 sys=0.00, real=0.00 secs] 
2019-01-02T11:12:49.298+0530: 837.201: [GC (Allocation Failure) 2019-01-02T11:12:49.298+0530: 837.201: [DefNew
Desired survivor size 32768 bytes, new threshold 15 (max 15)
- age   2:         24 bytes,         24 total
- age   5:        184 bytes,        208 total
- age  11:         16 bytes,        224 total
: 493K->0K(960K), 0.0003353 secs] 5099K->5099K(10176K), 0.0004082 secs] [Times: user=0.00 sys=0.00, real=0.00 secs] 
2019-01-02T11:12:49.299+0530: 837.202: [GC (Allocation Failure) 2019-01-02T11:12:49.299+0530: 837.202: [DefNew
Desired survivor size 32768 bytes, new threshold 15 (max 15)
- age   1:         24 bytes,         24 total
- age   6:         72 bytes,         96 total
- age  12:         16 bytes,        112 total
: 511K->0K(960K), 0.0003164 secs] 5611K->5593K(10176K), 0.0003917 secs] [Times: user=0.00 sys=0.00, real=0.00 secs] 
2019-01-02T11:12:49.355+0530: 837.258: [GC (Allocation Failure) 2019-01-02T11:12:49.355+0530: 837.258: [DefNew
Desired survivor size 32768 bytes, new threshold 15 (max 15)
- age   1:        248 bytes,        248 total
- age   7:         16 bytes,        264 total
- age  13:         16 bytes,        280 total
: 849K->0K(960K), 0.0006249 secs] 6442K->5665K(10176K), 0.0010941 secs] [Times: user=0.00 sys=0.00, real=0.00 secs] 
2019-01-02T11:12:49.358+0530: 837.261: [GC (Allocation Failure) 2019-01-02T11:12:49.358+0530: 837.261: [DefNew
Desired survivor size 32768 bytes, new threshold 15 (max 15)
- age   1:         40 bytes,         40 total
- age   2:        184 bytes,        224 total
- age   8:         16 bytes,        240 total
- age  14:         16 bytes,        256 total
: 896K->0K(960K), 0.0007235 secs] 6561K->5953K(10176K), 0.0008843 secs] [Times: user=0.00 sys=0.00, real=0.00 secs] 
2019-01-02T11:12:49.361+0530: 837.263: [GC (Allocation Failure) 2019-01-02T11:12:49.361+0530: 837.263: [DefNew
Desired survivor size 32768 bytes, new threshold 15 (max 15)
- age   1:         40 bytes,         40 total
- age   3:        184 bytes,        224 total
- age   9:         16 bytes,        240 total
- age  15:         16 bytes,        256 total
: 896K->0K(960K), 0.0012772 secs] 6849K->6529K(10176K), 0.0014488 secs] [Times: user=0.00 sys=0.00, real=0.00 secs] 
2019-01-02T11:12:49.363+0530: 837.266: [GC (Allocation Failure) 2019-01-02T11:12:49.364+0530: 837.266: [DefNew
Desired survivor size 32768 bytes, new threshold 15 (max 15)
- age   1:         24 bytes,         24 total
- age   4:        184 bytes,        208 total
- age  10:         16 bytes,        224 total
: 445K->0K(960K), 0.0005399 secs] 6974K->6529K(10176K), 0.0007116 secs] [Times: user=0.00 sys=0.00, real=0.00 secs] 
2019-01-02T11:12:49.364+0530: 837.267: [GC (Allocation Failure) 2019-01-02T11:12:49.365+0530: 837.267: [DefNew
Desired survivor size 32768 bytes, new threshold 15 (max 15)
- age   2:         24 bytes,         24 total
- age   5:        184 bytes,        208 total
- age  11:         16 bytes,        224 total
: 493K->0K(960K), 0.0003381 secs] 7022K->7022K(10176K), 0.0004231 secs] [Times: user=0.00 sys=0.00, real=0.00 secs] 
2019-01-02T11:12:49.365+0530: 837.268: [GC (Allocation Failure) 2019-01-02T11:12:49.365+0530: 837.268: [DefNew
Desired survivor size 32768 bytes, new threshold 15 (max 15)
- age   1:         24 bytes,         24 total
- age   6:         72 bytes,         96 total
- age  12:         16 bytes,        112 total
: 511K->0K(960K), 0.0003256 secs] 7534K->7516K(10176K), 0.0003974 secs] [Times: user=0.00 sys=0.00, real=0.00 secs] 
2019-01-02T11:12:49.421+0530: 837.323: [GC (Allocation Failure) 2019-01-02T11:12:49.421+0530: 837.323: [DefNew
Desired survivor size 32768 bytes, new threshold 15 (max 15)
- age   1:        248 bytes,        248 total
- age   7:         16 bytes,        264 total
- age  13:         16 bytes,        280 total
: 849K->0K(960K), 0.0009043 secs] 8365K->7588K(10176K), 0.0012350 secs] [Times: user=0.00 sys=0.00, real=0.00 secs] 
2019-01-02T11:12:49.424+0530: 837.327: [GC (Allocation Failure) 2019-01-02T11:12:49.424+0530: 837.327: [DefNew
Desired survivor size 32768 bytes, new threshold 15 (max 15)
- age   2:        184 bytes,        184 total
- age   8:         16 bytes,        200 total
- age  14:         16 bytes,        216 total
: 896K->0K(960K), 0.0005856 secs] 8484K->7876K(10176K), 0.0007857 secs] [Times: user=0.00 sys=0.00, real=0.00 secs] 
2019-01-02T11:12:49.426+0530: 837.329: [GC (Allocation Failure) 2019-01-02T11:12:49.426+0530: 837.329: [DefNew
Desired survivor size 32768 bytes, new threshold 15 (max 15)
- age   1:         40 bytes,         40 total
- age   3:        184 bytes,        224 total
- age   9:         16 bytes,        240 total
- age  15:         16 bytes,        256 total
: 896K->0K(960K), 0.0009408 secs] 8772K->8452K(10176K), 0.0010565 secs] [Times: user=0.00 sys=0.00, real=0.00 secs] 
2019-01-02T11:12:49.429+0530: 837.331: [GC (Allocation Failure) 2019-01-02T11:12:49.429+0530: 837.332: [DefNew
Desired survivor size 32768 bytes, new threshold 15 (max 15)
- age   1:         24 bytes,         24 total
- age   4:        184 bytes,        208 total
- age  10:         16 bytes,        224 total
: 446K->0K(960K), 0.0002891 secs] 8899K->8452K(10176K), 0.0004048 secs] [Times: user=0.00 sys=0.00, real=0.00 secs] 
2019-01-02T11:12:49.430+0530: 837.332: [GC (Allocation Failure) 2019-01-02T11:12:49.430+0530: 837.332: [DefNew
Desired survivor size 32768 bytes, new threshold 15 (max 15)
- age   2:         24 bytes,         24 total
- age   5:        184 bytes,        208 total
- age  11:         16 bytes,        224 total
: 493K->0K(960K), 0.0003307 secs] 8946K->8946K(10176K), 0.0004025 secs] [Times: user=0.00 sys=0.00, real=0.00 secs] 
2019-01-02T11:12:49.430+0530: 837.333: [GC (Allocation Failure) 2019-01-02T11:12:49.430+0530: 837.333: [DefNew: 511K->511K(960K), 0.0000393 secs]2019-01-02T11:12:49.430+0530: 837.333: [Tenured: 8945K->1253K(9216K), 0.0036895 secs] 9457K->1253K(10176K), [Metaspace: 2520K->2520K(1056768K)], 0.0038714 secs] [Times: user=0.00 sys=0.00, real=0.00 secs] 
2019-01-02T11:12:49.489+0530: 837.391: [GC (Allocation Failure) 2019-01-02T11:12:49.489+0530: 837.392: [DefNew
Desired survivor size 32768 bytes, new threshold 15 (max 15)
- age   1:        248 bytes,        248 total
: 849K->0K(960K), 0.0017835 secs] 2103K->1819K(10176K), 0.0019488 secs] [Times: user=0.00 sys=0.00, real=0.00 secs] 
2019-01-02T11:12:49.493+0530: 837.396: [GC (Allocation Failure) 2019-01-02T11:12:49.493+0530: 837.396: [DefNew
Desired survivor size 32768 bytes, new threshold 15 (max 15)
- age   1:         40 bytes,         40 total
- age   2:        184 bytes,        224 total
: 896K->0K(960K), 0.0006962 secs] 2715K->2107K(10176K), 0.0008661 secs] [Times: user=0.00 sys=0.00, real=0.00 secs] 
2019-01-02T11:12:49.495+0530: 837.398: [GC (Allocation Failure) 2019-01-02T11:12:49.495+0530: 837.398: [DefNew
Desired survivor size 32768 bytes, new threshold 15 (max 15)
- age   1:         40 bytes,         40 total
- age   3:        184 bytes,        224 total
: 896K->0K(960K), 0.0011449 secs] 3003K->2683K(10176K), 0.0013045 secs] [Times: user=0.00 sys=0.00, real=0.00 secs] 
2019-01-02T11:12:49.498+0530: 837.400: [GC (Allocation Failure) 2019-01-02T11:12:49.498+0530: 837.400: [DefNew
Desired survivor size 32768 bytes, new threshold 15 (max 15)
- age   1:         24 bytes,         24 total
- age   4:        184 bytes,        208 total
: 445K->0K(960K), 0.0002520 secs] 3128K->2683K(10176K), 0.0003370 secs] [Times: user=0.00 sys=0.00, real=0.00 secs] 
2019-01-02T11:12:49.498+0530: 837.401: [GC (Allocation Failure) 2019-01-02T11:12:49.498+0530: 837.401: [DefNew
Desired survivor size 32768 bytes, new threshold 15 (max 15)
- age   2:         24 bytes,         24 total
- age   5:        184 bytes,        208 total
: 493K->0K(960K), 0.0003290 secs] 3177K->3177K(10176K), 0.0003991 secs] [Times: user=0.00 sys=0.00, real=0.00 secs] 
2019-01-02T11:12:49.499+0530: 837.402: [GC (Allocation Failure) 2019-01-02T11:12:49.499+0530: 837.402: [DefNew
Desired survivor size 32768 bytes, new threshold 15 (max 15)
- age   1:         24 bytes,         24 total
- age   6:         72 bytes,         96 total
: 511K->0K(960K), 0.0003290 secs] 3688K->3670K(10176K), 0.0004077 secs] [Times: user=0.00 sys=0.00, real=0.00 secs] 
2019-01-02T11:12:49.553+0530: 837.456: [GC (Allocation Failure) 2019-01-02T11:12:49.553+0530: 837.456: [DefNew
Desired survivor size 32768 bytes, new threshold 15 (max 15)
- age   1:        248 bytes,        248 total
- age   7:         16 bytes,        264 total
: 849K->0K(960K), 0.0006391 secs] 4519K->3742K(10176K), 0.0009014 secs] [Times: user=0.00 sys=0.00, real=0.00 secs] 
2019-01-02T11:12:49.556+0530: 837.459: [GC (Allocation Failure) 2019-01-02T11:12:49.556+0530: 837.459: [DefNew
Desired survivor size 32768 bytes, new threshold 15 (max 15)
- age   2:        184 bytes,        184 total
- age   8:         16 bytes,        200 total
: 896K->0K(960K), 0.0008484 secs] 4638K->4030K(10176K), 0.0011626 secs] [Times: user=0.00 sys=0.00, real=0.00 secs] 
2019-01-02T11:12:49.559+0530: 837.462: [GC (Allocation Failure) 2019-01-02T11:12:49.559+0530: 837.462: [DefNew
Desired survivor size 32768 bytes, new threshold 15 (max 15)
- age   1:         40 bytes,         40 total
- age   3:        184 bytes,        224 total
- age   9:         16 bytes,        240 total
: 896K->0K(960K), 0.0008005 secs] 4926K->4606K(10176K), 0.0009322 secs] [Times: user=0.02 sys=0.00, real=0.00 secs] 
2019-01-02T11:12:49.561+0530: 837.464: [GC (Allocation Failure) 2019-01-02T11:12:49.561+0530: 837.464: [DefNew
Desired survivor size 32768 bytes, new threshold 15 (max 15)
- age   1:         24 bytes,         24 total
- age   4:        184 bytes,        208 total
- age  10:         16 bytes,        224 total
: 446K->0K(960K), 0.0005684 secs] 5053K->4606K(10176K), 0.0007144 secs] [Times: user=0.00 sys=0.00, real=0.00 secs] 
2019-01-02T11:12:49.563+0530: 837.466: [GC (Allocation Failure) 2019-01-02T11:12:49.563+0530: 837.466: [DefNew
Desired survivor size 32768 bytes, new threshold 15 (max 15)
- age   2:         24 bytes,         24 total
- age   5:        184 bytes,        208 total
- age  11:         16 bytes,        224 total
: 493K->0K(960K), 0.0005639 secs] 5100K->5100K(10176K), 0.0006722 secs] [Times: user=0.00 sys=0.00, real=0.00 secs] 
2019-01-02T11:12:49.564+0530: 837.467: [GC (Allocation Failure) 2019-01-02T11:12:49.564+0530: 837.467: [DefNew
Desired survivor size 32768 bytes, new threshold 15 (max 15)
- age   1:         24 bytes,         24 total
- age   6:         72 bytes,         96 total
- age  12:         16 bytes,        112 total
: 511K->0K(960K), 0.0003318 secs] 5611K->5593K(10176K), 0.0004071 secs] [Times: user=0.00 sys=0.00, real=0.00 secs] 
2019-01-02T11:12:49.626+0530: 837.529: [GC (Allocation Failure) 2019-01-02T11:12:49.627+0530: 837.529: [DefNew
Desired survivor size 32768 bytes, new threshold 15 (max 15)
- age   1:        248 bytes,        248 total
- age   7:         16 bytes,        264 total
- age  13:         16 bytes,        280 total
: 849K->0K(960K), 0.0005206 secs] 6443K->5666K(10176K), 0.0008296 secs] [Times: user=0.00 sys=0.00, real=0.00 secs] 
2019-01-02T11:12:49.629+0530: 837.532: [GC (Allocation Failure) 2019-01-02T11:12:49.630+0530: 837.532: [DefNew
Desired survivor size 32768 bytes, new threshold 15 (max 15)
- age   1:         40 bytes,         40 total
- age   2:        184 bytes,        224 total
- age   8:         16 bytes,        240 total
- age  14:         16 bytes,        256 total
: 896K->0K(960K), 0.0010206 secs] 6562K->5954K(10176K), 0.0013621 secs] [Times: user=0.00 sys=0.00, real=0.00 secs] 
2019-01-02T11:12:49.632+0530: 837.535: [GC (Allocation Failure) 2019-01-02T11:12:49.632+0530: 837.535: [DefNew
Desired survivor size 32768 bytes, new threshold 15 (max 15)
- age   1:         40 bytes,         40 total
- age   3:        184 bytes,        224 total
- age   9:         16 bytes,        240 total
- age  15:         16 bytes,        256 total
: 896K->0K(960K), 0.0008393 secs] 6850K->6530K(10176K), 0.0009978 secs] [Times: user=0.00 sys=0.00, real=0.00 secs] 
2019-01-02T11:12:49.634+0530: 837.537: [GC (Allocation Failure) 2019-01-02T11:12:49.634+0530: 837.537: [DefNew
Desired survivor size 32768 bytes, new threshold 15 (max 15)
- age   1:         24 bytes,         24 total
- age   4:        184 bytes,        208 total
- age  10:         16 bytes,        224 total
: 445K->0K(960K), 0.0002737 secs] 6975K->6530K(10176K), 0.0003524 secs] [Times: user=0.00 sys=0.00, real=0.00 secs] 
2019-01-02T11:12:49.635+0530: 837.538: [GC (Allocation Failure) 2019-01-02T11:12:49.635+0530: 837.538: [DefNew
Desired survivor size 32768 bytes, new threshold 15 (max 15)
- age   2:         24 bytes,         24 total
- age   5:        184 bytes,        208 total
- age  11:         16 bytes,        224 total
: 493K->0K(960K), 0.0003324 secs] 7023K->7023K(10176K), 0.0004037 secs] [Times: user=0.00 sys=0.00, real=0.00 secs] 
2019-01-02T11:12:49.636+0530: 837.539: [GC (Allocation Failure) 2019-01-02T11:12:49.636+0530: 837.539: [DefNew
Desired survivor size 32768 bytes, new threshold 15 (max 15)
- age   1:         24 bytes,         24 total
- age   6:         72 bytes,         96 total
- age  12:         16 bytes,        112 total
: 511K->0K(960K), 0.0003313 secs] 7535K->7517K(10176K), 0.0004042 secs] [Times: user=0.00 sys=0.00, real=0.00 secs] 
2019-01-02T11:12:49.692+0530: 837.594: [GC (Allocation Failure) 2019-01-02T11:12:49.692+0530: 837.595: [DefNew
Desired survivor size 32768 bytes, new threshold 15 (max 15)
- age   1:        248 bytes,        248 total
- age   7:         16 bytes,        264 total
- age  13:         16 bytes,        280 total
: 849K->0K(960K), 0.0007720 secs] 8366K->7589K(10176K), 0.0012863 secs] [Times: user=0.00 sys=0.00, real=0.00 secs] 
2019-01-02T11:12:49.695+0530: 837.598: [GC (Allocation Failure) 2019-01-02T11:12:49.695+0530: 837.598: [DefNew
Desired survivor size 32768 bytes, new threshold 15 (max 15)
- age   2:        184 bytes,        184 total
- age   8:         16 bytes,        200 total
- age  14:         16 bytes,        216 total
: 896K->0K(960K), 0.0007788 secs] 8485K->7877K(10176K), 0.0009219 secs] [Times: user=0.00 sys=0.00, real=0.00 secs] 
2019-01-02T11:12:49.697+0530: 837.600: [GC (Allocation Failure) 2019-01-02T11:12:49.697+0530: 837.600: [DefNew
Desired survivor size 32768 bytes, new threshold 15 (max 15)
- age   1:         40 bytes,         40 total
- age   3:        184 bytes,        224 total
- age   9:         16 bytes,        240 total
- age  15:         16 bytes,        256 total
: 896K->0K(960K), 0.0011107 secs] 8773K->8453K(10176K), 0.0013273 secs] [Times: user=0.00 sys=0.00, real=0.00 secs] 
2019-01-02T11:12:49.700+0530: 837.603: [GC (Allocation Failure) 2019-01-02T11:12:49.700+0530: 837.603: [DefNew
Desired survivor size 32768 bytes, new threshold 15 (max 15)
- age   1:         24 bytes,         24 total
- age   4:        184 bytes,        208 total
- age  10:         16 bytes,        224 total
: 446K->0K(960K), 0.0003524 secs] 8899K->8453K(10176K), 0.0004863 secs] [Times: user=0.02 sys=0.00, real=0.00 secs] 
2019-01-02T11:12:49.701+0530: 837.603: [GC (Allocation Failure) 2019-01-02T11:12:49.701+0530: 837.603: [DefNew
Desired survivor size 32768 bytes, new threshold 15 (max 15)
- age   2:         24 bytes,         24 total
- age   5:        184 bytes,        208 total
- age  11:         16 bytes,        224 total
: 493K->0K(960K), 0.0003296 secs] 8946K->8946K(10176K), 0.0004020 secs] [Times: user=0.00 sys=0.00, real=0.00 secs] 
2019-01-02T11:12:49.702+0530: 837.604: [GC (Allocation Failure) 2019-01-02T11:12:49.702+0530: 837.604: [DefNew: 511K->511K(960K), 0.0000279 secs]2019-01-02T11:12:49.702+0530: 837.604: [Tenured: 8946K->1253K(9216K), 0.0036239 secs] 9458K->1253K(10176K), [Metaspace: 2520K->2520K(1056768K)], 0.0037745 secs] [Times: user=0.00 sys=0.00, real=0.00 secs] 
2019-01-02T11:12:49.761+0530: 837.663: [GC (Allocation Failure) 2019-01-02T11:12:49.761+0530: 837.663: [DefNew
Desired survivor size 32768 bytes, new threshold 15 (max 15)
- age   1:        248 bytes,        248 total
: 849K->0K(960K), 0.0008632 secs] 2103K->1819K(10176K), 0.0012224 secs] [Times: user=0.00 sys=0.00, real=0.00 secs] 
2019-01-02T11:12:49.764+0530: 837.666: [GC (Allocation Failure) 2019-01-02T11:12:49.764+0530: 837.667: [DefNew
Desired survivor size 32768 bytes, new threshold 15 (max 15)
- age   1:         40 bytes,         40 total
- age   2:        184 bytes,        224 total
: 896K->0K(960K), 0.0005645 secs] 2715K->2107K(10176K), 0.0008877 secs] [Times: user=0.00 sys=0.00, real=0.00 secs] 
2019-01-02T11:12:49.766+0530: 837.669: [GC (Allocation Failure) 2019-01-02T11:12:49.766+0530: 837.669: [DefNew
Desired survivor size 32768 bytes, new threshold 15 (max 15)
- age   1:         40 bytes,         40 total
- age   3:        184 bytes,        224 total
: 896K->0K(960K), 0.0011232 secs] 3003K->2683K(10176K), 0.0012943 secs] [Times: user=0.00 sys=0.00, real=0.00 secs] 
2019-01-02T11:12:49.769+0530: 837.672: [GC (Allocation Failure) 2019-01-02T11:12:49.769+0530: 837.672: [DefNew
Desired survivor size 32768 bytes, new threshold 15 (max 15)
- age   1:         24 bytes,         24 total
- age   4:        184 bytes,        208 total
: 445K->0K(960K), 0.0003130 secs] 3129K->2683K(10176K), 0.0004362 secs] [Times: user=0.00 sys=0.00, real=0.00 secs] 
2019-01-02T11:12:49.770+0530: 837.672: [GC (Allocation Failure) 2019-01-02T11:12:49.770+0530: 837.672: [DefNew
Desired survivor size 32768 bytes, new threshold 15 (max 15)
- age   2:         24 bytes,         24 total
- age   5:        184 bytes,        208 total
: 493K->0K(960K), 0.0003353 secs] 3177K->3177K(10176K), 0.0004099 secs] [Times: user=0.00 sys=0.00, real=0.00 secs] 
2019-01-02T11:12:49.770+0530: 837.673: [GC (Allocation Failure) 2019-01-02T11:12:49.770+0530: 837.673: [DefNew
Desired survivor size 32768 bytes, new threshold 15 (max 15)
- age   1:         24 bytes,         24 total
- age   6:         72 bytes,         96 total
: 511K->0K(960K), 0.0003050 secs] 3688K->3670K(10176K), 0.0003575 secs] [Times: user=0.00 sys=0.00, real=0.00 secs] 
2019-01-02T11:12:49.826+0530: 837.729: [GC (Allocation Failure) 2019-01-02T11:12:49.827+0530: 837.729: [DefNew
Desired survivor size 32768 bytes, new threshold 15 (max 15)
- age   1:        248 bytes,        248 total
- age   7:         16 bytes,        264 total
: 849K->0K(960K), 0.0008130 secs] 4520K->3743K(10176K), 0.0011443 secs] [Times: user=0.00 sys=0.00, real=0.00 secs] 
2019-01-02T11:12:49.829+0530: 837.732: [GC (Allocation Failure) 2019-01-02T11:12:49.829+0530: 837.732: [DefNew
Desired survivor size 32768 bytes, new threshold 15 (max 15)
- age   2:        184 bytes,        184 total
- age   8:         16 bytes,        200 total
: 896K->0K(960K), 0.0005354 secs] 4639K->4031K(10176K), 0.0006745 secs] [Times: user=0.00 sys=0.00, real=0.00 secs] 
2019-01-02T11:12:49.831+0530: 837.734: [GC (Allocation Failure) 2019-01-02T11:12:49.831+0530: 837.734: [DefNew
Desired survivor size 32768 bytes, new threshold 15 (max 15)
- age   1:         40 bytes,         40 total
- age   3:        184 bytes,        224 total
- age   9:         16 bytes,        240 total
: 896K->0K(960K), 0.0008695 secs] 4927K->4607K(10176K), 0.0010291 secs] [Times: user=0.00 sys=0.00, real=0.00 secs] 
2019-01-02T11:12:49.833+0530: 837.736: [GC (Allocation Failure) 2019-01-02T11:12:49.834+0530: 837.736: [DefNew
Desired survivor size 32768 bytes, new threshold 15 (max 15)
- age   1:         24 bytes,         24 total
- age   4:        184 bytes,        208 total
- age  10:         16 bytes,        224 total
: 446K->0K(960K), 0.0002646 secs] 5053K->4607K(10176K), 0.0003335 secs] [Times: user=0.00 sys=0.00, real=0.00 secs] 
2019-01-02T11:12:49.834+0530: 837.737: [GC (Allocation Failure) 2019-01-02T11:12:49.834+0530: 837.737: [DefNew
Desired survivor size 32768 bytes, new threshold 15 (max 15)
- age   2:         24 bytes,         24 total
- age   5:        184 bytes,        208 total
- age  11:         16 bytes,        224 total
: 493K->0K(960K), 0.0003090 secs] 5100K->5100K(10176K), 0.0003609 secs] [Times: user=0.00 sys=0.00, real=0.00 secs] 
2019-01-02T11:12:49.835+0530: 837.738: [GC (Allocation Failure) 2019-01-02T11:12:49.835+0530: 837.738: [DefNew
Desired survivor size 32768 bytes, new threshold 15 (max 15)
- age   1:         24 bytes,         24 total
- age   6:         72 bytes,         96 total
- age  12:         16 bytes,        112 total
: 511K->0K(960K), 0.0002959 secs] 5612K->5594K(10176K), 0.0003518 secs] [Times: user=0.00 sys=0.00, real=0.00 secs] 
2019-01-02T11:12:49.889+0530: 837.791: [GC (Allocation Failure) 2019-01-02T11:12:49.889+0530: 837.792: [DefNew
Desired survivor size 32768 bytes, new threshold 15 (max 15)
- age   1:        248 bytes,        248 total
- age   7:         16 bytes,        264 total
- age  13:         16 bytes,        280 total
: 849K->0K(960K), 0.0006859 secs] 6443K->5666K(10176K), 0.0010371 secs] [Times: user=0.00 sys=0.00, real=0.00 secs] 
2019-01-02T11:12:49.893+0530: 837.795: [GC (Allocation Failure) 2019-01-02T11:12:49.893+0530: 837.795: [DefNew
Desired survivor size 32768 bytes, new threshold 15 (max 15)
- age   1:         40 bytes,         40 total
- age   2:        184 bytes,        224 total
- age   8:         16 bytes,        240 total
- age  14:         16 bytes,        256 total
: 896K->0K(960K), 0.0010103 secs] 6562K->5954K(10176K), 0.0012304 secs] [Times: user=0.00 sys=0.00, real=0.00 secs] 
2019-01-02T11:12:49.895+0530: 837.798: [GC (Allocation Failure) 2019-01-02T11:12:49.895+0530: 837.798: [DefNew
Desired survivor size 32768 bytes, new threshold 15 (max 15)
- age   1:         40 bytes,         40 total
- age   3:        184 bytes,        224 total
- age   9:         16 bytes,        240 total
- age  15:         16 bytes,        256 total
: 896K->0K(960K), 0.0008969 secs] 6850K->6530K(10176K), 0.0010497 secs] [Times: user=0.00 sys=0.00, real=0.00 secs] 
2019-01-02T11:12:49.897+0530: 837.800: [GC (Allocation Failure) 2019-01-02T11:12:49.897+0530: 837.800: [DefNew
Desired survivor size 32768 bytes, new threshold 15 (max 15)
- age   1:         24 bytes,         24 total
- age   4:        184 bytes,        208 total
- age  10:         16 bytes,        224 total
: 445K->0K(960K), 0.0007104 secs] 6975K->6530K(10176K), 0.0008661 secs] [Times: user=0.00 sys=0.00, real=0.00 secs] 
2019-01-02T11:12:49.899+0530: 837.802: [GC (Allocation Failure) 2019-01-02T11:12:49.899+0530: 837.802: [DefNew
Desired survivor size 32768 bytes, new threshold 15 (max 15)
- age   2:         24 bytes,         24 total
- age   5:        184 bytes,        208 total
- age  11:         16 bytes,        224 total
: 493K->0K(960K), 0.0003484 secs] 7024K->7024K(10176K), 0.0004316 secs] [Times: user=0.00 sys=0.00, real=0.00 secs] 
2019-01-02T11:12:49.900+0530: 837.803: [GC (Allocation Failure) 2019-01-02T11:12:49.900+0530: 837.803: [DefNew
Desired survivor size 32768 bytes, new threshold 15 (max 15)
- age   1:         24 bytes,         24 total
- age   6:         72 bytes,         96 total
- age  12:         16 bytes,        112 total
: 511K->0K(960K), 0.0003489 secs] 7535K->7517K(10176K), 0.0004225 secs] [Times: user=0.00 sys=0.00, real=0.00 secs] 
2019-01-02T11:12:49.955+0530: 837.857: [GC (Allocation Failure) 2019-01-02T11:12:49.955+0530: 837.858: [DefNew
Desired survivor size 32768 bytes, new threshold 15 (max 15)
- age   1:        248 bytes,        248 total
- age   7:         16 bytes,        264 total
- age  13:         16 bytes,        280 total
: 849K->0K(960K), 0.0007041 secs] 8367K->7590K(10176K), 0.0010103 secs] [Times: user=0.00 sys=0.00, real=0.00 secs] 
2019-01-02T11:12:49.958+0530: 837.860: [GC (Allocation Failure) 2019-01-02T11:12:49.958+0530: 837.861: [DefNew
Desired survivor size 32768 bytes, new threshold 15 (max 15)
- age   2:        184 bytes,        184 total
- age   8:         16 bytes,        200 total
- age  14:         16 bytes,        216 total
: 896K->0K(960K), 0.0008130 secs] 8486K->7878K(10176K), 0.0012122 secs] [Times: user=0.00 sys=0.00, real=0.00 secs] 
2019-01-02T11:12:49.961+0530: 837.864: [GC (Allocation Failure) 2019-01-02T11:12:49.961+0530: 837.864: [DefNew
Desired survivor size 32768 bytes, new threshold 15 (max 15)
- age   1:         40 bytes,         40 total
- age   3:        184 bytes,        224 total
- age   9:         16 bytes,        240 total
- age  15:         16 bytes,        256 total
: 896K->0K(960K), 0.0011335 secs] 8774K->8454K(10176K), 0.0014043 secs] [Times: user=0.00 sys=0.00, real=0.00 secs] 
2019-01-02T11:12:49.964+0530: 837.866: [GC (Allocation Failure) 2019-01-02T11:12:49.964+0530: 837.866: [DefNew
Desired survivor size 32768 bytes, new threshold 15 (max 15)
- age   1:         24 bytes,         24 total
- age   4:        184 bytes,        208 total
- age  10:         16 bytes,        224 total
: 446K->0K(960K), 0.0003621 secs] 8900K->8454K(10176K), 0.0004824 secs] [Times: user=0.00 sys=0.00, real=0.00 secs] 
2019-01-02T11:12:49.965+0530: 837.868: [GC (Allocation Failure) 2019-01-02T11:12:49.965+0530: 837.868: [DefNew
Desired survivor size 32768 bytes, new threshold 15 (max 15)
- age   2:         24 bytes,         24 total
- age   5:        184 bytes,        208 total
- age  11:         16 bytes,        224 total
: 493K->0K(960K), 0.0003432 secs] 8947K->8947K(10176K), 0.0004402 secs] [Times: user=0.00 sys=0.02, real=0.00 secs] 
2019-01-02T11:12:49.966+0530: 837.868: [GC (Allocation Failure) 2019-01-02T11:12:49.966+0530: 837.868: [DefNew: 511K->511K(960K), 0.0000279 secs]2019-01-02T11:12:49.966+0530: 837.869: [Tenured: 8947K->1253K(9216K), 0.0036661 secs] 9459K->1253K(10176K), [Metaspace: 2520K->2520K(1056768K)], 0.0038212 secs] [Times: user=0.00 sys=0.00, real=0.00 secs] 
2019-01-02T11:12:50.023+0530: 837.926: [GC (Allocation Failure) 2019-01-02T11:12:50.024+0530: 837.926: [DefNew
Desired survivor size 32768 bytes, new threshold 15 (max 15)
- age   1:        248 bytes,        248 total
: 849K->0K(960K), 0.0014408 secs] 2103K->1819K(10176K), 0.0019129 secs] [Times: user=0.00 sys=0.00, real=0.00 secs] 
2019-01-02T11:12:50.027+0530: 837.930: [GC (Allocation Failure) 2019-01-02T11:12:50.027+0530: 837.930: [DefNew
Desired survivor size 32768 bytes, new threshold 15 (max 15)
- age   1:         40 bytes,         40 total
- age   2:        184 bytes,        224 total
: 896K->0K(960K), 0.0006032 secs] 2715K->2107K(10176K), 0.0008438 secs] [Times: user=0.02 sys=0.00, real=0.00 secs] 
2019-01-02T11:12:50.029+0530: 837.932: [GC (Allocation Failure) 2019-01-02T11:12:50.029+0530: 837.932: [DefNew
Desired survivor size 32768 bytes, new threshold 15 (max 15)
- age   1:         40 bytes,         40 total
- age   3:        184 bytes,        224 total
: 896K->0K(960K), 0.0010508 secs] 3003K->2683K(10176K), 0.0011637 secs] [Times: user=0.00 sys=0.00, real=0.00 secs] 
2019-01-02T11:12:50.032+0530: 837.935: [GC (Allocation Failure) 2019-01-02T11:12:50.032+0530: 837.935: [DefNew
Desired survivor size 32768 bytes, new threshold 15 (max 15)
- age   1:         24 bytes,         24 total
- age   4:        184 bytes,        208 total
: 445K->0K(960K), 0.0005439 secs] 3129K->2683K(10176K), 0.0007954 secs] [Times: user=0.00 sys=0.00, real=0.00 secs] 
2019-01-02T11:12:50.034+0530: 837.936: [GC (Allocation Failure) 2019-01-02T11:12:50.034+0530: 837.936: [DefNew
Desired survivor size 32768 bytes, new threshold 15 (max 15)
- age   2:         24 bytes,         24 total
- age   5:        184 bytes,        208 total
: 493K->0K(960K), 0.0003683 secs] 3177K->3177K(10176K), 0.0004624 secs] [Times: user=0.00 sys=0.00, real=0.00 secs] 
2019-01-02T11:12:50.035+0530: 837.937: [GC (Allocation Failure) 2019-01-02T11:12:50.035+0530: 837.937: [DefNew
Desired survivor size 32768 bytes, new threshold 15 (max 15)
- age   1:         24 bytes,         24 total
- age   6:         72 bytes,         96 total
: 511K->0K(960K), 0.0003250 secs] 3689K->3671K(10176K), 0.0003980 secs] [Times: user=0.00 sys=0.00, real=0.00 secs] 
2019-01-02T11:12:50.090+0530: 837.993: [GC (Allocation Failure) 2019-01-02T11:12:50.090+0530: 837.993: [DefNew
Desired survivor size 32768 bytes, new threshold 15 (max 15)
- age   1:        248 bytes,        248 total
- age   7:         16 bytes,        264 total
: 849K->0K(960K), 0.0011631 secs] 4520K->3743K(10176K), 0.0016158 secs] [Times: user=0.00 sys=0.00, real=0.00 secs] 
2019-01-02T11:12:50.094+0530: 837.997: [GC (Allocation Failure) 2019-01-02T11:12:50.094+0530: 837.997: [DefNew
Desired survivor size 32768 bytes, new threshold 15 (max 15)
- age   2:        184 bytes,        184 total
- age   8:         16 bytes,        200 total
: 896K->0K(960K), 0.0013895 secs] 4639K->4031K(10176K), 0.0016643 secs] [Times: user=0.00 sys=0.00, real=0.00 secs] 
2019-01-02T11:12:50.098+0530: 838.000: [GC (Allocation Failure) 2019-01-02T11:12:50.098+0530: 838.000: [DefNew
Desired survivor size 32768 bytes, new threshold 15 (max 15)
- age   1:         40 bytes,         40 total
- age   3:        184 bytes,        224 total
- age   9:         16 bytes,        240 total
: 896K->0K(960K), 0.0008119 secs] 4927K->4607K(10176K), 0.0009071 secs] [Times: user=0.00 sys=0.00, real=0.00 secs] 
2019-01-02T11:12:50.100+0530: 838.002: [GC (Allocation Failure) 2019-01-02T11:12:50.100+0530: 838.003: [DefNew
Desired survivor size 32768 bytes, new threshold 15 (max 15)
- age   1:         24 bytes,         24 total
- age   4:        184 bytes,        208 total
- age  10:         16 bytes,        224 total
: 446K->0K(960K), 0.0007041 secs] 5053K->4607K(10176K), 0.0008068 secs] [Times: user=0.00 sys=0.00, real=0.00 secs] 
2019-01-02T11:12:50.101+0530: 838.004: [GC (Allocation Failure) 2019-01-02T11:12:50.102+0530: 838.004: [DefNew
Desired survivor size 32768 bytes, new threshold 15 (max 15)
- age   2:         24 bytes,         24 total
- age   5:        184 bytes,        208 total
- age  11:         16 bytes,        224 total
: 493K->0K(960K), 0.0007931 secs] 5101K->5101K(10176K), 0.0009470 secs] [Times: user=0.00 sys=0.00, real=0.00 secs] 
2019-01-02T11:12:50.103+0530: 838.006: [GC (Allocation Failure) 2019-01-02T11:12:50.104+0530: 838.006: [DefNew
Desired survivor size 32768 bytes, new threshold 15 (max 15)
- age   1:         24 bytes,         24 total
- age   6:         72 bytes,         96 total
- age  12:         16 bytes,        112 total
: 511K->0K(960K), 0.0006226 secs] 5612K->5595K(10176K), 0.0008370 secs] [Times: user=0.00 sys=0.00, real=0.00 secs] 
2019-01-02T11:12:50.164+0530: 838.067: [GC (Allocation Failure) 2019-01-02T11:12:50.164+0530: 838.067: [DefNew
Desired survivor size 32768 bytes, new threshold 15 (max 15)
- age   1:        248 bytes,        248 total
- age   7:         16 bytes,        264 total
- age  13:         16 bytes,        280 total
: 849K->0K(960K), 0.0006739 secs] 6444K->5667K(10176K), 0.0008370 secs] [Times: user=0.00 sys=0.00, real=0.00 secs] 
2019-01-02T11:12:50.166+0530: 838.069: [GC (Allocation Failure) 2019-01-02T11:12:50.167+0530: 838.069: [DefNew
Desired survivor size 32768 bytes, new threshold 15 (max 15)
- age   1:         40 bytes,         40 total
- age   2:        184 bytes,        224 total
- age   8:         16 bytes,        240 total
- age  14:         16 bytes,        256 total
: 896K->0K(960K), 0.0008661 secs] 6563K->5955K(10176K), 0.0011557 secs] [Times: user=0.00 sys=0.00, real=0.00 secs] 
2019-01-02T11:12:50.169+0530: 838.072: [GC (Allocation Failure) 2019-01-02T11:12:50.170+0530: 838.072: [DefNew
Desired survivor size 32768 bytes, new threshold 15 (max 15)
- age   1:         40 bytes,         40 total
- age   3:        184 bytes,        224 total
- age   9:         16 bytes,        240 total
- age  15:         16 bytes,        256 total
: 896K->0K(960K), 0.0015292 secs] 6851K->6531K(10176K), 0.0017105 secs] [Times: user=0.00 sys=0.00, real=0.00 secs] 
2019-01-02T11:12:50.172+0530: 838.075: [GC (Allocation Failure) 2019-01-02T11:12:50.172+0530: 838.075: [DefNew
Desired survivor size 32768 bytes, new threshold 15 (max 15)
- age   1:         24 bytes,         24 total
- age   4:        184 bytes,        208 total
- age  10:         16 bytes,        224 total
: 445K->0K(960K), 0.0002714 secs] 6976K->6531K(10176K), 0.0003467 secs] [Times: user=0.00 sys=0.00, real=0.00 secs] 
2019-01-02T11:12:50.173+0530: 838.076: [GC (Allocation Failure) 2019-01-02T11:12:50.173+0530: 838.076: [DefNew
Desired survivor size 32768 bytes, new threshold 15 (max 15)
- age   2:         24 bytes,         24 total
- age   5:        184 bytes,        208 total
- age  11:         16 bytes,        224 total
: 493K->0K(960K), 0.0003392 secs] 7024K->7024K(10176K), 0.0004293 secs] [Times: user=0.00 sys=0.00, real=0.00 secs] 
2019-01-02T11:12:50.174+0530: 838.077: [GC (Allocation Failure) 2019-01-02T11:12:50.174+0530: 838.077: [DefNew
Desired survivor size 32768 bytes, new threshold 15 (max 15)
- age   1:         24 bytes,         24 total
- age   6:         72 bytes,         96 total
- age  12:         16 bytes,        112 total
: 511K->0K(960K), 0.0003313 secs] 7536K->7518K(10176K), 0.0004042 secs] [Times: user=0.00 sys=0.00, real=0.00 secs] 
2019-01-02T11:12:50.231+0530: 838.133: [GC (Allocation Failure) 2019-01-02T11:12:50.231+0530: 838.133: [DefNew
Desired survivor size 32768 bytes, new threshold 15 (max 15)
- age   1:        248 bytes,        248 total
- age   7:         16 bytes,        264 total
- age  13:         16 bytes,        280 total
: 849K->0K(960K), 0.0006734 secs] 8367K->7590K(10176K), 0.0009157 secs] [Times: user=0.00 sys=0.00, real=0.00 secs] 
2019-01-02T11:12:50.233+0530: 838.135: [GC (Allocation Failure) 2019-01-02T11:12:50.233+0530: 838.136: [DefNew
Desired survivor size 32768 bytes, new threshold 15 (max 15)
- age   2:        184 bytes,        184 total
- age   8:         16 bytes,        200 total
- age  14:         16 bytes,        216 total
: 896K->0K(960K), 0.0008638 secs] 8486K->7878K(10176K), 0.0010850 secs] [Times: user=0.00 sys=0.00, real=0.00 secs] 
2019-01-02T11:12:50.236+0530: 838.138: [GC (Allocation Failure) 2019-01-02T11:12:50.236+0530: 838.138: [DefNew
Desired survivor size 32768 bytes, new threshold 15 (max 15)
- age   1:         40 bytes,         40 total
- age   3:        184 bytes,        224 total
- age   9:         16 bytes,        240 total
- age  15:         16 bytes,        256 total
: 896K->0K(960K), 0.0013239 secs] 8774K->8454K(10176K), 0.0014756 secs] [Times: user=0.00 sys=0.00, real=0.00 secs] 
2019-01-02T11:12:50.239+0530: 838.141: [GC (Allocation Failure) 2019-01-02T11:12:50.239+0530: 838.141: [DefNew
Desired survivor size 32768 bytes, new threshold 15 (max 15)
- age   1:         24 bytes,         24 total
- age   4:        184 bytes,        208 total
- age  10:         16 bytes,        224 total
: 446K->0K(960K), 0.0004590 secs] 8901K->8454K(10176K), 0.0005730 secs] [Times: user=0.00 sys=0.00, real=0.00 secs] 
2019-01-02T11:12:50.240+0530: 838.142: [GC (Allocation Failure) 2019-01-02T11:12:50.240+0530: 838.142: [DefNew
Desired survivor size 32768 bytes, new threshold 15 (max 15)
- age   2:         24 bytes,         24 total
- age   5:        184 bytes,        208 total
- age  11:         16 bytes,        224 total
: 494K->0K(960K), 0.0003769 secs] 8948K->8948K(10176K), 0.0006021 secs] [Times: user=0.00 sys=0.00, real=0.00 secs] 
2019-01-02T11:12:50.241+0530: 838.143: [GC (Allocation Failure) 2019-01-02T11:12:50.241+0530: 838.143: [DefNew: 511K->511K(960K), 0.0000291 secs]2019-01-02T11:12:50.241+0530: 838.143: [Tenured: 8948K->1254K(9216K), 0.0044450 secs] 9460K->1254K(10176K), [Metaspace: 2520K->2520K(1056768K)], 0.0046360 secs] [Times: user=0.00 sys=0.00, real=0.01 secs] 
2019-01-02T11:12:50.304+0530: 838.207: [GC (Allocation Failure) 2019-01-02T11:12:50.305+0530: 838.207: [DefNew
Desired survivor size 32768 bytes, new threshold 15 (max 15)
- age   1:        248 bytes,        248 total
: 849K->0K(960K), 0.0011563 secs] 2103K->1820K(10176K), 0.0016118 secs] [Times: user=0.00 sys=0.00, real=0.00 secs] 
2019-01-02T11:12:50.308+0530: 838.210: [GC (Allocation Failure) 2019-01-02T11:12:50.308+0530: 838.210: [DefNew
Desired survivor size 32768 bytes, new threshold 15 (max 15)
- age   1:         40 bytes,         40 total
- age   2:        184 bytes,        224 total
: 896K->0K(960K), 0.0003489 secs] 2716K->2108K(10176K), 0.0004476 secs] [Times: user=0.00 sys=0.00, real=0.00 secs] 
2019-01-02T11:12:50.309+0530: 838.211: [GC (Allocation Failure) 2019-01-02T11:12:50.309+0530: 838.211: [DefNew
Desired survivor size 32768 bytes, new threshold 15 (max 15)
- age   1:         40 bytes,         40 total
- age   3:        184 bytes,        224 total
: 896K->0K(960K), 0.0003883 secs] 3004K->2684K(10176K), 0.0004567 secs] [Times: user=0.00 sys=0.00, real=0.00 secs] 
2019-01-02T11:12:50.311+0530: 838.214: [GC (Allocation Failure) 2019-01-02T11:12:50.311+0530: 838.214: [DefNew
Desired survivor size 32768 bytes, new threshold 15 (max 15)
- age   1:         24 bytes,         24 total
- age   4:        184 bytes,        208 total
: 445K->0K(960K), 0.0003678 secs] 3129K->2684K(10176K), 0.0004812 secs] [Times: user=0.00 sys=0.00, real=0.00 secs] 
2019-01-02T11:12:50.312+0530: 838.215: [GC (Allocation Failure) 2019-01-02T11:12:50.312+0530: 838.215: [DefNew
Desired survivor size 32768 bytes, new threshold 15 (max 15)
- age   2:         24 bytes,         24 total
- age   5:        184 bytes,        208 total
: 494K->0K(960K), 0.0008855 secs] 3178K->3178K(10176K), 0.0010833 secs] [Times: user=0.00 sys=0.00, real=0.00 secs] 
2019-01-02T11:12:50.314+0530: 838.216: [GC (Allocation Failure) 2019-01-02T11:12:50.314+0530: 838.216: [DefNew
Desired survivor size 32768 bytes, new threshold 15 (max 15)
- age   1:         24 bytes,         24 total
- age   6:         72 bytes,         96 total
: 511K->0K(960K), 0.0010633 secs] 3689K->3671K(10176K), 0.0012184 secs] [Times: user=0.00 sys=0.00, real=0.00 secs] 
2019-01-02T11:12:50.366+0530: 838.268: [GC (Allocation Failure) 2019-01-02T11:12:50.366+0530: 838.268: [DefNew
Desired survivor size 32768 bytes, new threshold 15 (max 15)
- age   1:        248 bytes,        248 total
- age   7:         16 bytes,        264 total
: 849K->0K(960K), 0.0006078 secs] 4521K->3743K(10176K), 0.0007834 secs] [Times: user=0.00 sys=0.00, real=0.00 secs] 
2019-01-02T11:12:50.369+0530: 838.271: [GC (Allocation Failure) 2019-01-02T11:12:50.369+0530: 838.271: [DefNew
Desired survivor size 32768 bytes, new threshold 15 (max 15)
- age   2:        184 bytes,        184 total
- age   8:         16 bytes,        200 total
: 896K->0K(960K), 0.0004618 secs] 4639K->4031K(10176K), 0.0006705 secs] [Times: user=0.00 sys=0.00, real=0.00 secs] 
2019-01-02T11:12:50.371+0530: 838.273: [GC (Allocation Failure) 2019-01-02T11:12:50.371+0530: 838.273: [DefNew
Desired survivor size 32768 bytes, new threshold 15 (max 15)
- age   1:         40 bytes,         40 total
- age   3:        184 bytes,        224 total
- age   9:         16 bytes,        240 total
: 896K->0K(960K), 0.0009921 secs] 4927K->4607K(10176K), 0.0011762 secs] [Times: user=0.02 sys=0.00, real=0.00 secs] 
2019-01-02T11:12:50.373+0530: 838.276: [GC (Allocation Failure) 2019-01-02T11:12:50.373+0530: 838.276: [DefNew
Desired survivor size 32768 bytes, new threshold 15 (max 15)
- age   1:         24 bytes,         24 total
- age   4:        184 bytes,        208 total
- age  10:         16 bytes,        224 total
: 446K->0K(960K), 0.0005895 secs] 5054K->4607K(10176K), 0.0007047 secs] [Times: user=0.00 sys=0.00, real=0.00 secs] 
2019-01-02T11:12:50.374+0530: 838.277: [GC (Allocation Failure) 2019-01-02T11:12:50.374+0530: 838.277: [DefNew
Desired survivor size 32768 bytes, new threshold 15 (max 15)
- age   2:         24 bytes,         24 total
- age   5:        184 bytes,        208 total
- age  11:         16 bytes,        224 total
: 494K->0K(960K), 0.0003267 secs] 5101K->5101K(10176K), 0.0003985 secs] [Times: user=0.00 sys=0.00, real=0.00 secs] 
2019-01-02T11:12:50.375+0530: 838.277: [GC (Allocation Failure) 2019-01-02T11:12:50.375+0530: 838.277: [DefNew
Desired survivor size 32768 bytes, new threshold 15 (max 15)
- age   1:         24 bytes,         24 total
- age   6:         72 bytes,         96 total
- age  12:         16 bytes,        112 total
: 511K->0K(960K), 0.0003045 secs] 5613K->5595K(10176K), 0.0003797 secs] [Times: user=0.00 sys=0.00, real=0.00 secs] 
2019-01-02T11:12:50.430+0530: 838.332: [GC (Allocation Failure) 2019-01-02T11:12:50.430+0530: 838.332: [DefNew
Desired survivor size 32768 bytes, new threshold 15 (max 15)
- age   1:        248 bytes,        248 total
- age   7:         16 bytes,        264 total
- age  13:         16 bytes,        280 total
: 849K->0K(960K), 0.0010616 secs] 6445K->5667K(10176K), 0.0015064 secs] [Times: user=0.00 sys=0.00, real=0.00 secs] 
2019-01-02T11:12:50.433+0530: 838.335: [GC (Allocation Failure) 2019-01-02T11:12:50.433+0530: 838.335: [DefNew
Desired survivor size 32768 bytes, new threshold 15 (max 15)
- age   1:         40 bytes,         40 total
- age   2:        184 bytes,        224 total
- age   8:         16 bytes,        240 total
- age  14:         16 bytes,        256 total
: 896K->0K(960K), 0.0008729 secs] 6563K->5955K(10176K), 0.0009869 secs] [Times: user=0.02 sys=0.00, real=0.00 secs] 
2019-01-02T11:12:50.436+0530: 838.338: [GC (Allocation Failure) 2019-01-02T11:12:50.436+0530: 838.338: [DefNew
Desired survivor size 32768 bytes, new threshold 15 (max 15)
- age   1:         40 bytes,         40 total
- age   3:        184 bytes,        224 total
- age   9:         16 bytes,        240 total
- age  15:         16 bytes,        256 total
: 896K->0K(960K), 0.0008273 secs] 6851K->6531K(10176K), 0.0010616 secs] [Times: user=0.00 sys=0.00, real=0.00 secs] 
2019-01-02T11:12:50.438+0530: 838.340: [GC (Allocation Failure) 2019-01-02T11:12:50.438+0530: 838.340: [DefNew
Desired survivor size 32768 bytes, new threshold 15 (max 15)
- age   1:         24 bytes,         24 total
- age   4:        184 bytes,        208 total
- age  10:         16 bytes,        224 total
: 445K->0K(960K), 0.0002589 secs] 6977K->6531K(10176K), 0.0003370 secs] [Times: user=0.00 sys=0.00, real=0.00 secs] 
2019-01-02T11:12:50.439+0530: 838.341: [GC (Allocation Failure) 2019-01-02T11:12:50.439+0530: 838.341: [DefNew
Desired survivor size 32768 bytes, new threshold 15 (max 15)
- age   2:         24 bytes,         24 total
- age   5:        184 bytes,        208 total
- age  11:         16 bytes,        224 total
: 494K->0K(960K), 0.0003290 secs] 7025K->7025K(10176K), 0.0003991 secs] [Times: user=0.00 sys=0.00, real=0.00 secs] 
2019-01-02T11:12:50.439+0530: 838.342: [GC (Allocation Failure) 2019-01-02T11:12:50.440+0530: 838.342: [DefNew
Desired survivor size 32768 bytes, new threshold 15 (max 15)
- age   1:         24 bytes,         24 total
- age   6:         72 bytes,         96 total
- age  12:         16 bytes,        112 total
: 511K->0K(960K), 0.0003142 secs] 7537K->7519K(10176K), 0.0003894 secs] [Times: user=0.00 sys=0.00, real=0.00 secs] 
2019-01-02T11:12:50.494+0530: 838.397: [GC (Allocation Failure) 2019-01-02T11:12:50.494+0530: 838.397: [DefNew
Desired survivor size 32768 bytes, new threshold 15 (max 15)
- age   1:        248 bytes,        248 total
- age   7:         16 bytes,        264 total
- age  13:         16 bytes,        280 total
: 849K->0K(960K), 0.0010086 secs] 8368K->7591K(10176K), 0.0013581 secs] [Times: user=0.00 sys=0.00, real=0.00 secs] 
2019-01-02T11:12:50.498+0530: 838.400: [GC (Allocation Failure) 2019-01-02T11:12:50.498+0530: 838.400: [DefNew
Desired survivor size 32768 bytes, new threshold 15 (max 15)
- age   2:        184 bytes,        184 total
- age   8:         16 bytes,        200 total
- age  14:         16 bytes,        216 total
: 896K->0K(960K), 0.0006853 secs] 8487K->7879K(10176K), 0.0008250 secs] [Times: user=0.00 sys=0.00, real=0.00 secs] 
2019-01-02T11:12:50.500+0530: 838.402: [GC (Allocation Failure) 2019-01-02T11:12:50.500+0530: 838.403: [DefNew
Desired survivor size 32768 bytes, new threshold 15 (max 15)
- age   1:         40 bytes,         40 total
- age   3:        184 bytes,        224 total
- age   9:         16 bytes,        240 total
- age  15:         16 bytes,        256 total
: 896K->0K(960K), 0.0012720 secs] 8775K->8455K(10176K), 0.0014476 secs] [Times: user=0.00 sys=0.00, real=0.00 secs] 
2019-01-02T11:12:50.503+0530: 838.405: [GC (Allocation Failure) 2019-01-02T11:12:50.503+0530: 838.406: [DefNew
Desired survivor size 32768 bytes, new threshold 15 (max 15)
- age   1:         24 bytes,         24 total
- age   4:        184 bytes,        208 total
- age  10:         16 bytes,        224 total
: 446K->0K(960K), 0.0006659 secs] 8901K->8455K(10176K), 0.0009083 secs] [Times: user=0.00 sys=0.00, real=0.00 secs] 
2019-01-02T11:12:50.505+0530: 838.407: [GC (Allocation Failure) 2019-01-02T11:12:50.505+0530: 838.407: [DefNew
Desired survivor size 32768 bytes, new threshold 15 (max 15)
- age   2:         24 bytes,         24 total
- age   5:        184 bytes,        208 total
- age  11:         16 bytes,        224 total
: 494K->0K(960K), 0.0003455 secs] 8949K->8949K(10176K), 0.0004208 secs] [Times: user=0.00 sys=0.00, real=0.00 secs] 
2019-01-02T11:12:50.505+0530: 838.408: [GC (Allocation Failure) 2019-01-02T11:12:50.505+0530: 838.408: [DefNew: 512K->512K(960K), 0.0000291 secs]2019-01-02T11:12:50.505+0530: 838.408: [Tenured: 8949K->1254K(9216K), 0.0036490 secs] 9461K->1254K(10176K), [Metaspace: 2520K->2520K(1056768K)], 0.0038018 secs] [Times: user=0.00 sys=0.00, real=0.00 secs] 
2019-01-02T11:12:50.562+0530: 838.464: [GC (Allocation Failure) 2019-01-02T11:12:50.562+0530: 838.464: [DefNew
Desired survivor size 32768 bytes, new threshold 15 (max 15)
- age   1:        248 bytes,        248 total
: 849K->0K(960K), 0.0017817 secs] 2103K->1820K(10176K), 0.0020075 secs] [Times: user=0.00 sys=0.00, real=0.00 secs] 
2019-01-02T11:12:50.566+0530: 838.468: [GC (Allocation Failure) 2019-01-02T11:12:50.566+0530: 838.468: [DefNew
Desired survivor size 32768 bytes, new threshold 15 (max 15)
- age   1:         40 bytes,         40 total
- age   2:        184 bytes,        224 total
: 896K->0K(960K), 0.0006374 secs] 2716K->2108K(10176K), 0.0007515 secs] [Times: user=0.00 sys=0.00, real=0.00 secs] 
2019-01-02T11:12:50.568+0530: 838.470: [GC (Allocation Failure) 2019-01-02T11:12:50.568+0530: 838.470: [DefNew
Desired survivor size 32768 bytes, new threshold 15 (max 15)
- age   1:         40 bytes,         40 total
- age   3:        184 bytes,        224 total
: 896K->0K(960K), 0.0009790 secs] 3004K->2684K(10176K), 0.0011112 secs] [Times: user=0.00 sys=0.00, real=0.00 secs] 
2019-01-02T11:12:50.570+0530: 838.472: [GC (Allocation Failure) 2019-01-02T11:12:50.570+0530: 838.473: [DefNew
Desired survivor size 32768 bytes, new threshold 15 (max 15)
- age   1:         24 bytes,         24 total
- age   4:        184 bytes,        208 total
: 445K->0K(960K), 0.0002959 secs] 3129K->2684K(10176K), 0.0003866 secs] [Times: user=0.00 sys=0.00, real=0.00 secs] 
2019-01-02T11:12:50.571+0530: 838.473: [GC (Allocation Failure) 2019-01-02T11:12:50.571+0530: 838.473: [DefNew
Desired survivor size 32768 bytes, new threshold 15 (max 15)
- age   2:         24 bytes,         24 total
- age   5:        184 bytes,        208 total
: 494K->0K(960K), 0.0003421 secs] 3178K->3178K(10176K), 0.0004196 secs] [Times: user=0.00 sys=0.00, real=0.00 secs] 
2019-01-02T11:12:50.572+0530: 838.474: [GC (Allocation Failure) 2019-01-02T11:12:50.572+0530: 838.474: [DefNew
Desired survivor size 32768 bytes, new threshold 15 (max 15)
- age   1:         24 bytes,         24 total
- age   6:         72 bytes,         96 total
: 511K->0K(960K), 0.0003278 secs] 3690K->3672K(10176K), 0.0003997 secs] [Times: user=0.00 sys=0.00, real=0.00 secs] 
2019-01-02T11:12:50.632+0530: 838.534: [GC (Allocation Failure) 2019-01-02T11:12:50.632+0530: 838.534: [DefNew
Desired survivor size 32768 bytes, new threshold 15 (max 15)
- age   1:        248 bytes,        248 total
- age   7:         16 bytes,        264 total
: 849K->0K(960K), 0.0013701 secs] 4521K->3744K(10176K), 0.0016278 secs] [Times: user=0.00 sys=0.00, real=0.00 secs] 
2019-01-02T11:12:50.635+0530: 838.537: [GC (Allocation Failure) 2019-01-02T11:12:50.635+0530: 838.537: [DefNew
Desired survivor size 32768 bytes, new threshold 15 (max 15)
- age   2:        184 bytes,        184 total
- age   8:         16 bytes,        200 total
: 896K->0K(960K), 0.0006580 secs] 4640K->4032K(10176K), 0.0008091 secs] [Times: user=0.00 sys=0.00, real=0.00 secs] 
2019-01-02T11:12:50.637+0530: 838.539: [GC (Allocation Failure) 2019-01-02T11:12:50.637+0530: 838.539: [DefNew
Desired survivor size 32768 bytes, new threshold 15 (max 15)
- age   1:         40 bytes,         40 total
- age   3:        184 bytes,        224 total
- age   9:         16 bytes,        240 total
: 896K->0K(960K), 0.0011603 secs] 4928K->4608K(10176K), 0.0013000 secs] [Times: user=0.00 sys=0.00, real=0.00 secs] 
2019-01-02T11:12:50.640+0530: 838.542: [GC (Allocation Failure) 2019-01-02T11:12:50.640+0530: 838.542: [DefNew
Desired survivor size 32768 bytes, new threshold 15 (max 15)
- age   1:         24 bytes,         24 total
- age   4:        184 bytes,        208 total
- age  10:         16 bytes,        224 total
: 446K->0K(960K), 0.0003244 secs] 5054K->4608K(10176K), 0.0004174 secs] [Times: user=0.00 sys=0.00, real=0.00 secs] 
2019-01-02T11:12:50.640+0530: 838.543: [GC (Allocation Failure) 2019-01-02T11:12:50.641+0530: 838.543: [DefNew
Desired survivor size 32768 bytes, new threshold 15 (max 15)
- age   2:         24 bytes,         24 total
- age   5:        184 bytes,        208 total
- age  11:         16 bytes,        224 total
: 494K->0K(960K), 0.0003444 secs] 5102K->5102K(10176K), 0.0004236 secs] [Times: user=0.00 sys=0.00, real=0.00 secs] 
2019-01-02T11:12:50.641+0530: 838.544: [GC (Allocation Failure) 2019-01-02T11:12:50.641+0530: 838.544: [DefNew
Desired survivor size 32768 bytes, new threshold 15 (max 15)
- age   1:         24 bytes,         24 total
- age   6:         72 bytes,         96 total
- age  12:         16 bytes,        112 total
: 512K->0K(960K), 0.0003324 secs] 5614K->5596K(10176K), 0.0004042 secs] [Times: user=0.00 sys=0.00, real=0.00 secs] 
2019-01-02T11:12:50.699+0530: 838.601: [GC (Allocation Failure) 2019-01-02T11:12:50.699+0530: 838.602: [DefNew
Desired survivor size 32768 bytes, new threshold 15 (max 15)
- age   1:        248 bytes,        248 total
- age   7:         16 bytes,        264 total
- age  13:         16 bytes,        280 total
: 849K->0K(960K), 0.0005570 secs] 6445K->5668K(10176K), 0.0007195 secs] [Times: user=0.00 sys=0.00, real=0.00 secs] 
2019-01-02T11:12:50.701+0530: 838.604: [GC (Allocation Failure) 2019-01-02T11:12:50.701+0530: 838.604: [DefNew
Desired survivor size 32768 bytes, new threshold 15 (max 15)
- age   1:         40 bytes,         40 total
- age   2:        184 bytes,        224 total
- age   8:         16 bytes,        240 total
- age  14:         16 bytes,        256 total
: 896K->0K(960K), 0.0009100 secs] 6564K->5956K(10176K), 0.0010599 secs] [Times: user=0.00 sys=0.00, real=0.00 secs] 
2019-01-02T11:12:50.704+0530: 838.606: [GC (Allocation Failure) 2019-01-02T11:12:50.704+0530: 838.606: [DefNew
Desired survivor size 32768 bytes, new threshold 15 (max 15)
- age   1:         40 bytes,         40 total
- age   3:        184 bytes,        224 total
- age   9:         16 bytes,        240 total
- age  15:         16 bytes,        256 total
: 896K->0K(960K), 0.0010884 secs] 6852K->6532K(10176K), 0.0012623 secs] [Times: user=0.00 sys=0.00, real=0.00 secs] 
2019-01-02T11:12:50.707+0530: 838.609: [GC (Allocation Failure) 2019-01-02T11:12:50.707+0530: 838.609: [DefNew
Desired survivor size 32768 bytes, new threshold 15 (max 15)
- age   1:         24 bytes,         24 total
- age   4:        184 bytes,        208 total
- age  10:         16 bytes,        224 total
: 445K->0K(960K), 0.0006021 secs] 6977K->6532K(10176K), 0.0007252 secs] [Times: user=0.00 sys=0.00, real=0.00 secs] 
2019-01-02T11:12:50.708+0530: 838.610: [GC (Allocation Failure) 2019-01-02T11:12:50.708+0530: 838.610: [DefNew
Desired survivor size 32768 bytes, new threshold 15 (max 15)
- age   2:         24 bytes,         24 total
- age   5:        184 bytes,        208 total
- age  11:         16 bytes,        224 total
: 494K->0K(960K), 0.0003415 secs] 7026K->7026K(10176K), 0.0004145 secs] [Times: user=0.00 sys=0.00, real=0.00 secs] 
2019-01-02T11:12:50.708+0530: 838.611: [GC (Allocation Failure) 2019-01-02T11:12:50.709+0530: 838.611: [DefNew
Desired survivor size 32768 bytes, new threshold 15 (max 15)
- age   1:         24 bytes,         24 total
- age   6:         72 bytes,         96 total
- age  12:         16 bytes,        112 total
: 512K->0K(960K), 0.0003193 secs] 7538K->7520K(10176K), 0.0004025 secs] [Times: user=0.00 sys=0.00, real=0.00 secs] 
2019-01-02T11:12:50.764+0530: 838.666: [GC (Allocation Failure) 2019-01-02T11:12:50.764+0530: 838.666: [DefNew
Desired survivor size 32768 bytes, new threshold 15 (max 15)
- age   1:        248 bytes,        248 total
- age   7:         16 bytes,        264 total
- age  13:         16 bytes,        280 total
: 849K->0K(960K), 0.0011774 secs] 8369K->7592K(10176K), 0.0015577 secs] [Times: user=0.00 sys=0.00, real=0.00 secs] 
2019-01-02T11:12:50.767+0530: 838.670: [GC (Allocation Failure) 2019-01-02T11:12:50.767+0530: 838.670: [DefNew
Desired survivor size 32768 bytes, new threshold 15 (max 15)
- age   2:        184 bytes,        184 total
- age   8:         16 bytes,        200 total
- age  14:         16 bytes,        216 total
: 896K->0K(960K), 0.0006101 secs] 8488K->7880K(10176K), 0.0007612 secs] [Times: user=0.00 sys=0.00, real=0.00 secs] 
2019-01-02T11:12:50.769+0530: 838.672: [GC (Allocation Failure) 2019-01-02T11:12:50.769+0530: 838.672: [DefNew
Desired survivor size 32768 bytes, new threshold 15 (max 15)
- age   1:         40 bytes,         40 total
- age   3:        184 bytes,        224 total
- age   9:         16 bytes,        240 total
- age  15:         16 bytes,        256 total
: 896K->0K(960K), 0.0010651 secs] 8776K->8456K(10176K), 0.0012863 secs] [Times: user=0.00 sys=0.00, real=0.00 secs] 
2019-01-02T11:12:50.772+0530: 838.674: [GC (Allocation Failure) 2019-01-02T11:12:50.772+0530: 838.674: [DefNew
Desired survivor size 32768 bytes, new threshold 15 (max 15)
- age   1:         24 bytes,         24 total
- age   4:        184 bytes,        208 total
- age  10:         16 bytes,        224 total
: 446K->0K(960K), 0.0002611 secs] 8902K->8456K(10176K), 0.0003415 secs] [Times: user=0.00 sys=0.00, real=0.00 secs] 
2019-01-02T11:12:50.773+0530: 838.675: [GC (Allocation Failure) 2019-01-02T11:12:50.773+0530: 838.675: [DefNew
Desired survivor size 32768 bytes, new threshold 15 (max 15)
- age   2:         24 bytes,         24 total
- age   5:        184 bytes,        208 total
- age  11:         16 bytes,        224 total
: 494K->0K(960K), 0.0003427 secs] 8950K->8950K(10176K), 0.0004134 secs] [Times: user=0.00 sys=0.00, real=0.00 secs] 
2019-01-02T11:12:50.773+0530: 838.676: [GC (Allocation Failure) 2019-01-02T11:12:50.774+0530: 838.676: [DefNew: 512K->512K(960K), 0.0000291 secs]2019-01-02T11:12:50.774+0530: 838.676: [Tenured: 8950K->1254K(9216K), 0.0036456 secs] 9462K->1254K(10176K), [Metaspace: 2520K->2520K(1056768K)], 0.0038070 secs] [Times: user=0.01 sys=0.00, real=0.00 secs] 
2019-01-02T11:12:50.833+0530: 838.735: [GC (Allocation Failure) 2019-01-02T11:12:50.833+0530: 838.735: [DefNew
Desired survivor size 32768 bytes, new threshold 15 (max 15)
- age   1:        248 bytes,        248 total
: 849K->0K(960K), 0.0007743 secs] 2104K->1820K(10176K), 0.0009573 secs] [Times: user=0.00 sys=0.00, real=0.00 secs] 
2019-01-02T11:12:50.836+0530: 838.738: [GC (Allocation Failure) 2019-01-02T11:12:50.836+0530: 838.738: [DefNew
Desired survivor size 32768 bytes, new threshold 15 (max 15)
- age   1:         40 bytes,         40 total
- age   2:        184 bytes,        224 total
: 896K->0K(960K), 0.0008467 secs] 2716K->2108K(10176K), 0.0010001 secs] [Times: user=0.00 sys=0.00, real=0.00 secs] 
2019-01-02T11:12:50.838+0530: 838.740: [GC (Allocation Failure) 2019-01-02T11:12:50.838+0530: 838.741: [DefNew
Desired survivor size 32768 bytes, new threshold 15 (max 15)
- age   1:         40 bytes,         40 total
- age   3:        184 bytes,        224 total
: 896K->0K(960K), 0.0011278 secs] 3004K->2684K(10176K), 0.0013610 secs] [Times: user=0.02 sys=0.00, real=0.00 secs] 
2019-01-02T11:12:50.841+0530: 838.743: [GC (Allocation Failure) 2019-01-02T11:12:50.841+0530: 838.743: [DefNew
Desired survivor size 32768 bytes, new threshold 15 (max 15)
- age   1:         24 bytes,         24 total
- age   4:        184 bytes,        208 total
: 445K->0K(960K), 0.0003478 secs] 3130K->2684K(10176K), 0.0004898 secs] [Times: user=0.00 sys=0.00, real=0.00 secs] 
2019-01-02T11:12:50.842+0530: 838.744: [GC (Allocation Failure) 2019-01-02T11:12:50.842+0530: 838.744: [DefNew
Desired survivor size 32768 bytes, new threshold 15 (max 15)
- age   2:         24 bytes,         24 total
- age   5:        184 bytes,        208 total
: 494K->0K(960K), 0.0003256 secs] 3178K->3178K(10176K), 0.0003963 secs] [Times: user=0.00 sys=0.00, real=0.00 secs] 
2019-01-02T11:12:50.843+0530: 838.745: [GC (Allocation Failure) 2019-01-02T11:12:50.843+0530: 838.745: [DefNew
Desired survivor size 32768 bytes, new threshold 15 (max 15)
- age   1:         24 bytes,         24 total
- age   6:         72 bytes,         96 total
: 512K->0K(960K), 0.0003124 secs] 3690K->3672K(10176K), 0.0003826 secs] [Times: user=0.00 sys=0.00, real=0.00 secs] 
2019-01-02T11:12:50.898+0530: 838.800: [GC (Allocation Failure) 2019-01-02T11:12:50.898+0530: 838.800: [DefNew
Desired survivor size 32768 bytes, new threshold 15 (max 15)
- age   1:        248 bytes,        248 total
- age   7:         16 bytes,        264 total
: 849K->0K(960K), 0.0008547 secs] 4522K->3744K(10176K), 0.0011757 secs] [Times: user=0.00 sys=0.00, real=0.00 secs] 
2019-01-02T11:12:50.901+0530: 838.804: [GC (Allocation Failure) 2019-01-02T11:12:50.901+0530: 838.804: [DefNew
Desired survivor size 32768 bytes, new threshold 15 (max 15)
- age   2:        184 bytes,        184 total
- age   8:         16 bytes,        200 total
: 896K->0K(960K), 0.0006580 secs] 4640K->4032K(10176K), 0.0008153 secs] [Times: user=0.02 sys=0.00, real=0.00 secs] 
2019-01-02T11:12:50.903+0530: 838.806: [GC (Allocation Failure) 2019-01-02T11:12:50.903+0530: 838.806: [DefNew
Desired survivor size 32768 bytes, new threshold 15 (max 15)
- age   1:         40 bytes,         40 total
- age   3:        184 bytes,        224 total
- age   9:         16 bytes,        240 total
: 896K->0K(960K), 0.0010805 secs] 4928K->4608K(10176K), 0.0012817 secs] [Times: user=0.00 sys=0.00, real=0.00 secs] 
2019-01-02T11:12:50.906+0530: 838.808: [GC (Allocation Failure) 2019-01-02T11:12:50.906+0530: 838.808: [DefNew
Desired survivor size 32768 bytes, new threshold 15 (max 15)
- age   1:         24 bytes,         24 total
- age   4:        184 bytes,        208 total
- age  10:         16 bytes,        224 total
: 446K->0K(960K), 0.0006751 secs] 5055K->4608K(10176K), 0.0008051 secs] [Times: user=0.00 sys=0.00, real=0.00 secs] 
2019-01-02T11:12:50.907+0530: 838.810: [GC (Allocation Failure) 2019-01-02T11:12:50.907+0530: 838.810: [DefNew
Desired survivor size 32768 bytes, new threshold 15 (max 15)
- age   2:         24 bytes,         24 total
- age   5:        184 bytes,        208 total
- age  11:         16 bytes,        224 total
: 494K->0K(960K), 0.0003392 secs] 5102K->5102K(10176K), 0.0004111 secs] [Times: user=0.00 sys=0.00, real=0.00 secs] 
2019-01-02T11:12:50.908+0530: 838.810: [GC (Allocation Failure) 2019-01-02T11:12:50.908+0530: 838.810: [DefNew
Desired survivor size 32768 bytes, new threshold 15 (max 15)
- age   1:         24 bytes,         24 total
- age   6:         72 bytes,         96 total
- age  12:         16 bytes,        112 total
: 512K->0K(960K), 0.0003079 secs] 5614K->5596K(10176K), 0.0003900 secs] [Times: user=0.00 sys=0.00, real=0.00 secs] 
2019-01-02T11:12:50.964+0530: 838.866: [GC (Allocation Failure) 2019-01-02T11:12:50.964+0530: 838.866: [DefNew
Desired survivor size 32768 bytes, new threshold 15 (max 15)
- age   1:        248 bytes,        248 total
- age   7:         16 bytes,        264 total
- age  13:         16 bytes,        280 total
: 850K->0K(960K), 0.0009123 secs] 6446K->5668K(10176K), 0.0014436 secs] [Times: user=0.02 sys=0.00, real=0.00 secs] 
2019-01-02T11:12:50.967+0530: 838.870: [GC (Allocation Failure) 2019-01-02T11:12:50.968+0530: 838.870: [DefNew
Desired survivor size 32768 bytes, new threshold 15 (max 15)
- age   1:         40 bytes,         40 total
- age   2:        184 bytes,        224 total
- age   8:         16 bytes,        240 total
- age  14:         16 bytes,        256 total
: 896K->0K(960K), 0.0009020 secs] 6564K->5956K(10176K), 0.0011751 secs] [Times: user=0.00 sys=0.00, real=0.00 secs] 
2019-01-02T11:12:50.970+0530: 838.872: [GC (Allocation Failure) 2019-01-02T11:12:50.970+0530: 838.872: [DefNew
Desired survivor size 32768 bytes, new threshold 15 (max 15)
- age   1:         40 bytes,         40 total
- age   3:        184 bytes,        224 total
- age   9:         16 bytes,        240 total
- age  15:         16 bytes,        256 total
: 896K->0K(960K), 0.0009105 secs] 6852K->6532K(10176K), 0.0010137 secs] [Times: user=0.00 sys=0.00, real=0.00 secs] 
2019-01-02T11:12:50.972+0530: 838.874: [GC (Allocation Failure) 2019-01-02T11:12:50.972+0530: 838.874: [DefNew
Desired survivor size 32768 bytes, new threshold 15 (max 15)
- age   1:         24 bytes,         24 total
- age   4:        184 bytes,        208 total
- age  10:         16 bytes,        224 total
: 445K->0K(960K), 0.0006956 secs] 6978K->6532K(10176K), 0.0008250 secs] [Times: user=0.00 sys=0.00, real=0.00 secs] 
2019-01-02T11:12:50.973+0530: 838.876: [GC (Allocation Failure) 2019-01-02T11:12:50.973+0530: 838.876: [DefNew
Desired survivor size 32768 bytes, new threshold 15 (max 15)
- age   2:         24 bytes,         24 total
- age   5:        184 bytes,        208 total
- age  11:         16 bytes,        224 total
: 494K->0K(960K), 0.0003449 secs] 7026K->7026K(10176K), 0.0004185 secs] [Times: user=0.00 sys=0.00, real=0.00 secs] 
2019-01-02T11:12:50.974+0530: 838.876: [GC (Allocation Failure) 2019-01-02T11:12:50.974+0530: 838.876: [DefNew
Desired survivor size 32768 bytes, new threshold 15 (max 15)
- age   1:         24 bytes,         24 total
- age   6:         72 bytes,         96 total
- age  12:         16 bytes,        112 total
: 512K->0K(960K), 0.0003199 secs] 7538K->7520K(10176K), 0.0003980 secs] [Times: user=0.00 sys=0.00, real=0.00 secs] 
2019-01-02T11:12:51.029+0530: 838.931: [GC (Allocation Failure) 2019-01-02T11:12:51.029+0530: 838.931: [DefNew
Desired survivor size 32768 bytes, new threshold 15 (max 15)
- age   1:        248 bytes,        248 total
- age   7:         16 bytes,        264 total
- age  13:         16 bytes,        280 total
: 849K->0K(960K), 0.0010856 secs] 8370K->7593K(10176K), 0.0013342 secs] [Times: user=0.00 sys=0.00, real=0.00 secs] 
2019-01-02T11:12:51.032+0530: 838.935: [GC (Allocation Failure) 2019-01-02T11:12:51.032+0530: 838.935: [DefNew
Desired survivor size 32768 bytes, new threshold 15 (max 15)
- age   2:        184 bytes,        184 total
- age   8:         16 bytes,        200 total
- age  14:         16 bytes,        216 total
: 896K->0K(960K), 0.0012977 secs] 8489K->7881K(10176K), 0.0014932 secs] [Times: user=0.00 sys=0.00, real=0.00 secs] 
2019-01-02T11:12:51.035+0530: 838.937: [GC (Allocation Failure) 2019-01-02T11:12:51.035+0530: 838.938: [DefNew
Desired survivor size 32768 bytes, new threshold 15 (max 15)
- age   1:         40 bytes,         40 total
- age   3:        184 bytes,        224 total
- age   9:         16 bytes,        240 total
- age  15:         16 bytes,        256 total
: 896K->0K(960K), 0.0009527 secs] 8777K->8457K(10176K), 0.0011033 secs] [Times: user=0.00 sys=0.00, real=0.00 secs] 
2019-01-02T11:12:51.038+0530: 838.940: [GC (Allocation Failure) 2019-01-02T11:12:51.038+0530: 838.940: [DefNew
Desired survivor size 32768 bytes, new threshold 15 (max 15)
- age   1:         24 bytes,         24 total
- age   4:        184 bytes,        208 total
- age  10:         16 bytes,        224 total
: 446K->0K(960K), 0.0008951 secs] 8903K->8457K(10176K), 0.0010508 secs] [Times: user=0.00 sys=0.00, real=0.00 secs] 
2019-01-02T11:12:51.039+0530: 838.942: [GC (Allocation Failure) 2019-01-02T11:12:51.039+0530: 838.942: [DefNew
Desired survivor size 32768 bytes, new threshold 15 (max 15)
- age   2:         24 bytes,         24 total
- age   5:        184 bytes,        208 total
- age  11:         16 bytes,        224 total
: 494K->0K(960K), 0.0003683 secs] 8951K->8951K(10176K), 0.0004556 secs] [Times: user=0.00 sys=0.00, real=0.00 secs] 
2019-01-02T11:12:51.040+0530: 838.942: [GC (Allocation Failure) 2019-01-02T11:12:51.040+0530: 838.942: [DefNew: 512K->512K(960K), 0.0000285 secs]2019-01-02T11:12:51.040+0530: 838.942: [Tenured: 8950K->1254K(9216K), 0.0037271 secs] 9463K->1254K(10176K), [Metaspace: 2520K->2520K(1056768K)], 0.0038771 secs] [Times: user=0.02 sys=0.00, real=0.00 secs] 
2019-01-02T11:12:51.104+0530: 839.006: [GC (Allocation Failure) 2019-01-02T11:12:51.104+0530: 839.006: [DefNew
Desired survivor size 32768 bytes, new threshold 15 (max 15)
- age   1:        248 bytes,        248 total
: 849K->0K(960K), 0.0013872 secs] 2104K->1820K(10176K), 0.0016808 secs] [Times: user=0.02 sys=0.00, real=0.00 secs] 
2019-01-02T11:12:51.107+0530: 839.010: [GC (Allocation Failure) 2019-01-02T11:12:51.107+0530: 839.010: [DefNew
Desired survivor size 32768 bytes, new threshold 15 (max 15)
- age   1:         40 bytes,         40 total
- age   2:        184 bytes,        224 total
: 896K->0K(960K), 0.0008062 secs] 2716K->2108K(10176K), 0.0010537 secs] [Times: user=0.00 sys=0.00, real=0.00 secs] 
2019-01-02T11:12:51.110+0530: 839.012: [GC (Allocation Failure) 2019-01-02T11:12:51.110+0530: 839.013: [DefNew
Desired survivor size 32768 bytes, new threshold 15 (max 15)
- age   1:         40 bytes,         40 total
- age   3:        184 bytes,        224 total
: 896K->0K(960K), 0.0011985 secs] 3004K->2684K(10176K), 0.0014340 secs] [Times: user=0.00 sys=0.00, real=0.00 secs] 
2019-01-02T11:12:51.113+0530: 839.015: [GC (Allocation Failure) 2019-01-02T11:12:51.113+0530: 839.015: [DefNew
Desired survivor size 32768 bytes, new threshold 15 (max 15)
- age   1:         24 bytes,         24 total
- age   4:        184 bytes,        208 total
: 445K->0K(960K), 0.0002560 secs] 3130K->2684K(10176K), 0.0003330 secs] [Times: user=0.00 sys=0.00, real=0.00 secs] 
2019-01-02T11:12:51.113+0530: 839.016: [GC (Allocation Failure) 2019-01-02T11:12:51.113+0530: 839.016: [DefNew
Desired survivor size 32768 bytes, new threshold 15 (max 15)
- age   2:         24 bytes,         24 total
- age   5:        184 bytes,        208 total
: 494K->0K(960K), 0.0003398 secs] 3178K->3178K(10176K), 0.0004117 secs] [Times: user=0.00 sys=0.00, real=0.00 secs] 
2019-01-02T11:12:51.114+0530: 839.016: [GC (Allocation Failure) 2019-01-02T11:12:51.114+0530: 839.016: [DefNew
Desired survivor size 32768 bytes, new threshold 15 (max 15)
- age   1:         24 bytes,         24 total
- age   6:         72 bytes,         96 total
: 512K->0K(960K), 0.0008330 secs] 3690K->3672K(10176K), 0.0009664 secs] [Times: user=0.00 sys=0.00, real=0.00 secs] 
2019-01-02T11:12:51.170+0530: 839.072: [GC (Allocation Failure) 2019-01-02T11:12:51.170+0530: 839.072: [DefNew
Desired survivor size 32768 bytes, new threshold 15 (max 15)
- age   1:        248 bytes,        248 total
- age   7:         16 bytes,        264 total
: 849K->0K(960K), 0.0010229 secs] 4522K->3745K(10176K), 0.0012133 secs] [Times: user=0.00 sys=0.00, real=0.00 secs] 
2019-01-02T11:12:51.173+0530: 839.075: [GC (Allocation Failure) 2019-01-02T11:12:51.173+0530: 839.076: [DefNew
Desired survivor size 32768 bytes, new threshold 15 (max 15)
- age   2:        184 bytes,        184 total
- age   8:         16 bytes,        200 total
: 896K->0K(960K), 0.0009658 secs] 4641K->4033K(10176K), 0.0012190 secs] [Times: user=0.00 sys=0.00, real=0.00 secs] 
2019-01-02T11:12:51.176+0530: 839.078: [GC (Allocation Failure) 2019-01-02T11:12:51.176+0530: 839.078: [DefNew
Desired survivor size 32768 bytes, new threshold 15 (max 15)
- age   1:         40 bytes,         40 total
- age   3:        184 bytes,        224 total
- age   9:         16 bytes,        240 total
: 896K->0K(960K), 0.0010970 secs] 4929K->4609K(10176K), 0.0012806 secs] [Times: user=0.00 sys=0.00, real=0.00 secs] 
2019-01-02T11:12:51.179+0530: 839.081: [GC (Allocation Failure) 2019-01-02T11:12:51.179+0530: 839.081: [DefNew
Desired survivor size 32768 bytes, new threshold 15 (max 15)
- age   1:         24 bytes,         24 total
- age   4:        184 bytes,        208 total
- age  10:         16 bytes,        224 total
: 446K->0K(960K), 0.0004328 secs] 5055K->4609K(10176K), 0.0005548 secs] [Times: user=0.00 sys=0.00, real=0.00 secs] 
2019-01-02T11:12:51.180+0530: 839.082: [GC (Allocation Failure) 2019-01-02T11:12:51.180+0530: 839.082: [DefNew
Desired survivor size 32768 bytes, new threshold 15 (max 15)
- age   2:         24 bytes,         24 total
- age   5:        184 bytes,        208 total
- age  11:         16 bytes,        224 total
: 494K->0K(960K), 0.0003615 secs] 5103K->5103K(10176K), 0.0004436 secs] [Times: user=0.00 sys=0.00, real=0.00 secs] 
2019-01-02T11:12:51.180+0530: 839.083: [GC (Allocation Failure) 2019-01-02T11:12:51.180+0530: 839.083: [DefNew
Desired survivor size 32768 bytes, new threshold 15 (max 15)
- age   1:         24 bytes,         24 total
- age   6:         72 bytes,         96 total
- age  12:         16 bytes,        112 total
: 512K->0K(960K), 0.0003335 secs] 5615K->5597K(10176K), 0.0004054 secs] [Times: user=0.00 sys=0.00, real=0.00 secs] 
2019-01-02T11:12:51.237+0530: 839.139: [GC (Allocation Failure) 2019-01-02T11:12:51.237+0530: 839.139: [DefNew
Desired survivor size 32768 bytes, new threshold 15 (max 15)
- age   1:        248 bytes,        248 total
- age   7:         16 bytes,        264 total
- age  13:         16 bytes,        280 total
: 850K->0K(960K), 0.0006893 secs] 6447K->5669K(10176K), 0.0009727 secs] [Times: user=0.00 sys=0.00, real=0.00 secs] 
2019-01-02T11:12:51.239+0530: 839.142: [GC (Allocation Failure) 2019-01-02T11:12:51.240+0530: 839.142: [DefNew
Desired survivor size 32768 bytes, new threshold 15 (max 15)
- age   1:         40 bytes,         40 total
- age   2:        184 bytes,        224 total
- age   8:         16 bytes,        240 total
- age  14:         16 bytes,        256 total
: 896K->0K(960K), 0.0010673 secs] 6565K->5957K(10176K), 0.0013439 secs] [Times: user=0.00 sys=0.00, real=0.00 secs] 
2019-01-02T11:12:51.242+0530: 839.145: [GC (Allocation Failure) 2019-01-02T11:12:51.242+0530: 839.145: [DefNew
Desired survivor size 32768 bytes, new threshold 15 (max 15)
- age   1:         40 bytes,         40 total
- age   3:        184 bytes,        224 total
- age   9:         16 bytes,        240 total
- age  15:         16 bytes,        256 total
: 896K->0K(960K), 0.0012247 secs] 6853K->6533K(10176K), 0.0013957 secs] [Times: user=0.00 sys=0.00, real=0.00 secs] 
2019-01-02T11:12:51.245+0530: 839.147: [GC (Allocation Failure) 2019-01-02T11:12:51.245+0530: 839.147: [DefNew
Desired survivor size 32768 bytes, new threshold 15 (max 15)
- age   1:         24 bytes,         24 total
- age   4:        184 bytes,        208 total
- age  10:         16 bytes,        224 total
: 445K->0K(960K), 0.0002691 secs] 6978K->6533K(10176K), 0.0003472 secs] [Times: user=0.00 sys=0.00, real=0.00 secs] 
2019-01-02T11:12:51.245+0530: 839.148: [GC (Allocation Failure) 2019-01-02T11:12:51.246+0530: 839.148: [DefNew
Desired survivor size 32768 bytes, new threshold 15 (max 15)
- age   2:         24 bytes,         24 total
- age   5:        184 bytes,        208 total
- age  11:         16 bytes,        224 total
: 494K->0K(960K), 0.0003341 secs] 7027K->7027K(10176K), 0.0004117 secs] [Times: user=0.00 sys=0.00, real=0.00 secs] 
2019-01-02T11:12:51.246+0530: 839.149: [GC (Allocation Failure) 2019-01-02T11:12:51.246+0530: 839.149: [DefNew
Desired survivor size 32768 bytes, new threshold 15 (max 15)
- age   1:         24 bytes,         24 total
- age   6:         72 bytes,         96 total
- age  12:         16 bytes,        112 total
: 512K->0K(960K), 0.0003347 secs] 7539K->7521K(10176K), 0.0004060 secs] [Times: user=0.00 sys=0.00, real=0.00 secs] 
2019-01-02T11:12:51.303+0530: 839.205: [GC (Allocation Failure) 2019-01-02T11:12:51.303+0530: 839.205: [DefNew
Desired survivor size 32768 bytes, new threshold 15 (max 15)
- age   1:        248 bytes,        248 total
- age   7:         16 bytes,        264 total
- age  13:         16 bytes,        280 total
: 849K->0K(960K), 0.0006255 secs] 8371K->7593K(10176K), 0.0008347 secs] [Times: user=0.00 sys=0.00, real=0.00 secs] 
2019-01-02T11:12:51.305+0530: 839.208: [GC (Allocation Failure) 2019-01-02T11:12:51.305+0530: 839.208: [DefNew
Desired survivor size 32768 bytes, new threshold 15 (max 15)
- age   2:        184 bytes,        184 total
- age   8:         16 bytes,        200 total
- age  14:         16 bytes,        216 total
: 896K->0K(960K), 0.0010280 secs] 8489K->7881K(10176K), 0.0012908 secs] [Times: user=0.00 sys=0.00, real=0.00 secs] 
2019-01-02T11:12:51.308+0530: 839.211: [GC (Allocation Failure) 2019-01-02T11:12:51.308+0530: 839.211: [DefNew
Desired survivor size 32768 bytes, new threshold 15 (max 15)
- age   1:         40 bytes,         40 total
- age   3:        184 bytes,        224 total
- age   9:         16 bytes,        240 total
- age  15:         16 bytes,        256 total
: 896K->0K(960K), 0.0005377 secs] 8777K->8457K(10176K), 0.0006967 secs] [Times: user=0.00 sys=0.00, real=0.00 secs] 
2019-01-02T11:12:51.310+0530: 839.212: [GC (Allocation Failure) 2019-01-02T11:12:51.310+0530: 839.212: [DefNew
Desired survivor size 32768 bytes, new threshold 15 (max 15)
- age   1:         24 bytes,         24 total
- age   4:        184 bytes,        208 total
- age  10:         16 bytes,        224 total
: 446K->0K(960K), 0.0002611 secs] 8904K->8457K(10176K), 0.0003370 secs] [Times: user=0.00 sys=0.00, real=0.00 secs] 
2019-01-02T11:12:51.311+0530: 839.213: [GC (Allocation Failure) 2019-01-02T11:12:51.311+0530: 839.213: [DefNew
Desired survivor size 32768 bytes, new threshold 15 (max 15)
- age   2:         24 bytes,         24 total
- age   5:        184 bytes,        208 total
- age  11:         16 bytes,        224 total
: 494K->0K(960K), 0.0003757 secs] 8951K->8951K(10176K), 0.0004595 secs] [Times: user=0.00 sys=0.00, real=0.00 secs] 
2019-01-02T11:12:51.312+0530: 839.214: [GC (Allocation Failure) 2019-01-02T11:12:51.312+0530: 839.214: [DefNew: 512K->512K(960K), 0.0000411 secs]2019-01-02T11:12:51.312+0530: 839.214: [Tenured: 8951K->1254K(9216K), 0.0053612 secs] 9464K->1254K(10176K), [Metaspace: 2520K->2520K(1056768K)], 0.0056366 secs] [Times: user=0.00 sys=0.00, real=0.00 secs] 
2019-01-02T11:12:51.373+0530: 839.275: [GC (Allocation Failure) 2019-01-02T11:12:51.373+0530: 839.276: [DefNew
Desired survivor size 32768 bytes, new threshold 15 (max 15)
- age   1:        248 bytes,        248 total
: 850K->0K(960K), 0.0013963 secs] 2104K->1821K(10176K), 0.0017407 secs] [Times: user=0.00 sys=0.00, real=0.00 secs] 
2019-01-02T11:12:51.377+0530: 839.279: [GC (Allocation Failure) 2019-01-02T11:12:51.377+0530: 839.280: [DefNew
Desired survivor size 32768 bytes, new threshold 15 (max 15)
- age   1:         40 bytes,         40 total
- age   2:        184 bytes,        224 total
: 896K->0K(960K), 0.0008661 secs] 2717K->2109K(10176K), 0.0011101 secs] [Times: user=0.00 sys=0.00, real=0.00 secs] 
2019-01-02T11:12:51.380+0530: 839.282: [GC (Allocation Failure) 2019-01-02T11:12:51.380+0530: 839.282: [DefNew
Desired survivor size 32768 bytes, new threshold 15 (max 15)
- age   1:         40 bytes,         40 total
- age   3:        184 bytes,        224 total
: 896K->0K(960K), 0.0013741 secs] 3005K->2685K(10176K), 0.0015691 secs] [Times: user=0.00 sys=0.00, real=0.00 secs] 
2019-01-02T11:12:51.383+0530: 839.285: [GC (Allocation Failure) 2019-01-02T11:12:51.383+0530: 839.285: [DefNew
Desired survivor size 32768 bytes, new threshold 15 (max 15)
- age   1:         24 bytes,         24 total
- age   4:        184 bytes,        208 total
: 445K->0K(960K), 0.0008136 secs] 3130K->2685K(10176K), 0.0010291 secs] [Times: user=0.00 sys=0.00, real=0.00 secs] 
2019-01-02T11:12:51.384+0530: 839.287: [GC (Allocation Failure) 2019-01-02T11:12:51.384+0530: 839.287: [DefNew
Desired survivor size 32768 bytes, new threshold 15 (max 15)
- age   2:         24 bytes,         24 total
- age   5:        184 bytes,        208 total
: 494K->0K(960K), 0.0003826 secs] 3179K->3179K(10176K), 0.0004493 secs] [Times: user=0.00 sys=0.00, real=0.00 secs] 
2019-01-02T11:12:51.385+0530: 839.288: [GC (Allocation Failure) 2019-01-02T11:12:51.385+0530: 839.288: [DefNew
Desired survivor size 32768 bytes, new threshold 15 (max 15)
- age   1:         24 bytes,         24 total
- age   6:         72 bytes,         96 total
: 512K->0K(960K), 0.0007104 secs] 3691K->3673K(10176K), 0.0008056 secs] [Times: user=0.00 sys=0.00, real=0.00 secs] 
2019-01-02T11:12:51.440+0530: 839.343: [GC (Allocation Failure) 2019-01-02T11:12:51.440+0530: 839.343: [DefNew
Desired survivor size 32768 bytes, new threshold 15 (max 15)
- age   1:        248 bytes,        248 total
- age   7:         16 bytes,        264 total
: 849K->0K(960K), 0.0011523 secs] 4523K->3745K(10176K), 0.0014630 secs] [Times: user=0.00 sys=0.00, real=0.00 secs] 
2019-01-02T11:12:51.443+0530: 839.346: [GC (Allocation Failure) 2019-01-02T11:12:51.444+0530: 839.346: [DefNew
Desired survivor size 32768 bytes, new threshold 15 (max 15)
- age   2:        184 bytes,        184 total
- age   8:         16 bytes,        200 total
: 896K->0K(960K), 0.0010280 secs] 4641K->4033K(10176K), 0.0012886 secs] [Times: user=0.00 sys=0.00, real=0.00 secs] 
2019-01-02T11:12:51.446+0530: 839.349: [GC (Allocation Failure) 2019-01-02T11:12:51.447+0530: 839.349: [DefNew
Desired survivor size 32768 bytes, new threshold 15 (max 15)
- age   1:         40 bytes,         40 total
- age   3:        184 bytes,        224 total
- age   9:         16 bytes,        240 total
: 896K->0K(960K), 0.0005377 secs] 4929K->4609K(10176K), 0.0006756 secs] [Times: user=0.00 sys=0.00, real=0.00 secs] 
2019-01-02T11:12:51.448+0530: 839.350: [GC (Allocation Failure) 2019-01-02T11:12:51.448+0530: 839.350: [DefNew
Desired survivor size 32768 bytes, new threshold 15 (max 15)
- age   1:         24 bytes,         24 total
- age   4:        184 bytes,        208 total
- age  10:         16 bytes,        224 total
: 446K->0K(960K), 0.0002594 secs] 5055K->4609K(10176K), 0.0003347 secs] [Times: user=0.00 sys=0.00, real=0.00 secs] 
2019-01-02T11:12:51.449+0530: 839.351: [GC (Allocation Failure) 2019-01-02T11:12:51.449+0530: 839.351: [DefNew
Desired survivor size 32768 bytes, new threshold 15 (max 15)
- age   2:         24 bytes,         24 total
- age   5:        184 bytes,        208 total
- age  11:         16 bytes,        224 total
: 494K->0K(960K), 0.0009219 secs] 5103K->5103K(10176K), 0.0011375 secs] [Times: user=0.00 sys=0.00, real=0.00 secs] 
2019-01-02T11:12:51.452+0530: 839.354: [GC (Allocation Failure) 2019-01-02T11:12:51.452+0530: 839.354: [DefNew
Desired survivor size 32768 bytes, new threshold 15 (max 15)
- age   1:         24 bytes,         24 total
- age   6:         72 bytes,         96 total
- age  12:         16 bytes,        112 total
: 512K->0K(960K), 0.0003717 secs] 5615K->5597K(10176K), 0.0004419 secs] [Times: user=0.00 sys=0.00, real=0.00 secs] 
2019-01-02T11:12:51.507+0530: 839.409: [GC (Allocation Failure) 2019-01-02T11:12:51.507+0530: 839.409: [DefNew
Desired survivor size 32768 bytes, new threshold 15 (max 15)
- age   1:        248 bytes,        248 total
- age   7:         16 bytes,        264 total
- age  13:         16 bytes,        280 total
: 850K->0K(960K), 0.0010639 secs] 6447K->5670K(10176K), 0.0014089 secs] [Times: user=0.00 sys=0.00, real=0.00 secs] 
2019-01-02T11:12:51.510+0530: 839.412: [GC (Allocation Failure) 2019-01-02T11:12:51.510+0530: 839.412: [DefNew
Desired survivor size 32768 bytes, new threshold 15 (max 15)
- age   1:         40 bytes,         40 total
- age   2:        184 bytes,        224 total
- age   8:         16 bytes,        240 total
- age  14:         16 bytes,        256 total
: 896K->0K(960K), 0.0009590 secs] 6566K->5958K(10176K), 0.0011848 secs] [Times: user=0.00 sys=0.00, real=0.00 secs] 
2019-01-02T11:12:51.513+0530: 839.415: [GC (Allocation Failure) 2019-01-02T11:12:51.513+0530: 839.415: [DefNew
Desired survivor size 32768 bytes, new threshold 15 (max 15)
- age   1:         40 bytes,         40 total
- age   3:        184 bytes,        224 total
- age   9:         16 bytes,        240 total
- age  15:         16 bytes,        256 total
: 896K->0K(960K), 0.0007874 secs] 6854K->6534K(10176K), 0.0010160 secs] [Times: user=0.00 sys=0.00, real=0.00 secs] 
2019-01-02T11:12:51.515+0530: 839.417: [GC (Allocation Failure) 2019-01-02T11:12:51.515+0530: 839.417: [DefNew
Desired survivor size 32768 bytes, new threshold 15 (max 15)
- age   1:         24 bytes,         24 total
- age   4:        184 bytes,        208 total
- age  10:         16 bytes,        224 total
: 445K->0K(960K), 0.0002600 secs] 6979K->6534K(10176K), 0.0003387 secs] [Times: user=0.00 sys=0.00, real=0.00 secs] 
2019-01-02T11:12:51.516+0530: 839.418: [GC (Allocation Failure) 2019-01-02T11:12:51.516+0530: 839.418: [DefNew
Desired survivor size 32768 bytes, new threshold 15 (max 15)
- age   2:         24 bytes,         24 total
- age   5:        184 bytes,        208 total
- age  11:         16 bytes,        224 total
: 494K->0K(960K), 0.0003449 secs] 7028K->7028K(10176K), 0.0006015 secs] [Times: user=0.00 sys=0.00, real=0.00 secs] 
2019-01-02T11:12:51.518+0530: 839.420: [GC (Allocation Failure) 2019-01-02T11:12:51.518+0530: 839.420: [DefNew
Desired survivor size 32768 bytes, new threshold 15 (max 15)
- age   1:         24 bytes,         24 total
- age   6:         72 bytes,         96 total
- age  12:         16 bytes,        112 total
: 512K->0K(960K), 0.0008769 secs] 7540K->7522K(10176K), 0.0009938 secs] [Times: user=0.00 sys=0.00, real=0.00 secs] 
2019-01-02T11:12:51.573+0530: 839.476: [GC (Allocation Failure) 2019-01-02T11:12:51.574+0530: 839.476: [DefNew
Desired survivor size 32768 bytes, new threshold 15 (max 15)
- age   1:        248 bytes,        248 total
- age   7:         16 bytes,        264 total
- age  13:         16 bytes,        280 total
: 849K->0K(960K), 0.0008073 secs] 8372K->7594K(10176K), 0.0011420 secs] [Times: user=0.00 sys=0.00, real=0.00 secs] 
2019-01-02T11:12:51.577+0530: 839.479: [GC (Allocation Failure) 2019-01-02T11:12:51.577+0530: 839.479: [DefNew
Desired survivor size 32768 bytes, new threshold 15 (max 15)
- age   2:        184 bytes,        184 total
- age   8:         16 bytes,        200 total
- age  14:         16 bytes,        216 total
: 896K->0K(960K), 0.0010491 secs] 8490K->7882K(10176K), 0.0012595 secs] [Times: user=0.00 sys=0.00, real=0.00 secs] 
2019-01-02T11:12:51.580+0530: 839.482: [GC (Allocation Failure) 2019-01-02T11:12:51.580+0530: 839.482: [DefNew
Desired survivor size 32768 bytes, new threshold 15 (max 15)
- age   1:         40 bytes,         40 total
- age   3:        184 bytes,        224 total
- age   9:         16 bytes,        240 total
- age  15:         16 bytes,        256 total
: 896K->0K(960K), 0.0011842 secs] 8778K->8458K(10176K), 0.0013154 secs] [Times: user=0.00 sys=0.00, real=0.00 secs] 
2019-01-02T11:12:51.582+0530: 839.485: [GC (Allocation Failure) 2019-01-02T11:12:51.582+0530: 839.485: [DefNew
Desired survivor size 32768 bytes, new threshold 15 (max 15)
- age   1:         24 bytes,         24 total
- age   4:        184 bytes,        208 total
- age  10:         16 bytes,        224 total
: 446K->0K(960K), 0.0002691 secs] 8904K->8458K(10176K), 0.0003449 secs] [Times: user=0.00 sys=0.00, real=0.00 secs] 
2019-01-02T11:12:51.583+0530: 839.485: [GC (Allocation Failure) 2019-01-02T11:12:51.583+0530: 839.485: [DefNew
Desired survivor size 32768 bytes, new threshold 15 (max 15)
- age   2:         24 bytes,         24 total
- age   5:        184 bytes,        208 total
- age  11:         16 bytes,        224 total
: 494K->0K(960K), 0.0005553 secs] 8952K->8952K(10176K), 0.0006380 secs] [Times: user=0.00 sys=0.00, real=0.00 secs] 
2019-01-02T11:12:51.585+0530: 839.487: [GC (Allocation Failure) 2019-01-02T11:12:51.585+0530: 839.487: [DefNew: 512K->512K(960K), 0.0000593 secs]2019-01-02T11:12:51.585+0530: 839.487: [Tenured: 8952K->1254K(9216K), 0.0056360 secs] 9464K->1254K(10176K), [Metaspace: 2520K->2520K(1056768K)], 0.0059941 secs] [Times: user=0.02 sys=0.00, real=0.01 secs] 
2019-01-02T11:12:51.650+0530: 839.552: [GC (Allocation Failure) 2019-01-02T11:12:51.650+0530: 839.552: [DefNew
Desired survivor size 32768 bytes, new threshold 15 (max 15)
- age   1:        248 bytes,        248 total
: 850K->0K(960K), 0.0019511 secs] 2104K->1821K(10176K), 0.0022419 secs] [Times: user=0.00 sys=0.01, real=0.00 secs] 
2019-01-02T11:12:51.654+0530: 839.556: [GC (Allocation Failure) 2019-01-02T11:12:51.654+0530: 839.556: [DefNew
Desired survivor size 32768 bytes, new threshold 15 (max 15)
- age   1:         40 bytes,         40 total
- age   2:        184 bytes,        224 total
: 896K->0K(960K), 0.0006831 secs] 2717K->2109K(10176K), 0.0008233 secs] [Times: user=0.00 sys=0.00, real=0.00 secs] 
2019-01-02T11:12:51.656+0530: 839.558: [GC (Allocation Failure) 2019-01-02T11:12:51.656+0530: 839.558: [DefNew
Desired survivor size 32768 bytes, new threshold 15 (max 15)
- age   1:         40 bytes,         40 total
- age   3:        184 bytes,        224 total
: 896K->0K(960K), 0.0010941 secs] 3005K->2685K(10176K), 0.0011933 secs] [Times: user=0.00 sys=0.00, real=0.00 secs] 
2019-01-02T11:12:51.659+0530: 839.561: [GC (Allocation Failure) 2019-01-02T11:12:51.659+0530: 839.561: [DefNew
Desired survivor size 32768 bytes, new threshold 15 (max 15)
- age   1:         24 bytes,         24 total
- age   4:        184 bytes,        208 total
: 445K->0K(960K), 0.0002885 secs] 3130K->2685K(10176K), 0.0003917 secs] [Times: user=0.00 sys=0.00, real=0.00 secs] 
2019-01-02T11:12:51.659+0530: 839.562: [GC (Allocation Failure) 2019-01-02T11:12:51.659+0530: 839.562: [DefNew
Desired survivor size 32768 bytes, new threshold 15 (max 15)
- age   2:         24 bytes,         24 total
- age   5:        184 bytes,        208 total
: 494K->0K(960K), 0.0003427 secs] 3179K->3179K(10176K), 0.0003991 secs] [Times: user=0.00 sys=0.00, real=0.00 secs] 
2019-01-02T11:12:51.660+0530: 839.562: [GC (Allocation Failure) 2019-01-02T11:12:51.660+0530: 839.562: [DefNew
Desired survivor size 32768 bytes, new threshold 15 (max 15)
- age   1:         24 bytes,         24 total
- age   6:         72 bytes,         96 total
: 512K->0K(960K), 0.0003136 secs] 3691K->3673K(10176K), 0.0003672 secs] [Times: user=0.00 sys=0.00, real=0.00 secs] 
2019-01-02T11:12:51.718+0530: 839.621: [GC (Allocation Failure) 2019-01-02T11:12:51.718+0530: 839.621: [DefNew
Desired survivor size 32768 bytes, new threshold 15 (max 15)
- age   1:        248 bytes,        248 total
- age   7:         16 bytes,        264 total
: 849K->0K(960K), 0.0008741 secs] 4523K->3745K(10176K), 0.0011876 secs] [Times: user=0.00 sys=0.00, real=0.00 secs] 
2019-01-02T11:12:51.722+0530: 839.625: [GC (Allocation Failure) 2019-01-02T11:12:51.723+0530: 839.625: [DefNew
Desired survivor size 32768 bytes, new threshold 15 (max 15)
- age   2:        184 bytes,        184 total
- age   8:         16 bytes,        200 total
: 896K->0K(960K), 0.0021273 secs] 4641K->4033K(10176K), 0.0024027 secs] [Times: user=0.00 sys=0.00, real=0.00 secs] 
2019-01-02T11:12:51.727+0530: 839.629: [GC (Allocation Failure) 2019-01-02T11:12:51.727+0530: 839.629: [DefNew
Desired survivor size 32768 bytes, new threshold 15 (max 15)
- age   1:         40 bytes,         40 total
- age   3:        184 bytes,        224 total
- age   9:         16 bytes,        240 total
: 896K->0K(960K), 0.0006306 secs] 4929K->4609K(10176K), 0.0007697 secs] [Times: user=0.00 sys=0.00, real=0.00 secs] 
2019-01-02T11:12:51.729+0530: 839.631: [GC (Allocation Failure) 2019-01-02T11:12:51.729+0530: 839.631: [DefNew
Desired survivor size 32768 bytes, new threshold 15 (max 15)
- age   1:         24 bytes,         24 total
- age   4:        184 bytes,        208 total
- age  10:         16 bytes,        224 total
: 446K->0K(960K), 0.0002646 secs] 5056K->4609K(10176K), 0.0003461 secs] [Times: user=0.00 sys=0.00, real=0.00 secs] 
2019-01-02T11:12:51.730+0530: 839.632: [GC (Allocation Failure) 2019-01-02T11:12:51.730+0530: 839.632: [DefNew
Desired survivor size 32768 bytes, new threshold 15 (max 15)
- age   2:         24 bytes,         24 total
- age   5:        184 bytes,        208 total
- age  11:         16 bytes,        224 total
: 494K->0K(960K), 0.0003837 secs] 5104K->5104K(10176K), 0.0004476 secs] [Times: user=0.00 sys=0.00, real=0.00 secs] 
2019-01-02T11:12:51.731+0530: 839.633: [GC (Allocation Failure) 2019-01-02T11:12:51.731+0530: 839.633: [DefNew
Desired survivor size 32768 bytes, new threshold 15 (max 15)
- age   1:         24 bytes,         24 total
- age   6:         72 bytes,         96 total
- age  12:         16 bytes,        112 total
: 512K->0K(960K), 0.0003119 secs] 5616K->5598K(10176K), 0.0003643 secs] [Times: user=0.00 sys=0.00, real=0.00 secs] 
2019-01-02T11:12:51.785+0530: 839.688: [GC (Allocation Failure) 2019-01-02T11:12:51.786+0530: 839.688: [DefNew
Desired survivor size 32768 bytes, new threshold 15 (max 15)
- age   1:        248 bytes,        248 total
- age   7:         16 bytes,        264 total
- age  13:         16 bytes,        280 total
: 850K->0K(960K), 0.0007435 secs] 6448K->5670K(10176K), 0.0011985 secs] [Times: user=0.00 sys=0.00, real=0.00 secs] 
2019-01-02T11:12:51.788+0530: 839.691: [GC (Allocation Failure) 2019-01-02T11:12:51.789+0530: 839.691: [DefNew
Desired survivor size 32768 bytes, new threshold 15 (max 15)
- age   1:         40 bytes,         40 total
- age   2:        184 bytes,        224 total
- age   8:         16 bytes,        240 total
- age  14:         16 bytes,        256 total
: 896K->0K(960K), 0.0009442 secs] 6566K->5958K(10176K), 0.0010884 secs] [Times: user=0.00 sys=0.00, real=0.00 secs] 
2019-01-02T11:12:51.791+0530: 839.694: [GC (Allocation Failure) 2019-01-02T11:12:51.791+0530: 839.694: [DefNew
Desired survivor size 32768 bytes, new threshold 15 (max 15)
- age   1:         40 bytes,         40 total
- age   3:        184 bytes,        224 total
- age   9:         16 bytes,        240 total
- age  15:         16 bytes,        256 total
: 896K->0K(960K), 0.0012139 secs] 6854K->6534K(10176K), 0.0014596 secs] [Times: user=0.00 sys=0.00, real=0.00 secs] 
2019-01-02T11:12:51.794+0530: 839.697: [GC (Allocation Failure) 2019-01-02T11:12:51.794+0530: 839.697: [DefNew
Desired survivor size 32768 bytes, new threshold 15 (max 15)
- age   1:         24 bytes,         24 total
- age   4:        184 bytes,        208 total
- age  10:         16 bytes,        224 total
: 445K->0K(960K), 0.0003849 secs] 6980K->6534K(10176K), 0.0004863 secs] [Times: user=0.00 sys=0.00, real=0.00 secs] 
2019-01-02T11:12:51.795+0530: 839.697: [GC (Allocation Failure) 2019-01-02T11:12:51.795+0530: 839.697: [DefNew
Desired survivor size 32768 bytes, new threshold 15 (max 15)
- age   2:         24 bytes,         24 total
- age   5:        184 bytes,        208 total
- age  11:         16 bytes,        224 total
: 494K->0K(960K), 0.0003632 secs] 7028K->7028K(10176K), 0.0004510 secs] [Times: user=0.00 sys=0.00, real=0.00 secs] 
2019-01-02T11:12:51.796+0530: 839.698: [GC (Allocation Failure) 2019-01-02T11:12:51.796+0530: 839.698: [DefNew
Desired survivor size 32768 bytes, new threshold 15 (max 15)
- age   1:         24 bytes,         24 total
- age   6:         72 bytes,         96 total
- age  12:         16 bytes,        112 total
: 512K->0K(960K), 0.0003347 secs] 7541K->7523K(10176K), 0.0004077 secs] [Times: user=0.00 sys=0.00, real=0.00 secs] 
2019-01-02T11:12:51.851+0530: 839.753: [GC (Allocation Failure) 2019-01-02T11:12:51.851+0530: 839.754: [DefNew
Desired survivor size 32768 bytes, new threshold 15 (max 15)
- age   1:        248 bytes,        248 total
- age   7:         16 bytes,        264 total
- age  13:         16 bytes,        280 total
: 849K->0K(960K), 0.0010246 secs] 8372K->7595K(10176K), 0.0013678 secs] [Times: user=0.00 sys=0.00, real=0.00 secs] 
2019-01-02T11:12:51.855+0530: 839.757: [GC (Allocation Failure) 2019-01-02T11:12:51.855+0530: 839.757: [DefNew
Desired survivor size 32768 bytes, new threshold 15 (max 15)
- age   2:        184 bytes,        184 total
- age   8:         16 bytes,        200 total
- age  14:         16 bytes,        216 total
: 896K->0K(960K), 0.0008148 secs] 8491K->7883K(10176K), 0.0010542 secs] [Times: user=0.00 sys=0.00, real=0.00 secs] 
2019-01-02T11:12:51.857+0530: 839.759: [GC (Allocation Failure) 2019-01-02T11:12:51.857+0530: 839.760: [DefNew
Desired survivor size 32768 bytes, new threshold 15 (max 15)
- age   1:         40 bytes,         40 total
- age   3:        184 bytes,        224 total
- age   9:         16 bytes,        240 total
- age  15:         16 bytes,        256 total
: 896K->0K(960K), 0.0007840 secs] 8779K->8459K(10176K), 0.0009151 secs] [Times: user=0.00 sys=0.00, real=0.00 secs] 
2019-01-02T11:12:51.859+0530: 839.762: [GC (Allocation Failure) 2019-01-02T11:12:51.859+0530: 839.762: [DefNew
Desired survivor size 32768 bytes, new threshold 15 (max 15)
- age   1:         24 bytes,         24 total
- age   4:        184 bytes,        208 total
- age  10:         16 bytes,        224 total
: 446K->0K(960K), 0.0005548 secs] 8905K->8459K(10176K), 0.0007036 secs] [Times: user=0.00 sys=0.00, real=0.00 secs] 
2019-01-02T11:12:51.861+0530: 839.764: [GC (Allocation Failure) 2019-01-02T11:12:51.861+0530: 839.764: [DefNew
Desired survivor size 32768 bytes, new threshold 15 (max 15)
- age   2:         24 bytes,         24 total
- age   5:        184 bytes,        208 total
- age  11:         16 bytes,        224 total
: 494K->0K(960K), 0.0004185 secs] 8953K->8953K(10176K), 0.0005759 secs] [Times: user=0.00 sys=0.00, real=0.00 secs] 
2019-01-02T11:12:51.862+0530: 839.765: [GC (Allocation Failure) 2019-01-02T11:12:51.862+0530: 839.765: [DefNew: 512K->512K(960K), 0.0000296 secs]2019-01-02T11:12:51.862+0530: 839.765: [Tenured: 8953K->1254K(9216K), 0.0036542 secs] 9465K->1254K(10176K), [Metaspace: 2520K->2520K(1056768K)], 0.0038075 secs] [Times: user=0.00 sys=0.00, real=0.00 secs] 
2019-01-02T11:12:51.920+0530: 839.822: [GC (Allocation Failure) 2019-01-02T11:12:51.920+0530: 839.823: [DefNew
Desired survivor size 32768 bytes, new threshold 15 (max 15)
- age   1:        248 bytes,        248 total
: 850K->0K(960K), 0.0012926 secs] 2105K->1821K(10176K), 0.0018319 secs] [Times: user=0.00 sys=0.00, real=0.00 secs] 
2019-01-02T11:12:51.924+0530: 839.826: [GC (Allocation Failure) 2019-01-02T11:12:51.924+0530: 839.826: [DefNew
Desired survivor size 32768 bytes, new threshold 15 (max 15)
- age   1:         40 bytes,         40 total
- age   2:        184 bytes,        224 total
: 896K->0K(960K), 0.0007144 secs] 2717K->2109K(10176K), 0.0008433 secs] [Times: user=0.00 sys=0.00, real=0.00 secs] 
2019-01-02T11:12:51.926+0530: 839.828: [GC (Allocation Failure) 2019-01-02T11:12:51.926+0530: 839.828: [DefNew
Desired survivor size 32768 bytes, new threshold 15 (max 15)
- age   1:         40 bytes,         40 total
- age   3:        184 bytes,        224 total
: 896K->0K(960K), 0.0011318 secs] 3005K->2685K(10176K), 0.0012806 secs] [Times: user=0.00 sys=0.00, real=0.00 secs] 
2019-01-02T11:12:51.929+0530: 839.831: [GC (Allocation Failure) 2019-01-02T11:12:51.929+0530: 839.831: [DefNew
Desired survivor size 32768 bytes, new threshold 15 (max 15)
- age   1:         24 bytes,         24 total
- age   4:        184 bytes,        208 total
: 445K->0K(960K), 0.0002925 secs] 3130K->2685K(10176K), 0.0003854 secs] [Times: user=0.00 sys=0.00, real=0.00 secs] 
2019-01-02T11:12:51.929+0530: 839.832: [GC (Allocation Failure) 2019-01-02T11:12:51.930+0530: 839.832: [DefNew
Desired survivor size 32768 bytes, new threshold 15 (max 15)
- age   2:         24 bytes,         24 total
- age   5:        184 bytes,        208 total
: 494K->0K(960K), 0.0003364 secs] 3179K->3179K(10176K), 0.0004533 secs] [Times: user=0.00 sys=0.00, real=0.00 secs] 
2019-01-02T11:12:51.930+0530: 839.833: [GC (Allocation Failure) 2019-01-02T11:12:51.930+0530: 839.833: [DefNew
Desired survivor size 32768 bytes, new threshold 15 (max 15)
- age   1:         24 bytes,         24 total
- age   6:         72 bytes,         96 total
: 512K->0K(960K), 0.0003324 secs] 3692K->3674K(10176K), 0.0004128 secs] [Times: user=0.00 sys=0.00, real=0.00 secs] 
2019-01-02T11:12:51.984+0530: 839.887: [GC (Allocation Failure) 2019-01-02T11:12:51.985+0530: 839.887: [DefNew
Desired survivor size 32768 bytes, new threshold 15 (max 15)
- age   1:        248 bytes,        248 total
- age   7:         16 bytes,        264 total
: 849K->0K(960K), 0.0005331 secs] 4524K->3746K(10176K), 0.0009123 secs] [Times: user=0.00 sys=0.00, real=0.00 secs] 
2019-01-02T11:12:51.987+0530: 839.890: [GC (Allocation Failure) 2019-01-02T11:12:51.988+0530: 839.890: [DefNew
Desired survivor size 32768 bytes, new threshold 15 (max 15)
- age   2:        184 bytes,        184 total
- age   8:         16 bytes,        200 total
: 896K->0K(960K), 0.0008752 secs] 4642K->4034K(10176K), 0.0012276 secs] [Times: user=0.00 sys=0.00, real=0.00 secs] 
2019-01-02T11:12:51.991+0530: 839.893: [GC (Allocation Failure) 2019-01-02T11:12:51.991+0530: 839.893: [DefNew
Desired survivor size 32768 bytes, new threshold 15 (max 15)
- age   1:         40 bytes,         40 total
- age   3:        184 bytes,        224 total
- age   9:         16 bytes,        240 total
: 896K->0K(960K), 0.0009174 secs] 4930K->4610K(10176K), 0.0010462 secs] [Times: user=0.00 sys=0.00, real=0.00 secs] 
2019-01-02T11:12:51.993+0530: 839.895: [GC (Allocation Failure) 2019-01-02T11:12:51.993+0530: 839.896: [DefNew
Desired survivor size 32768 bytes, new threshold 15 (max 15)
- age   1:         24 bytes,         24 total
- age   4:        184 bytes,        208 total
- age  10:         16 bytes,        224 total
: 446K->0K(960K), 0.0008250 secs] 5056K->4610K(10176K), 0.0011352 secs] [Times: user=0.00 sys=0.00, real=0.00 secs] 
2019-01-02T11:12:51.995+0530: 839.898: [GC (Allocation Failure) 2019-01-02T11:12:51.995+0530: 839.898: [DefNew
Desired survivor size 32768 bytes, new threshold 15 (max 15)
- age   2:         24 bytes,         24 total
- age   5:        184 bytes,        208 total
- age  11:         16 bytes,        224 total
: 494K->0K(960K), 0.0003871 secs] 5104K->5104K(10176K), 0.0004755 secs] [Times: user=0.00 sys=0.00, real=0.00 secs] 
2019-01-02T11:12:51.996+0530: 839.898: [GC (Allocation Failure) 2019-01-02T11:12:51.996+0530: 839.898: [DefNew
Desired survivor size 32768 bytes, new threshold 15 (max 15)
- age   1:         24 bytes,         24 total
- age   6:         72 bytes,         96 total
- age  12:         16 bytes,        112 total
: 512K->0K(960K), 0.0003330 secs] 5616K->5599K(10176K), 0.0004060 secs] [Times: user=0.00 sys=0.00, real=0.00 secs] 
2019-01-02T11:12:52.051+0530: 839.954: [GC (Allocation Failure) 2019-01-02T11:12:52.052+0530: 839.954: [DefNew
Desired survivor size 32768 bytes, new threshold 15 (max 15)
- age   1:        248 bytes,        248 total
- age   7:         16 bytes,        264 total
- age  13:         16 bytes,        280 total
: 850K->0K(960K), 0.0014146 secs] 6449K->5671K(10176K), 0.0016187 secs] [Times: user=0.00 sys=0.00, real=0.00 secs] 
2019-01-02T11:12:52.055+0530: 839.957: [GC (Allocation Failure) 2019-01-02T11:12:52.055+0530: 839.958: [DefNew
Desired survivor size 32768 bytes, new threshold 15 (max 15)
- age   1:         40 bytes,         40 total
- age   2:        184 bytes,        224 total
- age   8:         16 bytes,        240 total
- age  14:         16 bytes,        256 total
: 896K->0K(960K), 0.0012287 secs] 6567K->5959K(10176K), 0.0014186 secs] [Times: user=0.02 sys=0.00, real=0.00 secs] 
2019-01-02T11:12:52.058+0530: 839.960: [GC (Allocation Failure) 2019-01-02T11:12:52.058+0530: 839.960: [DefNew
Desired survivor size 32768 bytes, new threshold 15 (max 15)
- age   1:         40 bytes,         40 total
- age   3:        184 bytes,        224 total
- age   9:         16 bytes,        240 total
- age  15:         16 bytes,        256 total
: 896K->0K(960K), 0.0008815 secs] 6855K->6535K(10176K), 0.0010240 secs] [Times: user=0.00 sys=0.00, real=0.00 secs] 
2019-01-02T11:12:52.060+0530: 839.962: [GC (Allocation Failure) 2019-01-02T11:12:52.060+0530: 839.963: [DefNew
Desired survivor size 32768 bytes, new threshold 15 (max 15)
- age   1:         24 bytes,         24 total
- age   4:        184 bytes,        208 total
- age  10:         16 bytes,        224 total
: 445K->0K(960K), 0.0008780 secs] 6980K->6535K(10176K), 0.0010719 secs] [Times: user=0.00 sys=0.00, real=0.00 secs] 
2019-01-02T11:12:52.062+0530: 839.964: [GC (Allocation Failure) 2019-01-02T11:12:52.062+0530: 839.964: [DefNew
Desired survivor size 32768 bytes, new threshold 15 (max 15)
- age   2:         24 bytes,         24 total
- age   5:        184 bytes,        208 total
- age  11:         16 bytes,        224 total
: 494K->0K(960K), 0.0003495 secs] 7029K->7029K(10176K), 0.0004242 secs] [Times: user=0.00 sys=0.00, real=0.00 secs] 
2019-01-02T11:12:52.063+0530: 839.965: [GC (Allocation Failure) 2019-01-02T11:12:52.063+0530: 839.965: [DefNew
Desired survivor size 32768 bytes, new threshold 15 (max 15)
- age   1:         24 bytes,         24 total
- age   6:         72 bytes,         96 total
- age  12:         16 bytes,        112 total
: 512K->0K(960K), 0.0003278 secs] 7541K->7523K(10176K), 0.0004008 secs] [Times: user=0.00 sys=0.00, real=0.00 secs] 
2019-01-02T11:12:52.124+0530: 840.026: [GC (Allocation Failure) 2019-01-02T11:12:52.124+0530: 840.026: [DefNew
Desired survivor size 32768 bytes, new threshold 15 (max 15)
- age   1:        248 bytes,        248 total
- age   7:         16 bytes,        264 total
- age  13:         16 bytes,        280 total
: 849K->0K(960K), 0.0006608 secs] 8373K->7596K(10176K), 0.0009693 secs] [Times: user=0.00 sys=0.00, real=0.00 secs] 
2019-01-02T11:12:52.126+0530: 840.029: [GC (Allocation Failure) 2019-01-02T11:12:52.126+0530: 840.029: [DefNew
Desired survivor size 32768 bytes, new threshold 15 (max 15)
- age   2:        184 bytes,        184 total
- age   8:         16 bytes,        200 total
- age  14:         16 bytes,        216 total
: 896K->0K(960K), 0.0009556 secs] 8492K->7884K(10176K), 0.0011973 secs] [Times: user=0.00 sys=0.00, real=0.00 secs] 
2019-01-02T11:12:52.129+0530: 840.032: [GC (Allocation Failure) 2019-01-02T11:12:52.129+0530: 840.032: [DefNew
Desired survivor size 32768 bytes, new threshold 15 (max 15)
- age   1:         40 bytes,         40 total
- age   3:        184 bytes,        224 total
- age   9:         16 bytes,        240 total
- age  15:         16 bytes,        256 total
: 896K->0K(960K), 0.0011831 secs] 8780K->8460K(10176K), 0.0014442 secs] [Times: user=0.00 sys=0.00, real=0.00 secs] 
2019-01-02T11:12:52.132+0530: 840.035: [GC (Allocation Failure) 2019-01-02T11:12:52.132+0530: 840.035: [DefNew
Desired survivor size 32768 bytes, new threshold 15 (max 15)
- age   1:         24 bytes,         24 total
- age   4:        184 bytes,        208 total
- age  10:         16 bytes,        224 total
: 446K->0K(960K), 0.0002634 secs] 8906K->8460K(10176K), 0.0003449 secs] [Times: user=0.00 sys=0.00, real=0.00 secs] 
2019-01-02T11:12:52.133+0530: 840.035: [GC (Allocation Failure) 2019-01-02T11:12:52.133+0530: 840.035: [DefNew
Desired survivor size 32768 bytes, new threshold 15 (max 15)
- age   2:         24 bytes,         24 total
- age   5:        184 bytes,        208 total
- age  11:         16 bytes,        224 total
: 494K->0K(960K), 0.0003438 secs] 8954K->8954K(10176K), 0.0004168 secs] [Times: user=0.00 sys=0.00, real=0.00 secs] 
2019-01-02T11:12:52.134+0530: 840.036: [GC (Allocation Failure) 2019-01-02T11:12:52.134+0530: 840.036: [DefNew: 512K->512K(960K), 0.0000285 secs]2019-01-02T11:12:52.134+0530: 840.036: [Tenured: 8954K->1255K(9216K), 0.0039501 secs] 9466K->1255K(10176K), [Metaspace: 2520K->2520K(1056768K)], 0.0041947 secs] [Times: user=0.00 sys=0.00, real=0.00 secs] 
2019-01-02T11:12:52.193+0530: 840.096: [GC (Allocation Failure) 2019-01-02T11:12:52.193+0530: 840.096: [DefNew
Desired survivor size 32768 bytes, new threshold 15 (max 15)
- age   1:        248 bytes,        248 total
: 850K->0K(960K), 0.0015708 secs] 2105K->1821K(10176K), 0.0018308 secs] [Times: user=0.00 sys=0.00, real=0.00 secs] 
2019-01-02T11:12:52.197+0530: 840.099: [GC (Allocation Failure) 2019-01-02T11:12:52.197+0530: 840.099: [DefNew
Desired survivor size 32768 bytes, new threshold 15 (max 15)
- age   1:         40 bytes,         40 total
- age   2:        184 bytes,        224 total
: 896K->0K(960K), 0.0009801 secs] 2717K->2109K(10176K), 0.0011272 secs] [Times: user=0.00 sys=0.00, real=0.00 secs] 
2019-01-02T11:12:52.200+0530: 840.102: [GC (Allocation Failure) 2019-01-02T11:12:52.200+0530: 840.102: [DefNew
Desired survivor size 32768 bytes, new threshold 15 (max 15)
- age   1:         40 bytes,         40 total
- age   3:        184 bytes,        224 total
: 896K->0K(960K), 0.0007161 secs] 3005K->2685K(10176K), 0.0008917 secs] [Times: user=0.00 sys=0.00, real=0.00 secs] 
2019-01-02T11:12:52.202+0530: 840.104: [GC (Allocation Failure) 2019-01-02T11:12:52.202+0530: 840.104: [DefNew
Desired survivor size 32768 bytes, new threshold 15 (max 15)
- age   1:         24 bytes,         24 total
- age   4:        184 bytes,        208 total
: 445K->0K(960K), 0.0002457 secs] 3131K->2685K(10176K), 0.0003187 secs] [Times: user=0.00 sys=0.00, real=0.00 secs] 
2019-01-02T11:12:52.202+0530: 840.105: [GC (Allocation Failure) 2019-01-02T11:12:52.202+0530: 840.105: [DefNew
Desired survivor size 32768 bytes, new threshold 15 (max 15)
- age   2:         24 bytes,         24 total
- age   5:        184 bytes,        208 total
: 494K->0K(960K), 0.0003256 secs] 3180K->3180K(10176K), 0.0003963 secs] [Times: user=0.00 sys=0.00, real=0.00 secs] 
2019-01-02T11:12:52.203+0530: 840.105: [GC (Allocation Failure) 2019-01-02T11:12:52.203+0530: 840.105: [DefNew
Desired survivor size 32768 bytes, new threshold 15 (max 15)
- age   1:         24 bytes,         24 total
- age   6:         72 bytes,         96 total
: 512K->0K(960K), 0.0003170 secs] 3692K->3674K(10176K), 0.0003883 secs] [Times: user=0.00 sys=0.00, real=0.00 secs] 
2019-01-02T11:12:52.258+0530: 840.160: [GC (Allocation Failure) 2019-01-02T11:12:52.258+0530: 840.160: [DefNew
Desired survivor size 32768 bytes, new threshold 15 (max 15)
- age   1:        248 bytes,        248 total
- age   7:         16 bytes,        264 total
: 850K->0K(960K), 0.0005314 secs] 4524K->3746K(10176K), 0.0006745 secs] [Times: user=0.00 sys=0.00, real=0.00 secs] 
2019-01-02T11:12:52.260+0530: 840.162: [GC (Allocation Failure) 2019-01-02T11:12:52.260+0530: 840.162: [DefNew
Desired survivor size 32768 bytes, new threshold 15 (max 15)
- age   2:        184 bytes,        184 total
- age   8:         16 bytes,        200 total
: 896K->0K(960K), 0.0012555 secs] 4642K->4034K(10176K), 0.0014026 secs] [Times: user=0.00 sys=0.00, real=0.00 secs] 
2019-01-02T11:12:52.263+0530: 840.165: [GC (Allocation Failure) 2019-01-02T11:12:52.263+0530: 840.166: [DefNew
Desired survivor size 32768 bytes, new threshold 15 (max 15)
- age   1:         40 bytes,         40 total
- age   3:        184 bytes,        224 total
- age   9:         16 bytes,        240 total
: 896K->0K(960K), 0.0012680 secs] 4930K->4610K(10176K), 0.0015064 secs] [Times: user=0.00 sys=0.00, real=0.00 secs] 
2019-01-02T11:12:52.266+0530: 840.168: [GC (Allocation Failure) 2019-01-02T11:12:52.266+0530: 840.168: [DefNew
Desired survivor size 32768 bytes, new threshold 15 (max 15)
- age   1:         24 bytes,         24 total
- age   4:        184 bytes,        208 total
- age  10:         16 bytes,        224 total
: 446K->0K(960K), 0.0003079 secs] 5057K->4610K(10176K), 0.0003968 secs] [Times: user=0.00 sys=0.00, real=0.00 secs] 
2019-01-02T11:12:52.267+0530: 840.169: [GC (Allocation Failure) 2019-01-02T11:12:52.267+0530: 840.169: [DefNew
Desired survivor size 32768 bytes, new threshold 15 (max 15)
- age   2:         24 bytes,         24 total
- age   5:        184 bytes,        208 total
- age  11:         16 bytes,        224 total
: 494K->0K(960K), 0.0003347 secs] 5105K->5105K(10176K), 0.0004145 secs] [Times: user=0.00 sys=0.00, real=0.00 secs] 
2019-01-02T11:12:52.267+0530: 840.170: [GC (Allocation Failure) 2019-01-02T11:12:52.267+0530: 840.170: [DefNew
Desired survivor size 32768 bytes, new threshold 15 (max 15)
- age   1:         24 bytes,         24 total
- age   6:         72 bytes,         96 total
- age  12:         16 bytes,        112 total
: 512K->0K(960K), 0.0003261 secs] 5617K->5599K(10176K), 0.0003980 secs] [Times: user=0.00 sys=0.00, real=0.00 secs] 
2019-01-02T11:12:52.324+0530: 840.226: [GC (Allocation Failure) 2019-01-02T11:12:52.324+0530: 840.226: [DefNew
Desired survivor size 32768 bytes, new threshold 15 (max 15)
- age   1:        248 bytes,        248 total
- age   7:         16 bytes,        264 total
- age  13:         16 bytes,        280 total
: 850K->0K(960K), 0.0006215 secs] 6449K->5671K(10176K), 0.0008159 secs] [Times: user=0.00 sys=0.00, real=0.00 secs] 
2019-01-02T11:12:52.327+0530: 840.229: [GC (Allocation Failure) 2019-01-02T11:12:52.327+0530: 840.229: [DefNew
Desired survivor size 32768 bytes, new threshold 15 (max 15)
- age   1:         40 bytes,         40 total
- age   2:        184 bytes,        224 total
- age   8:         16 bytes,        240 total
- age  14:         16 bytes,        256 total
: 896K->0K(960K), 0.0009231 secs] 6567K->5959K(10176K), 0.0011021 secs] [Times: user=0.00 sys=0.00, real=0.00 secs] 
2019-01-02T11:12:52.329+0530: 840.232: [GC (Allocation Failure) 2019-01-02T11:12:52.330+0530: 840.232: [DefNew
Desired survivor size 32768 bytes, new threshold 15 (max 15)
- age   1:         40 bytes,         40 total
- age   3:        184 bytes,        224 total
- age   9:         16 bytes,        240 total
- age  15:         16 bytes,        256 total
: 896K->0K(960K), 0.0011597 secs] 6855K->6535K(10176K), 0.0014345 secs] [Times: user=0.00 sys=0.00, real=0.00 secs] 
2019-01-02T11:12:52.332+0530: 840.235: [GC (Allocation Failure) 2019-01-02T11:12:52.332+0530: 840.235: [DefNew
Desired survivor size 32768 bytes, new threshold 15 (max 15)
- age   1:         24 bytes,         24 total
- age   4:        184 bytes,        208 total
- age  10:         16 bytes,        224 total
: 445K->0K(960K), 0.0003204 secs] 6981K->6535K(10176K), 0.0003946 secs] [Times: user=0.00 sys=0.00, real=0.00 secs] 
2019-01-02T11:12:52.333+0530: 840.235: [GC (Allocation Failure) 2019-01-02T11:12:52.333+0530: 840.235: [DefNew
Desired survivor size 32768 bytes, new threshold 15 (max 15)
- age   2:         24 bytes,         24 total
- age   5:        184 bytes,        208 total
- age  11:         16 bytes,        224 total
: 494K->0K(960K), 0.0003512 secs] 7030K->7030K(10176K), 0.0004082 secs] [Times: user=0.00 sys=0.00, real=0.00 secs] 
2019-01-02T11:12:52.334+0530: 840.236: [GC (Allocation Failure) 2019-01-02T11:12:52.334+0530: 840.236: [DefNew
Desired survivor size 32768 bytes, new threshold 15 (max 15)
- age   1:         24 bytes,         24 total
- age   6:         72 bytes,         96 total
- age  12:         16 bytes,        112 total
: 512K->0K(960K), 0.0003449 secs] 7542K->7524K(10176K), 0.0004071 secs] [Times: user=0.00 sys=0.00, real=0.00 secs] 
2019-01-02T11:12:52.390+0530: 840.293: [GC (Allocation Failure) 2019-01-02T11:12:52.391+0530: 840.293: [DefNew
Desired survivor size 32768 bytes, new threshold 15 (max 15)
- age   1:        248 bytes,        248 total
- age   7:         16 bytes,        264 total
- age  13:         16 bytes,        280 total
: 850K->0K(960K), 0.0003563 secs] 8374K->7596K(10176K), 0.0005086 secs] [Times: user=0.00 sys=0.00, real=0.00 secs] 
2019-01-02T11:12:52.393+0530: 840.295: [GC (Allocation Failure) 2019-01-02T11:12:52.393+0530: 840.295: [DefNew
Desired survivor size 32768 bytes, new threshold 15 (max 15)
- age   2:        184 bytes,        184 total
- age   8:         16 bytes,        200 total
- age  14:         16 bytes,        216 total
: 896K->0K(960K), 0.0007138 secs] 8492K->7884K(10176K), 0.0008621 secs] [Times: user=0.00 sys=0.00, real=0.00 secs] 
2019-01-02T11:12:52.395+0530: 840.298: [GC (Allocation Failure) 2019-01-02T11:12:52.396+0530: 840.298: [DefNew
Desired survivor size 32768 bytes, new threshold 15 (max 15)
- age   1:         40 bytes,         40 total
- age   3:        184 bytes,        224 total
- age   9:         16 bytes,        240 total
- age  15:         16 bytes,        256 total
: 896K->0K(960K), 0.0012954 secs] 8780K->8460K(10176K), 0.0014562 secs] [Times: user=0.00 sys=0.00, real=0.00 secs] 
2019-01-02T11:12:52.398+0530: 840.301: [GC (Allocation Failure) 2019-01-02T11:12:52.398+0530: 840.301: [DefNew
Desired survivor size 32768 bytes, new threshold 15 (max 15)
- age   1:         24 bytes,         24 total
- age   4:        184 bytes,        208 total
- age  10:         16 bytes,        224 total
: 446K->0K(960K), 0.0004966 secs] 8907K->8460K(10176K), 0.0005958 secs] [Times: user=0.00 sys=0.00, real=0.00 secs] 
2019-01-02T11:12:52.399+0530: 840.302: [GC (Allocation Failure) 2019-01-02T11:12:52.399+0530: 840.302: [DefNew
Desired survivor size 32768 bytes, new threshold 15 (max 15)
- age   2:         24 bytes,         24 total
- age   5:        184 bytes,        208 total
- age  11:         16 bytes,        224 total
: 494K->0K(960K), 0.0003484 secs] 8955K->8955K(10176K), 0.0004231 secs] [Times: user=0.00 sys=0.00, real=0.00 secs] 
2019-01-02T11:12:52.400+0530: 840.303: [GC (Allocation Failure) 2019-01-02T11:12:52.400+0530: 840.303: [DefNew: 512K->512K(960K), 0.0000285 secs]2019-01-02T11:12:52.400+0530: 840.303: [Tenured: 8955K->1255K(9216K), 0.0036878 secs] 9467K->1255K(10176K), [Metaspace: 2520K->2520K(1056768K)], 0.0038434 secs] [Times: user=0.00 sys=0.00, real=0.00 secs] 
2019-01-02T11:12:52.461+0530: 840.363: [GC (Allocation Failure) 2019-01-02T11:12:52.461+0530: 840.363: [DefNew
Desired survivor size 32768 bytes, new threshold 15 (max 15)
- age   1:        248 bytes,        248 total
: 850K->0K(960K), 0.0009145 secs] 2105K->1822K(10176K), 0.0012355 secs] [Times: user=0.02 sys=0.00, real=0.00 secs] 
2019-01-02T11:12:52.464+0530: 840.366: [GC (Allocation Failure) 2019-01-02T11:12:52.464+0530: 840.366: [DefNew
Desired survivor size 32768 bytes, new threshold 15 (max 15)
- age   1:         40 bytes,         40 total
- age   2:        184 bytes,        224 total
: 896K->0K(960K), 0.0006175 secs] 2718K->2110K(10176K), 0.0009197 secs] [Times: user=0.00 sys=0.00, real=0.00 secs] 
2019-01-02T11:12:52.466+0530: 840.369: [GC (Allocation Failure) 2019-01-02T11:12:52.467+0530: 840.369: [DefNew
Desired survivor size 32768 bytes, new threshold 15 (max 15)
- age   1:         40 bytes,         40 total
- age   3:        184 bytes,        224 total
: 896K->0K(960K), 0.0010491 secs] 3006K->2686K(10176K), 0.0011825 secs] [Times: user=0.00 sys=0.00, real=0.00 secs] 
2019-01-02T11:12:52.469+0530: 840.371: [GC (Allocation Failure) 2019-01-02T11:12:52.469+0530: 840.371: [DefNew
Desired survivor size 32768 bytes, new threshold 15 (max 15)
- age   1:         24 bytes,         24 total
- age   4:        184 bytes,        208 total
: 445K->0K(960K), 0.0002366 secs] 3131K->2686K(10176K), 0.0002965 secs] [Times: user=0.00 sys=0.00, real=0.00 secs] 
2019-01-02T11:12:52.469+0530: 840.372: [GC (Allocation Failure) 2019-01-02T11:12:52.469+0530: 840.372: [DefNew
Desired survivor size 32768 bytes, new threshold 15 (max 15)
- age   2:         24 bytes,         24 total
- age   5:        184 bytes,        208 total
: 494K->0K(960K), 0.0004499 secs] 3180K->3180K(10176K), 0.0005046 secs] [Times: user=0.00 sys=0.00, real=0.00 secs] 
2019-01-02T11:12:52.470+0530: 840.373: [GC (Allocation Failure) 2019-01-02T11:12:52.470+0530: 840.373: [DefNew
Desired survivor size 32768 bytes, new threshold 15 (max 15)
- age   1:         24 bytes,         24 total
- age   6:         72 bytes,         96 total
: 512K->0K(960K), 0.0003085 secs] 3692K->3675K(10176K), 0.0003609 secs] [Times: user=0.00 sys=0.00, real=0.00 secs] 
2019-01-02T11:12:52.526+0530: 840.428: [GC (Allocation Failure) 2019-01-02T11:12:52.526+0530: 840.428: [DefNew
Desired survivor size 32768 bytes, new threshold 15 (max 15)
- age   1:        248 bytes,        248 total
- age   7:         16 bytes,        264 total
: 850K->0K(960K), 0.0005092 secs] 4525K->3747K(10176K), 0.0008227 secs] [Times: user=0.00 sys=0.00, real=0.00 secs] 
2019-01-02T11:12:52.528+0530: 840.431: [GC (Allocation Failure) 2019-01-02T11:12:52.528+0530: 840.431: [DefNew
Desired survivor size 32768 bytes, new threshold 15 (max 15)
- age   2:        184 bytes,        184 total
- age   8:         16 bytes,        200 total
: 896K->0K(960K), 0.0009773 secs] 4643K->4035K(10176K), 0.0011905 secs] [Times: user=0.00 sys=0.00, real=0.00 secs] 
2019-01-02T11:12:52.531+0530: 840.433: [GC (Allocation Failure) 2019-01-02T11:12:52.531+0530: 840.434: [DefNew
Desired survivor size 32768 bytes, new threshold 15 (max 15)
- age   1:         40 bytes,         40 total
- age   3:        184 bytes,        224 total
- age   9:         16 bytes,        240 total
: 896K->0K(960K), 0.0010246 secs] 4931K->4611K(10176K), 0.0011888 secs] [Times: user=0.00 sys=0.00, real=0.00 secs] 
2019-01-02T11:12:52.534+0530: 840.436: [GC (Allocation Failure) 2019-01-02T11:12:52.534+0530: 840.436: [DefNew
Desired survivor size 32768 bytes, new threshold 15 (max 15)
- age   1:         24 bytes,         24 total
- age   4:        184 bytes,        208 total
- age  10:         16 bytes,        224 total
: 446K->0K(960K), 0.0002577 secs] 5057K->4611K(10176K), 0.0003261 secs] [Times: user=0.00 sys=0.00, real=0.00 secs] 
2019-01-02T11:12:52.534+0530: 840.437: [GC (Allocation Failure) 2019-01-02T11:12:52.534+0530: 840.437: [DefNew
Desired survivor size 32768 bytes, new threshold 15 (max 15)
- age   2:         24 bytes,         24 total
- age   5:        184 bytes,        208 total
- age  11:         16 bytes,        224 total
: 494K->0K(960K), 0.0003273 secs] 5105K->5105K(10176K), 0.0003814 secs] [Times: user=0.00 sys=0.00, real=0.00 secs] 
2019-01-02T11:12:52.535+0530: 840.437: [GC (Allocation Failure) 2019-01-02T11:12:52.535+0530: 840.437: [DefNew
Desired survivor size 32768 bytes, new threshold 15 (max 15)
- age   1:         24 bytes,         24 total
- age   6:         72 bytes,         96 total
- age  12:         16 bytes,        112 total
: 512K->0K(960K), 0.0003085 secs] 5618K->5600K(10176K), 0.0003621 secs] [Times: user=0.00 sys=0.00, real=0.00 secs] 
2019-01-02T11:12:52.591+0530: 840.493: [GC (Allocation Failure) 2019-01-02T11:12:52.591+0530: 840.493: [DefNew
Desired survivor size 32768 bytes, new threshold 15 (max 15)
- age   1:        248 bytes,        248 total
- age   7:         16 bytes,        264 total
- age  13:         16 bytes,        280 total
: 850K->0K(960K), 0.0003221 secs] 6450K->5672K(10176K), 0.0004299 secs] [Times: user=0.00 sys=0.00, real=0.00 secs] 
2019-01-02T11:12:52.593+0530: 840.495: [GC (Allocation Failure) 2019-01-02T11:12:52.593+0530: 840.495: [DefNew
Desired survivor size 32768 bytes, new threshold 15 (max 15)
- age   1:         40 bytes,         40 total
- age   2:        184 bytes,        224 total
- age   8:         16 bytes,        240 total
- age  14:         16 bytes,        256 total
: 896K->0K(960K), 0.0007007 secs] 6568K->5960K(10176K), 0.0008273 secs] [Times: user=0.00 sys=0.00, real=0.00 secs] 
2019-01-02T11:12:52.595+0530: 840.498: [GC (Allocation Failure) 2019-01-02T11:12:52.596+0530: 840.498: [DefNew
Desired survivor size 32768 bytes, new threshold 15 (max 15)
- age   1:         40 bytes,         40 total
- age   3:        184 bytes,        224 total
- age   9:         16 bytes,        240 total
- age  15:         16 bytes,        256 total
: 896K->0K(960K), 0.0008467 secs] 6856K->6536K(10176K), 0.0011346 secs] [Times: user=0.00 sys=0.00, real=0.00 secs] 
2019-01-02T11:12:52.598+0530: 840.500: [GC (Allocation Failure) 2019-01-02T11:12:52.598+0530: 840.501: [DefNew
Desired survivor size 32768 bytes, new threshold 15 (max 15)
- age   1:         24 bytes,         24 total
- age   4:        184 bytes,        208 total
- age  10:         16 bytes,        224 total
: 445K->0K(960K), 0.0005827 secs] 6981K->6536K(10176K), 0.0007475 secs] [Times: user=0.00 sys=0.00, real=0.00 secs] 
2019-01-02T11:12:52.600+0530: 840.502: [GC (Allocation Failure) 2019-01-02T11:12:52.600+0530: 840.502: [DefNew
Desired survivor size 32768 bytes, new threshold 15 (max 15)
- age   2:         24 bytes,         24 total
- age   5:        184 bytes,        208 total
- age  11:         16 bytes,        224 total
: 494K->0K(960K), 0.0003923 secs] 7030K->7030K(10176K), 0.0004761 secs] [Times: user=0.00 sys=0.00, real=0.00 secs] 
2019-01-02T11:12:52.600+0530: 840.503: [GC (Allocation Failure) 2019-01-02T11:12:52.601+0530: 840.503: [DefNew
Desired survivor size 32768 bytes, new threshold 15 (max 15)
- age   1:         24 bytes,         24 total
- age   6:         72 bytes,         96 total
- age  12:         16 bytes,        112 total
: 512K->0K(960K), 0.0003358 secs] 7543K->7525K(10176K), 0.0004105 secs] [Times: user=0.00 sys=0.00, real=0.00 secs] 
2019-01-02T11:12:52.665+0530: 840.567: [GC (Allocation Failure) 2019-01-02T11:12:52.665+0530: 840.567: [DefNew
Desired survivor size 32768 bytes, new threshold 15 (max 15)
- age   1:        248 bytes,        248 total
- age   7:         16 bytes,        264 total
- age  13:         16 bytes,        280 total
: 850K->0K(960K), 0.0011722 secs] 8375K->7597K(10176K), 0.0015571 secs] [Times: user=0.00 sys=0.00, real=0.00 secs] 
2019-01-02T11:12:52.668+0530: 840.571: [GC (Allocation Failure) 2019-01-02T11:12:52.668+0530: 840.571: [DefNew
Desired survivor size 32768 bytes, new threshold 15 (max 15)
- age   2:        184 bytes,        184 total
- age   8:         16 bytes,        200 total
- age  14:         16 bytes,        216 total
: 896K->0K(960K), 0.0004174 secs] 8493K->7885K(10176K), 0.0005787 secs] [Times: user=0.00 sys=0.00, real=0.00 secs] 
2019-01-02T11:12:52.670+0530: 840.572: [GC (Allocation Failure) 2019-01-02T11:12:52.670+0530: 840.572: [DefNew
Desired survivor size 32768 bytes, new threshold 15 (max 15)
- age   1:         40 bytes,         40 total
- age   3:        184 bytes,        224 total
- age   9:         16 bytes,        240 total
- age  15:         16 bytes,        256 total
: 896K->0K(960K), 0.0004145 secs] 8781K->8461K(10176K), 0.0004926 secs] [Times: user=0.00 sys=0.00, real=0.00 secs] 
2019-01-02T11:12:52.671+0530: 840.574: [GC (Allocation Failure) 2019-01-02T11:12:52.671+0530: 840.574: [DefNew
Desired survivor size 32768 bytes, new threshold 15 (max 15)
- age   1:         24 bytes,         24 total
- age   4:        184 bytes,        208 total
- age  10:         16 bytes,        224 total
: 446K->0K(960K), 0.0002355 secs] 8907K->8461K(10176K), 0.0002914 secs] [Times: user=0.00 sys=0.00, real=0.00 secs] 
2019-01-02T11:12:52.672+0530: 840.574: [GC (Allocation Failure) 2019-01-02T11:12:52.672+0530: 840.574: [DefNew
Desired survivor size 32768 bytes, new threshold 15 (max 15)
- age   2:         24 bytes,         24 total
- age   5:        184 bytes,        208 total
- age  11:         16 bytes,        224 total
: 494K->0K(960K), 0.0003444 secs] 8956K->8956K(10176K), 0.0003980 secs] [Times: user=0.00 sys=0.00, real=0.00 secs] 
2019-01-02T11:12:52.672+0530: 840.575: [GC (Allocation Failure) 2019-01-02T11:12:52.672+0530: 840.575: [DefNew: 512K->512K(960K), 0.0000291 secs]2019-01-02T11:12:52.673+0530: 840.575: [Tenured: 8955K->1255K(9216K), 0.0062307 secs] 9468K->1255K(10176K), [Metaspace: 2520K->2520K(1056768K)], 0.0063658 secs] [Times: user=0.00 sys=0.00, real=0.01 secs] 
2019-01-02T11:12:52.735+0530: 840.637: [GC (Allocation Failure) 2019-01-02T11:12:52.735+0530: 840.637: [DefNew
Desired survivor size 32768 bytes, new threshold 15 (max 15)
- age   1:        248 bytes,        248 total
: 850K->0K(960K), 0.0013975 secs] 2105K->1822K(10176K), 0.0016614 secs] [Times: user=0.00 sys=0.00, real=0.00 secs] 
2019-01-02T11:12:52.738+0530: 840.640: [GC (Allocation Failure) 2019-01-02T11:12:52.738+0530: 840.641: [DefNew
Desired survivor size 32768 bytes, new threshold 15 (max 15)
- age   1:         40 bytes,         40 total
- age   2:        184 bytes,        224 total
: 896K->0K(960K), 0.0007566 secs] 2718K->2110K(10176K), 0.0009579 secs] [Times: user=0.00 sys=0.00, real=0.00 secs] 
2019-01-02T11:12:52.741+0530: 840.644: [GC (Allocation Failure) 2019-01-02T11:12:52.741+0530: 840.644: [DefNew
Desired survivor size 32768 bytes, new threshold 15 (max 15)
- age   1:         40 bytes,         40 total
- age   3:        184 bytes,        224 total
: 896K->0K(960K), 0.0006608 secs] 3006K->2686K(10176K), 0.0008170 secs] [Times: user=0.00 sys=0.00, real=0.00 secs] 
2019-01-02T11:12:52.743+0530: 840.646: [GC (Allocation Failure) 2019-01-02T11:12:52.743+0530: 840.646: [DefNew
Desired survivor size 32768 bytes, new threshold 15 (max 15)
- age   1:         24 bytes,         24 total
- age   4:        184 bytes,        208 total
: 445K->0K(960K), 0.0005228 secs] 3131K->2686K(10176K), 0.0006283 secs] [Times: user=0.00 sys=0.00, real=0.00 secs] 
2019-01-02T11:12:52.744+0530: 840.647: [GC (Allocation Failure) 2019-01-02T11:12:52.744+0530: 840.647: [DefNew
Desired survivor size 32768 bytes, new threshold 15 (max 15)
- age   2:         24 bytes,         24 total
- age   5:        184 bytes,        208 total
: 494K->0K(960K), 0.0008444 secs] 3180K->3180K(10176K), 0.0009048 secs] [Times: user=0.00 sys=0.00, real=0.00 secs] 
2019-01-02T11:12:52.746+0530: 840.648: [GC (Allocation Failure) 2019-01-02T11:12:52.746+0530: 840.648: [DefNew
Desired survivor size 32768 bytes, new threshold 15 (max 15)
- age   1:         24 bytes,         24 total
- age   6:         72 bytes,         96 total
: 512K->0K(960K), 0.0003107 secs] 3693K->3675K(10176K), 0.0003660 secs] [Times: user=0.00 sys=0.00, real=0.00 secs] 
2019-01-02T11:12:52.798+0530: 840.700: [GC (Allocation Failure) 2019-01-02T11:12:52.798+0530: 840.700: [DefNew
Desired survivor size 32768 bytes, new threshold 15 (max 15)
- age   1:        248 bytes,        248 total
- age   7:         16 bytes,        264 total
: 850K->0K(960K), 0.0005405 secs] 4525K->3747K(10176K), 0.0009887 secs] [Times: user=0.00 sys=0.00, real=0.00 secs] 
2019-01-02T11:12:52.801+0530: 840.703: [GC (Allocation Failure) 2019-01-02T11:12:52.801+0530: 840.703: [DefNew
Desired survivor size 32768 bytes, new threshold 15 (max 15)
- age   2:        184 bytes,        184 total
- age   8:         16 bytes,        200 total
: 896K->0K(960K), 0.0008837 secs] 4643K->4035K(10176K), 0.0011255 secs] [Times: user=0.00 sys=0.00, real=0.00 secs] 
2019-01-02T11:12:52.804+0530: 840.706: [GC (Allocation Failure) 2019-01-02T11:12:52.804+0530: 840.706: [DefNew
Desired survivor size 32768 bytes, new threshold 15 (max 15)
- age   1:         40 bytes,         40 total
- age   3:        184 bytes,        224 total
- age   9:         16 bytes,        240 total
: 896K->0K(960K), 0.0012760 secs] 4931K->4611K(10176K), 0.0014237 secs] [Times: user=0.02 sys=0.00, real=0.00 secs] 
2019-01-02T11:12:52.806+0530: 840.709: [GC (Allocation Failure) 2019-01-02T11:12:52.806+0530: 840.709: [DefNew
Desired survivor size 32768 bytes, new threshold 15 (max 15)
- age   1:         24 bytes,         24 total
- age   4:        184 bytes,        208 total
- age  10:         16 bytes,        224 total
: 446K->0K(960K), 0.0002754 secs] 5057K->4611K(10176K), 0.0003404 secs] [Times: user=0.00 sys=0.00, real=0.00 secs] 
2019-01-02T11:12:52.807+0530: 840.709: [GC (Allocation Failure) 2019-01-02T11:12:52.807+0530: 840.709: [DefNew
Desired survivor size 32768 bytes, new threshold 15 (max 15)
- age   2:         24 bytes,         24 total
- age   5:        184 bytes,        208 total
- age  11:         16 bytes,        224 total
: 494K->0K(960K), 0.0008216 secs] 5106K->5106K(10176K), 0.0009744 secs] [Times: user=0.00 sys=0.00, real=0.00 secs] 
2019-01-02T11:12:52.809+0530: 840.711: [GC (Allocation Failure) 2019-01-02T11:12:52.809+0530: 840.711: [DefNew
Desired survivor size 32768 bytes, new threshold 15 (max 15)
- age   1:         24 bytes,         24 total
- age   6:         72 bytes,         96 total
- age  12:         16 bytes,        112 total
: 512K->0K(960K), 0.0004738 secs] 5618K->5600K(10176K), 0.0005776 secs] [Times: user=0.00 sys=0.00, real=0.00 secs] 
2019-01-02T11:12:52.869+0530: 840.771: [GC (Allocation Failure) 2019-01-02T11:12:52.869+0530: 840.771: [DefNew
Desired survivor size 32768 bytes, new threshold 15 (max 15)
- age   1:        248 bytes,        248 total
- age   7:         16 bytes,        264 total
- age  13:         16 bytes,        280 total
: 850K->0K(960K), 0.0009710 secs] 6451K->5672K(10176K), 0.0014385 secs] [Times: user=0.00 sys=0.00, real=0.00 secs] 
2019-01-02T11:12:52.872+0530: 840.775: [GC (Allocation Failure) 2019-01-02T11:12:52.872+0530: 840.775: [DefNew
Desired survivor size 32768 bytes, new threshold 15 (max 15)
- age   1:         40 bytes,         40 total
- age   2:        184 bytes,        224 total
- age   8:         16 bytes,        240 total
- age  14:         16 bytes,        256 total
: 896K->0K(960K), 0.0007121 secs] 6568K->5960K(10176K), 0.0009676 secs] [Times: user=0.00 sys=0.00, real=0.00 secs] 
2019-01-02T11:12:52.875+0530: 840.778: [GC (Allocation Failure) 2019-01-02T11:12:52.875+0530: 840.778: [DefNew
Desired survivor size 32768 bytes, new threshold 15 (max 15)
- age   1:         40 bytes,         40 total
- age   3:        184 bytes,        224 total
- age   9:         16 bytes,        240 total
- age  15:         16 bytes,        256 total
: 896K->0K(960K), 0.0012025 secs] 6856K->6536K(10176K), 0.0013861 secs] [Times: user=0.00 sys=0.00, real=0.00 secs] 
2019-01-02T11:12:52.878+0530: 840.780: [GC (Allocation Failure) 2019-01-02T11:12:52.878+0530: 840.780: [DefNew
Desired survivor size 32768 bytes, new threshold 15 (max 15)
- age   1:         24 bytes,         24 total
- age   4:        184 bytes,        208 total
- age  10:         16 bytes,        224 total
: 445K->0K(960K), 0.0005901 secs] 6982K->6536K(10176K), 0.0007133 secs] [Times: user=0.00 sys=0.00, real=0.00 secs] 
2019-01-02T11:12:52.879+0530: 840.782: [GC (Allocation Failure) 2019-01-02T11:12:52.879+0530: 840.782: [DefNew
Desired survivor size 32768 bytes, new threshold 15 (max 15)
- age   2:         24 bytes,         24 total
- age   5:        184 bytes,        208 total
- age  11:         16 bytes,        224 total
: 494K->0K(960K), 0.0010725 secs] 7031K->7031K(10176K), 0.0012156 secs] [Times: user=0.00 sys=0.00, real=0.00 secs] 
2019-01-02T11:12:52.881+0530: 840.783: [GC (Allocation Failure) 2019-01-02T11:12:52.881+0530: 840.783: [DefNew
Desired survivor size 32768 bytes, new threshold 15 (max 15)
- age   1:         24 bytes,         24 total
- age   6:         72 bytes,         96 total
- age  12:         16 bytes,        112 total
: 512K->0K(960K), 0.0003672 secs] 7544K->7526K(10176K), 0.0004316 secs] [Times: user=0.00 sys=0.00, real=0.00 secs] 
2019-01-02T11:12:52.936+0530: 840.838: [GC (Allocation Failure) 2019-01-02T11:12:52.936+0530: 840.838: [DefNew
Desired survivor size 32768 bytes, new threshold 15 (max 15)
- age   1:        248 bytes,        248 total
- age   7:         16 bytes,        264 total
- age  13:         16 bytes,        280 total
: 850K->0K(960K), 0.0006289 secs] 8376K->7598K(10176K), 0.0008849 secs] [Times: user=0.00 sys=0.00, real=0.00 secs] 
2019-01-02T11:12:52.938+0530: 840.841: [GC (Allocation Failure) 2019-01-02T11:12:52.938+0530: 840.841: [DefNew
Desired survivor size 32768 bytes, new threshold 15 (max 15)
- age   2:        184 bytes,        184 total
- age   8:         16 bytes,        200 total
- age  14:         16 bytes,        216 total
: 896K->0K(960K), 0.0008341 secs] 8494K->7886K(10176K), 0.0010445 secs] [Times: user=0.00 sys=0.00, real=0.00 secs] 
2019-01-02T11:12:52.941+0530: 840.843: [GC (Allocation Failure) 2019-01-02T11:12:52.941+0530: 840.843: [DefNew
Desired survivor size 32768 bytes, new threshold 15 (max 15)
- age   1:         40 bytes,         40 total
- age   3:        184 bytes,        224 total
- age   9:         16 bytes,        240 total
- age  15:         16 bytes,        256 total
: 896K->0K(960K), 0.0011209 secs] 8782K->8462K(10176K), 0.0013268 secs] [Times: user=0.00 sys=0.00, real=0.00 secs] 
2019-01-02T11:12:52.944+0530: 840.846: [GC (Allocation Failure) 2019-01-02T11:12:52.944+0530: 840.846: [DefNew
Desired survivor size 32768 bytes, new threshold 15 (max 15)
- age   1:         24 bytes,         24 total
- age   4:        184 bytes,        208 total
- age  10:         16 bytes,        224 total
: 446K->0K(960K), 0.0004710 secs] 8908K->8462K(10176K), 0.0006112 secs] [Times: user=0.00 sys=0.00, real=0.00 secs] 
2019-01-02T11:12:52.945+0530: 840.847: [GC (Allocation Failure) 2019-01-02T11:12:52.945+0530: 840.847: [DefNew
Desired survivor size 32768 bytes, new threshold 15 (max 15)
- age   2:         24 bytes,         24 total
- age   5:        184 bytes,        208 total
- age  11:         16 bytes,        224 total
: 494K->0K(960K), 0.0006158 secs] 8956K->8956K(10176K), 0.0006842 secs] [Times: user=0.00 sys=0.00, real=0.00 secs] 
2019-01-02T11:12:52.946+0530: 840.849: [GC (Allocation Failure) 2019-01-02T11:12:52.946+0530: 840.849: [DefNew: 512K->512K(960K), 0.0000336 secs]2019-01-02T11:12:52.946+0530: 840.849: [Tenured: 8956K->1255K(9216K), 0.0038013 secs] 9469K->1255K(10176K), [Metaspace: 2520K->2520K(1056768K)], 0.0039575 secs] [Times: user=0.00 sys=0.00, real=0.00 secs] 
2019-01-02T11:12:53.001+0530: 840.903: [GC (Allocation Failure) 2019-01-02T11:12:53.001+0530: 840.903: [DefNew
Desired survivor size 32768 bytes, new threshold 15 (max 15)
- age   1:        248 bytes,        248 total
: 850K->0K(960K), 0.0010930 secs] 2106K->1822K(10176K), 0.0015400 secs] [Times: user=0.00 sys=0.00, real=0.00 secs] 
2019-01-02T11:12:53.004+0530: 840.907: [GC (Allocation Failure) 2019-01-02T11:12:53.004+0530: 840.907: [DefNew
Desired survivor size 32768 bytes, new threshold 15 (max 15)
- age   1:         40 bytes,         40 total
- age   2:        184 bytes,        224 total
: 896K->0K(960K), 0.0005354 secs] 2718K->2110K(10176K), 0.0007931 secs] [Times: user=0.00 sys=0.00, real=0.00 secs] 
2019-01-02T11:12:53.006+0530: 840.909: [GC (Allocation Failure) 2019-01-02T11:12:53.006+0530: 840.909: [DefNew
Desired survivor size 32768 bytes, new threshold 15 (max 15)
- age   1:         40 bytes,         40 total
- age   3:        184 bytes,        224 total
: 896K->0K(960K), 0.0012652 secs] 3006K->2686K(10176K), 0.0013587 secs] [Times: user=0.02 sys=0.00, real=0.00 secs] 
2019-01-02T11:12:53.009+0530: 840.912: [GC (Allocation Failure) 2019-01-02T11:12:53.009+0530: 840.912: [DefNew
Desired survivor size 32768 bytes, new threshold 15 (max 15)
- age   1:         24 bytes,         24 total
- age   4:        184 bytes,        208 total
: 445K->0K(960K), 0.0005838 secs] 3131K->2686K(10176K), 0.0007777 secs] [Times: user=0.00 sys=0.00, real=0.00 secs] 
2019-01-02T11:12:53.010+0530: 840.913: [GC (Allocation Failure) 2019-01-02T11:12:53.010+0530: 840.913: [DefNew
Desired survivor size 32768 bytes, new threshold 15 (max 15)
- age   2:         24 bytes,         24 total
- age   5:        184 bytes,        208 total
: 494K->0K(960K), 0.0004481 secs] 3181K->3181K(10176K), 0.0005730 secs] [Times: user=0.00 sys=0.00, real=0.00 secs] 
2019-01-02T11:12:53.012+0530: 840.914: [GC (Allocation Failure) 2019-01-02T11:12:53.012+0530: 840.914: [DefNew
Desired survivor size 32768 bytes, new threshold 15 (max 15)
- age   1:         24 bytes,         24 total
- age   6:         72 bytes,         96 total
: 512K->0K(960K), 0.0007361 secs] 3693K->3675K(10176K), 0.0008381 secs] [Times: user=0.00 sys=0.00, real=0.00 secs] 
2019-01-02T11:12:53.065+0530: 840.968: [GC (Allocation Failure) 2019-01-02T11:12:53.066+0530: 840.968: [DefNew
Desired survivor size 32768 bytes, new threshold 15 (max 15)
- age   1:        248 bytes,        248 total
- age   7:         16 bytes,        264 total
: 850K->0K(960K), 0.0009083 secs] 4525K->3748K(10176K), 0.0012983 secs] [Times: user=0.00 sys=0.00, real=0.00 secs] 
2019-01-02T11:12:53.069+0530: 840.971: [GC (Allocation Failure) 2019-01-02T11:12:53.069+0530: 840.971: [DefNew
Desired survivor size 32768 bytes, new threshold 15 (max 15)
- age   2:        184 bytes,        184 total
- age   8:         16 bytes,        200 total
: 896K->0K(960K), 0.0007235 secs] 4644K->4035K(10176K), 0.0010234 secs] [Times: user=0.02 sys=0.00, real=0.00 secs] 
2019-01-02T11:12:53.071+0530: 840.974: [GC (Allocation Failure) 2019-01-02T11:12:53.071+0530: 840.974: [DefNew
Desired survivor size 32768 bytes, new threshold 15 (max 15)
- age   1:         40 bytes,         40 total
- age   3:        184 bytes,        224 total
- age   9:         16 bytes,        240 total
: 896K->0K(960K), 0.0013741 secs] 4931K->4612K(10176K), 0.0015337 secs] [Times: user=0.00 sys=0.00, real=0.00 secs] 
2019-01-02T11:12:53.074+0530: 840.976: [GC (Allocation Failure) 2019-01-02T11:12:53.074+0530: 840.976: [DefNew
Desired survivor size 32768 bytes, new threshold 15 (max 15)
- age   1:         24 bytes,         24 total
- age   4:        184 bytes,        208 total
- age  10:         16 bytes,        224 total
: 446K->0K(960K), 0.0002623 secs] 5058K->4611K(10176K), 0.0003415 secs] [Times: user=0.00 sys=0.00, real=0.00 secs] 
2019-01-02T11:12:53.075+0530: 840.977: [GC (Allocation Failure) 2019-01-02T11:12:53.075+0530: 840.977: [DefNew
Desired survivor size 32768 bytes, new threshold 15 (max 15)
- age   2:         24 bytes,         24 total
- age   5:        184 bytes,        208 total
- age  11:         16 bytes,        224 total
: 494K->0K(960K), 0.0003364 secs] 5106K->5106K(10176K), 0.0004196 secs] [Times: user=0.00 sys=0.00, real=0.00 secs] 
2019-01-02T11:12:53.076+0530: 840.978: [GC (Allocation Failure) 2019-01-02T11:12:53.076+0530: 840.978: [DefNew
Desired survivor size 32768 bytes, new threshold 15 (max 15)
- age   1:         24 bytes,         24 total
- age   6:         72 bytes,         96 total
- age  12:         16 bytes,        112 total
: 512K->0K(960K), 0.0012127 secs] 5619K->5601K(10176K), 0.0014020 secs] [Times: user=0.00 sys=0.00, real=0.00 secs] 
2019-01-02T11:12:53.140+0530: 841.042: [GC (Allocation Failure) 2019-01-02T11:12:53.140+0530: 841.042: [DefNew
Desired survivor size 32768 bytes, new threshold 15 (max 15)
- age   1:        248 bytes,        248 total
- age   7:         16 bytes,        264 total
- age  13:         16 bytes,        280 total
: 850K->0K(960K), 0.0010383 secs] 6451K->5673K(10176K), 0.0013262 secs] [Times: user=0.00 sys=0.00, real=0.00 secs] 
2019-01-02T11:12:53.143+0530: 841.046: [GC (Allocation Failure) 2019-01-02T11:12:53.143+0530: 841.046: [DefNew
Desired survivor size 32768 bytes, new threshold 15 (max 15)
- age   1:         40 bytes,         40 total
- age   2:        184 bytes,        224 total
- age   8:         16 bytes,        240 total
- age  14:         16 bytes,        256 total
: 896K->0K(960K), 0.0012350 secs] 6569K->5961K(10176K), 0.0015662 secs] [Times: user=0.00 sys=0.00, real=0.00 secs] 
2019-01-02T11:12:53.146+0530: 841.049: [GC (Allocation Failure) 2019-01-02T11:12:53.147+0530: 841.049: [DefNew
Desired survivor size 32768 bytes, new threshold 15 (max 15)
- age   1:         40 bytes,         40 total
- age   3:        184 bytes,        224 total
- age   9:         16 bytes,        240 total
- age  15:         16 bytes,        256 total
: 896K->0K(960K), 0.0007942 secs] 6857K->6537K(10176K), 0.0009282 secs] [Times: user=0.00 sys=0.00, real=0.00 secs] 
2019-01-02T11:12:53.149+0530: 841.051: [GC (Allocation Failure) 2019-01-02T11:12:53.149+0530: 841.051: [DefNew
Desired survivor size 32768 bytes, new threshold 15 (max 15)
- age   1:         24 bytes,         24 total
- age   4:        184 bytes,        208 total
- age  10:         16 bytes,        224 total
: 445K->0K(960K), 0.0003894 secs] 6982K->6537K(10176K), 0.0004898 secs] [Times: user=0.00 sys=0.00, real=0.00 secs] 
2019-01-02T11:12:53.150+0530: 841.053: [GC (Allocation Failure) 2019-01-02T11:12:53.150+0530: 841.053: [DefNew
Desired survivor size 32768 bytes, new threshold 15 (max 15)
- age   2:         24 bytes,         24 total
- age   5:        184 bytes,        208 total
- age  11:         16 bytes,        224 total
: 494K->0K(960K), 0.0003427 secs] 7032K->7032K(10176K), 0.0004259 secs] [Times: user=0.00 sys=0.00, real=0.00 secs] 
2019-01-02T11:12:53.151+0530: 841.053: [GC (Allocation Failure) 2019-01-02T11:12:53.151+0530: 841.053: [DefNew
Desired survivor size 32768 bytes, new threshold 15 (max 15)
- age   1:         24 bytes,         24 total
- age   6:         72 bytes,         96 total
- age  12:         16 bytes,        112 total
: 512K->0K(960K), 0.0003347 secs] 7544K->7526K(10176K), 0.0004060 secs] [Times: user=0.00 sys=0.00, real=0.00 secs] 
2019-01-02T11:12:53.208+0530: 841.110: [GC (Allocation Failure) 2019-01-02T11:12:53.208+0530: 841.110: [DefNew
Desired survivor size 32768 bytes, new threshold 15 (max 15)
- age   1:        248 bytes,        248 total
- age   7:         16 bytes,        264 total
- age  13:         16 bytes,        280 total
: 850K->0K(960K), 0.0006973 secs] 8377K->7599K(10176K), 0.0009601 secs] [Times: user=0.00 sys=0.00, real=0.00 secs] 
2019-01-02T11:12:53.211+0530: 841.114: [GC (Allocation Failure) 2019-01-02T11:12:53.211+0530: 841.114: [DefNew
Desired survivor size 32768 bytes, new threshold 15 (max 15)
- age   2:        184 bytes,        184 total
- age   8:         16 bytes,        200 total
- age  14:         16 bytes,        216 total
: 896K->0K(960K), 0.0004350 secs] 8495K->7887K(10176K), 0.0005559 secs] [Times: user=0.00 sys=0.00, real=0.00 secs] 
2019-01-02T11:12:53.213+0530: 841.115: [GC (Allocation Failure) 2019-01-02T11:12:53.213+0530: 841.115: [DefNew
Desired survivor size 32768 bytes, new threshold 15 (max 15)
- age   1:         40 bytes,         40 total
- age   3:        184 bytes,        224 total
- age   9:         16 bytes,        240 total
- age  15:         16 bytes,        256 total
: 896K->0K(960K), 0.0007258 secs] 8783K->8463K(10176K), 0.0008832 secs] [Times: user=0.00 sys=0.00, real=0.00 secs] 
2019-01-02T11:12:53.215+0530: 841.118: [GC (Allocation Failure) 2019-01-02T11:12:53.215+0530: 841.118: [DefNew
Desired survivor size 32768 bytes, new threshold 15 (max 15)
- age   1:         24 bytes,         24 total
- age   4:        184 bytes,        208 total
- age  10:         16 bytes,        224 total
: 446K->0K(960K), 0.0005970 secs] 8909K->8463K(10176K), 0.0007726 secs] [Times: user=0.00 sys=0.00, real=0.00 secs] 
2019-01-02T11:12:53.217+0530: 841.119: [GC (Allocation Failure) 2019-01-02T11:12:53.217+0530: 841.119: [DefNew
Desired survivor size 32768 bytes, new threshold 15 (max 15)
- age   2:         24 bytes,         24 total
- age   5:        184 bytes,        208 total
- age  11:         16 bytes,        224 total
: 494K->0K(960K), 0.0006916 secs] 8957K->8957K(10176K), 0.0008450 secs] [Times: user=0.00 sys=0.00, real=0.00 secs] 
2019-01-02T11:12:53.218+0530: 841.120: [GC (Allocation Failure) 2019-01-02T11:12:53.218+0530: 841.121: [DefNew: 512K->512K(960K), 0.0000291 secs]2019-01-02T11:12:53.218+0530: 841.121: [Tenured: 8957K->1255K(9216K), 0.0037032 secs] 9470K->1255K(10176K), [Metaspace: 2520K->2520K(1056768K)], 0.0038605 secs] [Times: user=0.00 sys=0.00, real=0.00 secs] 
2019-01-02T11:12:53.278+0530: 841.180: [GC (Allocation Failure) 2019-01-02T11:12:53.278+0530: 841.181: [DefNew
Desired survivor size 32768 bytes, new threshold 15 (max 15)
- age   1:        248 bytes,        248 total
: 850K->0K(960K), 0.0015166 secs] 2106K->1822K(10176K), 0.0018644 secs] [Times: user=0.00 sys=0.00, real=0.00 secs] 
2019-01-02T11:12:53.281+0530: 841.184: [GC (Allocation Failure) 2019-01-02T11:12:53.281+0530: 841.184: [DefNew
Desired survivor size 32768 bytes, new threshold 15 (max 15)
- age   1:         40 bytes,         40 total
- age   2:        184 bytes,        224 total
: 896K->0K(960K), 0.0006209 secs] 2718K->2110K(10176K), 0.0007731 secs] [Times: user=0.00 sys=0.00, real=0.00 secs] 
2019-01-02T11:12:53.284+0530: 841.186: [GC (Allocation Failure) 2019-01-02T11:12:53.284+0530: 841.186: [DefNew
Desired survivor size 32768 bytes, new threshold 15 (max 15)
- age   1:         40 bytes,         40 total
- age   3:        184 bytes,        224 total
: 896K->0K(960K), 0.0007754 secs] 3006K->2686K(10176K), 0.0010365 secs] [Times: user=0.00 sys=0.00, real=0.00 secs] 
2019-01-02T11:12:53.286+0530: 841.189: [GC (Allocation Failure) 2019-01-02T11:12:53.286+0530: 841.189: [DefNew
Desired survivor size 32768 bytes, new threshold 15 (max 15)
- age   1:         24 bytes,         24 total
- age   4:        184 bytes,        208 total
: 445K->0K(960K), 0.0002589 secs] 3132K->2686K(10176K), 0.0003427 secs] [Times: user=0.00 sys=0.00, real=0.00 secs] 
2019-01-02T11:12:53.287+0530: 841.189: [GC (Allocation Failure) 2019-01-02T11:12:53.287+0530: 841.189: [DefNew
Desired survivor size 32768 bytes, new threshold 15 (max 15)
- age   2:         24 bytes,         24 total
- age   5:        184 bytes,        208 total
: 494K->0K(960K), 0.0003381 secs] 3181K->3181K(10176K), 0.0004122 secs] [Times: user=0.00 sys=0.00, real=0.00 secs] 
2019-01-02T11:12:53.288+0530: 841.190: [GC (Allocation Failure) 2019-01-02T11:12:53.288+0530: 841.190: [DefNew
Desired survivor size 32768 bytes, new threshold 15 (max 15)
- age   1:         24 bytes,         24 total
- age   6:         72 bytes,         96 total
: 512K->0K(960K), 0.0003330 secs] 3694K->3676K(10176K), 0.0004054 secs] [Times: user=0.02 sys=0.00, real=0.00 secs] 
2019-01-02T11:12:53.349+0530: 841.251: [GC (Allocation Failure) 2019-01-02T11:12:53.349+0530: 841.251: [DefNew
Desired survivor size 32768 bytes, new threshold 15 (max 15)
- age   1:        248 bytes,        248 total
- age   7:         16 bytes,        264 total
: 850K->0K(960K), 0.0006745 secs] 4526K->3748K(10176K), 0.0008518 secs] [Times: user=0.00 sys=0.00, real=0.00 secs] 
2019-01-02T11:12:53.351+0530: 841.254: [GC (Allocation Failure) 2019-01-02T11:12:53.351+0530: 841.254: [DefNew
Desired survivor size 32768 bytes, new threshold 15 (max 15)
- age   2:        184 bytes,        184 total
- age   8:         16 bytes,        200 total
: 896K->0K(960K), 0.0010308 secs] 4644K->4036K(10176K), 0.0012629 secs] [Times: user=0.00 sys=0.00, real=0.00 secs] 
2019-01-02T11:12:53.354+0530: 841.256: [GC (Allocation Failure) 2019-01-02T11:12:53.354+0530: 841.256: [DefNew
Desired survivor size 32768 bytes, new threshold 15 (max 15)
- age   1:         40 bytes,         40 total
- age   3:        184 bytes,        224 total
- age   9:         16 bytes,        240 total
: 896K->0K(960K), 0.0010976 secs] 4932K->4612K(10176K), 0.0012515 secs] [Times: user=0.00 sys=0.00, real=0.00 secs] 
2019-01-02T11:12:53.357+0530: 841.259: [GC (Allocation Failure) 2019-01-02T11:12:53.357+0530: 841.259: [DefNew
Desired survivor size 32768 bytes, new threshold 15 (max 15)
- age   1:         24 bytes,         24 total
- age   4:        184 bytes,        208 total
- age  10:         16 bytes,        224 total
: 446K->0K(960K), 0.0002463 secs] 5058K->4612K(10176K), 0.0003073 secs] [Times: user=0.00 sys=0.00, real=0.00 secs] 
2019-01-02T11:12:53.357+0530: 841.260: [GC (Allocation Failure) 2019-01-02T11:12:53.357+0530: 841.260: [DefNew
Desired survivor size 32768 bytes, new threshold 15 (max 15)
- age   2:         24 bytes,         24 total
- age   5:        184 bytes,        208 total
- age  11:         16 bytes,        224 total
: 495K->0K(960K), 0.0003290 secs] 5107K->5107K(10176K), 0.0003911 secs] [Times: user=0.00 sys=0.00, real=0.00 secs] 
2019-01-02T11:12:53.358+0530: 841.260: [GC (Allocation Failure) 2019-01-02T11:12:53.358+0530: 841.260: [DefNew
Desired survivor size 32768 bytes, new threshold 15 (max 15)
- age   1:         24 bytes,         24 total
- age   6:         72 bytes,         96 total
- age  12:         16 bytes,        112 total
: 512K->0K(960K), 0.0003244 secs] 5619K->5601K(10176K), 0.0003814 secs] [Times: user=0.00 sys=0.00, real=0.00 secs] 
2019-01-02T11:12:53.413+0530: 841.315: [GC (Allocation Failure) 2019-01-02T11:12:53.413+0530: 841.316: [DefNew
Desired survivor size 32768 bytes, new threshold 15 (max 15)
- age   1:        248 bytes,        248 total
- age   7:         16 bytes,        264 total
- age  13:         16 bytes,        280 total
: 850K->0K(960K), 0.0008684 secs] 6452K->5674K(10176K), 0.0016250 secs] [Times: user=0.00 sys=0.00, real=0.00 secs] 
2019-01-02T11:12:53.416+0530: 841.319: [GC (Allocation Failure) 2019-01-02T11:12:53.416+0530: 841.319: [DefNew
Desired survivor size 32768 bytes, new threshold 15 (max 15)
- age   1:         40 bytes,         40 total
- age   2:        184 bytes,        224 total
- age   8:         16 bytes,        240 total
- age  14:         16 bytes,        256 total
: 896K->0K(960K), 0.0007526 secs] 6570K->5962K(10176K), 0.0008689 secs] [Times: user=0.00 sys=0.00, real=0.00 secs] 
2019-01-02T11:12:53.418+0530: 841.321: [GC (Allocation Failure) 2019-01-02T11:12:53.418+0530: 841.321: [DefNew
Desired survivor size 32768 bytes, new threshold 15 (max 15)
- age   1:         40 bytes,         40 total
- age   3:        184 bytes,        224 total
- age   9:         16 bytes,        240 total
- age  15:         16 bytes,        256 total
: 896K->0K(960K), 0.0011358 secs] 6858K->6538K(10176K), 0.0012777 secs] [Times: user=0.00 sys=0.00, real=0.00 secs] 
2019-01-02T11:12:53.421+0530: 841.324: [GC (Allocation Failure) 2019-01-02T11:12:53.421+0530: 841.324: [DefNew
Desired survivor size 32768 bytes, new threshold 15 (max 15)
- age   1:         24 bytes,         24 total
- age   4:        184 bytes,        208 total
- age  10:         16 bytes,        224 total
: 445K->0K(960K), 0.0004139 secs] 6983K->6538K(10176K), 0.0005496 secs] [Times: user=0.00 sys=0.00, real=0.00 secs] 
2019-01-02T11:12:53.422+0530: 841.324: [GC (Allocation Failure) 2019-01-02T11:12:53.422+0530: 841.324: [DefNew
Desired survivor size 32768 bytes, new threshold 15 (max 15)
- age   2:         24 bytes,         24 total
- age   5:        184 bytes,        208 total
- age  11:         16 bytes,        224 total
: 495K->0K(960K), 0.0003278 secs] 7032K->7032K(10176K), 0.0003985 secs] [Times: user=0.00 sys=0.00, real=0.00 secs] 
2019-01-02T11:12:53.423+0530: 841.325: [GC (Allocation Failure) 2019-01-02T11:12:53.423+0530: 841.325: [DefNew
Desired survivor size 32768 bytes, new threshold 15 (max 15)
- age   1:         24 bytes,         24 total
- age   6:         72 bytes,         96 total
- age  12:         16 bytes,        112 total
: 512K->0K(960K), 0.0003039 secs] 7545K->7527K(10176K), 0.0003871 secs] [Times: user=0.00 sys=0.00, real=0.00 secs] 
2019-01-02T11:12:53.478+0530: 841.381: [GC (Allocation Failure) 2019-01-02T11:12:53.479+0530: 841.381: [DefNew
Desired survivor size 32768 bytes, new threshold 15 (max 15)
- age   1:        248 bytes,        248 total
- age   7:         16 bytes,        264 total
- age  13:         16 bytes,        280 total
: 850K->0K(960K), 0.0010417 secs] 8377K->7599K(10176K), 0.0013353 secs] [Times: user=0.00 sys=0.00, real=0.00 secs] 
2019-01-02T11:12:53.482+0530: 841.384: [GC (Allocation Failure) 2019-01-02T11:12:53.482+0530: 841.385: [DefNew
Desired survivor size 32768 bytes, new threshold 15 (max 15)
- age   2:        184 bytes,        184 total
- age   8:         16 bytes,        200 total
- age  14:         16 bytes,        216 total
: 896K->0K(960K), 0.0006192 secs] 8495K->7887K(10176K), 0.0007526 secs] [Times: user=0.00 sys=0.00, real=0.00 secs] 
2019-01-02T11:12:53.484+0530: 841.387: [GC (Allocation Failure) 2019-01-02T11:12:53.484+0530: 841.387: [DefNew
Desired survivor size 32768 bytes, new threshold 15 (max 15)
- age   1:         40 bytes,         40 total
- age   3:        184 bytes,        224 total
- age   9:         16 bytes,        240 total
- age  15:         16 bytes,        256 total
: 896K->0K(960K), 0.0010759 secs] 8783K->8463K(10176K), 0.0011734 secs] [Times: user=0.00 sys=0.00, real=0.00 secs] 
2019-01-02T11:12:53.487+0530: 841.389: [GC (Allocation Failure) 2019-01-02T11:12:53.487+0530: 841.389: [DefNew
Desired survivor size 32768 bytes, new threshold 15 (max 15)
- age   1:         24 bytes,         24 total
- age   4:        184 bytes,        208 total
- age  10:         16 bytes,        224 total
: 446K->0K(960K), 0.0003010 secs] 8910K->8463K(10176K), 0.0003957 secs] [Times: user=0.00 sys=0.00, real=0.00 secs] 
2019-01-02T11:12:53.487+0530: 841.390: [GC (Allocation Failure) 2019-01-02T11:12:53.487+0530: 841.390: [DefNew
Desired survivor size 32768 bytes, new threshold 15 (max 15)
- age   2:         24 bytes,         24 total
- age   5:        184 bytes,        208 total
- age  11:         16 bytes,        224 total
: 495K->0K(960K), 0.0003415 secs] 8958K->8958K(10176K), 0.0004139 secs] [Times: user=0.00 sys=0.00, real=0.00 secs] 
2019-01-02T11:12:53.488+0530: 841.391: [GC (Allocation Failure) 2019-01-02T11:12:53.488+0530: 841.391: [DefNew: 512K->512K(960K), 0.0000291 secs]2019-01-02T11:12:53.488+0530: 841.391: [Tenured: 8958K->1255K(9216K), 0.0036895 secs] 9471K->1255K(10176K), [Metaspace: 2520K->2520K(1056768K)], 0.0038412 secs] [Times: user=0.01 sys=0.00, real=0.00 secs] 
2019-01-02T11:12:53.549+0530: 841.452: [GC (Allocation Failure) 2019-01-02T11:12:53.549+0530: 841.452: [DefNew
Desired survivor size 32768 bytes, new threshold 15 (max 15)
- age   1:        248 bytes,        248 total
: 850K->0K(960K), 0.0007372 secs] 2106K->1823K(10176K), 0.0009265 secs] [Times: user=0.00 sys=0.00, real=0.00 secs] 
2019-01-02T11:12:53.552+0530: 841.454: [GC (Allocation Failure) 2019-01-02T11:12:53.552+0530: 841.454: [DefNew
Desired survivor size 32768 bytes, new threshold 15 (max 15)
- age   1:         40 bytes,         40 total
- age   2:        184 bytes,        224 total
: 896K->0K(960K), 0.0008455 secs] 2719K->2110K(10176K), 0.0010765 secs] [Times: user=0.00 sys=0.00, real=0.00 secs] 
2019-01-02T11:12:53.554+0530: 841.457: [GC (Allocation Failure) 2019-01-02T11:12:53.555+0530: 841.457: [DefNew
Desired survivor size 32768 bytes, new threshold 15 (max 15)
- age   1:         40 bytes,         40 total
- age   3:        184 bytes,        224 total
: 896K->0K(960K), 0.0010143 secs] 3006K->2687K(10176K), 0.0012173 secs] [Times: user=0.00 sys=0.00, real=0.00 secs] 
2019-01-02T11:12:53.557+0530: 841.459: [GC (Allocation Failure) 2019-01-02T11:12:53.557+0530: 841.459: [DefNew
Desired survivor size 32768 bytes, new threshold 15 (max 15)
- age   1:         24 bytes,         24 total
- age   4:        184 bytes,        208 total
: 445K->0K(960K), 0.0002611 secs] 3132K->2686K(10176K), 0.0003364 secs] [Times: user=0.00 sys=0.00, real=0.00 secs] 
2019-01-02T11:12:53.557+0530: 841.460: [GC (Allocation Failure) 2019-01-02T11:12:53.558+0530: 841.460: [DefNew
Desired survivor size 32768 bytes, new threshold 15 (max 15)
- age   2:         24 bytes,         24 total
- age   5:        184 bytes,        208 total
: 495K->0K(960K), 0.0003313 secs] 3181K->3181K(10176K), 0.0004042 secs] [Times: user=0.00 sys=0.00, real=0.00 secs] 
2019-01-02T11:12:53.558+0530: 841.461: [GC (Allocation Failure) 2019-01-02T11:12:53.558+0530: 841.461: [DefNew
Desired survivor size 32768 bytes, new threshold 15 (max 15)
- age   1:         24 bytes,         24 total
- age   6:         72 bytes,         96 total
: 512K->0K(960K), 0.0003324 secs] 3694K->3676K(10176K), 0.0004048 secs] [Times: user=0.00 sys=0.00, real=0.00 secs] 
2019-01-02T11:12:53.617+0530: 841.519: [GC (Allocation Failure) 2019-01-02T11:12:53.617+0530: 841.520: [DefNew
Desired survivor size 32768 bytes, new threshold 15 (max 15)
- age   1:        248 bytes,        248 total
- age   7:         16 bytes,        264 total
: 850K->0K(960K), 0.0006374 secs] 4526K->3748K(10176K), 0.0008113 secs] [Times: user=0.00 sys=0.00, real=0.00 secs] 
2019-01-02T11:12:53.619+0530: 841.522: [GC (Allocation Failure) 2019-01-02T11:12:53.619+0530: 841.522: [DefNew
Desired survivor size 32768 bytes, new threshold 15 (max 15)
- age   2:        184 bytes,        184 total
- age   8:         16 bytes,        200 total
: 896K->0K(960K), 0.0008518 secs] 4644K->4036K(10176K), 0.0010890 secs] [Times: user=0.00 sys=0.00, real=0.00 secs] 
2019-01-02T11:12:53.622+0530: 841.525: [GC (Allocation Failure) 2019-01-02T11:12:53.622+0530: 841.525: [DefNew
Desired survivor size 32768 bytes, new threshold 15 (max 15)
- age   1:         40 bytes,         40 total
- age   3:        184 bytes,        224 total
- age   9:         16 bytes,        240 total
: 896K->0K(960K), 0.0012190 secs] 4932K->4612K(10176K), 0.0014807 secs] [Times: user=0.00 sys=0.00, real=0.00 secs] 
2019-01-02T11:12:53.625+0530: 841.528: [GC (Allocation Failure) 2019-01-02T11:12:53.625+0530: 841.528: [DefNew
Desired survivor size 32768 bytes, new threshold 15 (max 15)
- age   1:         24 bytes,         24 total
- age   4:        184 bytes,        208 total
- age  10:         16 bytes,        224 total
: 446K->0K(960K), 0.0005228 secs] 5059K->4612K(10176K), 0.0006631 secs] [Times: user=0.00 sys=0.00, real=0.00 secs] 
2019-01-02T11:12:53.627+0530: 841.529: [GC (Allocation Failure) 2019-01-02T11:12:53.627+0530: 841.529: [DefNew
Desired survivor size 32768 bytes, new threshold 15 (max 15)
- age   2:         24 bytes,         24 total
- age   5:        184 bytes,        208 total
- age  11:         16 bytes,        224 total
: 495K->0K(960K), 0.0004236 secs] 5107K->5107K(10176K), 0.0005291 secs] [Times: user=0.00 sys=0.00, real=0.00 secs] 
2019-01-02T11:12:53.628+0530: 841.530: [GC (Allocation Failure) 2019-01-02T11:12:53.628+0530: 841.530: [DefNew
Desired survivor size 32768 bytes, new threshold 15 (max 15)
- age   1:         24 bytes,         24 total
- age   6:         72 bytes,         96 total
- age  12:         16 bytes,        112 total
: 512K->0K(960K), 0.0003341 secs] 5620K->5602K(10176K), 0.0004151 secs] [Times: user=0.00 sys=0.00, real=0.00 secs] 
2019-01-02T11:12:53.685+0530: 841.587: [GC (Allocation Failure) 2019-01-02T11:12:53.685+0530: 841.587: [DefNew
Desired survivor size 32768 bytes, new threshold 15 (max 15)
- age   1:        248 bytes,        248 total
- age   7:         16 bytes,        264 total
- age  13:         16 bytes,        280 total
: 850K->0K(960K), 0.0007788 secs] 6453K->5674K(10176K), 0.0010377 secs] [Times: user=0.00 sys=0.00, real=0.00 secs] 
2019-01-02T11:12:53.688+0530: 841.590: [GC (Allocation Failure) 2019-01-02T11:12:53.688+0530: 841.590: [DefNew
Desired survivor size 32768 bytes, new threshold 15 (max 15)
- age   1:         40 bytes,         40 total
- age   2:        184 bytes,        224 total
- age   8:         16 bytes,        240 total
- age  14:         16 bytes,        256 total
: 896K->0K(960K), 0.0010023 secs] 6570K->5962K(10176K), 0.0012002 secs] [Times: user=0.00 sys=0.00, real=0.00 secs] 
2019-01-02T11:12:53.690+0530: 841.593: [GC (Allocation Failure) 2019-01-02T11:12:53.690+0530: 841.593: [DefNew
Desired survivor size 32768 bytes, new threshold 15 (max 15)
- age   1:         40 bytes,         40 total
- age   3:        184 bytes,        224 total
- age   9:         16 bytes,        240 total
- age  15:         16 bytes,        256 total
: 896K->0K(960K), 0.0007977 secs] 6858K->6538K(10176K), 0.0009830 secs] [Times: user=0.00 sys=0.00, real=0.00 secs] 
2019-01-02T11:12:53.693+0530: 841.595: [GC (Allocation Failure) 2019-01-02T11:12:53.693+0530: 841.595: [DefNew
Desired survivor size 32768 bytes, new threshold 15 (max 15)
- age   1:         24 bytes,         24 total
- age   4:        184 bytes,        208 total
- age  10:         16 bytes,        224 total
: 445K->0K(960K), 0.0002497 secs] 6984K->6538K(10176K), 0.0003233 secs] [Times: user=0.00 sys=0.00, real=0.00 secs] 
2019-01-02T11:12:53.693+0530: 841.596: [GC (Allocation Failure) 2019-01-02T11:12:53.693+0530: 841.596: [DefNew
Desired survivor size 32768 bytes, new threshold 15 (max 15)
- age   2:         24 bytes,         24 total
- age   5:        184 bytes,        208 total
- age  11:         16 bytes,        224 total
: 495K->0K(960K), 0.0003267 secs] 7033K->7033K(10176K), 0.0003980 secs] [Times: user=0.01 sys=0.00, real=0.00 secs] 
2019-01-02T11:12:53.694+0530: 841.597: [GC (Allocation Failure) 2019-01-02T11:12:53.694+0530: 841.597: [DefNew
Desired survivor size 32768 bytes, new threshold 15 (max 15)
- age   1:         24 bytes,         24 total
- age   6:         72 bytes,         96 total
- age  12:         16 bytes,        112 total
: 512K->0K(960K), 0.0003062 secs] 7546K->7528K(10176K), 0.0003854 secs] [Times: user=0.00 sys=0.00, real=0.00 secs] 
2019-01-02T11:12:53.752+0530: 841.654: [GC (Allocation Failure) 2019-01-02T11:12:53.752+0530: 841.655: [DefNew
Desired survivor size 32768 bytes, new threshold 15 (max 15)
- age   1:        248 bytes,        248 total
- age   7:         16 bytes,        264 total
- age  13:         16 bytes,        280 total
: 850K->0K(960K), 0.0007423 secs] 8378K->7600K(10176K), 0.0009459 secs] [Times: user=0.00 sys=0.00, real=0.00 secs] 
2019-01-02T11:12:53.754+0530: 841.657: [GC (Allocation Failure) 2019-01-02T11:12:53.755+0530: 841.657: [DefNew
Desired survivor size 32768 bytes, new threshold 15 (max 15)
- age   2:        184 bytes,        184 total
- age   8:         16 bytes,        200 total
- age  14:         16 bytes,        216 total
: 896K->0K(960K), 0.0009955 secs] 8496K->7888K(10176K), 0.0012156 secs] [Times: user=0.00 sys=0.00, real=0.00 secs] 
2019-01-02T11:12:53.757+0530: 841.660: [GC (Allocation Failure) 2019-01-02T11:12:53.757+0530: 841.660: [DefNew
Desired survivor size 32768 bytes, new threshold 15 (max 15)
- age   1:         40 bytes,         40 total
- age   3:        184 bytes,        224 total
- age   9:         16 bytes,        240 total
- age  15:         16 bytes,        256 total
: 896K->0K(960K), 0.0010103 secs] 8784K->8464K(10176K), 0.0011728 secs] [Times: user=0.00 sys=0.00, real=0.00 secs] 
2019-01-02T11:12:53.760+0530: 841.662: [GC (Allocation Failure) 2019-01-02T11:12:53.760+0530: 841.662: [DefNew
Desired survivor size 32768 bytes, new threshold 15 (max 15)
- age   1:         24 bytes,         24 total
- age   4:        184 bytes,        208 total
- age  10:         16 bytes,        224 total
: 446K->0K(960K), 0.0002777 secs] 8910K->8464K(10176K), 0.0003683 secs] [Times: user=0.00 sys=0.00, real=0.00 secs] 
2019-01-02T11:12:53.760+0530: 841.663: [GC (Allocation Failure) 2019-01-02T11:12:53.761+0530: 841.663: [DefNew
Desired survivor size 32768 bytes, new threshold 15 (max 15)
- age   2:         24 bytes,         24 total
- age   5:        184 bytes,        208 total
- age  11:         16 bytes,        224 total
: 495K->0K(960K), 0.0003347 secs] 8959K->8959K(10176K), 0.0004088 secs] [Times: user=0.00 sys=0.00, real=0.00 secs] 
2019-01-02T11:12:53.761+0530: 841.664: [GC (Allocation Failure) 2019-01-02T11:12:53.761+0530: 841.664: [DefNew: 513K->513K(960K), 0.0000285 secs]2019-01-02T11:12:53.761+0530: 841.664: [Tenured: 8959K->1255K(9216K), 0.0053401 secs] 9472K->1255K(10176K), [Metaspace: 2520K->2520K(1056768K)], 0.0055585 secs] [Times: user=0.00 sys=0.00, real=0.01 secs] 
2019-01-02T11:12:53.818+0530: 841.721: [GC (Allocation Failure) 2019-01-02T11:12:53.818+0530: 841.721: [DefNew
Desired survivor size 32768 bytes, new threshold 15 (max 15)
- age   1:        248 bytes,        248 total
: 850K->0K(960K), 0.0008889 secs] 2106K->1823K(10176K), 0.0012076 secs] [Times: user=0.00 sys=0.00, real=0.00 secs] 
2019-01-02T11:12:53.821+0530: 841.724: [GC (Allocation Failure) 2019-01-02T11:12:53.821+0530: 841.724: [DefNew
Desired survivor size 32768 bytes, new threshold 15 (max 15)
- age   1:         40 bytes,         40 total
- age   2:        184 bytes,        224 total
: 896K->0K(960K), 0.0008073 secs] 2719K->2111K(10176K), 0.0010873 secs] [Times: user=0.00 sys=0.00, real=0.00 secs] 
2019-01-02T11:12:53.824+0530: 841.726: [GC (Allocation Failure) 2019-01-02T11:12:53.824+0530: 841.726: [DefNew
Desired survivor size 32768 bytes, new threshold 15 (max 15)
- age   1:         40 bytes,         40 total
- age   3:        184 bytes,        224 total
: 896K->0K(960K), 0.0010365 secs] 3007K->2687K(10176K), 0.0011717 secs] [Times: user=0.00 sys=0.00, real=0.00 secs] 
2019-01-02T11:12:53.826+0530: 841.729: [GC (Allocation Failure) 2019-01-02T11:12:53.826+0530: 841.729: [DefNew
Desired survivor size 32768 bytes, new threshold 15 (max 15)
- age   1:         24 bytes,         24 total
- age   4:        184 bytes,        208 total
: 445K->0K(960K), 0.0003244 secs] 3132K->2687K(10176K), 0.0004481 secs] [Times: user=0.00 sys=0.00, real=0.00 secs] 
2019-01-02T11:12:53.827+0530: 841.730: [GC (Allocation Failure) 2019-01-02T11:12:53.827+0530: 841.730: [DefNew
Desired survivor size 32768 bytes, new threshold 15 (max 15)
- age   2:         24 bytes,         24 total
- age   5:        184 bytes,        208 total
: 495K->0K(960K), 0.0003159 secs] 3182K->3182K(10176K), 0.0003883 secs] [Times: user=0.00 sys=0.00, real=0.00 secs] 
2019-01-02T11:12:53.828+0530: 841.730: [GC (Allocation Failure) 2019-01-02T11:12:53.828+0530: 841.730: [DefNew
Desired survivor size 32768 bytes, new threshold 15 (max 15)
- age   1:         24 bytes,         24 total
- age   6:         72 bytes,         96 total
: 513K->0K(960K), 0.0003090 secs] 3694K->3677K(10176K), 0.0003803 secs] [Times: user=0.00 sys=0.00, real=0.00 secs] 
2019-01-02T11:12:53.884+0530: 841.787: [GC (Allocation Failure) 2019-01-02T11:12:53.884+0530: 841.787: [DefNew
Desired survivor size 32768 bytes, new threshold 15 (max 15)
- age   1:        248 bytes,        248 total
- age   7:         16 bytes,        264 total
: 850K->0K(960K), 0.0004881 secs] 4527K->3749K(10176K), 0.0007241 secs] [Times: user=0.00 sys=0.00, real=0.00 secs] 
2019-01-02T11:12:53.886+0530: 841.789: [GC (Allocation Failure) 2019-01-02T11:12:53.886+0530: 841.789: [DefNew
Desired survivor size 32768 bytes, new threshold 15 (max 15)
- age   2:        184 bytes,        184 total
- age   8:         16 bytes,        200 total
: 896K->0K(960K), 0.0006802 secs] 4645K->4037K(10176K), 0.0007748 secs] [Times: user=0.00 sys=0.00, real=0.00 secs] 
2019-01-02T11:12:53.888+0530: 841.791: [GC (Allocation Failure) 2019-01-02T11:12:53.889+0530: 841.791: [DefNew
Desired survivor size 32768 bytes, new threshold 15 (max 15)
- age   1:         40 bytes,         40 total
- age   3:        184 bytes,        224 total
- age   9:         16 bytes,        240 total
: 896K->0K(960K), 0.0006927 secs] 4933K->4613K(10176K), 0.0008832 secs] [Times: user=0.00 sys=0.00, real=0.00 secs] 
2019-01-02T11:12:53.891+0530: 841.793: [GC (Allocation Failure) 2019-01-02T11:12:53.891+0530: 841.793: [DefNew
Desired survivor size 32768 bytes, new threshold 15 (max 15)
- age   1:         24 bytes,         24 total
- age   4:        184 bytes,        208 total
- age  10:         16 bytes,        224 total
: 446K->0K(960K), 0.0006437 secs] 5059K->4613K(10176K), 0.0008176 secs] [Times: user=0.00 sys=0.00, real=0.00 secs] 
2019-01-02T11:12:53.892+0530: 841.795: [GC (Allocation Failure) 2019-01-02T11:12:53.892+0530: 841.795: [DefNew
Desired survivor size 32768 bytes, new threshold 15 (max 15)
- age   2:         24 bytes,         24 total
- age   5:        184 bytes,        208 total
- age  11:         16 bytes,        224 total
: 495K->0K(960K), 0.0003449 secs] 5108K->5108K(10176K), 0.0004236 secs] [Times: user=0.00 sys=0.00, real=0.00 secs] 
2019-01-02T11:12:53.893+0530: 841.796: [GC (Allocation Failure) 2019-01-02T11:12:53.893+0530: 841.796: [DefNew
Desired survivor size 32768 bytes, new threshold 15 (max 15)
- age   1:         24 bytes,         24 total
- age   6:         72 bytes,         96 total
- age  12:         16 bytes,        112 total
: 513K->0K(960K), 0.0003147 secs] 5620K->5603K(10176K), 0.0003860 secs] [Times: user=0.00 sys=0.00, real=0.00 secs] 
2019-01-02T11:12:53.950+0530: 841.853: [GC (Allocation Failure) 2019-01-02T11:12:53.950+0530: 841.853: [DefNew
Desired survivor size 32768 bytes, new threshold 15 (max 15)
- age   1:        248 bytes,        248 total
- age   7:         16 bytes,        264 total
- age  13:         16 bytes,        280 total
: 850K->0K(960K), 0.0008113 secs] 6453K->5675K(10176K), 0.0011876 secs] [Times: user=0.00 sys=0.00, real=0.00 secs] 
2019-01-02T11:12:53.953+0530: 841.855: [GC (Allocation Failure) 2019-01-02T11:12:53.953+0530: 841.856: [DefNew
Desired survivor size 32768 bytes, new threshold 15 (max 15)
- age   1:         40 bytes,         40 total
- age   2:        184 bytes,        224 total
- age   8:         16 bytes,        240 total
- age  14:         16 bytes,        256 total
: 896K->0K(960K), 0.0007093 secs] 6571K->5963K(10176K), 0.0008803 secs] [Times: user=0.00 sys=0.00, real=0.00 secs] 
2019-01-02T11:12:53.955+0530: 841.858: [GC (Allocation Failure) 2019-01-02T11:12:53.956+0530: 841.858: [DefNew
Desired survivor size 32768 bytes, new threshold 15 (max 15)
- age   1:         40 bytes,         40 total
- age   3:        184 bytes,        224 total
- age   9:         16 bytes,        240 total
- age  15:         16 bytes,        256 total
: 896K->0K(960K), 0.0005268 secs] 6859K->6539K(10176K), 0.0007070 secs] [Times: user=0.00 sys=0.00, real=0.00 secs] 
2019-01-02T11:12:53.957+0530: 841.860: [GC (Allocation Failure) 2019-01-02T11:12:53.957+0530: 841.860: [DefNew
Desired survivor size 32768 bytes, new threshold 15 (max 15)
- age   1:         24 bytes,         24 total
- age   4:        184 bytes,        208 total
- age  10:         16 bytes,        224 total
: 463K->0K(960K), 0.0002640 secs] 7002K->6539K(10176K), 0.0003381 secs] [Times: user=0.00 sys=0.00, real=0.00 secs] 
2019-01-02T11:12:53.958+0530: 841.861: [GC (Allocation Failure) 2019-01-02T11:12:53.958+0530: 841.861: [DefNew
Desired survivor size 32768 bytes, new threshold 15 (max 15)
- age   2:         24 bytes,         24 total
- age   5:        184 bytes,        208 total
- age  11:         16 bytes,        224 total
: 495K->0K(960K), 0.0003330 secs] 7034K->7034K(10176K), 0.0004065 secs] [Times: user=0.00 sys=0.00, real=0.00 secs] 
2019-01-02T11:12:53.959+0530: 841.861: [GC (Allocation Failure) 2019-01-02T11:12:53.959+0530: 841.861: [DefNew
Desired survivor size 32768 bytes, new threshold 15 (max 15)
- age   1:         24 bytes,         24 total
- age   6:         72 bytes,         96 total
- age  12:         16 bytes,        112 total
: 512K->0K(960K), 0.0003318 secs] 7546K->7529K(10176K), 0.0004048 secs] [Times: user=0.00 sys=0.00, real=0.00 secs] 
2019-01-02T11:12:54.015+0530: 841.918: [GC (Allocation Failure) 2019-01-02T11:12:54.016+0530: 841.918: [DefNew
Desired survivor size 32768 bytes, new threshold 15 (max 15)
- age   1:        248 bytes,        248 total
- age   7:         16 bytes,        264 total
- age  13:         16 bytes,        280 total
: 866K->0K(960K), 0.0008398 secs] 8395K->7601K(10176K), 0.0012258 secs] [Times: user=0.00 sys=0.00, real=0.00 secs] 
2019-01-02T11:12:54.019+0530: 841.921: [GC (Allocation Failure) 2019-01-02T11:12:54.019+0530: 841.921: [DefNew
Desired survivor size 32768 bytes, new threshold 15 (max 15)
- age   2:        184 bytes,        184 total
- age   8:         16 bytes,        200 total
- age  14:         16 bytes,        216 total
: 896K->0K(960K), 0.0007047 secs] 8497K->7889K(10176K), 0.0008609 secs] [Times: user=0.00 sys=0.00, real=0.00 secs] 
2019-01-02T11:12:54.021+0530: 841.924: [GC (Allocation Failure) 2019-01-02T11:12:54.021+0530: 841.924: [DefNew
Desired survivor size 32768 bytes, new threshold 15 (max 15)
- age   3:        184 bytes,        184 total
- age   9:         16 bytes,        200 total
- age  15:         16 bytes,        216 total
: 896K->0K(960K), 0.0013005 secs] 8785K->8465K(10176K), 0.0015081 secs] [Times: user=0.00 sys=0.02, real=0.00 secs] 
2019-01-02T11:12:54.024+0530: 841.927: [GC (Allocation Failure) 2019-01-02T11:12:54.024+0530: 841.927: [DefNew
Desired survivor size 32768 bytes, new threshold 15 (max 15)
- age   1:         24 bytes,         24 total
- age   4:        184 bytes,        208 total
- age  10:         16 bytes,        224 total
: 462K->0K(960K), 0.0004630 secs] 8927K->8465K(10176K), 0.0006112 secs] [Times: user=0.00 sys=0.00, real=0.00 secs] 
2019-01-02T11:12:54.025+0530: 841.928: [GC (Allocation Failure) 2019-01-02T11:12:54.025+0530: 841.928: [DefNew
Desired survivor size 32768 bytes, new threshold 15 (max 15)
- age   2:         24 bytes,         24 total
- age   5:        184 bytes,        208 total
- age  11:         16 bytes,        224 total
: 495K->0K(960K), 0.0003427 secs] 8960K->8960K(10176K), 0.0004242 secs] [Times: user=0.00 sys=0.00, real=0.00 secs] 
2019-01-02T11:12:54.026+0530: 841.928: [GC (Allocation Failure) 2019-01-02T11:12:54.026+0530: 841.929: [DefNew: 512K->512K(960K), 0.0000285 secs]2019-01-02T11:12:54.026+0530: 841.929: [Tenured: 8960K->1256K(9216K), 0.0036638 secs] 9472K->1256K(10176K), [Metaspace: 2520K->2520K(1056768K)], 0.0038132 secs] [Times: user=0.00 sys=0.00, real=0.00 secs] 
2019-01-02T11:12:54.085+0530: 841.988: [GC (Allocation Failure) 2019-01-02T11:12:54.085+0530: 841.988: [DefNew
Desired survivor size 32768 bytes, new threshold 15 (max 15)
- age   1:        248 bytes,        248 total
: 866K->0K(960K), 0.0007845 secs] 2122K->1823K(10176K), 0.0011249 secs] [Times: user=0.00 sys=0.00, real=0.00 secs] 
2019-01-02T11:12:54.088+0530: 841.990: [GC (Allocation Failure) 2019-01-02T11:12:54.088+0530: 841.990: [DefNew
Desired survivor size 32768 bytes, new threshold 15 (max 15)
- age   1:         40 bytes,         40 total
- age   2:        184 bytes,        224 total
: 896K->0K(960K), 0.0008507 secs] 2719K->2111K(10176K), 0.0010462 secs] [Times: user=0.00 sys=0.00, real=0.00 secs] 
2019-01-02T11:12:54.090+0530: 841.993: [GC (Allocation Failure) 2019-01-02T11:12:54.090+0530: 841.993: [DefNew
Desired survivor size 32768 bytes, new threshold 15 (max 15)
- age   3:        184 bytes,        184 total
: 896K->0K(960K), 0.0011118 secs] 3007K->2687K(10176K), 0.0013011 secs] [Times: user=0.00 sys=0.00, real=0.00 secs] 
2019-01-02T11:12:54.093+0530: 841.996: [GC (Allocation Failure) 2019-01-02T11:12:54.093+0530: 841.996: [DefNew
Desired survivor size 32768 bytes, new threshold 15 (max 15)
- age   1:         24 bytes,         24 total
- age   4:        184 bytes,        208 total
: 462K->0K(960K), 0.0002971 secs] 3149K->2687K(10176K), 0.0003883 secs] [Times: user=0.00 sys=0.00, real=0.00 secs] 
2019-01-02T11:12:54.094+0530: 841.996: [GC (Allocation Failure) 2019-01-02T11:12:54.094+0530: 841.997: [DefNew
Desired survivor size 32768 bytes, new threshold 15 (max 15)
- age   2:         24 bytes,         24 total
- age   5:        184 bytes,        208 total
: 495K->0K(960K), 0.0003461 secs] 3182K->3182K(10176K), 0.0004179 secs] [Times: user=0.00 sys=0.00, real=0.00 secs] 
2019-01-02T11:12:54.095+0530: 841.997: [GC (Allocation Failure) 2019-01-02T11:12:54.095+0530: 841.997: [DefNew
Desired survivor size 32768 bytes, new threshold 15 (max 15)
- age   1:         24 bytes,         24 total
- age   6:         72 bytes,         96 total
: 512K->0K(960K), 0.0003290 secs] 3695K->3677K(10176K), 0.0004008 secs] [Times: user=0.00 sys=0.00, real=0.00 secs] 
2019-01-02T11:12:54.154+0530: 842.056: [GC (Allocation Failure) 2019-01-02T11:12:54.154+0530: 842.056: [DefNew
Desired survivor size 32768 bytes, new threshold 15 (max 15)
- age   1:        248 bytes,        248 total
- age   7:         16 bytes,        264 total
: 866K->0K(960K), 0.0007566 secs] 4543K->3749K(10176K), 0.0009550 secs] [Times: user=0.00 sys=0.00, real=0.00 secs] 
2019-01-02T11:12:54.156+0530: 842.058: [GC (Allocation Failure) 2019-01-02T11:12:54.156+0530: 842.059: [DefNew
Desired survivor size 32768 bytes, new threshold 15 (max 15)
- age   1:         40 bytes,         40 total
- age   2:        184 bytes,        224 total
- age   8:         16 bytes,        240 total
: 896K->0K(960K), 0.0011375 secs] 4645K->4037K(10176K), 0.0013125 secs] [Times: user=0.00 sys=0.00, real=0.00 secs] 
2019-01-02T11:12:54.159+0530: 842.061: [GC (Allocation Failure) 2019-01-02T11:12:54.159+0530: 842.061: [DefNew
Desired survivor size 32768 bytes, new threshold 15 (max 15)
- age   3:        184 bytes,        184 total
- age   9:         16 bytes,        200 total
: 896K->0K(960K), 0.0010109 secs] 4933K->4613K(10176K), 0.0011842 secs] [Times: user=0.00 sys=0.00, real=0.00 secs] 
2019-01-02T11:12:54.162+0530: 842.064: [GC (Allocation Failure) 2019-01-02T11:12:54.162+0530: 842.064: [DefNew
Desired survivor size 32768 bytes, new threshold 15 (max 15)
- age   1:         24 bytes,         24 total
- age   4:        184 bytes,        208 total
- age  10:         16 bytes,        224 total
: 462K->0K(960K), 0.0002663 secs] 5075K->4613K(10176K), 0.0003529 secs] [Times: user=0.01 sys=0.00, real=0.00 secs] 
2019-01-02T11:12:54.163+0530: 842.065: [GC (Allocation Failure) 2019-01-02T11:12:54.163+0530: 842.065: [DefNew
Desired survivor size 32768 bytes, new threshold 15 (max 15)
- age   2:         24 bytes,         24 total
- age   5:        184 bytes,        208 total
- age  11:         16 bytes,        224 total
: 495K->0K(960K), 0.0003375 secs] 5108K->5108K(10176K), 0.0004082 secs] [Times: user=0.00 sys=0.00, real=0.00 secs] 
2019-01-02T11:12:54.163+0530: 842.065: [GC (Allocation Failure) 2019-01-02T11:12:54.163+0530: 842.065: [DefNew
Desired survivor size 32768 bytes, new threshold 15 (max 15)
- age   1:         24 bytes,         24 total
- age   6:         72 bytes,         96 total
- age  12:         16 bytes,        112 total
: 512K->0K(960K), 0.0003518 secs] 5621K->5603K(10176K), 0.0004248 secs] [Times: user=0.00 sys=0.00, real=0.00 secs] 
2019-01-02T11:12:54.219+0530: 842.121: [GC (Allocation Failure) 2019-01-02T11:12:54.219+0530: 842.121: [DefNew
Desired survivor size 32768 bytes, new threshold 15 (max 15)
- age   1:        248 bytes,        248 total
- age   7:         16 bytes,        264 total
- age  13:         16 bytes,        280 total
: 866K->0K(960K), 0.0006038 secs] 6469K->5675K(10176K), 0.0007720 secs] [Times: user=0.00 sys=0.00, real=0.00 secs] 
2019-01-02T11:12:54.222+0530: 842.124: [GC (Allocation Failure) 2019-01-02T11:12:54.222+0530: 842.124: [DefNew
Desired survivor size 32768 bytes, new threshold 15 (max 15)
- age   1:         40 bytes,         40 total
- age   2:        184 bytes,        224 total
- age   8:         16 bytes,        240 total
- age  14:         16 bytes,        256 total
: 896K->0K(960K), 0.0011289 secs] 6571K->5963K(10176K), 0.0013484 secs] [Times: user=0.00 sys=0.00, real=0.00 secs] 
2019-01-02T11:12:54.225+0530: 842.127: [GC (Allocation Failure) 2019-01-02T11:12:54.225+0530: 842.127: [DefNew
Desired survivor size 32768 bytes, new threshold 15 (max 15)
- age   3:        184 bytes,        184 total
- age   9:         16 bytes,        200 total
- age  15:         16 bytes,        216 total
: 896K->0K(960K), 0.0010160 secs] 6859K->6539K(10176K), 0.0012253 secs] [Times: user=0.00 sys=0.00, real=0.00 secs] 
2019-01-02T11:12:54.227+0530: 842.130: [GC (Allocation Failure) 2019-01-02T11:12:54.228+0530: 842.130: [DefNew
Desired survivor size 32768 bytes, new threshold 15 (max 15)
- age   1:         24 bytes,         24 total
- age   4:        184 bytes,        208 total
- age  10:         16 bytes,        224 total
: 462K->0K(960K), 0.0002999 secs] 7001K->6539K(10176K), 0.0003906 secs] [Times: user=0.00 sys=0.00, real=0.00 secs] 
2019-01-02T11:12:54.228+0530: 842.130: [GC (Allocation Failure) 2019-01-02T11:12:54.228+0530: 842.130: [DefNew
Desired survivor size 32768 bytes, new threshold 15 (max 15)
- age   2:         24 bytes,         24 total
- age   5:        184 bytes,        208 total
- age  11:         16 bytes,        224 total
: 495K->0K(960K), 0.0003449 secs] 7034K->7034K(10176K), 0.0004174 secs] [Times: user=0.00 sys=0.00, real=0.00 secs] 
2019-01-02T11:12:54.229+0530: 842.131: [GC (Allocation Failure) 2019-01-02T11:12:54.229+0530: 842.131: [DefNew
Desired survivor size 32768 bytes, new threshold 15 (max 15)
- age   1:         24 bytes,         24 total
- age   6:         72 bytes,         96 total
- age  12:         16 bytes,        112 total
: 512K->0K(960K), 0.0003273 secs] 7547K->7529K(10176K), 0.0003974 secs] [Times: user=0.00 sys=0.00, real=0.00 secs] 
2019-01-02T11:12:54.285+0530: 842.187: [GC (Allocation Failure) 2019-01-02T11:12:54.285+0530: 842.188: [DefNew
Desired survivor size 32768 bytes, new threshold 15 (max 15)
- age   1:        248 bytes,        248 total
- age   7:         16 bytes,        264 total
- age  13:         16 bytes,        280 total
: 866K->0K(960K), 0.0009983 secs] 8395K->7602K(10176K), 0.0013188 secs] [Times: user=0.00 sys=0.02, real=0.00 secs] 
2019-01-02T11:12:54.288+0530: 842.190: [GC (Allocation Failure) 2019-01-02T11:12:54.288+0530: 842.190: [DefNew
Desired survivor size 32768 bytes, new threshold 15 (max 15)
- age   1:         40 bytes,         40 total
- age   2:        184 bytes,        224 total
- age   8:         16 bytes,        240 total
- age  14:         16 bytes,        256 total
: 896K->0K(960K), 0.0007623 secs] 8498K->7890K(10176K), 0.0008735 secs] [Times: user=0.00 sys=0.00, real=0.00 secs] 
2019-01-02T11:12:54.291+0530: 842.193: [GC (Allocation Failure) 2019-01-02T11:12:54.291+0530: 842.193: [DefNew
Desired survivor size 32768 bytes, new threshold 15 (max 15)
- age   3:        184 bytes,        184 total
- age   9:         16 bytes,        200 total
- age  15:         16 bytes,        216 total
: 896K->0K(960K), 0.0008552 secs] 8786K->8465K(10176K), 0.0011124 secs] [Times: user=0.00 sys=0.00, real=0.00 secs] 
2019-01-02T11:12:54.294+0530: 842.196: [GC (Allocation Failure) 2019-01-02T11:12:54.294+0530: 842.196: [DefNew
Desired survivor size 32768 bytes, new threshold 15 (max 15)
- age   1:         24 bytes,         24 total
- age   4:        184 bytes,        208 total
- age  10:         16 bytes,        224 total
: 462K->0K(960K), 0.0002896 secs] 8927K->8466K(10176K), 0.0003774 secs] [Times: user=0.00 sys=0.00, real=0.00 secs] 
2019-01-02T11:12:54.294+0530: 842.196: [GC (Allocation Failure) 2019-01-02T11:12:54.294+0530: 842.197: [DefNew
Desired survivor size 32768 bytes, new threshold 15 (max 15)
- age   2:         24 bytes,         24 total
- age   5:        184 bytes,        208 total
- age  11:         16 bytes,        224 total
: 495K->0K(960K), 0.0003524 secs] 8961K->8961K(10176K), 0.0004253 secs] [Times: user=0.00 sys=0.00, real=0.00 secs] 
2019-01-02T11:12:54.295+0530: 842.197: [GC (Allocation Failure) 2019-01-02T11:12:54.295+0530: 842.197: [DefNew: 512K->512K(960K), 0.0000291 secs]2019-01-02T11:12:54.295+0530: 842.197: [Tenured: 8960K->1256K(9216K), 0.0037032 secs] 9473K->1256K(10176K), [Metaspace: 2520K->2520K(1056768K)], 0.0038600 secs] [Times: user=0.00 sys=0.00, real=0.00 secs] 
2019-01-02T11:12:54.358+0530: 842.260: [GC (Allocation Failure) 2019-01-02T11:12:54.358+0530: 842.260: [DefNew
Desired survivor size 32768 bytes, new threshold 15 (max 15)
- age   1:        248 bytes,        248 total
: 866K->0K(960K), 0.0009077 secs] 2122K->1823K(10176K), 0.0012806 secs] [Times: user=0.00 sys=0.00, real=0.00 secs] 
2019-01-02T11:12:54.362+0530: 842.264: [GC (Allocation Failure) 2019-01-02T11:12:54.362+0530: 842.264: [DefNew
Desired survivor size 32768 bytes, new threshold 15 (max 15)
- age   1:         40 bytes,         40 total
- age   2:        184 bytes,        224 total
: 896K->0K(960K), 0.0011740 secs] 2719K->2111K(10176K), 0.0013684 secs] [Times: user=0.00 sys=0.00, real=0.00 secs] 
2019-01-02T11:12:54.364+0530: 842.266: [GC (Allocation Failure) 2019-01-02T11:12:54.364+0530: 842.266: [DefNew
Desired survivor size 32768 bytes, new threshold 15 (max 15)
- age   3:        184 bytes,        184 total
: 896K->0K(960K), 0.0004151 secs] 3007K->2687K(10176K), 0.0004863 secs] [Times: user=0.02 sys=0.00, real=0.00 secs] 
2019-01-02T11:12:54.366+0530: 842.268: [GC (Allocation Failure) 2019-01-02T11:12:54.366+0530: 842.268: [DefNew
Desired survivor size 32768 bytes, new threshold 15 (max 15)
- age   1:         24 bytes,         24 total
- age   4:        184 bytes,        208 total
: 462K->0K(960K), 0.0002526 secs] 3149K->2687K(10176K), 0.0003153 secs] [Times: user=0.00 sys=0.00, real=0.00 secs] 
2019-01-02T11:12:54.367+0530: 842.269: [GC (Allocation Failure) 2019-01-02T11:12:54.367+0530: 842.269: [DefNew
Desired survivor size 32768 bytes, new threshold 15 (max 15)
- age   2:         24 bytes,         24 total
- age   5:        184 bytes,        208 total
: 495K->0K(960K), 0.0008701 secs] 3182K->3182K(10176K), 0.0010001 secs] [Times: user=0.00 sys=0.00, real=0.00 secs] 
2019-01-02T11:12:54.369+0530: 842.271: [GC (Allocation Failure) 2019-01-02T11:12:54.369+0530: 842.271: [DefNew
Desired survivor size 32768 bytes, new threshold 15 (max 15)
- age   1:         24 bytes,         24 total
- age   6:         72 bytes,         96 total
: 512K->0K(960K), 0.0006870 secs] 3695K->3677K(10176K), 0.0007686 secs] [Times: user=0.00 sys=0.00, real=0.00 secs] 
2019-01-02T11:12:54.424+0530: 842.326: [GC (Allocation Failure) 2019-01-02T11:12:54.424+0530: 842.326: [DefNew
Desired survivor size 32768 bytes, new threshold 15 (max 15)
- age   1:        248 bytes,        248 total
- age   7:         16 bytes,        264 total
: 866K->0K(960K), 0.0007988 secs] 4543K->3750K(10176K), 0.0011169 secs] [Times: user=0.00 sys=0.00, real=0.00 secs] 
2019-01-02T11:12:54.427+0530: 842.329: [GC (Allocation Failure) 2019-01-02T11:12:54.427+0530: 842.329: [DefNew
Desired survivor size 32768 bytes, new threshold 15 (max 15)
- age   1:         40 bytes,         40 total
- age   2:        184 bytes,        224 total
- age   8:         16 bytes,        240 total
: 896K->0K(960K), 0.0010833 secs] 4646K->4037K(10176K), 0.0012110 secs] [Times: user=0.02 sys=0.00, real=0.00 secs] 
2019-01-02T11:12:54.430+0530: 842.332: [GC (Allocation Failure) 2019-01-02T11:12:54.430+0530: 842.332: [DefNew
Desired survivor size 32768 bytes, new threshold 15 (max 15)
- age   3:        184 bytes,        184 total
- age   9:         16 bytes,        200 total
: 896K->0K(960K), 0.0006129 secs] 4933K->4613K(10176K), 0.0007543 secs] [Times: user=0.00 sys=0.00, real=0.00 secs] 
2019-01-02T11:12:54.431+0530: 842.334: [GC (Allocation Failure) 2019-01-02T11:12:54.431+0530: 842.334: [DefNew
Desired survivor size 32768 bytes, new threshold 15 (max 15)
- age   1:         24 bytes,         24 total
- age   4:        184 bytes,        208 total
- age  10:         16 bytes,        224 total
: 462K->0K(960K), 0.0002435 secs] 5075K->4613K(10176K), 0.0003016 secs] [Times: user=0.00 sys=0.00, real=0.00 secs] 
2019-01-02T11:12:54.432+0530: 842.334: [GC (Allocation Failure) 2019-01-02T11:12:54.432+0530: 842.334: [DefNew
Desired survivor size 32768 bytes, new threshold 15 (max 15)
- age   2:         24 bytes,         24 total
- age   5:        184 bytes,        208 total
- age  11:         16 bytes,        224 total
: 495K->0K(960K), 0.0003079 secs] 5109K->5109K(10176K), 0.0003609 secs] [Times: user=0.00 sys=0.00, real=0.00 secs] 
2019-01-02T11:12:54.433+0530: 842.335: [GC (Allocation Failure) 2019-01-02T11:12:54.433+0530: 842.335: [DefNew
Desired survivor size 32768 bytes, new threshold 15 (max 15)
- age   1:         24 bytes,         24 total
- age   6:         72 bytes,         96 total
- age  12:         16 bytes,        112 total
: 512K->0K(960K), 0.0003005 secs] 5621K->5604K(10176K), 0.0003603 secs] [Times: user=0.00 sys=0.00, real=0.00 secs] 
2019-01-02T11:12:54.488+0530: 842.391: [GC (Allocation Failure) 2019-01-02T11:12:54.488+0530: 842.391: [DefNew
Desired survivor size 32768 bytes, new threshold 15 (max 15)
- age   1:        248 bytes,        248 total
- age   7:         16 bytes,        264 total
- age  13:         16 bytes,        280 total
: 866K->0K(960K), 0.0005536 secs] 6470K->5676K(10176K), 0.0007292 secs] [Times: user=0.00 sys=0.00, real=0.00 secs] 
2019-01-02T11:12:54.491+0530: 842.394: [GC (Allocation Failure) 2019-01-02T11:12:54.492+0530: 842.394: [DefNew
Desired survivor size 32768 bytes, new threshold 15 (max 15)
- age   1:         40 bytes,         40 total
- age   2:        184 bytes,        224 total
- age   8:         16 bytes,        240 total
- age  14:         16 bytes,        256 total
: 896K->0K(960K), 0.0009921 secs] 6572K->5964K(10176K), 0.0012321 secs] [Times: user=0.00 sys=0.00, real=0.00 secs] 
2019-01-02T11:12:54.495+0530: 842.397: [GC (Allocation Failure) 2019-01-02T11:12:54.495+0530: 842.397: [DefNew
Desired survivor size 32768 bytes, new threshold 15 (max 15)
- age   3:        184 bytes,        184 total
- age   9:         16 bytes,        200 total
- age  15:         16 bytes,        216 total
: 896K->0K(960K), 0.0008741 secs] 6860K->6540K(10176K), 0.0011665 secs] [Times: user=0.00 sys=0.00, real=0.00 secs] 
2019-01-02T11:12:54.497+0530: 842.399: [GC (Allocation Failure) 2019-01-02T11:12:54.497+0530: 842.399: [DefNew
Desired survivor size 32768 bytes, new threshold 15 (max 15)
- age   1:         24 bytes,         24 total
- age   4:        184 bytes,        208 total
- age  10:         16 bytes,        224 total
: 462K->0K(960K), 0.0002617 secs] 7002K->6540K(10176K), 0.0003415 secs] [Times: user=0.00 sys=0.00, real=0.00 secs] 
2019-01-02T11:12:54.498+0530: 842.400: [GC (Allocation Failure) 2019-01-02T11:12:54.498+0530: 842.400: [DefNew
Desired survivor size 32768 bytes, new threshold 15 (max 15)
- age   2:         24 bytes,         24 total
- age   5:        184 bytes,        208 total
- age  11:         16 bytes,        224 total
: 495K->0K(960K), 0.0003427 secs] 7035K->7035K(10176K), 0.0004168 secs] [Times: user=0.00 sys=0.00, real=0.00 secs] 
2019-01-02T11:12:54.499+0530: 842.401: [GC (Allocation Failure) 2019-01-02T11:12:54.499+0530: 842.401: [DefNew
Desired survivor size 32768 bytes, new threshold 15 (max 15)
- age   1:         24 bytes,         24 total
- age   6:         72 bytes,         96 total
- age  12:         16 bytes,        112 total
: 512K->0K(960K), 0.0003267 secs] 7548K->7530K(10176K), 0.0003991 secs] [Times: user=0.00 sys=0.00, real=0.00 secs] 
2019-01-02T11:12:54.553+0530: 842.455: [GC (Allocation Failure) 2019-01-02T11:12:54.554+0530: 842.456: [DefNew
Desired survivor size 32768 bytes, new threshold 15 (max 15)
- age   1:        248 bytes,        248 total
- age   7:         16 bytes,        264 total
- age  13:         16 bytes,        280 total
: 866K->0K(960K), 0.0005690 secs] 8396K->7602K(10176K), 0.0009544 secs] [Times: user=0.00 sys=0.00, real=0.00 secs] 
2019-01-02T11:12:54.556+0530: 842.458: [GC (Allocation Failure) 2019-01-02T11:12:54.556+0530: 842.458: [DefNew
Desired survivor size 32768 bytes, new threshold 15 (max 15)
- age   1:         40 bytes,         40 total
- age   2:        184 bytes,        224 total
- age   8:         16 bytes,        240 total
- age  14:         16 bytes,        256 total
: 896K->0K(960K), 0.0008501 secs] 8498K->7890K(10176K), 0.0009658 secs] [Times: user=0.00 sys=0.00, real=0.00 secs] 
2019-01-02T11:12:54.558+0530: 842.460: [GC (Allocation Failure) 2019-01-02T11:12:54.558+0530: 842.461: [DefNew
Desired survivor size 32768 bytes, new threshold 15 (max 15)
- age   3:        184 bytes,        184 total
- age   9:         16 bytes,        200 total
- age  15:         16 bytes,        216 total
: 896K->0K(960K), 0.0013758 secs] 8786K->8466K(10176K), 0.0015508 secs] [Times: user=0.00 sys=0.00, real=0.00 secs] 
2019-01-02T11:12:54.561+0530: 842.463: [GC (Allocation Failure) 2019-01-02T11:12:54.561+0530: 842.464: [DefNew
Desired survivor size 32768 bytes, new threshold 15 (max 15)
- age   1:         24 bytes,         24 total
- age   4:        184 bytes,        208 total
- age  10:         16 bytes,        224 total
: 462K->0K(960K), 0.0004692 secs] 8928K->8466K(10176K), 0.0006027 secs] [Times: user=0.00 sys=0.00, real=0.00 secs] 
2019-01-02T11:12:54.562+0530: 842.465: [GC (Allocation Failure) 2019-01-02T11:12:54.562+0530: 842.465: [DefNew
Desired survivor size 32768 bytes, new threshold 15 (max 15)
- age   2:         24 bytes,         24 total
- age   5:        184 bytes,        208 total
- age  11:         16 bytes,        224 total
: 495K->0K(960K), 0.0003449 secs] 8961K->8961K(10176K), 0.0004179 secs] [Times: user=0.00 sys=0.00, real=0.00 secs] 
2019-01-02T11:12:54.563+0530: 842.465: [GC (Allocation Failure) 2019-01-02T11:12:54.563+0530: 842.465: [DefNew: 513K->513K(960K), 0.0000291 secs]2019-01-02T11:12:54.563+0530: 842.465: [Tenured: 8961K->1256K(9216K), 0.0036821 secs] 9474K->1256K(10176K), [Metaspace: 2520K->2520K(1056768K)], 0.0038309 secs] [Times: user=0.00 sys=0.00, real=0.00 secs] 
2019-01-02T11:12:54.627+0530: 842.529: [GC (Allocation Failure) 2019-01-02T11:12:54.627+0530: 842.529: [DefNew
Desired survivor size 32768 bytes, new threshold 15 (max 15)
- age   1:        248 bytes,        248 total
: 866K->0K(960K), 0.0008193 secs] 2122K->1823K(10176K), 0.0011358 secs] [Times: user=0.00 sys=0.00, real=0.00 secs] 
2019-01-02T11:12:54.630+0530: 842.532: [GC (Allocation Failure) 2019-01-02T11:12:54.630+0530: 842.532: [DefNew
Desired survivor size 32768 bytes, new threshold 15 (max 15)
- age   1:         40 bytes,         40 total
- age   2:        184 bytes,        224 total
: 896K->0K(960K), 0.0010856 secs] 2719K->2111K(10176K), 0.0013986 secs] [Times: user=0.02 sys=0.00, real=0.00 secs] 
2019-01-02T11:12:54.633+0530: 842.535: [GC (Allocation Failure) 2019-01-02T11:12:54.633+0530: 842.535: [DefNew
Desired survivor size 32768 bytes, new threshold 15 (max 15)
- age   3:        184 bytes,        184 total
: 896K->0K(960K), 0.0009664 secs] 3007K->2687K(10176K), 0.0011876 secs] [Times: user=0.00 sys=0.00, real=0.00 secs] 
2019-01-02T11:12:54.636+0530: 842.538: [GC (Allocation Failure) 2019-01-02T11:12:54.636+0530: 842.538: [DefNew
Desired survivor size 32768 bytes, new threshold 15 (max 15)
- age   1:         24 bytes,         24 total
- age   4:        184 bytes,        208 total
: 462K->0K(960K), 0.0008723 secs] 3149K->2687K(10176K), 0.0010428 secs] [Times: user=0.00 sys=0.00, real=0.00 secs] 
2019-01-02T11:12:54.638+0530: 842.540: [GC (Allocation Failure) 2019-01-02T11:12:54.638+0530: 842.540: [DefNew
Desired survivor size 32768 bytes, new threshold 15 (max 15)
- age   2:         24 bytes,         24 total
- age   5:        184 bytes,        208 total
: 495K->0K(960K), 0.0010371 secs] 3183K->3183K(10176K), 0.0012167 secs] [Times: user=0.00 sys=0.00, real=0.00 secs] 
2019-01-02T11:12:54.639+0530: 842.542: [GC (Allocation Failure) 2019-01-02T11:12:54.639+0530: 842.542: [DefNew
Desired survivor size 32768 bytes, new threshold 15 (max 15)
- age   1:         24 bytes,         24 total
- age   6:         72 bytes,         96 total
: 513K->0K(960K), 0.0007224 secs] 3695K->3678K(10176K), 0.0008256 secs] [Times: user=0.00 sys=0.00, real=0.00 secs] 
2019-01-02T11:12:54.694+0530: 842.596: [GC (Allocation Failure) 2019-01-02T11:12:54.694+0530: 842.596: [DefNew
Desired survivor size 32768 bytes, new threshold 15 (max 15)
- age   1:        248 bytes,        248 total
- age   7:         16 bytes,        264 total
: 866K->0K(960K), 0.0010103 secs] 4544K->3750K(10176K), 0.0013410 secs] [Times: user=0.00 sys=0.00, real=0.00 secs] 
2019-01-02T11:12:54.697+0530: 842.600: [GC (Allocation Failure) 2019-01-02T11:12:54.698+0530: 842.600: [DefNew
Desired survivor size 32768 bytes, new threshold 15 (max 15)
- age   1:         40 bytes,         40 total
- age   2:        184 bytes,        224 total
- age   8:         16 bytes,        240 total
: 896K->0K(960K), 0.0007304 secs] 4646K->4038K(10176K), 0.0009579 secs] [Times: user=0.00 sys=0.00, real=0.00 secs] 
2019-01-02T11:12:54.700+0530: 842.602: [GC (Allocation Failure) 2019-01-02T11:12:54.700+0530: 842.602: [DefNew
Desired survivor size 32768 bytes, new threshold 15 (max 15)
- age   3:        184 bytes,        184 total
- age   9:         16 bytes,        200 total
: 896K->0K(960K), 0.0010679 secs] 4934K->4614K(10176K), 0.0012179 secs] [Times: user=0.00 sys=0.00, real=0.00 secs] 
2019-01-02T11:12:54.703+0530: 842.605: [GC (Allocation Failure) 2019-01-02T11:12:54.703+0530: 842.605: [DefNew
Desired survivor size 32768 bytes, new threshold 15 (max 15)
- age   1:         24 bytes,         24 total
- age   4:        184 bytes,        208 total
- age  10:         16 bytes,        224 total
: 462K->0K(960K), 0.0005588 secs] 5076K->4614K(10176K), 0.0007612 secs] [Times: user=0.00 sys=0.00, real=0.00 secs] 
2019-01-02T11:12:54.704+0530: 842.606: [GC (Allocation Failure) 2019-01-02T11:12:54.704+0530: 842.606: [DefNew
Desired survivor size 32768 bytes, new threshold 15 (max 15)
- age   2:         24 bytes,         24 total
- age   5:        184 bytes,        208 total
- age  11:         16 bytes,        224 total
: 495K->0K(960K), 0.0006181 secs] 5109K->5109K(10176K), 0.0007053 secs] [Times: user=0.00 sys=0.00, real=0.00 secs] 
2019-01-02T11:12:54.705+0530: 842.607: [GC (Allocation Failure) 2019-01-02T11:12:54.705+0530: 842.607: [DefNew
Desired survivor size 32768 bytes, new threshold 15 (max 15)
- age   1:         24 bytes,         24 total
- age   6:         72 bytes,         96 total
- age  12:         16 bytes,        112 total
: 513K->0K(960K), 0.0007024 secs] 5622K->5604K(10176K), 0.0008359 secs] [Times: user=0.00 sys=0.00, real=0.00 secs] 
2019-01-02T11:12:54.764+0530: 842.666: [GC (Allocation Failure) 2019-01-02T11:12:54.764+0530: 842.666: [DefNew
Desired survivor size 32768 bytes, new threshold 15 (max 15)
- age   1:        248 bytes,        248 total
- age   7:         16 bytes,        264 total
- age  13:         16 bytes,        280 total
: 866K->0K(960K), 0.0005827 secs] 6471K->5676K(10176K), 0.0010109 secs] [Times: user=0.00 sys=0.00, real=0.00 secs] 
2019-01-02T11:12:54.767+0530: 842.669: [GC (Allocation Failure) 2019-01-02T11:12:54.767+0530: 842.669: [DefNew
Desired survivor size 32768 bytes, new threshold 15 (max 15)
- age   1:         40 bytes,         40 total
- age   2:        184 bytes,        224 total
- age   8:         16 bytes,        240 total
- age  14:         16 bytes,        256 total
: 896K->0K(960K), 0.0006454 secs] 6572K->5964K(10176K), 0.0010257 secs] [Times: user=0.00 sys=0.00, real=0.00 secs] 
2019-01-02T11:12:54.770+0530: 842.672: [GC (Allocation Failure) 2019-01-02T11:12:54.770+0530: 842.672: [DefNew
Desired survivor size 32768 bytes, new threshold 15 (max 15)
- age   3:        184 bytes,        184 total
- age   9:         16 bytes,        200 total
- age  15:         16 bytes,        216 total
: 896K->0K(960K), 0.0015360 secs] 6860K->6540K(10176K), 0.0016535 secs] [Times: user=0.01 sys=0.00, real=0.00 secs] 
2019-01-02T11:12:54.773+0530: 842.675: [GC (Allocation Failure) 2019-01-02T11:12:54.773+0530: 842.675: [DefNew
Desired survivor size 32768 bytes, new threshold 15 (max 15)
- age   1:         24 bytes,         24 total
- age   4:        184 bytes,        208 total
- age  10:         16 bytes,        224 total
: 462K->0K(960K), 0.0005456 secs] 7002K->6540K(10176K), 0.0006899 secs] [Times: user=0.00 sys=0.00, real=0.00 secs] 
2019-01-02T11:12:54.774+0530: 842.676: [GC (Allocation Failure) 2019-01-02T11:12:54.774+0530: 842.676: [DefNew
Desired survivor size 32768 bytes, new threshold 15 (max 15)
- age   2:         24 bytes,         24 total
- age   5:        184 bytes,        208 total
- age  11:         16 bytes,        224 total
: 495K->0K(960K), 0.0008741 secs] 7036K->7036K(10176K), 0.0009767 secs] [Times: user=0.00 sys=0.00, real=0.00 secs] 
2019-01-02T11:12:54.775+0530: 842.678: [GC (Allocation Failure) 2019-01-02T11:12:54.775+0530: 842.678: [DefNew
Desired survivor size 32768 bytes, new threshold 15 (max 15)
- age   1:         24 bytes,         24 total
- age   6:         72 bytes,         96 total
- age  12:         16 bytes,        112 total
: 513K->0K(960K), 0.0003318 secs] 7549K->7531K(10176K), 0.0004031 secs] [Times: user=0.00 sys=0.00, real=0.00 secs] 
2019-01-02T11:12:54.828+0530: 842.730: [GC (Allocation Failure) 2019-01-02T11:12:54.828+0530: 842.730: [DefNew
Desired survivor size 32768 bytes, new threshold 15 (max 15)
- age   1:        248 bytes,        248 total
- age   7:         16 bytes,        264 total
- age  13:         16 bytes,        280 total
: 866K->0K(960K), 0.0007823 secs] 8397K->7603K(10176K), 0.0011004 secs] [Times: user=0.00 sys=0.00, real=0.00 secs] 
2019-01-02T11:12:54.831+0530: 842.733: [GC (Allocation Failure) 2019-01-02T11:12:54.831+0530: 842.733: [DefNew
Desired survivor size 32768 bytes, new threshold 15 (max 15)
- age   1:         40 bytes,         40 total
- age   2:        184 bytes,        224 total
- age   8:         16 bytes,        240 total
- age  14:         16 bytes,        256 total
: 896K->0K(960K), 0.0010497 secs] 8499K->7891K(10176K), 0.0012834 secs] [Times: user=0.00 sys=0.00, real=0.00 secs] 
2019-01-02T11:12:54.834+0530: 842.736: [GC (Allocation Failure) 2019-01-02T11:12:54.834+0530: 842.736: [DefNew
Desired survivor size 32768 bytes, new threshold 15 (max 15)
- age   3:        184 bytes,        184 total
- age   9:         16 bytes,        200 total
- age  15:         16 bytes,        216 total
: 896K->0K(960K), 0.0013707 secs] 8787K->8467K(10176K), 0.0015332 secs] [Times: user=0.00 sys=0.00, real=0.00 secs] 
2019-01-02T11:12:54.836+0530: 842.739: [GC (Allocation Failure) 2019-01-02T11:12:54.837+0530: 842.739: [DefNew
Desired survivor size 32768 bytes, new threshold 15 (max 15)
- age   1:         24 bytes,         24 total
- age   4:        184 bytes,        208 total
- age  10:         16 bytes,        224 total
: 462K->0K(960K), 0.0007349 secs] 8929K->8467K(10176K), 0.0008946 secs] [Times: user=0.00 sys=0.00, real=0.00 secs] 
2019-01-02T11:12:54.838+0530: 842.740: [GC (Allocation Failure) 2019-01-02T11:12:54.838+0530: 842.740: [DefNew
Desired survivor size 32768 bytes, new threshold 15 (max 15)
- age   2:         24 bytes,         24 total
- age   5:        184 bytes,        208 total
- age  11:         16 bytes,        224 total
: 495K->0K(960K), 0.0004293 secs] 8962K->8962K(10176K), 0.0005513 secs] [Times: user=0.00 sys=0.00, real=0.00 secs] 
2019-01-02T11:12:54.839+0530: 842.741: [GC (Allocation Failure) 2019-01-02T11:12:54.839+0530: 842.741: [DefNew: 513K->513K(960K), 0.0000411 secs]2019-01-02T11:12:54.839+0530: 842.741: [Tenured: 8962K->1256K(9216K), 0.0043948 secs] 9475K->1256K(10176K), [Metaspace: 2520K->2520K(1056768K)], 0.0045926 secs] [Times: user=0.00 sys=0.00, real=0.00 secs] 
2019-01-02T11:12:54.897+0530: 842.799: [GC (Allocation Failure) 2019-01-02T11:12:54.897+0530: 842.800: [DefNew
Desired survivor size 32768 bytes, new threshold 15 (max 15)
- age   1:        248 bytes,        248 total
: 866K->0K(960K), 0.0009459 secs] 2122K->1824K(10176K), 0.0012960 secs] [Times: user=0.00 sys=0.00, real=0.00 secs] 
2019-01-02T11:12:54.900+0530: 842.802: [GC (Allocation Failure) 2019-01-02T11:12:54.900+0530: 842.803: [DefNew
Desired survivor size 32768 bytes, new threshold 15 (max 15)
- age   1:         40 bytes,         40 total
- age   2:        184 bytes,        224 total
: 896K->0K(960K), 0.0010240 secs] 2720K->2112K(10176K), 0.0012104 secs] [Times: user=0.00 sys=0.00, real=0.00 secs] 
2019-01-02T11:12:54.902+0530: 842.805: [GC (Allocation Failure) 2019-01-02T11:12:54.902+0530: 842.805: [DefNew
Desired survivor size 32768 bytes, new threshold 15 (max 15)
- age   3:        184 bytes,        184 total
: 896K->0K(960K), 0.0006585 secs] 3008K->2688K(10176K), 0.0008039 secs] [Times: user=0.00 sys=0.00, real=0.00 secs] 
2019-01-02T11:12:54.905+0530: 842.807: [GC (Allocation Failure) 2019-01-02T11:12:54.905+0530: 842.807: [DefNew
Desired survivor size 32768 bytes, new threshold 15 (max 15)
- age   1:         24 bytes,         24 total
- age   4:        184 bytes,        208 total
: 462K->0K(960K), 0.0003541 secs] 3150K->2688K(10176K), 0.0004533 secs] [Times: user=0.00 sys=0.00, real=0.00 secs] 
2019-01-02T11:12:54.906+0530: 842.808: [GC (Allocation Failure) 2019-01-02T11:12:54.906+0530: 842.808: [DefNew
Desired survivor size 32768 bytes, new threshold 15 (max 15)
- age   2:         24 bytes,         24 total
- age   5:        184 bytes,        208 total
: 495K->0K(960K), 0.0006802 secs] 3183K->3183K(10176K), 0.0007714 secs] [Times: user=0.00 sys=0.00, real=0.00 secs] 
2019-01-02T11:12:54.907+0530: 842.809: [GC (Allocation Failure) 2019-01-02T11:12:54.907+0530: 842.809: [DefNew
Desired survivor size 32768 bytes, new threshold 15 (max 15)
- age   1:         24 bytes,         24 total
- age   6:         72 bytes,         96 total
: 513K->0K(960K), 0.0008028 secs] 3696K->3678K(10176K), 0.0008837 secs] [Times: user=0.00 sys=0.00, real=0.00 secs] 
2019-01-02T11:12:54.959+0530: 842.861: [GC (Allocation Failure) 2019-01-02T11:12:54.959+0530: 842.861: [DefNew
Desired survivor size 32768 bytes, new threshold 15 (max 15)
- age   1:        248 bytes,        248 total
- age   7:         16 bytes,        264 total
: 866K->0K(960K), 0.0006813 secs] 4544K->3750K(10176K), 0.0008678 secs] [Times: user=0.00 sys=0.00, real=0.00 secs] 
2019-01-02T11:12:54.962+0530: 842.864: [GC (Allocation Failure) 2019-01-02T11:12:54.962+0530: 842.864: [DefNew
Desired survivor size 32768 bytes, new threshold 15 (max 15)
- age   1:         40 bytes,         40 total
- age   2:        184 bytes,        224 total
- age   8:         16 bytes,        240 total
: 896K->0K(960K), 0.0008193 secs] 4646K->4038K(10176K), 0.0011979 secs] [Times: user=0.00 sys=0.00, real=0.00 secs] 
2019-01-02T11:12:54.965+0530: 842.867: [GC (Allocation Failure) 2019-01-02T11:12:54.965+0530: 842.867: [DefNew
Desired survivor size 32768 bytes, new threshold 15 (max 15)
- age   3:        184 bytes,        184 total
- age   9:         16 bytes,        200 total
: 896K->0K(960K), 0.0010890 secs] 4934K->4614K(10176K), 0.0012680 secs] [Times: user=0.00 sys=0.00, real=0.00 secs] 
2019-01-02T11:12:54.967+0530: 842.870: [GC (Allocation Failure) 2019-01-02T11:12:54.967+0530: 842.870: [DefNew
Desired survivor size 32768 bytes, new threshold 15 (max 15)
- age   1:         24 bytes,         24 total
- age   4:        184 bytes,        208 total
- age  10:         16 bytes,        224 total
: 462K->0K(960K), 0.0003033 secs] 5076K->4614K(10176K), 0.0003877 secs] [Times: user=0.00 sys=0.00, real=0.00 secs] 
2019-01-02T11:12:54.968+0530: 842.870: [GC (Allocation Failure) 2019-01-02T11:12:54.968+0530: 842.870: [DefNew
Desired survivor size 32768 bytes, new threshold 15 (max 15)
- age   2:         24 bytes,         24 total
- age   5:        184 bytes,        208 total
- age  11:         16 bytes,        224 total
: 495K->0K(960K), 0.0003455 secs] 5110K->5110K(10176K), 0.0004174 secs] [Times: user=0.00 sys=0.00, real=0.00 secs] 
2019-01-02T11:12:54.969+0530: 842.871: [GC (Allocation Failure) 2019-01-02T11:12:54.969+0530: 842.871: [DefNew
Desired survivor size 32768 bytes, new threshold 15 (max 15)
- age   1:         24 bytes,         24 total
- age   6:         72 bytes,         96 total
- age  12:         16 bytes,        112 total
: 513K->0K(960K), 0.0003239 secs] 5623K->5605K(10176K), 0.0003963 secs] [Times: user=0.00 sys=0.00, real=0.00 secs] 
2019-01-02T11:12:55.023+0530: 842.926: [GC (Allocation Failure) 2019-01-02T11:12:55.024+0530: 842.926: [DefNew
Desired survivor size 32768 bytes, new threshold 15 (max 15)
- age   1:        248 bytes,        248 total
- age   7:         16 bytes,        264 total
- age  13:         16 bytes,        280 total
: 866K->0K(960K), 0.0012988 secs] 6471K->5677K(10176K), 0.0015668 secs] [Times: user=0.00 sys=0.00, real=0.00 secs] 
2019-01-02T11:12:55.026+0530: 842.929: [GC (Allocation Failure) 2019-01-02T11:12:55.027+0530: 842.929: [DefNew
Desired survivor size 32768 bytes, new threshold 15 (max 15)
- age   1:         40 bytes,         40 total
- age   2:        184 bytes,        224 total
- age   8:         16 bytes,        240 total
- age  14:         16 bytes,        256 total
: 896K->0K(960K), 0.0007281 secs] 6573K->5965K(10176K), 0.0008427 secs] [Times: user=0.00 sys=0.00, real=0.00 secs] 
2019-01-02T11:12:55.029+0530: 842.931: [GC (Allocation Failure) 2019-01-02T11:12:55.029+0530: 842.931: [DefNew
Desired survivor size 32768 bytes, new threshold 15 (max 15)
- age   3:        184 bytes,        184 total
- age   9:         16 bytes,        200 total
- age  15:         16 bytes,        216 total
: 896K->0K(960K), 0.0010856 secs] 6861K->6541K(10176K), 0.0012412 secs] [Times: user=0.00 sys=0.00, real=0.00 secs] 
2019-01-02T11:12:55.032+0530: 842.934: [GC (Allocation Failure) 2019-01-02T11:12:55.032+0530: 842.934: [DefNew
Desired survivor size 32768 bytes, new threshold 15 (max 15)
- age   1:         24 bytes,         24 total
- age   4:        184 bytes,        208 total
- age  10:         16 bytes,        224 total
: 462K->0K(960K), 0.0002879 secs] 7003K->6541K(10176K), 0.0003735 secs] [Times: user=0.00 sys=0.00, real=0.00 secs] 
2019-01-02T11:12:55.032+0530: 842.935: [GC (Allocation Failure) 2019-01-02T11:12:55.032+0530: 842.935: [DefNew
Desired survivor size 32768 bytes, new threshold 15 (max 15)
- age   2:         24 bytes,         24 total
- age   5:        184 bytes,        208 total
- age  11:         16 bytes,        224 total
: 495K->0K(960K), 0.0003478 secs] 7036K->7036K(10176K), 0.0004242 secs] [Times: user=0.00 sys=0.00, real=0.00 secs] 
2019-01-02T11:12:55.033+0530: 842.935: [GC (Allocation Failure) 2019-01-02T11:12:55.033+0530: 842.935: [DefNew
Desired survivor size 32768 bytes, new threshold 15 (max 15)
- age   1:         24 bytes,         24 total
- age   6:         72 bytes,         96 total
- age  12:         16 bytes,        112 total
: 513K->0K(960K), 0.0003296 secs] 7549K->7532K(10176K), 0.0004037 secs] [Times: user=0.00 sys=0.00, real=0.00 secs] 
2019-01-02T11:12:55.089+0530: 842.991: [GC (Allocation Failure) 2019-01-02T11:12:55.090+0530: 842.992: [DefNew
Desired survivor size 32768 bytes, new threshold 15 (max 15)
- age   1:        248 bytes,        248 total
- age   7:         16 bytes,        264 total
- age  13:         16 bytes,        280 total
: 866K->0K(960K), 0.0009197 secs] 8398K->7604K(10176K), 0.0013729 secs] [Times: user=0.00 sys=0.00, real=0.00 secs] 
2019-01-02T11:12:55.093+0530: 842.995: [GC (Allocation Failure) 2019-01-02T11:12:55.093+0530: 842.995: [DefNew
Desired survivor size 32768 bytes, new threshold 15 (max 15)
- age   1:         40 bytes,         40 total
- age   2:        184 bytes,        224 total
- age   8:         16 bytes,        240 total
- age  14:         16 bytes,        256 total
: 896K->0K(960K), 0.0007378 secs] 8500K->7892K(10176K), 0.0008672 secs] [Times: user=0.00 sys=0.00, real=0.00 secs] 
2019-01-02T11:12:55.095+0530: 842.997: [GC (Allocation Failure) 2019-01-02T11:12:55.095+0530: 842.997: [DefNew
Desired survivor size 32768 bytes, new threshold 15 (max 15)
- age   3:        184 bytes,        184 total
- age   9:         16 bytes,        200 total
- age  15:         16 bytes,        216 total
: 896K->0K(960K), 0.0010668 secs] 8788K->8468K(10176K), 0.0012669 secs] [Times: user=0.00 sys=0.00, real=0.00 secs] 
2019-01-02T11:12:55.098+0530: 843.000: [GC (Allocation Failure) 2019-01-02T11:12:55.098+0530: 843.000: [DefNew
Desired survivor size 32768 bytes, new threshold 15 (max 15)
- age   1:         24 bytes,         24 total
- age   4:        184 bytes,        208 total
- age  10:         16 bytes,        224 total
: 462K->0K(960K), 0.0002828 secs] 8930K->8468K(10176K), 0.0003683 secs] [Times: user=0.01 sys=0.00, real=0.00 secs] 
2019-01-02T11:12:55.099+0530: 843.001: [GC (Allocation Failure) 2019-01-02T11:12:55.099+0530: 843.001: [DefNew
Desired survivor size 32768 bytes, new threshold 15 (max 15)
- age   2:         24 bytes,         24 total
- age   5:        184 bytes,        208 total
- age  11:         16 bytes,        224 total
: 495K->0K(960K), 0.0003404 secs] 8963K->8963K(10176K), 0.0004111 secs] [Times: user=0.00 sys=0.00, real=0.00 secs] 
2019-01-02T11:12:55.099+0530: 843.001: [GC (Allocation Failure) 2019-01-02T11:12:55.099+0530: 843.002: [DefNew: 513K->513K(960K), 0.0000279 secs]2019-01-02T11:12:55.099+0530: 843.002: [Tenured: 8963K->1256K(9216K), 0.0038212 secs] 9476K->1256K(10176K), [Metaspace: 2520K->2520K(1056768K)], 0.0039723 secs] [Times: user=0.00 sys=0.00, real=0.00 secs] 
2019-01-02T11:12:55.161+0530: 843.063: [GC (Allocation Failure) 2019-01-02T11:12:55.161+0530: 843.063: [DefNew
Desired survivor size 32768 bytes, new threshold 15 (max 15)
- age   1:        248 bytes,        248 total
: 866K->0K(960K), 0.0010639 secs] 2123K->1824K(10176K), 0.0012857 secs] [Times: user=0.00 sys=0.00, real=0.00 secs] 
2019-01-02T11:12:55.164+0530: 843.066: [GC (Allocation Failure) 2019-01-02T11:12:55.164+0530: 843.066: [DefNew
Desired survivor size 32768 bytes, new threshold 15 (max 15)
- age   1:         40 bytes,         40 total
- age   2:        184 bytes,        224 total
: 896K->0K(960K), 0.0006500 secs] 2720K->2112K(10176K), 0.0007999 secs] [Times: user=0.00 sys=0.00, real=0.00 secs] 
2019-01-02T11:12:55.166+0530: 843.068: [GC (Allocation Failure) 2019-01-02T11:12:55.167+0530: 843.069: [DefNew
Desired survivor size 32768 bytes, new threshold 15 (max 15)
- age   3:        184 bytes,        184 total
: 896K->0K(960K), 0.0010656 secs] 3008K->2688K(10176K), 0.0016039 secs] [Times: user=0.00 sys=0.00, real=0.00 secs] 
2019-01-02T11:12:55.169+0530: 843.071: [GC (Allocation Failure) 2019-01-02T11:12:55.169+0530: 843.071: [DefNew
Desired survivor size 32768 bytes, new threshold 15 (max 15)
- age   1:         24 bytes,         24 total
- age   4:        184 bytes,        208 total
: 462K->0K(960K), 0.0002725 secs] 3150K->2688K(10176K), 0.0003489 secs] [Times: user=0.00 sys=0.00, real=0.00 secs] 
2019-01-02T11:12:55.170+0530: 843.072: [GC (Allocation Failure) 2019-01-02T11:12:55.170+0530: 843.072: [DefNew
Desired survivor size 32768 bytes, new threshold 15 (max 15)
- age   2:         24 bytes,         24 total
- age   5:        184 bytes,        208 total
: 495K->0K(960K), 0.0003569 secs] 3183K->3183K(10176K), 0.0004430 secs] [Times: user=0.00 sys=0.00, real=0.00 secs] 
2019-01-02T11:12:55.171+0530: 843.073: [GC (Allocation Failure) 2019-01-02T11:12:55.171+0530: 843.073: [DefNew
Desired survivor size 32768 bytes, new threshold 15 (max 15)
- age   1:         24 bytes,         24 total
- age   6:         72 bytes,         96 total
: 513K->0K(960K), 0.0009334 secs] 3696K->3679K(10176K), 0.0010924 secs] [Times: user=0.00 sys=0.00, real=0.00 secs] 
2019-01-02T11:12:55.226+0530: 843.128: [GC (Allocation Failure) 2019-01-02T11:12:55.226+0530: 843.128: [DefNew
Desired survivor size 32768 bytes, new threshold 15 (max 15)
- age   1:        248 bytes,        248 total
- age   7:         16 bytes,        264 total
: 866K->0K(960K), 0.0006591 secs] 4545K->3751K(10176K), 0.0008205 secs] [Times: user=0.00 sys=0.00, real=0.00 secs] 
2019-01-02T11:12:55.229+0530: 843.131: [GC (Allocation Failure) 2019-01-02T11:12:55.229+0530: 843.131: [DefNew
Desired survivor size 32768 bytes, new threshold 15 (max 15)
- age   1:         40 bytes,         40 total
- age   2:        184 bytes,        224 total
- age   8:         16 bytes,        240 total
: 896K->0K(960K), 0.0008091 secs] 4647K->4039K(10176K), 0.0010137 secs] [Times: user=0.00 sys=0.00, real=0.00 secs] 
2019-01-02T11:12:55.231+0530: 843.134: [GC (Allocation Failure) 2019-01-02T11:12:55.232+0530: 843.134: [DefNew
Desired survivor size 32768 bytes, new threshold 15 (max 15)
- age   3:        184 bytes,        184 total
- age   9:         16 bytes,        200 total
: 896K->0K(960K), 0.0011831 secs] 4935K->4615K(10176K), 0.0013997 secs] [Times: user=0.00 sys=0.00, real=0.00 secs] 
2019-01-02T11:12:55.234+0530: 843.136: [GC (Allocation Failure) 2019-01-02T11:12:55.234+0530: 843.137: [DefNew
Desired survivor size 32768 bytes, new threshold 15 (max 15)
- age   1:         24 bytes,         24 total
- age   4:        184 bytes,        208 total
- age  10:         16 bytes,        224 total
: 462K->0K(960K), 0.0003062 secs] 5077K->4615K(10176K), 0.0003906 secs] [Times: user=0.00 sys=0.00, real=0.00 secs] 
2019-01-02T11:12:55.235+0530: 843.137: [GC (Allocation Failure) 2019-01-02T11:12:55.235+0530: 843.137: [DefNew
Desired survivor size 32768 bytes, new threshold 15 (max 15)
- age   2:         24 bytes,         24 total
- age   5:        184 bytes,        208 total
- age  11:         16 bytes,        224 total
: 495K->0K(960K), 0.0003381 secs] 5110K->5110K(10176K), 0.0004117 secs] [Times: user=0.00 sys=0.00, real=0.00 secs] 
2019-01-02T11:12:55.236+0530: 843.138: [GC (Allocation Failure) 2019-01-02T11:12:55.236+0530: 843.138: [DefNew
Desired survivor size 32768 bytes, new threshold 15 (max 15)
- age   1:         24 bytes,         24 total
- age   6:         72 bytes,         96 total
- age  12:         16 bytes,        112 total
: 513K->0K(960K), 0.0003301 secs] 5623K->5605K(10176K), 0.0004025 secs] [Times: user=0.00 sys=0.00, real=0.00 secs] 
2019-01-02T11:12:55.294+0530: 843.196: [GC (Allocation Failure) 2019-01-02T11:12:55.294+0530: 843.196: [DefNew
Desired survivor size 32768 bytes, new threshold 15 (max 15)
- age   1:        248 bytes,        248 total
- age   7:         16 bytes,        264 total
- age  13:         16 bytes,        280 total
: 866K->0K(960K), 0.0006255 secs] 6472K->5678K(10176K), 0.0009522 secs] [Times: user=0.00 sys=0.00, real=0.00 secs] 
2019-01-02T11:12:55.297+0530: 843.199: [GC (Allocation Failure) 2019-01-02T11:12:55.297+0530: 843.199: [DefNew
Desired survivor size 32768 bytes, new threshold 15 (max 15)
- age   1:         40 bytes,         40 total
- age   2:        184 bytes,        224 total
- age   8:         16 bytes,        240 total
- age  14:         16 bytes,        256 total
: 896K->0K(960K), 0.0009562 secs] 6574K->5966K(10176K), 0.0011215 secs] [Times: user=0.00 sys=0.00, real=0.00 secs] 
2019-01-02T11:12:55.299+0530: 843.201: [GC (Allocation Failure) 2019-01-02T11:12:55.299+0530: 843.201: [DefNew
Desired survivor size 32768 bytes, new threshold 15 (max 15)
- age   3:        184 bytes,        184 total
- age   9:         16 bytes,        200 total
- age  15:         16 bytes,        216 total
: 896K->0K(960K), 0.0012030 secs] 6862K->6542K(10176K), 0.0014140 secs] [Times: user=0.00 sys=0.02, real=0.00 secs] 
2019-01-02T11:12:55.302+0530: 843.204: [GC (Allocation Failure) 2019-01-02T11:12:55.302+0530: 843.204: [DefNew
Desired survivor size 32768 bytes, new threshold 15 (max 15)
- age   1:         24 bytes,         24 total
- age   4:        184 bytes,        208 total
- age  10:         16 bytes,        224 total
: 462K->0K(960K), 0.0002617 secs] 7004K->6542K(10176K), 0.0003472 secs] [Times: user=0.00 sys=0.00, real=0.00 secs] 
2019-01-02T11:12:55.303+0530: 843.205: [GC (Allocation Failure) 2019-01-02T11:12:55.303+0530: 843.205: [DefNew
Desired survivor size 32768 bytes, new threshold 15 (max 15)
- age   2:         24 bytes,         24 total
- age   5:        184 bytes,        208 total
- age  11:         16 bytes,        224 total
: 495K->0K(960K), 0.0003461 secs] 7037K->7037K(10176K), 0.0004174 secs] [Times: user=0.00 sys=0.00, real=0.00 secs] 
2019-01-02T11:12:55.304+0530: 843.206: [GC (Allocation Failure) 2019-01-02T11:12:55.304+0530: 843.206: [DefNew
Desired survivor size 32768 bytes, new threshold 15 (max 15)
- age   1:         24 bytes,         24 total
- age   6:         72 bytes,         96 total
- age  12:         16 bytes,        112 total
: 513K->0K(960K), 0.0003278 secs] 7550K->7532K(10176K), 0.0003997 secs] [Times: user=0.00 sys=0.00, real=0.00 secs] 
2019-01-02T11:12:55.360+0530: 843.262: [GC (Allocation Failure) 2019-01-02T11:12:55.360+0530: 843.262: [DefNew
Desired survivor size 32768 bytes, new threshold 15 (max 15)
- age   1:        248 bytes,        248 total
- age   7:         16 bytes,        264 total
- age  13:         16 bytes,        280 total
: 866K->0K(960K), 0.0007321 secs] 8399K->7604K(10176K), 0.0012920 secs] [Times: user=0.00 sys=0.00, real=0.00 secs] 
2019-01-02T11:12:55.363+0530: 843.265: [GC (Allocation Failure) 2019-01-02T11:12:55.363+0530: 843.265: [DefNew
Desired survivor size 32768 bytes, new threshold 15 (max 15)
- age   1:         40 bytes,         40 total
- age   2:        184 bytes,        224 total
- age   8:         16 bytes,        240 total
- age  14:         16 bytes,        256 total
: 896K->0K(960K), 0.0008655 secs] 8500K->7892K(10176K), 0.0010554 secs] [Times: user=0.02 sys=0.00, real=0.00 secs] 
2019-01-02T11:12:55.365+0530: 843.267: [GC (Allocation Failure) 2019-01-02T11:12:55.365+0530: 843.268: [DefNew
Desired survivor size 32768 bytes, new threshold 15 (max 15)
- age   3:        184 bytes,        184 total
- age   9:         16 bytes,        200 total
- age  15:         16 bytes,        216 total
: 896K->0K(960K), 0.0011010 secs] 8788K->8468K(10176K), 0.0012783 secs] [Times: user=0.00 sys=0.00, real=0.00 secs] 
2019-01-02T11:12:55.368+0530: 843.270: [GC (Allocation Failure) 2019-01-02T11:12:55.368+0530: 843.270: [DefNew
Desired survivor size 32768 bytes, new threshold 15 (max 15)
- age   1:         24 bytes,         24 total
- age   4:        184 bytes,        208 total
- age  10:         16 bytes,        224 total
: 462K->0K(960K), 0.0002634 secs] 8930K->8468K(10176K), 0.0003598 secs] [Times: user=0.00 sys=0.00, real=0.00 secs] 
2019-01-02T11:12:55.369+0530: 843.271: [GC (Allocation Failure) 2019-01-02T11:12:55.369+0530: 843.271: [DefNew
Desired survivor size 32768 bytes, new threshold 15 (max 15)
- age   2:         24 bytes,         24 total
- age   5:        184 bytes,        208 total
- age  11:         16 bytes,        224 total
: 495K->0K(960K), 0.0003478 secs] 8964K->8964K(10176K), 0.0004191 secs] [Times: user=0.00 sys=0.00, real=0.00 secs] 
2019-01-02T11:12:55.370+0530: 843.272: [GC (Allocation Failure) 2019-01-02T11:12:55.370+0530: 843.272: [DefNew: 513K->513K(960K), 0.0000291 secs]2019-01-02T11:12:55.370+0530: 843.272: [Tenured: 8964K->1256K(9216K), 0.0041627 secs] 9477K->1256K(10176K), [Metaspace: 2520K->2520K(1056768K)], 0.0044604 secs] [Times: user=0.00 sys=0.00, real=0.00 secs] 
2019-01-02T11:12:55.429+0530: 843.331: [GC (Allocation Failure) 2019-01-02T11:12:55.429+0530: 843.331: [DefNew
Desired survivor size 32768 bytes, new threshold 15 (max 15)
- age   1:        248 bytes,        248 total
: 866K->0K(960K), 0.0014664 secs] 2123K->1824K(10176K), 0.0017778 secs] [Times: user=0.00 sys=0.00, real=0.00 secs] 
2019-01-02T11:12:55.432+0530: 843.335: [GC (Allocation Failure) 2019-01-02T11:12:55.432+0530: 843.335: [DefNew
Desired survivor size 32768 bytes, new threshold 15 (max 15)
- age   1:         40 bytes,         40 total
- age   2:        184 bytes,        224 total
: 896K->0K(960K), 0.0009898 secs] 2720K->2112K(10176K), 0.0011392 secs] [Times: user=0.00 sys=0.00, real=0.00 secs] 
2019-01-02T11:12:55.435+0530: 843.337: [GC (Allocation Failure) 2019-01-02T11:12:55.435+0530: 843.337: [DefNew
Desired survivor size 32768 bytes, new threshold 15 (max 15)
- age   3:        184 bytes,        184 total
: 896K->0K(960K), 0.0008644 secs] 3008K->2688K(10176K), 0.0010599 secs] [Times: user=0.00 sys=0.00, real=0.00 secs] 
2019-01-02T11:12:55.437+0530: 843.339: [GC (Allocation Failure) 2019-01-02T11:12:55.437+0530: 843.339: [DefNew
Desired survivor size 32768 bytes, new threshold 15 (max 15)
- age   1:         24 bytes,         24 total
- age   4:        184 bytes,        208 total
: 462K->0K(960K), 0.0002663 secs] 3150K->2688K(10176K), 0.0003455 secs] [Times: user=0.00 sys=0.00, real=0.00 secs] 
2019-01-02T11:12:55.438+0530: 843.340: [GC (Allocation Failure) 2019-01-02T11:12:55.438+0530: 843.340: [DefNew
Desired survivor size 32768 bytes, new threshold 15 (max 15)
- age   2:         24 bytes,         24 total
- age   5:        184 bytes,        208 total
: 495K->0K(960K), 0.0003124 secs] 3184K->3184K(10176K), 0.0003831 secs] [Times: user=0.00 sys=0.00, real=0.00 secs] 
2019-01-02T11:12:55.439+0530: 843.341: [GC (Allocation Failure) 2019-01-02T11:12:55.439+0530: 843.341: [DefNew
Desired survivor size 32768 bytes, new threshold 15 (max 15)
- age   1:         24 bytes,         24 total
- age   6:         72 bytes,         96 total
: 513K->0K(960K), 0.0003461 secs] 3697K->3679K(10176K), 0.0004561 secs] [Times: user=0.00 sys=0.00, real=0.00 secs] 
2019-01-02T11:12:55.493+0530: 843.396: [GC (Allocation Failure) 2019-01-02T11:12:55.494+0530: 843.396: [DefNew
Desired survivor size 32768 bytes, new threshold 15 (max 15)
- age   1:        248 bytes,        248 total
- age   7:         16 bytes,        264 total
: 866K->0K(960K), 0.0004624 secs] 4545K->3751K(10176K), 0.0007680 secs] [Times: user=0.00 sys=0.00, real=0.00 secs] 
2019-01-02T11:12:55.496+0530: 843.398: [GC (Allocation Failure) 2019-01-02T11:12:55.496+0530: 843.398: [DefNew
Desired survivor size 32768 bytes, new threshold 15 (max 15)
- age   1:         40 bytes,         40 total
- age   2:        184 bytes,        224 total
- age   8:         16 bytes,        240 total
: 896K->0K(960K), 0.0008364 secs] 4647K->4039K(10176K), 0.0009476 secs] [Times: user=0.00 sys=0.00, real=0.00 secs] 
2019-01-02T11:12:55.498+0530: 843.400: [GC (Allocation Failure) 2019-01-02T11:12:55.498+0530: 843.401: [DefNew
Desired survivor size 32768 bytes, new threshold 15 (max 15)
- age   3:        184 bytes,        184 total
- age   9:         16 bytes,        200 total
: 896K->0K(960K), 0.0008501 secs] 4935K->4615K(10176K), 0.0010708 secs] [Times: user=0.00 sys=0.00, real=0.00 secs] 
2019-01-02T11:12:55.501+0530: 843.403: [GC (Allocation Failure) 2019-01-02T11:12:55.501+0530: 843.403: [DefNew
Desired survivor size 32768 bytes, new threshold 15 (max 15)
- age   1:         24 bytes,         24 total
- age   4:        184 bytes,        208 total
- age  10:         16 bytes,        224 total
: 462K->0K(960K), 0.0006488 secs] 5077K->4615K(10176K), 0.0007703 secs] [Times: user=0.00 sys=0.00, real=0.00 secs] 
2019-01-02T11:12:55.502+0530: 843.404: [GC (Allocation Failure) 2019-01-02T11:12:55.502+0530: 843.404: [DefNew
Desired survivor size 32768 bytes, new threshold 15 (max 15)
- age   2:         24 bytes,         24 total
- age   5:        184 bytes,        208 total
- age  11:         16 bytes,        224 total
: 495K->0K(960K), 0.0003404 secs] 5111K->5111K(10176K), 0.0004139 secs] [Times: user=0.00 sys=0.00, real=0.00 secs] 
2019-01-02T11:12:55.503+0530: 843.405: [GC (Allocation Failure) 2019-01-02T11:12:55.503+0530: 843.405: [DefNew
Desired survivor size 32768 bytes, new threshold 15 (max 15)
- age   1:         24 bytes,         24 total
- age   6:         72 bytes,         96 total
- age  12:         16 bytes,        112 total
: 513K->0K(960K), 0.0003284 secs] 5624K->5606K(10176K), 0.0004008 secs] [Times: user=0.00 sys=0.00, real=0.00 secs] 
2019-01-02T11:12:55.556+0530: 843.458: [GC (Allocation Failure) 2019-01-02T11:12:55.556+0530: 843.458: [DefNew
Desired survivor size 32768 bytes, new threshold 15 (max 15)
- age   1:        248 bytes,        248 total
- age   7:         16 bytes,        264 total
- age  13:         16 bytes,        280 total
: 866K->0K(960K), 0.0009693 secs] 6472K->5678K(10176K), 0.0013490 secs] [Times: user=0.00 sys=0.00, real=0.00 secs] 
2019-01-02T11:12:55.560+0530: 843.462: [GC (Allocation Failure) 2019-01-02T11:12:55.560+0530: 843.462: [DefNew
Desired survivor size 32768 bytes, new threshold 15 (max 15)
- age   1:         40 bytes,         40 total
- age   2:        184 bytes,        224 total
- age   8:         16 bytes,        240 total
- age  14:         16 bytes,        256 total
: 896K->0K(960K), 0.0006272 secs] 6574K->5966K(10176K), 0.0008273 secs] [Times: user=0.00 sys=0.00, real=0.00 secs] 
2019-01-02T11:12:55.562+0530: 843.464: [GC (Allocation Failure) 2019-01-02T11:12:55.562+0530: 843.464: [DefNew
Desired survivor size 32768 bytes, new threshold 15 (max 15)
- age   3:        184 bytes,        184 total
- age   9:         16 bytes,        200 total
- age  15:         16 bytes,        216 total
: 896K->0K(960K), 0.0008820 secs] 6862K->6542K(10176K), 0.0010035 secs] [Times: user=0.00 sys=0.00, real=0.00 secs] 
2019-01-02T11:12:55.564+0530: 843.466: [GC (Allocation Failure) 2019-01-02T11:12:55.564+0530: 843.466: [DefNew
Desired survivor size 32768 bytes, new threshold 15 (max 15)
- age   1:         24 bytes,         24 total
- age   4:        184 bytes,        208 total
- age  10:         16 bytes,        224 total
: 462K->0K(960K), 0.0003957 secs] 7004K->6542K(10176K), 0.0005559 secs] [Times: user=0.00 sys=0.00, real=0.00 secs] 
2019-01-02T11:12:55.566+0530: 843.468: [GC (Allocation Failure) 2019-01-02T11:12:55.566+0530: 843.468: [DefNew
Desired survivor size 32768 bytes, new threshold 15 (max 15)
- age   2:         24 bytes,         24 total
- age   5:        184 bytes,        208 total
- age  11:         16 bytes,        224 total
: 495K->0K(960K), 0.0005382 secs] 7038K->7038K(10176K), 0.0006506 secs] [Times: user=0.00 sys=0.00, real=0.00 secs] 
2019-01-02T11:12:55.567+0530: 843.469: [GC (Allocation Failure) 2019-01-02T11:12:55.567+0530: 843.469: [DefNew
Desired survivor size 32768 bytes, new threshold 15 (max 15)
- age   1:         24 bytes,         24 total
- age   6:         72 bytes,         96 total
- age  12:         16 bytes,        112 total
: 513K->0K(960K), 0.0003375 secs] 7551K->7533K(10176K), 0.0004179 secs] [Times: user=0.00 sys=0.00, real=0.00 secs] 
2019-01-02T11:12:55.627+0530: 843.529: [GC (Allocation Failure) 2019-01-02T11:12:55.627+0530: 843.529: [DefNew
Desired survivor size 32768 bytes, new threshold 15 (max 15)
- age   1:        248 bytes,        248 total
- age   7:         16 bytes,        264 total
- age  13:         16 bytes,        280 total
: 866K->0K(960K), 0.0010502 secs] 8400K->7605K(10176K), 0.0014020 secs] [Times: user=0.00 sys=0.00, real=0.00 secs] 
2019-01-02T11:12:55.630+0530: 843.532: [GC (Allocation Failure) 2019-01-02T11:12:55.630+0530: 843.532: [DefNew
Desired survivor size 32768 bytes, new threshold 15 (max 15)
- age   1:         40 bytes,         40 total
- age   2:        184 bytes,        224 total
- age   8:         16 bytes,        240 total
- age  14:         16 bytes,        256 total
: 896K->0K(960K), 0.0008113 secs] 8501K->7893K(10176K), 0.0009869 secs] [Times: user=0.00 sys=0.00, real=0.00 secs] 
2019-01-02T11:12:55.632+0530: 843.534: [GC (Allocation Failure) 2019-01-02T11:12:55.632+0530: 843.534: [DefNew
Desired survivor size 32768 bytes, new threshold 15 (max 15)
- age   3:        184 bytes,        184 total
- age   9:         16 bytes,        200 total
- age  15:         16 bytes,        216 total
: 896K->0K(960K), 0.0011819 secs] 8789K->8469K(10176K), 0.0013644 secs] [Times: user=0.00 sys=0.00, real=0.00 secs] 
2019-01-02T11:12:55.635+0530: 843.537: [GC (Allocation Failure) 2019-01-02T11:12:55.635+0530: 843.537: [DefNew
Desired survivor size 32768 bytes, new threshold 15 (max 15)
- age   1:         24 bytes,         24 total
- age   4:        184 bytes,        208 total
- age  10:         16 bytes,        224 total
: 462K->0K(960K), 0.0006198 secs] 8931K->8469K(10176K), 0.0007794 secs] [Times: user=0.00 sys=0.00, real=0.00 secs] 
2019-01-02T11:12:55.636+0530: 843.538: [GC (Allocation Failure) 2019-01-02T11:12:55.636+0530: 843.538: [DefNew
Desired survivor size 32768 bytes, new threshold 15 (max 15)
- age   2:         24 bytes,         24 total
- age   5:        184 bytes,        208 total
- age  11:         16 bytes,        224 total
: 495K->0K(960K), 0.0003250 secs] 8965K->8965K(10176K), 0.0003963 secs] [Times: user=0.00 sys=0.00, real=0.00 secs] 
2019-01-02T11:12:55.637+0530: 843.539: [GC (Allocation Failure) 2019-01-02T11:12:55.637+0530: 843.539: [DefNew: 513K->513K(960K), 0.0000279 secs]2019-01-02T11:12:55.637+0530: 843.539: [Tenured: 8964K->1257K(9216K), 0.0047945 secs] 9478K->1257K(10176K), [Metaspace: 2520K->2520K(1056768K)], 0.0051656 secs] [Times: user=0.00 sys=0.00, real=0.00 secs] 
2019-01-02T11:12:55.697+0530: 843.599: [GC (Allocation Failure) 2019-01-02T11:12:55.697+0530: 843.600: [DefNew
Desired survivor size 32768 bytes, new threshold 15 (max 15)
- age   1:        248 bytes,        248 total
: 866K->0K(960K), 0.0013866 secs] 2123K->1824K(10176K), 0.0017595 secs] [Times: user=0.00 sys=0.00, real=0.00 secs] 
2019-01-02T11:12:55.701+0530: 843.603: [GC (Allocation Failure) 2019-01-02T11:12:55.701+0530: 843.603: [DefNew
Desired survivor size 32768 bytes, new threshold 15 (max 15)
- age   1:         40 bytes,         40 total
- age   2:        184 bytes,        224 total
: 896K->0K(960K), 0.0007788 secs] 2720K->2112K(10176K), 0.0009727 secs] [Times: user=0.00 sys=0.00, real=0.00 secs] 
2019-01-02T11:12:55.703+0530: 843.605: [GC (Allocation Failure) 2019-01-02T11:12:55.703+0530: 843.605: [DefNew
Desired survivor size 32768 bytes, new threshold 15 (max 15)
- age   3:        184 bytes,        184 total
: 896K->0K(960K), 0.0010730 secs] 3008K->2688K(10176K), 0.0012435 secs] [Times: user=0.00 sys=0.00, real=0.00 secs] 
2019-01-02T11:12:55.706+0530: 843.608: [GC (Allocation Failure) 2019-01-02T11:12:55.706+0530: 843.608: [DefNew
Desired survivor size 32768 bytes, new threshold 15 (max 15)
- age   1:         24 bytes,         24 total
- age   4:        184 bytes,        208 total
: 462K->0K(960K), 0.0002828 secs] 3150K->2688K(10176K), 0.0003678 secs] [Times: user=0.00 sys=0.00, real=0.00 secs] 
2019-01-02T11:12:55.706+0530: 843.609: [GC (Allocation Failure) 2019-01-02T11:12:55.706+0530: 843.609: [DefNew
Desired survivor size 32768 bytes, new threshold 15 (max 15)
- age   2:         24 bytes,         24 total
- age   5:        184 bytes,        208 total
: 495K->0K(960K), 0.0003250 secs] 3184K->3184K(10176K), 0.0003963 secs] [Times: user=0.00 sys=0.00, real=0.00 secs] 
2019-01-02T11:12:55.707+0530: 843.609: [GC (Allocation Failure) 2019-01-02T11:12:55.707+0530: 843.609: [DefNew
Desired survivor size 32768 bytes, new threshold 15 (max 15)
- age   1:         24 bytes,         24 total
- age   6:         72 bytes,         96 total
: 513K->0K(960K), 0.0010713 secs] 3697K->3679K(10176K), 0.0012219 secs] [Times: user=0.00 sys=0.00, real=0.00 secs] 
2019-01-02T11:12:55.765+0530: 843.667: [GC (Allocation Failure) 2019-01-02T11:12:55.765+0530: 843.667: [DefNew
Desired survivor size 32768 bytes, new threshold 15 (max 15)
- age   1:        248 bytes,        248 total
- age   7:         16 bytes,        264 total
: 866K->0K(960K), 0.0011665 secs] 4546K->3752K(10176K), 0.0015092 secs] [Times: user=0.00 sys=0.00, real=0.00 secs] 
2019-01-02T11:12:55.768+0530: 843.670: [GC (Allocation Failure) 2019-01-02T11:12:55.768+0530: 843.670: [DefNew
Desired survivor size 32768 bytes, new threshold 15 (max 15)
- age   1:         40 bytes,         40 total
- age   2:        184 bytes,        224 total
- age   8:         16 bytes,        240 total
: 896K->0K(960K), 0.0008484 secs] 4648K->4040K(10176K), 0.0010018 secs] [Times: user=0.01 sys=0.00, real=0.00 secs] 
2019-01-02T11:12:55.770+0530: 843.673: [GC (Allocation Failure) 2019-01-02T11:12:55.770+0530: 843.673: [DefNew
Desired survivor size 32768 bytes, new threshold 15 (max 15)
- age   3:        184 bytes,        184 total
- age   9:         16 bytes,        200 total
: 896K->0K(960K), 0.0010491 secs] 4936K->4615K(10176K), 0.0012515 secs] [Times: user=0.00 sys=0.00, real=0.00 secs] 
2019-01-02T11:12:55.773+0530: 843.675: [GC (Allocation Failure) 2019-01-02T11:12:55.773+0530: 843.675: [DefNew
Desired survivor size 32768 bytes, new threshold 15 (max 15)
- age   1:         24 bytes,         24 total
- age   4:        184 bytes,        208 total
- age  10:         16 bytes,        224 total
: 462K->0K(960K), 0.0002794 secs] 5077K->4616K(10176K), 0.0003626 secs] [Times: user=0.00 sys=0.00, real=0.00 secs] 
2019-01-02T11:12:55.774+0530: 843.676: [GC (Allocation Failure) 2019-01-02T11:12:55.774+0530: 843.676: [DefNew
Desired survivor size 32768 bytes, new threshold 15 (max 15)
- age   2:         24 bytes,         24 total
- age   5:        184 bytes,        208 total
- age  11:         16 bytes,        224 total
: 495K->0K(960K), 0.0003928 secs] 5111K->5111K(10176K), 0.0004806 secs] [Times: user=0.00 sys=0.00, real=0.00 secs] 
2019-01-02T11:12:55.775+0530: 843.677: [GC (Allocation Failure) 2019-01-02T11:12:55.775+0530: 843.677: [DefNew
Desired survivor size 32768 bytes, new threshold 15 (max 15)
- age   1:         24 bytes,         24 total
- age   6:         72 bytes,         96 total
- age  12:         16 bytes,        112 total
: 513K->0K(960K), 0.0003467 secs] 5624K->5607K(10176K), 0.0004282 secs] [Times: user=0.00 sys=0.00, real=0.00 secs] 
2019-01-02T11:12:55.829+0530: 843.731: [GC (Allocation Failure) 2019-01-02T11:12:55.829+0530: 843.731: [DefNew
Desired survivor size 32768 bytes, new threshold 15 (max 15)
- age   1:        248 bytes,        248 total
- age   7:         16 bytes,        264 total
- age  13:         16 bytes,        280 total
: 866K->0K(960K), 0.0005012 secs] 6473K->5679K(10176K), 0.0007349 secs] [Times: user=0.00 sys=0.00, real=0.00 secs] 
2019-01-02T11:12:55.831+0530: 843.733: [GC (Allocation Failure) 2019-01-02T11:12:55.831+0530: 843.733: [DefNew
Desired survivor size 32768 bytes, new threshold 15 (max 15)
- age   1:         40 bytes,         40 total
- age   2:        184 bytes,        224 total
- age   8:         16 bytes,        240 total
- age  14:         16 bytes,        256 total
: 896K->0K(960K), 0.0008735 secs] 6575K->5967K(10176K), 0.0011962 secs] [Times: user=0.02 sys=0.00, real=0.00 secs] 
2019-01-02T11:12:55.834+0530: 843.736: [GC (Allocation Failure) 2019-01-02T11:12:55.834+0530: 843.736: [DefNew
Desired survivor size 32768 bytes, new threshold 15 (max 15)
- age   3:        184 bytes,        184 total
- age   9:         16 bytes,        200 total
- age  15:         16 bytes,        216 total
: 896K->0K(960K), 0.0010668 secs] 6863K->6543K(10176K), 0.0012161 secs] [Times: user=0.00 sys=0.00, real=0.00 secs] 
2019-01-02T11:12:55.836+0530: 843.739: [GC (Allocation Failure) 2019-01-02T11:12:55.836+0530: 843.739: [DefNew
Desired survivor size 32768 bytes, new threshold 15 (max 15)
- age   1:         24 bytes,         24 total
- age   4:        184 bytes,        208 total
- age  10:         16 bytes,        224 total
: 462K->0K(960K), 0.0002794 secs] 7005K->6543K(10176K), 0.0003752 secs] [Times: user=0.00 sys=0.00, real=0.00 secs] 
2019-01-02T11:12:55.837+0530: 843.739: [GC (Allocation Failure) 2019-01-02T11:12:55.837+0530: 843.739: [DefNew
Desired survivor size 32768 bytes, new threshold 15 (max 15)
- age   2:         24 bytes,         24 total
- age   5:        184 bytes,        208 total
- age  11:         16 bytes,        224 total
: 495K->0K(960K), 0.0003717 secs] 7038K->7038K(10176K), 0.0004556 secs] [Times: user=0.00 sys=0.00, real=0.00 secs] 
2019-01-02T11:12:55.838+0530: 843.740: [GC (Allocation Failure) 2019-01-02T11:12:55.838+0530: 843.740: [DefNew
Desired survivor size 32768 bytes, new threshold 15 (max 15)
- age   1:         24 bytes,         24 total
- age   6:         72 bytes,         96 total
- age  12:         16 bytes,        112 total
: 513K->0K(960K), 0.0003204 secs] 7551K->7534K(10176K), 0.0003917 secs] [Times: user=0.00 sys=0.00, real=0.00 secs] 
2019-01-02T11:12:55.894+0530: 843.796: [GC (Allocation Failure) 2019-01-02T11:12:55.894+0530: 843.796: [DefNew
Desired survivor size 32768 bytes, new threshold 15 (max 15)
- age   1:        248 bytes,        248 total
- age   7:         16 bytes,        264 total
- age  13:         16 bytes,        280 total
: 866K->0K(960K), 0.0009459 secs] 8400K->7606K(10176K), 0.0012640 secs] [Times: user=0.00 sys=0.00, real=0.00 secs] 
2019-01-02T11:12:55.897+0530: 843.799: [GC (Allocation Failure) 2019-01-02T11:12:55.897+0530: 843.799: [DefNew
Desired survivor size 32768 bytes, new threshold 15 (max 15)
- age   1:         40 bytes,         40 total
- age   2:        184 bytes,        224 total
- age   8:         16 bytes,        240 total
- age  14:         16 bytes,        256 total
: 896K->0K(960K), 0.0009527 secs] 8502K->7894K(10176K), 0.0010730 secs] [Times: user=0.00 sys=0.00, real=0.00 secs] 
2019-01-02T11:12:55.899+0530: 843.802: [GC (Allocation Failure) 2019-01-02T11:12:55.900+0530: 843.802: [DefNew
Desired survivor size 32768 bytes, new threshold 15 (max 15)
- age   3:        184 bytes,        184 total
- age   9:         16 bytes,        200 total
- age  15:         16 bytes,        216 total
: 896K->0K(960K), 0.0011956 secs] 8790K->8470K(10176K), 0.0013946 secs] [Times: user=0.00 sys=0.00, real=0.00 secs] 
2019-01-02T11:12:55.902+0530: 843.804: [GC (Allocation Failure) 2019-01-02T11:12:55.902+0530: 843.804: [DefNew
Desired survivor size 32768 bytes, new threshold 15 (max 15)
- age   1:         24 bytes,         24 total
- age   4:        184 bytes,        208 total
- age  10:         16 bytes,        224 total
: 462K->0K(960K), 0.0002594 secs] 8932K->8470K(10176K), 0.0003341 secs] [Times: user=0.00 sys=0.00, real=0.00 secs] 
2019-01-02T11:12:55.903+0530: 843.805: [GC (Allocation Failure) 2019-01-02T11:12:55.903+0530: 843.805: [DefNew
Desired survivor size 32768 bytes, new threshold 15 (max 15)
- age   2:         24 bytes,         24 total
- age   5:        184 bytes,        208 total
- age  11:         16 bytes,        224 total
: 495K->0K(960K), 0.0003330 secs] 8966K->8966K(10176K), 0.0004037 secs] [Times: user=0.00 sys=0.00, real=0.00 secs] 
2019-01-02T11:12:55.904+0530: 843.806: [GC (Allocation Failure) 2019-01-02T11:12:55.904+0530: 843.806: [DefNew: 513K->513K(960K), 0.0000279 secs]2019-01-02T11:12:55.904+0530: 843.806: [Tenured: 8965K->1257K(9216K), 0.0037505 secs] 9479K->1257K(10176K), [Metaspace: 2520K->2520K(1056768K)], 0.0038919 secs] [Times: user=0.00 sys=0.00, real=0.00 secs] 
2019-01-02T11:12:55.964+0530: 843.866: [GC (Allocation Failure) 2019-01-02T11:12:55.964+0530: 843.867: [DefNew
Desired survivor size 32768 bytes, new threshold 15 (max 15)
- age   1:        248 bytes,        248 total
: 866K->0K(960K), 0.0009145 secs] 2123K->1825K(10176K), 0.0011494 secs] [Times: user=0.00 sys=0.00, real=0.00 secs] 
2019-01-02T11:12:55.967+0530: 843.869: [GC (Allocation Failure) 2019-01-02T11:12:55.967+0530: 843.870: [DefNew
Desired survivor size 32768 bytes, new threshold 15 (max 15)
- age   1:         40 bytes,         40 total
- age   2:        184 bytes,        224 total
: 896K->0K(960K), 0.0008250 secs] 2721K->2113K(10176K), 0.0010919 secs] [Times: user=0.00 sys=0.00, real=0.00 secs] 
2019-01-02T11:12:55.970+0530: 843.872: [GC (Allocation Failure) 2019-01-02T11:12:55.970+0530: 843.872: [DefNew
Desired survivor size 32768 bytes, new threshold 15 (max 15)
- age   3:        184 bytes,        184 total
: 896K->0K(960K), 0.0013102 secs] 3009K->2689K(10176K), 0.0015064 secs] [Times: user=0.00 sys=0.00, real=0.00 secs] 
2019-01-02T11:12:55.972+0530: 843.875: [GC (Allocation Failure) 2019-01-02T11:12:55.973+0530: 843.875: [DefNew
Desired survivor size 32768 bytes, new threshold 15 (max 15)
- age   1:         24 bytes,         24 total
- age   4:        184 bytes,        208 total
: 462K->0K(960K), 0.0002492 secs] 3151K->2689K(10176K), 0.0003296 secs] [Times: user=0.00 sys=0.00, real=0.00 secs] 
2019-01-02T11:12:55.973+0530: 843.875: [GC (Allocation Failure) 2019-01-02T11:12:55.973+0530: 843.875: [DefNew
Desired survivor size 32768 bytes, new threshold 15 (max 15)
- age   2:         24 bytes,         24 total
- age   5:        184 bytes,        208 total
: 495K->0K(960K), 0.0003273 secs] 3184K->3184K(10176K), 0.0003991 secs] [Times: user=0.00 sys=0.00, real=0.00 secs] 
2019-01-02T11:12:55.974+0530: 843.876: [GC (Allocation Failure) 2019-01-02T11:12:55.974+0530: 843.876: [DefNew
Desired survivor size 32768 bytes, new threshold 15 (max 15)
- age   1:         24 bytes,         24 total
- age   6:         72 bytes,         96 total
: 513K->0K(960K), 0.0003142 secs] 3697K->3680K(10176K), 0.0003877 secs] [Times: user=0.00 sys=0.00, real=0.00 secs] 
2019-01-02T11:12:56.030+0530: 843.932: [GC (Allocation Failure) 2019-01-02T11:12:56.030+0530: 843.932: [DefNew
Desired survivor size 32768 bytes, new threshold 15 (max 15)
- age   1:        248 bytes,        248 total
- age   7:         16 bytes,        264 total
: 866K->0K(960K), 0.0006323 secs] 4546K->3752K(10176K), 0.0007714 secs] [Times: user=0.00 sys=0.00, real=0.00 secs] 
2019-01-02T11:12:56.033+0530: 843.935: [GC (Allocation Failure) 2019-01-02T11:12:56.033+0530: 843.935: [DefNew
Desired survivor size 32768 bytes, new threshold 15 (max 15)
- age   1:         40 bytes,         40 total
- age   2:        184 bytes,        224 total
- age   8:         16 bytes,        240 total
: 896K->0K(960K), 0.0009271 secs] 4648K->4040K(10176K), 0.0011033 secs] [Times: user=0.02 sys=0.00, real=0.00 secs] 
2019-01-02T11:12:56.035+0530: 843.938: [GC (Allocation Failure) 2019-01-02T11:12:56.035+0530: 843.938: [DefNew
Desired survivor size 32768 bytes, new threshold 15 (max 15)
- age   3:        184 bytes,        184 total
- age   9:         16 bytes,        200 total
: 896K->0K(960K), 0.0010297 secs] 4936K->4616K(10176K), 0.0011899 secs] [Times: user=0.00 sys=0.00, real=0.00 secs] 
2019-01-02T11:12:56.038+0530: 843.940: [GC (Allocation Failure) 2019-01-02T11:12:56.038+0530: 843.940: [DefNew
Desired survivor size 32768 bytes, new threshold 15 (max 15)
- age   1:         24 bytes,         24 total
- age   4:        184 bytes,        208 total
- age  10:         16 bytes,        224 total
: 462K->0K(960K), 0.0002782 secs] 5078K->4616K(10176K), 0.0003774 secs] [Times: user=0.00 sys=0.00, real=0.00 secs] 
2019-01-02T11:12:56.039+0530: 843.941: [GC (Allocation Failure) 2019-01-02T11:12:56.039+0530: 843.941: [DefNew
Desired survivor size 32768 bytes, new threshold 15 (max 15)
- age   2:         24 bytes,         24 total
- age   5:        184 bytes,        208 total
- age  11:         16 bytes,        224 total
: 495K->0K(960K), 0.0003410 secs] 5112K->5112K(10176K), 0.0004014 secs] [Times: user=0.00 sys=0.00, real=0.00 secs] 
2019-01-02T11:12:56.040+0530: 843.942: [GC (Allocation Failure) 2019-01-02T11:12:56.040+0530: 843.942: [DefNew
Desired survivor size 32768 bytes, new threshold 15 (max 15)
- age   1:         24 bytes,         24 total
- age   6:         72 bytes,         96 total
- age  12:         16 bytes,        112 total
: 513K->0K(960K), 0.0003421 secs] 5625K->5607K(10176K), 0.0004162 secs] [Times: user=0.00 sys=0.00, real=0.00 secs] 
2019-01-02T11:12:56.094+0530: 843.996: [GC (Allocation Failure) 2019-01-02T11:12:56.094+0530: 843.996: [DefNew
Desired survivor size 32768 bytes, new threshold 15 (max 15)
- age   1:        248 bytes,        248 total
- age   7:         16 bytes,        264 total
- age  13:         16 bytes,        280 total
: 866K->0K(960K), 0.0016033 secs] 6474K->5679K(10176K), 0.0017760 secs] [Times: user=0.00 sys=0.00, real=0.00 secs] 
2019-01-02T11:12:56.097+0530: 843.999: [GC (Allocation Failure) 2019-01-02T11:12:56.097+0530: 843.999: [DefNew
Desired survivor size 32768 bytes, new threshold 15 (max 15)
- age   1:         40 bytes,         40 total
- age   2:        184 bytes,        224 total
- age   8:         16 bytes,        240 total
- age  14:         16 bytes,        256 total
: 896K->0K(960K), 0.0007235 secs] 6575K->5967K(10176K), 0.0008353 secs] [Times: user=0.00 sys=0.00, real=0.00 secs] 
2019-01-02T11:12:56.099+0530: 844.001: [GC (Allocation Failure) 2019-01-02T11:12:56.099+0530: 844.002: [DefNew
Desired survivor size 32768 bytes, new threshold 15 (max 15)
- age   3:        184 bytes,        184 total
- age   9:         16 bytes,        200 total
- age  15:         16 bytes,        216 total
: 896K->0K(960K), 0.0010365 secs] 6863K->6543K(10176K), 0.0012310 secs] [Times: user=0.00 sys=0.00, real=0.00 secs] 
2019-01-02T11:12:56.102+0530: 844.004: [GC (Allocation Failure) 2019-01-02T11:12:56.102+0530: 844.004: [DefNew
Desired survivor size 32768 bytes, new threshold 15 (max 15)
- age   1:         24 bytes,         24 total
- age   4:        184 bytes,        208 total
- age  10:         16 bytes,        224 total
: 462K->0K(960K), 0.0007566 secs] 7005K->6543K(10176K), 0.0009636 secs] [Times: user=0.00 sys=0.00, real=0.00 secs] 
2019-01-02T11:12:56.104+0530: 844.006: [GC (Allocation Failure) 2019-01-02T11:12:56.104+0530: 844.006: [DefNew
Desired survivor size 32768 bytes, new threshold 15 (max 15)
- age   2:         24 bytes,         24 total
- age   5:        184 bytes,        208 total
- age  11:         16 bytes,        224 total
: 495K->0K(960K), 0.0003860 secs] 7039K->7039K(10176K), 0.0004658 secs] [Times: user=0.00 sys=0.00, real=0.00 secs] 
2019-01-02T11:12:56.105+0530: 844.007: [GC (Allocation Failure) 2019-01-02T11:12:56.105+0530: 844.007: [DefNew
Desired survivor size 32768 bytes, new threshold 15 (max 15)
- age   1:         24 bytes,         24 total
- age   6:         72 bytes,         96 total
- age  12:         16 bytes,        112 total
: 513K->0K(960K), 0.0003313 secs] 7552K->7535K(10176K), 0.0004082 secs] [Times: user=0.00 sys=0.00, real=0.00 secs] 
2019-01-02T11:12:56.165+0530: 844.068: [GC (Allocation Failure) 2019-01-02T11:12:56.166+0530: 844.068: [DefNew
Desired survivor size 32768 bytes, new threshold 15 (max 15)
- age   1:        248 bytes,        248 total
- age   7:         16 bytes,        264 total
- age  13:         16 bytes,        280 total
: 866K->0K(960K), 0.0009619 secs] 8401K->7607K(10176K), 0.0013849 secs] [Times: user=0.00 sys=0.00, real=0.00 secs] 
2019-01-02T11:12:56.169+0530: 844.071: [GC (Allocation Failure) 2019-01-02T11:12:56.169+0530: 844.071: [DefNew
Desired survivor size 32768 bytes, new threshold 15 (max 15)
- age   1:         40 bytes,         40 total
- age   2:        184 bytes,        224 total
- age   8:         16 bytes,        240 total
- age  14:         16 bytes,        256 total
: 896K->0K(960K), 0.0008558 secs] 8503K->7895K(10176K), 0.0011226 secs] [Times: user=0.00 sys=0.00, real=0.00 secs] 
2019-01-02T11:12:56.171+0530: 844.074: [GC (Allocation Failure) 2019-01-02T11:12:56.171+0530: 844.074: [DefNew
Desired survivor size 32768 bytes, new threshold 15 (max 15)
- age   3:        184 bytes,        184 total
- age   9:         16 bytes,        200 total
- age  15:         16 bytes,        216 total
: 896K->0K(960K), 0.0010365 secs] 8791K->8471K(10176K), 0.0011586 secs] [Times: user=0.00 sys=0.00, real=0.00 secs] 
2019-01-02T11:12:56.174+0530: 844.076: [GC (Allocation Failure) 2019-01-02T11:12:56.174+0530: 844.076: [DefNew
Desired survivor size 32768 bytes, new threshold 15 (max 15)
- age   1:         24 bytes,         24 total
- age   4:        184 bytes,        208 total
- age  10:         16 bytes,        224 total
: 462K->0K(960K), 0.0002583 secs] 8933K->8471K(10176K), 0.0003353 secs] [Times: user=0.00 sys=0.00, real=0.00 secs] 
2019-01-02T11:12:56.174+0530: 844.077: [GC (Allocation Failure) 2019-01-02T11:12:56.174+0530: 844.077: [DefNew
Desired survivor size 32768 bytes, new threshold 15 (max 15)
- age   2:         24 bytes,         24 total
- age   5:        184 bytes,        208 total
- age  11:         16 bytes,        224 total
: 495K->0K(960K), 0.0003558 secs] 8966K->8966K(10176K), 0.0004288 secs] [Times: user=0.00 sys=0.00, real=0.00 secs] 
2019-01-02T11:12:56.175+0530: 844.077: [GC (Allocation Failure) 2019-01-02T11:12:56.175+0530: 844.077: [DefNew: 513K->513K(960K), 0.0000285 secs]2019-01-02T11:12:56.175+0530: 844.077: [Tenured: 8966K->1257K(9216K), 0.0052768 secs] 9480K->1257K(10176K), [Metaspace: 2520K->2520K(1056768K)], 0.0055357 secs] [Times: user=0.00 sys=0.00, real=0.01 secs] 
2019-01-02T11:12:56.236+0530: 844.138: [GC (Allocation Failure) 2019-01-02T11:12:56.236+0530: 844.139: [DefNew
Desired survivor size 32768 bytes, new threshold 15 (max 15)
- age   1:        248 bytes,        248 total
: 866K->0K(960K), 0.0013678 secs] 2124K->1825K(10176K), 0.0017920 secs] [Times: user=0.02 sys=0.00, real=0.00 secs] 
2019-01-02T11:12:56.240+0530: 844.142: [GC (Allocation Failure) 2019-01-02T11:12:56.240+0530: 844.142: [DefNew
Desired survivor size 32768 bytes, new threshold 15 (max 15)
- age   1:         40 bytes,         40 total
- age   2:        184 bytes,        224 total
: 896K->0K(960K), 0.0010229 secs] 2721K->2113K(10176K), 0.0012424 secs] [Times: user=0.00 sys=0.00, real=0.00 secs] 
2019-01-02T11:12:56.242+0530: 844.145: [GC (Allocation Failure) 2019-01-02T11:12:56.242+0530: 844.145: [DefNew
Desired survivor size 32768 bytes, new threshold 15 (max 15)
- age   3:        184 bytes,        184 total
: 896K->0K(960K), 0.0008780 secs] 3009K->2689K(10176K), 0.0011095 secs] [Times: user=0.00 sys=0.00, real=0.00 secs] 
2019-01-02T11:12:56.245+0530: 844.147: [GC (Allocation Failure) 2019-01-02T11:12:56.245+0530: 844.147: [DefNew
Desired survivor size 32768 bytes, new threshold 15 (max 15)
- age   1:         24 bytes,         24 total
- age   4:        184 bytes,        208 total
: 462K->0K(960K), 0.0002663 secs] 3151K->2689K(10176K), 0.0003330 secs] [Times: user=0.00 sys=0.00, real=0.00 secs] 
2019-01-02T11:12:56.246+0530: 844.148: [GC (Allocation Failure) 2019-01-02T11:12:56.246+0530: 844.148: [DefNew
Desired survivor size 32768 bytes, new threshold 15 (max 15)
- age   2:         24 bytes,         24 total
- age   5:        184 bytes,        208 total
: 495K->0K(960K), 0.0005821 secs] 3184K->3184K(10176K), 0.0006620 secs] [Times: user=0.00 sys=0.00, real=0.00 secs] 
2019-01-02T11:12:56.247+0530: 844.149: [GC (Allocation Failure) 2019-01-02T11:12:56.247+0530: 844.149: [DefNew
Desired survivor size 32768 bytes, new threshold 15 (max 15)
- age   1:         24 bytes,         24 total
- age   6:         72 bytes,         96 total
: 513K->0K(960K), 0.0005399 secs] 3698K->3680K(10176K), 0.0006545 secs] [Times: user=0.00 sys=0.00, real=0.00 secs] 
2019-01-02T11:12:56.302+0530: 844.204: [GC (Allocation Failure) 2019-01-02T11:12:56.303+0530: 844.205: [DefNew
Desired survivor size 32768 bytes, new threshold 15 (max 15)
- age   1:        248 bytes,        248 total
- age   7:         16 bytes,        264 total
: 866K->0K(960K), 0.0012737 secs] 4547K->3752K(10176K), 0.0016460 secs] [Times: user=0.00 sys=0.00, real=0.00 secs] 
2019-01-02T11:12:56.306+0530: 844.208: [GC (Allocation Failure) 2019-01-02T11:12:56.306+0530: 844.208: [DefNew
Desired survivor size 32768 bytes, new threshold 15 (max 15)
- age   1:         40 bytes,         40 total
- age   2:        184 bytes,        224 total
- age   8:         16 bytes,        240 total
: 896K->0K(960K), 0.0011312 secs] 4648K->4040K(10176K), 0.0013422 secs] [Times: user=0.00 sys=0.00, real=0.00 secs] 
2019-01-02T11:12:56.309+0530: 844.211: [GC (Allocation Failure) 2019-01-02T11:12:56.309+0530: 844.211: [DefNew
Desired survivor size 32768 bytes, new threshold 15 (max 15)
- age   3:        184 bytes,        184 total
- age   9:         16 bytes,        200 total
: 896K->0K(960K), 0.0004664 secs] 4936K->4616K(10176K), 0.0005952 secs] [Times: user=0.00 sys=0.00, real=0.00 secs] 
2019-01-02T11:12:56.310+0530: 844.213: [GC (Allocation Failure) 2019-01-02T11:12:56.310+0530: 844.213: [DefNew
Desired survivor size 32768 bytes, new threshold 15 (max 15)
- age   1:         24 bytes,         24 total
- age   4:        184 bytes,        208 total
- age  10:         16 bytes,        224 total
: 462K->0K(960K), 0.0011084 secs] 5078K->4616K(10176K), 0.0013028 secs] [Times: user=0.00 sys=0.00, real=0.00 secs] 
2019-01-02T11:12:56.312+0530: 844.215: [GC (Allocation Failure) 2019-01-02T11:12:56.312+0530: 844.215: [DefNew
Desired survivor size 32768 bytes, new threshold 15 (max 15)
- age   2:         24 bytes,         24 total
- age   5:        184 bytes,        208 total
- age  11:         16 bytes,        224 total
: 495K->0K(960K), 0.0003660 secs] 5112K->5112K(10176K), 0.0004367 secs] [Times: user=0.00 sys=0.00, real=0.00 secs] 
2019-01-02T11:12:56.313+0530: 844.216: [GC (Allocation Failure) 2019-01-02T11:12:56.313+0530: 844.216: [DefNew
Desired survivor size 32768 bytes, new threshold 15 (max 15)
- age   1:         24 bytes,         24 total
- age   6:         72 bytes,         96 total
- age  12:         16 bytes,        112 total
: 513K->0K(960K), 0.0006135 secs] 5625K->5608K(10176K), 0.0007076 secs] [Times: user=0.00 sys=0.00, real=0.00 secs] 
2019-01-02T11:12:56.368+0530: 844.270: [GC (Allocation Failure) 2019-01-02T11:12:56.368+0530: 844.271: [DefNew
Desired survivor size 32768 bytes, new threshold 15 (max 15)
- age   1:        248 bytes,        248 total
- age   7:         16 bytes,        264 total
- age  13:         16 bytes,        280 total
: 866K->0K(960K), 0.0011323 secs] 6474K->5680K(10176K), 0.0014585 secs] [Times: user=0.00 sys=0.00, real=0.00 secs] 
2019-01-02T11:12:56.372+0530: 844.274: [GC (Allocation Failure) 2019-01-02T11:12:56.372+0530: 844.274: [DefNew
Desired survivor size 32768 bytes, new threshold 15 (max 15)
- age   1:         40 bytes,         40 total
- age   2:        184 bytes,        224 total
- age   8:         16 bytes,        240 total
- age  14:         16 bytes,        256 total
: 896K->0K(960K), 0.0010314 secs] 6576K->5968K(10176K), 0.0012504 secs] [Times: user=0.00 sys=0.00, real=0.00 secs] 
2019-01-02T11:12:56.375+0530: 844.277: [GC (Allocation Failure) 2019-01-02T11:12:56.375+0530: 844.277: [DefNew
Desired survivor size 32768 bytes, new threshold 15 (max 15)
- age   3:        184 bytes,        184 total
- age   9:         16 bytes,        200 total
- age  15:         16 bytes,        216 total
: 896K->0K(960K), 0.0009499 secs] 6864K->6544K(10176K), 0.0010776 secs] [Times: user=0.00 sys=0.00, real=0.00 secs] 
2019-01-02T11:12:56.377+0530: 844.279: [GC (Allocation Failure) 2019-01-02T11:12:56.377+0530: 844.279: [DefNew
Desired survivor size 32768 bytes, new threshold 15 (max 15)
- age   1:         24 bytes,         24 total
- age   4:        184 bytes,        208 total
- age  10:         16 bytes,        224 total
: 462K->0K(960K), 0.0002748 secs] 7006K->6544K(10176K), 0.0003586 secs] [Times: user=0.02 sys=0.00, real=0.00 secs] 
2019-01-02T11:12:56.378+0530: 844.280: [GC (Allocation Failure) 2019-01-02T11:12:56.378+0530: 844.280: [DefNew
Desired survivor size 32768 bytes, new threshold 15 (max 15)
- age   2:         24 bytes,         24 total
- age   5:        184 bytes,        208 total
- age  11:         16 bytes,        224 total
: 495K->0K(960K), 0.0012167 secs] 7040K->7040K(10176K), 0.0013655 secs] [Times: user=0.00 sys=0.00, real=0.00 secs] 
2019-01-02T11:12:56.380+0530: 844.282: [GC (Allocation Failure) 2019-01-02T11:12:56.380+0530: 844.282: [DefNew
Desired survivor size 32768 bytes, new threshold 15 (max 15)
- age   1:         24 bytes,         24 total
- age   6:         72 bytes,         96 total
- age  12:         16 bytes,        112 total
: 513K->0K(960K), 0.0005867 secs] 7553K->7535K(10176K), 0.0006762 secs] [Times: user=0.00 sys=0.00, real=0.00 secs] 
2019-01-02T11:12:56.437+0530: 844.339: [GC (Allocation Failure) 2019-01-02T11:12:56.437+0530: 844.339: [DefNew
Desired survivor size 32768 bytes, new threshold 15 (max 15)
- age   1:        248 bytes,        248 total
- age   7:         16 bytes,        264 total
- age  13:         16 bytes,        280 total
: 866K->0K(960K), 0.0010103 secs] 8402K->7607K(10176K), 0.0012629 secs] [Times: user=0.00 sys=0.00, real=0.00 secs] 
2019-01-02T11:12:56.440+0530: 844.342: [GC (Allocation Failure) 2019-01-02T11:12:56.440+0530: 844.342: [DefNew
Desired survivor size 32768 bytes, new threshold 15 (max 15)
- age   1:         40 bytes,         40 total
- age   2:        184 bytes,        224 total
- age   8:         16 bytes,        240 total
- age  14:         16 bytes,        256 total
: 896K->0K(960K), 0.0012669 secs] 8503K->7895K(10176K), 0.0014984 secs] [Times: user=0.00 sys=0.00, real=0.00 secs] 
2019-01-02T11:12:56.443+0530: 844.345: [GC (Allocation Failure) 2019-01-02T11:12:56.443+0530: 844.345: [DefNew
Desired survivor size 32768 bytes, new threshold 15 (max 15)
- age   3:        184 bytes,        184 total
- age   9:         16 bytes,        200 total
- age  15:         16 bytes,        216 total
: 896K->0K(960K), 0.0003997 secs] 8791K->8471K(10176K), 0.0004943 secs] [Times: user=0.00 sys=0.00, real=0.00 secs] 
2019-01-02T11:12:56.444+0530: 844.347: [GC (Allocation Failure) 2019-01-02T11:12:56.445+0530: 844.347: [DefNew
Desired survivor size 32768 bytes, new threshold 15 (max 15)
- age   1:         24 bytes,         24 total
- age   4:        184 bytes,        208 total
- age  10:         16 bytes,        224 total
: 462K->0K(960K), 0.0006882 secs] 8933K->8471K(10176K), 0.0008604 secs] [Times: user=0.00 sys=0.00, real=0.00 secs] 
2019-01-02T11:12:56.446+0530: 844.349: [GC (Allocation Failure) 2019-01-02T11:12:56.446+0530: 844.349: [DefNew
Desired survivor size 32768 bytes, new threshold 15 (max 15)
- age   2:         24 bytes,         24 total
- age   5:        184 bytes,        208 total
- age  11:         16 bytes,        224 total
: 495K->0K(960K), 0.0003900 secs] 8967K->8967K(10176K), 0.0004681 secs] [Times: user=0.00 sys=0.00, real=0.00 secs] 
2019-01-02T11:12:56.447+0530: 844.349: [GC (Allocation Failure) 2019-01-02T11:12:56.447+0530: 844.350: [DefNew: 513K->513K(960K), 0.0000513 secs]2019-01-02T11:12:56.447+0530: 844.350: [Tenured: 8967K->1257K(9216K), 0.0049496 secs] 9481K->1257K(10176K), [Metaspace: 2520K->2520K(1056768K)], 0.0051651 secs] [Times: user=0.00 sys=0.00, real=0.00 secs] 
2019-01-02T11:12:56.502+0530: 844.404: [GC (Allocation Failure) 2019-01-02T11:12:56.502+0530: 844.405: [DefNew
Desired survivor size 32768 bytes, new threshold 15 (max 15)
- age   1:        248 bytes,        248 total
: 866K->0K(960K), 0.0011078 secs] 2124K->1825K(10176K), 0.0014317 secs] [Times: user=0.00 sys=0.00, real=0.00 secs] 
2019-01-02T11:12:56.505+0530: 844.408: [GC (Allocation Failure) 2019-01-02T11:12:56.506+0530: 844.408: [DefNew
Desired survivor size 32768 bytes, new threshold 15 (max 15)
- age   1:         40 bytes,         40 total
- age   2:        184 bytes,        224 total
: 896K->0K(960K), 0.0010269 secs] 2721K->2113K(10176K), 0.0012327 secs] [Times: user=0.00 sys=0.00, real=0.00 secs] 
2019-01-02T11:12:56.508+0530: 844.410: [GC (Allocation Failure) 2019-01-02T11:12:56.508+0530: 844.411: [DefNew
Desired survivor size 32768 bytes, new threshold 15 (max 15)
- age   3:        184 bytes,        184 total
: 896K->0K(960K), 0.0006625 secs] 3009K->2689K(10176K), 0.0008558 secs] [Times: user=0.00 sys=0.00, real=0.00 secs] 
2019-01-02T11:12:56.510+0530: 844.413: [GC (Allocation Failure) 2019-01-02T11:12:56.510+0530: 844.413: [DefNew
Desired survivor size 32768 bytes, new threshold 15 (max 15)
- age   1:         24 bytes,         24 total
- age   4:        184 bytes,        208 total
: 462K->0K(960K), 0.0002646 secs] 3151K->2689K(10176K), 0.0003398 secs] [Times: user=0.00 sys=0.00, real=0.00 secs] 
2019-01-02T11:12:56.511+0530: 844.413: [GC (Allocation Failure) 2019-01-02T11:12:56.511+0530: 844.413: [DefNew
Desired survivor size 32768 bytes, new threshold 15 (max 15)
- age   2:         24 bytes,         24 total
- age   5:        184 bytes,        208 total
: 495K->0K(960K), 0.0003170 secs] 3185K->3185K(10176K), 0.0003911 secs] [Times: user=0.00 sys=0.00, real=0.00 secs] 
2019-01-02T11:12:56.512+0530: 844.414: [GC (Allocation Failure) 2019-01-02T11:12:56.512+0530: 844.414: [DefNew
Desired survivor size 32768 bytes, new threshold 15 (max 15)
- age   1:         24 bytes,         24 total
- age   6:         72 bytes,         96 total
: 513K->0K(960K), 0.0010149 secs] 3698K->3681K(10176K), 0.0011979 secs] [Times: user=0.00 sys=0.00, real=0.00 secs] 
2019-01-02T11:12:56.566+0530: 844.469: [GC (Allocation Failure) 2019-01-02T11:12:56.566+0530: 844.469: [DefNew
Desired survivor size 32768 bytes, new threshold 15 (max 15)
- age   1:        248 bytes,        248 total
- age   7:         16 bytes,        264 total
: 866K->0K(960K), 0.0005325 secs] 4547K->3753K(10176K), 0.0006945 secs] [Times: user=0.00 sys=0.00, real=0.00 secs] 
2019-01-02T11:12:56.569+0530: 844.471: [GC (Allocation Failure) 2019-01-02T11:12:56.569+0530: 844.471: [DefNew
Desired survivor size 32768 bytes, new threshold 15 (max 15)
- age   1:         40 bytes,         40 total
- age   2:        184 bytes,        224 total
- age   8:         16 bytes,        240 total
: 896K->0K(960K), 0.0008227 secs] 4649K->4041K(10176K), 0.0009328 secs] [Times: user=0.00 sys=0.00, real=0.00 secs] 
2019-01-02T11:12:56.571+0530: 844.474: [GC (Allocation Failure) 2019-01-02T11:12:56.571+0530: 844.474: [DefNew
Desired survivor size 32768 bytes, new threshold 15 (max 15)
- age   3:        184 bytes,        184 total
- age   9:         16 bytes,        200 total
: 896K->0K(960K), 0.0010143 secs] 4937K->4617K(10176K), 0.0012452 secs] [Times: user=0.00 sys=0.00, real=0.00 secs] 
2019-01-02T11:12:56.574+0530: 844.476: [GC (Allocation Failure) 2019-01-02T11:12:56.574+0530: 844.476: [DefNew
Desired survivor size 32768 bytes, new threshold 15 (max 15)
- age   1:         24 bytes,         24 total
- age   4:        184 bytes,        208 total
- age  10:         16 bytes,        224 total
: 462K->0K(960K), 0.0006391 secs] 5079K->4617K(10176K), 0.0007714 secs] [Times: user=0.00 sys=0.00, real=0.00 secs] 
2019-01-02T11:12:56.575+0530: 844.478: [GC (Allocation Failure) 2019-01-02T11:12:56.575+0530: 844.478: [DefNew
Desired survivor size 32768 bytes, new threshold 15 (max 15)
- age   2:         24 bytes,         24 total
- age   5:        184 bytes,        208 total
- age  11:         16 bytes,        224 total
: 496K->0K(960K), 0.0003524 secs] 5113K->5113K(10176K), 0.0004253 secs] [Times: user=0.00 sys=0.00, real=0.00 secs] 
2019-01-02T11:12:56.576+0530: 844.478: [GC (Allocation Failure) 2019-01-02T11:12:56.576+0530: 844.478: [DefNew
Desired survivor size 32768 bytes, new threshold 15 (max 15)
- age   1:         24 bytes,         24 total
- age   6:         72 bytes,         96 total
- age  12:         16 bytes,        112 total
: 513K->0K(960K), 0.0003324 secs] 5626K->5608K(10176K), 0.0004105 secs] [Times: user=0.00 sys=0.00, real=0.00 secs] 
2019-01-02T11:12:56.635+0530: 844.537: [GC (Allocation Failure) 2019-01-02T11:12:56.635+0530: 844.538: [DefNew
Desired survivor size 32768 bytes, new threshold 15 (max 15)
- age   1:        248 bytes,        248 total
- age   7:         16 bytes,        264 total
- age  13:         16 bytes,        280 total
: 866K->0K(960K), 0.0006095 secs] 6475K->5680K(10176K), 0.0008370 secs] [Times: user=0.00 sys=0.00, real=0.00 secs] 
2019-01-02T11:12:56.638+0530: 844.540: [GC (Allocation Failure) 2019-01-02T11:12:56.638+0530: 844.540: [DefNew
Desired survivor size 32768 bytes, new threshold 15 (max 15)
- age   1:         40 bytes,         40 total
- age   2:        184 bytes,        224 total
- age   8:         16 bytes,        240 total
- age  14:         16 bytes,        256 total
: 896K->0K(960K), 0.0010200 secs] 6576K->5968K(10176K), 0.0012452 secs] [Times: user=0.00 sys=0.00, real=0.00 secs] 
2019-01-02T11:12:56.641+0530: 844.543: [GC (Allocation Failure) 2019-01-02T11:12:56.641+0530: 844.543: [DefNew
Desired survivor size 32768 bytes, new threshold 15 (max 15)
- age   3:        184 bytes,        184 total
- age   9:         16 bytes,        200 total
- age  15:         16 bytes,        216 total
: 896K->0K(960K), 0.0007441 secs] 6864K->6544K(10176K), 0.0009567 secs] [Times: user=0.00 sys=0.00, real=0.00 secs] 
2019-01-02T11:12:56.643+0530: 844.545: [GC (Allocation Failure) 2019-01-02T11:12:56.643+0530: 844.545: [DefNew
Desired survivor size 32768 bytes, new threshold 15 (max 15)
- age   1:         24 bytes,         24 total
- age   4:        184 bytes,        208 total
- age  10:         16 bytes,        224 total
: 462K->0K(960K), 0.0006620 secs] 7006K->6544K(10176K), 0.0008438 secs] [Times: user=0.00 sys=0.00, real=0.00 secs] 
2019-01-02T11:12:56.645+0530: 844.547: [GC (Allocation Failure) 2019-01-02T11:12:56.645+0530: 844.547: [DefNew
Desired survivor size 32768 bytes, new threshold 15 (max 15)
- age   2:         24 bytes,         24 total
- age   5:        184 bytes,        208 total
- age  11:         16 bytes,        224 total
: 496K->0K(960K), 0.0003649 secs] 7040K->7040K(10176K), 0.0004402 secs] [Times: user=0.00 sys=0.00, real=0.00 secs] 
2019-01-02T11:12:56.645+0530: 844.548: [GC (Allocation Failure) 2019-01-02T11:12:56.645+0530: 844.548: [DefNew
Desired survivor size 32768 bytes, new threshold 15 (max 15)
- age   1:         24 bytes,         24 total
- age   6:         72 bytes,         96 total
- age  12:         16 bytes,        112 total
: 513K->0K(960K), 0.0007942 secs] 7554K->7536K(10176K), 0.0009812 secs] [Times: user=0.00 sys=0.00, real=0.00 secs] 
2019-01-02T11:12:56.701+0530: 844.604: [GC (Allocation Failure) 2019-01-02T11:12:56.702+0530: 844.604: [DefNew
Desired survivor size 32768 bytes, new threshold 15 (max 15)
- age   1:        248 bytes,        248 total
- age   7:         16 bytes,        264 total
- age  13:         16 bytes,        280 total
: 866K->0K(960K), 0.0007161 secs] 8403K->7608K(10176K), 0.0008741 secs] [Times: user=0.00 sys=0.00, real=0.00 secs] 
2019-01-02T11:12:56.704+0530: 844.606: [GC (Allocation Failure) 2019-01-02T11:12:56.704+0530: 844.606: [DefNew
Desired survivor size 32768 bytes, new threshold 15 (max 15)
- age   1:         40 bytes,         40 total
- age   2:        184 bytes,        224 total
- age   8:         16 bytes,        240 total
- age  14:         16 bytes,        256 total
: 896K->0K(960K), 0.0008130 secs] 8504K->7896K(10176K), 0.0010371 secs] [Times: user=0.01 sys=0.00, real=0.00 secs] 
2019-01-02T11:12:56.707+0530: 844.609: [GC (Allocation Failure) 2019-01-02T11:12:56.707+0530: 844.609: [DefNew
Desired survivor size 32768 bytes, new threshold 15 (max 15)
- age   3:        184 bytes,        184 total
- age   9:         16 bytes,        200 total
- age  15:         16 bytes,        216 total
: 896K->0K(960K), 0.0013193 secs] 8792K->8472K(10176K), 0.0014807 secs] [Times: user=0.00 sys=0.00, real=0.00 secs] 
2019-01-02T11:12:56.709+0530: 844.611: [GC (Allocation Failure) 2019-01-02T11:12:56.709+0530: 844.612: [DefNew
Desired survivor size 32768 bytes, new threshold 15 (max 15)
- age   1:         24 bytes,         24 total
- age   4:        184 bytes,        208 total
- age  10:         16 bytes,        224 total
: 462K->0K(960K), 0.0002571 secs] 8934K->8472K(10176K), 0.0003410 secs] [Times: user=0.00 sys=0.00, real=0.00 secs] 
2019-01-02T11:12:56.710+0530: 844.612: [GC (Allocation Failure) 2019-01-02T11:12:56.710+0530: 844.612: [DefNew
Desired survivor size 32768 bytes, new threshold 15 (max 15)
- age   2:         24 bytes,         24 total
- age   5:        184 bytes,        208 total
- age  11:         16 bytes,        224 total
: 496K->0K(960K), 0.0004008 secs] 8968K->8968K(10176K), 0.0004755 secs] [Times: user=0.00 sys=0.00, real=0.00 secs] 
2019-01-02T11:12:56.711+0530: 844.613: [GC (Allocation Failure) 2019-01-02T11:12:56.711+0530: 844.613: [DefNew: 513K->513K(960K), 0.0000285 secs]2019-01-02T11:12:56.711+0530: 844.613: [Tenured: 8968K->1257K(9216K), 0.0049501 secs] 9481K->1257K(10176K), [Metaspace: 2520K->2520K(1056768K)], 0.0051559 secs] [Times: user=0.00 sys=0.00, real=0.01 secs] 
2019-01-02T11:12:56.770+0530: 844.672: [GC (Allocation Failure) 2019-01-02T11:12:56.770+0530: 844.672: [DefNew
Desired survivor size 32768 bytes, new threshold 15 (max 15)
- age   1:        248 bytes,        248 total
: 866K->0K(960K), 0.0015868 secs] 2124K->1825K(10176K), 0.0018701 secs] [Times: user=0.00 sys=0.00, real=0.00 secs] 
2019-01-02T11:12:56.773+0530: 844.676: [GC (Allocation Failure) 2019-01-02T11:12:56.773+0530: 844.676: [DefNew
Desired survivor size 32768 bytes, new threshold 15 (max 15)
- age   1:         40 bytes,         40 total
- age   2:        184 bytes,        224 total
: 896K->0K(960K), 0.0010143 secs] 2721K->2113K(10176K), 0.0011888 secs] [Times: user=0.00 sys=0.00, real=0.00 secs] 
2019-01-02T11:12:56.776+0530: 844.678: [GC (Allocation Failure) 2019-01-02T11:12:56.776+0530: 844.678: [DefNew
Desired survivor size 32768 bytes, new threshold 15 (max 15)
- age   3:        184 bytes,        184 total
: 896K->0K(960K), 0.0009100 secs] 3009K->2689K(10176K), 0.0010685 secs] [Times: user=0.00 sys=0.00, real=0.00 secs] 
2019-01-02T11:12:56.778+0530: 844.681: [GC (Allocation Failure) 2019-01-02T11:12:56.778+0530: 844.681: [DefNew
Desired survivor size 32768 bytes, new threshold 15 (max 15)
- age   1:         24 bytes,         24 total
- age   4:        184 bytes,        208 total
: 462K->0K(960K), 0.0002742 secs] 3151K->2689K(10176K), 0.0003569 secs] [Times: user=0.00 sys=0.00, real=0.00 secs] 
2019-01-02T11:12:56.779+0530: 844.681: [GC (Allocation Failure) 2019-01-02T11:12:56.779+0530: 844.681: [DefNew
Desired survivor size 32768 bytes, new threshold 15 (max 15)
- age   2:         24 bytes,         24 total
- age   5:        184 bytes,        208 total
: 496K->0K(960K), 0.0003313 secs] 3185K->3185K(10176K), 0.0004031 secs] [Times: user=0.00 sys=0.00, real=0.00 secs] 
2019-01-02T11:12:56.780+0530: 844.682: [GC (Allocation Failure) 2019-01-02T11:12:56.780+0530: 844.682: [DefNew
Desired survivor size 32768 bytes, new threshold 15 (max 15)
- age   1:         24 bytes,         24 total
- age   6:         72 bytes,         96 total
: 513K->0K(960K), 0.0014334 secs] 3699K->3681K(10176K), 0.0016039 secs] [Times: user=0.00 sys=0.00, real=0.00 secs] 
2019-01-02T11:12:56.836+0530: 844.738: [GC (Allocation Failure) 2019-01-02T11:12:56.836+0530: 844.739: [DefNew
Desired survivor size 32768 bytes, new threshold 15 (max 15)
- age   1:        248 bytes,        248 total
- age   7:         16 bytes,        264 total
: 867K->0K(960K), 0.0008803 secs] 4548K->3753K(10176K), 0.0010730 secs] [Times: user=0.00 sys=0.00, real=0.00 secs] 
2019-01-02T11:12:56.839+0530: 844.742: [GC (Allocation Failure) 2019-01-02T11:12:56.839+0530: 844.742: [DefNew
Desired survivor size 32768 bytes, new threshold 15 (max 15)
- age   1:         40 bytes,         40 total
- age   2:        184 bytes,        224 total
- age   8:         16 bytes,        240 total
: 896K->0K(960K), 0.0010411 secs] 4649K->4041K(10176K), 0.0012658 secs] [Times: user=0.00 sys=0.00, real=0.00 secs] 
2019-01-02T11:12:56.842+0530: 844.744: [GC (Allocation Failure) 2019-01-02T11:12:56.842+0530: 844.744: [DefNew
Desired survivor size 32768 bytes, new threshold 15 (max 15)
- age   3:        184 bytes,        184 total
- age   9:         16 bytes,        200 total
: 896K->0K(960K), 0.0011027 secs] 4937K->4617K(10176K), 0.0012315 secs] [Times: user=0.00 sys=0.00, real=0.00 secs] 
2019-01-02T11:12:56.844+0530: 844.747: [GC (Allocation Failure) 2019-01-02T11:12:56.845+0530: 844.747: [DefNew
Desired survivor size 32768 bytes, new threshold 15 (max 15)
- age   1:         24 bytes,         24 total
- age   4:        184 bytes,        208 total
- age  10:         16 bytes,        224 total
: 462K->0K(960K), 0.0002606 secs] 5079K->4617K(10176K), 0.0003455 secs] [Times: user=0.02 sys=0.00, real=0.00 secs] 
2019-01-02T11:12:56.845+0530: 844.748: [GC (Allocation Failure) 2019-01-02T11:12:56.845+0530: 844.748: [DefNew
Desired survivor size 32768 bytes, new threshold 15 (max 15)
- age   2:         24 bytes,         24 total
- age   5:        184 bytes,        208 total
- age  11:         16 bytes,        224 total
: 496K->0K(960K), 0.0003404 secs] 5113K->5113K(10176K), 0.0004128 secs] [Times: user=0.00 sys=0.00, real=0.00 secs] 
2019-01-02T11:12:56.846+0530: 844.748: [GC (Allocation Failure) 2019-01-02T11:12:56.846+0530: 844.748: [DefNew
Desired survivor size 32768 bytes, new threshold 15 (max 15)
- age   1:         24 bytes,         24 total
- age   6:         72 bytes,         96 total
- age  12:         16 bytes,        112 total
: 513K->0K(960K), 0.0003250 secs] 5626K->5609K(10176K), 0.0003980 secs] [Times: user=0.00 sys=0.00, real=0.00 secs] 
2019-01-02T11:12:56.901+0530: 844.804: [GC (Allocation Failure) 2019-01-02T11:12:56.901+0530: 844.804: [DefNew
Desired survivor size 32768 bytes, new threshold 15 (max 15)
- age   1:        248 bytes,        248 total
- age   7:         16 bytes,        264 total
- age  13:         16 bytes,        280 total
: 867K->0K(960K), 0.0007595 secs] 6476K->5681K(10176K), 0.0009613 secs] [Times: user=0.00 sys=0.00, real=0.00 secs] 
2019-01-02T11:12:56.904+0530: 844.806: [GC (Allocation Failure) 2019-01-02T11:12:56.904+0530: 844.806: [DefNew
Desired survivor size 32768 bytes, new threshold 15 (max 15)
- age   1:         40 bytes,         40 total
- age   2:        184 bytes,        224 total
- age   8:         16 bytes,        240 total
- age  14:         16 bytes,        256 total
: 896K->0K(960K), 0.0011557 secs] 6577K->5969K(10176K), 0.0013900 secs] [Times: user=0.00 sys=0.00, real=0.00 secs] 
2019-01-02T11:12:56.907+0530: 844.809: [GC (Allocation Failure) 2019-01-02T11:12:56.907+0530: 844.809: [DefNew
Desired survivor size 32768 bytes, new threshold 15 (max 15)
- age   3:        184 bytes,        184 total
- age   9:         16 bytes,        200 total
- age  15:         16 bytes,        216 total
: 896K->0K(960K), 0.0008170 secs] 6865K->6545K(10176K), 0.0010343 secs] [Times: user=0.02 sys=0.00, real=0.00 secs] 
2019-01-02T11:12:56.909+0530: 844.812: [GC (Allocation Failure) 2019-01-02T11:12:56.910+0530: 844.812: [DefNew
Desired survivor size 32768 bytes, new threshold 15 (max 15)
- age   1:         24 bytes,         24 total
- age   4:        184 bytes,        208 total
- age  10:         16 bytes,        224 total
: 462K->0K(960K), 0.0004162 secs] 7007K->6545K(10176K), 0.0005302 secs] [Times: user=0.00 sys=0.00, real=0.00 secs] 
2019-01-02T11:12:56.910+0530: 844.813: [GC (Allocation Failure) 2019-01-02T11:12:56.910+0530: 844.813: [DefNew
Desired survivor size 32768 bytes, new threshold 15 (max 15)
- age   2:         24 bytes,         24 total
- age   5:        184 bytes,        208 total
- age  11:         16 bytes,        224 total
: 496K->0K(960K), 0.0003449 secs] 7041K->7041K(10176K), 0.0007857 secs] [Times: user=0.00 sys=0.00, real=0.00 secs] 
2019-01-02T11:12:56.912+0530: 844.814: [GC (Allocation Failure) 2019-01-02T11:12:56.912+0530: 844.814: [DefNew
Desired survivor size 32768 bytes, new threshold 15 (max 15)
- age   1:         24 bytes,         24 total
- age   6:         72 bytes,         96 total
- age  12:         16 bytes,        112 total
: 513K->0K(960K), 0.0003313 secs] 7554K->7537K(10176K), 0.0004048 secs] [Times: user=0.00 sys=0.00, real=0.00 secs] 
2019-01-02T11:12:56.969+0530: 844.871: [GC (Allocation Failure) 2019-01-02T11:12:56.969+0530: 844.872: [DefNew
Desired survivor size 32768 bytes, new threshold 15 (max 15)
- age   1:        248 bytes,        248 total
- age   7:         16 bytes,        264 total
- age  13:         16 bytes,        280 total
: 867K->0K(960K), 0.0006671 secs] 8404K->7609K(10176K), 0.0009505 secs] [Times: user=0.02 sys=0.00, real=0.00 secs] 
2019-01-02T11:12:56.972+0530: 844.874: [GC (Allocation Failure) 2019-01-02T11:12:56.972+0530: 844.874: [DefNew
Desired survivor size 32768 bytes, new threshold 15 (max 15)
- age   1:         40 bytes,         40 total
- age   2:        184 bytes,        224 total
- age   8:         16 bytes,        240 total
- age  14:         16 bytes,        256 total
: 896K->0K(960K), 0.0009368 secs] 8505K->7897K(10176K), 0.0011705 secs] [Times: user=0.00 sys=0.00, real=0.00 secs] 
2019-01-02T11:12:56.974+0530: 844.877: [GC (Allocation Failure) 2019-01-02T11:12:56.975+0530: 844.877: [DefNew
Desired survivor size 32768 bytes, new threshold 15 (max 15)
- age   3:        184 bytes,        184 total
- age   9:         16 bytes,        200 total
- age  15:         16 bytes,        216 total
: 896K->0K(960K), 0.0012715 secs] 8793K->8473K(10176K), 0.0014191 secs] [Times: user=0.00 sys=0.00, real=0.00 secs] 
2019-01-02T11:12:56.977+0530: 844.880: [GC (Allocation Failure) 2019-01-02T11:12:56.977+0530: 844.880: [DefNew
Desired survivor size 32768 bytes, new threshold 15 (max 15)
- age   1:         24 bytes,         24 total
- age   4:        184 bytes,        208 total
- age  10:         16 bytes,        224 total
: 462K->0K(960K), 0.0004624 secs] 8935K->8473K(10176K), 0.0005724 secs] [Times: user=0.00 sys=0.00, real=0.00 secs] 
2019-01-02T11:12:56.978+0530: 844.881: [GC (Allocation Failure) 2019-01-02T11:12:56.978+0530: 844.881: [DefNew
Desired survivor size 32768 bytes, new threshold 15 (max 15)
- age   2:         24 bytes,         24 total
- age   5:        184 bytes,        208 total
- age  11:         16 bytes,        224 total
: 496K->0K(960K), 0.0003489 secs] 8969K->8969K(10176K), 0.0004219 secs] [Times: user=0.00 sys=0.00, real=0.00 secs] 
2019-01-02T11:12:56.979+0530: 844.881: [GC (Allocation Failure) 2019-01-02T11:12:56.979+0530: 844.881: [DefNew: 513K->513K(960K), 0.0000291 secs]2019-01-02T11:12:56.979+0530: 844.881: [Tenured: 8969K->1257K(9216K), 0.0054541 secs] 9482K->1257K(10176K), [Metaspace: 2520K->2520K(1056768K)], 0.0057193 secs] [Times: user=0.00 sys=0.00, real=0.01 secs] 
2019-01-02T11:12:57.037+0530: 844.939: [GC (Allocation Failure) 2019-01-02T11:12:57.037+0530: 844.940: [DefNew
Desired survivor size 32768 bytes, new threshold 15 (max 15)
- age   1:        248 bytes,        248 total
: 866K->0K(960K), 0.0008934 secs] 2124K->1826K(10176K), 0.0010787 secs] [Times: user=0.00 sys=0.00, real=0.00 secs] 
2019-01-02T11:12:57.040+0530: 844.942: [GC (Allocation Failure) 2019-01-02T11:12:57.040+0530: 844.943: [DefNew
Desired survivor size 32768 bytes, new threshold 15 (max 15)
- age   1:         40 bytes,         40 total
- age   2:        184 bytes,        224 total
: 896K->0K(960K), 0.0005981 secs] 2722K->2113K(10176K), 0.0008786 secs] [Times: user=0.00 sys=0.00, real=0.00 secs] 
2019-01-02T11:12:57.043+0530: 844.945: [GC (Allocation Failure) 2019-01-02T11:12:57.043+0530: 844.945: [DefNew
Desired survivor size 32768 bytes, new threshold 15 (max 15)
- age   3:        184 bytes,        184 total
: 896K->0K(960K), 0.0011683 secs] 3009K->2689K(10176K), 0.0013439 secs] [Times: user=0.00 sys=0.00, real=0.00 secs] 
2019-01-02T11:12:57.046+0530: 844.948: [GC (Allocation Failure) 2019-01-02T11:12:57.046+0530: 844.948: [DefNew
Desired survivor size 32768 bytes, new threshold 15 (max 15)
- age   1:         24 bytes,         24 total
- age   4:        184 bytes,        208 total
: 462K->0K(960K), 0.0003535 secs] 3151K->2689K(10176K), 0.0005057 secs] [Times: user=0.00 sys=0.00, real=0.00 secs] 
2019-01-02T11:12:57.046+0530: 844.949: [GC (Allocation Failure) 2019-01-02T11:12:57.046+0530: 844.949: [DefNew
Desired survivor size 32768 bytes, new threshold 15 (max 15)
- age   2:         24 bytes,         24 total
- age   5:        184 bytes,        208 total
: 496K->0K(960K), 0.0003358 secs] 3185K->3185K(10176K), 0.0004082 secs] [Times: user=0.00 sys=0.00, real=0.00 secs] 
2019-01-02T11:12:57.047+0530: 844.950: [GC (Allocation Failure) 2019-01-02T11:12:57.047+0530: 844.950: [DefNew
Desired survivor size 32768 bytes, new threshold 15 (max 15)
- age   1:         24 bytes,         24 total
- age   6:         72 bytes,         96 total
: 513K->0K(960K), 0.0003244 secs] 3699K->3681K(10176K), 0.0003963 secs] [Times: user=0.02 sys=0.00, real=0.00 secs] 
2019-01-02T11:12:57.103+0530: 845.006: [GC (Allocation Failure) 2019-01-02T11:12:57.104+0530: 845.006: [DefNew
Desired survivor size 32768 bytes, new threshold 15 (max 15)
- age   1:        248 bytes,        248 total
- age   7:         16 bytes,        264 total
: 867K->0K(960K), 0.0006437 secs] 4548K->3754K(10176K), 0.0008564 secs] [Times: user=0.00 sys=0.00, real=0.00 secs] 
2019-01-02T11:12:57.106+0530: 845.009: [GC (Allocation Failure) 2019-01-02T11:12:57.106+0530: 845.009: [DefNew
Desired survivor size 32768 bytes, new threshold 15 (max 15)
- age   1:         40 bytes,         40 total
- age   2:        184 bytes,        224 total
- age   8:         16 bytes,        240 total
: 896K->0K(960K), 0.0006905 secs] 4650K->4042K(10176K), 0.0009955 secs] [Times: user=0.00 sys=0.00, real=0.00 secs] 
2019-01-02T11:12:57.109+0530: 845.011: [GC (Allocation Failure) 2019-01-02T11:12:57.109+0530: 845.012: [DefNew
Desired survivor size 32768 bytes, new threshold 15 (max 15)
- age   3:        184 bytes,        184 total
- age   9:         16 bytes,        200 total
: 896K->0K(960K), 0.0011973 secs] 4938K->4617K(10176K), 0.0014180 secs] [Times: user=0.02 sys=0.00, real=0.00 secs] 
2019-01-02T11:12:57.112+0530: 845.014: [GC (Allocation Failure) 2019-01-02T11:12:57.112+0530: 845.014: [DefNew
Desired survivor size 32768 bytes, new threshold 15 (max 15)
- age   1:         24 bytes,         24 total
- age   4:        184 bytes,        208 total
- age  10:         16 bytes,        224 total
: 462K->0K(960K), 0.0002982 secs] 5079K->4618K(10176K), 0.0003980 secs] [Times: user=0.00 sys=0.00, real=0.00 secs] 
2019-01-02T11:12:57.113+0530: 845.015: [GC (Allocation Failure) 2019-01-02T11:12:57.113+0530: 845.015: [DefNew
Desired survivor size 32768 bytes, new threshold 15 (max 15)
- age   2:         24 bytes,         24 total
- age   5:        184 bytes,        208 total
- age  11:         16 bytes,        224 total
: 496K->0K(960K), 0.0003472 secs] 5113K->5113K(10176K), 0.0004225 secs] [Times: user=0.00 sys=0.00, real=0.00 secs] 
2019-01-02T11:12:57.113+0530: 845.016: [GC (Allocation Failure) 2019-01-02T11:12:57.114+0530: 845.016: [DefNew
Desired survivor size 32768 bytes, new threshold 15 (max 15)
- age   1:         24 bytes,         24 total
- age   6:         72 bytes,         96 total
- age  12:         16 bytes,        112 total
: 513K->0K(960K), 0.0003284 secs] 5627K->5609K(10176K), 0.0004117 secs] [Times: user=0.00 sys=0.00, real=0.00 secs] 
2019-01-02T11:12:57.173+0530: 845.076: [GC (Allocation Failure) 2019-01-02T11:12:57.174+0530: 845.076: [DefNew
Desired survivor size 32768 bytes, new threshold 15 (max 15)
- age   1:        248 bytes,        248 total
- age   7:         16 bytes,        264 total
- age  13:         16 bytes,        280 total
: 867K->0K(960K), 0.0008062 secs] 6476K->5682K(10176K), 0.0010263 secs] [Times: user=0.00 sys=0.00, real=0.00 secs] 
2019-01-02T11:12:57.176+0530: 845.079: [GC (Allocation Failure) 2019-01-02T11:12:57.176+0530: 845.079: [DefNew
Desired survivor size 32768 bytes, new threshold 15 (max 15)
- age   1:         40 bytes,         40 total
- age   2:        184 bytes,        224 total
- age   8:         16 bytes,        240 total
- age  14:         16 bytes,        256 total
: 896K->0K(960K), 0.0009961 secs] 6578K->5970K(10176K), 0.0012059 secs] [Times: user=0.00 sys=0.00, real=0.00 secs] 
2019-01-02T11:12:57.179+0530: 845.081: [GC (Allocation Failure) 2019-01-02T11:12:57.179+0530: 845.081: [DefNew
Desired survivor size 32768 bytes, new threshold 15 (max 15)
- age   3:        184 bytes,        184 total
- age   9:         16 bytes,        200 total
- age  15:         16 bytes,        216 total
: 896K->0K(960K), 0.0008723 secs] 6866K->6546K(10176K), 0.0010907 secs] [Times: user=0.00 sys=0.00, real=0.00 secs] 
2019-01-02T11:12:57.181+0530: 845.084: [GC (Allocation Failure) 2019-01-02T11:12:57.182+0530: 845.084: [DefNew
Desired survivor size 32768 bytes, new threshold 15 (max 15)
- age   1:         24 bytes,         24 total
- age   4:        184 bytes,        208 total
- age  10:         16 bytes,        224 total
: 462K->0K(960K), 0.0002697 secs] 7008K->6546K(10176K), 0.0003598 secs] [Times: user=0.00 sys=0.00, real=0.00 secs] 
2019-01-02T11:12:57.182+0530: 845.085: [GC (Allocation Failure) 2019-01-02T11:12:57.182+0530: 845.085: [DefNew
Desired survivor size 32768 bytes, new threshold 15 (max 15)
- age   2:         24 bytes,         24 total
- age   5:        184 bytes,        208 total
- age  11:         16 bytes,        224 total
: 496K->0K(960K), 0.0012355 secs] 7042K->7042K(10176K), 0.0014727 secs] [Times: user=0.00 sys=0.00, real=0.00 secs] 
2019-01-02T11:12:57.184+0530: 845.087: [GC (Allocation Failure) 2019-01-02T11:12:57.184+0530: 845.087: [DefNew
Desired survivor size 32768 bytes, new threshold 15 (max 15)
- age   1:         24 bytes,         24 total
- age   6:         72 bytes,         96 total
- age  12:         16 bytes,        112 total
: 513K->0K(960K), 0.0005291 secs] 7555K->7537K(10176K), 0.0006334 secs] [Times: user=0.00 sys=0.00, real=0.00 secs] 
2019-01-02T11:12:57.238+0530: 845.141: [GC (Allocation Failure) 2019-01-02T11:12:57.238+0530: 845.141: [DefNew
Desired survivor size 32768 bytes, new threshold 15 (max 15)
- age   1:        248 bytes,        248 total
- age   7:         16 bytes,        264 total
- age  13:         16 bytes,        280 total
: 867K->0K(960K), 0.0008547 secs] 8405K->7610K(10176K), 0.0010172 secs] [Times: user=0.00 sys=0.00, real=0.00 secs] 
2019-01-02T11:12:57.241+0530: 845.143: [GC (Allocation Failure) 2019-01-02T11:12:57.241+0530: 845.144: [DefNew
Desired survivor size 32768 bytes, new threshold 15 (max 15)
- age   1:         40 bytes,         40 total
- age   2:        184 bytes,        224 total
- age   8:         16 bytes,        240 total
- age  14:         16 bytes,        256 total
: 896K->0K(960K), 0.0011112 secs] 8506K->7898K(10176K), 0.0013302 secs] [Times: user=0.00 sys=0.00, real=0.00 secs] 
2019-01-02T11:12:57.244+0530: 845.146: [GC (Allocation Failure) 2019-01-02T11:12:57.244+0530: 845.147: [DefNew
Desired survivor size 32768 bytes, new threshold 15 (max 15)
- age   3:        184 bytes,        184 total
- age   9:         16 bytes,        200 total
- age  15:         16 bytes,        216 total
: 896K->0K(960K), 0.0007201 secs] 8794K->8474K(10176K), 0.0009311 secs] [Times: user=0.00 sys=0.00, real=0.00 secs] 
2019-01-02T11:12:57.246+0530: 845.149: [GC (Allocation Failure) 2019-01-02T11:12:57.246+0530: 845.149: [DefNew
Desired survivor size 32768 bytes, new threshold 15 (max 15)
- age   1:         24 bytes,         24 total
- age   4:        184 bytes,        208 total
- age  10:         16 bytes,        224 total
: 462K->0K(960K), 0.0002685 secs] 8936K->8474K(10176K), 0.0003541 secs] [Times: user=0.00 sys=0.00, real=0.00 secs] 
2019-01-02T11:12:57.247+0530: 845.149: [GC (Allocation Failure) 2019-01-02T11:12:57.247+0530: 845.149: [DefNew
Desired survivor size 32768 bytes, new threshold 15 (max 15)
- age   2:         24 bytes,         24 total
- age   5:        184 bytes,        208 total
- age  11:         16 bytes,        224 total
: 496K->0K(960K), 0.0003404 secs] 8970K->8970K(10176K), 0.0004145 secs] [Times: user=0.00 sys=0.00, real=0.00 secs] 
2019-01-02T11:12:57.248+0530: 845.150: [GC (Allocation Failure) 2019-01-02T11:12:57.248+0530: 845.150: [DefNew: 513K->513K(960K), 0.0000285 secs]2019-01-02T11:12:57.248+0530: 845.150: [Tenured: 8969K->1257K(9216K), 0.0055311 secs] 9483K->1257K(10176K), [Metaspace: 2520K->2520K(1056768K)], 0.0057307 secs] [Times: user=0.01 sys=0.00, real=0.01 secs] 
2019-01-02T11:12:57.306+0530: 845.208: [GC (Allocation Failure) 2019-01-02T11:12:57.306+0530: 845.209: [DefNew
Desired survivor size 32768 bytes, new threshold 15 (max 15)
- age   1:        248 bytes,        248 total
: 867K->0K(960K), 0.0010656 secs] 2124K->1826K(10176K), 0.0012903 secs] [Times: user=0.00 sys=0.00, real=0.00 secs] 
2019-01-02T11:12:57.309+0530: 845.212: [GC (Allocation Failure) 2019-01-02T11:12:57.309+0530: 845.212: [DefNew
Desired survivor size 32768 bytes, new threshold 15 (max 15)
- age   1:         40 bytes,         40 total
- age   2:        184 bytes,        224 total
: 896K->0K(960K), 0.0012458 secs] 2722K->2114K(10176K), 0.0014448 secs] [Times: user=0.00 sys=0.00, real=0.00 secs] 
2019-01-02T11:12:57.312+0530: 845.215: [GC (Allocation Failure) 2019-01-02T11:12:57.313+0530: 845.215: [DefNew
Desired survivor size 32768 bytes, new threshold 15 (max 15)
- age   3:        184 bytes,        184 total
: 896K->0K(960K), 0.0007526 secs] 3010K->2690K(10176K), 0.0009676 secs] [Times: user=0.00 sys=0.02, real=0.00 secs] 
2019-01-02 11:12:57 GC log file has reached the maximum size. Saved as E:/gitrepo/Learning-repo/java/gc.log.2
