2019-01-02 11:11:57 GC log file created E:/gitrepo/Learning-repo/java/gc.log.1
Java HotSpot(TM) 64-Bit Server VM (25.191-b12) for windows-amd64 JRE (1.8.0_191-b12), built on Oct  6 2018 09:29:03 by "java_re" with MS VC++ 10.0 (VS2010)
Memory: 4k page, physical 4066668k(1004936k free), swap 8131460k(2720484k free)
CommandLine flags: -XX:CICompilerCount=3 -XX:GCLogFileSize=1048576 -XX:+HeapDumpOnOutOfMemoryError -XX:HeapDumpPath=E:/gitrepo/Learning-repo/java/heap_dump.hprof -XX:InitialHeapSize=10485760 -XX:MaxHeapSize=10485760 -XX:MaxNewSize=1048576 -XX:MinHeapDeltaBytes=196608 -XX:NewRatio=3 -XX:NewSize=1048576 -XX:NumberOfGCLogFiles=5 -XX:OldSize=9437184 -XX:+PrintGC -XX:+PrintGCDateStamps -XX:+PrintGCDetails -XX:+PrintGCTimeStamps -XX:+PrintTenuringDistribution -XX:SurvivorRatio=10 -XX:+UseCompressedClassPointers -XX:+UseCompressedOops -XX:+UseFastUnorderedTimeStamps -XX:+UseGCLogFileRotation -XX:-UseLargePagesIndividualAllocation -XX:+UseSerialGC 
2019-01-02T11:11:57.914+0530: 785.819: [GC (Allocation Failure) 2019-01-02T11:11:57.915+0530: 785.819: [DefNew
Desired survivor size 32768 bytes, new threshold 15 (max 15)
- age   1:        248 bytes,        248 total
: 849K->0K(960K), 0.0013935 secs] 2074K->1774K(10176K), 0.0022715 secs] [Times: user=0.00 sys=0.00, real=0.00 secs] 
2019-01-02T11:11:57.918+0530: 785.822: [GC (Allocation Failure) 2019-01-02T11:11:57.918+0530: 785.822: [DefNew
Desired survivor size 32768 bytes, new threshold 15 (max 15)
- age   2:        184 bytes,        184 total
: 896K->0K(960K), 0.0004213 secs] 2670K->2062K(10176K), 0.0005217 secs] [Times: user=0.00 sys=0.00, real=0.00 secs] 
2019-01-02T11:11:57.919+0530: 785.824: [GC (Allocation Failure) 2019-01-02T11:11:57.919+0530: 785.824: [DefNew
Desired survivor size 32768 bytes, new threshold 15 (max 15)
- age   1:         40 bytes,         40 total
- age   3:        184 bytes,        224 total
: 896K->0K(960K), 0.0003763 secs] 2958K->2638K(10176K), 0.0004601 secs] [Times: user=0.00 sys=0.00, real=0.00 secs] 
2019-01-02T11:11:57.921+0530: 785.825: [GC (Allocation Failure) 2019-01-02T11:11:57.921+0530: 785.825: [DefNew
Desired survivor size 32768 bytes, new threshold 15 (max 15)
- age   1:         24 bytes,         24 total
- age   4:        184 bytes,        208 total
: 886K->0K(960K), 0.0003484 secs] 3524K->3115K(10176K), 0.0004390 secs] [Times: user=0.00 sys=0.00, real=0.00 secs] 
2019-01-02T11:11:57.921+0530: 785.826: [GC (Allocation Failure) 2019-01-02T11:11:57.921+0530: 785.826: [DefNew
Desired survivor size 32768 bytes, new threshold 15 (max 15)
- age   1:         24 bytes,         24 total
- age   5:         72 bytes,         96 total
: 495K->0K(960K), 0.0003119 secs] 3610K->3592K(10176K), 0.0003820 secs] [Times: user=0.00 sys=0.00, real=0.00 secs] 
2019-01-02T11:11:57.975+0530: 785.880: [GC (Allocation Failure) 2019-01-02T11:11:57.975+0530: 785.880: [DefNew
Desired survivor size 32768 bytes, new threshold 15 (max 15)
- age   1:        248 bytes,        248 total
- age   6:         16 bytes,        264 total
: 849K->0K(960K), 0.0006232 secs] 4442K->3664K(10176K), 0.0011118 secs] [Times: user=0.00 sys=0.00, real=0.00 secs] 
2019-01-02T11:11:57.978+0530: 785.883: [GC (Allocation Failure) 2019-01-02T11:11:57.979+0530: 785.883: [DefNew
Desired survivor size 32768 bytes, new threshold 15 (max 15)
- age   2:        184 bytes,        184 total
- age   7:         16 bytes,        200 total
: 896K->0K(960K), 0.0007862 secs] 4560K->3952K(10176K), 0.0009425 secs] [Times: user=0.00 sys=0.00, real=0.00 secs] 
2019-01-02T11:11:57.981+0530: 785.886: [GC (Allocation Failure) 2019-01-02T11:11:57.981+0530: 785.886: [DefNew
Desired survivor size 32768 bytes, new threshold 15 (max 15)
- age   1:         40 bytes,         40 total
- age   3:        184 bytes,        224 total
- age   8:         16 bytes,        240 total
: 896K->0K(960K), 0.0012583 secs] 4848K->4528K(10176K), 0.0014015 secs] [Times: user=0.00 sys=0.00, real=0.00 secs] 
2019-01-02T11:11:57.984+0530: 785.889: [GC (Allocation Failure) 2019-01-02T11:11:57.984+0530: 785.889: [DefNew
Desired survivor size 32768 bytes, new threshold 15 (max 15)
- age   1:         24 bytes,         24 total
- age   4:        184 bytes,        208 total
- age   9:         16 bytes,        224 total
: 886K->0K(960K), 0.0004356 secs] 5415K->5005K(10176K), 0.0005285 secs] [Times: user=0.00 sys=0.00, real=0.00 secs] 
2019-01-02T11:11:57.985+0530: 785.890: [GC (Allocation Failure) 2019-01-02T11:11:57.985+0530: 785.890: [DefNew
Desired survivor size 32768 bytes, new threshold 15 (max 15)
- age   1:         24 bytes,         24 total
- age   5:         72 bytes,         96 total
- age  10:         16 bytes,        112 total
: 495K->0K(960K), 0.0003290 secs] 5500K->5482K(10176K), 0.0004020 secs] [Times: user=0.00 sys=0.00, real=0.00 secs] 
2019-01-02T11:11:58.039+0530: 785.943: [GC (Allocation Failure) 2019-01-02T11:11:58.039+0530: 785.943: [DefNew
Desired survivor size 32768 bytes, new threshold 15 (max 15)
- age   1:        248 bytes,        248 total
- age   6:         16 bytes,        264 total
- age  11:         16 bytes,        280 total
: 849K->0K(960K), 0.0011312 secs] 6332K->5555K(10176K), 0.0015383 secs] [Times: user=0.00 sys=0.00, real=0.00 secs] 
2019-01-02T11:11:58.042+0530: 785.947: [GC (Allocation Failure) 2019-01-02T11:11:58.042+0530: 785.947: [DefNew
Desired survivor size 32768 bytes, new threshold 15 (max 15)
- age   2:        184 bytes,        184 total
- age   7:         16 bytes,        200 total
- age  12:         16 bytes,        216 total
: 896K->0K(960K), 0.0011779 secs] 6451K->5843K(10176K), 0.0013570 secs] [Times: user=0.00 sys=0.00, real=0.00 secs] 
2019-01-02T11:11:58.045+0530: 785.949: [GC (Allocation Failure) 2019-01-02T11:11:58.045+0530: 785.949: [DefNew
Desired survivor size 32768 bytes, new threshold 15 (max 15)
- age   1:         40 bytes,         40 total
- age   3:        184 bytes,        224 total
- age   8:         16 bytes,        240 total
- age  13:         16 bytes,        256 total
: 896K->0K(960K), 0.0009168 secs] 6739K->6419K(10176K), 0.0010588 secs] [Times: user=0.00 sys=0.00, real=0.00 secs] 
2019-01-02T11:11:58.047+0530: 785.952: [GC (Allocation Failure) 2019-01-02T11:11:58.047+0530: 785.952: [DefNew
Desired survivor size 32768 bytes, new threshold 15 (max 15)
- age   1:         24 bytes,         24 total
- age   4:        184 bytes,        208 total
- age   9:         16 bytes,        224 total
- age  14:         16 bytes,        240 total
: 886K->0K(960K), 0.0011654 secs] 7305K->6896K(10176K), 0.0014009 secs] [Times: user=0.02 sys=0.00, real=0.00 secs] 
2019-01-02T11:11:58.049+0530: 785.954: [GC (Allocation Failure) 2019-01-02T11:11:58.049+0530: 785.954: [DefNew
Desired survivor size 32768 bytes, new threshold 15 (max 15)
- age   1:         24 bytes,         24 total
- age   5:         72 bytes,         96 total
- age  10:         16 bytes,        112 total
- age  15:         16 bytes,        128 total
: 495K->0K(960K), 0.0003461 secs] 7391K->7373K(10176K), 0.0004060 secs] [Times: user=0.00 sys=0.00, real=0.00 secs] 
2019-01-02T11:11:58.103+0530: 786.008: [GC (Allocation Failure) 2019-01-02T11:11:58.103+0530: 786.008: [DefNew
Desired survivor size 32768 bytes, new threshold 15 (max 15)
- age   1:        248 bytes,        248 total
- age   6:         16 bytes,        264 total
- age  11:         16 bytes,        280 total
: 849K->0K(960K), 0.0011973 secs] 8222K->7445K(10176K), 0.0014898 secs] [Times: user=0.00 sys=0.00, real=0.00 secs] 
2019-01-02T11:11:58.107+0530: 786.011: [GC (Allocation Failure) 2019-01-02T11:11:58.107+0530: 786.012: [DefNew
Desired survivor size 32768 bytes, new threshold 15 (max 15)
- age   2:        184 bytes,        184 total
- age   7:         16 bytes,        200 total
- age  12:         16 bytes,        216 total
: 896K->0K(960K), 0.0015913 secs] 8341K->7733K(10176K), 0.0017282 secs] [Times: user=0.00 sys=0.00, real=0.00 secs] 
2019-01-02T11:11:58.110+0530: 786.015: [GC (Allocation Failure) 2019-01-02T11:11:58.110+0530: 786.015: [DefNew
Desired survivor size 32768 bytes, new threshold 15 (max 15)
- age   1:         40 bytes,         40 total
- age   3:        184 bytes,        224 total
- age   8:         16 bytes,        240 total
- age  13:         16 bytes,        256 total
: 896K->0K(960K), 0.0009111 secs] 8629K->8309K(10176K), 0.0010348 secs] [Times: user=0.00 sys=0.00, real=0.00 secs] 
2019-01-02T11:11:58.113+0530: 786.017: [GC (Allocation Failure) 2019-01-02T11:11:58.113+0530: 786.018: [DefNew
Desired survivor size 32768 bytes, new threshold 15 (max 15)
- age   1:         24 bytes,         24 total
- age   4:        184 bytes,        208 total
- age   9:         16 bytes,        224 total
- age  14:         16 bytes,        240 total
: 886K->0K(960K), 0.0009510 secs] 9195K->8786K(10176K), 0.0010793 secs] [Times: user=0.00 sys=0.00, real=0.00 secs] 
2019-01-02T11:11:58.114+0530: 786.019: [GC (Allocation Failure) 2019-01-02T11:11:58.114+0530: 786.019: [DefNew: 495K->495K(960K), 0.0000296 secs]2019-01-02T11:11:58.114+0530: 786.019: [Tenured: 8786K->1225K(9216K), 0.0036336 secs] 9281K->1225K(10176K), [Metaspace: 2520K->2520K(1056768K)], 0.0037807 secs] [Times: user=0.00 sys=0.00, real=0.00 secs] 
2019-01-02T11:11:58.172+0530: 786.076: [GC (Allocation Failure) 2019-01-02T11:11:58.172+0530: 786.077: [DefNew
Desired survivor size 32768 bytes, new threshold 15 (max 15)
- age   1:        248 bytes,        248 total
: 849K->0K(960K), 0.0014123 secs] 2074K->1774K(10176K), 0.0015582 secs] [Times: user=0.02 sys=0.00, real=0.00 secs] 
2019-01-02T11:11:58.175+0530: 786.080: [GC (Allocation Failure) 2019-01-02T11:11:58.175+0530: 786.080: [DefNew
Desired survivor size 32768 bytes, new threshold 15 (max 15)
- age   2:        184 bytes,        184 total
: 896K->0K(960K), 0.0011586 secs] 2670K->2062K(10176K), 0.0014471 secs] [Times: user=0.00 sys=0.00, real=0.00 secs] 
2019-01-02T11:11:58.178+0530: 786.082: [GC (Allocation Failure) 2019-01-02T11:11:58.178+0530: 786.082: [DefNew
Desired survivor size 32768 bytes, new threshold 15 (max 15)
- age   1:         40 bytes,         40 total
- age   3:        184 bytes,        224 total
: 896K->0K(960K), 0.0007640 secs] 2958K->2638K(10176K), 0.0008701 secs] [Times: user=0.00 sys=0.00, real=0.00 secs] 
2019-01-02T11:11:58.180+0530: 786.085: [GC (Allocation Failure) 2019-01-02T11:11:58.180+0530: 786.085: [DefNew
Desired survivor size 32768 bytes, new threshold 15 (max 15)
- age   1:         24 bytes,         24 total
- age   4:        184 bytes,        208 total
: 886K->0K(960K), 0.0010092 secs] 3525K->3115K(10176K), 0.0012407 secs] [Times: user=0.00 sys=0.00, real=0.00 secs] 
2019-01-02T11:11:58.182+0530: 786.087: [GC (Allocation Failure) 2019-01-02T11:11:58.182+0530: 786.087: [DefNew
Desired survivor size 32768 bytes, new threshold 15 (max 15)
- age   1:         24 bytes,         24 total
- age   5:         72 bytes,         96 total
: 495K->0K(960K), 0.0003472 secs] 3610K->3592K(10176K), 0.0004259 secs] [Times: user=0.00 sys=0.00, real=0.00 secs] 
2019-01-02T11:11:58.239+0530: 786.143: [GC (Allocation Failure) 2019-01-02T11:11:58.239+0530: 786.143: [DefNew
Desired survivor size 32768 bytes, new threshold 15 (max 15)
- age   1:        248 bytes,        248 total
- age   6:         16 bytes,        264 total
: 849K->0K(960K), 0.0011392 secs] 4442K->3665K(10176K), 0.0013690 secs] [Times: user=0.00 sys=0.00, real=0.00 secs] 
2019-01-02T11:11:58.242+0530: 786.147: [GC (Allocation Failure) 2019-01-02T11:11:58.242+0530: 786.147: [DefNew
Desired survivor size 32768 bytes, new threshold 15 (max 15)
- age   2:        184 bytes,        184 total
- age   7:         16 bytes,        200 total
: 896K->0K(960K), 0.0012036 secs] 4561K->3953K(10176K), 0.0014237 secs] [Times: user=0.00 sys=0.00, real=0.00 secs] 
2019-01-02T11:11:58.245+0530: 786.149: [GC (Allocation Failure) 2019-01-02T11:11:58.245+0530: 786.149: [DefNew
Desired survivor size 32768 bytes, new threshold 15 (max 15)
- age   1:         40 bytes,         40 total
- age   3:        184 bytes,        224 total
- age   8:         16 bytes,        240 total
: 896K->0K(960K), 0.0007788 secs] 4849K->4529K(10176K), 0.0008929 secs] [Times: user=0.00 sys=0.00, real=0.00 secs] 
2019-01-02T11:11:58.247+0530: 786.152: [GC (Allocation Failure) 2019-01-02T11:11:58.247+0530: 786.152: [DefNew
Desired survivor size 32768 bytes, new threshold 15 (max 15)
- age   1:         24 bytes,         24 total
- age   4:        184 bytes,        208 total
- age   9:         16 bytes,        224 total
: 886K->0K(960K), 0.0004510 secs] 5415K->5006K(10176K), 0.0005263 secs] [Times: user=0.00 sys=0.00, real=0.00 secs] 
2019-01-02T11:11:58.248+0530: 786.153: [GC (Allocation Failure) 2019-01-02T11:11:58.248+0530: 786.153: [DefNew
Desired survivor size 32768 bytes, new threshold 15 (max 15)
- age   1:         24 bytes,         24 total
- age   5:         72 bytes,         96 total
- age  10:         16 bytes,        112 total
: 495K->0K(960K), 0.0003056 secs] 5501K->5483K(10176K), 0.0003609 secs] [Times: user=0.00 sys=0.00, real=0.00 secs] 
2019-01-02T11:11:58.299+0530: 786.203: [GC (Allocation Failure) 2019-01-02T11:11:58.299+0530: 786.204: [DefNew
Desired survivor size 32768 bytes, new threshold 15 (max 15)
- age   1:        248 bytes,        248 total
- age   6:         16 bytes,        264 total
- age  11:         16 bytes,        280 total
: 849K->0K(960K), 0.0008786 secs] 6333K->5555K(10176K), 0.0012555 secs] [Times: user=0.00 sys=0.00, real=0.00 secs] 
2019-01-02T11:11:58.302+0530: 786.207: [GC (Allocation Failure) 2019-01-02T11:11:58.302+0530: 786.207: [DefNew
Desired survivor size 32768 bytes, new threshold 15 (max 15)
- age   2:        184 bytes,        184 total
- age   7:         16 bytes,        200 total
- age  12:         16 bytes,        216 total
: 896K->0K(960K), 0.0007657 secs] 6451K->5843K(10176K), 0.0010069 secs] [Times: user=0.00 sys=0.00, real=0.00 secs] 
2019-01-02T11:11:58.305+0530: 786.209: [GC (Allocation Failure) 2019-01-02T11:11:58.305+0530: 786.209: [DefNew
Desired survivor size 32768 bytes, new threshold 15 (max 15)
- age   1:         40 bytes,         40 total
- age   3:        184 bytes,        224 total
- age   8:         16 bytes,        240 total
- age  13:         16 bytes,        256 total
: 896K->0K(960K), 0.0012732 secs] 6739K->6419K(10176K), 0.0014191 secs] [Times: user=0.00 sys=0.00, real=0.00 secs] 
2019-01-02T11:11:58.307+0530: 786.212: [GC (Allocation Failure) 2019-01-02T11:11:58.307+0530: 786.212: [DefNew
Desired survivor size 32768 bytes, new threshold 15 (max 15)
- age   1:         24 bytes,         24 total
- age   4:        184 bytes,        208 total
- age   9:         16 bytes,        224 total
- age  14:         16 bytes,        240 total
: 886K->0K(960K), 0.0003347 secs] 7306K->6896K(10176K), 0.0004003 secs] [Times: user=0.00 sys=0.00, real=0.00 secs] 
2019-01-02T11:11:58.308+0530: 786.212: [GC (Allocation Failure) 2019-01-02T11:11:58.308+0530: 786.213: [DefNew
Desired survivor size 32768 bytes, new threshold 15 (max 15)
- age   1:         24 bytes,         24 total
- age   5:         72 bytes,         96 total
- age  10:         16 bytes,        112 total
- age  15:         16 bytes,        128 total
: 495K->0K(960K), 0.0003239 secs] 7391K->7374K(10176K), 0.0003774 secs] [Times: user=0.00 sys=0.00, real=0.00 secs] 
2019-01-02T11:11:58.361+0530: 786.266: [GC (Allocation Failure) 2019-01-02T11:11:58.361+0530: 786.266: [DefNew
Desired survivor size 32768 bytes, new threshold 15 (max 15)
- age   1:        248 bytes,        248 total
- age   6:         16 bytes,        264 total
- age  11:         16 bytes,        280 total
: 849K->0K(960K), 0.0005274 secs] 8223K->7446K(10176K), 0.0008119 secs] [Times: user=0.00 sys=0.00, real=0.00 secs] 
2019-01-02T11:11:58.363+0530: 786.268: [GC (Allocation Failure) 2019-01-02T11:11:58.364+0530: 786.268: [DefNew
Desired survivor size 32768 bytes, new threshold 15 (max 15)
- age   2:        184 bytes,        184 total
- age   7:         16 bytes,        200 total
- age  12:         16 bytes,        216 total
: 896K->0K(960K), 0.0005787 secs] 8342K->7734K(10176K), 0.0007338 secs] [Times: user=0.00 sys=0.00, real=0.00 secs] 
2019-01-02T11:11:58.366+0530: 786.271: [GC (Allocation Failure) 2019-01-02T11:11:58.366+0530: 786.271: [DefNew
Desired survivor size 32768 bytes, new threshold 15 (max 15)
- age   1:         40 bytes,         40 total
- age   3:        184 bytes,        224 total
- age   8:         16 bytes,        240 total
- age  13:         16 bytes,        256 total
: 896K->0K(960K), 0.0008421 secs] 8630K->8310K(10176K), 0.0011187 secs] [Times: user=0.00 sys=0.00, real=0.00 secs] 
2019-01-02T11:11:58.369+0530: 786.273: [GC (Allocation Failure) 2019-01-02T11:11:58.369+0530: 786.273: [DefNew
Desired survivor size 32768 bytes, new threshold 15 (max 15)
- age   1:         24 bytes,         24 total
- age   4:        184 bytes,        208 total
- age   9:         16 bytes,        224 total
- age  14:         16 bytes,        240 total
: 886K->0K(960K), 0.0011654 secs] 9196K->8787K(10176K), 0.0012675 secs] [Times: user=0.00 sys=0.00, real=0.00 secs] 
2019-01-02T11:11:58.370+0530: 786.275: [GC (Allocation Failure) 2019-01-02T11:11:58.370+0530: 786.275: [DefNew: 495K->495K(960K), 0.0000274 secs]2019-01-02T11:11:58.370+0530: 786.275: [Tenured: 8787K->1225K(9216K), 0.0037306 secs] 9282K->1225K(10176K), [Metaspace: 2520K->2520K(1056768K)], 0.0038702 secs] [Times: user=0.00 sys=0.00, real=0.00 secs] 
2019-01-02T11:11:58.430+0530: 786.334: [GC (Allocation Failure) 2019-01-02T11:11:58.430+0530: 786.334: [DefNew
Desired survivor size 32768 bytes, new threshold 15 (max 15)
- age   1:        248 bytes,        248 total
: 849K->0K(960K), 0.0010194 secs] 2075K->1774K(10176K), 0.0012219 secs] [Times: user=0.00 sys=0.00, real=0.00 secs] 
2019-01-02T11:11:58.432+0530: 786.337: [GC (Allocation Failure) 2019-01-02T11:11:58.432+0530: 786.337: [DefNew
Desired survivor size 32768 bytes, new threshold 15 (max 15)
- age   2:        184 bytes,        184 total
: 896K->0K(960K), 0.0009208 secs] 2670K->2062K(10176K), 0.0011854 secs] [Times: user=0.00 sys=0.00, real=0.00 secs] 
2019-01-02T11:11:58.435+0530: 786.340: [GC (Allocation Failure) 2019-01-02T11:11:58.435+0530: 786.340: [DefNew
Desired survivor size 32768 bytes, new threshold 15 (max 15)
- age   1:         40 bytes,         40 total
- age   3:        184 bytes,        224 total
: 896K->0K(960K), 0.0010896 secs] 2958K->2638K(10176K), 0.0012612 secs] [Times: user=0.00 sys=0.00, real=0.00 secs] 
2019-01-02T11:11:58.438+0530: 786.342: [GC (Allocation Failure) 2019-01-02T11:11:58.438+0530: 786.343: [DefNew
Desired survivor size 32768 bytes, new threshold 15 (max 15)
- age   1:         24 bytes,         24 total
- age   4:        184 bytes,        208 total
: 886K->0K(960K), 0.0003626 secs] 3525K->3116K(10176K), 0.0004499 secs] [Times: user=0.02 sys=0.00, real=0.00 secs] 
2019-01-02T11:11:58.439+0530: 786.343: [GC (Allocation Failure) 2019-01-02T11:11:58.439+0530: 786.343: [DefNew
Desired survivor size 32768 bytes, new threshold 15 (max 15)
- age   1:         24 bytes,         24 total
- age   5:         72 bytes,         96 total
: 495K->0K(960K), 0.0003318 secs] 3611K->3593K(10176K), 0.0004042 secs] [Times: user=0.00 sys=0.00, real=0.00 secs] 
2019-01-02T11:11:58.494+0530: 786.399: [GC (Allocation Failure) 2019-01-02T11:11:58.495+0530: 786.399: [DefNew
Desired survivor size 32768 bytes, new threshold 15 (max 15)
- age   1:        248 bytes,        248 total
- age   6:         16 bytes,        264 total
: 850K->0K(960K), 0.0006135 secs] 4443K->3665K(10176K), 0.0009710 secs] [Times: user=0.00 sys=0.00, real=0.00 secs] 
2019-01-02T11:11:58.497+0530: 786.401: [GC (Allocation Failure) 2019-01-02T11:11:58.497+0530: 786.401: [DefNew
Desired survivor size 32768 bytes, new threshold 15 (max 15)
- age   2:        184 bytes,        184 total
- age   7:         16 bytes,        200 total
: 896K->0K(960K), 0.0007178 secs] 4561K->3953K(10176K), 0.0008284 secs] [Times: user=0.00 sys=0.00, real=0.00 secs] 
2019-01-02T11:11:58.499+0530: 786.404: [GC (Allocation Failure) 2019-01-02T11:11:58.499+0530: 786.404: [DefNew
Desired survivor size 32768 bytes, new threshold 15 (max 15)
- age   1:         40 bytes,         40 total
- age   3:        184 bytes,        224 total
- age   8:         16 bytes,        240 total
: 896K->0K(960K), 0.0012002 secs] 4849K->4529K(10176K), 0.0014203 secs] [Times: user=0.00 sys=0.00, real=0.00 secs] 
2019-01-02T11:11:58.502+0530: 786.407: [GC (Allocation Failure) 2019-01-02T11:11:58.502+0530: 786.407: [DefNew
Desired survivor size 32768 bytes, new threshold 15 (max 15)
- age   1:         24 bytes,         24 total
- age   4:        184 bytes,        208 total
- age   9:         16 bytes,        224 total
: 886K->0K(960K), 0.0003621 secs] 5416K->5006K(10176K), 0.0004561 secs] [Times: user=0.00 sys=0.00, real=0.00 secs] 
2019-01-02T11:11:58.503+0530: 786.408: [GC (Allocation Failure) 2019-01-02T11:11:58.503+0530: 786.408: [DefNew
Desired survivor size 32768 bytes, new threshold 15 (max 15)
- age   1:         24 bytes,         24 total
- age   5:         72 bytes,         96 total
- age  10:         16 bytes,        112 total
: 495K->0K(960K), 0.0003330 secs] 5501K->5484K(10176K), 0.0004071 secs] [Times: user=0.00 sys=0.00, real=0.00 secs] 
2019-01-02T11:11:58.556+0530: 786.460: [GC (Allocation Failure) 2019-01-02T11:11:58.556+0530: 786.460: [DefNew
Desired survivor size 32768 bytes, new threshold 15 (max 15)
- age   1:        248 bytes,        248 total
- age   6:         16 bytes,        264 total
- age  11:         16 bytes,        280 total
: 850K->0K(960K), 0.0006671 secs] 6334K->5556K(10176K), 0.0009037 secs] [Times: user=0.00 sys=0.00, real=0.00 secs] 
2019-01-02T11:11:58.558+0530: 786.463: [GC (Allocation Failure) 2019-01-02T11:11:58.559+0530: 786.463: [DefNew
Desired survivor size 32768 bytes, new threshold 15 (max 15)
- age   2:        184 bytes,        184 total
- age   7:         16 bytes,        200 total
- age  12:         16 bytes,        216 total
: 896K->0K(960K), 0.0006642 secs] 6452K->5844K(10176K), 0.0009590 secs] [Times: user=0.00 sys=0.00, real=0.00 secs] 
2019-01-02T11:11:58.562+0530: 786.466: [GC (Allocation Failure) 2019-01-02T11:11:58.562+0530: 786.466: [DefNew
Desired survivor size 32768 bytes, new threshold 15 (max 15)
- age   1:         40 bytes,         40 total
- age   3:        184 bytes,        224 total
- age   8:         16 bytes,        240 total
- age  13:         16 bytes,        256 total
: 896K->0K(960K), 0.0003997 secs] 6740K->6420K(10176K), 0.0004801 secs] [Times: user=0.00 sys=0.00, real=0.00 secs] 
2019-01-02T11:11:58.563+0530: 786.468: [GC (Allocation Failure) 2019-01-02T11:11:58.563+0530: 786.468: [DefNew
Desired survivor size 32768 bytes, new threshold 15 (max 15)
- age   1:         24 bytes,         24 total
- age   4:        184 bytes,        208 total
- age   9:         16 bytes,        224 total
- age  14:         16 bytes,        240 total
: 886K->0K(960K), 0.0006716 secs] 7306K->6897K(10176K), 0.0008034 secs] [Times: user=0.00 sys=0.00, real=0.00 secs] 
2019-01-02T11:11:58.565+0530: 786.470: [GC (Allocation Failure) 2019-01-02T11:11:58.565+0530: 786.470: [DefNew
Desired survivor size 32768 bytes, new threshold 15 (max 15)
- age   1:         24 bytes,         24 total
- age   5:         72 bytes,         96 total
- age  10:         16 bytes,        112 total
- age  15:         16 bytes,        128 total
: 495K->0K(960K), 0.0011283 secs] 7392K->7374K(10176K), 0.0012583 secs] [Times: user=0.00 sys=0.00, real=0.00 secs] 
2019-01-02T11:11:58.621+0530: 786.526: [GC (Allocation Failure) 2019-01-02T11:11:58.621+0530: 786.526: [DefNew
Desired survivor size 32768 bytes, new threshold 15 (max 15)
- age   1:        248 bytes,        248 total
- age   6:         16 bytes,        264 total
- age  11:         16 bytes,        280 total
: 850K->0K(960K), 0.0009681 secs] 8224K->7446K(10176K), 0.0011386 secs] [Times: user=0.00 sys=0.00, real=0.00 secs] 
2019-01-02T11:11:58.625+0530: 786.529: [GC (Allocation Failure) 2019-01-02T11:11:58.625+0530: 786.529: [DefNew
Desired survivor size 32768 bytes, new threshold 15 (max 15)
- age   2:        184 bytes,        184 total
- age   7:         16 bytes,        200 total
- age  12:         16 bytes,        216 total
: 896K->0K(960K), 0.0011130 secs] 8342K->7734K(10176K), 0.0013558 secs] [Times: user=0.01 sys=0.00, real=0.00 secs] 
2019-01-02T11:11:58.627+0530: 786.532: [GC (Allocation Failure) 2019-01-02T11:11:58.627+0530: 786.532: [DefNew
Desired survivor size 32768 bytes, new threshold 15 (max 15)
- age   1:         40 bytes,         40 total
- age   3:        184 bytes,        224 total
- age   8:         16 bytes,        240 total
- age  13:         16 bytes,        256 total
: 896K->0K(960K), 0.0004339 secs] 8630K->8310K(10176K), 0.0006705 secs] [Times: user=0.00 sys=0.00, real=0.00 secs] 
2019-01-02T11:11:58.630+0530: 786.534: [GC (Allocation Failure) 2019-01-02T11:11:58.630+0530: 786.534: [DefNew
Desired survivor size 32768 bytes, new threshold 15 (max 15)
- age   1:         24 bytes,         24 total
- age   4:        184 bytes,        208 total
- age   9:         16 bytes,        224 total
- age  14:         16 bytes,        240 total
: 886K->0K(960K), 0.0011705 secs] 9197K->8788K(10176K), 0.0013598 secs] [Times: user=0.00 sys=0.00, real=0.00 secs] 
2019-01-02T11:11:58.632+0530: 786.536: [GC (Allocation Failure) 2019-01-02T11:11:58.632+0530: 786.536: [DefNew: 495K->495K(960K), 0.0000445 secs]2019-01-02T11:11:58.632+0530: 786.536: [Tenured: 8788K->1225K(9216K), 0.0042397 secs] 9283K->1225K(10176K), [Metaspace: 2520K->2520K(1056768K)], 0.0044239 secs] [Times: user=0.00 sys=0.00, real=0.00 secs] 
2019-01-02T11:11:58.684+0530: 786.588: [GC (Allocation Failure) 2019-01-02T11:11:58.684+0530: 786.588: [DefNew
Desired survivor size 32768 bytes, new threshold 15 (max 15)
- age   1:        248 bytes,        248 total
: 850K->0K(960K), 0.0012144 secs] 2075K->1775K(10176K), 0.0016358 secs] [Times: user=0.00 sys=0.00, real=0.00 secs] 
2019-01-02T11:11:58.687+0530: 786.592: [GC (Allocation Failure) 2019-01-02T11:11:58.687+0530: 786.592: [DefNew
Desired survivor size 32768 bytes, new threshold 15 (max 15)
- age   2:        184 bytes,        184 total
: 896K->0K(960K), 0.0006380 secs] 2671K->2063K(10176K), 0.0009128 secs] [Times: user=0.02 sys=0.00, real=0.00 secs] 
2019-01-02T11:11:58.689+0530: 786.594: [GC (Allocation Failure) 2019-01-02T11:11:58.689+0530: 786.594: [DefNew
Desired survivor size 32768 bytes, new threshold 15 (max 15)
- age   1:         40 bytes,         40 total
- age   3:        184 bytes,        224 total
: 896K->0K(960K), 0.0010639 secs] 2959K->2639K(10176K), 0.0012156 secs] [Times: user=0.00 sys=0.00, real=0.00 secs] 
2019-01-02T11:11:58.693+0530: 786.597: [GC (Allocation Failure) 2019-01-02T11:11:58.693+0530: 786.597: [DefNew
Desired survivor size 32768 bytes, new threshold 15 (max 15)
- age   1:         24 bytes,         24 total
- age   4:        184 bytes,        208 total
: 886K->0K(960K), 0.0004099 secs] 3525K->3116K(10176K), 0.0005348 secs] [Times: user=0.00 sys=0.00, real=0.00 secs] 
2019-01-02T11:11:58.694+0530: 786.598: [GC (Allocation Failure) 2019-01-02T11:11:58.694+0530: 786.598: [DefNew
Desired survivor size 32768 bytes, new threshold 15 (max 15)
- age   1:         24 bytes,         24 total
- age   5:         72 bytes,         96 total
: 495K->0K(960K), 0.0003199 secs] 3611K->3593K(10176K), 0.0003757 secs] [Times: user=0.00 sys=0.00, real=0.00 secs] 
2019-01-02T11:11:58.753+0530: 786.658: [GC (Allocation Failure) 2019-01-02T11:11:58.753+0530: 786.658: [DefNew
Desired survivor size 32768 bytes, new threshold 15 (max 15)
- age   1:        248 bytes,        248 total
- age   6:         16 bytes,        264 total
: 850K->0K(960K), 0.0008393 secs] 4443K->3665K(10176K), 0.0010651 secs] [Times: user=0.00 sys=0.00, real=0.00 secs] 
2019-01-02T11:11:58.756+0530: 786.661: [GC (Allocation Failure) 2019-01-02T11:11:58.756+0530: 786.661: [DefNew
Desired survivor size 32768 bytes, new threshold 15 (max 15)
- age   2:        184 bytes,        184 total
- age   7:         16 bytes,        200 total
: 896K->0K(960K), 0.0004003 secs] 4561K->3953K(10176K), 0.0005907 secs] [Times: user=0.00 sys=0.00, real=0.00 secs] 
2019-01-02T11:11:58.758+0530: 786.662: [GC (Allocation Failure) 2019-01-02T11:11:58.758+0530: 786.662: [DefNew
Desired survivor size 32768 bytes, new threshold 15 (max 15)
- age   1:         40 bytes,         40 total
- age   3:        184 bytes,        224 total
- age   8:         16 bytes,        240 total
: 896K->0K(960K), 0.0003735 secs] 4849K->4529K(10176K), 0.0004510 secs] [Times: user=0.00 sys=0.00, real=0.00 secs] 
2019-01-02T11:11:58.759+0530: 786.664: [GC (Allocation Failure) 2019-01-02T11:11:58.759+0530: 786.664: [DefNew
Desired survivor size 32768 bytes, new threshold 15 (max 15)
- age   1:         24 bytes,         24 total
- age   4:        184 bytes,        208 total
- age   9:         16 bytes,        224 total
: 886K->0K(960K), 0.0003199 secs] 5416K->5007K(10176K), 0.0003991 secs] [Times: user=0.00 sys=0.00, real=0.00 secs] 
2019-01-02T11:11:58.760+0530: 786.665: [GC (Allocation Failure) 2019-01-02T11:11:58.760+0530: 786.665: [DefNew
Desired survivor size 32768 bytes, new threshold 15 (max 15)
- age   1:         24 bytes,         24 total
- age   5:         72 bytes,         96 total
- age  10:         16 bytes,        112 total
: 495K->0K(960K), 0.0003216 secs] 5502K->5484K(10176K), 0.0003928 secs] [Times: user=0.00 sys=0.00, real=0.00 secs] 
2019-01-02T11:11:58.814+0530: 786.719: [GC (Allocation Failure) 2019-01-02T11:11:58.814+0530: 786.719: [DefNew
Desired survivor size 32768 bytes, new threshold 15 (max 15)
- age   1:        248 bytes,        248 total
- age   6:         16 bytes,        264 total
- age  11:         16 bytes,        280 total
: 850K->0K(960K), 0.0012384 secs] 6334K->5556K(10176K), 0.0015064 secs] [Times: user=0.00 sys=0.00, real=0.00 secs] 
2019-01-02T11:11:58.817+0530: 786.722: [GC (Allocation Failure) 2019-01-02T11:11:58.817+0530: 786.722: [DefNew
Desired survivor size 32768 bytes, new threshold 15 (max 15)
- age   2:        184 bytes,        184 total
- age   7:         16 bytes,        200 total
- age  12:         16 bytes,        216 total
: 896K->0K(960K), 0.0006922 secs] 6452K->5844K(10176K), 0.0008199 secs] [Times: user=0.00 sys=0.00, real=0.00 secs] 
2019-01-02T11:11:58.819+0530: 786.724: [GC (Allocation Failure) 2019-01-02T11:11:58.819+0530: 786.724: [DefNew
Desired survivor size 32768 bytes, new threshold 15 (max 15)
- age   1:         40 bytes,         40 total
- age   3:        184 bytes,        224 total
- age   8:         16 bytes,        240 total
- age  13:         16 bytes,        256 total
: 896K->0K(960K), 0.0013136 secs] 6740K->6420K(10176K), 0.0014625 secs] [Times: user=0.00 sys=0.00, real=0.00 secs] 
2019-01-02T11:11:58.822+0530: 786.727: [GC (Allocation Failure) 2019-01-02T11:11:58.822+0530: 786.727: [DefNew
Desired survivor size 32768 bytes, new threshold 15 (max 15)
- age   1:         24 bytes,         24 total
- age   4:        184 bytes,        208 total
- age   9:         16 bytes,        224 total
- age  14:         16 bytes,        240 total
: 886K->0K(960K), 0.0003678 secs] 7307K->6898K(10176K), 0.0004590 secs] [Times: user=0.00 sys=0.00, real=0.00 secs] 
2019-01-02T11:11:58.823+0530: 786.728: [GC (Allocation Failure) 2019-01-02T11:11:58.823+0530: 786.728: [DefNew
Desired survivor size 32768 bytes, new threshold 15 (max 15)
- age   1:         24 bytes,         24 total
- age   5:         72 bytes,         96 total
- age  10:         16 bytes,        112 total
- age  15:         16 bytes,        128 total
: 495K->0K(960K), 0.0003495 secs] 7393K->7375K(10176K), 0.0004236 secs] [Times: user=0.00 sys=0.00, real=0.00 secs] 
2019-01-02T11:11:58.878+0530: 786.783: [GC (Allocation Failure) 2019-01-02T11:11:58.878+0530: 786.783: [DefNew
Desired survivor size 32768 bytes, new threshold 15 (max 15)
- age   1:        248 bytes,        248 total
- age   6:         16 bytes,        264 total
- age  11:         16 bytes,        280 total
: 850K->0K(960K), 0.0009995 secs] 8225K->7447K(10176K), 0.0015200 secs] [Times: user=0.00 sys=0.00, real=0.00 secs] 
2019-01-02T11:11:58.882+0530: 786.787: [GC (Allocation Failure) 2019-01-02T11:11:58.883+0530: 786.787: [DefNew
Desired survivor size 32768 bytes, new threshold 15 (max 15)
- age   2:        184 bytes,        184 total
- age   7:         16 bytes,        200 total
- age  12:         16 bytes,        216 total
: 896K->0K(960K), 0.0016164 secs] 8343K->7735K(10176K), 0.0019420 secs] [Times: user=0.00 sys=0.00, real=0.00 secs] 
2019-01-02T11:11:58.886+0530: 786.790: [GC (Allocation Failure) 2019-01-02T11:11:58.886+0530: 786.790: [DefNew
Desired survivor size 32768 bytes, new threshold 15 (max 15)
- age   1:         40 bytes,         40 total
- age   3:        184 bytes,        224 total
- age   8:         16 bytes,        240 total
- age  13:         16 bytes,        256 total
: 896K->0K(960K), 0.0009487 secs] 8631K->8311K(10176K), 0.0011038 secs] [Times: user=0.00 sys=0.00, real=0.00 secs] 
2019-01-02T11:11:58.888+0530: 786.793: [GC (Allocation Failure) 2019-01-02T11:11:58.888+0530: 786.793: [DefNew
Desired survivor size 32768 bytes, new threshold 15 (max 15)
- age   1:         24 bytes,         24 total
- age   4:        184 bytes,        208 total
- age   9:         16 bytes,        224 total
- age  14:         16 bytes,        240 total
: 886K->0K(960K), 0.0009733 secs] 9198K->8789K(10176K), 0.0011084 secs] [Times: user=0.00 sys=0.00, real=0.00 secs] 
2019-01-02T11:11:58.891+0530: 786.795: [GC (Allocation Failure) 2019-01-02T11:11:58.891+0530: 786.795: [DefNew: 495K->495K(960K), 0.0000844 secs]2019-01-02T11:11:58.891+0530: 786.796: [Tenured: 8788K->1225K(9216K), 0.0047243 secs] 9284K->1225K(10176K), [Metaspace: 2520K->2520K(1056768K)], 0.0050260 secs] [Times: user=0.00 sys=0.00, real=0.00 secs] 
2019-01-02T11:11:58.952+0530: 786.857: [GC (Allocation Failure) 2019-01-02T11:11:58.952+0530: 786.857: [DefNew
Desired survivor size 32768 bytes, new threshold 15 (max 15)
- age   1:        248 bytes,        248 total
: 850K->0K(960K), 0.0010274 secs] 2075K->1775K(10176K), 0.0012179 secs] [Times: user=0.02 sys=0.00, real=0.00 secs] 
2019-01-02T11:11:58.955+0530: 786.859: [GC (Allocation Failure) 2019-01-02T11:11:58.955+0530: 786.859: [DefNew
Desired survivor size 32768 bytes, new threshold 15 (max 15)
- age   2:        184 bytes,        184 total
: 896K->0K(960K), 0.0010360 secs] 2671K->2063K(10176K), 0.0012213 secs] [Times: user=0.00 sys=0.00, real=0.00 secs] 
2019-01-02T11:11:58.958+0530: 786.862: [GC (Allocation Failure) 2019-01-02T11:11:58.958+0530: 786.862: [DefNew
Desired survivor size 32768 bytes, new threshold 15 (max 15)
- age   3:        184 bytes,        184 total
: 896K->0K(960K), 0.0012150 secs] 2959K->2639K(10176K), 0.0014334 secs] [Times: user=0.00 sys=0.00, real=0.00 secs] 
2019-01-02T11:11:58.960+0530: 786.865: [GC (Allocation Failure) 2019-01-02T11:11:58.960+0530: 786.865: [DefNew
Desired survivor size 32768 bytes, new threshold 15 (max 15)
- age   1:         24 bytes,         24 total
- age   4:        184 bytes,        208 total
: 886K->0K(960K), 0.0003632 secs] 3525K->3116K(10176K), 0.0004453 secs] [Times: user=0.00 sys=0.00, real=0.00 secs] 
2019-01-02T11:11:58.961+0530: 786.866: [GC (Allocation Failure) 2019-01-02T11:11:58.961+0530: 786.866: [DefNew
Desired survivor size 32768 bytes, new threshold 15 (max 15)
- age   1:         24 bytes,         24 total
- age   5:         72 bytes,         96 total
: 495K->0K(960K), 0.0003335 secs] 3611K->3594K(10176K), 0.0004253 secs] [Times: user=0.00 sys=0.00, real=0.00 secs] 
2019-01-02T11:11:59.020+0530: 786.924: [GC (Allocation Failure) 2019-01-02T11:11:59.020+0530: 786.924: [DefNew
Desired survivor size 32768 bytes, new threshold 15 (max 15)
- age   1:        248 bytes,        248 total
- age   6:         16 bytes,        264 total
: 832K->0K(960K), 0.0009048 secs] 4426K->3666K(10176K), 0.0013598 secs] [Times: user=0.00 sys=0.00, real=0.00 secs] 
2019-01-02T11:11:59.023+0530: 786.927: [GC (Allocation Failure) 2019-01-02T11:11:59.023+0530: 786.928: [DefNew
Desired survivor size 32768 bytes, new threshold 15 (max 15)
- age   1:         40 bytes,         40 total
- age   2:        184 bytes,        224 total
- age   7:         16 bytes,        240 total
: 896K->0K(960K), 0.0006694 secs] 4562K->3954K(10176K), 0.0008940 secs] [Times: user=0.00 sys=0.00, real=0.00 secs] 
2019-01-02T11:11:59.025+0530: 786.929: [GC (Allocation Failure) 2019-01-02T11:11:59.025+0530: 786.929: [DefNew
Desired survivor size 32768 bytes, new threshold 15 (max 15)
- age   3:        184 bytes,        184 total
- age   8:         16 bytes,        200 total
: 896K->0K(960K), 0.0003529 secs] 4850K->4530K(10176K), 0.0004122 secs] [Times: user=0.00 sys=0.00, real=0.00 secs] 
2019-01-02T11:11:59.027+0530: 786.931: [GC (Allocation Failure) 2019-01-02T11:11:59.027+0530: 786.931: [DefNew
Desired survivor size 32768 bytes, new threshold 15 (max 15)
- age   1:         24 bytes,         24 total
- age   4:        184 bytes,        208 total
- age   9:         16 bytes,        224 total
: 888K->0K(960K), 0.0003204 secs] 5418K->5007K(10176K), 0.0003752 secs] [Times: user=0.00 sys=0.00, real=0.00 secs] 
2019-01-02T11:11:59.027+0530: 786.931: [GC (Allocation Failure) 2019-01-02T11:11:59.027+0530: 786.932: [DefNew
Desired survivor size 32768 bytes, new threshold 15 (max 15)
- age   1:         24 bytes,         24 total
- age   5:         72 bytes,         96 total
- age  10:         16 bytes,        112 total
: 495K->0K(960K), 0.0003170 secs] 5503K->5485K(10176K), 0.0003689 secs] [Times: user=0.00 sys=0.00, real=0.00 secs] 
2019-01-02T11:11:59.079+0530: 786.983: [GC (Allocation Failure) 2019-01-02T11:11:59.079+0530: 786.984: [DefNew
Desired survivor size 32768 bytes, new threshold 15 (max 15)
- age   1:        248 bytes,        248 total
- age   6:         16 bytes,        264 total
- age  11:         16 bytes,        280 total
: 832K->0K(960K), 0.0016164 secs] 6317K->5557K(10176K), 0.0020417 secs] [Times: user=0.00 sys=0.00, real=0.00 secs] 
2019-01-02T11:11:59.083+0530: 786.988: [GC (Allocation Failure) 2019-01-02T11:11:59.084+0530: 786.988: [DefNew
Desired survivor size 32768 bytes, new threshold 15 (max 15)
- age   2:        184 bytes,        184 total
- age   7:         16 bytes,        200 total
- age  12:         16 bytes,        216 total
: 896K->0K(960K), 0.0008684 secs] 6453K->5845K(10176K), 0.0011375 secs] [Times: user=0.00 sys=0.00, real=0.00 secs] 
2019-01-02T11:11:59.086+0530: 786.990: [GC (Allocation Failure) 2019-01-02T11:11:59.086+0530: 786.990: [DefNew
Desired survivor size 32768 bytes, new threshold 15 (max 15)
- age   1:         40 bytes,         40 total
- age   3:        184 bytes,        224 total
- age   8:         16 bytes,        240 total
- age  13:         16 bytes,        256 total
: 896K->0K(960K), 0.0008980 secs] 6741K->6421K(10176K), 0.0010976 secs] [Times: user=0.00 sys=0.00, real=0.00 secs] 
2019-01-02T11:11:59.089+0530: 786.993: [GC (Allocation Failure) 2019-01-02T11:11:59.089+0530: 786.993: [DefNew
Desired survivor size 32768 bytes, new threshold 15 (max 15)
- age   1:         24 bytes,         24 total
- age   4:        184 bytes,        208 total
- age   9:         16 bytes,        224 total
- age  14:         16 bytes,        240 total
: 888K->0K(960K), 0.0004419 secs] 7309K->6898K(10176K), 0.0006004 secs] [Times: user=0.00 sys=0.00, real=0.00 secs] 
2019-01-02T11:11:59.090+0530: 786.994: [GC (Allocation Failure) 2019-01-02T11:11:59.090+0530: 786.994: [DefNew
Desired survivor size 32768 bytes, new threshold 15 (max 15)
- age   1:         24 bytes,         24 total
- age   5:         72 bytes,         96 total
- age  10:         16 bytes,        112 total
- age  15:         16 bytes,        128 total
: 495K->0K(960K), 0.0003455 secs] 7394K->7376K(10176K), 0.0004048 secs] [Times: user=0.00 sys=0.00, real=0.00 secs] 
2019-01-02T11:11:59.147+0530: 787.051: [GC (Allocation Failure) 2019-01-02T11:11:59.147+0530: 787.051: [DefNew
Desired survivor size 32768 bytes, new threshold 15 (max 15)
- age   1:        248 bytes,        248 total
- age   6:         16 bytes,        264 total
- age  11:         16 bytes,        280 total
: 832K->0K(960K), 0.0014710 secs] 8208K->7448K(10176K), 0.0016455 secs] [Times: user=0.00 sys=0.00, real=0.00 secs] 
2019-01-02T11:11:59.150+0530: 787.054: [GC (Allocation Failure) 2019-01-02T11:11:59.150+0530: 787.055: [DefNew
Desired survivor size 32768 bytes, new threshold 15 (max 15)
- age   2:        184 bytes,        184 total
- age   7:         16 bytes,        200 total
- age  12:         16 bytes,        216 total
: 896K->0K(960K), 0.0013296 secs] 8344K->7736K(10176K), 0.0015719 secs] [Times: user=0.00 sys=0.00, real=0.00 secs] 
2019-01-02T11:11:59.153+0530: 787.057: [GC (Allocation Failure) 2019-01-02T11:11:59.153+0530: 787.057: [DefNew
Desired survivor size 32768 bytes, new threshold 15 (max 15)
- age   1:         40 bytes,         40 total
- age   3:        184 bytes,        224 total
- age   8:         16 bytes,        240 total
- age  13:         16 bytes,        256 total
: 896K->0K(960K), 0.0008393 secs] 8632K->8312K(10176K), 0.0009157 secs] [Times: user=0.00 sys=0.00, real=0.00 secs] 
2019-01-02T11:11:59.155+0530: 787.060: [GC (Allocation Failure) 2019-01-02T11:11:59.156+0530: 787.060: [DefNew
Desired survivor size 32768 bytes, new threshold 15 (max 15)
- age   1:         24 bytes,         24 total
- age   4:        184 bytes,        208 total
- age   9:         16 bytes,        224 total
- age  14:         16 bytes,        240 total
: 888K->0K(960K), 0.0011152 secs] 9200K->8789K(10176K), 0.0012754 secs] [Times: user=0.02 sys=0.00, real=0.00 secs] 
2019-01-02T11:11:59.157+0530: 787.061: [GC (Allocation Failure) 2019-01-02T11:11:59.157+0530: 787.061: [DefNew: 495K->495K(960K), 0.0000245 secs]2019-01-02T11:11:59.157+0530: 787.061: [Tenured: 8789K->1225K(9216K), 0.0035988 secs] 9285K->1225K(10176K), [Metaspace: 2520K->2520K(1056768K)], 0.0037300 secs] [Times: user=0.00 sys=0.00, real=0.00 secs] 
2019-01-02T11:11:59.211+0530: 787.116: [GC (Allocation Failure) 2019-01-02T11:11:59.211+0530: 787.116: [DefNew
Desired survivor size 32768 bytes, new threshold 15 (max 15)
- age   1:        248 bytes,        248 total
: 832K->0K(960K), 0.0010348 secs] 2058K->1775K(10176K), 0.0012983 secs] [Times: user=0.00 sys=0.00, real=0.00 secs] 
2019-01-02T11:11:59.214+0530: 787.119: [GC (Allocation Failure) 2019-01-02T11:11:59.214+0530: 787.119: [DefNew
Desired survivor size 32768 bytes, new threshold 15 (max 15)
- age   2:        184 bytes,        184 total
: 896K->0K(960K), 0.0007429 secs] 2671K->2063K(10176K), 0.0009037 secs] [Times: user=0.00 sys=0.00, real=0.00 secs] 
2019-01-02T11:11:59.217+0530: 787.122: [GC (Allocation Failure) 2019-01-02T11:11:59.217+0530: 787.122: [DefNew
Desired survivor size 32768 bytes, new threshold 15 (max 15)
- age   1:         40 bytes,         40 total
- age   3:        184 bytes,        224 total
: 896K->0K(960K), 0.0008376 secs] 2959K->2639K(10176K), 0.0010457 secs] [Times: user=0.00 sys=0.00, real=0.00 secs] 
2019-01-02T11:11:59.220+0530: 787.124: [GC (Allocation Failure) 2019-01-02T11:11:59.220+0530: 787.124: [DefNew
Desired survivor size 32768 bytes, new threshold 15 (max 15)
- age   1:         24 bytes,         24 total
- age   4:        184 bytes,        208 total
: 888K->0K(960K), 0.0007389 secs] 3527K->3117K(10176K), 0.0009054 secs] [Times: user=0.00 sys=0.00, real=0.00 secs] 
2019-01-02T11:11:59.222+0530: 787.126: [GC (Allocation Failure) 2019-01-02T11:11:59.222+0530: 787.126: [DefNew
Desired survivor size 32768 bytes, new threshold 15 (max 15)
- age   1:         24 bytes,         24 total
- age   5:         72 bytes,         96 total
: 495K->0K(960K), 0.0003404 secs] 3612K->3594K(10176K), 0.0004128 secs] [Times: user=0.00 sys=0.00, real=0.00 secs] 
2019-01-02T11:11:59.272+0530: 787.176: [GC (Allocation Failure) 2019-01-02T11:11:59.272+0530: 787.176: [DefNew
Desired survivor size 32768 bytes, new threshold 15 (max 15)
- age   1:        248 bytes,        248 total
- age   6:         16 bytes,        264 total
: 832K->0K(960K), 0.0008889 secs] 4427K->3666K(10176K), 0.0012367 secs] [Times: user=0.00 sys=0.00, real=0.00 secs] 
2019-01-02T11:11:59.275+0530: 787.179: [GC (Allocation Failure) 2019-01-02T11:11:59.275+0530: 787.179: [DefNew
Desired survivor size 32768 bytes, new threshold 15 (max 15)
- age   2:        184 bytes,        184 total
- age   7:         16 bytes,        200 total
: 896K->0K(960K), 0.0008016 secs] 4562K->3954K(10176K), 0.0010919 secs] [Times: user=0.00 sys=0.00, real=0.00 secs] 
2019-01-02T11:11:59.277+0530: 787.182: [GC (Allocation Failure) 2019-01-02T11:11:59.278+0530: 787.182: [DefNew
Desired survivor size 32768 bytes, new threshold 15 (max 15)
- age   1:         40 bytes,         40 total
- age   3:        184 bytes,        224 total
- age   8:         16 bytes,        240 total
: 896K->0K(960K), 0.0008729 secs] 4850K->4530K(10176K), 0.0010149 secs] [Times: user=0.00 sys=0.00, real=0.00 secs] 
2019-01-02T11:11:59.280+0530: 787.184: [GC (Allocation Failure) 2019-01-02T11:11:59.280+0530: 787.185: [DefNew
Desired survivor size 32768 bytes, new threshold 15 (max 15)
- age   1:         24 bytes,         24 total
- age   4:        184 bytes,        208 total
- age   9:         16 bytes,        224 total
: 888K->0K(960K), 0.0006483 secs] 5418K->5008K(10176K), 0.0007988 secs] [Times: user=0.02 sys=0.00, real=0.00 secs] 
2019-01-02T11:11:59.281+0530: 787.186: [GC (Allocation Failure) 2019-01-02T11:11:59.282+0530: 787.186: [DefNew
Desired survivor size 32768 bytes, new threshold 15 (max 15)
- age   1:         24 bytes,         24 total
- age   5:         72 bytes,         96 total
- age  10:         16 bytes,        112 total
: 495K->0K(960K), 0.0010787 secs] 5503K->5485K(10176K), 0.0012680 secs] [Times: user=0.00 sys=0.00, real=0.00 secs] 
2019-01-02T11:11:59.333+0530: 787.237: [GC (Allocation Failure) 2019-01-02T11:11:59.333+0530: 787.237: [DefNew
Desired survivor size 32768 bytes, new threshold 15 (max 15)
- age   1:        248 bytes,        248 total
- age   6:         16 bytes,        264 total
- age  11:         16 bytes,        280 total
: 832K->0K(960K), 0.0005907 secs] 6318K->5557K(10176K), 0.0009767 secs] [Times: user=0.00 sys=0.00, real=0.00 secs] 
2019-01-02T11:11:59.336+0530: 787.240: [GC (Allocation Failure) 2019-01-02T11:11:59.336+0530: 787.241: [DefNew
Desired survivor size 32768 bytes, new threshold 15 (max 15)
- age   2:        184 bytes,        184 total
- age   7:         16 bytes,        200 total
- age  12:         16 bytes,        216 total
: 896K->0K(960K), 0.0006682 secs] 6453K->5845K(10176K), 0.0009790 secs] [Times: user=0.00 sys=0.00, real=0.00 secs] 
2019-01-02T11:11:59.338+0530: 787.243: [GC (Allocation Failure) 2019-01-02T11:11:59.339+0530: 787.243: [DefNew
Desired survivor size 32768 bytes, new threshold 15 (max 15)
- age   1:         40 bytes,         40 total
- age   3:        184 bytes,        224 total
- age   8:         16 bytes,        240 total
- age  13:         16 bytes,        256 total
: 896K->0K(960K), 0.0006973 secs] 6741K->6421K(10176K), 0.0008541 secs] [Times: user=0.00 sys=0.00, real=0.00 secs] 
2019-01-02T11:11:59.341+0530: 787.246: [GC (Allocation Failure) 2019-01-02T11:11:59.341+0530: 787.246: [DefNew
Desired survivor size 32768 bytes, new threshold 15 (max 15)
- age   1:         24 bytes,         24 total
- age   4:        184 bytes,        208 total
- age   9:         16 bytes,        224 total
- age  14:         16 bytes,        240 total
: 888K->0K(960K), 0.0005023 secs] 7310K->6899K(10176K), 0.0006357 secs] [Times: user=0.00 sys=0.00, real=0.00 secs] 
2019-01-02T11:11:59.342+0530: 787.247: [GC (Allocation Failure) 2019-01-02T11:11:59.342+0530: 787.247: [DefNew
Desired survivor size 32768 bytes, new threshold 15 (max 15)
- age   1:         24 bytes,         24 total
- age   5:         72 bytes,         96 total
- age  10:         16 bytes,        112 total
- age  15:         16 bytes,        128 total
: 495K->0K(960K), 0.0003290 secs] 7394K->7377K(10176K), 0.0003860 secs] [Times: user=0.00 sys=0.00, real=0.00 secs] 
2019-01-02T11:11:59.399+0530: 787.303: [GC (Allocation Failure) 2019-01-02T11:11:59.399+0530: 787.303: [DefNew
Desired survivor size 32768 bytes, new threshold 15 (max 15)
- age   1:        248 bytes,        248 total
- age   6:         16 bytes,        264 total
- age  11:         16 bytes,        280 total
: 832K->0K(960K), 0.0010246 secs] 8209K->7449K(10176K), 0.0012988 secs] [Times: user=0.00 sys=0.00, real=0.00 secs] 
2019-01-02T11:11:59.402+0530: 787.306: [GC (Allocation Failure) 2019-01-02T11:11:59.402+0530: 787.306: [DefNew
Desired survivor size 32768 bytes, new threshold 15 (max 15)
- age   2:        184 bytes,        184 total
- age   7:         16 bytes,        200 total
- age  12:         16 bytes,        216 total
: 896K->0K(960K), 0.0012498 secs] 8345K->7737K(10176K), 0.0014499 secs] [Times: user=0.00 sys=0.00, real=0.00 secs] 
2019-01-02T11:11:59.405+0530: 787.309: [GC (Allocation Failure) 2019-01-02T11:11:59.405+0530: 787.309: [DefNew
Desired survivor size 32768 bytes, new threshold 15 (max 15)
- age   1:         40 bytes,         40 total
- age   3:        184 bytes,        224 total
- age   8:         16 bytes,        240 total
- age  13:         16 bytes,        256 total
: 896K->0K(960K), 0.0010046 secs] 8633K->8313K(10176K), 0.0010941 secs] [Times: user=0.02 sys=0.00, real=0.00 secs] 
2019-01-02T11:11:59.408+0530: 787.312: [GC (Allocation Failure) 2019-01-02T11:11:59.408+0530: 787.312: [DefNew
Desired survivor size 32768 bytes, new threshold 15 (max 15)
- age   1:         24 bytes,         24 total
- age   4:        184 bytes,        208 total
- age   9:         16 bytes,        224 total
- age  14:         16 bytes,        240 total
: 888K->0K(960K), 0.0012236 secs] 9201K->8790K(10176K), 0.0013769 secs] [Times: user=0.00 sys=0.00, real=0.00 secs] 
2019-01-02T11:11:59.409+0530: 787.314: [GC (Allocation Failure) 2019-01-02T11:11:59.409+0530: 787.314: [DefNew: 495K->495K(960K), 0.0000245 secs]2019-01-02T11:11:59.409+0530: 787.314: [Tenured: 8790K->1225K(9216K), 0.0036274 secs] 9286K->1225K(10176K), [Metaspace: 2520K->2520K(1056768K)], 0.0037591 secs] [Times: user=0.00 sys=0.00, real=0.00 secs] 
2019-01-02T11:11:59.465+0530: 787.370: [GC (Allocation Failure) 2019-01-02T11:11:59.466+0530: 787.370: [DefNew
Desired survivor size 32768 bytes, new threshold 15 (max 15)
- age   1:        248 bytes,        248 total
: 832K->0K(960K), 0.0016843 secs] 2058K->1775K(10176K), 0.0021113 secs] [Times: user=0.00 sys=0.00, real=0.00 secs] 
2019-01-02T11:11:59.470+0530: 787.374: [GC (Allocation Failure) 2019-01-02T11:11:59.470+0530: 787.374: [DefNew
Desired survivor size 32768 bytes, new threshold 15 (max 15)
- age   2:        184 bytes,        184 total
: 896K->0K(960K), 0.0004607 secs] 2671K->2063K(10176K), 0.0007013 secs] [Times: user=0.00 sys=0.00, real=0.00 secs] 
2019-01-02T11:11:59.471+0530: 787.376: [GC (Allocation Failure) 2019-01-02T11:11:59.472+0530: 787.376: [DefNew
Desired survivor size 32768 bytes, new threshold 15 (max 15)
- age   1:         40 bytes,         40 total
- age   3:        184 bytes,        224 total
: 896K->0K(960K), 0.0006511 secs] 2959K->2639K(10176K), 0.0008404 secs] [Times: user=0.00 sys=0.00, real=0.00 secs] 
2019-01-02T11:11:59.474+0530: 787.378: [GC (Allocation Failure) 2019-01-02T11:11:59.474+0530: 787.378: [DefNew
Desired survivor size 32768 bytes, new threshold 15 (max 15)
- age   1:         24 bytes,         24 total
- age   4:        184 bytes,        208 total
: 888K->0K(960K), 0.0005992 secs] 3528K->3117K(10176K), 0.0007549 secs] [Times: user=0.00 sys=0.00, real=0.00 secs] 
2019-01-02T11:11:59.475+0530: 787.380: [GC (Allocation Failure) 2019-01-02T11:11:59.475+0530: 787.380: [DefNew
Desired survivor size 32768 bytes, new threshold 15 (max 15)
- age   1:         24 bytes,         24 total
- age   5:         72 bytes,         96 total
: 495K->0K(960K), 0.0003159 secs] 3612K->3594K(10176K), 0.0003809 secs] [Times: user=0.00 sys=0.00, real=0.00 secs] 
2019-01-02T11:11:59.528+0530: 787.433: [GC (Allocation Failure) 2019-01-02T11:11:59.529+0530: 787.433: [DefNew
Desired survivor size 32768 bytes, new threshold 15 (max 15)
- age   1:        248 bytes,        248 total
- age   6:         16 bytes,        264 total
: 832K->0K(960K), 0.0007617 secs] 4427K->3667K(10176K), 0.0012595 secs] [Times: user=0.00 sys=0.00, real=0.00 secs] 
2019-01-02T11:11:59.532+0530: 787.436: [GC (Allocation Failure) 2019-01-02T11:11:59.532+0530: 787.436: [DefNew
Desired survivor size 32768 bytes, new threshold 15 (max 15)
- age   2:        184 bytes,        184 total
- age   7:         16 bytes,        200 total
: 896K->0K(960K), 0.0011939 secs] 4563K->3955K(10176K), 0.0015856 secs] [Times: user=0.00 sys=0.00, real=0.00 secs] 
2019-01-02T11:11:59.535+0530: 787.439: [GC (Allocation Failure) 2019-01-02T11:11:59.535+0530: 787.439: [DefNew
Desired survivor size 32768 bytes, new threshold 15 (max 15)
- age   1:         40 bytes,         40 total
- age   3:        184 bytes,        224 total
- age   8:         16 bytes,        240 total
: 896K->0K(960K), 0.0004983 secs] 4851K->4531K(10176K), 0.0006420 secs] [Times: user=0.00 sys=0.00, real=0.00 secs] 
2019-01-02T11:11:59.537+0530: 787.441: [GC (Allocation Failure) 2019-01-02T11:11:59.537+0530: 787.441: [DefNew
Desired survivor size 32768 bytes, new threshold 15 (max 15)
- age   1:         24 bytes,         24 total
- age   4:        184 bytes,        208 total
- age   9:         16 bytes,        224 total
: 888K->0K(960K), 0.0009385 secs] 5419K->5008K(10176K), 0.0010212 secs] [Times: user=0.00 sys=0.00, real=0.00 secs] 
2019-01-02T11:11:59.539+0530: 787.443: [GC (Allocation Failure) 2019-01-02T11:11:59.539+0530: 787.443: [DefNew
Desired survivor size 32768 bytes, new threshold 15 (max 15)
- age   1:         24 bytes,         24 total
- age   5:         72 bytes,         96 total
- age  10:         16 bytes,        112 total
: 495K->0K(960K), 0.0003307 secs] 5504K->5486K(10176K), 0.0003877 secs] [Times: user=0.00 sys=0.00, real=0.00 secs] 
2019-01-02T11:11:59.589+0530: 787.493: [GC (Allocation Failure) 2019-01-02T11:11:59.589+0530: 787.494: [DefNew
Desired survivor size 32768 bytes, new threshold 15 (max 15)
- age   1:        248 bytes,        248 total
- age   6:         16 bytes,        264 total
- age  11:         16 bytes,        280 total
: 833K->0K(960K), 0.0012937 secs] 6319K->5558K(10176K), 0.0017282 secs] [Times: user=0.00 sys=0.00, real=0.00 secs] 
2019-01-02T11:11:59.593+0530: 787.497: [GC (Allocation Failure) 2019-01-02T11:11:59.593+0530: 787.497: [DefNew
Desired survivor size 32768 bytes, new threshold 15 (max 15)
- age   2:        184 bytes,        184 total
- age   7:         16 bytes,        200 total
- age  12:         16 bytes,        216 total
: 896K->0K(960K), 0.0008775 secs] 6454K->5846K(10176K), 0.0010314 secs] [Times: user=0.00 sys=0.00, real=0.00 secs] 
2019-01-02T11:11:59.596+0530: 787.500: [GC (Allocation Failure) 2019-01-02T11:11:59.596+0530: 787.500: [DefNew
Desired survivor size 32768 bytes, new threshold 15 (max 15)
- age   1:         40 bytes,         40 total
- age   3:        184 bytes,        224 total
- age   8:         16 bytes,        240 total
- age  13:         16 bytes,        256 total
: 896K->0K(960K), 0.0007748 secs] 6742K->6422K(10176K), 0.0028440 secs] [Times: user=0.00 sys=0.00, real=0.00 secs] 
2019-01-02T11:11:59.599+0530: 787.504: [GC (Allocation Failure) 2019-01-02T11:11:59.599+0530: 787.504: [DefNew
Desired survivor size 32768 bytes, new threshold 15 (max 15)
- age   1:         24 bytes,         24 total
- age   4:        184 bytes,        208 total
- age   9:         16 bytes,        224 total
- age  14:         16 bytes,        240 total
: 888K->0K(960K), 0.0008467 secs] 7310K->6900K(10176K), 0.0015406 secs] [Times: user=0.00 sys=0.00, real=0.00 secs] 
2019-01-02T11:11:59.602+0530: 787.506: [GC (Allocation Failure) 2019-01-02T11:11:59.602+0530: 787.506: [DefNew
Desired survivor size 32768 bytes, new threshold 15 (max 15)
- age   1:         24 bytes,         24 total
- age   5:         72 bytes,         96 total
- age  10:         16 bytes,        112 total
- age  15:         16 bytes,        128 total
: 495K->0K(960K), 0.0003757 secs] 7395K->7377K(10176K), 0.0004550 secs] [Times: user=0.00 sys=0.00, real=0.00 secs] 
2019-01-02T11:11:59.659+0530: 787.563: [GC (Allocation Failure) 2019-01-02T11:11:59.659+0530: 787.564: [DefNew
Desired survivor size 32768 bytes, new threshold 15 (max 15)
- age   1:        248 bytes,        248 total
- age   6:         16 bytes,        264 total
- age  11:         16 bytes,        280 total
: 833K->0K(960K), 0.0006106 secs] 8210K->7449K(10176K), 0.0009972 secs] [Times: user=0.00 sys=0.00, real=0.00 secs] 
2019-01-02T11:11:59.663+0530: 787.567: [GC (Allocation Failure) 2019-01-02T11:11:59.663+0530: 787.567: [DefNew
Desired survivor size 32768 bytes, new threshold 15 (max 15)
- age   2:        184 bytes,        184 total
- age   7:         16 bytes,        200 total
- age  12:         16 bytes,        216 total
: 896K->0K(960K), 0.0006015 secs] 8345K->7737K(10176K), 0.0007418 secs] [Times: user=0.00 sys=0.00, real=0.00 secs] 
2019-01-02T11:11:59.665+0530: 787.569: [GC (Allocation Failure) 2019-01-02T11:11:59.665+0530: 787.569: [DefNew
Desired survivor size 32768 bytes, new threshold 15 (max 15)
- age   1:         40 bytes,         40 total
- age   3:        184 bytes,        224 total
- age   8:         16 bytes,        240 total
- age  13:         16 bytes,        256 total
: 896K->0K(960K), 0.0003752 secs] 8633K->8313K(10176K), 0.0004362 secs] [Times: user=0.00 sys=0.00, real=0.00 secs] 
2019-01-02T11:11:59.667+0530: 787.571: [GC (Allocation Failure) 2019-01-02T11:11:59.667+0530: 787.571: [DefNew
Desired survivor size 32768 bytes, new threshold 15 (max 15)
- age   1:         24 bytes,         24 total
- age   4:        184 bytes,        208 total
- age   9:         16 bytes,        224 total
- age  14:         16 bytes,        240 total
: 888K->0K(960K), 0.0003558 secs] 9202K->8791K(10176K), 0.0004168 secs] [Times: user=0.00 sys=0.00, real=0.00 secs] 
2019-01-02T11:11:59.668+0530: 787.573: [GC (Allocation Failure) 2019-01-02T11:11:59.668+0530: 787.573: [DefNew: 495K->495K(960K), 0.0000986 secs]2019-01-02T11:11:59.669+0530: 787.573: [Tenured: 8791K->1226K(9216K), 0.0059291 secs] 9287K->1226K(10176K), [Metaspace: 2520K->2520K(1056768K)], 0.0063191 secs] [Times: user=0.02 sys=0.00, real=0.01 secs] 
2019-01-02T11:11:59.722+0530: 787.626: [GC (Allocation Failure) 2019-01-02T11:11:59.722+0530: 787.627: [DefNew
Desired survivor size 32768 bytes, new threshold 15 (max 15)
- age   1:        248 bytes,        248 total
: 832K->0K(960K), 0.0010166 secs] 2059K->1776K(10176K), 0.0013216 secs] [Times: user=0.00 sys=0.00, real=0.00 secs] 
2019-01-02T11:11:59.725+0530: 787.630: [GC (Allocation Failure) 2019-01-02T11:11:59.725+0530: 787.630: [DefNew
Desired survivor size 32768 bytes, new threshold 15 (max 15)
- age   2:        184 bytes,        184 total
: 896K->0K(960K), 0.0010850 secs] 2672K->2064K(10176K), 0.0014049 secs] [Times: user=0.00 sys=0.00, real=0.00 secs] 
2019-01-02T11:11:59.728+0530: 787.633: [GC (Allocation Failure) 2019-01-02T11:11:59.728+0530: 787.633: [DefNew
Desired survivor size 32768 bytes, new threshold 15 (max 15)
- age   1:         40 bytes,         40 total
- age   3:        184 bytes,        224 total
: 896K->0K(960K), 0.0011489 secs] 2960K->2640K(10176K), 0.0014197 secs] [Times: user=0.00 sys=0.00, real=0.00 secs] 
2019-01-02T11:11:59.731+0530: 787.636: [GC (Allocation Failure) 2019-01-02T11:11:59.731+0530: 787.636: [DefNew
Desired survivor size 32768 bytes, new threshold 15 (max 15)
- age   1:         24 bytes,         24 total
- age   4:        184 bytes,        208 total
: 888K->0K(960K), 0.0004681 secs] 3528K->3117K(10176K), 0.0005770 secs] [Times: user=0.00 sys=0.00, real=0.00 secs] 
2019-01-02T11:11:59.732+0530: 787.637: [GC (Allocation Failure) 2019-01-02T11:11:59.732+0530: 787.637: [DefNew
Desired survivor size 32768 bytes, new threshold 15 (max 15)
- age   1:         24 bytes,         24 total
- age   5:         72 bytes,         96 total
: 495K->0K(960K), 0.0004345 secs] 3613K->3595K(10176K), 0.0005194 secs] [Times: user=0.00 sys=0.00, real=0.00 secs] 
2019-01-02T11:11:59.789+0530: 787.693: [GC (Allocation Failure) 2019-01-02T11:11:59.789+0530: 787.693: [DefNew
Desired survivor size 32768 bytes, new threshold 15 (max 15)
- age   1:        248 bytes,        248 total
- age   6:         16 bytes,        264 total
: 833K->0K(960K), 0.0005097 secs] 4428K->3667K(10176K), 0.0006796 secs] [Times: user=0.00 sys=0.00, real=0.00 secs] 
2019-01-02T11:11:59.791+0530: 787.695: [GC (Allocation Failure) 2019-01-02T11:11:59.791+0530: 787.695: [DefNew
Desired survivor size 32768 bytes, new threshold 15 (max 15)
- age   2:        184 bytes,        184 total
- age   7:         16 bytes,        200 total
: 896K->0K(960K), 0.0008940 secs] 4563K->3955K(10176K), 0.0010018 secs] [Times: user=0.00 sys=0.00, real=0.00 secs] 
2019-01-02T11:11:59.794+0530: 787.698: [GC (Allocation Failure) 2019-01-02T11:11:59.794+0530: 787.698: [DefNew
Desired survivor size 32768 bytes, new threshold 15 (max 15)
- age   1:         40 bytes,         40 total
- age   3:        184 bytes,        224 total
- age   8:         16 bytes,        240 total
: 896K->0K(960K), 0.0008279 secs] 4851K->4531K(10176K), 0.0010206 secs] [Times: user=0.00 sys=0.00, real=0.00 secs] 
2019-01-02T11:11:59.796+0530: 787.701: [GC (Allocation Failure) 2019-01-02T11:11:59.796+0530: 787.701: [DefNew
Desired survivor size 32768 bytes, new threshold 15 (max 15)
- age   1:         24 bytes,         24 total
- age   4:        184 bytes,        208 total
- age   9:         16 bytes,        224 total
: 888K->0K(960K), 0.0008758 secs] 5419K->5009K(10176K), 0.0010120 secs] [Times: user=0.00 sys=0.00, real=0.00 secs] 
2019-01-02T11:11:59.798+0530: 787.702: [GC (Allocation Failure) 2019-01-02T11:11:59.798+0530: 787.702: [DefNew
Desired survivor size 32768 bytes, new threshold 15 (max 15)
- age   1:         24 bytes,         24 total
- age   5:         72 bytes,         96 total
- age  10:         16 bytes,        112 total
: 495K->0K(960K), 0.0003324 secs] 5504K->5486K(10176K), 0.0003888 secs] [Times: user=0.00 sys=0.00, real=0.00 secs] 
2019-01-02T11:11:59.852+0530: 787.756: [GC (Allocation Failure) 2019-01-02T11:11:59.852+0530: 787.756: [DefNew
Desired survivor size 32768 bytes, new threshold 15 (max 15)
- age   1:        248 bytes,        248 total
- age   6:         16 bytes,        264 total
- age  11:         16 bytes,        280 total
: 833K->0K(960K), 0.0009938 secs] 6319K->5559K(10176K), 0.0013752 secs] [Times: user=0.00 sys=0.00, real=0.00 secs] 
2019-01-02T11:11:59.856+0530: 787.760: [GC (Allocation Failure) 2019-01-02T11:11:59.856+0530: 787.760: [DefNew
Desired survivor size 32768 bytes, new threshold 15 (max 15)
- age   2:        184 bytes,        184 total
- age   7:         16 bytes,        200 total
- age  12:         16 bytes,        216 total
: 896K->0K(960K), 0.0008461 secs] 6455K->5847K(10176K), 0.0010668 secs] [Times: user=0.00 sys=0.00, real=0.00 secs] 
2019-01-02T11:11:59.859+0530: 787.763: [GC (Allocation Failure) 2019-01-02T11:11:59.859+0530: 787.763: [DefNew
Desired survivor size 32768 bytes, new threshold 15 (max 15)
- age   1:         40 bytes,         40 total
- age   3:        184 bytes,        224 total
- age   8:         16 bytes,        240 total
- age  13:         16 bytes,        256 total
: 896K->0K(960K), 0.0011631 secs] 6743K->6423K(10176K), 0.0013883 secs] [Times: user=0.00 sys=0.00, real=0.00 secs] 
2019-01-02T11:11:59.862+0530: 787.767: [GC (Allocation Failure) 2019-01-02T11:11:59.862+0530: 787.767: [DefNew
Desired survivor size 32768 bytes, new threshold 15 (max 15)
- age   1:         24 bytes,         24 total
- age   4:        184 bytes,        208 total
- age   9:         16 bytes,        224 total
- age  14:         16 bytes,        240 total
: 888K->0K(960K), 0.0003963 secs] 7311K->6900K(10176K), 0.0005422 secs] [Times: user=0.00 sys=0.00, real=0.00 secs] 
2019-01-02T11:11:59.863+0530: 787.767: [GC (Allocation Failure) 2019-01-02T11:11:59.863+0530: 787.767: [DefNew
Desired survivor size 32768 bytes, new threshold 15 (max 15)
- age   1:         24 bytes,         24 total
- age   5:         72 bytes,         96 total
- age  10:         16 bytes,        112 total
- age  15:         16 bytes,        128 total
: 495K->0K(960K), 0.0003307 secs] 7396K->7378K(10176K), 0.0004801 secs] [Times: user=0.00 sys=0.00, real=0.00 secs] 
2019-01-02T11:11:59.922+0530: 787.826: [GC (Allocation Failure) 2019-01-02T11:11:59.922+0530: 787.826: [DefNew
Desired survivor size 32768 bytes, new threshold 15 (max 15)
- age   1:        248 bytes,        248 total
- age   6:         16 bytes,        264 total
- age  11:         16 bytes,        280 total
: 833K->0K(960K), 0.0012663 secs] 8211K->7450K(10176K), 0.0014978 secs] [Times: user=0.00 sys=0.00, real=0.00 secs] 
2019-01-02T11:11:59.925+0530: 787.829: [GC (Allocation Failure) 2019-01-02T11:11:59.925+0530: 787.829: [DefNew
Desired survivor size 32768 bytes, new threshold 15 (max 15)
- age   2:        184 bytes,        184 total
- age   7:         16 bytes,        200 total
- age  12:         16 bytes,        216 total
: 896K->0K(960K), 0.0007138 secs] 8346K->7738K(10176K), 0.0008136 secs] [Times: user=0.00 sys=0.00, real=0.00 secs] 
2019-01-02T11:11:59.927+0530: 787.831: [GC (Allocation Failure) 2019-01-02T11:11:59.927+0530: 787.831: [DefNew
Desired survivor size 32768 bytes, new threshold 15 (max 15)
- age   1:         40 bytes,         40 total
- age   3:        184 bytes,        224 total
- age   8:         16 bytes,        240 total
- age  13:         16 bytes,        256 total
: 896K->0K(960K), 0.0011261 secs] 8634K->8314K(10176K), 0.0013319 secs] [Times: user=0.00 sys=0.00, real=0.00 secs] 
2019-01-02T11:11:59.930+0530: 787.834: [GC (Allocation Failure) 2019-01-02T11:11:59.930+0530: 787.834: [DefNew
Desired survivor size 32768 bytes, new threshold 15 (max 15)
- age   1:         24 bytes,         24 total
- age   4:        184 bytes,        208 total
- age   9:         16 bytes,        224 total
- age  14:         16 bytes,        240 total
: 888K->0K(960K), 0.0003512 secs] 9203K->8792K(10176K), 0.0004436 secs] [Times: user=0.00 sys=0.00, real=0.00 secs] 
2019-01-02T11:11:59.931+0530: 787.835: [GC (Allocation Failure) 2019-01-02T11:11:59.931+0530: 787.835: [DefNew: 495K->495K(960K), 0.0000411 secs]2019-01-02T11:11:59.931+0530: 787.835: [Tenured: 8792K->1226K(9216K), 0.0036479 secs] 9288K->1226K(10176K), [Metaspace: 2520K->2520K(1056768K)], 0.0038280 secs] [Times: user=0.00 sys=0.00, real=0.00 secs] 
2019-01-02T11:11:59.988+0530: 787.892: [GC (Allocation Failure) 2019-01-02T11:11:59.988+0530: 787.893: [DefNew
Desired survivor size 32768 bytes, new threshold 15 (max 15)
- age   1:        248 bytes,        248 total
: 833K->0K(960K), 0.0012926 secs] 2059K->1776K(10176K), 0.0016250 secs] [Times: user=0.00 sys=0.00, real=0.00 secs] 
2019-01-02T11:11:59.991+0530: 787.896: [GC (Allocation Failure) 2019-01-02T11:11:59.991+0530: 787.896: [DefNew
Desired survivor size 32768 bytes, new threshold 15 (max 15)
- age   2:        184 bytes,        184 total
: 896K->0K(960K), 0.0006158 secs] 2672K->2064K(10176K), 0.0007543 secs] [Times: user=0.00 sys=0.00, real=0.00 secs] 
2019-01-02T11:11:59.994+0530: 787.898: [GC (Allocation Failure) 2019-01-02T11:11:59.994+0530: 787.898: [DefNew
Desired survivor size 32768 bytes, new threshold 15 (max 15)
- age   1:         40 bytes,         40 total
- age   3:        184 bytes,        224 total
: 896K->0K(960K), 0.0007965 secs] 2960K->2640K(10176K), 0.0010440 secs] [Times: user=0.00 sys=0.00, real=0.00 secs] 
2019-01-02T11:11:59.997+0530: 787.901: [GC (Allocation Failure) 2019-01-02T11:11:59.997+0530: 787.901: [DefNew
Desired survivor size 32768 bytes, new threshold 15 (max 15)
- age   1:         24 bytes,         24 total
- age   4:        184 bytes,        208 total
: 888K->0K(960K), 0.0003541 secs] 3528K->3118K(10176K), 0.0004396 secs] [Times: user=0.00 sys=0.00, real=0.00 secs] 
2019-01-02T11:11:59.997+0530: 787.902: [GC (Allocation Failure) 2019-01-02T11:11:59.997+0530: 787.902: [DefNew
Desired survivor size 32768 bytes, new threshold 15 (max 15)
- age   1:         24 bytes,         24 total
- age   5:         72 bytes,         96 total
: 495K->0K(960K), 0.0003353 secs] 3613K->3595K(10176K), 0.0004162 secs] [Times: user=0.00 sys=0.00, real=0.00 secs] 
2019-01-02T11:12:00.051+0530: 787.956: [GC (Allocation Failure) 2019-01-02T11:12:00.051+0530: 787.956: [DefNew
Desired survivor size 32768 bytes, new threshold 15 (max 15)
- age   1:        248 bytes,        248 total
- age   6:         16 bytes,        264 total
: 833K->0K(960K), 0.0008421 secs] 4428K->3667K(10176K), 0.0010873 secs] [Times: user=0.00 sys=0.00, real=0.00 secs] 
2019-01-02T11:12:00.055+0530: 787.959: [GC (Allocation Failure) 2019-01-02T11:12:00.055+0530: 787.959: [DefNew
Desired survivor size 32768 bytes, new threshold 15 (max 15)
- age   2:        184 bytes,        184 total
- age   7:         16 bytes,        200 total
: 896K->0K(960K), 0.0007623 secs] 4563K->3955K(10176K), 0.0010269 secs] [Times: user=0.00 sys=0.00, real=0.00 secs] 
2019-01-02T11:12:00.057+0530: 787.961: [GC (Allocation Failure) 2019-01-02T11:12:00.057+0530: 787.962: [DefNew
Desired survivor size 32768 bytes, new threshold 15 (max 15)
- age   1:         40 bytes,         40 total
- age   3:        184 bytes,        224 total
- age   8:         16 bytes,        240 total
: 896K->0K(960K), 0.0007920 secs] 4851K->4531K(10176K), 0.0009442 secs] [Times: user=0.00 sys=0.00, real=0.00 secs] 
2019-01-02T11:12:00.060+0530: 787.964: [GC (Allocation Failure) 2019-01-02T11:12:00.060+0530: 787.964: [DefNew
Desired survivor size 32768 bytes, new threshold 15 (max 15)
- age   1:         24 bytes,         24 total
- age   4:        184 bytes,        208 total
- age   9:         16 bytes,        224 total
: 888K->0K(960K), 0.0013724 secs] 5420K->5009K(10176K), 0.0015503 secs] [Times: user=0.01 sys=0.00, real=0.00 secs] 
2019-01-02T11:12:00.062+0530: 787.966: [GC (Allocation Failure) 2019-01-02T11:12:00.062+0530: 787.966: [DefNew
Desired survivor size 32768 bytes, new threshold 15 (max 15)
- age   1:         24 bytes,         24 total
- age   5:         72 bytes,         96 total
- age  10:         16 bytes,        112 total
: 495K->0K(960K), 0.0003478 secs] 5505K->5487K(10176K), 0.0004253 secs] [Times: user=0.00 sys=0.00, real=0.00 secs] 
2019-01-02T11:12:00.117+0530: 788.022: [GC (Allocation Failure) 2019-01-02T11:12:00.117+0530: 788.022: [DefNew
Desired survivor size 32768 bytes, new threshold 15 (max 15)
- age   1:        248 bytes,        248 total
- age   6:         16 bytes,        264 total
- age  11:         16 bytes,        280 total
: 833K->0K(960K), 0.0008609 secs] 6320K->5559K(10176K), 0.0011112 secs] [Times: user=0.00 sys=0.00, real=0.00 secs] 
2019-01-02T11:12:00.121+0530: 788.025: [GC (Allocation Failure) 2019-01-02T11:12:00.121+0530: 788.025: [DefNew
Desired survivor size 32768 bytes, new threshold 15 (max 15)
- age   2:        184 bytes,        184 total
- age   7:         16 bytes,        200 total
- age  12:         16 bytes,        216 total
: 896K->0K(960K), 0.0010348 secs] 6455K->5847K(10176K), 0.0014630 secs] [Times: user=0.00 sys=0.00, real=0.00 secs] 
2019-01-02T11:12:00.124+0530: 788.028: [GC (Allocation Failure) 2019-01-02T11:12:00.124+0530: 788.028: [DefNew
Desired survivor size 32768 bytes, new threshold 15 (max 15)
- age   1:         40 bytes,         40 total
- age   3:        184 bytes,        224 total
- age   8:         16 bytes,        240 total
- age  13:         16 bytes,        256 total
: 896K->0K(960K), 0.0012173 secs] 6743K->6423K(10176K), 0.0014357 secs] [Times: user=0.00 sys=0.00, real=0.00 secs] 
2019-01-02T11:12:00.127+0530: 788.031: [GC (Allocation Failure) 2019-01-02T11:12:00.127+0530: 788.031: [DefNew
Desired survivor size 32768 bytes, new threshold 15 (max 15)
- age   1:         24 bytes,         24 total
- age   4:        184 bytes,        208 total
- age   9:         16 bytes,        224 total
- age  14:         16 bytes,        240 total
: 888K->0K(960K), 0.0009955 secs] 7312K->6901K(10176K), 0.0011067 secs] [Times: user=0.00 sys=0.00, real=0.00 secs] 
2019-01-02T11:12:00.128+0530: 788.032: [GC (Allocation Failure) 2019-01-02T11:12:00.128+0530: 788.032: [DefNew
Desired survivor size 32768 bytes, new threshold 15 (max 15)
- age   1:         24 bytes,         24 total
- age   5:         72 bytes,         96 total
- age  10:         16 bytes,        112 total
- age  15:         16 bytes,        128 total
: 495K->0K(960K), 0.0003444 secs] 7397K->7379K(10176K), 0.0004174 secs] [Times: user=0.00 sys=0.00, real=0.00 secs] 
2019-01-02T11:12:00.180+0530: 788.084: [GC (Allocation Failure) 2019-01-02T11:12:00.180+0530: 788.085: [DefNew
Desired survivor size 32768 bytes, new threshold 15 (max 15)
- age   1:        248 bytes,        248 total
- age   6:         16 bytes,        264 total
- age  11:         16 bytes,        280 total
: 833K->0K(960K), 0.0011717 secs] 8212K->7451K(10176K), 0.0015029 secs] [Times: user=0.00 sys=0.00, real=0.00 secs] 
2019-01-02T11:12:00.183+0530: 788.088: [GC (Allocation Failure) 2019-01-02T11:12:00.183+0530: 788.088: [DefNew
Desired survivor size 32768 bytes, new threshold 15 (max 15)
- age   2:        184 bytes,        184 total
- age   7:         16 bytes,        200 total
- age  12:         16 bytes,        216 total
: 896K->0K(960K), 0.0012675 secs] 8347K->7739K(10176K), 0.0014322 secs] [Times: user=0.00 sys=0.00, real=0.00 secs] 
2019-01-02T11:12:00.186+0530: 788.091: [GC (Allocation Failure) 2019-01-02T11:12:00.187+0530: 788.091: [DefNew
Desired survivor size 32768 bytes, new threshold 15 (max 15)
- age   1:         40 bytes,         40 total
- age   3:        184 bytes,        224 total
- age   8:         16 bytes,        240 total
- age  13:         16 bytes,        256 total
: 896K->0K(960K), 0.0006511 secs] 8635K->8315K(10176K), 0.0008176 secs] [Times: user=0.00 sys=0.00, real=0.00 secs] 
2019-01-02T11:12:00.189+0530: 788.093: [GC (Allocation Failure) 2019-01-02T11:12:00.189+0530: 788.093: [DefNew
Desired survivor size 32768 bytes, new threshold 15 (max 15)
- age   1:         24 bytes,         24 total
- age   4:        184 bytes,        208 total
- age   9:         16 bytes,        224 total
- age  14:         16 bytes,        240 total
: 888K->0K(960K), 0.0008524 secs] 9203K->8793K(10176K), 0.0009938 secs] [Times: user=0.00 sys=0.00, real=0.00 secs] 
2019-01-02T11:12:00.191+0530: 788.095: [GC (Allocation Failure) 2019-01-02T11:12:00.191+0530: 788.095: [DefNew: 495K->495K(960K), 0.0000821 secs]2019-01-02T11:12:00.191+0530: 788.095: [Tenured: 8793K->1226K(9216K), 0.0040892 secs] 9288K->1226K(10176K), [Metaspace: 2520K->2520K(1056768K)], 0.0043942 secs] [Times: user=0.00 sys=0.00, real=0.00 secs] 
2019-01-02T11:12:00.249+0530: 788.154: [GC (Allocation Failure) 2019-01-02T11:12:00.250+0530: 788.154: [DefNew
Desired survivor size 32768 bytes, new threshold 15 (max 15)
- age   1:        248 bytes,        248 total
: 833K->0K(960K), 0.0010633 secs] 2059K->1776K(10176K), 0.0015240 secs] [Times: user=0.00 sys=0.00, real=0.00 secs] 
2019-01-02T11:12:00.253+0530: 788.157: [GC (Allocation Failure) 2019-01-02T11:12:00.253+0530: 788.157: [DefNew
Desired survivor size 32768 bytes, new threshold 15 (max 15)
- age   2:        184 bytes,        184 total
: 896K->0K(960K), 0.0007965 secs] 2672K->2064K(10176K), 0.0011249 secs] [Times: user=0.00 sys=0.00, real=0.00 secs] 
2019-01-02T11:12:00.256+0530: 788.160: [GC (Allocation Failure) 2019-01-02T11:12:00.256+0530: 788.160: [DefNew
Desired survivor size 32768 bytes, new threshold 15 (max 15)
- age   1:         40 bytes,         40 total
- age   3:        184 bytes,        224 total
: 896K->0K(960K), 0.0005069 secs] 2960K->2640K(10176K), 0.0006066 secs] [Times: user=0.00 sys=0.00, real=0.00 secs] 
2019-01-02T11:12:00.258+0530: 788.162: [GC (Allocation Failure) 2019-01-02T11:12:00.258+0530: 788.162: [DefNew
Desired survivor size 32768 bytes, new threshold 15 (max 15)
- age   1:         24 bytes,         24 total
- age   4:        184 bytes,        208 total
: 888K->0K(960K), 0.0005930 secs] 3529K->3118K(10176K), 0.0007401 secs] [Times: user=0.00 sys=0.00, real=0.00 secs] 
2019-01-02T11:12:00.259+0530: 788.164: [GC (Allocation Failure) 2019-01-02T11:12:00.260+0530: 788.164: [DefNew
Desired survivor size 32768 bytes, new threshold 15 (max 15)
- age   1:         24 bytes,         24 total
- age   5:         72 bytes,         96 total
: 495K->0K(960K), 0.0003358 secs] 3614K->3596K(10176K), 0.0004122 secs] [Times: user=0.00 sys=0.00, real=0.00 secs] 
2019-01-02T11:12:00.311+0530: 788.216: [GC (Allocation Failure) 2019-01-02T11:12:00.311+0530: 788.216: [DefNew
Desired survivor size 32768 bytes, new threshold 15 (max 15)
- age   1:        248 bytes,        248 total
- age   6:         16 bytes,        264 total
: 833K->0K(960K), 0.0007241 secs] 4429K->3668K(10176K), 0.0009442 secs] [Times: user=0.00 sys=0.00, real=0.00 secs] 
2019-01-02T11:12:00.314+0530: 788.218: [GC (Allocation Failure) 2019-01-02T11:12:00.314+0530: 788.218: [DefNew
Desired survivor size 32768 bytes, new threshold 15 (max 15)
- age   2:        184 bytes,        184 total
- age   7:         16 bytes,        200 total
: 896K->0K(960K), 0.0008210 secs] 4564K->3956K(10176K), 0.0010411 secs] [Times: user=0.00 sys=0.00, real=0.00 secs] 
2019-01-02T11:12:00.316+0530: 788.221: [GC (Allocation Failure) 2019-01-02T11:12:00.317+0530: 788.221: [DefNew
Desired survivor size 32768 bytes, new threshold 15 (max 15)
- age   1:         40 bytes,         40 total
- age   3:        184 bytes,        224 total
- age   8:         16 bytes,        240 total
: 896K->0K(960K), 0.0009185 secs] 4852K->4532K(10176K), 0.0011700 secs] [Times: user=0.00 sys=0.00, real=0.00 secs] 
2019-01-02T11:12:00.319+0530: 788.223: [GC (Allocation Failure) 2019-01-02T11:12:00.319+0530: 788.223: [DefNew
Desired survivor size 32768 bytes, new threshold 15 (max 15)
- age   1:         24 bytes,         24 total
- age   4:        184 bytes,        208 total
- age   9:         16 bytes,        224 total
: 888K->0K(960K), 0.0003518 secs] 5420K->5010K(10176K), 0.0004288 secs] [Times: user=0.00 sys=0.00, real=0.00 secs] 
2019-01-02T11:12:00.320+0530: 788.224: [GC (Allocation Failure) 2019-01-02T11:12:00.320+0530: 788.224: [DefNew
Desired survivor size 32768 bytes, new threshold 15 (max 15)
- age   1:         24 bytes,         24 total
- age   5:         72 bytes,         96 total
- age  10:         16 bytes,        112 total
: 495K->0K(960K), 0.0003278 secs] 5505K->5488K(10176K), 0.0004008 secs] [Times: user=0.00 sys=0.00, real=0.00 secs] 
2019-01-02T11:12:00.372+0530: 788.277: [GC (Allocation Failure) 2019-01-02T11:12:00.373+0530: 788.277: [DefNew
Desired survivor size 32768 bytes, new threshold 15 (max 15)
- age   1:        248 bytes,        248 total
- age   6:         16 bytes,        264 total
- age  11:         16 bytes,        280 total
: 833K->0K(960K), 0.0012526 secs] 6321K->5560K(10176K), 0.0015822 secs] [Times: user=0.00 sys=0.02, real=0.00 secs] 
2019-01-02T11:12:00.376+0530: 788.280: [GC (Allocation Failure) 2019-01-02T11:12:00.376+0530: 788.280: [DefNew
Desired survivor size 32768 bytes, new threshold 15 (max 15)
- age   2:        184 bytes,        184 total
- age   7:         16 bytes,        200 total
- age  12:         16 bytes,        216 total
: 896K->0K(960K), 0.0005964 secs] 6456K->5848K(10176K), 0.0007127 secs] [Times: user=0.00 sys=0.00, real=0.00 secs] 
2019-01-02T11:12:00.378+0530: 788.282: [GC (Allocation Failure) 2019-01-02T11:12:00.378+0530: 788.282: [DefNew
Desired survivor size 32768 bytes, new threshold 15 (max 15)
- age   1:         40 bytes,         40 total
- age   3:        184 bytes,        224 total
- age   8:         16 bytes,        240 total
- age  13:         16 bytes,        256 total
: 896K->0K(960K), 0.0009391 secs] 6744K->6424K(10176K), 0.0010559 secs] [Times: user=0.00 sys=0.00, real=0.00 secs] 
2019-01-02T11:12:00.381+0530: 788.285: [GC (Allocation Failure) 2019-01-02T11:12:00.381+0530: 788.285: [DefNew
Desired survivor size 32768 bytes, new threshold 15 (max 15)
- age   1:         24 bytes,         24 total
- age   4:        184 bytes,        208 total
- age   9:         16 bytes,        224 total
- age  14:         16 bytes,        240 total
: 888K->0K(960K), 0.0010582 secs] 7312K->6902K(10176K), 0.0013114 secs] [Times: user=0.00 sys=0.00, real=0.00 secs] 
2019-01-02T11:12:00.383+0530: 788.288: [GC (Allocation Failure) 2019-01-02T11:12:00.384+0530: 788.288: [DefNew
Desired survivor size 32768 bytes, new threshold 15 (max 15)
- age   1:         24 bytes,         24 total
- age   5:         72 bytes,         96 total
- age  10:         16 bytes,        112 total
- age  15:         16 bytes,        128 total
: 495K->0K(960K), 0.0010753 secs] 7397K->7380K(10176K), 0.0012521 secs] [Times: user=0.00 sys=0.00, real=0.00 secs] 
2019-01-02T11:12:00.446+0530: 788.351: [GC (Allocation Failure) 2019-01-02T11:12:00.446+0530: 788.351: [DefNew
Desired survivor size 32768 bytes, new threshold 15 (max 15)
- age   1:        248 bytes,        248 total
- age   6:         16 bytes,        264 total
- age  11:         16 bytes,        280 total
: 833K->0K(960K), 0.0010856 secs] 8213K->7452K(10176K), 0.0014602 secs] [Times: user=0.00 sys=0.00, real=0.00 secs] 
2019-01-02T11:12:00.450+0530: 788.354: [GC (Allocation Failure) 2019-01-02T11:12:00.450+0530: 788.354: [DefNew
Desired survivor size 32768 bytes, new threshold 15 (max 15)
- age   2:        184 bytes,        184 total
- age   7:         16 bytes,        200 total
- age  12:         16 bytes,        216 total
: 896K->0K(960K), 0.0008581 secs] 8348K->7740K(10176K), 0.0010645 secs] [Times: user=0.02 sys=0.00, real=0.00 secs] 
2019-01-02T11:12:00.453+0530: 788.357: [GC (Allocation Failure) 2019-01-02T11:12:00.453+0530: 788.357: [DefNew
Desired survivor size 32768 bytes, new threshold 15 (max 15)
- age   3:        184 bytes,        184 total
- age   8:         16 bytes,        200 total
- age  13:         16 bytes,        216 total
: 896K->0K(960K), 0.0011968 secs] 8636K->8316K(10176K), 0.0013558 secs] [Times: user=0.00 sys=0.00, real=0.00 secs] 
2019-01-02T11:12:00.456+0530: 788.360: [GC (Allocation Failure) 2019-01-02T11:12:00.456+0530: 788.361: [DefNew
Desired survivor size 32768 bytes, new threshold 15 (max 15)
- age   1:         24 bytes,         24 total
- age   4:        184 bytes,        208 total
- age   9:         16 bytes,        224 total
- age  14:         16 bytes,        240 total
: 887K->0K(960K), 0.0004664 secs] 9203K->8794K(10176K), 0.0006831 secs] [Times: user=0.00 sys=0.00, real=0.00 secs] 
2019-01-02T11:12:00.457+0530: 788.362: [GC (Allocation Failure) 2019-01-02T11:12:00.457+0530: 788.362: [DefNew: 495K->495K(960K), 0.0000268 secs]2019-01-02T11:12:00.457+0530: 788.362: [Tenured: 8793K->1226K(9216K), 0.0049558 secs] 9289K->1226K(10176K), [Metaspace: 2520K->2520K(1056768K)], 0.0050932 secs] [Times: user=0.00 sys=0.00, real=0.00 secs] 
2019-01-02T11:12:00.515+0530: 788.420: [GC (Allocation Failure) 2019-01-02T11:12:00.516+0530: 788.420: [DefNew
Desired survivor size 32768 bytes, new threshold 15 (max 15)
- age   1:        248 bytes,        248 total
: 833K->0K(960K), 0.0011791 secs] 2059K->1776K(10176K), 0.0014653 secs] [Times: user=0.00 sys=0.00, real=0.00 secs] 
2019-01-02T11:12:00.519+0530: 788.423: [GC (Allocation Failure) 2019-01-02T11:12:00.519+0530: 788.423: [DefNew
Desired survivor size 32768 bytes, new threshold 15 (max 15)
- age   2:        184 bytes,        184 total
: 896K->0K(960K), 0.0010206 secs] 2672K->2064K(10176K), 0.0011865 secs] [Times: user=0.00 sys=0.00, real=0.00 secs] 
2019-01-02T11:12:00.522+0530: 788.426: [GC (Allocation Failure) 2019-01-02T11:12:00.522+0530: 788.426: [DefNew
Desired survivor size 32768 bytes, new threshold 15 (max 15)
- age   1:         40 bytes,         40 total
- age   3:        184 bytes,        224 total
: 896K->0K(960K), 0.0004755 secs] 2960K->2640K(10176K), 0.0007167 secs] [Times: user=0.00 sys=0.00, real=0.00 secs] 
2019-01-02T11:12:00.524+0530: 788.428: [GC (Allocation Failure) 2019-01-02T11:12:00.524+0530: 788.428: [DefNew
Desired survivor size 32768 bytes, new threshold 15 (max 15)
- age   1:         24 bytes,         24 total
- age   4:        184 bytes,        208 total
: 888K->0K(960K), 0.0009162 secs] 3529K->3118K(10176K), 0.0010485 secs] [Times: user=0.00 sys=0.00, real=0.00 secs] 
2019-01-02T11:12:00.526+0530: 788.430: [GC (Allocation Failure) 2019-01-02T11:12:00.526+0530: 788.430: [DefNew
Desired survivor size 32768 bytes, new threshold 15 (max 15)
- age   1:         24 bytes,         24 total
- age   5:         72 bytes,         96 total
: 495K->0K(960K), 0.0006762 secs] 3614K->3596K(10176K), 0.0007817 secs] [Times: user=0.00 sys=0.00, real=0.00 secs] 
2019-01-02T11:12:00.578+0530: 788.482: [GC (Allocation Failure) 2019-01-02T11:12:00.578+0530: 788.482: [DefNew
Desired survivor size 32768 bytes, new threshold 15 (max 15)
- age   1:        248 bytes,        248 total
- age   6:         16 bytes,        264 total
: 833K->0K(960K), 0.0008530 secs] 4430K->3668K(10176K), 0.0010155 secs] [Times: user=0.00 sys=0.00, real=0.00 secs] 
2019-01-02T11:12:00.581+0530: 788.485: [GC (Allocation Failure) 2019-01-02T11:12:00.581+0530: 788.485: [DefNew
Desired survivor size 32768 bytes, new threshold 15 (max 15)
- age   2:        184 bytes,        184 total
- age   7:         16 bytes,        200 total
: 896K->0K(960K), 0.0011266 secs] 4564K->3956K(10176K), 0.0012937 secs] [Times: user=0.00 sys=0.00, real=0.00 secs] 
2019-01-02T11:12:00.584+0530: 788.488: [GC (Allocation Failure) 2019-01-02T11:12:00.584+0530: 788.488: [DefNew
Desired survivor size 32768 bytes, new threshold 15 (max 15)
- age   3:        184 bytes,        184 total
- age   8:         16 bytes,        200 total
: 896K->0K(960K), 0.0008900 secs] 4852K->4532K(10176K), 0.0011112 secs] [Times: user=0.00 sys=0.00, real=0.00 secs] 
2019-01-02T11:12:00.586+0530: 788.491: [GC (Allocation Failure) 2019-01-02T11:12:00.586+0530: 788.491: [DefNew
Desired survivor size 32768 bytes, new threshold 15 (max 15)
- age   1:         24 bytes,         24 total
- age   4:        184 bytes,        208 total
- age   9:         16 bytes,        224 total
: 887K->0K(960K), 0.0003598 secs] 5420K->5010K(10176K), 0.0004402 secs] [Times: user=0.00 sys=0.00, real=0.00 secs] 
2019-01-02T11:12:00.587+0530: 788.491: [GC (Allocation Failure) 2019-01-02T11:12:00.587+0530: 788.491: [DefNew
Desired survivor size 32768 bytes, new threshold 15 (max 15)
- age   1:         24 bytes,         24 total
- age   5:         72 bytes,         96 total
- age  10:         16 bytes,        112 total
: 495K->0K(960K), 0.0003347 secs] 5506K->5488K(10176K), 0.0004077 secs] [Times: user=0.00 sys=0.00, real=0.00 secs] 
2019-01-02T11:12:00.644+0530: 788.548: [GC (Allocation Failure) 2019-01-02T11:12:00.644+0530: 788.548: [DefNew
Desired survivor size 32768 bytes, new threshold 15 (max 15)
- age   1:        248 bytes,        248 total
- age   6:         16 bytes,        264 total
- age  11:         16 bytes,        280 total
: 833K->0K(960K), 0.0007646 secs] 6321K->5560K(10176K), 0.0010166 secs] [Times: user=0.00 sys=0.00, real=0.00 secs] 
2019-01-02T11:12:00.647+0530: 788.551: [GC (Allocation Failure) 2019-01-02T11:12:00.647+0530: 788.551: [DefNew
Desired survivor size 32768 bytes, new threshold 15 (max 15)
- age   2:        184 bytes,        184 total
- age   7:         16 bytes,        200 total
- age  12:         16 bytes,        216 total
: 896K->0K(960K), 0.0011135 secs] 6456K->5848K(10176K), 0.0012623 secs] [Times: user=0.00 sys=0.00, real=0.00 secs] 
2019-01-02T11:12:00.650+0530: 788.554: [GC (Allocation Failure) 2019-01-02T11:12:00.650+0530: 788.554: [DefNew
Desired survivor size 32768 bytes, new threshold 15 (max 15)
- age   1:         40 bytes,         40 total
- age   3:        184 bytes,        224 total
- age   8:         16 bytes,        240 total
- age  13:         16 bytes,        256 total
: 896K->0K(960K), 0.0005588 secs] 6744K->6424K(10176K), 0.0007868 secs] [Times: user=0.00 sys=0.00, real=0.00 secs] 
2019-01-02T11:12:00.652+0530: 788.556: [GC (Allocation Failure) 2019-01-02T11:12:00.652+0530: 788.556: [DefNew
Desired survivor size 32768 bytes, new threshold 15 (max 15)
- age   1:         24 bytes,         24 total
- age   4:        184 bytes,        208 total
- age   9:         16 bytes,        224 total
- age  14:         16 bytes,        240 total
: 888K->0K(960K), 0.0003506 secs] 7313K->6902K(10176K), 0.0004293 secs] [Times: user=0.00 sys=0.00, real=0.00 secs] 
2019-01-02T11:12:00.652+0530: 788.557: [GC (Allocation Failure) 2019-01-02T11:12:00.652+0530: 788.557: [DefNew
Desired survivor size 32768 bytes, new threshold 15 (max 15)
- age   1:         24 bytes,         24 total
- age   5:         72 bytes,         96 total
- age  10:         16 bytes,        112 total
- age  15:         16 bytes,        128 total
: 496K->0K(960K), 0.0003392 secs] 7398K->7380K(10176K), 0.0003940 secs] [Times: user=0.00 sys=0.00, real=0.00 secs] 
2019-01-02T11:12:00.705+0530: 788.609: [GC (Allocation Failure) 2019-01-02T11:12:00.705+0530: 788.609: [DefNew
Desired survivor size 32768 bytes, new threshold 15 (max 15)
- age   1:        248 bytes,        248 total
- age   6:         16 bytes,        264 total
- age  11:         16 bytes,        280 total
: 833K->0K(960K), 0.0008615 secs] 8214K->7452K(10176K), 0.0010958 secs] [Times: user=0.00 sys=0.00, real=0.00 secs] 
2019-01-02T11:12:00.708+0530: 788.613: [GC (Allocation Failure) 2019-01-02T11:12:00.708+0530: 788.613: [DefNew
Desired survivor size 32768 bytes, new threshold 15 (max 15)
- age   2:        184 bytes,        184 total
- age   7:         16 bytes,        200 total
- age  12:         16 bytes,        216 total
: 896K->0K(960K), 0.0007988 secs] 8348K->7740K(10176K), 0.0010816 secs] [Times: user=0.00 sys=0.00, real=0.00 secs] 
2019-01-02T11:12:00.711+0530: 788.615: [GC (Allocation Failure) 2019-01-02T11:12:00.711+0530: 788.615: [DefNew
Desired survivor size 32768 bytes, new threshold 15 (max 15)
- age   3:        184 bytes,        184 total
- age   8:         16 bytes,        200 total
- age  13:         16 bytes,        216 total
: 896K->0K(960K), 0.0008535 secs] 8636K->8316K(10176K), 0.0009778 secs] [Times: user=0.00 sys=0.00, real=0.00 secs] 
2019-01-02T11:12:00.713+0530: 788.618: [GC (Allocation Failure) 2019-01-02T11:12:00.714+0530: 788.618: [DefNew
Desired survivor size 32768 bytes, new threshold 15 (max 15)
- age   1:         24 bytes,         24 total
- age   4:        184 bytes,        208 total
- age   9:         16 bytes,        224 total
- age  14:         16 bytes,        240 total
: 887K->0K(960K), 0.0011238 secs] 9204K->8794K(10176K), 0.0013193 secs] [Times: user=0.00 sys=0.00, real=0.00 secs] 
2019-01-02T11:12:00.715+0530: 788.620: [GC (Allocation Failure) 2019-01-02T11:12:00.715+0530: 788.620: [DefNew: 496K->496K(960K), 0.0000342 secs]2019-01-02T11:12:00.716+0530: 788.620: [Tenured: 8794K->1226K(9216K), 0.0038725 secs] 9290K->1226K(10176K), [Metaspace: 2520K->2520K(1056768K)], 0.0040379 secs] [Times: user=0.02 sys=0.00, real=0.00 secs] 
2019-01-02T11:12:00.773+0530: 788.677: [GC (Allocation Failure) 2019-01-02T11:12:00.773+0530: 788.677: [DefNew
Desired survivor size 32768 bytes, new threshold 15 (max 15)
- age   1:        248 bytes,        248 total
: 833K->0K(960K), 0.0012452 secs] 2060K->1776K(10176K), 0.0017709 secs] [Times: user=0.00 sys=0.00, real=0.00 secs] 
2019-01-02T11:12:00.777+0530: 788.682: [GC (Allocation Failure) 2019-01-02T11:12:00.778+0530: 788.682: [DefNew
Desired survivor size 32768 bytes, new threshold 15 (max 15)
- age   2:        184 bytes,        184 total
: 896K->0K(960K), 0.0007463 secs] 2672K->2064K(10176K), 0.0008923 secs] [Times: user=0.01 sys=0.00, real=0.00 secs] 
2019-01-02T11:12:00.780+0530: 788.684: [GC (Allocation Failure) 2019-01-02T11:12:00.780+0530: 788.684: [DefNew
Desired survivor size 32768 bytes, new threshold 15 (max 15)
- age   1:         40 bytes,         40 total
- age   3:        184 bytes,        224 total
: 896K->0K(960K), 0.0014710 secs] 2960K->2640K(10176K), 0.0016757 secs] [Times: user=0.00 sys=0.00, real=0.00 secs] 
2019-01-02T11:12:00.783+0530: 788.687: [GC (Allocation Failure) 2019-01-02T11:12:00.783+0530: 788.687: [DefNew
Desired survivor size 32768 bytes, new threshold 15 (max 15)
- age   1:         24 bytes,         24 total
- age   4:        184 bytes,        208 total
: 888K->0K(960K), 0.0004755 secs] 3529K->3119K(10176K), 0.0005770 secs] [Times: user=0.00 sys=0.00, real=0.00 secs] 
2019-01-02T11:12:00.784+0530: 788.688: [GC (Allocation Failure) 2019-01-02T11:12:00.784+0530: 788.688: [DefNew
Desired survivor size 32768 bytes, new threshold 15 (max 15)
- age   1:         24 bytes,         24 total
- age   5:         72 bytes,         96 total
: 496K->0K(960K), 0.0003301 secs] 3614K->3596K(10176K), 0.0004020 secs] [Times: user=0.00 sys=0.00, real=0.00 secs] 
2019-01-02T11:12:00.838+0530: 788.742: [GC (Allocation Failure) 2019-01-02T11:12:00.838+0530: 788.742: [DefNew
Desired survivor size 32768 bytes, new threshold 15 (max 15)
- age   1:        248 bytes,        248 total
- age   6:         16 bytes,        264 total
: 833K->0K(960K), 0.0006836 secs] 4430K->3669K(10176K), 0.0010075 secs] [Times: user=0.00 sys=0.00, real=0.00 secs] 
2019-01-02T11:12:00.841+0530: 788.745: [GC (Allocation Failure) 2019-01-02T11:12:00.841+0530: 788.745: [DefNew
Desired survivor size 32768 bytes, new threshold 15 (max 15)
- age   1:         40 bytes,         40 total
- age   2:        184 bytes,        224 total
- age   7:         16 bytes,        240 total
: 896K->0K(960K), 0.0007942 secs] 4565K->3957K(10176K), 0.0010713 secs] [Times: user=0.00 sys=0.00, real=0.00 secs] 
2019-01-02T11:12:00.844+0530: 788.748: [GC (Allocation Failure) 2019-01-02T11:12:00.844+0530: 788.749: [DefNew
Desired survivor size 32768 bytes, new threshold 15 (max 15)
- age   3:        184 bytes,        184 total
- age   8:         16 bytes,        200 total
: 896K->0K(960K), 0.0010685 secs] 4853K->4533K(10176K), 0.0012424 secs] [Times: user=0.00 sys=0.00, real=0.00 secs] 
2019-01-02T11:12:00.847+0530: 788.751: [GC (Allocation Failure) 2019-01-02T11:12:00.847+0530: 788.751: [DefNew
Desired survivor size 32768 bytes, new threshold 15 (max 15)
- age   1:         24 bytes,         24 total
- age   4:        184 bytes,        208 total
- age   9:         16 bytes,        224 total
: 887K->0K(960K), 0.0008723 secs] 5420K->5011K(10176K), 0.0010012 secs] [Times: user=0.00 sys=0.00, real=0.00 secs] 
2019-01-02T11:12:00.848+0530: 788.753: [GC (Allocation Failure) 2019-01-02T11:12:00.848+0530: 788.753: [DefNew
Desired survivor size 32768 bytes, new threshold 15 (max 15)
- age   1:         24 bytes,         24 total
- age   5:         72 bytes,         96 total
- age  10:         16 bytes,        112 total
: 496K->0K(960K), 0.0003318 secs] 5507K->5489K(10176K), 0.0004151 secs] [Times: user=0.00 sys=0.00, real=0.00 secs] 
2019-01-02T11:12:00.908+0530: 788.812: [GC (Allocation Failure) 2019-01-02T11:12:00.908+0530: 788.812: [DefNew
Desired survivor size 32768 bytes, new threshold 15 (max 15)
- age   1:        248 bytes,        248 total
- age   6:         16 bytes,        264 total
- age  11:         16 bytes,        280 total
: 833K->0K(960K), 0.0010474 secs] 6322K->5561K(10176K), 0.0014853 secs] [Times: user=0.00 sys=0.00, real=0.00 secs] 
2019-01-02T11:12:00.912+0530: 788.816: [GC (Allocation Failure) 2019-01-02T11:12:00.912+0530: 788.816: [DefNew
Desired survivor size 32768 bytes, new threshold 15 (max 15)
- age   2:        184 bytes,        184 total
- age   7:         16 bytes,        200 total
- age  12:         16 bytes,        216 total
: 896K->0K(960K), 0.0008495 secs] 6457K->5849K(10176K), 0.0009778 secs] [Times: user=0.00 sys=0.00, real=0.00 secs] 
2019-01-02T11:12:00.914+0530: 788.818: [GC (Allocation Failure) 2019-01-02T11:12:00.914+0530: 788.818: [DefNew
Desired survivor size 32768 bytes, new threshold 15 (max 15)
- age   1:         40 bytes,         40 total
- age   3:        184 bytes,        224 total
- age   8:         16 bytes,        240 total
- age  13:         16 bytes,        256 total
: 896K->0K(960K), 0.0008746 secs] 6745K->6425K(10176K), 0.0009898 secs] [Times: user=0.00 sys=0.00, real=0.00 secs] 
2019-01-02T11:12:00.917+0530: 788.821: [GC (Allocation Failure) 2019-01-02T11:12:00.917+0530: 788.821: [DefNew
Desired survivor size 32768 bytes, new threshold 15 (max 15)
- age   1:         24 bytes,         24 total
- age   4:        184 bytes,        208 total
- age   9:         16 bytes,        224 total
- age  14:         16 bytes,        240 total
: 888K->0K(960K), 0.0003820 secs] 7314K->6903K(10176K), 0.0004949 secs] [Times: user=0.00 sys=0.00, real=0.00 secs] 
2019-01-02T11:12:00.918+0530: 788.822: [GC (Allocation Failure) 2019-01-02T11:12:00.918+0530: 788.822: [DefNew
Desired survivor size 32768 bytes, new threshold 15 (max 15)
- age   1:         24 bytes,         24 total
- age   5:         72 bytes,         96 total
- age  10:         16 bytes,        112 total
- age  15:         16 bytes,        128 total
: 496K->0K(960K), 0.0003256 secs] 7399K->7381K(10176K), 0.0003968 secs] [Times: user=0.00 sys=0.00, real=0.00 secs] 
2019-01-02T11:12:00.972+0530: 788.877: [GC (Allocation Failure) 2019-01-02T11:12:00.973+0530: 788.877: [DefNew
Desired survivor size 32768 bytes, new threshold 15 (max 15)
- age   1:        248 bytes,        248 total
- age   6:         16 bytes,        264 total
- age  11:         16 bytes,        280 total
: 833K->0K(960K), 0.0007606 secs] 8215K->7453K(10176K), 0.0010480 secs] [Times: user=0.00 sys=0.00, real=0.00 secs] 
2019-01-02T11:12:00.976+0530: 788.880: [GC (Allocation Failure) 2019-01-02T11:12:00.976+0530: 788.880: [DefNew
Desired survivor size 32768 bytes, new threshold 15 (max 15)
- age   1:         40 bytes,         40 total
- age   2:        184 bytes,        224 total
- age   7:         16 bytes,        240 total
- age  12:         16 bytes,        256 total
: 896K->0K(960K), 0.0009624 secs] 8349K->7741K(10176K), 0.0012258 secs] [Times: user=0.00 sys=0.00, real=0.00 secs] 
2019-01-02T11:12:00.978+0530: 788.883: [GC (Allocation Failure) 2019-01-02T11:12:00.978+0530: 788.883: [DefNew
Desired survivor size 32768 bytes, new threshold 15 (max 15)
- age   3:        184 bytes,        184 total
- age   8:         16 bytes,        200 total
- age  13:         16 bytes,        216 total
: 896K->0K(960K), 0.0008803 secs] 8637K->8317K(10176K), 0.0009807 secs] [Times: user=0.00 sys=0.00, real=0.00 secs] 
2019-01-02T11:12:00.981+0530: 788.885: [GC (Allocation Failure) 2019-01-02T11:12:00.981+0530: 788.885: [DefNew
Desired survivor size 32768 bytes, new threshold 15 (max 15)
- age   1:         24 bytes,         24 total
- age   4:        184 bytes,        208 total
- age   9:         16 bytes,        224 total
- age  14:         16 bytes,        240 total
: 887K->0K(960K), 0.0003535 secs] 9205K->8795K(10176K), 0.0004322 secs] [Times: user=0.02 sys=0.00, real=0.00 secs] 
2019-01-02T11:12:00.982+0530: 788.886: [GC (Allocation Failure) 2019-01-02T11:12:00.982+0530: 788.886: [DefNew: 496K->496K(960K), 0.0000285 secs]2019-01-02T11:12:00.982+0530: 788.886: [Tenured: 8795K->1226K(9216K), 0.0036690 secs] 9291K->1226K(10176K), [Metaspace: 2520K->2520K(1056768K)], 0.0038286 secs] [Times: user=0.00 sys=0.00, real=0.00 secs] 
2019-01-02T11:12:01.039+0530: 788.944: [GC (Allocation Failure) 2019-01-02T11:12:01.040+0530: 788.944: [DefNew
Desired survivor size 32768 bytes, new threshold 15 (max 15)
- age   1:        248 bytes,        248 total
: 833K->0K(960K), 0.0011688 secs] 2060K->1777K(10176K), 0.0015907 secs] [Times: user=0.00 sys=0.00, real=0.00 secs] 
2019-01-02T11:12:01.043+0530: 788.948: [GC (Allocation Failure) 2019-01-02T11:12:01.043+0530: 788.948: [DefNew
Desired survivor size 32768 bytes, new threshold 15 (max 15)
- age   2:        184 bytes,        184 total
: 896K->0K(960K), 0.0004020 secs] 2673K->2065K(10176K), 0.0004966 secs] [Times: user=0.02 sys=0.00, real=0.00 secs] 
2019-01-02T11:12:01.045+0530: 788.949: [GC (Allocation Failure) 2019-01-02T11:12:01.045+0530: 788.950: [DefNew
Desired survivor size 32768 bytes, new threshold 15 (max 15)
- age   3:        184 bytes,        184 total
: 896K->0K(960K), 0.0008678 secs] 2961K->2641K(10176K), 0.0010622 secs] [Times: user=0.00 sys=0.00, real=0.00 secs] 
2019-01-02T11:12:01.048+0530: 788.952: [GC (Allocation Failure) 2019-01-02T11:12:01.048+0530: 788.952: [DefNew
Desired survivor size 32768 bytes, new threshold 15 (max 15)
- age   1:         24 bytes,         24 total
- age   4:        184 bytes,        208 total
: 887K->0K(960K), 0.0008855 secs] 3528K->3119K(10176K), 0.0011996 secs] [Times: user=0.00 sys=0.00, real=0.00 secs] 
2019-01-02T11:12:01.050+0530: 788.955: [GC (Allocation Failure) 2019-01-02T11:12:01.050+0530: 788.955: [DefNew
Desired survivor size 32768 bytes, new threshold 15 (max 15)
- age   1:         24 bytes,         24 total
- age   5:         72 bytes,         96 total
: 496K->0K(960K), 0.0003735 secs] 3615K->3597K(10176K), 0.0004824 secs] [Times: user=0.00 sys=0.00, real=0.00 secs] 
2019-01-02T11:12:01.102+0530: 789.007: [GC (Allocation Failure) 2019-01-02T11:12:01.102+0530: 789.007: [DefNew
Desired survivor size 32768 bytes, new threshold 15 (max 15)
- age   1:        248 bytes,        248 total
- age   6:         16 bytes,        264 total
: 833K->0K(960K), 0.0011529 secs] 4430K->3669K(10176K), 0.0015007 secs] [Times: user=0.00 sys=0.00, real=0.00 secs] 
2019-01-02T11:12:01.105+0530: 789.010: [GC (Allocation Failure) 2019-01-02T11:12:01.106+0530: 789.010: [DefNew
Desired survivor size 32768 bytes, new threshold 15 (max 15)
- age   2:        184 bytes,        184 total
- age   7:         16 bytes,        200 total
: 896K->0K(960K), 0.0011876 secs] 4565K->3957K(10176K), 0.0013684 secs] [Times: user=0.01 sys=0.00, real=0.00 secs] 
2019-01-02T11:12:01.109+0530: 789.013: [GC (Allocation Failure) 2019-01-02T11:12:01.109+0530: 789.013: [DefNew
Desired survivor size 32768 bytes, new threshold 15 (max 15)
- age   3:        184 bytes,        184 total
- age   8:         16 bytes,        200 total
: 896K->0K(960K), 0.0004761 secs] 4853K->4533K(10176K), 0.0005747 secs] [Times: user=0.00 sys=0.00, real=0.00 secs] 
2019-01-02T11:12:01.111+0530: 789.016: [GC (Allocation Failure) 2019-01-02T11:12:01.111+0530: 789.016: [DefNew
Desired survivor size 32768 bytes, new threshold 15 (max 15)
- age   1:         24 bytes,         24 total
- age   4:        184 bytes,        208 total
- age   9:         16 bytes,        224 total
: 887K->0K(960K), 0.0016654 secs] 5421K->5011K(10176K), 0.0018473 secs] [Times: user=0.00 sys=0.00, real=0.00 secs] 
2019-01-02T11:12:01.114+0530: 789.018: [GC (Allocation Failure) 2019-01-02T11:12:01.114+0530: 789.018: [DefNew
Desired survivor size 32768 bytes, new threshold 15 (max 15)
- age   1:         24 bytes,         24 total
- age   5:         72 bytes,         96 total
- age  10:         16 bytes,        112 total
: 496K->0K(960K), 0.0003489 secs] 5507K->5489K(10176K), 0.0004253 secs] [Times: user=0.00 sys=0.00, real=0.00 secs] 
2019-01-02T11:12:01.167+0530: 789.071: [GC (Allocation Failure) 2019-01-02T11:12:01.167+0530: 789.071: [DefNew
Desired survivor size 32768 bytes, new threshold 15 (max 15)
- age   1:        248 bytes,        248 total
- age   6:         16 bytes,        264 total
- age  11:         16 bytes,        280 total
: 833K->0K(960K), 0.0010844 secs] 6323K->5561K(10176K), 0.0013581 secs] [Times: user=0.02 sys=0.00, real=0.00 secs] 
2019-01-02T11:12:01.170+0530: 789.074: [GC (Allocation Failure) 2019-01-02T11:12:01.170+0530: 789.074: [DefNew
Desired survivor size 32768 bytes, new threshold 15 (max 15)
- age   2:        184 bytes,        184 total
- age   7:         16 bytes,        200 total
- age  12:         16 bytes,        216 total
: 896K->0K(960K), 0.0006568 secs] 6457K->5849K(10176K), 0.0008307 secs] [Times: user=0.00 sys=0.00, real=0.00 secs] 
2019-01-02T11:12:01.172+0530: 789.077: [GC (Allocation Failure) 2019-01-02T11:12:01.172+0530: 789.077: [DefNew
Desired survivor size 32768 bytes, new threshold 15 (max 15)
- age   3:        184 bytes,        184 total
- age   8:         16 bytes,        200 total
- age  13:         16 bytes,        216 total
: 896K->0K(960K), 0.0003849 secs] 6745K->6425K(10176K), 0.0004749 secs] [Times: user=0.00 sys=0.00, real=0.00 secs] 
2019-01-02T11:12:01.174+0530: 789.078: [GC (Allocation Failure) 2019-01-02T11:12:01.174+0530: 789.078: [DefNew
Desired survivor size 32768 bytes, new threshold 15 (max 15)
- age   1:         24 bytes,         24 total
- age   4:        184 bytes,        208 total
- age   9:         16 bytes,        224 total
- age  14:         16 bytes,        240 total
: 888K->0K(960K), 0.0003501 secs] 7313K->6904K(10176K), 0.0004293 secs] [Times: user=0.00 sys=0.00, real=0.00 secs] 
2019-01-02T11:12:01.175+0530: 789.079: [GC (Allocation Failure) 2019-01-02T11:12:01.175+0530: 789.079: [DefNew
Desired survivor size 32768 bytes, new threshold 15 (max 15)
- age   1:         24 bytes,         24 total
- age   5:         72 bytes,         96 total
- age  10:         16 bytes,        112 total
- age  15:         16 bytes,        128 total
: 496K->0K(960K), 0.0003364 secs] 7400K->7382K(10176K), 0.0004111 secs] [Times: user=0.00 sys=0.00, real=0.00 secs] 
2019-01-02T11:12:01.232+0530: 789.136: [GC (Allocation Failure) 2019-01-02T11:12:01.232+0530: 789.137: [DefNew
Desired survivor size 32768 bytes, new threshold 15 (max 15)
- age   1:        248 bytes,        248 total
- age   6:         16 bytes,        264 total
- age  11:         16 bytes,        280 total
: 833K->0K(960K), 0.0008273 secs] 8215K->7454K(10176K), 0.0010605 secs] [Times: user=0.00 sys=0.00, real=0.00 secs] 
2019-01-02T11:12:01.235+0530: 789.139: [GC (Allocation Failure) 2019-01-02T11:12:01.235+0530: 789.140: [DefNew
Desired survivor size 32768 bytes, new threshold 15 (max 15)
- age   2:        184 bytes,        184 total
- age   7:         16 bytes,        200 total
- age  12:         16 bytes,        216 total
: 896K->0K(960K), 0.0010234 secs] 8350K->7742K(10176K), 0.0012697 secs] [Times: user=0.00 sys=0.00, real=0.00 secs] 
2019-01-02T11:12:01.238+0530: 789.142: [GC (Allocation Failure) 2019-01-02T11:12:01.238+0530: 789.142: [DefNew
Desired survivor size 32768 bytes, new threshold 15 (max 15)
- age   3:        184 bytes,        184 total
- age   8:         16 bytes,        200 total
- age  13:         16 bytes,        216 total
: 896K->0K(960K), 0.0009014 secs] 8638K->8318K(10176K), 0.0010286 secs] [Times: user=0.00 sys=0.00, real=0.00 secs] 
2019-01-02T11:12:01.240+0530: 789.145: [GC (Allocation Failure) 2019-01-02T11:12:01.240+0530: 789.145: [DefNew
Desired survivor size 32768 bytes, new threshold 15 (max 15)
- age   1:         24 bytes,         24 total
- age   4:        184 bytes,        208 total
- age   9:         16 bytes,        224 total
- age  14:         16 bytes,        240 total
: 888K->0K(960K), 0.0004082 secs] 9206K->8796K(10176K), 0.0005017 secs] [Times: user=0.00 sys=0.00, real=0.00 secs] 
2019-01-02T11:12:01.241+0530: 789.146: [GC (Allocation Failure) 2019-01-02T11:12:01.241+0530: 789.146: [DefNew: 496K->496K(960K), 0.0000291 secs]2019-01-02T11:12:01.241+0530: 789.146: [Tenured: 8796K->1226K(9216K), 0.0044227 secs] 9292K->1226K(10176K), [Metaspace: 2520K->2520K(1056768K)], 0.0047027 secs] [Times: user=0.00 sys=0.00, real=0.01 secs] 
2019-01-02T11:12:01.302+0530: 789.206: [GC (Allocation Failure) 2019-01-02T11:12:01.302+0530: 789.207: [DefNew
Desired survivor size 32768 bytes, new threshold 15 (max 15)
- age   1:        248 bytes,        248 total
: 833K->0K(960K), 0.0014060 secs] 2060K->1777K(10176K), 0.0016455 secs] [Times: user=0.00 sys=0.00, real=0.00 secs] 
2019-01-02T11:12:01.306+0530: 789.210: [GC (Allocation Failure) 2019-01-02T11:12:01.306+0530: 789.210: [DefNew
Desired survivor size 32768 bytes, new threshold 15 (max 15)
- age   2:        184 bytes,        184 total
: 896K->0K(960K), 0.0010884 secs] 2673K->2065K(10176K), 0.0012880 secs] [Times: user=0.00 sys=0.00, real=0.00 secs] 
2019-01-02T11:12:01.308+0530: 789.212: [GC (Allocation Failure) 2019-01-02T11:12:01.308+0530: 789.212: [DefNew
Desired survivor size 32768 bytes, new threshold 15 (max 15)
- age   3:        184 bytes,        184 total
: 896K->0K(960K), 0.0003735 secs] 2961K->2641K(10176K), 0.0004618 secs] [Times: user=0.00 sys=0.00, real=0.00 secs] 
2019-01-02T11:12:01.309+0530: 789.214: [GC (Allocation Failure) 2019-01-02T11:12:01.310+0530: 789.214: [DefNew
Desired survivor size 32768 bytes, new threshold 15 (max 15)
- age   1:         24 bytes,         24 total
- age   4:        184 bytes,        208 total
: 888K->0K(960K), 0.0003626 secs] 3529K->3119K(10176K), 0.0006756 secs] [Times: user=0.00 sys=0.00, real=0.00 secs] 
2019-01-02T11:12:01.312+0530: 789.216: [GC (Allocation Failure) 2019-01-02T11:12:01.312+0530: 789.216: [DefNew
Desired survivor size 32768 bytes, new threshold 15 (max 15)
- age   1:         24 bytes,         24 total
- age   5:         72 bytes,         96 total
: 496K->0K(960K), 0.0005844 secs] 3615K->3597K(10176K), 0.0006751 secs] [Times: user=0.00 sys=0.00, real=0.00 secs] 
2019-01-02T11:12:01.366+0530: 789.270: [GC (Allocation Failure) 2019-01-02T11:12:01.366+0530: 789.270: [DefNew
Desired survivor size 32768 bytes, new threshold 15 (max 15)
- age   1:        248 bytes,        248 total
- age   6:         16 bytes,        264 total
: 833K->0K(960K), 0.0009379 secs] 4431K->3669K(10176K), 0.0011010 secs] [Times: user=0.00 sys=0.00, real=0.00 secs] 
2019-01-02T11:12:01.369+0530: 789.273: [GC (Allocation Failure) 2019-01-02T11:12:01.369+0530: 789.273: [DefNew
Desired survivor size 32768 bytes, new threshold 15 (max 15)
- age   2:        184 bytes,        184 total
- age   7:         16 bytes,        200 total
: 896K->0K(960K), 0.0012367 secs] 4565K->3957K(10176K), 0.0014590 secs] [Times: user=0.00 sys=0.00, real=0.00 secs] 
2019-01-02T11:12:01.372+0530: 789.276: [GC (Allocation Failure) 2019-01-02T11:12:01.372+0530: 789.276: [DefNew
Desired survivor size 32768 bytes, new threshold 15 (max 15)
- age   3:        184 bytes,        184 total
- age   8:         16 bytes,        200 total
: 896K->0K(960K), 0.0004630 secs] 4853K->4533K(10176K), 0.0005622 secs] [Times: user=0.00 sys=0.00, real=0.00 secs] 
2019-01-02T11:12:01.373+0530: 789.278: [GC (Allocation Failure) 2019-01-02T11:12:01.374+0530: 789.278: [DefNew
Desired survivor size 32768 bytes, new threshold 15 (max 15)
- age   1:         24 bytes,         24 total
- age   4:        184 bytes,        208 total
- age   9:         16 bytes,        224 total
: 888K->0K(960K), 0.0003501 secs] 5421K->5012K(10176K), 0.0004356 secs] [Times: user=0.00 sys=0.00, real=0.00 secs] 
2019-01-02T11:12:01.374+0530: 789.279: [GC (Allocation Failure) 2019-01-02T11:12:01.374+0530: 789.279: [DefNew
Desired survivor size 32768 bytes, new threshold 15 (max 15)
- age   1:         24 bytes,         24 total
- age   5:         72 bytes,         96 total
- age  10:         16 bytes,        112 total
: 496K->0K(960K), 0.0003421 secs] 5508K->5490K(10176K), 0.0004151 secs] [Times: user=0.00 sys=0.00, real=0.00 secs] 
2019-01-02T11:12:01.435+0530: 789.340: [GC (Allocation Failure) 2019-01-02T11:12:01.435+0530: 789.340: [DefNew
Desired survivor size 32768 bytes, new threshold 15 (max 15)
- age   1:        248 bytes,        248 total
- age   6:         16 bytes,        264 total
- age  11:         16 bytes,        280 total
: 833K->0K(960K), 0.0008359 secs] 6324K->5562K(10176K), 0.0011289 secs] [Times: user=0.00 sys=0.00, real=0.00 secs] 
2019-01-02T11:12:01.438+0530: 789.343: [GC (Allocation Failure) 2019-01-02T11:12:01.438+0530: 789.343: [DefNew
Desired survivor size 32768 bytes, new threshold 15 (max 15)
- age   1:         40 bytes,         40 total
- age   2:        184 bytes,        224 total
- age   7:         16 bytes,        240 total
- age  12:         16 bytes,        256 total
: 896K->0K(960K), 0.0010622 secs] 6458K->5850K(10176K), 0.0012846 secs] [Times: user=0.00 sys=0.00, real=0.00 secs] 
2019-01-02T11:12:01.441+0530: 789.345: [GC (Allocation Failure) 2019-01-02T11:12:01.441+0530: 789.345: [DefNew
Desired survivor size 32768 bytes, new threshold 15 (max 15)
- age   3:        184 bytes,        184 total
- age   8:         16 bytes,        200 total
- age  13:         16 bytes,        216 total
: 896K->0K(960K), 0.0003837 secs] 6746K->6426K(10176K), 0.0004692 secs] [Times: user=0.00 sys=0.00, real=0.00 secs] 
2019-01-02T11:12:01.442+0530: 789.347: [GC (Allocation Failure) 2019-01-02T11:12:01.442+0530: 789.347: [DefNew
Desired survivor size 32768 bytes, new threshold 15 (max 15)
- age   1:         24 bytes,         24 total
- age   4:        184 bytes,        208 total
- age   9:         16 bytes,        224 total
- age  14:         16 bytes,        240 total
: 888K->0K(960K), 0.0003438 secs] 7314K->6904K(10176K), 0.0004185 secs] [Times: user=0.00 sys=0.00, real=0.00 secs] 
2019-01-02T11:12:01.443+0530: 789.347: [GC (Allocation Failure) 2019-01-02T11:12:01.443+0530: 789.347: [DefNew
Desired survivor size 32768 bytes, new threshold 15 (max 15)
- age   1:         24 bytes,         24 total
- age   5:         72 bytes,         96 total
- age  10:         16 bytes,        112 total
- age  15:         16 bytes,        128 total
: 496K->0K(960K), 0.0003261 secs] 7400K->7382K(10176K), 0.0003980 secs] [Times: user=0.00 sys=0.00, real=0.00 secs] 
2019-01-02T11:12:01.499+0530: 789.403: [GC (Allocation Failure) 2019-01-02T11:12:01.499+0530: 789.404: [DefNew
Desired survivor size 32768 bytes, new threshold 15 (max 15)
- age   1:        248 bytes,        248 total
- age   6:         16 bytes,        264 total
- age  11:         16 bytes,        280 total
: 833K->0K(960K), 0.0007047 secs] 8216K->7455K(10176K), 0.0008934 secs] [Times: user=0.00 sys=0.00, real=0.00 secs] 
2019-01-02T11:12:01.502+0530: 789.406: [GC (Allocation Failure) 2019-01-02T11:12:01.502+0530: 789.406: [DefNew
Desired survivor size 32768 bytes, new threshold 15 (max 15)
- age   1:         40 bytes,         40 total
- age   2:        184 bytes,        224 total
- age   7:         16 bytes,        240 total
- age  12:         16 bytes,        256 total
: 896K->0K(960K), 0.0010810 secs] 8351K->7743K(10176K), 0.0013826 secs] [Times: user=0.00 sys=0.00, real=0.00 secs] 
2019-01-02T11:12:01.505+0530: 789.409: [GC (Allocation Failure) 2019-01-02T11:12:01.505+0530: 789.409: [DefNew
Desired survivor size 32768 bytes, new threshold 15 (max 15)
- age   3:        184 bytes,        184 total
- age   8:         16 bytes,        200 total
- age  13:         16 bytes,        216 total
: 896K->0K(960K), 0.0004242 secs] 8639K->8319K(10176K), 0.0005211 secs] [Times: user=0.00 sys=0.00, real=0.00 secs] 
2019-01-02T11:12:01.506+0530: 789.411: [GC (Allocation Failure) 2019-01-02T11:12:01.506+0530: 789.411: [DefNew
Desired survivor size 32768 bytes, new threshold 15 (max 15)
- age   1:         24 bytes,         24 total
- age   4:        184 bytes,        208 total
- age   9:         16 bytes,        224 total
- age  14:         16 bytes,        240 total
: 888K->0K(960K), 0.0003529 secs] 9207K->8797K(10176K), 0.0004316 secs] [Times: user=0.00 sys=0.00, real=0.00 secs] 
2019-01-02T11:12:01.507+0530: 789.412: [GC (Allocation Failure) 2019-01-02T11:12:01.507+0530: 789.412: [DefNew: 496K->496K(960K), 0.0000285 secs]2019-01-02T11:12:01.507+0530: 789.412: [Tenured: 8797K->1227K(9216K), 0.0039341 secs] 9293K->1227K(10176K), [Metaspace: 2520K->2520K(1056768K)], 0.0040875 secs] [Times: user=0.01 sys=0.00, real=0.00 secs] 
2019-01-02T11:12:01.566+0530: 789.471: [GC (Allocation Failure) 2019-01-02T11:12:01.566+0530: 789.471: [DefNew
Desired survivor size 32768 bytes, new threshold 15 (max 15)
- age   1:        248 bytes,        248 total
: 833K->0K(960K), 0.0010537 secs] 2060K->1777K(10176K), 0.0012293 secs] [Times: user=0.00 sys=0.00, real=0.00 secs] 
2019-01-02T11:12:01.569+0530: 789.473: [GC (Allocation Failure) 2019-01-02T11:12:01.569+0530: 789.474: [DefNew
Desired survivor size 32768 bytes, new threshold 15 (max 15)
- age   1:         40 bytes,         40 total
- age   2:        184 bytes,        224 total
: 896K->0K(960K), 0.0009949 secs] 2673K->2065K(10176K), 0.0011728 secs] [Times: user=0.00 sys=0.00, real=0.00 secs] 
2019-01-02T11:12:01.572+0530: 789.476: [GC (Allocation Failure) 2019-01-02T11:12:01.572+0530: 789.476: [DefNew
Desired survivor size 32768 bytes, new threshold 15 (max 15)
- age   3:        184 bytes,        184 total
: 896K->0K(960K), 0.0013085 secs] 2961K->2641K(10176K), 0.0014761 secs] [Times: user=0.00 sys=0.00, real=0.00 secs] 
2019-01-02T11:12:01.575+0530: 789.479: [GC (Allocation Failure) 2019-01-02T11:12:01.575+0530: 789.479: [DefNew
Desired survivor size 32768 bytes, new threshold 15 (max 15)
- age   1:         24 bytes,         24 total
- age   4:        184 bytes,        208 total
: 888K->0K(960K), 0.0003524 secs] 3529K->3119K(10176K), 0.0004310 secs] [Times: user=0.00 sys=0.00, real=0.00 secs] 
2019-01-02T11:12:01.575+0530: 789.480: [GC (Allocation Failure) 2019-01-02T11:12:01.576+0530: 789.480: [DefNew
Desired survivor size 32768 bytes, new threshold 15 (max 15)
- age   1:         24 bytes,         24 total
- age   5:         72 bytes,         96 total
: 496K->0K(960K), 0.0003307 secs] 3616K->3598K(10176K), 0.0004077 secs] [Times: user=0.00 sys=0.00, real=0.00 secs] 
2019-01-02T11:12:01.633+0530: 789.537: [GC (Allocation Failure) 2019-01-02T11:12:01.633+0530: 789.537: [DefNew
Desired survivor size 32768 bytes, new threshold 15 (max 15)
- age   1:        248 bytes,        248 total
- age   6:         16 bytes,        264 total
: 833K->0K(960K), 0.0009174 secs] 4432K->3670K(10176K), 0.0012361 secs] [Times: user=0.00 sys=0.00, real=0.00 secs] 
2019-01-02T11:12:01.636+0530: 789.540: [GC (Allocation Failure) 2019-01-02T11:12:01.636+0530: 789.540: [DefNew
Desired survivor size 32768 bytes, new threshold 15 (max 15)
- age   1:         40 bytes,         40 total
- age   2:        184 bytes,        224 total
- age   7:         16 bytes,        240 total
: 896K->0K(960K), 0.0010616 secs] 4566K->3958K(10176K), 0.0012868 secs] [Times: user=0.00 sys=0.01, real=0.00 secs] 
2019-01-02T11:12:01.639+0530: 789.543: [GC (Allocation Failure) 2019-01-02T11:12:01.639+0530: 789.543: [DefNew
Desired survivor size 32768 bytes, new threshold 15 (max 15)
- age   3:        184 bytes,        184 total
- age   8:         16 bytes,        200 total
: 896K->0K(960K), 0.0013370 secs] 4854K->4534K(10176K), 0.0014579 secs] [Times: user=0.00 sys=0.00, real=0.00 secs] 
2019-01-02T11:12:01.641+0530: 789.546: [GC (Allocation Failure) 2019-01-02T11:12:01.641+0530: 789.546: [DefNew
Desired survivor size 32768 bytes, new threshold 15 (max 15)
- age   1:         24 bytes,         24 total
- age   4:        184 bytes,        208 total
- age   9:         16 bytes,        224 total
: 888K->0K(960K), 0.0003900 secs] 5422K->5012K(10176K), 0.0004590 secs] [Times: user=0.00 sys=0.00, real=0.00 secs] 
2019-01-02T11:12:01.642+0530: 789.546: [GC (Allocation Failure) 2019-01-02T11:12:01.642+0530: 789.547: [DefNew
Desired survivor size 32768 bytes, new threshold 15 (max 15)
- age   1:         24 bytes,         24 total
- age   5:         72 bytes,         96 total
- age  10:         16 bytes,        112 total
: 496K->0K(960K), 0.0003347 secs] 5508K->5490K(10176K), 0.0003934 secs] [Times: user=0.00 sys=0.00, real=0.00 secs] 
2019-01-02T11:12:01.695+0530: 789.600: [GC (Allocation Failure) 2019-01-02T11:12:01.695+0530: 789.600: [DefNew
Desired survivor size 32768 bytes, new threshold 15 (max 15)
- age   1:        248 bytes,        248 total
- age   6:         16 bytes,        264 total
- age  11:         16 bytes,        280 total
: 833K->0K(960K), 0.0008062 secs] 6324K->5563K(10176K), 0.0012606 secs] [Times: user=0.00 sys=0.00, real=0.00 secs] 
2019-01-02T11:12:01.699+0530: 789.603: [GC (Allocation Failure) 2019-01-02T11:12:01.699+0530: 789.603: [DefNew
Desired survivor size 32768 bytes, new threshold 15 (max 15)
- age   1:         40 bytes,         40 total
- age   2:        184 bytes,        224 total
- age   7:         16 bytes,        240 total
- age  12:         16 bytes,        256 total
: 896K->0K(960K), 0.0006962 secs] 6459K->5851K(10176K), 0.0009020 secs] [Times: user=0.00 sys=0.00, real=0.00 secs] 
2019-01-02T11:12:01.701+0530: 789.605: [GC (Allocation Failure) 2019-01-02T11:12:01.701+0530: 789.605: [DefNew
Desired survivor size 32768 bytes, new threshold 15 (max 15)
- age   3:        184 bytes,        184 total
- age   8:         16 bytes,        200 total
- age  13:         16 bytes,        216 total
: 896K->0K(960K), 0.0007669 secs] 6747K->6427K(10176K), 0.0009465 secs] [Times: user=0.00 sys=0.00, real=0.00 secs] 
2019-01-02T11:12:01.704+0530: 789.608: [GC (Allocation Failure) 2019-01-02T11:12:01.704+0530: 789.608: [DefNew
Desired survivor size 32768 bytes, new threshold 15 (max 15)
- age   1:         24 bytes,         24 total
- age   4:        184 bytes,        208 total
- age   9:         16 bytes,        224 total
- age  14:         16 bytes,        240 total
: 888K->0K(960K), 0.0006831 secs] 7315K->6905K(10176K), 0.0008410 secs] [Times: user=0.00 sys=0.00, real=0.00 secs] 
2019-01-02T11:12:01.706+0530: 789.610: [GC (Allocation Failure) 2019-01-02T11:12:01.706+0530: 789.610: [DefNew
Desired survivor size 32768 bytes, new threshold 15 (max 15)
- age   1:         24 bytes,         24 total
- age   5:         72 bytes,         96 total
- age  10:         16 bytes,        112 total
- age  15:         16 bytes,        128 total
: 496K->0K(960K), 0.0004573 secs] 7401K->7383K(10176K), 0.0006283 secs] [Times: user=0.00 sys=0.00, real=0.00 secs] 
2019-01-02T11:12:01.760+0530: 789.664: [GC (Allocation Failure) 2019-01-02T11:12:01.760+0530: 789.664: [DefNew
Desired survivor size 32768 bytes, new threshold 15 (max 15)
- age   1:        248 bytes,        248 total
- age   6:         16 bytes,        264 total
- age  11:         16 bytes,        280 total
: 834K->0K(960K), 0.0006101 secs] 8217K->7455K(10176K), 0.0009459 secs] [Times: user=0.00 sys=0.00, real=0.00 secs] 
2019-01-02T11:12:01.763+0530: 789.668: [GC (Allocation Failure) 2019-01-02T11:12:01.763+0530: 789.668: [DefNew
Desired survivor size 32768 bytes, new threshold 15 (max 15)
- age   1:         40 bytes,         40 total
- age   2:        184 bytes,        224 total
- age   7:         16 bytes,        240 total
- age  12:         16 bytes,        256 total
: 896K->0K(960K), 0.0009014 secs] 8351K->7743K(10176K), 0.0010901 secs] [Times: user=0.00 sys=0.00, real=0.00 secs] 
2019-01-02T11:12:01.767+0530: 789.671: [GC (Allocation Failure) 2019-01-02T11:12:01.767+0530: 789.671: [DefNew
Desired survivor size 32768 bytes, new threshold 15 (max 15)
- age   3:        184 bytes,        184 total
- age   8:         16 bytes,        200 total
- age  13:         16 bytes,        216 total
: 896K->0K(960K), 0.0006973 secs] 8639K->8319K(10176K), 0.0008535 secs] [Times: user=0.00 sys=0.00, real=0.00 secs] 
2019-01-02T11:12:01.769+0530: 789.673: [GC (Allocation Failure) 2019-01-02T11:12:01.769+0530: 789.673: [DefNew
Desired survivor size 32768 bytes, new threshold 15 (max 15)
- age   1:         24 bytes,         24 total
- age   4:        184 bytes,        208 total
- age   9:         16 bytes,        224 total
- age  14:         16 bytes,        240 total
: 888K->0K(960K), 0.0008530 secs] 9207K->8798K(10176K), 0.0009459 secs] [Times: user=0.00 sys=0.00, real=0.00 secs] 
2019-01-02T11:12:01.770+0530: 789.675: [GC (Allocation Failure) 2019-01-02T11:12:01.770+0530: 789.675: [DefNew: 496K->496K(960K), 0.0000450 secs]2019-01-02T11:12:01.770+0530: 789.675: [Tenured: 8797K->1227K(9216K), 0.0036809 secs] 9294K->1227K(10176K), [Metaspace: 2520K->2520K(1056768K)], 0.0038463 secs] [Times: user=0.00 sys=0.00, real=0.00 secs] 
2019-01-02T11:12:01.826+0530: 789.731: [GC (Allocation Failure) 2019-01-02T11:12:01.826+0530: 789.731: [DefNew
Desired survivor size 32768 bytes, new threshold 15 (max 15)
- age   1:        248 bytes,        248 total
: 833K->0K(960K), 0.0009687 secs] 2061K->1777K(10176K), 0.0013290 secs] [Times: user=0.00 sys=0.00, real=0.00 secs] 
2019-01-02T11:12:01.829+0530: 789.734: [GC (Allocation Failure) 2019-01-02T11:12:01.830+0530: 789.734: [DefNew
Desired survivor size 32768 bytes, new threshold 15 (max 15)
- age   1:         40 bytes,         40 total
- age   2:        184 bytes,        224 total
: 896K->0K(960K), 0.0011871 secs] 2673K->2065K(10176K), 0.0014613 secs] [Times: user=0.00 sys=0.00, real=0.00 secs] 
2019-01-02T11:12:01.832+0530: 789.737: [GC (Allocation Failure) 2019-01-02T11:12:01.832+0530: 789.737: [DefNew
Desired survivor size 32768 bytes, new threshold 15 (max 15)
- age   3:        184 bytes,        184 total
: 896K->0K(960K), 0.0007566 secs] 2961K->2641K(10176K), 0.0008883 secs] [Times: user=0.00 sys=0.00, real=0.00 secs] 
2019-01-02T11:12:01.835+0530: 789.739: [GC (Allocation Failure) 2019-01-02T11:12:01.835+0530: 789.739: [DefNew
Desired survivor size 32768 bytes, new threshold 15 (max 15)
- age   1:         24 bytes,         24 total
- age   4:        184 bytes,        208 total
: 888K->0K(960K), 0.0008934 secs] 3529K->3120K(10176K), 0.0010166 secs] [Times: user=0.00 sys=0.00, real=0.00 secs] 
2019-01-02T11:12:01.836+0530: 789.740: [GC (Allocation Failure) 2019-01-02T11:12:01.836+0530: 789.740: [DefNew
Desired survivor size 32768 bytes, new threshold 15 (max 15)
- age   1:         24 bytes,         24 total
- age   5:         72 bytes,         96 total
: 496K->0K(960K), 0.0003233 secs] 3616K->3598K(10176K), 0.0003946 secs] [Times: user=0.00 sys=0.00, real=0.00 secs] 
2019-01-02T11:12:01.892+0530: 789.797: [GC (Allocation Failure) 2019-01-02T11:12:01.892+0530: 789.797: [DefNew
Desired survivor size 32768 bytes, new threshold 15 (max 15)
- age   1:        248 bytes,        248 total
- age   6:         16 bytes,        264 total
: 834K->0K(960K), 0.0011591 secs] 4432K->3670K(10176K), 0.0014710 secs] [Times: user=0.00 sys=0.00, real=0.00 secs] 
2019-01-02T11:12:01.896+0530: 789.800: [GC (Allocation Failure) 2019-01-02T11:12:01.896+0530: 789.800: [DefNew
Desired survivor size 32768 bytes, new threshold 15 (max 15)
- age   1:         40 bytes,         40 total
- age   2:        184 bytes,        224 total
- age   7:         16 bytes,        240 total
: 896K->0K(960K), 0.0010092 secs] 4566K->3958K(10176K), 0.0012886 secs] [Times: user=0.00 sys=0.00, real=0.00 secs] 
2019-01-02T11:12:01.899+0530: 789.803: [GC (Allocation Failure) 2019-01-02T11:12:01.899+0530: 789.803: [DefNew
Desired survivor size 32768 bytes, new threshold 15 (max 15)
- age   3:        184 bytes,        184 total
- age   8:         16 bytes,        200 total
: 896K->0K(960K), 0.0008843 secs] 4854K->4534K(10176K), 0.0012173 secs] [Times: user=0.00 sys=0.00, real=0.00 secs] 
2019-01-02T11:12:01.903+0530: 789.807: [GC (Allocation Failure) 2019-01-02T11:12:01.903+0530: 789.807: [DefNew
Desired survivor size 32768 bytes, new threshold 15 (max 15)
- age   1:         24 bytes,         24 total
- age   4:        184 bytes,        208 total
- age   9:         16 bytes,        224 total
: 888K->0K(960K), 0.0008438 secs] 5422K->5013K(10176K), 0.0010155 secs] [Times: user=0.00 sys=0.00, real=0.00 secs] 
2019-01-02T11:12:01.904+0530: 789.809: [GC (Allocation Failure) 2019-01-02T11:12:01.905+0530: 789.809: [DefNew
Desired survivor size 32768 bytes, new threshold 15 (max 15)
- age   1:         24 bytes,         24 total
- age   5:         72 bytes,         96 total
- age  10:         16 bytes,        112 total
: 496K->0K(960K), 0.0007794 secs] 5509K->5491K(10176K), 0.0009294 secs] [Times: user=0.00 sys=0.00, real=0.00 secs] 
2019-01-02T11:12:01.960+0530: 789.865: [GC (Allocation Failure) 2019-01-02T11:12:01.961+0530: 789.865: [DefNew
Desired survivor size 32768 bytes, new threshold 15 (max 15)
- age   1:        248 bytes,        248 total
- age   6:         16 bytes,        264 total
- age  11:         16 bytes,        280 total
: 834K->0K(960K), 0.0008359 secs] 6325K->5563K(10176K), 0.0011814 secs] [Times: user=0.00 sys=0.00, real=0.00 secs] 
2019-01-02T11:12:01.964+0530: 789.868: [GC (Allocation Failure) 2019-01-02T11:12:01.964+0530: 789.868: [DefNew
Desired survivor size 32768 bytes, new threshold 15 (max 15)
- age   1:         40 bytes,         40 total
- age   2:        184 bytes,        224 total
- age   7:         16 bytes,        240 total
- age  12:         16 bytes,        256 total
: 896K->0K(960K), 0.0010964 secs] 6459K->5851K(10176K), 0.0016175 secs] [Times: user=0.00 sys=0.00, real=0.00 secs] 
2019-01-02T11:12:01.967+0530: 789.872: [GC (Allocation Failure) 2019-01-02T11:12:01.967+0530: 789.872: [DefNew
Desired survivor size 32768 bytes, new threshold 15 (max 15)
- age   3:        184 bytes,        184 total
- age   8:         16 bytes,        200 total
- age  13:         16 bytes,        216 total
: 896K->0K(960K), 0.0007999 secs] 6747K->6427K(10176K), 0.0009590 secs] [Times: user=0.00 sys=0.00, real=0.00 secs] 
2019-01-02T11:12:01.970+0530: 789.874: [GC (Allocation Failure) 2019-01-02T11:12:01.970+0530: 789.874: [DefNew
Desired survivor size 32768 bytes, new threshold 15 (max 15)
- age   1:         24 bytes,         24 total
- age   4:        184 bytes,        208 total
- age   9:         16 bytes,        224 total
- age  14:         16 bytes,        240 total
: 888K->0K(960K), 0.0005114 secs] 7315K->6906K(10176K), 0.0005987 secs] [Times: user=0.00 sys=0.00, real=0.00 secs] 
2019-01-02T11:12:01.971+0530: 789.875: [GC (Allocation Failure) 2019-01-02T11:12:01.971+0530: 789.875: [DefNew
Desired survivor size 32768 bytes, new threshold 15 (max 15)
- age   1:         24 bytes,         24 total
- age   5:         72 bytes,         96 total
- age  10:         16 bytes,        112 total
- age  15:         16 bytes,        128 total
: 496K->0K(960K), 0.0003660 secs] 7402K->7384K(10176K), 0.0004567 secs] [Times: user=0.00 sys=0.00, real=0.00 secs] 
2019-01-02T11:12:02.025+0530: 789.929: [GC (Allocation Failure) 2019-01-02T11:12:02.025+0530: 789.929: [DefNew
Desired survivor size 32768 bytes, new threshold 15 (max 15)
- age   1:        248 bytes,        248 total
- age   6:         16 bytes,        264 total
- age  11:         16 bytes,        280 total
: 834K->0K(960K), 0.0009442 secs] 8218K->7456K(10176K), 0.0012447 secs] [Times: user=0.00 sys=0.01, real=0.00 secs] 
2019-01-02T11:12:02.028+0530: 789.932: [GC (Allocation Failure) 2019-01-02T11:12:02.028+0530: 789.933: [DefNew
Desired survivor size 32768 bytes, new threshold 15 (max 15)
- age   1:         40 bytes,         40 total
- age   2:        184 bytes,        224 total
- age   7:         16 bytes,        240 total
- age  12:         16 bytes,        256 total
: 896K->0K(960K), 0.0010668 secs] 8352K->7744K(10176K), 0.0012743 secs] [Times: user=0.00 sys=0.00, real=0.00 secs] 
2019-01-02T11:12:02.031+0530: 789.935: [GC (Allocation Failure) 2019-01-02T11:12:02.031+0530: 789.935: [DefNew
Desired survivor size 32768 bytes, new threshold 15 (max 15)
- age   3:        184 bytes,        184 total
- age   8:         16 bytes,        200 total
- age  13:         16 bytes,        216 total
: 896K->0K(960K), 0.0014516 secs] 8640K->8320K(10176K), 0.0016860 secs] [Times: user=0.00 sys=0.00, real=0.00 secs] 
2019-01-02T11:12:02.034+0530: 789.938: [GC (Allocation Failure) 2019-01-02T11:12:02.034+0530: 789.938: [DefNew
Desired survivor size 32768 bytes, new threshold 15 (max 15)
- age   1:         24 bytes,         24 total
- age   4:        184 bytes,        208 total
- age   9:         16 bytes,        224 total
- age  14:         16 bytes,        240 total
: 888K->0K(960K), 0.0007401 secs] 9208K->8799K(10176K), 0.0008775 secs] [Times: user=0.00 sys=0.00, real=0.00 secs] 
2019-01-02T11:12:02.036+0530: 789.940: [GC (Allocation Failure) 2019-01-02T11:12:02.036+0530: 789.940: [DefNew: 496K->496K(960K), 0.0000547 secs]2019-01-02T11:12:02.036+0530: 789.940: [Tenured: 8798K->1227K(9216K), 0.0037893 secs] 9295K->1227K(10176K), [Metaspace: 2520K->2520K(1056768K)], 0.0040076 secs] [Times: user=0.00 sys=0.00, real=0.00 secs] 
2019-01-02T11:12:02.091+0530: 789.995: [GC (Allocation Failure) 2019-01-02T11:12:02.091+0530: 789.996: [DefNew
Desired survivor size 32768 bytes, new threshold 15 (max 15)
- age   1:        248 bytes,        248 total
: 834K->0K(960K), 0.0017977 secs] 2061K->1778K(10176K), 0.0019716 secs] [Times: user=0.00 sys=0.00, real=0.00 secs] 
2019-01-02T11:12:02.095+0530: 790.000: [GC (Allocation Failure) 2019-01-02T11:12:02.095+0530: 790.000: [DefNew
Desired survivor size 32768 bytes, new threshold 15 (max 15)
- age   1:         40 bytes,         40 total
- age   2:        184 bytes,        224 total
: 896K->0K(960K), 0.0010468 secs] 2674K->2066K(10176K), 0.0012258 secs] [Times: user=0.00 sys=0.00, real=0.00 secs] 
2019-01-02T11:12:02.099+0530: 790.004: [GC (Allocation Failure) 2019-01-02T11:12:02.099+0530: 790.004: [DefNew
Desired survivor size 32768 bytes, new threshold 15 (max 15)
- age   3:        184 bytes,        184 total
: 896K->0K(960K), 0.0009510 secs] 2962K->2642K(10176K), 0.0011135 secs] [Times: user=0.00 sys=0.00, real=0.00 secs] 
2019-01-02T11:12:02.102+0530: 790.007: [GC (Allocation Failure) 2019-01-02T11:12:02.102+0530: 790.007: [DefNew
Desired survivor size 32768 bytes, new threshold 15 (max 15)
- age   1:         24 bytes,         24 total
- age   4:        184 bytes,        208 total
: 888K->0K(960K), 0.0003911 secs] 3530K->3120K(10176K), 0.0004789 secs] [Times: user=0.00 sys=0.00, real=0.00 secs] 
2019-01-02T11:12:02.103+0530: 790.008: [GC (Allocation Failure) 2019-01-02T11:12:02.103+0530: 790.008: [DefNew
Desired survivor size 32768 bytes, new threshold 15 (max 15)
- age   1:         24 bytes,         24 total
- age   5:         72 bytes,         96 total
: 496K->0K(960K), 0.0003330 secs] 3616K->3598K(10176K), 0.0003911 secs] [Times: user=0.00 sys=0.00, real=0.00 secs] 
2019-01-02T11:12:02.156+0530: 790.060: [GC (Allocation Failure) 2019-01-02T11:12:02.156+0530: 790.060: [DefNew
Desired survivor size 32768 bytes, new threshold 15 (max 15)
- age   1:        248 bytes,        248 total
- age   6:         16 bytes,        264 total
: 834K->0K(960K), 0.0009704 secs] 4433K->3671K(10176K), 0.0014094 secs] [Times: user=0.00 sys=0.00, real=0.00 secs] 
2019-01-02T11:12:02.159+0530: 790.063: [GC (Allocation Failure) 2019-01-02T11:12:02.159+0530: 790.064: [DefNew
Desired survivor size 32768 bytes, new threshold 15 (max 15)
- age   1:         40 bytes,         40 total
- age   2:        184 bytes,        224 total
- age   7:         16 bytes,        240 total
: 896K->0K(960K), 0.0006044 secs] 4567K->3959K(10176K), 0.0009795 secs] [Times: user=0.00 sys=0.00, real=0.00 secs] 
2019-01-02T11:12:02.161+0530: 790.066: [GC (Allocation Failure) 2019-01-02T11:12:02.161+0530: 790.066: [DefNew
Desired survivor size 32768 bytes, new threshold 15 (max 15)
- age   3:        184 bytes,        184 total
- age   8:         16 bytes,        200 total
: 896K->0K(960K), 0.0011244 secs] 4855K->4535K(10176K), 0.0012823 secs] [Times: user=0.00 sys=0.00, real=0.00 secs] 
2019-01-02T11:12:02.164+0530: 790.068: [GC (Allocation Failure) 2019-01-02T11:12:02.164+0530: 790.068: [DefNew
Desired survivor size 32768 bytes, new threshold 15 (max 15)
- age   1:         24 bytes,         24 total
- age   4:        184 bytes,        208 total
- age   9:         16 bytes,        224 total
: 888K->0K(960K), 0.0003370 secs] 5423K->5013K(10176K), 0.0004151 secs] [Times: user=0.00 sys=0.00, real=0.00 secs] 
2019-01-02T11:12:02.165+0530: 790.069: [GC (Allocation Failure) 2019-01-02T11:12:02.165+0530: 790.069: [DefNew
Desired survivor size 32768 bytes, new threshold 15 (max 15)
- age   1:         24 bytes,         24 total
- age   5:         72 bytes,         96 total
- age  10:         16 bytes,        112 total
: 496K->0K(960K), 0.0008216 secs] 5509K->5492K(10176K), 0.0009590 secs] [Times: user=0.00 sys=0.00, real=0.00 secs] 
2019-01-02T11:12:02.219+0530: 790.124: [GC (Allocation Failure) 2019-01-02T11:12:02.219+0530: 790.124: [DefNew
Desired survivor size 32768 bytes, new threshold 15 (max 15)
- age   1:        248 bytes,        248 total
- age   6:         16 bytes,        264 total
- age  11:         16 bytes,        280 total
: 834K->0K(960K), 0.0006243 secs] 6326K->5564K(10176K), 0.0007612 secs] [Times: user=0.00 sys=0.00, real=0.00 secs] 
2019-01-02T11:12:02.222+0530: 790.126: [GC (Allocation Failure) 2019-01-02T11:12:02.222+0530: 790.126: [DefNew
Desired survivor size 32768 bytes, new threshold 15 (max 15)
- age   1:         40 bytes,         40 total
- age   2:        184 bytes,        224 total
- age   7:         16 bytes,        240 total
- age  12:         16 bytes,        256 total
: 896K->0K(960K), 0.0008763 secs] 6460K->5852K(10176K), 0.0010981 secs] [Times: user=0.00 sys=0.00, real=0.00 secs] 
2019-01-02T11:12:02.224+0530: 790.129: [GC (Allocation Failure) 2019-01-02T11:12:02.224+0530: 790.129: [DefNew
Desired survivor size 32768 bytes, new threshold 15 (max 15)
- age   3:        184 bytes,        184 total
- age   8:         16 bytes,        200 total
- age  13:         16 bytes,        216 total
: 896K->0K(960K), 0.0009533 secs] 6748K->6428K(10176K), 0.0011506 secs] [Times: user=0.00 sys=0.00, real=0.00 secs] 
2019-01-02T11:12:02.227+0530: 790.131: [GC (Allocation Failure) 2019-01-02T11:12:02.227+0530: 790.131: [DefNew
Desired survivor size 32768 bytes, new threshold 15 (max 15)
- age   1:         24 bytes,         24 total
- age   4:        184 bytes,        208 total
- age   9:         16 bytes,        224 total
- age  14:         16 bytes,        240 total
: 888K->0K(960K), 0.0003484 secs] 7316K->6906K(10176K), 0.0004316 secs] [Times: user=0.00 sys=0.00, real=0.00 secs] 
2019-01-02T11:12:02.227+0530: 790.132: [GC (Allocation Failure) 2019-01-02T11:12:02.227+0530: 790.132: [DefNew
Desired survivor size 32768 bytes, new threshold 15 (max 15)
- age   1:         24 bytes,         24 total
- age   5:         72 bytes,         96 total
- age  10:         16 bytes,        112 total
- age  15:         16 bytes,        128 total
: 496K->0K(960K), 0.0003449 secs] 7402K->7385K(10176K), 0.0004208 secs] [Times: user=0.00 sys=0.00, real=0.00 secs] 
2019-01-02T11:12:02.281+0530: 790.185: [GC (Allocation Failure) 2019-01-02T11:12:02.281+0530: 790.186: [DefNew
Desired survivor size 32768 bytes, new threshold 15 (max 15)
- age   1:        248 bytes,        248 total
- age   6:         16 bytes,        264 total
- age  11:         16 bytes,        280 total
: 834K->0K(960K), 0.0010998 secs] 8219K->7457K(10176K), 0.0016050 secs] [Times: user=0.00 sys=0.00, real=0.00 secs] 
2019-01-02T11:12:02.285+0530: 790.189: [GC (Allocation Failure) 2019-01-02T11:12:02.285+0530: 790.190: [DefNew
Desired survivor size 32768 bytes, new threshold 15 (max 15)
- age   1:         40 bytes,         40 total
- age   2:        184 bytes,        224 total
- age   7:         16 bytes,        240 total
- age  12:         16 bytes,        256 total
: 896K->0K(960K), 0.0008262 secs] 8353K->7745K(10176K), 0.0011107 secs] [Times: user=0.00 sys=0.00, real=0.00 secs] 
2019-01-02T11:12:02.287+0530: 790.192: [GC (Allocation Failure) 2019-01-02T11:12:02.288+0530: 790.192: [DefNew
Desired survivor size 32768 bytes, new threshold 15 (max 15)
- age   3:        184 bytes,        184 total
- age   8:         16 bytes,        200 total
- age  13:         16 bytes,        216 total
: 896K->0K(960K), 0.0008239 secs] 8641K->8321K(10176K), 0.0009544 secs] [Times: user=0.00 sys=0.00, real=0.00 secs] 
2019-01-02T11:12:02.290+0530: 790.195: [GC (Allocation Failure) 2019-01-02T11:12:02.290+0530: 790.195: [DefNew
Desired survivor size 32768 bytes, new threshold 15 (max 15)
- age   1:         24 bytes,         24 total
- age   4:        184 bytes,        208 total
- age   9:         16 bytes,        224 total
- age  14:         16 bytes,        240 total
: 888K->0K(960K), 0.0003780 secs] 9209K->8799K(10176K), 0.0005234 secs] [Times: user=0.00 sys=0.00, real=0.00 secs] 
2019-01-02T11:12:02.291+0530: 790.195: [GC (Allocation Failure) 2019-01-02T11:12:02.291+0530: 790.196: [DefNew: 496K->496K(960K), 0.0000296 secs]2019-01-02T11:12:02.291+0530: 790.196: [Tenured: 8799K->1227K(9216K), 0.0036536 secs] 9296K->1227K(10176K), [Metaspace: 2520K->2520K(1056768K)], 0.0038047 secs] [Times: user=0.02 sys=0.00, real=0.00 secs] 
2019-01-02T11:12:02.348+0530: 790.252: [GC (Allocation Failure) 2019-01-02T11:12:02.348+0530: 790.252: [DefNew
Desired survivor size 32768 bytes, new threshold 15 (max 15)
- age   1:        248 bytes,        248 total
: 834K->0K(960K), 0.0010006 secs] 2061K->1778K(10176K), 0.0013365 secs] [Times: user=0.00 sys=0.00, real=0.00 secs] 
2019-01-02T11:12:02.351+0530: 790.256: [GC (Allocation Failure) 2019-01-02T11:12:02.351+0530: 790.256: [DefNew
Desired survivor size 32768 bytes, new threshold 15 (max 15)
- age   1:         40 bytes,         40 total
- age   2:        184 bytes,        224 total
: 896K->0K(960K), 0.0011477 secs] 2674K->2066K(10176K), 0.0014419 secs] [Times: user=0.00 sys=0.00, real=0.00 secs] 
2019-01-02T11:12:02.354+0530: 790.258: [GC (Allocation Failure) 2019-01-02T11:12:02.354+0530: 790.258: [DefNew
Desired survivor size 32768 bytes, new threshold 15 (max 15)
- age   3:        184 bytes,        184 total
: 896K->0K(960K), 0.0009607 secs] 2962K->2642K(10176K), 0.0010554 secs] [Times: user=0.00 sys=0.00, real=0.00 secs] 
2019-01-02T11:12:02.356+0530: 790.261: [GC (Allocation Failure) 2019-01-02T11:12:02.357+0530: 790.261: [DefNew
Desired survivor size 32768 bytes, new threshold 15 (max 15)
- age   1:         24 bytes,         24 total
- age   4:        184 bytes,        208 total
: 888K->0K(960K), 0.0010736 secs] 3530K->3120K(10176K), 0.0012794 secs] [Times: user=0.00 sys=0.00, real=0.00 secs] 
2019-01-02T11:12:02.358+0530: 790.263: [GC (Allocation Failure) 2019-01-02T11:12:02.358+0530: 790.263: [DefNew
Desired survivor size 32768 bytes, new threshold 15 (max 15)
- age   1:         24 bytes,         24 total
- age   5:         72 bytes,         96 total
: 496K->0K(960K), 0.0003535 secs] 3617K->3599K(10176K), 0.0004265 secs] [Times: user=0.00 sys=0.00, real=0.00 secs] 
2019-01-02T11:12:02.417+0530: 790.322: [GC (Allocation Failure) 2019-01-02T11:12:02.417+0530: 790.322: [DefNew
Desired survivor size 32768 bytes, new threshold 15 (max 15)
- age   1:        248 bytes,        248 total
- age   6:         16 bytes,        264 total
: 834K->0K(960K), 0.0009824 secs] 4433K->3671K(10176K), 0.0012931 secs] [Times: user=0.00 sys=0.00, real=0.00 secs] 
2019-01-02T11:12:02.420+0530: 790.324: [GC (Allocation Failure) 2019-01-02T11:12:02.420+0530: 790.325: [DefNew
Desired survivor size 32768 bytes, new threshold 15 (max 15)
- age   1:         40 bytes,         40 total
- age   2:        184 bytes,        224 total
- age   7:         16 bytes,        240 total
: 896K->0K(960K), 0.0006152 secs] 4567K->3959K(10176K), 0.0010280 secs] [Times: user=0.00 sys=0.00, real=0.00 secs] 
2019-01-02T11:12:02.422+0530: 790.327: [GC (Allocation Failure) 2019-01-02T11:12:02.423+0530: 790.327: [DefNew
Desired survivor size 32768 bytes, new threshold 15 (max 15)
- age   3:        184 bytes,        184 total
- age   8:         16 bytes,        200 total
: 896K->0K(960K), 0.0010468 secs] 4855K->4535K(10176K), 0.0012082 secs] [Times: user=0.00 sys=0.00, real=0.00 secs] 
2019-01-02T11:12:02.425+0530: 790.330: [GC (Allocation Failure) 2019-01-02T11:12:02.425+0530: 790.330: [DefNew
Desired survivor size 32768 bytes, new threshold 15 (max 15)
- age   1:         24 bytes,         24 total
- age   4:        184 bytes,        208 total
- age   9:         16 bytes,        224 total
: 888K->0K(960K), 0.0003546 secs] 5423K->5014K(10176K), 0.0004362 secs] [Times: user=0.00 sys=0.00, real=0.00 secs] 
2019-01-02T11:12:02.426+0530: 790.331: [GC (Allocation Failure) 2019-01-02T11:12:02.426+0530: 790.331: [DefNew
Desired survivor size 32768 bytes, new threshold 15 (max 15)
- age   1:         24 bytes,         24 total
- age   5:         72 bytes,         96 total
- age  10:         16 bytes,        112 total
: 496K->0K(960K), 0.0003324 secs] 5510K->5492K(10176K), 0.0004054 secs] [Times: user=0.00 sys=0.00, real=0.00 secs] 
2019-01-02T11:12:02.481+0530: 790.386: [GC (Allocation Failure) 2019-01-02T11:12:02.481+0530: 790.386: [DefNew
Desired survivor size 32768 bytes, new threshold 15 (max 15)
- age   1:        248 bytes,        248 total
- age   6:         16 bytes,        264 total
- age  11:         16 bytes,        280 total
: 834K->0K(960K), 0.0007281 secs] 6326K->5564K(10176K), 0.0010480 secs] [Times: user=0.00 sys=0.00, real=0.00 secs] 
2019-01-02T11:12:02.484+0530: 790.389: [GC (Allocation Failure) 2019-01-02T11:12:02.485+0530: 790.389: [DefNew
Desired survivor size 32768 bytes, new threshold 15 (max 15)
- age   1:         40 bytes,         40 total
- age   2:        184 bytes,        224 total
- age   7:         16 bytes,        240 total
- age  12:         16 bytes,        256 total
: 896K->0K(960K), 0.0006044 secs] 6460K->5852K(10176K), 0.0008227 secs] [Times: user=0.00 sys=0.00, real=0.00 secs] 
2019-01-02T11:12:02.486+0530: 790.391: [GC (Allocation Failure) 2019-01-02T11:12:02.486+0530: 790.391: [DefNew
Desired survivor size 32768 bytes, new threshold 15 (max 15)
- age   3:        184 bytes,        184 total
- age   8:         16 bytes,        200 total
- age  13:         16 bytes,        216 total
: 896K->0K(960K), 0.0008946 secs] 6748K->6428K(10176K), 0.0010782 secs] [Times: user=0.00 sys=0.00, real=0.00 secs] 
2019-01-02T11:12:02.489+0530: 790.394: [GC (Allocation Failure) 2019-01-02T11:12:02.489+0530: 790.394: [DefNew
Desired survivor size 32768 bytes, new threshold 15 (max 15)
- age   1:         24 bytes,         24 total
- age   4:        184 bytes,        208 total
- age   9:         16 bytes,        224 total
- age  14:         16 bytes,        240 total
: 888K->0K(960K), 0.0008022 secs] 7316K->6907K(10176K), 0.0010993 secs] [Times: user=0.00 sys=0.00, real=0.00 secs] 
2019-01-02T11:12:02.492+0530: 790.396: [GC (Allocation Failure) 2019-01-02T11:12:02.492+0530: 790.396: [DefNew
Desired survivor size 32768 bytes, new threshold 15 (max 15)
- age   1:         24 bytes,         24 total
- age   5:         72 bytes,         96 total
- age  10:         16 bytes,        112 total
- age  15:         16 bytes,        128 total
: 496K->0K(960K), 0.0003660 secs] 7403K->7385K(10176K), 0.0004590 secs] [Times: user=0.00 sys=0.00, real=0.00 secs] 
2019-01-02T11:12:02.545+0530: 790.450: [GC (Allocation Failure) 2019-01-02T11:12:02.545+0530: 790.450: [DefNew
Desired survivor size 32768 bytes, new threshold 15 (max 15)
- age   1:        248 bytes,        248 total
- age   6:         16 bytes,        264 total
- age  11:         16 bytes,        280 total
: 834K->0K(960K), 0.0008073 secs] 8220K->7458K(10176K), 0.0011432 secs] [Times: user=0.00 sys=0.00, real=0.00 secs] 
2019-01-02T11:12:02.548+0530: 790.453: [GC (Allocation Failure) 2019-01-02T11:12:02.548+0530: 790.453: [DefNew
Desired survivor size 32768 bytes, new threshold 15 (max 15)
- age   1:         40 bytes,         40 total
- age   2:        184 bytes,        224 total
- age   7:         16 bytes,        240 total
- age  12:         16 bytes,        256 total
: 896K->0K(960K), 0.0010537 secs] 8354K->7746K(10176K), 0.0012663 secs] [Times: user=0.00 sys=0.00, real=0.00 secs] 
2019-01-02T11:12:02.552+0530: 790.456: [GC (Allocation Failure) 2019-01-02T11:12:02.552+0530: 790.456: [DefNew
Desired survivor size 32768 bytes, new threshold 15 (max 15)
- age   3:        184 bytes,        184 total
- age   8:         16 bytes,        200 total
- age  13:         16 bytes,        216 total
: 896K->0K(960K), 0.0004379 secs] 8642K->8322K(10176K), 0.0005377 secs] [Times: user=0.00 sys=0.00, real=0.00 secs] 
2019-01-02T11:12:02.554+0530: 790.458: [GC (Allocation Failure) 2019-01-02T11:12:02.554+0530: 790.458: [DefNew
Desired survivor size 32768 bytes, new threshold 15 (max 15)
- age   1:         24 bytes,         24 total
- age   4:        184 bytes,        208 total
- age   9:         16 bytes,        224 total
- age  14:         16 bytes,        240 total
: 888K->0K(960K), 0.0006300 secs] 9210K->8800K(10176K), 0.0007771 secs] [Times: user=0.00 sys=0.00, real=0.00 secs] 
2019-01-02T11:12:02.556+0530: 790.460: [GC (Allocation Failure) 2019-01-02T11:12:02.556+0530: 790.460: [DefNew: 496K->496K(960K), 0.0000302 secs]2019-01-02T11:12:02.556+0530: 790.460: [Tenured: 8800K->1227K(9216K), 0.0036234 secs] 9297K->1227K(10176K), [Metaspace: 2520K->2520K(1056768K)], 0.0037767 secs] [Times: user=0.02 sys=0.00, real=0.00 secs] 
2019-01-02T11:12:02.615+0530: 790.519: [GC (Allocation Failure) 2019-01-02T11:12:02.615+0530: 790.519: [DefNew
Desired survivor size 32768 bytes, new threshold 15 (max 15)
- age   1:        248 bytes,        248 total
: 834K->0K(960K), 0.0011939 secs] 2061K->1778K(10176K), 0.0016637 secs] [Times: user=0.00 sys=0.00, real=0.00 secs] 
2019-01-02T11:12:02.619+0530: 790.523: [GC (Allocation Failure) 2019-01-02T11:12:02.619+0530: 790.524: [DefNew
Desired survivor size 32768 bytes, new threshold 15 (max 15)
- age   1:         40 bytes,         40 total
- age   2:        184 bytes,        224 total
: 896K->0K(960K), 0.0004219 secs] 2674K->2066K(10176K), 0.0005924 secs] [Times: user=0.00 sys=0.00, real=0.00 secs] 
2019-01-02T11:12:02.621+0530: 790.525: [GC (Allocation Failure) 2019-01-02T11:12:02.621+0530: 790.525: [DefNew
Desired survivor size 32768 bytes, new threshold 15 (max 15)
- age   3:        184 bytes,        184 total
: 896K->0K(960K), 0.0009311 secs] 2962K->2642K(10176K), 0.0010246 secs] [Times: user=0.00 sys=0.00, real=0.00 secs] 
2019-01-02T11:12:02.623+0530: 790.528: [GC (Allocation Failure) 2019-01-02T11:12:02.624+0530: 790.528: [DefNew
Desired survivor size 32768 bytes, new threshold 15 (max 15)
- age   1:         24 bytes,         24 total
- age   4:        184 bytes,        208 total
: 888K->0K(960K), 0.0009544 secs] 3530K->3121K(10176K), 0.0011244 secs] [Times: user=0.00 sys=0.00, real=0.00 secs] 
2019-01-02T11:12:02.625+0530: 790.530: [GC (Allocation Failure) 2019-01-02T11:12:02.625+0530: 790.530: [DefNew
Desired survivor size 32768 bytes, new threshold 15 (max 15)
- age   1:         24 bytes,         24 total
- age   5:         72 bytes,         96 total
: 496K->0K(960K), 0.0004419 secs] 3617K->3599K(10176K), 0.0005285 secs] [Times: user=0.00 sys=0.00, real=0.00 secs] 
2019-01-02T11:12:02.682+0530: 790.587: [GC (Allocation Failure) 2019-01-02T11:12:02.682+0530: 790.587: [DefNew
Desired survivor size 32768 bytes, new threshold 15 (max 15)
- age   1:        248 bytes,        248 total
- age   6:         16 bytes,        264 total
: 834K->0K(960K), 0.0009704 secs] 4434K->3671K(10176K), 0.0013821 secs] [Times: user=0.00 sys=0.00, real=0.00 secs] 
2019-01-02T11:12:02.686+0530: 790.591: [GC (Allocation Failure) 2019-01-02T11:12:02.686+0530: 790.591: [DefNew
Desired survivor size 32768 bytes, new threshold 15 (max 15)
- age   1:         40 bytes,         40 total
- age   2:        184 bytes,        224 total
- age   7:         16 bytes,        240 total
: 896K->0K(960K), 0.0009294 secs] 4567K->3959K(10176K), 0.0012395 secs] [Times: user=0.00 sys=0.00, real=0.00 secs] 
2019-01-02T11:12:02.689+0530: 790.593: [GC (Allocation Failure) 2019-01-02T11:12:02.689+0530: 790.594: [DefNew
Desired survivor size 32768 bytes, new threshold 15 (max 15)
- age   3:        184 bytes,        184 total
- age   8:         16 bytes,        200 total
: 896K->0K(960K), 0.0010229 secs] 4855K->4535K(10176K), 0.0011603 secs] [Times: user=0.00 sys=0.00, real=0.00 secs] 
2019-01-02T11:12:02.692+0530: 790.596: [GC (Allocation Failure) 2019-01-02T11:12:02.692+0530: 790.596: [DefNew
Desired survivor size 32768 bytes, new threshold 15 (max 15)
- age   1:         24 bytes,         24 total
- age   4:        184 bytes,        208 total
- age   9:         16 bytes,        224 total
: 888K->0K(960K), 0.0003820 secs] 5424K->5014K(10176K), 0.0004493 secs] [Times: user=0.00 sys=0.00, real=0.00 secs] 
2019-01-02T11:12:02.692+0530: 790.597: [GC (Allocation Failure) 2019-01-02T11:12:02.692+0530: 790.597: [DefNew
Desired survivor size 32768 bytes, new threshold 15 (max 15)
- age   1:         24 bytes,         24 total
- age   5:         72 bytes,         96 total
- age  10:         16 bytes,        112 total
: 496K->0K(960K), 0.0003552 secs] 5510K->5493K(10176K), 0.0004128 secs] [Times: user=0.00 sys=0.00, real=0.00 secs] 
2019-01-02T11:12:02.747+0530: 790.651: [GC (Allocation Failure) 2019-01-02T11:12:02.747+0530: 790.652: [DefNew
Desired survivor size 32768 bytes, new threshold 15 (max 15)
- age   1:        248 bytes,        248 total
- age   6:         16 bytes,        264 total
- age  11:         16 bytes,        280 total
: 834K->0K(960K), 0.0008855 secs] 6327K->5565K(10176K), 0.0012555 secs] [Times: user=0.00 sys=0.00, real=0.00 secs] 
2019-01-02T11:12:02.751+0530: 790.655: [GC (Allocation Failure) 2019-01-02T11:12:02.751+0530: 790.656: [DefNew
Desired survivor size 32768 bytes, new threshold 15 (max 15)
- age   1:         40 bytes,         40 total
- age   2:        184 bytes,        224 total
- age   7:         16 bytes,        240 total
- age  12:         16 bytes,        256 total
: 896K->0K(960K), 0.0009197 secs] 6461K->5853K(10176K), 0.0012868 secs] [Times: user=0.00 sys=0.00, real=0.00 secs] 
2019-01-02T11:12:02.754+0530: 790.658: [GC (Allocation Failure) 2019-01-02T11:12:02.754+0530: 790.658: [DefNew
Desired survivor size 32768 bytes, new threshold 15 (max 15)
- age   3:        184 bytes,        184 total
- age   8:         16 bytes,        200 total
- age  13:         16 bytes,        216 total
: 896K->0K(960K), 0.0008307 secs] 6749K->6429K(10176K), 0.0010126 secs] [Times: user=0.00 sys=0.00, real=0.00 secs] 
2019-01-02T11:12:02.757+0530: 790.661: [GC (Allocation Failure) 2019-01-02T11:12:02.757+0530: 790.661: [DefNew
Desired survivor size 32768 bytes, new threshold 15 (max 15)
- age   1:         24 bytes,         24 total
- age   4:        184 bytes,        208 total
- age   9:         16 bytes,        224 total
- age  14:         16 bytes,        240 total
: 888K->0K(960K), 0.0003489 secs] 7317K->6907K(10176K), 0.0004179 secs] [Times: user=0.00 sys=0.00, real=0.00 secs] 
2019-01-02T11:12:02.758+0530: 790.662: [GC (Allocation Failure) 2019-01-02T11:12:02.758+0530: 790.662: [DefNew
Desired survivor size 32768 bytes, new threshold 15 (max 15)
- age   1:         24 bytes,         24 total
- age   5:         72 bytes,         96 total
- age  10:         16 bytes,        112 total
- age  15:         16 bytes,        128 total
: 496K->0K(960K), 0.0003290 secs] 7404K->7386K(10176K), 0.0003883 secs] [Times: user=0.00 sys=0.00, real=0.00 secs] 
2019-01-02T11:12:02.808+0530: 790.713: [GC (Allocation Failure) 2019-01-02T11:12:02.809+0530: 790.713: [DefNew
Desired survivor size 32768 bytes, new threshold 15 (max 15)
- age   1:        248 bytes,        248 total
- age   6:         16 bytes,        264 total
- age  11:         16 bytes,        280 total
: 834K->0K(960K), 0.0009801 secs] 8220K->7458K(10176K), 0.0014528 secs] [Times: user=0.00 sys=0.00, real=0.00 secs] 
2019-01-02T11:12:02.812+0530: 790.717: [GC (Allocation Failure) 2019-01-02T11:12:02.812+0530: 790.717: [DefNew
Desired survivor size 32768 bytes, new threshold 15 (max 15)
- age   1:         40 bytes,         40 total
- age   2:        184 bytes,        224 total
- age   7:         16 bytes,        240 total
- age  12:         16 bytes,        256 total
: 896K->0K(960K), 0.0009864 secs] 8354K->7746K(10176K), 0.0011512 secs] [Times: user=0.00 sys=0.00, real=0.00 secs] 
2019-01-02T11:12:02.815+0530: 790.719: [GC (Allocation Failure) 2019-01-02T11:12:02.815+0530: 790.720: [DefNew
Desired survivor size 32768 bytes, new threshold 15 (max 15)
- age   3:        184 bytes,        184 total
- age   8:         16 bytes,        200 total
- age  13:         16 bytes,        216 total
: 896K->0K(960K), 0.0009214 secs] 8642K->8322K(10176K), 0.0010958 secs] [Times: user=0.00 sys=0.00, real=0.00 secs] 
2019-01-02T11:12:02.818+0530: 790.722: [GC (Allocation Failure) 2019-01-02T11:12:02.818+0530: 790.722: [DefNew
Desired survivor size 32768 bytes, new threshold 15 (max 15)
- age   1:         24 bytes,         24 total
- age   4:        184 bytes,        208 total
- age   9:         16 bytes,        224 total
- age  14:         16 bytes,        240 total
: 888K->0K(960K), 0.0004681 secs] 9211K->8801K(10176K), 0.0005622 secs] [Times: user=0.00 sys=0.00, real=0.00 secs] 
2019-01-02T11:12:02.819+0530: 790.724: [GC (Allocation Failure) 2019-01-02T11:12:02.819+0530: 790.724: [DefNew: 496K->496K(960K), 0.0001220 secs]2019-01-02T11:12:02.820+0530: 790.724: [Tenured: 8801K->1227K(9216K), 0.0061338 secs] 9297K->1227K(10176K), [Metaspace: 2520K->2520K(1056768K)], 0.0065260 secs] [Times: user=0.02 sys=0.00, real=0.01 secs] 
2019-01-02T11:12:02.876+0530: 790.781: [GC (Allocation Failure) 2019-01-02T11:12:02.877+0530: 790.781: [DefNew
Desired survivor size 32768 bytes, new threshold 15 (max 15)
- age   1:        248 bytes,        248 total
: 834K->0K(960K), 0.0012515 secs] 2062K->1778K(10176K), 0.0017213 secs] [Times: user=0.00 sys=0.00, real=0.00 secs] 
2019-01-02T11:12:02.880+0530: 790.785: [GC (Allocation Failure) 2019-01-02T11:12:02.880+0530: 790.785: [DefNew
Desired survivor size 32768 bytes, new threshold 15 (max 15)
- age   1:         40 bytes,         40 total
- age   2:        184 bytes,        224 total
: 896K->0K(960K), 0.0011517 secs] 2674K->2066K(10176K), 0.0013279 secs] [Times: user=0.00 sys=0.00, real=0.00 secs] 
2019-01-02T11:12:02.883+0530: 790.788: [GC (Allocation Failure) 2019-01-02T11:12:02.883+0530: 790.788: [DefNew
Desired survivor size 32768 bytes, new threshold 15 (max 15)
- age   3:        184 bytes,        184 total
: 896K->0K(960K), 0.0009938 secs] 2962K->2642K(10176K), 0.0011215 secs] [Times: user=0.01 sys=0.00, real=0.00 secs] 
2019-01-02T11:12:02.887+0530: 790.791: [GC (Allocation Failure) 2019-01-02T11:12:02.887+0530: 790.791: [DefNew
Desired survivor size 32768 bytes, new threshold 15 (max 15)
- age   1:         24 bytes,         24 total
- age   4:        184 bytes,        208 total
: 888K->0K(960K), 0.0014288 secs] 3531K->3121K(10176K), 0.0017817 secs] [Times: user=0.00 sys=0.00, real=0.00 secs] 
2019-01-02T11:12:02.890+0530: 790.794: [GC (Allocation Failure) 2019-01-02T11:12:02.890+0530: 790.794: [DefNew
Desired survivor size 32768 bytes, new threshold 15 (max 15)
- age   1:         24 bytes,         24 total
- age   5:         72 bytes,         96 total
: 496K->0K(960K), 0.0008039 secs] 3618K->3600K(10176K), 0.0008957 secs] [Times: user=0.00 sys=0.00, real=0.00 secs] 
2019-01-02T11:12:02.945+0530: 790.849: [GC (Allocation Failure) 2019-01-02T11:12:02.945+0530: 790.849: [DefNew
Desired survivor size 32768 bytes, new threshold 15 (max 15)
- age   1:        248 bytes,        248 total
- age   6:         16 bytes,        264 total
: 834K->0K(960K), 0.0011819 secs] 4434K->3672K(10176K), 0.0015543 secs] [Times: user=0.00 sys=0.00, real=0.00 secs] 
2019-01-02T11:12:02.948+0530: 790.852: [GC (Allocation Failure) 2019-01-02T11:12:02.949+0530: 790.853: [DefNew
Desired survivor size 32768 bytes, new threshold 15 (max 15)
- age   1:         40 bytes,         40 total
- age   2:        184 bytes,        224 total
- age   7:         16 bytes,        240 total
: 896K->0K(960K), 0.0009459 secs] 4568K->3960K(10176K), 0.0011112 secs] [Times: user=0.00 sys=0.00, real=0.00 secs] 
2019-01-02T11:12:02.951+0530: 790.855: [GC (Allocation Failure) 2019-01-02T11:12:02.951+0530: 790.855: [DefNew
Desired survivor size 32768 bytes, new threshold 15 (max 15)
- age   1:         40 bytes,         40 total
- age   3:        184 bytes,        224 total
- age   8:         16 bytes,        240 total
: 896K->0K(960K), 0.0009088 secs] 4856K->4536K(10176K), 0.0010696 secs] [Times: user=0.00 sys=0.00, real=0.00 secs] 
2019-01-02T11:12:02.955+0530: 790.859: [GC (Allocation Failure) 2019-01-02T11:12:02.955+0530: 790.859: [DefNew
Desired survivor size 32768 bytes, new threshold 15 (max 15)
- age   1:         24 bytes,         24 total
- age   4:        184 bytes,        208 total
- age   9:         16 bytes,        224 total
: 888K->0K(960K), 0.0004601 secs] 5424K->5015K(10176K), 0.0005662 secs] [Times: user=0.00 sys=0.00, real=0.00 secs] 
2019-01-02T11:12:02.956+0530: 790.860: [GC (Allocation Failure) 2019-01-02T11:12:02.956+0530: 790.860: [DefNew
Desired survivor size 32768 bytes, new threshold 15 (max 15)
- age   1:         24 bytes,         24 total
- age   5:         72 bytes,         96 total
- age  10:         16 bytes,        112 total
: 496K->0K(960K), 0.0007486 secs] 5511K->5493K(10176K), 0.0008450 secs] [Times: user=0.00 sys=0.00, real=0.00 secs] 
2019-01-02T11:12:03.009+0530: 790.913: [GC (Allocation Failure) 2019-01-02T11:12:03.009+0530: 790.913: [DefNew
Desired survivor size 32768 bytes, new threshold 15 (max 15)
- age   1:        248 bytes,        248 total
- age   6:         16 bytes,        264 total
- age  11:         16 bytes,        280 total
: 834K->0K(960K), 0.0005890 secs] 6328K->5565K(10176K), 0.0008832 secs] [Times: user=0.02 sys=0.00, real=0.00 secs] 
2019-01-02T11:12:03.012+0530: 790.916: [GC (Allocation Failure) 2019-01-02T11:12:03.012+0530: 790.916: [DefNew
Desired survivor size 32768 bytes, new threshold 15 (max 15)
- age   1:         40 bytes,         40 total
- age   2:        184 bytes,        224 total
- age   7:         16 bytes,        240 total
- age  12:         16 bytes,        256 total
: 896K->0K(960K), 0.0009459 secs] 6461K->5853K(10176K), 0.0013456 secs] [Times: user=0.00 sys=0.00, real=0.00 secs] 
2019-01-02T11:12:03.015+0530: 790.919: [GC (Allocation Failure) 2019-01-02T11:12:03.015+0530: 790.919: [DefNew
Desired survivor size 32768 bytes, new threshold 15 (max 15)
- age   1:         40 bytes,         40 total
- age   3:        184 bytes,        224 total
- age   8:         16 bytes,        240 total
- age  13:         16 bytes,        256 total
: 896K->0K(960K), 0.0010023 secs] 6749K->6429K(10176K), 0.0012407 secs] [Times: user=0.00 sys=0.00, real=0.00 secs] 
2019-01-02T11:12:03.018+0530: 790.922: [GC (Allocation Failure) 2019-01-02T11:12:03.018+0530: 790.922: [DefNew
Desired survivor size 32768 bytes, new threshold 15 (max 15)
- age   1:         24 bytes,         24 total
- age   4:        184 bytes,        208 total
- age   9:         16 bytes,        224 total
- age  14:         16 bytes,        240 total
: 888K->0K(960K), 0.0004162 secs] 7318K->6908K(10176K), 0.0004972 secs] [Times: user=0.00 sys=0.00, real=0.00 secs] 
2019-01-02T11:12:03.018+0530: 790.922: [GC (Allocation Failure) 2019-01-02T11:12:03.018+0530: 790.923: [DefNew
Desired survivor size 32768 bytes, new threshold 15 (max 15)
- age   1:         24 bytes,         24 total
- age   5:         72 bytes,         96 total
- age  10:         16 bytes,        112 total
- age  15:         16 bytes,        128 total
: 496K->0K(960K), 0.0003843 secs] 7405K->7387K(10176K), 0.0004527 secs] [Times: user=0.00 sys=0.00, real=0.00 secs] 
2019-01-02T11:12:03.074+0530: 790.978: [GC (Allocation Failure) 2019-01-02T11:12:03.075+0530: 790.979: [DefNew
Desired survivor size 32768 bytes, new threshold 15 (max 15)
- age   1:        248 bytes,        248 total
- age   6:         16 bytes,        264 total
- age  11:         16 bytes,        280 total
: 834K->0K(960K), 0.0007041 secs] 8221K->7459K(10176K), 0.0010850 secs] [Times: user=0.00 sys=0.00, real=0.00 secs] 
2019-01-02T11:12:03.077+0530: 790.982: [GC (Allocation Failure) 2019-01-02T11:12:03.078+0530: 790.982: [DefNew
Desired survivor size 32768 bytes, new threshold 15 (max 15)
- age   1:         40 bytes,         40 total
- age   2:        184 bytes,        224 total
- age   7:         16 bytes,        240 total
- age  12:         16 bytes,        256 total
: 896K->0K(960K), 0.0010092 secs] 8355K->7747K(10176K), 0.0011694 secs] [Times: user=0.00 sys=0.00, real=0.00 secs] 
2019-01-02T11:12:03.081+0530: 790.985: [GC (Allocation Failure) 2019-01-02T11:12:03.081+0530: 790.985: [DefNew
Desired survivor size 32768 bytes, new threshold 15 (max 15)
- age   1:         40 bytes,         40 total
- age   3:        184 bytes,        224 total
- age   8:         16 bytes,        240 total
- age  13:         16 bytes,        256 total
: 896K->0K(960K), 0.0011380 secs] 8643K->8323K(10176K), 0.0013855 secs] [Times: user=0.00 sys=0.00, real=0.00 secs] 
2019-01-02T11:12:03.083+0530: 790.987: [GC (Allocation Failure) 2019-01-02T11:12:03.083+0530: 790.987: [DefNew
Desired survivor size 32768 bytes, new threshold 15 (max 15)
- age   1:         24 bytes,         24 total
- age   4:        184 bytes,        208 total
- age   9:         16 bytes,        224 total
- age  14:         16 bytes,        240 total
: 888K->0K(960K), 0.0003797 secs] 9211K->8802K(10176K), 0.0004687 secs] [Times: user=0.00 sys=0.00, real=0.00 secs] 
2019-01-02T11:12:03.084+0530: 790.988: [GC (Allocation Failure) 2019-01-02T11:12:03.084+0530: 790.988: [DefNew: 496K->496K(960K), 0.0000291 secs]2019-01-02T11:12:03.084+0530: 790.988: [Tenured: 8802K->1227K(9216K), 0.0052044 secs] 9298K->1227K(10176K), [Metaspace: 2520K->2520K(1056768K)], 0.0053795 secs] [Times: user=0.02 sys=0.00, real=0.01 secs] 
2019-01-02T11:12:03.142+0530: 791.046: [GC (Allocation Failure) 2019-01-02T11:12:03.142+0530: 791.046: [DefNew
Desired survivor size 32768 bytes, new threshold 15 (max 15)
- age   1:        248 bytes,        248 total
: 834K->0K(960K), 0.0009345 secs] 2062K->1779K(10176K), 0.0012298 secs] [Times: user=0.00 sys=0.00, real=0.00 secs] 
2019-01-02T11:12:03.144+0530: 791.048: [GC (Allocation Failure) 2019-01-02T11:12:03.144+0530: 791.048: [DefNew
Desired survivor size 32768 bytes, new threshold 15 (max 15)
- age   1:         40 bytes,         40 total
- age   2:        184 bytes,        224 total
: 896K->0K(960K), 0.0009111 secs] 2675K->2067K(10176K), 0.0011038 secs] [Times: user=0.00 sys=0.00, real=0.00 secs] 
2019-01-02T11:12:03.147+0530: 791.051: [GC (Allocation Failure) 2019-01-02T11:12:03.147+0530: 791.051: [DefNew
Desired survivor size 32768 bytes, new threshold 15 (max 15)
- age   1:         40 bytes,         40 total
- age   3:        184 bytes,        224 total
: 896K->0K(960K), 0.0011266 secs] 2963K->2643K(10176K), 0.0013256 secs] [Times: user=0.00 sys=0.00, real=0.00 secs] 
2019-01-02T11:12:03.150+0530: 791.054: [GC (Allocation Failure) 2019-01-02T11:12:03.150+0530: 791.054: [DefNew
Desired survivor size 32768 bytes, new threshold 15 (max 15)
- age   1:         24 bytes,         24 total
- age   4:        184 bytes,        208 total
: 888K->0K(960K), 0.0004310 secs] 3531K->3121K(10176K), 0.0005211 secs] [Times: user=0.00 sys=0.00, real=0.00 secs] 
2019-01-02T11:12:03.151+0530: 791.055: [GC (Allocation Failure) 2019-01-02T11:12:03.151+0530: 791.055: [DefNew
Desired survivor size 32768 bytes, new threshold 15 (max 15)
- age   1:         24 bytes,         24 total
- age   5:         72 bytes,         96 total
: 496K->0K(960K), 0.0003803 secs] 3618K->3600K(10176K), 0.0004493 secs] [Times: user=0.00 sys=0.00, real=0.00 secs] 
2019-01-02T11:12:03.204+0530: 791.108: [GC (Allocation Failure) 2019-01-02T11:12:03.204+0530: 791.109: [DefNew
Desired survivor size 32768 bytes, new threshold 15 (max 15)
- age   1:        248 bytes,        248 total
- age   6:         16 bytes,        264 total
: 834K->0K(960K), 0.0011318 secs] 4435K->3672K(10176K), 0.0017857 secs] [Times: user=0.00 sys=0.00, real=0.00 secs] 
2019-01-02T11:12:03.209+0530: 791.113: [GC (Allocation Failure) 2019-01-02T11:12:03.209+0530: 791.113: [DefNew
Desired survivor size 32768 bytes, new threshold 15 (max 15)
- age   1:         40 bytes,         40 total
- age   2:        184 bytes,        224 total
- age   7:         16 bytes,        240 total
: 896K->0K(960K), 0.0007595 secs] 4568K->3960K(10176K), 0.0008923 secs] [Times: user=0.00 sys=0.00, real=0.00 secs] 
2019-01-02T11:12:03.211+0530: 791.115: [GC (Allocation Failure) 2019-01-02T11:12:03.211+0530: 791.115: [DefNew
Desired survivor size 32768 bytes, new threshold 15 (max 15)
- age   1:         40 bytes,         40 total
- age   3:        184 bytes,        224 total
- age   8:         16 bytes,        240 total
: 896K->0K(960K), 0.0012161 secs] 4856K->4536K(10176K), 0.0014676 secs] [Times: user=0.02 sys=0.00, real=0.00 secs] 
2019-01-02T11:12:03.215+0530: 791.119: [GC (Allocation Failure) 2019-01-02T11:12:03.215+0530: 791.119: [DefNew
Desired survivor size 32768 bytes, new threshold 15 (max 15)
- age   1:         24 bytes,         24 total
- age   4:        184 bytes,        208 total
- age   9:         16 bytes,        224 total
: 888K->0K(960K), 0.0003883 secs] 5425K->5015K(10176K), 0.0005114 secs] [Times: user=0.00 sys=0.00, real=0.00 secs] 
2019-01-02T11:12:03.216+0530: 791.120: [GC (Allocation Failure) 2019-01-02T11:12:03.216+0530: 791.120: [DefNew
Desired survivor size 32768 bytes, new threshold 15 (max 15)
- age   1:         24 bytes,         24 total
- age   5:         72 bytes,         96 total
- age  10:         16 bytes,        112 total
: 496K->0K(960K), 0.0003683 secs] 5512K->5494K(10176K), 0.0004516 secs] [Times: user=0.00 sys=0.00, real=0.00 secs] 
2019-01-02T11:12:03.271+0530: 791.175: [GC (Allocation Failure) 2019-01-02T11:12:03.271+0530: 791.175: [DefNew
Desired survivor size 32768 bytes, new threshold 15 (max 15)
- age   1:        248 bytes,        248 total
- age   6:         16 bytes,        264 total
- age  11:         16 bytes,        280 total
: 834K->0K(960K), 0.0013325 secs] 6328K->5566K(10176K), 0.0016535 secs] [Times: user=0.00 sys=0.00, real=0.00 secs] 
2019-01-02T11:12:03.275+0530: 791.179: [GC (Allocation Failure) 2019-01-02T11:12:03.275+0530: 791.179: [DefNew
Desired survivor size 32768 bytes, new threshold 15 (max 15)
- age   1:         40 bytes,         40 total
- age   2:        184 bytes,        224 total
- age   7:         16 bytes,        240 total
- age  12:         16 bytes,        256 total
: 896K->0K(960K), 0.0010793 secs] 6462K->5854K(10176K), 0.0014117 secs] [Times: user=0.00 sys=0.00, real=0.00 secs] 
2019-01-02T11:12:03.278+0530: 791.182: [GC (Allocation Failure) 2019-01-02T11:12:03.278+0530: 791.182: [DefNew
Desired survivor size 32768 bytes, new threshold 15 (max 15)
- age   1:         40 bytes,         40 total
- age   3:        184 bytes,        224 total
- age   8:         16 bytes,        240 total
- age  13:         16 bytes,        256 total
: 896K->0K(960K), 0.0010257 secs] 6750K->6430K(10176K), 0.0011090 secs] [Times: user=0.00 sys=0.00, real=0.00 secs] 
2019-01-02T11:12:03.281+0530: 791.185: [GC (Allocation Failure) 2019-01-02T11:12:03.281+0530: 791.185: [DefNew
Desired survivor size 32768 bytes, new threshold 15 (max 15)
- age   1:         24 bytes,         24 total
- age   4:        184 bytes,        208 total
- age   9:         16 bytes,        224 total
- age  14:         16 bytes,        240 total
: 888K->0K(960K), 0.0004499 secs] 7319K->6909K(10176K), 0.0005422 secs] [Times: user=0.00 sys=0.00, real=0.00 secs] 
2019-01-02T11:12:03.282+0530: 791.186: [GC (Allocation Failure) 2019-01-02T11:12:03.282+0530: 791.186: [DefNew
Desired survivor size 32768 bytes, new threshold 15 (max 15)
- age   1:         24 bytes,         24 total
- age   5:         72 bytes,         96 total
- age  10:         16 bytes,        112 total
- age  15:         16 bytes,        128 total
: 496K->0K(960K), 0.0003957 secs] 7405K->7388K(10176K), 0.0004647 secs] [Times: user=0.00 sys=0.00, real=0.00 secs] 
2019-01-02T11:12:03.338+0530: 791.242: [GC (Allocation Failure) 2019-01-02T11:12:03.338+0530: 791.242: [DefNew
Desired survivor size 32768 bytes, new threshold 15 (max 15)
- age   1:        248 bytes,        248 total
- age   6:         16 bytes,        264 total
- age  11:         16 bytes,        280 total
: 834K->0K(960K), 0.0012526 secs] 8222K->7460K(10176K), 0.0016329 secs] [Times: user=0.00 sys=0.00, real=0.00 secs] 
2019-01-02T11:12:03.342+0530: 791.246: [GC (Allocation Failure) 2019-01-02T11:12:03.342+0530: 791.246: [DefNew
Desired survivor size 32768 bytes, new threshold 15 (max 15)
- age   1:         40 bytes,         40 total
- age   2:        184 bytes,        224 total
- age   7:         16 bytes,        240 total
- age  12:         16 bytes,        256 total
: 896K->0K(960K), 0.0013992 secs] 8356K->7748K(10176K), 0.0016124 secs] [Times: user=0.00 sys=0.00, real=0.00 secs] 
2019-01-02T11:12:03.345+0530: 791.249: [GC (Allocation Failure) 2019-01-02T11:12:03.345+0530: 791.249: [DefNew
Desired survivor size 32768 bytes, new threshold 15 (max 15)
- age   1:         40 bytes,         40 total
- age   3:        184 bytes,        224 total
- age   8:         16 bytes,        240 total
- age  13:         16 bytes,        256 total
: 896K->0K(960K), 0.0010086 secs] 8644K->8324K(10176K), 0.0011466 secs] [Times: user=0.00 sys=0.00, real=0.00 secs] 
2019-01-02T11:12:03.348+0530: 791.252: [GC (Allocation Failure) 2019-01-02T11:12:03.348+0530: 791.252: [DefNew
Desired survivor size 32768 bytes, new threshold 15 (max 15)
- age   1:         24 bytes,         24 total
- age   4:        184 bytes,        208 total
- age   9:         16 bytes,        224 total
- age  14:         16 bytes,        240 total
: 888K->0K(960K), 0.0003427 secs] 9212K->8803K(10176K), 0.0004054 secs] [Times: user=0.00 sys=0.00, real=0.00 secs] 
2019-01-02T11:12:03.348+0530: 791.252: [GC (Allocation Failure) 2019-01-02T11:12:03.348+0530: 791.252: [DefNew: 496K->496K(960K), 0.0000257 secs]2019-01-02T11:12:03.348+0530: 791.252: [Tenured: 8802K->1228K(9216K), 0.0039130 secs] 9299K->1228K(10176K), [Metaspace: 2520K->2520K(1056768K)], 0.0040487 secs] [Times: user=0.00 sys=0.00, real=0.00 secs] 
2019-01-02T11:12:03.415+0530: 791.319: [GC (Allocation Failure) 2019-01-02T11:12:03.415+0530: 791.319: [DefNew
Desired survivor size 32768 bytes, new threshold 15 (max 15)
- age   1:        248 bytes,        248 total
: 834K->0K(960K), 0.0013022 secs] 2062K->1779K(10176K), 0.0015257 secs] [Times: user=0.00 sys=0.00, real=0.00 secs] 
2019-01-02T11:12:03.419+0530: 791.323: [GC (Allocation Failure) 2019-01-02T11:12:03.419+0530: 791.323: [DefNew
Desired survivor size 32768 bytes, new threshold 15 (max 15)
- age   1:         40 bytes,         40 total
- age   2:        184 bytes,        224 total
: 896K->0K(960K), 0.0009818 secs] 2675K->2067K(10176K), 0.0011968 secs] [Times: user=0.00 sys=0.00, real=0.00 secs] 
2019-01-02T11:12:03.422+0530: 791.326: [GC (Allocation Failure) 2019-01-02T11:12:03.422+0530: 791.326: [DefNew
Desired survivor size 32768 bytes, new threshold 15 (max 15)
- age   1:         40 bytes,         40 total
- age   3:        184 bytes,        224 total
: 896K->0K(960K), 0.0013353 secs] 2963K->2643K(10176K), 0.0015366 secs] [Times: user=0.00 sys=0.00, real=0.00 secs] 
2019-01-02T11:12:03.426+0530: 791.330: [GC (Allocation Failure) 2019-01-02T11:12:03.426+0530: 791.330: [DefNew
Desired survivor size 32768 bytes, new threshold 15 (max 15)
- age   1:         24 bytes,         24 total
- age   4:        184 bytes,        208 total
: 888K->0K(960K), 0.0010080 secs] 3531K->3122K(10176K), 0.0011283 secs] [Times: user=0.00 sys=0.00, real=0.00 secs] 
2019-01-02T11:12:03.428+0530: 791.332: [GC (Allocation Failure) 2019-01-02T11:12:03.428+0530: 791.332: [DefNew
Desired survivor size 32768 bytes, new threshold 15 (max 15)
- age   1:         24 bytes,         24 total
- age   5:         72 bytes,         96 total
: 496K->0K(960K), 0.0006591 secs] 3618K->3600K(10176K), 0.0007663 secs] [Times: user=0.00 sys=0.00, real=0.00 secs] 
2019-01-02T11:12:03.482+0530: 791.386: [GC (Allocation Failure) 2019-01-02T11:12:03.482+0530: 791.386: [DefNew
Desired survivor size 32768 bytes, new threshold 15 (max 15)
- age   1:        248 bytes,        248 total
- age   6:         16 bytes,        264 total
: 834K->0K(960K), 0.0010941 secs] 4435K->3673K(10176K), 0.0014032 secs] [Times: user=0.00 sys=0.00, real=0.00 secs] 
2019-01-02T11:12:03.485+0530: 791.390: [GC (Allocation Failure) 2019-01-02T11:12:03.486+0530: 791.390: [DefNew
Desired survivor size 32768 bytes, new threshold 15 (max 15)
- age   1:         40 bytes,         40 total
- age   2:        184 bytes,        224 total
- age   7:         16 bytes,        240 total
: 896K->0K(960K), 0.0008746 secs] 4569K->3961K(10176K), 0.0011244 secs] [Times: user=0.00 sys=0.00, real=0.00 secs] 
2019-01-02T11:12:03.488+0530: 791.393: [GC (Allocation Failure) 2019-01-02T11:12:03.488+0530: 791.393: [DefNew
Desired survivor size 32768 bytes, new threshold 15 (max 15)
- age   1:         40 bytes,         40 total
- age   3:        184 bytes,        224 total
- age   8:         16 bytes,        240 total
: 896K->0K(960K), 0.0004060 secs] 4857K->4537K(10176K), 0.0004892 secs] [Times: user=0.00 sys=0.00, real=0.00 secs] 
2019-01-02T11:12:03.491+0530: 791.395: [GC (Allocation Failure) 2019-01-02T11:12:03.491+0530: 791.395: [DefNew
Desired survivor size 32768 bytes, new threshold 15 (max 15)
- age   1:         24 bytes,         24 total
- age   4:        184 bytes,        208 total
- age   9:         16 bytes,        224 total
: 888K->0K(960K), 0.0004356 secs] 5425K->5016K(10176K), 0.0005405 secs] [Times: user=0.00 sys=0.00, real=0.00 secs] 
2019-01-02T11:12:03.492+0530: 791.396: [GC (Allocation Failure) 2019-01-02T11:12:03.492+0530: 791.396: [DefNew
Desired survivor size 32768 bytes, new threshold 15 (max 15)
- age   1:         24 bytes,         24 total
- age   5:         72 bytes,         96 total
- age  10:         16 bytes,        112 total
: 496K->0K(960K), 0.0005582 secs] 5512K->5494K(10176K), 0.0006431 secs] [Times: user=0.00 sys=0.00, real=0.00 secs] 
2019-01-02T11:12:03.546+0530: 791.450: [GC (Allocation Failure) 2019-01-02T11:12:03.546+0530: 791.450: [DefNew
Desired survivor size 32768 bytes, new threshold 15 (max 15)
- age   1:        248 bytes,        248 total
- age   6:         16 bytes,        264 total
- age  11:         16 bytes,        280 total
: 834K->0K(960K), 0.0006431 secs] 6329K->5567K(10176K), 0.0008524 secs] [Times: user=0.00 sys=0.00, real=0.00 secs] 
2019-01-02T11:12:03.549+0530: 791.453: [GC (Allocation Failure) 2019-01-02T11:12:03.549+0530: 791.453: [DefNew
Desired survivor size 32768 bytes, new threshold 15 (max 15)
- age   1:         40 bytes,         40 total
- age   2:        184 bytes,        224 total
- age   7:         16 bytes,        240 total
- age  12:         16 bytes,        256 total
: 896K->0K(960K), 0.0006893 secs] 6463K->5855K(10176K), 0.0010314 secs] [Times: user=0.00 sys=0.00, real=0.00 secs] 
2019-01-02T11:12:03.552+0530: 791.456: [GC (Allocation Failure) 2019-01-02T11:12:03.552+0530: 791.456: [DefNew
Desired survivor size 32768 bytes, new threshold 15 (max 15)
- age   1:         40 bytes,         40 total
- age   3:        184 bytes,        224 total
- age   8:         16 bytes,        240 total
- age  13:         16 bytes,        256 total
: 896K->0K(960K), 0.0011397 secs] 6751K->6431K(10176K), 0.0013644 secs] [Times: user=0.00 sys=0.00, real=0.00 secs] 
2019-01-02T11:12:03.555+0530: 791.459: [GC (Allocation Failure) 2019-01-02T11:12:03.555+0530: 791.459: [DefNew
Desired survivor size 32768 bytes, new threshold 15 (max 15)
- age   1:         24 bytes,         24 total
- age   4:        184 bytes,        208 total
- age   9:         16 bytes,        224 total
- age  14:         16 bytes,        240 total
: 888K->0K(960K), 0.0003866 secs] 7319K->6909K(10176K), 0.0004698 secs] [Times: user=0.02 sys=0.00, real=0.00 secs] 
2019-01-02T11:12:03.555+0530: 791.460: [GC (Allocation Failure) 2019-01-02T11:12:03.555+0530: 791.460: [DefNew
Desired survivor size 32768 bytes, new threshold 15 (max 15)
- age   1:         24 bytes,         24 total
- age   5:         72 bytes,         96 total
- age  10:         16 bytes,        112 total
- age  15:         16 bytes,        128 total
: 496K->0K(960K), 0.0003472 secs] 7406K->7388K(10176K), 0.0004219 secs] [Times: user=0.00 sys=0.00, real=0.00 secs] 
2019-01-02T11:12:03.612+0530: 791.516: [GC (Allocation Failure) 2019-01-02T11:12:03.612+0530: 791.516: [DefNew
Desired survivor size 32768 bytes, new threshold 15 (max 15)
- age   1:        248 bytes,        248 total
- age   6:         16 bytes,        264 total
- age  11:         16 bytes,        280 total
: 834K->0K(960K), 0.0007914 secs] 8223K->7461K(10176K), 0.0009499 secs] [Times: user=0.00 sys=0.00, real=0.00 secs] 
2019-01-02T11:12:03.615+0530: 791.519: [GC (Allocation Failure) 2019-01-02T11:12:03.615+0530: 791.519: [DefNew
Desired survivor size 32768 bytes, new threshold 15 (max 15)
- age   1:         40 bytes,         40 total
- age   2:        184 bytes,        224 total
- age   7:         16 bytes,        240 total
- age  12:         16 bytes,        256 total
: 896K->0K(960K), 0.0014282 secs] 8357K->7749K(10176K), 0.0017076 secs] [Times: user=0.00 sys=0.00, real=0.00 secs] 
2019-01-02T11:12:03.618+0530: 791.522: [GC (Allocation Failure) 2019-01-02T11:12:03.618+0530: 791.522: [DefNew
Desired survivor size 32768 bytes, new threshold 15 (max 15)
- age   1:         40 bytes,         40 total
- age   3:        184 bytes,        224 total
- age   8:         16 bytes,        240 total
- age  13:         16 bytes,        256 total
: 896K->0K(960K), 0.0011677 secs] 8645K->8325K(10176K), 0.0013136 secs] [Times: user=0.00 sys=0.00, real=0.00 secs] 
2019-01-02T11:12:03.621+0530: 791.525: [GC (Allocation Failure) 2019-01-02T11:12:03.621+0530: 791.525: [DefNew
Desired survivor size 32768 bytes, new threshold 15 (max 15)
- age   1:         24 bytes,         24 total
- age   4:        184 bytes,        208 total
- age   9:         16 bytes,        224 total
- age  14:         16 bytes,        240 total
: 888K->0K(960K), 0.0004065 secs] 9213K->8803K(10176K), 0.0004846 secs] [Times: user=0.00 sys=0.00, real=0.00 secs] 
2019-01-02T11:12:03.622+0530: 791.526: [GC (Allocation Failure) 2019-01-02T11:12:03.622+0530: 791.526: [DefNew: 496K->496K(960K), 0.0000257 secs]2019-01-02T11:12:03.622+0530: 791.526: [Tenured: 8803K->1228K(9216K), 0.0075124 secs] 9300K->1228K(10176K), [Metaspace: 2520K->2520K(1056768K)], 0.0076521 secs] [Times: user=0.00 sys=0.00, real=0.01 secs] 
2019-01-02T11:12:03.686+0530: 791.590: [GC (Allocation Failure) 2019-01-02T11:12:03.686+0530: 791.590: [DefNew
Desired survivor size 32768 bytes, new threshold 15 (max 15)
- age   1:        248 bytes,        248 total
: 834K->0K(960K), 0.0014995 secs] 2063K->1779K(10176K), 0.0016677 secs] [Times: user=0.00 sys=0.00, real=0.00 secs] 
2019-01-02T11:12:03.689+0530: 791.593: [GC (Allocation Failure) 2019-01-02T11:12:03.689+0530: 791.593: [DefNew
Desired survivor size 32768 bytes, new threshold 15 (max 15)
- age   1:         40 bytes,         40 total
- age   2:        184 bytes,        224 total
: 896K->0K(960K), 0.0008370 secs] 2675K->2067K(10176K), 0.0009716 secs] [Times: user=0.00 sys=0.00, real=0.00 secs] 
2019-01-02T11:12:03.692+0530: 791.596: [GC (Allocation Failure) 2019-01-02T11:12:03.693+0530: 791.597: [DefNew
Desired survivor size 32768 bytes, new threshold 15 (max 15)
- age   1:         40 bytes,         40 total
- age   3:        184 bytes,        224 total
: 896K->0K(960K), 0.0008119 secs] 2963K->2643K(10176K), 0.0010331 secs] [Times: user=0.00 sys=0.00, real=0.00 secs] 
2019-01-02T11:12:03.695+0530: 791.599: [GC (Allocation Failure) 2019-01-02T11:12:03.695+0530: 791.599: [DefNew
Desired survivor size 32768 bytes, new threshold 15 (max 15)
- age   1:         24 bytes,         24 total
- age   4:        184 bytes,        208 total
: 888K->0K(960K), 0.0008142 secs] 3532K->3122K(10176K), 0.0008934 secs] [Times: user=0.02 sys=0.00, real=0.00 secs] 
2019-01-02T11:12:03.697+0530: 791.601: [GC (Allocation Failure) 2019-01-02T11:12:03.697+0530: 791.601: [DefNew
Desired survivor size 32768 bytes, new threshold 15 (max 15)
- age   1:         24 bytes,         24 total
- age   5:         72 bytes,         96 total
: 496K->0K(960K), 0.0003723 secs] 3619K->3601K(10176K), 0.0004972 secs] [Times: user=0.00 sys=0.00, real=0.00 secs] 
2019-01-02T11:12:03.752+0530: 791.656: [GC (Allocation Failure) 2019-01-02T11:12:03.752+0530: 791.657: [DefNew
Desired survivor size 32768 bytes, new threshold 15 (max 15)
- age   1:        248 bytes,        248 total
- age   6:         16 bytes,        264 total
: 834K->0K(960K), 0.0010531 secs] 4436K->3673K(10176K), 0.0015275 secs] [Times: user=0.00 sys=0.00, real=0.00 secs] 
2019-01-02T11:12:03.756+0530: 791.660: [GC (Allocation Failure) 2019-01-02T11:12:03.756+0530: 791.660: [DefNew
Desired survivor size 32768 bytes, new threshold 15 (max 15)
- age   1:         40 bytes,         40 total
- age   2:        184 bytes,        224 total
- age   7:         16 bytes,        240 total
: 896K->0K(960K), 0.0006853 secs] 4569K->3961K(10176K), 0.0010462 secs] [Times: user=0.00 sys=0.00, real=0.00 secs] 
2019-01-02T11:12:03.759+0530: 791.663: [GC (Allocation Failure) 2019-01-02T11:12:03.760+0530: 791.664: [DefNew
Desired survivor size 32768 bytes, new threshold 15 (max 15)
- age   1:         40 bytes,         40 total
- age   3:        184 bytes,        224 total
- age   8:         16 bytes,        240 total
: 896K->0K(960K), 0.0010497 secs] 4857K->4537K(10176K), 0.0013097 secs] [Times: user=0.00 sys=0.00, real=0.00 secs] 
2019-01-02T11:12:03.763+0530: 791.667: [GC (Allocation Failure) 2019-01-02T11:12:03.763+0530: 791.667: [DefNew
Desired survivor size 32768 bytes, new threshold 15 (max 15)
- age   1:         24 bytes,         24 total
- age   4:        184 bytes,        208 total
- age   9:         16 bytes,        224 total
: 888K->0K(960K), 0.0007446 secs] 5426K->5016K(10176K), 0.0009208 secs] [Times: user=0.00 sys=0.00, real=0.00 secs] 
2019-01-02T11:12:03.764+0530: 791.668: [GC (Allocation Failure) 2019-01-02T11:12:03.764+0530: 791.669: [DefNew
Desired survivor size 32768 bytes, new threshold 15 (max 15)
- age   1:         24 bytes,         24 total
- age   5:         72 bytes,         96 total
- age  10:         16 bytes,        112 total
: 496K->0K(960K), 0.0003518 secs] 5513K->5495K(10176K), 0.0004134 secs] [Times: user=0.00 sys=0.00, real=0.00 secs] 
2019-01-02T11:12:03.820+0530: 791.724: [GC (Allocation Failure) 2019-01-02T11:12:03.820+0530: 791.724: [DefNew
Desired survivor size 32768 bytes, new threshold 15 (max 15)
- age   1:        248 bytes,        248 total
- age   6:         16 bytes,        264 total
- age  11:         16 bytes,        280 total
: 834K->0K(960K), 0.0011956 secs] 6330K->5567K(10176K), 0.0014545 secs] [Times: user=0.00 sys=0.00, real=0.00 secs] 
2019-01-02T11:12:03.823+0530: 791.727: [GC (Allocation Failure) 2019-01-02T11:12:03.823+0530: 791.727: [DefNew
Desired survivor size 32768 bytes, new threshold 15 (max 15)
- age   1:         40 bytes,         40 total
- age   2:        184 bytes,        224 total
- age   7:         16 bytes,        240 total
- age  12:         16 bytes,        256 total
: 896K->0K(960K), 0.0009282 secs] 6463K->5855K(10176K), 0.0011021 secs] [Times: user=0.00 sys=0.00, real=0.00 secs] 
2019-01-02T11:12:03.826+0530: 791.730: [GC (Allocation Failure) 2019-01-02T11:12:03.827+0530: 791.731: [DefNew
Desired survivor size 32768 bytes, new threshold 15 (max 15)
- age   1:         40 bytes,         40 total
- age   3:        184 bytes,        224 total
- age   8:         16 bytes,        240 total
- age  13:         16 bytes,        256 total
: 896K->0K(960K), 0.0006711 secs] 6751K->6431K(10176K), 0.0009664 secs] [Times: user=0.00 sys=0.00, real=0.00 secs] 
2019-01-02T11:12:03.829+0530: 791.733: [GC (Allocation Failure) 2019-01-02T11:12:03.829+0530: 791.733: [DefNew
Desired survivor size 32768 bytes, new threshold 15 (max 15)
- age   1:         24 bytes,         24 total
- age   4:        184 bytes,        208 total
- age   9:         16 bytes,        224 total
- age  14:         16 bytes,        240 total
: 888K->0K(960K), 0.0009088 secs] 7320K->6910K(10176K), 0.0010365 secs] [Times: user=0.00 sys=0.00, real=0.00 secs] 
2019-01-02T11:12:03.830+0530: 791.735: [GC (Allocation Failure) 2019-01-02T11:12:03.830+0530: 791.735: [DefNew
Desired survivor size 32768 bytes, new threshold 15 (max 15)
- age   1:         24 bytes,         24 total
- age   5:         72 bytes,         96 total
- age  10:         16 bytes,        112 total
- age  15:         16 bytes,        128 total
: 497K->0K(960K), 0.0004014 secs] 7407K->7389K(10176K), 0.0004647 secs] [Times: user=0.00 sys=0.00, real=0.00 secs] 
2019-01-02T11:12:03.884+0530: 791.788: [GC (Allocation Failure) 2019-01-02T11:12:03.884+0530: 791.788: [DefNew
Desired survivor size 32768 bytes, new threshold 15 (max 15)
- age   1:        248 bytes,        248 total
- age   6:         16 bytes,        264 total
- age  11:         16 bytes,        280 total
: 835K->0K(960K), 0.0005223 secs] 8224K->7461K(10176K), 0.0009043 secs] [Times: user=0.00 sys=0.00, real=0.00 secs] 
2019-01-02T11:12:03.886+0530: 791.791: [GC (Allocation Failure) 2019-01-02T11:12:03.887+0530: 791.791: [DefNew
Desired survivor size 32768 bytes, new threshold 15 (max 15)
- age   1:         40 bytes,         40 total
- age   2:        184 bytes,        224 total
- age   7:         16 bytes,        240 total
- age  12:         16 bytes,        256 total
: 896K->0K(960K), 0.0009818 secs] 8357K->7749K(10176K), 0.0011774 secs] [Times: user=0.00 sys=0.00, real=0.00 secs] 
2019-01-02T11:12:03.889+0530: 791.793: [GC (Allocation Failure) 2019-01-02T11:12:03.889+0530: 791.793: [DefNew
Desired survivor size 32768 bytes, new threshold 15 (max 15)
- age   1:         40 bytes,         40 total
- age   3:        184 bytes,        224 total
- age   8:         16 bytes,        240 total
- age  13:         16 bytes,        256 total
: 896K->0K(960K), 0.0012247 secs] 8645K->8325K(10176K), 0.0013906 secs] [Times: user=0.00 sys=0.00, real=0.00 secs] 
2019-01-02T11:12:03.893+0530: 791.797: [GC (Allocation Failure) 2019-01-02T11:12:03.893+0530: 791.797: [DefNew
Desired survivor size 32768 bytes, new threshold 15 (max 15)
- age   1:         24 bytes,         24 total
- age   4:        184 bytes,        208 total
- age   9:         16 bytes,        224 total
- age  14:         16 bytes,        240 total
: 889K->0K(960K), 0.0013496 secs] 9214K->8804K(10176K), 0.0016592 secs] [Times: user=0.00 sys=0.00, real=0.00 secs] 
2019-01-02T11:12:03.896+0530: 791.800: [GC (Allocation Failure) 2019-01-02T11:12:03.896+0530: 791.800: [DefNew: 497K->497K(960K), 0.0000393 secs]2019-01-02T11:12:03.896+0530: 791.800: [Tenured: 8804K->1228K(9216K), 0.0049763 secs] 9301K->1228K(10176K), [Metaspace: 2520K->2520K(1056768K)], 0.0052067 secs] [Times: user=0.02 sys=0.00, real=0.01 secs] 
2019-01-02T11:12:03.955+0530: 791.860: [GC (Allocation Failure) 2019-01-02T11:12:03.956+0530: 791.860: [DefNew
Desired survivor size 32768 bytes, new threshold 15 (max 15)
- age   1:        248 bytes,        248 total
: 834K->0K(960K), 0.0009641 secs] 2063K->1779K(10176K), 0.0013929 secs] [Times: user=0.00 sys=0.00, real=0.00 secs] 
2019-01-02T11:12:03.959+0530: 791.863: [GC (Allocation Failure) 2019-01-02T11:12:03.959+0530: 791.863: [DefNew
Desired survivor size 32768 bytes, new threshold 15 (max 15)
- age   1:         40 bytes,         40 total
- age   2:        184 bytes,        224 total
: 896K->0K(960K), 0.0009419 secs] 2675K->2067K(10176K), 0.0012247 secs] [Times: user=0.00 sys=0.00, real=0.00 secs] 
2019-01-02T11:12:03.962+0530: 791.867: [GC (Allocation Failure) 2019-01-02T11:12:03.963+0530: 791.867: [DefNew
Desired survivor size 32768 bytes, new threshold 15 (max 15)
- age   1:         40 bytes,         40 total
- age   3:        184 bytes,        224 total
: 896K->0K(960K), 0.0011494 secs] 2963K->2643K(10176K), 0.0014225 secs] [Times: user=0.00 sys=0.00, real=0.00 secs] 
2019-01-02T11:12:03.966+0530: 791.870: [GC (Allocation Failure) 2019-01-02T11:12:03.966+0530: 791.870: [DefNew
Desired survivor size 32768 bytes, new threshold 15 (max 15)
- age   1:         24 bytes,         24 total
- age   4:        184 bytes,        208 total
: 889K->0K(960K), 0.0010924 secs] 3532K->3122K(10176K), 0.0011683 secs] [Times: user=0.00 sys=0.00, real=0.00 secs] 
2019-01-02T11:12:03.967+0530: 791.871: [GC (Allocation Failure) 2019-01-02T11:12:03.967+0530: 791.871: [DefNew
Desired survivor size 32768 bytes, new threshold 15 (max 15)
- age   1:         24 bytes,         24 total
- age   5:         72 bytes,         96 total
: 497K->0K(960K), 0.0003102 secs] 3619K->3601K(10176K), 0.0003660 secs] [Times: user=0.00 sys=0.00, real=0.00 secs] 
2019-01-02T11:12:04.020+0530: 791.924: [GC (Allocation Failure) 2019-01-02T11:12:04.020+0530: 791.925: [DefNew
Desired survivor size 32768 bytes, new threshold 15 (max 15)
- age   1:        248 bytes,        248 total
- age   6:         16 bytes,        264 total
: 835K->0K(960K), 0.0013296 secs] 4436K->3673K(10176K), 0.0016124 secs] [Times: user=0.00 sys=0.00, real=0.00 secs] 
2019-01-02T11:12:04.024+0530: 791.928: [GC (Allocation Failure) 2019-01-02T11:12:04.024+0530: 791.928: [DefNew
Desired survivor size 32768 bytes, new threshold 15 (max 15)
- age   1:         40 bytes,         40 total
- age   2:        184 bytes,        224 total
- age   7:         16 bytes,        240 total
: 896K->0K(960K), 0.0012931 secs] 4569K->3961K(10176K), 0.0022584 secs] [Times: user=0.00 sys=0.00, real=0.00 secs] 
2019-01-02T11:12:04.028+0530: 791.932: [GC (Allocation Failure) 2019-01-02T11:12:04.028+0530: 791.932: [DefNew
Desired survivor size 32768 bytes, new threshold 15 (max 15)
- age   1:         40 bytes,         40 total
- age   3:        184 bytes,        224 total
- age   8:         16 bytes,        240 total
: 896K->0K(960K), 0.0006711 secs] 4857K->4537K(10176K), 0.0007845 secs] [Times: user=0.00 sys=0.00, real=0.00 secs] 
2019-01-02T11:12:04.031+0530: 791.935: [GC (Allocation Failure) 2019-01-02T11:12:04.031+0530: 791.935: [DefNew
Desired survivor size 32768 bytes, new threshold 15 (max 15)
- age   1:         24 bytes,         24 total
- age   4:        184 bytes,        208 total
- age   9:         16 bytes,        224 total
: 889K->0K(960K), 0.0013290 secs] 5426K->5017K(10176K), 0.0014938 secs] [Times: user=0.00 sys=0.00, real=0.00 secs] 
2019-01-02T11:12:04.032+0530: 791.936: [GC (Allocation Failure) 2019-01-02T11:12:04.032+0530: 791.937: [DefNew
Desired survivor size 32768 bytes, new threshold 15 (max 15)
- age   1:         24 bytes,         24 total
- age   5:         72 bytes,         96 total
- age  10:         16 bytes,        112 total
: 497K->0K(960K), 0.0003666 secs] 5513K->5496K(10176K), 0.0004362 secs] [Times: user=0.00 sys=0.00, real=0.00 secs] 
2019-01-02T11:12:04.087+0530: 791.992: [GC (Allocation Failure) 2019-01-02T11:12:04.088+0530: 791.992: [DefNew
Desired survivor size 32768 bytes, new threshold 15 (max 15)
- age   1:        248 bytes,        248 total
- age   6:         16 bytes,        264 total
- age  11:         16 bytes,        280 total
: 835K->0K(960K), 0.0006773 secs] 6330K->5568K(10176K), 0.0010434 secs] [Times: user=0.00 sys=0.00, real=0.00 secs] 
2019-01-02T11:12:04.090+0530: 791.994: [GC (Allocation Failure) 2019-01-02T11:12:04.090+0530: 791.995: [DefNew
Desired survivor size 32768 bytes, new threshold 15 (max 15)
- age   1:         40 bytes,         40 total
- age   2:        184 bytes,        224 total
- age   7:         16 bytes,        240 total
- age  12:         16 bytes,        256 total
: 896K->0K(960K), 0.0009567 secs] 6464K->5856K(10176K), 0.0012013 secs] [Times: user=0.00 sys=0.00, real=0.00 secs] 
2019-01-02T11:12:04.093+0530: 791.997: [GC (Allocation Failure) 2019-01-02T11:12:04.093+0530: 791.997: [DefNew
Desired survivor size 32768 bytes, new threshold 15 (max 15)
- age   1:         40 bytes,         40 total
- age   3:        184 bytes,        224 total
- age   8:         16 bytes,        240 total
- age  13:         16 bytes,        256 total
: 896K->0K(960K), 0.0013741 secs] 6752K->6432K(10176K), 0.0016888 secs] [Times: user=0.00 sys=0.00, real=0.00 secs] 
2019-01-02T11:12:04.097+0530: 792.001: [GC (Allocation Failure) 2019-01-02T11:12:04.097+0530: 792.001: [DefNew
Desired survivor size 32768 bytes, new threshold 15 (max 15)
- age   1:         24 bytes,         24 total
- age   4:        184 bytes,        208 total
- age   9:         16 bytes,        224 total
- age  14:         16 bytes,        240 total
: 889K->0K(960K), 0.0007862 secs] 7321K->6911K(10176K), 0.0010001 secs] [Times: user=0.00 sys=0.00, real=0.00 secs] 
2019-01-02T11:12:04.098+0530: 792.003: [GC (Allocation Failure) 2019-01-02T11:12:04.099+0530: 792.003: [DefNew
Desired survivor size 32768 bytes, new threshold 15 (max 15)
- age   1:         24 bytes,         24 total
- age   5:         72 bytes,         96 total
- age  10:         16 bytes,        112 total
- age  15:         16 bytes,        128 total
: 497K->0K(960K), 0.0003221 secs] 7408K->7390K(10176K), 0.0004242 secs] [Times: user=0.00 sys=0.00, real=0.00 secs] 
2019-01-02T11:12:04.152+0530: 792.056: [GC (Allocation Failure) 2019-01-02T11:12:04.152+0530: 792.056: [DefNew
Desired survivor size 32768 bytes, new threshold 15 (max 15)
- age   1:        248 bytes,        248 total
- age   6:         16 bytes,        264 total
- age  11:         16 bytes,        280 total
: 835K->0K(960K), 0.0005787 secs] 8225K->7462K(10176K), 0.0010326 secs] [Times: user=0.00 sys=0.00, real=0.00 secs] 
2019-01-02T11:12:04.155+0530: 792.059: [GC (Allocation Failure) 2019-01-02T11:12:04.155+0530: 792.059: [DefNew
Desired survivor size 32768 bytes, new threshold 15 (max 15)
- age   1:         40 bytes,         40 total
- age   2:        184 bytes,        224 total
- age   7:         16 bytes,        240 total
- age  12:         16 bytes,        256 total
: 896K->0K(960K), 0.0008302 secs] 8358K->7750K(10176K), 0.0011648 secs] [Times: user=0.00 sys=0.00, real=0.00 secs] 
2019-01-02T11:12:04.157+0530: 792.061: [GC (Allocation Failure) 2019-01-02T11:12:04.157+0530: 792.061: [DefNew
Desired survivor size 32768 bytes, new threshold 15 (max 15)
- age   1:         40 bytes,         40 total
- age   3:        184 bytes,        224 total
- age   8:         16 bytes,        240 total
- age  13:         16 bytes,        256 total
: 896K->0K(960K), 0.0011945 secs] 8646K->8326K(10176K), 0.0013427 secs] [Times: user=0.00 sys=0.00, real=0.00 secs] 
2019-01-02T11:12:04.160+0530: 792.064: [GC (Allocation Failure) 2019-01-02T11:12:04.160+0530: 792.064: [DefNew
Desired survivor size 32768 bytes, new threshold 15 (max 15)
- age   1:         24 bytes,         24 total
- age   4:        184 bytes,        208 total
- age   9:         16 bytes,        224 total
- age  14:         16 bytes,        240 total
: 889K->0K(960K), 0.0014784 secs] 9215K->8805K(10176K), 0.0017282 secs] [Times: user=0.00 sys=0.00, real=0.00 secs] 
2019-01-02T11:12:04.162+0530: 792.066: [GC (Allocation Failure) 2019-01-02T11:12:04.162+0530: 792.066: [DefNew: 497K->497K(960K), 0.0000382 secs]2019-01-02T11:12:04.162+0530: 792.066: [Tenured: 8805K->1228K(9216K), 0.0061771 secs] 9302K->1228K(10176K), [Metaspace: 2520K->2520K(1056768K)], 0.0063578 secs] [Times: user=0.02 sys=0.00, real=0.01 secs] 
2019-01-02T11:12:04.223+0530: 792.127: [GC (Allocation Failure) 2019-01-02T11:12:04.223+0530: 792.127: [DefNew
Desired survivor size 32768 bytes, new threshold 15 (max 15)
- age   1:        248 bytes,        248 total
: 835K->0K(960K), 0.0010924 secs] 2063K->1779K(10176K), 0.0014767 secs] [Times: user=0.00 sys=0.00, real=0.00 secs] 
2019-01-02T11:12:04.226+0530: 792.130: [GC (Allocation Failure) 2019-01-02T11:12:04.226+0530: 792.130: [DefNew
Desired survivor size 32768 bytes, new threshold 15 (max 15)
- age   1:         40 bytes,         40 total
- age   2:        184 bytes,        224 total
: 896K->0K(960K), 0.0006534 secs] 2675K->2067K(10176K), 0.0009362 secs] [Times: user=0.00 sys=0.02, real=0.00 secs] 
2019-01-02T11:12:04.229+0530: 792.133: [GC (Allocation Failure) 2019-01-02T11:12:04.229+0530: 792.133: [DefNew
Desired survivor size 32768 bytes, new threshold 15 (max 15)
- age   1:         40 bytes,         40 total
- age   3:        184 bytes,        224 total
: 896K->0K(960K), 0.0012715 secs] 2963K->2643K(10176K), 0.0015024 secs] [Times: user=0.00 sys=0.00, real=0.00 secs] 
2019-01-02T11:12:04.232+0530: 792.136: [GC (Allocation Failure) 2019-01-02T11:12:04.232+0530: 792.136: [DefNew
Desired survivor size 32768 bytes, new threshold 15 (max 15)
- age   1:         24 bytes,         24 total
- age   4:        184 bytes,        208 total
: 889K->0K(960K), 0.0010856 secs] 3532K->3123K(10176K), 0.0013051 secs] [Times: user=0.00 sys=0.00, real=0.00 secs] 
2019-01-02T11:12:04.234+0530: 792.138: [GC (Allocation Failure) 2019-01-02T11:12:04.234+0530: 792.138: [DefNew
Desired survivor size 32768 bytes, new threshold 15 (max 15)
- age   1:         24 bytes,         24 total
- age   5:         72 bytes,         96 total
: 497K->0K(960K), 0.0003923 secs] 3620K->3602K(10176K), 0.0004670 secs] [Times: user=0.00 sys=0.00, real=0.00 secs] 
2019-01-02T11:12:04.286+0530: 792.190: [GC (Allocation Failure) 2019-01-02T11:12:04.286+0530: 792.191: [DefNew
Desired survivor size 32768 bytes, new threshold 15 (max 15)
- age   1:        248 bytes,        248 total
- age   6:         16 bytes,        264 total
: 835K->0K(960K), 0.0005724 secs] 4437K->3674K(10176K), 0.0011038 secs] [Times: user=0.00 sys=0.00, real=0.00 secs] 
2019-01-02T11:12:04.289+0530: 792.194: [GC (Allocation Failure) 2019-01-02T11:12:04.290+0530: 792.194: [DefNew
Desired survivor size 32768 bytes, new threshold 15 (max 15)
- age   2:        184 bytes,        184 total
- age   7:         16 bytes,        200 total
: 896K->0K(960K), 0.0006426 secs] 4570K->3962K(10176K), 0.0009773 secs] [Times: user=0.00 sys=0.00, real=0.00 secs] 
2019-01-02T11:12:04.292+0530: 792.196: [GC (Allocation Failure) 2019-01-02T11:12:04.292+0530: 792.197: [DefNew
Desired survivor size 32768 bytes, new threshold 15 (max 15)
- age   3:        184 bytes,        184 total
- age   8:         16 bytes,        200 total
: 896K->0K(960K), 0.0013000 secs] 4858K->4538K(10176K), 0.0015417 secs] [Times: user=0.00 sys=0.00, real=0.00 secs] 
2019-01-02T11:12:04.296+0530: 792.200: [GC (Allocation Failure) 2019-01-02T11:12:04.296+0530: 792.200: [DefNew
Desired survivor size 32768 bytes, new threshold 15 (max 15)
- age   1:         24 bytes,         24 total
- age   4:        184 bytes,        208 total
- age   9:         16 bytes,        224 total
: 889K->0K(960K), 0.0005131 secs] 5427K->5017K(10176K), 0.0006226 secs] [Times: user=0.00 sys=0.00, real=0.00 secs] 
2019-01-02T11:12:04.297+0530: 792.201: [GC (Allocation Failure) 2019-01-02T11:12:04.297+0530: 792.201: [DefNew
Desired survivor size 32768 bytes, new threshold 15 (max 15)
- age   1:         24 bytes,         24 total
- age   5:         72 bytes,         96 total
- age  10:         16 bytes,        112 total
: 497K->0K(960K), 0.0008005 secs] 5514K->5496K(10176K), 0.0009174 secs] [Times: user=0.00 sys=0.00, real=0.00 secs] 
2019-01-02T11:12:04.352+0530: 792.256: [GC (Allocation Failure) 2019-01-02T11:12:04.352+0530: 792.256: [DefNew
Desired survivor size 32768 bytes, new threshold 15 (max 15)
- age   1:        248 bytes,        248 total
- age   6:         16 bytes,        264 total
- age  11:         16 bytes,        280 total
: 835K->0K(960K), 0.0010451 secs] 6331K->5568K(10176K), 0.0012703 secs] [Times: user=0.00 sys=0.00, real=0.00 secs] 
2019-01-02T11:12:04.355+0530: 792.259: [GC (Allocation Failure) 2019-01-02T11:12:04.355+0530: 792.259: [DefNew
Desired survivor size 32768 bytes, new threshold 15 (max 15)
- age   2:        184 bytes,        184 total
- age   7:         16 bytes,        200 total
- age  12:         16 bytes,        216 total
: 896K->0K(960K), 0.0013256 secs] 6464K->5856K(10176K), 0.0015155 secs] [Times: user=0.00 sys=0.00, real=0.00 secs] 
2019-01-02T11:12:04.358+0530: 792.262: [GC (Allocation Failure) 2019-01-02T11:12:04.358+0530: 792.262: [DefNew
Desired survivor size 32768 bytes, new threshold 15 (max 15)
- age   3:        184 bytes,        184 total
- age   8:         16 bytes,        200 total
- age  13:         16 bytes,        216 total
: 896K->0K(960K), 0.0009499 secs] 6752K->6432K(10176K), 0.0011591 secs] [Times: user=0.00 sys=0.00, real=0.00 secs] 
2019-01-02T11:12:04.361+0530: 792.265: [GC (Allocation Failure) 2019-01-02T11:12:04.361+0530: 792.265: [DefNew
Desired survivor size 32768 bytes, new threshold 15 (max 15)
- age   1:         24 bytes,         24 total
- age   4:        184 bytes,        208 total
- age   9:         16 bytes,        224 total
- age  14:         16 bytes,        240 total
: 889K->0K(960K), 0.0015354 secs] 7321K->6911K(10176K), 0.0017795 secs] [Times: user=0.00 sys=0.00, real=0.00 secs] 
2019-01-02T11:12:04.363+0530: 792.267: [GC (Allocation Failure) 2019-01-02T11:12:04.363+0530: 792.267: [DefNew
Desired survivor size 32768 bytes, new threshold 15 (max 15)
- age   1:         24 bytes,         24 total
- age   5:         72 bytes,         96 total
- age  10:         16 bytes,        112 total
- age  15:         16 bytes,        128 total
: 497K->0K(960K), 0.0004949 secs] 7408K->7391K(10176K), 0.0006260 secs] [Times: user=0.00 sys=0.00, real=0.00 secs] 
2019-01-02T11:12:04.420+0530: 792.324: [GC (Allocation Failure) 2019-01-02T11:12:04.420+0530: 792.324: [DefNew
Desired survivor size 32768 bytes, new threshold 15 (max 15)
- age   1:        248 bytes,        248 total
- age   6:         16 bytes,        264 total
- age  11:         16 bytes,        280 total
: 835K->0K(960K), 0.0006688 secs] 8226K->7463K(10176K), 0.0010850 secs] [Times: user=0.00 sys=0.00, real=0.00 secs] 
2019-01-02T11:12:04.422+0530: 792.327: [GC (Allocation Failure) 2019-01-02T11:12:04.423+0530: 792.327: [DefNew
Desired survivor size 32768 bytes, new threshold 15 (max 15)
- age   2:        184 bytes,        184 total
- age   7:         16 bytes,        200 total
- age  12:         16 bytes,        216 total
: 896K->0K(960K), 0.0010377 secs] 8359K->7751K(10176K), 0.0012452 secs] [Times: user=0.00 sys=0.00, real=0.00 secs] 
2019-01-02T11:12:04.425+0530: 792.329: [GC (Allocation Failure) 2019-01-02T11:12:04.425+0530: 792.329: [DefNew
Desired survivor size 32768 bytes, new threshold 15 (max 15)
- age   3:        184 bytes,        184 total
- age   8:         16 bytes,        200 total
- age  13:         16 bytes,        216 total
: 896K->0K(960K), 0.0010810 secs] 8647K->8327K(10176K), 0.0012270 secs] [Times: user=0.00 sys=0.00, real=0.00 secs] 
2019-01-02T11:12:04.428+0530: 792.332: [GC (Allocation Failure) 2019-01-02T11:12:04.428+0530: 792.332: [DefNew
Desired survivor size 32768 bytes, new threshold 15 (max 15)
- age   1:         24 bytes,         24 total
- age   4:        184 bytes,        208 total
- age   9:         16 bytes,        224 total
- age  14:         16 bytes,        240 total
: 889K->0K(960K), 0.0013268 secs] 9216K->8806K(10176K), 0.0014875 secs] [Times: user=0.02 sys=0.00, real=0.00 secs] 
2019-01-02T11:12:04.430+0530: 792.334: [GC (Allocation Failure) 2019-01-02T11:12:04.430+0530: 792.334: [DefNew: 497K->497K(960K), 0.0000268 secs]2019-01-02T11:12:04.430+0530: 792.334: [Tenured: 8806K->1228K(9216K), 0.0055573 secs] 9303K->1228K(10176K), [Metaspace: 2520K->2520K(1056768K)], 0.0057056 secs] [Times: user=0.00 sys=0.00, real=0.01 secs] 
2019-01-02T11:12:04.487+0530: 792.391: [GC (Allocation Failure) 2019-01-02T11:12:04.487+0530: 792.391: [DefNew
Desired survivor size 32768 bytes, new threshold 15 (max 15)
- age   1:        248 bytes,        248 total
: 835K->0K(960K), 0.0012926 secs] 2063K->1780K(10176K), 0.0017578 secs] [Times: user=0.00 sys=0.00, real=0.00 secs] 
2019-01-02T11:12:04.491+0530: 792.395: [GC (Allocation Failure) 2019-01-02T11:12:04.491+0530: 792.395: [DefNew
Desired survivor size 32768 bytes, new threshold 15 (max 15)
- age   2:        184 bytes,        184 total
: 896K->0K(960K), 0.0007931 secs] 2676K->2068K(10176K), 0.0010542 secs] [Times: user=0.01 sys=0.00, real=0.00 secs] 
2019-01-02T11:12:04.493+0530: 792.397: [GC (Allocation Failure) 2019-01-02T11:12:04.493+0530: 792.397: [DefNew
Desired survivor size 32768 bytes, new threshold 15 (max 15)
- age   3:        184 bytes,        184 total
: 896K->0K(960K), 0.0012851 secs] 2964K->2644K(10176K), 0.0014408 secs] [Times: user=0.00 sys=0.00, real=0.00 secs] 
2019-01-02T11:12:04.497+0530: 792.401: [GC (Allocation Failure) 2019-01-02T11:12:04.497+0530: 792.401: [DefNew
Desired survivor size 32768 bytes, new threshold 15 (max 15)
- age   1:         24 bytes,         24 total
- age   4:        184 bytes,        208 total
: 889K->0K(960K), 0.0005627 secs] 3533K->3123K(10176K), 0.0007663 secs] [Times: user=0.00 sys=0.00, real=0.00 secs] 
2019-01-02T11:12:04.498+0530: 792.402: [GC (Allocation Failure) 2019-01-02T11:12:04.498+0530: 792.403: [DefNew
Desired survivor size 32768 bytes, new threshold 15 (max 15)
- age   1:         24 bytes,         24 total
- age   5:         72 bytes,         96 total
: 497K->0K(960K), 0.0008769 secs] 3620K->3602K(10176K), 0.0010098 secs] [Times: user=0.00 sys=0.00, real=0.00 secs] 
2019-01-02T11:12:04.551+0530: 792.455: [GC (Allocation Failure) 2019-01-02T11:12:04.551+0530: 792.455: [DefNew
Desired survivor size 32768 bytes, new threshold 15 (max 15)
- age   1:        248 bytes,        248 total
- age   6:         16 bytes,        264 total
: 835K->0K(960K), 0.0008946 secs] 4437K->3674K(10176K), 0.0011204 secs] [Times: user=0.00 sys=0.00, real=0.00 secs] 
2019-01-02T11:12:04.554+0530: 792.458: [GC (Allocation Failure) 2019-01-02T11:12:04.554+0530: 792.458: [DefNew
Desired survivor size 32768 bytes, new threshold 15 (max 15)
- age   2:        184 bytes,        184 total
- age   7:         16 bytes,        200 total
: 896K->0K(960K), 0.0011152 secs] 4570K->3962K(10176K), 0.0012663 secs] [Times: user=0.00 sys=0.00, real=0.00 secs] 
2019-01-02T11:12:04.557+0530: 792.461: [GC (Allocation Failure) 2019-01-02T11:12:04.557+0530: 792.461: [DefNew
Desired survivor size 32768 bytes, new threshold 15 (max 15)
- age   3:        184 bytes,        184 total
- age   8:         16 bytes,        200 total
: 896K->0K(960K), 0.0008182 secs] 4858K->4538K(10176K), 0.0010525 secs] [Times: user=0.00 sys=0.00, real=0.00 secs] 
2019-01-02T11:12:04.559+0530: 792.463: [GC (Allocation Failure) 2019-01-02T11:12:04.559+0530: 792.463: [DefNew
Desired survivor size 32768 bytes, new threshold 15 (max 15)
- age   1:         24 bytes,         24 total
- age   4:        184 bytes,        208 total
- age   9:         16 bytes,        224 total
: 889K->0K(960K), 0.0003501 secs] 5427K->5017K(10176K), 0.0004333 secs] [Times: user=0.00 sys=0.00, real=0.00 secs] 
2019-01-02T11:12:04.560+0530: 792.464: [GC (Allocation Failure) 2019-01-02T11:12:04.560+0530: 792.464: [DefNew
Desired survivor size 32768 bytes, new threshold 15 (max 15)
- age   1:         24 bytes,         24 total
- age   5:         72 bytes,         96 total
- age  10:         16 bytes,        112 total
: 497K->0K(960K), 0.0003113 secs] 5515K->5497K(10176K), 0.0003678 secs] [Times: user=0.00 sys=0.00, real=0.00 secs] 
2019-01-02T11:12:04.615+0530: 792.519: [GC (Allocation Failure) 2019-01-02T11:12:04.615+0530: 792.519: [DefNew
Desired survivor size 32768 bytes, new threshold 15 (max 15)
- age   1:        248 bytes,        248 total
- age   6:         16 bytes,        264 total
- age  11:         16 bytes,        280 total
: 835K->0K(960K), 0.0012315 secs] 6332K->5569K(10176K), 0.0014818 secs] [Times: user=0.01 sys=0.00, real=0.00 secs] 
2019-01-02T11:12:04.618+0530: 792.522: [GC (Allocation Failure) 2019-01-02T11:12:04.618+0530: 792.522: [DefNew
Desired survivor size 32768 bytes, new threshold 15 (max 15)
- age   2:        184 bytes,        184 total
- age   7:         16 bytes,        200 total
- age  12:         16 bytes,        216 total
: 896K->0K(960K), 0.0008096 secs] 6465K->5857K(10176K), 0.0010816 secs] [Times: user=0.00 sys=0.00, real=0.00 secs] 
2019-01-02T11:12:04.621+0530: 792.525: [GC (Allocation Failure) 2019-01-02T11:12:04.621+0530: 792.525: [DefNew
Desired survivor size 32768 bytes, new threshold 15 (max 15)
- age   3:        184 bytes,        184 total
- age   8:         16 bytes,        200 total
- age  13:         16 bytes,        216 total
: 896K->0K(960K), 0.0011249 secs] 6753K->6433K(10176K), 0.0013536 secs] [Times: user=0.00 sys=0.00, real=0.00 secs] 
2019-01-02T11:12:04.624+0530: 792.528: [GC (Allocation Failure) 2019-01-02T11:12:04.624+0530: 792.528: [DefNew
Desired survivor size 32768 bytes, new threshold 15 (max 15)
- age   1:         24 bytes,         24 total
- age   4:        184 bytes,        208 total
- age   9:         16 bytes,        224 total
- age  14:         16 bytes,        240 total
: 889K->0K(960K), 0.0003592 secs] 7322K->6912K(10176K), 0.0004510 secs] [Times: user=0.00 sys=0.00, real=0.00 secs] 
2019-01-02T11:12:04.625+0530: 792.529: [GC (Allocation Failure) 2019-01-02T11:12:04.625+0530: 792.529: [DefNew
Desired survivor size 32768 bytes, new threshold 15 (max 15)
- age   1:         24 bytes,         24 total
- age   5:         72 bytes,         96 total
- age  10:         16 bytes,        112 total
- age  15:         16 bytes,        128 total
: 497K->0K(960K), 0.0004356 secs] 7409K->7391K(10176K), 0.0005251 secs] [Times: user=0.00 sys=0.00, real=0.00 secs] 
2019-01-02T11:12:04.682+0530: 792.586: [GC (Allocation Failure) 2019-01-02T11:12:04.682+0530: 792.586: [DefNew
Desired survivor size 32768 bytes, new threshold 15 (max 15)
- age   1:        248 bytes,        248 total
- age   6:         16 bytes,        264 total
- age  11:         16 bytes,        280 total
: 835K->0K(960K), 0.0005816 secs] 8227K->7463K(10176K), 0.0010018 secs] [Times: user=0.00 sys=0.00, real=0.00 secs] 
2019-01-02T11:12:04.684+0530: 792.589: [GC (Allocation Failure) 2019-01-02T11:12:04.685+0530: 792.589: [DefNew
Desired survivor size 32768 bytes, new threshold 15 (max 15)
- age   2:        184 bytes,        184 total
- age   7:         16 bytes,        200 total
- age  12:         16 bytes,        216 total
: 896K->0K(960K), 0.0006084 secs] 8359K->7751K(10176K), 0.0008290 secs] [Times: user=0.00 sys=0.00, real=0.00 secs] 
2019-01-02T11:12:04.687+0530: 792.591: [GC (Allocation Failure) 2019-01-02T11:12:04.687+0530: 792.591: [DefNew
Desired survivor size 32768 bytes, new threshold 15 (max 15)
- age   3:        184 bytes,        184 total
- age   8:         16 bytes,        200 total
- age  13:         16 bytes,        216 total
: 896K->0K(960K), 0.0011580 secs] 8647K->8327K(10176K), 0.0013268 secs] [Times: user=0.00 sys=0.00, real=0.00 secs] 
2019-01-02T11:12:04.690+0530: 792.594: [GC (Allocation Failure) 2019-01-02T11:12:04.690+0530: 792.594: [DefNew
Desired survivor size 32768 bytes, new threshold 15 (max 15)
- age   1:         24 bytes,         24 total
- age   4:        184 bytes,        208 total
- age   9:         16 bytes,        224 total
- age  14:         16 bytes,        240 total
: 889K->0K(960K), 0.0003558 secs] 9217K->8807K(10176K), 0.0004248 secs] [Times: user=0.00 sys=0.00, real=0.00 secs] 
2019-01-02T11:12:04.691+0530: 792.595: [GC (Allocation Failure) 2019-01-02T11:12:04.691+0530: 792.595: [DefNew: 497K->497K(960K), 0.0000245 secs]2019-01-02T11:12:04.691+0530: 792.595: [Tenured: 8807K->1228K(9216K), 0.0037631 secs] 9304K->1228K(10176K), [Metaspace: 2520K->2520K(1056768K)], 0.0038953 secs] [Times: user=0.02 sys=0.00, real=0.00 secs] 
2019-01-02T11:12:04.752+0530: 792.656: [GC (Allocation Failure) 2019-01-02T11:12:04.752+0530: 792.656: [DefNew
Desired survivor size 32768 bytes, new threshold 15 (max 15)
- age   1:        248 bytes,        248 total
: 835K->0K(960K), 0.0010782 secs] 2064K->1780K(10176K), 0.0012219 secs] [Times: user=0.00 sys=0.00, real=0.00 secs] 
2019-01-02T11:12:04.754+0530: 792.659: [GC (Allocation Failure) 2019-01-02T11:12:04.755+0530: 792.659: [DefNew
Desired survivor size 32768 bytes, new threshold 15 (max 15)
- age   2:        184 bytes,        184 total
: 896K->0K(960K), 0.0009681 secs] 2676K->2068K(10176K), 0.0012150 secs] [Times: user=0.00 sys=0.00, real=0.00 secs] 
2019-01-02T11:12:04.757+0530: 792.661: [GC (Allocation Failure) 2019-01-02T11:12:04.757+0530: 792.661: [DefNew
Desired survivor size 32768 bytes, new threshold 15 (max 15)
- age   3:        184 bytes,        184 total
: 896K->0K(960K), 0.0012053 secs] 2964K->2644K(10176K), 0.0013729 secs] [Times: user=0.00 sys=0.00, real=0.00 secs] 
2019-01-02T11:12:04.760+0530: 792.664: [GC (Allocation Failure) 2019-01-02T11:12:04.760+0530: 792.664: [DefNew
Desired survivor size 32768 bytes, new threshold 15 (max 15)
- age   1:         24 bytes,         24 total
- age   4:        184 bytes,        208 total
: 889K->0K(960K), 0.0004259 secs] 3533K->3123K(10176K), 0.0005120 secs] [Times: user=0.00 sys=0.00, real=0.00 secs] 
2019-01-02T11:12:04.761+0530: 792.665: [GC (Allocation Failure) 2019-01-02T11:12:04.761+0530: 792.665: [DefNew
Desired survivor size 32768 bytes, new threshold 15 (max 15)
- age   1:         24 bytes,         24 total
- age   5:         72 bytes,         96 total
: 497K->0K(960K), 0.0003883 secs] 3620K->3602K(10176K), 0.0004567 secs] [Times: user=0.00 sys=0.00, real=0.00 secs] 
2019-01-02T11:12:04.815+0530: 792.719: [GC (Allocation Failure) 2019-01-02T11:12:04.815+0530: 792.719: [DefNew
Desired survivor size 32768 bytes, new threshold 15 (max 15)
- age   1:        248 bytes,        248 total
- age   6:         16 bytes,        264 total
: 835K->0K(960K), 0.0008102 secs] 4438K->3675K(10176K), 0.0012070 secs] [Times: user=0.00 sys=0.00, real=0.00 secs] 
2019-01-02T11:12:04.818+0530: 792.722: [GC (Allocation Failure) 2019-01-02T11:12:04.818+0530: 792.722: [DefNew
Desired survivor size 32768 bytes, new threshold 15 (max 15)
- age   2:        184 bytes,        184 total
- age   7:         16 bytes,        200 total
: 896K->0K(960K), 0.0007213 secs] 4571K->3963K(10176K), 0.0009282 secs] [Times: user=0.02 sys=0.00, real=0.00 secs] 
2019-01-02T11:12:04.820+0530: 792.724: [GC (Allocation Failure) 2019-01-02T11:12:04.820+0530: 792.724: [DefNew
Desired survivor size 32768 bytes, new threshold 15 (max 15)
- age   3:        184 bytes,        184 total
- age   8:         16 bytes,        200 total
: 896K->0K(960K), 0.0012544 secs] 4859K->4539K(10176K), 0.0015178 secs] [Times: user=0.00 sys=0.00, real=0.00 secs] 
2019-01-02T11:12:04.824+0530: 792.728: [GC (Allocation Failure) 2019-01-02T11:12:04.824+0530: 792.728: [DefNew
Desired survivor size 32768 bytes, new threshold 15 (max 15)
- age   1:         24 bytes,         24 total
- age   4:        184 bytes,        208 total
- age   9:         16 bytes,        224 total
: 889K->0K(960K), 0.0006591 secs] 5428K->5018K(10176K), 0.0008604 secs] [Times: user=0.00 sys=0.00, real=0.00 secs] 
2019-01-02T11:12:04.825+0530: 792.729: [GC (Allocation Failure) 2019-01-02T11:12:04.825+0530: 792.729: [DefNew
Desired survivor size 32768 bytes, new threshold 15 (max 15)
- age   1:         24 bytes,         24 total
- age   5:         72 bytes,         96 total
- age  10:         16 bytes,        112 total
: 497K->0K(960K), 0.0003244 secs] 5515K->5497K(10176K), 0.0003820 secs] [Times: user=0.00 sys=0.00, real=0.00 secs] 
2019-01-02T11:12:04.880+0530: 792.784: [GC (Allocation Failure) 2019-01-02T11:12:04.880+0530: 792.784: [DefNew
Desired survivor size 32768 bytes, new threshold 15 (max 15)
- age   1:        248 bytes,        248 total
- age   6:         16 bytes,        264 total
- age  11:         16 bytes,        280 total
: 835K->0K(960K), 0.0012601 secs] 6333K->5569K(10176K), 0.0015856 secs] [Times: user=0.02 sys=0.00, real=0.00 secs] 
2019-01-02T11:12:04.884+0530: 792.788: [GC (Allocation Failure) 2019-01-02T11:12:04.884+0530: 792.788: [DefNew
Desired survivor size 32768 bytes, new threshold 15 (max 15)
- age   2:        184 bytes,        184 total
- age   7:         16 bytes,        200 total
- age  12:         16 bytes,        216 total
: 896K->0K(960K), 0.0010839 secs] 6465K->5857K(10176K), 0.0013832 secs] [Times: user=0.00 sys=0.00, real=0.00 secs] 
2019-01-02T11:12:04.887+0530: 792.791: [GC (Allocation Failure) 2019-01-02T11:12:04.887+0530: 792.791: [DefNew
Desired survivor size 32768 bytes, new threshold 15 (max 15)
- age   3:        184 bytes,        184 total
- age   8:         16 bytes,        200 total
- age  13:         16 bytes,        216 total
: 896K->0K(960K), 0.0010958 secs] 6753K->6433K(10176K), 0.0012452 secs] [Times: user=0.00 sys=0.00, real=0.00 secs] 
2019-01-02T11:12:04.890+0530: 792.795: [GC (Allocation Failure) 2019-01-02T11:12:04.890+0530: 792.795: [DefNew
Desired survivor size 32768 bytes, new threshold 15 (max 15)
- age   1:         24 bytes,         24 total
- age   4:        184 bytes,        208 total
- age   9:         16 bytes,        224 total
- age  14:         16 bytes,        240 total
: 889K->0K(960K), 0.0004202 secs] 7323K->6913K(10176K), 0.0005126 secs] [Times: user=0.00 sys=0.00, real=0.00 secs] 
2019-01-02T11:12:04.891+0530: 792.795: [GC (Allocation Failure) 2019-01-02T11:12:04.891+0530: 792.795: [DefNew
Desired survivor size 32768 bytes, new threshold 15 (max 15)
- age   1:         24 bytes,         24 total
- age   5:         72 bytes,         96 total
- age  10:         16 bytes,        112 total
- age  15:         16 bytes,        128 total
: 497K->0K(960K), 0.0003227 secs] 7410K->7392K(10176K), 0.0003814 secs] [Times: user=0.00 sys=0.00, real=0.00 secs] 
2019-01-02T11:12:04.951+0530: 792.855: [GC (Allocation Failure) 2019-01-02T11:12:04.951+0530: 792.855: [DefNew
Desired survivor size 32768 bytes, new threshold 15 (max 15)
- age   1:        248 bytes,        248 total
- age   6:         16 bytes,        264 total
- age  11:         16 bytes,        280 total
: 835K->0K(960K), 0.0005918 secs] 8228K->7464K(10176K), 0.0007127 secs] [Times: user=0.00 sys=0.00, real=0.00 secs] 
2019-01-02T11:12:04.954+0530: 792.858: [GC (Allocation Failure) 2019-01-02T11:12:04.954+0530: 792.858: [DefNew
Desired survivor size 32768 bytes, new threshold 15 (max 15)
- age   2:        184 bytes,        184 total
- age   7:         16 bytes,        200 total
- age  12:         16 bytes,        216 total
: 896K->0K(960K), 0.0009436 secs] 8360K->7752K(10176K), 0.0011705 secs] [Times: user=0.00 sys=0.00, real=0.00 secs] 
2019-01-02T11:12:04.956+0530: 792.861: [GC (Allocation Failure) 2019-01-02T11:12:04.957+0530: 792.861: [DefNew
Desired survivor size 32768 bytes, new threshold 15 (max 15)
- age   3:        184 bytes,        184 total
- age   8:         16 bytes,        200 total
- age  13:         16 bytes,        216 total
: 896K->0K(960K), 0.0009402 secs] 8648K->8328K(10176K), 0.0011979 secs] [Times: user=0.00 sys=0.00, real=0.00 secs] 
2019-01-02T11:12:04.959+0530: 792.863: [GC (Allocation Failure) 2019-01-02T11:12:04.959+0530: 792.863: [DefNew
Desired survivor size 32768 bytes, new threshold 15 (max 15)
- age   1:         24 bytes,         24 total
- age   4:        184 bytes,        208 total
- age   9:         16 bytes,        224 total
- age  14:         16 bytes,        240 total
: 889K->0K(960K), 0.0004407 secs] 9217K->8808K(10176K), 0.0005359 secs] [Times: user=0.00 sys=0.00, real=0.00 secs] 
2019-01-02T11:12:04.960+0530: 792.864: [GC (Allocation Failure) 2019-01-02T11:12:04.960+0530: 792.864: [DefNew: 497K->497K(960K), 0.0000353 secs]2019-01-02T11:12:04.960+0530: 792.864: [Tenured: 8807K->1229K(9216K), 0.0058441 secs] 9305K->1229K(10176K), [Metaspace: 2520K->2520K(1056768K)], 0.0060283 secs] [Times: user=0.00 sys=0.00, real=0.01 secs] 
2019-01-02T11:12:05.019+0530: 792.924: [GC (Allocation Failure) 2019-01-02T11:12:05.020+0530: 792.924: [DefNew
Desired survivor size 32768 bytes, new threshold 15 (max 15)
- age   1:        248 bytes,        248 total
: 835K->0K(960K), 0.0010645 secs] 2064K->1780K(10176K), 0.0012766 secs] [Times: user=0.00 sys=0.00, real=0.00 secs] 
2019-01-02T11:12:05.022+0530: 792.926: [GC (Allocation Failure) 2019-01-02T11:12:05.022+0530: 792.926: [DefNew
Desired survivor size 32768 bytes, new threshold 15 (max 15)
- age   2:        184 bytes,        184 total
: 896K->0K(960K), 0.0010998 secs] 2676K->2068K(10176K), 0.0013467 secs] [Times: user=0.00 sys=0.00, real=0.00 secs] 
2019-01-02T11:12:05.025+0530: 792.929: [GC (Allocation Failure) 2019-01-02T11:12:05.025+0530: 792.929: [DefNew
Desired survivor size 32768 bytes, new threshold 15 (max 15)
- age   3:        184 bytes,        184 total
: 896K->0K(960K), 0.0012036 secs] 2964K->2644K(10176K), 0.0014157 secs] [Times: user=0.00 sys=0.00, real=0.00 secs] 
2019-01-02T11:12:05.028+0530: 792.932: [GC (Allocation Failure) 2019-01-02T11:12:05.028+0530: 792.932: [DefNew
Desired survivor size 32768 bytes, new threshold 15 (max 15)
- age   1:         24 bytes,         24 total
- age   4:        184 bytes,        208 total
: 889K->0K(960K), 0.0004139 secs] 3533K->3124K(10176K), 0.0004960 secs] [Times: user=0.00 sys=0.00, real=0.00 secs] 
2019-01-02T11:12:05.028+0530: 792.933: [GC (Allocation Failure) 2019-01-02T11:12:05.029+0530: 792.933: [DefNew
Desired survivor size 32768 bytes, new threshold 15 (max 15)
- age   1:         24 bytes,         24 total
- age   5:         72 bytes,         96 total
: 497K->0K(960K), 0.0003769 secs] 3621K->3603K(10176K), 0.0004476 secs] [Times: user=0.00 sys=0.00, real=0.00 secs] 
2019-01-02T11:12:05.085+0530: 792.990: [GC (Allocation Failure) 2019-01-02T11:12:05.085+0530: 792.990: [DefNew
Desired survivor size 32768 bytes, new threshold 15 (max 15)
- age   1:        248 bytes,        248 total
- age   6:         16 bytes,        264 total
: 835K->0K(960K), 0.0006277 secs] 4438K->3675K(10176K), 0.0007959 secs] [Times: user=0.00 sys=0.00, real=0.00 secs] 
2019-01-02T11:12:05.088+0530: 792.992: [GC (Allocation Failure) 2019-01-02T11:12:05.088+0530: 792.992: [DefNew
Desired survivor size 32768 bytes, new threshold 15 (max 15)
- age   2:        184 bytes,        184 total
- age   7:         16 bytes,        200 total
: 896K->0K(960K), 0.0010098 secs] 4571K->3963K(10176K), 0.0013131 secs] [Times: user=0.00 sys=0.00, real=0.00 secs] 
2019-01-02T11:12:05.091+0530: 792.995: [GC (Allocation Failure) 2019-01-02T11:12:05.091+0530: 792.996: [DefNew
Desired survivor size 32768 bytes, new threshold 15 (max 15)
- age   3:        184 bytes,        184 total
- age   8:         16 bytes,        200 total
: 896K->0K(960K), 0.0009544 secs] 4859K->4539K(10176K), 0.0012840 secs] [Times: user=0.00 sys=0.00, real=0.00 secs] 
2019-01-02T11:12:05.094+0530: 792.998: [GC (Allocation Failure) 2019-01-02T11:12:05.094+0530: 792.998: [DefNew
Desired survivor size 32768 bytes, new threshold 15 (max 15)
- age   1:         24 bytes,         24 total
- age   4:        184 bytes,        208 total
- age   9:         16 bytes,        224 total
: 889K->0K(960K), 0.0003586 secs] 5428K->5018K(10176K), 0.0004481 secs] [Times: user=0.00 sys=0.00, real=0.00 secs] 
2019-01-02T11:12:05.095+0530: 792.999: [GC (Allocation Failure) 2019-01-02T11:12:05.095+0530: 792.999: [DefNew
Desired survivor size 32768 bytes, new threshold 15 (max 15)
- age   1:         24 bytes,         24 total
- age   5:         72 bytes,         96 total
- age  10:         16 bytes,        112 total
: 497K->0K(960K), 0.0003335 secs] 5516K->5498K(10176K), 0.0004082 secs] [Times: user=0.00 sys=0.00, real=0.00 secs] 
2019-01-02T11:12:05.153+0530: 793.057: [GC (Allocation Failure) 2019-01-02T11:12:05.153+0530: 793.057: [DefNew
Desired survivor size 32768 bytes, new threshold 15 (max 15)
- age   1:        248 bytes,        248 total
- age   6:         16 bytes,        264 total
- age  11:         16 bytes,        280 total
: 835K->0K(960K), 0.0005588 secs] 6333K->5570K(10176K), 0.0008296 secs] [Times: user=0.00 sys=0.00, real=0.00 secs] 
2019-01-02T11:12:05.155+0530: 793.059: [GC (Allocation Failure) 2019-01-02T11:12:05.155+0530: 793.060: [DefNew
Desired survivor size 32768 bytes, new threshold 15 (max 15)
- age   2:        184 bytes,        184 total
- age   7:         16 bytes,        200 total
- age  12:         16 bytes,        216 total
: 896K->0K(960K), 0.0008552 secs] 6466K->5858K(10176K), 0.0009961 secs] [Times: user=0.00 sys=0.00, real=0.00 secs] 
2019-01-02T11:12:05.158+0530: 793.062: [GC (Allocation Failure) 2019-01-02T11:12:05.158+0530: 793.062: [DefNew
Desired survivor size 32768 bytes, new threshold 15 (max 15)
- age   3:        184 bytes,        184 total
- age   8:         16 bytes,        200 total
- age  13:         16 bytes,        216 total
: 896K->0K(960K), 0.0009641 secs] 6754K->6434K(10176K), 0.0012464 secs] [Times: user=0.00 sys=0.00, real=0.00 secs] 
2019-01-02T11:12:05.160+0530: 793.065: [GC (Allocation Failure) 2019-01-02T11:12:05.160+0530: 793.065: [DefNew
Desired survivor size 32768 bytes, new threshold 15 (max 15)
- age   1:         24 bytes,         24 total
- age   4:        184 bytes,        208 total
- age   9:         16 bytes,        224 total
- age  14:         16 bytes,        240 total
: 889K->0K(960K), 0.0004276 secs] 7323K->6913K(10176K), 0.0005137 secs] [Times: user=0.00 sys=0.00, real=0.00 secs] 
2019-01-02T11:12:05.161+0530: 793.065: [GC (Allocation Failure) 2019-01-02T11:12:05.161+0530: 793.065: [DefNew
Desired survivor size 32768 bytes, new threshold 15 (max 15)
- age   1:         24 bytes,         24 total
- age   5:         72 bytes,         96 total
- age  10:         16 bytes,        112 total
- age  15:         16 bytes,        128 total
: 497K->0K(960K), 0.0003917 secs] 7411K->7393K(10176K), 0.0004630 secs] [Times: user=0.01 sys=0.00, real=0.00 secs] 
2019-01-02T11:12:05.215+0530: 793.119: [GC (Allocation Failure) 2019-01-02T11:12:05.215+0530: 793.119: [DefNew
Desired survivor size 32768 bytes, new threshold 15 (max 15)
- age   1:        248 bytes,        248 total
- age   6:         16 bytes,        264 total
- age  11:         16 bytes,        280 total
: 835K->0K(960K), 0.0005365 secs] 8228K->7465K(10176K), 0.0008427 secs] [Times: user=0.00 sys=0.00, real=0.00 secs] 
2019-01-02T11:12:05.218+0530: 793.122: [GC (Allocation Failure) 2019-01-02T11:12:05.218+0530: 793.122: [DefNew
Desired survivor size 32768 bytes, new threshold 15 (max 15)
- age   1:         40 bytes,         40 total
- age   2:        184 bytes,        224 total
- age   7:         16 bytes,        240 total
- age  12:         16 bytes,        256 total
: 896K->0K(960K), 0.0009590 secs] 8361K->7753K(10176K), 0.0013906 secs] [Times: user=0.00 sys=0.00, real=0.00 secs] 
2019-01-02T11:12:05.221+0530: 793.125: [GC (Allocation Failure) 2019-01-02T11:12:05.221+0530: 793.125: [DefNew
Desired survivor size 32768 bytes, new threshold 15 (max 15)
- age   3:        184 bytes,        184 total
- age   8:         16 bytes,        200 total
- age  13:         16 bytes,        216 total
: 896K->0K(960K), 0.0008917 secs] 8649K->8329K(10176K), 0.0010919 secs] [Times: user=0.00 sys=0.00, real=0.00 secs] 
2019-01-02T11:12:05.224+0530: 793.128: [GC (Allocation Failure) 2019-01-02T11:12:05.224+0530: 793.128: [DefNew
Desired survivor size 32768 bytes, new threshold 15 (max 15)
- age   1:         24 bytes,         24 total
- age   4:        184 bytes,        208 total
- age   9:         16 bytes,        224 total
- age  14:         16 bytes,        240 total
: 889K->0K(960K), 0.0003484 secs] 9218K->8808K(10176K), 0.0004179 secs] [Times: user=0.02 sys=0.00, real=0.00 secs] 
2019-01-02T11:12:05.224+0530: 793.129: [GC (Allocation Failure) 2019-01-02T11:12:05.224+0530: 793.129: [DefNew: 497K->497K(960K), 0.0000234 secs]2019-01-02T11:12:05.224+0530: 793.129: [Tenured: 8808K->1229K(9216K), 0.0036821 secs] 9306K->1229K(10176K), [Metaspace: 2520K->2520K(1056768K)], 0.0038127 secs] [Times: user=0.00 sys=0.00, real=0.00 secs] 
2019-01-02T11:12:05.281+0530: 793.185: [GC (Allocation Failure) 2019-01-02T11:12:05.281+0530: 793.186: [DefNew
Desired survivor size 32768 bytes, new threshold 15 (max 15)
- age   1:        248 bytes,        248 total
: 835K->0K(960K), 0.0009499 secs] 2064K->1780K(10176K), 0.0014727 secs] [Times: user=0.00 sys=0.00, real=0.00 secs] 
2019-01-02T11:12:05.285+0530: 793.189: [GC (Allocation Failure) 2019-01-02T11:12:05.285+0530: 793.189: [DefNew
Desired survivor size 32768 bytes, new threshold 15 (max 15)
- age   1:         40 bytes,         40 total
- age   2:        184 bytes,        224 total
: 896K->0K(960K), 0.0009248 secs] 2676K->2068K(10176K), 0.0012737 secs] [Times: user=0.00 sys=0.00, real=0.00 secs] 
2019-01-02T11:12:05.288+0530: 793.192: [GC (Allocation Failure) 2019-01-02T11:12:05.288+0530: 793.192: [DefNew
Desired survivor size 32768 bytes, new threshold 15 (max 15)
- age   3:        184 bytes,        184 total
: 896K->0K(960K), 0.0009790 secs] 2964K->2644K(10176K), 0.0011152 secs] [Times: user=0.00 sys=0.00, real=0.00 secs] 
2019-01-02T11:12:05.291+0530: 793.195: [GC (Allocation Failure) 2019-01-02T11:12:05.291+0530: 793.195: [DefNew
Desired survivor size 32768 bytes, new threshold 15 (max 15)
- age   1:         24 bytes,         24 total
- age   4:        184 bytes,        208 total
: 889K->0K(960K), 0.0003364 secs] 3534K->3124K(10176K), 0.0004037 secs] [Times: user=0.00 sys=0.00, real=0.00 secs] 
2019-01-02T11:12:05.291+0530: 793.195: [GC (Allocation Failure) 2019-01-02T11:12:05.291+0530: 793.196: [DefNew
Desired survivor size 32768 bytes, new threshold 15 (max 15)
- age   1:         24 bytes,         24 total
- age   5:         72 bytes,         96 total
: 497K->0K(960K), 0.0003153 secs] 3621K->3603K(10176K), 0.0003746 secs] [Times: user=0.00 sys=0.00, real=0.00 secs] 
2019-01-02T11:12:05.348+0530: 793.252: [GC (Allocation Failure) 2019-01-02T11:12:05.348+0530: 793.252: [DefNew
Desired survivor size 32768 bytes, new threshold 15 (max 15)
- age   1:        248 bytes,        248 total
- age   6:         16 bytes,        264 total
: 835K->0K(960K), 0.0005485 secs] 4439K->3675K(10176K), 0.0009334 secs] [Times: user=0.00 sys=0.00, real=0.00 secs] 
2019-01-02T11:12:05.351+0530: 793.255: [GC (Allocation Failure) 2019-01-02T11:12:05.351+0530: 793.256: [DefNew
Desired survivor size 32768 bytes, new threshold 15 (max 15)
- age   1:         40 bytes,         40 total
- age   2:        184 bytes,        224 total
- age   7:         16 bytes,        240 total
: 896K->0K(960K), 0.0009391 secs] 4571K->3963K(10176K), 0.0012110 secs] [Times: user=0.00 sys=0.00, real=0.00 secs] 
2019-01-02T11:12:05.354+0530: 793.258: [GC (Allocation Failure) 2019-01-02T11:12:05.354+0530: 793.258: [DefNew
Desired survivor size 32768 bytes, new threshold 15 (max 15)
- age   3:        184 bytes,        184 total
- age   8:         16 bytes,        200 total
: 896K->0K(960K), 0.0009584 secs] 4859K->4539K(10176K), 0.0011249 secs] [Times: user=0.00 sys=0.00, real=0.00 secs] 
2019-01-02T11:12:05.356+0530: 793.260: [GC (Allocation Failure) 2019-01-02T11:12:05.356+0530: 793.261: [DefNew
Desired survivor size 32768 bytes, new threshold 15 (max 15)
- age   1:         24 bytes,         24 total
- age   4:        184 bytes,        208 total
- age   9:         16 bytes,        224 total
: 889K->0K(960K), 0.0003432 secs] 5429K->5019K(10176K), 0.0004094 secs] [Times: user=0.00 sys=0.00, real=0.00 secs] 
2019-01-02T11:12:05.357+0530: 793.261: [GC (Allocation Failure) 2019-01-02T11:12:05.357+0530: 793.261: [DefNew
Desired survivor size 32768 bytes, new threshold 15 (max 15)
- age   1:         24 bytes,         24 total
- age   5:         72 bytes,         96 total
- age  10:         16 bytes,        112 total
: 497K->0K(960K), 0.0003142 secs] 5516K->5498K(10176K), 0.0003678 secs] [Times: user=0.00 sys=0.00, real=0.00 secs] 
2019-01-02T11:12:05.415+0530: 793.320: [GC (Allocation Failure) 2019-01-02T11:12:05.416+0530: 793.320: [DefNew
Desired survivor size 32768 bytes, new threshold 15 (max 15)
- age   1:        248 bytes,        248 total
- age   6:         16 bytes,        264 total
- age  11:         16 bytes,        280 total
: 835K->0K(960K), 0.0005918 secs] 6334K->5571K(10176K), 0.0009105 secs] [Times: user=0.00 sys=0.00, real=0.00 secs] 
2019-01-02T11:12:05.418+0530: 793.322: [GC (Allocation Failure) 2019-01-02T11:12:05.418+0530: 793.323: [DefNew
Desired survivor size 32768 bytes, new threshold 15 (max 15)
- age   1:         40 bytes,         40 total
- age   2:        184 bytes,        224 total
- age   7:         16 bytes,        240 total
- age  12:         16 bytes,        256 total
: 896K->0K(960K), 0.0011466 secs] 6467K->5859K(10176K), 0.0013735 secs] [Times: user=0.00 sys=0.00, real=0.00 secs] 
2019-01-02T11:12:05.421+0530: 793.326: [GC (Allocation Failure) 2019-01-02T11:12:05.422+0530: 793.326: [DefNew
Desired survivor size 32768 bytes, new threshold 15 (max 15)
- age   3:        184 bytes,        184 total
- age   8:         16 bytes,        200 total
- age  13:         16 bytes,        216 total
: 896K->0K(960K), 0.0009294 secs] 6755K->6435K(10176K), 0.0010708 secs] [Times: user=0.00 sys=0.00, real=0.00 secs] 
2019-01-02T11:12:05.424+0530: 793.329: [GC (Allocation Failure) 2019-01-02T11:12:05.424+0530: 793.329: [DefNew
Desired survivor size 32768 bytes, new threshold 15 (max 15)
- age   1:         24 bytes,         24 total
- age   4:        184 bytes,        208 total
- age   9:         16 bytes,        224 total
- age  14:         16 bytes,        240 total
: 889K->0K(960K), 0.0010622 secs] 7324K->6914K(10176K), 0.0012675 secs] [Times: user=0.00 sys=0.00, real=0.00 secs] 
2019-01-02T11:12:05.427+0530: 793.331: [GC (Allocation Failure) 2019-01-02T11:12:05.427+0530: 793.331: [DefNew
Desired survivor size 32768 bytes, new threshold 15 (max 15)
- age   1:         24 bytes,         24 total
- age   5:         72 bytes,         96 total
- age  10:         16 bytes,        112 total
- age  15:         16 bytes,        128 total
: 497K->0K(960K), 0.0003598 secs] 7411K->7394K(10176K), 0.0004550 secs] [Times: user=0.02 sys=0.00, real=0.00 secs] 
2019-01-02T11:12:05.483+0530: 793.387: [GC (Allocation Failure) 2019-01-02T11:12:05.483+0530: 793.387: [DefNew
Desired survivor size 32768 bytes, new threshold 15 (max 15)
- age   1:        248 bytes,        248 total
- age   6:         16 bytes,        264 total
- age  11:         16 bytes,        280 total
: 835K->0K(960K), 0.0008068 secs] 8229K->7466K(10176K), 0.0012675 secs] [Times: user=0.00 sys=0.00, real=0.00 secs] 
2019-01-02T11:12:05.487+0530: 793.391: [GC (Allocation Failure) 2019-01-02T11:12:05.487+0530: 793.391: [DefNew
Desired survivor size 32768 bytes, new threshold 15 (max 15)
- age   1:         40 bytes,         40 total
- age   2:        184 bytes,        224 total
- age   7:         16 bytes,        240 total
- age  12:         16 bytes,        256 total
: 896K->0K(960K), 0.0014927 secs] 8362K->7754K(10176K), 0.0018023 secs] [Times: user=0.00 sys=0.00, real=0.00 secs] 
2019-01-02T11:12:05.490+0530: 793.394: [GC (Allocation Failure) 2019-01-02T11:12:05.490+0530: 793.394: [DefNew
Desired survivor size 32768 bytes, new threshold 15 (max 15)
- age   3:        184 bytes,        184 total
- age   8:         16 bytes,        200 total
- age  13:         16 bytes,        216 total
: 896K->0K(960K), 0.0012036 secs] 8650K->8330K(10176K), 0.0014163 secs] [Times: user=0.00 sys=0.00, real=0.00 secs] 
2019-01-02T11:12:05.494+0530: 793.398: [GC (Allocation Failure) 2019-01-02T11:12:05.494+0530: 793.398: [DefNew
Desired survivor size 32768 bytes, new threshold 15 (max 15)
- age   1:         24 bytes,         24 total
- age   4:        184 bytes,        208 total
- age   9:         16 bytes,        224 total
- age  14:         16 bytes,        240 total
: 889K->0K(960K), 0.0004310 secs] 9219K->8809K(10176K), 0.0005411 secs] [Times: user=0.00 sys=0.00, real=0.00 secs] 
2019-01-02T11:12:05.495+0530: 793.399: [GC (Allocation Failure) 2019-01-02T11:12:05.495+0530: 793.399: [DefNew: 497K->497K(960K), 0.0000291 secs]2019-01-02T11:12:05.495+0530: 793.399: [Tenured: 8809K->1229K(9216K), 0.0038737 secs] 9307K->1229K(10176K), [Metaspace: 2520K->2520K(1056768K)], 0.0040424 secs] [Times: user=0.00 sys=0.00, real=0.00 secs] 
2019-01-02T11:12:05.555+0530: 793.460: [GC (Allocation Failure) 2019-01-02T11:12:05.555+0530: 793.460: [DefNew
Desired survivor size 32768 bytes, new threshold 15 (max 15)
- age   1:        248 bytes,        248 total
: 835K->0K(960K), 0.0015799 secs] 2065K->1781K(10176K), 0.0017897 secs] [Times: user=0.00 sys=0.00, real=0.00 secs] 
2019-01-02T11:12:05.559+0530: 793.463: [GC (Allocation Failure) 2019-01-02T11:12:05.559+0530: 793.464: [DefNew
Desired survivor size 32768 bytes, new threshold 15 (max 15)
- age   1:         40 bytes,         40 total
- age   2:        184 bytes,        224 total
: 896K->0K(960K), 0.0011569 secs] 2677K->2069K(10176K), 0.0013461 secs] [Times: user=0.00 sys=0.00, real=0.00 secs] 
2019-01-02T11:12:05.563+0530: 793.467: [GC (Allocation Failure) 2019-01-02T11:12:05.563+0530: 793.467: [DefNew
Desired survivor size 32768 bytes, new threshold 15 (max 15)
- age   3:        184 bytes,        184 total
: 896K->0K(960K), 0.0011061 secs] 2965K->2645K(10176K), 0.0013467 secs] [Times: user=0.00 sys=0.00, real=0.00 secs] 
2019-01-02T11:12:05.566+0530: 793.470: [GC (Allocation Failure) 2019-01-02T11:12:05.566+0530: 793.470: [DefNew
Desired survivor size 32768 bytes, new threshold 15 (max 15)
- age   1:         24 bytes,         24 total
- age   4:        184 bytes,        208 total
: 889K->0K(960K), 0.0003883 secs] 3534K->3124K(10176K), 0.0004721 secs] [Times: user=0.00 sys=0.00, real=0.00 secs] 
2019-01-02T11:12:05.566+0530: 793.471: [GC (Allocation Failure) 2019-01-02T11:12:05.567+0530: 793.471: [DefNew
Desired survivor size 32768 bytes, new threshold 15 (max 15)
- age   1:         24 bytes,         24 total
- age   5:         72 bytes,         96 total
: 497K->0K(960K), 0.0003820 secs] 3622K->3604K(10176K), 0.0004767 secs] [Times: user=0.00 sys=0.00, real=0.00 secs] 
2019-01-02T11:12:05.621+0530: 793.526: [GC (Allocation Failure) 2019-01-02T11:12:05.622+0530: 793.526: [DefNew
Desired survivor size 32768 bytes, new threshold 15 (max 15)
- age   1:        248 bytes,        248 total
- age   6:         16 bytes,        264 total
: 835K->0K(960K), 0.0005958 secs] 4439K->3676K(10176K), 0.0009391 secs] [Times: user=0.00 sys=0.00, real=0.00 secs] 
2019-01-02T11:12:05.624+0530: 793.528: [GC (Allocation Failure) 2019-01-02T11:12:05.624+0530: 793.528: [DefNew
Desired survivor size 32768 bytes, new threshold 15 (max 15)
- age   1:         40 bytes,         40 total
- age   2:        184 bytes,        224 total
- age   7:         16 bytes,        240 total
: 896K->0K(960K), 0.0008615 secs] 4572K->3964K(10176K), 0.0009750 secs] [Times: user=0.00 sys=0.00, real=0.00 secs] 
2019-01-02T11:12:05.627+0530: 793.531: [GC (Allocation Failure) 2019-01-02T11:12:05.627+0530: 793.531: [DefNew
Desired survivor size 32768 bytes, new threshold 15 (max 15)
- age   3:        184 bytes,        184 total
- age   8:         16 bytes,        200 total
: 896K->0K(960K), 0.0012811 secs] 4860K->4540K(10176K), 0.0014784 secs] [Times: user=0.00 sys=0.00, real=0.00 secs] 
2019-01-02T11:12:05.630+0530: 793.534: [GC (Allocation Failure) 2019-01-02T11:12:05.630+0530: 793.534: [DefNew
Desired survivor size 32768 bytes, new threshold 15 (max 15)
- age   1:         24 bytes,         24 total
- age   4:        184 bytes,        208 total
- age   9:         16 bytes,        224 total
: 889K->0K(960K), 0.0004618 secs] 5429K->5019K(10176K), 0.0005428 secs] [Times: user=0.00 sys=0.00, real=0.00 secs] 
2019-01-02T11:12:05.631+0530: 793.535: [GC (Allocation Failure) 2019-01-02T11:12:05.631+0530: 793.535: [DefNew
Desired survivor size 32768 bytes, new threshold 15 (max 15)
- age   1:         24 bytes,         24 total
- age   5:         72 bytes,         96 total
- age  10:         16 bytes,        112 total
: 497K->0K(960K), 0.0003358 secs] 5517K->5499K(10176K), 0.0003923 secs] [Times: user=0.00 sys=0.00, real=0.00 secs] 
2019-01-02T11:12:05.685+0530: 793.590: [GC (Allocation Failure) 2019-01-02T11:12:05.686+0530: 793.590: [DefNew
Desired survivor size 32768 bytes, new threshold 15 (max 15)
- age   1:        248 bytes,        248 total
- age   6:         16 bytes,        264 total
- age  11:         16 bytes,        280 total
: 835K->0K(960K), 0.0009487 secs] 6335K->5571K(10176K), 0.0014288 secs] [Times: user=0.00 sys=0.00, real=0.00 secs] 
2019-01-02T11:12:05.689+0530: 793.593: [GC (Allocation Failure) 2019-01-02T11:12:05.689+0530: 793.593: [DefNew
Desired survivor size 32768 bytes, new threshold 15 (max 15)
- age   1:         40 bytes,         40 total
- age   2:        184 bytes,        224 total
- age   7:         16 bytes,        240 total
- age  12:         16 bytes,        256 total
: 896K->0K(960K), 0.0005553 secs] 6467K->5859K(10176K), 0.0008022 secs] [Times: user=0.00 sys=0.00, real=0.00 secs] 
2019-01-02T11:12:05.691+0530: 793.595: [GC (Allocation Failure) 2019-01-02T11:12:05.691+0530: 793.595: [DefNew
Desired survivor size 32768 bytes, new threshold 15 (max 15)
- age   3:        184 bytes,        184 total
- age   8:         16 bytes,        200 total
- age  13:         16 bytes,        216 total
: 896K->0K(960K), 0.0008684 secs] 6755K->6435K(10176K), 0.0009972 secs] [Times: user=0.00 sys=0.01, real=0.00 secs] 
2019-01-02T11:12:05.694+0530: 793.598: [GC (Allocation Failure) 2019-01-02T11:12:05.694+0530: 793.598: [DefNew
Desired survivor size 32768 bytes, new threshold 15 (max 15)
- age   1:         24 bytes,         24 total
- age   4:        184 bytes,        208 total
- age   9:         16 bytes,        224 total
- age  14:         16 bytes,        240 total
: 889K->0K(960K), 0.0007617 secs] 7325K->6915K(10176K), 0.0009168 secs] [Times: user=0.00 sys=0.00, real=0.00 secs] 
2019-01-02T11:12:05.696+0530: 793.600: [GC (Allocation Failure) 2019-01-02T11:12:05.696+0530: 793.600: [DefNew
Desired survivor size 32768 bytes, new threshold 15 (max 15)
- age   1:         24 bytes,         24 total
- age   5:         72 bytes,         96 total
- age  10:         16 bytes,        112 total
- age  15:         16 bytes,        128 total
: 497K->0K(960K), 0.0003541 secs] 7412K->7394K(10176K), 0.0004396 secs] [Times: user=0.00 sys=0.00, real=0.00 secs] 
2019-01-02T11:12:05.750+0530: 793.654: [GC (Allocation Failure) 2019-01-02T11:12:05.750+0530: 793.655: [DefNew
Desired survivor size 32768 bytes, new threshold 15 (max 15)
- age   1:        248 bytes,        248 total
- age   6:         16 bytes,        264 total
- age  11:         16 bytes,        280 total
: 835K->0K(960K), 0.0010576 secs] 8230K->7466K(10176K), 0.0013507 secs] [Times: user=0.00 sys=0.00, real=0.00 secs] 
2019-01-02T11:12:05.753+0530: 793.658: [GC (Allocation Failure) 2019-01-02T11:12:05.754+0530: 793.658: [DefNew
Desired survivor size 32768 bytes, new threshold 15 (max 15)
- age   1:         40 bytes,         40 total
- age   2:        184 bytes,        224 total
- age   7:         16 bytes,        240 total
- age  12:         16 bytes,        256 total
: 896K->0K(960K), 0.0012595 secs] 8362K->7754K(10176K), 0.0015252 secs] [Times: user=0.02 sys=0.00, real=0.00 secs] 
2019-01-02T11:12:05.756+0530: 793.661: [GC (Allocation Failure) 2019-01-02T11:12:05.756+0530: 793.661: [DefNew
Desired survivor size 32768 bytes, new threshold 15 (max 15)
- age   3:        184 bytes,        184 total
- age   8:         16 bytes,        200 total
- age  13:         16 bytes,        216 total
: 896K->0K(960K), 0.0008894 secs] 8650K->8330K(10176K), 0.0010782 secs] [Times: user=0.00 sys=0.00, real=0.00 secs] 
2019-01-02T11:12:05.759+0530: 793.663: [GC (Allocation Failure) 2019-01-02T11:12:05.759+0530: 793.663: [DefNew
Desired survivor size 32768 bytes, new threshold 15 (max 15)
- age   1:         24 bytes,         24 total
- age   4:        184 bytes,        208 total
- age   9:         16 bytes,        224 total
- age  14:         16 bytes,        240 total
: 889K->0K(960K), 0.0003472 secs] 9220K->8810K(10176K), 0.0004248 secs] [Times: user=0.00 sys=0.00, real=0.00 secs] 
2019-01-02T11:12:05.760+0530: 793.664: [GC (Allocation Failure) 2019-01-02T11:12:05.760+0530: 793.664: [DefNew: 497K->497K(960K), 0.0000279 secs]2019-01-02T11:12:05.760+0530: 793.664: [Tenured: 8810K->1229K(9216K), 0.0036456 secs] 9307K->1229K(10176K), [Metaspace: 2520K->2520K(1056768K)], 0.0037956 secs] [Times: user=0.00 sys=0.00, real=0.00 secs] 
2019-01-02T11:12:05.815+0530: 793.719: [GC (Allocation Failure) 2019-01-02T11:12:05.815+0530: 793.719: [DefNew
Desired survivor size 32768 bytes, new threshold 15 (max 15)
- age   1:        248 bytes,        248 total
: 835K->0K(960K), 0.0012367 secs] 2065K->1781K(10176K), 0.0014699 secs] [Times: user=0.00 sys=0.00, real=0.00 secs] 
2019-01-02T11:12:05.818+0530: 793.723: [GC (Allocation Failure) 2019-01-02T11:12:05.818+0530: 793.723: [DefNew
Desired survivor size 32768 bytes, new threshold 15 (max 15)
- age   1:         40 bytes,         40 total
- age   2:        184 bytes,        224 total
: 896K->0K(960K), 0.0006773 secs] 2677K->2069K(10176K), 0.0008649 secs] [Times: user=0.00 sys=0.00, real=0.00 secs] 
2019-01-02T11:12:05.821+0530: 793.725: [GC (Allocation Failure) 2019-01-02T11:12:05.821+0530: 793.726: [DefNew
Desired survivor size 32768 bytes, new threshold 15 (max 15)
- age   3:        184 bytes,        184 total
: 896K->0K(960K), 0.0008501 secs] 2965K->2645K(10176K), 0.0010423 secs] [Times: user=0.00 sys=0.00, real=0.00 secs] 
2019-01-02T11:12:05.824+0530: 793.728: [GC (Allocation Failure) 2019-01-02T11:12:05.824+0530: 793.728: [DefNew
Desired survivor size 32768 bytes, new threshold 15 (max 15)
- age   1:         24 bytes,         24 total
- age   4:        184 bytes,        208 total
: 889K->0K(960K), 0.0006186 secs] 3534K->3125K(10176K), 0.0007743 secs] [Times: user=0.00 sys=0.00, real=0.00 secs] 
2019-01-02T11:12:05.825+0530: 793.730: [GC (Allocation Failure) 2019-01-02T11:12:05.825+0530: 793.730: [DefNew
Desired survivor size 32768 bytes, new threshold 15 (max 15)
- age   1:         24 bytes,         24 total
- age   5:         72 bytes,         96 total
: 497K->0K(960K), 0.0003392 secs] 3622K->3604K(10176K), 0.0004253 secs] [Times: user=0.00 sys=0.00, real=0.00 secs] 
2019-01-02T11:12:05.876+0530: 793.780: [GC (Allocation Failure) 2019-01-02T11:12:05.876+0530: 793.780: [DefNew
Desired survivor size 32768 bytes, new threshold 15 (max 15)
- age   1:        248 bytes,        248 total
- age   6:         16 bytes,        264 total
: 835K->0K(960K), 0.0007942 secs] 4440K->3676K(10176K), 0.0009328 secs] [Times: user=0.00 sys=0.00, real=0.00 secs] 
2019-01-02T11:12:05.879+0530: 793.783: [GC (Allocation Failure) 2019-01-02T11:12:05.879+0530: 793.783: [DefNew
Desired survivor size 32768 bytes, new threshold 15 (max 15)
- age   1:         40 bytes,         40 total
- age   2:        184 bytes,        224 total
- age   7:         16 bytes,        240 total
: 896K->0K(960K), 0.0009168 secs] 4572K->3964K(10176K), 0.0011945 secs] [Times: user=0.02 sys=0.00, real=0.00 secs] 
2019-01-02T11:12:05.882+0530: 793.786: [GC (Allocation Failure) 2019-01-02T11:12:05.882+0530: 793.786: [DefNew
Desired survivor size 32768 bytes, new threshold 15 (max 15)
- age   3:        184 bytes,        184 total
- age   8:         16 bytes,        200 total
: 896K->0K(960K), 0.0008980 secs] 4860K->4540K(10176K), 0.0010930 secs] [Times: user=0.00 sys=0.00, real=0.00 secs] 
2019-01-02T11:12:05.884+0530: 793.788: [GC (Allocation Failure) 2019-01-02T11:12:05.884+0530: 793.788: [DefNew
Desired survivor size 32768 bytes, new threshold 15 (max 15)
- age   1:         24 bytes,         24 total
- age   4:        184 bytes,        208 total
- age   9:         16 bytes,        224 total
: 889K->0K(960K), 0.0003387 secs] 5430K->5020K(10176K), 0.0004219 secs] [Times: user=0.00 sys=0.00, real=0.00 secs] 
2019-01-02T11:12:05.885+0530: 793.789: [GC (Allocation Failure) 2019-01-02T11:12:05.885+0530: 793.789: [DefNew
Desired survivor size 32768 bytes, new threshold 15 (max 15)
- age   1:         24 bytes,         24 total
- age   5:         72 bytes,         96 total
- age  10:         16 bytes,        112 total
: 497K->0K(960K), 0.0003153 secs] 5517K->5500K(10176K), 0.0003854 secs] [Times: user=0.00 sys=0.00, real=0.00 secs] 
2019-01-02T11:12:05.942+0530: 793.847: [GC (Allocation Failure) 2019-01-02T11:12:05.943+0530: 793.847: [DefNew
Desired survivor size 32768 bytes, new threshold 15 (max 15)
- age   1:        248 bytes,        248 total
- age   6:         16 bytes,        264 total
- age  11:         16 bytes,        280 total
: 835K->0K(960K), 0.0009105 secs] 6335K->5572K(10176K), 0.0012395 secs] [Times: user=0.00 sys=0.00, real=0.00 secs] 
2019-01-02T11:12:05.945+0530: 793.850: [GC (Allocation Failure) 2019-01-02T11:12:05.946+0530: 793.850: [DefNew
Desired survivor size 32768 bytes, new threshold 15 (max 15)
- age   1:         40 bytes,         40 total
- age   2:        184 bytes,        224 total
- age   7:         16 bytes,        240 total
- age  12:         16 bytes,        256 total
: 896K->0K(960K), 0.0006945 secs] 6468K->5860K(10176K), 0.0008649 secs] [Times: user=0.00 sys=0.00, real=0.00 secs] 
2019-01-02T11:12:05.948+0530: 793.852: [GC (Allocation Failure) 2019-01-02T11:12:05.948+0530: 793.852: [DefNew
Desired survivor size 32768 bytes, new threshold 15 (max 15)
- age   3:        184 bytes,        184 total
- age   8:         16 bytes,        200 total
- age  13:         16 bytes,        216 total
: 896K->0K(960K), 0.0011694 secs] 6756K->6436K(10176K), 0.0013034 secs] [Times: user=0.00 sys=0.00, real=0.00 secs] 
2019-01-02T11:12:05.950+0530: 793.855: [GC (Allocation Failure) 2019-01-02T11:12:05.951+0530: 793.855: [DefNew
Desired survivor size 32768 bytes, new threshold 15 (max 15)
- age   1:         24 bytes,         24 total
- age   4:        184 bytes,        208 total
- age   9:         16 bytes,        224 total
- age  14:         16 bytes,        240 total
: 889K->0K(960K), 0.0003501 secs] 7325K->6915K(10176K), 0.0004419 secs] [Times: user=0.00 sys=0.00, real=0.00 secs] 
2019-01-02T11:12:05.951+0530: 793.856: [GC (Allocation Failure) 2019-01-02T11:12:05.951+0530: 793.856: [DefNew
Desired survivor size 32768 bytes, new threshold 15 (max 15)
- age   1:         24 bytes,         24 total
- age   5:         72 bytes,         96 total
- age  10:         16 bytes,        112 total
- age  15:         16 bytes,        128 total
: 497K->0K(960K), 0.0003193 secs] 7413K->7395K(10176K), 0.0003906 secs] [Times: user=0.00 sys=0.00, real=0.00 secs] 
2019-01-02T11:12:06.007+0530: 793.912: [GC (Allocation Failure) 2019-01-02T11:12:06.007+0530: 793.912: [DefNew
Desired survivor size 32768 bytes, new threshold 15 (max 15)
- age   1:        248 bytes,        248 total
- age   6:         16 bytes,        264 total
- age  11:         16 bytes,        280 total
: 836K->0K(960K), 0.0006910 secs] 8231K->7467K(10176K), 0.0008832 secs] [Times: user=0.00 sys=0.00, real=0.00 secs] 
2019-01-02T11:12:06.010+0530: 793.914: [GC (Allocation Failure) 2019-01-02T11:12:06.010+0530: 793.914: [DefNew
Desired survivor size 32768 bytes, new threshold 15 (max 15)
- age   1:         40 bytes,         40 total
- age   2:        184 bytes,        224 total
- age   7:         16 bytes,        240 total
- age  12:         16 bytes,        256 total
: 896K->0K(960K), 0.0012965 secs] 8363K->7755K(10176K), 0.0014944 secs] [Times: user=0.00 sys=0.00, real=0.00 secs] 
2019-01-02T11:12:06.013+0530: 793.917: [GC (Allocation Failure) 2019-01-02T11:12:06.013+0530: 793.917: [DefNew
Desired survivor size 32768 bytes, new threshold 15 (max 15)
- age   3:        184 bytes,        184 total
- age   8:         16 bytes,        200 total
- age  13:         16 bytes,        216 total
: 896K->0K(960K), 0.0010080 secs] 8651K->8331K(10176K), 0.0011454 secs] [Times: user=0.00 sys=0.00, real=0.00 secs] 
2019-01-02T11:12:06.015+0530: 793.920: [GC (Allocation Failure) 2019-01-02T11:12:06.015+0530: 793.920: [DefNew
Desired survivor size 32768 bytes, new threshold 15 (max 15)
- age   1:         24 bytes,         24 total
- age   4:        184 bytes,        208 total
- age   9:         16 bytes,        224 total
- age  14:         16 bytes,        240 total
: 889K->0K(960K), 0.0003518 secs] 9221K->8811K(10176K), 0.0004362 secs] [Times: user=0.00 sys=0.00, real=0.00 secs] 
2019-01-02T11:12:06.016+0530: 793.920: [GC (Allocation Failure) 2019-01-02T11:12:06.016+0530: 793.920: [DefNew: 497K->497K(960K), 0.0000279 secs]2019-01-02T11:12:06.016+0530: 793.920: [Tenured: 8811K->1229K(9216K), 0.0035926 secs] 9308K->1229K(10176K), [Metaspace: 2520K->2520K(1056768K)], 0.0037420 secs] [Times: user=0.02 sys=0.00, real=0.00 secs] 
2019-01-02T11:12:06.074+0530: 793.979: [GC (Allocation Failure) 2019-01-02T11:12:06.074+0530: 793.979: [DefNew
Desired survivor size 32768 bytes, new threshold 15 (max 15)
- age   1:        248 bytes,        248 total
: 835K->0K(960K), 0.0011038 secs] 2065K->1781K(10176K), 0.0012486 secs] [Times: user=0.00 sys=0.00, real=0.00 secs] 
2019-01-02T11:12:06.077+0530: 793.982: [GC (Allocation Failure) 2019-01-02T11:12:06.077+0530: 793.982: [DefNew
Desired survivor size 32768 bytes, new threshold 15 (max 15)
- age   1:         40 bytes,         40 total
- age   2:        184 bytes,        224 total
: 896K->0K(960K), 0.0010970 secs] 2677K->2069K(10176K), 0.0012931 secs] [Times: user=0.00 sys=0.00, real=0.00 secs] 
2019-01-02T11:12:06.080+0530: 793.985: [GC (Allocation Failure) 2019-01-02T11:12:06.080+0530: 793.985: [DefNew
Desired survivor size 32768 bytes, new threshold 15 (max 15)
- age   3:        184 bytes,        184 total
: 896K->0K(960K), 0.0008917 secs] 2965K->2645K(10176K), 0.0011004 secs] [Times: user=0.00 sys=0.00, real=0.00 secs] 
2019-01-02T11:12:06.083+0530: 793.987: [GC (Allocation Failure) 2019-01-02T11:12:06.083+0530: 793.987: [DefNew
Desired survivor size 32768 bytes, new threshold 15 (max 15)
- age   1:         24 bytes,         24 total
- age   4:        184 bytes,        208 total
: 889K->0K(960K), 0.0003524 secs] 3535K->3125K(10176K), 0.0005838 secs] [Times: user=0.00 sys=0.00, real=0.00 secs] 
2019-01-02T11:12:06.084+0530: 793.988: [GC (Allocation Failure) 2019-01-02T11:12:06.084+0530: 793.988: [DefNew
Desired survivor size 32768 bytes, new threshold 15 (max 15)
- age   1:         24 bytes,         24 total
- age   5:         72 bytes,         96 total
: 497K->0K(960K), 0.0003404 secs] 3622K->3605K(10176K), 0.0004117 secs] [Times: user=0.00 sys=0.00, real=0.00 secs] 
2019-01-02T11:12:06.136+0530: 794.041: [GC (Allocation Failure) 2019-01-02T11:12:06.136+0530: 794.041: [DefNew
Desired survivor size 32768 bytes, new threshold 15 (max 15)
- age   1:        248 bytes,        248 total
- age   6:         16 bytes,        264 total
: 836K->0K(960K), 0.0013769 secs] 4441K->3677K(10176K), 0.0015326 secs] [Times: user=0.00 sys=0.00, real=0.00 secs] 
2019-01-02T11:12:06.140+0530: 794.044: [GC (Allocation Failure) 2019-01-02T11:12:06.140+0530: 794.044: [DefNew
Desired survivor size 32768 bytes, new threshold 15 (max 15)
- age   1:         40 bytes,         40 total
- age   2:        184 bytes,        224 total
- age   7:         16 bytes,        240 total
: 896K->0K(960K), 0.0003883 secs] 4573K->3965K(10176K), 0.0004841 secs] [Times: user=0.00 sys=0.00, real=0.00 secs] 
2019-01-02T11:12:06.141+0530: 794.046: [GC (Allocation Failure) 2019-01-02T11:12:06.141+0530: 794.046: [DefNew
Desired survivor size 32768 bytes, new threshold 15 (max 15)
- age   3:        184 bytes,        184 total
- age   8:         16 bytes,        200 total
: 896K->0K(960K), 0.0007834 secs] 4861K->4541K(10176K), 0.0009573 secs] [Times: user=0.00 sys=0.00, real=0.00 secs] 
2019-01-02T11:12:06.144+0530: 794.049: [GC (Allocation Failure) 2019-01-02T11:12:06.144+0530: 794.049: [DefNew
Desired survivor size 32768 bytes, new threshold 15 (max 15)
- age   1:         24 bytes,         24 total
- age   4:        184 bytes,        208 total
- age   9:         16 bytes,        224 total
: 889K->0K(960K), 0.0006677 secs] 5430K->5020K(10176K), 0.0008712 secs] [Times: user=0.02 sys=0.00, real=0.00 secs] 
2019-01-02T11:12:06.146+0530: 794.051: [GC (Allocation Failure) 2019-01-02T11:12:06.147+0530: 794.051: [DefNew
Desired survivor size 32768 bytes, new threshold 15 (max 15)
- age   1:         24 bytes,         24 total
- age   5:         72 bytes,         96 total
- age  10:         16 bytes,        112 total
: 497K->0K(960K), 0.0003723 secs] 5518K->5500K(10176K), 0.0005017 secs] [Times: user=0.00 sys=0.00, real=0.00 secs] 
2019-01-02T11:12:06.201+0530: 794.106: [GC (Allocation Failure) 2019-01-02T11:12:06.202+0530: 794.106: [DefNew
Desired survivor size 32768 bytes, new threshold 15 (max 15)
- age   1:        248 bytes,        248 total
- age   6:         16 bytes,        264 total
- age  11:         16 bytes,        280 total
: 836K->0K(960K), 0.0006369 secs] 6336K->5572K(10176K), 0.0009807 secs] [Times: user=0.00 sys=0.00, real=0.00 secs] 
2019-01-02T11:12:06.205+0530: 794.109: [GC (Allocation Failure) 2019-01-02T11:12:06.205+0530: 794.109: [DefNew
Desired survivor size 32768 bytes, new threshold 15 (max 15)
- age   1:         40 bytes,         40 total
- age   2:        184 bytes,        224 total
- age   7:         16 bytes,        240 total
- age  12:         16 bytes,        256 total
: 896K->0K(960K), 0.0007612 secs] 6468K->5860K(10176K), 0.0011192 secs] [Times: user=0.00 sys=0.00, real=0.00 secs] 
2019-01-02T11:12:06.208+0530: 794.112: [GC (Allocation Failure) 2019-01-02T11:12:06.208+0530: 794.112: [DefNew
Desired survivor size 32768 bytes, new threshold 15 (max 15)
- age   3:        184 bytes,        184 total
- age   8:         16 bytes,        200 total
- age  13:         16 bytes,        216 total
: 896K->0K(960K), 0.0013456 secs] 6756K->6436K(10176K), 0.0015018 secs] [Times: user=0.00 sys=0.00, real=0.00 secs] 
2019-01-02T11:12:06.211+0530: 794.115: [GC (Allocation Failure) 2019-01-02T11:12:06.211+0530: 794.115: [DefNew
Desired survivor size 32768 bytes, new threshold 15 (max 15)
- age   1:         24 bytes,         24 total
- age   4:        184 bytes,        208 total
- age   9:         16 bytes,        224 total
- age  14:         16 bytes,        240 total
: 889K->0K(960K), 0.0009892 secs] 7326K->6916K(10176K), 0.0011477 secs] [Times: user=0.00 sys=0.00, real=0.00 secs] 
2019-01-02T11:12:06.213+0530: 794.117: [GC (Allocation Failure) 2019-01-02T11:12:06.213+0530: 794.117: [DefNew
Desired survivor size 32768 bytes, new threshold 15 (max 15)
- age   1:         24 bytes,         24 total
- age   5:         72 bytes,         96 total
- age  10:         16 bytes,        112 total
- age  15:         16 bytes,        128 total
: 497K->0K(960K), 0.0003512 secs] 7414K->7396K(10176K), 0.0004270 secs] [Times: user=0.00 sys=0.00, real=0.00 secs] 
2019-01-02T11:12:06.266+0530: 794.171: [GC (Allocation Failure) 2019-01-02T11:12:06.266+0530: 794.171: [DefNew
Desired survivor size 32768 bytes, new threshold 15 (max 15)
- age   1:        248 bytes,        248 total
- age   6:         16 bytes,        264 total
- age  11:         16 bytes,        280 total
: 836K->0K(960K), 0.0008695 secs] 8232K->7468K(10176K), 0.0011956 secs] [Times: user=0.00 sys=0.00, real=0.00 secs] 
2019-01-02T11:12:06.269+0530: 794.174: [GC (Allocation Failure) 2019-01-02T11:12:06.270+0530: 794.174: [DefNew
Desired survivor size 32768 bytes, new threshold 15 (max 15)
- age   1:         40 bytes,         40 total
- age   2:        184 bytes,        224 total
- age   7:         16 bytes,        240 total
- age  12:         16 bytes,        256 total
: 896K->0K(960K), 0.0010565 secs] 8364K->7756K(10176K), 0.0012350 secs] [Times: user=0.00 sys=0.00, real=0.00 secs] 
2019-01-02T11:12:06.272+0530: 794.176: [GC (Allocation Failure) 2019-01-02T11:12:06.272+0530: 794.177: [DefNew
Desired survivor size 32768 bytes, new threshold 15 (max 15)
- age   3:        184 bytes,        184 total
- age   8:         16 bytes,        200 total
- age  13:         16 bytes,        216 total
: 896K->0K(960K), 0.0010502 secs] 8652K->8332K(10176K), 0.0012190 secs] [Times: user=0.00 sys=0.00, real=0.00 secs] 
2019-01-02T11:12:06.275+0530: 794.179: [GC (Allocation Failure) 2019-01-02T11:12:06.275+0530: 794.179: [DefNew
Desired survivor size 32768 bytes, new threshold 15 (max 15)
- age   1:         24 bytes,         24 total
- age   4:        184 bytes,        208 total
- age   9:         16 bytes,        224 total
- age  14:         16 bytes,        240 total
: 889K->0K(960K), 0.0008398 secs] 9222K->8812K(10176K), 0.0009961 secs] [Times: user=0.00 sys=0.00, real=0.00 secs] 
2019-01-02T11:12:06.276+0530: 794.181: [GC (Allocation Failure) 2019-01-02T11:12:06.277+0530: 794.181: [DefNew: 497K->497K(960K), 0.0000673 secs]2019-01-02T11:12:06.277+0530: 794.181: [Tenured: 8812K->1229K(9216K), 0.0038298 secs] 9309K->1229K(10176K), [Metaspace: 2520K->2520K(1056768K)], 0.0040818 secs] [Times: user=0.00 sys=0.00, real=0.00 secs] 
2019-01-02T11:12:06.334+0530: 794.238: [GC (Allocation Failure) 2019-01-02T11:12:06.334+0530: 794.239: [DefNew
Desired survivor size 32768 bytes, new threshold 15 (max 15)
- age   1:        248 bytes,        248 total
: 836K->0K(960K), 0.0009761 secs] 2065K->1781K(10176K), 0.0014505 secs] [Times: user=0.00 sys=0.00, real=0.00 secs] 
2019-01-02T11:12:06.338+0530: 794.242: [GC (Allocation Failure) 2019-01-02T11:12:06.338+0530: 794.242: [DefNew
Desired survivor size 32768 bytes, new threshold 15 (max 15)
- age   1:         40 bytes,         40 total
- age   2:        184 bytes,        224 total
: 896K->0K(960K), 0.0015178 secs] 2677K->2069K(10176K), 0.0017669 secs] [Times: user=0.00 sys=0.00, real=0.00 secs] 
2019-01-02T11:12:06.341+0530: 794.245: [GC (Allocation Failure) 2019-01-02T11:12:06.341+0530: 794.245: [DefNew
Desired survivor size 32768 bytes, new threshold 15 (max 15)
- age   3:        184 bytes,        184 total
: 896K->0K(960K), 0.0007857 secs] 2965K->2645K(10176K), 0.0008718 secs] [Times: user=0.00 sys=0.00, real=0.00 secs] 
2019-01-02T11:12:06.343+0530: 794.248: [GC (Allocation Failure) 2019-01-02T11:12:06.344+0530: 794.248: [DefNew
Desired survivor size 32768 bytes, new threshold 15 (max 15)
- age   1:         24 bytes,         24 total
- age   4:        184 bytes,        208 total
: 889K->0K(960K), 0.0007760 secs] 3535K->3125K(10176K), 0.0009066 secs] [Times: user=0.00 sys=0.00, real=0.00 secs] 
2019-01-02T11:12:06.345+0530: 794.249: [GC (Allocation Failure) 2019-01-02T11:12:06.345+0530: 794.249: [DefNew
Desired survivor size 32768 bytes, new threshold 15 (max 15)
- age   1:         24 bytes,         24 total
- age   5:         72 bytes,         96 total
: 497K->0K(960K), 0.0003301 secs] 3623K->3605K(10176K), 0.0003900 secs] [Times: user=0.00 sys=0.00, real=0.00 secs] 
2019-01-02T11:12:06.401+0530: 794.305: [GC (Allocation Failure) 2019-01-02T11:12:06.401+0530: 794.305: [DefNew
Desired survivor size 32768 bytes, new threshold 15 (max 15)
- age   1:        248 bytes,        248 total
- age   6:         16 bytes,        264 total
: 836K->0K(960K), 0.0011318 secs] 4441K->3677K(10176K), 0.0014414 secs] [Times: user=0.00 sys=0.00, real=0.00 secs] 
2019-01-02T11:12:06.404+0530: 794.308: [GC (Allocation Failure) 2019-01-02T11:12:06.404+0530: 794.308: [DefNew
Desired survivor size 32768 bytes, new threshold 15 (max 15)
- age   1:         40 bytes,         40 total
- age   2:        184 bytes,        224 total
- age   7:         16 bytes,        240 total
: 896K->0K(960K), 0.0010656 secs] 4573K->3965K(10176K), 0.0012435 secs] [Times: user=0.00 sys=0.00, real=0.00 secs] 
2019-01-02T11:12:06.407+0530: 794.312: [GC (Allocation Failure) 2019-01-02T11:12:06.407+0530: 794.312: [DefNew
Desired survivor size 32768 bytes, new threshold 15 (max 15)
- age   3:        184 bytes,        184 total
- age   8:         16 bytes,        200 total
: 896K->0K(960K), 0.0013188 secs] 4861K->4541K(10176K), 0.0015571 secs] [Times: user=0.00 sys=0.00, real=0.00 secs] 
2019-01-02T11:12:06.411+0530: 794.315: [GC (Allocation Failure) 2019-01-02T11:12:06.411+0530: 794.316: [DefNew
Desired survivor size 32768 bytes, new threshold 15 (max 15)
- age   1:         24 bytes,         24 total
- age   4:        184 bytes,        208 total
- age   9:         16 bytes,        224 total
: 889K->0K(960K), 0.0012401 secs] 5431K->5021K(10176K), 0.0014345 secs] [Times: user=0.00 sys=0.00, real=0.00 secs] 
2019-01-02T11:12:06.413+0530: 794.318: [GC (Allocation Failure) 2019-01-02T11:12:06.414+0530: 794.318: [DefNew
Desired survivor size 32768 bytes, new threshold 15 (max 15)
- age   1:         24 bytes,         24 total
- age   5:         72 bytes,         96 total
- age  10:         16 bytes,        112 total
: 497K->0K(960K), 0.0006249 secs] 5519K->5501K(10176K), 0.0007817 secs] [Times: user=0.00 sys=0.00, real=0.00 secs] 
2019-01-02T11:12:06.472+0530: 794.376: [GC (Allocation Failure) 2019-01-02T11:12:06.472+0530: 794.376: [DefNew
Desired survivor size 32768 bytes, new threshold 15 (max 15)
- age   1:        248 bytes,        248 total
- age   6:         16 bytes,        264 total
- age  11:         16 bytes,        280 total
: 836K->0K(960K), 0.0015366 secs] 6337K->5573K(10176K), 0.0017065 secs] [Times: user=0.00 sys=0.00, real=0.00 secs] 
2019-01-02T11:12:06.476+0530: 794.380: [GC (Allocation Failure) 2019-01-02T11:12:06.476+0530: 794.380: [DefNew
Desired survivor size 32768 bytes, new threshold 15 (max 15)
- age   1:         40 bytes,         40 total
- age   2:        184 bytes,        224 total
- age   7:         16 bytes,        240 total
- age  12:         16 bytes,        256 total
: 896K->0K(960K), 0.0006346 secs] 6469K->5861K(10176K), 0.0007435 secs] [Times: user=0.00 sys=0.00, real=0.00 secs] 
2019-01-02T11:12:06.478+0530: 794.382: [GC (Allocation Failure) 2019-01-02T11:12:06.478+0530: 794.382: [DefNew
Desired survivor size 32768 bytes, new threshold 15 (max 15)
- age   3:        184 bytes,        184 total
- age   8:         16 bytes,        200 total
- age  13:         16 bytes,        216 total
: 896K->0K(960K), 0.0008473 secs] 6757K->6437K(10176K), 0.0009830 secs] [Times: user=0.00 sys=0.00, real=0.00 secs] 
2019-01-02T11:12:06.481+0530: 794.385: [GC (Allocation Failure) 2019-01-02T11:12:06.481+0530: 794.385: [DefNew
Desired survivor size 32768 bytes, new threshold 15 (max 15)
- age   1:         24 bytes,         24 total
- age   4:        184 bytes,        208 total
- age   9:         16 bytes,        224 total
- age  14:         16 bytes,        240 total
: 889K->0K(960K), 0.0003598 secs] 7327K->6917K(10176K), 0.0004442 secs] [Times: user=0.00 sys=0.00, real=0.00 secs] 
2019-01-02T11:12:06.481+0530: 794.386: [GC (Allocation Failure) 2019-01-02T11:12:06.482+0530: 794.386: [DefNew
Desired survivor size 32768 bytes, new threshold 15 (max 15)
- age   1:         24 bytes,         24 total
- age   5:         72 bytes,         96 total
- age  10:         16 bytes,        112 total
- age  15:         16 bytes,        128 total
: 497K->0K(960K), 0.0003364 secs] 7414K->7397K(10176K), 0.0004151 secs] [Times: user=0.00 sys=0.00, real=0.00 secs] 
2019-01-02T11:12:06.537+0530: 794.441: [GC (Allocation Failure) 2019-01-02T11:12:06.537+0530: 794.441: [DefNew
Desired survivor size 32768 bytes, new threshold 15 (max 15)
- age   1:        248 bytes,        248 total
- age   6:         16 bytes,        264 total
- age  11:         16 bytes,        280 total
: 836K->0K(960K), 0.0011118 secs] 8233K->7469K(10176K), 0.0014722 secs] [Times: user=0.00 sys=0.00, real=0.00 secs] 
2019-01-02T11:12:06.542+0530: 794.446: [GC (Allocation Failure) 2019-01-02T11:12:06.542+0530: 794.446: [DefNew
Desired survivor size 32768 bytes, new threshold 15 (max 15)
- age   1:         40 bytes,         40 total
- age   2:        184 bytes,        224 total
- age   7:         16 bytes,        240 total
- age  12:         16 bytes,        256 total
: 896K->0K(960K), 0.0003786 secs] 8365K->7757K(10176K), 0.0004875 secs] [Times: user=0.00 sys=0.00, real=0.00 secs] 
2019-01-02T11:12:06.543+0530: 794.448: [GC (Allocation Failure) 2019-01-02T11:12:06.543+0530: 794.448: [DefNew
Desired survivor size 32768 bytes, new threshold 15 (max 15)
- age   3:        184 bytes,        184 total
- age   8:         16 bytes,        200 total
- age  13:         16 bytes,        216 total
: 896K->0K(960K), 0.0008615 secs] 8653K->8333K(10176K), 0.0009681 secs] [Times: user=0.00 sys=0.00, real=0.00 secs] 
2019-01-02T11:12:06.546+0530: 794.450: [GC (Allocation Failure) 2019-01-02T11:12:06.546+0530: 794.450: [DefNew
Desired survivor size 32768 bytes, new threshold 15 (max 15)
- age   1:         24 bytes,         24 total
- age   4:        184 bytes,        208 total
- age   9:         16 bytes,        224 total
- age  14:         16 bytes,        240 total
: 889K->0K(960K), 0.0003449 secs] 9222K->8813K(10176K), 0.0004213 secs] [Times: user=0.00 sys=0.00, real=0.00 secs] 
2019-01-02T11:12:06.546+0530: 794.451: [GC (Allocation Failure) 2019-01-02T11:12:06.546+0530: 794.451: [DefNew: 497K->497K(960K), 0.0000296 secs]2019-01-02T11:12:06.547+0530: 794.451: [Tenured: 8812K->1229K(9216K), 0.0036313 secs] 9310K->1229K(10176K), [Metaspace: 2520K->2520K(1056768K)], 0.0037853 secs] [Times: user=0.02 sys=0.00, real=0.00 secs] 
2019-01-02T11:12:06.604+0530: 794.508: [GC (Allocation Failure) 2019-01-02T11:12:06.604+0530: 794.508: [DefNew
Desired survivor size 32768 bytes, new threshold 15 (max 15)
- age   1:        248 bytes,        248 total
: 836K->0K(960K), 0.0011101 secs] 2066K->1782K(10176K), 0.0017504 secs] [Times: user=0.00 sys=0.00, real=0.00 secs] 
2019-01-02T11:12:06.608+0530: 794.512: [GC (Allocation Failure) 2019-01-02T11:12:06.608+0530: 794.512: [DefNew
Desired survivor size 32768 bytes, new threshold 15 (max 15)
- age   1:         40 bytes,         40 total
- age   2:        184 bytes,        224 total
: 896K->0K(960K), 0.0008125 secs] 2678K->2070K(10176K), 0.0009921 secs] [Times: user=0.00 sys=0.00, real=0.00 secs] 
2019-01-02T11:12:06.610+0530: 794.514: [GC (Allocation Failure) 2019-01-02T11:12:06.610+0530: 794.514: [DefNew
Desired survivor size 32768 bytes, new threshold 15 (max 15)
- age   3:        184 bytes,        184 total
: 896K->0K(960K), 0.0008718 secs] 2966K->2646K(10176K), 0.0010115 secs] [Times: user=0.00 sys=0.00, real=0.00 secs] 
2019-01-02T11:12:06.612+0530: 794.517: [GC (Allocation Failure) 2019-01-02T11:12:06.612+0530: 794.517: [DefNew
Desired survivor size 32768 bytes, new threshold 15 (max 15)
- age   1:         24 bytes,         24 total
- age   4:        184 bytes,        208 total
: 889K->0K(960K), 0.0011033 secs] 3535K->3125K(10176K), 0.0012475 secs] [Times: user=0.01 sys=0.00, real=0.00 secs] 
2019-01-02T11:12:06.614+0530: 794.518: [GC (Allocation Failure) 2019-01-02T11:12:06.614+0530: 794.519: [DefNew
Desired survivor size 32768 bytes, new threshold 15 (max 15)
- age   1:         24 bytes,         24 total
- age   5:         72 bytes,         96 total
: 497K->0K(960K), 0.0010730 secs] 3623K->3605K(10176K), 0.0012829 secs] [Times: user=0.00 sys=0.00, real=0.00 secs] 
2019-01-02T11:12:06.670+0530: 794.575: [GC (Allocation Failure) 2019-01-02T11:12:06.670+0530: 794.575: [DefNew
Desired survivor size 32768 bytes, new threshold 15 (max 15)
- age   1:        248 bytes,        248 total
- age   6:         16 bytes,        264 total
: 836K->0K(960K), 0.0008387 secs] 4442K->3678K(10176K), 0.0011631 secs] [Times: user=0.00 sys=0.00, real=0.00 secs] 
2019-01-02T11:12:06.673+0530: 794.577: [GC (Allocation Failure) 2019-01-02T11:12:06.673+0530: 794.578: [DefNew
Desired survivor size 32768 bytes, new threshold 15 (max 15)
- age   1:         40 bytes,         40 total
- age   2:        184 bytes,        224 total
- age   7:         16 bytes,        240 total
: 896K->0K(960K), 0.0011124 secs] 4574K->3966K(10176K), 0.0013325 secs] [Times: user=0.00 sys=0.00, real=0.00 secs] 
2019-01-02T11:12:06.676+0530: 794.581: [GC (Allocation Failure) 2019-01-02T11:12:06.676+0530: 794.581: [DefNew
Desired survivor size 32768 bytes, new threshold 15 (max 15)
- age   3:        184 bytes,        184 total
- age   8:         16 bytes,        200 total
: 896K->0K(960K), 0.0005200 secs] 4862K->4541K(10176K), 0.0006528 secs] [Times: user=0.00 sys=0.00, real=0.00 secs] 
2019-01-02T11:12:06.679+0530: 794.583: [GC (Allocation Failure) 2019-01-02T11:12:06.679+0530: 794.583: [DefNew
Desired survivor size 32768 bytes, new threshold 15 (max 15)
- age   1:         24 bytes,         24 total
- age   4:        184 bytes,        208 total
- age   9:         16 bytes,        224 total
: 889K->0K(960K), 0.0007190 secs] 5431K->5021K(10176K), 0.0008307 secs] [Times: user=0.00 sys=0.00, real=0.00 secs] 
2019-01-02T11:12:06.680+0530: 794.585: [GC (Allocation Failure) 2019-01-02T11:12:06.681+0530: 794.585: [DefNew
Desired survivor size 32768 bytes, new threshold 15 (max 15)
- age   1:         24 bytes,         24 total
- age   5:         72 bytes,         96 total
- age  10:         16 bytes,        112 total
: 497K->0K(960K), 0.0003729 secs] 5519K->5501K(10176K), 0.0005126 secs] [Times: user=0.00 sys=0.00, real=0.00 secs] 
2019-01-02T11:12:06.734+0530: 794.639: [GC (Allocation Failure) 2019-01-02T11:12:06.734+0530: 794.639: [DefNew
Desired survivor size 32768 bytes, new threshold 15 (max 15)
- age   1:        248 bytes,        248 total
- age   6:         16 bytes,        264 total
- age  11:         16 bytes,        280 total
: 836K->0K(960K), 0.0014784 secs] 6338K->5573K(10176K), 0.0020013 secs] [Times: user=0.00 sys=0.00, real=0.00 secs] 
2019-01-02T11:12:06.738+0530: 794.642: [GC (Allocation Failure) 2019-01-02T11:12:06.738+0530: 794.642: [DefNew
Desired survivor size 32768 bytes, new threshold 15 (max 15)
- age   1:         40 bytes,         40 total
- age   2:        184 bytes,        224 total
- age   7:         16 bytes,        240 total
- age  12:         16 bytes,        256 total
: 896K->0K(960K), 0.0008324 secs] 6469K->5861K(10176K), 0.0009875 secs] [Times: user=0.00 sys=0.00, real=0.00 secs] 
2019-01-02T11:12:06.740+0530: 794.645: [GC (Allocation Failure) 2019-01-02T11:12:06.740+0530: 794.645: [DefNew
Desired survivor size 32768 bytes, new threshold 15 (max 15)
- age   3:        184 bytes,        184 total
- age   8:         16 bytes,        200 total
- age  13:         16 bytes,        216 total
: 896K->0K(960K), 0.0003923 secs] 6757K->6437K(10176K), 0.0004818 secs] [Times: user=0.00 sys=0.00, real=0.00 secs] 
2019-01-02T11:12:06.742+0530: 794.647: [GC (Allocation Failure) 2019-01-02T11:12:06.743+0530: 794.647: [DefNew
Desired survivor size 32768 bytes, new threshold 15 (max 15)
- age   1:         24 bytes,         24 total
- age   4:        184 bytes,        208 total
- age   9:         16 bytes,        224 total
- age  14:         16 bytes,        240 total
: 890K->0K(960K), 0.0005468 secs] 7327K->6917K(10176K), 0.0007019 secs] [Times: user=0.00 sys=0.00, real=0.00 secs] 
2019-01-02T11:12:06.744+0530: 794.648: [GC (Allocation Failure) 2019-01-02T11:12:06.744+0530: 794.648: [DefNew
Desired survivor size 32768 bytes, new threshold 15 (max 15)
- age   1:         24 bytes,         24 total
- age   5:         72 bytes,         96 total
- age  10:         16 bytes,        112 total
- age  15:         16 bytes,        128 total
: 497K->0K(960K), 0.0006808 secs] 7415K->7397K(10176K), 0.0007589 secs] [Times: user=0.00 sys=0.00, real=0.00 secs] 
2019-01-02T11:12:06.797+0530: 794.701: [GC (Allocation Failure) 2019-01-02T11:12:06.797+0530: 794.701: [DefNew
Desired survivor size 32768 bytes, new threshold 15 (max 15)
- age   1:        248 bytes,        248 total
- age   6:         16 bytes,        264 total
- age  11:         16 bytes,        280 total
: 836K->0K(960K), 0.0005513 secs] 8234K->7469K(10176K), 0.0008062 secs] [Times: user=0.00 sys=0.00, real=0.00 secs] 
2019-01-02T11:12:06.799+0530: 794.704: [GC (Allocation Failure) 2019-01-02T11:12:06.800+0530: 794.704: [DefNew
Desired survivor size 32768 bytes, new threshold 15 (max 15)
- age   1:         40 bytes,         40 total
- age   2:        184 bytes,        224 total
- age   7:         16 bytes,        240 total
- age  12:         16 bytes,        256 total
: 896K->0K(960K), 0.0007948 secs] 8365K->7757K(10176K), 0.0011289 secs] [Times: user=0.00 sys=0.01, real=0.00 secs] 
2019-01-02T11:12:06.802+0530: 794.707: [GC (Allocation Failure) 2019-01-02T11:12:06.803+0530: 794.707: [DefNew
Desired survivor size 32768 bytes, new threshold 15 (max 15)
- age   3:        184 bytes,        184 total
- age   8:         16 bytes,        200 total
- age  13:         16 bytes,        216 total
: 896K->0K(960K), 0.0009698 secs] 8653K->8333K(10176K), 0.0012481 secs] [Times: user=0.00 sys=0.00, real=0.00 secs] 
2019-01-02T11:12:06.805+0530: 794.710: [GC (Allocation Failure) 2019-01-02T11:12:06.805+0530: 794.710: [DefNew
Desired survivor size 32768 bytes, new threshold 15 (max 15)
- age   1:         24 bytes,         24 total
- age   4:        184 bytes,        208 total
- age   9:         16 bytes,        224 total
- age  14:         16 bytes,        240 total
: 890K->0K(960K), 0.0004020 secs] 9223K->8813K(10176K), 0.0005183 secs] [Times: user=0.00 sys=0.00, real=0.00 secs] 
2019-01-02T11:12:06.806+0530: 794.711: [GC (Allocation Failure) 2019-01-02T11:12:06.806+0530: 794.711: [DefNew: 497K->497K(960K), 0.0000291 secs]2019-01-02T11:12:06.806+0530: 794.711: [Tenured: 8813K->1230K(9216K), 0.0060927 secs] 9311K->1230K(10176K), [Metaspace: 2520K->2520K(1056768K)], 0.0062803 secs] [Times: user=0.00 sys=0.00, real=0.01 secs] 
2019-01-02T11:12:06.864+0530: 794.768: [GC (Allocation Failure) 2019-01-02T11:12:06.864+0530: 794.768: [DefNew
Desired survivor size 32768 bytes, new threshold 15 (max 15)
- age   1:        248 bytes,        248 total
: 836K->0K(960K), 0.0009077 secs] 2066K->1782K(10176K), 0.0011283 secs] [Times: user=0.00 sys=0.00, real=0.00 secs] 
2019-01-02T11:12:06.867+0530: 794.771: [GC (Allocation Failure) 2019-01-02T11:12:06.867+0530: 794.772: [DefNew
Desired survivor size 32768 bytes, new threshold 15 (max 15)
- age   1:         40 bytes,         40 total
- age   2:        184 bytes,        224 total
: 896K->0K(960K), 0.0005924 secs] 2678K->2070K(10176K), 0.0009955 secs] [Times: user=0.00 sys=0.00, real=0.00 secs] 
2019-01-02T11:12:06.870+0530: 794.774: [GC (Allocation Failure) 2019-01-02T11:12:06.871+0530: 794.774: [DefNew
Desired survivor size 32768 bytes, new threshold 15 (max 15)
- age   3:        184 bytes,        184 total
: 896K->0K(960K), 0.0011705 secs] 2966K->2646K(10176K), 0.0014311 secs] [Times: user=0.00 sys=0.00, real=0.00 secs] 
2019-01-02T11:12:06.874+0530: 794.777: [GC (Allocation Failure) 2019-01-02T11:12:06.874+0530: 794.778: [DefNew
Desired survivor size 32768 bytes, new threshold 15 (max 15)
- age   1:         24 bytes,         24 total
- age   4:        184 bytes,        208 total
: 890K->0K(960K), 0.0003900 secs] 3536K->3126K(10176K), 0.0004801 secs] [Times: user=0.00 sys=0.00, real=0.00 secs] 
2019-01-02T11:12:06.874+0530: 794.778: [GC (Allocation Failure) 2019-01-02T11:12:06.875+0530: 794.778: [DefNew
Desired survivor size 32768 bytes, new threshold 15 (max 15)
- age   1:         24 bytes,         24 total
- age   5:         72 bytes,         96 total
: 497K->0K(960K), 0.0003324 secs] 3624K->3606K(10176K), 0.0004077 secs] [Times: user=0.00 sys=0.00, real=0.00 secs] 
2019-01-02T11:12:06.932+0530: 794.836: [GC (Allocation Failure) 2019-01-02T11:12:06.932+0530: 794.836: [DefNew
Desired survivor size 32768 bytes, new threshold 15 (max 15)
- age   1:        248 bytes,        248 total
- age   6:         16 bytes,        264 total
: 836K->0K(960K), 0.0006768 secs] 4442K->3678K(10176K), 0.0009003 secs] [Times: user=0.00 sys=0.00, real=0.00 secs] 
2019-01-02T11:12:06.935+0530: 794.839: [GC (Allocation Failure) 2019-01-02T11:12:06.935+0530: 794.839: [DefNew
Desired survivor size 32768 bytes, new threshold 15 (max 15)
- age   1:         40 bytes,         40 total
- age   2:        184 bytes,        224 total
- age   7:         16 bytes,        240 total
: 896K->0K(960K), 0.0006585 secs] 4574K->3966K(10176K), 0.0009978 secs] [Times: user=0.00 sys=0.00, real=0.00 secs] 
2019-01-02T11:12:06.938+0530: 794.842: [GC (Allocation Failure) 2019-01-02T11:12:06.938+0530: 794.842: [DefNew
Desired survivor size 32768 bytes, new threshold 15 (max 15)
- age   3:        184 bytes,        184 total
- age   8:         16 bytes,        200 total
: 896K->0K(960K), 0.0010519 secs] 4862K->4542K(10176K), 0.0012321 secs] [Times: user=0.00 sys=0.00, real=0.00 secs] 
2019-01-02T11:12:06.941+0530: 794.845: [GC (Allocation Failure) 2019-01-02T11:12:06.941+0530: 794.845: [DefNew
Desired survivor size 32768 bytes, new threshold 15 (max 15)
- age   1:         24 bytes,         24 total
- age   4:        184 bytes,        208 total
- age   9:         16 bytes,        224 total
: 890K->0K(960K), 0.0010331 secs] 5432K->5022K(10176K), 0.0011876 secs] [Times: user=0.00 sys=0.00, real=0.00 secs] 
2019-01-02T11:12:06.943+0530: 794.846: [GC (Allocation Failure) 2019-01-02T11:12:06.943+0530: 794.847: [DefNew
Desired survivor size 32768 bytes, new threshold 15 (max 15)
- age   1:         24 bytes,         24 total
- age   5:         72 bytes,         96 total
- age  10:         16 bytes,        112 total
: 498K->0K(960K), 0.0003769 secs] 5520K->5502K(10176K), 0.0004641 secs] [Times: user=0.00 sys=0.00, real=0.00 secs] 
2019-01-02T11:12:06.996+0530: 794.900: [GC (Allocation Failure) 2019-01-02T11:12:06.996+0530: 794.900: [DefNew
Desired survivor size 32768 bytes, new threshold 15 (max 15)
- age   1:        248 bytes,        248 total
- age   6:         16 bytes,        264 total
- age  11:         16 bytes,        280 total
: 836K->0K(960K), 0.0005719 secs] 6338K->5574K(10176K), 0.0009048 secs] [Times: user=0.00 sys=0.00, real=0.00 secs] 
2019-01-02T11:12:06.999+0530: 794.903: [GC (Allocation Failure) 2019-01-02T11:12:06.999+0530: 794.903: [DefNew
Desired survivor size 32768 bytes, new threshold 15 (max 15)
- age   1:         40 bytes,         40 total
- age   2:        184 bytes,        224 total
- age   7:         16 bytes,        240 total
- age  12:         16 bytes,        256 total
: 896K->0K(960K), 0.0009202 secs] 6470K->5862K(10176K), 0.0010240 secs] [Times: user=0.00 sys=0.00, real=0.00 secs] 
2019-01-02T11:12:07.002+0530: 794.905: [GC (Allocation Failure) 2019-01-02T11:12:07.002+0530: 794.905: [DefNew
Desired survivor size 32768 bytes, new threshold 15 (max 15)
- age   3:        184 bytes,        184 total
- age   8:         16 bytes,        200 total
- age  13:         16 bytes,        216 total
: 896K->0K(960K), 0.0010206 secs] 6758K->6438K(10176K), 0.0011916 secs] [Times: user=0.00 sys=0.00, real=0.00 secs] 
2019-01-02T11:12:07.004+0530: 794.908: [GC (Allocation Failure) 2019-01-02T11:12:07.004+0530: 794.908: [DefNew
Desired survivor size 32768 bytes, new threshold 15 (max 15)
- age   1:         24 bytes,         24 total
- age   4:        184 bytes,        208 total
- age   9:         16 bytes,        224 total
- age  14:         16 bytes,        240 total
: 890K->0K(960K), 0.0003563 secs] 7328K->6918K(10176K), 0.0004407 secs] [Times: user=0.00 sys=0.00, real=0.00 secs] 
2019-01-02T11:12:07.005+0530: 794.909: [GC (Allocation Failure) 2019-01-02T11:12:07.005+0530: 794.909: [DefNew
Desired survivor size 32768 bytes, new threshold 15 (max 15)
- age   1:         24 bytes,         24 total
- age   5:         72 bytes,         96 total
- age  10:         16 bytes,        112 total
- age  15:         16 bytes,        128 total
: 498K->0K(960K), 0.0003472 secs] 7416K->7398K(10176K), 0.0004208 secs] [Times: user=0.00 sys=0.00, real=0.00 secs] 
2019-01-02T11:12:07.063+0530: 794.967: [GC (Allocation Failure) 2019-01-02T11:12:07.064+0530: 794.967: [DefNew
Desired survivor size 32768 bytes, new threshold 15 (max 15)
- age   1:        248 bytes,        248 total
- age   6:         16 bytes,        264 total
- age  11:         16 bytes,        280 total
: 836K->0K(960K), 0.0005177 secs] 8234K->7470K(10176K), 0.0008746 secs] [Times: user=0.00 sys=0.00, real=0.00 secs] 
2019-01-02T11:12:07.066+0530: 794.970: [GC (Allocation Failure) 2019-01-02T11:12:07.066+0530: 794.970: [DefNew
Desired survivor size 32768 bytes, new threshold 15 (max 15)
- age   1:         40 bytes,         40 total
- age   2:        184 bytes,        224 total
- age   7:         16 bytes,        240 total
- age  12:         16 bytes,        256 total
: 896K->0K(960K), 0.0008923 secs] 8366K->7758K(10176K), 0.0009966 secs] [Times: user=0.00 sys=0.00, real=0.00 secs] 
2019-01-02T11:12:07.068+0530: 794.972: [GC (Allocation Failure) 2019-01-02T11:12:07.069+0530: 794.972: [DefNew
Desired survivor size 32768 bytes, new threshold 15 (max 15)
- age   1:         40 bytes,         40 total
- age   3:        184 bytes,        224 total
- age   8:         16 bytes,        240 total
- age  13:         16 bytes,        256 total
: 896K->0K(960K), 0.0004185 secs] 8654K->8334K(10176K), 0.0005485 secs] [Times: user=0.00 sys=0.00, real=0.00 secs] 
2019-01-02T11:12:07.070+0530: 794.974: [GC (Allocation Failure) 2019-01-02T11:12:07.070+0530: 794.974: [DefNew
Desired survivor size 32768 bytes, new threshold 15 (max 15)
- age   1:         24 bytes,         24 total
- age   4:        184 bytes,        208 total
- age   9:         16 bytes,        224 total
- age  14:         16 bytes,        240 total
: 890K->0K(960K), 0.0003472 secs] 9224K->8814K(10176K), 0.0004185 secs] [Times: user=0.00 sys=0.00, real=0.00 secs] 
2019-01-02T11:12:07.071+0530: 794.975: [GC (Allocation Failure) 2019-01-02T11:12:07.071+0530: 794.975: [DefNew: 498K->498K(960K), 0.0000279 secs]2019-01-02T11:12:07.071+0530: 794.975: [Tenured: 8814K->1230K(9216K), 0.0036496 secs] 9312K->1230K(10176K), [Metaspace: 2520K->2520K(1056768K)], 0.0038087 secs] [Times: user=0.00 sys=0.00, real=0.00 secs] 
2019-01-02T11:12:07.129+0530: 795.033: [GC (Allocation Failure) 2019-01-02T11:12:07.129+0530: 795.033: [DefNew
Desired survivor size 32768 bytes, new threshold 15 (max 15)
- age   1:        248 bytes,        248 total
: 836K->0K(960K), 0.0007657 secs] 2066K->1782K(10176K), 0.0012595 secs] [Times: user=0.00 sys=0.00, real=0.00 secs] 
2019-01-02T11:12:07.132+0530: 795.036: [GC (Allocation Failure) 2019-01-02T11:12:07.132+0530: 795.036: [DefNew
Desired survivor size 32768 bytes, new threshold 15 (max 15)
- age   1:         40 bytes,         40 total
- age   2:        184 bytes,        224 total
: 896K->0K(960K), 0.0008963 secs] 2678K->2070K(10176K), 0.0010605 secs] [Times: user=0.00 sys=0.00, real=0.00 secs] 
2019-01-02T11:12:07.135+0530: 795.039: [GC (Allocation Failure) 2019-01-02T11:12:07.135+0530: 795.039: [DefNew
Desired survivor size 32768 bytes, new threshold 15 (max 15)
- age   1:         40 bytes,         40 total
- age   3:        184 bytes,        224 total
: 896K->0K(960K), 0.0009841 secs] 2966K->2646K(10176K), 0.0011340 secs] [Times: user=0.00 sys=0.00, real=0.00 secs] 
2019-01-02T11:12:07.137+0530: 795.041: [GC (Allocation Failure) 2019-01-02T11:12:07.137+0530: 795.041: [DefNew
Desired survivor size 32768 bytes, new threshold 15 (max 15)
- age   1:         24 bytes,         24 total
- age   4:        184 bytes,        208 total
: 890K->0K(960K), 0.0003472 secs] 3536K->3126K(10176K), 0.0004276 secs] [Times: user=0.00 sys=0.00, real=0.00 secs] 
2019-01-02T11:12:07.138+0530: 795.042: [GC (Allocation Failure) 2019-01-02T11:12:07.138+0530: 795.042: [DefNew
Desired survivor size 32768 bytes, new threshold 15 (max 15)
- age   1:         24 bytes,         24 total
- age   5:         72 bytes,         96 total
: 498K->0K(960K), 0.0003290 secs] 3624K->3606K(10176K), 0.0004054 secs] [Times: user=0.00 sys=0.00, real=0.00 secs] 
2019-01-02T11:12:07.193+0530: 795.097: [GC (Allocation Failure) 2019-01-02T11:12:07.193+0530: 795.097: [DefNew
Desired survivor size 32768 bytes, new threshold 15 (max 15)
- age   1:        248 bytes,        248 total
- age   6:         16 bytes,        264 total
: 836K->0K(960K), 0.0011996 secs] 4443K->3678K(10176K), 0.0016141 secs] [Times: user=0.00 sys=0.00, real=0.00 secs] 
2019-01-02T11:12:07.198+0530: 795.102: [GC (Allocation Failure) 2019-01-02T11:12:07.199+0530: 795.102: [DefNew
Desired survivor size 32768 bytes, new threshold 15 (max 15)
- age   1:         40 bytes,         40 total
- age   2:        184 bytes,        224 total
- age   7:         16 bytes,        240 total
: 896K->0K(960K), 0.0010673 secs] 4574K->3966K(10176K), 0.0012116 secs] [Times: user=0.00 sys=0.00, real=0.00 secs] 
2019-01-02T11:12:07.201+0530: 795.105: [GC (Allocation Failure) 2019-01-02T11:12:07.202+0530: 795.105: [DefNew
Desired survivor size 32768 bytes, new threshold 15 (max 15)
- age   3:        184 bytes,        184 total
- age   8:         16 bytes,        200 total
: 896K->0K(960K), 0.0014391 secs] 4862K->4542K(10176K), 0.0015862 secs] [Times: user=0.00 sys=0.00, real=0.00 secs] 
2019-01-02T11:12:07.204+0530: 795.108: [GC (Allocation Failure) 2019-01-02T11:12:07.204+0530: 795.108: [DefNew
Desired survivor size 32768 bytes, new threshold 15 (max 15)
- age   1:         24 bytes,         24 total
- age   4:        184 bytes,        208 total
- age   9:         16 bytes,        224 total
: 890K->0K(960K), 0.0003495 secs] 5432K->5022K(10176K), 0.0004185 secs] [Times: user=0.00 sys=0.00, real=0.00 secs] 
2019-01-02T11:12:07.205+0530: 795.109: [GC (Allocation Failure) 2019-01-02T11:12:07.205+0530: 795.109: [DefNew
Desired survivor size 32768 bytes, new threshold 15 (max 15)
- age   1:         24 bytes,         24 total
- age   5:         72 bytes,         96 total
- age  10:         16 bytes,        112 total
: 498K->0K(960K), 0.0003290 secs] 5520K->5502K(10176K), 0.0003837 secs] [Times: user=0.00 sys=0.00, real=0.00 secs] 
2019-01-02T11:12:07.258+0530: 795.162: [GC (Allocation Failure) 2019-01-02T11:12:07.258+0530: 795.162: [DefNew
Desired survivor size 32768 bytes, new threshold 15 (max 15)
- age   1:        248 bytes,        248 total
- age   6:         16 bytes,        264 total
- age  11:         16 bytes,        280 total
: 836K->0K(960K), 0.0008678 secs] 6339K->5575K(10176K), 0.0011375 secs] [Times: user=0.00 sys=0.00, real=0.00 secs] 
2019-01-02T11:12:07.262+0530: 795.166: [GC (Allocation Failure) 2019-01-02T11:12:07.262+0530: 795.166: [DefNew
Desired survivor size 32768 bytes, new threshold 15 (max 15)
- age   1:         40 bytes,         40 total
- age   2:        184 bytes,        224 total
- age   7:         16 bytes,        240 total
- age  12:         16 bytes,        256 total
: 896K->0K(960K), 0.0006945 secs] 6471K->5863K(10176K), 0.0009573 secs] [Times: user=0.00 sys=0.00, real=0.00 secs] 
2019-01-02T11:12:07.264+0530: 795.168: [GC (Allocation Failure) 2019-01-02T11:12:07.264+0530: 795.168: [DefNew
Desired survivor size 32768 bytes, new threshold 15 (max 15)
- age   3:        184 bytes,        184 total
- age   8:         16 bytes,        200 total
- age  13:         16 bytes,        216 total
: 896K->0K(960K), 0.0007406 secs] 6759K->6439K(10176K), 0.0008381 secs] [Times: user=0.00 sys=0.00, real=0.00 secs] 
2019-01-02T11:12:07.266+0530: 795.170: [GC (Allocation Failure) 2019-01-02T11:12:07.266+0530: 795.170: [DefNew
Desired survivor size 32768 bytes, new threshold 15 (max 15)
- age   1:         24 bytes,         24 total
- age   4:        184 bytes,        208 total
- age   9:         16 bytes,        224 total
- age  14:         16 bytes,        240 total
: 890K->0K(960K), 0.0010023 secs] 7329K->6919K(10176K), 0.0012065 secs] [Times: user=0.00 sys=0.00, real=0.00 secs] 
2019-01-02T11:12:07.268+0530: 795.172: [GC (Allocation Failure) 2019-01-02T11:12:07.268+0530: 795.172: [DefNew
Desired survivor size 32768 bytes, new threshold 15 (max 15)
- age   1:         24 bytes,         24 total
- age   5:         72 bytes,         96 total
- age  10:         16 bytes,        112 total
- age  15:         16 bytes,        128 total
: 498K->0K(960K), 0.0003689 secs] 7417K->7399K(10176K), 0.0004527 secs] [Times: user=0.00 sys=0.02, real=0.00 secs] 
2019-01-02T11:12:07.320+0530: 795.224: [GC (Allocation Failure) 2019-01-02T11:12:07.320+0530: 795.224: [DefNew
Desired survivor size 32768 bytes, new threshold 15 (max 15)
- age   1:        248 bytes,        248 total
- age   6:         16 bytes,        264 total
- age  11:         16 bytes,        280 total
: 836K->0K(960K), 0.0010753 secs] 8235K->7471K(10176K), 0.0013678 secs] [Times: user=0.00 sys=0.00, real=0.00 secs] 
2019-01-02T11:12:07.323+0530: 795.227: [GC (Allocation Failure) 2019-01-02T11:12:07.323+0530: 795.227: [DefNew
Desired survivor size 32768 bytes, new threshold 15 (max 15)
- age   1:         40 bytes,         40 total
- age   2:        184 bytes,        224 total
- age   7:         16 bytes,        240 total
- age  12:         16 bytes,        256 total
: 896K->0K(960K), 0.0011671 secs] 8367K->7759K(10176K), 0.0013325 secs] [Times: user=0.00 sys=0.00, real=0.00 secs] 
2019-01-02T11:12:07.326+0530: 795.229: [GC (Allocation Failure) 2019-01-02T11:12:07.326+0530: 795.230: [DefNew
Desired survivor size 32768 bytes, new threshold 15 (max 15)
- age   3:        184 bytes,        184 total
- age   8:         16 bytes,        200 total
- age  13:         16 bytes,        216 total
: 896K->0K(960K), 0.0003763 secs] 8655K->8335K(10176K), 0.0004595 secs] [Times: user=0.00 sys=0.00, real=0.00 secs] 
2019-01-02T11:12:07.327+0530: 795.231: [GC (Allocation Failure) 2019-01-02T11:12:07.327+0530: 795.231: [DefNew
Desired survivor size 32768 bytes, new threshold 15 (max 15)
- age   1:         24 bytes,         24 total
- age   4:        184 bytes,        208 total
- age   9:         16 bytes,        224 total
- age  14:         16 bytes,        240 total
: 890K->0K(960K), 0.0003375 secs] 9225K->8815K(10176K), 0.0004139 secs] [Times: user=0.00 sys=0.00, real=0.00 secs] 
2019-01-02T11:12:07.328+0530: 795.232: [GC (Allocation Failure) 2019-01-02T11:12:07.328+0530: 795.232: [DefNew: 498K->498K(960K), 0.0000314 secs]2019-01-02T11:12:07.328+0530: 795.232: [Tenured: 8815K->1230K(9216K), 0.0062421 secs] 9313K->1230K(10176K), [Metaspace: 2520K->2520K(1056768K)], 0.0064103 secs] [Times: user=0.02 sys=0.00, real=0.01 secs] 
2019-01-02T11:12:07.384+0530: 795.288: [GC (Allocation Failure) 2019-01-02T11:12:07.384+0530: 795.288: [DefNew
Desired survivor size 32768 bytes, new threshold 15 (max 15)
- age   1:        248 bytes,        248 total
: 836K->0K(960K), 0.0010582 secs] 2067K->1782K(10176K), 0.0012435 secs] [Times: user=0.00 sys=0.00, real=0.00 secs] 
2019-01-02T11:12:07.387+0530: 795.291: [GC (Allocation Failure) 2019-01-02T11:12:07.387+0530: 795.291: [DefNew
Desired survivor size 32768 bytes, new threshold 15 (max 15)
- age   1:         40 bytes,         40 total
- age   2:        184 bytes,        224 total
: 896K->0K(960K), 0.0010930 secs] 2678K->2070K(10176K), 0.0012680 secs] [Times: user=0.00 sys=0.00, real=0.00 secs] 
2019-01-02T11:12:07.390+0530: 795.294: [GC (Allocation Failure) 2019-01-02T11:12:07.390+0530: 795.294: [DefNew
Desired survivor size 32768 bytes, new threshold 15 (max 15)
- age   3:        184 bytes,        184 total
: 896K->0K(960K), 0.0009368 secs] 2966K->2646K(10176K), 0.0011358 secs] [Times: user=0.00 sys=0.00, real=0.00 secs] 
2019-01-02T11:12:07.393+0530: 795.297: [GC (Allocation Failure) 2019-01-02T11:12:07.393+0530: 795.297: [DefNew
Desired survivor size 32768 bytes, new threshold 15 (max 15)
- age   1:         24 bytes,         24 total
- age   4:        184 bytes,        208 total
: 890K->0K(960K), 0.0003478 secs] 3536K->3126K(10176K), 0.0004253 secs] [Times: user=0.00 sys=0.00, real=0.00 secs] 
2019-01-02T11:12:07.394+0530: 795.298: [GC (Allocation Failure) 2019-01-02T11:12:07.394+0530: 795.298: [DefNew
Desired survivor size 32768 bytes, new threshold 15 (max 15)
- age   1:         24 bytes,         24 total
- age   5:         72 bytes,         96 total
: 498K->0K(960K), 0.0003164 secs] 3624K->3607K(10176K), 0.0003712 secs] [Times: user=0.00 sys=0.00, real=0.00 secs] 
2019-01-02T11:12:07.453+0530: 795.357: [GC (Allocation Failure) 2019-01-02T11:12:07.453+0530: 795.357: [DefNew
Desired survivor size 32768 bytes, new threshold 15 (max 15)
- age   1:        248 bytes,        248 total
- age   6:         16 bytes,        264 total
: 836K->0K(960K), 0.0009339 secs] 4443K->3679K(10176K), 0.0012247 secs] [Times: user=0.00 sys=0.00, real=0.00 secs] 
2019-01-02T11:12:07.456+0530: 795.360: [GC (Allocation Failure) 2019-01-02T11:12:07.457+0530: 795.360: [DefNew
Desired survivor size 32768 bytes, new threshold 15 (max 15)
- age   1:         40 bytes,         40 total
- age   2:        184 bytes,        224 total
- age   7:         16 bytes,        240 total
: 896K->0K(960K), 0.0009413 secs] 4575K->3967K(10176K), 0.0011329 secs] [Times: user=0.00 sys=0.00, real=0.00 secs] 
2019-01-02T11:12:07.459+0530: 795.363: [GC (Allocation Failure) 2019-01-02T11:12:07.459+0530: 795.363: [DefNew
Desired survivor size 32768 bytes, new threshold 15 (max 15)
- age   3:        184 bytes,        184 total
- age   8:         16 bytes,        200 total
: 896K->0K(960K), 0.0009419 secs] 4863K->4543K(10176K), 0.0011244 secs] [Times: user=0.00 sys=0.00, real=0.00 secs] 
2019-01-02T11:12:07.462+0530: 795.366: [GC (Allocation Failure) 2019-01-02T11:12:07.462+0530: 795.366: [DefNew
Desired survivor size 32768 bytes, new threshold 15 (max 15)
- age   1:         24 bytes,         24 total
- age   4:        184 bytes,        208 total
- age   9:         16 bytes,        224 total
: 890K->0K(960K), 0.0003997 secs] 5433K->5023K(10176K), 0.0004909 secs] [Times: user=0.00 sys=0.00, real=0.00 secs] 
2019-01-02T11:12:07.463+0530: 795.367: [GC (Allocation Failure) 2019-01-02T11:12:07.463+0530: 795.367: [DefNew
Desired survivor size 32768 bytes, new threshold 15 (max 15)
- age   1:         24 bytes,         24 total
- age   5:         72 bytes,         96 total
- age  10:         16 bytes,        112 total
: 498K->0K(960K), 0.0003227 secs] 5521K->5503K(10176K), 0.0003809 secs] [Times: user=0.00 sys=0.00, real=0.00 secs] 
2019-01-02T11:12:07.514+0530: 795.418: [GC (Allocation Failure) 2019-01-02T11:12:07.514+0530: 795.418: [DefNew
Desired survivor size 32768 bytes, new threshold 15 (max 15)
- age   1:        248 bytes,        248 total
- age   6:         16 bytes,        264 total
- age  11:         16 bytes,        280 total
: 836K->0K(960K), 0.0013233 secs] 6340K->5575K(10176K), 0.0016580 secs] [Times: user=0.00 sys=0.00, real=0.00 secs] 
2019-01-02T11:12:07.517+0530: 795.421: [GC (Allocation Failure) 2019-01-02T11:12:07.517+0530: 795.421: [DefNew
Desired survivor size 32768 bytes, new threshold 15 (max 15)
- age   1:         40 bytes,         40 total
- age   2:        184 bytes,        224 total
- age   7:         16 bytes,        240 total
- age  12:         16 bytes,        256 total
: 896K->0K(960K), 0.0007349 secs] 6471K->5863K(10176K), 0.0008604 secs] [Times: user=0.02 sys=0.00, real=0.00 secs] 
2019-01-02T11:12:07.519+0530: 795.423: [GC (Allocation Failure) 2019-01-02T11:12:07.520+0530: 795.424: [DefNew
Desired survivor size 32768 bytes, new threshold 15 (max 15)
- age   3:        184 bytes,        184 total
- age   8:         16 bytes,        200 total
- age  13:         16 bytes,        216 total
: 896K->0K(960K), 0.0011283 secs] 6759K->6439K(10176K), 0.0013633 secs] [Times: user=0.00 sys=0.00, real=0.00 secs] 
2019-01-02T11:12:07.523+0530: 795.427: [GC (Allocation Failure) 2019-01-02T11:12:07.523+0530: 795.427: [DefNew
Desired survivor size 32768 bytes, new threshold 15 (max 15)
- age   1:         24 bytes,         24 total
- age   4:        184 bytes,        208 total
- age   9:         16 bytes,        224 total
- age  14:         16 bytes,        240 total
: 890K->0K(960K), 0.0003740 secs] 7329K->6919K(10176K), 0.0004670 secs] [Times: user=0.00 sys=0.00, real=0.00 secs] 
2019-01-02T11:12:07.523+0530: 795.427: [GC (Allocation Failure) 2019-01-02T11:12:07.524+0530: 795.427: [DefNew
Desired survivor size 32768 bytes, new threshold 15 (max 15)
- age   1:         24 bytes,         24 total
- age   5:         72 bytes,         96 total
- age  10:         16 bytes,        112 total
- age  15:         16 bytes,        128 total
: 498K->0K(960K), 0.0003113 secs] 7417K->7400K(10176K), 0.0003860 secs] [Times: user=0.00 sys=0.00, real=0.00 secs] 
2019-01-02T11:12:07.577+0530: 795.481: [GC (Allocation Failure) 2019-01-02T11:12:07.577+0530: 795.481: [DefNew
Desired survivor size 32768 bytes, new threshold 15 (max 15)
- age   1:        248 bytes,        248 total
- age   6:         16 bytes,        264 total
- age  11:         16 bytes,        280 total
: 836K->0K(960K), 0.0010160 secs] 8236K->7472K(10176K), 0.0012578 secs] [Times: user=0.00 sys=0.00, real=0.00 secs] 
2019-01-02T11:12:07.580+0530: 795.484: [GC (Allocation Failure) 2019-01-02T11:12:07.580+0530: 795.484: [DefNew
Desired survivor size 32768 bytes, new threshold 15 (max 15)
- age   1:         40 bytes,         40 total
- age   2:        184 bytes,        224 total
- age   7:         16 bytes,        240 total
- age  12:         16 bytes,        256 total
: 896K->0K(960K), 0.0011426 secs] 8368K->7760K(10176K), 0.0014385 secs] [Times: user=0.00 sys=0.00, real=0.00 secs] 
2019-01-02T11:12:07.583+0530: 795.487: [GC (Allocation Failure) 2019-01-02T11:12:07.583+0530: 795.487: [DefNew
Desired survivor size 32768 bytes, new threshold 15 (max 15)
- age   3:        184 bytes,        184 total
- age   8:         16 bytes,        200 total
- age  13:         16 bytes,        216 total
: 896K->0K(960K), 0.0007920 secs] 8656K->8336K(10176K), 0.0009117 secs] [Times: user=0.00 sys=0.00, real=0.00 secs] 
2019-01-02T11:12:07.585+0530: 795.489: [GC (Allocation Failure) 2019-01-02T11:12:07.585+0530: 795.489: [DefNew
Desired survivor size 32768 bytes, new threshold 15 (max 15)
- age   1:         24 bytes,         24 total
- age   4:        184 bytes,        208 total
- age   9:         16 bytes,        224 total
- age  14:         16 bytes,        240 total
: 890K->0K(960K), 0.0009436 secs] 9226K->8816K(10176K), 0.0010947 secs] [Times: user=0.00 sys=0.00, real=0.00 secs] 
2019-01-02T11:12:07.587+0530: 795.491: [GC (Allocation Failure) 2019-01-02T11:12:07.587+0530: 795.491: [DefNew: 498K->498K(960K), 0.0000285 secs]2019-01-02T11:12:07.587+0530: 795.491: [Tenured: 8816K->1230K(9216K), 0.0037100 secs] 9314K->1230K(10176K), [Metaspace: 2520K->2520K(1056768K)], 0.0038662 secs] [Times: user=0.00 sys=0.00, real=0.00 secs] 
2019-01-02T11:12:07.646+0530: 795.550: [GC (Allocation Failure) 2019-01-02T11:12:07.647+0530: 795.551: [DefNew
Desired survivor size 32768 bytes, new threshold 15 (max 15)
- age   1:        248 bytes,        248 total
: 836K->0K(960K), 0.0012116 secs] 2067K->1783K(10176K), 0.0019870 secs] [Times: user=0.00 sys=0.00, real=0.00 secs] 
2019-01-02T11:12:07.650+0530: 795.554: [GC (Allocation Failure) 2019-01-02T11:12:07.650+0530: 795.554: [DefNew
Desired survivor size 32768 bytes, new threshold 15 (max 15)
- age   1:         40 bytes,         40 total
- age   2:        184 bytes,        224 total
: 896K->0K(960K), 0.0011779 secs] 2679K->2071K(10176K), 0.0013308 secs] [Times: user=0.00 sys=0.00, real=0.00 secs] 
2019-01-02T11:12:07.653+0530: 795.557: [GC (Allocation Failure) 2019-01-02T11:12:07.653+0530: 795.557: [DefNew
Desired survivor size 32768 bytes, new threshold 15 (max 15)
- age   3:        184 bytes,        184 total
: 896K->0K(960K), 0.0013342 secs] 2967K->2646K(10176K), 0.0015349 secs] [Times: user=0.00 sys=0.00, real=0.00 secs] 
2019-01-02T11:12:07.656+0530: 795.560: [GC (Allocation Failure) 2019-01-02T11:12:07.656+0530: 795.560: [DefNew
Desired survivor size 32768 bytes, new threshold 15 (max 15)
- age   1:         24 bytes,         24 total
- age   4:        184 bytes,        208 total
: 890K->0K(960K), 0.0003792 secs] 3537K->3127K(10176K), 0.0004544 secs] [Times: user=0.00 sys=0.00, real=0.00 secs] 
2019-01-02T11:12:07.657+0530: 795.561: [GC (Allocation Failure) 2019-01-02T11:12:07.657+0530: 795.561: [DefNew
Desired survivor size 32768 bytes, new threshold 15 (max 15)
- age   1:         24 bytes,         24 total
- age   5:         72 bytes,         96 total
: 498K->0K(960K), 0.0003096 secs] 3625K->3607K(10176K), 0.0003649 secs] [Times: user=0.00 sys=0.00, real=0.00 secs] 
2019-01-02T11:12:07.709+0530: 795.613: [GC (Allocation Failure) 2019-01-02T11:12:07.709+0530: 795.613: [DefNew
Desired survivor size 32768 bytes, new threshold 15 (max 15)
- age   1:        248 bytes,        248 total
- age   6:         16 bytes,        264 total
: 836K->0K(960K), 0.0006580 secs] 4444K->3679K(10176K), 0.0009584 secs] [Times: user=0.00 sys=0.00, real=0.00 secs] 
2019-01-02T11:12:07.712+0530: 795.616: [GC (Allocation Failure) 2019-01-02T11:12:07.712+0530: 795.616: [DefNew
Desired survivor size 32768 bytes, new threshold 15 (max 15)
- age   1:         40 bytes,         40 total
- age   2:        184 bytes,        224 total
- age   7:         16 bytes,        240 total
: 896K->0K(960K), 0.0006762 secs] 4575K->3967K(10176K), 0.0008558 secs] [Times: user=0.00 sys=0.00, real=0.00 secs] 
2019-01-02T11:12:07.715+0530: 795.619: [GC (Allocation Failure) 2019-01-02T11:12:07.715+0530: 795.619: [DefNew
Desired survivor size 32768 bytes, new threshold 15 (max 15)
- age   3:        184 bytes,        184 total
- age   8:         16 bytes,        200 total
: 896K->0K(960K), 0.0012241 secs] 4863K->4543K(10176K), 0.0014596 secs] [Times: user=0.00 sys=0.00, real=0.00 secs] 
2019-01-02T11:12:07.718+0530: 795.622: [GC (Allocation Failure) 2019-01-02T11:12:07.718+0530: 795.622: [DefNew
Desired survivor size 32768 bytes, new threshold 15 (max 15)
- age   1:         24 bytes,         24 total
- age   4:        184 bytes,        208 total
- age   9:         16 bytes,        224 total
: 890K->0K(960K), 0.0008398 secs] 5433K->5023K(10176K), 0.0009716 secs] [Times: user=0.00 sys=0.00, real=0.00 secs] 
2019-01-02T11:12:07.719+0530: 795.623: [GC (Allocation Failure) 2019-01-02T11:12:07.719+0530: 795.623: [DefNew
Desired survivor size 32768 bytes, new threshold 15 (max 15)
- age   1:         24 bytes,         24 total
- age   5:         72 bytes,         96 total
- age  10:         16 bytes,        112 total
: 498K->0K(960K), 0.0008284 secs] 5521K->5504K(10176K), 0.0009493 secs] [Times: user=0.00 sys=0.00, real=0.00 secs] 
2019-01-02T11:12:07.771+0530: 795.675: [GC (Allocation Failure) 2019-01-02T11:12:07.772+0530: 795.676: [DefNew
Desired survivor size 32768 bytes, new threshold 15 (max 15)
- age   1:        248 bytes,        248 total
- age   6:         16 bytes,        264 total
- age  11:         16 bytes,        280 total
: 836K->0K(960K), 0.0010879 secs] 6340K->5576K(10176K), 0.0014089 secs] [Times: user=0.00 sys=0.00, real=0.00 secs] 
2019-01-02T11:12:07.775+0530: 795.679: [GC (Allocation Failure) 2019-01-02T11:12:07.775+0530: 795.679: [DefNew
Desired survivor size 32768 bytes, new threshold 15 (max 15)
- age   1:         40 bytes,         40 total
- age   2:        184 bytes,        224 total
- age   7:         16 bytes,        240 total
- age  12:         16 bytes,        256 total
: 896K->0K(960K), 0.0011306 secs] 6472K->5864K(10176K), 0.0012891 secs] [Times: user=0.00 sys=0.00, real=0.00 secs] 
2019-01-02T11:12:07.777+0530: 795.681: [GC (Allocation Failure) 2019-01-02T11:12:07.778+0530: 795.682: [DefNew
Desired survivor size 32768 bytes, new threshold 15 (max 15)
- age   3:        184 bytes,        184 total
- age   8:         16 bytes,        200 total
- age  13:         16 bytes,        216 total
: 896K->0K(960K), 0.0005228 secs] 6760K->6440K(10176K), 0.0006722 secs] [Times: user=0.00 sys=0.00, real=0.00 secs] 
2019-01-02T11:12:07.779+0530: 795.683: [GC (Allocation Failure) 2019-01-02T11:12:07.779+0530: 795.683: [DefNew
Desired survivor size 32768 bytes, new threshold 15 (max 15)
- age   1:         24 bytes,         24 total
- age   4:        184 bytes,        208 total
- age   9:         16 bytes,        224 total
- age  14:         16 bytes,        240 total
: 890K->0K(960K), 0.0003484 secs] 7330K->6920K(10176K), 0.0004259 secs] [Times: user=0.00 sys=0.00, real=0.00 secs] 
2019-01-02T11:12:07.780+0530: 795.684: [GC (Allocation Failure) 2019-01-02T11:12:07.780+0530: 795.684: [DefNew
Desired survivor size 32768 bytes, new threshold 15 (max 15)
- age   1:         24 bytes,         24 total
- age   5:         72 bytes,         96 total
- age  10:         16 bytes,        112 total
- age  15:         16 bytes,        128 total
: 498K->0K(960K), 0.0003410 secs] 7418K->7400K(10176K), 0.0004276 secs] [Times: user=0.00 sys=0.00, real=0.00 secs] 
2019-01-02T11:12:07.834+0530: 795.738: [GC (Allocation Failure) 2019-01-02T11:12:07.834+0530: 795.738: [DefNew
Desired survivor size 32768 bytes, new threshold 15 (max 15)
- age   1:        248 bytes,        248 total
- age   6:         16 bytes,        264 total
- age  11:         16 bytes,        280 total
: 837K->0K(960K), 0.0005639 secs] 8237K->7472K(10176K), 0.0006950 secs] [Times: user=0.00 sys=0.00, real=0.00 secs] 
2019-01-02T11:12:07.837+0530: 795.741: [GC (Allocation Failure) 2019-01-02T11:12:07.837+0530: 795.741: [DefNew
Desired survivor size 32768 bytes, new threshold 15 (max 15)
- age   1:         40 bytes,         40 total
- age   2:        184 bytes,        224 total
- age   7:         16 bytes,        240 total
- age  12:         16 bytes,        256 total
: 896K->0K(960K), 0.0009157 secs] 8368K->7760K(10176K), 0.0010440 secs] [Times: user=0.00 sys=0.00, real=0.00 secs] 
2019-01-02T11:12:07.839+0530: 795.743: [GC (Allocation Failure) 2019-01-02T11:12:07.839+0530: 795.743: [DefNew
Desired survivor size 32768 bytes, new threshold 15 (max 15)
- age   3:        184 bytes,        184 total
- age   8:         16 bytes,        200 total
- age  13:         16 bytes,        216 total
: 896K->0K(960K), 0.0012589 secs] 8656K->8336K(10176K), 0.0014448 secs] [Times: user=0.00 sys=0.00, real=0.00 secs] 
2019-01-02T11:12:07.842+0530: 795.746: [GC (Allocation Failure) 2019-01-02T11:12:07.842+0530: 795.746: [DefNew
Desired survivor size 32768 bytes, new threshold 15 (max 15)
- age   1:         24 bytes,         24 total
- age   4:        184 bytes,        208 total
- age   9:         16 bytes,        224 total
- age  14:         16 bytes,        240 total
: 890K->0K(960K), 0.0003518 secs] 9227K->8817K(10176K), 0.0004345 secs] [Times: user=0.00 sys=0.00, real=0.00 secs] 
2019-01-02T11:12:07.843+0530: 795.747: [GC (Allocation Failure) 2019-01-02T11:12:07.843+0530: 795.747: [DefNew: 498K->498K(960K), 0.0000348 secs]2019-01-02T11:12:07.843+0530: 795.747: [Tenured: 8816K->1230K(9216K), 0.0036325 secs] 9315K->1230K(10176K), [Metaspace: 2520K->2520K(1056768K)], 0.0037944 secs] [Times: user=0.01 sys=0.00, real=0.00 secs] 
2019-01-02T11:12:07.900+0530: 795.804: [GC (Allocation Failure) 2019-01-02T11:12:07.900+0530: 795.804: [DefNew
Desired survivor size 32768 bytes, new threshold 15 (max 15)
- age   1:        248 bytes,        248 total
: 836K->0K(960K), 0.0015942 secs] 2067K->1783K(10176K), 0.0021940 secs] [Times: user=0.00 sys=0.00, real=0.00 secs] 
2019-01-02T11:12:07.904+0530: 795.808: [GC (Allocation Failure) 2019-01-02T11:12:07.904+0530: 795.808: [DefNew
Desired survivor size 32768 bytes, new threshold 15 (max 15)
- age   1:         40 bytes,         40 total
- age   2:        184 bytes,        224 total
: 896K->0K(960K), 0.0007458 secs] 2679K->2071K(10176K), 0.0008803 secs] [Times: user=0.00 sys=0.00, real=0.00 secs] 
2019-01-02T11:12:07.906+0530: 795.810: [GC (Allocation Failure) 2019-01-02T11:12:07.907+0530: 795.811: [DefNew
Desired survivor size 32768 bytes, new threshold 15 (max 15)
- age   3:        184 bytes,        184 total
: 896K->0K(960K), 0.0010964 secs] 2967K->2647K(10176K), 0.0012583 secs] [Times: user=0.02 sys=0.00, real=0.00 secs] 
2019-01-02T11:12:07.910+0530: 795.814: [GC (Allocation Failure) 2019-01-02T11:12:07.910+0530: 795.814: [DefNew
Desired survivor size 32768 bytes, new threshold 15 (max 15)
- age   1:         24 bytes,         24 total
- age   4:        184 bytes,        208 total
: 890K->0K(960K), 0.0003558 secs] 3537K->3127K(10176K), 0.0004396 secs] [Times: user=0.00 sys=0.00, real=0.00 secs] 
2019-01-02T11:12:07.910+0530: 795.814: [GC (Allocation Failure) 2019-01-02T11:12:07.910+0530: 795.814: [DefNew
Desired survivor size 32768 bytes, new threshold 15 (max 15)
- age   1:         24 bytes,         24 total
- age   5:         72 bytes,         96 total
: 498K->0K(960K), 0.0003358 secs] 3625K->3607K(10176K), 0.0004099 secs] [Times: user=0.00 sys=0.00, real=0.00 secs] 
2019-01-02T11:12:07.970+0530: 795.874: [GC (Allocation Failure) 2019-01-02T11:12:07.971+0530: 795.875: [DefNew
Desired survivor size 32768 bytes, new threshold 15 (max 15)
- age   1:        248 bytes,        248 total
- age   6:         16 bytes,        264 total
: 837K->0K(960K), 0.0004379 secs] 4444K->3680K(10176K), 0.0006540 secs] [Times: user=0.00 sys=0.00, real=0.00 secs] 
2019-01-02T11:12:07.973+0530: 795.877: [GC (Allocation Failure) 2019-01-02T11:12:07.973+0530: 795.877: [DefNew
Desired survivor size 32768 bytes, new threshold 15 (max 15)
- age   1:         40 bytes,         40 total
- age   2:        184 bytes,        224 total
- age   7:         16 bytes,        240 total
: 896K->0K(960K), 0.0006158 secs] 4576K->3968K(10176K), 0.0008552 secs] [Times: user=0.00 sys=0.00, real=0.00 secs] 
2019-01-02T11:12:07.975+0530: 795.879: [GC (Allocation Failure) 2019-01-02T11:12:07.975+0530: 795.879: [DefNew
Desired survivor size 32768 bytes, new threshold 15 (max 15)
- age   3:        184 bytes,        184 total
- age   8:         16 bytes,        200 total
: 896K->0K(960K), 0.0009698 secs] 4864K->4543K(10176K), 0.0010919 secs] [Times: user=0.00 sys=0.00, real=0.00 secs] 
2019-01-02T11:12:07.978+0530: 795.882: [GC (Allocation Failure) 2019-01-02T11:12:07.978+0530: 795.882: [DefNew
Desired survivor size 32768 bytes, new threshold 15 (max 15)
- age   1:         24 bytes,         24 total
- age   4:        184 bytes,        208 total
- age   9:         16 bytes,        224 total
: 890K->0K(960K), 0.0006397 secs] 5434K->5024K(10176K), 0.0008393 secs] [Times: user=0.00 sys=0.00, real=0.00 secs] 
2019-01-02T11:12:07.979+0530: 795.883: [GC (Allocation Failure) 2019-01-02T11:12:07.979+0530: 795.883: [DefNew
Desired survivor size 32768 bytes, new threshold 15 (max 15)
- age   1:         24 bytes,         24 total
- age   5:         72 bytes,         96 total
- age  10:         16 bytes,        112 total
: 498K->0K(960K), 0.0003227 secs] 5522K->5504K(10176K), 0.0003946 secs] [Times: user=0.00 sys=0.00, real=0.00 secs] 
2019-01-02T11:12:08.035+0530: 795.939: [GC (Allocation Failure) 2019-01-02T11:12:08.035+0530: 795.939: [DefNew
Desired survivor size 32768 bytes, new threshold 15 (max 15)
- age   1:        248 bytes,        248 total
- age   6:         16 bytes,        264 total
- age  11:         16 bytes,        280 total
: 837K->0K(960K), 0.0005029 secs] 6341K->5576K(10176K), 0.0008113 secs] [Times: user=0.00 sys=0.00, real=0.00 secs] 
2019-01-02T11:12:08.037+0530: 795.941: [GC (Allocation Failure) 2019-01-02T11:12:08.037+0530: 795.941: [DefNew
Desired survivor size 32768 bytes, new threshold 15 (max 15)
- age   2:        184 bytes,        184 total
- age   7:         16 bytes,        200 total
- age  12:         16 bytes,        216 total
: 896K->0K(960K), 0.0008798 secs] 6472K->5864K(10176K), 0.0009824 secs] [Times: user=0.00 sys=0.00, real=0.00 secs] 
2019-01-02T11:12:08.040+0530: 795.944: [GC (Allocation Failure) 2019-01-02T11:12:08.040+0530: 795.944: [DefNew
Desired survivor size 32768 bytes, new threshold 15 (max 15)
- age   3:        184 bytes,        184 total
- age   8:         16 bytes,        200 total
- age  13:         16 bytes,        216 total
: 896K->0K(960K), 0.0005080 secs] 6760K->6440K(10176K), 0.0006625 secs] [Times: user=0.00 sys=0.00, real=0.00 secs] 
2019-01-02T11:12:08.041+0530: 795.945: [GC (Allocation Failure) 2019-01-02T11:12:08.042+0530: 795.946: [DefNew
Desired survivor size 32768 bytes, new threshold 15 (max 15)
- age   1:         24 bytes,         24 total
- age   4:        184 bytes,        208 total
- age   9:         16 bytes,        224 total
- age  14:         16 bytes,        240 total
: 890K->0K(960K), 0.0003444 secs] 7331K->6921K(10176K), 0.0004248 secs] [Times: user=0.00 sys=0.00, real=0.00 secs] 
2019-01-02T11:12:08.042+0530: 795.946: [GC (Allocation Failure) 2019-01-02T11:12:08.042+0530: 795.946: [DefNew
Desired survivor size 32768 bytes, new threshold 15 (max 15)
- age   1:         24 bytes,         24 total
- age   5:         72 bytes,         96 total
- age  10:         16 bytes,        112 total
- age  15:         16 bytes,        128 total
: 498K->0K(960K), 0.0003472 secs] 7419K->7401K(10176K), 0.0004208 secs] [Times: user=0.00 sys=0.00, real=0.00 secs] 
2019-01-02T11:12:08.098+0530: 796.002: [GC (Allocation Failure) 2019-01-02T11:12:08.098+0530: 796.002: [DefNew
Desired survivor size 32768 bytes, new threshold 15 (max 15)
- age   1:        248 bytes,        248 total
- age   6:         16 bytes,        264 total
- age  11:         16 bytes,        280 total
: 837K->0K(960K), 0.0004801 secs] 8238K->7473K(10176K), 0.0008473 secs] [Times: user=0.00 sys=0.00, real=0.00 secs] 
2019-01-02T11:12:08.101+0530: 796.005: [GC (Allocation Failure) 2019-01-02T11:12:08.101+0530: 796.005: [DefNew
Desired survivor size 32768 bytes, new threshold 15 (max 15)
- age   1:         40 bytes,         40 total
- age   2:        184 bytes,        224 total
- age   7:         16 bytes,        240 total
- age  12:         16 bytes,        256 total
: 896K->0K(960K), 0.0004470 secs] 8369K->7761K(10176K), 0.0006785 secs] [Times: user=0.00 sys=0.00, real=0.00 secs] 
2019-01-02T11:12:08.103+0530: 796.007: [GC (Allocation Failure) 2019-01-02T11:12:08.103+0530: 796.007: [DefNew
Desired survivor size 32768 bytes, new threshold 15 (max 15)
- age   3:        184 bytes,        184 total
- age   8:         16 bytes,        200 total
- age  13:         16 bytes,        216 total
: 896K->0K(960K), 0.0008438 secs] 8657K->8337K(10176K), 0.0009339 secs] [Times: user=0.00 sys=0.00, real=0.00 secs] 
2019-01-02T11:12:08.106+0530: 796.010: [GC (Allocation Failure) 2019-01-02T11:12:08.106+0530: 796.010: [DefNew
Desired survivor size 32768 bytes, new threshold 15 (max 15)
- age   1:         24 bytes,         24 total
- age   4:        184 bytes,        208 total
- age   9:         16 bytes,        224 total
- age  14:         16 bytes,        240 total
: 890K->0K(960K), 0.0007925 secs] 9228K->8818K(10176K), 0.0009465 secs] [Times: user=0.00 sys=0.00, real=0.00 secs] 
2019-01-02T11:12:08.107+0530: 796.011: [GC (Allocation Failure) 2019-01-02T11:12:08.107+0530: 796.011: [DefNew: 498K->498K(960K), 0.0000302 secs]2019-01-02T11:12:08.107+0530: 796.011: [Tenured: 8817K->1230K(9216K), 0.0039050 secs] 9316K->1230K(10176K), [Metaspace: 2520K->2520K(1056768K)], 0.0040664 secs] [Times: user=0.02 sys=0.00, real=0.00 secs] 
2019-01-02T11:12:08.169+0530: 796.073: [GC (Allocation Failure) 2019-01-02T11:12:08.169+0530: 796.073: [DefNew
Desired survivor size 32768 bytes, new threshold 15 (max 15)
- age   1:        248 bytes,        248 total
: 836K->0K(960K), 0.0017481 secs] 2067K->1783K(10176K), 0.0022288 secs] [Times: user=0.00 sys=0.00, real=0.00 secs] 
2019-01-02T11:12:08.173+0530: 796.077: [GC (Allocation Failure) 2019-01-02T11:12:08.173+0530: 796.077: [DefNew
Desired survivor size 32768 bytes, new threshold 15 (max 15)
- age   2:        184 bytes,        184 total
: 896K->0K(960K), 0.0007349 secs] 2679K->2071K(10176K), 0.0008393 secs] [Times: user=0.00 sys=0.00, real=0.00 secs] 
2019-01-02T11:12:08.175+0530: 796.079: [GC (Allocation Failure) 2019-01-02T11:12:08.175+0530: 796.079: [DefNew
Desired survivor size 32768 bytes, new threshold 15 (max 15)
- age   3:        184 bytes,        184 total
: 896K->0K(960K), 0.0010822 secs] 2967K->2647K(10176K), 0.0012219 secs] [Times: user=0.00 sys=0.00, real=0.00 secs] 
2019-01-02T11:12:08.177+0530: 796.081: [GC (Allocation Failure) 2019-01-02T11:12:08.177+0530: 796.081: [DefNew
Desired survivor size 32768 bytes, new threshold 15 (max 15)
- age   1:         24 bytes,         24 total
- age   4:        184 bytes,        208 total
: 890K->0K(960K), 0.0003381 secs] 3537K->3127K(10176K), 0.0003963 secs] [Times: user=0.00 sys=0.00, real=0.00 secs] 
2019-01-02T11:12:08.178+0530: 796.082: [GC (Allocation Failure) 2019-01-02T11:12:08.178+0530: 796.082: [DefNew
Desired survivor size 32768 bytes, new threshold 15 (max 15)
- age   1:         24 bytes,         24 total
- age   5:         72 bytes,         96 total
: 498K->0K(960K), 0.0003096 secs] 3626K->3608K(10176K), 0.0003621 secs] [Times: user=0.00 sys=0.00, real=0.00 secs] 
2019-01-02T11:12:08.231+0530: 796.135: [GC (Allocation Failure) 2019-01-02T11:12:08.231+0530: 796.135: [DefNew
Desired survivor size 32768 bytes, new threshold 15 (max 15)
- age   1:        248 bytes,        248 total
- age   6:         16 bytes,        264 total
: 837K->0K(960K), 0.0012697 secs] 4445K->3680K(10176K), 0.0014915 secs] [Times: user=0.00 sys=0.00, real=0.00 secs] 
2019-01-02T11:12:08.234+0530: 796.138: [GC (Allocation Failure) 2019-01-02T11:12:08.235+0530: 796.139: [DefNew
Desired survivor size 32768 bytes, new threshold 15 (max 15)
- age   2:        184 bytes,        184 total
- age   7:         16 bytes,        200 total
: 896K->0K(960K), 0.0010098 secs] 4576K->3968K(10176K), 0.0012589 secs] [Times: user=0.02 sys=0.00, real=0.00 secs] 
2019-01-02T11:12:08.237+0530: 796.141: [GC (Allocation Failure) 2019-01-02T11:12:08.237+0530: 796.141: [DefNew
Desired survivor size 32768 bytes, new threshold 15 (max 15)
- age   3:        184 bytes,        184 total
- age   8:         16 bytes,        200 total
: 896K->0K(960K), 0.0009926 secs] 4864K->4544K(10176K), 0.0011728 secs] [Times: user=0.00 sys=0.00, real=0.00 secs] 
2019-01-02T11:12:08.240+0530: 796.144: [GC (Allocation Failure) 2019-01-02T11:12:08.240+0530: 796.144: [DefNew
Desired survivor size 32768 bytes, new threshold 15 (max 15)
- age   1:         24 bytes,         24 total
- age   4:        184 bytes,        208 total
- age   9:         16 bytes,        224 total
: 890K->0K(960K), 0.0009083 secs] 5434K->5024K(10176K), 0.0010126 secs] [Times: user=0.00 sys=0.00, real=0.00 secs] 
2019-01-02T11:12:08.241+0530: 796.145: [GC (Allocation Failure) 2019-01-02T11:12:08.241+0530: 796.145: [DefNew
Desired survivor size 32768 bytes, new threshold 15 (max 15)
- age   1:         24 bytes,         24 total
- age   5:         72 bytes,         96 total
- age  10:         16 bytes,        112 total
: 498K->0K(960K), 0.0003261 secs] 5523K->5505K(10176K), 0.0003871 secs] [Times: user=0.00 sys=0.00, real=0.00 secs] 
2019-01-02T11:12:08.296+0530: 796.200: [GC (Allocation Failure) 2019-01-02T11:12:08.296+0530: 796.200: [DefNew
Desired survivor size 32768 bytes, new threshold 15 (max 15)
- age   1:        248 bytes,        248 total
- age   6:         16 bytes,        264 total
- age  11:         16 bytes,        280 total
: 837K->0K(960K), 0.0009071 secs] 6342K->5577K(10176K), 0.0011757 secs] [Times: user=0.00 sys=0.00, real=0.00 secs] 
2019-01-02T11:12:08.299+0530: 796.203: [GC (Allocation Failure) 2019-01-02T11:12:08.299+0530: 796.203: [DefNew
Desired survivor size 32768 bytes, new threshold 15 (max 15)
- age   2:        184 bytes,        184 total
- age   7:         16 bytes,        200 total
- age  12:         16 bytes,        216 total
: 896K->0K(960K), 0.0003358 secs] 6473K->5865K(10176K), 0.0004293 secs] [Times: user=0.00 sys=0.00, real=0.00 secs] 
2019-01-02T11:12:08.301+0530: 796.205: [GC (Allocation Failure) 2019-01-02T11:12:08.301+0530: 796.205: [DefNew
Desired survivor size 32768 bytes, new threshold 15 (max 15)
- age   3:        184 bytes,        184 total
- age   8:         16 bytes,        200 total
- age  13:         16 bytes,        216 total
: 896K->0K(960K), 0.0011973 secs] 6761K->6441K(10176K), 0.0013724 secs] [Times: user=0.00 sys=0.00, real=0.00 secs] 
2019-01-02T11:12:08.303+0530: 796.207: [GC (Allocation Failure) 2019-01-02T11:12:08.304+0530: 796.208: [DefNew
Desired survivor size 32768 bytes, new threshold 15 (max 15)
- age   1:         24 bytes,         24 total
- age   4:        184 bytes,        208 total
- age   9:         16 bytes,        224 total
- age  14:         16 bytes,        240 total
: 890K->0K(960K), 0.0008347 secs] 7331K->6921K(10176K), 0.0009807 secs] [Times: user=0.00 sys=0.00, real=0.00 secs] 
2019-01-02T11:12:08.305+0530: 796.209: [GC (Allocation Failure) 2019-01-02T11:12:08.305+0530: 796.209: [DefNew
Desired survivor size 32768 bytes, new threshold 15 (max 15)
- age   1:         24 bytes,         24 total
- age   5:         72 bytes,         96 total
- age  10:         16 bytes,        112 total
- age  15:         16 bytes,        128 total
: 498K->0K(960K), 0.0008963 secs] 7420K->7402K(10176K), 0.0010012 secs] [Times: user=0.00 sys=0.00, real=0.00 secs] 
2019-01-02T11:12:08.356+0530: 796.260: [GC (Allocation Failure) 2019-01-02T11:12:08.356+0530: 796.260: [DefNew
Desired survivor size 32768 bytes, new threshold 15 (max 15)
- age   1:        248 bytes,        248 total
- age   6:         16 bytes,        264 total
- age  11:         16 bytes,        280 total
: 837K->0K(960K), 0.0009185 secs] 8239K->7474K(10176K), 0.0012133 secs] [Times: user=0.00 sys=0.00, real=0.00 secs] 
2019-01-02T11:12:08.359+0530: 796.263: [GC (Allocation Failure) 2019-01-02T11:12:08.359+0530: 796.263: [DefNew
Desired survivor size 32768 bytes, new threshold 15 (max 15)
- age   2:        184 bytes,        184 total
- age   7:         16 bytes,        200 total
- age  12:         16 bytes,        216 total
: 896K->0K(960K), 0.0009311 secs] 8370K->7762K(10176K), 0.0011454 secs] [Times: user=0.02 sys=0.00, real=0.00 secs] 
2019-01-02T11:12:08.362+0530: 796.266: [GC (Allocation Failure) 2019-01-02T11:12:08.362+0530: 796.266: [DefNew
Desired survivor size 32768 bytes, new threshold 15 (max 15)
- age   3:        184 bytes,        184 total
- age   8:         16 bytes,        200 total
- age  13:         16 bytes,        216 total
: 896K->0K(960K), 0.0010753 secs] 8658K->8338K(10176K), 0.0012481 secs] [Times: user=0.00 sys=0.00, real=0.00 secs] 
2019-01-02T11:12:08.365+0530: 796.269: [GC (Allocation Failure) 2019-01-02T11:12:08.365+0530: 796.269: [DefNew
Desired survivor size 32768 bytes, new threshold 15 (max 15)
- age   1:         24 bytes,         24 total
- age   4:        184 bytes,        208 total
- age   9:         16 bytes,        224 total
- age  14:         16 bytes,        240 total
: 890K->0K(960K), 0.0004567 secs] 9228K->8818K(10176K), 0.0006009 secs] [Times: user=0.00 sys=0.00, real=0.00 secs] 
2019-01-02T11:12:08.366+0530: 796.270: [GC (Allocation Failure) 2019-01-02T11:12:08.366+0530: 796.270: [DefNew: 498K->498K(960K), 0.0000291 secs]2019-01-02T11:12:08.366+0530: 796.270: [Tenured: 8818K->1230K(9216K), 0.0054216 secs] 9317K->1230K(10176K), [Metaspace: 2520K->2520K(1056768K)], 0.0056144 secs] [Times: user=0.00 sys=0.00, real=0.01 secs] 
2019-01-02T11:12:08.428+0530: 796.332: [GC (Allocation Failure) 2019-01-02T11:12:08.428+0530: 796.332: [DefNew
Desired survivor size 32768 bytes, new threshold 15 (max 15)
- age   1:        248 bytes,        248 total
: 837K->0K(960K), 0.0009978 secs] 2068K->1783K(10176K), 0.0012766 secs] [Times: user=0.00 sys=0.00, real=0.00 secs] 
2019-01-02T11:12:08.431+0530: 796.335: [GC (Allocation Failure) 2019-01-02T11:12:08.431+0530: 796.335: [DefNew
Desired survivor size 32768 bytes, new threshold 15 (max 15)
- age   2:        184 bytes,        184 total
: 896K->0K(960K), 0.0009841 secs] 2679K->2071K(10176K), 0.0012008 secs] [Times: user=0.00 sys=0.00, real=0.00 secs] 
2019-01-02T11:12:08.434+0530: 796.338: [GC (Allocation Failure) 2019-01-02T11:12:08.435+0530: 796.339: [DefNew
Desired survivor size 32768 bytes, new threshold 15 (max 15)
- age   3:        184 bytes,        184 total
: 896K->0K(960K), 0.0012458 secs] 2967K->2647K(10176K), 0.0019403 secs] [Times: user=0.00 sys=0.00, real=0.00 secs] 
2019-01-02T11:12:08.438+0530: 796.342: [GC (Allocation Failure) 2019-01-02T11:12:08.438+0530: 796.342: [DefNew
Desired survivor size 32768 bytes, new threshold 15 (max 15)
- age   1:         24 bytes,         24 total
- age   4:        184 bytes,        208 total
: 890K->0K(960K), 0.0008376 secs] 3538K->3128K(10176K), 0.0009887 secs] [Times: user=0.00 sys=0.00, real=0.00 secs] 
2019-01-02T11:12:08.440+0530: 796.344: [GC (Allocation Failure) 2019-01-02T11:12:08.440+0530: 796.344: [DefNew
Desired survivor size 32768 bytes, new threshold 15 (max 15)
- age   1:         24 bytes,         24 total
- age   5:         72 bytes,         96 total
: 498K->0K(960K), 0.0008564 secs] 3626K->3608K(10176K), 0.0010006 secs] [Times: user=0.00 sys=0.00, real=0.00 secs] 
2019-01-02T11:12:08.493+0530: 796.397: [GC (Allocation Failure) 2019-01-02T11:12:08.493+0530: 796.397: [DefNew
Desired survivor size 32768 bytes, new threshold 15 (max 15)
- age   1:        248 bytes,        248 total
- age   6:         16 bytes,        264 total
: 837K->0K(960K), 0.0006369 secs] 4445K->3680K(10176K), 0.0008906 secs] [Times: user=0.00 sys=0.00, real=0.00 secs] 
2019-01-02T11:12:08.495+0530: 796.399: [GC (Allocation Failure) 2019-01-02T11:12:08.495+0530: 796.399: [DefNew
Desired survivor size 32768 bytes, new threshold 15 (max 15)
- age   2:        184 bytes,        184 total
- age   7:         16 bytes,        200 total
: 896K->0K(960K), 0.0010388 secs] 4576K->3968K(10176K), 0.0012880 secs] [Times: user=0.00 sys=0.00, real=0.00 secs] 
2019-01-02T11:12:08.498+0530: 796.402: [GC (Allocation Failure) 2019-01-02T11:12:08.498+0530: 796.402: [DefNew
Desired survivor size 32768 bytes, new threshold 15 (max 15)
- age   3:        184 bytes,        184 total
- age   8:         16 bytes,        200 total
: 896K->0K(960K), 0.0006443 secs] 4864K->4544K(10176K), 0.0008136 secs] [Times: user=0.00 sys=0.00, real=0.00 secs] 
2019-01-02T11:12:08.500+0530: 796.405: [GC (Allocation Failure) 2019-01-02T11:12:08.501+0530: 796.405: [DefNew
Desired survivor size 32768 bytes, new threshold 15 (max 15)
- age   1:         24 bytes,         24 total
- age   4:        184 bytes,        208 total
- age   9:         16 bytes,        224 total
: 890K->0K(960K), 0.0003660 secs] 5435K->5025K(10176K), 0.0004578 secs] [Times: user=0.00 sys=0.00, real=0.00 secs] 
2019-01-02T11:12:08.501+0530: 796.405: [GC (Allocation Failure) 2019-01-02T11:12:08.501+0530: 796.405: [DefNew
Desired survivor size 32768 bytes, new threshold 15 (max 15)
- age   1:         24 bytes,         24 total
- age   5:         72 bytes,         96 total
- age  10:         16 bytes,        112 total
: 498K->0K(960K), 0.0012754 secs] 5523K->5505K(10176K), 0.0014271 secs] [Times: user=0.00 sys=0.00, real=0.00 secs] 
2019-01-02T11:12:08.554+0530: 796.458: [GC (Allocation Failure) 2019-01-02T11:12:08.554+0530: 796.458: [DefNew
Desired survivor size 32768 bytes, new threshold 15 (max 15)
- age   1:        248 bytes,        248 total
- age   6:         16 bytes,        264 total
- age  11:         16 bytes,        280 total
: 837K->0K(960K), 0.0008359 secs] 6342K->5577K(10176K), 0.0012840 secs] [Times: user=0.00 sys=0.00, real=0.00 secs] 
2019-01-02T11:12:08.557+0530: 796.461: [GC (Allocation Failure) 2019-01-02T11:12:08.557+0530: 796.461: [DefNew
Desired survivor size 32768 bytes, new threshold 15 (max 15)
- age   2:        184 bytes,        184 total
- age   7:         16 bytes,        200 total
- age  12:         16 bytes,        216 total
: 896K->0K(960K), 0.0008387 secs] 6473K->5865K(10176K), 0.0009590 secs] [Times: user=0.00 sys=0.00, real=0.00 secs] 
2019-01-02T11:12:08.559+0530: 796.464: [GC (Allocation Failure) 2019-01-02T11:12:08.560+0530: 796.464: [DefNew
Desired survivor size 32768 bytes, new threshold 15 (max 15)
- age   3:        184 bytes,        184 total
- age   8:         16 bytes,        200 total
- age  13:         16 bytes,        216 total
: 896K->0K(960K), 0.0013097 secs] 6761K->6441K(10176K), 0.0014818 secs] [Times: user=0.00 sys=0.00, real=0.00 secs] 
2019-01-02T11:12:08.563+0530: 796.467: [GC (Allocation Failure) 2019-01-02T11:12:08.563+0530: 796.467: [DefNew
Desired survivor size 32768 bytes, new threshold 15 (max 15)
- age   1:         24 bytes,         24 total
- age   4:        184 bytes,        208 total
- age   9:         16 bytes,        224 total
- age  14:         16 bytes,        240 total
: 890K->0K(960K), 0.0003871 secs] 7332K->6922K(10176K), 0.0004795 secs] [Times: user=0.00 sys=0.00, real=0.00 secs] 
2019-01-02T11:12:08.564+0530: 796.468: [GC (Allocation Failure) 2019-01-02T11:12:08.564+0530: 796.468: [DefNew
Desired survivor size 32768 bytes, new threshold 15 (max 15)
- age   1:         24 bytes,         24 total
- age   5:         72 bytes,         96 total
- age  10:         16 bytes,        112 total
- age  15:         16 bytes,        128 total
: 498K->0K(960K), 0.0003506 secs] 7420K->7402K(10176K), 0.0004253 secs] [Times: user=0.00 sys=0.00, real=0.00 secs] 
2019-01-02T11:12:08.621+0530: 796.525: [GC (Allocation Failure) 2019-01-02T11:12:08.621+0530: 796.525: [DefNew
Desired survivor size 32768 bytes, new threshold 15 (max 15)
- age   1:        248 bytes,        248 total
- age   6:         16 bytes,        264 total
- age  11:         16 bytes,        280 total
: 837K->0K(960K), 0.0015554 secs] 8240K->7475K(10176K), 0.0018194 secs] [Times: user=0.00 sys=0.00, real=0.00 secs] 
2019-01-02T11:12:08.624+0530: 796.529: [GC (Allocation Failure) 2019-01-02T11:12:08.625+0530: 796.529: [DefNew
Desired survivor size 32768 bytes, new threshold 15 (max 15)
- age   2:        184 bytes,        184 total
- age   7:         16 bytes,        200 total
- age  12:         16 bytes,        216 total
: 896K->0K(960K), 0.0006124 secs] 8371K->7763K(10176K), 0.0008524 secs] [Times: user=0.02 sys=0.00, real=0.00 secs] 
2019-01-02T11:12:08.627+0530: 796.531: [GC (Allocation Failure) 2019-01-02T11:12:08.627+0530: 796.531: [DefNew
Desired survivor size 32768 bytes, new threshold 15 (max 15)
- age   3:        184 bytes,        184 total
- age   8:         16 bytes,        200 total
- age  13:         16 bytes,        216 total
: 896K->0K(960K), 0.0012372 secs] 8659K->8339K(10176K), 0.0013815 secs] [Times: user=0.00 sys=0.00, real=0.00 secs] 
2019-01-02T11:12:08.629+0530: 796.534: [GC (Allocation Failure) 2019-01-02T11:12:08.630+0530: 796.534: [DefNew
Desired survivor size 32768 bytes, new threshold 15 (max 15)
- age   1:         24 bytes,         24 total
- age   4:        184 bytes,        208 total
- age   9:         16 bytes,        224 total
- age  14:         16 bytes,        240 total
: 890K->0K(960K), 0.0003626 secs] 9229K->8819K(10176K), 0.0004396 secs] [Times: user=0.00 sys=0.00, real=0.00 secs] 
2019-01-02T11:12:08.630+0530: 796.534: [GC (Allocation Failure) 2019-01-02T11:12:08.630+0530: 796.534: [DefNew: 498K->498K(960K), 0.0000331 secs]2019-01-02T11:12:08.630+0530: 796.534: [Tenured: 8819K->1231K(9216K), 0.0056822 secs] 9318K->1231K(10176K), [Metaspace: 2520K->2520K(1056768K)], 0.0060043 secs] [Times: user=0.00 sys=0.00, real=0.01 secs] 
2019-01-02T11:12:08.690+0530: 796.594: [GC (Allocation Failure) 2019-01-02T11:12:08.690+0530: 796.594: [DefNew
Desired survivor size 32768 bytes, new threshold 15 (max 15)
- age   1:        248 bytes,        248 total
: 837K->0K(960K), 0.0009784 secs] 2068K->1783K(10176K), 0.0012418 secs] [Times: user=0.00 sys=0.00, real=0.00 secs] 
2019-01-02T11:12:08.693+0530: 796.597: [GC (Allocation Failure) 2019-01-02T11:12:08.693+0530: 796.597: [DefNew
Desired survivor size 32768 bytes, new threshold 15 (max 15)
- age   2:        184 bytes,        184 total
: 896K->0K(960K), 0.0007577 secs] 2679K->2071K(10176K), 0.0009544 secs] [Times: user=0.00 sys=0.00, real=0.00 secs] 
2019-01-02T11:12:08.696+0530: 796.600: [GC (Allocation Failure) 2019-01-02T11:12:08.696+0530: 796.600: [DefNew
Desired survivor size 32768 bytes, new threshold 15 (max 15)
- age   3:        184 bytes,        184 total
: 896K->0K(960K), 0.0009413 secs] 2967K->2647K(10176K), 0.0010919 secs] [Times: user=0.00 sys=0.00, real=0.00 secs] 
2019-01-02T11:12:08.699+0530: 796.603: [GC (Allocation Failure) 2019-01-02T11:12:08.699+0530: 796.603: [DefNew
Desired survivor size 32768 bytes, new threshold 15 (max 15)
- age   1:         24 bytes,         24 total
- age   4:        184 bytes,        208 total
: 890K->0K(960K), 0.0005388 secs] 3538K->3128K(10176K), 0.0006614 secs] [Times: user=0.00 sys=0.00, real=0.00 secs] 
2019-01-02T11:12:08.700+0530: 796.604: [GC (Allocation Failure) 2019-01-02T11:12:08.700+0530: 796.604: [DefNew
Desired survivor size 32768 bytes, new threshold 15 (max 15)
- age   1:         24 bytes,         24 total
- age   5:         72 bytes,         96 total
: 498K->0K(960K), 0.0003193 secs] 3626K->3609K(10176K), 0.0003980 secs] [Times: user=0.00 sys=0.00, real=0.00 secs] 
2019-01-02T11:12:08.755+0530: 796.659: [GC (Allocation Failure) 2019-01-02T11:12:08.756+0530: 796.660: [DefNew
Desired survivor size 32768 bytes, new threshold 15 (max 15)
- age   1:        248 bytes,        248 total
- age   6:         16 bytes,        264 total
: 837K->0K(960K), 0.0007098 secs] 4446K->3681K(10176K), 0.0011249 secs] [Times: user=0.00 sys=0.00, real=0.00 secs] 
2019-01-02T11:12:08.758+0530: 796.662: [GC (Allocation Failure) 2019-01-02T11:12:08.758+0530: 796.662: [DefNew
Desired survivor size 32768 bytes, new threshold 15 (max 15)
- age   2:        184 bytes,        184 total
- age   7:         16 bytes,        200 total
: 896K->0K(960K), 0.0007230 secs] 4577K->3969K(10176K), 0.0008912 secs] [Times: user=0.00 sys=0.00, real=0.00 secs] 
2019-01-02T11:12:08.760+0530: 796.664: [GC (Allocation Failure) 2019-01-02T11:12:08.760+0530: 796.664: [DefNew
Desired survivor size 32768 bytes, new threshold 15 (max 15)
- age   3:        184 bytes,        184 total
- age   8:         16 bytes,        200 total
: 896K->0K(960K), 0.0014334 secs] 4865K->4545K(10176K), 0.0015731 secs] [Times: user=0.00 sys=0.00, real=0.00 secs] 
2019-01-02T11:12:08.764+0530: 796.668: [GC (Allocation Failure) 2019-01-02T11:12:08.764+0530: 796.668: [DefNew
Desired survivor size 32768 bytes, new threshold 15 (max 15)
- age   1:         24 bytes,         24 total
- age   4:        184 bytes,        208 total
- age   9:         16 bytes,        224 total
: 890K->0K(960K), 0.0003871 secs] 5435K->5025K(10176K), 0.0004801 secs] [Times: user=0.00 sys=0.00, real=0.00 secs] 
2019-01-02T11:12:08.765+0530: 796.669: [GC (Allocation Failure) 2019-01-02T11:12:08.765+0530: 796.669: [DefNew
Desired survivor size 32768 bytes, new threshold 15 (max 15)
- age   1:         24 bytes,         24 total
- age   5:         72 bytes,         96 total
- age  10:         16 bytes,        112 total
: 498K->0K(960K), 0.0003313 secs] 5524K->5506K(10176K), 0.0003951 secs] [Times: user=0.00 sys=0.00, real=0.00 secs] 
2019-01-02T11:12:08.818+0530: 796.722: [GC (Allocation Failure) 2019-01-02T11:12:08.818+0530: 796.722: [DefNew
Desired survivor size 32768 bytes, new threshold 15 (max 15)
- age   1:        248 bytes,        248 total
- age   6:         16 bytes,        264 total
- age  11:         16 bytes,        280 total
: 837K->0K(960K), 0.0007161 secs] 6343K->5578K(10176K), 0.0010514 secs] [Times: user=0.00 sys=0.00, real=0.00 secs] 
2019-01-02T11:12:08.821+0530: 796.726: [GC (Allocation Failure) 2019-01-02T11:12:08.822+0530: 796.726: [DefNew
Desired survivor size 32768 bytes, new threshold 15 (max 15)
- age   2:        184 bytes,        184 total
- age   7:         16 bytes,        200 total
- age  12:         16 bytes,        216 total
: 896K->0K(960K), 0.0015856 secs] 6474K->5866K(10176K), 0.0017607 secs] [Times: user=0.00 sys=0.00, real=0.00 secs] 
2019-01-02T11:12:08.826+0530: 796.730: [GC (Allocation Failure) 2019-01-02T11:12:08.826+0530: 796.730: [DefNew
Desired survivor size 32768 bytes, new threshold 15 (max 15)
- age   3:        184 bytes,        184 total
- age   8:         16 bytes,        200 total
- age  13:         16 bytes,        216 total
: 896K->0K(960K), 0.0011380 secs] 6762K->6442K(10176K), 0.0013216 secs] [Times: user=0.00 sys=0.00, real=0.00 secs] 
2019-01-02T11:12:08.829+0530: 796.733: [GC (Allocation Failure) 2019-01-02T11:12:08.829+0530: 796.733: [DefNew
Desired survivor size 32768 bytes, new threshold 15 (max 15)
- age   1:         24 bytes,         24 total
- age   4:        184 bytes,        208 total
- age   9:         16 bytes,        224 total
- age  14:         16 bytes,        240 total
: 890K->0K(960K), 0.0004595 secs] 7333K->6923K(10176K), 0.0005485 secs] [Times: user=0.00 sys=0.00, real=0.00 secs] 
2019-01-02T11:12:08.830+0530: 796.734: [GC (Allocation Failure) 2019-01-02T11:12:08.830+0530: 796.734: [DefNew
Desired survivor size 32768 bytes, new threshold 15 (max 15)
- age   1:         24 bytes,         24 total
- age   5:         72 bytes,         96 total
- age  10:         16 bytes,        112 total
- age  15:         16 bytes,        128 total
: 498K->0K(960K), 0.0006443 secs] 7421K->7403K(10176K), 0.0007309 secs] [Times: user=0.00 sys=0.00, real=0.00 secs] 
2019-01-02T11:12:08.883+0530: 796.788: [GC (Allocation Failure) 2019-01-02T11:12:08.884+0530: 796.788: [DefNew
Desired survivor size 32768 bytes, new threshold 15 (max 15)
- age   1:        248 bytes,        248 total
- age   6:         16 bytes,        264 total
- age  11:         16 bytes,        280 total
: 837K->0K(960K), 0.0010662 secs] 8241K->7475K(10176K), 0.0013804 secs] [Times: user=0.00 sys=0.00, real=0.00 secs] 
2019-01-02T11:12:08.887+0530: 796.791: [GC (Allocation Failure) 2019-01-02T11:12:08.887+0530: 796.791: [DefNew
Desired survivor size 32768 bytes, new threshold 15 (max 15)
- age   2:        184 bytes,        184 total
- age   7:         16 bytes,        200 total
- age  12:         16 bytes,        216 total
: 896K->0K(960K), 0.0012458 secs] 8371K->7763K(10176K), 0.0014539 secs] [Times: user=0.00 sys=0.00, real=0.00 secs] 
2019-01-02T11:12:08.890+0530: 796.794: [GC (Allocation Failure) 2019-01-02T11:12:08.890+0530: 796.794: [DefNew
Desired survivor size 32768 bytes, new threshold 15 (max 15)
- age   1:         40 bytes,         40 total
- age   3:        184 bytes,        224 total
- age   8:         16 bytes,        240 total
- age  13:         16 bytes,        256 total
: 896K->0K(960K), 0.0007041 secs] 8659K->8339K(10176K), 0.0008359 secs] [Times: user=0.00 sys=0.00, real=0.00 secs] 
2019-01-02T11:12:08.893+0530: 796.797: [GC (Allocation Failure) 2019-01-02T11:12:08.893+0530: 796.797: [DefNew
Desired survivor size 32768 bytes, new threshold 15 (max 15)
- age   1:         24 bytes,         24 total
- age   4:        184 bytes,        208 total
- age   9:         16 bytes,        224 total
- age  14:         16 bytes,        240 total
: 891K->0K(960K), 0.0009373 secs] 9230K->8820K(10176K), 0.0010599 secs] [Times: user=0.00 sys=0.00, real=0.00 secs] 
2019-01-02T11:12:08.894+0530: 796.798: [GC (Allocation Failure) 2019-01-02T11:12:08.894+0530: 796.798: [DefNew: 498K->498K(960K), 0.0000291 secs]2019-01-02T11:12:08.894+0530: 796.798: [Tenured: 8820K->1231K(9216K), 0.0036399 secs] 9318K->1231K(10176K), [Metaspace: 2520K->2520K(1056768K)], 0.0037910 secs] [Times: user=0.00 sys=0.00, real=0.00 secs] 
2019-01-02T11:12:08.954+0530: 796.858: [GC (Allocation Failure) 2019-01-02T11:12:08.954+0530: 796.858: [DefNew
Desired survivor size 32768 bytes, new threshold 15 (max 15)
- age   1:        248 bytes,        248 total
: 837K->0K(960K), 0.0010713 secs] 2068K->1784K(10176K), 0.0014779 secs] [Times: user=0.00 sys=0.00, real=0.00 secs] 
2019-01-02T11:12:08.957+0530: 796.861: [GC (Allocation Failure) 2019-01-02T11:12:08.957+0530: 796.861: [DefNew
Desired survivor size 32768 bytes, new threshold 15 (max 15)
- age   2:        184 bytes,        184 total
: 896K->0K(960K), 0.0005536 secs] 2680K->2072K(10176K), 0.0007446 secs] [Times: user=0.00 sys=0.00, real=0.00 secs] 
2019-01-02T11:12:08.959+0530: 796.863: [GC (Allocation Failure) 2019-01-02T11:12:08.959+0530: 796.863: [DefNew
Desired survivor size 32768 bytes, new threshold 15 (max 15)
- age   1:         40 bytes,         40 total
- age   3:        184 bytes,        224 total
: 896K->0K(960K), 0.0011620 secs] 2968K->2648K(10176K), 0.0013296 secs] [Times: user=0.00 sys=0.00, real=0.00 secs] 
2019-01-02T11:12:08.962+0530: 796.866: [GC (Allocation Failure) 2019-01-02T11:12:08.962+0530: 796.866: [DefNew
Desired survivor size 32768 bytes, new threshold 15 (max 15)
- age   1:         24 bytes,         24 total
- age   4:        184 bytes,        208 total
: 890K->0K(960K), 0.0011050 secs] 3538K->3128K(10176K), 0.0013427 secs] [Times: user=0.00 sys=0.00, real=0.00 secs] 
2019-01-02T11:12:08.963+0530: 796.867: [GC (Allocation Failure) 2019-01-02T11:12:08.963+0530: 796.868: [DefNew
Desired survivor size 32768 bytes, new threshold 15 (max 15)
- age   1:         24 bytes,         24 total
- age   5:         72 bytes,         96 total
: 498K->0K(960K), 0.0003250 secs] 3627K->3609K(10176K), 0.0003980 secs] [Times: user=0.00 sys=0.00, real=0.00 secs] 
2019-01-02T11:12:09.018+0530: 796.922: [GC (Allocation Failure) 2019-01-02T11:12:09.018+0530: 796.922: [DefNew
Desired survivor size 32768 bytes, new threshold 15 (max 15)
- age   1:        248 bytes,        248 total
- age   6:         16 bytes,        264 total
: 837K->0K(960K), 0.0011010 secs] 4446K->3681K(10176K), 0.0013900 secs] [Times: user=0.00 sys=0.00, real=0.00 secs] 
2019-01-02T11:12:09.021+0530: 796.925: [GC (Allocation Failure) 2019-01-02T11:12:09.021+0530: 796.925: [DefNew
Desired survivor size 32768 bytes, new threshold 15 (max 15)
- age   2:        184 bytes,        184 total
- age   7:         16 bytes,        200 total
: 896K->0K(960K), 0.0011015 secs] 4577K->3969K(10176K), 0.0013216 secs] [Times: user=0.00 sys=0.00, real=0.00 secs] 
2019-01-02T11:12:09.024+0530: 796.928: [GC (Allocation Failure) 2019-01-02T11:12:09.024+0530: 796.928: [DefNew
Desired survivor size 32768 bytes, new threshold 15 (max 15)
- age   1:         40 bytes,         40 total
- age   3:        184 bytes,        224 total
- age   8:         16 bytes,        240 total
: 896K->0K(960K), 0.0006819 secs] 4865K->4545K(10176K), 0.0007948 secs] [Times: user=0.00 sys=0.00, real=0.00 secs] 
2019-01-02T11:12:09.026+0530: 796.931: [GC (Allocation Failure) 2019-01-02T11:12:09.026+0530: 796.931: [DefNew
Desired survivor size 32768 bytes, new threshold 15 (max 15)
- age   1:         24 bytes,         24 total
- age   4:        184 bytes,        208 total
- age   9:         16 bytes,        224 total
: 891K->0K(960K), 0.0008957 secs] 5436K->5026K(10176K), 0.0009995 secs] [Times: user=0.00 sys=0.00, real=0.00 secs] 
2019-01-02T11:12:09.028+0530: 796.932: [GC (Allocation Failure) 2019-01-02T11:12:09.028+0530: 796.932: [DefNew
Desired survivor size 32768 bytes, new threshold 15 (max 15)
- age   1:         24 bytes,         24 total
- age   5:         72 bytes,         96 total
- age  10:         16 bytes,        112 total
: 498K->0K(960K), 0.0003204 secs] 5524K->5506K(10176K), 0.0003980 secs] [Times: user=0.00 sys=0.00, real=0.00 secs] 
2019-01-02T11:12:09.082+0530: 796.987: [GC (Allocation Failure) 2019-01-02T11:12:09.083+0530: 796.987: [DefNew
Desired survivor size 32768 bytes, new threshold 15 (max 15)
- age   1:        248 bytes,        248 total
- age   6:         16 bytes,        264 total
- age  11:         16 bytes,        280 total
: 837K->0K(960K), 0.0010930 secs] 6344K->5579K(10176K), 0.0014089 secs] [Times: user=0.00 sys=0.00, real=0.00 secs] 
2019-01-02T11:12:09.086+0530: 796.990: [GC (Allocation Failure) 2019-01-02T11:12:09.086+0530: 796.990: [DefNew
Desired survivor size 32768 bytes, new threshold 15 (max 15)
- age   2:        184 bytes,        184 total
- age   7:         16 bytes,        200 total
- age  12:         16 bytes,        216 total
: 896K->0K(960K), 0.0012971 secs] 6475K->5867K(10176K), 0.0015252 secs] [Times: user=0.00 sys=0.00, real=0.00 secs] 
2019-01-02T11:12:09.089+0530: 796.993: [GC (Allocation Failure) 2019-01-02T11:12:09.089+0530: 796.993: [DefNew
Desired survivor size 32768 bytes, new threshold 15 (max 15)
- age   1:         40 bytes,         40 total
- age   3:        184 bytes,        224 total
- age   8:         16 bytes,        240 total
- age  13:         16 bytes,        256 total
: 896K->0K(960K), 0.0005650 secs] 6763K->6443K(10176K), 0.0006939 secs] [Times: user=0.00 sys=0.00, real=0.00 secs] 
2019-01-02T11:12:09.091+0530: 796.995: [GC (Allocation Failure) 2019-01-02T11:12:09.091+0530: 796.995: [DefNew
Desired survivor size 32768 bytes, new threshold 15 (max 15)
- age   1:         24 bytes,         24 total
- age   4:        184 bytes,        208 total
- age   9:         16 bytes,        224 total
- age  14:         16 bytes,        240 total
: 891K->0K(960K), 0.0009288 secs] 7333K->6923K(10176K), 0.0010291 secs] [Times: user=0.00 sys=0.00, real=0.00 secs] 
2019-01-02T11:12:09.093+0530: 796.997: [GC (Allocation Failure) 2019-01-02T11:12:09.093+0530: 796.997: [DefNew
Desired survivor size 32768 bytes, new threshold 15 (max 15)
- age   1:         24 bytes,         24 total
- age   5:         72 bytes,         96 total
- age  10:         16 bytes,        112 total
- age  15:         16 bytes,        128 total
: 498K->0K(960K), 0.0006614 secs] 7422K->7404K(10176K), 0.0007623 secs] [Times: user=0.02 sys=0.00, real=0.00 secs] 
2019-01-02T11:12:09.149+0530: 797.053: [GC (Allocation Failure) 2019-01-02T11:12:09.149+0530: 797.053: [DefNew
Desired survivor size 32768 bytes, new threshold 15 (max 15)
- age   1:        248 bytes,        248 total
- age   6:         16 bytes,        264 total
- age  11:         16 bytes,        280 total
: 837K->0K(960K), 0.0006540 secs] 8241K->7476K(10176K), 0.0009145 secs] [Times: user=0.00 sys=0.00, real=0.00 secs] 
2019-01-02T11:12:09.152+0530: 797.056: [GC (Allocation Failure) 2019-01-02T11:12:09.152+0530: 797.056: [DefNew
Desired survivor size 32768 bytes, new threshold 15 (max 15)
- age   2:        184 bytes,        184 total
- age   7:         16 bytes,        200 total
- age  12:         16 bytes,        216 total
: 896K->0K(960K), 0.0010217 secs] 8372K->7764K(10176K), 0.0013097 secs] [Times: user=0.00 sys=0.00, real=0.00 secs] 
2019-01-02T11:12:09.155+0530: 797.059: [GC (Allocation Failure) 2019-01-02T11:12:09.155+0530: 797.059: [DefNew
Desired survivor size 32768 bytes, new threshold 15 (max 15)
- age   1:         40 bytes,         40 total
- age   3:        184 bytes,        224 total
- age   8:         16 bytes,        240 total
- age  13:         16 bytes,        256 total
: 896K->0K(960K), 0.0005320 secs] 8660K->8340K(10176K), 0.0006181 secs] [Times: user=0.00 sys=0.00, real=0.00 secs] 
2019-01-02T11:12:09.157+0530: 797.061: [GC (Allocation Failure) 2019-01-02T11:12:09.157+0530: 797.061: [DefNew
Desired survivor size 32768 bytes, new threshold 15 (max 15)
- age   1:         24 bytes,         24 total
- age   4:        184 bytes,        208 total
- age   9:         16 bytes,        224 total
- age  14:         16 bytes,        240 total
: 891K->0K(960K), 0.0006545 secs] 9231K->8821K(10176K), 0.0007612 secs] [Times: user=0.00 sys=0.00, real=0.00 secs] 
2019-01-02T11:12:09.159+0530: 797.063: [GC (Allocation Failure) 2019-01-02T11:12:09.159+0530: 797.063: [DefNew: 498K->498K(960K), 0.0000399 secs]2019-01-02T11:12:09.159+0530: 797.063: [Tenured: 8821K->1231K(9216K), 0.0040955 secs] 9319K->1231K(10176K), [Metaspace: 2520K->2520K(1056768K)], 0.0043030 secs] [Times: user=0.00 sys=0.00, real=0.00 secs] 
2019-01-02T11:12:09.216+0530: 797.120: [GC (Allocation Failure) 2019-01-02T11:12:09.216+0530: 797.120: [DefNew
Desired survivor size 32768 bytes, new threshold 15 (max 15)
- age   1:        248 bytes,        248 total
: 837K->0K(960K), 0.0015514 secs] 2068K->1784K(10176K), 0.0017190 secs] [Times: user=0.02 sys=0.00, real=0.00 secs] 
2019-01-02T11:12:09.219+0530: 797.124: [GC (Allocation Failure) 2019-01-02T11:12:09.220+0530: 797.124: [DefNew
Desired survivor size 32768 bytes, new threshold 15 (max 15)
- age   2:        184 bytes,        184 total
: 896K->0K(960K), 0.0011665 secs] 2680K->2072K(10176K), 0.0013393 secs] [Times: user=0.00 sys=0.00, real=0.00 secs] 
2019-01-02T11:12:09.222+0530: 797.127: [GC (Allocation Failure) 2019-01-02T11:12:09.223+0530: 797.127: [DefNew
Desired survivor size 32768 bytes, new threshold 15 (max 15)
- age   1:         40 bytes,         40 total
- age   3:        184 bytes,        224 total
: 896K->0K(960K), 0.0007258 secs] 2968K->2648K(10176K), 0.0008718 secs] [Times: user=0.00 sys=0.00, real=0.00 secs] 
2019-01-02T11:12:09.225+0530: 797.129: [GC (Allocation Failure) 2019-01-02T11:12:09.225+0530: 797.129: [DefNew
Desired survivor size 32768 bytes, new threshold 15 (max 15)
- age   1:         24 bytes,         24 total
- age   4:        184 bytes,        208 total
: 891K->0K(960K), 0.0009071 secs] 3539K->3129K(10176K), 0.0010274 secs] [Times: user=0.00 sys=0.00, real=0.00 secs] 
2019-01-02T11:12:09.226+0530: 797.130: [GC (Allocation Failure) 2019-01-02T11:12:09.226+0530: 797.131: [DefNew
Desired survivor size 32768 bytes, new threshold 15 (max 15)
- age   1:         24 bytes,         24 total
- age   5:         72 bytes,         96 total
: 498K->0K(960K), 0.0007230 secs] 3627K->3609K(10176K), 0.0008250 secs] [Times: user=0.00 sys=0.00, real=0.00 secs] 
2019-01-02T11:12:09.278+0530: 797.182: [GC (Allocation Failure) 2019-01-02T11:12:09.278+0530: 797.182: [DefNew
Desired survivor size 32768 bytes, new threshold 15 (max 15)
- age   1:        248 bytes,        248 total
- age   6:         16 bytes,        264 total
: 837K->0K(960K), 0.0008741 secs] 4447K->3682K(10176K), 0.0012418 secs] [Times: user=0.00 sys=0.00, real=0.00 secs] 
2019-01-02T11:12:09.282+0530: 797.186: [GC (Allocation Failure) 2019-01-02T11:12:09.282+0530: 797.186: [DefNew
Desired survivor size 32768 bytes, new threshold 15 (max 15)
- age   2:        184 bytes,        184 total
- age   7:         16 bytes,        200 total
: 896K->0K(960K), 0.0007480 secs] 4578K->3969K(10176K), 0.0009647 secs] [Times: user=0.00 sys=0.00, real=0.00 secs] 
2019-01-02T11:12:09.284+0530: 797.188: [GC (Allocation Failure) 2019-01-02T11:12:09.284+0530: 797.188: [DefNew
Desired survivor size 32768 bytes, new threshold 15 (max 15)
- age   1:         40 bytes,         40 total
- age   3:        184 bytes,        224 total
- age   8:         16 bytes,        240 total
: 896K->0K(960K), 0.0004396 secs] 4865K->4546K(10176K), 0.0005245 secs] [Times: user=0.00 sys=0.00, real=0.00 secs] 
2019-01-02T11:12:09.285+0530: 797.190: [GC (Allocation Failure) 2019-01-02T11:12:09.286+0530: 797.190: [DefNew
Desired survivor size 32768 bytes, new threshold 15 (max 15)
- age   1:         24 bytes,         24 total
- age   4:        184 bytes,        208 total
- age   9:         16 bytes,        224 total
: 891K->0K(960K), 0.0003404 secs] 5436K->5026K(10176K), 0.0004219 secs] [Times: user=0.00 sys=0.00, real=0.00 secs] 
2019-01-02T11:12:09.286+0530: 797.190: [GC (Allocation Failure) 2019-01-02T11:12:09.286+0530: 797.190: [DefNew
Desired survivor size 32768 bytes, new threshold 15 (max 15)
- age   1:         24 bytes,         24 total
- age   5:         72 bytes,         96 total
- age  10:         16 bytes,        112 total
: 498K->0K(960K), 0.0003364 secs] 5525K->5507K(10176K), 0.0004094 secs] [Times: user=0.00 sys=0.00, real=0.00 secs] 
2019-01-02T11:12:09.343+0530: 797.247: [GC (Allocation Failure) 2019-01-02T11:12:09.343+0530: 797.247: [DefNew
Desired survivor size 32768 bytes, new threshold 15 (max 15)
- age   1:        248 bytes,        248 total
- age   6:         16 bytes,        264 total
- age  11:         16 bytes,        280 total
: 837K->0K(960K), 0.0004920 secs] 6345K->5579K(10176K), 0.0009784 secs] [Times: user=0.00 sys=0.00, real=0.00 secs] 
2019-01-02T11:12:09.345+0530: 797.249: [GC (Allocation Failure) 2019-01-02T11:12:09.345+0530: 797.249: [DefNew
Desired survivor size 32768 bytes, new threshold 15 (max 15)
- age   2:        184 bytes,        184 total
- age   7:         16 bytes,        200 total
- age  12:         16 bytes,        216 total
: 896K->0K(960K), 0.0008108 secs] 6475K->5867K(10176K), 0.0009225 secs] [Times: user=0.00 sys=0.00, real=0.00 secs] 
2019-01-02T11:12:09.348+0530: 797.252: [GC (Allocation Failure) 2019-01-02T11:12:09.348+0530: 797.252: [DefNew
Desired survivor size 32768 bytes, new threshold 15 (max 15)
- age   1:         40 bytes,         40 total
- age   3:        184 bytes,        224 total
- age   8:         16 bytes,        240 total
- age  13:         16 bytes,        256 total
: 896K->0K(960K), 0.0004995 secs] 6763K->6443K(10176K), 0.0006386 secs] [Times: user=0.00 sys=0.00, real=0.00 secs] 
2019-01-02T11:12:09.349+0530: 797.254: [GC (Allocation Failure) 2019-01-02T11:12:09.350+0530: 797.254: [DefNew
Desired survivor size 32768 bytes, new threshold 15 (max 15)
- age   1:         24 bytes,         24 total
- age   4:        184 bytes,        208 total
- age   9:         16 bytes,        224 total
- age  14:         16 bytes,        240 total
: 891K->0K(960K), 0.0003444 secs] 7334K->6924K(10176K), 0.0004253 secs] [Times: user=0.00 sys=0.00, real=0.00 secs] 
2019-01-02T11:12:09.350+0530: 797.254: [GC (Allocation Failure) 2019-01-02T11:12:09.350+0530: 797.254: [DefNew
Desired survivor size 32768 bytes, new threshold 15 (max 15)
- age   1:         24 bytes,         24 total
- age   5:         72 bytes,         96 total
- age  10:         16 bytes,        112 total
- age  15:         16 bytes,        128 total
: 498K->0K(960K), 0.0004801 secs] 7423K->7405K(10176K), 0.0005559 secs] [Times: user=0.00 sys=0.00, real=0.00 secs] 
2019-01-02T11:12:09.409+0530: 797.313: [GC (Allocation Failure) 2019-01-02T11:12:09.409+0530: 797.313: [DefNew
Desired survivor size 32768 bytes, new threshold 15 (max 15)
- age   1:        248 bytes,        248 total
- age   6:         16 bytes,        264 total
- age  11:         16 bytes,        280 total
: 837K->0K(960K), 0.0009031 secs] 8242K->7477K(10176K), 0.0012372 secs] [Times: user=0.00 sys=0.00, real=0.00 secs] 
2019-01-02T11:12:09.412+0530: 797.316: [GC (Allocation Failure) 2019-01-02T11:12:09.412+0530: 797.316: [DefNew
Desired survivor size 32768 bytes, new threshold 15 (max 15)
- age   2:        184 bytes,        184 total
- age   7:         16 bytes,        200 total
- age  12:         16 bytes,        216 total
: 896K->0K(960K), 0.0009567 secs] 8373K->7765K(10176K), 0.0011266 secs] [Times: user=0.00 sys=0.00, real=0.00 secs] 
2019-01-02T11:12:09.415+0530: 797.319: [GC (Allocation Failure) 2019-01-02T11:12:09.415+0530: 797.319: [DefNew
Desired survivor size 32768 bytes, new threshold 15 (max 15)
- age   1:         40 bytes,         40 total
- age   3:        184 bytes,        224 total
- age   8:         16 bytes,        240 total
- age  13:         16 bytes,        256 total
: 896K->0K(960K), 0.0010548 secs] 8661K->8341K(10176K), 0.0012036 secs] [Times: user=0.00 sys=0.00, real=0.00 secs] 
2019-01-02T11:12:09.417+0530: 797.321: [GC (Allocation Failure) 2019-01-02T11:12:09.417+0530: 797.321: [DefNew
Desired survivor size 32768 bytes, new threshold 15 (max 15)
- age   1:         24 bytes,         24 total
- age   4:        184 bytes,        208 total
- age   9:         16 bytes,        224 total
- age  14:         16 bytes,        240 total
: 891K->0K(960K), 0.0003632 secs] 9232K->8822K(10176K), 0.0004487 secs] [Times: user=0.00 sys=0.00, real=0.00 secs] 
2019-01-02T11:12:09.418+0530: 797.322: [GC (Allocation Failure) 2019-01-02T11:12:09.418+0530: 797.322: [DefNew: 498K->498K(960K), 0.0000291 secs]2019-01-02T11:12:09.418+0530: 797.322: [Tenured: 8821K->1231K(9216K), 0.0036410 secs] 9320K->1231K(10176K), [Metaspace: 2520K->2520K(1056768K)], 0.0037933 secs] [Times: user=0.02 sys=0.00, real=0.00 secs] 
2019-01-02T11:12:09.486+0530: 797.390: [GC (Allocation Failure) 2019-01-02T11:12:09.486+0530: 797.390: [DefNew
Desired survivor size 32768 bytes, new threshold 15 (max 15)
- age   1:        248 bytes,        248 total
: 837K->0K(960K), 0.0011939 secs] 2069K->1784K(10176K), 0.0016118 secs] [Times: user=0.00 sys=0.00, real=0.00 secs] 
2019-01-02T11:12:09.490+0530: 797.394: [GC (Allocation Failure) 2019-01-02T11:12:09.490+0530: 797.394: [DefNew
Desired survivor size 32768 bytes, new threshold 15 (max 15)
- age   2:        184 bytes,        184 total
: 896K->0K(960K), 0.0013290 secs] 2680K->2072K(10176K), 0.0015001 secs] [Times: user=0.00 sys=0.00, real=0.00 secs] 
2019-01-02T11:12:09.493+0530: 797.397: [GC (Allocation Failure) 2019-01-02T11:12:09.493+0530: 797.397: [DefNew
Desired survivor size 32768 bytes, new threshold 15 (max 15)
- age   1:         40 bytes,         40 total
- age   3:        184 bytes,        224 total
: 896K->0K(960K), 0.0006517 secs] 2968K->2648K(10176K), 0.0007566 secs] [Times: user=0.00 sys=0.00, real=0.00 secs] 
2019-01-02T11:12:09.495+0530: 797.399: [GC (Allocation Failure) 2019-01-02T11:12:09.495+0530: 797.399: [DefNew
Desired survivor size 32768 bytes, new threshold 15 (max 15)
- age   1:         24 bytes,         24 total
- age   4:        184 bytes,        208 total
: 891K->0K(960K), 0.0009448 secs] 3539K->3129K(10176K), 0.0010702 secs] [Times: user=0.00 sys=0.00, real=0.00 secs] 
2019-01-02T11:12:09.497+0530: 797.401: [GC (Allocation Failure) 2019-01-02T11:12:09.497+0530: 797.401: [DefNew
Desired survivor size 32768 bytes, new threshold 15 (max 15)
- age   1:         24 bytes,         24 total
- age   5:         72 bytes,         96 total
: 498K->0K(960K), 0.0003193 secs] 3628K->3610K(10176K), 0.0003917 secs] [Times: user=0.00 sys=0.00, real=0.00 secs] 
2019-01-02T11:12:09.551+0530: 797.455: [GC (Allocation Failure) 2019-01-02T11:12:09.551+0530: 797.455: [DefNew
Desired survivor size 32768 bytes, new threshold 15 (max 15)
- age   1:        248 bytes,        248 total
- age   6:         16 bytes,        264 total
: 837K->0K(960K), 0.0010314 secs] 4447K->3682K(10176K), 0.0013553 secs] [Times: user=0.00 sys=0.00, real=0.00 secs] 
2019-01-02T11:12:09.554+0530: 797.458: [GC (Allocation Failure) 2019-01-02T11:12:09.554+0530: 797.458: [DefNew
Desired survivor size 32768 bytes, new threshold 15 (max 15)
- age   2:        184 bytes,        184 total
- age   7:         16 bytes,        200 total
: 896K->0K(960K), 0.0011962 secs] 4578K->3970K(10176K), 0.0013997 secs] [Times: user=0.00 sys=0.00, real=0.00 secs] 
2019-01-02T11:12:09.556+0530: 797.460: [GC (Allocation Failure) 2019-01-02T11:12:09.556+0530: 797.460: [DefNew
Desired survivor size 32768 bytes, new threshold 15 (max 15)
- age   1:         40 bytes,         40 total
- age   3:        184 bytes,        224 total
- age   8:         16 bytes,        240 total
: 896K->0K(960K), 0.0003792 secs] 4866K->4546K(10176K), 0.0004595 secs] [Times: user=0.00 sys=0.00, real=0.00 secs] 
2019-01-02T11:12:09.558+0530: 797.462: [GC (Allocation Failure) 2019-01-02T11:12:09.558+0530: 797.462: [DefNew
Desired survivor size 32768 bytes, new threshold 15 (max 15)
- age   1:         24 bytes,         24 total
- age   4:        184 bytes,        208 total
- age   9:         16 bytes,        224 total
: 891K->0K(960K), 0.0004567 secs] 5437K->5027K(10176K), 0.0006255 secs] [Times: user=0.00 sys=0.00, real=0.00 secs] 
2019-01-02T11:12:09.560+0530: 797.464: [GC (Allocation Failure) 2019-01-02T11:12:09.560+0530: 797.464: [DefNew
Desired survivor size 32768 bytes, new threshold 15 (max 15)
- age   1:         24 bytes,         24 total
- age   5:         72 bytes,         96 total
- age  10:         16 bytes,        112 total
: 498K->0K(960K), 0.0007258 secs] 5525K->5508K(10176K), 0.0008587 secs] [Times: user=0.00 sys=0.00, real=0.00 secs] 
2019-01-02T11:12:09.617+0530: 797.522: [GC (Allocation Failure) 2019-01-02T11:12:09.618+0530: 797.522: [DefNew
Desired survivor size 32768 bytes, new threshold 15 (max 15)
- age   1:        248 bytes,        248 total
- age   6:         16 bytes,        264 total
- age  11:         16 bytes,        280 total
: 837K->0K(960K), 0.0010337 secs] 6345K->5580K(10176K), 0.0013547 secs] [Times: user=0.00 sys=0.00, real=0.00 secs] 
2019-01-02T11:12:09.621+0530: 797.525: [GC (Allocation Failure) 2019-01-02T11:12:09.621+0530: 797.525: [DefNew
Desired survivor size 32768 bytes, new threshold 15 (max 15)
- age   2:        184 bytes,        184 total
- age   7:         16 bytes,        200 total
- age  12:         16 bytes,        216 total
: 896K->0K(960K), 0.0011329 secs] 6476K->5868K(10176K), 0.0013712 secs] [Times: user=0.00 sys=0.00, real=0.00 secs] 
2019-01-02T11:12:09.624+0530: 797.528: [GC (Allocation Failure) 2019-01-02T11:12:09.624+0530: 797.528: [DefNew
Desired survivor size 32768 bytes, new threshold 15 (max 15)
- age   1:         40 bytes,         40 total
- age   3:        184 bytes,        224 total
- age   8:         16 bytes,        240 total
- age  13:         16 bytes,        256 total
: 896K->0K(960K), 0.0004881 secs] 6764K->6444K(10176K), 0.0005753 secs] [Times: user=0.00 sys=0.00, real=0.00 secs] 
2019-01-02T11:12:09.627+0530: 797.531: [GC (Allocation Failure) 2019-01-02T11:12:09.627+0530: 797.531: [DefNew
Desired survivor size 32768 bytes, new threshold 15 (max 15)
- age   1:         24 bytes,         24 total
- age   4:        184 bytes,        208 total
- age   9:         16 bytes,        224 total
- age  14:         16 bytes,        240 total
: 891K->0K(960K), 0.0007161 secs] 7335K->6925K(10176K), 0.0008803 secs] [Times: user=0.00 sys=0.00, real=0.00 secs] 
2019-01-02T11:12:09.629+0530: 797.533: [GC (Allocation Failure) 2019-01-02T11:12:09.629+0530: 797.533: [DefNew
Desired survivor size 32768 bytes, new threshold 15 (max 15)
- age   1:         24 bytes,         24 total
- age   5:         72 bytes,         96 total
- age  10:         16 bytes,        112 total
- age  15:         16 bytes,        128 total
: 498K->0K(960K), 0.0003660 secs] 7423K->7405K(10176K), 0.0004385 secs] [Times: user=0.00 sys=0.00, real=0.00 secs] 
2019-01-02T11:12:09.683+0530: 797.587: [GC (Allocation Failure) 2019-01-02T11:12:09.683+0530: 797.587: [DefNew
Desired survivor size 32768 bytes, new threshold 15 (max 15)
- age   1:        248 bytes,        248 total
- age   6:         16 bytes,        264 total
- age  11:         16 bytes,        280 total
: 837K->0K(960K), 0.0008205 secs] 8243K->7478K(10176K), 0.0010776 secs] [Times: user=0.00 sys=0.00, real=0.00 secs] 
2019-01-02T11:12:09.686+0530: 797.590: [GC (Allocation Failure) 2019-01-02T11:12:09.686+0530: 797.590: [DefNew
Desired survivor size 32768 bytes, new threshold 15 (max 15)
- age   2:        184 bytes,        184 total
- age   7:         16 bytes,        200 total
- age  12:         16 bytes,        216 total
: 896K->0K(960K), 0.0010480 secs] 8374K->7766K(10176K), 0.0011979 secs] [Times: user=0.00 sys=0.00, real=0.00 secs] 
2019-01-02T11:12:09.688+0530: 797.593: [GC (Allocation Failure) 2019-01-02T11:12:09.688+0530: 797.593: [DefNew
Desired survivor size 32768 bytes, new threshold 15 (max 15)
- age   1:         40 bytes,         40 total
- age   3:        184 bytes,        224 total
- age   8:         16 bytes,        240 total
- age  13:         16 bytes,        256 total
: 896K->0K(960K), 0.0008313 secs] 8662K->8342K(10176K), 0.0010103 secs] [Times: user=0.00 sys=0.00, real=0.00 secs] 
2019-01-02T11:12:09.691+0530: 797.595: [GC (Allocation Failure) 2019-01-02T11:12:09.691+0530: 797.595: [DefNew
Desired survivor size 32768 bytes, new threshold 15 (max 15)
- age   1:         24 bytes,         24 total
- age   4:        184 bytes,        208 total
- age   9:         16 bytes,        224 total
- age  14:         16 bytes,        240 total
: 891K->0K(960K), 0.0003467 secs] 9233K->8823K(10176K), 0.0004105 secs] [Times: user=0.00 sys=0.00, real=0.00 secs] 
2019-01-02T11:12:09.692+0530: 797.596: [GC (Allocation Failure) 2019-01-02T11:12:09.692+0530: 797.596: [DefNew: 498K->498K(960K), 0.0000969 secs]2019-01-02T11:12:09.692+0530: 797.596: [Tenured: 8822K->1231K(9216K), 0.0065255 secs] 9321K->1231K(10176K), [Metaspace: 2520K->2520K(1056768K)], 0.0068197 secs] [Times: user=0.00 sys=0.00, real=0.01 secs] 
2019-01-02T11:12:09.751+0530: 797.655: [GC (Allocation Failure) 2019-01-02T11:12:09.751+0530: 797.655: [DefNew
Desired survivor size 32768 bytes, new threshold 15 (max 15)
- age   1:        248 bytes,        248 total
: 837K->0K(960K), 0.0010816 secs] 2069K->1784K(10176K), 0.0015525 secs] [Times: user=0.00 sys=0.00, real=0.00 secs] 
2019-01-02T11:12:09.754+0530: 797.658: [GC (Allocation Failure) 2019-01-02T11:12:09.754+0530: 797.658: [DefNew
Desired survivor size 32768 bytes, new threshold 15 (max 15)
- age   2:        184 bytes,        184 total
: 896K->0K(960K), 0.0005582 secs] 2680K->2072K(10176K), 0.0008769 secs] [Times: user=0.00 sys=0.00, real=0.00 secs] 
2019-01-02T11:12:09.756+0530: 797.661: [GC (Allocation Failure) 2019-01-02T11:12:09.756+0530: 797.661: [DefNew
Desired survivor size 32768 bytes, new threshold 15 (max 15)
- age   1:         40 bytes,         40 total
- age   3:        184 bytes,        224 total
: 896K->0K(960K), 0.0003946 secs] 2968K->2648K(10176K), 0.0004761 secs] [Times: user=0.00 sys=0.00, real=0.00 secs] 
2019-01-02T11:12:09.758+0530: 797.662: [GC (Allocation Failure) 2019-01-02T11:12:09.758+0530: 797.662: [DefNew
Desired survivor size 32768 bytes, new threshold 15 (max 15)
- age   1:         24 bytes,         24 total
- age   4:        184 bytes,        208 total
: 891K->0K(960K), 0.0003723 secs] 3539K->3129K(10176K), 0.0004504 secs] [Times: user=0.00 sys=0.00, real=0.00 secs] 
2019-01-02T11:12:09.759+0530: 797.663: [GC (Allocation Failure) 2019-01-02T11:12:09.759+0530: 797.663: [DefNew
Desired survivor size 32768 bytes, new threshold 15 (max 15)
- age   1:         24 bytes,         24 total
- age   5:         72 bytes,         96 total
: 498K->0K(960K), 0.0011209 secs] 3628K->3610K(10176K), 0.0013256 secs] [Times: user=0.00 sys=0.00, real=0.00 secs] 
2019-01-02T11:12:09.811+0530: 797.715: [GC (Allocation Failure) 2019-01-02T11:12:09.811+0530: 797.716: [DefNew
Desired survivor size 32768 bytes, new threshold 15 (max 15)
- age   1:        248 bytes,        248 total
- age   6:         16 bytes,        264 total
: 837K->0K(960K), 0.0008820 secs] 4448K->3682K(10176K), 0.0013365 secs] [Times: user=0.00 sys=0.00, real=0.00 secs] 
2019-01-02T11:12:09.814+0530: 797.718: [GC (Allocation Failure) 2019-01-02T11:12:09.814+0530: 797.718: [DefNew
Desired survivor size 32768 bytes, new threshold 15 (max 15)
- age   2:        184 bytes,        184 total
- age   7:         16 bytes,        200 total
: 896K->0K(960K), 0.0008034 secs] 4578K->3970K(10176K), 0.0009014 secs] [Times: user=0.00 sys=0.00, real=0.00 secs] 
2019-01-02T11:12:09.817+0530: 797.721: [GC (Allocation Failure) 2019-01-02T11:12:09.817+0530: 797.721: [DefNew
Desired survivor size 32768 bytes, new threshold 15 (max 15)
- age   1:         40 bytes,         40 total
- age   3:        184 bytes,        224 total
- age   8:         16 bytes,        240 total
: 896K->0K(960K), 0.0012122 secs] 4866K->4546K(10176K), 0.0013821 secs] [Times: user=0.00 sys=0.00, real=0.00 secs] 
2019-01-02T11:12:09.819+0530: 797.723: [GC (Allocation Failure) 2019-01-02T11:12:09.819+0530: 797.723: [DefNew
Desired survivor size 32768 bytes, new threshold 15 (max 15)
- age   1:         24 bytes,         24 total
- age   4:        184 bytes,        208 total
- age   9:         16 bytes,        224 total
: 891K->0K(960K), 0.0003347 secs] 5437K->5027K(10176K), 0.0004031 secs] [Times: user=0.00 sys=0.00, real=0.00 secs] 
2019-01-02T11:12:09.820+0530: 797.724: [GC (Allocation Failure) 2019-01-02T11:12:09.820+0530: 797.724: [DefNew
Desired survivor size 32768 bytes, new threshold 15 (max 15)
- age   1:         24 bytes,         24 total
- age   5:         72 bytes,         96 total
- age  10:         16 bytes,        112 total
: 498K->0K(960K), 0.0003404 secs] 5526K->5508K(10176K), 0.0003946 secs] [Times: user=0.00 sys=0.00, real=0.00 secs] 
2019-01-02T11:12:09.874+0530: 797.779: [GC (Allocation Failure) 2019-01-02T11:12:09.874+0530: 797.779: [DefNew
Desired survivor size 32768 bytes, new threshold 15 (max 15)
- age   1:        248 bytes,        248 total
- age   6:         16 bytes,        264 total
- age  11:         16 bytes,        280 total
: 837K->0K(960K), 0.0009830 secs] 6346K->5580K(10176K), 0.0013496 secs] [Times: user=0.00 sys=0.00, real=0.00 secs] 
2019-01-02T11:12:09.878+0530: 797.782: [GC (Allocation Failure) 2019-01-02T11:12:09.878+0530: 797.782: [DefNew
Desired survivor size 32768 bytes, new threshold 15 (max 15)
- age   2:        184 bytes,        184 total
- age   7:         16 bytes,        200 total
- age  12:         16 bytes,        216 total
: 896K->0K(960K), 0.0009733 secs] 6476K->5868K(10176K), 0.0011466 secs] [Times: user=0.00 sys=0.00, real=0.00 secs] 
2019-01-02T11:12:09.880+0530: 797.785: [GC (Allocation Failure) 2019-01-02T11:12:09.880+0530: 797.785: [DefNew
Desired survivor size 32768 bytes, new threshold 15 (max 15)
- age   1:         40 bytes,         40 total
- age   3:        184 bytes,        224 total
- age   8:         16 bytes,        240 total
- age  13:         16 bytes,        256 total
: 896K->0K(960K), 0.0009516 secs] 6764K->6444K(10176K), 0.0011147 secs] [Times: user=0.00 sys=0.00, real=0.00 secs] 
2019-01-02T11:12:09.883+0530: 797.787: [GC (Allocation Failure) 2019-01-02T11:12:09.883+0530: 797.787: [DefNew
Desired survivor size 32768 bytes, new threshold 15 (max 15)
- age   1:         24 bytes,         24 total
- age   4:        184 bytes,        208 total
- age   9:         16 bytes,        224 total
- age  14:         16 bytes,        240 total
: 891K->0K(960K), 0.0013057 secs] 7335K->6925K(10176K), 0.0015029 secs] [Times: user=0.00 sys=0.00, real=0.00 secs] 
2019-01-02T11:12:09.885+0530: 797.789: [GC (Allocation Failure) 2019-01-02T11:12:09.885+0530: 797.789: [DefNew
Desired survivor size 32768 bytes, new threshold 15 (max 15)
- age   1:         24 bytes,         24 total
- age   5:         72 bytes,         96 total
- age  10:         16 bytes,        112 total
- age  15:         16 bytes,        128 total
: 498K->0K(960K), 0.0003495 secs] 7424K->7406K(10176K), 0.0004328 secs] [Times: user=0.00 sys=0.00, real=0.00 secs] 
2019-01-02T11:12:09.941+0530: 797.845: [GC (Allocation Failure) 2019-01-02T11:12:09.942+0530: 797.846: [DefNew
Desired survivor size 32768 bytes, new threshold 15 (max 15)
- age   1:        248 bytes,        248 total
- age   6:         16 bytes,        264 total
- age  11:         16 bytes,        280 total
: 837K->0K(960K), 0.0009185 secs] 8244K->7478K(10176K), 0.0013319 secs] [Times: user=0.00 sys=0.00, real=0.00 secs] 
2019-01-02T11:12:09.945+0530: 797.849: [GC (Allocation Failure) 2019-01-02T11:12:09.945+0530: 797.849: [DefNew
Desired survivor size 32768 bytes, new threshold 15 (max 15)
- age   1:         40 bytes,         40 total
- age   2:        184 bytes,        224 total
- age   7:         16 bytes,        240 total
- age  12:         16 bytes,        256 total
: 896K->0K(960K), 0.0009294 secs] 8374K->7766K(10176K), 0.0013404 secs] [Times: user=0.00 sys=0.00, real=0.00 secs] 
2019-01-02T11:12:09.948+0530: 797.852: [GC (Allocation Failure) 2019-01-02T11:12:09.948+0530: 797.852: [DefNew
Desired survivor size 32768 bytes, new threshold 15 (max 15)
- age   3:        184 bytes,        184 total
- age   8:         16 bytes,        200 total
- age  13:         16 bytes,        216 total
: 896K->0K(960K), 0.0008170 secs] 8662K->8342K(10176K), 0.0009641 secs] [Times: user=0.00 sys=0.00, real=0.00 secs] 
2019-01-02T11:12:09.951+0530: 797.855: [GC (Allocation Failure) 2019-01-02T11:12:09.951+0530: 797.855: [DefNew
Desired survivor size 32768 bytes, new threshold 15 (max 15)
- age   1:         24 bytes,         24 total
- age   4:        184 bytes,        208 total
- age   9:         16 bytes,        224 total
- age  14:         16 bytes,        240 total
: 891K->0K(960K), 0.0005462 secs] 9234K->8823K(10176K), 0.0006677 secs] [Times: user=0.02 sys=0.00, real=0.00 secs] 
2019-01-02T11:12:09.952+0530: 797.856: [GC (Allocation Failure) 2019-01-02T11:12:09.952+0530: 797.856: [DefNew: 499K->499K(960K), 0.0000291 secs]2019-01-02T11:12:09.952+0530: 797.856: [Tenured: 8823K->1231K(9216K), 0.0037944 secs] 9322K->1231K(10176K), [Metaspace: 2520K->2520K(1056768K)], 0.0039369 secs] [Times: user=0.00 sys=0.00, real=0.00 secs] 
2019-01-02T11:12:10.012+0530: 797.916: [GC (Allocation Failure) 2019-01-02T11:12:10.012+0530: 797.917: [DefNew
Desired survivor size 32768 bytes, new threshold 15 (max 15)
- age   1:        248 bytes,        248 total
: 837K->0K(960K), 0.0013786 secs] 2069K->1785K(10176K), 0.0016204 secs] [Times: user=0.02 sys=0.00, real=0.00 secs] 
2019-01-02T11:12:10.016+0530: 797.920: [GC (Allocation Failure) 2019-01-02T11:12:10.016+0530: 797.920: [DefNew
Desired survivor size 32768 bytes, new threshold 15 (max 15)
- age   2:        184 bytes,        184 total
: 896K->0K(960K), 0.0006374 secs] 2681K->2073K(10176K), 0.0007783 secs] [Times: user=0.00 sys=0.00, real=0.00 secs] 
2019-01-02T11:12:10.018+0530: 797.922: [GC (Allocation Failure) 2019-01-02T11:12:10.018+0530: 797.922: [DefNew
Desired survivor size 32768 bytes, new threshold 15 (max 15)
- age   1:         40 bytes,         40 total
- age   3:        184 bytes,        224 total
: 896K->0K(960K), 0.0010263 secs] 2969K->2649K(10176K), 0.0011688 secs] [Times: user=0.00 sys=0.00, real=0.00 secs] 
2019-01-02T11:12:10.020+0530: 797.924: [GC (Allocation Failure) 2019-01-02T11:12:10.020+0530: 797.924: [DefNew
Desired survivor size 32768 bytes, new threshold 15 (max 15)
- age   1:         24 bytes,         24 total
- age   4:        184 bytes,        208 total
: 891K->0K(960K), 0.0003438 secs] 3540K->3130K(10176K), 0.0004259 secs] [Times: user=0.00 sys=0.00, real=0.00 secs] 
2019-01-02T11:12:10.021+0530: 797.925: [GC (Allocation Failure) 2019-01-02T11:12:10.021+0530: 797.925: [DefNew
Desired survivor size 32768 bytes, new threshold 15 (max 15)
- age   1:         24 bytes,         24 total
- age   5:         72 bytes,         96 total
: 499K->0K(960K), 0.0003273 secs] 3628K->3611K(10176K), 0.0004025 secs] [Times: user=0.00 sys=0.00, real=0.00 secs] 
2019-01-02T11:12:10.077+0530: 797.981: [GC (Allocation Failure) 2019-01-02T11:12:10.077+0530: 797.981: [DefNew
Desired survivor size 32768 bytes, new threshold 15 (max 15)
- age   1:        248 bytes,        248 total
- age   6:         16 bytes,        264 total
: 837K->0K(960K), 0.0008826 secs] 4448K->3683K(10176K), 0.0012179 secs] [Times: user=0.00 sys=0.00, real=0.00 secs] 
2019-01-02T11:12:10.080+0530: 797.984: [GC (Allocation Failure) 2019-01-02T11:12:10.080+0530: 797.984: [DefNew
Desired survivor size 32768 bytes, new threshold 15 (max 15)
- age   1:         40 bytes,         40 total
- age   2:        184 bytes,        224 total
- age   7:         16 bytes,        240 total
: 896K->0K(960K), 0.0005804 secs] 4579K->3971K(10176K), 0.0008940 secs] [Times: user=0.00 sys=0.00, real=0.00 secs] 
2019-01-02T11:12:10.082+0530: 797.986: [GC (Allocation Failure) 2019-01-02T11:12:10.082+0530: 797.986: [DefNew
Desired survivor size 32768 bytes, new threshold 15 (max 15)
- age   3:        184 bytes,        184 total
- age   8:         16 bytes,        200 total
: 896K->0K(960K), 0.0007942 secs] 4867K->4547K(10176K), 0.0009402 secs] [Times: user=0.00 sys=0.00, real=0.00 secs] 
2019-01-02T11:12:10.085+0530: 797.989: [GC (Allocation Failure) 2019-01-02T11:12:10.085+0530: 797.990: [DefNew
Desired survivor size 32768 bytes, new threshold 15 (max 15)
- age   1:         24 bytes,         24 total
- age   4:        184 bytes,        208 total
- age   9:         16 bytes,        224 total
: 891K->0K(960K), 0.0003729 secs] 5438K->5028K(10176K), 0.0004732 secs] [Times: user=0.00 sys=0.00, real=0.00 secs] 
2019-01-02T11:12:10.086+0530: 797.990: [GC (Allocation Failure) 2019-01-02T11:12:10.086+0530: 797.990: [DefNew
Desired survivor size 32768 bytes, new threshold 15 (max 15)
- age   1:         24 bytes,         24 total
- age   5:         72 bytes,         96 total
- age  10:         16 bytes,        112 total
: 499K->0K(960K), 0.0003484 secs] 5527K->5509K(10176K), 0.0004242 secs] [Times: user=0.00 sys=0.00, real=0.00 secs] 
2019-01-02T11:12:10.140+0530: 798.044: [GC (Allocation Failure) 2019-01-02T11:12:10.141+0530: 798.045: [DefNew
Desired survivor size 32768 bytes, new threshold 15 (max 15)
- age   1:        248 bytes,        248 total
- age   6:         16 bytes,        264 total
- age  11:         16 bytes,        280 total
: 837K->0K(960K), 0.0008011 secs] 6347K->5581K(10176K), 0.0011848 secs] [Times: user=0.00 sys=0.00, real=0.00 secs] 
2019-01-02T11:12:10.143+0530: 798.048: [GC (Allocation Failure) 2019-01-02T11:12:10.144+0530: 798.048: [DefNew
Desired survivor size 32768 bytes, new threshold 15 (max 15)
- age   1:         40 bytes,         40 total
- age   2:        184 bytes,        224 total
- age   7:         16 bytes,        240 total
- age  12:         16 bytes,        256 total
: 896K->0K(960K), 0.0012458 secs] 6477K->5869K(10176K), 0.0014796 secs] [Times: user=0.00 sys=0.00, real=0.00 secs] 
2019-01-02T11:12:10.147+0530: 798.051: [GC (Allocation Failure) 2019-01-02T11:12:10.147+0530: 798.051: [DefNew
Desired survivor size 32768 bytes, new threshold 15 (max 15)
- age   3:        184 bytes,        184 total
- age   8:         16 bytes,        200 total
- age  13:         16 bytes,        216 total
: 896K->0K(960K), 0.0017624 secs] 6765K->6445K(10176K), 0.0019431 secs] [Times: user=0.00 sys=0.00, real=0.00 secs] 
2019-01-02T11:12:10.151+0530: 798.055: [GC (Allocation Failure) 2019-01-02T11:12:10.151+0530: 798.055: [DefNew
Desired survivor size 32768 bytes, new threshold 15 (max 15)
- age   1:         24 bytes,         24 total
- age   4:        184 bytes,        208 total
- age   9:         16 bytes,        224 total
- age  14:         16 bytes,        240 total
: 891K->0K(960K), 0.0009522 secs] 7336K->6926K(10176K), 0.0010810 secs] [Times: user=0.00 sys=0.00, real=0.00 secs] 
2019-01-02T11:12:10.152+0530: 798.056: [GC (Allocation Failure) 2019-01-02T11:12:10.152+0530: 798.056: [DefNew
Desired survivor size 32768 bytes, new threshold 15 (max 15)
- age   1:         24 bytes,         24 total
- age   5:         72 bytes,         96 total
- age  10:         16 bytes,        112 total
- age  15:         16 bytes,        128 total
: 499K->0K(960K), 0.0003444 secs] 7425K->7407K(10176K), 0.0004208 secs] [Times: user=0.00 sys=0.00, real=0.00 secs] 
2019-01-02T11:12:10.207+0530: 798.111: [GC (Allocation Failure) 2019-01-02T11:12:10.207+0530: 798.111: [DefNew
Desired survivor size 32768 bytes, new threshold 15 (max 15)
- age   1:        248 bytes,        248 total
- age   6:         16 bytes,        264 total
- age  11:         16 bytes,        280 total
: 838K->0K(960K), 0.0008370 secs] 8245K->7479K(10176K), 0.0011586 secs] [Times: user=0.00 sys=0.00, real=0.00 secs] 
2019-01-02T11:12:10.210+0530: 798.114: [GC (Allocation Failure) 2019-01-02T11:12:10.210+0530: 798.114: [DefNew
Desired survivor size 32768 bytes, new threshold 15 (max 15)
- age   1:         40 bytes,         40 total
- age   2:        184 bytes,        224 total
- age   7:         16 bytes,        240 total
- age  12:         16 bytes,        256 total
: 896K->0K(960K), 0.0020645 secs] 8375K->7767K(10176K), 0.0026621 secs] [Times: user=0.00 sys=0.00, real=0.00 secs] 
2019-01-02T11:12:10.214+0530: 798.118: [GC (Allocation Failure) 2019-01-02T11:12:10.214+0530: 798.118: [DefNew
Desired survivor size 32768 bytes, new threshold 15 (max 15)
- age   3:        184 bytes,        184 total
- age   8:         16 bytes,        200 total
- age  13:         16 bytes,        216 total
: 896K->0K(960K), 0.0008193 secs] 8663K->8343K(10176K), 0.0009915 secs] [Times: user=0.00 sys=0.00, real=0.00 secs] 
2019-01-02T11:12:10.217+0530: 798.121: [GC (Allocation Failure) 2019-01-02T11:12:10.217+0530: 798.121: [DefNew
Desired survivor size 32768 bytes, new threshold 15 (max 15)
- age   1:         24 bytes,         24 total
- age   4:        184 bytes,        208 total
- age   9:         16 bytes,        224 total
- age  14:         16 bytes,        240 total
: 891K->0K(960K), 0.0004527 secs] 9234K->8824K(10176K), 0.0005588 secs] [Times: user=0.00 sys=0.00, real=0.00 secs] 
2019-01-02T11:12:10.218+0530: 798.122: [GC (Allocation Failure) 2019-01-02T11:12:10.218+0530: 798.122: [DefNew: 499K->499K(960K), 0.0000291 secs]2019-01-02T11:12:10.218+0530: 798.122: [Tenured: 8824K->1231K(9216K), 0.0036348 secs] 9323K->1231K(10176K), [Metaspace: 2520K->2520K(1056768K)], 0.0037859 secs] [Times: user=0.00 sys=0.00, real=0.00 secs] 
2019-01-02T11:12:10.274+0530: 798.178: [GC (Allocation Failure) 2019-01-02T11:12:10.274+0530: 798.178: [DefNew
Desired survivor size 32768 bytes, new threshold 15 (max 15)
- age   1:        248 bytes,        248 total
: 837K->0K(960K), 0.0011620 secs] 2069K->1785K(10176K), 0.0015246 secs] [Times: user=0.00 sys=0.00, real=0.00 secs] 
2019-01-02T11:12:10.277+0530: 798.182: [GC (Allocation Failure) 2019-01-02T11:12:10.277+0530: 798.182: [DefNew
Desired survivor size 32768 bytes, new threshold 15 (max 15)
- age   1:         40 bytes,         40 total
- age   2:        184 bytes,        224 total
: 896K->0K(960K), 0.0006523 secs] 2681K->2073K(10176K), 0.0008267 secs] [Times: user=0.00 sys=0.00, real=0.00 secs] 
2019-01-02T11:12:10.280+0530: 798.184: [GC (Allocation Failure) 2019-01-02T11:12:10.280+0530: 798.184: [DefNew
Desired survivor size 32768 bytes, new threshold 15 (max 15)
- age   3:        184 bytes,        184 total
: 896K->0K(960K), 0.0005240 secs] 2969K->2649K(10176K), 0.0006106 secs] [Times: user=0.00 sys=0.00, real=0.00 secs] 
2019-01-02T11:12:10.282+0530: 798.186: [GC (Allocation Failure) 2019-01-02T11:12:10.282+0530: 798.186: [DefNew
Desired survivor size 32768 bytes, new threshold 15 (max 15)
- age   1:         24 bytes,         24 total
- age   4:        184 bytes,        208 total
: 891K->0K(960K), 0.0006682 secs] 3540K->3130K(10176K), 0.0008062 secs] [Times: user=0.00 sys=0.00, real=0.00 secs] 
2019-01-02T11:12:10.284+0530: 798.188: [GC (Allocation Failure) 2019-01-02T11:12:10.284+0530: 798.188: [DefNew
Desired survivor size 32768 bytes, new threshold 15 (max 15)
- age   1:         24 bytes,         24 total
- age   5:         72 bytes,         96 total
: 499K->0K(960K), 0.0003455 secs] 3629K->3611K(10176K), 0.0004196 secs] [Times: user=0.00 sys=0.00, real=0.00 secs] 
2019-01-02T11:12:10.337+0530: 798.242: [GC (Allocation Failure) 2019-01-02T11:12:10.337+0530: 798.242: [DefNew
Desired survivor size 32768 bytes, new threshold 15 (max 15)
- age   1:        248 bytes,        248 total
- age   6:         16 bytes,        264 total
: 838K->0K(960K), 0.0010559 secs] 4449K->3683K(10176K), 0.0013798 secs] [Times: user=0.00 sys=0.00, real=0.00 secs] 
2019-01-02T11:12:10.341+0530: 798.245: [GC (Allocation Failure) 2019-01-02T11:12:10.341+0530: 798.245: [DefNew
Desired survivor size 32768 bytes, new threshold 15 (max 15)
- age   1:         40 bytes,         40 total
- age   2:        184 bytes,        224 total
- age   7:         16 bytes,        240 total
: 896K->0K(960K), 0.0009824 secs] 4579K->3971K(10176K), 0.0011420 secs] [Times: user=0.02 sys=0.00, real=0.00 secs] 
2019-01-02T11:12:10.343+0530: 798.248: [GC (Allocation Failure) 2019-01-02T11:12:10.343+0530: 798.248: [DefNew
Desired survivor size 32768 bytes, new threshold 15 (max 15)
- age   3:        184 bytes,        184 total
- age   8:         16 bytes,        200 total
: 896K->0K(960K), 0.0011335 secs] 4867K->4547K(10176K), 0.0013251 secs] [Times: user=0.00 sys=0.00, real=0.00 secs] 
2019-01-02T11:12:10.346+0530: 798.250: [GC (Allocation Failure) 2019-01-02T11:12:10.346+0530: 798.250: [DefNew
Desired survivor size 32768 bytes, new threshold 15 (max 15)
- age   1:         24 bytes,         24 total
- age   4:        184 bytes,        208 total
- age   9:         16 bytes,        224 total
: 891K->0K(960K), 0.0004510 secs] 5439K->5028K(10176K), 0.0006049 secs] [Times: user=0.00 sys=0.00, real=0.00 secs] 
2019-01-02T11:12:10.347+0530: 798.251: [GC (Allocation Failure) 2019-01-02T11:12:10.347+0530: 798.251: [DefNew
Desired survivor size 32768 bytes, new threshold 15 (max 15)
- age   1:         24 bytes,         24 total
- age   5:         72 bytes,         96 total
- age  10:         16 bytes,        112 total
: 499K->0K(960K), 0.0007663 secs] 5527K->5509K(10176K), 0.0008798 secs] [Times: user=0.00 sys=0.00, real=0.00 secs] 
2019-01-02T11:12:10.403+0530: 798.307: [GC (Allocation Failure) 2019-01-02T11:12:10.403+0530: 798.308: [DefNew
Desired survivor size 32768 bytes, new threshold 15 (max 15)
- age   1:        248 bytes,        248 total
- age   6:         16 bytes,        264 total
- age  11:         16 bytes,        280 total
: 838K->0K(960K), 0.0007977 secs] 6347K->5581K(10176K), 0.0012680 secs] [Times: user=0.00 sys=0.00, real=0.00 secs] 
2019-01-02T11:12:10.407+0530: 798.311: [GC (Allocation Failure) 2019-01-02T11:12:10.407+0530: 798.311: [DefNew
Desired survivor size 32768 bytes, new threshold 15 (max 15)
- age   1:         40 bytes,         40 total
- age   2:        184 bytes,        224 total
- age   7:         16 bytes,        240 total
- age  12:         16 bytes,        256 total
: 896K->0K(960K), 0.0008729 secs] 6477K->5869K(10176K), 0.0010941 secs] [Times: user=0.00 sys=0.00, real=0.00 secs] 
2019-01-02T11:12:10.409+0530: 798.313: [GC (Allocation Failure) 2019-01-02T11:12:10.409+0530: 798.314: [DefNew
Desired survivor size 32768 bytes, new threshold 15 (max 15)
- age   3:        184 bytes,        184 total
- age   8:         16 bytes,        200 total
- age  13:         16 bytes,        216 total
: 896K->0K(960K), 0.0012338 secs] 6765K->6445K(10176K), 0.0013997 secs] [Times: user=0.00 sys=0.00, real=0.00 secs] 
2019-01-02T11:12:10.412+0530: 798.316: [GC (Allocation Failure) 2019-01-02T11:12:10.412+0530: 798.316: [DefNew
Desired survivor size 32768 bytes, new threshold 15 (max 15)
- age   1:         24 bytes,         24 total
- age   4:        184 bytes,        208 total
- age   9:         16 bytes,        224 total
- age  14:         16 bytes,        240 total
: 891K->0K(960K), 0.0005987 secs] 7337K->6927K(10176K), 0.0006836 secs] [Times: user=0.00 sys=0.00, real=0.00 secs] 
2019-01-02T11:12:10.414+0530: 798.318: [GC (Allocation Failure) 2019-01-02T11:12:10.414+0530: 798.318: [DefNew
Desired survivor size 32768 bytes, new threshold 15 (max 15)
- age   1:         24 bytes,         24 total
- age   5:         72 bytes,         96 total
- age  10:         16 bytes,        112 total
- age  15:         16 bytes,        128 total
: 499K->0K(960K), 0.0012903 secs] 7425K->7408K(10176K), 0.0015411 secs] [Times: user=0.00 sys=0.00, real=0.00 secs] 
2019-01-02T11:12:10.472+0530: 798.377: [GC (Allocation Failure) 2019-01-02T11:12:10.472+0530: 798.377: [DefNew
Desired survivor size 32768 bytes, new threshold 15 (max 15)
- age   1:        248 bytes,        248 total
- age   6:         16 bytes,        264 total
- age  11:         16 bytes,        280 total
: 838K->0K(960K), 0.0006876 secs] 8246K->7480K(10176K), 0.0009647 secs] [Times: user=0.00 sys=0.00, real=0.00 secs] 
2019-01-02T11:12:10.475+0530: 798.380: [GC (Allocation Failure) 2019-01-02T11:12:10.476+0530: 798.380: [DefNew
Desired survivor size 32768 bytes, new threshold 15 (max 15)
- age   1:         40 bytes,         40 total
- age   2:        184 bytes,        224 total
- age   7:         16 bytes,        240 total
- age  12:         16 bytes,        256 total
: 896K->0K(960K), 0.0008729 secs] 8376K->7768K(10176K), 0.0011962 secs] [Times: user=0.00 sys=0.00, real=0.00 secs] 
2019-01-02T11:12:10.478+0530: 798.382: [GC (Allocation Failure) 2019-01-02T11:12:10.478+0530: 798.382: [DefNew
Desired survivor size 32768 bytes, new threshold 15 (max 15)
- age   3:        184 bytes,        184 total
- age   8:         16 bytes,        200 total
- age  13:         16 bytes,        216 total
: 896K->0K(960K), 0.0003735 secs] 8664K->8344K(10176K), 0.0004601 secs] [Times: user=0.00 sys=0.00, real=0.00 secs] 
2019-01-02T11:12:10.481+0530: 798.385: [GC (Allocation Failure) 2019-01-02T11:12:10.481+0530: 798.385: [DefNew
Desired survivor size 32768 bytes, new threshold 15 (max 15)
- age   1:         24 bytes,         24 total
- age   4:        184 bytes,        208 total
- age   9:         16 bytes,        224 total
- age  14:         16 bytes,        240 total
: 891K->0K(960K), 0.0004060 secs] 9235K->8825K(10176K), 0.0005234 secs] [Times: user=0.02 sys=0.00, real=0.00 secs] 
2019-01-02T11:12:10.482+0530: 798.386: [GC (Allocation Failure) 2019-01-02T11:12:10.482+0530: 798.386: [DefNew: 499K->499K(960K), 0.0000291 secs]2019-01-02T11:12:10.482+0530: 798.386: [Tenured: 8825K->1232K(9216K), 0.0044689 secs] 9324K->1232K(10176K), [Metaspace: 2520K->2520K(1056768K)], 0.0046411 secs] [Times: user=0.00 sys=0.00, real=0.00 secs] 
2019-01-02T11:12:10.536+0530: 798.440: [GC (Allocation Failure) 2019-01-02T11:12:10.536+0530: 798.441: [DefNew
Desired survivor size 32768 bytes, new threshold 15 (max 15)
- age   1:        248 bytes,        248 total
: 838K->0K(960K), 0.0016141 secs] 2070K->1785K(10176K), 0.0019197 secs] [Times: user=0.00 sys=0.00, real=0.00 secs] 
2019-01-02T11:12:10.540+0530: 798.444: [GC (Allocation Failure) 2019-01-02T11:12:10.540+0530: 798.444: [DefNew
Desired survivor size 32768 bytes, new threshold 15 (max 15)
- age   1:         40 bytes,         40 total
- age   2:        184 bytes,        224 total
: 896K->0K(960K), 0.0010348 secs] 2681K->2073K(10176K), 0.0013028 secs] [Times: user=0.00 sys=0.00, real=0.00 secs] 
2019-01-02T11:12:10.543+0530: 798.447: [GC (Allocation Failure) 2019-01-02T11:12:10.543+0530: 798.447: [DefNew
Desired survivor size 32768 bytes, new threshold 15 (max 15)
- age   3:        184 bytes,        184 total
: 896K->0K(960K), 0.0009214 secs] 2969K->2649K(10176K), 0.0010588 secs] [Times: user=0.02 sys=0.00, real=0.00 secs] 
2019-01-02T11:12:10.545+0530: 798.450: [GC (Allocation Failure) 2019-01-02T11:12:10.545+0530: 798.450: [DefNew
Desired survivor size 32768 bytes, new threshold 15 (max 15)
- age   1:         24 bytes,         24 total
- age   4:        184 bytes,        208 total
: 891K->0K(960K), 0.0003472 secs] 3541K->3130K(10176K), 0.0004293 secs] [Times: user=0.00 sys=0.00, real=0.00 secs] 
2019-01-02T11:12:10.546+0530: 798.450: [GC (Allocation Failure) 2019-01-02T11:12:10.546+0530: 798.451: [DefNew
Desired survivor size 32768 bytes, new threshold 15 (max 15)
- age   1:         24 bytes,         24 total
- age   5:         72 bytes,         96 total
: 499K->0K(960K), 0.0011939 secs] 3629K->3611K(10176K), 0.0013849 secs] [Times: user=0.00 sys=0.00, real=0.00 secs] 
2019-01-02T11:12:10.600+0530: 798.504: [GC (Allocation Failure) 2019-01-02T11:12:10.600+0530: 798.505: [DefNew
Desired survivor size 32768 bytes, new threshold 15 (max 15)
- age   1:        248 bytes,        248 total
- age   6:         16 bytes,        264 total
: 838K->0K(960K), 0.0007104 secs] 4449K->3684K(10176K), 0.0010223 secs] [Times: user=0.00 sys=0.00, real=0.00 secs] 
2019-01-02T11:12:10.603+0530: 798.507: [GC (Allocation Failure) 2019-01-02T11:12:10.603+0530: 798.507: [DefNew
Desired survivor size 32768 bytes, new threshold 15 (max 15)
- age   1:         40 bytes,         40 total
- age   2:        184 bytes,        224 total
- age   7:         16 bytes,        240 total
: 896K->0K(960K), 0.0005730 secs] 4580K->3972K(10176K), 0.0007292 secs] [Times: user=0.00 sys=0.00, real=0.00 secs] 
2019-01-02T11:12:10.605+0530: 798.509: [GC (Allocation Failure) 2019-01-02T11:12:10.605+0530: 798.510: [DefNew
Desired survivor size 32768 bytes, new threshold 15 (max 15)
- age   3:        184 bytes,        184 total
- age   8:         16 bytes,        200 total
: 896K->0K(960K), 0.0012258 secs] 4868K->4548K(10176K), 0.0014813 secs] [Times: user=0.02 sys=0.00, real=0.00 secs] 
2019-01-02T11:12:10.608+0530: 798.512: [GC (Allocation Failure) 2019-01-02T11:12:10.608+0530: 798.512: [DefNew
Desired survivor size 32768 bytes, new threshold 15 (max 15)
- age   1:         24 bytes,         24 total
- age   4:        184 bytes,        208 total
- age   9:         16 bytes,        224 total
: 891K->0K(960K), 0.0003495 secs] 5439K->5029K(10176K), 0.0004328 secs] [Times: user=0.00 sys=0.00, real=0.00 secs] 
2019-01-02T11:12:10.609+0530: 798.513: [GC (Allocation Failure) 2019-01-02T11:12:10.609+0530: 798.513: [DefNew
Desired survivor size 32768 bytes, new threshold 15 (max 15)
- age   1:         24 bytes,         24 total
- age   5:         72 bytes,         96 total
- age  10:         16 bytes,        112 total
: 499K->0K(960K), 0.0003364 secs] 5528K->5510K(10176K), 0.0004105 secs] [Times: user=0.00 sys=0.00, real=0.00 secs] 
2019-01-02T11:12:10.664+0530: 798.569: [GC (Allocation Failure) 2019-01-02T11:12:10.665+0530: 798.569: [DefNew
Desired survivor size 32768 bytes, new threshold 15 (max 15)
- age   1:        248 bytes,        248 total
- age   6:         16 bytes,        264 total
- age  11:         16 bytes,        280 total
: 838K->0K(960K), 0.0009482 secs] 6348K->5582K(10176K), 0.0013319 secs] [Times: user=0.00 sys=0.00, real=0.00 secs] 
2019-01-02T11:12:10.669+0530: 798.573: [GC (Allocation Failure) 2019-01-02T11:12:10.669+0530: 798.573: [DefNew
Desired survivor size 32768 bytes, new threshold 15 (max 15)
- age   1:         40 bytes,         40 total
- age   2:        184 bytes,        224 total
- age   7:         16 bytes,        240 total
- age  12:         16 bytes,        256 total
: 896K->0K(960K), 0.0007315 secs] 6478K->5870K(10176K), 0.0008507 secs] [Times: user=0.00 sys=0.00, real=0.00 secs] 
2019-01-02T11:12:10.671+0530: 798.575: [GC (Allocation Failure) 2019-01-02T11:12:10.671+0530: 798.575: [DefNew
Desired survivor size 32768 bytes, new threshold 15 (max 15)
- age   3:        184 bytes,        184 total
- age   8:         16 bytes,        200 total
- age  13:         16 bytes,        216 total
: 896K->0K(960K), 0.0011819 secs] 6766K->6446K(10176K), 0.0013382 secs] [Times: user=0.00 sys=0.00, real=0.00 secs] 
2019-01-02T11:12:10.674+0530: 798.578: [GC (Allocation Failure) 2019-01-02T11:12:10.674+0530: 798.578: [DefNew
Desired survivor size 32768 bytes, new threshold 15 (max 15)
- age   1:         24 bytes,         24 total
- age   4:        184 bytes,        208 total
- age   9:         16 bytes,        224 total
- age  14:         16 bytes,        240 total
: 891K->0K(960K), 0.0003666 secs] 7338K->6927K(10176K), 0.0004464 secs] [Times: user=0.00 sys=0.00, real=0.00 secs] 
2019-01-02T11:12:10.674+0530: 798.579: [GC (Allocation Failure) 2019-01-02T11:12:10.674+0530: 798.579: [DefNew
Desired survivor size 32768 bytes, new threshold 15 (max 15)
- age   1:         24 bytes,         24 total
- age   5:         72 bytes,         96 total
- age  10:         16 bytes,        112 total
- age  15:         16 bytes,        128 total
: 499K->0K(960K), 0.0003387 secs] 7426K->7408K(10176K), 0.0004105 secs] [Times: user=0.00 sys=0.00, real=0.00 secs] 
2019-01-02T11:12:10.728+0530: 798.632: [GC (Allocation Failure) 2019-01-02T11:12:10.728+0530: 798.632: [DefNew
Desired survivor size 32768 bytes, new threshold 15 (max 15)
- age   1:        248 bytes,        248 total
- age   6:         16 bytes,        264 total
- age  11:         16 bytes,        280 total
: 838K->0K(960K), 0.0013370 secs] 8247K->7481K(10176K), 0.0016381 secs] [Times: user=0.00 sys=0.00, real=0.00 secs] 
2019-01-02T11:12:10.733+0530: 798.638: [GC (Allocation Failure) 2019-01-02T11:12:10.733+0530: 798.638: [DefNew
Desired survivor size 32768 bytes, new threshold 15 (max 15)
- age   1:         40 bytes,         40 total
- age   2:        184 bytes,        224 total
- age   7:         16 bytes,        240 total
- age  12:         16 bytes,        256 total
: 896K->0K(960K), 0.0005992 secs] 8377K->7769K(10176K), 0.0007224 secs] [Times: user=0.00 sys=0.00, real=0.00 secs] 
2019-01-02T11:12:10.735+0530: 798.640: [GC (Allocation Failure) 2019-01-02T11:12:10.736+0530: 798.640: [DefNew
Desired survivor size 32768 bytes, new threshold 15 (max 15)
- age   3:        184 bytes,        184 total
- age   8:         16 bytes,        200 total
- age  13:         16 bytes,        216 total
: 896K->0K(960K), 0.0009271 secs] 8665K->8345K(10176K), 0.0010588 secs] [Times: user=0.00 sys=0.00, real=0.00 secs] 
2019-01-02T11:12:10.738+0530: 798.642: [GC (Allocation Failure) 2019-01-02T11:12:10.738+0530: 798.642: [DefNew
Desired survivor size 32768 bytes, new threshold 15 (max 15)
- age   1:         24 bytes,         24 total
- age   4:        184 bytes,        208 total
- age   9:         16 bytes,        224 total
- age  14:         16 bytes,        240 total
: 891K->0K(960K), 0.0003518 secs] 9236K->8826K(10176K), 0.0004259 secs] [Times: user=0.00 sys=0.00, real=0.00 secs] 
2019-01-02T11:12:10.739+0530: 798.643: [GC (Allocation Failure) 2019-01-02T11:12:10.739+0530: 798.643: [DefNew: 499K->499K(960K), 0.0000296 secs]2019-01-02T11:12:10.739+0530: 798.643: [Tenured: 8826K->1232K(9216K), 0.0037180 secs] 9325K->1232K(10176K), [Metaspace: 2520K->2520K(1056768K)], 0.0038799 secs] [Times: user=0.00 sys=0.00, real=0.00 secs] 
2019-01-02T11:12:10.794+0530: 798.698: [GC (Allocation Failure) 2019-01-02T11:12:10.794+0530: 798.698: [DefNew
Desired survivor size 32768 bytes, new threshold 15 (max 15)
- age   1:        248 bytes,        248 total
: 838K->0K(960K), 0.0013735 secs] 2070K->1785K(10176K), 0.0017299 secs] [Times: user=0.00 sys=0.00, real=0.00 secs] 
2019-01-02T11:12:10.798+0530: 798.702: [GC (Allocation Failure) 2019-01-02T11:12:10.798+0530: 798.702: [DefNew
Desired survivor size 32768 bytes, new threshold 15 (max 15)
- age   1:         40 bytes,         40 total
- age   2:        184 bytes,        224 total
: 896K->0K(960K), 0.0008267 secs] 2681K->2073K(10176K), 0.0009961 secs] [Times: user=0.00 sys=0.00, real=0.00 secs] 
2019-01-02T11:12:10.801+0530: 798.705: [GC (Allocation Failure) 2019-01-02T11:12:10.801+0530: 798.705: [DefNew
Desired survivor size 32768 bytes, new threshold 15 (max 15)
- age   3:        184 bytes,        184 total
: 896K->0K(960K), 0.0005627 secs] 2969K->2649K(10176K), 0.0006654 secs] [Times: user=0.00 sys=0.00, real=0.00 secs] 
2019-01-02T11:12:10.803+0530: 798.707: [GC (Allocation Failure) 2019-01-02T11:12:10.803+0530: 798.707: [DefNew
Desired survivor size 32768 bytes, new threshold 15 (max 15)
- age   1:         24 bytes,         24 total
- age   4:        184 bytes,        208 total
: 891K->0K(960K), 0.0008775 secs] 3541K->3131K(10176K), 0.0009670 secs] [Times: user=0.00 sys=0.00, real=0.00 secs] 
2019-01-02T11:12:10.804+0530: 798.709: [GC (Allocation Failure) 2019-01-02T11:12:10.804+0530: 798.709: [DefNew
Desired survivor size 32768 bytes, new threshold 15 (max 15)
- age   1:         24 bytes,         24 total
- age   5:         72 bytes,         96 total
: 499K->0K(960K), 0.0003250 secs] 3630K->3612K(10176K), 0.0003803 secs] [Times: user=0.00 sys=0.00, real=0.00 secs] 
2019-01-02T11:12:10.856+0530: 798.760: [GC (Allocation Failure) 2019-01-02T11:12:10.856+0530: 798.760: [DefNew
Desired survivor size 32768 bytes, new threshold 15 (max 15)
- age   1:        248 bytes,        248 total
- age   6:         16 bytes,        264 total
: 838K->0K(960K), 0.0011626 secs] 4450K->3684K(10176K), 0.0014596 secs] [Times: user=0.00 sys=0.00, real=0.00 secs] 
2019-01-02T11:12:10.859+0530: 798.763: [GC (Allocation Failure) 2019-01-02T11:12:10.860+0530: 798.763: [DefNew
Desired survivor size 32768 bytes, new threshold 15 (max 15)
- age   1:         40 bytes,         40 total
- age   2:        184 bytes,        224 total
- age   7:         16 bytes,        240 total
: 896K->0K(960K), 0.0007173 secs] 4580K->3972K(10176K), 0.0009413 secs] [Times: user=0.00 sys=0.00, real=0.00 secs] 
2019-01-02T11:12:10.862+0530: 798.766: [GC (Allocation Failure) 2019-01-02T11:12:10.862+0530: 798.766: [DefNew
Desired survivor size 32768 bytes, new threshold 15 (max 15)
- age   3:        184 bytes,        184 total
- age   8:         16 bytes,        200 total
: 896K->0K(960K), 0.0009111 secs] 4868K->4548K(10176K), 0.0010537 secs] [Times: user=0.00 sys=0.00, real=0.00 secs] 
2019-01-02T11:12:10.864+0530: 798.768: [GC (Allocation Failure) 2019-01-02T11:12:10.864+0530: 798.768: [DefNew
Desired survivor size 32768 bytes, new threshold 15 (max 15)
- age   1:         24 bytes,         24 total
- age   4:        184 bytes,        208 total
- age   9:         16 bytes,        224 total
: 891K->0K(960K), 0.0003370 secs] 5439K->5029K(10176K), 0.0003985 secs] [Times: user=0.00 sys=0.00, real=0.00 secs] 
2019-01-02T11:12:10.865+0530: 798.769: [GC (Allocation Failure) 2019-01-02T11:12:10.866+0530: 798.769: [DefNew
Desired survivor size 32768 bytes, new threshold 15 (max 15)
- age   1:         24 bytes,         24 total
- age   5:         72 bytes,         96 total
- age  10:         16 bytes,        112 total
: 499K->0K(960K), 0.0013308 secs] 5528K->5510K(10176K), 0.0014955 secs] [Times: user=0.00 sys=0.00, real=0.00 secs] 
2019-01-02T11:12:10.923+0530: 798.826: [GC (Allocation Failure) 2019-01-02T11:12:10.923+0530: 798.827: [DefNew
Desired survivor size 32768 bytes, new threshold 15 (max 15)
- age   1:        248 bytes,        248 total
- age   6:         16 bytes,        264 total
- age  11:         16 bytes,        280 total
: 838K->0K(960K), 0.0010445 secs] 6349K->5583K(10176K), 0.0015486 secs] [Times: user=0.00 sys=0.00, real=0.00 secs] 
2019-01-02T11:12:10.926+0530: 798.830: [GC (Allocation Failure) 2019-01-02T11:12:10.926+0530: 798.830: [DefNew
Desired survivor size 32768 bytes, new threshold 15 (max 15)
- age   1:         40 bytes,         40 total
- age   2:        184 bytes,        224 total
- age   7:         16 bytes,        240 total
- age  12:         16 bytes,        256 total
: 896K->0K(960K), 0.0010206 secs] 6479K->5871K(10176K), 0.0013045 secs] [Times: user=0.00 sys=0.00, real=0.00 secs] 
2019-01-02T11:12:10.930+0530: 798.833: [GC (Allocation Failure) 2019-01-02T11:12:10.930+0530: 798.833: [DefNew
Desired survivor size 32768 bytes, new threshold 15 (max 15)
- age   3:        184 bytes,        184 total
- age   8:         16 bytes,        200 total
- age  13:         16 bytes,        216 total
: 896K->0K(960K), 0.0008136 secs] 6767K->6447K(10176K), 0.0010251 secs] [Times: user=0.00 sys=0.00, real=0.00 secs] 
2019-01-02T11:12:10.933+0530: 798.836: [GC (Allocation Failure) 2019-01-02T11:12:10.933+0530: 798.836: [DefNew
Desired survivor size 32768 bytes, new threshold 15 (max 15)
- age   1:         24 bytes,         24 total
- age   4:        184 bytes,        208 total
- age   9:         16 bytes,        224 total
- age  14:         16 bytes,        240 total
: 891K->0K(960K), 0.0012013 secs] 7338K->6928K(10176K), 0.0013667 secs] [Times: user=0.00 sys=0.00, real=0.00 secs] 
2019-01-02T11:12:10.934+0530: 798.838: [GC (Allocation Failure) 2019-01-02T11:12:10.934+0530: 798.838: [DefNew
Desired survivor size 32768 bytes, new threshold 15 (max 15)
- age   1:         24 bytes,         24 total
- age   5:         72 bytes,         96 total
- age  10:         16 bytes,        112 total
- age  15:         16 bytes,        128 total
: 499K->0K(960K), 0.0003506 secs] 7427K->7409K(10176K), 0.0004134 secs] [Times: user=0.00 sys=0.00, real=0.00 secs] 
2019-01-02T11:12:10.995+0530: 798.899: [GC (Allocation Failure) 2019-01-02T11:12:10.995+0530: 798.899: [DefNew
Desired survivor size 32768 bytes, new threshold 15 (max 15)
- age   1:        248 bytes,        248 total
- age   6:         16 bytes,        264 total
- age  11:         16 bytes,        280 total
: 838K->0K(960K), 0.0008062 secs] 8247K->7481K(10176K), 0.0011015 secs] [Times: user=0.00 sys=0.00, real=0.00 secs] 
2019-01-02T11:12:10.998+0530: 798.902: [GC (Allocation Failure) 2019-01-02T11:12:10.998+0530: 798.902: [DefNew
Desired survivor size 32768 bytes, new threshold 15 (max 15)
- age   1:         40 bytes,         40 total
- age   2:        184 bytes,        224 total
- age   7:         16 bytes,        240 total
- age  12:         16 bytes,        256 total
: 896K->0K(960K), 0.0013256 secs] 8377K->7769K(10176K), 0.0014841 secs] [Times: user=0.00 sys=0.00, real=0.00 secs] 
2019-01-02T11:12:11.002+0530: 798.905: [GC (Allocation Failure) 2019-01-02T11:12:11.002+0530: 798.905: [DefNew
Desired survivor size 32768 bytes, new threshold 15 (max 15)
- age   3:        184 bytes,        184 total
- age   8:         16 bytes,        200 total
- age  13:         16 bytes,        216 total
: 896K->0K(960K), 0.0012395 secs] 8665K->8345K(10176K), 0.0014288 secs] [Times: user=0.00 sys=0.00, real=0.00 secs] 
2019-01-02T11:12:11.005+0530: 798.908: [GC (Allocation Failure) 2019-01-02T11:12:11.005+0530: 798.908: [DefNew
Desired survivor size 32768 bytes, new threshold 15 (max 15)
- age   1:         24 bytes,         24 total
- age   4:        184 bytes,        208 total
- age   9:         16 bytes,        224 total
- age  14:         16 bytes,        240 total
: 891K->0K(960K), 0.0007247 secs] 9237K->8827K(10176K), 0.0008735 secs] [Times: user=0.00 sys=0.00, real=0.00 secs] 
2019-01-02T11:12:11.006+0530: 798.910: [GC (Allocation Failure) 2019-01-02T11:12:11.006+0530: 798.910: [DefNew: 499K->499K(960K), 0.0000257 secs]2019-01-02T11:12:11.006+0530: 798.910: [Tenured: 8826K->1232K(9216K), 0.0036131 secs] 9326K->1232K(10176K), [Metaspace: 2520K->2520K(1056768K)], 0.0037459 secs] [Times: user=0.00 sys=0.00, real=0.00 secs] 
2019-01-02T11:12:11.061+0530: 798.965: [GC (Allocation Failure) 2019-01-02T11:12:11.061+0530: 798.965: [DefNew
Desired survivor size 32768 bytes, new threshold 15 (max 15)
- age   1:        248 bytes,        248 total
: 838K->0K(960K), 0.0013097 secs] 2070K->1786K(10176K), 0.0015383 secs] [Times: user=0.00 sys=0.00, real=0.00 secs] 
2019-01-02T11:12:11.065+0530: 798.968: [GC (Allocation Failure) 2019-01-02T11:12:11.065+0530: 798.969: [DefNew
Desired survivor size 32768 bytes, new threshold 15 (max 15)
- age   1:         40 bytes,         40 total
- age   2:        184 bytes,        224 total
: 896K->0K(960K), 0.0006032 secs] 2682K->2074K(10176K), 0.0008712 secs] [Times: user=0.00 sys=0.00, real=0.00 secs] 
2019-01-02T11:12:11.067+0530: 798.971: [GC (Allocation Failure) 2019-01-02T11:12:11.067+0530: 798.971: [DefNew
Desired survivor size 32768 bytes, new threshold 15 (max 15)
- age   3:        184 bytes,        184 total
: 896K->0K(960K), 0.0012333 secs] 2970K->2650K(10176K), 0.0014300 secs] [Times: user=0.00 sys=0.00, real=0.00 secs] 
2019-01-02T11:12:11.070+0530: 798.974: [GC (Allocation Failure) 2019-01-02T11:12:11.070+0530: 798.974: [DefNew
Desired survivor size 32768 bytes, new threshold 15 (max 15)
- age   1:         24 bytes,         24 total
- age   4:        184 bytes,        208 total
: 891K->0K(960K), 0.0010132 secs] 3541K->3131K(10176K), 0.0011454 secs] [Times: user=0.00 sys=0.00, real=0.00 secs] 
2019-01-02T11:12:11.072+0530: 798.976: [GC (Allocation Failure) 2019-01-02T11:12:11.072+0530: 798.976: [DefNew
Desired survivor size 32768 bytes, new threshold 15 (max 15)
- age   1:         24 bytes,         24 total
- age   5:         72 bytes,         96 total
: 499K->0K(960K), 0.0006728 secs] 3630K->3612K(10176K), 0.0007800 secs] [Times: user=0.00 sys=0.00, real=0.00 secs] 
2019-01-02T11:12:11.124+0530: 799.028: [GC (Allocation Failure) 2019-01-02T11:12:11.124+0530: 799.028: [DefNew
Desired survivor size 32768 bytes, new threshold 15 (max 15)
- age   1:        248 bytes,        248 total
- age   6:         16 bytes,        264 total
: 838K->0K(960K), 0.0012156 secs] 4451K->3684K(10176K), 0.0015474 secs] [Times: user=0.00 sys=0.00, real=0.00 secs] 
2019-01-02T11:12:11.128+0530: 799.032: [GC (Allocation Failure) 2019-01-02T11:12:11.128+0530: 799.032: [DefNew
Desired survivor size 32768 bytes, new threshold 15 (max 15)
- age   1:         40 bytes,         40 total
- age   2:        184 bytes,        224 total
- age   7:         16 bytes,        240 total
: 896K->0K(960K), 0.0009835 secs] 4580K->3972K(10176K), 0.0013986 secs] [Times: user=0.00 sys=0.00, real=0.00 secs] 
2019-01-02T11:12:11.132+0530: 799.035: [GC (Allocation Failure) 2019-01-02T11:12:11.132+0530: 799.036: [DefNew
Desired survivor size 32768 bytes, new threshold 15 (max 15)
- age   3:        184 bytes,        184 total
- age   8:         16 bytes,        200 total
: 896K->0K(960K), 0.0010559 secs] 4868K->4548K(10176K), 0.0012937 secs] [Times: user=0.00 sys=0.00, real=0.00 secs] 
2019-01-02T11:12:11.135+0530: 799.039: [GC (Allocation Failure) 2019-01-02T11:12:11.135+0530: 799.039: [DefNew
Desired survivor size 32768 bytes, new threshold 15 (max 15)
- age   1:         24 bytes,         24 total
- age   4:        184 bytes,        208 total
- age   9:         16 bytes,        224 total
: 891K->0K(960K), 0.0005274 secs] 5440K->5030K(10176K), 0.0006449 secs] [Times: user=0.00 sys=0.00, real=0.00 secs] 
2019-01-02T11:12:11.137+0530: 799.041: [GC (Allocation Failure) 2019-01-02T11:12:11.137+0530: 799.041: [DefNew
Desired survivor size 32768 bytes, new threshold 15 (max 15)
- age   1:         24 bytes,         24 total
- age   5:         72 bytes,         96 total
- age  10:         16 bytes,        112 total
: 499K->0K(960K), 0.0010126 secs] 5529K->5511K(10176K), 0.0011301 secs] [Times: user=0.01 sys=0.00, real=0.00 secs] 
2019-01-02T11:12:11.192+0530: 799.095: [GC (Allocation Failure) 2019-01-02T11:12:11.192+0530: 799.096: [DefNew
Desired survivor size 32768 bytes, new threshold 15 (max 15)
- age   1:        248 bytes,        248 total
- age   6:         16 bytes,        264 total
- age  11:         16 bytes,        280 total
: 838K->0K(960K), 0.0010759 secs] 6349K->5583K(10176K), 0.0014311 secs] [Times: user=0.00 sys=0.00, real=0.00 secs] 
2019-01-02T11:12:11.195+0530: 799.099: [GC (Allocation Failure) 2019-01-02T11:12:11.195+0530: 799.099: [DefNew
Desired survivor size 32768 bytes, new threshold 15 (max 15)
- age   1:         40 bytes,         40 total
- age   2:        184 bytes,        224 total
- age   7:         16 bytes,        240 total
- age  12:         16 bytes,        256 total
: 896K->0K(960K), 0.0011762 secs] 6479K->5871K(10176K), 0.0014009 secs] [Times: user=0.00 sys=0.00, real=0.00 secs] 
2019-01-02T11:12:11.198+0530: 799.102: [GC (Allocation Failure) 2019-01-02T11:12:11.198+0530: 799.102: [DefNew
Desired survivor size 32768 bytes, new threshold 15 (max 15)
- age   3:        184 bytes,        184 total
- age   8:         16 bytes,        200 total
- age  13:         16 bytes,        216 total
: 896K->0K(960K), 0.0004955 secs] 6767K->6447K(10176K), 0.0006363 secs] [Times: user=0.00 sys=0.00, real=0.00 secs] 
2019-01-02T11:12:11.200+0530: 799.104: [GC (Allocation Failure) 2019-01-02T11:12:11.200+0530: 799.104: [DefNew
Desired survivor size 32768 bytes, new threshold 15 (max 15)
- age   1:         24 bytes,         24 total
- age   4:        184 bytes,        208 total
- age   9:         16 bytes,        224 total
- age  14:         16 bytes,        240 total
: 891K->0K(960K), 0.0003963 secs] 7339K->6929K(10176K), 0.0004846 secs] [Times: user=0.00 sys=0.00, real=0.00 secs] 
2019-01-02T11:12:11.202+0530: 799.106: [GC (Allocation Failure) 2019-01-02T11:12:11.202+0530: 799.106: [DefNew
Desired survivor size 32768 bytes, new threshold 15 (max 15)
- age   1:         24 bytes,         24 total
- age   5:         72 bytes,         96 total
- age  10:         16 bytes,        112 total
- age  15:         16 bytes,        128 total
: 499K->0K(960K), 0.0003871 secs] 7428K->7410K(10176K), 0.0004846 secs] [Times: user=0.00 sys=0.00, real=0.00 secs] 
2019-01-02T11:12:11.254+0530: 799.158: [GC (Allocation Failure) 2019-01-02T11:12:11.254+0530: 799.158: [DefNew
Desired survivor size 32768 bytes, new threshold 15 (max 15)
- age   1:        248 bytes,        248 total
- age   6:         16 bytes,        264 total
- age  11:         16 bytes,        280 total
: 838K->0K(960K), 0.0011283 secs] 8248K->7482K(10176K), 0.0014459 secs] [Times: user=0.00 sys=0.00, real=0.00 secs] 
2019-01-02T11:12:11.257+0530: 799.161: [GC (Allocation Failure) 2019-01-02T11:12:11.257+0530: 799.161: [DefNew
Desired survivor size 32768 bytes, new threshold 15 (max 15)
- age   1:         40 bytes,         40 total
- age   2:        184 bytes,        224 total
- age   7:         16 bytes,        240 total
- age  12:         16 bytes,        256 total
: 896K->0K(960K), 0.0006072 secs] 8378K->7770K(10176K), 0.0007270 secs] [Times: user=0.00 sys=0.00, real=0.00 secs] 
2019-01-02T11:12:11.259+0530: 799.163: [GC (Allocation Failure) 2019-01-02T11:12:11.260+0530: 799.163: [DefNew
Desired survivor size 32768 bytes, new threshold 15 (max 15)
- age   3:        184 bytes,        184 total
- age   8:         16 bytes,        200 total
- age  13:         16 bytes,        216 total
: 896K->0K(960K), 0.0009271 secs] 8666K->8346K(10176K), 0.0012047 secs] [Times: user=0.00 sys=0.00, real=0.00 secs] 
2019-01-02T11:12:11.262+0530: 799.166: [GC (Allocation Failure) 2019-01-02T11:12:11.262+0530: 799.166: [DefNew
Desired survivor size 32768 bytes, new threshold 15 (max 15)
- age   1:         24 bytes,         24 total
- age   4:        184 bytes,        208 total
- age   9:         16 bytes,        224 total
- age  14:         16 bytes,        240 total
: 891K->0K(960K), 0.0003666 secs] 9238K->8827K(10176K), 0.0004493 secs] [Times: user=0.00 sys=0.00, real=0.00 secs] 
2019-01-02T11:12:11.263+0530: 799.167: [GC (Allocation Failure) 2019-01-02T11:12:11.263+0530: 799.167: [DefNew: 499K->499K(960K), 0.0000348 secs]2019-01-02T11:12:11.263+0530: 799.167: [Tenured: 8827K->1232K(9216K), 0.0037209 secs] 9327K->1232K(10176K), [Metaspace: 2520K->2520K(1056768K)], 0.0038822 secs] [Times: user=0.00 sys=0.00, real=0.00 secs] 
2019-01-02T11:12:11.320+0530: 799.224: [GC (Allocation Failure) 2019-01-02T11:12:11.320+0530: 799.224: [DefNew
Desired survivor size 32768 bytes, new threshold 15 (max 15)
- age   1:        248 bytes,        248 total
: 838K->0K(960K), 0.0013963 secs] 2071K->1786K(10176K), 0.0017059 secs] [Times: user=0.00 sys=0.00, real=0.00 secs] 
2019-01-02T11:12:11.323+0530: 799.227: [GC (Allocation Failure) 2019-01-02T11:12:11.323+0530: 799.227: [DefNew
Desired survivor size 32768 bytes, new threshold 15 (max 15)
- age   1:         40 bytes,         40 total
- age   2:        184 bytes,        224 total
: 896K->0K(960K), 0.0007355 secs] 2682K->2074K(10176K), 0.0008512 secs] [Times: user=0.00 sys=0.02, real=0.00 secs] 
2019-01-02T11:12:11.325+0530: 799.229: [GC (Allocation Failure) 2019-01-02T11:12:11.326+0530: 799.229: [DefNew
Desired survivor size 32768 bytes, new threshold 15 (max 15)
- age   3:        184 bytes,        184 total
: 896K->0K(960K), 0.0011340 secs] 2970K->2650K(10176K), 0.0013444 secs] [Times: user=0.00 sys=0.00, real=0.00 secs] 
2019-01-02T11:12:11.329+0530: 799.232: [GC (Allocation Failure) 2019-01-02T11:12:11.329+0530: 799.232: [DefNew
Desired survivor size 32768 bytes, new threshold 15 (max 15)
- age   1:         24 bytes,         24 total
- age   4:        184 bytes,        208 total
: 891K->0K(960K), 0.0003615 secs] 3541K->3131K(10176K), 0.0004504 secs] [Times: user=0.00 sys=0.00, real=0.00 secs] 
2019-01-02T11:12:11.330+0530: 799.233: [GC (Allocation Failure) 2019-01-02T11:12:11.330+0530: 799.233: [DefNew
Desired survivor size 32768 bytes, new threshold 15 (max 15)
- age   1:         24 bytes,         24 total
- age   5:         72 bytes,         96 total
: 499K->0K(960K), 0.0003318 secs] 3630K->3613K(10176K), 0.0004060 secs] [Times: user=0.00 sys=0.00, real=0.00 secs] 
2019-01-02T11:12:11.383+0530: 799.287: [GC (Allocation Failure) 2019-01-02T11:12:11.383+0530: 799.287: [DefNew
Desired survivor size 32768 bytes, new threshold 15 (max 15)
- age   1:        248 bytes,        248 total
- age   6:         16 bytes,        264 total
: 838K->0K(960K), 0.0008741 secs] 4451K->3685K(10176K), 0.0011819 secs] [Times: user=0.00 sys=0.00, real=0.00 secs] 
2019-01-02T11:12:11.387+0530: 799.290: [GC (Allocation Failure) 2019-01-02T11:12:11.387+0530: 799.291: [DefNew
Desired survivor size 32768 bytes, new threshold 15 (max 15)
- age   1:         40 bytes,         40 total
- age   2:        184 bytes,        224 total
- age   7:         16 bytes,        240 total
: 896K->0K(960K), 0.0010594 secs] 4581K->3973K(10176K), 0.0012823 secs] [Times: user=0.00 sys=0.00, real=0.00 secs] 
2019-01-02T11:12:11.389+0530: 799.293: [GC (Allocation Failure) 2019-01-02T11:12:11.390+0530: 799.293: [DefNew
Desired survivor size 32768 bytes, new threshold 15 (max 15)
- age   3:        184 bytes,        184 total
- age   8:         16 bytes,        200 total
: 896K->0K(960K), 0.0007406 secs] 4869K->4549K(10176K), 0.0009259 secs] [Times: user=0.00 sys=0.00, real=0.00 secs] 
2019-01-02T11:12:11.392+0530: 799.296: [GC (Allocation Failure) 2019-01-02T11:12:11.393+0530: 799.296: [DefNew
Desired survivor size 32768 bytes, new threshold 15 (max 15)
- age   1:         24 bytes,         24 total
- age   4:        184 bytes,        208 total
- age   9:         16 bytes,        224 total
: 891K->0K(960K), 0.0008655 secs] 5440K->5030K(10176K), 0.0011158 secs] [Times: user=0.00 sys=0.00, real=0.00 secs] 
2019-01-02T11:12:11.395+0530: 799.298: [GC (Allocation Failure) 2019-01-02T11:12:11.395+0530: 799.298: [DefNew
Desired survivor size 32768 bytes, new threshold 15 (max 15)
- age   1:         24 bytes,         24 total
- age   5:         72 bytes,         96 total
- age  10:         16 bytes,        112 total
: 499K->0K(960K), 0.0003461 secs] 5529K->5512K(10176K), 0.0004242 secs] [Times: user=0.00 sys=0.00, real=0.00 secs] 
2019-01-02T11:12:11.453+0530: 799.357: [GC (Allocation Failure) 2019-01-02T11:12:11.453+0530: 799.357: [DefNew
Desired survivor size 32768 bytes, new threshold 15 (max 15)
- age   1:        248 bytes,        248 total
- age   6:         16 bytes,        264 total
- age  11:         16 bytes,        280 total
: 838K->0K(960K), 0.0012372 secs] 6350K->5584K(10176K), 0.0015394 secs] [Times: user=0.00 sys=0.00, real=0.00 secs] 
2019-01-02T11:12:11.456+0530: 799.360: [GC (Allocation Failure) 2019-01-02T11:12:11.456+0530: 799.360: [DefNew
Desired survivor size 32768 bytes, new threshold 15 (max 15)
- age   1:         40 bytes,         40 total
- age   2:        184 bytes,        224 total
- age   7:         16 bytes,        240 total
- age  12:         16 bytes,        256 total
: 896K->0K(960K), 0.0008438 secs] 6480K->5872K(10176K), 0.0009522 secs] [Times: user=0.00 sys=0.00, real=0.00 secs] 
2019-01-02T11:12:11.459+0530: 799.362: [GC (Allocation Failure) 2019-01-02T11:12:11.459+0530: 799.362: [DefNew
Desired survivor size 32768 bytes, new threshold 15 (max 15)
- age   3:        184 bytes,        184 total
- age   8:         16 bytes,        200 total
- age  13:         16 bytes,        216 total
: 896K->0K(960K), 0.0009362 secs] 6768K->6448K(10176K), 0.0010326 secs] [Times: user=0.00 sys=0.00, real=0.00 secs] 
2019-01-02T11:12:11.462+0530: 799.366: [GC (Allocation Failure) 2019-01-02T11:12:11.462+0530: 799.366: [DefNew
Desired survivor size 32768 bytes, new threshold 15 (max 15)
- age   1:         24 bytes,         24 total
- age   4:        184 bytes,        208 total
- age   9:         16 bytes,        224 total
- age  14:         16 bytes,        240 total
: 891K->0K(960K), 0.0003963 secs] 7339K->6929K(10176K), 0.0004875 secs] [Times: user=0.00 sys=0.00, real=0.00 secs] 
2019-01-02T11:12:11.463+0530: 799.366: [GC (Allocation Failure) 2019-01-02T11:12:11.463+0530: 799.366: [DefNew
Desired survivor size 32768 bytes, new threshold 15 (max 15)
- age   1:         24 bytes,         24 total
- age   5:         72 bytes,         96 total
- age  10:         16 bytes,        112 total
- age  15:         16 bytes,        128 total
: 499K->0K(960K), 0.0003467 secs] 7428K->7411K(10176K), 0.0004350 secs] [Times: user=0.00 sys=0.00, real=0.00 secs] 
2019-01-02T11:12:11.518+0530: 799.422: [GC (Allocation Failure) 2019-01-02T11:12:11.518+0530: 799.422: [DefNew
Desired survivor size 32768 bytes, new threshold 15 (max 15)
- age   1:        248 bytes,        248 total
- age   6:         16 bytes,        264 total
- age  11:         16 bytes,        280 total
: 838K->0K(960K), 0.0011426 secs] 8249K->7483K(10176K), 0.0014647 secs] [Times: user=0.00 sys=0.00, real=0.00 secs] 
2019-01-02T11:12:11.521+0530: 799.425: [GC (Allocation Failure) 2019-01-02T11:12:11.522+0530: 799.425: [DefNew
Desired survivor size 32768 bytes, new threshold 15 (max 15)
- age   1:         40 bytes,         40 total
- age   2:        184 bytes,        224 total
- age   7:         16 bytes,        240 total
- age  12:         16 bytes,        256 total
: 896K->0K(960K), 0.0010257 secs] 8379K->7771K(10176K), 0.0012429 secs] [Times: user=0.00 sys=0.00, real=0.00 secs] 
2019-01-02T11:12:11.524+0530: 799.428: [GC (Allocation Failure) 2019-01-02T11:12:11.524+0530: 799.428: [DefNew
Desired survivor size 32768 bytes, new threshold 15 (max 15)
- age   3:        184 bytes,        184 total
- age   8:         16 bytes,        200 total
- age  13:         16 bytes,        216 total
: 896K->0K(960K), 0.0007823 secs] 8667K->8347K(10176K), 0.0009123 secs] [Times: user=0.00 sys=0.00, real=0.00 secs] 
2019-01-02T11:12:11.527+0530: 799.430: [GC (Allocation Failure) 2019-01-02T11:12:11.527+0530: 799.431: [DefNew
Desired survivor size 32768 bytes, new threshold 15 (max 15)
- age   1:         24 bytes,         24 total
- age   4:        184 bytes,        208 total
- age   9:         16 bytes,        224 total
- age  14:         16 bytes,        240 total
: 891K->0K(960K), 0.0006238 secs] 9239K->8828K(10176K), 0.0008461 secs] [Times: user=0.00 sys=0.00, real=0.00 secs] 
2019-01-02T11:12:11.528+0530: 799.432: [GC (Allocation Failure) 2019-01-02T11:12:11.528+0530: 799.432: [DefNew: 499K->499K(960K), 0.0000365 secs]2019-01-02T11:12:11.528+0530: 799.432: [Tenured: 8828K->1232K(9216K), 0.0036102 secs] 9328K->1232K(10176K), [Metaspace: 2520K->2520K(1056768K)], 0.0037722 secs] [Times: user=0.00 sys=0.00, real=0.00 secs] 
2019-01-02T11:12:11.588+0530: 799.491: [GC (Allocation Failure) 2019-01-02T11:12:11.588+0530: 799.492: [DefNew
Desired survivor size 32768 bytes, new threshold 15 (max 15)
- age   1:        248 bytes,        248 total
: 838K->0K(960K), 0.0004538 secs] 2071K->1786K(10176K), 0.0005918 secs] [Times: user=0.00 sys=0.00, real=0.00 secs] 
2019-01-02T11:12:11.590+0530: 799.493: [GC (Allocation Failure) 2019-01-02T11:12:11.590+0530: 799.493: [DefNew
Desired survivor size 32768 bytes, new threshold 15 (max 15)
- age   1:         40 bytes,         40 total
- age   2:        184 bytes,        224 total
: 896K->0K(960K), 0.0006517 secs] 2682K->2074K(10176K), 0.0008313 secs] [Times: user=0.00 sys=0.00, real=0.00 secs] 
2019-01-02T11:12:11.594+0530: 799.497: [GC (Allocation Failure) 2019-01-02T11:12:11.594+0530: 799.498: [DefNew
Desired survivor size 32768 bytes, new threshold 15 (max 15)
- age   3:        184 bytes,        184 total
: 896K->0K(960K), 0.0010023 secs] 2970K->2650K(10176K), 0.0013228 secs] [Times: user=0.00 sys=0.00, real=0.00 secs] 
2019-01-02T11:12:11.597+0530: 799.501: [GC (Allocation Failure) 2019-01-02T11:12:11.597+0530: 799.501: [DefNew
Desired survivor size 32768 bytes, new threshold 15 (max 15)
- age   1:         24 bytes,         24 total
- age   4:        184 bytes,        208 total
: 891K->0K(960K), 0.0003615 secs] 3542K->3131K(10176K), 0.0004339 secs] [Times: user=0.00 sys=0.00, real=0.00 secs] 
2019-01-02T11:12:11.598+0530: 799.502: [GC (Allocation Failure) 2019-01-02T11:12:11.598+0530: 799.502: [DefNew
Desired survivor size 32768 bytes, new threshold 15 (max 15)
- age   1:         24 bytes,         24 total
- age   5:         72 bytes,         96 total
: 499K->0K(960K), 0.0003666 secs] 3631K->3613K(10176K), 0.0004510 secs] [Times: user=0.00 sys=0.00, real=0.00 secs] 
2019-01-02T11:12:11.657+0530: 799.561: [GC (Allocation Failure) 2019-01-02T11:12:11.657+0530: 799.561: [DefNew
Desired survivor size 32768 bytes, new threshold 15 (max 15)
- age   1:        248 bytes,        248 total
- age   6:         16 bytes,        264 total
: 838K->0K(960K), 0.0007024 secs] 4452K->3685K(10176K), 0.0008473 secs] [Times: user=0.00 sys=0.00, real=0.00 secs] 
2019-01-02T11:12:11.659+0530: 799.563: [GC (Allocation Failure) 2019-01-02T11:12:11.659+0530: 799.563: [DefNew
Desired survivor size 32768 bytes, new threshold 15 (max 15)
- age   1:         40 bytes,         40 total
- age   2:        184 bytes,        224 total
- age   7:         16 bytes,        240 total
: 896K->0K(960K), 0.0010839 secs] 4581K->3973K(10176K), 0.0012686 secs] [Times: user=0.00 sys=0.00, real=0.00 secs] 
2019-01-02T11:12:11.662+0530: 799.566: [GC (Allocation Failure) 2019-01-02T11:12:11.662+0530: 799.566: [DefNew
Desired survivor size 32768 bytes, new threshold 15 (max 15)
- age   3:        184 bytes,        184 total
- age   8:         16 bytes,        200 total
: 896K->0K(960K), 0.0012070 secs] 4869K->4549K(10176K), 0.0013444 secs] [Times: user=0.00 sys=0.00, real=0.00 secs] 
2019-01-02T11:12:11.665+0530: 799.569: [GC (Allocation Failure) 2019-01-02T11:12:11.665+0530: 799.569: [DefNew
Desired survivor size 32768 bytes, new threshold 15 (max 15)
- age   1:         24 bytes,         24 total
- age   4:        184 bytes,        208 total
- age   9:         16 bytes,        224 total
: 892K->0K(960K), 0.0004396 secs] 5441K->5031K(10176K), 0.0005223 secs] [Times: user=0.00 sys=0.00, real=0.00 secs] 
2019-01-02T11:12:11.666+0530: 799.569: [GC (Allocation Failure) 2019-01-02T11:12:11.666+0530: 799.569: [DefNew
Desired survivor size 32768 bytes, new threshold 15 (max 15)
- age   1:         24 bytes,         24 total
- age   5:         72 bytes,         96 total
- age  10:         16 bytes,        112 total
: 499K->0K(960K), 0.0004333 secs] 5530K->5512K(10176K), 0.0005097 secs] [Times: user=0.00 sys=0.00, real=0.00 secs] 
2019-01-02T11:12:11.719+0530: 799.623: [GC (Allocation Failure) 2019-01-02T11:12:11.719+0530: 799.623: [DefNew
Desired survivor size 32768 bytes, new threshold 15 (max 15)
- age   1:        248 bytes,        248 total
- age   6:         16 bytes,        264 total
- age  11:         16 bytes,        280 total
: 838K->0K(960K), 0.0049205 secs] 6351K->5584K(10176K), 0.0053492 secs] [Times: user=0.00 sys=0.00, real=0.01 secs] 
2019-01-02T11:12:11.726+0530: 799.630: [GC (Allocation Failure) 2019-01-02T11:12:11.727+0530: 799.630: [DefNew
Desired survivor size 32768 bytes, new threshold 15 (max 15)
- age   1:         40 bytes,         40 total
- age   2:        184 bytes,        224 total
- age   7:         16 bytes,        240 total
- age  12:         16 bytes,        256 total
: 896K->0K(960K), 0.0014471 secs] 6480K->5872K(10176K), 0.0018473 secs] [Times: user=0.00 sys=0.00, real=0.00 secs] 
2019-01-02T11:12:11.730+0530: 799.633: [GC (Allocation Failure) 2019-01-02T11:12:11.730+0530: 799.633: [DefNew
Desired survivor size 32768 bytes, new threshold 15 (max 15)
- age   3:        184 bytes,        184 total
- age   8:         16 bytes,        200 total
- age  13:         16 bytes,        216 total
: 896K->0K(960K), 0.0004795 secs] 6768K->6448K(10176K), 0.0005850 secs] [Times: user=0.00 sys=0.00, real=0.00 secs] 
2019-01-02T11:12:11.732+0530: 799.635: [GC (Allocation Failure) 2019-01-02T11:12:11.732+0530: 799.635: [DefNew
Desired survivor size 32768 bytes, new threshold 15 (max 15)
- age   1:         24 bytes,         24 total
- age   4:        184 bytes,        208 total
- age   9:         16 bytes,        224 total
- age  14:         16 bytes,        240 total
: 892K->0K(960K), 0.0003575 secs] 7340K->6930K(10176K), 0.0004413 secs] [Times: user=0.00 sys=0.00, real=0.00 secs] 
2019-01-02T11:12:11.732+0530: 799.636: [GC (Allocation Failure) 2019-01-02T11:12:11.732+0530: 799.636: [DefNew
Desired survivor size 32768 bytes, new threshold 15 (max 15)
- age   1:         24 bytes,         24 total
- age   5:         72 bytes,         96 total
- age  10:         16 bytes,        112 total
- age  15:         16 bytes,        128 total
: 499K->0K(960K), 0.0003364 secs] 7429K->7411K(10176K), 0.0003940 secs] [Times: user=0.00 sys=0.00, real=0.00 secs] 
2019-01-02T11:12:11.785+0530: 799.689: [GC (Allocation Failure) 2019-01-02T11:12:11.785+0530: 799.689: [DefNew
Desired survivor size 32768 bytes, new threshold 15 (max 15)
- age   1:        248 bytes,        248 total
- age   6:         16 bytes,        264 total
- age  11:         16 bytes,        280 total
: 838K->0K(960K), 0.0010508 secs] 8250K->7484K(10176K), 0.0013524 secs] [Times: user=0.00 sys=0.00, real=0.00 secs] 
2019-01-02T11:12:11.788+0530: 799.692: [GC (Allocation Failure) 2019-01-02T11:12:11.788+0530: 799.692: [DefNew
Desired survivor size 32768 bytes, new threshold 15 (max 15)
- age   1:         40 bytes,         40 total
- age   2:        184 bytes,        224 total
- age   7:         16 bytes,        240 total
- age  12:         16 bytes,        256 total
: 896K->0K(960K), 0.0011124 secs] 8380K->7772K(10176K), 0.0012908 secs] [Times: user=0.00 sys=0.00, real=0.00 secs] 
2019-01-02T11:12:11.792+0530: 799.696: [GC (Allocation Failure) 2019-01-02T11:12:11.792+0530: 799.696: [DefNew
Desired survivor size 32768 bytes, new threshold 15 (max 15)
- age   3:        184 bytes,        184 total
- age   8:         16 bytes,        200 total
- age  13:         16 bytes,        216 total
: 896K->0K(960K), 0.0008227 secs] 8668K->8347K(10176K), 0.0009539 secs] [Times: user=0.01 sys=0.00, real=0.00 secs] 
2019-01-02T11:12:11.794+0530: 799.698: [GC (Allocation Failure) 2019-01-02T11:12:11.794+0530: 799.698: [DefNew
Desired survivor size 32768 bytes, new threshold 15 (max 15)
- age   1:         24 bytes,         24 total
- age   4:        184 bytes,        208 total
- age   9:         16 bytes,        224 total
- age  14:         16 bytes,        240 total
: 892K->0K(960K), 0.0003586 secs] 9239K->8829K(10176K), 0.0004715 secs] [Times: user=0.00 sys=0.00, real=0.00 secs] 
2019-01-02T11:12:11.795+0530: 799.699: [GC (Allocation Failure) 2019-01-02T11:12:11.795+0530: 799.699: [DefNew: 499K->499K(960K), 0.0000239 secs]2019-01-02T11:12:11.795+0530: 799.699: [Tenured: 8829K->1232K(9216K), 0.0036291 secs] 9328K->1232K(10176K), [Metaspace: 2520K->2520K(1056768K)], 0.0037562 secs] [Times: user=0.00 sys=0.00, real=0.00 secs] 
2019-01-02T11:12:11.850+0530: 799.754: [GC (Allocation Failure) 2019-01-02T11:12:11.850+0530: 799.754: [DefNew
Desired survivor size 32768 bytes, new threshold 15 (max 15)
- age   1:        248 bytes,        248 total
: 838K->0K(960K), 0.0015554 secs] 2071K->1786K(10176K), 0.0017287 secs] [Times: user=0.00 sys=0.00, real=0.00 secs] 
2019-01-02T11:12:11.854+0530: 799.758: [GC (Allocation Failure) 2019-01-02T11:12:11.854+0530: 799.758: [DefNew
Desired survivor size 32768 bytes, new threshold 15 (max 15)
- age   1:         40 bytes,         40 total
- age   2:        184 bytes,        224 total
: 896K->0K(960K), 0.0013040 secs] 2682K->2074K(10176K), 0.0015001 secs] [Times: user=0.02 sys=0.00, real=0.00 secs] 
2019-01-02T11:12:11.857+0530: 799.761: [GC (Allocation Failure) 2019-01-02T11:12:11.857+0530: 799.761: [DefNew
Desired survivor size 32768 bytes, new threshold 15 (max 15)
- age   3:        184 bytes,        184 total
: 896K->0K(960K), 0.0011483 secs] 2970K->2650K(10176K), 0.0014151 secs] [Times: user=0.00 sys=0.00, real=0.00 secs] 
2019-01-02T11:12:11.860+0530: 799.764: [GC (Allocation Failure) 2019-01-02T11:12:11.860+0530: 799.764: [DefNew
Desired survivor size 32768 bytes, new threshold 15 (max 15)
- age   1:         24 bytes,         24 total
- age   4:        184 bytes,        208 total
: 892K->0K(960K), 0.0008490 secs] 3542K->3132K(10176K), 0.0009516 secs] [Times: user=0.00 sys=0.00, real=0.00 secs] 
2019-01-02T11:12:11.862+0530: 799.766: [GC (Allocation Failure) 2019-01-02T11:12:11.862+0530: 799.766: [DefNew
Desired survivor size 32768 bytes, new threshold 15 (max 15)
- age   1:         24 bytes,         24 total
- age   5:         72 bytes,         96 total
: 499K->0K(960K), 0.0003478 secs] 3631K->3613K(10176K), 0.0004442 secs] [Times: user=0.00 sys=0.00, real=0.00 secs] 
2019-01-02T11:12:11.910+0530: 799.814: [GC (Allocation Failure) 2019-01-02T11:12:11.910+0530: 799.814: [DefNew
Desired survivor size 32768 bytes, new threshold 15 (max 15)
- age   1:        248 bytes,        248 total
- age   6:         16 bytes,        264 total
: 838K->0K(960K), 0.0011130 secs] 4452K->3686K(10176K), 0.0015349 secs] [Times: user=0.00 sys=0.00, real=0.00 secs] 
2019-01-02T11:12:11.913+0530: 799.817: [GC (Allocation Failure) 2019-01-02T11:12:11.913+0530: 799.817: [DefNew
Desired survivor size 32768 bytes, new threshold 15 (max 15)
- age   1:         40 bytes,         40 total
- age   2:        184 bytes,        224 total
- age   7:         16 bytes,        240 total
: 896K->0K(960K), 0.0008632 secs] 4582K->3974K(10176K), 0.0011876 secs] [Times: user=0.00 sys=0.00, real=0.00 secs] 
2019-01-02T11:12:11.916+0530: 799.820: [GC (Allocation Failure) 2019-01-02T11:12:11.916+0530: 799.820: [DefNew
Desired survivor size 32768 bytes, new threshold 15 (max 15)
- age   3:        184 bytes,        184 total
- age   8:         16 bytes,        200 total
: 896K->0K(960K), 0.0010280 secs] 4870K->4550K(10176K), 0.0011717 secs] [Times: user=0.01 sys=0.00, real=0.00 secs] 
2019-01-02T11:12:11.919+0530: 799.823: [GC (Allocation Failure) 2019-01-02T11:12:11.919+0530: 799.823: [DefNew
Desired survivor size 32768 bytes, new threshold 15 (max 15)
- age   1:         24 bytes,         24 total
- age   4:        184 bytes,        208 total
- age   9:         16 bytes,        224 total
: 892K->0K(960K), 0.0003769 secs] 5441K->5031K(10176K), 0.0004624 secs] [Times: user=0.00 sys=0.00, real=0.00 secs] 
2019-01-02T11:12:11.920+0530: 799.823: [GC (Allocation Failure) 2019-01-02T11:12:11.920+0530: 799.823: [DefNew
Desired survivor size 32768 bytes, new threshold 15 (max 15)
- age   1:         24 bytes,         24 total
- age   5:         72 bytes,         96 total
- age  10:         16 bytes,        112 total
: 499K->0K(960K), 0.0003375 secs] 5531K->5513K(10176K), 0.0004162 secs] [Times: user=0.00 sys=0.00, real=0.00 secs] 
2019-01-02T11:12:11.978+0530: 799.882: [GC (Allocation Failure) 2019-01-02T11:12:11.979+0530: 799.882: [DefNew
Desired survivor size 32768 bytes, new threshold 15 (max 15)
- age   1:        248 bytes,        248 total
- age   6:         16 bytes,        264 total
- age  11:         16 bytes,        280 total
: 838K->0K(960K), 0.0008307 secs] 6351K->5585K(10176K), 0.0012241 secs] [Times: user=0.02 sys=0.00, real=0.00 secs] 
2019-01-02T11:12:11.982+0530: 799.885: [GC (Allocation Failure) 2019-01-02T11:12:11.982+0530: 799.886: [DefNew
Desired survivor size 32768 bytes, new threshold 15 (max 15)
- age   1:         40 bytes,         40 total
- age   2:        184 bytes,        224 total
- age   7:         16 bytes,        240 total
- age  12:         16 bytes,        256 total
: 896K->0K(960K), 0.0006203 secs] 6481K->5873K(10176K), 0.0009088 secs] [Times: user=0.00 sys=0.00, real=0.00 secs] 
2019-01-02T11:12:11.984+0530: 799.888: [GC (Allocation Failure) 2019-01-02T11:12:11.984+0530: 799.888: [DefNew
Desired survivor size 32768 bytes, new threshold 15 (max 15)
- age   3:        184 bytes,        184 total
- age   8:         16 bytes,        200 total
- age  13:         16 bytes,        216 total
: 896K->0K(960K), 0.0004151 secs] 6769K->6449K(10176K), 0.0005046 secs] [Times: user=0.00 sys=0.00, real=0.00 secs] 
2019-01-02T11:12:11.985+0530: 799.889: [GC (Allocation Failure) 2019-01-02T11:12:11.986+0530: 799.889: [DefNew
Desired survivor size 32768 bytes, new threshold 15 (max 15)
- age   1:         24 bytes,         24 total
- age   4:        184 bytes,        208 total
- age   9:         16 bytes,        224 total
- age  14:         16 bytes,        240 total
: 892K->0K(960K), 0.0003427 secs] 7341K->6930K(10176K), 0.0004253 secs] [Times: user=0.00 sys=0.00, real=0.00 secs] 
2019-01-02T11:12:11.986+0530: 799.890: [GC (Allocation Failure) 2019-01-02T11:12:11.986+0530: 799.890: [DefNew
Desired survivor size 32768 bytes, new threshold 15 (max 15)
- age   1:         24 bytes,         24 total
- age   5:         72 bytes,         96 total
- age  10:         16 bytes,        112 total
- age  15:         16 bytes,        128 total
: 499K->0K(960K), 0.0003261 secs] 7430K->7412K(10176K), 0.0003814 secs] [Times: user=0.00 sys=0.00, real=0.00 secs] 
2019-01-02T11:12:12.044+0530: 799.947: [GC (Allocation Failure) 2019-01-02T11:12:12.044+0530: 799.947: [DefNew
Desired survivor size 32768 bytes, new threshold 15 (max 15)
- age   1:        248 bytes,        248 total
- age   6:         16 bytes,        264 total
- age  11:         16 bytes,        280 total
: 838K->0K(960K), 0.0008205 secs] 8251K->7484K(10176K), 0.0010867 secs] [Times: user=0.00 sys=0.00, real=0.00 secs] 
2019-01-02T11:12:12.046+0530: 799.950: [GC (Allocation Failure) 2019-01-02T11:12:12.046+0530: 799.950: [DefNew
Desired survivor size 32768 bytes, new threshold 15 (max 15)
- age   1:         40 bytes,         40 total
- age   2:        184 bytes,        224 total
- age   7:         16 bytes,        240 total
- age  12:         16 bytes,        256 total
: 896K->0K(960K), 0.0010502 secs] 8380K->7772K(10176K), 0.0012087 secs] [Times: user=0.00 sys=0.00, real=0.00 secs] 
2019-01-02T11:12:12.049+0530: 799.953: [GC (Allocation Failure) 2019-01-02T11:12:12.049+0530: 799.953: [DefNew
Desired survivor size 32768 bytes, new threshold 15 (max 15)
- age   1:         40 bytes,         40 total
- age   3:        184 bytes,        224 total
- age   8:         16 bytes,        240 total
- age  13:         16 bytes,        256 total
: 896K->0K(960K), 0.0013114 secs] 8668K->8348K(10176K), 0.0018576 secs] [Times: user=0.00 sys=0.00, real=0.00 secs] 
2019-01-02T11:12:12.052+0530: 799.956: [GC (Allocation Failure) 2019-01-02T11:12:12.052+0530: 799.956: [DefNew
Desired survivor size 32768 bytes, new threshold 15 (max 15)
- age   1:         24 bytes,         24 total
- age   4:        184 bytes,        208 total
- age   9:         16 bytes,        224 total
- age  14:         16 bytes,        240 total
: 892K->0K(960K), 0.0003923 secs] 9240K->8830K(10176K), 0.0004641 secs] [Times: user=0.00 sys=0.00, real=0.00 secs] 
2019-01-02T11:12:12.053+0530: 799.957: [GC (Allocation Failure) 2019-01-02T11:12:12.053+0530: 799.957: [DefNew: 499K->499K(960K), 0.0000251 secs]2019-01-02T11:12:12.053+0530: 799.957: [Tenured: 8830K->1232K(9216K), 0.0046679 secs] 9329K->1232K(10176K), [Metaspace: 2520K->2520K(1056768K)], 0.0049279 secs] [Times: user=0.01 sys=0.00, real=0.01 secs] 
2019-01-02T11:12:12.110+0530: 800.014: [GC (Allocation Failure) 2019-01-02T11:12:12.111+0530: 800.015: [DefNew
Desired survivor size 32768 bytes, new threshold 15 (max 15)
- age   1:        248 bytes,        248 total
: 838K->0K(960K), 0.0011819 secs] 2071K->1786K(10176K), 0.0014533 secs] [Times: user=0.00 sys=0.00, real=0.00 secs] 
2019-01-02T11:12:12.114+0530: 800.018: [GC (Allocation Failure) 2019-01-02T11:12:12.114+0530: 800.018: [DefNew
Desired survivor size 32768 bytes, new threshold 15 (max 15)
- age   1:         40 bytes,         40 total
- age   2:        184 bytes,        224 total
: 896K->0K(960K), 0.0009316 secs] 2682K->2074K(10176K), 0.0011255 secs] [Times: user=0.00 sys=0.00, real=0.00 secs] 
2019-01-02T11:12:12.116+0530: 800.020: [GC (Allocation Failure) 2019-01-02T11:12:12.116+0530: 800.020: [DefNew
Desired survivor size 32768 bytes, new threshold 15 (max 15)
- age   1:         40 bytes,         40 total
- age   3:        184 bytes,        224 total
: 896K->0K(960K), 0.0007395 secs] 2970K->2650K(10176K), 0.0009607 secs] [Times: user=0.00 sys=0.00, real=0.00 secs] 
2019-01-02T11:12:12.119+0530: 800.023: [GC (Allocation Failure) 2019-01-02T11:12:12.119+0530: 800.023: [DefNew
Desired survivor size 32768 bytes, new threshold 15 (max 15)
- age   1:         24 bytes,         24 total
- age   4:        184 bytes,        208 total
: 892K->0K(960K), 0.0003678 secs] 3542K->3132K(10176K), 0.0004499 secs] [Times: user=0.00 sys=0.00, real=0.00 secs] 
2019-01-02T11:12:12.120+0530: 800.024: [GC (Allocation Failure) 2019-01-02T11:12:12.120+0530: 800.024: [DefNew
Desired survivor size 32768 bytes, new threshold 15 (max 15)
- age   1:         24 bytes,         24 total
- age   5:         72 bytes,         96 total
: 499K->0K(960K), 0.0003199 secs] 3632K->3614K(10176K), 0.0003740 secs] [Times: user=0.00 sys=0.00, real=0.00 secs] 
2019-01-02T11:12:12.176+0530: 800.080: [GC (Allocation Failure) 2019-01-02T11:12:12.176+0530: 800.080: [DefNew
Desired survivor size 32768 bytes, new threshold 15 (max 15)
- age   1:        248 bytes,        248 total
- age   6:         16 bytes,        264 total
: 838K->0K(960K), 0.0006488 secs] 4453K->3686K(10176K), 0.0008604 secs] [Times: user=0.00 sys=0.00, real=0.00 secs] 
2019-01-02T11:12:12.179+0530: 800.082: [GC (Allocation Failure) 2019-01-02T11:12:12.179+0530: 800.082: [DefNew
Desired survivor size 32768 bytes, new threshold 15 (max 15)
- age   1:         40 bytes,         40 total
- age   2:        184 bytes,        224 total
- age   7:         16 bytes,        240 total
: 896K->0K(960K), 0.0012829 secs] 4582K->3974K(10176K), 0.0014881 secs] [Times: user=0.00 sys=0.00, real=0.00 secs] 
2019-01-02T11:12:12.182+0530: 800.086: [GC (Allocation Failure) 2019-01-02T11:12:12.182+0530: 800.086: [DefNew
Desired survivor size 32768 bytes, new threshold 15 (max 15)
- age   1:         40 bytes,         40 total
- age   3:        184 bytes,        224 total
- age   8:         16 bytes,        240 total
: 896K->0K(960K), 0.0004664 secs] 4870K->4550K(10176K), 0.0006135 secs] [Times: user=0.01 sys=0.00, real=0.00 secs] 
2019-01-02T11:12:12.183+0530: 800.087: [GC (Allocation Failure) 2019-01-02T11:12:12.183+0530: 800.087: [DefNew
Desired survivor size 32768 bytes, new threshold 15 (max 15)
- age   1:         24 bytes,         24 total
- age   4:        184 bytes,        208 total
- age   9:         16 bytes,        224 total
: 892K->0K(960K), 0.0003381 secs] 5442K->5032K(10176K), 0.0003974 secs] [Times: user=0.00 sys=0.00, real=0.00 secs] 
2019-01-02T11:12:12.184+0530: 800.088: [GC (Allocation Failure) 2019-01-02T11:12:12.184+0530: 800.088: [DefNew
Desired survivor size 32768 bytes, new threshold 15 (max 15)
- age   1:         24 bytes,         24 total
- age   5:         72 bytes,         96 total
- age  10:         16 bytes,        112 total
: 499K->0K(960K), 0.0003256 secs] 5531K->5513K(10176K), 0.0003792 secs] [Times: user=0.00 sys=0.00, real=0.00 secs] 
2019-01-02T11:12:12.237+0530: 800.141: [GC (Allocation Failure) 2019-01-02T11:12:12.237+0530: 800.141: [DefNew
Desired survivor size 32768 bytes, new threshold 15 (max 15)
- age   1:        248 bytes,        248 total
- age   6:         16 bytes,        264 total
- age  11:         16 bytes,        280 total
: 838K->0K(960K), 0.0006540 secs] 6352K->5585K(10176K), 0.0010394 secs] [Times: user=0.00 sys=0.00, real=0.00 secs] 
2019-01-02T11:12:12.240+0530: 800.144: [GC (Allocation Failure) 2019-01-02T11:12:12.241+0530: 800.145: [DefNew
Desired survivor size 32768 bytes, new threshold 15 (max 15)
- age   1:         40 bytes,         40 total
- age   2:        184 bytes,        224 total
- age   7:         16 bytes,        240 total
- age  12:         16 bytes,        256 total
: 896K->0K(960K), 0.0006255 secs] 6481K->5873K(10176K), 0.0013541 secs] [Times: user=0.00 sys=0.00, real=0.00 secs] 
2019-01-02T11:12:12.243+0530: 800.147: [GC (Allocation Failure) 2019-01-02T11:12:12.243+0530: 800.147: [DefNew
Desired survivor size 32768 bytes, new threshold 15 (max 15)
- age   1:         40 bytes,         40 total
- age   3:        184 bytes,        224 total
- age   8:         16 bytes,        240 total
- age  13:         16 bytes,        256 total
: 896K->0K(960K), 0.0009043 secs] 6769K->6449K(10176K), 0.0011854 secs] [Times: user=0.00 sys=0.02, real=0.00 secs] 
2019-01-02T11:12:12.246+0530: 800.150: [GC (Allocation Failure) 2019-01-02T11:12:12.246+0530: 800.150: [DefNew
Desired survivor size 32768 bytes, new threshold 15 (max 15)
- age   1:         24 bytes,         24 total
- age   4:        184 bytes,        208 total
- age   9:         16 bytes,        224 total
- age  14:         16 bytes,        240 total
: 892K->0K(960K), 0.0009408 secs] 7342K->6931K(10176K), 0.0010759 secs] [Times: user=0.00 sys=0.00, real=0.00 secs] 
2019-01-02T11:12:12.248+0530: 800.152: [GC (Allocation Failure) 2019-01-02T11:12:12.248+0530: 800.152: [DefNew
Desired survivor size 32768 bytes, new threshold 15 (max 15)
- age   1:         24 bytes,         24 total
- age   5:         72 bytes,         96 total
- age  10:         16 bytes,        112 total
- age  15:         16 bytes,        128 total
: 499K->0K(960K), 0.0008438 secs] 7431K->7413K(10176K), 0.0010126 secs] [Times: user=0.00 sys=0.00, real=0.00 secs] 
2019-01-02T11:12:12.304+0530: 800.208: [GC (Allocation Failure) 2019-01-02T11:12:12.304+0530: 800.208: [DefNew
Desired survivor size 32768 bytes, new threshold 15 (max 15)
- age   1:        248 bytes,        248 total
- age   6:         16 bytes,        264 total
- age  11:         16 bytes,        280 total
: 839K->0K(960K), 0.0006734 secs] 8252K->7485K(10176K), 0.0009630 secs] [Times: user=0.00 sys=0.00, real=0.00 secs] 
2019-01-02T11:12:12.307+0530: 800.211: [GC (Allocation Failure) 2019-01-02T11:12:12.307+0530: 800.211: [DefNew
Desired survivor size 32768 bytes, new threshold 15 (max 15)
- age   1:         40 bytes,         40 total
- age   2:        184 bytes,        224 total
- age   7:         16 bytes,        240 total
- age  12:         16 bytes,        256 total
: 896K->0K(960K), 0.0010502 secs] 8381K->7773K(10176K), 0.0012276 secs] [Times: user=0.00 sys=0.00, real=0.00 secs] 
2019-01-02T11:12:12.309+0530: 800.213: [GC (Allocation Failure) 2019-01-02T11:12:12.309+0530: 800.213: [DefNew
Desired survivor size 32768 bytes, new threshold 15 (max 15)
- age   1:         40 bytes,         40 total
- age   3:        184 bytes,        224 total
- age   8:         16 bytes,        240 total
- age  13:         16 bytes,        256 total
: 896K->0K(960K), 0.0008398 secs] 8669K->8349K(10176K), 0.0009653 secs] [Times: user=0.00 sys=0.00, real=0.00 secs] 
2019-01-02T11:12:12.312+0530: 800.216: [GC (Allocation Failure) 2019-01-02T11:12:12.312+0530: 800.216: [DefNew
Desired survivor size 32768 bytes, new threshold 15 (max 15)
- age   1:         24 bytes,         24 total
- age   4:        184 bytes,        208 total
- age   9:         16 bytes,        224 total
- age  14:         16 bytes,        240 total
: 892K->0K(960K), 0.0011591 secs] 9241K->8831K(10176K), 0.0013792 secs] [Times: user=0.00 sys=0.00, real=0.00 secs] 
2019-01-02T11:12:12.314+0530: 800.218: [GC (Allocation Failure) 2019-01-02T11:12:12.314+0530: 800.218: [DefNew: 499K->499K(960K), 0.0000257 secs]2019-01-02T11:12:12.314+0530: 800.218: [Tenured: 8831K->1233K(9216K), 0.0036205 secs] 9330K->1233K(10176K), [Metaspace: 2520K->2520K(1056768K)], 0.0037585 secs] [Times: user=0.00 sys=0.00, real=0.00 secs] 
2019-01-02T11:12:12.373+0530: 800.277: [GC (Allocation Failure) 2019-01-02T11:12:12.373+0530: 800.277: [DefNew
Desired survivor size 32768 bytes, new threshold 15 (max 15)
- age   1:        248 bytes,        248 total
: 839K->0K(960K), 0.0017487 secs] 2072K->1787K(10176K), 0.0019551 secs] [Times: user=0.00 sys=0.00, real=0.00 secs] 
2019-01-02T11:12:12.376+0530: 800.280: [GC (Allocation Failure) 2019-01-02T11:12:12.377+0530: 800.280: [DefNew
Desired survivor size 32768 bytes, new threshold 15 (max 15)
- age   1:         40 bytes,         40 total
- age   2:        184 bytes,        224 total
: 896K->0K(960K), 0.0003997 secs] 2683K->2075K(10176K), 0.0004972 secs] [Times: user=0.00 sys=0.00, real=0.00 secs] 
2019-01-02T11:12:12.378+0530: 800.282: [GC (Allocation Failure) 2019-01-02T11:12:12.378+0530: 800.282: [DefNew
Desired survivor size 32768 bytes, new threshold 15 (max 15)
- age   1:         40 bytes,         40 total
- age   3:        184 bytes,        224 total
: 896K->0K(960K), 0.0009704 secs] 2971K->2651K(10176K), 0.0011209 secs] [Times: user=0.00 sys=0.00, real=0.00 secs] 
2019-01-02T11:12:12.381+0530: 800.285: [GC (Allocation Failure) 2019-01-02T11:12:12.381+0530: 800.285: [DefNew
Desired survivor size 32768 bytes, new threshold 15 (max 15)
- age   1:         24 bytes,         24 total
- age   4:        184 bytes,        208 total
: 892K->0K(960K), 0.0012475 secs] 3543K->3132K(10176K), 0.0014134 secs] [Times: user=0.00 sys=0.00, real=0.00 secs] 
2019-01-02T11:12:12.383+0530: 800.286: [GC (Allocation Failure) 2019-01-02T11:12:12.383+0530: 800.286: [DefNew
Desired survivor size 32768 bytes, new threshold 15 (max 15)
- age   1:         24 bytes,         24 total
- age   5:         72 bytes,         96 total
: 499K->0K(960K), 0.0003415 secs] 3632K->3614K(10176K), 0.0004168 secs] [Times: user=0.00 sys=0.00, real=0.00 secs] 
2019-01-02T11:12:12.446+0530: 800.350: [GC (Allocation Failure) 2019-01-02T11:12:12.446+0530: 800.350: [DefNew
Desired survivor size 32768 bytes, new threshold 15 (max 15)
- age   1:        248 bytes,        248 total
- age   6:         16 bytes,        264 total
: 839K->0K(960K), 0.0006152 secs] 4453K->3686K(10176K), 0.0008638 secs] [Times: user=0.00 sys=0.02, real=0.00 secs] 
2019-01-02T11:12:12.449+0530: 800.353: [GC (Allocation Failure) 2019-01-02T11:12:12.449+0530: 800.353: [DefNew
Desired survivor size 32768 bytes, new threshold 15 (max 15)
- age   1:         40 bytes,         40 total
- age   2:        184 bytes,        224 total
- age   7:         16 bytes,        240 total
: 896K->0K(960K), 0.0007771 secs] 4582K->3974K(10176K), 0.0009373 secs] [Times: user=0.00 sys=0.00, real=0.00 secs] 
2019-01-02T11:12:12.452+0530: 800.355: [GC (Allocation Failure) 2019-01-02T11:12:12.452+0530: 800.356: [DefNew
Desired survivor size 32768 bytes, new threshold 15 (max 15)
- age   1:         40 bytes,         40 total
- age   3:        184 bytes,        224 total
- age   8:         16 bytes,        240 total
: 896K->0K(960K), 0.0011192 secs] 4870K->4550K(10176K), 0.0012829 secs] [Times: user=0.00 sys=0.00, real=0.00 secs] 
2019-01-02T11:12:12.454+0530: 800.358: [GC (Allocation Failure) 2019-01-02T11:12:12.454+0530: 800.358: [DefNew
Desired survivor size 32768 bytes, new threshold 15 (max 15)
- age   1:         24 bytes,         24 total
- age   4:        184 bytes,        208 total
- age   9:         16 bytes,        224 total
: 892K->0K(960K), 0.0003552 secs] 5443K->5032K(10176K), 0.0004379 secs] [Times: user=0.00 sys=0.00, real=0.00 secs] 
2019-01-02T11:12:12.455+0530: 800.359: [GC (Allocation Failure) 2019-01-02T11:12:12.455+0530: 800.359: [DefNew
Desired survivor size 32768 bytes, new threshold 15 (max 15)
- age   1:         24 bytes,         24 total
- age   5:         72 bytes,         96 total
- age  10:         16 bytes,        112 total
: 499K->0K(960K), 0.0003392 secs] 5532K->5514K(10176K), 0.0004122 secs] [Times: user=0.00 sys=0.00, real=0.00 secs] 
2019-01-02T11:12:12.510+0530: 800.414: [GC (Allocation Failure) 2019-01-02T11:12:12.510+0530: 800.414: [DefNew
Desired survivor size 32768 bytes, new threshold 15 (max 15)
- age   1:        248 bytes,        248 total
- age   6:         16 bytes,        264 total
- age  11:         16 bytes,        280 total
: 839K->0K(960K), 0.0012424 secs] 6353K->5586K(10176K), 0.0016523 secs] [Times: user=0.00 sys=0.00, real=0.00 secs] 
2019-01-02T11:12:12.513+0530: 800.417: [GC (Allocation Failure) 2019-01-02T11:12:12.513+0530: 800.417: [DefNew
Desired survivor size 32768 bytes, new threshold 15 (max 15)
- age   1:         40 bytes,         40 total
- age   2:        184 bytes,        224 total
- age   7:         16 bytes,        240 total
- age  12:         16 bytes,        256 total
: 896K->0K(960K), 0.0007840 secs] 6482K->5874K(10176K), 0.0009214 secs] [Times: user=0.00 sys=0.00, real=0.00 secs] 
2019-01-02T11:12:12.516+0530: 800.420: [GC (Allocation Failure) 2019-01-02T11:12:12.516+0530: 800.420: [DefNew
Desired survivor size 32768 bytes, new threshold 15 (max 15)
- age   1:         40 bytes,         40 total
- age   3:        184 bytes,        224 total
- age   8:         16 bytes,        240 total
- age  13:         16 bytes,        256 total
: 896K->0K(960K), 0.0008330 secs] 6770K->6450K(10176K), 0.0010571 secs] [Times: user=0.00 sys=0.00, real=0.00 secs] 
2019-01-02T11:12:12.519+0530: 800.423: [GC (Allocation Failure) 2019-01-02T11:12:12.519+0530: 800.423: [DefNew
Desired survivor size 32768 bytes, new threshold 15 (max 15)
- age   1:         24 bytes,         24 total
- age   4:        184 bytes,        208 total
- age   9:         16 bytes,        224 total
- age  14:         16 bytes,        240 total
: 892K->0K(960K), 0.0003706 secs] 7342K->6932K(10176K), 0.0004396 secs] [Times: user=0.00 sys=0.00, real=0.00 secs] 
2019-01-02T11:12:12.519+0530: 800.423: [GC (Allocation Failure) 2019-01-02T11:12:12.519+0530: 800.423: [DefNew
Desired survivor size 32768 bytes, new threshold 15 (max 15)
- age   1:         24 bytes,         24 total
- age   5:         72 bytes,         96 total
- age  10:         16 bytes,        112 total
- age  15:         16 bytes,        128 total
: 499K->0K(960K), 0.0003307 secs] 7431K->7414K(10176K), 0.0003888 secs] [Times: user=0.00 sys=0.00, real=0.00 secs] 
2019-01-02T11:12:12.574+0530: 800.478: [GC (Allocation Failure) 2019-01-02T11:12:12.574+0530: 800.478: [DefNew
Desired survivor size 32768 bytes, new threshold 15 (max 15)
- age   1:        248 bytes,        248 total
- age   6:         16 bytes,        264 total
- age  11:         16 bytes,        280 total
: 839K->0K(960K), 0.0014893 secs] 8253K->7486K(10176K), 0.0016728 secs] [Times: user=0.00 sys=0.00, real=0.00 secs] 
2019-01-02T11:12:12.578+0530: 800.482: [GC (Allocation Failure) 2019-01-02T11:12:12.578+0530: 800.482: [DefNew
Desired survivor size 32768 bytes, new threshold 15 (max 15)
- age   1:         40 bytes,         40 total
- age   2:        184 bytes,        224 total
- age   7:         16 bytes,        240 total
- age  12:         16 bytes,        256 total
: 896K->0K(960K), 0.0008210 secs] 8382K->7774K(10176K), 0.0010993 secs] [Times: user=0.00 sys=0.00, real=0.00 secs] 
2019-01-02T11:12:12.581+0530: 800.485: [GC (Allocation Failure) 2019-01-02T11:12:12.581+0530: 800.485: [DefNew
Desired survivor size 32768 bytes, new threshold 15 (max 15)
- age   1:         40 bytes,         40 total
- age   3:        184 bytes,        224 total
- age   8:         16 bytes,        240 total
- age  13:         16 bytes,        256 total
: 896K->0K(960K), 0.0009607 secs] 8670K->8350K(10176K), 0.0010862 secs] [Times: user=0.00 sys=0.00, real=0.00 secs] 
2019-01-02T11:12:12.583+0530: 800.487: [GC (Allocation Failure) 2019-01-02T11:12:12.583+0530: 800.487: [DefNew
Desired survivor size 32768 bytes, new threshold 15 (max 15)
- age   1:         24 bytes,         24 total
- age   4:        184 bytes,        208 total
- age   9:         16 bytes,        224 total
- age  14:         16 bytes,        240 total
: 892K->0K(960K), 0.0003541 secs] 9242K->8832K(10176K), 0.0004299 secs] [Times: user=0.00 sys=0.00, real=0.00 secs] 
2019-01-02T11:12:12.584+0530: 800.488: [GC (Allocation Failure) 2019-01-02T11:12:12.584+0530: 800.488: [DefNew: 499K->499K(960K), 0.0000285 secs]2019-01-02T11:12:12.584+0530: 800.488: [Tenured: 8831K->1233K(9216K), 0.0036251 secs] 9331K->1233K(10176K), [Metaspace: 2520K->2520K(1056768K)], 0.0037762 secs] [Times: user=0.01 sys=0.00, real=0.00 secs] 
2019-01-02T11:12:12.643+0530: 800.547: [GC (Allocation Failure) 2019-01-02T11:12:12.643+0530: 800.547: [DefNew
Desired survivor size 32768 bytes, new threshold 15 (max 15)
- age   1:        248 bytes,        248 total
: 839K->0K(960K), 0.0012868 secs] 2072K->1787K(10176K), 0.0016905 secs] [Times: user=0.00 sys=0.00, real=0.00 secs] 
2019-01-02T11:12:12.647+0530: 800.551: [GC (Allocation Failure) 2019-01-02T11:12:12.647+0530: 800.551: [DefNew
Desired survivor size 32768 bytes, new threshold 15 (max 15)
- age   1:         40 bytes,         40 total
- age   2:        184 bytes,        224 total
: 896K->0K(960K), 0.0008016 secs] 2683K->2075K(10176K), 0.0009613 secs] [Times: user=0.00 sys=0.00, real=0.00 secs] 
2019-01-02T11:12:12.650+0530: 800.554: [GC (Allocation Failure) 2019-01-02T11:12:12.650+0530: 800.554: [DefNew
Desired survivor size 32768 bytes, new threshold 15 (max 15)
- age   1:         40 bytes,         40 total
- age   3:        184 bytes,        224 total
: 896K->0K(960K), 0.0013148 secs] 2971K->2651K(10176K), 0.0014767 secs] [Times: user=0.02 sys=0.00, real=0.00 secs] 
2019-01-02T11:12:12.652+0530: 800.556: [GC (Allocation Failure) 2019-01-02T11:12:12.653+0530: 800.556: [DefNew
Desired survivor size 32768 bytes, new threshold 15 (max 15)
- age   1:         24 bytes,         24 total
- age   4:        184 bytes,        208 total
: 892K->0K(960K), 0.0004430 secs] 3543K->3133K(10176K), 0.0005314 secs] [Times: user=0.00 sys=0.00, real=0.00 secs] 
2019-01-02T11:12:12.653+0530: 800.557: [GC (Allocation Failure) 2019-01-02T11:12:12.653+0530: 800.557: [DefNew
Desired survivor size 32768 bytes, new threshold 15 (max 15)
- age   1:         24 bytes,         24 total
- age   5:         72 bytes,         96 total
: 499K->0K(960K), 0.0003946 secs] 3632K->3615K(10176K), 0.0004715 secs] [Times: user=0.00 sys=0.00, real=0.00 secs] 
2019-01-02T11:12:12.706+0530: 800.610: [GC (Allocation Failure) 2019-01-02T11:12:12.706+0530: 800.610: [DefNew
Desired survivor size 32768 bytes, new threshold 15 (max 15)
- age   1:        248 bytes,        248 total
- age   6:         16 bytes,        264 total
: 839K->0K(960K), 0.0010365 secs] 4454K->3687K(10176K), 0.0013359 secs] [Times: user=0.00 sys=0.00, real=0.00 secs] 
2019-01-02T11:12:12.709+0530: 800.613: [GC (Allocation Failure) 2019-01-02T11:12:12.709+0530: 800.613: [DefNew
Desired survivor size 32768 bytes, new threshold 15 (max 15)
- age   1:         40 bytes,         40 total
- age   2:        184 bytes,        224 total
- age   7:         16 bytes,        240 total
: 896K->0K(960K), 0.0013536 secs] 4583K->3975K(10176K), 0.0016289 secs] [Times: user=0.00 sys=0.00, real=0.00 secs] 
2019-01-02T11:12:12.712+0530: 800.616: [GC (Allocation Failure) 2019-01-02T11:12:12.712+0530: 800.616: [DefNew
Desired survivor size 32768 bytes, new threshold 15 (max 15)
- age   1:         40 bytes,         40 total
- age   3:        184 bytes,        224 total
- age   8:         16 bytes,        240 total
: 896K->0K(960K), 0.0006859 secs] 4871K->4551K(10176K), 0.0007937 secs] [Times: user=0.00 sys=0.00, real=0.00 secs] 
2019-01-02T11:12:12.715+0530: 800.618: [GC (Allocation Failure) 2019-01-02T11:12:12.715+0530: 800.619: [DefNew
Desired survivor size 32768 bytes, new threshold 15 (max 15)
- age   1:         24 bytes,         24 total
- age   4:        184 bytes,        208 total
- age   9:         16 bytes,        224 total
: 892K->0K(960K), 0.0008820 secs] 5443K->5033K(10176K), 0.0010400 secs] [Times: user=0.00 sys=0.00, real=0.00 secs] 
2019-01-02T11:12:12.716+0530: 800.620: [GC (Allocation Failure) 2019-01-02T11:12:12.716+0530: 800.620: [DefNew
Desired survivor size 32768 bytes, new threshold 15 (max 15)
- age   1:         24 bytes,         24 total
- age   5:         72 bytes,         96 total
- age  10:         16 bytes,        112 total
: 499K->0K(960K), 0.0003335 secs] 5532K->5514K(10176K), 0.0004071 secs] [Times: user=0.00 sys=0.00, real=0.00 secs] 
2019-01-02T11:12:12.772+0530: 800.675: [GC (Allocation Failure) 2019-01-02T11:12:12.772+0530: 800.676: [DefNew
Desired survivor size 32768 bytes, new threshold 15 (max 15)
- age   1:        248 bytes,        248 total
- age   6:         16 bytes,        264 total
- age  11:         16 bytes,        280 total
: 839K->0K(960K), 0.0010953 secs] 6354K->5587K(10176K), 0.0014060 secs] [Times: user=0.00 sys=0.00, real=0.00 secs] 
2019-01-02T11:12:12.775+0530: 800.679: [GC (Allocation Failure) 2019-01-02T11:12:12.775+0530: 800.679: [DefNew
Desired survivor size 32768 bytes, new threshold 15 (max 15)
- age   1:         40 bytes,         40 total
- age   2:        184 bytes,        224 total
- age   7:         16 bytes,        240 total
- age  12:         16 bytes,        256 total
: 896K->0K(960K), 0.0011033 secs] 6483K->5875K(10176K), 0.0013370 secs] [Times: user=0.00 sys=0.00, real=0.00 secs] 
2019-01-02T11:12:12.778+0530: 800.682: [GC (Allocation Failure) 2019-01-02T11:12:12.778+0530: 800.682: [DefNew
Desired survivor size 32768 bytes, new threshold 15 (max 15)
- age   1:         40 bytes,         40 total
- age   3:        184 bytes,        224 total
- age   8:         16 bytes,        240 total
- age  13:         16 bytes,        256 total
: 896K->0K(960K), 0.0013786 secs] 6771K->6451K(10176K), 0.0016056 secs] [Times: user=0.00 sys=0.00, real=0.00 secs] 
2019-01-02T11:12:12.781+0530: 800.685: [GC (Allocation Failure) 2019-01-02T11:12:12.781+0530: 800.685: [DefNew
Desired survivor size 32768 bytes, new threshold 15 (max 15)
- age   1:         24 bytes,         24 total
- age   4:        184 bytes,        208 total
- age   9:         16 bytes,        224 total
- age  14:         16 bytes,        240 total
: 892K->0K(960K), 0.0007190 secs] 7343K->6932K(10176K), 0.0009048 secs] [Times: user=0.00 sys=0.00, real=0.00 secs] 
2019-01-02T11:12:12.783+0530: 800.687: [GC (Allocation Failure) 2019-01-02T11:12:12.783+0530: 800.687: [DefNew
Desired survivor size 32768 bytes, new threshold 15 (max 15)
- age   1:         24 bytes,         24 total
- age   5:         72 bytes,         96 total
- age  10:         16 bytes,        112 total
- age  15:         16 bytes,        128 total
: 499K->0K(960K), 0.0003563 secs] 7432K->7414K(10176K), 0.0004339 secs] [Times: user=0.00 sys=0.00, real=0.00 secs] 
2019-01-02T11:12:12.836+0530: 800.740: [GC (Allocation Failure) 2019-01-02T11:12:12.836+0530: 800.740: [DefNew
Desired survivor size 32768 bytes, new threshold 15 (max 15)
- age   1:        248 bytes,        248 total
- age   6:         16 bytes,        264 total
- age  11:         16 bytes,        280 total
: 839K->0K(960K), 0.0011255 secs] 8253K->7486K(10176K), 0.0014168 secs] [Times: user=0.01 sys=0.00, real=0.00 secs] 
2019-01-02T11:12:12.839+0530: 800.743: [GC (Allocation Failure) 2019-01-02T11:12:12.839+0530: 800.743: [DefNew
Desired survivor size 32768 bytes, new threshold 15 (max 15)
- age   1:         40 bytes,         40 total
- age   2:        184 bytes,        224 total
- age   7:         16 bytes,        240 total
- age  12:         16 bytes,        256 total
: 896K->0K(960K), 0.0009505 secs] 8382K->7774K(10176K), 0.0011027 secs] [Times: user=0.00 sys=0.00, real=0.00 secs] 
2019-01-02T11:12:12.841+0530: 800.745: [GC (Allocation Failure) 2019-01-02T11:12:12.841+0530: 800.745: [DefNew
Desired survivor size 32768 bytes, new threshold 15 (max 15)
- age   1:         40 bytes,         40 total
- age   3:        184 bytes,        224 total
- age   8:         16 bytes,        240 total
- age  13:         16 bytes,        256 total
: 896K->0K(960K), 0.0009881 secs] 8670K->8350K(10176K), 0.0011375 secs] [Times: user=0.00 sys=0.00, real=0.00 secs] 
2019-01-02T11:12:12.844+0530: 800.748: [GC (Allocation Failure) 2019-01-02T11:12:12.844+0530: 800.748: [DefNew
Desired survivor size 32768 bytes, new threshold 15 (max 15)
- age   1:         24 bytes,         24 total
- age   4:        184 bytes,        208 total
- age   9:         16 bytes,        224 total
- age  14:         16 bytes,        240 total
: 892K->0K(960K), 0.0007241 secs] 9243K->8832K(10176K), 0.0009601 secs] [Times: user=0.00 sys=0.00, real=0.00 secs] 
2019-01-02T11:12:12.846+0530: 800.750: [GC (Allocation Failure) 2019-01-02T11:12:12.846+0530: 800.750: [DefNew: 499K->499K(960K), 0.0000439 secs]2019-01-02T11:12:12.846+0530: 800.750: [Tenured: 8832K->1233K(9216K), 0.0050003 secs] 9332K->1233K(10176K), [Metaspace: 2520K->2520K(1056768K)], 0.0051890 secs] [Times: user=0.00 sys=0.00, real=0.01 secs] 
2019-01-02T11:12:12.904+0530: 800.808: [GC (Allocation Failure) 2019-01-02T11:12:12.904+0530: 800.808: [DefNew
Desired survivor size 32768 bytes, new threshold 15 (max 15)
- age   1:        248 bytes,        248 total
: 839K->0K(960K), 0.0010297 secs] 2072K->1787K(10176K), 0.0014009 secs] [Times: user=0.00 sys=0.00, real=0.00 secs] 
2019-01-02T11:12:12.907+0530: 800.811: [GC (Allocation Failure) 2019-01-02T11:12:12.907+0530: 800.811: [DefNew
Desired survivor size 32768 bytes, new threshold 15 (max 15)
- age   1:         40 bytes,         40 total
- age   2:        184 bytes,        224 total
: 896K->0K(960K), 0.0011272 secs] 2683K->2075K(10176K), 0.0013370 secs] [Times: user=0.00 sys=0.00, real=0.00 secs] 
2019-01-02T11:12:12.910+0530: 800.814: [GC (Allocation Failure) 2019-01-02T11:12:12.910+0530: 800.814: [DefNew
Desired survivor size 32768 bytes, new threshold 15 (max 15)
- age   1:         40 bytes,         40 total
- age   3:        184 bytes,        224 total
: 896K->0K(960K), 0.0005109 secs] 2971K->2651K(10176K), 0.0006044 secs] [Times: user=0.00 sys=0.00, real=0.00 secs] 
2019-01-02T11:12:12.912+0530: 800.816: [GC (Allocation Failure) 2019-01-02T11:12:12.912+0530: 800.816: [DefNew
Desired survivor size 32768 bytes, new threshold 15 (max 15)
- age   1:         24 bytes,         24 total
- age   4:        184 bytes,        208 total
: 892K->0K(960K), 0.0008997 secs] 3544K->3133K(10176K), 0.0010622 secs] [Times: user=0.00 sys=0.00, real=0.00 secs] 
2019-01-02T11:12:12.914+0530: 800.818: [GC (Allocation Failure) 2019-01-02T11:12:12.914+0530: 800.818: [DefNew
Desired survivor size 32768 bytes, new threshold 15 (max 15)
- age   1:         24 bytes,         24 total
- age   5:         72 bytes,         96 total
: 499K->0K(960K), 0.0006945 secs] 3633K->3615K(10176K), 0.0007891 secs] [Times: user=0.00 sys=0.00, real=0.00 secs] 
2019-01-02T11:12:12.971+0530: 800.875: [GC (Allocation Failure) 2019-01-02T11:12:12.971+0530: 800.875: [DefNew
Desired survivor size 32768 bytes, new threshold 15 (max 15)
- age   1:        248 bytes,        248 total
- age   6:         16 bytes,        264 total
: 839K->0K(960K), 0.0010633 secs] 4454K->3687K(10176K), 0.0013912 secs] [Times: user=0.00 sys=0.00, real=0.00 secs] 
2019-01-02T11:12:12.974+0530: 800.878: [GC (Allocation Failure) 2019-01-02T11:12:12.974+0530: 800.878: [DefNew
Desired survivor size 32768 bytes, new threshold 15 (max 15)
- age   1:         40 bytes,         40 total
- age   2:        184 bytes,        224 total
- age   7:         16 bytes,        240 total
: 896K->0K(960K), 0.0011751 secs] 4583K->3975K(10176K), 0.0014077 secs] [Times: user=0.00 sys=0.00, real=0.00 secs] 
2019-01-02T11:12:12.977+0530: 800.881: [GC (Allocation Failure) 2019-01-02T11:12:12.977+0530: 800.881: [DefNew
Desired survivor size 32768 bytes, new threshold 15 (max 15)
- age   1:         40 bytes,         40 total
- age   3:        184 bytes,        224 total
- age   8:         16 bytes,        240 total
: 896K->0K(960K), 0.0006186 secs] 4871K->4551K(10176K), 0.0007275 secs] [Times: user=0.02 sys=0.00, real=0.00 secs] 
2019-01-02T11:12:12.979+0530: 800.883: [GC (Allocation Failure) 2019-01-02T11:12:12.979+0530: 800.883: [DefNew
Desired survivor size 32768 bytes, new threshold 15 (max 15)
- age   1:         24 bytes,         24 total
- age   4:        184 bytes,        208 total
- age   9:         16 bytes,        224 total
: 892K->0K(960K), 0.0010063 secs] 5444K->5033K(10176K), 0.0011523 secs] [Times: user=0.00 sys=0.00, real=0.00 secs] 
2019-01-02T11:12:12.982+0530: 800.885: [GC (Allocation Failure) 2019-01-02T11:12:12.982+0530: 800.885: [DefNew
Desired survivor size 32768 bytes, new threshold 15 (max 15)
- age   1:         24 bytes,         24 total
- age   5:         72 bytes,         96 total
- age  10:         16 bytes,        112 total
: 499K->0K(960K), 0.0004710 secs] 5533K->5515K(10176K), 0.0005593 secs] [Times: user=0.00 sys=0.00, real=0.00 secs] 
2019-01-02T11:12:13.035+0530: 800.939: [GC (Allocation Failure) 2019-01-02T11:12:13.035+0530: 800.939: [DefNew
Desired survivor size 32768 bytes, new threshold 15 (max 15)
- age   1:        248 bytes,        248 total
- age   6:         16 bytes,        264 total
- age  11:         16 bytes,        280 total
: 839K->0K(960K), 0.0012566 secs] 6354K->5587K(10176K), 0.0016147 secs] [Times: user=0.00 sys=0.00, real=0.00 secs] 
2019-01-02T11:12:13.039+0530: 800.943: [GC (Allocation Failure) 2019-01-02T11:12:13.039+0530: 800.943: [DefNew
Desired survivor size 32768 bytes, new threshold 15 (max 15)
- age   1:         40 bytes,         40 total
- age   2:        184 bytes,        224 total
- age   7:         16 bytes,        240 total
- age  12:         16 bytes,        256 total
: 896K->0K(960K), 0.0011477 secs] 6483K->5875K(10176K), 0.0013792 secs] [Times: user=0.02 sys=0.00, real=0.00 secs] 
2019-01-02T11:12:13.042+0530: 800.946: [GC (Allocation Failure) 2019-01-02T11:12:13.042+0530: 800.946: [DefNew
Desired survivor size 32768 bytes, new threshold 15 (max 15)
- age   1:         40 bytes,         40 total
- age   3:        184 bytes,        224 total
- age   8:         16 bytes,        240 total
- age  13:         16 bytes,        256 total
: 896K->0K(960K), 0.0004675 secs] 6771K->6451K(10176K), 0.0005867 secs] [Times: user=0.00 sys=0.00, real=0.00 secs] 
2019-01-02T11:12:13.043+0530: 800.947: [GC (Allocation Failure) 2019-01-02T11:12:13.043+0530: 800.947: [DefNew
Desired survivor size 32768 bytes, new threshold 15 (max 15)
- age   1:         24 bytes,         24 total
- age   4:        184 bytes,        208 total
- age   9:         16 bytes,        224 total
- age  14:         16 bytes,        240 total
: 892K->0K(960K), 0.0003529 secs] 7344K->6933K(10176K), 0.0004282 secs] [Times: user=0.00 sys=0.00, real=0.00 secs] 
2019-01-02T11:12:13.044+0530: 800.948: [GC (Allocation Failure) 2019-01-02T11:12:13.044+0530: 800.948: [DefNew
Desired survivor size 32768 bytes, new threshold 15 (max 15)
- age   1:         24 bytes,         24 total
- age   5:         72 bytes,         96 total
- age  10:         16 bytes,        112 total
- age  15:         16 bytes,        128 total
: 500K->0K(960K), 0.0011546 secs] 7433K->7415K(10176K), 0.0012709 secs] [Times: user=0.00 sys=0.00, real=0.00 secs] 
2019-01-02T11:12:13.097+0530: 801.001: [GC (Allocation Failure) 2019-01-02T11:12:13.098+0530: 801.002: [DefNew
Desired survivor size 32768 bytes, new threshold 15 (max 15)
- age   1:        248 bytes,        248 total
- age   6:         16 bytes,        264 total
- age  11:         16 bytes,        280 total
: 839K->0K(960K), 0.0012025 secs] 8254K->7487K(10176K), 0.0014961 secs] [Times: user=0.00 sys=0.00, real=0.00 secs] 
2019-01-02T11:12:13.100+0530: 801.004: [GC (Allocation Failure) 2019-01-02T11:12:13.100+0530: 801.004: [DefNew
Desired survivor size 32768 bytes, new threshold 15 (max 15)
- age   1:         40 bytes,         40 total
- age   2:        184 bytes,        224 total
- age   7:         16 bytes,        240 total
- age  12:         16 bytes,        256 total
: 896K->0K(960K), 0.0008438 secs] 8383K->7775K(10176K), 0.0009926 secs] [Times: user=0.00 sys=0.00, real=0.00 secs] 
2019-01-02T11:12:13.103+0530: 801.007: [GC (Allocation Failure) 2019-01-02T11:12:13.103+0530: 801.007: [DefNew
Desired survivor size 32768 bytes, new threshold 15 (max 15)
- age   1:         40 bytes,         40 total
- age   3:        184 bytes,        224 total
- age   8:         16 bytes,        240 total
- age  13:         16 bytes,        256 total
: 896K->0K(960K), 0.0013022 secs] 8671K->8351K(10176K), 0.0016096 secs] [Times: user=0.00 sys=0.00, real=0.00 secs] 
2019-01-02T11:12:13.106+0530: 801.010: [GC (Allocation Failure) 2019-01-02T11:12:13.106+0530: 801.010: [DefNew
Desired survivor size 32768 bytes, new threshold 15 (max 15)
- age   1:         24 bytes,         24 total
- age   4:        184 bytes,        208 total
- age   9:         16 bytes,        224 total
- age  14:         16 bytes,        240 total
: 892K->0K(960K), 0.0003552 secs] 9244K->8833K(10176K), 0.0004350 secs] [Times: user=0.00 sys=0.00, real=0.00 secs] 
2019-01-02T11:12:13.107+0530: 801.011: [GC (Allocation Failure) 2019-01-02T11:12:13.107+0530: 801.011: [DefNew: 500K->500K(960K), 0.0000296 secs]2019-01-02T11:12:13.107+0530: 801.011: [Tenured: 8833K->1233K(9216K), 0.0037374 secs] 9333K->1233K(10176K), [Metaspace: 2520K->2520K(1056768K)], 0.0039062 secs] [Times: user=0.00 sys=0.00, real=0.00 secs] 
2019-01-02T11:12:13.166+0530: 801.070: [GC (Allocation Failure) 2019-01-02T11:12:13.166+0530: 801.070: [DefNew
Desired survivor size 32768 bytes, new threshold 15 (max 15)
- age   1:        248 bytes,        248 total
: 839K->0K(960K), 0.0011865 secs] 2072K->1787K(10176K), 0.0016352 secs] [Times: user=0.00 sys=0.00, real=0.00 secs] 
2019-01-02T11:12:13.169+0530: 801.073: [GC (Allocation Failure) 2019-01-02T11:12:13.169+0530: 801.073: [DefNew
Desired survivor size 32768 bytes, new threshold 15 (max 15)
- age   1:         40 bytes,         40 total
- age   2:        184 bytes,        224 total
: 896K->0K(960K), 0.0009328 secs] 2683K->2075K(10176K), 0.0012025 secs] [Times: user=0.00 sys=0.00, real=0.00 secs] 
2019-01-02T11:12:13.172+0530: 801.076: [GC (Allocation Failure) 2019-01-02T11:12:13.172+0530: 801.076: [DefNew
Desired survivor size 32768 bytes, new threshold 15 (max 15)
- age   1:         40 bytes,         40 total
- age   3:        184 bytes,        224 total
: 896K->0K(960K), 0.0010639 secs] 2971K->2651K(10176K), 0.0012207 secs] [Times: user=0.00 sys=0.00, real=0.00 secs] 
2019-01-02T11:12:13.174+0530: 801.078: [GC (Allocation Failure) 2019-01-02T11:12:13.174+0530: 801.078: [DefNew
Desired survivor size 32768 bytes, new threshold 15 (max 15)
- age   1:         24 bytes,         24 total
- age   4:        184 bytes,        208 total
: 892K->0K(960K), 0.0003569 secs] 3544K->3133K(10176K), 0.0004345 secs] [Times: user=0.00 sys=0.00, real=0.00 secs] 
2019-01-02T11:12:13.175+0530: 801.079: [GC (Allocation Failure) 2019-01-02T11:12:13.175+0530: 801.079: [DefNew
Desired survivor size 32768 bytes, new threshold 15 (max 15)
- age   1:         24 bytes,         24 total
- age   5:         72 bytes,         96 total
: 500K->0K(960K), 0.0003256 secs] 3633K->3615K(10176K), 0.0004020 secs] [Times: user=0.00 sys=0.00, real=0.00 secs] 
2019-01-02T11:12:13.231+0530: 801.135: [GC (Allocation Failure) 2019-01-02T11:12:13.232+0530: 801.136: [DefNew
Desired survivor size 32768 bytes, new threshold 15 (max 15)
- age   1:        248 bytes,        248 total
- age   6:         16 bytes,        264 total
: 839K->0K(960K), 0.0006819 secs] 4455K->3688K(10176K), 0.0011882 secs] [Times: user=0.00 sys=0.00, real=0.00 secs] 
2019-01-02T11:12:13.235+0530: 801.139: [GC (Allocation Failure) 2019-01-02T11:12:13.235+0530: 801.139: [DefNew
Desired survivor size 32768 bytes, new threshold 15 (max 15)
- age   1:         40 bytes,         40 total
- age   2:        184 bytes,        224 total
- age   7:         16 bytes,        240 total
: 896K->0K(960K), 0.0007902 secs] 4584K->3976K(10176K), 0.0009219 secs] [Times: user=0.00 sys=0.00, real=0.00 secs] 
2019-01-02T11:12:13.237+0530: 801.141: [GC (Allocation Failure) 2019-01-02T11:12:13.237+0530: 801.141: [DefNew
Desired survivor size 32768 bytes, new threshold 15 (max 15)
- age   3:        184 bytes,        184 total
- age   8:         16 bytes,        200 total
: 896K->0K(960K), 0.0012469 secs] 4872K->4552K(10176K), 0.0014374 secs] [Times: user=0.00 sys=0.00, real=0.00 secs] 
2019-01-02T11:12:13.240+0530: 801.144: [GC (Allocation Failure) 2019-01-02T11:12:13.240+0530: 801.144: [DefNew
Desired survivor size 32768 bytes, new threshold 15 (max 15)
- age   1:         24 bytes,         24 total
- age   4:        184 bytes,        208 total
- age   9:         16 bytes,        224 total
: 892K->0K(960K), 0.0003826 secs] 5444K->5034K(10176K), 0.0004767 secs] [Times: user=0.00 sys=0.00, real=0.00 secs] 
2019-01-02T11:12:13.241+0530: 801.145: [GC (Allocation Failure) 2019-01-02T11:12:13.241+0530: 801.145: [DefNew
Desired survivor size 32768 bytes, new threshold 15 (max 15)
- age   1:         24 bytes,         24 total
- age   5:         72 bytes,         96 total
- age  10:         16 bytes,        112 total
: 500K->0K(960K), 0.0003375 secs] 5533K->5516K(10176K), 0.0004179 secs] [Times: user=0.00 sys=0.00, real=0.00 secs] 
2019-01-02T11:12:13.298+0530: 801.202: [GC (Allocation Failure) 2019-01-02T11:12:13.298+0530: 801.202: [DefNew
Desired survivor size 32768 bytes, new threshold 15 (max 15)
- age   1:        248 bytes,        248 total
- age   6:         16 bytes,        264 total
- age  11:         16 bytes,        280 total
: 839K->0K(960K), 0.0004042 secs] 6355K->5588K(10176K), 0.0007036 secs] [Times: user=0.00 sys=0.00, real=0.00 secs] 
2019-01-02T11:12:13.300+0530: 801.204: [GC (Allocation Failure) 2019-01-02T11:12:13.300+0530: 801.204: [DefNew
Desired survivor size 32768 bytes, new threshold 15 (max 15)
- age   1:         40 bytes,         40 total
- age   2:        184 bytes,        224 total
- age   7:         16 bytes,        240 total
- age  12:         16 bytes,        256 total
: 896K->0K(960K), 0.0010656 secs] 6484K->5876K(10176K), 0.0012236 secs] [Times: user=0.00 sys=0.00, real=0.00 secs] 
2019-01-02T11:12:13.303+0530: 801.207: [GC (Allocation Failure) 2019-01-02T11:12:13.303+0530: 801.207: [DefNew
Desired survivor size 32768 bytes, new threshold 15 (max 15)
- age   3:        184 bytes,        184 total
- age   8:         16 bytes,        200 total
- age  13:         16 bytes,        216 total
: 896K->0K(960K), 0.0011244 secs] 6772K->6452K(10176K), 0.0012874 secs] [Times: user=0.00 sys=0.00, real=0.00 secs] 
2019-01-02T11:12:13.306+0530: 801.210: [GC (Allocation Failure) 2019-01-02T11:12:13.306+0530: 801.210: [DefNew
Desired survivor size 32768 bytes, new threshold 15 (max 15)
- age   1:         24 bytes,         24 total
- age   4:        184 bytes,        208 total
- age   9:         16 bytes,        224 total
- age  14:         16 bytes,        240 total
: 892K->0K(960K), 0.0004048 secs] 7344K->6934K(10176K), 0.0005280 secs] [Times: user=0.00 sys=0.00, real=0.00 secs] 
2019-01-02T11:12:13.307+0530: 801.211: [GC (Allocation Failure) 2019-01-02T11:12:13.307+0530: 801.211: [DefNew
Desired survivor size 32768 bytes, new threshold 15 (max 15)
- age   1:         24 bytes,         24 total
- age   5:         72 bytes,         96 total
- age  10:         16 bytes,        112 total
- age  15:         16 bytes,        128 total
: 500K->0K(960K), 0.0003467 secs] 7434K->7416K(10176K), 0.0004191 secs] [Times: user=0.00 sys=0.00, real=0.00 secs] 
2019-01-02T11:12:13.362+0530: 801.266: [GC (Allocation Failure) 2019-01-02T11:12:13.363+0530: 801.267: [DefNew
Desired survivor size 32768 bytes, new threshold 15 (max 15)
- age   1:        248 bytes,        248 total
- age   6:         16 bytes,        264 total
- age  11:         16 bytes,        280 total
: 839K->0K(960K), 0.0008786 secs] 8255K->7488K(10176K), 0.0016820 secs] [Times: user=0.00 sys=0.00, real=0.00 secs] 
2019-01-02T11:12:13.366+0530: 801.270: [GC (Allocation Failure) 2019-01-02T11:12:13.366+0530: 801.270: [DefNew
Desired survivor size 32768 bytes, new threshold 15 (max 15)
- age   1:         40 bytes,         40 total
- age   2:        184 bytes,        224 total
- age   7:         16 bytes,        240 total
- age  12:         16 bytes,        256 total
: 896K->0K(960K), 0.0005536 secs] 8384K->7776K(10176K), 0.0007207 secs] [Times: user=0.00 sys=0.00, real=0.00 secs] 
2019-01-02T11:12:13.368+0530: 801.272: [GC (Allocation Failure) 2019-01-02T11:12:13.368+0530: 801.272: [DefNew
Desired survivor size 32768 bytes, new threshold 15 (max 15)
- age   3:        184 bytes,        184 total
- age   8:         16 bytes,        200 total
- age  13:         16 bytes,        216 total
: 896K->0K(960K), 0.0008843 secs] 8672K->8352K(10176K), 0.0009978 secs] [Times: user=0.00 sys=0.00, real=0.00 secs] 
2019-01-02T11:12:13.371+0530: 801.275: [GC (Allocation Failure) 2019-01-02T11:12:13.371+0530: 801.275: [DefNew
Desired survivor size 32768 bytes, new threshold 15 (max 15)
- age   1:         24 bytes,         24 total
- age   4:        184 bytes,        208 total
- age   9:         16 bytes,        224 total
- age  14:         16 bytes,        240 total
: 892K->0K(960K), 0.0003866 secs] 9244K->8834K(10176K), 0.0005086 secs] [Times: user=0.00 sys=0.00, real=0.00 secs] 
2019-01-02T11:12:13.372+0530: 801.276: [GC (Allocation Failure) 2019-01-02T11:12:13.372+0530: 801.276: [DefNew: 500K->500K(960K), 0.0000291 secs]2019-01-02T11:12:13.372+0530: 801.276: [Tenured: 8834K->1233K(9216K), 0.0036342 secs] 9334K->1233K(10176K), [Metaspace: 2520K->2520K(1056768K)], 0.0037881 secs] [Times: user=0.00 sys=0.00, real=0.00 secs] 
2019-01-02T11:12:13.432+0530: 801.336: [GC (Allocation Failure) 2019-01-02T11:12:13.432+0530: 801.336: [DefNew
Desired survivor size 32768 bytes, new threshold 15 (max 15)
- age   1:        248 bytes,        248 total
: 839K->0K(960K), 0.0017840 secs] 2073K->1788K(10176K), 0.0022345 secs] [Times: user=0.00 sys=0.00, real=0.00 secs] 
2019-01-02T11:12:13.435+0530: 801.339: [GC (Allocation Failure) 2019-01-02T11:12:13.435+0530: 801.339: [DefNew
Desired survivor size 32768 bytes, new threshold 15 (max 15)
- age   1:         40 bytes,         40 total
- age   2:        184 bytes,        224 total
: 896K->0K(960K), 0.0006506 secs] 2684K->2076K(10176K), 0.0008216 secs] [Times: user=0.00 sys=0.00, real=0.00 secs] 
2019-01-02T11:12:13.438+0530: 801.342: [GC (Allocation Failure) 2019-01-02T11:12:13.438+0530: 801.342: [DefNew
Desired survivor size 32768 bytes, new threshold 15 (max 15)
- age   3:        184 bytes,        184 total
: 896K->0K(960K), 0.0011027 secs] 2972K->2652K(10176K), 0.0012504 secs] [Times: user=0.00 sys=0.00, real=0.00 secs] 
2019-01-02T11:12:13.441+0530: 801.345: [GC (Allocation Failure) 2019-01-02T11:12:13.441+0530: 801.345: [DefNew
Desired survivor size 32768 bytes, new threshold 15 (max 15)
- age   1:         24 bytes,         24 total
- age   4:        184 bytes,        208 total
: 892K->0K(960K), 0.0011637 secs] 3544K->3134K(10176K), 0.0013393 secs] [Times: user=0.00 sys=0.00, real=0.00 secs] 
2019-01-02T11:12:13.443+0530: 801.347: [GC (Allocation Failure) 2019-01-02T11:12:13.443+0530: 801.347: [DefNew
Desired survivor size 32768 bytes, new threshold 15 (max 15)
- age   1:         24 bytes,         24 total
- age   5:         72 bytes,         96 total
: 500K->0K(960K), 0.0003381 secs] 3634K->3616K(10176K), 0.0004179 secs] [Times: user=0.00 sys=0.00, real=0.00 secs] 
2019-01-02T11:12:13.501+0530: 801.405: [GC (Allocation Failure) 2019-01-02T11:12:13.501+0530: 801.405: [DefNew
Desired survivor size 32768 bytes, new threshold 15 (max 15)
- age   1:        248 bytes,        248 total
- age   6:         16 bytes,        264 total
: 839K->0K(960K), 0.0009117 secs] 4455K->3688K(10176K), 0.0012338 secs] [Times: user=0.00 sys=0.00, real=0.00 secs] 
2019-01-02T11:12:13.503+0530: 801.407: [GC (Allocation Failure) 2019-01-02T11:12:13.504+0530: 801.407: [DefNew
Desired survivor size 32768 bytes, new threshold 15 (max 15)
- age   1:         40 bytes,         40 total
- age   2:        184 bytes,        224 total
- age   7:         16 bytes,        240 total
: 896K->0K(960K), 0.0009208 secs] 4584K->3976K(10176K), 0.0010531 secs] [Times: user=0.00 sys=0.00, real=0.00 secs] 
2019-01-02T11:12:13.506+0530: 801.410: [GC (Allocation Failure) 2019-01-02T11:12:13.506+0530: 801.410: [DefNew
Desired survivor size 32768 bytes, new threshold 15 (max 15)
- age   3:        184 bytes,        184 total
- age   8:         16 bytes,        200 total
: 896K->0K(960K), 0.0009550 secs] 4872K->4552K(10176K), 0.0011631 secs] [Times: user=0.00 sys=0.00, real=0.00 secs] 
2019-01-02T11:12:13.509+0530: 801.413: [GC (Allocation Failure) 2019-01-02T11:12:13.509+0530: 801.413: [DefNew
Desired survivor size 32768 bytes, new threshold 15 (max 15)
- age   1:         24 bytes,         24 total
- age   4:        184 bytes,        208 total
- age   9:         16 bytes,        224 total
: 892K->0K(960K), 0.0003506 secs] 5444K->5034K(10176K), 0.0004322 secs] [Times: user=0.00 sys=0.00, real=0.00 secs] 
2019-01-02T11:12:13.509+0530: 801.413: [GC (Allocation Failure) 2019-01-02T11:12:13.510+0530: 801.413: [DefNew
Desired survivor size 32768 bytes, new threshold 15 (max 15)
- age   1:         24 bytes,         24 total
- age   5:         72 bytes,         96 total
- age  10:         16 bytes,        112 total
: 500K->0K(960K), 0.0003427 secs] 5534K->5516K(10176K), 0.0005593 secs] [Times: user=0.00 sys=0.00, real=0.00 secs] 
2019-01-02T11:12:13.565+0530: 801.469: [GC (Allocation Failure) 2019-01-02T11:12:13.565+0530: 801.469: [DefNew
Desired survivor size 32768 bytes, new threshold 15 (max 15)
- age   1:        248 bytes,        248 total
- age   6:         16 bytes,        264 total
- age  11:         16 bytes,        280 total
: 839K->0K(960K), 0.0005941 secs] 6356K->5588K(10176K), 0.0010183 secs] [Times: user=0.00 sys=0.00, real=0.00 secs] 
2019-01-02T11:12:13.568+0530: 801.472: [GC (Allocation Failure) 2019-01-02T11:12:13.568+0530: 801.472: [DefNew
Desired survivor size 32768 bytes, new threshold 15 (max 15)
- age   1:         40 bytes,         40 total
- age   2:        184 bytes,        224 total
- age   7:         16 bytes,        240 total
- age  12:         16 bytes,        256 total
: 896K->0K(960K), 0.0007127 secs] 6484K->5876K(10176K), 0.0008672 secs] [Times: user=0.00 sys=0.00, real=0.00 secs] 
2019-01-02T11:12:13.570+0530: 801.474: [GC (Allocation Failure) 2019-01-02T11:12:13.571+0530: 801.475: [DefNew
Desired survivor size 32768 bytes, new threshold 15 (max 15)
- age   3:        184 bytes,        184 total
- age   8:         16 bytes,        200 total
- age  13:         16 bytes,        216 total
: 896K->0K(960K), 0.0010919 secs] 6772K->6452K(10176K), 0.0012737 secs] [Times: user=0.00 sys=0.00, real=0.00 secs] 
2019-01-02T11:12:13.574+0530: 801.478: [GC (Allocation Failure) 2019-01-02T11:12:13.574+0530: 801.478: [DefNew
Desired survivor size 32768 bytes, new threshold 15 (max 15)
- age   1:         24 bytes,         24 total
- age   4:        184 bytes,        208 total
- age   9:         16 bytes,        224 total
- age  14:         16 bytes,        240 total
: 892K->0K(960K), 0.0004236 secs] 7345K->6934K(10176K), 0.0005895 secs] [Times: user=0.00 sys=0.00, real=0.00 secs] 
2019-01-02T11:12:13.575+0530: 801.479: [GC (Allocation Failure) 2019-01-02T11:12:13.575+0530: 801.479: [DefNew
Desired survivor size 32768 bytes, new threshold 15 (max 15)
- age   1:         24 bytes,         24 total
- age   5:         72 bytes,         96 total
- age  10:         16 bytes,        112 total
- age  15:         16 bytes,        128 total
: 500K->0K(960K), 0.0003415 secs] 7434K->7417K(10176K), 0.0004185 secs] [Times: user=0.00 sys=0.00, real=0.00 secs] 
2019-01-02T11:12:13.629+0530: 801.533: [GC (Allocation Failure) 2019-01-02T11:12:13.629+0530: 801.533: [DefNew
Desired survivor size 32768 bytes, new threshold 15 (max 15)
- age   1:        248 bytes,        248 total
- age   6:         16 bytes,        264 total
- age  11:         16 bytes,        280 total
: 839K->0K(960K), 0.0010126 secs] 8256K->7489K(10176K), 0.0014568 secs] [Times: user=0.00 sys=0.00, real=0.00 secs] 
2019-01-02T11:12:13.633+0530: 801.537: [GC (Allocation Failure) 2019-01-02T11:12:13.633+0530: 801.537: [DefNew
Desired survivor size 32768 bytes, new threshold 15 (max 15)
- age   1:         40 bytes,         40 total
- age   2:        184 bytes,        224 total
- age   7:         16 bytes,        240 total
- age  12:         16 bytes,        256 total
: 896K->0K(960K), 0.0008923 secs] 8385K->7777K(10176K), 0.0012310 secs] [Times: user=0.00 sys=0.00, real=0.00 secs] 
2019-01-02T11:12:13.636+0530: 801.540: [GC (Allocation Failure) 2019-01-02T11:12:13.636+0530: 801.540: [DefNew
Desired survivor size 32768 bytes, new threshold 15 (max 15)
- age   3:        184 bytes,        184 total
- age   8:         16 bytes,        200 total
- age  13:         16 bytes,        216 total
: 896K->0K(960K), 0.0010212 secs] 8673K->8353K(10176K), 0.0011460 secs] [Times: user=0.00 sys=0.00, real=0.00 secs] 
2019-01-02T11:12:13.638+0530: 801.542: [GC (Allocation Failure) 2019-01-02T11:12:13.639+0530: 801.543: [DefNew
Desired survivor size 32768 bytes, new threshold 15 (max 15)
- age   1:         24 bytes,         24 total
- age   4:        184 bytes,        208 total
- age   9:         16 bytes,        224 total
- age  14:         16 bytes,        240 total
: 892K->0K(960K), 0.0011922 secs] 9245K->8835K(10176K), 0.0014083 secs] [Times: user=0.00 sys=0.00, real=0.00 secs] 
2019-01-02T11:12:13.640+0530: 801.544: [GC (Allocation Failure) 2019-01-02T11:12:13.640+0530: 801.544: [DefNew: 500K->500K(960K), 0.0000245 secs]2019-01-02T11:12:13.640+0530: 801.544: [Tenured: 8835K->1233K(9216K), 0.0050066 secs] 9335K->1233K(10176K), [Metaspace: 2520K->2520K(1056768K)], 0.0051440 secs] [Times: user=0.00 sys=0.00, real=0.00 secs] 
2019-01-02T11:12:13.701+0530: 801.605: [GC (Allocation Failure) 2019-01-02T11:12:13.701+0530: 801.605: [DefNew
Desired survivor size 32768 bytes, new threshold 15 (max 15)
- age   1:        248 bytes,        248 total
: 839K->0K(960K), 0.0009676 secs] 2073K->1788K(10176K), 0.0014186 secs] [Times: user=0.00 sys=0.00, real=0.00 secs] 
2019-01-02T11:12:13.704+0530: 801.608: [GC (Allocation Failure) 2019-01-02T11:12:13.704+0530: 801.608: [DefNew
Desired survivor size 32768 bytes, new threshold 15 (max 15)
- age   1:         40 bytes,         40 total
- age   2:        184 bytes,        224 total
: 896K->0K(960K), 0.0008598 secs] 2684K->2076K(10176K), 0.0009607 secs] [Times: user=0.00 sys=0.00, real=0.00 secs] 
2019-01-02T11:12:13.706+0530: 801.610: [GC (Allocation Failure) 2019-01-02T11:12:13.706+0530: 801.610: [DefNew
Desired survivor size 32768 bytes, new threshold 15 (max 15)
- age   3:        184 bytes,        184 total
: 896K->0K(960K), 0.0007691 secs] 2972K->2652K(10176K), 0.0009716 secs] [Times: user=0.00 sys=0.00, real=0.00 secs] 
2019-01-02T11:12:13.709+0530: 801.613: [GC (Allocation Failure) 2019-01-02T11:12:13.709+0530: 801.613: [DefNew
Desired survivor size 32768 bytes, new threshold 15 (max 15)
- age   1:         24 bytes,         24 total
- age   4:        184 bytes,        208 total
: 892K->0K(960K), 0.0003489 secs] 3544K->3134K(10176K), 0.0004299 secs] [Times: user=0.00 sys=0.00, real=0.00 secs] 
2019-01-02T11:12:13.710+0530: 801.614: [GC (Allocation Failure) 2019-01-02T11:12:13.710+0530: 801.614: [DefNew
Desired survivor size 32768 bytes, new threshold 15 (max 15)
- age   1:         24 bytes,         24 total
- age   5:         72 bytes,         96 total
: 500K->0K(960K), 0.0003233 secs] 3634K->3616K(10176K), 0.0003951 secs] [Times: user=0.00 sys=0.00, real=0.00 secs] 
2019-01-02T11:12:13.766+0530: 801.670: [GC (Allocation Failure) 2019-01-02T11:12:13.766+0530: 801.670: [DefNew
Desired survivor size 32768 bytes, new threshold 15 (max 15)
- age   1:        248 bytes,        248 total
- age   6:         16 bytes,        264 total
: 839K->0K(960K), 0.0008923 secs] 4456K->3688K(10176K), 0.0012287 secs] [Times: user=0.00 sys=0.00, real=0.00 secs] 
2019-01-02T11:12:13.769+0530: 801.673: [GC (Allocation Failure) 2019-01-02T11:12:13.769+0530: 801.673: [DefNew
Desired survivor size 32768 bytes, new threshold 15 (max 15)
- age   1:         40 bytes,         40 total
- age   2:        184 bytes,        224 total
- age   7:         16 bytes,        240 total
: 896K->0K(960K), 0.0007036 secs] 4584K->3976K(10176K), 0.0008387 secs] [Times: user=0.00 sys=0.00, real=0.00 secs] 
2019-01-02T11:12:13.772+0530: 801.676: [GC (Allocation Failure) 2019-01-02T11:12:13.772+0530: 801.676: [DefNew
Desired survivor size 32768 bytes, new threshold 15 (max 15)
- age   3:        184 bytes,        184 total
- age   8:         16 bytes,        200 total
: 896K->0K(960K), 0.0011574 secs] 4872K->4552K(10176K), 0.0013313 secs] [Times: user=0.00 sys=0.00, real=0.00 secs] 
2019-01-02T11:12:13.775+0530: 801.679: [GC (Allocation Failure) 2019-01-02T11:12:13.775+0530: 801.679: [DefNew
Desired survivor size 32768 bytes, new threshold 15 (max 15)
- age   1:         24 bytes,         24 total
- age   4:        184 bytes,        208 total
- age   9:         16 bytes,        224 total
: 892K->0K(960K), 0.0005160 secs] 5445K->5035K(10176K), 0.0006831 secs] [Times: user=0.00 sys=0.00, real=0.00 secs] 
2019-01-02T11:12:13.776+0530: 801.680: [GC (Allocation Failure) 2019-01-02T11:12:13.776+0530: 801.680: [DefNew
Desired survivor size 32768 bytes, new threshold 15 (max 15)
- age   1:         24 bytes,         24 total
- age   5:         72 bytes,         96 total
- age  10:         16 bytes,        112 total
: 500K->0K(960K), 0.0003381 secs] 5535K->5517K(10176K), 0.0004128 secs] [Times: user=0.00 sys=0.00, real=0.00 secs] 
2019-01-02T11:12:13.829+0530: 801.733: [GC (Allocation Failure) 2019-01-02T11:12:13.829+0530: 801.733: [DefNew
Desired survivor size 32768 bytes, new threshold 15 (max 15)
- age   1:        248 bytes,        248 total
- age   6:         16 bytes,        264 total
- age  11:         16 bytes,        280 total
: 839K->0K(960K), 0.0008245 secs] 6356K->5589K(10176K), 0.0010930 secs] [Times: user=0.00 sys=0.00, real=0.00 secs] 
2019-01-02T11:12:13.832+0530: 801.736: [GC (Allocation Failure) 2019-01-02T11:12:13.832+0530: 801.736: [DefNew
Desired survivor size 32768 bytes, new threshold 15 (max 15)
- age   1:         40 bytes,         40 total
- age   2:        184 bytes,        224 total
- age   7:         16 bytes,        240 total
- age  12:         16 bytes,        256 total
: 896K->0K(960K), 0.0009140 secs] 6485K->5877K(10176K), 0.0011266 secs] [Times: user=0.00 sys=0.00, real=0.00 secs] 
2019-01-02T11:12:13.836+0530: 801.740: [GC (Allocation Failure) 2019-01-02T11:12:13.836+0530: 801.740: [DefNew
Desired survivor size 32768 bytes, new threshold 15 (max 15)
- age   3:        184 bytes,        184 total
- age   8:         16 bytes,        200 total
- age  13:         16 bytes,        216 total
: 896K->0K(960K), 0.0007600 secs] 6773K->6453K(10176K), 0.0009174 secs] [Times: user=0.00 sys=0.00, real=0.00 secs] 
2019-01-02T11:12:13.838+0530: 801.742: [GC (Allocation Failure) 2019-01-02T11:12:13.838+0530: 801.742: [DefNew
Desired survivor size 32768 bytes, new threshold 15 (max 15)
- age   1:         24 bytes,         24 total
- age   4:        184 bytes,        208 total
- age   9:         16 bytes,        224 total
- age  14:         16 bytes,        240 total
: 892K->0K(960K), 0.0006574 secs] 7345K->6935K(10176K), 0.0007965 secs] [Times: user=0.00 sys=0.00, real=0.00 secs] 
2019-01-02T11:12:13.839+0530: 801.743: [GC (Allocation Failure) 2019-01-02T11:12:13.839+0530: 801.743: [DefNew
Desired survivor size 32768 bytes, new threshold 15 (max 15)
- age   1:         24 bytes,         24 total
- age   5:         72 bytes,         96 total
- age  10:         16 bytes,        112 total
- age  15:         16 bytes,        128 total
: 500K->0K(960K), 0.0003449 secs] 7435K->7417K(10176K), 0.0004196 secs] [Times: user=0.00 sys=0.00, real=0.00 secs] 
2019-01-02T11:12:13.892+0530: 801.796: [GC (Allocation Failure) 2019-01-02T11:12:13.892+0530: 801.796: [DefNew
Desired survivor size 32768 bytes, new threshold 15 (max 15)
- age   1:        248 bytes,        248 total
- age   6:         16 bytes,        264 total
- age  11:         16 bytes,        280 total
: 839K->0K(960K), 0.0005673 secs] 8257K->7489K(10176K), 0.0009567 secs] [Times: user=0.00 sys=0.00, real=0.00 secs] 
2019-01-02T11:12:13.895+0530: 801.799: [GC (Allocation Failure) 2019-01-02T11:12:13.895+0530: 801.799: [DefNew
Desired survivor size 32768 bytes, new threshold 15 (max 15)
- age   1:         40 bytes,         40 total
- age   2:        184 bytes,        224 total
- age   7:         16 bytes,        240 total
- age  12:         16 bytes,        256 total
: 896K->0K(960K), 0.0007515 secs] 8385K->7777K(10176K), 0.0009254 secs] [Times: user=0.00 sys=0.00, real=0.00 secs] 
2019-01-02T11:12:13.898+0530: 801.802: [GC (Allocation Failure) 2019-01-02T11:12:13.898+0530: 801.802: [DefNew
Desired survivor size 32768 bytes, new threshold 15 (max 15)
- age   3:        184 bytes,        184 total
- age   8:         16 bytes,        200 total
- age  13:         16 bytes,        216 total
: 896K->0K(960K), 0.0004151 secs] 8673K->8353K(10176K), 0.0005154 secs] [Times: user=0.00 sys=0.00, real=0.00 secs] 
2019-01-02T11:12:13.900+0530: 801.804: [GC (Allocation Failure) 2019-01-02T11:12:13.900+0530: 801.804: [DefNew
Desired survivor size 32768 bytes, new threshold 15 (max 15)
- age   1:         24 bytes,         24 total
- age   4:        184 bytes,        208 total
- age   9:         16 bytes,        224 total
- age  14:         16 bytes,        240 total
: 892K->0K(960K), 0.0009750 secs] 9246K->8836K(10176K), 0.0011831 secs] [Times: user=0.00 sys=0.00, real=0.00 secs] 
2019-01-02T11:12:13.901+0530: 801.805: [GC (Allocation Failure) 2019-01-02T11:12:13.902+0530: 801.806: [DefNew: 500K->500K(960K), 0.0000433 secs]2019-01-02T11:12:13.902+0530: 801.806: [Tenured: 8835K->1234K(9216K), 0.0051063 secs] 9336K->1234K(10176K), [Metaspace: 2520K->2520K(1056768K)], 0.0052905 secs] [Times: user=0.00 sys=0.00, real=0.01 secs] 
2019-01-02T11:12:13.972+0530: 801.876: [GC (Allocation Failure) 2019-01-02T11:12:13.972+0530: 801.876: [DefNew
Desired survivor size 32768 bytes, new threshold 15 (max 15)
- age   1:        248 bytes,        248 total
: 839K->0K(960K), 0.0009983 secs] 2073K->1788K(10176K), 0.0011814 secs] [Times: user=0.00 sys=0.00, real=0.00 secs] 
2019-01-02T11:12:13.975+0530: 801.879: [GC (Allocation Failure) 2019-01-02T11:12:13.975+0530: 801.879: [DefNew
Desired survivor size 32768 bytes, new threshold 15 (max 15)
- age   1:         40 bytes,         40 total
- age   2:        184 bytes,        224 total
: 896K->0K(960K), 0.0006893 secs] 2684K->2076K(10176K), 0.0008108 secs] [Times: user=0.02 sys=0.00, real=0.00 secs] 
2019-01-02T11:12:13.977+0530: 801.881: [GC (Allocation Failure) 2019-01-02T11:12:13.977+0530: 801.881: [DefNew
Desired survivor size 32768 bytes, new threshold 15 (max 15)
- age   3:        184 bytes,        184 total
: 896K->0K(960K), 0.0009710 secs] 2972K->2652K(10176K), 0.0011055 secs] [Times: user=0.00 sys=0.00, real=0.00 secs] 
2019-01-02T11:12:13.980+0530: 801.884: [GC (Allocation Failure) 2019-01-02T11:12:13.980+0530: 801.884: [DefNew
Desired survivor size 32768 bytes, new threshold 15 (max 15)
- age   1:         24 bytes,         24 total
- age   4:        184 bytes,        208 total
: 892K->0K(960K), 0.0003535 secs] 3545K->3134K(10176K), 0.0004436 secs] [Times: user=0.00 sys=0.00, real=0.00 secs] 
2019-01-02T11:12:13.981+0530: 801.885: [GC (Allocation Failure) 2019-01-02T11:12:13.981+0530: 801.885: [DefNew
Desired survivor size 32768 bytes, new threshold 15 (max 15)
- age   1:         24 bytes,         24 total
- age   5:         72 bytes,         96 total
: 500K->0K(960K), 0.0003159 secs] 3634K->3617K(10176K), 0.0003906 secs] [Times: user=0.00 sys=0.00, real=0.00 secs] 
2019-01-02T11:12:14.037+0530: 801.941: [GC (Allocation Failure) 2019-01-02T11:12:14.037+0530: 801.941: [DefNew
Desired survivor size 32768 bytes, new threshold 15 (max 15)
- age   1:        248 bytes,        248 total
- age   6:         16 bytes,        264 total
: 839K->0K(960K), 0.0007868 secs] 4456K->3689K(10176K), 0.0011141 secs] [Times: user=0.00 sys=0.00, real=0.00 secs] 
2019-01-02T11:12:14.039+0530: 801.943: [GC (Allocation Failure) 2019-01-02T11:12:14.039+0530: 801.943: [DefNew
Desired survivor size 32768 bytes, new threshold 15 (max 15)
- age   1:         40 bytes,         40 total
- age   2:        184 bytes,        224 total
- age   7:         16 bytes,        240 total
: 896K->0K(960K), 0.0006927 secs] 4585K->3977K(10176K), 0.0008712 secs] [Times: user=0.00 sys=0.00, real=0.00 secs] 
2019-01-02T11:12:14.042+0530: 801.946: [GC (Allocation Failure) 2019-01-02T11:12:14.042+0530: 801.946: [DefNew
Desired survivor size 32768 bytes, new threshold 15 (max 15)
- age   3:        184 bytes,        184 total
- age   8:         16 bytes,        200 total
: 896K->0K(960K), 0.0010269 secs] 4873K->4553K(10176K), 0.0013057 secs] [Times: user=0.00 sys=0.00, real=0.00 secs] 
2019-01-02T11:12:14.044+0530: 801.948: [GC (Allocation Failure) 2019-01-02T11:12:14.044+0530: 801.948: [DefNew
Desired survivor size 32768 bytes, new threshold 15 (max 15)
- age   1:         24 bytes,         24 total
- age   4:        184 bytes,        208 total
- age   9:         16 bytes,        224 total
: 892K->0K(960K), 0.0004008 secs] 5445K->5035K(10176K), 0.0004898 secs] [Times: user=0.00 sys=0.00, real=0.00 secs] 
2019-01-02T11:12:14.045+0530: 801.949: [GC (Allocation Failure) 2019-01-02T11:12:14.045+0530: 801.949: [DefNew
Desired survivor size 32768 bytes, new threshold 15 (max 15)
- age   1:         24 bytes,         24 total
- age   5:         72 bytes,         96 total
- age  10:         16 bytes,        112 total
: 500K->0K(960K), 0.0003438 secs] 5535K->5517K(10176K), 0.0004168 secs] [Times: user=0.00 sys=0.00, real=0.00 secs] 
2019-01-02T11:12:14.102+0530: 802.006: [GC (Allocation Failure) 2019-01-02T11:12:14.103+0530: 802.007: [DefNew
Desired survivor size 32768 bytes, new threshold 15 (max 15)
- age   1:        248 bytes,        248 total
- age   6:         16 bytes,        264 total
- age  11:         16 bytes,        280 total
: 839K->0K(960K), 0.0008843 secs] 6357K->5589K(10176K), 0.0015143 secs] [Times: user=0.00 sys=0.00, real=0.00 secs] 
2019-01-02T11:12:14.106+0530: 802.010: [GC (Allocation Failure) 2019-01-02T11:12:14.106+0530: 802.010: [DefNew
Desired survivor size 32768 bytes, new threshold 15 (max 15)
- age   1:         40 bytes,         40 total
- age   2:        184 bytes,        224 total
- age   7:         16 bytes,        240 total
- age  12:         16 bytes,        256 total
: 896K->0K(960K), 0.0005970 secs] 6485K->5877K(10176K), 0.0007874 secs] [Times: user=0.00 sys=0.00, real=0.00 secs] 
2019-01-02T11:12:14.108+0530: 802.012: [GC (Allocation Failure) 2019-01-02T11:12:14.108+0530: 802.012: [DefNew
Desired survivor size 32768 bytes, new threshold 15 (max 15)
- age   3:        184 bytes,        184 total
- age   8:         16 bytes,        200 total
- age  13:         16 bytes,        216 total
: 896K->0K(960K), 0.0011848 secs] 6773K->6453K(10176K), 0.0014345 secs] [Times: user=0.00 sys=0.00, real=0.00 secs] 
2019-01-02T11:12:14.111+0530: 802.015: [GC (Allocation Failure) 2019-01-02T11:12:14.111+0530: 802.015: [DefNew
Desired survivor size 32768 bytes, new threshold 15 (max 15)
- age   1:         24 bytes,         24 total
- age   4:        184 bytes,        208 total
- age   9:         16 bytes,        224 total
- age  14:         16 bytes,        240 total
: 892K->0K(960K), 0.0003706 secs] 7346K->6936K(10176K), 0.0004413 secs] [Times: user=0.00 sys=0.00, real=0.00 secs] 
2019-01-02T11:12:14.112+0530: 802.016: [GC (Allocation Failure) 2019-01-02T11:12:14.112+0530: 802.016: [DefNew
Desired survivor size 32768 bytes, new threshold 15 (max 15)
- age   1:         24 bytes,         24 total
- age   5:         72 bytes,         96 total
- age  10:         16 bytes,        112 total
- age  15:         16 bytes,        128 total
: 500K->0K(960K), 0.0003261 secs] 7436K->7418K(10176K), 0.0003854 secs] [Times: user=0.00 sys=0.00, real=0.00 secs] 
2019-01-02T11:12:14.168+0530: 802.072: [GC (Allocation Failure) 2019-01-02T11:12:14.168+0530: 802.072: [DefNew
Desired survivor size 32768 bytes, new threshold 15 (max 15)
- age   1:        248 bytes,        248 total
- age   6:         16 bytes,        264 total
- age  11:         16 bytes,        280 total
: 839K->0K(960K), 0.0012903 secs] 8258K->7490K(10176K), 0.0016831 secs] [Times: user=0.00 sys=0.00, real=0.00 secs] 
2019-01-02T11:12:14.172+0530: 802.076: [GC (Allocation Failure) 2019-01-02T11:12:14.172+0530: 802.076: [DefNew
Desired survivor size 32768 bytes, new threshold 15 (max 15)
- age   1:         40 bytes,         40 total
- age   2:        184 bytes,        224 total
- age   7:         16 bytes,        240 total
- age  12:         16 bytes,        256 total
: 896K->0K(960K), 0.0007880 secs] 8386K->7778K(10176K), 0.0009710 secs] [Times: user=0.00 sys=0.00, real=0.00 secs] 
2019-01-02T11:12:14.174+0530: 802.078: [GC (Allocation Failure) 2019-01-02T11:12:14.174+0530: 802.079: [DefNew
Desired survivor size 32768 bytes, new threshold 15 (max 15)
- age   3:        184 bytes,        184 total
- age   8:         16 bytes,        200 total
- age  13:         16 bytes,        216 total
: 896K->0K(960K), 0.0011962 secs] 8674K->8354K(10176K), 0.0014379 secs] [Times: user=0.00 sys=0.00, real=0.00 secs] 
2019-01-02T11:12:14.177+0530: 802.081: [GC (Allocation Failure) 2019-01-02T11:12:14.177+0530: 802.081: [DefNew
Desired survivor size 32768 bytes, new threshold 15 (max 15)
- age   1:         24 bytes,         24 total
- age   4:        184 bytes,        208 total
- age   9:         16 bytes,        224 total
- age  14:         16 bytes,        240 total
: 892K->0K(960K), 0.0003278 secs] 9247K->8837K(10176K), 0.0003883 secs] [Times: user=0.00 sys=0.00, real=0.00 secs] 
2019-01-02T11:12:14.178+0530: 802.082: [GC (Allocation Failure) 2019-01-02T11:12:14.178+0530: 802.082: [DefNew: 500K->500K(960K), 0.0000228 secs]2019-01-02T11:12:14.178+0530: 802.082: [Tenured: 8836K->1234K(9216K), 0.0036542 secs] 9337K->1234K(10176K), [Metaspace: 2520K->2520K(1056768K)], 0.0037807 secs] [Times: user=0.02 sys=0.00, real=0.00 secs] 
2019-01-02T11:12:14.233+0530: 802.137: [GC (Allocation Failure) 2019-01-02T11:12:14.233+0530: 802.137: [DefNew
Desired survivor size 32768 bytes, new threshold 15 (max 15)
- age   1:        248 bytes,        248 total
: 839K->0K(960K), 0.0010850 secs] 2073K->1788K(10176K), 0.0014773 secs] [Times: user=0.00 sys=0.00, real=0.00 secs] 
2019-01-02T11:12:14.237+0530: 802.141: [GC (Allocation Failure) 2019-01-02T11:12:14.237+0530: 802.141: [DefNew
Desired survivor size 32768 bytes, new threshold 15 (max 15)
- age   2:        184 bytes,        184 total
: 896K->0K(960K), 0.0009687 secs] 2684K->2076K(10176K), 0.0012276 secs] [Times: user=0.00 sys=0.00, real=0.00 secs] 
2019-01-02T11:12:14.240+0530: 802.144: [GC (Allocation Failure) 2019-01-02T11:12:14.240+0530: 802.144: [DefNew
Desired survivor size 32768 bytes, new threshold 15 (max 15)
- age   3:        184 bytes,        184 total
: 896K->0K(960K), 0.0008809 secs] 2972K->2652K(10176K), 0.0009818 secs] [Times: user=0.00 sys=0.00, real=0.00 secs] 
2019-01-02T11:12:14.242+0530: 802.146: [GC (Allocation Failure) 2019-01-02T11:12:14.242+0530: 802.146: [DefNew
Desired survivor size 32768 bytes, new threshold 15 (max 15)
- age   1:         24 bytes,         24 total
- age   4:        184 bytes,        208 total
: 892K->0K(960K), 0.0010531 secs] 3545K->3135K(10176K), 0.0011871 secs] [Times: user=0.00 sys=0.00, real=0.00 secs] 
2019-01-02T11:12:14.244+0530: 802.148: [GC (Allocation Failure) 2019-01-02T11:12:14.244+0530: 802.148: [DefNew
Desired survivor size 32768 bytes, new threshold 15 (max 15)
- age   1:         24 bytes,         24 total
- age   5:         72 bytes,         96 total
: 500K->0K(960K), 0.0003324 secs] 3635K->3617K(10176K), 0.0004276 secs] [Times: user=0.00 sys=0.00, real=0.00 secs] 
2019-01-02T11:12:14.296+0530: 802.200: [GC (Allocation Failure) 2019-01-02T11:12:14.296+0530: 802.200: [DefNew
Desired survivor size 32768 bytes, new threshold 15 (max 15)
- age   1:        248 bytes,        248 total
- age   6:         16 bytes,        264 total
: 840K->0K(960K), 0.0010987 secs] 4457K->3689K(10176K), 0.0013370 secs] [Times: user=0.00 sys=0.00, real=0.00 secs] 
2019-01-02T11:12:14.299+0530: 802.203: [GC (Allocation Failure) 2019-01-02T11:12:14.299+0530: 802.203: [DefNew
Desired survivor size 32768 bytes, new threshold 15 (max 15)
- age   2:        184 bytes,        184 total
- age   7:         16 bytes,        200 total
: 896K->0K(960K), 0.0006677 secs] 4585K->3977K(10176K), 0.0008130 secs] [Times: user=0.00 sys=0.00, real=0.00 secs] 
2019-01-02T11:12:14.301+0530: 802.205: [GC (Allocation Failure) 2019-01-02T11:12:14.301+0530: 802.205: [DefNew
Desired survivor size 32768 bytes, new threshold 15 (max 15)
- age   3:        184 bytes,        184 total
- age   8:         16 bytes,        200 total
: 896K->0K(960K), 0.0010371 secs] 4873K->4553K(10176K), 0.0012082 secs] [Times: user=0.00 sys=0.00, real=0.00 secs] 
2019-01-02T11:12:14.305+0530: 802.209: [GC (Allocation Failure) 2019-01-02T11:12:14.305+0530: 802.209: [DefNew
Desired survivor size 32768 bytes, new threshold 15 (max 15)
- age   1:         24 bytes,         24 total
- age   4:        184 bytes,        208 total
- age   9:         16 bytes,        224 total
: 893K->0K(960K), 0.0009259 secs] 5446K->5036K(10176K), 0.0010023 secs] [Times: user=0.00 sys=0.00, real=0.00 secs] 
2019-01-02T11:12:14.306+0530: 802.210: [GC (Allocation Failure) 2019-01-02T11:12:14.306+0530: 802.210: [DefNew
Desired survivor size 32768 bytes, new threshold 15 (max 15)
- age   1:         24 bytes,         24 total
- age   5:         72 bytes,         96 total
- age  10:         16 bytes,        112 total
: 500K->0K(960K), 0.0007532 secs] 5536K->5518K(10176K), 0.0008319 secs] [Times: user=0.00 sys=0.00, real=0.00 secs] 
2019-01-02T11:12:14.363+0530: 802.267: [GC (Allocation Failure) 2019-01-02T11:12:14.364+0530: 802.268: [DefNew
Desired survivor size 32768 bytes, new threshold 15 (max 15)
- age   1:        248 bytes,        248 total
- age   6:         16 bytes,        264 total
- age  11:         16 bytes,        280 total
: 840K->0K(960K), 0.0011118 secs] 6358K->5590K(10176K), 0.0015343 secs] [Times: user=0.00 sys=0.00, real=0.00 secs] 
2019-01-02T11:12:14.367+0530: 802.271: [GC (Allocation Failure) 2019-01-02T11:12:14.367+0530: 802.271: [DefNew
Desired survivor size 32768 bytes, new threshold 15 (max 15)
- age   2:        184 bytes,        184 total
- age   7:         16 bytes,        200 total
- age  12:         16 bytes,        216 total
: 896K->0K(960K), 0.0008216 secs] 6486K->5878K(10176K), 0.0010132 secs] [Times: user=0.00 sys=0.00, real=0.00 secs] 
2019-01-02T11:12:14.370+0530: 802.274: [GC (Allocation Failure) 2019-01-02T11:12:14.370+0530: 802.274: [DefNew
Desired survivor size 32768 bytes, new threshold 15 (max 15)
- age   3:        184 bytes,        184 total
- age   8:         16 bytes,        200 total
- age  13:         16 bytes,        216 total
: 896K->0K(960K), 0.0005907 secs] 6774K->6454K(10176K), 0.0006922 secs] [Times: user=0.00 sys=0.00, real=0.00 secs] 
2019-01-02T11:12:14.372+0530: 802.276: [GC (Allocation Failure) 2019-01-02T11:12:14.373+0530: 802.277: [DefNew
Desired survivor size 32768 bytes, new threshold 15 (max 15)
- age   1:         24 bytes,         24 total
- age   4:        184 bytes,        208 total
- age   9:         16 bytes,        224 total
- age  14:         16 bytes,        240 total
: 893K->0K(960K), 0.0007064 secs] 7347K->6936K(10176K), 0.0008803 secs] [Times: user=0.00 sys=0.00, real=0.00 secs] 
2019-01-02T11:12:14.374+0530: 802.278: [GC (Allocation Failure) 2019-01-02T11:12:14.374+0530: 802.278: [DefNew
Desired survivor size 32768 bytes, new threshold 15 (max 15)
- age   1:         24 bytes,         24 total
- age   5:         72 bytes,         96 total
- age  10:         16 bytes,        112 total
- age  15:         16 bytes,        128 total
: 500K->0K(960K), 0.0003552 secs] 7437K->7419K(10176K), 0.0004310 secs] [Times: user=0.00 sys=0.00, real=0.00 secs] 
2019-01-02T11:12:14.427+0530: 802.332: [GC (Allocation Failure) 2019-01-02T11:12:14.428+0530: 802.332: [DefNew
Desired survivor size 32768 bytes, new threshold 15 (max 15)
- age   1:        248 bytes,        248 total
- age   6:         16 bytes,        264 total
- age  11:         16 bytes,        280 total
: 840K->0K(960K), 0.0008216 secs] 8259K->7491K(10176K), 0.0011626 secs] [Times: user=0.02 sys=0.00, real=0.00 secs] 
2019-01-02T11:12:14.431+0530: 802.335: [GC (Allocation Failure) 2019-01-02T11:12:14.431+0530: 802.335: [DefNew
Desired survivor size 32768 bytes, new threshold 15 (max 15)
- age   2:        184 bytes,        184 total
- age   7:         16 bytes,        200 total
- age  12:         16 bytes,        216 total
: 896K->0K(960K), 0.0009168 secs] 8387K->7779K(10176K), 0.0012030 secs] [Times: user=0.00 sys=0.00, real=0.00 secs] 
2019-01-02T11:12:14.433+0530: 802.337: [GC (Allocation Failure) 2019-01-02T11:12:14.433+0530: 802.337: [DefNew
Desired survivor size 32768 bytes, new threshold 15 (max 15)
- age   3:        184 bytes,        184 total
- age   8:         16 bytes,        200 total
- age  13:         16 bytes,        216 total
: 896K->0K(960K), 0.0010970 secs] 8675K->8355K(10176K), 0.0013285 secs] [Times: user=0.00 sys=0.00, real=0.00 secs] 
2019-01-02T11:12:14.437+0530: 802.341: [GC (Allocation Failure) 2019-01-02T11:12:14.437+0530: 802.341: [DefNew
Desired survivor size 32768 bytes, new threshold 15 (max 15)
- age   1:         24 bytes,         24 total
- age   4:        184 bytes,        208 total
- age   9:         16 bytes,        224 total
- age  14:         16 bytes,        240 total
: 893K->0K(960K), 0.0010132 secs] 9248K->8837K(10176K), 0.0012298 secs] [Times: user=0.00 sys=0.00, real=0.00 secs] 
2019-01-02T11:12:14.439+0530: 802.343: [GC (Allocation Failure) 2019-01-02T11:12:14.439+0530: 802.343: [DefNew: 500K->500K(960K), 0.0000336 secs]2019-01-02T11:12:14.439+0530: 802.343: [Tenured: 8837K->1234K(9216K), 0.0060055 secs] 9338K->1234K(10176K), [Metaspace: 2520K->2520K(1056768K)], 0.0061571 secs] [Times: user=0.02 sys=0.00, real=0.01 secs] 
2019-01-02T11:12:14.501+0530: 802.405: [GC (Allocation Failure) 2019-01-02T11:12:14.501+0530: 802.405: [DefNew
Desired survivor size 32768 bytes, new threshold 15 (max 15)
- age   1:        248 bytes,        248 total
: 839K->0K(960K), 0.0008370 secs] 2074K->1789K(10176K), 0.0020064 secs] [Times: user=0.00 sys=0.00, real=0.00 secs] 
2019-01-02T11:12:14.505+0530: 802.409: [GC (Allocation Failure) 2019-01-02T11:12:14.505+0530: 802.409: [DefNew
Desired survivor size 32768 bytes, new threshold 15 (max 15)
- age   2:        184 bytes,        184 total
: 896K->0K(960K), 0.0004584 secs] 2685K->2077K(10176K), 0.0006756 secs] [Times: user=0.00 sys=0.00, real=0.00 secs] 
2019-01-02T11:12:14.507+0530: 802.411: [GC (Allocation Failure) 2019-01-02T11:12:14.507+0530: 802.411: [DefNew
Desired survivor size 32768 bytes, new threshold 15 (max 15)
- age   3:        184 bytes,        184 total
: 896K->0K(960K), 0.0006927 secs] 2973K->2653K(10176K), 0.0008302 secs] [Times: user=0.00 sys=0.00, real=0.00 secs] 
2019-01-02T11:12:14.510+0530: 802.414: [GC (Allocation Failure) 2019-01-02T11:12:14.510+0530: 802.414: [DefNew
Desired survivor size 32768 bytes, new threshold 15 (max 15)
- age   1:         24 bytes,         24 total
- age   4:        184 bytes,        208 total
: 893K->0K(960K), 0.0006506 secs] 3545K->3135K(10176K), 0.0008148 secs] [Times: user=0.00 sys=0.00, real=0.00 secs] 
2019-01-02T11:12:14.511+0530: 802.415: [GC (Allocation Failure) 2019-01-02T11:12:14.511+0530: 802.415: [DefNew
Desired survivor size 32768 bytes, new threshold 15 (max 15)
- age   1:         24 bytes,         24 total
- age   5:         72 bytes,         96 total
: 500K->0K(960K), 0.0003307 secs] 3635K->3617K(10176K), 0.0004048 secs] [Times: user=0.00 sys=0.00, real=0.00 secs] 
2019-01-02T11:12:14.563+0530: 802.467: [GC (Allocation Failure) 2019-01-02T11:12:14.563+0530: 802.467: [DefNew
Desired survivor size 32768 bytes, new threshold 15 (max 15)
- age   1:        248 bytes,        248 total
- age   6:         16 bytes,        264 total
: 840K->0K(960K), 0.0007247 secs] 4457K->3690K(10176K), 0.0010132 secs] [Times: user=0.00 sys=0.00, real=0.00 secs] 
2019-01-02T11:12:14.566+0530: 802.470: [GC (Allocation Failure) 2019-01-02T11:12:14.566+0530: 802.470: [DefNew
Desired survivor size 32768 bytes, new threshold 15 (max 15)
- age   2:        184 bytes,        184 total
- age   7:         16 bytes,        200 total
: 896K->0K(960K), 0.0008946 secs] 4586K->3977K(10176K), 0.0010799 secs] [Times: user=0.00 sys=0.00, real=0.00 secs] 
2019-01-02T11:12:14.568+0530: 802.473: [GC (Allocation Failure) 2019-01-02T11:12:14.569+0530: 802.473: [DefNew
Desired survivor size 32768 bytes, new threshold 15 (max 15)
- age   3:        184 bytes,        184 total
- age   8:         16 bytes,        200 total
: 896K->0K(960K), 0.0012629 secs] 4873K->4554K(10176K), 0.0014248 secs] [Times: user=0.02 sys=0.00, real=0.00 secs] 
2019-01-02T11:12:14.571+0530: 802.475: [GC (Allocation Failure) 2019-01-02T11:12:14.571+0530: 802.475: [DefNew
Desired survivor size 32768 bytes, new threshold 15 (max 15)
- age   1:         24 bytes,         24 total
- age   4:        184 bytes,        208 total
- age   9:         16 bytes,        224 total
: 893K->0K(960K), 0.0007167 secs] 5446K->5036K(10176K), 0.0008473 secs] [Times: user=0.00 sys=0.00, real=0.00 secs] 
2019-01-02T11:12:14.573+0530: 802.477: [GC (Allocation Failure) 2019-01-02T11:12:14.573+0530: 802.477: [DefNew
Desired survivor size 32768 bytes, new threshold 15 (max 15)
- age   1:         24 bytes,         24 total
- age   5:         72 bytes,         96 total
- age  10:         16 bytes,        112 total
: 500K->0K(960K), 0.0004966 secs] 5536K->5518K(10176K), 0.0005947 secs] [Times: user=0.00 sys=0.00, real=0.00 secs] 
2019-01-02T11:12:14.624+0530: 802.529: [GC (Allocation Failure) 2019-01-02T11:12:14.625+0530: 802.529: [DefNew
Desired survivor size 32768 bytes, new threshold 15 (max 15)
- age   1:        248 bytes,        248 total
- age   6:         16 bytes,        264 total
- age  11:         16 bytes,        280 total
: 840K->0K(960K), 0.0006260 secs] 6358K->5591K(10176K), 0.0008381 secs] [Times: user=0.00 sys=0.00, real=0.00 secs] 
2019-01-02T11:12:14.627+0530: 802.531: [GC (Allocation Failure) 2019-01-02T11:12:14.627+0530: 802.531: [DefNew
Desired survivor size 32768 bytes, new threshold 15 (max 15)
- age   2:        184 bytes,        184 total
- age   7:         16 bytes,        200 total
- age  12:         16 bytes,        216 total
: 896K->0K(960K), 0.0010474 secs] 6487K->5879K(10176K), 0.0013028 secs] [Times: user=0.00 sys=0.00, real=0.00 secs] 
2019-01-02T11:12:14.630+0530: 802.534: [GC (Allocation Failure) 2019-01-02T11:12:14.630+0530: 802.534: [DefNew
Desired survivor size 32768 bytes, new threshold 15 (max 15)
- age   3:        184 bytes,        184 total
- age   8:         16 bytes,        200 total
- age  13:         16 bytes,        216 total
: 896K->0K(960K), 0.0016084 secs] 6775K->6455K(10176K), 0.0018867 secs] [Times: user=0.02 sys=0.00, real=0.00 secs] 
2019-01-02T11:12:14.633+0530: 802.537: [GC (Allocation Failure) 2019-01-02T11:12:14.633+0530: 802.537: [DefNew
Desired survivor size 32768 bytes, new threshold 15 (max 15)
- age   1:         24 bytes,         24 total
- age   4:        184 bytes,        208 total
- age   9:         16 bytes,        224 total
- age  14:         16 bytes,        240 total
: 893K->0K(960K), 0.0003586 secs] 7347K->6937K(10176K), 0.0004270 secs] [Times: user=0.00 sys=0.00, real=0.00 secs] 
2019-01-02T11:12:14.634+0530: 802.538: [GC (Allocation Failure) 2019-01-02T11:12:14.634+0530: 802.538: [DefNew
Desired survivor size 32768 bytes, new threshold 15 (max 15)
- age   1:         24 bytes,         24 total
- age   5:         72 bytes,         96 total
- age  10:         16 bytes,        112 total
- age  15:         16 bytes,        128 total
: 500K->0K(960K), 0.0003045 secs] 7437K->7419K(10176K), 0.0003598 secs] [Times: user=0.00 sys=0.00, real=0.00 secs] 
2019-01-02T11:12:14.688+0530: 802.592: [GC (Allocation Failure) 2019-01-02T11:12:14.689+0530: 802.593: [DefNew
Desired survivor size 32768 bytes, new threshold 15 (max 15)
- age   1:        248 bytes,        248 total
- age   6:         16 bytes,        264 total
- age  11:         16 bytes,        280 total
: 840K->0K(960K), 0.0006015 secs] 8260K->7492K(10176K), 0.0010457 secs] [Times: user=0.00 sys=0.00, real=0.00 secs] 
2019-01-02T11:12:14.691+0530: 802.595: [GC (Allocation Failure) 2019-01-02T11:12:14.691+0530: 802.595: [DefNew
Desired survivor size 32768 bytes, new threshold 15 (max 15)
- age   2:        184 bytes,        184 total
- age   7:         16 bytes,        200 total
- age  12:         16 bytes,        216 total
: 896K->0K(960K), 0.0006597 secs] 8388K->7780K(10176K), 0.0008028 secs] [Times: user=0.00 sys=0.00, real=0.00 secs] 
2019-01-02T11:12:14.693+0530: 802.597: [GC (Allocation Failure) 2019-01-02T11:12:14.693+0530: 802.597: [DefNew
Desired survivor size 32768 bytes, new threshold 15 (max 15)
- age   3:        184 bytes,        184 total
- age   8:         16 bytes,        200 total
- age  13:         16 bytes,        216 total
: 896K->0K(960K), 0.0008974 secs] 8676K->8356K(10176K), 0.0010491 secs] [Times: user=0.00 sys=0.01, real=0.00 secs] 
2019-01-02T11:12:14.695+0530: 802.599: [GC (Allocation Failure) 2019-01-02T11:12:14.695+0530: 802.599: [DefNew
Desired survivor size 32768 bytes, new threshold 15 (max 15)
- age   1:         24 bytes,         24 total
- age   4:        184 bytes,        208 total
- age   9:         16 bytes,        224 total
- age  14:         16 bytes,        240 total
: 893K->0K(960K), 0.0009276 secs] 9249K->8838K(10176K), 0.0010451 secs] [Times: user=0.00 sys=0.00, real=0.00 secs] 
2019-01-02T11:12:14.697+0530: 802.601: [GC (Allocation Failure) 2019-01-02T11:12:14.697+0530: 802.601: [DefNew: 500K->500K(960K), 0.0000251 secs]2019-01-02T11:12:14.697+0530: 802.601: [Tenured: 8838K->1234K(9216K), 0.0035897 secs] 9338K->1234K(10176K), [Metaspace: 2520K->2520K(1056768K)], 0.0037231 secs] [Times: user=0.00 sys=0.00, real=0.00 secs] 
2019-01-02T11:12:14.755+0530: 802.659: [GC (Allocation Failure) 2019-01-02T11:12:14.755+0530: 802.659: [DefNew
Desired survivor size 32768 bytes, new threshold 15 (max 15)
- age   1:        248 bytes,        248 total
: 840K->0K(960K), 0.0010725 secs] 2074K->1789K(10176K), 0.0015109 secs] [Times: user=0.02 sys=0.00, real=0.00 secs] 
2019-01-02T11:12:14.759+0530: 802.662: [GC (Allocation Failure) 2019-01-02T11:12:14.759+0530: 802.663: [DefNew
Desired survivor size 32768 bytes, new threshold 15 (max 15)
- age   2:        184 bytes,        184 total
: 896K->0K(960K), 0.0004721 secs] 2685K->2077K(10176K), 0.0007743 secs] [Times: user=0.00 sys=0.00, real=0.00 secs] 
2019-01-02T11:12:14.761+0530: 802.664: [GC (Allocation Failure) 2019-01-02T11:12:14.761+0530: 802.664: [DefNew
Desired survivor size 32768 bytes, new threshold 15 (max 15)
- age   3:        184 bytes,        184 total
: 896K->0K(960K), 0.0006722 secs] 2973K->2653K(10176K), 0.0008022 secs] [Times: user=0.00 sys=0.00, real=0.00 secs] 
2019-01-02T11:12:14.763+0530: 802.667: [GC (Allocation Failure) 2019-01-02T11:12:14.763+0530: 802.667: [DefNew
Desired survivor size 32768 bytes, new threshold 15 (max 15)
- age   1:         24 bytes,         24 total
- age   4:        184 bytes,        208 total
: 893K->0K(960K), 0.0007538 secs] 3546K->3135K(10176K), 0.0008672 secs] [Times: user=0.00 sys=0.00, real=0.00 secs] 
2019-01-02T11:12:14.764+0530: 802.668: [GC (Allocation Failure) 2019-01-02T11:12:14.764+0530: 802.668: [DefNew
Desired survivor size 32768 bytes, new threshold 15 (max 15)
- age   1:         24 bytes,         24 total
- age   5:         72 bytes,         96 total
: 500K->0K(960K), 0.0003022 secs] 3636K->3618K(10176K), 0.0003558 secs] [Times: user=0.00 sys=0.00, real=0.00 secs] 
2019-01-02T11:12:14.817+0530: 802.721: [GC (Allocation Failure) 2019-01-02T11:12:14.817+0530: 802.721: [DefNew
Desired survivor size 32768 bytes, new threshold 15 (max 15)
- age   1:        248 bytes,        248 total
- age   6:         16 bytes,        264 total
: 840K->0K(960K), 0.0005667 secs] 4458K->3690K(10176K), 0.0009448 secs] [Times: user=0.00 sys=0.00, real=0.00 secs] 
2019-01-02T11:12:14.820+0530: 802.724: [GC (Allocation Failure) 2019-01-02T11:12:14.820+0530: 802.724: [DefNew
Desired survivor size 32768 bytes, new threshold 15 (max 15)
- age   2:        184 bytes,        184 total
- age   7:         16 bytes,        200 total
: 896K->0K(960K), 0.0008951 secs] 4586K->3978K(10176K), 0.0012429 secs] [Times: user=0.00 sys=0.00, real=0.00 secs] 
2019-01-02T11:12:14.823+0530: 802.727: [GC (Allocation Failure) 2019-01-02T11:12:14.824+0530: 802.727: [DefNew
Desired survivor size 32768 bytes, new threshold 15 (max 15)
- age   3:        184 bytes,        184 total
- age   8:         16 bytes,        200 total
: 896K->0K(960K), 0.0012395 secs] 4874K->4554K(10176K), 0.0014442 secs] [Times: user=0.00 sys=0.00, real=0.00 secs] 
2019-01-02T11:12:14.826+0530: 802.730: [GC (Allocation Failure) 2019-01-02T11:12:14.827+0530: 802.730: [DefNew
Desired survivor size 32768 bytes, new threshold 15 (max 15)
- age   1:         24 bytes,         24 total
- age   4:        184 bytes,        208 total
- age   9:         16 bytes,        224 total
: 893K->0K(960K), 0.0008843 secs] 5447K->5036K(10176K), 0.0010189 secs] [Times: user=0.00 sys=0.00, real=0.00 secs] 
2019-01-02T11:12:14.828+0530: 802.732: [GC (Allocation Failure) 2019-01-02T11:12:14.828+0530: 802.732: [DefNew
Desired survivor size 32768 bytes, new threshold 15 (max 15)
- age   1:         24 bytes,         24 total
- age   5:         72 bytes,         96 total
- age  10:         16 bytes,        112 total
: 500K->0K(960K), 0.0003370 secs] 5537K->5519K(10176K), 0.0004105 secs] [Times: user=0.00 sys=0.00, real=0.00 secs] 
2019-01-02T11:12:14.878+0530: 802.781: [GC (Allocation Failure) 2019-01-02T11:12:14.878+0530: 802.782: [DefNew
Desired survivor size 32768 bytes, new threshold 15 (max 15)
- age   1:        248 bytes,        248 total
- age   6:         16 bytes,        264 total
- age  11:         16 bytes,        280 total
: 840K->0K(960K), 0.0013040 secs] 6359K->5591K(10176K), 0.0019505 secs] [Times: user=0.00 sys=0.00, real=0.00 secs] 
2019-01-02T11:12:14.882+0530: 802.785: [GC (Allocation Failure) 2019-01-02T11:12:14.882+0530: 802.785: [DefNew
Desired survivor size 32768 bytes, new threshold 15 (max 15)
- age   2:        184 bytes,        184 total
- age   7:         16 bytes,        200 total
- age  12:         16 bytes,        216 total
: 896K->0K(960K), 0.0010839 secs] 6487K->5879K(10176K), 0.0012618 secs] [Times: user=0.00 sys=0.00, real=0.00 secs] 
2019-01-02T11:12:14.884+0530: 802.788: [GC (Allocation Failure) 2019-01-02T11:12:14.884+0530: 802.788: [DefNew
Desired survivor size 32768 bytes, new threshold 15 (max 15)
- age   3:        184 bytes,        184 total
- age   8:         16 bytes,        200 total
- age  13:         16 bytes,        216 total
: 896K->0K(960K), 0.0010582 secs] 6775K->6455K(10176K), 0.0012144 secs] [Times: user=0.00 sys=0.00, real=0.00 secs] 
2019-01-02T11:12:14.887+0530: 802.790: [GC (Allocation Failure) 2019-01-02T11:12:14.887+0530: 802.790: [DefNew
Desired survivor size 32768 bytes, new threshold 15 (max 15)
- age   1:         24 bytes,         24 total
- age   4:        184 bytes,        208 total
- age   9:         16 bytes,        224 total
- age  14:         16 bytes,        240 total
: 893K->0K(960K), 0.0003432 secs] 7348K->6938K(10176K), 0.0004054 secs] [Times: user=0.00 sys=0.00, real=0.00 secs] 
2019-01-02T11:12:14.888+0530: 802.791: [GC (Allocation Failure) 2019-01-02T11:12:14.888+0530: 802.791: [DefNew
Desired survivor size 32768 bytes, new threshold 15 (max 15)
- age   1:         24 bytes,         24 total
- age   5:         72 bytes,         96 total
- age  10:         16 bytes,        112 total
- age  15:         16 bytes,        128 total
: 500K->0K(960K), 0.0003170 secs] 7438K->7420K(10176K), 0.0003717 secs] [Times: user=0.00 sys=0.00, real=0.00 secs] 
2019-01-02T11:12:14.944+0530: 802.848: [GC (Allocation Failure) 2019-01-02T11:12:14.945+0530: 802.848: [DefNew
Desired survivor size 32768 bytes, new threshold 15 (max 15)
- age   1:        248 bytes,        248 total
- age   6:         16 bytes,        264 total
- age  11:         16 bytes,        280 total
: 840K->0K(960K), 0.0009259 secs] 8260K->7492K(10176K), 0.0013655 secs] [Times: user=0.00 sys=0.00, real=0.00 secs] 
2019-01-02T11:12:14.948+0530: 802.851: [GC (Allocation Failure) 2019-01-02T11:12:14.948+0530: 802.851: [DefNew
Desired survivor size 32768 bytes, new threshold 15 (max 15)
- age   2:        184 bytes,        184 total
- age   7:         16 bytes,        200 total
- age  12:         16 bytes,        216 total
: 896K->0K(960K), 0.0007406 secs] 8388K->7780K(10176K), 0.0009716 secs] [Times: user=0.00 sys=0.00, real=0.00 secs] 
2019-01-02T11:12:14.950+0530: 802.854: [GC (Allocation Failure) 2019-01-02T11:12:14.950+0530: 802.854: [DefNew
Desired survivor size 32768 bytes, new threshold 15 (max 15)
- age   3:        184 bytes,        184 total
- age   8:         16 bytes,        200 total
- age  13:         16 bytes,        216 total
: 896K->0K(960K), 0.0012498 secs] 8676K->8356K(10176K), 0.0013952 secs] [Times: user=0.00 sys=0.00, real=0.00 secs] 
2019-01-02T11:12:14.953+0530: 802.856: [GC (Allocation Failure) 2019-01-02T11:12:14.953+0530: 802.856: [DefNew
Desired survivor size 32768 bytes, new threshold 15 (max 15)
- age   1:         24 bytes,         24 total
- age   4:        184 bytes,        208 total
- age   9:         16 bytes,        224 total
- age  14:         16 bytes,        240 total
: 893K->0K(960K), 0.0003541 secs] 9249K->8839K(10176K), 0.0004379 secs] [Times: user=0.00 sys=0.00, real=0.00 secs] 
2019-01-02T11:12:14.953+0530: 802.857: [GC (Allocation Failure) 2019-01-02T11:12:14.953+0530: 802.857: [DefNew: 500K->500K(960K), 0.0000291 secs]2019-01-02T11:12:14.953+0530: 802.857: [Tenured: 8839K->1234K(9216K), 0.0057979 secs] 9339K->1234K(10176K), [Metaspace: 2520K->2520K(1056768K)], 0.0060534 secs] [Times: user=0.02 sys=0.00, real=0.01 secs] 
2019-01-02T11:12:15.011+0530: 802.915: [GC (Allocation Failure) 2019-01-02T11:12:15.011+0530: 802.915: [DefNew
Desired survivor size 32768 bytes, new threshold 15 (max 15)
- age   1:        248 bytes,        248 total
: 840K->0K(960K), 0.0012544 secs] 2074K->1789K(10176K), 0.0015223 secs] [Times: user=0.00 sys=0.00, real=0.00 secs] 
2019-01-02T11:12:15.014+0530: 802.918: [GC (Allocation Failure) 2019-01-02T11:12:15.014+0530: 802.918: [DefNew
Desired survivor size 32768 bytes, new threshold 15 (max 15)
- age   2:        184 bytes,        184 total
: 896K->0K(960K), 0.0009607 secs] 2685K->2077K(10176K), 0.0010998 secs] [Times: user=0.00 sys=0.00, real=0.00 secs] 
2019-01-02T11:12:15.017+0530: 802.920: [GC (Allocation Failure) 2019-01-02T11:12:15.017+0530: 802.920: [DefNew
Desired survivor size 32768 bytes, new threshold 15 (max 15)
- age   1:         40 bytes,         40 total
- age   3:        184 bytes,        224 total
: 896K->0K(960K), 0.0006266 secs] 2973K->2653K(10176K), 0.0007959 secs] [Times: user=0.00 sys=0.00, real=0.00 secs] 
2019-01-02T11:12:15.019+0530: 802.922: [GC (Allocation Failure) 2019-01-02T11:12:15.019+0530: 802.923: [DefNew
Desired survivor size 32768 bytes, new threshold 15 (max 15)
- age   1:         24 bytes,         24 total
- age   4:        184 bytes,        208 total
: 893K->0K(960K), 0.0003210 secs] 3546K->3136K(10176K), 0.0003809 secs] [Times: user=0.00 sys=0.00, real=0.00 secs] 
2019-01-02T11:12:15.020+0530: 802.923: [GC (Allocation Failure) 2019-01-02T11:12:15.020+0530: 802.923: [DefNew
Desired survivor size 32768 bytes, new threshold 15 (max 15)
- age   1:         24 bytes,         24 total
- age   5:         72 bytes,         96 total
: 500K->0K(960K), 0.0003142 secs] 3636K->3618K(10176K), 0.0003894 secs] [Times: user=0.00 sys=0.00, real=0.00 secs] 
2019-01-02T11:12:15.070+0530: 802.974: [GC (Allocation Failure) 2019-01-02T11:12:15.070+0530: 802.974: [DefNew
Desired survivor size 32768 bytes, new threshold 15 (max 15)
- age   1:        248 bytes,        248 total
- age   6:         16 bytes,        264 total
: 840K->0K(960K), 0.0013678 secs] 4458K->3690K(10176K), 0.0015451 secs] [Times: user=0.00 sys=0.00, real=0.00 secs] 
2019-01-02T11:12:15.077+0530: 802.981: [GC (Allocation Failure) 2019-01-02T11:12:15.077+0530: 802.981: [DefNew
Desired survivor size 32768 bytes, new threshold 15 (max 15)
- age   2:        184 bytes,        184 total
- age   7:         16 bytes,        200 total
: 896K->0K(960K), 0.0007423 secs] 4586K->3978K(10176K), 0.0008604 secs] [Times: user=0.00 sys=0.00, real=0.00 secs] 
2019-01-02T11:12:15.079+0530: 802.983: [GC (Allocation Failure) 2019-01-02T11:12:15.079+0530: 802.983: [DefNew
Desired survivor size 32768 bytes, new threshold 15 (max 15)
- age   3:        184 bytes,        184 total
- age   8:         16 bytes,        200 total
: 896K->0K(960K), 0.0010365 secs] 4874K->4554K(10176K), 0.0011842 secs] [Times: user=0.00 sys=0.00, real=0.00 secs] 
2019-01-02T11:12:15.081+0530: 802.985: [GC (Allocation Failure) 2019-01-02T11:12:15.082+0530: 802.985: [DefNew
Desired survivor size 32768 bytes, new threshold 15 (max 15)
- age   1:         24 bytes,         24 total
- age   4:        184 bytes,        208 total
- age   9:         16 bytes,        224 total
: 893K->0K(960K), 0.0003375 secs] 5448K->5037K(10176K), 0.0004060 secs] [Times: user=0.00 sys=0.00, real=0.00 secs] 
2019-01-02T11:12:15.082+0530: 802.986: [GC (Allocation Failure) 2019-01-02T11:12:15.082+0530: 802.986: [DefNew
Desired survivor size 32768 bytes, new threshold 15 (max 15)
- age   1:         24 bytes,         24 total
- age   5:         72 bytes,         96 total
- age  10:         16 bytes,        112 total
: 500K->0K(960K), 0.0003073 secs] 5537K->5520K(10176K), 0.0003666 secs] [Times: user=0.00 sys=0.00, real=0.00 secs] 
2019-01-02T11:12:15.134+0530: 803.038: [GC (Allocation Failure) 2019-01-02T11:12:15.134+0530: 803.038: [DefNew
Desired survivor size 32768 bytes, new threshold 15 (max 15)
- age   1:        248 bytes,        248 total
- age   6:         16 bytes,        264 total
- age  11:         16 bytes,        280 total
: 840K->0K(960K), 0.0009636 secs] 6360K->5592K(10176K), 0.0012412 secs] [Times: user=0.00 sys=0.00, real=0.00 secs] 
2019-01-02T11:12:15.137+0530: 803.041: [GC (Allocation Failure) 2019-01-02T11:12:15.137+0530: 803.041: [DefNew
Desired survivor size 32768 bytes, new threshold 15 (max 15)
- age   2:        184 bytes,        184 total
- age   7:         16 bytes,        200 total
- age  12:         16 bytes,        216 total
: 896K->0K(960K), 0.0005736 secs] 6488K->5880K(10176K), 0.0006893 secs] [Times: user=0.00 sys=0.00, real=0.00 secs] 
2019-01-02T11:12:15.139+0530: 803.043: [GC (Allocation Failure) 2019-01-02T11:12:15.139+0530: 803.043: [DefNew
Desired survivor size 32768 bytes, new threshold 15 (max 15)
- age   3:        184 bytes,        184 total
- age   8:         16 bytes,        200 total
- age  13:         16 bytes,        216 total
: 896K->0K(960K), 0.0003438 secs] 6776K->6456K(10176K), 0.0004031 secs] [Times: user=0.00 sys=0.00, real=0.00 secs] 
2019-01-02T11:12:15.141+0530: 803.045: [GC (Allocation Failure) 2019-01-02T11:12:15.141+0530: 803.045: [DefNew
Desired survivor size 32768 bytes, new threshold 15 (max 15)
- age   1:         24 bytes,         24 total
- age   4:        184 bytes,        208 total
- age   9:         16 bytes,        224 total
- age  14:         16 bytes,        240 total
: 893K->0K(960K), 0.0007560 secs] 7349K->6938K(10176K), 0.0008552 secs] [Times: user=0.00 sys=0.00, real=0.00 secs] 
2019-01-02T11:12:15.142+0530: 803.046: [GC (Allocation Failure) 2019-01-02T11:12:15.142+0530: 803.046: [DefNew
Desired survivor size 32768 bytes, new threshold 15 (max 15)
- age   1:         24 bytes,         24 total
- age   5:         72 bytes,         96 total
- age  10:         16 bytes,        112 total
- age  15:         16 bytes,        128 total
: 500K->0K(960K), 0.0005200 secs] 7439K->7421K(10176K), 0.0006220 secs] [Times: user=0.00 sys=0.00, real=0.00 secs] 
2019-01-02T11:12:15.196+0530: 803.099: [GC (Allocation Failure) 2019-01-02T11:12:15.196+0530: 803.100: [DefNew
Desired survivor size 32768 bytes, new threshold 15 (max 15)
- age   1:        248 bytes,        248 total
- age   6:         16 bytes,        264 total
- age  11:         16 bytes,        280 total
: 840K->0K(960K), 0.0010012 secs] 8261K->7493K(10176K), 0.0012509 secs] [Times: user=0.00 sys=0.00, real=0.00 secs] 
2019-01-02T11:12:15.199+0530: 803.103: [GC (Allocation Failure) 2019-01-02T11:12:15.200+0530: 803.103: [DefNew
Desired survivor size 32768 bytes, new threshold 15 (max 15)
- age   2:        184 bytes,        184 total
- age   7:         16 bytes,        200 total
- age  12:         16 bytes,        216 total
: 896K->0K(960K), 0.0007954 secs] 8389K->7781K(10176K), 0.0010120 secs] [Times: user=0.00 sys=0.00, real=0.00 secs] 
2019-01-02T11:12:15.202+0530: 803.106: [GC (Allocation Failure) 2019-01-02T11:12:15.202+0530: 803.106: [DefNew
Desired survivor size 32768 bytes, new threshold 15 (max 15)
- age   1:         40 bytes,         40 total
- age   3:        184 bytes,        224 total
- age   8:         16 bytes,        240 total
- age  13:         16 bytes,        256 total
: 896K->0K(960K), 0.0004105 secs] 8677K->8357K(10176K), 0.0004949 secs] [Times: user=0.00 sys=0.00, real=0.00 secs] 
2019-01-02T11:12:15.204+0530: 803.107: [GC (Allocation Failure) 2019-01-02T11:12:15.204+0530: 803.107: [DefNew
Desired survivor size 32768 bytes, new threshold 15 (max 15)
- age   1:         24 bytes,         24 total
- age   4:        184 bytes,        208 total
- age   9:         16 bytes,        224 total
- age  14:         16 bytes,        240 total
: 893K->0K(960K), 0.0003341 secs] 9250K->8840K(10176K), 0.0003923 secs] [Times: user=0.00 sys=0.00, real=0.00 secs] 
2019-01-02T11:12:15.204+0530: 803.108: [GC (Allocation Failure) 2019-01-02T11:12:15.204+0530: 803.108: [DefNew: 500K->500K(960K), 0.0000234 secs]2019-01-02T11:12:15.204+0530: 803.108: [Tenured: 8840K->1234K(9216K), 0.0041758 secs] 9340K->1234K(10176K), [Metaspace: 2520K->2520K(1056768K)], 0.0044375 secs] [Times: user=0.02 sys=0.00, real=0.01 secs] 
2019-01-02T11:12:15.262+0530: 803.166: [GC (Allocation Failure) 2019-01-02T11:12:15.262+0530: 803.166: [DefNew
Desired survivor size 32768 bytes, new threshold 15 (max 15)
- age   1:        248 bytes,        248 total
: 840K->0K(960K), 0.0010753 secs] 2075K->1789K(10176K), 0.0013216 secs] [Times: user=0.00 sys=0.00, real=0.00 secs] 
2019-01-02T11:12:15.265+0530: 803.169: [GC (Allocation Failure) 2019-01-02T11:12:15.265+0530: 803.169: [DefNew
Desired survivor size 32768 bytes, new threshold 15 (max 15)
- age   2:        184 bytes,        184 total
: 896K->0K(960K), 0.0009773 secs] 2685K->2077K(10176K), 0.0011842 secs] [Times: user=0.00 sys=0.00, real=0.00 secs] 
2019-01-02T11:12:15.268+0530: 803.172: [GC (Allocation Failure) 2019-01-02T11:12:15.268+0530: 803.172: [DefNew
Desired survivor size 32768 bytes, new threshold 15 (max 15)
- age   1:         40 bytes,         40 total
- age   3:        184 bytes,        224 total
: 896K->0K(960K), 0.0007748 secs] 2973K->2653K(10176K), 0.0010462 secs] [Times: user=0.00 sys=0.00, real=0.00 secs] 
2019-01-02T11:12:15.271+0530: 803.174: [GC (Allocation Failure) 2019-01-02T11:12:15.271+0530: 803.174: [DefNew
Desired survivor size 32768 bytes, new threshold 15 (max 15)
- age   1:         24 bytes,         24 total
- age   4:        184 bytes,        208 total
: 893K->0K(960K), 0.0003449 secs] 3547K->3136K(10176K), 0.0004253 secs] [Times: user=0.02 sys=0.00, real=0.00 secs] 
2019-01-02T11:12:15.271+0530: 803.175: [GC (Allocation Failure) 2019-01-02T11:12:15.271+0530: 803.175: [DefNew
Desired survivor size 32768 bytes, new threshold 15 (max 15)
- age   1:         24 bytes,         24 total
- age   5:         72 bytes,         96 total
: 500K->0K(960K), 0.0003432 secs] 3636K->3619K(10176K), 0.0004174 secs] [Times: user=0.00 sys=0.00, real=0.00 secs] 
2019-01-02T11:12:15.326+0530: 803.229: [GC (Allocation Failure) 2019-01-02T11:12:15.326+0530: 803.230: [DefNew
Desired survivor size 32768 bytes, new threshold 15 (max 15)
- age   1:        248 bytes,        248 total
- age   6:         16 bytes,        264 total
: 840K->0K(960K), 0.0003946 secs] 4459K->3691K(10176K), 0.0006665 secs] [Times: user=0.00 sys=0.00, real=0.00 secs] 
2019-01-02T11:12:15.328+0530: 803.231: [GC (Allocation Failure) 2019-01-02T11:12:15.328+0530: 803.232: [DefNew
Desired survivor size 32768 bytes, new threshold 15 (max 15)
- age   1:         40 bytes,         40 total
- age   2:        184 bytes,        224 total
- age   7:         16 bytes,        240 total
: 896K->0K(960K), 0.0006135 secs] 4587K->3979K(10176K), 0.0007520 secs] [Times: user=0.00 sys=0.00, real=0.00 secs] 
2019-01-02T11:12:15.330+0530: 803.234: [GC (Allocation Failure) 2019-01-02T11:12:15.330+0530: 803.234: [DefNew
Desired survivor size 32768 bytes, new threshold 15 (max 15)
- age   1:         40 bytes,         40 total
- age   3:        184 bytes,        224 total
- age   8:         16 bytes,        240 total
: 896K->0K(960K), 0.0011301 secs] 4875K->4555K(10176K), 0.0013336 secs] [Times: user=0.00 sys=0.00, real=0.00 secs] 
2019-01-02T11:12:15.333+0530: 803.237: [GC (Allocation Failure) 2019-01-02T11:12:15.333+0530: 803.237: [DefNew
Desired survivor size 32768 bytes, new threshold 15 (max 15)
- age   1:         24 bytes,         24 total
- age   4:        184 bytes,        208 total
- age   9:         16 bytes,        224 total
: 893K->0K(960K), 0.0011660 secs] 5448K->5037K(10176K), 0.0013633 secs] [Times: user=0.00 sys=0.01, real=0.00 secs] 
2019-01-02T11:12:15.335+0530: 803.238: [GC (Allocation Failure) 2019-01-02T11:12:15.335+0530: 803.238: [DefNew
Desired survivor size 32768 bytes, new threshold 15 (max 15)
- age   1:         24 bytes,         24 total
- age   5:         72 bytes,         96 total
- age  10:         16 bytes,        112 total
: 500K->0K(960K), 0.0003541 secs] 5538K->5520K(10176K), 0.0004310 secs] [Times: user=0.00 sys=0.00, real=0.00 secs] 
2019-01-02T11:12:15.387+0530: 803.291: [GC (Allocation Failure) 2019-01-02T11:12:15.388+0530: 803.291: [DefNew
Desired survivor size 32768 bytes, new threshold 15 (max 15)
- age   1:        248 bytes,        248 total
- age   6:         16 bytes,        264 total
- age  11:         16 bytes,        280 total
: 840K->0K(960K), 0.0010656 secs] 6361K->5592K(10176K), 0.0013444 secs] [Times: user=0.00 sys=0.00, real=0.00 secs] 
2019-01-02T11:12:15.391+0530: 803.295: [GC (Allocation Failure) 2019-01-02T11:12:15.391+0530: 803.295: [DefNew
Desired survivor size 32768 bytes, new threshold 15 (max 15)
- age   1:         40 bytes,         40 total
- age   2:        184 bytes,        224 total
- age   7:         16 bytes,        240 total
- age  12:         16 bytes,        256 total
: 896K->0K(960K), 0.0013484 secs] 6488K->5880K(10176K), 0.0018325 secs] [Times: user=0.00 sys=0.00, real=0.00 secs] 
2019-01-02T11:12:15.396+0530: 803.299: [GC (Allocation Failure) 2019-01-02T11:12:15.396+0530: 803.299: [DefNew
Desired survivor size 32768 bytes, new threshold 15 (max 15)
- age   1:         40 bytes,         40 total
- age   3:        184 bytes,        224 total
- age   8:         16 bytes,        240 total
- age  13:         16 bytes,        256 total
: 896K->0K(960K), 0.0009442 secs] 6776K->6456K(10176K), 0.0011067 secs] [Times: user=0.00 sys=0.00, real=0.00 secs] 
2019-01-02T11:12:15.398+0530: 803.302: [GC (Allocation Failure) 2019-01-02T11:12:15.398+0530: 803.302: [DefNew
Desired survivor size 32768 bytes, new threshold 15 (max 15)
- age   1:         24 bytes,         24 total
- age   4:        184 bytes,        208 total
- age   9:         16 bytes,        224 total
- age  14:         16 bytes,        240 total
: 893K->0K(960K), 0.0003489 secs] 7350K->6939K(10176K), 0.0004276 secs] [Times: user=0.00 sys=0.00, real=0.00 secs] 
2019-01-02T11:12:15.399+0530: 803.302: [GC (Allocation Failure) 2019-01-02T11:12:15.399+0530: 803.303: [DefNew
Desired survivor size 32768 bytes, new threshold 15 (max 15)
- age   1:         24 bytes,         24 total
- age   5:         72 bytes,         96 total
- age  10:         16 bytes,        112 total
- age  15:         16 bytes,        128 total
: 500K->0K(960K), 0.0003569 secs] 7440K->7422K(10176K), 0.0004316 secs] [Times: user=0.00 sys=0.00, real=0.00 secs] 
2019-01-02T11:12:15.458+0530: 803.361: [GC (Allocation Failure) 2019-01-02T11:12:15.458+0530: 803.361: [DefNew
Desired survivor size 32768 bytes, new threshold 15 (max 15)
- age   1:        248 bytes,        248 total
- age   6:         16 bytes,        264 total
- age  11:         16 bytes,        280 total
: 840K->0K(960K), 0.0014106 secs] 8262K->7494K(10176K), 0.0016535 secs] [Times: user=0.02 sys=0.00, real=0.00 secs] 
2019-01-02T11:12:15.461+0530: 803.365: [GC (Allocation Failure) 2019-01-02T11:12:15.461+0530: 803.365: [DefNew
Desired survivor size 32768 bytes, new threshold 15 (max 15)
- age   1:         40 bytes,         40 total
- age   2:        184 bytes,        224 total
- age   7:         16 bytes,        240 total
- age  12:         16 bytes,        256 total
: 896K->0K(960K), 0.0005200 secs] 8390K->7782K(10176K), 0.0006551 secs] [Times: user=0.00 sys=0.00, real=0.00 secs] 
2019-01-02T11:12:15.463+0530: 803.367: [GC (Allocation Failure) 2019-01-02T11:12:15.463+0530: 803.367: [DefNew
Desired survivor size 32768 bytes, new threshold 15 (max 15)
- age   1:         40 bytes,         40 total
- age   3:        184 bytes,        224 total
- age   8:         16 bytes,        240 total
- age  13:         16 bytes,        256 total
: 896K->0K(960K), 0.0008723 secs] 8678K->8358K(10176K), 0.0010240 secs] [Times: user=0.00 sys=0.00, real=0.00 secs] 
2019-01-02T11:12:15.466+0530: 803.369: [GC (Allocation Failure) 2019-01-02T11:12:15.466+0530: 803.369: [DefNew
Desired survivor size 32768 bytes, new threshold 15 (max 15)
- age   1:         24 bytes,         24 total
- age   4:        184 bytes,        208 total
- age   9:         16 bytes,        224 total
- age  14:         16 bytes,        240 total
: 893K->0K(960K), 0.0012703 secs] 9251K->8841K(10176K), 0.0014151 secs] [Times: user=0.00 sys=0.00, real=0.00 secs] 
2019-01-02T11:12:15.468+0530: 803.371: [GC (Allocation Failure) 2019-01-02T11:12:15.468+0530: 803.371: [DefNew: 500K->500K(960K), 0.0000479 secs]2019-01-02T11:12:15.468+0530: 803.371: [Tenured: 8840K->1234K(9216K), 0.0044330 secs] 9341K->1234K(10176K), [Metaspace: 2520K->2520K(1056768K)], 0.0046189 secs] [Times: user=0.00 sys=0.00, real=0.00 secs] 
2019-01-02T11:12:15.526+0530: 803.430: [GC (Allocation Failure) 2019-01-02T11:12:15.526+0530: 803.430: [DefNew
Desired survivor size 32768 bytes, new threshold 15 (max 15)
- age   1:        248 bytes,        248 total
: 840K->0K(960K), 0.0009932 secs] 2075K->1789K(10176K), 0.0014556 secs] [Times: user=0.00 sys=0.00, real=0.00 secs] 
2019-01-02T11:12:15.529+0530: 803.433: [GC (Allocation Failure) 2019-01-02T11:12:15.530+0530: 803.433: [DefNew
Desired survivor size 32768 bytes, new threshold 15 (max 15)
- age   1:         40 bytes,         40 total
- age   2:        184 bytes,        224 total
: 896K->0K(960K), 0.0005057 secs] 2685K->2077K(10176K), 0.0007412 secs] [Times: user=0.00 sys=0.00, real=0.00 secs] 
2019-01-02T11:12:15.532+0530: 803.435: [GC (Allocation Failure) 2019-01-02T11:12:15.532+0530: 803.435: [DefNew
Desired survivor size 32768 bytes, new threshold 15 (max 15)
- age   1:         40 bytes,         40 total
- age   3:        184 bytes,        224 total
: 896K->0K(960K), 0.0006391 secs] 2973K->2653K(10176K), 0.0007549 secs] [Times: user=0.00 sys=0.00, real=0.00 secs] 
2019-01-02T11:12:15.534+0530: 803.438: [GC (Allocation Failure) 2019-01-02T11:12:15.534+0530: 803.438: [DefNew
Desired survivor size 32768 bytes, new threshold 15 (max 15)
- age   1:         24 bytes,         24 total
- age   4:        184 bytes,        208 total
: 893K->0K(960K), 0.0007532 secs] 3547K->3136K(10176K), 0.0008701 secs] [Times: user=0.00 sys=0.00, real=0.00 secs] 
2019-01-02T11:12:15.535+0530: 803.439: [GC (Allocation Failure) 2019-01-02T11:12:15.535+0530: 803.439: [DefNew
Desired survivor size 32768 bytes, new threshold 15 (max 15)
- age   1:         24 bytes,         24 total
- age   5:         72 bytes,         96 total
: 500K->0K(960K), 0.0003335 secs] 3637K->3619K(10176K), 0.0004134 secs] [Times: user=0.00 sys=0.00, real=0.00 secs] 
2019-01-02T11:12:15.589+0530: 803.492: [GC (Allocation Failure) 2019-01-02T11:12:15.589+0530: 803.493: [DefNew
Desired survivor size 32768 bytes, new threshold 15 (max 15)
- age   1:        248 bytes,        248 total
- age   6:         16 bytes,        264 total
: 840K->0K(960K), 0.0006534 secs] 4459K->3691K(10176K), 0.0009231 secs] [Times: user=0.00 sys=0.00, real=0.00 secs] 
2019-01-02T11:12:15.592+0530: 803.496: [GC (Allocation Failure) 2019-01-02T11:12:15.592+0530: 803.496: [DefNew
Desired survivor size 32768 bytes, new threshold 15 (max 15)
- age   1:         40 bytes,         40 total
- age   2:        184 bytes,        224 total
- age   7:         16 bytes,        240 total
: 896K->0K(960K), 0.0010873 secs] 4587K->3979K(10176K), 0.0012726 secs] [Times: user=0.00 sys=0.00, real=0.00 secs] 
2019-01-02T11:12:15.595+0530: 803.499: [GC (Allocation Failure) 2019-01-02T11:12:15.595+0530: 803.499: [DefNew
Desired survivor size 32768 bytes, new threshold 15 (max 15)
- age   1:         40 bytes,         40 total
- age   3:        184 bytes,        224 total
- age   8:         16 bytes,        240 total
: 896K->0K(960K), 0.0009168 secs] 4875K->4555K(10176K), 0.0024032 secs] [Times: user=0.00 sys=0.00, real=0.00 secs] 
2019-01-02T11:12:15.599+0530: 803.503: [GC (Allocation Failure) 2019-01-02T11:12:15.599+0530: 803.503: [DefNew
Desired survivor size 32768 bytes, new threshold 15 (max 15)
- age   1:         24 bytes,         24 total
- age   4:        184 bytes,        208 total
- age   9:         16 bytes,        224 total
: 893K->0K(960K), 0.0003484 secs] 5449K->5038K(10176K), 0.0004134 secs] [Times: user=0.00 sys=0.00, real=0.00 secs] 
2019-01-02T11:12:15.600+0530: 803.504: [GC (Allocation Failure) 2019-01-02T11:12:15.600+0530: 803.504: [DefNew
Desired survivor size 32768 bytes, new threshold 15 (max 15)
- age   1:         24 bytes,         24 total
- age   5:         72 bytes,         96 total
- age  10:         16 bytes,        112 total
: 500K->0K(960K), 0.0003370 secs] 5539K->5521K(10176K), 0.0004134 secs] [Times: user=0.00 sys=0.00, real=0.00 secs] 
2019-01-02T11:12:15.656+0530: 803.559: [GC (Allocation Failure) 2019-01-02T11:12:15.656+0530: 803.559: [DefNew
Desired survivor size 32768 bytes, new threshold 15 (max 15)
- age   1:        248 bytes,        248 total
- age   6:         16 bytes,        264 total
- age  11:         16 bytes,        280 total
: 840K->0K(960K), 0.0008951 secs] 6361K->5593K(10176K), 0.0012863 secs] [Times: user=0.00 sys=0.00, real=0.00 secs] 
2019-01-02T11:12:15.659+0530: 803.563: [GC (Allocation Failure) 2019-01-02T11:12:15.659+0530: 803.563: [DefNew
Desired survivor size 32768 bytes, new threshold 15 (max 15)
- age   1:         40 bytes,         40 total
- age   2:        184 bytes,        224 total
- age   7:         16 bytes,        240 total
- age  12:         16 bytes,        256 total
: 896K->0K(960K), 0.0010263 secs] 6489K->5881K(10176K), 0.0013769 secs] [Times: user=0.00 sys=0.00, real=0.00 secs] 
2019-01-02T11:12:15.662+0530: 803.566: [GC (Allocation Failure) 2019-01-02T11:12:15.662+0530: 803.566: [DefNew
Desired survivor size 32768 bytes, new threshold 15 (max 15)
- age   1:         40 bytes,         40 total
- age   3:        184 bytes,        224 total
- age   8:         16 bytes,        240 total
- age  13:         16 bytes,        256 total
: 896K->0K(960K), 0.0008661 secs] 6777K->6457K(10176K), 0.0009704 secs] [Times: user=0.00 sys=0.00, real=0.00 secs] 
2019-01-02T11:12:15.664+0530: 803.568: [GC (Allocation Failure) 2019-01-02T11:12:15.665+0530: 803.568: [DefNew
Desired survivor size 32768 bytes, new threshold 15 (max 15)
- age   1:         24 bytes,         24 total
- age   4:        184 bytes,        208 total
- age   9:         16 bytes,        224 total
- age  14:         16 bytes,        240 total
: 893K->0K(960K), 0.0008370 secs] 7350K->6940K(10176K), 0.0009733 secs] [Times: user=0.00 sys=0.00, real=0.00 secs] 
2019-01-02T11:12:15.666+0530: 803.569: [GC (Allocation Failure) 2019-01-02T11:12:15.666+0530: 803.569: [DefNew
Desired survivor size 32768 bytes, new threshold 15 (max 15)
- age   1:         24 bytes,         24 total
- age   5:         72 bytes,         96 total
- age  10:         16 bytes,        112 total
- age  15:         16 bytes,        128 total
: 500K->0K(960K), 0.0003358 secs] 7440K->7422K(10176K), 0.0003906 secs] [Times: user=0.00 sys=0.00, real=0.00 secs] 
2019-01-02T11:12:15.714+0530: 803.618: [GC (Allocation Failure) 2019-01-02T11:12:15.714+0530: 803.618: [DefNew
Desired survivor size 32768 bytes, new threshold 15 (max 15)
- age   1:        248 bytes,        248 total
- age   6:         16 bytes,        264 total
- age  11:         16 bytes,        280 total
: 840K->0K(960K), 0.0005439 secs] 8263K->7495K(10176K), 0.0006956 secs] [Times: user=0.00 sys=0.00, real=0.00 secs] 
2019-01-02T11:12:15.716+0530: 803.620: [GC (Allocation Failure) 2019-01-02T11:12:15.716+0530: 803.620: [DefNew
Desired survivor size 32768 bytes, new threshold 15 (max 15)
- age   1:         40 bytes,         40 total
- age   2:        184 bytes,        224 total
- age   7:         16 bytes,        240 total
- age  12:         16 bytes,        256 total
: 896K->0K(960K), 0.0008165 secs] 8391K->7783K(10176K), 0.0009060 secs] [Times: user=0.00 sys=0.00, real=0.00 secs] 
2019-01-02T11:12:15.719+0530: 803.622: [GC (Allocation Failure) 2019-01-02T11:12:15.719+0530: 803.622: [DefNew
Desired survivor size 32768 bytes, new threshold 15 (max 15)
- age   1:         40 bytes,         40 total
- age   3:        184 bytes,        224 total
- age   8:         16 bytes,        240 total
- age  13:         16 bytes,        256 total
: 896K->0K(960K), 0.0007224 secs] 8679K->8359K(10176K), 0.0009459 secs] [Times: user=0.00 sys=0.00, real=0.00 secs] 
2019-01-02T11:12:15.722+0530: 803.626: [GC (Allocation Failure) 2019-01-02T11:12:15.722+0530: 803.626: [DefNew
Desired survivor size 32768 bytes, new threshold 15 (max 15)
- age   1:         24 bytes,         24 total
- age   4:        184 bytes,        208 total
- age   9:         16 bytes,        224 total
- age  14:         16 bytes,        240 total
: 893K->0K(960K), 0.0005645 secs] 9252K->8841K(10176K), 0.0008701 secs] [Times: user=0.00 sys=0.02, real=0.00 secs] 
2019-01-02T11:12:15.723+0530: 803.627: [GC (Allocation Failure) 2019-01-02T11:12:15.724+0530: 803.627: [DefNew: 500K->500K(960K), 0.0000468 secs]2019-01-02T11:12:15.724+0530: 803.627: [Tenured: 8841K->1235K(9216K), 0.0056600 secs] 9342K->1235K(10176K), [Metaspace: 2520K->2520K(1056768K)], 0.0058726 secs] [Times: user=0.00 sys=0.00, real=0.01 secs] 
2019-01-02T11:12:15.779+0530: 803.683: [GC (Allocation Failure) 2019-01-02T11:12:15.779+0530: 803.683: [DefNew
Desired survivor size 32768 bytes, new threshold 15 (max 15)
- age   1:        248 bytes,        248 total
: 840K->0K(960K), 0.0009391 secs] 2075K->1790K(10176K), 0.0013268 secs] [Times: user=0.00 sys=0.00, real=0.00 secs] 
2019-01-02T11:12:15.782+0530: 803.685: [GC (Allocation Failure) 2019-01-02T11:12:15.782+0530: 803.686: [DefNew
Desired survivor size 32768 bytes, new threshold 15 (max 15)
- age   1:         40 bytes,         40 total
- age   2:        184 bytes,        224 total
: 896K->0K(960K), 0.0008016 secs] 2686K->2078K(10176K), 0.0009066 secs] [Times: user=0.00 sys=0.00, real=0.00 secs] 
2019-01-02T11:12:15.784+0530: 803.688: [GC (Allocation Failure) 2019-01-02T11:12:15.784+0530: 803.688: [DefNew
Desired survivor size 32768 bytes, new threshold 15 (max 15)
- age   1:         40 bytes,         40 total
- age   3:        184 bytes,        224 total
: 896K->0K(960K), 0.0006397 secs] 2974K->2654K(10176K), 0.0008906 secs] [Times: user=0.00 sys=0.00, real=0.00 secs] 
2019-01-02T11:12:15.787+0530: 803.690: [GC (Allocation Failure) 2019-01-02T11:12:15.787+0530: 803.690: [DefNew
Desired survivor size 32768 bytes, new threshold 15 (max 15)
- age   1:         24 bytes,         24 total
- age   4:        184 bytes,        208 total
: 893K->0K(960K), 0.0009727 secs] 3547K->3137K(10176K), 0.0011449 secs] [Times: user=0.00 sys=0.00, real=0.00 secs] 
2019-01-02T11:12:15.788+0530: 803.692: [GC (Allocation Failure) 2019-01-02T11:12:15.788+0530: 803.692: [DefNew
Desired survivor size 32768 bytes, new threshold 15 (max 15)
- age   1:         24 bytes,         24 total
- age   5:         72 bytes,         96 total
: 500K->0K(960K), 0.0003216 secs] 3637K->3619K(10176K), 0.0003946 secs] [Times: user=0.00 sys=0.00, real=0.00 secs] 
2019-01-02T11:12:15.842+0530: 803.745: [GC (Allocation Failure) 2019-01-02T11:12:15.842+0530: 803.746: [DefNew
Desired survivor size 32768 bytes, new threshold 15 (max 15)
- age   1:        248 bytes,        248 total
- age   6:         16 bytes,        264 total
: 840K->0K(960K), 0.0008170 secs] 4460K->3692K(10176K), 0.0011215 secs] [Times: user=0.00 sys=0.00, real=0.00 secs] 
2019-01-02T11:12:15.845+0530: 803.748: [GC (Allocation Failure) 2019-01-02T11:12:15.845+0530: 803.749: [DefNew
Desired survivor size 32768 bytes, new threshold 15 (max 15)
- age   1:         40 bytes,         40 total
- age   2:        184 bytes,        224 total
- age   7:         16 bytes,        240 total
: 896K->0K(960K), 0.0012281 secs] 4588K->3980K(10176K), 0.0014607 secs] [Times: user=0.00 sys=0.00, real=0.00 secs] 
2019-01-02T11:12:15.848+0530: 803.752: [GC (Allocation Failure) 2019-01-02T11:12:15.848+0530: 803.752: [DefNew
Desired survivor size 32768 bytes, new threshold 15 (max 15)
- age   1:         40 bytes,         40 total
- age   3:        184 bytes,        224 total
- age   8:         16 bytes,        240 total
: 896K->0K(960K), 0.0007817 secs] 4876K->4556K(10176K), 0.0008769 secs] [Times: user=0.00 sys=0.02, real=0.00 secs] 
2019-01-02T11:12:15.850+0530: 803.754: [GC (Allocation Failure) 2019-01-02T11:12:15.850+0530: 803.754: [DefNew
Desired survivor size 32768 bytes, new threshold 15 (max 15)
- age   1:         24 bytes,         24 total
- age   4:        184 bytes,        208 total
- age   9:         16 bytes,        224 total
: 896K->0K(960K), 0.0010331 secs] 5452K->5038K(10176K), 0.0012372 secs] [Times: user=0.00 sys=0.00, real=0.00 secs] 
2019-01-02T11:12:15.853+0530: 803.756: [GC (Allocation Failure) 2019-01-02T11:12:15.853+0530: 803.756: [DefNew
Desired survivor size 32768 bytes, new threshold 15 (max 15)
- age   1:         24 bytes,         24 total
- age   5:         72 bytes,         96 total
- age  10:         16 bytes,        112 total
: 497K->0K(960K), 0.0004362 secs] 5536K->5521K(10176K), 0.0005417 secs] [Times: user=0.00 sys=0.00, real=0.00 secs] 
2019-01-02T11:12:15.906+0530: 803.810: [GC (Allocation Failure) 2019-01-02T11:12:15.906+0530: 803.810: [DefNew
Desired survivor size 32768 bytes, new threshold 15 (max 15)
- age   1:        248 bytes,        248 total
- age   6:         16 bytes,        264 total
- age  11:         16 bytes,        280 total
: 849K->0K(960K), 0.0007230 secs] 6370K->5593K(10176K), 0.0009738 secs] [Times: user=0.00 sys=0.00, real=0.00 secs] 
2019-01-02T11:12:15.909+0530: 803.812: [GC (Allocation Failure) 2019-01-02T11:12:15.909+0530: 803.813: [DefNew
Desired survivor size 32768 bytes, new threshold 15 (max 15)
- age   2:        184 bytes,        184 total
- age   7:         16 bytes,        200 total
- age  12:         16 bytes,        216 total
: 896K->0K(960K), 0.0007127 secs] 6489K->5881K(10176K), 0.0010172 secs] [Times: user=0.00 sys=0.00, real=0.00 secs] 
2019-01-02T11:12:15.912+0530: 803.815: [GC (Allocation Failure) 2019-01-02T11:12:15.912+0530: 803.815: [DefNew
Desired survivor size 32768 bytes, new threshold 15 (max 15)
- age   1:         40 bytes,         40 total
- age   3:        184 bytes,        224 total
- age   8:         16 bytes,        240 total
- age  13:         16 bytes,        256 total
: 896K->0K(960K), 0.0013906 secs] 6777K->6457K(10176K), 0.0016301 secs] [Times: user=0.00 sys=0.00, real=0.00 secs] 
2019-01-02T11:12:15.914+0530: 803.818: [GC (Allocation Failure) 2019-01-02T11:12:15.914+0530: 803.818: [DefNew
Desired survivor size 32768 bytes, new threshold 15 (max 15)
- age   1:         24 bytes,         24 total
- age   4:        184 bytes,        208 total
- age   9:         16 bytes,        224 total
- age  14:         16 bytes,        240 total
: 414K->0K(960K), 0.0005251 secs] 6872K->6457K(10176K), 0.0006317 secs] [Times: user=0.00 sys=0.00, real=0.00 secs] 
2019-01-02T11:12:15.916+0530: 803.819: [GC (Allocation Failure) 2019-01-02T11:12:15.916+0530: 803.819: [DefNew
Desired survivor size 32768 bytes, new threshold 15 (max 15)
- age   2:         24 bytes,         24 total
- age   5:        184 bytes,        208 total
- age  10:         16 bytes,        224 total
- age  15:         16 bytes,        240 total
: 483K->0K(960K), 0.0008581 secs] 6940K->6940K(10176K), 0.0010098 secs] [Times: user=0.00 sys=0.00, real=0.00 secs] 
2019-01-02T11:12:15.917+0530: 803.821: [GC (Allocation Failure) 2019-01-02T11:12:15.917+0530: 803.821: [DefNew
Desired survivor size 32768 bytes, new threshold 15 (max 15)
- age   1:         24 bytes,         24 total
- age   6:         72 bytes,         96 total
- age  11:         16 bytes,        112 total
: 500K->0K(960K), 0.0003267 secs] 7441K->7423K(10176K), 0.0004008 secs] [Times: user=0.00 sys=0.00, real=0.00 secs] 
2019-01-02T11:12:15.977+0530: 803.880: [GC (Allocation Failure) 2019-01-02T11:12:15.977+0530: 803.881: [DefNew
Desired survivor size 32768 bytes, new threshold 15 (max 15)
- age   1:        248 bytes,        248 total
- age   7:         16 bytes,        264 total
- age  12:         16 bytes,        280 total
: 838K->0K(960K), 0.0009869 secs] 8262K->7495K(10176K), 0.0012988 secs] [Times: user=0.00 sys=0.00, real=0.00 secs] 
2019-01-02T11:12:15.980+0530: 803.884: [GC (Allocation Failure) 2019-01-02T11:12:15.980+0530: 803.884: [DefNew
Desired survivor size 32768 bytes, new threshold 15 (max 15)
- age   2:        184 bytes,        184 total
- age   8:         16 bytes,        200 total
- age  13:         16 bytes,        216 total
: 896K->0K(960K), 0.0012207 secs] 8391K->7783K(10176K), 0.0014180 secs] [Times: user=0.00 sys=0.00, real=0.00 secs] 
2019-01-02T11:12:15.983+0530: 803.887: [GC (Allocation Failure) 2019-01-02T11:12:15.983+0530: 803.887: [DefNew
Desired survivor size 32768 bytes, new threshold 15 (max 15)
- age   3:        184 bytes,        184 total
- age   9:         16 bytes,        200 total
- age  14:         16 bytes,        216 total
: 896K->0K(960K), 0.0007315 secs] 8679K->8359K(10176K), 0.0008666 secs] [Times: user=0.00 sys=0.00, real=0.00 secs] 
2019-01-02T11:12:15.985+0530: 803.889: [GC (Allocation Failure) 2019-01-02T11:12:15.985+0530: 803.889: [DefNew
Desired survivor size 32768 bytes, new threshold 15 (max 15)
- age   1:         24 bytes,         24 total
- age   4:        184 bytes,        208 total
- age  10:         16 bytes,        224 total
- age  15:         16 bytes,        240 total
: 426K->0K(960K), 0.0007748 secs] 8786K->8359K(10176K), 0.0009134 secs] [Times: user=0.00 sys=0.00, real=0.00 secs] 
2019-01-02T11:12:15.986+0530: 803.890: [GC (Allocation Failure) 2019-01-02T11:12:15.986+0530: 803.890: [DefNew
Desired survivor size 32768 bytes, new threshold 15 (max 15)
- age   2:         24 bytes,         24 total
- age   5:        184 bytes,        208 total
- age  11:         16 bytes,        224 total
: 483K->0K(960K), 0.0003284 secs] 8842K->8842K(10176K), 0.0004008 secs] [Times: user=0.00 sys=0.00, real=0.00 secs] 
2019-01-02T11:12:15.987+0530: 803.891: [GC (Allocation Failure) 2019-01-02T11:12:15.987+0530: 803.891: [DefNew: 500K->500K(960K), 0.0000268 secs]2019-01-02T11:12:15.987+0530: 803.891: [Tenured: 8842K->1235K(9216K), 0.0038109 secs] 9343K->1235K(10176K), [Metaspace: 2520K->2520K(1056768K)], 0.0039615 secs] [Times: user=0.02 sys=0.00, real=0.00 secs] 
2019-01-02T11:12:16.044+0530: 803.947: [GC (Allocation Failure) 2019-01-02T11:12:16.044+0530: 803.948: [DefNew
Desired survivor size 32768 bytes, new threshold 15 (max 15)
- age   1:        248 bytes,        248 total
: 855K->0K(960K), 0.0009989 secs] 2090K->1790K(10176K), 0.0015138 secs] [Times: user=0.00 sys=0.00, real=0.00 secs] 
2019-01-02T11:12:16.047+0530: 803.951: [GC (Allocation Failure) 2019-01-02T11:12:16.048+0530: 803.951: [DefNew
Desired survivor size 32768 bytes, new threshold 15 (max 15)
- age   2:        184 bytes,        184 total
: 896K->0K(960K), 0.0007110 secs] 2686K->2078K(10176K), 0.0011255 secs] [Times: user=0.00 sys=0.00, real=0.00 secs] 
2019-01-02T11:12:16.050+0530: 803.954: [GC (Allocation Failure) 2019-01-02T11:12:16.050+0530: 803.954: [DefNew
Desired survivor size 32768 bytes, new threshold 15 (max 15)
- age   1:         40 bytes,         40 total
- age   3:        184 bytes,        224 total
: 896K->0K(960K), 0.0008370 secs] 2974K->2654K(10176K), 0.0010280 secs] [Times: user=0.02 sys=0.00, real=0.00 secs] 
2019-01-02T11:12:16.052+0530: 803.956: [GC (Allocation Failure) 2019-01-02T11:12:16.052+0530: 803.956: [DefNew
Desired survivor size 32768 bytes, new threshold 15 (max 15)
- age   1:         24 bytes,         24 total
- age   4:        184 bytes,        208 total
: 427K->0K(960K), 0.0004071 secs] 3081K->2654K(10176K), 0.0005029 secs] [Times: user=0.00 sys=0.00, real=0.00 secs] 
2019-01-02T11:12:16.053+0530: 803.957: [GC (Allocation Failure) 2019-01-02T11:12:16.053+0530: 803.957: [DefNew
Desired survivor size 32768 bytes, new threshold 15 (max 15)
- age   2:         24 bytes,         24 total
- age   5:        184 bytes,        208 total
: 483K->0K(960K), 0.0003250 secs] 3137K->3137K(10176K), 0.0003934 secs] [Times: user=0.00 sys=0.00, real=0.00 secs] 
2019-01-02T11:12:16.054+0530: 803.958: [GC (Allocation Failure) 2019-01-02T11:12:16.054+0530: 803.958: [DefNew
Desired survivor size 32768 bytes, new threshold 15 (max 15)
- age   1:         24 bytes,         24 total
- age   6:         72 bytes,         96 total
: 501K->0K(960K), 0.0002988 secs] 3638K->3620K(10176K), 0.0003683 secs] [Times: user=0.00 sys=0.00, real=0.00 secs] 
2019-01-02T11:12:16.108+0530: 804.012: [GC (Allocation Failure) 2019-01-02T11:12:16.108+0530: 804.012: [DefNew
Desired survivor size 32768 bytes, new threshold 15 (max 15)
- age   1:        248 bytes,        248 total
- age   7:         16 bytes,        264 total
: 838K->0K(960K), 0.0008946 secs] 4458K->3692K(10176K), 0.0012578 secs] [Times: user=0.00 sys=0.00, real=0.00 secs] 
2019-01-02T11:12:16.111+0530: 804.015: [GC (Allocation Failure) 2019-01-02T11:12:16.111+0530: 804.015: [DefNew
Desired survivor size 32768 bytes, new threshold 15 (max 15)
- age   2:        184 bytes,        184 total
- age   8:         16 bytes,        200 total
: 896K->0K(960K), 0.0010177 secs] 4588K->3980K(10176K), 0.0011523 secs] [Times: user=0.00 sys=0.00, real=0.00 secs] 
2019-01-02T11:12:16.114+0530: 804.018: [GC (Allocation Failure) 2019-01-02T11:12:16.114+0530: 804.018: [DefNew
Desired survivor size 32768 bytes, new threshold 15 (max 15)
- age   1:         40 bytes,         40 total
- age   3:        184 bytes,        224 total
- age   9:         16 bytes,        240 total
: 896K->0K(960K), 0.0005588 secs] 4876K->4556K(10176K), 0.0006648 secs] [Times: user=0.00 sys=0.00, real=0.00 secs] 
2019-01-02T11:12:16.116+0530: 804.020: [GC (Allocation Failure) 2019-01-02T11:12:16.116+0530: 804.020: [DefNew
Desired survivor size 32768 bytes, new threshold 15 (max 15)
- age   1:         24 bytes,         24 total
- age   4:        184 bytes,        208 total
- age  10:         16 bytes,        224 total
: 896K->0K(960K), 0.0007098 secs] 5452K->5039K(10176K), 0.0008359 secs] [Times: user=0.00 sys=0.00, real=0.00 secs] 
2019-01-02T11:12:16.118+0530: 804.022: [GC (Allocation Failure) 2019-01-02T11:12:16.118+0530: 804.022: [DefNew
Desired survivor size 32768 bytes, new threshold 15 (max 15)
- age   1:         24 bytes,         24 total
- age   5:         72 bytes,         96 total
- age  11:         16 bytes,        112 total
: 497K->0K(960K), 0.0003917 secs] 5536K->5522K(10176K), 0.0004835 secs] [Times: user=0.00 sys=0.00, real=0.00 secs] 
2019-01-02T11:12:16.174+0530: 804.077: [GC (Allocation Failure) 2019-01-02T11:12:16.174+0530: 804.077: [DefNew
Desired survivor size 32768 bytes, new threshold 15 (max 15)
- age   1:        248 bytes,        248 total
- age   6:         16 bytes,        264 total
- age  12:         16 bytes,        280 total
: 849K->0K(960K), 0.0008376 secs] 6371K->5594K(10176K), 0.0011158 secs] [Times: user=0.00 sys=0.00, real=0.00 secs] 
2019-01-02T11:12:16.177+0530: 804.080: [GC (Allocation Failure) 2019-01-02T11:12:16.177+0530: 804.081: [DefNew
Desired survivor size 32768 bytes, new threshold 15 (max 15)
- age   2:        184 bytes,        184 total
- age   7:         16 bytes,        200 total
- age  13:         16 bytes,        216 total
: 896K->0K(960K), 0.0007230 secs] 6490K->5882K(10176K), 0.0008923 secs] [Times: user=0.00 sys=0.00, real=0.00 secs] 
2019-01-02T11:12:16.179+0530: 804.083: [GC (Allocation Failure) 2019-01-02T11:12:16.179+0530: 804.083: [DefNew
Desired survivor size 32768 bytes, new threshold 15 (max 15)
- age   1:         40 bytes,         40 total
- age   3:        184 bytes,        224 total
- age   8:         16 bytes,        240 total
- age  14:         16 bytes,        256 total
: 896K->0K(960K), 0.0017031 secs] 6778K->6458K(10176K), 0.0018787 secs] [Times: user=0.00 sys=0.00, real=0.00 secs] 
2019-01-02T11:12:16.182+0530: 804.086: [GC (Allocation Failure) 2019-01-02T11:12:16.182+0530: 804.086: [DefNew
Desired survivor size 32768 bytes, new threshold 15 (max 15)
- age   1:         24 bytes,         24 total
- age   4:        184 bytes,        208 total
- age   9:         16 bytes,        224 total
- age  15:         16 bytes,        240 total
: 414K->0K(960K), 0.0004476 secs] 6873K->6458K(10176K), 0.0005918 secs] [Times: user=0.00 sys=0.00, real=0.00 secs] 
2019-01-02T11:12:16.184+0530: 804.087: [GC (Allocation Failure) 2019-01-02T11:12:16.184+0530: 804.087: [DefNew
Desired survivor size 32768 bytes, new threshold 15 (max 15)
- age   2:         24 bytes,         24 total
- age   5:        184 bytes,        208 total
- age  10:         16 bytes,        224 total
: 483K->0K(960K), 0.0008826 secs] 6941K->6941K(10176K), 0.0009710 secs] [Times: user=0.00 sys=0.00, real=0.00 secs] 
2019-01-02T11:12:16.185+0530: 804.089: [GC (Allocation Failure) 2019-01-02T11:12:16.185+0530: 804.089: [DefNew
Desired survivor size 32768 bytes, new threshold 15 (max 15)
- age   1:         24 bytes,         24 total
- age   6:         72 bytes,         96 total
- age  11:         16 bytes,        112 total
: 500K->0K(960K), 0.0003324 secs] 7441K->7424K(10176K), 0.0004117 secs] [Times: user=0.00 sys=0.00, real=0.00 secs] 
2019-01-02T11:12:16.242+0530: 804.146: [GC (Allocation Failure) 2019-01-02T11:12:16.242+0530: 804.146: [DefNew
Desired survivor size 32768 bytes, new threshold 15 (max 15)
- age   1:        248 bytes,        248 total
- age   7:         16 bytes,        264 total
- age  12:         16 bytes,        280 total
: 838K->0K(960K), 0.0009847 secs] 8263K->7496K(10176K), 0.0013154 secs] [Times: user=0.00 sys=0.00, real=0.00 secs] 
2019-01-02T11:12:16.245+0530: 804.149: [GC (Allocation Failure) 2019-01-02T11:12:16.245+0530: 804.149: [DefNew
Desired survivor size 32768 bytes, new threshold 15 (max 15)
- age   2:        184 bytes,        184 total
- age   8:         16 bytes,        200 total
- age  13:         16 bytes,        216 total
: 896K->0K(960K), 0.0014374 secs] 8392K->7784K(10176K), 0.0017401 secs] [Times: user=0.00 sys=0.00, real=0.00 secs] 
2019-01-02T11:12:16.249+0530: 804.152: [GC (Allocation Failure) 2019-01-02T11:12:16.249+0530: 804.152: [DefNew
Desired survivor size 32768 bytes, new threshold 15 (max 15)
- age   3:        184 bytes,        184 total
- age   9:         16 bytes,        200 total
- age  14:         16 bytes,        216 total
: 896K->0K(960K), 0.0006009 secs] 8680K->8360K(10176K), 0.0007019 secs] [Times: user=0.00 sys=0.00, real=0.00 secs] 
2019-01-02T11:12:16.251+0530: 804.154: [GC (Allocation Failure) 2019-01-02T11:12:16.251+0530: 804.154: [DefNew
Desired survivor size 32768 bytes, new threshold 15 (max 15)
- age   1:         24 bytes,         24 total
- age   4:        184 bytes,        208 total
- age  10:         16 bytes,        224 total
- age  15:         16 bytes,        240 total
: 426K->0K(960K), 0.0003592 secs] 8786K->8360K(10176K), 0.0004784 secs] [Times: user=0.00 sys=0.00, real=0.00 secs] 
2019-01-02T11:12:16.252+0530: 804.156: [GC (Allocation Failure) 2019-01-02T11:12:16.252+0530: 804.156: [DefNew
Desired survivor size 32768 bytes, new threshold 15 (max 15)
- age   2:         24 bytes,         24 total
- age   5:        184 bytes,        208 total
- age  11:         16 bytes,        224 total
: 483K->0K(960K), 0.0003535 secs] 8843K->8843K(10176K), 0.0005633 secs] [Times: user=0.00 sys=0.00, real=0.00 secs] 
2019-01-02T11:12:16.253+0530: 804.157: [GC (Allocation Failure) 2019-01-02T11:12:16.253+0530: 804.157: [DefNew: 501K->501K(960K), 0.0000319 secs]2019-01-02T11:12:16.253+0530: 804.157: [Tenured: 8843K->1235K(9216K), 0.0036490 secs] 9344K->1235K(10176K), [Metaspace: 2520K->2520K(1056768K)], 0.0038041 secs] [Times: user=0.02 sys=0.00, real=0.00 secs] 
2019-01-02T11:12:16.312+0530: 804.216: [GC (Allocation Failure) 2019-01-02T11:12:16.313+0530: 804.216: [DefNew
Desired survivor size 32768 bytes, new threshold 15 (max 15)
- age   1:        248 bytes,        248 total
: 855K->0K(960K), 0.0017122 secs] 2090K->1790K(10176K), 0.0022447 secs] [Times: user=0.00 sys=0.00, real=0.00 secs] 
2019-01-02T11:12:16.316+0530: 804.220: [GC (Allocation Failure) 2019-01-02T11:12:16.317+0530: 804.220: [DefNew
Desired survivor size 32768 bytes, new threshold 15 (max 15)
- age   2:        184 bytes,        184 total
: 896K->0K(960K), 0.0006882 secs] 2686K->2078K(10176K), 0.0009305 secs] [Times: user=0.00 sys=0.00, real=0.00 secs] 
2019-01-02T11:12:16.319+0530: 804.223: [GC (Allocation Failure) 2019-01-02T11:12:16.319+0530: 804.223: [DefNew
Desired survivor size 32768 bytes, new threshold 15 (max 15)
- age   1:         40 bytes,         40 total
- age   3:        184 bytes,        224 total
: 896K->0K(960K), 0.0011403 secs] 2974K->2654K(10176K), 0.0012897 secs] [Times: user=0.00 sys=0.00, real=0.00 secs] 
2019-01-02T11:12:16.322+0530: 804.225: [GC (Allocation Failure) 2019-01-02T11:12:16.322+0530: 804.225: [DefNew
Desired survivor size 32768 bytes, new threshold 15 (max 15)
- age   1:         24 bytes,         24 total
- age   4:        184 bytes,        208 total
: 427K->0K(960K), 0.0002794 secs] 3081K->2654K(10176K), 0.0003695 secs] [Times: user=0.00 sys=0.00, real=0.00 secs] 
2019-01-02T11:12:16.322+0530: 804.226: [GC (Allocation Failure) 2019-01-02T11:12:16.322+0530: 804.226: [DefNew
Desired survivor size 32768 bytes, new threshold 15 (max 15)
- age   2:         24 bytes,         24 total
- age   5:        184 bytes,        208 total
: 483K->0K(960K), 0.0003387 secs] 3137K->3137K(10176K), 0.0004099 secs] [Times: user=0.00 sys=0.00, real=0.00 secs] 
2019-01-02T11:12:16.323+0530: 804.227: [GC (Allocation Failure) 2019-01-02T11:12:16.323+0530: 804.227: [DefNew
Desired survivor size 32768 bytes, new threshold 15 (max 15)
- age   1:         24 bytes,         24 total
- age   6:         72 bytes,         96 total
: 501K->0K(960K), 0.0003318 secs] 3638K->3620K(10176K), 0.0004031 secs] [Times: user=0.00 sys=0.00, real=0.00 secs] 
2019-01-02T11:12:16.379+0530: 804.283: [GC (Allocation Failure) 2019-01-02T11:12:16.379+0530: 804.283: [DefNew
Desired survivor size 32768 bytes, new threshold 15 (max 15)
- age   1:        248 bytes,        248 total
- age   7:         16 bytes,        264 total
: 838K->0K(960K), 0.0009413 secs] 4458K->3692K(10176K), 0.0014351 secs] [Times: user=0.00 sys=0.00, real=0.00 secs] 
2019-01-02T11:12:16.383+0530: 804.287: [GC (Allocation Failure) 2019-01-02T11:12:16.383+0530: 804.287: [DefNew
Desired survivor size 32768 bytes, new threshold 15 (max 15)
- age   2:        184 bytes,        184 total
- age   8:         16 bytes,        200 total
: 896K->0K(960K), 0.0008592 secs] 4588K->3980K(10176K), 0.0010400 secs] [Times: user=0.00 sys=0.00, real=0.00 secs] 
2019-01-02T11:12:16.385+0530: 804.289: [GC (Allocation Failure) 2019-01-02T11:12:16.385+0530: 804.289: [DefNew
Desired survivor size 32768 bytes, new threshold 15 (max 15)
- age   1:         40 bytes,         40 total
- age   3:        184 bytes,        224 total
- age   9:         16 bytes,        240 total
: 896K->0K(960K), 0.0009698 secs] 4876K->4556K(10176K), 0.0010748 secs] [Times: user=0.00 sys=0.00, real=0.00 secs] 
2019-01-02T11:12:16.388+0530: 804.292: [GC (Allocation Failure) 2019-01-02T11:12:16.388+0530: 804.292: [DefNew
Desired survivor size 32768 bytes, new threshold 15 (max 15)
- age   1:         24 bytes,         24 total
- age   4:        184 bytes,        208 total
- age  10:         16 bytes,        224 total
: 428K->0K(960K), 0.0007024 secs] 4985K->4556K(10176K), 0.0008889 secs] [Times: user=0.00 sys=0.00, real=0.00 secs] 
2019-01-02T11:12:16.390+0530: 804.294: [GC (Allocation Failure) 2019-01-02T11:12:16.390+0530: 804.294: [DefNew
Desired survivor size 32768 bytes, new threshold 15 (max 15)
- age   2:         24 bytes,         24 total
- age   5:        184 bytes,        208 total
- age  11:         16 bytes,        224 total
: 483K->0K(960K), 0.0003809 secs] 5039K->5039K(10176K), 0.0004681 secs] [Times: user=0.00 sys=0.00, real=0.00 secs] 
2019-01-02T11:12:16.391+0530: 804.294: [GC (Allocation Failure) 2019-01-02T11:12:16.391+0530: 804.294: [DefNew
Desired survivor size 32768 bytes, new threshold 15 (max 15)
- age   1:         24 bytes,         24 total
- age   6:         72 bytes,         96 total
- age  12:         16 bytes,        112 total
: 501K->0K(960K), 0.0003221 secs] 5540K->5522K(10176K), 0.0003803 secs] [Times: user=0.00 sys=0.00, real=0.00 secs] 
2019-01-02T11:12:16.445+0530: 804.349: [GC (Allocation Failure) 2019-01-02T11:12:16.445+0530: 804.349: [DefNew
Desired survivor size 32768 bytes, new threshold 15 (max 15)
- age   1:        248 bytes,        248 total
- age   7:         16 bytes,        264 total
- age  13:         16 bytes,        280 total
: 838K->0K(960K), 0.0010354 secs] 6361K->5595K(10176K), 0.0015041 secs] [Times: user=0.00 sys=0.00, real=0.00 secs] 
2019-01-02T11:12:16.449+0530: 804.353: [GC (Allocation Failure) 2019-01-02T11:12:16.449+0530: 804.353: [DefNew
Desired survivor size 32768 bytes, new threshold 15 (max 15)
- age   1:         40 bytes,         40 total
- age   2:        184 bytes,        224 total
- age   8:         16 bytes,        240 total
- age  14:         16 bytes,        256 total
: 896K->0K(960K), 0.0004328 secs] 6491K->5883K(10176K), 0.0005422 secs] [Times: user=0.00 sys=0.00, real=0.00 secs] 
2019-01-02T11:12:16.451+0530: 804.355: [GC (Allocation Failure) 2019-01-02T11:12:16.451+0530: 804.355: [DefNew
Desired survivor size 32768 bytes, new threshold 15 (max 15)
- age   1:         40 bytes,         40 total
- age   3:        184 bytes,        224 total
- age   9:         16 bytes,        240 total
- age  15:         16 bytes,        256 total
: 896K->0K(960K), 0.0007167 secs] 6779K->6459K(10176K), 0.0008832 secs] [Times: user=0.00 sys=0.00, real=0.00 secs] 
2019-01-02T11:12:16.453+0530: 804.357: [GC (Allocation Failure) 2019-01-02T11:12:16.453+0530: 804.357: [DefNew
Desired survivor size 32768 bytes, new threshold 15 (max 15)
- age   1:         24 bytes,         24 total
- age   4:        184 bytes,        208 total
- age  10:         16 bytes,        224 total
: 427K->0K(960K), 0.0008735 secs] 6886K->6459K(10176K), 0.0010628 secs] [Times: user=0.00 sys=0.00, real=0.00 secs] 
2019-01-02T11:12:16.455+0530: 804.359: [GC (Allocation Failure) 2019-01-02T11:12:16.455+0530: 804.359: [DefNew
Desired survivor size 32768 bytes, new threshold 15 (max 15)
- age   2:         24 bytes,         24 total
- age   5:        184 bytes,        208 total
- age  11:         16 bytes,        224 total
: 483K->0K(960K), 0.0010594 secs] 6942K->6942K(10176K), 0.0012270 secs] [Times: user=0.01 sys=0.00, real=0.00 secs] 
2019-01-02T11:12:16.457+0530: 804.361: [GC (Allocation Failure) 2019-01-02T11:12:16.457+0530: 804.361: [DefNew
Desired survivor size 32768 bytes, new threshold 15 (max 15)
- age   1:         24 bytes,         24 total
- age   6:         72 bytes,         96 total
- age  12:         16 bytes,        112 total
: 501K->0K(960K), 0.0009590 secs] 7443K->7425K(10176K), 0.0010748 secs] [Times: user=0.00 sys=0.00, real=0.00 secs] 
2019-01-02T11:12:16.512+0530: 804.416: [GC (Allocation Failure) 2019-01-02T11:12:16.512+0530: 804.416: [DefNew
Desired survivor size 32768 bytes, new threshold 15 (max 15)
- age   1:        248 bytes,        248 total
- age   7:         16 bytes,        264 total
- age  13:         16 bytes,        280 total
: 838K->0K(960K), 0.0009305 secs] 8263K->7497K(10176K), 0.0012310 secs] [Times: user=0.00 sys=0.00, real=0.00 secs] 
2019-01-02T11:12:16.515+0530: 804.419: [GC (Allocation Failure) 2019-01-02T11:12:16.516+0530: 804.419: [DefNew
Desired survivor size 32768 bytes, new threshold 15 (max 15)
- age   2:        184 bytes,        184 total
- age   8:         16 bytes,        200 total
- age  14:         16 bytes,        216 total
: 896K->0K(960K), 0.0010690 secs] 8393K->7785K(10176K), 0.0012612 secs] [Times: user=0.00 sys=0.00, real=0.00 secs] 
2019-01-02T11:12:16.518+0530: 804.422: [GC (Allocation Failure) 2019-01-02T11:12:16.518+0530: 804.422: [DefNew
Desired survivor size 32768 bytes, new threshold 15 (max 15)
- age   1:         40 bytes,         40 total
- age   3:        184 bytes,        224 total
- age   9:         16 bytes,        240 total
- age  15:         16 bytes,        256 total
: 896K->0K(960K), 0.0009487 secs] 8681K->8361K(10176K), 0.0010901 secs] [Times: user=0.02 sys=0.00, real=0.00 secs] 
2019-01-02T11:12:16.520+0530: 804.424: [GC (Allocation Failure) 2019-01-02T11:12:16.520+0530: 804.424: [DefNew
Desired survivor size 32768 bytes, new threshold 15 (max 15)
- age   1:         24 bytes,         24 total
- age   4:        184 bytes,        208 total
- age  10:         16 bytes,        224 total
: 428K->0K(960K), 0.0007720 secs] 8789K->8361K(10176K), 0.0009527 secs] [Times: user=0.00 sys=0.00, real=0.00 secs] 
2019-01-02T11:12:16.522+0530: 804.426: [GC (Allocation Failure) 2019-01-02T11:12:16.522+0530: 804.426: [DefNew
Desired survivor size 32768 bytes, new threshold 15 (max 15)
- age   2:         24 bytes,         24 total
- age   5:        184 bytes,        208 total
- age  11:         16 bytes,        224 total
: 483K->0K(960K), 0.0003592 secs] 8844K->8844K(10176K), 0.0004379 secs] [Times: user=0.00 sys=0.00, real=0.00 secs] 
2019-01-02T11:12:16.523+0530: 804.427: [GC (Allocation Failure) 2019-01-02T11:12:16.523+0530: 804.427: [DefNew: 501K->501K(960K), 0.0000285 secs]2019-01-02T11:12:16.523+0530: 804.427: [Tenured: 8844K->1235K(9216K), 0.0036849 secs] 9345K->1235K(10176K), [Metaspace: 2520K->2520K(1056768K)], 0.0038360 secs] [Times: user=0.00 sys=0.00, real=0.00 secs] 
2019-01-02T11:12:16.581+0530: 804.485: [GC (Allocation Failure) 2019-01-02T11:12:16.582+0530: 804.485: [DefNew
Desired survivor size 32768 bytes, new threshold 15 (max 15)
- age   1:        248 bytes,        248 total
: 838K->0K(960K), 0.0013017 secs] 2074K->1790K(10176K), 0.0016426 secs] [Times: user=0.00 sys=0.00, real=0.00 secs] 
2019-01-02T11:12:16.584+0530: 804.488: [GC (Allocation Failure) 2019-01-02T11:12:16.584+0530: 804.488: [DefNew
Desired survivor size 32768 bytes, new threshold 15 (max 15)
- age   1:         40 bytes,         40 total
- age   2:        184 bytes,        224 total
: 896K->0K(960K), 0.0007959 secs] 2686K->2078K(10176K), 0.0009066 secs] [Times: user=0.00 sys=0.00, real=0.00 secs] 
2019-01-02T11:12:16.587+0530: 804.490: [GC (Allocation Failure) 2019-01-02T11:12:16.587+0530: 804.491: [DefNew
Desired survivor size 32768 bytes, new threshold 15 (max 15)
- age   1:         40 bytes,         40 total
- age   3:        184 bytes,        224 total
: 896K->0K(960K), 0.0012589 secs] 2974K->2654K(10176K), 0.0015218 secs] [Times: user=0.00 sys=0.00, real=0.00 secs] 
2019-01-02T11:12:16.590+0530: 804.493: [GC (Allocation Failure) 2019-01-02T11:12:16.590+0530: 804.493: [DefNew
Desired survivor size 32768 bytes, new threshold 15 (max 15)
- age   1:         24 bytes,         24 total
- age   4:        184 bytes,        208 total
: 427K->0K(960K), 0.0007423 secs] 3082K->2654K(10176K), 0.0008951 secs] [Times: user=0.00 sys=0.00, real=0.00 secs] 
2019-01-02T11:12:16.591+0530: 804.495: [GC (Allocation Failure) 2019-01-02T11:12:16.591+0530: 804.495: [DefNew
Desired survivor size 32768 bytes, new threshold 15 (max 15)
- age   2:         24 bytes,         24 total
- age   5:        184 bytes,        208 total
: 483K->0K(960K), 0.0003341 secs] 3138K->3138K(10176K), 0.0004128 secs] [Times: user=0.00 sys=0.00, real=0.00 secs] 
2019-01-02T11:12:16.592+0530: 804.496: [GC (Allocation Failure) 2019-01-02T11:12:16.592+0530: 804.496: [DefNew
Desired survivor size 32768 bytes, new threshold 15 (max 15)
- age   1:         24 bytes,         24 total
- age   6:         72 bytes,         96 total
: 501K->0K(960K), 0.0003250 secs] 3639K->3621K(10176K), 0.0004014 secs] [Times: user=0.00 sys=0.00, real=0.00 secs] 
2019-01-02T11:12:16.647+0530: 804.551: [GC (Allocation Failure) 2019-01-02T11:12:16.647+0530: 804.551: [DefNew
Desired survivor size 32768 bytes, new threshold 15 (max 15)
- age   1:        248 bytes,        248 total
- age   7:         16 bytes,        264 total
: 838K->0K(960K), 0.0019340 secs] 4459K->3693K(10176K), 0.0020902 secs] [Times: user=0.00 sys=0.00, real=0.00 secs] 
2019-01-02T11:12:16.653+0530: 804.556: [GC (Allocation Failure) 2019-01-02T11:12:16.653+0530: 804.556: [DefNew
Desired survivor size 32768 bytes, new threshold 15 (max 15)
- age   2:        184 bytes,        184 total
- age   8:         16 bytes,        200 total
: 896K->0K(960K), 0.0008102 secs] 4589K->3981K(10176K), 0.0009442 secs] [Times: user=0.00 sys=0.00, real=0.00 secs] 
2019-01-02T11:12:16.655+0530: 804.559: [GC (Allocation Failure) 2019-01-02T11:12:16.655+0530: 804.559: [DefNew
Desired survivor size 32768 bytes, new threshold 15 (max 15)
- age   1:         40 bytes,         40 total
- age   3:        184 bytes,        224 total
- age   9:         16 bytes,        240 total
: 896K->0K(960K), 0.0011608 secs] 4877K->4557K(10176K), 0.0013233 secs] [Times: user=0.00 sys=0.00, real=0.00 secs] 
2019-01-02T11:12:16.658+0530: 804.562: [GC (Allocation Failure) 2019-01-02T11:12:16.658+0530: 804.562: [DefNew
Desired survivor size 32768 bytes, new threshold 15 (max 15)
- age   1:         24 bytes,         24 total
- age   4:        184 bytes,        208 total
- age  10:         16 bytes,        224 total
: 428K->0K(960K), 0.0002634 secs] 4985K->4557K(10176K), 0.0003501 secs] [Times: user=0.00 sys=0.00, real=0.00 secs] 
2019-01-02T11:12:16.659+0530: 804.563: [GC (Allocation Failure) 2019-01-02T11:12:16.659+0530: 804.563: [DefNew
Desired survivor size 32768 bytes, new threshold 15 (max 15)
- age   2:         24 bytes,         24 total
- age   5:        184 bytes,        208 total
- age  11:         16 bytes,        224 total
: 483K->0K(960K), 0.0003449 secs] 5040K->5040K(10176K), 0.0004185 secs] [Times: user=0.02 sys=0.00, real=0.00 secs] 
2019-01-02T11:12:16.660+0530: 804.563: [GC (Allocation Failure) 2019-01-02T11:12:16.660+0530: 804.563: [DefNew
Desired survivor size 32768 bytes, new threshold 15 (max 15)
- age   1:         24 bytes,         24 total
- age   6:         72 bytes,         96 total
- age  12:         16 bytes,        112 total
: 501K->0K(960K), 0.0004333 secs] 5541K->5523K(10176K), 0.0005149 secs] [Times: user=0.00 sys=0.00, real=0.00 secs] 
2019-01-02T11:12:16.715+0530: 804.618: [GC (Allocation Failure) 2019-01-02T11:12:16.715+0530: 804.619: [DefNew
Desired survivor size 32768 bytes, new threshold 15 (max 15)
- age   1:        248 bytes,        248 total
- age   7:         16 bytes,        264 total
- age  13:         16 bytes,        280 total
: 839K->0K(960K), 0.0009539 secs] 6362K->5595K(10176K), 0.0014111 secs] [Times: user=0.00 sys=0.00, real=0.00 secs] 
2019-01-02T11:12:16.718+0530: 804.622: [GC (Allocation Failure) 2019-01-02T11:12:16.718+0530: 804.622: [DefNew
Desired survivor size 32768 bytes, new threshold 15 (max 15)
- age   1:         40 bytes,         40 total
- age   2:        184 bytes,        224 total
- age   8:         16 bytes,        240 total
- age  14:         16 bytes,        256 total
: 896K->0K(960K), 0.0010200 secs] 6491K->5883K(10176K), 0.0012544 secs] [Times: user=0.00 sys=0.00, real=0.00 secs] 
2019-01-02T11:12:16.721+0530: 804.625: [GC (Allocation Failure) 2019-01-02T11:12:16.722+0530: 804.625: [DefNew
Desired survivor size 32768 bytes, new threshold 15 (max 15)
- age   1:         40 bytes,         40 total
- age   3:        184 bytes,        224 total
- age   9:         16 bytes,        240 total
- age  15:         16 bytes,        256 total
: 896K->0K(960K), 0.0012441 secs] 6779K->6459K(10176K), 0.0015069 secs] [Times: user=0.00 sys=0.00, real=0.00 secs] 
2019-01-02T11:12:16.724+0530: 804.628: [GC (Allocation Failure) 2019-01-02T11:12:16.724+0530: 804.628: [DefNew
Desired survivor size 32768 bytes, new threshold 15 (max 15)
- age   1:         24 bytes,         24 total
- age   4:        184 bytes,        208 total
- age  10:         16 bytes,        224 total
: 427K->0K(960K), 0.0003820 secs] 6887K->6459K(10176K), 0.0004846 secs] [Times: user=0.00 sys=0.00, real=0.00 secs] 
2019-01-02T11:12:16.725+0530: 804.629: [GC (Allocation Failure) 2019-01-02T11:12:16.725+0530: 804.629: [DefNew
Desired survivor size 32768 bytes, new threshold 15 (max 15)
- age   2:         24 bytes,         24 total
- age   5:        184 bytes,        208 total
- age  11:         16 bytes,        224 total
: 483K->0K(960K), 0.0003689 secs] 6942K->6942K(10176K), 0.0004476 secs] [Times: user=0.00 sys=0.00, real=0.00 secs] 
2019-01-02T11:12:16.726+0530: 804.630: [GC (Allocation Failure) 2019-01-02T11:12:16.726+0530: 804.630: [DefNew
Desired survivor size 32768 bytes, new threshold 15 (max 15)
- age   1:         24 bytes,         24 total
- age   6:         72 bytes,         96 total
- age  12:         16 bytes,        112 total
: 501K->0K(960K), 0.0003906 secs] 7443K->7425K(10176K), 0.0004772 secs] [Times: user=0.00 sys=0.00, real=0.00 secs] 
2019-01-02T11:12:16.779+0530: 804.683: [GC (Allocation Failure) 2019-01-02T11:12:16.780+0530: 804.683: [DefNew
Desired survivor size 32768 bytes, new threshold 15 (max 15)
- age   1:        248 bytes,        248 total
- age   7:         16 bytes,        264 total
- age  13:         16 bytes,        280 total
: 838K->0K(960K), 0.0012019 secs] 8264K->7498K(10176K), 0.0014744 secs] [Times: user=0.00 sys=0.00, real=0.00 secs] 
2019-01-02T11:12:16.783+0530: 804.687: [GC (Allocation Failure) 2019-01-02T11:12:16.783+0530: 804.687: [DefNew
Desired survivor size 32768 bytes, new threshold 15 (max 15)
- age   2:        184 bytes,        184 total
- age   8:         16 bytes,        200 total
- age  14:         16 bytes,        216 total
: 896K->0K(960K), 0.0012521 secs] 8394K->7786K(10176K), 0.0014858 secs] [Times: user=0.02 sys=0.00, real=0.00 secs] 
2019-01-02T11:12:16.786+0530: 804.690: [GC (Allocation Failure) 2019-01-02T11:12:16.786+0530: 804.690: [DefNew
Desired survivor size 32768 bytes, new threshold 15 (max 15)
- age   1:         40 bytes,         40 total
- age   3:        184 bytes,        224 total
- age   9:         16 bytes,        240 total
- age  15:         16 bytes,        256 total
: 896K->0K(960K), 0.0007623 secs] 8682K->8362K(10176K), 0.0008980 secs] [Times: user=0.00 sys=0.00, real=0.00 secs] 
2019-01-02T11:12:16.788+0530: 804.692: [GC (Allocation Failure) 2019-01-02T11:12:16.788+0530: 804.692: [DefNew
Desired survivor size 32768 bytes, new threshold 15 (max 15)
- age   1:         24 bytes,         24 total
- age   4:        184 bytes,        208 total
- age  10:         16 bytes,        224 total
: 428K->0K(960K), 0.0005166 secs] 8790K->8362K(10176K), 0.0006209 secs] [Times: user=0.00 sys=0.00, real=0.00 secs] 
2019-01-02T11:12:16.790+0530: 804.693: [GC (Allocation Failure) 2019-01-02T11:12:16.790+0530: 804.693: [DefNew
Desired survivor size 32768 bytes, new threshold 15 (max 15)
- age   2:         24 bytes,         24 total
- age   5:        184 bytes,        208 total
- age  11:         16 bytes,        224 total
: 483K->0K(960K), 0.0003740 secs] 8845K->8845K(10176K), 0.0004516 secs] [Times: user=0.00 sys=0.00, real=0.00 secs] 
2019-01-02T11:12:16.790+0530: 804.694: [GC (Allocation Failure) 2019-01-02T11:12:16.790+0530: 804.694: [DefNew: 501K->501K(960K), 0.0000399 secs]2019-01-02T11:12:16.790+0530: 804.694: [Tenured: 8845K->1235K(9216K), 0.0036844 secs] 9346K->1235K(10176K), [Metaspace: 2520K->2520K(1056768K)], 0.0038577 secs] [Times: user=0.00 sys=0.00, real=0.00 secs] 
2019-01-02T11:12:16.848+0530: 804.752: [GC (Allocation Failure) 2019-01-02T11:12:16.848+0530: 804.752: [DefNew
Desired survivor size 32768 bytes, new threshold 15 (max 15)
- age   1:        248 bytes,        248 total
: 838K->0K(960K), 0.0010976 secs] 2074K->1791K(10176K), 0.0015862 secs] [Times: user=0.00 sys=0.00, real=0.00 secs] 
2019-01-02T11:12:16.852+0530: 804.756: [GC (Allocation Failure) 2019-01-02T11:12:16.852+0530: 804.756: [DefNew
Desired survivor size 32768 bytes, new threshold 15 (max 15)
- age   1:         40 bytes,         40 total
- age   2:        184 bytes,        224 total
: 896K->0K(960K), 0.0007743 secs] 2687K->2079K(10176K), 0.0010748 secs] [Times: user=0.00 sys=0.00, real=0.00 secs] 
2019-01-02T11:12:16.854+0530: 804.758: [GC (Allocation Failure) 2019-01-02T11:12:16.855+0530: 804.758: [DefNew
Desired survivor size 32768 bytes, new threshold 15 (max 15)
- age   1:         40 bytes,         40 total
- age   3:        184 bytes,        224 total
: 896K->0K(960K), 0.0007435 secs] 2975K->2655K(10176K), 0.0009345 secs] [Times: user=0.00 sys=0.00, real=0.00 secs] 
2019-01-02T11:12:16.857+0530: 804.760: [GC (Allocation Failure) 2019-01-02T11:12:16.857+0530: 804.760: [DefNew
Desired survivor size 32768 bytes, new threshold 15 (max 15)
- age   1:         24 bytes,         24 total
- age   4:        184 bytes,        208 total
: 427K->0K(960K), 0.0005570 secs] 3082K->2655K(10176K), 0.0007041 secs] [Times: user=0.00 sys=0.00, real=0.00 secs] 
2019-01-02T11:12:16.858+0530: 804.762: [GC (Allocation Failure) 2019-01-02T11:12:16.858+0530: 804.762: [DefNew
Desired survivor size 32768 bytes, new threshold 15 (max 15)
- age   2:         24 bytes,         24 total
- age   5:        184 bytes,        208 total
: 483K->0K(960K), 0.0006876 secs] 3138K->3138K(10176K), 0.0007914 secs] [Times: user=0.00 sys=0.00, real=0.00 secs] 
2019-01-02T11:12:16.859+0530: 804.763: [GC (Allocation Failure) 2019-01-02T11:12:16.859+0530: 804.763: [DefNew
Desired survivor size 32768 bytes, new threshold 15 (max 15)
- age   1:         24 bytes,         24 total
- age   6:         72 bytes,         96 total
: 501K->0K(960K), 0.0003301 secs] 3639K->3621K(10176K), 0.0004060 secs] [Times: user=0.00 sys=0.00, real=0.00 secs] 
2019-01-02T11:12:16.914+0530: 804.817: [GC (Allocation Failure) 2019-01-02T11:12:16.914+0530: 804.818: [DefNew
Desired survivor size 32768 bytes, new threshold 15 (max 15)
- age   1:        248 bytes,        248 total
- age   7:         16 bytes,        264 total
: 838K->0K(960K), 0.0007697 secs] 4460K->3693K(10176K), 0.0010776 secs] [Times: user=0.00 sys=0.00, real=0.00 secs] 
2019-01-02T11:12:16.917+0530: 804.820: [GC (Allocation Failure) 2019-01-02T11:12:16.917+0530: 804.821: [DefNew
Desired survivor size 32768 bytes, new threshold 15 (max 15)
- age   2:        184 bytes,        184 total
- age   8:         16 bytes,        200 total
: 896K->0K(960K), 0.0012065 secs] 4589K->3981K(10176K), 0.0014579 secs] [Times: user=0.00 sys=0.00, real=0.00 secs] 
2019-01-02T11:12:16.920+0530: 804.824: [GC (Allocation Failure) 2019-01-02T11:12:16.920+0530: 804.824: [DefNew
Desired survivor size 32768 bytes, new threshold 15 (max 15)
- age   1:         40 bytes,         40 total
- age   3:        184 bytes,        224 total
- age   9:         16 bytes,        240 total
: 896K->0K(960K), 0.0006563 secs] 4877K->4557K(10176K), 0.0007538 secs] [Times: user=0.00 sys=0.00, real=0.00 secs] 
2019-01-02T11:12:16.922+0530: 804.826: [GC (Allocation Failure) 2019-01-02T11:12:16.922+0530: 804.826: [DefNew
Desired survivor size 32768 bytes, new threshold 15 (max 15)
- age   1:         24 bytes,         24 total
- age   4:        184 bytes,        208 total
- age  10:         16 bytes,        224 total
: 428K->0K(960K), 0.0004031 secs] 4986K->4557K(10176K), 0.0005206 secs] [Times: user=0.00 sys=0.00, real=0.00 secs] 
2019-01-02T11:12:16.923+0530: 804.827: [GC (Allocation Failure) 2019-01-02T11:12:16.923+0530: 804.827: [DefNew
Desired survivor size 32768 bytes, new threshold 15 (max 15)
- age   2:         24 bytes,         24 total
- age   5:        184 bytes,        208 total
- age  11:         16 bytes,        224 total
: 483K->0K(960K), 0.0003506 secs] 5040K->5040K(10176K), 0.0004373 secs] [Times: user=0.00 sys=0.00, real=0.00 secs] 
2019-01-02T11:12:16.924+0530: 804.828: [GC (Allocation Failure) 2019-01-02T11:12:16.924+0530: 804.828: [DefNew
Desired survivor size 32768 bytes, new threshold 15 (max 15)
- age   1:         24 bytes,         24 total
- age   6:         72 bytes,         96 total
- age  12:         16 bytes,        112 total
: 501K->0K(960K), 0.0003239 secs] 5542K->5524K(10176K), 0.0003991 secs] [Times: user=0.02 sys=0.00, real=0.00 secs] 
2019-01-02T11:12:16.988+0530: 804.892: [GC (Allocation Failure) 2019-01-02T11:12:16.988+0530: 804.892: [DefNew
Desired survivor size 32768 bytes, new threshold 15 (max 15)
- age   1:        248 bytes,        248 total
- age   7:         16 bytes,        264 total
- age  13:         16 bytes,        280 total
: 839K->0K(960K), 0.0007264 secs] 6363K->5596K(10176K), 0.0009231 secs] [Times: user=0.00 sys=0.00, real=0.00 secs] 
2019-01-02T11:12:16.992+0530: 804.895: [GC (Allocation Failure) 2019-01-02T11:12:16.992+0530: 804.895: [DefNew
Desired survivor size 32768 bytes, new threshold 15 (max 15)
- age   1:         40 bytes,         40 total
- age   2:        184 bytes,        224 total
- age   8:         16 bytes,        240 total
- age  14:         16 bytes,        256 total
: 896K->0K(960K), 0.0006722 secs] 6492K->5884K(10176K), 0.0010343 secs] [Times: user=0.00 sys=0.00, real=0.00 secs] 
2019-01-02T11:12:16.994+0530: 804.898: [GC (Allocation Failure) 2019-01-02T11:12:16.995+0530: 804.898: [DefNew
Desired survivor size 32768 bytes, new threshold 15 (max 15)
- age   1:         40 bytes,         40 total
- age   3:        184 bytes,        224 total
- age   9:         16 bytes,        240 total
- age  15:         16 bytes,        256 total
: 896K->0K(960K), 0.0011266 secs] 6780K->6460K(10176K), 0.0013741 secs] [Times: user=0.00 sys=0.00, real=0.00 secs] 
2019-01-02T11:12:16.997+0530: 804.901: [GC (Allocation Failure) 2019-01-02T11:12:16.997+0530: 804.901: [DefNew
Desired survivor size 32768 bytes, new threshold 15 (max 15)
- age   1:         24 bytes,         24 total
- age   4:        184 bytes,        208 total
- age  10:         16 bytes,        224 total
: 427K->0K(960K), 0.0002663 secs] 6887K->6460K(10176K), 0.0003432 secs] [Times: user=0.00 sys=0.00, real=0.00 secs] 
2019-01-02T11:12:16.998+0530: 804.901: [GC (Allocation Failure) 2019-01-02T11:12:16.998+0530: 804.901: [DefNew
Desired survivor size 32768 bytes, new threshold 15 (max 15)
- age   2:         24 bytes,         24 total
- age   5:        184 bytes,        208 total
- age  11:         16 bytes,        224 total
: 483K->0K(960K), 0.0003318 secs] 6943K->6943K(10176K), 0.0004025 secs] [Times: user=0.00 sys=0.00, real=0.00 secs] 
2019-01-02T11:12:16.998+0530: 804.902: [GC (Allocation Failure) 2019-01-02T11:12:16.998+0530: 804.902: [DefNew
Desired survivor size 32768 bytes, new threshold 15 (max 15)
- age   1:         24 bytes,         24 total
- age   6:         72 bytes,         96 total
- age  12:         16 bytes,        112 total
: 501K->0K(960K), 0.0003472 secs] 7444K->7426K(10176K), 0.0004316 secs] [Times: user=0.00 sys=0.00, real=0.00 secs] 
2019-01-02T11:12:17.056+0530: 804.960: [GC (Allocation Failure) 2019-01-02T11:12:17.056+0530: 804.960: [DefNew
Desired survivor size 32768 bytes, new threshold 15 (max 15)
- age   1:        248 bytes,        248 total
- age   7:         16 bytes,        264 total
- age  13:         16 bytes,        280 total
: 838K->0K(960K), 0.0006745 secs] 8265K->7498K(10176K), 0.0009482 secs] [Times: user=0.00 sys=0.00, real=0.00 secs] 
2019-01-02T11:12:17.058+0530: 804.962: [GC (Allocation Failure) 2019-01-02T11:12:17.059+0530: 804.962: [DefNew
Desired survivor size 32768 bytes, new threshold 15 (max 15)
- age   2:        184 bytes,        184 total
- age   8:         16 bytes,        200 total
- age  14:         16 bytes,        216 total
: 896K->0K(960K), 0.0010970 secs] 8394K->7786K(10176K), 0.0013701 secs] [Times: user=0.00 sys=0.00, real=0.00 secs] 
2019-01-02T11:12:17.062+0530: 804.966: [GC (Allocation Failure) 2019-01-02T11:12:17.062+0530: 804.966: [DefNew
Desired survivor size 32768 bytes, new threshold 15 (max 15)
- age   1:         40 bytes,         40 total
- age   3:        184 bytes,        224 total
- age   9:         16 bytes,        240 total
- age  15:         16 bytes,        256 total
: 896K->0K(960K), 0.0003917 secs] 8682K->8362K(10176K), 0.0004761 secs] [Times: user=0.00 sys=0.00, real=0.00 secs] 
2019-01-02T11:12:17.063+0530: 804.967: [GC (Allocation Failure) 2019-01-02T11:12:17.063+0530: 804.967: [DefNew
Desired survivor size 32768 bytes, new threshold 15 (max 15)
- age   1:         24 bytes,         24 total
- age   4:        184 bytes,        208 total
- age  10:         16 bytes,        224 total
: 428K->0K(960K), 0.0002680 secs] 8791K->8362K(10176K), 0.0003421 secs] [Times: user=0.00 sys=0.00, real=0.00 secs] 
2019-01-02T11:12:17.064+0530: 804.968: [GC (Allocation Failure) 2019-01-02T11:12:17.064+0530: 804.968: [DefNew
Desired survivor size 32768 bytes, new threshold 15 (max 15)
- age   2:         24 bytes,         24 total
- age   5:        184 bytes,        208 total
- age  11:         16 bytes,        224 total
: 483K->0K(960K), 0.0003290 secs] 8846K->8846K(10176K), 0.0004014 secs] [Times: user=0.00 sys=0.00, real=0.00 secs] 
2019-01-02T11:12:17.065+0530: 804.969: [GC (Allocation Failure) 2019-01-02T11:12:17.065+0530: 804.969: [DefNew: 501K->501K(960K), 0.0000279 secs]2019-01-02T11:12:17.065+0530: 804.969: [Tenured: 8845K->1235K(9216K), 0.0041576 secs] 9347K->1235K(10176K), [Metaspace: 2520K->2520K(1056768K)], 0.0043726 secs] [Times: user=0.00 sys=0.00, real=0.00 secs] 
2019-01-02T11:12:17.124+0530: 805.028: [GC (Allocation Failure) 2019-01-02T11:12:17.124+0530: 805.028: [DefNew
Desired survivor size 32768 bytes, new threshold 15 (max 15)
- age   1:        248 bytes,        248 total
: 839K->0K(960K), 0.0009453 secs] 2074K->1791K(10176K), 0.0011694 secs] [Times: user=0.00 sys=0.00, real=0.00 secs] 
2019-01-02T11:12:17.127+0530: 805.031: [GC (Allocation Failure) 2019-01-02T11:12:17.127+0530: 805.031: [DefNew
Desired survivor size 32768 bytes, new threshold 15 (max 15)
- age   1:         40 bytes,         40 total
- age   2:        184 bytes,        224 total
: 896K->0K(960K), 0.0007076 secs] 2687K->2079K(10176K), 0.0008986 secs] [Times: user=0.00 sys=0.02, real=0.00 secs] 
2019-01-02T11:12:17.129+0530: 805.033: [GC (Allocation Failure) 2019-01-02T11:12:17.129+0530: 805.033: [DefNew
Desired survivor size 32768 bytes, new threshold 15 (max 15)
- age   1:         40 bytes,         40 total
- age   3:        184 bytes,        224 total
: 896K->0K(960K), 0.0010149 secs] 2975K->2655K(10176K), 0.0011665 secs] [Times: user=0.00 sys=0.00, real=0.00 secs] 
2019-01-02T11:12:17.132+0530: 805.035: [GC (Allocation Failure) 2019-01-02T11:12:17.132+0530: 805.035: [DefNew
Desired survivor size 32768 bytes, new threshold 15 (max 15)
- age   1:         24 bytes,         24 total
- age   4:        184 bytes,        208 total
: 427K->0K(960K), 0.0002446 secs] 3082K->2655K(10176K), 0.0003170 secs] [Times: user=0.00 sys=0.00, real=0.00 secs] 
2019-01-02T11:12:17.132+0530: 805.036: [GC (Allocation Failure) 2019-01-02T11:12:17.132+0530: 805.036: [DefNew
Desired survivor size 32768 bytes, new threshold 15 (max 15)
- age   2:         24 bytes,         24 total
- age   5:        184 bytes,        208 total
: 483K->0K(960K), 0.0003107 secs] 3138K->3138K(10176K), 0.0003803 secs] [Times: user=0.00 sys=0.00, real=0.00 secs] 
2019-01-02T11:12:17.133+0530: 805.037: [GC (Allocation Failure) 2019-01-02T11:12:17.133+0530: 805.037: [DefNew
Desired survivor size 32768 bytes, new threshold 15 (max 15)
- age   1:         24 bytes,         24 total
- age   6:         72 bytes,         96 total
: 501K->0K(960K), 0.0003005 secs] 3639K->3621K(10176K), 0.0003700 secs] [Times: user=0.00 sys=0.00, real=0.00 secs] 
2019-01-02T11:12:17.194+0530: 805.098: [GC (Allocation Failure) 2019-01-02T11:12:17.195+0530: 805.098: [DefNew
Desired survivor size 32768 bytes, new threshold 15 (max 15)
- age   1:        248 bytes,        248 total
- age   7:         16 bytes,        264 total
: 838K->0K(960K), 0.0007458 secs] 4460K->3694K(10176K), 0.0011152 secs] [Times: user=0.00 sys=0.00, real=0.00 secs] 
2019-01-02T11:12:17.198+0530: 805.102: [GC (Allocation Failure) 2019-01-02T11:12:17.198+0530: 805.102: [DefNew
Desired survivor size 32768 bytes, new threshold 15 (max 15)
- age   2:        184 bytes,        184 total
- age   8:         16 bytes,        200 total
: 896K->0K(960K), 0.0010223 secs] 4590K->3982K(10176K), 0.0012253 secs] [Times: user=0.00 sys=0.00, real=0.00 secs] 
2019-01-02T11:12:17.200+0530: 805.104: [GC (Allocation Failure) 2019-01-02T11:12:17.200+0530: 805.104: [DefNew
Desired survivor size 32768 bytes, new threshold 15 (max 15)
- age   1:         40 bytes,         40 total
- age   3:        184 bytes,        224 total
- age   9:         16 bytes,        240 total
: 896K->0K(960K), 0.0003831 secs] 4878K->4558K(10176K), 0.0004624 secs] [Times: user=0.00 sys=0.00, real=0.00 secs] 
2019-01-02T11:12:17.203+0530: 805.107: [GC (Allocation Failure) 2019-01-02T11:12:17.203+0530: 805.107: [DefNew
Desired survivor size 32768 bytes, new threshold 15 (max 15)
- age   1:         24 bytes,         24 total
- age   4:        184 bytes,        208 total
- age  10:         16 bytes,        224 total
: 428K->0K(960K), 0.0003529 secs] 4986K->4558K(10176K), 0.0004789 secs] [Times: user=0.00 sys=0.00, real=0.00 secs] 
2019-01-02T11:12:17.204+0530: 805.108: [GC (Allocation Failure) 2019-01-02T11:12:17.204+0530: 805.108: [DefNew
Desired survivor size 32768 bytes, new threshold 15 (max 15)
- age   2:         24 bytes,         24 total
- age   5:        184 bytes,        208 total
- age  11:         16 bytes,        224 total
: 483K->0K(960K), 0.0007737 secs] 5041K->5041K(10176K), 0.0008849 secs] [Times: user=0.00 sys=0.00, real=0.00 secs] 
2019-01-02T11:12:17.205+0530: 805.109: [GC (Allocation Failure) 2019-01-02T11:12:17.206+0530: 805.109: [DefNew
Desired survivor size 32768 bytes, new threshold 15 (max 15)
- age   1:         24 bytes,         24 total
- age   6:         72 bytes,         96 total
- age  12:         16 bytes,        112 total
: 501K->0K(960K), 0.0008176 secs] 5542K->5524K(10176K), 0.0009071 secs] [Times: user=0.00 sys=0.00, real=0.00 secs] 
2019-01-02T11:12:17.256+0530: 805.160: [GC (Allocation Failure) 2019-01-02T11:12:17.256+0530: 805.160: [DefNew
Desired survivor size 32768 bytes, new threshold 15 (max 15)
- age   1:        248 bytes,        248 total
- age   7:         16 bytes,        264 total
- age  13:         16 bytes,        280 total
: 839K->0K(960K), 0.0005097 secs] 6363K->5596K(10176K), 0.0006688 secs] [Times: user=0.00 sys=0.00, real=0.00 secs] 
2019-01-02T11:12:17.258+0530: 805.162: [GC (Allocation Failure) 2019-01-02T11:12:17.258+0530: 805.162: [DefNew
Desired survivor size 32768 bytes, new threshold 15 (max 15)
- age   1:         40 bytes,         40 total
- age   2:        184 bytes,        224 total
- age   8:         16 bytes,        240 total
- age  14:         16 bytes,        256 total
: 896K->0K(960K), 0.0007948 secs] 6492K->5884K(10176K), 0.0008980 secs] [Times: user=0.00 sys=0.00, real=0.00 secs] 
2019-01-02T11:12:17.261+0530: 805.165: [GC (Allocation Failure) 2019-01-02T11:12:17.261+0530: 805.165: [DefNew
Desired survivor size 32768 bytes, new threshold 15 (max 15)
- age   1:         40 bytes,         40 total
- age   3:        184 bytes,        224 total
- age   9:         16 bytes,        240 total
- age  15:         16 bytes,        256 total
: 896K->0K(960K), 0.0007076 secs] 6780K->6460K(10176K), 0.0009966 secs] [Times: user=0.00 sys=0.00, real=0.00 secs] 
2019-01-02T11:12:17.263+0530: 805.167: [GC (Allocation Failure) 2019-01-02T11:12:17.263+0530: 805.167: [DefNew
Desired survivor size 32768 bytes, new threshold 15 (max 15)
- age   1:         24 bytes,         24 total
- age   4:        184 bytes,        208 total
- age  10:         16 bytes,        224 total
: 427K->0K(960K), 0.0005787 secs] 6888K->6460K(10176K), 0.0007492 secs] [Times: user=0.00 sys=0.00, real=0.00 secs] 
2019-01-02T11:12:17.265+0530: 805.168: [GC (Allocation Failure) 2019-01-02T11:12:17.265+0530: 805.169: [DefNew
Desired survivor size 32768 bytes, new threshold 15 (max 15)
- age   2:         24 bytes,         24 total
- age   5:        184 bytes,        208 total
- age  11:         16 bytes,        224 total
: 483K->0K(960K), 0.0003860 secs] 6944K->6944K(10176K), 0.0004784 secs] [Times: user=0.00 sys=0.00, real=0.00 secs] 
2019-01-02T11:12:17.265+0530: 805.169: [GC (Allocation Failure) 2019-01-02T11:12:17.266+0530: 805.169: [DefNew
Desired survivor size 32768 bytes, new threshold 15 (max 15)
- age   1:         24 bytes,         24 total
- age   6:         72 bytes,         96 total
- age  12:         16 bytes,        112 total
: 501K->0K(960K), 0.0003107 secs] 7445K->7427K(10176K), 0.0003831 secs] [Times: user=0.00 sys=0.00, real=0.00 secs] 
2019-01-02T11:12:17.320+0530: 805.224: [GC (Allocation Failure) 2019-01-02T11:12:17.320+0530: 805.224: [DefNew
Desired survivor size 32768 bytes, new threshold 15 (max 15)
- age   1:        248 bytes,        248 total
- age   7:         16 bytes,        264 total
- age  13:         16 bytes,        280 total
: 838K->0K(960K), 0.0010080 secs] 8266K->7499K(10176K), 0.0013695 secs] [Times: user=0.00 sys=0.00, real=0.00 secs] 
2019-01-02T11:12:17.323+0530: 805.227: [GC (Allocation Failure) 2019-01-02T11:12:17.324+0530: 805.227: [DefNew
Desired survivor size 32768 bytes, new threshold 15 (max 15)
- age   2:        184 bytes,        184 total
- age   8:         16 bytes,        200 total
- age  14:         16 bytes,        216 total
: 896K->0K(960K), 0.0005941 secs] 8395K->7787K(10176K), 0.0007252 secs] [Times: user=0.00 sys=0.00, real=0.00 secs] 
2019-01-02T11:12:17.325+0530: 805.229: [GC (Allocation Failure) 2019-01-02T11:12:17.326+0530: 805.229: [DefNew
Desired survivor size 32768 bytes, new threshold 15 (max 15)
- age   1:         40 bytes,         40 total
- age   3:        184 bytes,        224 total
- age   9:         16 bytes,        240 total
- age  15:         16 bytes,        256 total
: 896K->0K(960K), 0.0008649 secs] 8683K->8363K(10176K), 0.0009818 secs] [Times: user=0.00 sys=0.00, real=0.00 secs] 
2019-01-02T11:12:17.328+0530: 805.232: [GC (Allocation Failure) 2019-01-02T11:12:17.328+0530: 805.232: [DefNew
Desired survivor size 32768 bytes, new threshold 15 (max 15)
- age   1:         24 bytes,         24 total
- age   4:        184 bytes,        208 total
- age  10:         16 bytes,        224 total
: 428K->0K(960K), 0.0005120 secs] 8792K->8363K(10176K), 0.0006682 secs] [Times: user=0.00 sys=0.00, real=0.00 secs] 
2019-01-02T11:12:17.329+0530: 805.233: [GC (Allocation Failure) 2019-01-02T11:12:17.329+0530: 805.233: [DefNew
Desired survivor size 32768 bytes, new threshold 15 (max 15)
- age   2:         24 bytes,         24 total
- age   5:        184 bytes,        208 total
- age  11:         16 bytes,        224 total
: 483K->0K(960K), 0.0003278 secs] 8846K->8846K(10176K), 0.0003980 secs] [Times: user=0.00 sys=0.00, real=0.00 secs] 
2019-01-02T11:12:17.330+0530: 805.233: [GC (Allocation Failure) 2019-01-02T11:12:17.330+0530: 805.233: [DefNew: 501K->501K(960K), 0.0000274 secs]2019-01-02T11:12:17.330+0530: 805.233: [Tenured: 8846K->1235K(9216K), 0.0036815 secs] 9348K->1235K(10176K), [Metaspace: 2520K->2520K(1056768K)], 0.0038315 secs] [Times: user=0.00 sys=0.00, real=0.00 secs] 
2019-01-02T11:12:17.388+0530: 805.292: [GC (Allocation Failure) 2019-01-02T11:12:17.388+0530: 805.292: [DefNew
Desired survivor size 32768 bytes, new threshold 15 (max 15)
- age   1:        248 bytes,        248 total
: 839K->0K(960K), 0.0012401 secs] 2075K->1791K(10176K), 0.0016375 secs] [Times: user=0.00 sys=0.00, real=0.00 secs] 
2019-01-02T11:12:17.391+0530: 805.295: [GC (Allocation Failure) 2019-01-02T11:12:17.391+0530: 805.295: [DefNew
Desired survivor size 32768 bytes, new threshold 15 (max 15)
- age   1:         40 bytes,         40 total
- age   2:        184 bytes,        224 total
: 896K->0K(960K), 0.0009351 secs] 2687K->2079K(10176K), 0.0011147 secs] [Times: user=0.01 sys=0.00, real=0.00 secs] 
2019-01-02T11:12:17.394+0530: 805.298: [GC (Allocation Failure) 2019-01-02T11:12:17.394+0530: 805.298: [DefNew
Desired survivor size 32768 bytes, new threshold 15 (max 15)
- age   1:         40 bytes,         40 total
- age   3:        184 bytes,        224 total
: 896K->0K(960K), 0.0012469 secs] 2975K->2655K(10176K), 0.0014288 secs] [Times: user=0.00 sys=0.00, real=0.00 secs] 
2019-01-02T11:12:17.397+0530: 805.300: [GC (Allocation Failure) 2019-01-02T11:12:17.397+0530: 805.300: [DefNew
Desired survivor size 32768 bytes, new threshold 15 (max 15)
- age   1:         24 bytes,         24 total
- age   4:        184 bytes,        208 total
: 427K->0K(960K), 0.0005240 secs] 3083K->2655K(10176K), 0.0006374 secs] [Times: user=0.00 sys=0.00, real=0.00 secs] 
2019-01-02T11:12:17.398+0530: 805.301: [GC (Allocation Failure) 2019-01-02T11:12:17.398+0530: 805.301: [DefNew
Desired survivor size 32768 bytes, new threshold 15 (max 15)
- age   2:         24 bytes,         24 total
- age   5:        184 bytes,        208 total
: 483K->0K(960K), 0.0003370 secs] 3138K->3138K(10176K), 0.0004111 secs] [Times: user=0.00 sys=0.00, real=0.00 secs] 
2019-01-02T11:12:17.398+0530: 805.302: [GC (Allocation Failure) 2019-01-02T11:12:17.398+0530: 805.302: [DefNew
Desired survivor size 32768 bytes, new threshold 15 (max 15)
- age   1:         24 bytes,         24 total
- age   6:         72 bytes,         96 total
: 501K->0K(960K), 0.0003387 secs] 3640K->3622K(10176K), 0.0004099 secs] [Times: user=0.00 sys=0.00, real=0.00 secs] 
2019-01-02T11:12:17.454+0530: 805.357: [GC (Allocation Failure) 2019-01-02T11:12:17.454+0530: 805.358: [DefNew
Desired survivor size 32768 bytes, new threshold 15 (max 15)
- age   1:        248 bytes,        248 total
- age   7:         16 bytes,        264 total
: 838K->0K(960K), 0.0013741 secs] 4460K->3694K(10176K), 0.0015617 secs] [Times: user=0.02 sys=0.00, real=0.00 secs] 
2019-01-02T11:12:17.457+0530: 805.361: [GC (Allocation Failure) 2019-01-02T11:12:17.457+0530: 805.361: [DefNew
Desired survivor size 32768 bytes, new threshold 15 (max 15)
- age   2:        184 bytes,        184 total
- age   8:         16 bytes,        200 total
: 896K->0K(960K), 0.0006802 secs] 4590K->3982K(10176K), 0.0007880 secs] [Times: user=0.00 sys=0.00, real=0.00 secs] 
2019-01-02T11:12:17.459+0530: 805.363: [GC (Allocation Failure) 2019-01-02T11:12:17.459+0530: 805.363: [DefNew
Desired survivor size 32768 bytes, new threshold 15 (max 15)
- age   1:         40 bytes,         40 total
- age   3:        184 bytes,        224 total
- age   9:         16 bytes,        240 total
: 896K->0K(960K), 0.0012361 secs] 4878K->4558K(10176K), 0.0013861 secs] [Times: user=0.00 sys=0.00, real=0.00 secs] 
2019-01-02T11:12:17.462+0530: 805.366: [GC (Allocation Failure) 2019-01-02T11:12:17.462+0530: 805.366: [DefNew
Desired survivor size 32768 bytes, new threshold 15 (max 15)
- age   1:         24 bytes,         24 total
- age   4:        184 bytes,        208 total
- age  10:         16 bytes,        224 total
: 428K->0K(960K), 0.0007372 secs] 4986K->4558K(10176K), 0.0009037 secs] [Times: user=0.00 sys=0.00, real=0.00 secs] 
2019-01-02T11:12:17.464+0530: 805.367: [GC (Allocation Failure) 2019-01-02T11:12:17.464+0530: 805.367: [DefNew
Desired survivor size 32768 bytes, new threshold 15 (max 15)
- age   2:         24 bytes,         24 total
- age   5:        184 bytes,        208 total
- age  11:         16 bytes,        224 total
: 483K->0K(960K), 0.0003489 secs] 5041K->5041K(10176K), 0.0004328 secs] [Times: user=0.00 sys=0.00, real=0.00 secs] 
2019-01-02T11:12:17.464+0530: 805.368: [GC (Allocation Failure) 2019-01-02T11:12:17.464+0530: 805.368: [DefNew
Desired survivor size 32768 bytes, new threshold 15 (max 15)
- age   1:         24 bytes,         24 total
- age   6:         72 bytes,         96 total
- age  12:         16 bytes,        112 total
: 501K->0K(960K), 0.0003290 secs] 5543K->5525K(10176K), 0.0004054 secs] [Times: user=0.00 sys=0.00, real=0.00 secs] 
2019-01-02T11:12:17.519+0530: 805.423: [GC (Allocation Failure) 2019-01-02T11:12:17.519+0530: 805.423: [DefNew
Desired survivor size 32768 bytes, new threshold 15 (max 15)
- age   1:        248 bytes,        248 total
- age   7:         16 bytes,        264 total
- age  13:         16 bytes,        280 total
: 839K->0K(960K), 0.0007252 secs] 6364K->5597K(10176K), 0.0017441 secs] [Times: user=0.00 sys=0.00, real=0.00 secs] 
2019-01-02T11:12:17.523+0530: 805.426: [GC (Allocation Failure) 2019-01-02T11:12:17.523+0530: 805.426: [DefNew
Desired survivor size 32768 bytes, new threshold 15 (max 15)
- age   1:         40 bytes,         40 total
- age   2:        184 bytes,        224 total
- age   8:         16 bytes,        240 total
- age  14:         16 bytes,        256 total
: 896K->0K(960K), 0.0003934 secs] 6493K->5885K(10176K), 0.0005000 secs] [Times: user=0.00 sys=0.00, real=0.00 secs] 
2019-01-02T11:12:17.524+0530: 805.428: [GC (Allocation Failure) 2019-01-02T11:12:17.524+0530: 805.428: [DefNew
Desired survivor size 32768 bytes, new threshold 15 (max 15)
- age   1:         40 bytes,         40 total
- age   3:        184 bytes,        224 total
- age   9:         16 bytes,        240 total
- age  15:         16 bytes,        256 total
: 896K->0K(960K), 0.0006449 secs] 6781K->6461K(10176K), 0.0007817 secs] [Times: user=0.00 sys=0.00, real=0.00 secs] 
2019-01-02T11:12:17.526+0530: 805.430: [GC (Allocation Failure) 2019-01-02T11:12:17.526+0530: 805.430: [DefNew
Desired survivor size 32768 bytes, new threshold 15 (max 15)
- age   1:         24 bytes,         24 total
- age   4:        184 bytes,        208 total
- age  10:         16 bytes,        224 total
: 427K->0K(960K), 0.0006238 secs] 6888K->6461K(10176K), 0.0008011 secs] [Times: user=0.00 sys=0.00, real=0.00 secs] 
2019-01-02T11:12:17.528+0530: 805.432: [GC (Allocation Failure) 2019-01-02T11:12:17.528+0530: 805.432: [DefNew
Desired survivor size 32768 bytes, new threshold 15 (max 15)
- age   2:         24 bytes,         24 total
- age   5:        184 bytes,        208 total
- age  11:         16 bytes,        224 total
: 483K->0K(960K), 0.0009254 secs] 6944K->6944K(10176K), 0.0010782 secs] [Times: user=0.00 sys=0.00, real=0.00 secs] 
2019-01-02T11:12:17.529+0530: 805.433: [GC (Allocation Failure) 2019-01-02T11:12:17.530+0530: 805.433: [DefNew
Desired survivor size 32768 bytes, new threshold 15 (max 15)
- age   1:         24 bytes,         24 total
- age   6:         72 bytes,         96 total
- age  12:         16 bytes,        112 total
: 501K->0K(960K), 0.0003193 secs] 7446K->7428K(10176K), 0.0003980 secs] [Times: user=0.00 sys=0.00, real=0.00 secs] 
2019-01-02T11:12:17.586+0530: 805.489: [GC (Allocation Failure) 2019-01-02T11:12:17.586+0530: 805.490: [DefNew
Desired survivor size 32768 bytes, new threshold 15 (max 15)
- age   1:        248 bytes,        248 total
- age   7:         16 bytes,        264 total
- age  13:         16 bytes,        280 total
: 838K->0K(960K), 0.0013564 secs] 8266K->7500K(10176K), 0.0018120 secs] [Times: user=0.00 sys=0.00, real=0.00 secs] 
2019-01-02T11:12:17.589+0530: 805.493: [GC (Allocation Failure) 2019-01-02T11:12:17.590+0530: 805.493: [DefNew
Desired survivor size 32768 bytes, new threshold 15 (max 15)
- age   2:        184 bytes,        184 total
- age   8:         16 bytes,        200 total
- age  14:         16 bytes,        216 total
: 896K->0K(960K), 0.0013404 secs] 8396K->7788K(10176K), 0.0015651 secs] [Times: user=0.00 sys=0.00, real=0.00 secs] 
2019-01-02T11:12:17.592+0530: 805.496: [GC (Allocation Failure) 2019-01-02T11:12:17.592+0530: 805.496: [DefNew
Desired survivor size 32768 bytes, new threshold 15 (max 15)
- age   1:         40 bytes,         40 total
- age   3:        184 bytes,        224 total
- age   9:         16 bytes,        240 total
- age  15:         16 bytes,        256 total
: 896K->0K(960K), 0.0010639 secs] 8684K->8364K(10176K), 0.0012276 secs] [Times: user=0.00 sys=0.00, real=0.00 secs] 
2019-01-02T11:12:17.595+0530: 805.499: [GC (Allocation Failure) 2019-01-02T11:12:17.595+0530: 805.499: [DefNew
Desired survivor size 32768 bytes, new threshold 15 (max 15)
- age   1:         24 bytes,         24 total
- age   4:        184 bytes,        208 total
- age  10:         16 bytes,        224 total
: 428K->0K(960K), 0.0002931 secs] 8792K->8364K(10176K), 0.0003740 secs] [Times: user=0.00 sys=0.00, real=0.00 secs] 
2019-01-02T11:12:17.596+0530: 805.500: [GC (Allocation Failure) 2019-01-02T11:12:17.596+0530: 805.500: [DefNew
Desired survivor size 32768 bytes, new threshold 15 (max 15)
- age   2:         24 bytes,         24 total
- age   5:        184 bytes,        208 total
- age  11:         16 bytes,        224 total
: 483K->0K(960K), 0.0003347 secs] 8847K->8847K(10176K), 0.0003940 secs] [Times: user=0.00 sys=0.00, real=0.00 secs] 
2019-01-02T11:12:17.597+0530: 805.501: [GC (Allocation Failure) 2019-01-02T11:12:17.597+0530: 805.501: [DefNew: 501K->501K(960K), 0.0000245 secs]2019-01-02T11:12:17.597+0530: 805.501: [Tenured: 8847K->1236K(9216K), 0.0037174 secs] 9349K->1236K(10176K), [Metaspace: 2520K->2520K(1056768K)], 0.0038463 secs] [Times: user=0.00 sys=0.00, real=0.00 secs] 
2019-01-02T11:12:17.656+0530: 805.560: [GC (Allocation Failure) 2019-01-02T11:12:17.657+0530: 805.561: [DefNew
Desired survivor size 32768 bytes, new threshold 15 (max 15)
- age   1:        248 bytes,        248 total
: 839K->0K(960K), 0.0009191 secs] 2075K->1791K(10176K), 0.0012076 secs] [Times: user=0.02 sys=0.00, real=0.00 secs] 
2019-01-02T11:12:17.659+0530: 805.563: [GC (Allocation Failure) 2019-01-02T11:12:17.659+0530: 805.563: [DefNew
Desired survivor size 32768 bytes, new threshold 15 (max 15)
- age   1:         40 bytes,         40 total
- age   2:        184 bytes,        224 total
: 896K->0K(960K), 0.0009676 secs] 2687K->2079K(10176K), 0.0011631 secs] [Times: user=0.00 sys=0.00, real=0.00 secs] 
2019-01-02T11:12:17.662+0530: 805.566: [GC (Allocation Failure) 2019-01-02T11:12:17.662+0530: 805.566: [DefNew
Desired survivor size 32768 bytes, new threshold 15 (max 15)
- age   1:         40 bytes,         40 total
- age   3:        184 bytes,        224 total
: 896K->0K(960K), 0.0009334 secs] 2975K->2655K(10176K), 0.0011044 secs] [Times: user=0.00 sys=0.00, real=0.00 secs] 
2019-01-02T11:12:17.664+0530: 805.568: [GC (Allocation Failure) 2019-01-02T11:12:17.664+0530: 805.568: [DefNew
Desired survivor size 32768 bytes, new threshold 15 (max 15)
- age   1:         24 bytes,         24 total
- age   4:        184 bytes,        208 total
: 427K->0K(960K), 0.0002577 secs] 3083K->2655K(10176K), 0.0003227 secs] [Times: user=0.00 sys=0.00, real=0.00 secs] 
2019-01-02T11:12:17.665+0530: 805.569: [GC (Allocation Failure) 2019-01-02T11:12:17.665+0530: 805.569: [DefNew
Desired survivor size 32768 bytes, new threshold 15 (max 15)
- age   2:         24 bytes,         24 total
- age   5:        184 bytes,        208 total
: 483K->0K(960K), 0.0003204 secs] 3139K->3139K(10176K), 0.0003740 secs] [Times: user=0.00 sys=0.00, real=0.00 secs] 
2019-01-02T11:12:17.666+0530: 805.569: [GC (Allocation Failure) 2019-01-02T11:12:17.666+0530: 805.569: [DefNew
Desired survivor size 32768 bytes, new threshold 15 (max 15)
- age   1:         24 bytes,         24 total
- age   6:         72 bytes,         96 total
: 501K->0K(960K), 0.0002936 secs] 3640K->3622K(10176K), 0.0003472 secs] [Times: user=0.00 sys=0.00, real=0.00 secs] 
2019-01-02T11:12:17.720+0530: 805.624: [GC (Allocation Failure) 2019-01-02T11:12:17.720+0530: 805.624: [DefNew
Desired survivor size 32768 bytes, new threshold 15 (max 15)
- age   1:        248 bytes,        248 total
- age   7:         16 bytes,        264 total
: 838K->0K(960K), 0.0017059 secs] 4461K->3694K(10176K), 0.0019249 secs] [Times: user=0.00 sys=0.00, real=0.00 secs] 
2019-01-02T11:12:17.725+0530: 805.629: [GC (Allocation Failure) 2019-01-02T11:12:17.725+0530: 805.629: [DefNew
Desired survivor size 32768 bytes, new threshold 15 (max 15)
- age   2:        184 bytes,        184 total
- age   8:         16 bytes,        200 total
: 896K->0K(960K), 0.0008085 secs] 4590K->3982K(10176K), 0.0012327 secs] [Times: user=0.00 sys=0.00, real=0.00 secs] 
2019-01-02T11:12:17.728+0530: 805.632: [GC (Allocation Failure) 2019-01-02T11:12:17.728+0530: 805.632: [DefNew
Desired survivor size 32768 bytes, new threshold 15 (max 15)
- age   1:         40 bytes,         40 total
- age   3:        184 bytes,        224 total
- age   9:         16 bytes,        240 total
: 896K->0K(960K), 0.0015377 secs] 4878K->4558K(10176K), 0.0024654 secs] [Times: user=0.00 sys=0.00, real=0.00 secs] 
2019-01-02T11:12:17.732+0530: 805.635: [GC (Allocation Failure) 2019-01-02T11:12:17.732+0530: 805.635: [DefNew
Desired survivor size 32768 bytes, new threshold 15 (max 15)
- age   1:         24 bytes,         24 total
- age   4:        184 bytes,        208 total
- age  10:         16 bytes,        224 total
: 428K->0K(960K), 0.0002799 secs] 4987K->4558K(10176K), 0.0003649 secs] [Times: user=0.00 sys=0.00, real=0.00 secs] 
2019-01-02T11:12:17.732+0530: 805.636: [GC (Allocation Failure) 2019-01-02T11:12:17.732+0530: 805.636: [DefNew
Desired survivor size 32768 bytes, new threshold 15 (max 15)
- age   2:         24 bytes,         24 total
- age   5:        184 bytes,        208 total
- age  11:         16 bytes,        224 total
: 483K->0K(960K), 0.0003335 secs] 5042K->5042K(10176K), 0.0004054 secs] [Times: user=0.00 sys=0.00, real=0.00 secs] 
2019-01-02T11:12:17.733+0530: 805.637: [GC (Allocation Failure) 2019-01-02T11:12:17.733+0530: 805.637: [DefNew
Desired survivor size 32768 bytes, new threshold 15 (max 15)
- age   1:         24 bytes,         24 total
- age   6:         72 bytes,         96 total
- age  12:         16 bytes,        112 total
: 501K->0K(960K), 0.0003022 secs] 5543K->5525K(10176K), 0.0003729 secs] [Times: user=0.00 sys=0.00, real=0.00 secs] 
2019-01-02T11:12:17.787+0530: 805.691: [GC (Allocation Failure) 2019-01-02T11:12:17.787+0530: 805.691: [DefNew
Desired survivor size 32768 bytes, new threshold 15 (max 15)
- age   1:        248 bytes,        248 total
- age   7:         16 bytes,        264 total
- age  13:         16 bytes,        280 total
: 839K->0K(960K), 0.0010308 secs] 6365K->5597K(10176K), 0.0013251 secs] [Times: user=0.00 sys=0.00, real=0.00 secs] 
2019-01-02T11:12:17.790+0530: 805.694: [GC (Allocation Failure) 2019-01-02T11:12:17.790+0530: 805.694: [DefNew
Desired survivor size 32768 bytes, new threshold 15 (max 15)
- age   1:         40 bytes,         40 total
- age   2:        184 bytes,        224 total
- age   8:         16 bytes,        240 total
- age  14:         16 bytes,        256 total
: 896K->0K(960K), 0.0012846 secs] 6493K->5885K(10176K), 0.0015491 secs] [Times: user=0.00 sys=0.00, real=0.00 secs] 
2019-01-02T11:12:17.793+0530: 805.697: [GC (Allocation Failure) 2019-01-02T11:12:17.793+0530: 805.697: [DefNew
Desired survivor size 32768 bytes, new threshold 15 (max 15)
- age   1:         40 bytes,         40 total
- age   3:        184 bytes,        224 total
- age   9:         16 bytes,        240 total
- age  15:         16 bytes,        256 total
: 896K->0K(960K), 0.0007897 secs] 6781K->6461K(10176K), 0.0009214 secs] [Times: user=0.00 sys=0.00, real=0.00 secs] 
2019-01-02T11:12:17.795+0530: 805.699: [GC (Allocation Failure) 2019-01-02T11:12:17.796+0530: 805.699: [DefNew
Desired survivor size 32768 bytes, new threshold 15 (max 15)
- age   1:         24 bytes,         24 total
- age   4:        184 bytes,        208 total
- age  10:         16 bytes,        224 total
: 427K->0K(960K), 0.0006437 secs] 6889K->6461K(10176K), 0.0007435 secs] [Times: user=0.00 sys=0.00, real=0.00 secs] 
2019-01-02T11:12:17.797+0530: 805.701: [GC (Allocation Failure) 2019-01-02T11:12:17.797+0530: 805.701: [DefNew
Desired survivor size 32768 bytes, new threshold 15 (max 15)
- age   2:         24 bytes,         24 total
- age   5:        184 bytes,        208 total
- age  11:         16 bytes,        224 total
: 483K->0K(960K), 0.0003387 secs] 6945K->6945K(10176K), 0.0004174 secs] [Times: user=0.00 sys=0.00, real=0.00 secs] 
2019-01-02T11:12:17.798+0530: 805.701: [GC (Allocation Failure) 2019-01-02T11:12:17.798+0530: 805.701: [DefNew
Desired survivor size 32768 bytes, new threshold 15 (max 15)
- age   1:         24 bytes,         24 total
- age   6:         72 bytes,         96 total
- age  12:         16 bytes,        112 total
: 501K->0K(960K), 0.0003239 secs] 7446K->7428K(10176K), 0.0003951 secs] [Times: user=0.00 sys=0.00, real=0.00 secs] 
2019-01-02T11:12:17.853+0530: 805.757: [GC (Allocation Failure) 2019-01-02T11:12:17.853+0530: 805.757: [DefNew
Desired survivor size 32768 bytes, new threshold 15 (max 15)
- age   1:        248 bytes,        248 total
- age   7:         16 bytes,        264 total
- age  13:         16 bytes,        280 total
: 838K->0K(960K), 0.0010896 secs] 8267K->7501K(10176K), 0.0013216 secs] [Times: user=0.00 sys=0.00, real=0.00 secs] 
2019-01-02T11:12:17.857+0530: 805.761: [GC (Allocation Failure) 2019-01-02T11:12:17.857+0530: 805.761: [DefNew
Desired survivor size 32768 bytes, new threshold 15 (max 15)
- age   2:        184 bytes,        184 total
- age   8:         16 bytes,        200 total
- age  14:         16 bytes,        216 total
: 896K->0K(960K), 0.0013490 secs] 8397K->7789K(10176K), 0.0016791 secs] [Times: user=0.00 sys=0.00, real=0.00 secs] 
2019-01-02T11:12:17.861+0530: 805.764: [GC (Allocation Failure) 2019-01-02T11:12:17.861+0530: 805.765: [DefNew
Desired survivor size 32768 bytes, new threshold 15 (max 15)
- age   1:         40 bytes,         40 total
- age   3:        184 bytes,        224 total
- age   9:         16 bytes,        240 total
- age  15:         16 bytes,        256 total
: 896K->0K(960K), 0.0011221 secs] 8685K->8365K(10176K), 0.0012874 secs] [Times: user=0.00 sys=0.00, real=0.00 secs] 
2019-01-02T11:12:17.863+0530: 805.767: [GC (Allocation Failure) 2019-01-02T11:12:17.863+0530: 805.767: [DefNew
Desired survivor size 32768 bytes, new threshold 15 (max 15)
- age   1:         24 bytes,         24 total
- age   4:        184 bytes,        208 total
- age  10:         16 bytes,        224 total
: 428K->0K(960K), 0.0002708 secs] 8793K->8365K(10176K), 0.0003449 secs] [Times: user=0.00 sys=0.00, real=0.00 secs] 
2019-01-02T11:12:17.864+0530: 805.768: [GC (Allocation Failure) 2019-01-02T11:12:17.864+0530: 805.768: [DefNew
Desired survivor size 32768 bytes, new threshold 15 (max 15)
- age   2:         24 bytes,         24 total
- age   5:        184 bytes,        208 total
- age  11:         16 bytes,        224 total
: 483K->0K(960K), 0.0004145 secs] 8848K->8848K(10176K), 0.0004926 secs] [Times: user=0.00 sys=0.00, real=0.00 secs] 
2019-01-02T11:12:17.865+0530: 805.769: [GC (Allocation Failure) 2019-01-02T11:12:17.865+0530: 805.769: [DefNew: 501K->501K(960K), 0.0000296 secs]2019-01-02T11:12:17.865+0530: 805.769: [Tenured: 8848K->1236K(9216K), 0.0038640 secs] 9350K->1236K(10176K), [Metaspace: 2520K->2520K(1056768K)], 0.0040202 secs] [Times: user=0.00 sys=0.00, real=0.00 secs] 
2019-01-02T11:12:17.921+0530: 805.825: [GC (Allocation Failure) 2019-01-02T11:12:17.921+0530: 805.825: [DefNew
Desired survivor size 32768 bytes, new threshold 15 (max 15)
- age   1:        248 bytes,        248 total
: 839K->0K(960K), 0.0011158 secs] 2075K->1792K(10176K), 0.0014716 secs] [Times: user=0.00 sys=0.02, real=0.00 secs] 
2019-01-02T11:12:17.925+0530: 805.829: [GC (Allocation Failure) 2019-01-02T11:12:17.925+0530: 805.829: [DefNew
Desired survivor size 32768 bytes, new threshold 15 (max 15)
- age   1:         40 bytes,         40 total
- age   2:        184 bytes,        224 total
: 896K->0K(960K), 0.0012658 secs] 2688K->2080K(10176K), 0.0015143 secs] [Times: user=0.00 sys=0.00, real=0.00 secs] 
2019-01-02T11:12:17.928+0530: 805.832: [GC (Allocation Failure) 2019-01-02T11:12:17.928+0530: 805.832: [DefNew
Desired survivor size 32768 bytes, new threshold 15 (max 15)
- age   1:         40 bytes,         40 total
- age   3:        184 bytes,        224 total
: 896K->0K(960K), 0.0008986 secs] 2976K->2656K(10176K), 0.0010719 secs] [Times: user=0.00 sys=0.00, real=0.00 secs] 
2019-01-02T11:12:17.930+0530: 805.834: [GC (Allocation Failure) 2019-01-02T11:12:17.930+0530: 805.834: [DefNew
Desired survivor size 32768 bytes, new threshold 15 (max 15)
- age   1:         24 bytes,         24 total
- age   4:        184 bytes,        208 total
: 427K->0K(960K), 0.0008148 secs] 3083K->2656K(10176K), 0.0009630 secs] [Times: user=0.00 sys=0.00, real=0.00 secs] 
2019-01-02T11:12:17.932+0530: 805.836: [GC (Allocation Failure) 2019-01-02T11:12:17.932+0530: 805.836: [DefNew
Desired survivor size 32768 bytes, new threshold 15 (max 15)
- age   2:         24 bytes,         24 total
- age   5:        184 bytes,        208 total
: 483K->0K(960K), 0.0003643 secs] 3139K->3139K(10176K), 0.0004424 secs] [Times: user=0.00 sys=0.00, real=0.00 secs] 
2019-01-02T11:12:17.933+0530: 805.836: [GC (Allocation Failure) 2019-01-02T11:12:17.933+0530: 805.836: [DefNew
Desired survivor size 32768 bytes, new threshold 15 (max 15)
- age   1:         24 bytes,         24 total
- age   6:         72 bytes,         96 total
: 501K->0K(960K), 0.0003227 secs] 3641K->3623K(10176K), 0.0003951 secs] [Times: user=0.00 sys=0.00, real=0.00 secs] 
2019-01-02T11:12:17.989+0530: 805.893: [GC (Allocation Failure) 2019-01-02T11:12:17.989+0530: 805.893: [DefNew
Desired survivor size 32768 bytes, new threshold 15 (max 15)
- age   1:        248 bytes,        248 total
- age   7:         16 bytes,        264 total
: 838K->0K(960K), 0.0011888 secs] 4461K->3695K(10176K), 0.0016113 secs] [Times: user=0.00 sys=0.00, real=0.00 secs] 
2019-01-02T11:12:17.992+0530: 805.896: [GC (Allocation Failure) 2019-01-02T11:12:17.992+0530: 805.896: [DefNew
Desired survivor size 32768 bytes, new threshold 15 (max 15)
- age   2:        184 bytes,        184 total
- age   8:         16 bytes,        200 total
: 896K->0K(960K), 0.0012760 secs] 4591K->3983K(10176K), 0.0014761 secs] [Times: user=0.00 sys=0.00, real=0.00 secs] 
2019-01-02T11:12:17.995+0530: 805.899: [GC (Allocation Failure) 2019-01-02T11:12:17.995+0530: 805.899: [DefNew
Desired survivor size 32768 bytes, new threshold 15 (max 15)
- age   1:         40 bytes,         40 total
- age   3:        184 bytes,        224 total
- age   9:         16 bytes,        240 total
: 896K->0K(960K), 0.0008644 secs] 4879K->4559K(10176K), 0.0009624 secs] [Times: user=0.00 sys=0.00, real=0.00 secs] 
2019-01-02T11:12:17.997+0530: 805.901: [GC (Allocation Failure) 2019-01-02T11:12:17.997+0530: 805.901: [DefNew
Desired survivor size 32768 bytes, new threshold 15 (max 15)
- age   1:         24 bytes,         24 total
- age   4:        184 bytes,        208 total
- age  10:         16 bytes,        224 total
: 428K->0K(960K), 0.0006215 secs] 4987K->4559K(10176K), 0.0007435 secs] [Times: user=0.00 sys=0.00, real=0.00 secs] 
2019-01-02T11:12:17.999+0530: 805.903: [GC (Allocation Failure) 2019-01-02T11:12:17.999+0530: 805.903: [DefNew
Desired survivor size 32768 bytes, new threshold 15 (max 15)
- age   2:         24 bytes,         24 total
- age   5:        184 bytes,        208 total
- age  11:         16 bytes,        224 total
: 483K->0K(960K), 0.0003330 secs] 5042K->5042K(10176K), 0.0004077 secs] [Times: user=0.00 sys=0.00, real=0.00 secs] 
2019-01-02T11:12:18.000+0530: 805.904: [GC (Allocation Failure) 2019-01-02T11:12:18.000+0530: 805.904: [DefNew
Desired survivor size 32768 bytes, new threshold 15 (max 15)
- age   1:         24 bytes,         24 total
- age   6:         72 bytes,         96 total
- age  12:         16 bytes,        112 total
: 501K->0K(960K), 0.0003102 secs] 5544K->5526K(10176K), 0.0003809 secs] [Times: user=0.00 sys=0.00, real=0.00 secs] 
2019-01-02T11:12:18.053+0530: 805.957: [GC (Allocation Failure) 2019-01-02T11:12:18.053+0530: 805.957: [DefNew
Desired survivor size 32768 bytes, new threshold 15 (max 15)
- age   1:        248 bytes,        248 total
- age   7:         16 bytes,        264 total
- age  13:         16 bytes,        280 total
: 839K->0K(960K), 0.0010462 secs] 6365K->5598K(10176K), 0.0015052 secs] [Times: user=0.00 sys=0.00, real=0.00 secs] 
2019-01-02T11:12:18.056+0530: 805.960: [GC (Allocation Failure) 2019-01-02T11:12:18.057+0530: 805.960: [DefNew
Desired survivor size 32768 bytes, new threshold 15 (max 15)
- age   1:         40 bytes,         40 total
- age   2:        184 bytes,        224 total
- age   8:         16 bytes,        240 total
- age  14:         16 bytes,        256 total
: 896K->0K(960K), 0.0011540 secs] 6494K->5886K(10176K), 0.0013849 secs] [Times: user=0.00 sys=0.00, real=0.00 secs] 
2019-01-02T11:12:18.059+0530: 805.963: [GC (Allocation Failure) 2019-01-02T11:12:18.060+0530: 805.963: [DefNew
Desired survivor size 32768 bytes, new threshold 15 (max 15)
- age   1:         40 bytes,         40 total
- age   3:        184 bytes,        224 total
- age   9:         16 bytes,        240 total
- age  15:         16 bytes,        256 total
: 896K->0K(960K), 0.0007857 secs] 6782K->6462K(10176K), 0.0009077 secs] [Times: user=0.00 sys=0.00, real=0.00 secs] 
2019-01-02T11:12:18.062+0530: 805.965: [GC (Allocation Failure) 2019-01-02T11:12:18.062+0530: 805.965: [DefNew
Desired survivor size 32768 bytes, new threshold 15 (max 15)
- age   1:         24 bytes,         24 total
- age   4:        184 bytes,        208 total
- age  10:         16 bytes,        224 total
: 427K->0K(960K), 0.0004567 secs] 6890K->6462K(10176K), 0.0005525 secs] [Times: user=0.00 sys=0.00, real=0.00 secs] 
2019-01-02T11:12:18.063+0530: 805.967: [GC (Allocation Failure) 2019-01-02T11:12:18.063+0530: 805.967: [DefNew
Desired survivor size 32768 bytes, new threshold 15 (max 15)
- age   2:         24 bytes,         24 total
- age   5:        184 bytes,        208 total
- age  11:         16 bytes,        224 total
: 483K->0K(960K), 0.0003546 secs] 6946K->6946K(10176K), 0.0004282 secs] [Times: user=0.02 sys=0.00, real=0.00 secs] 
2019-01-02T11:12:18.064+0530: 805.967: [GC (Allocation Failure) 2019-01-02T11:12:18.064+0530: 805.968: [DefNew
Desired survivor size 32768 bytes, new threshold 15 (max 15)
- age   1:         24 bytes,         24 total
- age   6:         72 bytes,         96 total
- age  12:         16 bytes,        112 total
: 501K->0K(960K), 0.0003204 secs] 7447K->7429K(10176K), 0.0003940 secs] [Times: user=0.00 sys=0.00, real=0.00 secs] 
2019-01-02T11:12:18.115+0530: 806.019: [GC (Allocation Failure) 2019-01-02T11:12:18.115+0530: 806.019: [DefNew
Desired survivor size 32768 bytes, new threshold 15 (max 15)
- age   1:        248 bytes,        248 total
- age   7:         16 bytes,        264 total
- age  13:         16 bytes,        280 total
: 839K->0K(960K), 0.0006146 secs] 8268K->7501K(10176K), 0.0010405 secs] [Times: user=0.00 sys=0.00, real=0.00 secs] 
2019-01-02T11:12:18.118+0530: 806.022: [GC (Allocation Failure) 2019-01-02T11:12:18.118+0530: 806.022: [DefNew
Desired survivor size 32768 bytes, new threshold 15 (max 15)
- age   2:        184 bytes,        184 total
- age   8:         16 bytes,        200 total
- age  14:         16 bytes,        216 total
: 896K->0K(960K), 0.0008267 secs] 8397K->7789K(10176K), 0.0010559 secs] [Times: user=0.00 sys=0.00, real=0.00 secs] 
2019-01-02T11:12:18.120+0530: 806.024: [GC (Allocation Failure) 2019-01-02T11:12:18.121+0530: 806.024: [DefNew
Desired survivor size 32768 bytes, new threshold 15 (max 15)
- age   1:         40 bytes,         40 total
- age   3:        184 bytes,        224 total
- age   9:         16 bytes,        240 total
- age  15:         16 bytes,        256 total
: 896K->0K(960K), 0.0012561 secs] 8685K->8365K(10176K), 0.0014362 secs] [Times: user=0.00 sys=0.00, real=0.00 secs] 
2019-01-02T11:12:18.123+0530: 806.027: [GC (Allocation Failure) 2019-01-02T11:12:18.123+0530: 806.027: [DefNew
Desired survivor size 32768 bytes, new threshold 15 (max 15)
- age   1:         24 bytes,         24 total
- age   4:        184 bytes,        208 total
- age  10:         16 bytes,        224 total
: 428K->0K(960K), 0.0002948 secs] 8794K->8365K(10176K), 0.0003866 secs] [Times: user=0.00 sys=0.00, real=0.00 secs] 
2019-01-02T11:12:18.124+0530: 806.028: [GC (Allocation Failure) 2019-01-02T11:12:18.124+0530: 806.028: [DefNew
Desired survivor size 32768 bytes, new threshold 15 (max 15)
- age   2:         24 bytes,         24 total
- age   5:        184 bytes,        208 total
- age  11:         16 bytes,        224 total
: 483K->0K(960K), 0.0008467 secs] 8849K->8849K(10176K), 0.0009790 secs] [Times: user=0.02 sys=0.00, real=0.00 secs] 
2019-01-02T11:12:18.126+0530: 806.030: [GC (Allocation Failure) 2019-01-02T11:12:18.126+0530: 806.030: [DefNew: 501K->501K(960K), 0.0000456 secs]2019-01-02T11:12:18.126+0530: 806.030: [Tenured: 8849K->1236K(9216K), 0.0052363 secs] 9350K->1236K(10176K), [Metaspace: 2520K->2520K(1056768K)], 0.0054154 secs] [Times: user=0.00 sys=0.00, real=0.01 secs] 
2019-01-02T11:12:18.183+0530: 806.087: [GC (Allocation Failure) 2019-01-02T11:12:18.183+0530: 806.087: [DefNew
Desired survivor size 32768 bytes, new threshold 15 (max 15)
- age   1:        248 bytes,        248 total
: 839K->0K(960K), 0.0011677 secs] 2075K->1792K(10176K), 0.0015086 secs] [Times: user=0.00 sys=0.00, real=0.00 secs] 
2019-01-02T11:12:18.186+0530: 806.090: [GC (Allocation Failure) 2019-01-02T11:12:18.186+0530: 806.090: [DefNew
Desired survivor size 32768 bytes, new threshold 15 (max 15)
- age   1:         40 bytes,         40 total
- age   2:        184 bytes,        224 total
: 896K->0K(960K), 0.0009693 secs] 2688K->2080K(10176K), 0.0011762 secs] [Times: user=0.00 sys=0.00, real=0.00 secs] 
2019-01-02T11:12:18.189+0530: 806.093: [GC (Allocation Failure) 2019-01-02T11:12:18.189+0530: 806.093: [DefNew
Desired survivor size 32768 bytes, new threshold 15 (max 15)
- age   1:         40 bytes,         40 total
- age   3:        184 bytes,        224 total
: 896K->0K(960K), 0.0006106 secs] 2976K->2656K(10176K), 0.0007258 secs] [Times: user=0.00 sys=0.00, real=0.00 secs] 
2019-01-02T11:12:18.190+0530: 806.094: [GC (Allocation Failure) 2019-01-02T11:12:18.190+0530: 806.094: [DefNew
Desired survivor size 32768 bytes, new threshold 15 (max 15)
- age   1:         24 bytes,         24 total
- age   4:        184 bytes,        208 total
: 427K->0K(960K), 0.0007224 secs] 3083K->2656K(10176K), 0.0009037 secs] [Times: user=0.00 sys=0.00, real=0.00 secs] 
2019-01-02T11:12:18.192+0530: 806.096: [GC (Allocation Failure) 2019-01-02T11:12:18.192+0530: 806.096: [DefNew
Desired survivor size 32768 bytes, new threshold 15 (max 15)
- age   2:         24 bytes,         24 total
- age   5:        184 bytes,        208 total
: 483K->0K(960K), 0.0003797 secs] 3139K->3139K(10176K), 0.0004527 secs] [Times: user=0.00 sys=0.00, real=0.00 secs] 
2019-01-02T11:12:18.193+0530: 806.097: [GC (Allocation Failure) 2019-01-02T11:12:18.193+0530: 806.097: [DefNew
Desired survivor size 32768 bytes, new threshold 15 (max 15)
- age   1:         24 bytes,         24 total
- age   6:         72 bytes,         96 total
: 501K->0K(960K), 0.0005491 secs] 3641K->3623K(10176K), 0.0006323 secs] [Times: user=0.00 sys=0.00, real=0.00 secs] 
2019-01-02T11:12:18.246+0530: 806.150: [GC (Allocation Failure) 2019-01-02T11:12:18.246+0530: 806.150: [DefNew
Desired survivor size 32768 bytes, new threshold 15 (max 15)
- age   1:        248 bytes,        248 total
- age   7:         16 bytes,        264 total
: 839K->0K(960K), 0.0008324 secs] 4462K->3695K(10176K), 0.0010286 secs] [Times: user=0.00 sys=0.00, real=0.00 secs] 
2019-01-02T11:12:18.249+0530: 806.153: [GC (Allocation Failure) 2019-01-02T11:12:18.249+0530: 806.153: [DefNew
Desired survivor size 32768 bytes, new threshold 15 (max 15)
- age   2:        184 bytes,        184 total
- age   8:         16 bytes,        200 total
: 896K->0K(960K), 0.0008951 secs] 4591K->3983K(10176K), 0.0010793 secs] [Times: user=0.01 sys=0.00, real=0.00 secs] 
2019-01-02T11:12:18.252+0530: 806.156: [GC (Allocation Failure) 2019-01-02T11:12:18.252+0530: 806.156: [DefNew
Desired survivor size 32768 bytes, new threshold 15 (max 15)
- age   1:         40 bytes,         40 total
- age   3:        184 bytes,        224 total
- age   9:         16 bytes,        240 total
: 896K->0K(960K), 0.0009624 secs] 4879K->4559K(10176K), 0.0011648 secs] [Times: user=0.00 sys=0.00, real=0.00 secs] 
2019-01-02T11:12:18.254+0530: 806.158: [GC (Allocation Failure) 2019-01-02T11:12:18.254+0530: 806.158: [DefNew
Desired survivor size 32768 bytes, new threshold 15 (max 15)
- age   1:         24 bytes,         24 total
- age   4:        184 bytes,        208 total
- age  10:         16 bytes,        224 total
: 428K->0K(960K), 0.0002674 secs] 4988K->4559K(10176K), 0.0003535 secs] [Times: user=0.00 sys=0.00, real=0.00 secs] 
2019-01-02T11:12:18.255+0530: 806.159: [GC (Allocation Failure) 2019-01-02T11:12:18.255+0530: 806.159: [DefNew
Desired survivor size 32768 bytes, new threshold 15 (max 15)
- age   2:         24 bytes,         24 total
- age   5:        184 bytes,        208 total
- age  11:         16 bytes,        224 total
: 483K->0K(960K), 0.0003421 secs] 5043K->5043K(10176K), 0.0004139 secs] [Times: user=0.00 sys=0.00, real=0.00 secs] 
2019-01-02T11:12:18.256+0530: 806.160: [GC (Allocation Failure) 2019-01-02T11:12:18.256+0530: 806.160: [DefNew
Desired survivor size 32768 bytes, new threshold 15 (max 15)
- age   1:         24 bytes,         24 total
- age   6:         72 bytes,         96 total
- age  12:         16 bytes,        112 total
: 501K->0K(960K), 0.0003296 secs] 5544K->5526K(10176K), 0.0004008 secs] [Times: user=0.00 sys=0.00, real=0.00 secs] 
2019-01-02T11:12:18.309+0530: 806.213: [GC (Allocation Failure) 2019-01-02T11:12:18.309+0530: 806.213: [DefNew
Desired survivor size 32768 bytes, new threshold 15 (max 15)
- age   1:        248 bytes,        248 total
- age   7:         16 bytes,        264 total
- age  13:         16 bytes,        280 total
: 839K->0K(960K), 0.0016979 secs] 6366K->5599K(10176K), 0.0019163 secs] [Times: user=0.00 sys=0.00, real=0.00 secs] 
2019-01-02T11:12:18.313+0530: 806.217: [GC (Allocation Failure) 2019-01-02T11:12:18.313+0530: 806.217: [DefNew
Desired survivor size 32768 bytes, new threshold 15 (max 15)
- age   1:         40 bytes,         40 total
- age   2:        184 bytes,        224 total
- age   8:         16 bytes,        240 total
- age  14:         16 bytes,        256 total
: 896K->0K(960K), 0.0006238 secs] 6495K->5887K(10176K), 0.0007429 secs] [Times: user=0.00 sys=0.00, real=0.00 secs] 
2019-01-02T11:12:18.315+0530: 806.219: [GC (Allocation Failure) 2019-01-02T11:12:18.315+0530: 806.219: [DefNew
Desired survivor size 32768 bytes, new threshold 15 (max 15)
- age   1:         40 bytes,         40 total
- age   3:        184 bytes,        224 total
- age   9:         16 bytes,        240 total
- age  15:         16 bytes,        256 total
: 896K->0K(960K), 0.0009658 secs] 6783K->6463K(10176K), 0.0010679 secs] [Times: user=0.00 sys=0.00, real=0.00 secs] 
2019-01-02T11:12:18.317+0530: 806.221: [GC (Allocation Failure) 2019-01-02T11:12:18.317+0530: 806.221: [DefNew
Desired survivor size 32768 bytes, new threshold 15 (max 15)
- age   1:         24 bytes,         24 total
- age   4:        184 bytes,        208 total
- age  10:         16 bytes,        224 total
: 427K->0K(960K), 0.0004350 secs] 6890K->6463K(10176K), 0.0005656 secs] [Times: user=0.00 sys=0.00, real=0.00 secs] 
2019-01-02T11:12:18.318+0530: 806.222: [GC (Allocation Failure) 2019-01-02T11:12:18.318+0530: 806.222: [DefNew
Desired survivor size 32768 bytes, new threshold 15 (max 15)
- age   2:         24 bytes,         24 total
- age   5:        184 bytes,        208 total
- age  11:         16 bytes,        224 total
: 483K->0K(960K), 0.0003484 secs] 6946K->6946K(10176K), 0.0004236 secs] [Times: user=0.00 sys=0.00, real=0.00 secs] 
2019-01-02T11:12:18.319+0530: 806.223: [GC (Allocation Failure) 2019-01-02T11:12:18.319+0530: 806.223: [DefNew
Desired survivor size 32768 bytes, new threshold 15 (max 15)
- age   1:         24 bytes,         24 total
- age   6:         72 bytes,         96 total
- age  12:         16 bytes,        112 total
: 501K->0K(960K), 0.0003256 secs] 7448K->7430K(10176K), 0.0004054 secs] [Times: user=0.00 sys=0.00, real=0.00 secs] 
2019-01-02T11:12:18.373+0530: 806.276: [GC (Allocation Failure) 2019-01-02T11:12:18.373+0530: 806.277: [DefNew
Desired survivor size 32768 bytes, new threshold 15 (max 15)
- age   1:        248 bytes,        248 total
- age   7:         16 bytes,        264 total
- age  13:         16 bytes,        280 total
: 839K->0K(960K), 0.0011968 secs] 8269K->7502K(10176K), 0.0014989 secs] [Times: user=0.00 sys=0.00, real=0.00 secs] 
2019-01-02T11:12:18.376+0530: 806.280: [GC (Allocation Failure) 2019-01-02T11:12:18.376+0530: 806.280: [DefNew
Desired survivor size 32768 bytes, new threshold 15 (max 15)
- age   2:        184 bytes,        184 total
- age   8:         16 bytes,        200 total
- age  14:         16 bytes,        216 total
: 896K->0K(960K), 0.0011095 secs] 8398K->7790K(10176K), 0.0013079 secs] [Times: user=0.00 sys=0.00, real=0.00 secs] 
2019-01-02T11:12:18.379+0530: 806.283: [GC (Allocation Failure) 2019-01-02T11:12:18.379+0530: 806.283: [DefNew
Desired survivor size 32768 bytes, new threshold 15 (max 15)
- age   1:         40 bytes,         40 total
- age   3:        184 bytes,        224 total
- age   9:         16 bytes,        240 total
- age  15:         16 bytes,        256 total
: 896K->0K(960K), 0.0008341 secs] 8686K->8366K(10176K), 0.0009966 secs] [Times: user=0.00 sys=0.00, real=0.00 secs] 
2019-01-02T11:12:18.381+0530: 806.285: [GC (Allocation Failure) 2019-01-02T11:12:18.381+0530: 806.285: [DefNew
Desired survivor size 32768 bytes, new threshold 15 (max 15)
- age   1:         24 bytes,         24 total
- age   4:        184 bytes,        208 total
- age  10:         16 bytes,        224 total
: 428K->0K(960K), 0.0003860 secs] 8795K->8366K(10176K), 0.0004926 secs] [Times: user=0.00 sys=0.00, real=0.00 secs] 
2019-01-02T11:12:18.382+0530: 806.286: [GC (Allocation Failure) 2019-01-02T11:12:18.383+0530: 806.286: [DefNew
Desired survivor size 32768 bytes, new threshold 15 (max 15)
- age   2:         24 bytes,         24 total
- age   5:        184 bytes,        208 total
- age  11:         16 bytes,        224 total
: 483K->0K(960K), 0.0003398 secs] 8850K->8850K(10176K), 0.0004231 secs] [Times: user=0.00 sys=0.00, real=0.00 secs] 
2019-01-02T11:12:18.383+0530: 806.287: [GC (Allocation Failure) 2019-01-02T11:12:18.383+0530: 806.287: [DefNew: 501K->501K(960K), 0.0000279 secs]2019-01-02T11:12:18.383+0530: 806.287: [Tenured: 8850K->1236K(9216K), 0.0036279 secs] 9351K->1236K(10176K), [Metaspace: 2520K->2520K(1056768K)], 0.0037779 secs] [Times: user=0.00 sys=0.00, real=0.00 secs] 
2019-01-02T11:12:18.442+0530: 806.345: [GC (Allocation Failure) 2019-01-02T11:12:18.442+0530: 806.346: [DefNew
Desired survivor size 32768 bytes, new threshold 15 (max 15)
- age   1:        248 bytes,        248 total
: 839K->0K(960K), 0.0015657 secs] 2076K->1792K(10176K), 0.0026718 secs] [Times: user=0.00 sys=0.00, real=0.00 secs] 
2019-01-02T11:12:18.447+0530: 806.351: [GC (Allocation Failure) 2019-01-02T11:12:18.447+0530: 806.351: [DefNew
Desired survivor size 32768 bytes, new threshold 15 (max 15)
- age   1:         40 bytes,         40 total
- age   2:        184 bytes,        224 total
: 896K->0K(960K), 0.0008136 secs] 2688K->2080K(10176K), 0.0009596 secs] [Times: user=0.00 sys=0.00, real=0.00 secs] 
2019-01-02T11:12:18.449+0530: 806.353: [GC (Allocation Failure) 2019-01-02T11:12:18.450+0530: 806.353: [DefNew
Desired survivor size 32768 bytes, new threshold 15 (max 15)
- age   1:         40 bytes,         40 total
- age   3:        184 bytes,        224 total
: 896K->0K(960K), 0.0013832 secs] 2976K->2656K(10176K), 0.0015389 secs] [Times: user=0.00 sys=0.00, real=0.00 secs] 
2019-01-02T11:12:18.452+0530: 806.356: [GC (Allocation Failure) 2019-01-02T11:12:18.452+0530: 806.356: [DefNew
Desired survivor size 32768 bytes, new threshold 15 (max 15)
- age   1:         24 bytes,         24 total
- age   4:        184 bytes,        208 total
: 427K->0K(960K), 0.0002560 secs] 3084K->2656K(10176K), 0.0003398 secs] [Times: user=0.00 sys=0.00, real=0.00 secs] 
2019-01-02T11:12:18.453+0530: 806.357: [GC (Allocation Failure) 2019-01-02T11:12:18.453+0530: 806.357: [DefNew
Desired survivor size 32768 bytes, new threshold 15 (max 15)
- age   2:         24 bytes,         24 total
- age   5:        184 bytes,        208 total
: 483K->0K(960K), 0.0003404 secs] 3140K->3140K(10176K), 0.0004122 secs] [Times: user=0.02 sys=0.00, real=0.00 secs] 
2019-01-02T11:12:18.454+0530: 806.357: [GC (Allocation Failure) 2019-01-02T11:12:18.454+0530: 806.358: [DefNew
Desired survivor size 32768 bytes, new threshold 15 (max 15)
- age   1:         24 bytes,         24 total
- age   6:         72 bytes,         96 total
: 501K->0K(960K), 0.0003187 secs] 3641K->3623K(10176K), 0.0003900 secs] [Times: user=0.00 sys=0.00, real=0.00 secs] 
2019-01-02T11:12:18.511+0530: 806.415: [GC (Allocation Failure) 2019-01-02T11:12:18.511+0530: 806.415: [DefNew
Desired survivor size 32768 bytes, new threshold 15 (max 15)
- age   1:        248 bytes,        248 total
- age   7:         16 bytes,        264 total
: 839K->0K(960K), 0.0014186 secs] 4462K->3696K(10176K), 0.0019003 secs] [Times: user=0.00 sys=0.00, real=0.00 secs] 
2019-01-02T11:12:18.515+0530: 806.419: [GC (Allocation Failure) 2019-01-02T11:12:18.515+0530: 806.419: [DefNew
Desired survivor size 32768 bytes, new threshold 15 (max 15)
- age   2:        184 bytes,        184 total
- age   8:         16 bytes,        200 total
: 896K->0K(960K), 0.0007423 secs] 4592K->3984K(10176K), 0.0008649 secs] [Times: user=0.01 sys=0.00, real=0.00 secs] 
2019-01-02T11:12:18.517+0530: 806.421: [GC (Allocation Failure) 2019-01-02T11:12:18.517+0530: 806.421: [DefNew
Desired survivor size 32768 bytes, new threshold 15 (max 15)
- age   1:         40 bytes,         40 total
- age   3:        184 bytes,        224 total
- age   9:         16 bytes,        240 total
: 896K->0K(960K), 0.0010987 secs] 4880K->4560K(10176K), 0.0012743 secs] [Times: user=0.00 sys=0.00, real=0.00 secs] 
2019-01-02T11:12:18.519+0530: 806.423: [GC (Allocation Failure) 2019-01-02T11:12:18.519+0530: 806.423: [DefNew
Desired survivor size 32768 bytes, new threshold 15 (max 15)
- age   1:         24 bytes,         24 total
- age   4:        184 bytes,        208 total
- age  10:         16 bytes,        224 total
: 428K->0K(960K), 0.0002628 secs] 4988K->4560K(10176K), 0.0003381 secs] [Times: user=0.00 sys=0.00, real=0.00 secs] 
2019-01-02T11:12:18.520+0530: 806.424: [GC (Allocation Failure) 2019-01-02T11:12:18.520+0530: 806.424: [DefNew
Desired survivor size 32768 bytes, new threshold 15 (max 15)
- age   2:         24 bytes,         24 total
- age   5:        184 bytes,        208 total
- age  11:         16 bytes,        224 total
: 483K->0K(960K), 0.0003849 secs] 5043K->5043K(10176K), 0.0004607 secs] [Times: user=0.00 sys=0.00, real=0.00 secs] 
2019-01-02T11:12:18.521+0530: 806.425: [GC (Allocation Failure) 2019-01-02T11:12:18.521+0530: 806.425: [DefNew
Desired survivor size 32768 bytes, new threshold 15 (max 15)
- age   1:         24 bytes,         24 total
- age   6:         72 bytes,         96 total
- age  12:         16 bytes,        112 total
: 501K->0K(960K), 0.0003273 secs] 5545K->5527K(10176K), 0.0003991 secs] [Times: user=0.00 sys=0.00, real=0.00 secs] 
2019-01-02T11:12:18.576+0530: 806.480: [GC (Allocation Failure) 2019-01-02T11:12:18.576+0530: 806.480: [DefNew
Desired survivor size 32768 bytes, new threshold 15 (max 15)
- age   1:        248 bytes,        248 total
- age   7:         16 bytes,        264 total
- age  13:         16 bytes,        280 total
: 839K->0K(960K), 0.0007281 secs] 6367K->5599K(10176K), 0.0011272 secs] [Times: user=0.00 sys=0.00, real=0.00 secs] 
2019-01-02T11:12:18.580+0530: 806.484: [GC (Allocation Failure) 2019-01-02T11:12:18.580+0530: 806.484: [DefNew
Desired survivor size 32768 bytes, new threshold 15 (max 15)
- age   1:         40 bytes,         40 total
- age   2:        184 bytes,        224 total
- age   8:         16 bytes,        240 total
- age  14:         16 bytes,        256 total
: 896K->0K(960K), 0.0006186 secs] 6495K->5887K(10176K), 0.0011369 secs] [Times: user=0.00 sys=0.00, real=0.00 secs] 
2019-01-02T11:12:18.582+0530: 806.486: [GC (Allocation Failure) 2019-01-02T11:12:18.583+0530: 806.487: [DefNew
Desired survivor size 32768 bytes, new threshold 15 (max 15)
- age   1:         40 bytes,         40 total
- age   3:        184 bytes,        224 total
- age   9:         16 bytes,        240 total
- age  15:         16 bytes,        256 total
: 896K->0K(960K), 0.0011221 secs] 6783K->6463K(10176K), 0.0012983 secs] [Times: user=0.00 sys=0.00, real=0.00 secs] 
2019-01-02T11:12:18.585+0530: 806.489: [GC (Allocation Failure) 2019-01-02T11:12:18.585+0530: 806.489: [DefNew
Desired survivor size 32768 bytes, new threshold 15 (max 15)
- age   1:         24 bytes,         24 total
- age   4:        184 bytes,        208 total
- age  10:         16 bytes,        224 total
: 427K->0K(960K), 0.0002611 secs] 6891K->6463K(10176K), 0.0003432 secs] [Times: user=0.00 sys=0.00, real=0.00 secs] 
2019-01-02T11:12:18.586+0530: 806.490: [GC (Allocation Failure) 2019-01-02T11:12:18.586+0530: 806.490: [DefNew
Desired survivor size 32768 bytes, new threshold 15 (max 15)
- age   2:         24 bytes,         24 total
- age   5:        184 bytes,        208 total
- age  11:         16 bytes,        224 total
: 483K->0K(960K), 0.0003438 secs] 6947K->6947K(10176K), 0.0004156 secs] [Times: user=0.00 sys=0.00, real=0.00 secs] 
2019-01-02T11:12:18.587+0530: 806.491: [GC (Allocation Failure) 2019-01-02T11:12:18.587+0530: 806.491: [DefNew
Desired survivor size 32768 bytes, new threshold 15 (max 15)
- age   1:         24 bytes,         24 total
- age   6:         72 bytes,         96 total
- age  12:         16 bytes,        112 total
: 501K->0K(960K), 0.0003096 secs] 7449K->7431K(10176K), 0.0003797 secs] [Times: user=0.00 sys=0.00, real=0.00 secs] 
2019-01-02T11:12:18.650+0530: 806.554: [GC (Allocation Failure) 2019-01-02T11:12:18.651+0530: 806.555: [DefNew
Desired survivor size 32768 bytes, new threshold 15 (max 15)
- age   1:        248 bytes,        248 total
- age   7:         16 bytes,        264 total
- age  13:         16 bytes,        280 total
: 839K->0K(960K), 0.0005645 secs] 8270K->7503K(10176K), 0.0008005 secs] [Times: user=0.00 sys=0.00, real=0.00 secs] 
2019-01-02T11:12:18.653+0530: 806.557: [GC (Allocation Failure) 2019-01-02T11:12:18.653+0530: 806.557: [DefNew
Desired survivor size 32768 bytes, new threshold 15 (max 15)
- age   2:        184 bytes,        184 total
- age   8:         16 bytes,        200 total
- age  14:         16 bytes,        216 total
: 896K->0K(960K), 0.0003370 secs] 8399K->7791K(10176K), 0.0004094 secs] [Times: user=0.00 sys=0.00, real=0.00 secs] 
2019-01-02T11:12:18.654+0530: 806.558: [GC (Allocation Failure) 2019-01-02T11:12:18.654+0530: 806.558: [DefNew
Desired survivor size 32768 bytes, new threshold 15 (max 15)
- age   1:         40 bytes,         40 total
- age   3:        184 bytes,        224 total
- age   9:         16 bytes,        240 total
- age  15:         16 bytes,        256 total
: 896K->0K(960K), 0.0003695 secs] 8687K->8367K(10176K), 0.0004356 secs] [Times: user=0.00 sys=0.00, real=0.00 secs] 
2019-01-02T11:12:18.658+0530: 806.561: [GC (Allocation Failure) 2019-01-02T11:12:18.658+0530: 806.561: [DefNew
Desired survivor size 32768 bytes, new threshold 15 (max 15)
- age   1:         24 bytes,         24 total
- age   4:        184 bytes,        208 total
- age  10:         16 bytes,        224 total
: 428K->0K(960K), 0.0002617 secs] 8795K->8367K(10176K), 0.0003307 secs] [Times: user=0.00 sys=0.00, real=0.00 secs] 
2019-01-02T11:12:18.658+0530: 806.562: [GC (Allocation Failure) 2019-01-02T11:12:18.658+0530: 806.562: [DefNew
Desired survivor size 32768 bytes, new threshold 15 (max 15)
- age   2:         24 bytes,         24 total
- age   5:        184 bytes,        208 total
- age  11:         16 bytes,        224 total
: 483K->0K(960K), 0.0003142 secs] 8851K->8851K(10176K), 0.0003814 secs] [Times: user=0.00 sys=0.00, real=0.00 secs] 
2019-01-02T11:12:18.659+0530: 806.563: [GC (Allocation Failure) 2019-01-02T11:12:18.659+0530: 806.563: [DefNew: 501K->501K(960K), 0.0000245 secs]2019-01-02T11:12:18.659+0530: 806.563: [Tenured: 8850K->1236K(9216K), 0.0063191 secs] 9352K->1236K(10176K), [Metaspace: 2520K->2520K(1056768K)], 0.0065175 secs] [Times: user=0.00 sys=0.00, real=0.01 secs] 
2019-01-02T11:12:18.717+0530: 806.620: [GC (Allocation Failure) 2019-01-02T11:12:18.717+0530: 806.620: [DefNew
Desired survivor size 32768 bytes, new threshold 15 (max 15)
- age   1:        248 bytes,        248 total
: 839K->0K(960K), 0.0012247 secs] 2076K->1792K(10176K), 0.0016016 secs] [Times: user=0.00 sys=0.00, real=0.00 secs] 
2019-01-02T11:12:18.720+0530: 806.624: [GC (Allocation Failure) 2019-01-02T11:12:18.720+0530: 806.624: [DefNew
Desired survivor size 32768 bytes, new threshold 15 (max 15)
- age   1:         40 bytes,         40 total
- age   2:        184 bytes,        224 total
: 896K->0K(960K), 0.0014915 secs] 2688K->2080K(10176K), 0.0018365 secs] [Times: user=0.00 sys=0.00, real=0.00 secs] 
2019-01-02T11:12:18.724+0530: 806.627: [GC (Allocation Failure) 2019-01-02T11:12:18.724+0530: 806.627: [DefNew
Desired survivor size 32768 bytes, new threshold 15 (max 15)
- age   1:         40 bytes,         40 total
- age   3:        184 bytes,        224 total
: 896K->0K(960K), 0.0006688 secs] 2976K->2656K(10176K), 0.0008695 secs] [Times: user=0.00 sys=0.00, real=0.00 secs] 
2019-01-02T11:12:18.726+0530: 806.629: [GC (Allocation Failure) 2019-01-02T11:12:18.726+0530: 806.629: [DefNew
Desired survivor size 32768 bytes, new threshold 15 (max 15)
- age   1:         24 bytes,         24 total
- age   4:        184 bytes,        208 total
: 427K->0K(960K), 0.0002611 secs] 3084K->2656K(10176K), 0.0003381 secs] [Times: user=0.00 sys=0.00, real=0.00 secs] 
2019-01-02T11:12:18.726+0530: 806.630: [GC (Allocation Failure) 2019-01-02T11:12:18.726+0530: 806.630: [DefNew
Desired survivor size 32768 bytes, new threshold 15 (max 15)
- age   2:         24 bytes,         24 total
- age   5:        184 bytes,        208 total
: 484K->0K(960K), 0.0004670 secs] 3140K->3140K(10176K), 0.0005667 secs] [Times: user=0.00 sys=0.00, real=0.00 secs] 
2019-01-02T11:12:18.727+0530: 806.631: [GC (Allocation Failure) 2019-01-02T11:12:18.727+0530: 806.631: [DefNew
Desired survivor size 32768 bytes, new threshold 15 (max 15)
- age   1:         24 bytes,         24 total
- age   6:         72 bytes,         96 total
: 501K->0K(960K), 0.0012772 secs] 3642K->3624K(10176K), 0.0015138 secs] [Times: user=0.00 sys=0.00, real=0.00 secs] 
2019-01-02T11:12:18.780+0530: 806.683: [GC (Allocation Failure) 2019-01-02T11:12:18.780+0530: 806.683: [DefNew
Desired survivor size 32768 bytes, new threshold 15 (max 15)
- age   1:        248 bytes,        248 total
- age   7:         16 bytes,        264 total
: 839K->0K(960K), 0.0008974 secs] 4463K->3696K(10176K), 0.0014197 secs] [Times: user=0.00 sys=0.02, real=0.00 secs] 
2019-01-02T11:12:18.783+0530: 806.686: [GC (Allocation Failure) 2019-01-02T11:12:18.783+0530: 806.686: [DefNew
Desired survivor size 32768 bytes, new threshold 15 (max 15)
- age   2:        184 bytes,        184 total
- age   8:         16 bytes,        200 total
: 896K->0K(960K), 0.0006545 secs] 4592K->3984K(10176K), 0.0008022 secs] [Times: user=0.00 sys=0.00, real=0.00 secs] 
2019-01-02T11:12:18.785+0530: 806.688: [GC (Allocation Failure) 2019-01-02T11:12:18.785+0530: 806.688: [DefNew
Desired survivor size 32768 bytes, new threshold 15 (max 15)
- age   1:         40 bytes,         40 total
- age   3:        184 bytes,        224 total
- age   9:         16 bytes,        240 total
: 896K->0K(960K), 0.0010594 secs] 4880K->4560K(10176K), 0.0012663 secs] [Times: user=0.00 sys=0.00, real=0.00 secs] 
2019-01-02T11:12:18.787+0530: 806.691: [GC (Allocation Failure) 2019-01-02T11:12:18.788+0530: 806.691: [DefNew
Desired survivor size 32768 bytes, new threshold 15 (max 15)
- age   1:         24 bytes,         24 total
- age   4:        184 bytes,        208 total
- age  10:         16 bytes,        224 total
: 428K->0K(960K), 0.0007731 secs] 4989K->4560K(10176K), 0.0009487 secs] [Times: user=0.00 sys=0.00, real=0.00 secs] 
2019-01-02T11:12:18.789+0530: 806.692: [GC (Allocation Failure) 2019-01-02T11:12:18.789+0530: 806.692: [DefNew
Desired survivor size 32768 bytes, new threshold 15 (max 15)
- age   2:         24 bytes,         24 total
- age   5:        184 bytes,        208 total
- age  11:         16 bytes,        224 total
: 484K->0K(960K), 0.0003575 secs] 5044K->5044K(10176K), 0.0004333 secs] [Times: user=0.00 sys=0.00, real=0.00 secs] 
2019-01-02T11:12:18.790+0530: 806.693: [GC (Allocation Failure) 2019-01-02T11:12:18.790+0530: 806.693: [DefNew
Desired survivor size 32768 bytes, new threshold 15 (max 15)
- age   1:         24 bytes,         24 total
- age   6:         72 bytes,         96 total
- age  12:         16 bytes,        112 total
: 501K->0K(960K), 0.0003250 secs] 5546K->5528K(10176K), 0.0003974 secs] [Times: user=0.00 sys=0.00, real=0.00 secs] 
2019-01-02T11:12:18.843+0530: 806.747: [GC (Allocation Failure) 2019-01-02T11:12:18.843+0530: 806.747: [DefNew
Desired survivor size 32768 bytes, new threshold 15 (max 15)
- age   1:        248 bytes,        248 total
- age   7:         16 bytes,        264 total
- age  13:         16 bytes,        280 total
: 839K->0K(960K), 0.0011922 secs] 6367K->5600K(10176K), 0.0015605 secs] [Times: user=0.00 sys=0.00, real=0.00 secs] 
2019-01-02T11:12:18.847+0530: 806.750: [GC (Allocation Failure) 2019-01-02T11:12:18.847+0530: 806.750: [DefNew
Desired survivor size 32768 bytes, new threshold 15 (max 15)
- age   1:         40 bytes,         40 total
- age   2:        184 bytes,        224 total
- age   8:         16 bytes,        240 total
- age  14:         16 bytes,        256 total
: 896K->0K(960K), 0.0012173 secs] 6496K->5888K(10176K), 0.0014664 secs] [Times: user=0.00 sys=0.00, real=0.00 secs] 
2019-01-02T11:12:18.850+0530: 806.753: [GC (Allocation Failure) 2019-01-02T11:12:18.850+0530: 806.753: [DefNew
Desired survivor size 32768 bytes, new threshold 15 (max 15)
- age   1:         40 bytes,         40 total
- age   3:        184 bytes,        224 total
- age   9:         16 bytes,        240 total
- age  15:         16 bytes,        256 total
: 896K->0K(960K), 0.0008450 secs] 6784K->6464K(10176K), 0.0009339 secs] [Times: user=0.00 sys=0.00, real=0.00 secs] 
2019-01-02T11:12:18.852+0530: 806.755: [GC (Allocation Failure) 2019-01-02T11:12:18.852+0530: 806.755: [DefNew
Desired survivor size 32768 bytes, new threshold 15 (max 15)
- age   1:         24 bytes,         24 total
- age   4:        184 bytes,        208 total
- age  10:         16 bytes,        224 total
: 427K->0K(960K), 0.0007640 secs] 6891K->6464K(10176K), 0.0009453 secs] [Times: user=0.00 sys=0.00, real=0.00 secs] 
2019-01-02T11:12:18.853+0530: 806.757: [GC (Allocation Failure) 2019-01-02T11:12:18.853+0530: 806.757: [DefNew
Desired survivor size 32768 bytes, new threshold 15 (max 15)
- age   2:         24 bytes,         24 total
- age   5:        184 bytes,        208 total
- age  11:         16 bytes,        224 total
: 484K->0K(960K), 0.0003541 secs] 6948K->6948K(10176K), 0.0004288 secs] [Times: user=0.00 sys=0.00, real=0.00 secs] 
2019-01-02T11:12:18.854+0530: 806.758: [GC (Allocation Failure) 2019-01-02T11:12:18.854+0530: 806.758: [DefNew
Desired survivor size 32768 bytes, new threshold 15 (max 15)
- age   1:         24 bytes,         24 total
- age   6:         72 bytes,         96 total
- age  12:         16 bytes,        112 total
: 501K->0K(960K), 0.0003307 secs] 7449K->7431K(10176K), 0.0004031 secs] [Times: user=0.00 sys=0.00, real=0.00 secs] 
2019-01-02T11:12:18.907+0530: 806.811: [GC (Allocation Failure) 2019-01-02T11:12:18.908+0530: 806.811: [DefNew
Desired survivor size 32768 bytes, new threshold 15 (max 15)
- age   1:        248 bytes,        248 total
- age   7:         16 bytes,        264 total
- age  13:         16 bytes,        280 total
: 839K->0K(960K), 0.0006118 secs] 8271K->7504K(10176K), 0.0009812 secs] [Times: user=0.00 sys=0.00, real=0.00 secs] 
2019-01-02T11:12:18.910+0530: 806.814: [GC (Allocation Failure) 2019-01-02T11:12:18.911+0530: 806.814: [DefNew
Desired survivor size 32768 bytes, new threshold 15 (max 15)
- age   2:        184 bytes,        184 total
- age   8:         16 bytes,        200 total
- age  14:         16 bytes,        216 total
: 896K->0K(960K), 0.0008113 secs] 8400K->7792K(10176K), 0.0010907 secs] [Times: user=0.00 sys=0.00, real=0.00 secs] 
2019-01-02T11:12:18.913+0530: 806.817: [GC (Allocation Failure) 2019-01-02T11:12:18.913+0530: 806.817: [DefNew
Desired survivor size 32768 bytes, new threshold 15 (max 15)
- age   1:         40 bytes,         40 total
- age   3:        184 bytes,        224 total
- age   9:         16 bytes,        240 total
- age  15:         16 bytes,        256 total
: 896K->0K(960K), 0.0005268 secs] 8688K->8368K(10176K), 0.0006397 secs] [Times: user=0.00 sys=0.00, real=0.00 secs] 
2019-01-02T11:12:18.915+0530: 806.818: [GC (Allocation Failure) 2019-01-02T11:12:18.915+0530: 806.819: [DefNew
Desired survivor size 32768 bytes, new threshold 15 (max 15)
- age   1:         24 bytes,         24 total
- age   4:        184 bytes,        208 total
- age  10:         16 bytes,        224 total
: 428K->0K(960K), 0.0005069 secs] 8796K->8368K(10176K), 0.0006186 secs] [Times: user=0.00 sys=0.00, real=0.00 secs] 
2019-01-02T11:12:18.916+0530: 806.820: [GC (Allocation Failure) 2019-01-02T11:12:18.916+0530: 806.820: [DefNew
Desired survivor size 32768 bytes, new threshold 15 (max 15)
- age   2:         24 bytes,         24 total
- age   5:        184 bytes,        208 total
- age  11:         16 bytes,        224 total
: 484K->0K(960K), 0.0008205 secs] 8851K->8851K(10176K), 0.0009231 secs] [Times: user=0.00 sys=0.00, real=0.00 secs] 
2019-01-02T11:12:18.918+0530: 806.821: [GC (Allocation Failure) 2019-01-02T11:12:18.918+0530: 806.821: [DefNew: 501K->501K(960K), 0.0000291 secs]2019-01-02T11:12:18.918+0530: 806.821: [Tenured: 8851K->1236K(9216K), 0.0036770 secs] 9353K->1236K(10176K), [Metaspace: 2520K->2520K(1056768K)], 0.0038280 secs] [Times: user=0.01 sys=0.00, real=0.00 secs] 
2019-01-02T11:12:18.981+0530: 806.885: [GC (Allocation Failure) 2019-01-02T11:12:18.981+0530: 806.885: [DefNew
Desired survivor size 32768 bytes, new threshold 15 (max 15)
- age   1:        248 bytes,        248 total
: 839K->0K(960K), 0.0011660 secs] 2076K->1793K(10176K), 0.0014225 secs] [Times: user=0.00 sys=0.00, real=0.00 secs] 
2019-01-02T11:12:18.985+0530: 806.889: [GC (Allocation Failure) 2019-01-02T11:12:18.985+0530: 806.889: [DefNew
Desired survivor size 32768 bytes, new threshold 15 (max 15)
- age   1:         40 bytes,         40 total
- age   2:        184 bytes,        224 total
: 896K->0K(960K), 0.0009014 secs] 2689K->2080K(10176K), 0.0010605 secs] [Times: user=0.00 sys=0.00, real=0.00 secs] 
2019-01-02T11:12:18.987+0530: 806.891: [GC (Allocation Failure) 2019-01-02T11:12:18.988+0530: 806.891: [DefNew
Desired survivor size 32768 bytes, new threshold 15 (max 15)
- age   1:         40 bytes,         40 total
- age   3:        184 bytes,        224 total
: 896K->0K(960K), 0.0008923 secs] 2976K->2657K(10176K), 0.0010149 secs] [Times: user=0.00 sys=0.00, real=0.00 secs] 
2019-01-02T11:12:18.990+0530: 806.893: [GC (Allocation Failure) 2019-01-02T11:12:18.990+0530: 806.893: [DefNew
Desired survivor size 32768 bytes, new threshold 15 (max 15)
- age   1:         24 bytes,         24 total
- age   4:        184 bytes,        208 total
: 427K->0K(960K), 0.0002383 secs] 3084K->2656K(10176K), 0.0003181 secs] [Times: user=0.00 sys=0.00, real=0.00 secs] 
2019-01-02T11:12:18.990+0530: 806.894: [GC (Allocation Failure) 2019-01-02T11:12:18.990+0530: 806.894: [DefNew
Desired survivor size 32768 bytes, new threshold 15 (max 15)
- age   2:         24 bytes,         24 total
- age   5:        184 bytes,        208 total
: 484K->0K(960K), 0.0003672 secs] 3140K->3140K(10176K), 0.0004499 secs] [Times: user=0.00 sys=0.00, real=0.00 secs] 
2019-01-02T11:12:18.991+0530: 806.895: [GC (Allocation Failure) 2019-01-02T11:12:18.991+0530: 806.895: [DefNew
Desired survivor size 32768 bytes, new threshold 15 (max 15)
- age   1:         24 bytes,         24 total
- age   6:         72 bytes,         96 total
: 501K->0K(960K), 0.0003096 secs] 3642K->3624K(10176K), 0.0003803 secs] [Times: user=0.00 sys=0.00, real=0.00 secs] 
2019-01-02T11:12:19.047+0530: 806.951: [GC (Allocation Failure) 2019-01-02T11:12:19.047+0530: 806.951: [DefNew
Desired survivor size 32768 bytes, new threshold 15 (max 15)
- age   1:        248 bytes,        248 total
- age   7:         16 bytes,        264 total
: 839K->0K(960K), 0.0006950 secs] 4463K->3696K(10176K), 0.0010246 secs] [Times: user=0.00 sys=0.00, real=0.00 secs] 
2019-01-02T11:12:19.050+0530: 806.953: [GC (Allocation Failure) 2019-01-02T11:12:19.050+0530: 806.954: [DefNew
Desired survivor size 32768 bytes, new threshold 15 (max 15)
- age   2:        184 bytes,        184 total
- age   8:         16 bytes,        200 total
: 896K->0K(960K), 0.0007304 secs] 4592K->3984K(10176K), 0.0009145 secs] [Times: user=0.00 sys=0.00, real=0.00 secs] 
2019-01-02T11:12:19.052+0530: 806.956: [GC (Allocation Failure) 2019-01-02T11:12:19.052+0530: 806.956: [DefNew
Desired survivor size 32768 bytes, new threshold 15 (max 15)
- age   1:         40 bytes,         40 total
- age   3:        184 bytes,        224 total
- age   9:         16 bytes,        240 total
: 896K->0K(960K), 0.0011837 secs] 4880K->4560K(10176K), 0.0013387 secs] [Times: user=0.00 sys=0.00, real=0.00 secs] 
2019-01-02T11:12:19.055+0530: 806.958: [GC (Allocation Failure) 2019-01-02T11:12:19.055+0530: 806.958: [DefNew
Desired survivor size 32768 bytes, new threshold 15 (max 15)
- age   1:         24 bytes,         24 total
- age   4:        184 bytes,        208 total
- age  10:         16 bytes,        224 total
: 428K->0K(960K), 0.0006414 secs] 4989K->4560K(10176K), 0.0007469 secs] [Times: user=0.00 sys=0.00, real=0.00 secs] 
2019-01-02T11:12:19.056+0530: 806.959: [GC (Allocation Failure) 2019-01-02T11:12:19.056+0530: 806.960: [DefNew
Desired survivor size 32768 bytes, new threshold 15 (max 15)
- age   2:         24 bytes,         24 total
- age   5:        184 bytes,        208 total
- age  11:         16 bytes,        224 total
: 484K->0K(960K), 0.0003187 secs] 5044K->5044K(10176K), 0.0003906 secs] [Times: user=0.00 sys=0.00, real=0.00 secs] 
2019-01-02T11:12:19.057+0530: 806.960: [GC (Allocation Failure) 2019-01-02T11:12:19.057+0530: 806.960: [DefNew
Desired survivor size 32768 bytes, new threshold 15 (max 15)
- age   1:         24 bytes,         24 total
- age   6:         72 bytes,         96 total
- age  12:         16 bytes,        112 total
: 502K->0K(960K), 0.0003102 secs] 5546K->5528K(10176K), 0.0003809 secs] [Times: user=0.00 sys=0.00, real=0.00 secs] 
2019-01-02T11:12:19.109+0530: 807.013: [GC (Allocation Failure) 2019-01-02T11:12:19.110+0530: 807.013: [DefNew
Desired survivor size 32768 bytes, new threshold 15 (max 15)
- age   1:        248 bytes,        248 total
- age   7:         16 bytes,        264 total
- age  13:         16 bytes,        280 total
: 839K->0K(960K), 0.0016010 secs] 6368K->5600K(10176K), 0.0017937 secs] [Times: user=0.00 sys=0.00, real=0.00 secs] 
2019-01-02T11:12:19.114+0530: 807.017: [GC (Allocation Failure) 2019-01-02T11:12:19.114+0530: 807.018: [DefNew
Desired survivor size 32768 bytes, new threshold 15 (max 15)
- age   1:         40 bytes,         40 total
- age   2:        184 bytes,        224 total
- age   8:         16 bytes,        240 total
- age  14:         16 bytes,        256 total
: 896K->0K(960K), 0.0009077 secs] 6496K->5888K(10176K), 0.0011209 secs] [Times: user=0.00 sys=0.00, real=0.00 secs] 
2019-01-02T11:12:19.116+0530: 807.020: [GC (Allocation Failure) 2019-01-02T11:12:19.116+0530: 807.020: [DefNew
Desired survivor size 32768 bytes, new threshold 15 (max 15)
- age   1:         40 bytes,         40 total
- age   3:        184 bytes,        224 total
- age   9:         16 bytes,        240 total
- age  15:         16 bytes,        256 total
: 896K->0K(960K), 0.0010400 secs] 6784K->6464K(10176K), 0.0012150 secs] [Times: user=0.00 sys=0.00, real=0.00 secs] 
2019-01-02T11:12:19.119+0530: 807.022: [GC (Allocation Failure) 2019-01-02T11:12:19.119+0530: 807.023: [DefNew
Desired survivor size 32768 bytes, new threshold 15 (max 15)
- age   1:         24 bytes,         24 total
- age   4:        184 bytes,        208 total
- age  10:         16 bytes,        224 total
: 427K->0K(960K), 0.0009265 secs] 6892K->6464K(10176K), 0.0011215 secs] [Times: user=0.00 sys=0.00, real=0.00 secs] 
2019-01-02T11:12:19.121+0530: 807.024: [GC (Allocation Failure) 2019-01-02T11:12:19.121+0530: 807.024: [DefNew
Desired survivor size 32768 bytes, new threshold 15 (max 15)
- age   2:         24 bytes,         24 total
- age   5:        184 bytes,        208 total
- age  11:         16 bytes,        224 total
: 484K->0K(960K), 0.0003592 secs] 6948K->6948K(10176K), 0.0004236 secs] [Times: user=0.00 sys=0.00, real=0.00 secs] 
2019-01-02T11:12:19.122+0530: 807.025: [GC (Allocation Failure) 2019-01-02T11:12:19.122+0530: 807.025: [DefNew
Desired survivor size 32768 bytes, new threshold 15 (max 15)
- age   1:         24 bytes,         24 total
- age   6:         72 bytes,         96 total
- age  12:         16 bytes,        112 total
: 502K->0K(960K), 0.0003153 secs] 7450K->7432K(10176K), 0.0003780 secs] [Times: user=0.00 sys=0.00, real=0.00 secs] 
2019-01-02T11:12:19.176+0530: 807.079: [GC (Allocation Failure) 2019-01-02T11:12:19.176+0530: 807.079: [DefNew
Desired survivor size 32768 bytes, new threshold 15 (max 15)
- age   1:        248 bytes,        248 total
- age   7:         16 bytes,        264 total
- age  13:         16 bytes,        280 total
: 839K->0K(960K), 0.0009727 secs] 8271K->7504K(10176K), 0.0012441 secs] [Times: user=0.00 sys=0.00, real=0.00 secs] 
2019-01-02T11:12:19.179+0530: 807.082: [GC (Allocation Failure) 2019-01-02T11:12:19.179+0530: 807.082: [DefNew
Desired survivor size 32768 bytes, new threshold 15 (max 15)
- age   2:        184 bytes,        184 total
- age   8:         16 bytes,        200 total
- age  14:         16 bytes,        216 total
: 896K->0K(960K), 0.0007104 secs] 8400K->7792K(10176K), 0.0008569 secs] [Times: user=0.00 sys=0.00, real=0.00 secs] 
2019-01-02T11:12:19.182+0530: 807.085: [GC (Allocation Failure) 2019-01-02T11:12:19.182+0530: 807.085: [DefNew
Desired survivor size 32768 bytes, new threshold 15 (max 15)
- age   1:         40 bytes,         40 total
- age   3:        184 bytes,        224 total
- age   9:         16 bytes,        240 total
- age  15:         16 bytes,        256 total
: 896K->0K(960K), 0.0005924 secs] 8688K->8368K(10176K), 0.0007948 secs] [Times: user=0.00 sys=0.00, real=0.00 secs] 
2019-01-02T11:12:19.184+0530: 807.087: [GC (Allocation Failure) 2019-01-02T11:12:19.184+0530: 807.087: [DefNew
Desired survivor size 32768 bytes, new threshold 15 (max 15)
- age   1:         24 bytes,         24 total
- age   4:        184 bytes,        208 total
- age  10:         16 bytes,        224 total
: 428K->0K(960K), 0.0005217 secs] 8797K->8368K(10176K), 0.0006089 secs] [Times: user=0.00 sys=0.00, real=0.00 secs] 
2019-01-02T11:12:19.185+0530: 807.088: [GC (Allocation Failure) 2019-01-02T11:12:19.185+0530: 807.088: [DefNew
Desired survivor size 32768 bytes, new threshold 15 (max 15)
- age   2:         24 bytes,         24 total
- age   5:        184 bytes,        208 total
- age  11:         16 bytes,        224 total
: 484K->0K(960K), 0.0007663 secs] 8852K->8852K(10176K), 0.0008501 secs] [Times: user=0.00 sys=0.00, real=0.00 secs] 
2019-01-02T11:12:19.186+0530: 807.090: [GC (Allocation Failure) 2019-01-02T11:12:19.186+0530: 807.090: [DefNew: 502K->502K(960K), 0.0000251 secs]2019-01-02T11:12:19.186+0530: 807.090: [Tenured: 8852K->1236K(9216K), 0.0036194 secs] 9354K->1236K(10176K), [Metaspace: 2520K->2520K(1056768K)], 0.0037613 secs] [Times: user=0.02 sys=0.00, real=0.00 secs] 
2019-01-02T11:12:19.242+0530: 807.145: [GC (Allocation Failure) 2019-01-02T11:12:19.242+0530: 807.146: [DefNew
Desired survivor size 32768 bytes, new threshold 15 (max 15)
- age   1:        248 bytes,        248 total
: 839K->0K(960K), 0.0011483 secs] 2076K->1793K(10176K), 0.0014927 secs] [Times: user=0.00 sys=0.00, real=0.00 secs] 
2019-01-02T11:12:19.245+0530: 807.149: [GC (Allocation Failure) 2019-01-02T11:12:19.245+0530: 807.149: [DefNew
Desired survivor size 32768 bytes, new threshold 15 (max 15)
- age   1:         40 bytes,         40 total
- age   2:        184 bytes,        224 total
: 896K->0K(960K), 0.0010941 secs] 2689K->2081K(10176K), 0.0012589 secs] [Times: user=0.00 sys=0.00, real=0.00 secs] 
2019-01-02T11:12:19.249+0530: 807.152: [GC (Allocation Failure) 2019-01-02T11:12:19.249+0530: 807.152: [DefNew
Desired survivor size 32768 bytes, new threshold 15 (max 15)
- age   1:         40 bytes,         40 total
- age   3:        184 bytes,        224 total
: 896K->0K(960K), 0.0005228 secs] 2977K->2657K(10176K), 0.0006648 secs] [Times: user=0.01 sys=0.00, real=0.00 secs] 
2019-01-02T11:12:19.251+0530: 807.154: [GC (Allocation Failure) 2019-01-02T11:12:19.251+0530: 807.154: [DefNew
Desired survivor size 32768 bytes, new threshold 15 (max 15)
- age   1:         24 bytes,         24 total
- age   4:        184 bytes,        208 total
: 427K->0K(960K), 0.0005633 secs] 3084K->2657K(10176K), 0.0006654 secs] [Times: user=0.00 sys=0.00, real=0.00 secs] 
2019-01-02T11:12:19.252+0530: 807.156: [GC (Allocation Failure) 2019-01-02T11:12:19.252+0530: 807.156: [DefNew
Desired survivor size 32768 bytes, new threshold 15 (max 15)
- age   2:         24 bytes,         24 total
- age   5:        184 bytes,        208 total
: 484K->0K(960K), 0.0003911 secs] 3141K->3141K(10176K), 0.0004613 secs] [Times: user=0.00 sys=0.00, real=0.00 secs] 
2019-01-02T11:12:19.253+0530: 807.156: [GC (Allocation Failure) 2019-01-02T11:12:19.253+0530: 807.156: [DefNew
Desired survivor size 32768 bytes, new threshold 15 (max 15)
- age   1:         24 bytes,         24 total
- age   6:         72 bytes,         96 total
: 502K->0K(960K), 0.0002896 secs] 3643K->3625K(10176K), 0.0003404 secs] [Times: user=0.00 sys=0.00, real=0.00 secs] 
2019-01-02T11:12:19.303+0530: 807.206: [GC (Allocation Failure) 2019-01-02T11:12:19.303+0530: 807.206: [DefNew
Desired survivor size 32768 bytes, new threshold 15 (max 15)
- age   1:        248 bytes,        248 total
- age   7:         16 bytes,        264 total
: 839K->0K(960K), 0.0005901 secs] 4464K->3697K(10176K), 0.0008222 secs] [Times: user=0.00 sys=0.00, real=0.00 secs] 
2019-01-02T11:12:19.305+0530: 807.209: [GC (Allocation Failure) 2019-01-02T11:12:19.305+0530: 807.209: [DefNew
Desired survivor size 32768 bytes, new threshold 15 (max 15)
- age   2:        184 bytes,        184 total
- age   8:         16 bytes,        200 total
: 896K->0K(960K), 0.0007965 secs] 4593K->3985K(10176K), 0.0009761 secs] [Times: user=0.00 sys=0.00, real=0.00 secs] 
2019-01-02T11:12:19.308+0530: 807.211: [GC (Allocation Failure) 2019-01-02T11:12:19.308+0530: 807.211: [DefNew
Desired survivor size 32768 bytes, new threshold 15 (max 15)
- age   1:         40 bytes,         40 total
- age   3:        184 bytes,        224 total
- age   9:         16 bytes,        240 total
: 896K->0K(960K), 0.0008136 secs] 4881K->4561K(10176K), 0.0009425 secs] [Times: user=0.00 sys=0.00, real=0.00 secs] 
2019-01-02T11:12:19.310+0530: 807.214: [GC (Allocation Failure) 2019-01-02T11:12:19.310+0530: 807.214: [DefNew
Desired survivor size 32768 bytes, new threshold 15 (max 15)
- age   1:         24 bytes,         24 total
- age   4:        184 bytes,        208 total
- age  10:         16 bytes,        224 total
: 428K->0K(960K), 0.0007230 secs] 4989K->4561K(10176K), 0.0008438 secs] [Times: user=0.00 sys=0.00, real=0.00 secs] 
2019-01-02T11:12:19.312+0530: 807.215: [GC (Allocation Failure) 2019-01-02T11:12:19.312+0530: 807.215: [DefNew
Desired survivor size 32768 bytes, new threshold 15 (max 15)
- age   2:         24 bytes,         24 total
- age   5:        184 bytes,        208 total
- age  11:         16 bytes,        224 total
: 484K->0K(960K), 0.0003296 secs] 5045K->5045K(10176K), 0.0003888 secs] [Times: user=0.00 sys=0.00, real=0.00 secs] 
2019-01-02T11:12:19.312+0530: 807.216: [GC (Allocation Failure) 2019-01-02T11:12:19.312+0530: 807.216: [DefNew
Desired survivor size 32768 bytes, new threshold 15 (max 15)
- age   1:         24 bytes,         24 total
- age   6:         72 bytes,         96 total
- age  12:         16 bytes,        112 total
: 502K->0K(960K), 0.0003113 secs] 5547K->5529K(10176K), 0.0003638 secs] [Times: user=0.00 sys=0.00, real=0.00 secs] 
2019-01-02T11:12:19.364+0530: 807.267: [GC (Allocation Failure) 2019-01-02T11:12:19.364+0530: 807.268: [DefNew
Desired survivor size 32768 bytes, new threshold 15 (max 15)
- age   1:        248 bytes,        248 total
- age   7:         16 bytes,        264 total
- age  13:         16 bytes,        280 total
: 839K->0K(960K), 0.0011112 secs] 6369K->5601K(10176K), 0.0014545 secs] [Times: user=0.00 sys=0.00, real=0.00 secs] 
2019-01-02T11:12:19.368+0530: 807.271: [GC (Allocation Failure) 2019-01-02T11:12:19.368+0530: 807.271: [DefNew
Desired survivor size 32768 bytes, new threshold 15 (max 15)
- age   1:         40 bytes,         40 total
- age   2:        184 bytes,        224 total
- age   8:         16 bytes,        240 total
- age  14:         16 bytes,        256 total
: 896K->0K(960K), 0.0010616 secs] 6497K->5889K(10176K), 0.0012897 secs] [Times: user=0.00 sys=0.00, real=0.00 secs] 
2019-01-02T11:12:19.370+0530: 807.274: [GC (Allocation Failure) 2019-01-02T11:12:19.370+0530: 807.274: [DefNew
Desired survivor size 32768 bytes, new threshold 15 (max 15)
- age   1:         40 bytes,         40 total
- age   3:        184 bytes,        224 total
- age   9:         16 bytes,        240 total
- age  15:         16 bytes,        256 total
: 896K->0K(960K), 0.0009419 secs] 6785K->6465K(10176K), 0.0010508 secs] [Times: user=0.00 sys=0.00, real=0.00 secs] 
2019-01-02T11:12:19.373+0530: 807.276: [GC (Allocation Failure) 2019-01-02T11:12:19.373+0530: 807.276: [DefNew
Desired survivor size 32768 bytes, new threshold 15 (max 15)
- age   1:         24 bytes,         24 total
- age   4:        184 bytes,        208 total
- age  10:         16 bytes,        224 total
: 427K->0K(960K), 0.0007783 secs] 6892K->6465K(10176K), 0.0008912 secs] [Times: user=0.00 sys=0.00, real=0.00 secs] 
2019-01-02T11:12:19.374+0530: 807.277: [GC (Allocation Failure) 2019-01-02T11:12:19.374+0530: 807.277: [DefNew
Desired survivor size 32768 bytes, new threshold 15 (max 15)
- age   2:         24 bytes,         24 total
- age   5:        184 bytes,        208 total
- age  11:         16 bytes,        224 total
: 484K->0K(960K), 0.0003410 secs] 6949K->6949K(10176K), 0.0003957 secs] [Times: user=0.00 sys=0.00, real=0.00 secs] 
2019-01-02T11:12:19.375+0530: 807.278: [GC (Allocation Failure) 2019-01-02T11:12:19.375+0530: 807.278: [DefNew
Desired survivor size 32768 bytes, new threshold 15 (max 15)
- age   1:         24 bytes,         24 total
- age   6:         72 bytes,         96 total
- age  12:         16 bytes,        112 total
: 502K->0K(960K), 0.0003204 secs] 7451K->7433K(10176K), 0.0003740 secs] [Times: user=0.00 sys=0.00, real=0.00 secs] 
2019-01-02T11:12:19.428+0530: 807.332: [GC (Allocation Failure) 2019-01-02T11:12:19.429+0530: 807.332: [DefNew
Desired survivor size 32768 bytes, new threshold 15 (max 15)
- age   1:        248 bytes,        248 total
- age   7:         16 bytes,        264 total
- age  13:         16 bytes,        280 total
: 839K->0K(960K), 0.0010417 secs] 8272K->7505K(10176K), 0.0013490 secs] [Times: user=0.00 sys=0.00, real=0.00 secs] 
2019-01-02T11:12:19.433+0530: 807.336: [GC (Allocation Failure) 2019-01-02T11:12:19.433+0530: 807.336: [DefNew
Desired survivor size 32768 bytes, new threshold 15 (max 15)
- age   2:        184 bytes,        184 total
- age   8:         16 bytes,        200 total
- age  14:         16 bytes,        216 total
: 896K->0K(960K), 0.0004516 secs] 8401K->7793K(10176K), 0.0007138 secs] [Times: user=0.00 sys=0.00, real=0.00 secs] 
2019-01-02T11:12:19.435+0530: 807.338: [GC (Allocation Failure) 2019-01-02T11:12:19.435+0530: 807.338: [DefNew
Desired survivor size 32768 bytes, new threshold 15 (max 15)
- age   1:         40 bytes,         40 total
- age   3:        184 bytes,        224 total
- age   9:         16 bytes,        240 total
- age  15:         16 bytes,        256 total
: 896K->0K(960K), 0.0008712 secs] 8689K->8369K(10176K), 0.0010286 secs] [Times: user=0.00 sys=0.00, real=0.00 secs] 
2019-01-02T11:12:19.437+0530: 807.340: [GC (Allocation Failure) 2019-01-02T11:12:19.437+0530: 807.340: [DefNew
Desired survivor size 32768 bytes, new threshold 15 (max 15)
- age   1:         24 bytes,         24 total
- age   4:        184 bytes,        208 total
- age  10:         16 bytes,        224 total
: 428K->0K(960K), 0.0007264 secs] 8798K->8369K(10176K), 0.0009060 secs] [Times: user=0.00 sys=0.00, real=0.00 secs] 
2019-01-02T11:12:19.438+0530: 807.342: [GC (Allocation Failure) 2019-01-02T11:12:19.438+0530: 807.342: [DefNew
Desired survivor size 32768 bytes, new threshold 15 (max 15)
- age   2:         24 bytes,         24 total
- age   5:        184 bytes,        208 total
- age  11:         16 bytes,        224 total
: 484K->0K(960K), 0.0003506 secs] 8853K->8853K(10176K), 0.0004162 secs] [Times: user=0.00 sys=0.00, real=0.00 secs] 
2019-01-02T11:12:19.439+0530: 807.343: [GC (Allocation Failure) 2019-01-02T11:12:19.439+0530: 807.343: [DefNew: 502K->502K(960K), 0.0000245 secs]2019-01-02T11:12:19.439+0530: 807.343: [Tenured: 8853K->1237K(9216K), 0.0037944 secs] 9355K->1237K(10176K), [Metaspace: 2520K->2520K(1056768K)], 0.0039210 secs] [Times: user=0.00 sys=0.00, real=0.00 secs] 
2019-01-02T11:12:19.501+0530: 807.404: [GC (Allocation Failure) 2019-01-02T11:12:19.501+0530: 807.404: [DefNew
Desired survivor size 32768 bytes, new threshold 15 (max 15)
- age   1:        248 bytes,        248 total
: 839K->0K(960K), 0.0013855 secs] 2076K->1793K(10176K), 0.0016979 secs] [Times: user=0.00 sys=0.00, real=0.00 secs] 
2019-01-02T11:12:19.504+0530: 807.408: [GC (Allocation Failure) 2019-01-02T11:12:19.504+0530: 807.408: [DefNew
Desired survivor size 32768 bytes, new threshold 15 (max 15)
- age   1:         40 bytes,         40 total
- age   2:        184 bytes,        224 total
: 896K->0K(960K), 0.0007155 secs] 2689K->2081K(10176K), 0.0008524 secs] [Times: user=0.00 sys=0.00, real=0.00 secs] 
2019-01-02T11:12:19.507+0530: 807.410: [GC (Allocation Failure) 2019-01-02T11:12:19.507+0530: 807.410: [DefNew
Desired survivor size 32768 bytes, new threshold 15 (max 15)
- age   1:         40 bytes,         40 total
- age   3:        184 bytes,        224 total
: 896K->0K(960K), 0.0006910 secs] 2977K->2657K(10176K), 0.0009305 secs] [Times: user=0.00 sys=0.00, real=0.00 secs] 
2019-01-02T11:12:19.509+0530: 807.412: [GC (Allocation Failure) 2019-01-02T11:12:19.509+0530: 807.412: [DefNew
Desired survivor size 32768 bytes, new threshold 15 (max 15)
- age   1:         24 bytes,         24 total
- age   4:        184 bytes,        208 total
: 427K->0K(960K), 0.0002486 secs] 3085K->2657K(10176K), 0.0003073 secs] [Times: user=0.00 sys=0.00, real=0.00 secs] 
2019-01-02T11:12:19.509+0530: 807.413: [GC (Allocation Failure) 2019-01-02T11:12:19.509+0530: 807.413: [DefNew
Desired survivor size 32768 bytes, new threshold 15 (max 15)
- age   2:         24 bytes,         24 total
- age   5:        184 bytes,        208 total
: 484K->0K(960K), 0.0003370 secs] 3141K->3141K(10176K), 0.0003917 secs] [Times: user=0.00 sys=0.00, real=0.00 secs] 
2019-01-02T11:12:19.510+0530: 807.414: [GC (Allocation Failure) 2019-01-02T11:12:19.510+0530: 807.414: [DefNew
Desired survivor size 32768 bytes, new threshold 15 (max 15)
- age   1:         24 bytes,         24 total
- age   6:         72 bytes,         96 total
: 502K->0K(960K), 0.0003159 secs] 3643K->3625K(10176K), 0.0003957 secs] [Times: user=0.00 sys=0.00, real=0.00 secs] 
2019-01-02T11:12:19.564+0530: 807.467: [GC (Allocation Failure) 2019-01-02T11:12:19.564+0530: 807.467: [DefNew
Desired survivor size 32768 bytes, new threshold 15 (max 15)
- age   1:        248 bytes,        248 total
- age   7:         16 bytes,        264 total
: 839K->0K(960K), 0.0010246 secs] 4464K->3697K(10176K), 0.0013131 secs] [Times: user=0.00 sys=0.00, real=0.00 secs] 
2019-01-02T11:12:19.567+0530: 807.471: [GC (Allocation Failure) 2019-01-02T11:12:19.568+0530: 807.471: [DefNew
Desired survivor size 32768 bytes, new threshold 15 (max 15)
- age   2:        184 bytes,        184 total
- age   8:         16 bytes,        200 total
: 896K->0K(960K), 0.0008906 secs] 4593K->3985K(10176K), 0.0011512 secs] [Times: user=0.00 sys=0.00, real=0.00 secs] 
2019-01-02T11:12:19.570+0530: 807.473: [GC (Allocation Failure) 2019-01-02T11:12:19.570+0530: 807.473: [DefNew
Desired survivor size 32768 bytes, new threshold 15 (max 15)
- age   1:         40 bytes,         40 total
- age   3:        184 bytes,        224 total
- age   9:         16 bytes,        240 total
: 896K->0K(960K), 0.0011249 secs] 4881K->4561K(10176K), 0.0013005 secs] [Times: user=0.00 sys=0.00, real=0.00 secs] 
2019-01-02T11:12:19.572+0530: 807.476: [GC (Allocation Failure) 2019-01-02T11:12:19.573+0530: 807.476: [DefNew
Desired survivor size 32768 bytes, new threshold 15 (max 15)
- age   1:         24 bytes,         24 total
- age   4:        184 bytes,        208 total
- age  10:         16 bytes,        224 total
: 428K->0K(960K), 0.0006563 secs] 4990K->4561K(10176K), 0.0007629 secs] [Times: user=0.00 sys=0.00, real=0.00 secs] 
2019-01-02T11:12:19.574+0530: 807.477: [GC (Allocation Failure) 2019-01-02T11:12:19.574+0530: 807.477: [DefNew
Desired survivor size 32768 bytes, new threshold 15 (max 15)
- age   2:         24 bytes,         24 total
- age   5:        184 bytes,        208 total
- age  11:         16 bytes,        224 total
: 484K->0K(960K), 0.0003296 secs] 5045K->5045K(10176K), 0.0003866 secs] [Times: user=0.00 sys=0.00, real=0.00 secs] 
2019-01-02T11:12:19.574+0530: 807.478: [GC (Allocation Failure) 2019-01-02T11:12:19.574+0530: 807.478: [DefNew
Desired survivor size 32768 bytes, new threshold 15 (max 15)
- age   1:         24 bytes,         24 total
- age   6:         72 bytes,         96 total
- age  12:         16 bytes,        112 total
: 502K->0K(960K), 0.0003244 secs] 5547K->5529K(10176K), 0.0003860 secs] [Times: user=0.00 sys=0.00, real=0.00 secs] 
2019-01-02T11:12:19.629+0530: 807.532: [GC (Allocation Failure) 2019-01-02T11:12:19.629+0530: 807.532: [DefNew
Desired survivor size 32768 bytes, new threshold 15 (max 15)
- age   1:        248 bytes,        248 total
- age   7:         16 bytes,        264 total
- age  13:         16 bytes,        280 total
: 840K->0K(960K), 0.0011546 secs] 6369K->5601K(10176K), 0.0015748 secs] [Times: user=0.00 sys=0.00, real=0.00 secs] 
2019-01-02T11:12:19.633+0530: 807.536: [GC (Allocation Failure) 2019-01-02T11:12:19.633+0530: 807.537: [DefNew
Desired survivor size 32768 bytes, new threshold 15 (max 15)
- age   1:         40 bytes,         40 total
- age   2:        184 bytes,        224 total
- age   8:         16 bytes,        240 total
- age  14:         16 bytes,        256 total
: 896K->0K(960K), 0.0004322 secs] 6497K->5889K(10176K), 0.0005884 secs] [Times: user=0.00 sys=0.00, real=0.00 secs] 
2019-01-02T11:12:19.636+0530: 807.539: [GC (Allocation Failure) 2019-01-02T11:12:19.636+0530: 807.539: [DefNew
Desired survivor size 32768 bytes, new threshold 15 (max 15)
- age   1:         40 bytes,         40 total
- age   3:        184 bytes,        224 total
- age   9:         16 bytes,        240 total
- age  15:         16 bytes,        256 total
: 896K->0K(960K), 0.0008416 secs] 6785K->6465K(10176K), 0.0009961 secs] [Times: user=0.00 sys=0.00, real=0.00 secs] 
2019-01-02T11:12:19.638+0530: 807.541: [GC (Allocation Failure) 2019-01-02T11:12:19.638+0530: 807.542: [DefNew
Desired survivor size 32768 bytes, new threshold 15 (max 15)
- age   1:         24 bytes,         24 total
- age   4:        184 bytes,        208 total
- age  10:         16 bytes,        224 total
: 427K->0K(960K), 0.0007087 secs] 6893K->6465K(10176K), 0.0008421 secs] [Times: user=0.02 sys=0.00, real=0.00 secs] 
2019-01-02T11:12:19.639+0530: 807.543: [GC (Allocation Failure) 2019-01-02T11:12:19.639+0530: 807.543: [DefNew
Desired survivor size 32768 bytes, new threshold 15 (max 15)
- age   2:         24 bytes,         24 total
- age   5:        184 bytes,        208 total
- age  11:         16 bytes,        224 total
: 484K->0K(960K), 0.0003421 secs] 6950K->6950K(10176K), 0.0004003 secs] [Times: user=0.00 sys=0.00, real=0.00 secs] 
2019-01-02T11:12:19.640+0530: 807.543: [GC (Allocation Failure) 2019-01-02T11:12:19.640+0530: 807.543: [DefNew
Desired survivor size 32768 bytes, new threshold 15 (max 15)
- age   1:         24 bytes,         24 total
- age   6:         72 bytes,         96 total
- age  12:         16 bytes,        112 total
: 502K->0K(960K), 0.0003250 secs] 7452K->7434K(10176K), 0.0003792 secs] [Times: user=0.00 sys=0.00, real=0.00 secs] 
2019-01-02T11:12:19.695+0530: 807.598: [GC (Allocation Failure) 2019-01-02T11:12:19.695+0530: 807.598: [DefNew
Desired survivor size 32768 bytes, new threshold 15 (max 15)
- age   1:        248 bytes,        248 total
- age   7:         16 bytes,        264 total
- age  13:         16 bytes,        280 total
: 839K->0K(960K), 0.0007885 secs] 8273K->7506K(10176K), 0.0011386 secs] [Times: user=0.00 sys=0.00, real=0.00 secs] 
2019-01-02T11:12:19.698+0530: 807.601: [GC (Allocation Failure) 2019-01-02T11:12:19.698+0530: 807.601: [DefNew
Desired survivor size 32768 bytes, new threshold 15 (max 15)
- age   2:        184 bytes,        184 total
- age   8:         16 bytes,        200 total
- age  14:         16 bytes,        216 total
: 896K->0K(960K), 0.0010308 secs] 8402K->7794K(10176K), 0.0012276 secs] [Times: user=0.00 sys=0.00, real=0.00 secs] 
2019-01-02T11:12:19.701+0530: 807.604: [GC (Allocation Failure) 2019-01-02T11:12:19.701+0530: 807.604: [DefNew
Desired survivor size 32768 bytes, new threshold 15 (max 15)
- age   1:         40 bytes,         40 total
- age   3:        184 bytes,        224 total
- age   9:         16 bytes,        240 total
- age  15:         16 bytes,        256 total
: 896K->0K(960K), 0.0013393 secs] 8690K->8370K(10176K), 0.0015155 secs] [Times: user=0.02 sys=0.00, real=0.00 secs] 
2019-01-02T11:12:19.703+0530: 807.607: [GC (Allocation Failure) 2019-01-02T11:12:19.703+0530: 807.607: [DefNew
Desired survivor size 32768 bytes, new threshold 15 (max 15)
- age   1:         24 bytes,         24 total
- age   4:        184 bytes,        208 total
- age  10:         16 bytes,        224 total
: 428K->0K(960K), 0.0004134 secs] 8798K->8370K(10176K), 0.0005171 secs] [Times: user=0.00 sys=0.00, real=0.00 secs] 
2019-01-02T11:12:19.704+0530: 807.608: [GC (Allocation Failure) 2019-01-02T11:12:19.704+0530: 807.608: [DefNew
Desired survivor size 32768 bytes, new threshold 15 (max 15)
- age   2:         24 bytes,         24 total
- age   5:        184 bytes,        208 total
- age  11:         16 bytes,        224 total
: 484K->0K(960K), 0.0005491 secs] 8854K->8854K(10176K), 0.0006414 secs] [Times: user=0.00 sys=0.00, real=0.00 secs] 
2019-01-02T11:12:19.706+0530: 807.609: [GC (Allocation Failure) 2019-01-02T11:12:19.706+0530: 807.609: [DefNew: 502K->502K(960K), 0.0000371 secs]2019-01-02T11:12:19.706+0530: 807.609: [Tenured: 8854K->1237K(9216K), 0.0036895 secs] 9356K->1237K(10176K), [Metaspace: 2520K->2520K(1056768K)], 0.0038480 secs] [Times: user=0.00 sys=0.00, real=0.00 secs] 
2019-01-02T11:12:19.762+0530: 807.665: [GC (Allocation Failure) 2019-01-02T11:12:19.762+0530: 807.665: [DefNew
Desired survivor size 32768 bytes, new threshold 15 (max 15)
- age   1:        248 bytes,        248 total
: 839K->0K(960K), 0.0012167 secs] 2077K->1793K(10176K), 0.0014334 secs] [Times: user=0.00 sys=0.00, real=0.00 secs] 
2019-01-02T11:12:19.765+0530: 807.669: [GC (Allocation Failure) 2019-01-02T11:12:19.765+0530: 807.669: [DefNew
Desired survivor size 32768 bytes, new threshold 15 (max 15)
- age   1:         40 bytes,         40 total
- age   2:        184 bytes,        224 total
: 896K->0K(960K), 0.0006568 secs] 2689K->2081K(10176K), 0.0008438 secs] [Times: user=0.00 sys=0.00, real=0.00 secs] 
2019-01-02T11:12:19.768+0530: 807.671: [GC (Allocation Failure) 2019-01-02T11:12:19.768+0530: 807.671: [DefNew
Desired survivor size 32768 bytes, new threshold 15 (max 15)
- age   1:         40 bytes,         40 total
- age   3:        184 bytes,        224 total
: 896K->0K(960K), 0.0011215 secs] 2977K->2657K(10176K), 0.0012891 secs] [Times: user=0.00 sys=0.00, real=0.00 secs] 
2019-01-02T11:12:19.770+0530: 807.673: [GC (Allocation Failure) 2019-01-02T11:12:19.770+0530: 807.674: [DefNew
Desired survivor size 32768 bytes, new threshold 15 (max 15)
- age   1:         24 bytes,         24 total
- age   4:        184 bytes,        208 total
: 427K->0K(960K), 0.0004584 secs] 3085K->2657K(10176K), 0.0005565 secs] [Times: user=0.00 sys=0.00, real=0.00 secs] 
2019-01-02T11:12:19.771+0530: 807.675: [GC (Allocation Failure) 2019-01-02T11:12:19.771+0530: 807.675: [DefNew
Desired survivor size 32768 bytes, new threshold 15 (max 15)
- age   2:         24 bytes,         24 total
- age   5:        184 bytes,        208 total
: 484K->0K(960K), 0.0007942 secs] 3141K->3141K(10176K), 0.0008701 secs] [Times: user=0.00 sys=0.00, real=0.00 secs] 
2019-01-02T11:12:19.773+0530: 807.676: [GC (Allocation Failure) 2019-01-02T11:12:19.773+0530: 807.676: [DefNew
Desired survivor size 32768 bytes, new threshold 15 (max 15)
- age   1:         24 bytes,         24 total
- age   6:         72 bytes,         96 total
: 502K->0K(960K), 0.0003056 secs] 3643K->3625K(10176K), 0.0003672 secs] [Times: user=0.00 sys=0.00, real=0.00 secs] 
2019-01-02T11:12:19.822+0530: 807.725: [GC (Allocation Failure) 2019-01-02T11:12:19.822+0530: 807.725: [DefNew
Desired survivor size 32768 bytes, new threshold 15 (max 15)
- age   1:        248 bytes,        248 total
- age   7:         16 bytes,        264 total
: 839K->0K(960K), 0.0006220 secs] 4465K->3698K(10176K), 0.0007880 secs] [Times: user=0.00 sys=0.00, real=0.00 secs] 
2019-01-02T11:12:19.824+0530: 807.728: [GC (Allocation Failure) 2019-01-02T11:12:19.824+0530: 807.728: [DefNew
Desired survivor size 32768 bytes, new threshold 15 (max 15)
- age   2:        184 bytes,        184 total
- age   8:         16 bytes,        200 total
: 896K->0K(960K), 0.0011409 secs] 4594K->3986K(10176K), 0.0013188 secs] [Times: user=0.00 sys=0.00, real=0.00 secs] 
2019-01-02T11:12:19.827+0530: 807.730: [GC (Allocation Failure) 2019-01-02T11:12:19.827+0530: 807.730: [DefNew
Desired survivor size 32768 bytes, new threshold 15 (max 15)
- age   1:         40 bytes,         40 total
- age   3:        184 bytes,        224 total
- age   9:         16 bytes,        240 total
: 896K->0K(960K), 0.0008866 secs] 4882K->4562K(10176K), 0.0010297 secs] [Times: user=0.00 sys=0.00, real=0.00 secs] 
2019-01-02T11:12:19.829+0530: 807.733: [GC (Allocation Failure) 2019-01-02T11:12:19.829+0530: 807.733: [DefNew
Desired survivor size 32768 bytes, new threshold 15 (max 15)
- age   1:         24 bytes,         24 total
- age   4:        184 bytes,        208 total
- age  10:         16 bytes,        224 total
: 428K->0K(960K), 0.0003495 secs] 4990K->4562K(10176K), 0.0004744 secs] [Times: user=0.00 sys=0.00, real=0.00 secs] 
2019-01-02T11:12:19.831+0530: 807.734: [GC (Allocation Failure) 2019-01-02T11:12:19.831+0530: 807.734: [DefNew
Desired survivor size 32768 bytes, new threshold 15 (max 15)
- age   2:         24 bytes,         24 total
- age   5:        184 bytes,        208 total
- age  11:         16 bytes,        224 total
: 484K->0K(960K), 0.0006551 secs] 5046K->5046K(10176K), 0.0008113 secs] [Times: user=0.00 sys=0.00, real=0.00 secs] 
2019-01-02T11:12:19.832+0530: 807.735: [GC (Allocation Failure) 2019-01-02T11:12:19.832+0530: 807.735: [DefNew
Desired survivor size 32768 bytes, new threshold 15 (max 15)
- age   1:         24 bytes,         24 total
- age   6:         72 bytes,         96 total
- age  12:         16 bytes,        112 total
: 502K->0K(960K), 0.0003364 secs] 5548K->5530K(10176K), 0.0004174 secs] [Times: user=0.00 sys=0.00, real=0.00 secs] 
2019-01-02T11:12:19.885+0530: 807.789: [GC (Allocation Failure) 2019-01-02T11:12:19.886+0530: 807.789: [DefNew
Desired survivor size 32768 bytes, new threshold 15 (max 15)
- age   1:        248 bytes,        248 total
- age   7:         16 bytes,        264 total
- age  13:         16 bytes,        280 total
: 840K->0K(960K), 0.0007891 secs] 6370K->5602K(10176K), 0.0011728 secs] [Times: user=0.00 sys=0.00, real=0.00 secs] 
2019-01-02T11:12:19.889+0530: 807.792: [GC (Allocation Failure) 2019-01-02T11:12:19.889+0530: 807.792: [DefNew
Desired survivor size 32768 bytes, new threshold 15 (max 15)
- age   1:         40 bytes,         40 total
- age   2:        184 bytes,        224 total
- age   8:         16 bytes,        240 total
- age  14:         16 bytes,        256 total
: 896K->0K(960K), 0.0006124 secs] 6498K->5890K(10176K), 0.0008016 secs] [Times: user=0.00 sys=0.00, real=0.00 secs] 
2019-01-02T11:12:19.891+0530: 807.794: [GC (Allocation Failure) 2019-01-02T11:12:19.891+0530: 807.794: [DefNew
Desired survivor size 32768 bytes, new threshold 15 (max 15)
- age   1:         40 bytes,         40 total
- age   3:        184 bytes,        224 total
- age   9:         16 bytes,        240 total
- age  15:         16 bytes,        256 total
: 896K->0K(960K), 0.0010850 secs] 6786K->6466K(10176K), 0.0013040 secs] [Times: user=0.00 sys=0.00, real=0.00 secs] 
2019-01-02T11:12:19.893+0530: 807.797: [GC (Allocation Failure) 2019-01-02T11:12:19.894+0530: 807.797: [DefNew
Desired survivor size 32768 bytes, new threshold 15 (max 15)
- age   1:         24 bytes,         24 total
- age   4:        184 bytes,        208 total
- age  10:         16 bytes,        224 total
: 427K->0K(960K), 0.0002617 secs] 6894K->6466K(10176K), 0.0003444 secs] [Times: user=0.00 sys=0.00, real=0.00 secs] 
2019-01-02T11:12:19.894+0530: 807.798: [GC (Allocation Failure) 2019-01-02T11:12:19.894+0530: 807.798: [DefNew
Desired survivor size 32768 bytes, new threshold 15 (max 15)
- age   2:         24 bytes,         24 total
- age   5:        184 bytes,        208 total
- age  11:         16 bytes,        224 total
: 484K->0K(960K), 0.0003467 secs] 6950K->6950K(10176K), 0.0004185 secs] [Times: user=0.00 sys=0.00, real=0.00 secs] 
2019-01-02T11:12:19.895+0530: 807.799: [GC (Allocation Failure) 2019-01-02T11:12:19.895+0530: 807.799: [DefNew
Desired survivor size 32768 bytes, new threshold 15 (max 15)
- age   1:         24 bytes,         24 total
- age   6:         72 bytes,         96 total
- age  12:         16 bytes,        112 total
: 502K->0K(960K), 0.0003518 secs] 7452K->7434K(10176K), 0.0004248 secs] [Times: user=0.00 sys=0.00, real=0.00 secs] 
2019-01-02T11:12:19.948+0530: 807.852: [GC (Allocation Failure) 2019-01-02T11:12:19.949+0530: 807.852: [DefNew
Desired survivor size 32768 bytes, new threshold 15 (max 15)
- age   1:        248 bytes,        248 total
- age   7:         16 bytes,        264 total
- age  13:         16 bytes,        280 total
: 839K->0K(960K), 0.0008883 secs] 8274K->7507K(10176K), 0.0012435 secs] [Times: user=0.00 sys=0.00, real=0.00 secs] 
2019-01-02T11:12:19.952+0530: 807.856: [GC (Allocation Failure) 2019-01-02T11:12:19.952+0530: 807.856: [DefNew
Desired survivor size 32768 bytes, new threshold 15 (max 15)
- age   2:        184 bytes,        184 total
- age   8:         16 bytes,        200 total
- age  14:         16 bytes,        216 total
: 896K->0K(960K), 0.0011996 secs] 8403K->7794K(10176K), 0.0016381 secs] [Times: user=0.00 sys=0.00, real=0.00 secs] 
2019-01-02T11:12:19.955+0530: 807.859: [GC (Allocation Failure) 2019-01-02T11:12:19.956+0530: 807.859: [DefNew
Desired survivor size 32768 bytes, new threshold 15 (max 15)
- age   1:         40 bytes,         40 total
- age   3:        184 bytes,        224 total
- age   9:         16 bytes,        240 total
- age  15:         16 bytes,        256 total
: 896K->0K(960K), 0.0009242 secs] 8690K->8371K(10176K), 0.0010924 secs] [Times: user=0.00 sys=0.00, real=0.00 secs] 
2019-01-02T11:12:19.958+0530: 807.861: [GC (Allocation Failure) 2019-01-02T11:12:19.958+0530: 807.861: [DefNew
Desired survivor size 32768 bytes, new threshold 15 (max 15)
- age   1:         24 bytes,         24 total
- age   4:        184 bytes,        208 total
- age  10:         16 bytes,        224 total
: 428K->0K(960K), 0.0003558 secs] 8799K->8371K(10176K), 0.0004613 secs] [Times: user=0.00 sys=0.00, real=0.00 secs] 
2019-01-02T11:12:19.959+0530: 807.862: [GC (Allocation Failure) 2019-01-02T11:12:19.959+0530: 807.862: [DefNew
Desired survivor size 32768 bytes, new threshold 15 (max 15)
- age   2:         24 bytes,         24 total
- age   5:        184 bytes,        208 total
- age  11:         16 bytes,        224 total
: 484K->0K(960K), 0.0003335 secs] 8855K->8855K(10176K), 0.0004054 secs] [Times: user=0.00 sys=0.00, real=0.00 secs] 
2019-01-02T11:12:19.959+0530: 807.863: [GC (Allocation Failure) 2019-01-02T11:12:19.959+0530: 807.863: [DefNew: 502K->502K(960K), 0.0000279 secs]2019-01-02T11:12:19.959+0530: 807.863: [Tenured: 8855K->1237K(9216K), 0.0036211 secs] 9357K->1237K(10176K), [Metaspace: 2520K->2520K(1056768K)], 0.0037705 secs] [Times: user=0.00 sys=0.00, real=0.00 secs] 
2019-01-02T11:12:20.022+0530: 807.925: [GC (Allocation Failure) 2019-01-02T11:12:20.022+0530: 807.925: [DefNew
Desired survivor size 32768 bytes, new threshold 15 (max 15)
- age   1:        248 bytes,        248 total
: 840K->0K(960K), 0.0014220 secs] 2077K->1793K(10176K), 0.0016780 secs] [Times: user=0.00 sys=0.00, real=0.00 secs] 
2019-01-02T11:12:20.025+0530: 807.928: [GC (Allocation Failure) 2019-01-02T11:12:20.025+0530: 807.928: [DefNew
Desired survivor size 32768 bytes, new threshold 15 (max 15)
- age   1:         40 bytes,         40 total
- age   2:        184 bytes,        224 total
: 896K->0K(960K), 0.0006426 secs] 2689K->2081K(10176K), 0.0007612 secs] [Times: user=0.00 sys=0.00, real=0.00 secs] 
2019-01-02T11:12:20.027+0530: 807.930: [GC (Allocation Failure) 2019-01-02T11:12:20.027+0530: 807.930: [DefNew
Desired survivor size 32768 bytes, new threshold 15 (max 15)
- age   1:         40 bytes,         40 total
- age   3:        184 bytes,        224 total
: 896K->0K(960K), 0.0009733 secs] 2977K->2657K(10176K), 0.0011523 secs] [Times: user=0.00 sys=0.00, real=0.00 secs] 
2019-01-02T11:12:20.029+0530: 807.932: [GC (Allocation Failure) 2019-01-02T11:12:20.029+0530: 807.933: [DefNew
Desired survivor size 32768 bytes, new threshold 15 (max 15)
- age   1:         24 bytes,         24 total
- age   4:        184 bytes,        208 total
: 427K->0K(960K), 0.0002429 secs] 3085K->2657K(10176K), 0.0003142 secs] [Times: user=0.00 sys=0.00, real=0.00 secs] 
2019-01-02T11:12:20.030+0530: 807.933: [GC (Allocation Failure) 2019-01-02T11:12:20.030+0530: 807.933: [DefNew
Desired survivor size 32768 bytes, new threshold 15 (max 15)
- age   2:         24 bytes,         24 total
- age   5:        184 bytes,        208 total
: 484K->0K(960K), 0.0003079 secs] 3142K->3142K(10176K), 0.0003900 secs] [Times: user=0.00 sys=0.00, real=0.00 secs] 
2019-01-02T11:12:20.030+0530: 807.934: [GC (Allocation Failure) 2019-01-02T11:12:20.030+0530: 807.934: [DefNew
Desired survivor size 32768 bytes, new threshold 15 (max 15)
- age   1:         24 bytes,         24 total
- age   6:         72 bytes,         96 total
: 502K->0K(960K), 0.0003170 secs] 3644K->3626K(10176K), 0.0003900 secs] [Times: user=0.00 sys=0.00, real=0.00 secs] 
2019-01-02T11:12:20.084+0530: 807.987: [GC (Allocation Failure) 2019-01-02T11:12:20.084+0530: 807.987: [DefNew
Desired survivor size 32768 bytes, new threshold 15 (max 15)
- age   1:        248 bytes,        248 total
- age   7:         16 bytes,        264 total
: 839K->0K(960K), 0.0011905 secs] 4465K->3698K(10176K), 0.0015617 secs] [Times: user=0.00 sys=0.00, real=0.00 secs] 
2019-01-02T11:12:20.087+0530: 807.990: [GC (Allocation Failure) 2019-01-02T11:12:20.087+0530: 807.991: [DefNew
Desired survivor size 32768 bytes, new threshold 15 (max 15)
- age   2:        184 bytes,        184 total
- age   8:         16 bytes,        200 total
: 896K->0K(960K), 0.0003598 secs] 4594K->3986K(10176K), 0.0004578 secs] [Times: user=0.00 sys=0.00, real=0.00 secs] 
2019-01-02T11:12:20.089+0530: 807.992: [GC (Allocation Failure) 2019-01-02T11:12:20.089+0530: 807.992: [DefNew
Desired survivor size 32768 bytes, new threshold 15 (max 15)
- age   1:         40 bytes,         40 total
- age   3:        184 bytes,        224 total
- age   9:         16 bytes,        240 total
: 896K->0K(960K), 0.0006939 secs] 4882K->4562K(10176K), 0.0008587 secs] [Times: user=0.00 sys=0.00, real=0.00 secs] 
2019-01-02T11:12:20.091+0530: 807.994: [GC (Allocation Failure) 2019-01-02T11:12:20.091+0530: 807.995: [DefNew
Desired survivor size 32768 bytes, new threshold 15 (max 15)
- age   1:         24 bytes,         24 total
- age   4:        184 bytes,        208 total
- age  10:         16 bytes,        224 total
: 428K->0K(960K), 0.0007555 secs] 4991K->4562K(10176K), 0.0009373 secs] [Times: user=0.00 sys=0.02, real=0.00 secs] 
2019-01-02T11:12:20.093+0530: 807.996: [GC (Allocation Failure) 2019-01-02T11:12:20.093+0530: 807.996: [DefNew
Desired survivor size 32768 bytes, new threshold 15 (max 15)
- age   2:         24 bytes,         24 total
- age   5:        184 bytes,        208 total
- age  11:         16 bytes,        224 total
: 484K->0K(960K), 0.0010274 secs] 5046K->5046K(10176K), 0.0011318 secs] [Times: user=0.00 sys=0.00, real=0.00 secs] 
2019-01-02T11:12:20.094+0530: 807.998: [GC (Allocation Failure) 2019-01-02T11:12:20.094+0530: 807.998: [DefNew
Desired survivor size 32768 bytes, new threshold 15 (max 15)
- age   1:         24 bytes,         24 total
- age   6:         72 bytes,         96 total
- age  12:         16 bytes,        112 total
: 502K->0K(960K), 0.0003444 secs] 5548K->5530K(10176K), 0.0004356 secs] [Times: user=0.00 sys=0.00, real=0.00 secs] 
2019-01-02T11:12:20.150+0530: 808.053: [GC (Allocation Failure) 2019-01-02T11:12:20.150+0530: 808.054: [DefNew
Desired survivor size 32768 bytes, new threshold 15 (max 15)
- age   1:        248 bytes,        248 total
- age   7:         16 bytes,        264 total
- age  13:         16 bytes,        280 total
: 840K->0K(960K), 0.0010480 secs] 6370K->5603K(10176K), 0.0015041 secs] [Times: user=0.00 sys=0.00, real=0.00 secs] 
2019-01-02T11:12:20.153+0530: 808.057: [GC (Allocation Failure) 2019-01-02T11:12:20.153+0530: 808.057: [DefNew
Desired survivor size 32768 bytes, new threshold 15 (max 15)
- age   1:         40 bytes,         40 total
- age   2:        184 bytes,        224 total
- age   8:         16 bytes,        240 total
- age  14:         16 bytes,        256 total
: 896K->0K(960K), 0.0005884 secs] 6499K->5891K(10176K), 0.0007298 secs] [Times: user=0.02 sys=0.00, real=0.00 secs] 
2019-01-02T11:12:20.155+0530: 808.059: [GC (Allocation Failure) 2019-01-02T11:12:20.155+0530: 808.059: [DefNew
Desired survivor size 32768 bytes, new threshold 15 (max 15)
- age   1:         40 bytes,         40 total
- age   3:        184 bytes,        224 total
- age   9:         16 bytes,        240 total
- age  15:         16 bytes,        256 total
: 896K->0K(960K), 0.0010611 secs] 6787K->6467K(10176K), 0.0011996 secs] [Times: user=0.00 sys=0.00, real=0.00 secs] 
2019-01-02T11:12:20.158+0530: 808.061: [GC (Allocation Failure) 2019-01-02T11:12:20.158+0530: 808.062: [DefNew
Desired survivor size 32768 bytes, new threshold 15 (max 15)
- age   1:         24 bytes,         24 total
- age   4:        184 bytes,        208 total
- age  10:         16 bytes,        224 total
: 427K->0K(960K), 0.0003871 secs] 6894K->6467K(10176K), 0.0005456 secs] [Times: user=0.00 sys=0.00, real=0.00 secs] 
2019-01-02T11:12:20.159+0530: 808.062: [GC (Allocation Failure) 2019-01-02T11:12:20.159+0530: 808.062: [DefNew
Desired survivor size 32768 bytes, new threshold 15 (max 15)
- age   2:         24 bytes,         24 total
- age   5:        184 bytes,        208 total
- age  11:         16 bytes,        224 total
: 484K->0K(960K), 0.0003524 secs] 6951K->6951K(10176K), 0.0004213 secs] [Times: user=0.00 sys=0.00, real=0.00 secs] 
2019-01-02T11:12:20.160+0530: 808.063: [GC (Allocation Failure) 2019-01-02T11:12:20.160+0530: 808.063: [DefNew
Desired survivor size 32768 bytes, new threshold 15 (max 15)
- age   1:         24 bytes,         24 total
- age   6:         72 bytes,         96 total
- age  12:         16 bytes,        112 total
: 502K->0K(960K), 0.0003170 secs] 7453K->7435K(10176K), 0.0003900 secs] [Times: user=0.00 sys=0.00, real=0.00 secs] 
2019-01-02T11:12:20.217+0530: 808.120: [GC (Allocation Failure) 2019-01-02T11:12:20.217+0530: 808.121: [DefNew
Desired survivor size 32768 bytes, new threshold 15 (max 15)
- age   1:        248 bytes,        248 total
- age   7:         16 bytes,        264 total
- age  13:         16 bytes,        280 total
: 839K->0K(960K), 0.0011238 secs] 8275K->7507K(10176K), 0.0014322 secs] [Times: user=0.00 sys=0.00, real=0.00 secs] 
2019-01-02T11:12:20.220+0530: 808.124: [GC (Allocation Failure) 2019-01-02T11:12:20.220+0530: 808.124: [DefNew
Desired survivor size 32768 bytes, new threshold 15 (max 15)
- age   2:        184 bytes,        184 total
- age   8:         16 bytes,        200 total
- age  14:         16 bytes,        216 total
: 896K->0K(960K), 0.0015166 secs] 8403K->7795K(10176K), 0.0017612 secs] [Times: user=0.00 sys=0.00, real=0.00 secs] 
2019-01-02T11:12:20.224+0530: 808.127: [GC (Allocation Failure) 2019-01-02T11:12:20.224+0530: 808.127: [DefNew
Desired survivor size 32768 bytes, new threshold 15 (max 15)
- age   1:         40 bytes,         40 total
- age   3:        184 bytes,        224 total
- age   9:         16 bytes,        240 total
- age  15:         16 bytes,        256 total
: 896K->0K(960K), 0.0007173 secs] 8691K->8371K(10176K), 0.0008398 secs] [Times: user=0.00 sys=0.00, real=0.00 secs] 
2019-01-02T11:12:20.226+0530: 808.129: [GC (Allocation Failure) 2019-01-02T11:12:20.226+0530: 808.129: [DefNew
Desired survivor size 32768 bytes, new threshold 15 (max 15)
- age   1:         24 bytes,         24 total
- age   4:        184 bytes,        208 total
- age  10:         16 bytes,        224 total
: 428K->0K(960K), 0.0002931 secs] 8800K->8371K(10176K), 0.0003609 secs] [Times: user=0.00 sys=0.00, real=0.00 secs] 
2019-01-02T11:12:20.227+0530: 808.130: [GC (Allocation Failure) 2019-01-02T11:12:20.227+0530: 808.130: [DefNew
Desired survivor size 32768 bytes, new threshold 15 (max 15)
- age   2:         24 bytes,         24 total
- age   5:        184 bytes,        208 total
- age  11:         16 bytes,        224 total
: 484K->0K(960K), 0.0003757 secs] 8856K->8856K(10176K), 0.0004396 secs] [Times: user=0.00 sys=0.00, real=0.00 secs] 
2019-01-02T11:12:20.227+0530: 808.131: [GC (Allocation Failure) 2019-01-02T11:12:20.227+0530: 808.131: [DefNew: 502K->502K(960K), 0.0000262 secs]2019-01-02T11:12:20.228+0530: 808.131: [Tenured: 8855K->1237K(9216K), 0.0036866 secs] 9358K->1237K(10176K), [Metaspace: 2520K->2520K(1056768K)], 0.0038166 secs] [Times: user=0.00 sys=0.00, real=0.00 secs] 
2019-01-02T11:12:20.286+0530: 808.189: [GC (Allocation Failure) 2019-01-02T11:12:20.286+0530: 808.190: [DefNew
Desired survivor size 32768 bytes, new threshold 15 (max 15)
- age   1:        248 bytes,        248 total
: 840K->0K(960K), 0.0012983 secs] 2077K->1794K(10176K), 0.0017464 secs] [Times: user=0.00 sys=0.00, real=0.00 secs] 
2019-01-02T11:12:20.290+0530: 808.193: [GC (Allocation Failure) 2019-01-02T11:12:20.290+0530: 808.193: [DefNew
Desired survivor size 32768 bytes, new threshold 15 (max 15)
- age   1:         40 bytes,         40 total
- age   2:        184 bytes,        224 total
: 896K->0K(960K), 0.0010257 secs] 2690K->2082K(10176K), 0.0012219 secs] [Times: user=0.00 sys=0.00, real=0.00 secs] 
2019-01-02T11:12:20.292+0530: 808.196: [GC (Allocation Failure) 2019-01-02T11:12:20.293+0530: 808.196: [DefNew
Desired survivor size 32768 bytes, new threshold 15 (max 15)
- age   1:         40 bytes,         40 total
- age   3:        184 bytes,        224 total
: 896K->0K(960K), 0.0008581 secs] 2978K->2658K(10176K), 0.0010274 secs] [Times: user=0.00 sys=0.00, real=0.00 secs] 
2019-01-02T11:12:20.295+0530: 808.199: [GC (Allocation Failure) 2019-01-02T11:12:20.295+0530: 808.199: [DefNew
Desired survivor size 32768 bytes, new threshold 15 (max 15)
- age   1:         24 bytes,         24 total
- age   4:        184 bytes,        208 total
: 427K->0K(960K), 0.0005149 secs] 3085K->2658K(10176K), 0.0006443 secs] [Times: user=0.00 sys=0.00, real=0.00 secs] 
2019-01-02T11:12:20.296+0530: 808.200: [GC (Allocation Failure) 2019-01-02T11:12:20.296+0530: 808.200: [DefNew
Desired survivor size 32768 bytes, new threshold 15 (max 15)
- age   2:         24 bytes,         24 total
- age   5:        184 bytes,        208 total
: 484K->0K(960K), 0.0003296 secs] 3142K->3142K(10176K), 0.0004014 secs] [Times: user=0.00 sys=0.00, real=0.00 secs] 
2019-01-02T11:12:20.297+0530: 808.200: [GC (Allocation Failure) 2019-01-02T11:12:20.297+0530: 808.200: [DefNew
Desired survivor size 32768 bytes, new threshold 15 (max 15)
- age   1:         24 bytes,         24 total
- age   6:         72 bytes,         96 total
: 502K->0K(960K), 0.0003033 secs] 3644K->3626K(10176K), 0.0003735 secs] [Times: user=0.00 sys=0.00, real=0.00 secs] 
2019-01-02T11:12:20.351+0530: 808.254: [GC (Allocation Failure) 2019-01-02T11:12:20.351+0530: 808.255: [DefNew
Desired survivor size 32768 bytes, new threshold 15 (max 15)
- age   1:        248 bytes,        248 total
- age   7:         16 bytes,        264 total
: 839K->0K(960K), 0.0007771 secs] 4466K->3698K(10176K), 0.0012179 secs] [Times: user=0.00 sys=0.00, real=0.00 secs] 
2019-01-02T11:12:20.354+0530: 808.258: [GC (Allocation Failure) 2019-01-02T11:12:20.354+0530: 808.258: [DefNew
Desired survivor size 32768 bytes, new threshold 15 (max 15)
- age   2:        184 bytes,        184 total
- age   8:         16 bytes,        200 total
: 896K->0K(960K), 0.0009487 secs] 4594K->3986K(10176K), 0.0012224 secs] [Times: user=0.00 sys=0.00, real=0.00 secs] 
2019-01-02T11:12:20.357+0530: 808.261: [GC (Allocation Failure) 2019-01-02T11:12:20.357+0530: 808.261: [DefNew
Desired survivor size 32768 bytes, new threshold 15 (max 15)
- age   1:         40 bytes,         40 total
- age   3:        184 bytes,        224 total
- age   9:         16 bytes,        240 total
: 896K->0K(960K), 0.0007366 secs] 4882K->4562K(10176K), 0.0009487 secs] [Times: user=0.00 sys=0.00, real=0.00 secs] 
2019-01-02T11:12:20.359+0530: 808.263: [GC (Allocation Failure) 2019-01-02T11:12:20.359+0530: 808.263: [DefNew
Desired survivor size 32768 bytes, new threshold 15 (max 15)
- age   1:         24 bytes,         24 total
- age   4:        184 bytes,        208 total
- age  10:         16 bytes,        224 total
: 428K->0K(960K), 0.0006477 secs] 4991K->4562K(10176K), 0.0008039 secs] [Times: user=0.00 sys=0.00, real=0.00 secs] 
2019-01-02T11:12:20.361+0530: 808.264: [GC (Allocation Failure) 2019-01-02T11:12:20.361+0530: 808.265: [DefNew
Desired survivor size 32768 bytes, new threshold 15 (max 15)
- age   2:         24 bytes,         24 total
- age   5:        184 bytes,        208 total
- age  11:         16 bytes,        224 total
: 484K->0K(960K), 0.0007697 secs] 5047K->5047K(10176K), 0.0009305 secs] [Times: user=0.00 sys=0.00, real=0.00 secs] 
2019-01-02T11:12:20.362+0530: 808.266: [GC (Allocation Failure) 2019-01-02T11:12:20.362+0530: 808.266: [DefNew
Desired survivor size 32768 bytes, new threshold 15 (max 15)
- age   1:         24 bytes,         24 total
- age   6:         72 bytes,         96 total
- age  12:         16 bytes,        112 total
: 502K->0K(960K), 0.0003569 secs] 5549K->5531K(10176K), 0.0004413 secs] [Times: user=0.00 sys=0.00, real=0.00 secs] 
2019-01-02T11:12:20.417+0530: 808.321: [GC (Allocation Failure) 2019-01-02T11:12:20.417+0530: 808.321: [DefNew
Desired survivor size 32768 bytes, new threshold 15 (max 15)
- age   1:        248 bytes,        248 total
- age   7:         16 bytes,        264 total
- age  13:         16 bytes,        280 total
: 840K->0K(960K), 0.0006796 secs] 6371K->5603K(10176K), 0.0009761 secs] [Times: user=0.00 sys=0.00, real=0.00 secs] 
2019-01-02T11:12:20.420+0530: 808.323: [GC (Allocation Failure) 2019-01-02T11:12:20.420+0530: 808.324: [DefNew
Desired survivor size 32768 bytes, new threshold 15 (max 15)
- age   1:         40 bytes,         40 total
- age   2:        184 bytes,        224 total
- age   8:         16 bytes,        240 total
- age  14:         16 bytes,        256 total
: 896K->0K(960K), 0.0011637 secs] 6499K->5891K(10176K), 0.0015389 secs] [Times: user=0.00 sys=0.00, real=0.00 secs] 
2019-01-02T11:12:20.423+0530: 808.327: [GC (Allocation Failure) 2019-01-02T11:12:20.423+0530: 808.327: [DefNew
Desired survivor size 32768 bytes, new threshold 15 (max 15)
- age   1:         40 bytes,         40 total
- age   3:        184 bytes,        224 total
- age   9:         16 bytes,        240 total
- age  15:         16 bytes,        256 total
: 896K->0K(960K), 0.0010742 secs] 6787K->6467K(10176K), 0.0012948 secs] [Times: user=0.00 sys=0.00, real=0.00 secs] 
2019-01-02T11:12:20.426+0530: 808.329: [GC (Allocation Failure) 2019-01-02T11:12:20.426+0530: 808.329: [DefNew
Desired survivor size 32768 bytes, new threshold 15 (max 15)
- age   1:         24 bytes,         24 total
- age   4:        184 bytes,        208 total
- age  10:         16 bytes,        224 total
: 427K->0K(960K), 0.0003649 secs] 6895K->6467K(10176K), 0.0004715 secs] [Times: user=0.00 sys=0.00, real=0.00 secs] 
2019-01-02T11:12:20.427+0530: 808.331: [GC (Allocation Failure) 2019-01-02T11:12:20.427+0530: 808.331: [DefNew
Desired survivor size 32768 bytes, new threshold 15 (max 15)
- age   2:         24 bytes,         24 total
- age   5:        184 bytes,        208 total
- age  11:         16 bytes,        224 total
: 484K->0K(960K), 0.0004213 secs] 6952K->6952K(10176K), 0.0005160 secs] [Times: user=0.00 sys=0.00, real=0.00 secs] 
2019-01-02T11:12:20.428+0530: 808.332: [GC (Allocation Failure) 2019-01-02T11:12:20.428+0530: 808.332: [DefNew
Desired survivor size 32768 bytes, new threshold 15 (max 15)
- age   1:         24 bytes,         24 total
- age   6:         72 bytes,         96 total
- age  12:         16 bytes,        112 total
: 502K->0K(960K), 0.0003278 secs] 7454K->7436K(10176K), 0.0004008 secs] [Times: user=0.00 sys=0.00, real=0.00 secs] 
2019-01-02T11:12:20.486+0530: 808.389: [GC (Allocation Failure) 2019-01-02T11:12:20.486+0530: 808.389: [DefNew
Desired survivor size 32768 bytes, new threshold 15 (max 15)
- age   1:        248 bytes,        248 total
- age   7:         16 bytes,        264 total
- age  13:         16 bytes,        280 total
: 839K->0K(960K), 0.0006426 secs] 8276K->7508K(10176K), 0.0009031 secs] [Times: user=0.00 sys=0.00, real=0.00 secs] 
2019-01-02T11:12:20.489+0530: 808.392: [GC (Allocation Failure) 2019-01-02T11:12:20.489+0530: 808.393: [DefNew
Desired survivor size 32768 bytes, new threshold 15 (max 15)
- age   2:        184 bytes,        184 total
- age   8:         16 bytes,        200 total
- age  14:         16 bytes,        216 total
: 896K->0K(960K), 0.0007121 secs] 8404K->7796K(10176K), 0.0010086 secs] [Times: user=0.00 sys=0.00, real=0.00 secs] 
2019-01-02T11:12:20.492+0530: 808.395: [GC (Allocation Failure) 2019-01-02T11:12:20.492+0530: 808.395: [DefNew
Desired survivor size 32768 bytes, new threshold 15 (max 15)
- age   1:         40 bytes,         40 total
- age   3:        184 bytes,        224 total
- age   9:         16 bytes,        240 total
- age  15:         16 bytes,        256 total
: 896K->0K(960K), 0.0007760 secs] 8692K->8372K(10176K), 0.0010046 secs] [Times: user=0.00 sys=0.00, real=0.00 secs] 
2019-01-02T11:12:20.494+0530: 808.397: [GC (Allocation Failure) 2019-01-02T11:12:20.494+0530: 808.398: [DefNew
Desired survivor size 32768 bytes, new threshold 15 (max 15)
- age   1:         24 bytes,         24 total
- age   4:        184 bytes,        208 total
- age  10:         16 bytes,        224 total
: 428K->0K(960K), 0.0006449 secs] 8801K->8372K(10176K), 0.0007920 secs] [Times: user=0.00 sys=0.00, real=0.00 secs] 
2019-01-02T11:12:20.496+0530: 808.399: [GC (Allocation Failure) 2019-01-02T11:12:20.496+0530: 808.399: [DefNew
Desired survivor size 32768 bytes, new threshold 15 (max 15)
- age   2:         24 bytes,         24 total
- age   5:        184 bytes,        208 total
- age  11:         16 bytes,        224 total
: 484K->0K(960K), 0.0006118 secs] 8856K->8856K(10176K), 0.0007931 secs] [Times: user=0.00 sys=0.00, real=0.00 secs] 
2019-01-02T11:12:20.497+0530: 808.400: [GC (Allocation Failure) 2019-01-02T11:12:20.497+0530: 808.400: [DefNew: 502K->502K(960K), 0.0000291 secs]2019-01-02T11:12:20.497+0530: 808.400: [Tenured: 8856K->1237K(9216K), 0.0037437 secs] 9359K->1237K(10176K), [Metaspace: 2520K->2520K(1056768K)], 0.0038970 secs] [Times: user=0.00 sys=0.00, real=0.00 secs] 
2019-01-02T11:12:20.556+0530: 808.459: [GC (Allocation Failure) 2019-01-02T11:12:20.556+0530: 808.459: [DefNew
Desired survivor size 32768 bytes, new threshold 15 (max 15)
- age   1:        248 bytes,        248 total
: 840K->0K(960K), 0.0013097 secs] 2077K->1794K(10176K), 0.0016677 secs] [Times: user=0.00 sys=0.00, real=0.00 secs] 
2019-01-02T11:12:20.559+0530: 808.462: [GC (Allocation Failure) 2019-01-02T11:12:20.559+0530: 808.462: [DefNew
Desired survivor size 32768 bytes, new threshold 15 (max 15)
- age   1:         40 bytes,         40 total
- age   2:        184 bytes,        224 total
: 896K->0K(960K), 0.0005713 secs] 2690K->2082K(10176K), 0.0007167 secs] [Times: user=0.01 sys=0.00, real=0.00 secs] 
2019-01-02T11:12:20.561+0530: 808.465: [GC (Allocation Failure) 2019-01-02T11:12:20.561+0530: 808.465: [DefNew
Desired survivor size 32768 bytes, new threshold 15 (max 15)
- age   1:         40 bytes,         40 total
- age   3:        184 bytes,        224 total
: 896K->0K(960K), 0.0008792 secs] 2978K->2658K(10176K), 0.0011352 secs] [Times: user=0.00 sys=0.00, real=0.00 secs] 
2019-01-02T11:12:20.564+0530: 808.467: [GC (Allocation Failure) 2019-01-02T11:12:20.564+0530: 808.467: [DefNew
Desired survivor size 32768 bytes, new threshold 15 (max 15)
- age   1:         24 bytes,         24 total
- age   4:        184 bytes,        208 total
: 427K->0K(960K), 0.0002560 secs] 3085K->2658K(10176K), 0.0003353 secs] [Times: user=0.00 sys=0.00, real=0.00 secs] 
2019-01-02T11:12:20.564+0530: 808.468: [GC (Allocation Failure) 2019-01-02T11:12:20.564+0530: 808.468: [DefNew
Desired survivor size 32768 bytes, new threshold 15 (max 15)
- age   2:         24 bytes,         24 total
- age   5:        184 bytes,        208 total
: 484K->0K(960K), 0.0003598 secs] 3142K->3142K(10176K), 0.0004442 secs] [Times: user=0.00 sys=0.00, real=0.00 secs] 
2019-01-02T11:12:20.565+0530: 808.469: [GC (Allocation Failure) 2019-01-02T11:12:20.565+0530: 808.469: [DefNew
Desired survivor size 32768 bytes, new threshold 15 (max 15)
- age   1:         24 bytes,         24 total
- age   6:         72 bytes,         96 total
: 502K->0K(960K), 0.0003575 secs] 3645K->3627K(10176K), 0.0004305 secs] [Times: user=0.00 sys=0.00, real=0.00 secs] 
2019-01-02T11:12:20.622+0530: 808.526: [GC (Allocation Failure) 2019-01-02T11:12:20.622+0530: 808.526: [DefNew
Desired survivor size 32768 bytes, new threshold 15 (max 15)
- age   1:        248 bytes,        248 total
- age   7:         16 bytes,        264 total
: 839K->0K(960K), 0.0010588 secs] 4466K->3699K(10176K), 0.0013091 secs] [Times: user=0.00 sys=0.00, real=0.00 secs] 
2019-01-02T11:12:20.625+0530: 808.528: [GC (Allocation Failure) 2019-01-02T11:12:20.625+0530: 808.529: [DefNew
Desired survivor size 32768 bytes, new threshold 15 (max 15)
- age   2:        184 bytes,        184 total
- age   8:         16 bytes,        200 total
: 896K->0K(960K), 0.0007697 secs] 4595K->3987K(10176K), 0.0009533 secs] [Times: user=0.00 sys=0.00, real=0.00 secs] 
2019-01-02T11:12:20.627+0530: 808.531: [GC (Allocation Failure) 2019-01-02T11:12:20.627+0530: 808.531: [DefNew
Desired survivor size 32768 bytes, new threshold 15 (max 15)
- age   1:         40 bytes,         40 total
- age   3:        184 bytes,        224 total
- age   9:         16 bytes,        240 total
: 896K->0K(960K), 0.0013633 secs] 4883K->4563K(10176K), 0.0015491 secs] [Times: user=0.00 sys=0.00, real=0.00 secs] 
2019-01-02T11:12:20.630+0530: 808.534: [GC (Allocation Failure) 2019-01-02T11:12:20.630+0530: 808.534: [DefNew
Desired survivor size 32768 bytes, new threshold 15 (max 15)
- age   1:         24 bytes,         24 total
- age   4:        184 bytes,        208 total
- age  10:         16 bytes,        224 total
: 428K->0K(960K), 0.0003410 secs] 4991K->4563K(10176K), 0.0004938 secs] [Times: user=0.00 sys=0.00, real=0.00 secs] 
2019-01-02T11:12:20.631+0530: 808.535: [GC (Allocation Failure) 2019-01-02T11:12:20.631+0530: 808.535: [DefNew
Desired survivor size 32768 bytes, new threshold 15 (max 15)
- age   2:         24 bytes,         24 total
- age   5:        184 bytes,        208 total
- age  11:         16 bytes,        224 total
: 484K->0K(960K), 0.0003535 secs] 5047K->5047K(10176K), 0.0004282 secs] [Times: user=0.00 sys=0.00, real=0.00 secs] 
2019-01-02T11:12:20.632+0530: 808.536: [GC (Allocation Failure) 2019-01-02T11:12:20.632+0530: 808.536: [DefNew
Desired survivor size 32768 bytes, new threshold 15 (max 15)
- age   1:         24 bytes,         24 total
- age   6:         72 bytes,         96 total
- age  12:         16 bytes,        112 total
: 502K->0K(960K), 0.0003227 secs] 5550K->5532K(10176K), 0.0003946 secs] [Times: user=0.00 sys=0.00, real=0.00 secs] 
2019-01-02T11:12:20.688+0530: 808.592: [GC (Allocation Failure) 2019-01-02T11:12:20.688+0530: 808.592: [DefNew
Desired survivor size 32768 bytes, new threshold 15 (max 15)
- age   1:        248 bytes,        248 total
- age   7:         16 bytes,        264 total
- age  13:         16 bytes,        280 total
: 840K->0K(960K), 0.0015121 secs] 6372K->5604K(10176K), 0.0016637 secs] [Times: user=0.00 sys=0.00, real=0.00 secs] 
2019-01-02T11:12:20.693+0530: 808.597: [GC (Allocation Failure) 2019-01-02T11:12:20.693+0530: 808.597: [DefNew
Desired survivor size 32768 bytes, new threshold 15 (max 15)
- age   1:         40 bytes,         40 total
- age   2:        184 bytes,        224 total
- age   8:         16 bytes,        240 total
- age  14:         16 bytes,        256 total
: 896K->0K(960K), 0.0005975 secs] 6500K->5892K(10176K), 0.0007897 secs] [Times: user=0.00 sys=0.00, real=0.00 secs] 
2019-01-02T11:12:20.695+0530: 808.599: [GC (Allocation Failure) 2019-01-02T11:12:20.695+0530: 808.599: [DefNew
Desired survivor size 32768 bytes, new threshold 15 (max 15)
- age   1:         40 bytes,         40 total
- age   3:        184 bytes,        224 total
- age   9:         16 bytes,        240 total
- age  15:         16 bytes,        256 total
: 896K->0K(960K), 0.0009288 secs] 6788K->6468K(10176K), 0.0010183 secs] [Times: user=0.00 sys=0.00, real=0.00 secs] 
2019-01-02T11:12:20.698+0530: 808.601: [GC (Allocation Failure) 2019-01-02T11:12:20.698+0530: 808.602: [DefNew
Desired survivor size 32768 bytes, new threshold 15 (max 15)
- age   1:         24 bytes,         24 total
- age   4:        184 bytes,        208 total
- age  10:         16 bytes,        224 total
: 427K->0K(960K), 0.0004316 secs] 6895K->6468K(10176K), 0.0005183 secs] [Times: user=0.00 sys=0.00, real=0.00 secs] 
2019-01-02T11:12:20.699+0530: 808.602: [GC (Allocation Failure) 2019-01-02T11:12:20.699+0530: 808.602: [DefNew
Desired survivor size 32768 bytes, new threshold 15 (max 15)
- age   2:         24 bytes,         24 total
- age   5:        184 bytes,        208 total
- age  11:         16 bytes,        224 total
: 484K->0K(960K), 0.0003102 secs] 6952K->6952K(10176K), 0.0003626 secs] [Times: user=0.00 sys=0.00, real=0.00 secs] 
2019-01-02T11:12:20.699+0530: 808.603: [GC (Allocation Failure) 2019-01-02T11:12:20.699+0530: 808.603: [DefNew
Desired survivor size 32768 bytes, new threshold 15 (max 15)
- age   1:         24 bytes,         24 total
- age   6:         72 bytes,         96 total
- age  12:         16 bytes,        112 total
: 502K->0K(960K), 0.0002976 secs] 7455K->7437K(10176K), 0.0003546 secs] [Times: user=0.00 sys=0.02, real=0.00 secs] 
2019-01-02T11:12:20.753+0530: 808.657: [GC (Allocation Failure) 2019-01-02T11:12:20.753+0530: 808.657: [DefNew
Desired survivor size 32768 bytes, new threshold 15 (max 15)
- age   1:        248 bytes,        248 total
- age   7:         16 bytes,        264 total
- age  13:         16 bytes,        280 total
: 839K->0K(960K), 0.0009938 secs] 8276K->7509K(10176K), 0.0013114 secs] [Times: user=0.00 sys=0.00, real=0.00 secs] 
2019-01-02T11:12:20.756+0530: 808.660: [GC (Allocation Failure) 2019-01-02T11:12:20.756+0530: 808.660: [DefNew
Desired survivor size 32768 bytes, new threshold 15 (max 15)
- age   2:        184 bytes,        184 total
- age   8:         16 bytes,        200 total
- age  14:         16 bytes,        216 total
: 896K->0K(960K), 0.0011107 secs] 8405K->7797K(10176K), 0.0012965 secs] [Times: user=0.00 sys=0.00, real=0.00 secs] 
2019-01-02T11:12:20.760+0530: 808.663: [GC (Allocation Failure) 2019-01-02T11:12:20.760+0530: 808.663: [DefNew
Desired survivor size 32768 bytes, new threshold 15 (max 15)
- age   1:         40 bytes,         40 total
- age   3:        184 bytes,        224 total
- age   9:         16 bytes,        240 total
- age  15:         16 bytes,        256 total
: 896K->0K(960K), 0.0006517 secs] 8693K->8373K(10176K), 0.0007595 secs] [Times: user=0.00 sys=0.00, real=0.00 secs] 
2019-01-02T11:12:20.761+0530: 808.665: [GC (Allocation Failure) 2019-01-02T11:12:20.762+0530: 808.665: [DefNew
Desired survivor size 32768 bytes, new threshold 15 (max 15)
- age   1:         24 bytes,         24 total
- age   4:        184 bytes,        208 total
- age  10:         16 bytes,        224 total
: 428K->0K(960K), 0.0003204 secs] 8801K->8373K(10176K), 0.0003780 secs] [Times: user=0.00 sys=0.00, real=0.00 secs] 
2019-01-02T11:12:20.763+0530: 808.666: [GC (Allocation Failure) 2019-01-02T11:12:20.763+0530: 808.666: [DefNew
Desired survivor size 32768 bytes, new threshold 15 (max 15)
- age   2:         24 bytes,         24 total
- age   5:        184 bytes,        208 total
- age  11:         16 bytes,        224 total
: 484K->0K(960K), 0.0004282 secs] 8857K->8857K(10176K), 0.0004824 secs] [Times: user=0.00 sys=0.00, real=0.00 secs] 
2019-01-02T11:12:20.763+0530: 808.667: [GC (Allocation Failure) 2019-01-02T11:12:20.763+0530: 808.667: [DefNew: 502K->502K(960K), 0.0000228 secs]2019-01-02T11:12:20.764+0530: 808.667: [Tenured: 8857K->1237K(9216K), 0.0036125 secs] 9360K->1237K(10176K), [Metaspace: 2520K->2520K(1056768K)], 0.0037385 secs] [Times: user=0.00 sys=0.00, real=0.00 secs] 
2019-01-02T11:12:20.820+0530: 808.724: [GC (Allocation Failure) 2019-01-02T11:12:20.820+0530: 808.724: [DefNew
Desired survivor size 32768 bytes, new threshold 15 (max 15)
- age   1:        248 bytes,        248 total
: 840K->0K(960K), 0.0012886 secs] 2078K->1794K(10176K), 0.0015845 secs] [Times: user=0.00 sys=0.00, real=0.00 secs] 
2019-01-02T11:12:20.824+0530: 808.727: [GC (Allocation Failure) 2019-01-02T11:12:20.824+0530: 808.727: [DefNew
Desired survivor size 32768 bytes, new threshold 15 (max 15)
- age   1:         40 bytes,         40 total
- age   2:        184 bytes,        224 total
: 896K->0K(960K), 0.0013422 secs] 2690K->2082K(10176K), 0.0015856 secs] [Times: user=0.02 sys=0.00, real=0.00 secs] 
2019-01-02T11:12:20.827+0530: 808.731: [GC (Allocation Failure) 2019-01-02T11:12:20.827+0530: 808.731: [DefNew
Desired survivor size 32768 bytes, new threshold 15 (max 15)
- age   1:         40 bytes,         40 total
- age   3:        184 bytes,        224 total
: 896K->0K(960K), 0.0009681 secs] 2978K->2658K(10176K), 0.0010998 secs] [Times: user=0.00 sys=0.00, real=0.00 secs] 
2019-01-02T11:12:20.829+0530: 808.733: [GC (Allocation Failure) 2019-01-02T11:12:20.829+0530: 808.733: [DefNew
Desired survivor size 32768 bytes, new threshold 15 (max 15)
- age   1:         24 bytes,         24 total
- age   4:        184 bytes,        208 total
: 427K->0K(960K), 0.0005422 secs] 3086K->2658K(10176K), 0.0006659 secs] [Times: user=0.00 sys=0.00, real=0.00 secs] 
2019-01-02T11:12:20.830+0530: 808.734: [GC (Allocation Failure) 2019-01-02T11:12:20.830+0530: 808.734: [DefNew
Desired survivor size 32768 bytes, new threshold 15 (max 15)
- age   2:         24 bytes,         24 total
- age   5:        184 bytes,        208 total
: 484K->0K(960K), 0.0003660 secs] 3143K->3143K(10176K), 0.0004442 secs] [Times: user=0.00 sys=0.00, real=0.00 secs] 
2019-01-02T11:12:20.831+0530: 808.735: [GC (Allocation Failure) 2019-01-02T11:12:20.831+0530: 808.735: [DefNew
Desired survivor size 32768 bytes, new threshold 15 (max 15)
- age   1:         24 bytes,         24 total
- age   6:         72 bytes,         96 total
: 502K->0K(960K), 0.0003073 secs] 3645K->3627K(10176K), 0.0003831 secs] [Times: user=0.00 sys=0.00, real=0.00 secs] 
2019-01-02T11:12:20.885+0530: 808.789: [GC (Allocation Failure) 2019-01-02T11:12:20.885+0530: 808.789: [DefNew
Desired survivor size 32768 bytes, new threshold 15 (max 15)
- age   1:        248 bytes,        248 total
- age   7:         16 bytes,        264 total
: 839K->0K(960K), 0.0005570 secs] 4467K->3699K(10176K), 0.0009613 secs] [Times: user=0.00 sys=0.00, real=0.00 secs] 
2019-01-02T11:12:20.888+0530: 808.792: [GC (Allocation Failure) 2019-01-02T11:12:20.888+0530: 808.792: [DefNew
Desired survivor size 32768 bytes, new threshold 15 (max 15)
- age   2:        184 bytes,        184 total
- age   8:         16 bytes,        200 total
: 896K->0K(960K), 0.0009242 secs] 4595K->3987K(10176K), 0.0011226 secs] [Times: user=0.00 sys=0.00, real=0.00 secs] 
2019-01-02T11:12:20.891+0530: 808.794: [GC (Allocation Failure) 2019-01-02T11:12:20.891+0530: 808.795: [DefNew
Desired survivor size 32768 bytes, new threshold 15 (max 15)
- age   1:         40 bytes,         40 total
- age   3:        184 bytes,        224 total
- age   9:         16 bytes,        240 total
: 896K->0K(960K), 0.0005873 secs] 4883K->4563K(10176K), 0.0008815 secs] [Times: user=0.00 sys=0.00, real=0.00 secs] 
2019-01-02T11:12:20.893+0530: 808.796: [GC (Allocation Failure) 2019-01-02T11:12:20.893+0530: 808.796: [DefNew
Desired survivor size 32768 bytes, new threshold 15 (max 15)
- age   1:         24 bytes,         24 total
- age   4:        184 bytes,        208 total
- age  10:         16 bytes,        224 total
: 428K->0K(960K), 0.0004920 secs] 4992K->4563K(10176K), 0.0005975 secs] [Times: user=0.00 sys=0.00, real=0.00 secs] 
2019-01-02T11:12:20.894+0530: 808.798: [GC (Allocation Failure) 2019-01-02T11:12:20.894+0530: 808.798: [DefNew
Desired survivor size 32768 bytes, new threshold 15 (max 15)
- age   2:         24 bytes,         24 total
- age   5:        184 bytes,        208 total
- age  11:         16 bytes,        224 total
: 484K->0K(960K), 0.0008421 secs] 5048K->5048K(10176K), 0.0009334 secs] [Times: user=0.00 sys=0.00, real=0.00 secs] 
2019-01-02T11:12:20.895+0530: 808.799: [GC (Allocation Failure) 2019-01-02T11:12:20.895+0530: 808.799: [DefNew
Desired survivor size 32768 bytes, new threshold 15 (max 15)
- age   1:         24 bytes,         24 total
- age   6:         72 bytes,         96 total
- age  12:         16 bytes,        112 total
: 502K->0K(960K), 0.0003335 secs] 5550K->5532K(10176K), 0.0004048 secs] [Times: user=0.00 sys=0.00, real=0.00 secs] 
2019-01-02T11:12:20.947+0530: 808.850: [GC (Allocation Failure) 2019-01-02T11:12:20.947+0530: 808.851: [DefNew
Desired survivor size 32768 bytes, new threshold 15 (max 15)
- age   1:        248 bytes,        248 total
- age   7:         16 bytes,        264 total
- age  13:         16 bytes,        280 total
: 840K->0K(960K), 0.0009351 secs] 6372K->5604K(10176K), 0.0012412 secs] [Times: user=0.00 sys=0.00, real=0.00 secs] 
2019-01-02T11:12:20.950+0530: 808.854: [GC (Allocation Failure) 2019-01-02T11:12:20.950+0530: 808.854: [DefNew
Desired survivor size 32768 bytes, new threshold 15 (max 15)
- age   1:         40 bytes,         40 total
- age   2:        184 bytes,        224 total
- age   8:         16 bytes,        240 total
- age  14:         16 bytes,        256 total
: 896K->0K(960K), 0.0008609 secs] 6500K->5892K(10176K), 0.0011534 secs] [Times: user=0.00 sys=0.00, real=0.00 secs] 
2019-01-02T11:12:20.953+0530: 808.857: [GC (Allocation Failure) 2019-01-02T11:12:20.953+0530: 808.857: [DefNew
Desired survivor size 32768 bytes, new threshold 15 (max 15)
- age   1:         40 bytes,         40 total
- age   3:        184 bytes,        224 total
- age   9:         16 bytes,        240 total
- age  15:         16 bytes,        256 total
: 896K->0K(960K), 0.0014607 secs] 6788K->6468K(10176K), 0.0016472 secs] [Times: user=0.00 sys=0.00, real=0.00 secs] 
2019-01-02T11:12:20.956+0530: 808.859: [GC (Allocation Failure) 2019-01-02T11:12:20.956+0530: 808.859: [DefNew
Desired survivor size 32768 bytes, new threshold 15 (max 15)
- age   1:         24 bytes,         24 total
- age   4:        184 bytes,        208 total
- age  10:         16 bytes,        224 total
: 427K->0K(960K), 0.0002594 secs] 6896K->6468K(10176K), 0.0003341 secs] [Times: user=0.00 sys=0.00, real=0.00 secs] 
2019-01-02T11:12:20.957+0530: 808.860: [GC (Allocation Failure) 2019-01-02T11:12:20.957+0530: 808.860: [DefNew
Desired survivor size 32768 bytes, new threshold 15 (max 15)
- age   2:         24 bytes,         24 total
- age   5:        184 bytes,        208 total
- age  11:         16 bytes,        224 total
: 484K->0K(960K), 0.0012760 secs] 6953K->6953K(10176K), 0.0014961 secs] [Times: user=0.00 sys=0.00, real=0.00 secs] 
2019-01-02T11:12:20.958+0530: 808.862: [GC (Allocation Failure) 2019-01-02T11:12:20.958+0530: 808.862: [DefNew
Desired survivor size 32768 bytes, new threshold 15 (max 15)
- age   1:         24 bytes,         24 total
- age   6:         72 bytes,         96 total
- age  12:         16 bytes,        112 total
: 502K->0K(960K), 0.0004618 secs] 7455K->7437K(10176K), 0.0005673 secs] [Times: user=0.00 sys=0.00, real=0.00 secs] 
2019-01-02T11:12:21.013+0530: 808.917: [GC (Allocation Failure) 2019-01-02T11:12:21.014+0530: 808.917: [DefNew
Desired survivor size 32768 bytes, new threshold 15 (max 15)
- age   1:        248 bytes,        248 total
- age   7:         16 bytes,        264 total
- age  13:         16 bytes,        280 total
: 839K->0K(960K), 0.0010901 secs] 8277K->7510K(10176K), 0.0015565 secs] [Times: user=0.00 sys=0.00, real=0.00 secs] 
2019-01-02T11:12:21.017+0530: 808.920: [GC (Allocation Failure) 2019-01-02T11:12:21.017+0530: 808.920: [DefNew
Desired survivor size 32768 bytes, new threshold 15 (max 15)
- age   2:        184 bytes,        184 total
- age   8:         16 bytes,        200 total
- age  14:         16 bytes,        216 total
: 896K->0K(960K), 0.0010491 secs] 8406K->7797K(10176K), 0.0012806 secs] [Times: user=0.00 sys=0.00, real=0.00 secs] 
2019-01-02T11:12:21.019+0530: 808.923: [GC (Allocation Failure) 2019-01-02T11:12:21.019+0530: 808.923: [DefNew
Desired survivor size 32768 bytes, new threshold 15 (max 15)
- age   1:         40 bytes,         40 total
- age   3:        184 bytes,        224 total
- age   9:         16 bytes,        240 total
- age  15:         16 bytes,        256 total
: 896K->0K(960K), 0.0007121 secs] 8693K->8374K(10176K), 0.0009225 secs] [Times: user=0.00 sys=0.00, real=0.00 secs] 
2019-01-02T11:12:21.022+0530: 808.925: [GC (Allocation Failure) 2019-01-02T11:12:21.022+0530: 808.925: [DefNew
Desired survivor size 32768 bytes, new threshold 15 (max 15)
- age   1:         24 bytes,         24 total
- age   4:        184 bytes,        208 total
- age  10:         16 bytes,        224 total
: 428K->0K(960K), 0.0002532 secs] 8802K->8373K(10176K), 0.0003347 secs] [Times: user=0.00 sys=0.00, real=0.00 secs] 
2019-01-02T11:12:21.022+0530: 808.926: [GC (Allocation Failure) 2019-01-02T11:12:21.022+0530: 808.926: [DefNew
Desired survivor size 32768 bytes, new threshold 15 (max 15)
- age   2:         24 bytes,         24 total
- age   5:        184 bytes,        208 total
- age  11:         16 bytes,        224 total
: 484K->0K(960K), 0.0003461 secs] 8858K->8858K(10176K), 0.0004213 secs] [Times: user=0.00 sys=0.00, real=0.00 secs] 
2019-01-02T11:12:21.023+0530: 808.927: [GC (Allocation Failure) 2019-01-02T11:12:21.023+0530: 808.927: [DefNew: 502K->502K(960K), 0.0000257 secs]2019-01-02T11:12:21.023+0530: 808.927: [Tenured: 8858K->1238K(9216K), 0.0055191 secs] 9360K->1238K(10176K), [Metaspace: 2520K->2520K(1056768K)], 0.0056708 secs] [Times: user=0.02 sys=0.00, real=0.01 secs] 
2019-01-02T11:12:21.080+0530: 808.983: [GC (Allocation Failure) 2019-01-02T11:12:21.080+0530: 808.984: [DefNew
Desired survivor size 32768 bytes, new threshold 15 (max 15)
- age   1:        248 bytes,        248 total
: 840K->0K(960K), 0.0014482 secs] 2078K->1794K(10176K), 0.0017304 secs] [Times: user=0.00 sys=0.00, real=0.00 secs] 
2019-01-02T11:12:21.084+0530: 808.987: [GC (Allocation Failure) 2019-01-02T11:12:21.084+0530: 808.987: [DefNew
Desired survivor size 32768 bytes, new threshold 15 (max 15)
- age   1:         40 bytes,         40 total
- age   2:        184 bytes,        224 total
: 896K->0K(960K), 0.0013079 secs] 2690K->2082K(10176K), 0.0015525 secs] [Times: user=0.00 sys=0.00, real=0.00 secs] 
2019-01-02T11:12:21.087+0530: 808.990: [GC (Allocation Failure) 2019-01-02T11:12:21.087+0530: 808.990: [DefNew
Desired survivor size 32768 bytes, new threshold 15 (max 15)
- age   1:         40 bytes,         40 total
- age   3:        184 bytes,        224 total
: 896K->0K(960K), 0.0006853 secs] 2978K->2658K(10176K), 0.0008581 secs] [Times: user=0.00 sys=0.00, real=0.00 secs] 
2019-01-02T11:12:21.089+0530: 808.992: [GC (Allocation Failure) 2019-01-02T11:12:21.089+0530: 808.992: [DefNew
Desired survivor size 32768 bytes, new threshold 15 (max 15)
- age   1:         24 bytes,         24 total
- age   4:        184 bytes,        208 total
: 427K->0K(960K), 0.0002600 secs] 3086K->2658K(10176K), 0.0003398 secs] [Times: user=0.00 sys=0.00, real=0.00 secs] 
2019-01-02T11:12:21.089+0530: 808.993: [GC (Allocation Failure) 2019-01-02T11:12:21.089+0530: 808.993: [DefNew
Desired survivor size 32768 bytes, new threshold 15 (max 15)
- age   2:         24 bytes,         24 total
- age   5:        184 bytes,        208 total
: 484K->0K(960K), 0.0003370 secs] 3143K->3143K(10176K), 0.0004082 secs] [Times: user=0.00 sys=0.02, real=0.00 secs] 
2019-01-02T11:12:21.090+0530: 808.994: [GC (Allocation Failure) 2019-01-02T11:12:21.090+0530: 808.994: [DefNew
Desired survivor size 32768 bytes, new threshold 15 (max 15)
- age   1:         24 bytes,         24 total
- age   6:         72 bytes,         96 total
: 502K->0K(960K), 0.0005799 secs] 3645K->3627K(10176K), 0.0007754 secs] [Times: user=0.00 sys=0.00, real=0.00 secs] 
2019-01-02T11:12:21.144+0530: 809.048: [GC (Allocation Failure) 2019-01-02T11:12:21.145+0530: 809.048: [DefNew
Desired survivor size 32768 bytes, new threshold 15 (max 15)
- age   1:        248 bytes,        248 total
- age   7:         16 bytes,        264 total
: 839K->0K(960K), 0.0006295 secs] 4467K->3700K(10176K), 0.0009641 secs] [Times: user=0.00 sys=0.00, real=0.00 secs] 
2019-01-02T11:12:21.147+0530: 809.050: [GC (Allocation Failure) 2019-01-02T11:12:21.147+0530: 809.051: [DefNew
Desired survivor size 32768 bytes, new threshold 15 (max 15)
- age   2:        184 bytes,        184 total
- age   8:         16 bytes,        200 total
: 896K->0K(960K), 0.0008512 secs] 4596K->3988K(10176K), 0.0009590 secs] [Times: user=0.00 sys=0.00, real=0.00 secs] 
2019-01-02T11:12:21.149+0530: 809.053: [GC (Allocation Failure) 2019-01-02T11:12:21.150+0530: 809.053: [DefNew
Desired survivor size 32768 bytes, new threshold 15 (max 15)
- age   1:         40 bytes,         40 total
- age   3:        184 bytes,        224 total
- age   9:         16 bytes,        240 total
: 896K->0K(960K), 0.0008701 secs] 4884K->4564K(10176K), 0.0010508 secs] [Times: user=0.00 sys=0.00, real=0.00 secs] 
2019-01-02T11:12:21.152+0530: 809.056: [GC (Allocation Failure) 2019-01-02T11:12:21.152+0530: 809.056: [DefNew
Desired survivor size 32768 bytes, new threshold 15 (max 15)
- age   1:         24 bytes,         24 total
- age   4:        184 bytes,        208 total
- age  10:         16 bytes,        224 total
: 428K->0K(960K), 0.0002600 secs] 4992K->4564K(10176K), 0.0003370 secs] [Times: user=0.00 sys=0.00, real=0.00 secs] 
2019-01-02T11:12:21.153+0530: 809.056: [GC (Allocation Failure) 2019-01-02T11:12:21.153+0530: 809.056: [DefNew
Desired survivor size 32768 bytes, new threshold 15 (max 15)
- age   2:         24 bytes,         24 total
- age   5:        184 bytes,        208 total
- age  11:         16 bytes,        224 total
: 484K->0K(960K), 0.0003472 secs] 5048K->5048K(10176K), 0.0004179 secs] [Times: user=0.00 sys=0.00, real=0.00 secs] 
2019-01-02T11:12:21.154+0530: 809.057: [GC (Allocation Failure) 2019-01-02T11:12:21.154+0530: 809.057: [DefNew
Desired survivor size 32768 bytes, new threshold 15 (max 15)
- age   1:         24 bytes,         24 total
- age   6:         72 bytes,         96 total
- age  12:         16 bytes,        112 total
: 502K->0K(960K), 0.0003239 secs] 5551K->5533K(10176K), 0.0003957 secs] [Times: user=0.00 sys=0.00, real=0.00 secs] 
2019-01-02T11:12:21.215+0530: 809.119: [GC (Allocation Failure) 2019-01-02T11:12:21.215+0530: 809.119: [DefNew
Desired survivor size 32768 bytes, new threshold 15 (max 15)
- age   1:        248 bytes,        248 total
- age   7:         16 bytes,        264 total
- age  13:         16 bytes,        280 total
: 840K->0K(960K), 0.0009550 secs] 6373K->5605K(10176K), 0.0012070 secs] [Times: user=0.00 sys=0.00, real=0.00 secs] 
2019-01-02T11:12:21.218+0530: 809.122: [GC (Allocation Failure) 2019-01-02T11:12:21.218+0530: 809.122: [DefNew
Desired survivor size 32768 bytes, new threshold 15 (max 15)
- age   1:         40 bytes,         40 total
- age   2:        184 bytes,        224 total
- age   8:         16 bytes,        240 total
- age  14:         16 bytes,        256 total
: 896K->0K(960K), 0.0009818 secs] 6501K->5893K(10176K), 0.0011055 secs] [Times: user=0.00 sys=0.00, real=0.00 secs] 
2019-01-02T11:12:21.221+0530: 809.124: [GC (Allocation Failure) 2019-01-02T11:12:21.221+0530: 809.124: [DefNew
Desired survivor size 32768 bytes, new threshold 15 (max 15)
- age   1:         40 bytes,         40 total
- age   3:        184 bytes,        224 total
- age   9:         16 bytes,        240 total
- age  15:         16 bytes,        256 total
: 896K->0K(960K), 0.0003712 secs] 6789K->6469K(10176K), 0.0004407 secs] [Times: user=0.00 sys=0.00, real=0.00 secs] 
2019-01-02T11:12:21.222+0530: 809.126: [GC (Allocation Failure) 2019-01-02T11:12:21.222+0530: 809.126: [DefNew
Desired survivor size 32768 bytes, new threshold 15 (max 15)
- age   1:         24 bytes,         24 total
- age   4:        184 bytes,        208 total
- age  10:         16 bytes,        224 total
: 427K->0K(960K), 0.0002332 secs] 6896K->6469K(10176K), 0.0002936 secs] [Times: user=0.00 sys=0.00, real=0.00 secs] 
2019-01-02T11:12:21.223+0530: 809.126: [GC (Allocation Failure) 2019-01-02T11:12:21.223+0530: 809.126: [DefNew
Desired survivor size 32768 bytes, new threshold 15 (max 15)
- age   2:         24 bytes,         24 total
- age   5:        184 bytes,        208 total
- age  11:         16 bytes,        224 total
: 484K->0K(960K), 0.0003050 secs] 6953K->6953K(10176K), 0.0003552 secs] [Times: user=0.00 sys=0.00, real=0.00 secs] 
2019-01-02T11:12:21.223+0530: 809.127: [GC (Allocation Failure) 2019-01-02T11:12:21.223+0530: 809.127: [DefNew
Desired survivor size 32768 bytes, new threshold 15 (max 15)
- age   1:         24 bytes,         24 total
- age   6:         72 bytes,         96 total
- age  12:         16 bytes,        112 total
: 502K->0K(960K), 0.0002988 secs] 7456K->7438K(10176K), 0.0003501 secs] [Times: user=0.00 sys=0.00, real=0.00 secs] 
2019-01-02T11:12:21.280+0530: 809.183: [GC (Allocation Failure) 2019-01-02T11:12:21.280+0530: 809.183: [DefNew
Desired survivor size 32768 bytes, new threshold 15 (max 15)
- age   1:        248 bytes,        248 total
- age   7:         16 bytes,        264 total
- age  13:         16 bytes,        280 total
: 840K->0K(960K), 0.0009077 secs] 8278K->7510K(10176K), 0.0011403 secs] [Times: user=0.00 sys=0.00, real=0.00 secs] 
2019-01-02T11:12:21.283+0530: 809.186: [GC (Allocation Failure) 2019-01-02T11:12:21.283+0530: 809.186: [DefNew
Desired survivor size 32768 bytes, new threshold 15 (max 15)
- age   2:        184 bytes,        184 total
- age   8:         16 bytes,        200 total
- age  14:         16 bytes,        216 total
: 896K->0K(960K), 0.0006357 secs] 8406K->7798K(10176K), 0.0008997 secs] [Times: user=0.00 sys=0.00, real=0.00 secs] 
2019-01-02T11:12:21.285+0530: 809.189: [GC (Allocation Failure) 2019-01-02T11:12:21.285+0530: 809.189: [DefNew
Desired survivor size 32768 bytes, new threshold 15 (max 15)
- age   1:         40 bytes,         40 total
- age   3:        184 bytes,        224 total
- age   9:         16 bytes,        240 total
- age  15:         16 bytes,        256 total
: 896K->0K(960K), 0.0010964 secs] 8694K->8374K(10176K), 0.0012412 secs] [Times: user=0.00 sys=0.00, real=0.00 secs] 
2019-01-02T11:12:21.288+0530: 809.191: [GC (Allocation Failure) 2019-01-02T11:12:21.288+0530: 809.191: [DefNew
Desired survivor size 32768 bytes, new threshold 15 (max 15)
- age   1:         24 bytes,         24 total
- age   4:        184 bytes,        208 total
- age  10:         16 bytes,        224 total
: 428K->0K(960K), 0.0002571 secs] 8803K->8374K(10176K), 0.0003335 secs] [Times: user=0.00 sys=0.00, real=0.00 secs] 
2019-01-02T11:12:21.288+0530: 809.192: [GC (Allocation Failure) 2019-01-02T11:12:21.288+0530: 809.192: [DefNew
Desired survivor size 32768 bytes, new threshold 15 (max 15)
- age   2:         24 bytes,         24 total
- age   5:        184 bytes,        208 total
- age  11:         16 bytes,        224 total
: 484K->0K(960K), 0.0003370 secs] 8859K->8859K(10176K), 0.0004077 secs] [Times: user=0.00 sys=0.00, real=0.00 secs] 
2019-01-02T11:12:21.289+0530: 809.193: [GC (Allocation Failure) 2019-01-02T11:12:21.289+0530: 809.193: [DefNew: 502K->502K(960K), 0.0000279 secs]2019-01-02T11:12:21.289+0530: 809.193: [Tenured: 8859K->1238K(9216K), 0.0041428 secs] 9361K->1238K(10176K), [Metaspace: 2520K->2520K(1056768K)], 0.0043366 secs] [Times: user=0.01 sys=0.00, real=0.00 secs] 
2019-01-02T11:12:21.347+0530: 809.250: [GC (Allocation Failure) 2019-01-02T11:12:21.347+0530: 809.250: [DefNew
Desired survivor size 32768 bytes, new threshold 15 (max 15)
- age   1:        248 bytes,        248 total
: 840K->0K(960K), 0.0007429 secs] 2078K->1795K(10176K), 0.0008929 secs] [Times: user=0.00 sys=0.00, real=0.00 secs] 
2019-01-02T11:12:21.349+0530: 809.252: [GC (Allocation Failure) 2019-01-02T11:12:21.349+0530: 809.252: [DefNew
Desired survivor size 32768 bytes, new threshold 15 (max 15)
- age   1:         40 bytes,         40 total
- age   2:        184 bytes,        224 total
: 896K->0K(960K), 0.0008444 secs] 2691K->2083K(10176K), 0.0009453 secs] [Times: user=0.00 sys=0.00, real=0.00 secs] 
2019-01-02T11:12:21.352+0530: 809.255: [GC (Allocation Failure) 2019-01-02T11:12:21.352+0530: 809.255: [DefNew
Desired survivor size 32768 bytes, new threshold 15 (max 15)
- age   1:         40 bytes,         40 total
- age   3:        184 bytes,        224 total
: 896K->0K(960K), 0.0012652 secs] 2979K->2659K(10176K), 0.0014237 secs] [Times: user=0.00 sys=0.00, real=0.00 secs] 
2019-01-02T11:12:21.354+0530: 809.258: [GC (Allocation Failure) 2019-01-02T11:12:21.355+0530: 809.258: [DefNew
Desired survivor size 32768 bytes, new threshold 15 (max 15)
- age   1:         24 bytes,         24 total
- age   4:        184 bytes,        208 total
: 427K->0K(960K), 0.0003649 secs] 3086K->2659K(10176K), 0.0004863 secs] [Times: user=0.02 sys=0.00, real=0.00 secs] 
2019-01-02T11:12:21.355+0530: 809.259: [GC (Allocation Failure) 2019-01-02T11:12:21.355+0530: 809.259: [DefNew
Desired survivor size 32768 bytes, new threshold 15 (max 15)
- age   2:         24 bytes,         24 total
- age   5:        184 bytes,        208 total
: 484K->0K(960K), 0.0003341 secs] 3143K->3143K(10176K), 0.0003906 secs] [Times: user=0.00 sys=0.00, real=0.00 secs] 
2019-01-02T11:12:21.356+0530: 809.260: [GC (Allocation Failure) 2019-01-02T11:12:21.356+0530: 809.260: [DefNew
Desired survivor size 32768 bytes, new threshold 15 (max 15)
- age   1:         24 bytes,         24 total
- age   6:         72 bytes,         96 total
: 502K->0K(960K), 0.0003033 secs] 3646K->3628K(10176K), 0.0003541 secs] [Times: user=0.00 sys=0.00, real=0.00 secs] 
2019-01-02T11:12:21.410+0530: 809.314: [GC (Allocation Failure) 2019-01-02T11:12:21.411+0530: 809.314: [DefNew
Desired survivor size 32768 bytes, new threshold 15 (max 15)
- age   1:        248 bytes,        248 total
- age   7:         16 bytes,        264 total
: 840K->0K(960K), 0.0003324 secs] 4468K->3700K(10176K), 0.0007674 secs] [Times: user=0.00 sys=0.00, real=0.00 secs] 
2019-01-02T11:12:21.413+0530: 809.316: [GC (Allocation Failure) 2019-01-02T11:12:21.413+0530: 809.316: [DefNew
Desired survivor size 32768 bytes, new threshold 15 (max 15)
- age   2:        184 bytes,        184 total
- age   8:         16 bytes,        200 total
: 896K->0K(960K), 0.0006939 secs] 4596K->3988K(10176K), 0.0008028 secs] [Times: user=0.00 sys=0.00, real=0.00 secs] 
2019-01-02T11:12:21.415+0530: 809.318: [GC (Allocation Failure) 2019-01-02T11:12:21.415+0530: 809.319: [DefNew
Desired survivor size 32768 bytes, new threshold 15 (max 15)
- age   1:         40 bytes,         40 total
- age   3:        184 bytes,        224 total
- age   9:         16 bytes,        240 total
: 896K->0K(960K), 0.0010998 secs] 4884K->4564K(10176K), 0.0012834 secs] [Times: user=0.00 sys=0.00, real=0.00 secs] 
2019-01-02T11:12:21.418+0530: 809.321: [GC (Allocation Failure) 2019-01-02T11:12:21.418+0530: 809.321: [DefNew
Desired survivor size 32768 bytes, new threshold 15 (max 15)
- age   1:         24 bytes,         24 total
- age   4:        184 bytes,        208 total
- age  10:         16 bytes,        224 total
: 428K->0K(960K), 0.0002914 secs] 4993K->4564K(10176K), 0.0004288 secs] [Times: user=0.00 sys=0.00, real=0.00 secs] 
2019-01-02T11:12:21.419+0530: 809.323: [GC (Allocation Failure) 2019-01-02T11:12:21.419+0530: 809.323: [DefNew
Desired survivor size 32768 bytes, new threshold 15 (max 15)
- age   2:         24 bytes,         24 total
- age   5:        184 bytes,        208 total
- age  11:         16 bytes,        224 total
: 484K->0K(960K), 0.0003951 secs] 5049K->5049K(10176K), 0.0004801 secs] [Times: user=0.00 sys=0.00, real=0.00 secs] 
2019-01-02T11:12:21.420+0530: 809.324: [GC (Allocation Failure) 2019-01-02T11:12:21.420+0530: 809.324: [DefNew
Desired survivor size 32768 bytes, new threshold 15 (max 15)
- age   1:         24 bytes,         24 total
- age   6:         72 bytes,         96 total
- age  12:         16 bytes,        112 total
: 502K->0K(960K), 0.0003769 secs] 5551K->5533K(10176K), 0.0004487 secs] [Times: user=0.00 sys=0.00, real=0.00 secs] 
2019-01-02T11:12:21.482+0530: 809.386: [GC (Allocation Failure) 2019-01-02T11:12:21.482+0530: 809.386: [DefNew
Desired survivor size 32768 bytes, new threshold 15 (max 15)
- age   1:        248 bytes,        248 total
- age   7:         16 bytes,        264 total
- age  13:         16 bytes,        280 total
: 840K->0K(960K), 0.0005742 secs] 6374K->5605K(10176K), 0.0007309 secs] [Times: user=0.00 sys=0.00, real=0.00 secs] 
2019-01-02T11:12:21.484+0530: 809.388: [GC (Allocation Failure) 2019-01-02T11:12:21.484+0530: 809.388: [DefNew
Desired survivor size 32768 bytes, new threshold 15 (max 15)
- age   1:         40 bytes,         40 total
- age   2:        184 bytes,        224 total
- age   8:         16 bytes,        240 total
- age  14:         16 bytes,        256 total
: 896K->0K(960K), 0.0006175 secs] 6501K->5893K(10176K), 0.0007161 secs] [Times: user=0.00 sys=0.00, real=0.00 secs] 
2019-01-02T11:12:21.487+0530: 809.391: [GC (Allocation Failure) 2019-01-02T11:12:21.487+0530: 809.391: [DefNew
Desired survivor size 32768 bytes, new threshold 15 (max 15)
- age   1:         40 bytes,         40 total
- age   3:        184 bytes,        224 total
- age   9:         16 bytes,        240 total
- age  15:         16 bytes,        256 total
: 896K->0K(960K), 0.0012783 secs] 6789K->6469K(10176K), 0.0014790 secs] [Times: user=0.00 sys=0.00, real=0.00 secs] 
2019-01-02T11:12:21.490+0530: 809.393: [GC (Allocation Failure) 2019-01-02T11:12:21.490+0530: 809.394: [DefNew
Desired survivor size 32768 bytes, new threshold 15 (max 15)
- age   1:         24 bytes,         24 total
- age   4:        184 bytes,        208 total
- age  10:         16 bytes,        224 total
: 427K->0K(960K), 0.0004818 secs] 6897K->6469K(10176K), 0.0005970 secs] [Times: user=0.00 sys=0.00, real=0.00 secs] 
2019-01-02T11:12:21.491+0530: 809.394: [GC (Allocation Failure) 2019-01-02T11:12:21.491+0530: 809.395: [DefNew
Desired survivor size 32768 bytes, new threshold 15 (max 15)
- age   2:         24 bytes,         24 total
- age   5:        184 bytes,        208 total
- age  11:         16 bytes,        224 total
: 484K->0K(960K), 0.0003478 secs] 6954K->6954K(10176K), 0.0004225 secs] [Times: user=0.00 sys=0.00, real=0.00 secs] 
2019-01-02T11:12:21.492+0530: 809.395: [GC (Allocation Failure) 2019-01-02T11:12:21.492+0530: 809.395: [DefNew
Desired survivor size 32768 bytes, new threshold 15 (max 15)
- age   1:         24 bytes,         24 total
- age   6:         72 bytes,         96 total
- age  12:         16 bytes,        112 total
: 502K->0K(960K), 0.0003256 secs] 7457K->7439K(10176K), 0.0003974 secs] [Times: user=0.00 sys=0.00, real=0.00 secs] 
2019-01-02T11:12:21.548+0530: 809.451: [GC (Allocation Failure) 2019-01-02T11:12:21.548+0530: 809.451: [DefNew
Desired survivor size 32768 bytes, new threshold 15 (max 15)
- age   1:        248 bytes,        248 total
- age   7:         16 bytes,        264 total
- age  13:         16 bytes,        280 total
: 840K->0K(960K), 0.0006232 secs] 8279K->7511K(10176K), 0.0008227 secs] [Times: user=0.00 sys=0.00, real=0.00 secs] 
2019-01-02T11:12:21.550+0530: 809.454: [GC (Allocation Failure) 2019-01-02T11:12:21.550+0530: 809.454: [DefNew
Desired survivor size 32768 bytes, new threshold 15 (max 15)
- age   2:        184 bytes,        184 total
- age   8:         16 bytes,        200 total
- age  14:         16 bytes,        216 total
: 896K->0K(960K), 0.0013838 secs] 8407K->7799K(10176K), 0.0016096 secs] [Times: user=0.00 sys=0.00, real=0.00 secs] 
2019-01-02T11:12:21.553+0530: 809.457: [GC (Allocation Failure) 2019-01-02T11:12:21.553+0530: 809.457: [DefNew
Desired survivor size 32768 bytes, new threshold 15 (max 15)
- age   1:         40 bytes,         40 total
- age   3:        184 bytes,        224 total
- age   9:         16 bytes,        240 total
- age  15:         16 bytes,        256 total
: 896K->0K(960K), 0.0008233 secs] 8695K->8375K(10176K), 0.0010673 secs] [Times: user=0.00 sys=0.00, real=0.00 secs] 
2019-01-02T11:12:21.555+0530: 809.459: [GC (Allocation Failure) 2019-01-02T11:12:21.555+0530: 809.459: [DefNew
Desired survivor size 32768 bytes, new threshold 15 (max 15)
- age   1:         24 bytes,         24 total
- age   4:        184 bytes,        208 total
- age  10:         16 bytes,        224 total
: 428K->0K(960K), 0.0002691 secs] 8803K->8375K(10176K), 0.0003472 secs] [Times: user=0.00 sys=0.00, real=0.00 secs] 
2019-01-02T11:12:21.556+0530: 809.460: [GC (Allocation Failure) 2019-01-02T11:12:21.556+0530: 809.460: [DefNew
Desired survivor size 32768 bytes, new threshold 15 (max 15)
- age   2:         24 bytes,         24 total
- age   5:        184 bytes,        208 total
- age  11:         16 bytes,        224 total
: 484K->0K(960K), 0.0003335 secs] 8860K->8860K(10176K), 0.0004037 secs] [Times: user=0.00 sys=0.00, real=0.00 secs] 
2019-01-02T11:12:21.557+0530: 809.461: [GC (Allocation Failure) 2019-01-02T11:12:21.557+0530: 809.461: [DefNew: 502K->502K(960K), 0.0000336 secs]2019-01-02T11:12:21.557+0530: 809.461: [Tenured: 8859K->1238K(9216K), 0.0038412 secs] 9362K->1238K(10176K), [Metaspace: 2520K->2520K(1056768K)], 0.0040031 secs] [Times: user=0.02 sys=0.00, real=0.00 secs] 
2019-01-02T11:12:21.615+0530: 809.518: [GC (Allocation Failure) 2019-01-02T11:12:21.615+0530: 809.519: [DefNew
Desired survivor size 32768 bytes, new threshold 15 (max 15)
- age   1:        248 bytes,        248 total
: 840K->0K(960K), 0.0007355 secs] 2078K->1795K(10176K), 0.0010377 secs] [Times: user=0.00 sys=0.00, real=0.00 secs] 
2019-01-02T11:12:21.617+0530: 809.521: [GC (Allocation Failure) 2019-01-02T11:12:21.617+0530: 809.521: [DefNew
Desired survivor size 32768 bytes, new threshold 15 (max 15)
- age   1:         40 bytes,         40 total
- age   2:        184 bytes,        224 total
: 896K->0K(960K), 0.0008991 secs] 2691K->2083K(10176K), 0.0010331 secs] [Times: user=0.00 sys=0.00, real=0.00 secs] 
2019-01-02T11:12:21.620+0530: 809.523: [GC (Allocation Failure) 2019-01-02T11:12:21.620+0530: 809.524: [DefNew
Desired survivor size 32768 bytes, new threshold 15 (max 15)
- age   1:         40 bytes,         40 total
- age   3:        184 bytes,        224 total
: 896K->0K(960K), 0.0014602 secs] 2979K->2659K(10176K), 0.0015822 secs] [Times: user=0.00 sys=0.00, real=0.00 secs] 
2019-01-02T11:12:21.622+0530: 809.526: [GC (Allocation Failure) 2019-01-02T11:12:21.622+0530: 809.526: [DefNew
Desired survivor size 32768 bytes, new threshold 15 (max 15)
- age   1:         24 bytes,         24 total
- age   4:        184 bytes,        208 total
: 427K->0K(960K), 0.0002577 secs] 3086K->2659K(10176K), 0.0003335 secs] [Times: user=0.00 sys=0.00, real=0.00 secs] 
2019-01-02T11:12:21.623+0530: 809.527: [GC (Allocation Failure) 2019-01-02T11:12:21.623+0530: 809.527: [DefNew
Desired survivor size 32768 bytes, new threshold 15 (max 15)
- age   2:         24 bytes,         24 total
- age   5:        184 bytes,        208 total
: 484K->0K(960K), 0.0003307 secs] 3144K->3144K(10176K), 0.0004020 secs] [Times: user=0.00 sys=0.00, real=0.00 secs] 
2019-01-02T11:12:21.624+0530: 809.528: [GC (Allocation Failure) 2019-01-02T11:12:21.624+0530: 809.528: [DefNew
Desired survivor size 32768 bytes, new threshold 15 (max 15)
- age   1:         24 bytes,         24 total
- age   6:         72 bytes,         96 total
: 502K->0K(960K), 0.0003267 secs] 3646K->3628K(10176K), 0.0003974 secs] [Times: user=0.00 sys=0.00, real=0.00 secs] 
2019-01-02T11:12:21.682+0530: 809.586: [GC (Allocation Failure) 2019-01-02T11:12:21.682+0530: 809.586: [DefNew
Desired survivor size 32768 bytes, new threshold 15 (max 15)
- age   1:        248 bytes,        248 total
- age   7:         16 bytes,        264 total
: 840K->0K(960K), 0.0005508 secs] 4468K->3700K(10176K), 0.0008034 secs] [Times: user=0.00 sys=0.00, real=0.00 secs] 
2019-01-02T11:12:21.685+0530: 809.588: [GC (Allocation Failure) 2019-01-02T11:12:21.685+0530: 809.589: [DefNew
Desired survivor size 32768 bytes, new threshold 15 (max 15)
- age   2:        184 bytes,        184 total
- age   8:         16 bytes,        200 total
: 896K->0K(960K), 0.0006431 secs] 4596K->3988K(10176K), 0.0009983 secs] [Times: user=0.00 sys=0.00, real=0.00 secs] 
2019-01-02T11:12:21.687+0530: 809.591: [GC (Allocation Failure) 2019-01-02T11:12:21.687+0530: 809.591: [DefNew
Desired survivor size 32768 bytes, new threshold 15 (max 15)
- age   1:         40 bytes,         40 total
- age   3:        184 bytes,        224 total
- age   9:         16 bytes,        240 total
: 896K->0K(960K), 0.0011597 secs] 4884K->4564K(10176K), 0.0012703 secs] [Times: user=0.00 sys=0.00, real=0.00 secs] 
2019-01-02T11:12:21.690+0530: 809.593: [GC (Allocation Failure) 2019-01-02T11:12:21.690+0530: 809.593: [DefNew
Desired survivor size 32768 bytes, new threshold 15 (max 15)
- age   1:         24 bytes,         24 total
- age   4:        184 bytes,        208 total
- age  10:         16 bytes,        224 total
: 428K->0K(960K), 0.0002440 secs] 4993K->4564K(10176K), 0.0003033 secs] [Times: user=0.00 sys=0.00, real=0.00 secs] 
2019-01-02T11:12:21.690+0530: 809.594: [GC (Allocation Failure) 2019-01-02T11:12:21.690+0530: 809.594: [DefNew
Desired survivor size 32768 bytes, new threshold 15 (max 15)
- age   2:         24 bytes,         24 total
- age   5:        184 bytes,        208 total
- age  11:         16 bytes,        224 total
: 484K->0K(960K), 0.0003404 secs] 5049K->5049K(10176K), 0.0004082 secs] [Times: user=0.00 sys=0.00, real=0.00 secs] 
2019-01-02T11:12:21.691+0530: 809.595: [GC (Allocation Failure) 2019-01-02T11:12:21.691+0530: 809.595: [DefNew
Desired survivor size 32768 bytes, new threshold 15 (max 15)
- age   1:         24 bytes,         24 total
- age   6:         72 bytes,         96 total
- age  12:         16 bytes,        112 total
: 502K->0K(960K), 0.0003124 secs] 5552K->5534K(10176K), 0.0003660 secs] [Times: user=0.00 sys=0.00, real=0.00 secs] 
2019-01-02T11:12:21.747+0530: 809.650: [GC (Allocation Failure) 2019-01-02T11:12:21.747+0530: 809.651: [DefNew
Desired survivor size 32768 bytes, new threshold 15 (max 15)
- age   1:        248 bytes,        248 total
- age   7:         16 bytes,        264 total
- age  13:         16 bytes,        280 total
: 840K->0K(960K), 0.0010833 secs] 6374K->5606K(10176K), 0.0015149 secs] [Times: user=0.00 sys=0.00, real=0.00 secs] 
2019-01-02T11:12:21.750+0530: 809.653: [GC (Allocation Failure) 2019-01-02T11:12:21.750+0530: 809.654: [DefNew
Desired survivor size 32768 bytes, new threshold 15 (max 15)
- age   1:         40 bytes,         40 total
- age   2:        184 bytes,        224 total
- age   8:         16 bytes,        240 total
- age  14:         16 bytes,        256 total
: 896K->0K(960K), 0.0009345 secs] 6502K->5894K(10176K), 0.0010816 secs] [Times: user=0.00 sys=0.00, real=0.00 secs] 
2019-01-02T11:12:21.752+0530: 809.656: [GC (Allocation Failure) 2019-01-02T11:12:21.752+0530: 809.656: [DefNew
Desired survivor size 32768 bytes, new threshold 15 (max 15)
- age   1:         40 bytes,         40 total
- age   3:        184 bytes,        224 total
- age   9:         16 bytes,        240 total
- age  15:         16 bytes,        256 total
: 896K->0K(960K), 0.0011665 secs] 6790K->6470K(10176K), 0.0013444 secs] [Times: user=0.00 sys=0.00, real=0.00 secs] 
2019-01-02T11:12:21.755+0530: 809.658: [GC (Allocation Failure) 2019-01-02T11:12:21.755+0530: 809.658: [DefNew
Desired survivor size 32768 bytes, new threshold 15 (max 15)
- age   1:         24 bytes,         24 total
- age   4:        184 bytes,        208 total
- age  10:         16 bytes,        224 total
: 427K->0K(960K), 0.0002446 secs] 6898K->6470K(10176K), 0.0003022 secs] [Times: user=0.00 sys=0.00, real=0.00 secs] 
2019-01-02T11:12:21.755+0530: 809.659: [GC (Allocation Failure) 2019-01-02T11:12:21.755+0530: 809.659: [DefNew
Desired survivor size 32768 bytes, new threshold 15 (max 15)
- age   2:         24 bytes,         24 total
- age   5:        184 bytes,        208 total
- age  11:         16 bytes,        224 total
: 484K->0K(960K), 0.0003290 secs] 6955K->6955K(10176K), 0.0003803 secs] [Times: user=0.00 sys=0.00, real=0.00 secs] 
2019-01-02T11:12:21.756+0530: 809.660: [GC (Allocation Failure) 2019-01-02T11:12:21.756+0530: 809.660: [DefNew
Desired survivor size 32768 bytes, new threshold 15 (max 15)
- age   1:         24 bytes,         24 total
- age   6:         72 bytes,         96 total
- age  12:         16 bytes,        112 total
: 502K->0K(960K), 0.0003119 secs] 7457K->7440K(10176K), 0.0003638 secs] [Times: user=0.00 sys=0.00, real=0.00 secs] 
2019-01-02T11:12:21.810+0530: 809.714: [GC (Allocation Failure) 2019-01-02T11:12:21.810+0530: 809.714: [DefNew
Desired survivor size 32768 bytes, new threshold 15 (max 15)
- age   1:        248 bytes,        248 total
- age   7:         16 bytes,        264 total
- age  13:         16 bytes,        280 total
: 840K->0K(960K), 0.0007315 secs] 8280K->7512K(10176K), 0.0011027 secs] [Times: user=0.00 sys=0.00, real=0.00 secs] 
2019-01-02T11:12:21.813+0530: 809.717: [GC (Allocation Failure) 2019-01-02T11:12:21.814+0530: 809.717: [DefNew
Desired survivor size 32768 bytes, new threshold 15 (max 15)
- age   2:        184 bytes,        184 total
- age   8:         16 bytes,        200 total
- age  14:         16 bytes,        216 total
: 896K->0K(960K), 0.0012709 secs] 8408K->7800K(10176K), 0.0015052 secs] [Times: user=0.00 sys=0.00, real=0.00 secs] 
2019-01-02T11:12:21.816+0530: 809.720: [GC (Allocation Failure) 2019-01-02T11:12:21.816+0530: 809.720: [DefNew
Desired survivor size 32768 bytes, new threshold 15 (max 15)
- age   1:         40 bytes,         40 total
- age   3:        184 bytes,        224 total
- age   9:         16 bytes,        240 total
- age  15:         16 bytes,        256 total
: 896K->0K(960K), 0.0009219 secs] 8696K->8376K(10176K), 0.0010571 secs] [Times: user=0.00 sys=0.00, real=0.00 secs] 
2019-01-02T11:12:21.818+0530: 809.722: [GC (Allocation Failure) 2019-01-02T11:12:21.819+0530: 809.722: [DefNew
Desired survivor size 32768 bytes, new threshold 15 (max 15)
- age   1:         24 bytes,         24 total
- age   4:        184 bytes,        208 total
- age  10:         16 bytes,        224 total
: 428K->0K(960K), 0.0002600 secs] 8804K->8376K(10176K), 0.0003484 secs] [Times: user=0.00 sys=0.00, real=0.00 secs] 
2019-01-02T11:12:21.819+0530: 809.723: [GC (Allocation Failure) 2019-01-02T11:12:21.819+0530: 809.723: [DefNew
Desired survivor size 32768 bytes, new threshold 15 (max 15)
- age   2:         24 bytes,         24 total
- age   5:        184 bytes,        208 total
- age  11:         16 bytes,        224 total
: 485K->0K(960K), 0.0003717 secs] 8861K->8861K(10176K), 0.0004436 secs] [Times: user=0.00 sys=0.00, real=0.00 secs] 
2019-01-02T11:12:21.820+0530: 809.724: [GC (Allocation Failure) 2019-01-02T11:12:21.820+0530: 809.724: [DefNew: 502K->502K(960K), 0.0000285 secs]2019-01-02T11:12:21.820+0530: 809.724: [Tenured: 8860K->1238K(9216K), 0.0036878 secs] 9363K->1238K(10176K), [Metaspace: 2520K->2520K(1056768K)], 0.0038400 secs] [Times: user=0.01 sys=0.00, real=0.00 secs] 
2019-01-02T11:12:21.877+0530: 809.781: [GC (Allocation Failure) 2019-01-02T11:12:21.877+0530: 809.781: [DefNew
Desired survivor size 32768 bytes, new threshold 15 (max 15)
- age   1:        248 bytes,        248 total
: 840K->0K(960K), 0.0013769 secs] 2079K->1795K(10176K), 0.0018399 secs] [Times: user=0.00 sys=0.00, real=0.00 secs] 
2019-01-02T11:12:21.881+0530: 809.785: [GC (Allocation Failure) 2019-01-02T11:12:21.882+0530: 809.785: [DefNew
Desired survivor size 32768 bytes, new threshold 15 (max 15)
- age   1:         40 bytes,         40 total
- age   2:        184 bytes,        224 total
: 896K->0K(960K), 0.0013199 secs] 2691K->2083K(10176K), 0.0016460 secs] [Times: user=0.00 sys=0.00, real=0.00 secs] 
2019-01-02T11:12:21.884+0530: 809.788: [GC (Allocation Failure) 2019-01-02T11:12:21.885+0530: 809.788: [DefNew
Desired survivor size 32768 bytes, new threshold 15 (max 15)
- age   1:         40 bytes,         40 total
- age   3:        184 bytes,        224 total
: 896K->0K(960K), 0.0008929 secs] 2979K->2659K(10176K), 0.0011369 secs] [Times: user=0.02 sys=0.00, real=0.00 secs] 
2019-01-02T11:12:21.887+0530: 809.790: [GC (Allocation Failure) 2019-01-02T11:12:21.887+0530: 809.791: [DefNew
Desired survivor size 32768 bytes, new threshold 15 (max 15)
- age   1:         24 bytes,         24 total
- age   4:        184 bytes,        208 total
: 427K->0K(960K), 0.0002617 secs] 3087K->2659K(10176K), 0.0003353 secs] [Times: user=0.00 sys=0.00, real=0.00 secs] 
2019-01-02T11:12:21.888+0530: 809.791: [GC (Allocation Failure) 2019-01-02T11:12:21.888+0530: 809.791: [DefNew
Desired survivor size 32768 bytes, new threshold 15 (max 15)
- age   2:         24 bytes,         24 total
- age   5:        184 bytes,        208 total
: 485K->0K(960K), 0.0003330 secs] 3144K->3144K(10176K), 0.0004077 secs] [Times: user=0.00 sys=0.00, real=0.00 secs] 
2019-01-02T11:12:21.888+0530: 809.792: [GC (Allocation Failure) 2019-01-02T11:12:21.888+0530: 809.792: [DefNew
Desired survivor size 32768 bytes, new threshold 15 (max 15)
- age   1:         24 bytes,         24 total
- age   6:         72 bytes,         96 total
: 502K->0K(960K), 0.0003364 secs] 3647K->3629K(10176K), 0.0004088 secs] [Times: user=0.00 sys=0.00, real=0.00 secs] 
2019-01-02T11:12:21.944+0530: 809.848: [GC (Allocation Failure) 2019-01-02T11:12:21.944+0530: 809.848: [DefNew
Desired survivor size 32768 bytes, new threshold 15 (max 15)
- age   1:        248 bytes,        248 total
- age   7:         16 bytes,        264 total
: 840K->0K(960K), 0.0009282 secs] 4469K->3701K(10176K), 0.0011871 secs] [Times: user=0.00 sys=0.00, real=0.00 secs] 
2019-01-02T11:12:21.947+0530: 809.851: [GC (Allocation Failure) 2019-01-02T11:12:21.947+0530: 809.851: [DefNew
Desired survivor size 32768 bytes, new threshold 15 (max 15)
- age   2:        184 bytes,        184 total
- age   8:         16 bytes,        200 total
: 896K->0K(960K), 0.0010748 secs] 4597K->3989K(10176K), 0.0013701 secs] [Times: user=0.02 sys=0.00, real=0.00 secs] 
2019-01-02T11:12:21.950+0530: 809.853: [GC (Allocation Failure) 2019-01-02T11:12:21.950+0530: 809.853: [DefNew
Desired survivor size 32768 bytes, new threshold 15 (max 15)
- age   1:         40 bytes,         40 total
- age   3:        184 bytes,        224 total
- age   9:         16 bytes,        240 total
: 896K->0K(960K), 0.0010884 secs] 4885K->4565K(10176K), 0.0012042 secs] [Times: user=0.00 sys=0.00, real=0.00 secs] 
2019-01-02T11:12:21.952+0530: 809.856: [GC (Allocation Failure) 2019-01-02T11:12:21.952+0530: 809.856: [DefNew
Desired survivor size 32768 bytes, new threshold 15 (max 15)
- age   1:         24 bytes,         24 total
- age   4:        184 bytes,        208 total
- age  10:         16 bytes,        224 total
: 428K->0K(960K), 0.0002805 secs] 4993K->4565K(10176K), 0.0003831 secs] [Times: user=0.00 sys=0.00, real=0.00 secs] 
2019-01-02T11:12:21.953+0530: 809.857: [GC (Allocation Failure) 2019-01-02T11:12:21.953+0530: 809.857: [DefNew
Desired survivor size 32768 bytes, new threshold 15 (max 15)
- age   2:         24 bytes,         24 total
- age   5:        184 bytes,        208 total
- age  11:         16 bytes,        224 total
: 485K->0K(960K), 0.0003432 secs] 5050K->5050K(10176K), 0.0004156 secs] [Times: user=0.00 sys=0.00, real=0.00 secs] 
2019-01-02T11:12:21.954+0530: 809.857: [GC (Allocation Failure) 2019-01-02T11:12:21.954+0530: 809.857: [DefNew
Desired survivor size 32768 bytes, new threshold 15 (max 15)
- age   1:         24 bytes,         24 total
- age   6:         72 bytes,         96 total
- age  12:         16 bytes,        112 total
: 502K->0K(960K), 0.0003221 secs] 5552K->5534K(10176K), 0.0003957 secs] [Times: user=0.00 sys=0.00, real=0.00 secs] 
2019-01-02T11:12:22.013+0530: 809.916: [GC (Allocation Failure) 2019-01-02T11:12:22.013+0530: 809.917: [DefNew
Desired survivor size 32768 bytes, new threshold 15 (max 15)
- age   1:        248 bytes,        248 total
- age   7:         16 bytes,        264 total
- age  13:         16 bytes,        280 total
: 840K->0K(960K), 0.0008786 secs] 6375K->5607K(10176K), 0.0011962 secs] [Times: user=0.00 sys=0.00, real=0.00 secs] 
2019-01-02T11:12:22.016+0530: 809.920: [GC (Allocation Failure) 2019-01-02T11:12:22.016+0530: 809.920: [DefNew
Desired survivor size 32768 bytes, new threshold 15 (max 15)
- age   1:         40 bytes,         40 total
- age   2:        184 bytes,        224 total
- age   8:         16 bytes,        240 total
- age  14:         16 bytes,        256 total
: 896K->0K(960K), 0.0010662 secs] 6503K->5895K(10176K), 0.0012167 secs] [Times: user=0.00 sys=0.00, real=0.00 secs] 
2019-01-02T11:12:22.019+0530: 809.922: [GC (Allocation Failure) 2019-01-02T11:12:22.019+0530: 809.922: [DefNew
Desired survivor size 32768 bytes, new threshold 15 (max 15)
- age   1:         40 bytes,         40 total
- age   3:        184 bytes,        224 total
- age   9:         16 bytes,        240 total
- age  15:         16 bytes,        256 total
: 896K->0K(960K), 0.0008535 secs] 6791K->6471K(10176K), 0.0009453 secs] [Times: user=0.00 sys=0.00, real=0.00 secs] 
2019-01-02T11:12:22.021+0530: 809.925: [GC (Allocation Failure) 2019-01-02T11:12:22.021+0530: 809.925: [DefNew
Desired survivor size 32768 bytes, new threshold 15 (max 15)
- age   1:         24 bytes,         24 total
- age   4:        184 bytes,        208 total
- age  10:         16 bytes,        224 total
: 427K->0K(960K), 0.0007389 secs] 6898K->6471K(10176K), 0.0009265 secs] [Times: user=0.00 sys=0.00, real=0.00 secs] 
2019-01-02T11:12:22.022+0530: 809.926: [GC (Allocation Failure) 2019-01-02T11:12:22.022+0530: 809.926: [DefNew
Desired survivor size 32768 bytes, new threshold 15 (max 15)
- age   2:         24 bytes,         24 total
- age   5:        184 bytes,        208 total
- age  11:         16 bytes,        224 total
: 485K->0K(960K), 0.0003512 secs] 6955K->6955K(10176K), 0.0004253 secs] [Times: user=0.00 sys=0.00, real=0.00 secs] 
2019-01-02T11:12:22.023+0530: 809.927: [GC (Allocation Failure) 2019-01-02T11:12:22.023+0530: 809.927: [DefNew
Desired survivor size 32768 bytes, new threshold 15 (max 15)
- age   1:         24 bytes,         24 total
- age   6:         72 bytes,         96 total
- age  12:         16 bytes,        112 total
: 502K->0K(960K), 0.0003278 secs] 7458K->7440K(10176K), 0.0004008 secs] [Times: user=0.00 sys=0.00, real=0.00 secs] 
2019-01-02T11:12:22.079+0530: 809.983: [GC (Allocation Failure) 2019-01-02T11:12:22.079+0530: 809.983: [DefNew
Desired survivor size 32768 bytes, new threshold 15 (max 15)
- age   1:        248 bytes,        248 total
- age   7:         16 bytes,        264 total
- age  13:         16 bytes,        280 total
: 840K->0K(960K), 0.0012424 secs] 8280K->7512K(10176K), 0.0016027 secs] [Times: user=0.00 sys=0.00, real=0.00 secs] 
2019-01-02T11:12:22.082+0530: 809.986: [GC (Allocation Failure) 2019-01-02T11:12:22.082+0530: 809.986: [DefNew
Desired survivor size 32768 bytes, new threshold 15 (max 15)
- age   2:        184 bytes,        184 total
- age   8:         16 bytes,        200 total
- age  14:         16 bytes,        216 total
: 896K->0K(960K), 0.0010913 secs] 8408K->7800K(10176K), 0.0013017 secs] [Times: user=0.00 sys=0.00, real=0.00 secs] 
2019-01-02T11:12:22.085+0530: 809.989: [GC (Allocation Failure) 2019-01-02T11:12:22.085+0530: 809.989: [DefNew
Desired survivor size 32768 bytes, new threshold 15 (max 15)
- age   1:         40 bytes,         40 total
- age   3:        184 bytes,        224 total
- age   9:         16 bytes,        240 total
- age  15:         16 bytes,        256 total
: 896K->0K(960K), 0.0009761 secs] 8696K->8376K(10176K), 0.0010765 secs] [Times: user=0.00 sys=0.00, real=0.00 secs] 
2019-01-02T11:12:22.087+0530: 809.991: [GC (Allocation Failure) 2019-01-02T11:12:22.087+0530: 809.991: [DefNew
Desired survivor size 32768 bytes, new threshold 15 (max 15)
- age   1:         24 bytes,         24 total
- age   4:        184 bytes,        208 total
- age  10:         16 bytes,        224 total
: 428K->0K(960K), 0.0003164 secs] 8805K->8376K(10176K), 0.0004134 secs] [Times: user=0.02 sys=0.00, real=0.00 secs] 
2019-01-02T11:12:22.088+0530: 809.992: [GC (Allocation Failure) 2019-01-02T11:12:22.088+0530: 809.992: [DefNew
Desired survivor size 32768 bytes, new threshold 15 (max 15)
- age   2:         24 bytes,         24 total
- age   5:        184 bytes,        208 total
- age  11:         16 bytes,        224 total
: 485K->0K(960K), 0.0003364 secs] 8861K->8861K(10176K), 0.0004111 secs] [Times: user=0.00 sys=0.00, real=0.00 secs] 
2019-01-02T11:12:22.089+0530: 809.993: [GC (Allocation Failure) 2019-01-02T11:12:22.089+0530: 809.993: [DefNew: 503K->503K(960K), 0.0000279 secs]2019-01-02T11:12:22.089+0530: 809.993: [Tenured: 8861K->1238K(9216K), 0.0036992 secs] 9364K->1238K(10176K), [Metaspace: 2520K->2520K(1056768K)], 0.0038491 secs] [Times: user=0.00 sys=0.00, real=0.00 secs] 
2019-01-02T11:12:22.148+0530: 810.052: [GC (Allocation Failure) 2019-01-02T11:12:22.149+0530: 810.052: [DefNew
Desired survivor size 32768 bytes, new threshold 15 (max 15)
- age   1:        248 bytes,        248 total
: 840K->0K(960K), 0.0008490 secs] 2079K->1795K(10176K), 0.0013142 secs] [Times: user=0.00 sys=0.00, real=0.00 secs] 
2019-01-02T11:12:22.151+0530: 810.055: [GC (Allocation Failure) 2019-01-02T11:12:22.152+0530: 810.055: [DefNew
Desired survivor size 32768 bytes, new threshold 15 (max 15)
- age   1:         40 bytes,         40 total
- age   2:        184 bytes,        224 total
: 896K->0K(960K), 0.0009157 secs] 2691K->2083K(10176K), 0.0011249 secs] [Times: user=0.00 sys=0.00, real=0.00 secs] 
2019-01-02T11:12:22.154+0530: 810.058: [GC (Allocation Failure) 2019-01-02T11:12:22.154+0530: 810.058: [DefNew
Desired survivor size 32768 bytes, new threshold 15 (max 15)
- age   1:         40 bytes,         40 total
- age   3:        184 bytes,        224 total
: 896K->0K(960K), 0.0011506 secs] 2979K->2659K(10176K), 0.0013707 secs] [Times: user=0.00 sys=0.00, real=0.00 secs] 
2019-01-02T11:12:22.157+0530: 810.061: [GC (Allocation Failure) 2019-01-02T11:12:22.157+0530: 810.061: [DefNew
Desired survivor size 32768 bytes, new threshold 15 (max 15)
- age   1:         24 bytes,         24 total
- age   4:        184 bytes,        208 total
: 427K->0K(960K), 0.0003239 secs] 3087K->2659K(10176K), 0.0004749 secs] [Times: user=0.00 sys=0.00, real=0.00 secs] 
2019-01-02T11:12:22.158+0530: 810.062: [GC (Allocation Failure) 2019-01-02T11:12:22.158+0530: 810.062: [DefNew
Desired survivor size 32768 bytes, new threshold 15 (max 15)
- age   2:         24 bytes,         24 total
- age   5:        184 bytes,        208 total
: 485K->0K(960K), 0.0003421 secs] 3144K->3144K(10176K), 0.0004156 secs] [Times: user=0.00 sys=0.00, real=0.00 secs] 
2019-01-02T11:12:22.159+0530: 810.062: [GC (Allocation Failure) 2019-01-02T11:12:22.159+0530: 810.062: [DefNew
Desired survivor size 32768 bytes, new threshold 15 (max 15)
- age   1:         24 bytes,         24 total
- age   6:         72 bytes,         96 total
: 502K->0K(960K), 0.0003335 secs] 3647K->3629K(10176K), 0.0004042 secs] [Times: user=0.00 sys=0.00, real=0.00 secs] 
2019-01-02T11:12:22.216+0530: 810.120: [GC (Allocation Failure) 2019-01-02T11:12:22.217+0530: 810.120: [DefNew
Desired survivor size 32768 bytes, new threshold 15 (max 15)
- age   1:        248 bytes,        248 total
- age   7:         16 bytes,        264 total
: 840K->0K(960K), 0.0007783 secs] 4469K->3701K(10176K), 0.0013342 secs] [Times: user=0.00 sys=0.00, real=0.00 secs] 
2019-01-02T11:12:22.219+0530: 810.123: [GC (Allocation Failure) 2019-01-02T11:12:22.219+0530: 810.123: [DefNew
Desired survivor size 32768 bytes, new threshold 15 (max 15)
- age   2:        184 bytes,        184 total
- age   8:         16 bytes,        200 total
: 896K->0K(960K), 0.0012521 secs] 4597K->3989K(10176K), 0.0014248 secs] [Times: user=0.00 sys=0.00, real=0.00 secs] 
2019-01-02T11:12:22.222+0530: 810.126: [GC (Allocation Failure) 2019-01-02T11:12:22.222+0530: 810.126: [DefNew
Desired survivor size 32768 bytes, new threshold 15 (max 15)
- age   1:         40 bytes,         40 total
- age   3:        184 bytes,        224 total
- age   9:         16 bytes,        240 total
: 896K->0K(960K), 0.0013621 secs] 4885K->4565K(10176K), 0.0015081 secs] [Times: user=0.00 sys=0.00, real=0.00 secs] 
2019-01-02T11:12:22.225+0530: 810.128: [GC (Allocation Failure) 2019-01-02T11:12:22.225+0530: 810.129: [DefNew
Desired survivor size 32768 bytes, new threshold 15 (max 15)
- age   1:         24 bytes,         24 total
- age   4:        184 bytes,        208 total
- age  10:         16 bytes,        224 total
: 428K->0K(960K), 0.0002742 secs] 4994K->4565K(10176K), 0.0003387 secs] [Times: user=0.00 sys=0.00, real=0.00 secs] 
2019-01-02T11:12:22.225+0530: 810.129: [GC (Allocation Failure) 2019-01-02T11:12:22.225+0530: 810.129: [DefNew
Desired survivor size 32768 bytes, new threshold 15 (max 15)
- age   2:         24 bytes,         24 total
- age   5:        184 bytes,        208 total
- age  11:         16 bytes,        224 total
: 485K->0K(960K), 0.0003558 secs] 5050K->5050K(10176K), 0.0004191 secs] [Times: user=0.00 sys=0.00, real=0.00 secs] 
2019-01-02T11:12:22.226+0530: 810.130: [GC (Allocation Failure) 2019-01-02T11:12:22.226+0530: 810.130: [DefNew
Desired survivor size 32768 bytes, new threshold 15 (max 15)
- age   1:         24 bytes,         24 total
- age   6:         72 bytes,         96 total
- age  12:         16 bytes,        112 total
: 503K->0K(960K), 0.0003410 secs] 5553K->5535K(10176K), 0.0004014 secs] [Times: user=0.00 sys=0.00, real=0.00 secs] 
2019-01-02T11:12:22.280+0530: 810.183: [GC (Allocation Failure) 2019-01-02T11:12:22.280+0530: 810.184: [DefNew
Desired survivor size 32768 bytes, new threshold 15 (max 15)
- age   1:        248 bytes,        248 total
- age   7:         16 bytes,        264 total
- age  13:         16 bytes,        280 total
: 840K->0K(960K), 0.0005485 secs] 6376K->5607K(10176K), 0.0012213 secs] [Times: user=0.00 sys=0.00, real=0.00 secs] 
2019-01-02T11:12:22.283+0530: 810.187: [GC (Allocation Failure) 2019-01-02T11:12:22.283+0530: 810.187: [DefNew
Desired survivor size 32768 bytes, new threshold 15 (max 15)
- age   1:         40 bytes,         40 total
- age   2:        184 bytes,        224 total
- age   8:         16 bytes,        240 total
- age  14:         16 bytes,        256 total
: 896K->0K(960K), 0.0007093 secs] 6503K->5895K(10176K), 0.0009419 secs] [Times: user=0.00 sys=0.00, real=0.00 secs] 
2019-01-02T11:12:22.285+0530: 810.189: [GC (Allocation Failure) 2019-01-02T11:12:22.285+0530: 810.189: [DefNew
Desired survivor size 32768 bytes, new threshold 15 (max 15)
- age   1:         40 bytes,         40 total
- age   3:        184 bytes,        224 total
- age   9:         16 bytes,        240 total
- age  15:         16 bytes,        256 total
: 896K->0K(960K), 0.0008501 secs] 6791K->6471K(10176K), 0.0009436 secs] [Times: user=0.00 sys=0.00, real=0.00 secs] 
2019-01-02T11:12:22.288+0530: 810.191: [GC (Allocation Failure) 2019-01-02T11:12:22.288+0530: 810.191: [DefNew
Desired survivor size 32768 bytes, new threshold 15 (max 15)
- age   1:         24 bytes,         24 total
- age   4:        184 bytes,        208 total
- age  10:         16 bytes,        224 total
: 427K->0K(960K), 0.0007298 secs] 6899K->6471K(10176K), 0.0009915 secs] [Times: user=0.00 sys=0.00, real=0.00 secs] 
2019-01-02T11:12:22.289+0530: 810.193: [GC (Allocation Failure) 2019-01-02T11:12:22.289+0530: 810.193: [DefNew
Desired survivor size 32768 bytes, new threshold 15 (max 15)
- age   2:         24 bytes,         24 total
- age   5:        184 bytes,        208 total
- age  11:         16 bytes,        224 total
: 485K->0K(960K), 0.0003444 secs] 6956K->6956K(10176K), 0.0004253 secs] [Times: user=0.00 sys=0.00, real=0.00 secs] 
2019-01-02T11:12:22.290+0530: 810.194: [GC (Allocation Failure) 2019-01-02T11:12:22.290+0530: 810.194: [DefNew
Desired survivor size 32768 bytes, new threshold 15 (max 15)
- age   1:         24 bytes,         24 total
- age   6:         72 bytes,         96 total
- age  12:         16 bytes,        112 total
: 503K->0K(960K), 0.0003284 secs] 7459K->7441K(10176K), 0.0003957 secs] [Times: user=0.00 sys=0.00, real=0.00 secs] 
2019-01-02T11:12:22.343+0530: 810.247: [GC (Allocation Failure) 2019-01-02T11:12:22.343+0530: 810.247: [DefNew
Desired survivor size 32768 bytes, new threshold 15 (max 15)
- age   1:        248 bytes,        248 total
- age   7:         16 bytes,        264 total
- age  13:         16 bytes,        280 total
: 840K->0K(960K), 0.0008416 secs] 8281K->7513K(10176K), 0.0010787 secs] [Times: user=0.00 sys=0.00, real=0.00 secs] 
2019-01-02T11:12:22.346+0530: 810.250: [GC (Allocation Failure) 2019-01-02T11:12:22.347+0530: 810.250: [DefNew
Desired survivor size 32768 bytes, new threshold 15 (max 15)
- age   2:        184 bytes,        184 total
- age   8:         16 bytes,        200 total
- age  14:         16 bytes,        216 total
: 896K->0K(960K), 0.0005787 secs] 8409K->7801K(10176K), 0.0008187 secs] [Times: user=0.00 sys=0.00, real=0.00 secs] 
2019-01-02T11:12:22.349+0530: 810.253: [GC (Allocation Failure) 2019-01-02T11:12:22.349+0530: 810.253: [DefNew
Desired survivor size 32768 bytes, new threshold 15 (max 15)
- age   1:         40 bytes,         40 total
- age   3:        184 bytes,        224 total
- age   9:         16 bytes,        240 total
- age  15:         16 bytes,        256 total
: 896K->0K(960K), 0.0012908 secs] 8697K->8377K(10176K), 0.0015280 secs] [Times: user=0.00 sys=0.00, real=0.00 secs] 
2019-01-02T11:12:22.352+0530: 810.256: [GC (Allocation Failure) 2019-01-02T11:12:22.352+0530: 810.256: [DefNew
Desired survivor size 32768 bytes, new threshold 15 (max 15)
- age   1:         24 bytes,         24 total
- age   4:        184 bytes,        208 total
- age  10:         16 bytes,        224 total
: 428K->0K(960K), 0.0005382 secs] 8806K->8377K(10176K), 0.0006443 secs] [Times: user=0.00 sys=0.00, real=0.00 secs] 
2019-01-02T11:12:22.353+0530: 810.257: [GC (Allocation Failure) 2019-01-02T11:12:22.353+0530: 810.257: [DefNew
Desired survivor size 32768 bytes, new threshold 15 (max 15)
- age   2:         24 bytes,         24 total
- age   5:        184 bytes,        208 total
- age  11:         16 bytes,        224 total
: 485K->0K(960K), 0.0005491 secs] 8862K->8862K(10176K), 0.0006260 secs] [Times: user=0.00 sys=0.00, real=0.00 secs] 
2019-01-02T11:12:22.354+0530: 810.258: [GC (Allocation Failure) 2019-01-02T11:12:22.354+0530: 810.258: [DefNew: 503K->503K(960K), 0.0000245 secs]2019-01-02T11:12:22.354+0530: 810.258: [Tenured: 8862K->1238K(9216K), 0.0036393 secs] 9365K->1238K(10176K), [Metaspace: 2520K->2520K(1056768K)], 0.0037682 secs] [Times: user=0.00 sys=0.00, real=0.00 secs] 
2019-01-02T11:12:22.410+0530: 810.314: [GC (Allocation Failure) 2019-01-02T11:12:22.411+0530: 810.314: [DefNew
Desired survivor size 32768 bytes, new threshold 15 (max 15)
- age   1:        248 bytes,        248 total
: 840K->0K(960K), 0.0011055 secs] 2079K->1796K(10176K), 0.0015582 secs] [Times: user=0.00 sys=0.00, real=0.00 secs] 
2019-01-02T11:12:22.414+0530: 810.318: [GC (Allocation Failure) 2019-01-02T11:12:22.414+0530: 810.318: [DefNew
Desired survivor size 32768 bytes, new threshold 15 (max 15)
- age   1:         40 bytes,         40 total
- age   2:        184 bytes,        224 total
: 896K->0K(960K), 0.0010896 secs] 2692K->2084K(10176K), 0.0013313 secs] [Times: user=0.00 sys=0.00, real=0.00 secs] 
2019-01-02T11:12:22.417+0530: 810.321: [GC (Allocation Failure) 2019-01-02T11:12:22.417+0530: 810.321: [DefNew
Desired survivor size 32768 bytes, new threshold 15 (max 15)
- age   1:         40 bytes,         40 total
- age   3:        184 bytes,        224 total
: 896K->0K(960K), 0.0007258 secs] 2980K->2660K(10176K), 0.0008364 secs] [Times: user=0.00 sys=0.00, real=0.00 secs] 
2019-01-02T11:12:22.419+0530: 810.323: [GC (Allocation Failure) 2019-01-02T11:12:22.419+0530: 810.323: [DefNew
Desired survivor size 32768 bytes, new threshold 15 (max 15)
- age   1:         24 bytes,         24 total
- age   4:        184 bytes,        208 total
: 427K->0K(960K), 0.0004778 secs] 3087K->2660K(10176K), 0.0006295 secs] [Times: user=0.00 sys=0.00, real=0.00 secs] 
2019-01-02T11:12:22.421+0530: 810.324: [GC (Allocation Failure) 2019-01-02T11:12:22.421+0530: 810.324: [DefNew
Desired survivor size 32768 bytes, new threshold 15 (max 15)
- age   2:         24 bytes,         24 total
- age   5:        184 bytes,        208 total
: 485K->0K(960K), 0.0003478 secs] 3145K->3145K(10176K), 0.0004213 secs] [Times: user=0.00 sys=0.00, real=0.00 secs] 
2019-01-02T11:12:22.421+0530: 810.325: [GC (Allocation Failure) 2019-01-02T11:12:22.421+0530: 810.325: [DefNew
Desired survivor size 32768 bytes, new threshold 15 (max 15)
- age   1:         24 bytes,         24 total
- age   6:         72 bytes,         96 total
: 503K->0K(960K), 0.0003318 secs] 3647K->3629K(10176K), 0.0004037 secs] [Times: user=0.00 sys=0.00, real=0.00 secs] 
2019-01-02T11:12:22.480+0530: 810.384: [GC (Allocation Failure) 2019-01-02T11:12:22.481+0530: 810.385: [DefNew
Desired survivor size 32768 bytes, new threshold 15 (max 15)
- age   1:        248 bytes,        248 total
- age   7:         16 bytes,        264 total
: 840K->0K(960K), 0.0012851 secs] 4470K->3702K(10176K), 0.0017766 secs] [Times: user=0.00 sys=0.00, real=0.00 secs] 
2019-01-02T11:12:22.485+0530: 810.388: [GC (Allocation Failure) 2019-01-02T11:12:22.485+0530: 810.388: [DefNew
Desired survivor size 32768 bytes, new threshold 15 (max 15)
- age   2:        184 bytes,        184 total
- age   8:         16 bytes,        200 total
: 896K->0K(960K), 0.0009601 secs] 4598K->3990K(10176K), 0.0012601 secs] [Times: user=0.00 sys=0.00, real=0.00 secs] 
2019-01-02T11:12:22.487+0530: 810.391: [GC (Allocation Failure) 2019-01-02T11:12:22.487+0530: 810.391: [DefNew
Desired survivor size 32768 bytes, new threshold 15 (max 15)
- age   1:         40 bytes,         40 total
- age   3:        184 bytes,        224 total
- age   9:         16 bytes,        240 total
: 896K->0K(960K), 0.0009151 secs] 4886K->4566K(10176K), 0.0010394 secs] [Times: user=0.00 sys=0.00, real=0.00 secs] 
2019-01-02T11:12:22.489+0530: 810.393: [GC (Allocation Failure) 2019-01-02T11:12:22.489+0530: 810.393: [DefNew
Desired survivor size 32768 bytes, new threshold 15 (max 15)
- age   1:         24 bytes,         24 total
- age   4:        184 bytes,        208 total
- age  10:         16 bytes,        224 total
: 428K->0K(960K), 0.0004048 secs] 4994K->4566K(10176K), 0.0004846 secs] [Times: user=0.00 sys=0.00, real=0.00 secs] 
2019-01-02T11:12:22.490+0530: 810.394: [GC (Allocation Failure) 2019-01-02T11:12:22.490+0530: 810.394: [DefNew
Desired survivor size 32768 bytes, new threshold 15 (max 15)
- age   2:         24 bytes,         24 total
- age   5:        184 bytes,        208 total
- age  11:         16 bytes,        224 total
: 485K->0K(960K), 0.0003318 secs] 5051K->5051K(10176K), 0.0004042 secs] [Times: user=0.00 sys=0.00, real=0.00 secs] 
2019-01-02T11:12:22.491+0530: 810.395: [GC (Allocation Failure) 2019-01-02T11:12:22.491+0530: 810.395: [DefNew
Desired survivor size 32768 bytes, new threshold 15 (max 15)
- age   1:         24 bytes,         24 total
- age   6:         72 bytes,         96 total
- age  12:         16 bytes,        112 total
: 503K->0K(960K), 0.0003096 secs] 5554K->5536K(10176K), 0.0003900 secs] [Times: user=0.00 sys=0.00, real=0.00 secs] 
2019-01-02T11:12:22.544+0530: 810.448: [GC (Allocation Failure) 2019-01-02T11:12:22.544+0530: 810.448: [DefNew
Desired survivor size 32768 bytes, new threshold 15 (max 15)
- age   1:        248 bytes,        248 total
- age   7:         16 bytes,        264 total
- age  13:         16 bytes,        280 total
: 840K->0K(960K), 0.0007555 secs] 6376K->5608K(10176K), 0.0009556 secs] [Times: user=0.00 sys=0.00, real=0.00 secs] 
2019-01-02T11:12:22.547+0530: 810.451: [GC (Allocation Failure) 2019-01-02T11:12:22.547+0530: 810.451: [DefNew
Desired survivor size 32768 bytes, new threshold 15 (max 15)
- age   1:         40 bytes,         40 total
- age   2:        184 bytes,        224 total
- age   8:         16 bytes,        240 total
- age  14:         16 bytes,        256 total
: 896K->0K(960K), 0.0007845 secs] 6504K->5896K(10176K), 0.0009413 secs] [Times: user=0.00 sys=0.00, real=0.00 secs] 
2019-01-02T11:12:22.549+0530: 810.453: [GC (Allocation Failure) 2019-01-02T11:12:22.550+0530: 810.453: [DefNew
Desired survivor size 32768 bytes, new threshold 15 (max 15)
- age   1:         40 bytes,         40 total
- age   3:        184 bytes,        224 total
- age   9:         16 bytes,        240 total
- age  15:         16 bytes,        256 total
: 896K->0K(960K), 0.0004042 secs] 6792K->6472K(10176K), 0.0004995 secs] [Times: user=0.00 sys=0.00, real=0.00 secs] 
2019-01-02T11:12:22.551+0530: 810.455: [GC (Allocation Failure) 2019-01-02T11:12:22.551+0530: 810.455: [DefNew
Desired survivor size 32768 bytes, new threshold 15 (max 15)
- age   1:         24 bytes,         24 total
- age   4:        184 bytes,        208 total
- age  10:         16 bytes,        224 total
: 427K->0K(960K), 0.0004824 secs] 6899K->6472K(10176K), 0.0006437 secs] [Times: user=0.00 sys=0.00, real=0.00 secs] 
2019-01-02T11:12:22.552+0530: 810.456: [GC (Allocation Failure) 2019-01-02T11:12:22.552+0530: 810.456: [DefNew
Desired survivor size 32768 bytes, new threshold 15 (max 15)
- age   2:         24 bytes,         24 total
- age   5:        184 bytes,        208 total
- age  11:         16 bytes,        224 total
: 485K->0K(960K), 0.0007697 secs] 6957K->6957K(10176K), 0.0008416 secs] [Times: user=0.00 sys=0.00, real=0.00 secs] 
2019-01-02T11:12:22.554+0530: 810.458: [GC (Allocation Failure) 2019-01-02T11:12:22.554+0530: 810.458: [DefNew
Desired survivor size 32768 bytes, new threshold 15 (max 15)
- age   1:         24 bytes,         24 total
- age   6:         72 bytes,         96 total
- age  12:         16 bytes,        112 total
: 503K->0K(960K), 0.0008319 secs] 7460K->7442K(10176K), 0.0009881 secs] [Times: user=0.00 sys=0.00, real=0.00 secs] 
2019-01-02T11:12:22.606+0530: 810.510: [GC (Allocation Failure) 2019-01-02T11:12:22.606+0530: 810.510: [DefNew
Desired survivor size 32768 bytes, new threshold 15 (max 15)
- age   1:        248 bytes,        248 total
- age   7:         16 bytes,        264 total
- age  13:         16 bytes,        280 total
: 840K->0K(960K), 0.0009499 secs] 8282K->7514K(10176K), 0.0013655 secs] [Times: user=0.00 sys=0.00, real=0.00 secs] 
2019-01-02T11:12:22.609+0530: 810.513: [GC (Allocation Failure) 2019-01-02T11:12:22.609+0530: 810.513: [DefNew
Desired survivor size 32768 bytes, new threshold 15 (max 15)
- age   2:        184 bytes,        184 total
- age   8:         16 bytes,        200 total
- age  14:         16 bytes,        216 total
: 896K->0K(960K), 0.0006374 secs] 8410K->7802K(10176K), 0.0009539 secs] [Times: user=0.00 sys=0.00, real=0.00 secs] 
2019-01-02T11:12:22.612+0530: 810.515: [GC (Allocation Failure) 2019-01-02T11:12:22.612+0530: 810.516: [DefNew
Desired survivor size 32768 bytes, new threshold 15 (max 15)
- age   1:         40 bytes,         40 total
- age   3:        184 bytes,        224 total
- age   9:         16 bytes,        240 total
- age  15:         16 bytes,        256 total
: 896K->0K(960K), 0.0010844 secs] 8698K->8378K(10176K), 0.0012504 secs] [Times: user=0.00 sys=0.00, real=0.00 secs] 
2019-01-02T11:12:22.614+0530: 810.518: [GC (Allocation Failure) 2019-01-02T11:12:22.614+0530: 810.518: [DefNew
Desired survivor size 32768 bytes, new threshold 15 (max 15)
- age   1:         24 bytes,         24 total
- age   4:        184 bytes,        208 total
- age  10:         16 bytes,        224 total
: 428K->0K(960K), 0.0002497 secs] 8806K->8378K(10176K), 0.0003079 secs] [Times: user=0.00 sys=0.00, real=0.00 secs] 
2019-01-02T11:12:22.615+0530: 810.518: [GC (Allocation Failure) 2019-01-02T11:12:22.615+0530: 810.518: [DefNew
Desired survivor size 32768 bytes, new threshold 15 (max 15)
- age   2:         24 bytes,         24 total
- age   5:        184 bytes,        208 total
- age  11:         16 bytes,        224 total
: 485K->0K(960K), 0.0003176 secs] 8863K->8863K(10176K), 0.0003740 secs] [Times: user=0.00 sys=0.00, real=0.00 secs] 
2019-01-02T11:12:22.615+0530: 810.519: [GC (Allocation Failure) 2019-01-02T11:12:22.615+0530: 810.519: [DefNew: 503K->503K(960K), 0.0000239 secs]2019-01-02T11:12:22.615+0530: 810.519: [Tenured: 8863K->1238K(9216K), 0.0061081 secs] 9366K->1238K(10176K), [Metaspace: 2520K->2520K(1056768K)], 0.0062535 secs] [Times: user=0.02 sys=0.00, real=0.01 secs] 
2019-01-02T11:12:22.673+0530: 810.576: [GC (Allocation Failure) 2019-01-02T11:12:22.673+0530: 810.576: [DefNew
Desired survivor size 32768 bytes, new threshold 15 (max 15)
- age   1:        248 bytes,        248 total
: 840K->0K(960K), 0.0012965 secs] 2079K->1796K(10176K), 0.0016403 secs] [Times: user=0.00 sys=0.00, real=0.00 secs] 
2019-01-02T11:12:22.676+0530: 810.580: [GC (Allocation Failure) 2019-01-02T11:12:22.676+0530: 810.580: [DefNew
Desired survivor size 32768 bytes, new threshold 15 (max 15)
- age   1:         40 bytes,         40 total
- age   2:        184 bytes,        224 total
: 896K->0K(960K), 0.0006049 secs] 2692K->2084K(10176K), 0.0008256 secs] [Times: user=0.00 sys=0.00, real=0.00 secs] 
2019-01-02T11:12:22.679+0530: 810.582: [GC (Allocation Failure) 2019-01-02T11:12:22.679+0530: 810.582: [DefNew
Desired survivor size 32768 bytes, new threshold 15 (max 15)
- age   1:         40 bytes,         40 total
- age   3:        184 bytes,        224 total
: 896K->0K(960K), 0.0009299 secs] 2980K->2660K(10176K), 0.0010291 secs] [Times: user=0.00 sys=0.00, real=0.00 secs] 
2019-01-02T11:12:22.681+0530: 810.584: [GC (Allocation Failure) 2019-01-02T11:12:22.681+0530: 810.584: [DefNew
Desired survivor size 32768 bytes, new threshold 15 (max 15)
- age   1:         24 bytes,         24 total
- age   4:        184 bytes,        208 total
: 427K->0K(960K), 0.0002822 secs] 3087K->2660K(10176K), 0.0003381 secs] [Times: user=0.01 sys=0.00, real=0.00 secs] 
2019-01-02T11:12:22.681+0530: 810.585: [GC (Allocation Failure) 2019-01-02T11:12:22.681+0530: 810.585: [DefNew
Desired survivor size 32768 bytes, new threshold 15 (max 15)
- age   2:         24 bytes,         24 total
- age   5:        184 bytes,        208 total
: 485K->0K(960K), 0.0002999 secs] 3145K->3145K(10176K), 0.0003501 secs] [Times: user=0.00 sys=0.00, real=0.00 secs] 
2019-01-02T11:12:22.682+0530: 810.585: [GC (Allocation Failure) 2019-01-02T11:12:22.682+0530: 810.585: [DefNew
Desired survivor size 32768 bytes, new threshold 15 (max 15)
- age   1:         24 bytes,         24 total
- age   6:         72 bytes,         96 total
: 503K->0K(960K), 0.0002834 secs] 3648K->3630K(10176K), 0.0003404 secs] [Times: user=0.00 sys=0.00, real=0.00 secs] 
2019-01-02T11:12:22.742+0530: 810.645: [GC (Allocation Failure) 2019-01-02T11:12:22.742+0530: 810.645: [DefNew
Desired survivor size 32768 bytes, new threshold 15 (max 15)
- age   1:        248 bytes,        248 total
- age   7:         16 bytes,        264 total
: 840K->0K(960K), 0.0009413 secs] 4470K->3702K(10176K), 0.0012715 secs] [Times: user=0.00 sys=0.00, real=0.00 secs] 
2019-01-02T11:12:22.745+0530: 810.648: [GC (Allocation Failure) 2019-01-02T11:12:22.745+0530: 810.648: [DefNew
Desired survivor size 32768 bytes, new threshold 15 (max 15)
- age   2:        184 bytes,        184 total
- age   8:         16 bytes,        200 total
: 896K->0K(960K), 0.0010633 secs] 4598K->3990K(10176K), 0.0012059 secs] [Times: user=0.00 sys=0.00, real=0.00 secs] 
2019-01-02T11:12:22.747+0530: 810.650: [GC (Allocation Failure) 2019-01-02T11:12:22.747+0530: 810.650: [DefNew
Desired survivor size 32768 bytes, new threshold 15 (max 15)
- age   1:         40 bytes,         40 total
- age   3:        184 bytes,        224 total
- age   9:         16 bytes,        240 total
: 896K->0K(960K), 0.0003558 secs] 4886K->4566K(10176K), 0.0004128 secs] [Times: user=0.00 sys=0.00, real=0.00 secs] 
2019-01-02T11:12:22.748+0530: 810.651: [GC (Allocation Failure) 2019-01-02T11:12:22.748+0530: 810.651: [DefNew
Desired survivor size 32768 bytes, new threshold 15 (max 15)
- age   1:         24 bytes,         24 total
- age   4:        184 bytes,        208 total
- age  10:         16 bytes,        224 total
: 428K->0K(960K), 0.0002092 secs] 4995K->4566K(10176K), 0.0002577 secs] [Times: user=0.00 sys=0.00, real=0.00 secs] 
2019-01-02T11:12:22.749+0530: 810.652: [GC (Allocation Failure) 2019-01-02T11:12:22.749+0530: 810.652: [DefNew
Desired survivor size 32768 bytes, new threshold 15 (max 15)
- age   2:         24 bytes,         24 total
- age   5:        184 bytes,        208 total
- age  11:         16 bytes,        224 total
: 485K->0K(960K), 0.0002868 secs] 5051K->5051K(10176K), 0.0003353 secs] [Times: user=0.00 sys=0.00, real=0.00 secs] 
2019-01-02T11:12:22.749+0530: 810.652: [GC (Allocation Failure) 2019-01-02T11:12:22.749+0530: 810.652: [DefNew
Desired survivor size 32768 bytes, new threshold 15 (max 15)
- age   1:         24 bytes,         24 total
- age   6:         72 bytes,         96 total
- age  12:         16 bytes,        112 total
: 503K->0K(960K), 0.0002879 secs] 5554K->5536K(10176K), 0.0003484 secs] [Times: user=0.00 sys=0.00, real=0.00 secs] 
2019-01-02T11:12:22.802+0530: 810.705: [GC (Allocation Failure) 2019-01-02T11:12:22.802+0530: 810.705: [DefNew
Desired survivor size 32768 bytes, new threshold 15 (max 15)
- age   1:        248 bytes,        248 total
- age   7:         16 bytes,        264 total
- age  13:         16 bytes,        280 total
: 841K->0K(960K), 0.0007931 secs] 6377K->5608K(10176K), 0.0011055 secs] [Times: user=0.00 sys=0.00, real=0.00 secs] 
2019-01-02T11:12:22.805+0530: 810.708: [GC (Allocation Failure) 2019-01-02T11:12:22.805+0530: 810.708: [DefNew
Desired survivor size 32768 bytes, new threshold 15 (max 15)
- age   1:         40 bytes,         40 total
- age   2:        184 bytes,        224 total
- age   8:         16 bytes,        240 total
- age  14:         16 bytes,        256 total
: 896K->0K(960K), 0.0005764 secs] 6504K->5896K(10176K), 0.0007498 secs] [Times: user=0.01 sys=0.00, real=0.00 secs] 
2019-01-02T11:12:22.807+0530: 810.710: [GC (Allocation Failure) 2019-01-02T11:12:22.807+0530: 810.710: [DefNew
Desired survivor size 32768 bytes, new threshold 15 (max 15)
- age   1:         40 bytes,         40 total
- age   3:        184 bytes,        224 total
- age   9:         16 bytes,        240 total
- age  15:         16 bytes,        256 total
: 896K->0K(960K), 0.0008484 secs] 6792K->6472K(10176K), 0.0009328 secs] [Times: user=0.00 sys=0.00, real=0.00 secs] 
2019-01-02T11:12:22.809+0530: 810.712: [GC (Allocation Failure) 2019-01-02T11:12:22.809+0530: 810.713: [DefNew
Desired survivor size 32768 bytes, new threshold 15 (max 15)
- age   1:         24 bytes,         24 total
- age   4:        184 bytes,        208 total
- age  10:         16 bytes,        224 total
: 427K->0K(960K), 0.0005645 secs] 6900K->6472K(10176K), 0.0006853 secs] [Times: user=0.00 sys=0.00, real=0.00 secs] 
2019-01-02T11:12:22.810+0530: 810.714: [GC (Allocation Failure) 2019-01-02T11:12:22.810+0530: 810.714: [DefNew
Desired survivor size 32768 bytes, new threshold 15 (max 15)
- age   2:         24 bytes,         24 total
- age   5:        184 bytes,        208 total
- age  11:         16 bytes,        224 total
: 485K->0K(960K), 0.0003683 secs] 6957K->6957K(10176K), 0.0004253 secs] [Times: user=0.00 sys=0.00, real=0.00 secs] 
2019-01-02T11:12:22.811+0530: 810.714: [GC (Allocation Failure) 2019-01-02T11:12:22.811+0530: 810.714: [DefNew
Desired survivor size 32768 bytes, new threshold 15 (max 15)
- age   1:         24 bytes,         24 total
- age   6:         72 bytes,         96 total
- age  12:         16 bytes,        112 total
: 503K->0K(960K), 0.0002936 secs] 7460K->7443K(10176K), 0.0003478 secs] [Times: user=0.00 sys=0.00, real=0.00 secs] 
2019-01-02T11:12:22.861+0530: 810.764: [GC (Allocation Failure) 2019-01-02T11:12:22.861+0530: 810.764: [DefNew
Desired survivor size 32768 bytes, new threshold 15 (max 15)
- age   1:        248 bytes,        248 total
- age   7:         16 bytes,        264 total
- age  13:         16 bytes,        280 total
: 840K->0K(960K), 0.0006808 secs] 8283K->7515K(10176K), 0.0009527 secs] [Times: user=0.00 sys=0.00, real=0.00 secs] 
2019-01-02T11:12:22.864+0530: 810.767: [GC (Allocation Failure) 2019-01-02T11:12:22.864+0530: 810.767: [DefNew
Desired survivor size 32768 bytes, new threshold 15 (max 15)
- age   2:        184 bytes,        184 total
- age   8:         16 bytes,        200 total
- age  14:         16 bytes,        216 total
: 896K->0K(960K), 0.0009864 secs] 8411K->7803K(10176K), 0.0013815 secs] [Times: user=0.00 sys=0.00, real=0.00 secs] 
2019-01-02T11:12:22.867+0530: 810.770: [GC (Allocation Failure) 2019-01-02T11:12:22.867+0530: 810.770: [DefNew
Desired survivor size 32768 bytes, new threshold 15 (max 15)
- age   1:         40 bytes,         40 total
- age   3:        184 bytes,        224 total
- age   9:         16 bytes,        240 total
- age  15:         16 bytes,        256 total
: 896K->0K(960K), 0.0020782 secs] 8699K->8379K(10176K), 0.0023895 secs] [Times: user=0.00 sys=0.00, real=0.00 secs] 
2019-01-02T11:12:22.871+0530: 810.774: [GC (Allocation Failure) 2019-01-02T11:12:22.871+0530: 810.774: [DefNew
Desired survivor size 32768 bytes, new threshold 15 (max 15)
- age   1:         24 bytes,         24 total
- age   4:        184 bytes,        208 total
- age  10:         16 bytes,        224 total
: 428K->0K(960K), 0.0004749 secs] 8807K->8379K(10176K), 0.0006585 secs] [Times: user=0.00 sys=0.00, real=0.00 secs] 
2019-01-02T11:12:22.872+0530: 810.775: [GC (Allocation Failure) 2019-01-02T11:12:22.872+0530: 810.775: [DefNew
Desired survivor size 32768 bytes, new threshold 15 (max 15)
- age   2:         24 bytes,         24 total
- age   5:        184 bytes,        208 total
- age  11:         16 bytes,        224 total
: 485K->0K(960K), 0.0006289 secs] 8864K->8864K(10176K), 0.0007480 secs] [Times: user=0.00 sys=0.00, real=0.00 secs] 
2019-01-02T11:12:22.873+0530: 810.777: [GC (Allocation Failure) 2019-01-02T11:12:22.874+0530: 810.777: [DefNew: 503K->503K(960K), 0.0000302 secs]2019-01-02T11:12:22.874+0530: 810.777: [Tenured: 8864K->1239K(9216K), 0.0036074 secs] 9367K->1239K(10176K), [Metaspace: 2520K->2520K(1056768K)], 0.0037710 secs] [Times: user=0.00 sys=0.00, real=0.00 secs] 
2019-01-02T11:12:22.932+0530: 810.835: [GC (Allocation Failure) 2019-01-02T11:12:22.932+0530: 810.836: [DefNew
Desired survivor size 32768 bytes, new threshold 15 (max 15)
- age   1:        248 bytes,        248 total
: 840K->0K(960K), 0.0010753 secs] 2079K->1796K(10176K), 0.0014995 secs] [Times: user=0.00 sys=0.00, real=0.00 secs] 
2019-01-02T11:12:22.936+0530: 810.839: [GC (Allocation Failure) 2019-01-02T11:12:22.936+0530: 810.839: [DefNew
Desired survivor size 32768 bytes, new threshold 15 (max 15)
- age   1:         40 bytes,         40 total
- age   2:        184 bytes,        224 total
: 896K->0K(960K), 0.0007241 secs] 2692K->2084K(10176K), 0.0010651 secs] [Times: user=0.00 sys=0.00, real=0.00 secs] 
2019-01-02T11:12:22.938+0530: 810.842: [GC (Allocation Failure) 2019-01-02T11:12:22.939+0530: 810.842: [DefNew
Desired survivor size 32768 bytes, new threshold 15 (max 15)
- age   1:         40 bytes,         40 total
- age   3:        184 bytes,        224 total
: 896K->0K(960K), 0.0011437 secs] 2980K->2660K(10176K), 0.0013484 secs] [Times: user=0.00 sys=0.00, real=0.00 secs] 
2019-01-02T11:12:22.941+0530: 810.844: [GC (Allocation Failure) 2019-01-02T11:12:22.941+0530: 810.844: [DefNew
Desired survivor size 32768 bytes, new threshold 15 (max 15)
- age   1:         24 bytes,         24 total
- age   4:        184 bytes,        208 total
: 427K->0K(960K), 0.0003632 secs] 3088K->2660K(10176K), 0.0004852 secs] [Times: user=0.00 sys=0.00, real=0.00 secs] 
2019-01-02T11:12:22.942+0530: 810.846: [GC (Allocation Failure) 2019-01-02T11:12:22.942+0530: 810.846: [DefNew
Desired survivor size 32768 bytes, new threshold 15 (max 15)
- age   2:         24 bytes,         24 total
- age   5:        184 bytes,        208 total
: 485K->0K(960K), 0.0003592 secs] 3145K->3145K(10176K), 0.0004635 secs] [Times: user=0.00 sys=0.00, real=0.00 secs] 
2019-01-02T11:12:22.943+0530: 810.847: [GC (Allocation Failure) 2019-01-02T11:12:22.943+0530: 810.847: [DefNew
Desired survivor size 32768 bytes, new threshold 15 (max 15)
- age   1:         24 bytes,         24 total
- age   6:         72 bytes,         96 total
: 503K->0K(960K), 0.0003233 secs] 3648K->3630K(10176K), 0.0003951 secs] [Times: user=0.00 sys=0.00, real=0.00 secs] 
2019-01-02T11:12:23.005+0530: 810.908: [GC (Allocation Failure) 2019-01-02T11:12:23.005+0530: 810.908: [DefNew
Desired survivor size 32768 bytes, new threshold 15 (max 15)
- age   1:        248 bytes,        248 total
- age   7:         16 bytes,        264 total
: 840K->0K(960K), 0.0012179 secs] 4471K->3702K(10176K), 0.0015771 secs] [Times: user=0.00 sys=0.00, real=0.00 secs] 
2019-01-02T11:12:23.008+0530: 810.912: [GC (Allocation Failure) 2019-01-02T11:12:23.008+0530: 810.912: [DefNew
Desired survivor size 32768 bytes, new threshold 15 (max 15)
- age   2:        184 bytes,        184 total
- age   8:         16 bytes,        200 total
: 896K->0K(960K), 0.0007435 secs] 4598K->3990K(10176K), 0.0009368 secs] [Times: user=0.01 sys=0.00, real=0.00 secs] 
2019-01-02T11:12:23.011+0530: 810.914: [GC (Allocation Failure) 2019-01-02T11:12:23.011+0530: 810.914: [DefNew
Desired survivor size 32768 bytes, new threshold 15 (max 15)
- age   1:         40 bytes,         40 total
- age   3:        184 bytes,        224 total
- age   9:         16 bytes,        240 total
: 896K->0K(960K), 0.0012042 secs] 4886K->4566K(10176K), 0.0014043 secs] [Times: user=0.00 sys=0.00, real=0.00 secs] 
2019-01-02T11:12:23.014+0530: 810.917: [GC (Allocation Failure) 2019-01-02T11:12:23.014+0530: 810.917: [DefNew
Desired survivor size 32768 bytes, new threshold 15 (max 15)
- age   1:         24 bytes,         24 total
- age   4:        184 bytes,        208 total
- age  10:         16 bytes,        224 total
: 428K->0K(960K), 0.0003079 secs] 4995K->4566K(10176K), 0.0003911 secs] [Times: user=0.00 sys=0.00, real=0.00 secs] 
2019-01-02T11:12:23.015+0530: 810.918: [GC (Allocation Failure) 2019-01-02T11:12:23.015+0530: 810.918: [DefNew
Desired survivor size 32768 bytes, new threshold 15 (max 15)
- age   2:         24 bytes,         24 total
- age   5:        184 bytes,        208 total
- age  11:         16 bytes,        224 total
: 485K->0K(960K), 0.0003353 secs] 5052K->5052K(10176K), 0.0004065 secs] [Times: user=0.00 sys=0.00, real=0.00 secs] 
2019-01-02T11:12:23.015+0530: 810.919: [GC (Allocation Failure) 2019-01-02T11:12:23.015+0530: 810.919: [DefNew
Desired survivor size 32768 bytes, new threshold 15 (max 15)
- age   1:         24 bytes,         24 total
- age   6:         72 bytes,         96 total
- age  12:         16 bytes,        112 total
: 503K->0K(960K), 0.0003353 secs] 5555K->5537K(10176K), 0.0004065 secs] [Times: user=0.00 sys=0.00, real=0.00 secs] 
2019-01-02T11:12:23.071+0530: 810.975: [GC (Allocation Failure) 2019-01-02T11:12:23.071+0530: 810.975: [DefNew
Desired survivor size 32768 bytes, new threshold 15 (max 15)
- age   1:        248 bytes,        248 total
- age   7:         16 bytes,        264 total
- age  13:         16 bytes,        280 total
: 841K->0K(960K), 0.0003398 secs] 6378K->5609K(10176K), 0.0004692 secs] [Times: user=0.00 sys=0.00, real=0.00 secs] 
2019-01-02T11:12:23.073+0530: 810.977: [GC (Allocation Failure) 2019-01-02T11:12:23.073+0530: 810.977: [DefNew
Desired survivor size 32768 bytes, new threshold 15 (max 15)
- age   1:         40 bytes,         40 total
- age   2:        184 bytes,        224 total
- age   8:         16 bytes,        240 total
- age  14:         16 bytes,        256 total
: 896K->0K(960K), 0.0005679 secs] 6505K->5897K(10176K), 0.0007332 secs] [Times: user=0.00 sys=0.00, real=0.00 secs] 
2019-01-02T11:12:23.076+0530: 810.979: [GC (Allocation Failure) 2019-01-02T11:12:23.076+0530: 810.979: [DefNew
Desired survivor size 32768 bytes, new threshold 15 (max 15)
- age   1:         40 bytes,         40 total
- age   3:        184 bytes,        224 total
- age   9:         16 bytes,        240 total
- age  15:         16 bytes,        256 total
: 896K->0K(960K), 0.0009710 secs] 6793K->6473K(10176K), 0.0012601 secs] [Times: user=0.00 sys=0.00, real=0.00 secs] 
2019-01-02T11:12:23.078+0530: 810.982: [GC (Allocation Failure) 2019-01-02T11:12:23.078+0530: 810.982: [DefNew
Desired survivor size 32768 bytes, new threshold 15 (max 15)
- age   1:         24 bytes,         24 total
- age   4:        184 bytes,        208 total
- age  10:         16 bytes,        224 total
: 427K->0K(960K), 0.0008501 secs] 6901K->6473K(10176K), 0.0010799 secs] [Times: user=0.00 sys=0.00, real=0.00 secs] 
2019-01-02T11:12:23.080+0530: 810.983: [GC (Allocation Failure) 2019-01-02T11:12:23.080+0530: 810.983: [DefNew
Desired survivor size 32768 bytes, new threshold 15 (max 15)
- age   2:         24 bytes,         24 total
- age   5:        184 bytes,        208 total
- age  11:         16 bytes,        224 total
: 485K->0K(960K), 0.0003603 secs] 6958K->6958K(10176K), 0.0004459 secs] [Times: user=0.00 sys=0.00, real=0.00 secs] 
2019-01-02T11:12:23.081+0530: 810.984: [GC (Allocation Failure) 2019-01-02T11:12:23.081+0530: 810.984: [DefNew
Desired survivor size 32768 bytes, new threshold 15 (max 15)
- age   1:         24 bytes,         24 total
- age   6:         72 bytes,         96 total
- age  12:         16 bytes,        112 total
: 503K->0K(960K), 0.0003318 secs] 7461K->7443K(10176K), 0.0004031 secs] [Times: user=0.00 sys=0.00, real=0.00 secs] 
2019-01-02T11:12:23.137+0530: 811.040: [GC (Allocation Failure) 2019-01-02T11:12:23.137+0530: 811.040: [DefNew
Desired survivor size 32768 bytes, new threshold 15 (max 15)
- age   1:        248 bytes,        248 total
- age   7:         16 bytes,        264 total
- age  13:         16 bytes,        280 total
: 840K->0K(960K), 0.0011797 secs] 8284K->7515K(10176K), 0.0014505 secs] [Times: user=0.00 sys=0.00, real=0.00 secs] 
2019-01-02T11:12:23.140+0530: 811.043: [GC (Allocation Failure) 2019-01-02T11:12:23.140+0530: 811.043: [DefNew
Desired survivor size 32768 bytes, new threshold 15 (max 15)
- age   2:        184 bytes,        184 total
- age   8:         16 bytes,        200 total
- age  14:         16 bytes,        216 total
: 896K->0K(960K), 0.0013034 secs] 8411K->7803K(10176K), 0.0014995 secs] [Times: user=0.00 sys=0.00, real=0.00 secs] 
2019-01-02T11:12:23.143+0530: 811.046: [GC (Allocation Failure) 2019-01-02T11:12:23.143+0530: 811.047: [DefNew
Desired survivor size 32768 bytes, new threshold 15 (max 15)
- age   1:         40 bytes,         40 total
- age   3:        184 bytes,        224 total
- age   9:         16 bytes,        240 total
- age  15:         16 bytes,        256 total
: 896K->0K(960K), 0.0008416 secs] 8699K->8379K(10176K), 0.0010993 secs] [Times: user=0.00 sys=0.00, real=0.00 secs] 
2019-01-02T11:12:23.146+0530: 811.049: [GC (Allocation Failure) 2019-01-02T11:12:23.146+0530: 811.049: [DefNew
Desired survivor size 32768 bytes, new threshold 15 (max 15)
- age   1:         24 bytes,         24 total
- age   4:        184 bytes,        208 total
- age  10:         16 bytes,        224 total
: 428K->0K(960K), 0.0007731 secs] 8808K->8379K(10176K), 0.0009043 secs] [Times: user=0.00 sys=0.00, real=0.00 secs] 
2019-01-02T11:12:23.147+0530: 811.051: [GC (Allocation Failure) 2019-01-02T11:12:23.147+0530: 811.051: [DefNew
Desired survivor size 32768 bytes, new threshold 15 (max 15)
- age   2:         24 bytes,         24 total
- age   5:        184 bytes,        208 total
- age  11:         16 bytes,        224 total
: 485K->0K(960K), 0.0003581 secs] 8865K->8865K(10176K), 0.0004350 secs] [Times: user=0.00 sys=0.00, real=0.00 secs] 
2019-01-02T11:12:23.148+0530: 811.051: [GC (Allocation Failure) 2019-01-02T11:12:23.148+0530: 811.051: [DefNew: 503K->503K(960K), 0.0000291 secs]2019-01-02T11:12:23.148+0530: 811.051: [Tenured: 8864K->1239K(9216K), 0.0037841 secs] 9368K->1239K(10176K), [Metaspace: 2520K->2520K(1056768K)], 0.0039381 secs] [Times: user=0.02 sys=0.00, real=0.00 secs] 
2019-01-02T11:12:23.215+0530: 811.119: [GC (Allocation Failure) 2019-01-02T11:12:23.215+0530: 811.119: [DefNew
Desired survivor size 32768 bytes, new threshold 15 (max 15)
- age   1:        248 bytes,        248 total
: 841K->0K(960K), 0.0010588 secs] 2080K->1796K(10176K), 0.0013490 secs] [Times: user=0.00 sys=0.00, real=0.00 secs] 
2019-01-02T11:12:23.218+0530: 811.122: [GC (Allocation Failure) 2019-01-02T11:12:23.218+0530: 811.122: [DefNew
Desired survivor size 32768 bytes, new threshold 15 (max 15)
- age   1:         40 bytes,         40 total
- age   2:        184 bytes,        224 total
: 896K->0K(960K), 0.0005012 secs] 2692K->2084K(10176K), 0.0006380 secs] [Times: user=0.00 sys=0.00, real=0.00 secs] 
2019-01-02T11:12:23.220+0530: 811.123: [GC (Allocation Failure) 2019-01-02T11:12:23.220+0530: 811.123: [DefNew
Desired survivor size 32768 bytes, new threshold 15 (max 15)
- age   1:         40 bytes,         40 total
- age   3:        184 bytes,        224 total
: 896K->0K(960K), 0.0015320 secs] 2980K->2660K(10176K), 0.0018433 secs] [Times: user=0.00 sys=0.00, real=0.00 secs] 
2019-01-02T11:12:23.223+0530: 811.126: [GC (Allocation Failure) 2019-01-02T11:12:23.223+0530: 811.126: [DefNew
Desired survivor size 32768 bytes, new threshold 15 (max 15)
- age   1:         24 bytes,         24 total
- age   4:        184 bytes,        208 total
: 427K->0K(960K), 0.0004732 secs] 3088K->2660K(10176K), 0.0005610 secs] [Times: user=0.00 sys=0.00, real=0.00 secs] 
2019-01-02T11:12:23.224+0530: 811.127: [GC (Allocation Failure) 2019-01-02T11:12:23.224+0530: 811.128: [DefNew
Desired survivor size 32768 bytes, new threshold 15 (max 15)
- age   2:         24 bytes,         24 total
- age   5:        184 bytes,        208 total
: 485K->0K(960K), 0.0007281 secs] 3145K->3145K(10176K), 0.0007920 secs] [Times: user=0.00 sys=0.00, real=0.00 secs] 
2019-01-02T11:12:23.225+0530: 811.129: [GC (Allocation Failure) 2019-01-02T11:12:23.225+0530: 811.129: [DefNew
Desired survivor size 32768 bytes, new threshold 15 (max 15)
- age   1:         24 bytes,         24 total
- age   6:         72 bytes,         96 total
: 503K->0K(960K), 0.0002948 secs] 3649K->3631K(10176K), 0.0003461 secs] [Times: user=0.00 sys=0.00, real=0.00 secs] 
2019-01-02T11:12:23.275+0530: 811.178: [GC (Allocation Failure) 2019-01-02T11:12:23.275+0530: 811.179: [DefNew
Desired survivor size 32768 bytes, new threshold 15 (max 15)
- age   1:        248 bytes,        248 total
- age   7:         16 bytes,        264 total
: 840K->0K(960K), 0.0005947 secs] 4471K->3703K(10176K), 0.0007406 secs] [Times: user=0.00 sys=0.00, real=0.00 secs] 
2019-01-02T11:12:23.277+0530: 811.181: [GC (Allocation Failure) 2019-01-02T11:12:23.277+0530: 811.181: [DefNew
Desired survivor size 32768 bytes, new threshold 15 (max 15)
- age   2:        184 bytes,        184 total
- age   8:         16 bytes,        200 total
: 896K->0K(960K), 0.0008723 secs] 4599K->3991K(10176K), 0.0010765 secs] [Times: user=0.00 sys=0.00, real=0.00 secs] 
2019-01-02T11:12:23.280+0530: 811.183: [GC (Allocation Failure) 2019-01-02T11:12:23.280+0530: 811.183: [DefNew
Desired survivor size 32768 bytes, new threshold 15 (max 15)
- age   1:         40 bytes,         40 total
- age   3:        184 bytes,        224 total
- age   9:         16 bytes,        240 total
: 896K->0K(960K), 0.0011968 secs] 4887K->4567K(10176K), 0.0013376 secs] [Times: user=0.00 sys=0.00, real=0.00 secs] 
2019-01-02T11:12:23.282+0530: 811.186: [GC (Allocation Failure) 2019-01-02T11:12:23.282+0530: 811.186: [DefNew
Desired survivor size 32768 bytes, new threshold 15 (max 15)
- age   1:         24 bytes,         24 total
- age   4:        184 bytes,        208 total
- age  10:         16 bytes,        224 total
: 428K->0K(960K), 0.0003906 secs] 4995K->4567K(10176K), 0.0004698 secs] [Times: user=0.00 sys=0.00, real=0.00 secs] 
2019-01-02T11:12:23.283+0530: 811.187: [GC (Allocation Failure) 2019-01-02T11:12:23.283+0530: 811.187: [DefNew
Desired survivor size 32768 bytes, new threshold 15 (max 15)
- age   2:         24 bytes,         24 total
- age   5:        184 bytes,        208 total
- age  11:         16 bytes,        224 total
: 485K->0K(960K), 0.0003062 secs] 5052K->5052K(10176K), 0.0003592 secs] [Times: user=0.00 sys=0.00, real=0.00 secs] 
2019-01-02T11:12:23.284+0530: 811.187: [GC (Allocation Failure) 2019-01-02T11:12:23.284+0530: 811.187: [DefNew
Desired survivor size 32768 bytes, new threshold 15 (max 15)
- age   1:         24 bytes,         24 total
- age   6:         72 bytes,         96 total
- age  12:         16 bytes,        112 total
: 503K->0K(960K), 0.0002908 secs] 5555K->5537K(10176K), 0.0003404 secs] [Times: user=0.00 sys=0.00, real=0.00 secs] 
2019-01-02T11:12:23.338+0530: 811.241: [GC (Allocation Failure) 2019-01-02T11:12:23.338+0530: 811.241: [DefNew
Desired survivor size 32768 bytes, new threshold 15 (max 15)
- age   1:        248 bytes,        248 total
- age   7:         16 bytes,        264 total
- age  13:         16 bytes,        280 total
: 841K->0K(960K), 0.0007178 secs] 6378K->5610K(10176K), 0.0012167 secs] [Times: user=0.00 sys=0.00, real=0.00 secs] 
2019-01-02T11:12:23.341+0530: 811.244: [GC (Allocation Failure) 2019-01-02T11:12:23.341+0530: 811.245: [DefNew
Desired survivor size 32768 bytes, new threshold 15 (max 15)
- age   1:         40 bytes,         40 total
- age   2:        184 bytes,        224 total
- age   8:         16 bytes,        240 total
- age  14:         16 bytes,        256 total
: 896K->0K(960K), 0.0006055 secs] 6506K->5898K(10176K), 0.0008319 secs] [Times: user=0.00 sys=0.00, real=0.00 secs] 
2019-01-02T11:12:23.343+0530: 811.246: [GC (Allocation Failure) 2019-01-02T11:12:23.343+0530: 811.246: [DefNew
Desired survivor size 32768 bytes, new threshold 15 (max 15)
- age   1:         40 bytes,         40 total
- age   3:        184 bytes,        224 total
- age   9:         16 bytes,        240 total
- age  15:         16 bytes,        256 total
: 896K->0K(960K), 0.0006295 secs] 6794K->6474K(10176K), 0.0007680 secs] [Times: user=0.00 sys=0.00, real=0.00 secs] 
2019-01-02T11:12:23.345+0530: 811.248: [GC (Allocation Failure) 2019-01-02T11:12:23.345+0530: 811.248: [DefNew
Desired survivor size 32768 bytes, new threshold 15 (max 15)
- age   1:         24 bytes,         24 total
- age   4:        184 bytes,        208 total
- age  10:         16 bytes,        224 total
: 427K->0K(960K), 0.0006249 secs] 6901K->6474K(10176K), 0.0007959 secs] [Times: user=0.00 sys=0.00, real=0.00 secs] 
2019-01-02T11:12:23.346+0530: 811.250: [GC (Allocation Failure) 2019-01-02T11:12:23.346+0530: 811.250: [DefNew
Desired survivor size 32768 bytes, new threshold 15 (max 15)
- age   2:         24 bytes,         24 total
- age   5:        184 bytes,        208 total
- age  11:         16 bytes,        224 total
: 485K->0K(960K), 0.0003330 secs] 6959K->6959K(10176K), 0.0004077 secs] [Times: user=0.00 sys=0.00, real=0.00 secs] 
2019-01-02T11:12:23.347+0530: 811.251: [GC (Allocation Failure) 2019-01-02T11:12:23.347+0530: 811.251: [DefNew
Desired survivor size 32768 bytes, new threshold 15 (max 15)
- age   1:         24 bytes,         24 total
- age   6:         72 bytes,         96 total
- age  12:         16 bytes,        112 total
: 503K->0K(960K), 0.0003153 secs] 7462K->7444K(10176K), 0.0003866 secs] [Times: user=0.00 sys=0.00, real=0.00 secs] 
2019-01-02T11:12:23.402+0530: 811.305: [GC (Allocation Failure) 2019-01-02T11:12:23.402+0530: 811.305: [DefNew
Desired survivor size 32768 bytes, new threshold 15 (max 15)
- age   1:        248 bytes,        248 total
- age   7:         16 bytes,        264 total
- age  13:         16 bytes,        280 total
: 840K->0K(960K), 0.0009145 secs] 8285K->7516K(10176K), 0.0013439 secs] [Times: user=0.00 sys=0.00, real=0.00 secs] 
2019-01-02T11:12:23.405+0530: 811.308: [GC (Allocation Failure) 2019-01-02T11:12:23.405+0530: 811.309: [DefNew
Desired survivor size 32768 bytes, new threshold 15 (max 15)
- age   2:        184 bytes,        184 total
- age   8:         16 bytes,        200 total
- age  14:         16 bytes,        216 total
: 896K->0K(960K), 0.0008912 secs] 8412K->7804K(10176K), 0.0012777 secs] [Times: user=0.00 sys=0.00, real=0.00 secs] 
2019-01-02T11:12:23.408+0530: 811.311: [GC (Allocation Failure) 2019-01-02T11:12:23.408+0530: 811.311: [DefNew
Desired survivor size 32768 bytes, new threshold 15 (max 15)
- age   1:         40 bytes,         40 total
- age   3:        184 bytes,        224 total
- age   9:         16 bytes,        240 total
- age  15:         16 bytes,        256 total
: 896K->0K(960K), 0.0007076 secs] 8700K->8380K(10176K), 0.0009145 secs] [Times: user=0.00 sys=0.00, real=0.00 secs] 
2019-01-02T11:12:23.410+0530: 811.313: [GC (Allocation Failure) 2019-01-02T11:12:23.410+0530: 811.313: [DefNew
Desired survivor size 32768 bytes, new threshold 15 (max 15)
- age   1:         24 bytes,         24 total
- age   4:        184 bytes,        208 total
- age  10:         16 bytes,        224 total
: 428K->0K(960K), 0.0006397 secs] 8809K->8380K(10176K), 0.0007891 secs] [Times: user=0.00 sys=0.00, real=0.00 secs] 
2019-01-02T11:12:23.411+0530: 811.315: [GC (Allocation Failure) 2019-01-02T11:12:23.411+0530: 811.315: [DefNew
Desired survivor size 32768 bytes, new threshold 15 (max 15)
- age   2:         24 bytes,         24 total
- age   5:        184 bytes,        208 total
- age  11:         16 bytes,        224 total
: 485K->0K(960K), 0.0003364 secs] 8866K->8866K(10176K), 0.0004077 secs] [Times: user=0.00 sys=0.00, real=0.00 secs] 
2019-01-02T11:12:23.412+0530: 811.315: [GC (Allocation Failure) 2019-01-02T11:12:23.412+0530: 811.315: [DefNew: 503K->503K(960K), 0.0000279 secs]2019-01-02T11:12:23.412+0530: 811.315: [Tenured: 8865K->1239K(9216K), 0.0036285 secs] 9369K->1239K(10176K), [Metaspace: 2520K->2520K(1056768K)], 0.0037779 secs] [Times: user=0.02 sys=0.00, real=0.00 secs] 
2019-01-02T11:12:23.472+0530: 811.375: [GC (Allocation Failure) 2019-01-02T11:12:23.472+0530: 811.375: [DefNew
Desired survivor size 32768 bytes, new threshold 15 (max 15)
- age   1:        248 bytes,        248 total
: 841K->0K(960K), 0.0012532 secs] 2080K->1796K(10176K), 0.0017299 secs] [Times: user=0.00 sys=0.00, real=0.00 secs] 
2019-01-02T11:12:23.476+0530: 811.379: [GC (Allocation Failure) 2019-01-02T11:12:23.476+0530: 811.379: [DefNew
Desired survivor size 32768 bytes, new threshold 15 (max 15)
- age   1:         40 bytes,         40 total
- age   2:        184 bytes,        224 total
: 896K->0K(960K), 0.0010919 secs] 2692K->2084K(10176K), 0.0014476 secs] [Times: user=0.01 sys=0.00, real=0.00 secs] 
2019-01-02T11:12:23.478+0530: 811.382: [GC (Allocation Failure) 2019-01-02T11:12:23.479+0530: 811.382: [DefNew
Desired survivor size 32768 bytes, new threshold 15 (max 15)
- age   1:         40 bytes,         40 total
- age   3:        184 bytes,        224 total
: 896K->0K(960K), 0.0008233 secs] 2980K->2660K(10176K), 0.0009641 secs] [Times: user=0.00 sys=0.00, real=0.00 secs] 
2019-01-02T11:12:23.481+0530: 811.384: [GC (Allocation Failure) 2019-01-02T11:12:23.481+0530: 811.384: [DefNew
Desired survivor size 32768 bytes, new threshold 15 (max 15)
- age   1:         24 bytes,         24 total
- age   4:        184 bytes,        208 total
: 427K->0K(960K), 0.0005736 secs] 3088K->2660K(10176K), 0.0007167 secs] [Times: user=0.00 sys=0.00, real=0.00 secs] 
2019-01-02T11:12:23.482+0530: 811.386: [GC (Allocation Failure) 2019-01-02T11:12:23.482+0530: 811.386: [DefNew
Desired survivor size 32768 bytes, new threshold 15 (max 15)
- age   2:         24 bytes,         24 total
- age   5:        184 bytes,        208 total
: 485K->0K(960K), 0.0005109 secs] 3146K->3146K(10176K), 0.0006340 secs] [Times: user=0.00 sys=0.00, real=0.00 secs] 
2019-01-02T11:12:23.483+0530: 811.387: [GC (Allocation Failure) 2019-01-02T11:12:23.483+0530: 811.387: [DefNew
Desired survivor size 32768 bytes, new threshold 15 (max 15)
- age   1:         24 bytes,         24 total
- age   6:         72 bytes,         96 total
: 503K->0K(960K), 0.0003267 secs] 3649K->3631K(10176K), 0.0003997 secs] [Times: user=0.00 sys=0.00, real=0.00 secs] 
2019-01-02T11:12:23.538+0530: 811.442: [GC (Allocation Failure) 2019-01-02T11:12:23.538+0530: 811.442: [DefNew
Desired survivor size 32768 bytes, new threshold 15 (max 15)
- age   1:        248 bytes,        248 total
- age   7:         16 bytes,        264 total
: 840K->0K(960K), 0.0012703 secs] 4472K->3703K(10176K), 0.0015252 secs] [Times: user=0.02 sys=0.00, real=0.00 secs] 
2019-01-02T11:12:23.542+0530: 811.445: [GC (Allocation Failure) 2019-01-02T11:12:23.542+0530: 811.445: [DefNew
Desired survivor size 32768 bytes, new threshold 15 (max 15)
- age   2:        184 bytes,        184 total
- age   8:         16 bytes,        200 total
: 896K->0K(960K), 0.0006072 secs] 4599K->3991K(10176K), 0.0008210 secs] [Times: user=0.00 sys=0.00, real=0.00 secs] 
2019-01-02T11:12:23.544+0530: 811.447: [GC (Allocation Failure) 2019-01-02T11:12:23.544+0530: 811.448: [DefNew
Desired survivor size 32768 bytes, new threshold 15 (max 15)
- age   1:         40 bytes,         40 total
- age   3:        184 bytes,        224 total
- age   9:         16 bytes,        240 total
: 896K->0K(960K), 0.0011078 secs] 4887K->4567K(10176K), 0.0013108 secs] [Times: user=0.00 sys=0.00, real=0.00 secs] 
2019-01-02T11:12:23.547+0530: 811.450: [GC (Allocation Failure) 2019-01-02T11:12:23.547+0530: 811.450: [DefNew
Desired survivor size 32768 bytes, new threshold 15 (max 15)
- age   1:         24 bytes,         24 total
- age   4:        184 bytes,        208 total
- age  10:         16 bytes,        224 total
: 428K->0K(960K), 0.0007059 secs] 4996K->4567K(10176K), 0.0008125 secs] [Times: user=0.00 sys=0.00, real=0.00 secs] 
2019-01-02T11:12:23.548+0530: 811.452: [GC (Allocation Failure) 2019-01-02T11:12:23.548+0530: 811.452: [DefNew
Desired survivor size 32768 bytes, new threshold 15 (max 15)
- age   2:         24 bytes,         24 total
- age   5:        184 bytes,        208 total
- age  11:         16 bytes,        224 total
: 485K->0K(960K), 0.0003410 secs] 5053K->5053K(10176K), 0.0004139 secs] [Times: user=0.00 sys=0.00, real=0.00 secs] 
2019-01-02T11:12:23.549+0530: 811.452: [GC (Allocation Failure) 2019-01-02T11:12:23.549+0530: 811.452: [DefNew
Desired survivor size 32768 bytes, new threshold 15 (max 15)
- age   1:         24 bytes,         24 total
- age   6:         72 bytes,         96 total
- age  12:         16 bytes,        112 total
: 503K->0K(960K), 0.0003085 secs] 5556K->5538K(10176K), 0.0003786 secs] [Times: user=0.00 sys=0.00, real=0.00 secs] 
2019-01-02T11:12:23.606+0530: 811.509: [GC (Allocation Failure) 2019-01-02T11:12:23.606+0530: 811.509: [DefNew
Desired survivor size 32768 bytes, new threshold 15 (max 15)
- age   1:        248 bytes,        248 total
- age   7:         16 bytes,        264 total
- age  13:         16 bytes,        280 total
: 841K->0K(960K), 0.0008113 secs] 6379K->5610K(10176K), 0.0012367 secs] [Times: user=0.00 sys=0.00, real=0.00 secs] 
2019-01-02T11:12:23.609+0530: 811.512: [GC (Allocation Failure) 2019-01-02T11:12:23.609+0530: 811.512: [DefNew
Desired survivor size 32768 bytes, new threshold 15 (max 15)
- age   1:         40 bytes,         40 total
- age   2:        184 bytes,        224 total
- age   8:         16 bytes,        240 total
- age  14:         16 bytes,        256 total
: 896K->0K(960K), 0.0006734 secs] 6506K->5898K(10176K), 0.0007897 secs] [Times: user=0.00 sys=0.00, real=0.00 secs] 
2019-01-02T11:12:23.611+0530: 811.514: [GC (Allocation Failure) 2019-01-02T11:12:23.611+0530: 811.514: [DefNew
Desired survivor size 32768 bytes, new threshold 15 (max 15)
- age   1:         40 bytes,         40 total
- age   3:        184 bytes,        224 total
- age   9:         16 bytes,        240 total
- age  15:         16 bytes,        256 total
: 896K->0K(960K), 0.0013530 secs] 6794K->6474K(10176K), 0.0015007 secs] [Times: user=0.00 sys=0.00, real=0.00 secs] 
2019-01-02T11:12:23.614+0530: 811.517: [GC (Allocation Failure) 2019-01-02T11:12:23.614+0530: 811.517: [DefNew
Desired survivor size 32768 bytes, new threshold 15 (max 15)
- age   1:         24 bytes,         24 total
- age   4:        184 bytes,        208 total
- age  10:         16 bytes,        224 total
: 427K->0K(960K), 0.0008016 secs] 6902K->6474K(10176K), 0.0009402 secs] [Times: user=0.00 sys=0.00, real=0.00 secs] 
2019-01-02T11:12:23.615+0530: 811.518: [GC (Allocation Failure) 2019-01-02T11:12:23.615+0530: 811.518: [DefNew
Desired survivor size 32768 bytes, new threshold 15 (max 15)
- age   2:         24 bytes,         24 total
- age   5:        184 bytes,        208 total
- age  11:         16 bytes,        224 total
: 485K->0K(960K), 0.0003318 secs] 6959K->6959K(10176K), 0.0004037 secs] [Times: user=0.00 sys=0.00, real=0.00 secs] 
2019-01-02T11:12:23.616+0530: 811.519: [GC (Allocation Failure) 2019-01-02T11:12:23.616+0530: 811.519: [DefNew
Desired survivor size 32768 bytes, new threshold 15 (max 15)
- age   1:         24 bytes,         24 total
- age   6:         72 bytes,         96 total
- age  12:         16 bytes,        112 total
: 503K->0K(960K), 0.0003256 secs] 7463K->7445K(10176K), 0.0004025 secs] [Times: user=0.00 sys=0.00, real=0.00 secs] 
2019-01-02T11:12:23.672+0530: 811.576: [GC (Allocation Failure) 2019-01-02T11:12:23.672+0530: 811.576: [DefNew
Desired survivor size 32768 bytes, new threshold 15 (max 15)
- age   1:        248 bytes,        248 total
- age   7:         16 bytes,        264 total
- age  13:         16 bytes,        280 total
: 840K->0K(960K), 0.0010383 secs] 8285K->7517K(10176K), 0.0014334 secs] [Times: user=0.00 sys=0.00, real=0.00 secs] 
2019-01-02T11:12:23.677+0530: 811.580: [GC (Allocation Failure) 2019-01-02T11:12:23.677+0530: 811.580: [DefNew
Desired survivor size 32768 bytes, new threshold 15 (max 15)
- age   2:        184 bytes,        184 total
- age   8:         16 bytes,        200 total
- age  14:         16 bytes,        216 total
: 896K->0K(960K), 0.0008627 secs] 8413K->7805K(10176K), 0.0010194 secs] [Times: user=0.00 sys=0.00, real=0.00 secs] 
2019-01-02T11:12:23.679+0530: 811.582: [GC (Allocation Failure) 2019-01-02T11:12:23.679+0530: 811.583: [DefNew
Desired survivor size 32768 bytes, new threshold 15 (max 15)
- age   1:         40 bytes,         40 total
- age   3:        184 bytes,        224 total
- age   9:         16 bytes,        240 total
- age  15:         16 bytes,        256 total
: 896K->0K(960K), 0.0015446 secs] 8701K->8381K(10176K), 0.0018182 secs] [Times: user=0.00 sys=0.00, real=0.00 secs] 
2019-01-02T11:12:23.682+0530: 811.585: [GC (Allocation Failure) 2019-01-02T11:12:23.682+0530: 811.585: [DefNew
Desired survivor size 32768 bytes, new threshold 15 (max 15)
- age   1:         24 bytes,         24 total
- age   4:        184 bytes,        208 total
- age  10:         16 bytes,        224 total
: 428K->0K(960K), 0.0002583 secs] 8809K->8381K(10176K), 0.0003187 secs] [Times: user=0.00 sys=0.00, real=0.00 secs] 
2019-01-02T11:12:23.683+0530: 811.586: [GC (Allocation Failure) 2019-01-02T11:12:23.683+0530: 811.586: [DefNew
Desired survivor size 32768 bytes, new threshold 15 (max 15)
- age   2:         24 bytes,         24 total
- age   5:        184 bytes,        208 total
- age  11:         16 bytes,        224 total
: 485K->0K(960K), 0.0003193 secs] 8866K->8866K(10176K), 0.0003717 secs] [Times: user=0.00 sys=0.00, real=0.00 secs] 
2019-01-02T11:12:23.683+0530: 811.587: [GC (Allocation Failure) 2019-01-02T11:12:23.683+0530: 811.587: [DefNew: 503K->503K(960K), 0.0000257 secs]2019-01-02T11:12:23.683+0530: 811.587: [Tenured: 8866K->1239K(9216K), 0.0036975 secs] 9370K->1239K(10176K), [Metaspace: 2520K->2520K(1056768K)], 0.0038326 secs] [Times: user=0.00 sys=0.00, real=0.00 secs] 
2019-01-02T11:12:23.741+0530: 811.645: [GC (Allocation Failure) 2019-01-02T11:12:23.742+0530: 811.645: [DefNew
Desired survivor size 32768 bytes, new threshold 15 (max 15)
- age   1:        248 bytes,        248 total
: 841K->0K(960K), 0.0014340 secs] 2080K->1797K(10176K), 0.0019408 secs] [Times: user=0.01 sys=0.00, real=0.00 secs] 
2019-01-02T11:12:23.745+0530: 811.649: [GC (Allocation Failure) 2019-01-02T11:12:23.745+0530: 811.649: [DefNew
Desired survivor size 32768 bytes, new threshold 15 (max 15)
- age   1:         40 bytes,         40 total
- age   2:        184 bytes,        224 total
: 896K->0K(960K), 0.0007520 secs] 2693K->2085K(10176K), 0.0009288 secs] [Times: user=0.00 sys=0.00, real=0.00 secs] 
2019-01-02T11:12:23.748+0530: 811.651: [GC (Allocation Failure) 2019-01-02T11:12:23.748+0530: 811.651: [DefNew
Desired survivor size 32768 bytes, new threshold 15 (max 15)
- age   1:         40 bytes,         40 total
- age   3:        184 bytes,        224 total
: 896K->0K(960K), 0.0013188 secs] 2981K->2661K(10176K), 0.0015132 secs] [Times: user=0.00 sys=0.00, real=0.00 secs] 
2019-01-02T11:12:23.750+0530: 811.654: [GC (Allocation Failure) 2019-01-02T11:12:23.750+0530: 811.654: [DefNew
Desired survivor size 32768 bytes, new threshold 15 (max 15)
- age   1:         24 bytes,         24 total
- age   4:        184 bytes,        208 total
: 427K->0K(960K), 0.0003370 secs] 3088K->2661K(10176K), 0.0004196 secs] [Times: user=0.00 sys=0.00, real=0.00 secs] 
2019-01-02T11:12:23.751+0530: 811.655: [GC (Allocation Failure) 2019-01-02T11:12:23.751+0530: 811.655: [DefNew
Desired survivor size 32768 bytes, new threshold 15 (max 15)
- age   2:         24 bytes,         24 total
- age   5:        184 bytes,        208 total
: 485K->0K(960K), 0.0004373 secs] 3146K->3146K(10176K), 0.0005200 secs] [Times: user=0.00 sys=0.00, real=0.00 secs] 
2019-01-02T11:12:23.752+0530: 811.656: [GC (Allocation Failure) 2019-01-02T11:12:23.752+0530: 811.656: [DefNew
Desired survivor size 32768 bytes, new threshold 15 (max 15)
- age   1:         24 bytes,         24 total
- age   6:         72 bytes,         96 total
: 503K->0K(960K), 0.0004259 secs] 3649K->3631K(10176K), 0.0005092 secs] [Times: user=0.00 sys=0.00, real=0.00 secs] 
2019-01-02T11:12:23.806+0530: 811.710: [GC (Allocation Failure) 2019-01-02T11:12:23.807+0530: 811.710: [DefNew
Desired survivor size 32768 bytes, new threshold 15 (max 15)
- age   1:        248 bytes,        248 total
- age   7:         16 bytes,        264 total
: 840K->0K(960K), 0.0006882 secs] 4472K->3704K(10176K), 0.0012732 secs] [Times: user=0.00 sys=0.00, real=0.00 secs] 
2019-01-02T11:12:23.810+0530: 811.713: [GC (Allocation Failure) 2019-01-02T11:12:23.810+0530: 811.713: [DefNew
Desired survivor size 32768 bytes, new threshold 15 (max 15)
- age   2:        184 bytes,        184 total
- age   8:         16 bytes,        200 total
: 896K->0K(960K), 0.0010770 secs] 4600K->3992K(10176K), 0.0012618 secs] [Times: user=0.00 sys=0.00, real=0.00 secs] 
2019-01-02T11:12:23.812+0530: 811.715: [GC (Allocation Failure) 2019-01-02T11:12:23.812+0530: 811.716: [DefNew
Desired survivor size 32768 bytes, new threshold 15 (max 15)
- age   1:         40 bytes,         40 total
- age   3:        184 bytes,        224 total
- age   9:         16 bytes,        240 total
: 896K->0K(960K), 0.0008119 secs] 4888K->4568K(10176K), 0.0009208 secs] [Times: user=0.00 sys=0.00, real=0.00 secs] 
2019-01-02T11:12:23.814+0530: 811.718: [GC (Allocation Failure) 2019-01-02T11:12:23.814+0530: 811.718: [DefNew
Desired survivor size 32768 bytes, new threshold 15 (max 15)
- age   1:         24 bytes,         24 total
- age   4:        184 bytes,        208 total
- age  10:         16 bytes,        224 total
: 428K->0K(960K), 0.0007355 secs] 4996K->4568K(10176K), 0.0009373 secs] [Times: user=0.00 sys=0.00, real=0.00 secs] 
2019-01-02T11:12:23.816+0530: 811.719: [GC (Allocation Failure) 2019-01-02T11:12:23.816+0530: 811.719: [DefNew
Desired survivor size 32768 bytes, new threshold 15 (max 15)
- age   2:         24 bytes,         24 total
- age   5:        184 bytes,        208 total
- age  11:         16 bytes,        224 total
: 485K->0K(960K), 0.0003586 secs] 5053K->5053K(10176K), 0.0004328 secs] [Times: user=0.00 sys=0.00, real=0.00 secs] 
2019-01-02T11:12:23.817+0530: 811.720: [GC (Allocation Failure) 2019-01-02T11:12:23.817+0530: 811.720: [DefNew
Desired survivor size 32768 bytes, new threshold 15 (max 15)
- age   1:         24 bytes,         24 total
- age   6:         72 bytes,         96 total
- age  12:         16 bytes,        112 total
: 503K->0K(960K), 0.0003199 secs] 5556K->5538K(10176K), 0.0003934 secs] [Times: user=0.00 sys=0.00, real=0.00 secs] 
2019-01-02T11:12:23.871+0530: 811.775: [GC (Allocation Failure) 2019-01-02T11:12:23.872+0530: 811.775: [DefNew
Desired survivor size 32768 bytes, new threshold 15 (max 15)
- age   1:        248 bytes,        248 total
- age   7:         16 bytes,        264 total
- age  13:         16 bytes,        280 total
: 841K->0K(960K), 0.0008148 secs] 6380K->5611K(10176K), 0.0011460 secs] [Times: user=0.00 sys=0.00, real=0.00 secs] 
2019-01-02T11:12:23.875+0530: 811.778: [GC (Allocation Failure) 2019-01-02T11:12:23.875+0530: 811.778: [DefNew
Desired survivor size 32768 bytes, new threshold 15 (max 15)
- age   1:         40 bytes,         40 total
- age   2:        184 bytes,        224 total
- age   8:         16 bytes,        240 total
- age  14:         16 bytes,        256 total
: 896K->0K(960K), 0.0011711 secs] 6507K->5899K(10176K), 0.0014402 secs] [Times: user=0.00 sys=0.00, real=0.00 secs] 
2019-01-02T11:12:23.878+0530: 811.781: [GC (Allocation Failure) 2019-01-02T11:12:23.878+0530: 811.782: [DefNew
Desired survivor size 32768 bytes, new threshold 15 (max 15)
- age   1:         40 bytes,         40 total
- age   3:        184 bytes,        224 total
- age   9:         16 bytes,        240 total
- age  15:         16 bytes,        256 total
: 896K->0K(960K), 0.0008079 secs] 6795K->6475K(10176K), 0.0009795 secs] [Times: user=0.00 sys=0.00, real=0.00 secs] 
2019-01-02T11:12:23.880+0530: 811.784: [GC (Allocation Failure) 2019-01-02T11:12:23.880+0530: 811.784: [DefNew
Desired survivor size 32768 bytes, new threshold 15 (max 15)
- age   1:         24 bytes,         24 total
- age   4:        184 bytes,        208 total
- age  10:         16 bytes,        224 total
: 427K->0K(960K), 0.0006135 secs] 6902K->6475K(10176K), 0.0007344 secs] [Times: user=0.00 sys=0.00, real=0.00 secs] 
2019-01-02T11:12:23.881+0530: 811.785: [GC (Allocation Failure) 2019-01-02T11:12:23.881+0530: 811.785: [DefNew
Desired survivor size 32768 bytes, new threshold 15 (max 15)
- age   2:         24 bytes,         24 total
- age   5:        184 bytes,        208 total
- age  11:         16 bytes,        224 total
: 485K->0K(960K), 0.0003421 secs] 6960K->6960K(10176K), 0.0004145 secs] [Times: user=0.00 sys=0.00, real=0.00 secs] 
2019-01-02T11:12:23.882+0530: 811.786: [GC (Allocation Failure) 2019-01-02T11:12:23.882+0530: 811.786: [DefNew
Desired survivor size 32768 bytes, new threshold 15 (max 15)
- age   1:         24 bytes,         24 total
- age   6:         72 bytes,         96 total
- age  12:         16 bytes,        112 total
: 503K->0K(960K), 0.0003244 secs] 7463K->7446K(10176K), 0.0003963 secs] [Times: user=0.00 sys=0.00, real=0.00 secs] 
2019-01-02T11:12:23.937+0530: 811.841: [GC (Allocation Failure) 2019-01-02T11:12:23.937+0530: 811.841: [DefNew
Desired survivor size 32768 bytes, new threshold 15 (max 15)
- age   1:        248 bytes,        248 total
- age   7:         16 bytes,        264 total
- age  13:         16 bytes,        280 total
: 840K->0K(960K), 0.0007344 secs] 8286K->7518K(10176K), 0.0010554 secs] [Times: user=0.00 sys=0.00, real=0.00 secs] 
2019-01-02T11:12:23.940+0530: 811.844: [GC (Allocation Failure) 2019-01-02T11:12:23.940+0530: 811.844: [DefNew
Desired survivor size 32768 bytes, new threshold 15 (max 15)
- age   2:        184 bytes,        184 total
- age   8:         16 bytes,        200 total
- age  14:         16 bytes,        216 total
: 896K->0K(960K), 0.0014174 secs] 8414K->7806K(10176K), 0.0016683 secs] [Times: user=0.00 sys=0.00, real=0.00 secs] 
2019-01-02T11:12:23.944+0530: 811.847: [GC (Allocation Failure) 2019-01-02T11:12:23.944+0530: 811.847: [DefNew
Desired survivor size 32768 bytes, new threshold 15 (max 15)
- age   1:         40 bytes,         40 total
- age   3:        184 bytes,        224 total
- age   9:         16 bytes,        240 total
- age  15:         16 bytes,        256 total
: 896K->0K(960K), 0.0006517 secs] 8702K->8382K(10176K), 0.0007572 secs] [Times: user=0.02 sys=0.00, real=0.00 secs] 
2019-01-02T11:12:23.946+0530: 811.849: [GC (Allocation Failure) 2019-01-02T11:12:23.946+0530: 811.849: [DefNew
Desired survivor size 32768 bytes, new threshold 15 (max 15)
- age   1:         24 bytes,         24 total
- age   4:        184 bytes,        208 total
- age  10:         16 bytes,        224 total
: 428K->0K(960K), 0.0004402 secs] 8810K->8382K(10176K), 0.0005690 secs] [Times: user=0.00 sys=0.00, real=0.00 secs] 
2019-01-02T11:12:23.947+0530: 811.851: [GC (Allocation Failure) 2019-01-02T11:12:23.947+0530: 811.851: [DefNew
Desired survivor size 32768 bytes, new threshold 15 (max 15)
- age   2:         24 bytes,         24 total
- age   5:        184 bytes,        208 total
- age  11:         16 bytes,        224 total
: 485K->0K(960K), 0.0003461 secs] 8867K->8867K(10176K), 0.0004225 secs] [Times: user=0.00 sys=0.00, real=0.00 secs] 
2019-01-02T11:12:23.948+0530: 811.851: [GC (Allocation Failure) 2019-01-02T11:12:23.948+0530: 811.852: [DefNew: 503K->503K(960K), 0.0000285 secs]2019-01-02T11:12:23.948+0530: 811.852: [Tenured: 8867K->1239K(9216K), 0.0037881 secs] 9371K->1239K(10176K), [Metaspace: 2520K->2520K(1056768K)], 0.0039518 secs] [Times: user=0.00 sys=0.00, real=0.00 secs] 
2019-01-02T11:12:24.013+0530: 811.916: [GC (Allocation Failure) 2019-01-02T11:12:24.013+0530: 811.917: [DefNew
Desired survivor size 32768 bytes, new threshold 15 (max 15)
- age   1:        248 bytes,        248 total
: 841K->0K(960K), 0.0014015 secs] 2080K->1797K(10176K), 0.0017373 secs] [Times: user=0.00 sys=0.00, real=0.00 secs] 
2019-01-02T11:12:24.017+0530: 811.920: [GC (Allocation Failure) 2019-01-02T11:12:24.017+0530: 811.920: [DefNew
Desired survivor size 32768 bytes, new threshold 15 (max 15)
- age   1:         40 bytes,         40 total
- age   2:        184 bytes,        224 total
: 896K->0K(960K), 0.0009157 secs] 2693K->2085K(10176K), 0.0010862 secs] [Times: user=0.00 sys=0.00, real=0.00 secs] 
2019-01-02T11:12:24.019+0530: 811.923: [GC (Allocation Failure) 2019-01-02T11:12:24.019+0530: 811.923: [DefNew
Desired survivor size 32768 bytes, new threshold 15 (max 15)
- age   1:         40 bytes,         40 total
- age   3:        184 bytes,        224 total
: 896K->0K(960K), 0.0004151 secs] 2981K->2661K(10176K), 0.0004846 secs] [Times: user=0.00 sys=0.00, real=0.00 secs] 
2019-01-02T11:12:24.021+0530: 811.924: [GC (Allocation Failure) 2019-01-02T11:12:24.021+0530: 811.924: [DefNew
Desired survivor size 32768 bytes, new threshold 15 (max 15)
- age   1:         24 bytes,         24 total
- age   4:        184 bytes,        208 total
: 427K->0K(960K), 0.0002674 secs] 3089K->2661K(10176K), 0.0003347 secs] [Times: user=0.00 sys=0.00, real=0.00 secs] 
2019-01-02T11:12:24.022+0530: 811.925: [GC (Allocation Failure) 2019-01-02T11:12:24.022+0530: 811.925: [DefNew
Desired survivor size 32768 bytes, new threshold 15 (max 15)
- age   2:         24 bytes,         24 total
- age   5:        184 bytes,        208 total
: 485K->0K(960K), 0.0003142 secs] 3146K->3146K(10176K), 0.0003837 secs] [Times: user=0.00 sys=0.00, real=0.00 secs] 
2019-01-02T11:12:24.022+0530: 811.926: [GC (Allocation Failure) 2019-01-02T11:12:24.022+0530: 811.926: [DefNew
Desired survivor size 32768 bytes, new threshold 15 (max 15)
- age   1:         24 bytes,         24 total
- age   6:         72 bytes,         96 total
: 503K->0K(960K), 0.0003085 secs] 3650K->3632K(10176K), 0.0003774 secs] [Times: user=0.01 sys=0.00, real=0.00 secs] 
2019-01-02T11:12:24.079+0530: 811.982: [GC (Allocation Failure) 2019-01-02T11:12:24.079+0530: 811.982: [DefNew
Desired survivor size 32768 bytes, new threshold 15 (max 15)
- age   1:        248 bytes,        248 total
- age   7:         16 bytes,        264 total
: 840K->0K(960K), 0.0007480 secs] 4473K->3704K(10176K), 0.0009014 secs] [Times: user=0.00 sys=0.00, real=0.00 secs] 
2019-01-02T11:12:24.082+0530: 811.985: [GC (Allocation Failure) 2019-01-02T11:12:24.082+0530: 811.985: [DefNew
Desired survivor size 32768 bytes, new threshold 15 (max 15)
- age   2:        184 bytes,        184 total
- age   8:         16 bytes,        200 total
: 896K->0K(960K), 0.0011175 secs] 4600K->3992K(10176K), 0.0014442 secs] [Times: user=0.00 sys=0.00, real=0.00 secs] 
2019-01-02T11:12:24.085+0530: 811.988: [GC (Allocation Failure) 2019-01-02T11:12:24.085+0530: 811.988: [DefNew
Desired survivor size 32768 bytes, new threshold 15 (max 15)
- age   1:         40 bytes,         40 total
- age   3:        184 bytes,        224 total
- age   9:         16 bytes,        240 total
: 896K->0K(960K), 0.0011489 secs] 4888K->4568K(10176K), 0.0013422 secs] [Times: user=0.00 sys=0.00, real=0.00 secs] 
2019-01-02T11:12:24.087+0530: 811.991: [GC (Allocation Failure) 2019-01-02T11:12:24.087+0530: 811.991: [DefNew
Desired survivor size 32768 bytes, new threshold 15 (max 15)
- age   1:         24 bytes,         24 total
- age   4:        184 bytes,        208 total
- age  10:         16 bytes,        224 total
: 428K->0K(960K), 0.0002571 secs] 4997K->4568K(10176K), 0.0003364 secs] [Times: user=0.00 sys=0.00, real=0.00 secs] 
2019-01-02T11:12:24.088+0530: 811.991: [GC (Allocation Failure) 2019-01-02T11:12:24.088+0530: 811.991: [DefNew
Desired survivor size 32768 bytes, new threshold 15 (max 15)
- age   2:         24 bytes,         24 total
- age   5:        184 bytes,        208 total
- age  11:         16 bytes,        224 total
: 485K->0K(960K), 0.0003278 secs] 5054K->5054K(10176K), 0.0003980 secs] [Times: user=0.00 sys=0.00, real=0.00 secs] 
2019-01-02T11:12:24.089+0530: 811.992: [GC (Allocation Failure) 2019-01-02T11:12:24.089+0530: 811.992: [DefNew
Desired survivor size 32768 bytes, new threshold 15 (max 15)
- age   1:         24 bytes,         24 total
- age   6:         72 bytes,         96 total
- age  12:         16 bytes,        112 total
: 503K->0K(960K), 0.0003239 secs] 5557K->5539K(10176K), 0.0003946 secs] [Times: user=0.00 sys=0.00, real=0.00 secs] 
2019-01-02T11:12:24.148+0530: 812.051: [GC (Allocation Failure) 2019-01-02T11:12:24.148+0530: 812.052: [DefNew
Desired survivor size 32768 bytes, new threshold 15 (max 15)
- age   1:        248 bytes,        248 total
- age   7:         16 bytes,        264 total
- age  13:         16 bytes,        280 total
: 841K->0K(960K), 0.0006471 secs] 6380K->5611K(10176K), 0.0010212 secs] [Times: user=0.00 sys=0.00, real=0.00 secs] 
2019-01-02T11:12:24.152+0530: 812.056: [GC (Allocation Failure) 2019-01-02T11:12:24.152+0530: 812.056: [DefNew
Desired survivor size 32768 bytes, new threshold 15 (max 15)
- age   1:         40 bytes,         40 total
- age   2:        184 bytes,        224 total
- age   8:         16 bytes,        240 total
- age  14:         16 bytes,        256 total
: 896K->0K(960K), 0.0009590 secs] 6507K->5899K(10176K), 0.0011323 secs] [Times: user=0.00 sys=0.00, real=0.00 secs] 
2019-01-02T11:12:24.155+0530: 812.058: [GC (Allocation Failure) 2019-01-02T11:12:24.155+0530: 812.058: [DefNew
Desired survivor size 32768 bytes, new threshold 15 (max 15)
- age   1:         40 bytes,         40 total
- age   3:        184 bytes,        224 total
- age   9:         16 bytes,        240 total
- age  15:         16 bytes,        256 total
: 896K->0K(960K), 0.0004550 secs] 6795K->6475K(10176K), 0.0005382 secs] [Times: user=0.00 sys=0.00, real=0.00 secs] 
2019-01-02T11:12:24.156+0530: 812.059: [GC (Allocation Failure) 2019-01-02T11:12:24.156+0530: 812.059: [DefNew
Desired survivor size 32768 bytes, new threshold 15 (max 15)
- age   1:         24 bytes,         24 total
- age   4:        184 bytes,        208 total
- age  10:         16 bytes,        224 total
: 427K->0K(960K), 0.0002526 secs] 6903K->6475K(10176K), 0.0003153 secs] [Times: user=0.00 sys=0.00, real=0.00 secs] 
2019-01-02T11:12:24.157+0530: 812.060: [GC (Allocation Failure) 2019-01-02T11:12:24.157+0530: 812.060: [DefNew
Desired survivor size 32768 bytes, new threshold 15 (max 15)
- age   2:         24 bytes,         24 total
- age   5:        184 bytes,        208 total
- age  11:         16 bytes,        224 total
: 485K->0K(960K), 0.0003478 secs] 6961K->6961K(10176K), 0.0004054 secs] [Times: user=0.00 sys=0.00, real=0.00 secs] 
2019-01-02T11:12:24.157+0530: 812.061: [GC (Allocation Failure) 2019-01-02T11:12:24.158+0530: 812.061: [DefNew
Desired survivor size 32768 bytes, new threshold 15 (max 15)
- age   1:         24 bytes,         24 total
- age   6:         72 bytes,         96 total
- age  12:         16 bytes,        112 total
: 503K->0K(960K), 0.0003107 secs] 7464K->7446K(10176K), 0.0003695 secs] [Times: user=0.00 sys=0.00, real=0.00 secs] 
2019-01-02T11:12:24.212+0530: 812.115: [GC (Allocation Failure) 2019-01-02T11:12:24.212+0530: 812.116: [DefNew
Desired survivor size 32768 bytes, new threshold 15 (max 15)
- age   1:        248 bytes,        248 total
- age   7:         16 bytes,        264 total
- age  13:         16 bytes,        280 total
: 840K->0K(960K), 0.0006397 secs] 8287K->7518K(10176K), 0.0009083 secs] [Times: user=0.00 sys=0.00, real=0.00 secs] 
2019-01-02T11:12:24.214+0530: 812.118: [GC (Allocation Failure) 2019-01-02T11:12:24.214+0530: 812.118: [DefNew
Desired survivor size 32768 bytes, new threshold 15 (max 15)
- age   2:        184 bytes,        184 total
- age   8:         16 bytes,        200 total
- age  14:         16 bytes,        216 total
: 896K->0K(960K), 0.0008649 secs] 8414K->7806K(10176K), 0.0009887 secs] [Times: user=0.00 sys=0.00, real=0.00 secs] 
2019-01-02T11:12:24.217+0530: 812.120: [GC (Allocation Failure) 2019-01-02T11:12:24.217+0530: 812.121: [DefNew
Desired survivor size 32768 bytes, new threshold 15 (max 15)
- age   1:         40 bytes,         40 total
- age   3:        184 bytes,        224 total
- age   9:         16 bytes,        240 total
- age  15:         16 bytes,        256 total
: 896K->0K(960K), 0.0011660 secs] 8702K->8382K(10176K), 0.0013165 secs] [Times: user=0.00 sys=0.00, real=0.00 secs] 
2019-01-02T11:12:24.219+0530: 812.123: [GC (Allocation Failure) 2019-01-02T11:12:24.220+0530: 812.123: [DefNew
Desired survivor size 32768 bytes, new threshold 15 (max 15)
- age   1:         24 bytes,         24 total
- age   4:        184 bytes,        208 total
- age  10:         16 bytes,        224 total
: 428K->0K(960K), 0.0002628 secs] 8811K->8382K(10176K), 0.0003472 secs] [Times: user=0.00 sys=0.00, real=0.00 secs] 
2019-01-02T11:12:24.220+0530: 812.124: [GC (Allocation Failure) 2019-01-02T11:12:24.220+0530: 812.124: [DefNew
Desired survivor size 32768 bytes, new threshold 15 (max 15)
- age   2:         24 bytes,         24 total
- age   5:        184 bytes,        208 total
- age  11:         16 bytes,        224 total
: 485K->0K(960K), 0.0003883 secs] 8868K->8868K(10176K), 0.0004710 secs] [Times: user=0.00 sys=0.00, real=0.00 secs] 
2019-01-02T11:12:24.221+0530: 812.124: [GC (Allocation Failure) 2019-01-02T11:12:24.221+0530: 812.124: [DefNew: 503K->503K(960K), 0.0000279 secs]2019-01-02T11:12:24.221+0530: 812.125: [Tenured: 8868K->1239K(9216K), 0.0036787 secs] 9371K->1239K(10176K), [Metaspace: 2520K->2520K(1056768K)], 0.0038303 secs] [Times: user=0.00 sys=0.00, real=0.00 secs] 
2019-01-02T11:12:24.280+0530: 812.184: [GC (Allocation Failure) 2019-01-02T11:12:24.280+0530: 812.184: [DefNew
Desired survivor size 32768 bytes, new threshold 15 (max 15)
- age   1:        248 bytes,        248 total
: 841K->0K(960K), 0.0009048 secs] 2081K->1797K(10176K), 0.0010400 secs] [Times: user=0.00 sys=0.00, real=0.00 secs] 
2019-01-02T11:12:24.283+0530: 812.186: [GC (Allocation Failure) 2019-01-02T11:12:24.283+0530: 812.186: [DefNew
Desired survivor size 32768 bytes, new threshold 15 (max 15)
- age   1:         40 bytes,         40 total
- age   2:        184 bytes,        224 total
: 896K->0K(960K), 0.0009043 secs] 2693K->2085K(10176K), 0.0010964 secs] [Times: user=0.00 sys=0.00, real=0.00 secs] 
2019-01-02T11:12:24.285+0530: 812.189: [GC (Allocation Failure) 2019-01-02T11:12:24.286+0530: 812.189: [DefNew
Desired survivor size 32768 bytes, new threshold 15 (max 15)
- age   1:         40 bytes,         40 total
- age   3:        184 bytes,        224 total
: 896K->0K(960K), 0.0011432 secs] 2981K->2661K(10176K), 0.0013935 secs] [Times: user=0.00 sys=0.00, real=0.00 secs] 
2019-01-02T11:12:24.288+0530: 812.191: [GC (Allocation Failure) 2019-01-02T11:12:24.288+0530: 812.192: [DefNew
Desired survivor size 32768 bytes, new threshold 15 (max 15)
- age   1:         24 bytes,         24 total
- age   4:        184 bytes,        208 total
: 427K->0K(960K), 0.0003296 secs] 3089K->2661K(10176K), 0.0004635 secs] [Times: user=0.00 sys=0.00, real=0.00 secs] 
2019-01-02T11:12:24.289+0530: 812.192: [GC (Allocation Failure) 2019-01-02T11:12:24.289+0530: 812.192: [DefNew
Desired survivor size 32768 bytes, new threshold 15 (max 15)
- age   2:         24 bytes,         24 total
- age   5:        184 bytes,        208 total
: 485K->0K(960K), 0.0003181 secs] 3147K->3147K(10176K), 0.0003900 secs] [Times: user=0.00 sys=0.00, real=0.00 secs] 
2019-01-02T11:12:24.290+0530: 812.193: [GC (Allocation Failure) 2019-01-02T11:12:24.290+0530: 812.193: [DefNew
Desired survivor size 32768 bytes, new threshold 15 (max 15)
- age   1:         24 bytes,         24 total
- age   6:         72 bytes,         96 total
: 503K->0K(960K), 0.0003107 secs] 3650K->3632K(10176K), 0.0003849 secs] [Times: user=0.00 sys=0.00, real=0.00 secs] 
2019-01-02T11:12:24.342+0530: 812.246: [GC (Allocation Failure) 2019-01-02T11:12:24.342+0530: 812.246: [DefNew
Desired survivor size 32768 bytes, new threshold 15 (max 15)
- age   1:        248 bytes,        248 total
- age   7:         16 bytes,        264 total
: 840K->0K(960K), 0.0007241 secs] 4473K->3704K(10176K), 0.0010873 secs] [Times: user=0.00 sys=0.00, real=0.00 secs] 
2019-01-02T11:12:24.345+0530: 812.249: [GC (Allocation Failure) 2019-01-02T11:12:24.346+0530: 812.249: [DefNew
Desired survivor size 32768 bytes, new threshold 15 (max 15)
- age   2:        184 bytes,        184 total
- age   8:         16 bytes,        200 total
: 896K->0K(960K), 0.0006437 secs] 4600K->3992K(10176K), 0.0009282 secs] [Times: user=0.00 sys=0.00, real=0.00 secs] 
2019-01-02T11:12:24.348+0530: 812.251: [GC (Allocation Failure) 2019-01-02T11:12:24.348+0530: 812.251: [DefNew
Desired survivor size 32768 bytes, new threshold 15 (max 15)
- age   1:         40 bytes,         40 total
- age   3:        184 bytes,        224 total
- age   9:         16 bytes,        240 total
: 896K->0K(960K), 0.0008433 secs] 4888K->4568K(10176K), 0.0009733 secs] [Times: user=0.00 sys=0.00, real=0.00 secs] 
2019-01-02T11:12:24.350+0530: 812.254: [GC (Allocation Failure) 2019-01-02T11:12:24.350+0530: 812.254: [DefNew
Desired survivor size 32768 bytes, new threshold 15 (max 15)
- age   1:         24 bytes,         24 total
- age   4:        184 bytes,        208 total
- age  10:         16 bytes,        224 total
: 428K->0K(960K), 0.0004909 secs] 4997K->4568K(10176K), 0.0006557 secs] [Times: user=0.00 sys=0.00, real=0.00 secs] 
2019-01-02T11:12:24.352+0530: 812.255: [GC (Allocation Failure) 2019-01-02T11:12:24.352+0530: 812.255: [DefNew
Desired survivor size 32768 bytes, new threshold 15 (max 15)
- age   2:         24 bytes,         24 total
- age   5:        184 bytes,        208 total
- age  11:         16 bytes,        224 total
: 485K->0K(960K), 0.0005804 secs] 5054K->5054K(10176K), 0.0007150 secs] [Times: user=0.00 sys=0.00, real=0.00 secs] 
2019-01-02T11:12:24.353+0530: 812.256: [GC (Allocation Failure) 2019-01-02T11:12:24.353+0530: 812.256: [DefNew
Desired survivor size 32768 bytes, new threshold 15 (max 15)
- age   1:         24 bytes,         24 total
- age   6:         72 bytes,         96 total
- age  12:         16 bytes,        112 total
: 503K->0K(960K), 0.0003244 secs] 5558K->5540K(10176K), 0.0003974 secs] [Times: user=0.00 sys=0.00, real=0.00 secs] 
2019-01-02T11:12:24.408+0530: 812.311: [GC (Allocation Failure) 2019-01-02T11:12:24.408+0530: 812.312: [DefNew
Desired survivor size 32768 bytes, new threshold 15 (max 15)
- age   1:        248 bytes,        248 total
- age   7:         16 bytes,        264 total
- age  13:         16 bytes,        280 total
: 841K->0K(960K), 0.0007834 secs] 6381K->5612K(10176K), 0.0010742 secs] [Times: user=0.00 sys=0.00, real=0.00 secs] 
2019-01-02T11:12:24.412+0530: 812.315: [GC (Allocation Failure) 2019-01-02T11:12:24.412+0530: 812.315: [DefNew
Desired survivor size 32768 bytes, new threshold 15 (max 15)
- age   1:         40 bytes,         40 total
- age   2:        184 bytes,        224 total
- age   8:         16 bytes,        240 total
- age  14:         16 bytes,        256 total
: 896K->0K(960K), 0.0007880 secs] 6508K->5900K(10176K), 0.0010508 secs] [Times: user=0.02 sys=0.00, real=0.00 secs] 
2019-01-02T11:12:24.415+0530: 812.318: [GC (Allocation Failure) 2019-01-02T11:12:24.415+0530: 812.318: [DefNew
Desired survivor size 32768 bytes, new threshold 15 (max 15)
- age   1:         40 bytes,         40 total
- age   3:        184 bytes,        224 total
- age   9:         16 bytes,        240 total
- age  15:         16 bytes,        256 total
: 896K->0K(960K), 0.0008011 secs] 6796K->6476K(10176K), 0.0009584 secs] [Times: user=0.00 sys=0.00, real=0.00 secs] 
2019-01-02T11:12:24.417+0530: 812.320: [GC (Allocation Failure) 2019-01-02T11:12:24.417+0530: 812.320: [DefNew
Desired survivor size 32768 bytes, new threshold 15 (max 15)
- age   1:         24 bytes,         24 total
- age   4:        184 bytes,        208 total
- age  10:         16 bytes,        224 total
: 427K->0K(960K), 0.0004630 secs] 6903K->6476K(10176K), 0.0005684 secs] [Times: user=0.00 sys=0.00, real=0.00 secs] 
2019-01-02T11:12:24.418+0530: 812.321: [GC (Allocation Failure) 2019-01-02T11:12:24.418+0530: 812.321: [DefNew
Desired survivor size 32768 bytes, new threshold 15 (max 15)
- age   2:         24 bytes,         24 total
- age   5:        184 bytes,        208 total
- age  11:         16 bytes,        224 total
: 485K->0K(960K), 0.0003301 secs] 6961K->6961K(10176K), 0.0003997 secs] [Times: user=0.00 sys=0.00, real=0.00 secs] 
2019-01-02T11:12:24.419+0530: 812.322: [GC (Allocation Failure) 2019-01-02T11:12:24.419+0530: 812.322: [DefNew
Desired survivor size 32768 bytes, new threshold 15 (max 15)
- age   1:         24 bytes,         24 total
- age   6:         72 bytes,         96 total
- age  12:         16 bytes,        112 total
: 503K->0K(960K), 0.0003142 secs] 7465K->7447K(10176K), 0.0003849 secs] [Times: user=0.00 sys=0.00, real=0.00 secs] 
2019-01-02T11:12:24.469+0530: 812.372: [GC (Allocation Failure) 2019-01-02T11:12:24.469+0530: 812.372: [DefNew
Desired survivor size 32768 bytes, new threshold 15 (max 15)
- age   1:        248 bytes,        248 total
- age   7:         16 bytes,        264 total
- age  13:         16 bytes,        280 total
: 841K->0K(960K), 0.0010126 secs] 8288K->7519K(10176K), 0.0013952 secs] [Times: user=0.00 sys=0.00, real=0.00 secs] 
2019-01-02T11:12:24.473+0530: 812.376: [GC (Allocation Failure) 2019-01-02T11:12:24.473+0530: 812.376: [DefNew
Desired survivor size 32768 bytes, new threshold 15 (max 15)
- age   2:        184 bytes,        184 total
- age   8:         16 bytes,        200 total
- age  14:         16 bytes,        216 total
: 896K->0K(960K), 0.0008450 secs] 8415K->7807K(10176K), 0.0010622 secs] [Times: user=0.00 sys=0.00, real=0.00 secs] 
2019-01-02T11:12:24.475+0530: 812.379: [GC (Allocation Failure) 2019-01-02T11:12:24.475+0530: 812.379: [DefNew
Desired survivor size 32768 bytes, new threshold 15 (max 15)
- age   1:         40 bytes,         40 total
- age   3:        184 bytes,        224 total
- age   9:         16 bytes,        240 total
- age  15:         16 bytes,        256 total
: 896K->0K(960K), 0.0011905 secs] 8703K->8383K(10176K), 0.0013193 secs] [Times: user=0.00 sys=0.00, real=0.00 secs] 
2019-01-02T11:12:24.478+0530: 812.382: [GC (Allocation Failure) 2019-01-02T11:12:24.478+0530: 812.382: [DefNew
Desired survivor size 32768 bytes, new threshold 15 (max 15)
- age   1:         24 bytes,         24 total
- age   4:        184 bytes,        208 total
- age  10:         16 bytes,        224 total
: 428K->0K(960K), 0.0007429 secs] 8812K->8383K(10176K), 0.0009288 secs] [Times: user=0.00 sys=0.00, real=0.00 secs] 
2019-01-02T11:12:24.480+0530: 812.384: [GC (Allocation Failure) 2019-01-02T11:12:24.481+0530: 812.384: [DefNew
Desired survivor size 32768 bytes, new threshold 15 (max 15)
- age   2:         24 bytes,         24 total
- age   5:        184 bytes,        208 total
- age  11:         16 bytes,        224 total
: 485K->0K(960K), 0.0007395 secs] 8869K->8869K(10176K), 0.0009499 secs] [Times: user=0.00 sys=0.00, real=0.00 secs] 
2019-01-02T11:12:24.482+0530: 812.386: [GC (Allocation Failure) 2019-01-02T11:12:24.482+0530: 812.386: [DefNew: 503K->503K(960K), 0.0000496 secs]2019-01-02T11:12:24.482+0530: 812.386: [Tenured: 8869K->1239K(9216K), 0.0042950 secs] 9372K->1239K(10176K), [Metaspace: 2520K->2520K(1056768K)], 0.0045202 secs] [Times: user=0.00 sys=0.00, real=0.00 secs] 
2019-01-02T11:12:24.542+0530: 812.446: [GC (Allocation Failure) 2019-01-02T11:12:24.542+0530: 812.446: [DefNew
Desired survivor size 32768 bytes, new threshold 15 (max 15)
- age   1:        248 bytes,        248 total
: 841K->0K(960K), 0.0012236 secs] 2081K->1797K(10176K), 0.0015833 secs] [Times: user=0.00 sys=0.00, real=0.00 secs] 
2019-01-02T11:12:24.546+0530: 812.449: [GC (Allocation Failure) 2019-01-02T11:12:24.546+0530: 812.449: [DefNew
Desired survivor size 32768 bytes, new threshold 15 (max 15)
- age   1:         40 bytes,         40 total
- age   2:        184 bytes,        224 total
: 896K->0K(960K), 0.0011597 secs] 2693K->2085K(10176K), 0.0013872 secs] [Times: user=0.00 sys=0.00, real=0.00 secs] 
2019-01-02T11:12:24.548+0530: 812.452: [GC (Allocation Failure) 2019-01-02T11:12:24.549+0530: 812.452: [DefNew
Desired survivor size 32768 bytes, new threshold 15 (max 15)
- age   1:         40 bytes,         40 total
- age   3:        184 bytes,        224 total
: 896K->0K(960K), 0.0009282 secs] 2981K->2661K(10176K), 0.0010360 secs] [Times: user=0.00 sys=0.00, real=0.00 secs] 
2019-01-02T11:12:24.551+0530: 812.454: [GC (Allocation Failure) 2019-01-02T11:12:24.551+0530: 812.454: [DefNew
Desired survivor size 32768 bytes, new threshold 15 (max 15)
- age   1:         24 bytes,         24 total
- age   4:        184 bytes,        208 total
: 427K->0K(960K), 0.0005930 secs] 3089K->2661K(10176K), 0.0007173 secs] [Times: user=0.00 sys=0.00, real=0.00 secs] 
2019-01-02T11:12:24.552+0530: 812.456: [GC (Allocation Failure) 2019-01-02T11:12:24.552+0530: 812.456: [DefNew
Desired survivor size 32768 bytes, new threshold 15 (max 15)
- age   2:         24 bytes,         24 total
- age   5:        184 bytes,        208 total
: 485K->0K(960K), 0.0003535 secs] 3147K->3147K(10176K), 0.0004362 secs] [Times: user=0.02 sys=0.00, real=0.00 secs] 
2019-01-02T11:12:24.553+0530: 812.457: [GC (Allocation Failure) 2019-01-02T11:12:24.553+0530: 812.457: [DefNew
Desired survivor size 32768 bytes, new threshold 15 (max 15)
- age   1:         24 bytes,         24 total
- age   6:         72 bytes,         96 total
: 503K->0K(960K), 0.0003159 secs] 3651K->3633K(10176K), 0.0003854 secs] [Times: user=0.00 sys=0.00, real=0.00 secs] 
2019-01-02T11:12:24.608+0530: 812.511: [GC (Allocation Failure) 2019-01-02T11:12:24.608+0530: 812.511: [DefNew
Desired survivor size 32768 bytes, new threshold 15 (max 15)
- age   1:        248 bytes,        248 total
- age   7:         16 bytes,        264 total
: 841K->0K(960K), 0.0007087 secs] 4474K->3705K(10176K), 0.0010394 secs] [Times: user=0.00 sys=0.00, real=0.00 secs] 
2019-01-02T11:12:24.611+0530: 812.514: [GC (Allocation Failure) 2019-01-02T11:12:24.611+0530: 812.514: [DefNew
Desired survivor size 32768 bytes, new threshold 15 (max 15)
- age   2:        184 bytes,        184 total
- age   8:         16 bytes,        200 total
: 896K->0K(960K), 0.0010229 secs] 4601K->3993K(10176K), 0.0012521 secs] [Times: user=0.00 sys=0.00, real=0.00 secs] 
2019-01-02T11:12:24.614+0530: 812.517: [GC (Allocation Failure) 2019-01-02T11:12:24.614+0530: 812.517: [DefNew
Desired survivor size 32768 bytes, new threshold 15 (max 15)
- age   1:         40 bytes,         40 total
- age   3:        184 bytes,        224 total
- age   9:         16 bytes,        240 total
: 896K->0K(960K), 0.0006329 secs] 4889K->4569K(10176K), 0.0007327 secs] [Times: user=0.00 sys=0.00, real=0.00 secs] 
2019-01-02T11:12:24.616+0530: 812.519: [GC (Allocation Failure) 2019-01-02T11:12:24.616+0530: 812.519: [DefNew
Desired survivor size 32768 bytes, new threshold 15 (max 15)
- age   1:         24 bytes,         24 total
- age   4:        184 bytes,        208 total
- age  10:         16 bytes,        224 total
: 428K->0K(960K), 0.0004442 secs] 4997K->4569K(10176K), 0.0005485 secs] [Times: user=0.00 sys=0.00, real=0.00 secs] 
2019-01-02T11:12:24.617+0530: 812.521: [GC (Allocation Failure) 2019-01-02T11:12:24.617+0530: 812.521: [DefNew
Desired survivor size 32768 bytes, new threshold 15 (max 15)
- age   2:         24 bytes,         24 total
- age   5:        184 bytes,        208 total
- age  11:         16 bytes,        224 total
: 485K->0K(960K), 0.0003313 secs] 5055K->5055K(10176K), 0.0004208 secs] [Times: user=0.00 sys=0.00, real=0.00 secs] 
2019-01-02T11:12:24.618+0530: 812.521: [GC (Allocation Failure) 2019-01-02T11:12:24.618+0530: 812.521: [DefNew
Desired survivor size 32768 bytes, new threshold 15 (max 15)
- age   1:         24 bytes,         24 total
- age   6:         72 bytes,         96 total
- age  12:         16 bytes,        112 total
: 503K->0K(960K), 0.0003170 secs] 5558K->5540K(10176K), 0.0003894 secs] [Times: user=0.00 sys=0.00, real=0.00 secs] 
2019-01-02T11:12:24.673+0530: 812.576: [GC (Allocation Failure) 2019-01-02T11:12:24.673+0530: 812.576: [DefNew
Desired survivor size 32768 bytes, new threshold 15 (max 15)
- age   1:        248 bytes,        248 total
- age   7:         16 bytes,        264 total
- age  13:         16 bytes,        280 total
: 841K->0K(960K), 0.0009938 secs] 6382K->5612K(10176K), 0.0012658 secs] [Times: user=0.00 sys=0.00, real=0.00 secs] 
2019-01-02T11:12:24.676+0530: 812.580: [GC (Allocation Failure) 2019-01-02T11:12:24.676+0530: 812.580: [DefNew
Desired survivor size 32768 bytes, new threshold 15 (max 15)
- age   1:         40 bytes,         40 total
- age   2:        184 bytes,        224 total
- age   8:         16 bytes,        240 total
- age  14:         16 bytes,        256 total
: 896K->0K(960K), 0.0007121 secs] 6508K->5900K(10176K), 0.0008746 secs] [Times: user=0.00 sys=0.00, real=0.00 secs] 
2019-01-02T11:12:24.678+0530: 812.582: [GC (Allocation Failure) 2019-01-02T11:12:24.679+0530: 812.582: [DefNew
Desired survivor size 32768 bytes, new threshold 15 (max 15)
- age   1:         40 bytes,         40 total
- age   3:        184 bytes,        224 total
- age   9:         16 bytes,        240 total
- age  15:         16 bytes,        256 total
: 896K->0K(960K), 0.0011620 secs] 6796K->6476K(10176K), 0.0013353 secs] [Times: user=0.00 sys=0.00, real=0.00 secs] 
2019-01-02T11:12:24.681+0530: 812.585: [GC (Allocation Failure) 2019-01-02T11:12:24.681+0530: 812.585: [DefNew
Desired survivor size 32768 bytes, new threshold 15 (max 15)
- age   1:         24 bytes,         24 total
- age   4:        184 bytes,        208 total
- age  10:         16 bytes,        224 total
: 427K->0K(960K), 0.0005297 secs] 6904K->6476K(10176K), 0.0006198 secs] [Times: user=0.00 sys=0.00, real=0.00 secs] 
2019-01-02T11:12:24.682+0530: 812.586: [GC (Allocation Failure) 2019-01-02T11:12:24.683+0530: 812.586: [DefNew
Desired survivor size 32768 bytes, new threshold 15 (max 15)
- age   2:         24 bytes,         24 total
- age   5:        184 bytes,        208 total
- age  11:         16 bytes,        224 total
: 485K->0K(960K), 0.0008644 secs] 6962K->6962K(10176K), 0.0009522 secs] [Times: user=0.00 sys=0.00, real=0.00 secs] 
2019-01-02T11:12:24.684+0530: 812.587: [GC (Allocation Failure) 2019-01-02T11:12:24.684+0530: 812.587: [DefNew
Desired survivor size 32768 bytes, new threshold 15 (max 15)
- age   1:         24 bytes,         24 total
- age   6:         72 bytes,         96 total
- age  12:         16 bytes,        112 total
: 503K->0K(960K), 0.0003598 secs] 7466K->7448K(10176K), 0.0004436 secs] [Times: user=0.00 sys=0.00, real=0.00 secs] 
2019-01-02T11:12:24.742+0530: 812.645: [GC (Allocation Failure) 2019-01-02T11:12:24.742+0530: 812.645: [DefNew
Desired survivor size 32768 bytes, new threshold 15 (max 15)
- age   1:        248 bytes,        248 total
- age   7:         16 bytes,        264 total
- age  13:         16 bytes,        280 total
: 841K->0K(960K), 0.0008193 secs] 8289K->7520K(10176K), 0.0010605 secs] [Times: user=0.00 sys=0.00, real=0.00 secs] 
2019-01-02T11:12:24.745+0530: 812.648: [GC (Allocation Failure) 2019-01-02T11:12:24.745+0530: 812.649: [DefNew
Desired survivor size 32768 bytes, new threshold 15 (max 15)
- age   2:        184 bytes,        184 total
- age   8:         16 bytes,        200 total
- age  14:         16 bytes,        216 total
: 896K->0K(960K), 0.0013376 secs] 8416K->7808K(10176K), 0.0019055 secs] [Times: user=0.00 sys=0.00, real=0.00 secs] 
2019-01-02T11:12:24.749+0530: 812.652: [GC (Allocation Failure) 2019-01-02T11:12:24.749+0530: 812.652: [DefNew
Desired survivor size 32768 bytes, new threshold 15 (max 15)
- age   1:         40 bytes,         40 total
- age   3:        184 bytes,        224 total
- age   9:         16 bytes,        240 total
- age  15:         16 bytes,        256 total
: 896K->0K(960K), 0.0007868 secs] 8704K->8384K(10176K), 0.0009738 secs] [Times: user=0.00 sys=0.00, real=0.00 secs] 
2019-01-02T11:12:24.751+0530: 812.654: [GC (Allocation Failure) 2019-01-02T11:12:24.751+0530: 812.654: [DefNew
Desired survivor size 32768 bytes, new threshold 15 (max 15)
- age   1:         24 bytes,         24 total
- age   4:        184 bytes,        208 total
- age  10:         16 bytes,        224 total
: 428K->0K(960K), 0.0004504 secs] 8812K->8384K(10176K), 0.0005673 secs] [Times: user=0.00 sys=0.00, real=0.00 secs] 
2019-01-02T11:12:24.752+0530: 812.656: [GC (Allocation Failure) 2019-01-02T11:12:24.752+0530: 812.656: [DefNew
Desired survivor size 32768 bytes, new threshold 15 (max 15)
- age   2:         24 bytes,         24 total
- age   5:        184 bytes,        208 total
- age  11:         16 bytes,        224 total
: 485K->0K(960K), 0.0003529 secs] 8870K->8870K(10176K), 0.0004339 secs] [Times: user=0.00 sys=0.00, real=0.00 secs] 
2019-01-02T11:12:24.753+0530: 812.657: [GC (Allocation Failure) 2019-01-02T11:12:24.753+0530: 812.657: [DefNew: 503K->503K(960K), 0.0000285 secs]2019-01-02T11:12:24.753+0530: 812.657: [Tenured: 8869K->1240K(9216K), 0.0036251 secs] 9373K->1240K(10176K), [Metaspace: 2520K->2520K(1056768K)], 0.0037756 secs] [Times: user=0.02 sys=0.00, real=0.00 secs] 
2019-01-02T11:12:24.811+0530: 812.714: [GC (Allocation Failure) 2019-01-02T11:12:24.811+0530: 812.714: [DefNew
Desired survivor size 32768 bytes, new threshold 15 (max 15)
- age   1:        248 bytes,        248 total
: 841K->0K(960K), 0.0012127 secs] 2081K->1798K(10176K), 0.0017629 secs] [Times: user=0.00 sys=0.00, real=0.00 secs] 
2019-01-02T11:12:24.814+0530: 812.718: [GC (Allocation Failure) 2019-01-02T11:12:24.814+0530: 812.718: [DefNew
Desired survivor size 32768 bytes, new threshold 15 (max 15)
- age   1:         40 bytes,         40 total
- age   2:        184 bytes,        224 total
: 896K->0K(960K), 0.0009020 secs] 2694K->2086K(10176K), 0.0011814 secs] [Times: user=0.00 sys=0.00, real=0.00 secs] 
2019-01-02T11:12:24.817+0530: 812.721: [GC (Allocation Failure) 2019-01-02T11:12:24.817+0530: 812.721: [DefNew
Desired survivor size 32768 bytes, new threshold 15 (max 15)
- age   1:         40 bytes,         40 total
- age   3:        184 bytes,        224 total
: 896K->0K(960K), 0.0007948 secs] 2982K->2662K(10176K), 0.0008991 secs] [Times: user=0.02 sys=0.00, real=0.00 secs] 
2019-01-02T11:12:24.819+0530: 812.723: [GC (Allocation Failure) 2019-01-02T11:12:24.819+0530: 812.723: [DefNew
Desired survivor size 32768 bytes, new threshold 15 (max 15)
- age   1:         24 bytes,         24 total
- age   4:        184 bytes,        208 total
: 427K->0K(960K), 0.0005508 secs] 3089K->2662K(10176K), 0.0006631 secs] [Times: user=0.00 sys=0.00, real=0.00 secs] 
2019-01-02T11:12:24.820+0530: 812.724: [GC (Allocation Failure) 2019-01-02T11:12:24.821+0530: 812.724: [DefNew
Desired survivor size 32768 bytes, new threshold 15 (max 15)
- age   2:         24 bytes,         24 total
- age   5:        184 bytes,        208 total
: 485K->0K(960K), 0.0003866 secs] 3147K->3147K(10176K), 0.0004641 secs] [Times: user=0.00 sys=0.00, real=0.00 secs] 
2019-01-02T11:12:24.821+0530: 812.725: [GC (Allocation Failure) 2019-01-02T11:12:24.821+0530: 812.725: [DefNew
Desired survivor size 32768 bytes, new threshold 15 (max 15)
- age   1:         24 bytes,         24 total
- age   6:         72 bytes,         96 total
: 503K->0K(960K), 0.0003318 secs] 3651K->3633K(10176K), 0.0004031 secs] [Times: user=0.00 sys=0.00, real=0.00 secs] 
2019-01-02T11:12:24.877+0530: 812.781: [GC (Allocation Failure) 2019-01-02T11:12:24.877+0530: 812.781: [DefNew
Desired survivor size 32768 bytes, new threshold 15 (max 15)
- age   1:        248 bytes,        248 total
- age   7:         16 bytes,        264 total
: 841K->0K(960K), 0.0006129 secs] 4474K->3705K(10176K), 0.0010873 secs] [Times: user=0.00 sys=0.00, real=0.00 secs] 
2019-01-02T11:12:24.881+0530: 812.784: [GC (Allocation Failure) 2019-01-02T11:12:24.881+0530: 812.785: [DefNew
Desired survivor size 32768 bytes, new threshold 15 (max 15)
- age   2:        184 bytes,        184 total
- age   8:         16 bytes,        200 total
: 896K->0K(960K), 0.0004818 secs] 4601K->3993K(10176K), 0.0007292 secs] [Times: user=0.00 sys=0.00, real=0.00 secs] 
2019-01-02T11:12:24.883+0530: 812.786: [GC (Allocation Failure) 2019-01-02T11:12:24.883+0530: 812.786: [DefNew
Desired survivor size 32768 bytes, new threshold 15 (max 15)
- age   1:         40 bytes,         40 total
- age   3:        184 bytes,        224 total
- age   9:         16 bytes,        240 total
: 896K->0K(960K), 0.0008706 secs] 4889K->4569K(10176K), 0.0010445 secs] [Times: user=0.00 sys=0.00, real=0.00 secs] 
2019-01-02T11:12:24.885+0530: 812.789: [GC (Allocation Failure) 2019-01-02T11:12:24.885+0530: 812.789: [DefNew
Desired survivor size 32768 bytes, new threshold 15 (max 15)
- age   1:         24 bytes,         24 total
- age   4:        184 bytes,        208 total
- age  10:         16 bytes,        224 total
: 428K->0K(960K), 0.0007030 secs] 4998K->4569K(10176K), 0.0009904 secs] [Times: user=0.00 sys=0.00, real=0.00 secs] 
2019-01-02T11:12:24.887+0530: 812.790: [GC (Allocation Failure) 2019-01-02T11:12:24.887+0530: 812.791: [DefNew
Desired survivor size 32768 bytes, new threshold 15 (max 15)
- age   2:         24 bytes,         24 total
- age   5:        184 bytes,        208 total
- age  11:         16 bytes,        224 total
: 485K->0K(960K), 0.0010844 secs] 5055K->5055K(10176K), 0.0012823 secs] [Times: user=0.00 sys=0.00, real=0.00 secs] 
2019-01-02T11:12:24.889+0530: 812.792: [GC (Allocation Failure) 2019-01-02T11:12:24.889+0530: 812.792: [DefNew
Desired survivor size 32768 bytes, new threshold 15 (max 15)
- age   1:         24 bytes,         24 total
- age   6:         72 bytes,         96 total
- age  12:         16 bytes,        112 total
: 503K->0K(960K), 0.0003358 secs] 5559K->5541K(10176K), 0.0004111 secs] [Times: user=0.00 sys=0.00, real=0.00 secs] 
2019-01-02T11:12:24.944+0530: 812.847: [GC (Allocation Failure) 2019-01-02T11:12:24.944+0530: 812.847: [DefNew
Desired survivor size 32768 bytes, new threshold 15 (max 15)
- age   1:        248 bytes,        248 total
- age   7:         16 bytes,        264 total
- age  13:         16 bytes,        280 total
: 841K->0K(960K), 0.0008119 secs] 6382K->5613K(10176K), 0.0011164 secs] [Times: user=0.00 sys=0.00, real=0.00 secs] 
2019-01-02T11:12:24.947+0530: 812.851: [GC (Allocation Failure) 2019-01-02T11:12:24.947+0530: 812.851: [DefNew
Desired survivor size 32768 bytes, new threshold 15 (max 15)
- age   1:         40 bytes,         40 total
- age   2:        184 bytes,        224 total
- age   8:         16 bytes,        240 total
- age  14:         16 bytes,        256 total
: 896K->0K(960K), 0.0004464 secs] 6509K->5901K(10176K), 0.0006796 secs] [Times: user=0.00 sys=0.00, real=0.00 secs] 
2019-01-02T11:12:24.949+0530: 812.853: [GC (Allocation Failure) 2019-01-02T11:12:24.949+0530: 812.853: [DefNew
Desired survivor size 32768 bytes, new threshold 15 (max 15)
- age   1:         40 bytes,         40 total
- age   3:        184 bytes,        224 total
- age   9:         16 bytes,        240 total
- age  15:         16 bytes,        256 total
: 896K->0K(960K), 0.0008524 secs] 6797K->6477K(10176K), 0.0010109 secs] [Times: user=0.00 sys=0.00, real=0.00 secs] 
2019-01-02T11:12:24.952+0530: 812.855: [GC (Allocation Failure) 2019-01-02T11:12:24.952+0530: 812.856: [DefNew
Desired survivor size 32768 bytes, new threshold 15 (max 15)
- age   1:         24 bytes,         24 total
- age   4:        184 bytes,        208 total
- age  10:         16 bytes,        224 total
: 427K->0K(960K), 0.0008387 secs] 6905K->6477K(10176K), 0.0013513 secs] [Times: user=0.00 sys=0.00, real=0.00 secs] 
2019-01-02T11:12:24.954+0530: 812.857: [GC (Allocation Failure) 2019-01-02T11:12:24.954+0530: 812.857: [DefNew
Desired survivor size 32768 bytes, new threshold 15 (max 15)
- age   2:         24 bytes,         24 total
- age   5:        184 bytes,        208 total
- age  11:         16 bytes,        224 total
: 486K->0K(960K), 0.0003512 secs] 6963K->6963K(10176K), 0.0004248 secs] [Times: user=0.00 sys=0.00, real=0.00 secs] 
2019-01-02T11:12:24.955+0530: 812.858: [GC (Allocation Failure) 2019-01-02T11:12:24.955+0530: 812.858: [DefNew
Desired survivor size 32768 bytes, new threshold 15 (max 15)
- age   1:         24 bytes,         24 total
- age   6:         72 bytes,         96 total
- age  12:         16 bytes,        112 total
: 503K->0K(960K), 0.0003284 secs] 7466K->7448K(10176K), 0.0004008 secs] [Times: user=0.00 sys=0.00, real=0.00 secs] 
2019-01-02T11:12:25.013+0530: 812.916: [GC (Allocation Failure) 2019-01-02T11:12:25.013+0530: 812.916: [DefNew
Desired survivor size 32768 bytes, new threshold 15 (max 15)
- age   1:        248 bytes,        248 total
- age   7:         16 bytes,        264 total
- age  13:         16 bytes,        280 total
: 841K->0K(960K), 0.0011135 secs] 8290K->7521K(10176K), 0.0015674 secs] [Times: user=0.00 sys=0.00, real=0.00 secs] 
2019-01-02T11:12:25.017+0530: 812.920: [GC (Allocation Failure) 2019-01-02T11:12:25.017+0530: 812.920: [DefNew
Desired survivor size 32768 bytes, new threshold 15 (max 15)
- age   2:        184 bytes,        184 total
- age   8:         16 bytes,        200 total
- age  14:         16 bytes,        216 total
: 896K->0K(960K), 0.0009094 secs] 8417K->7809K(10176K), 0.0011061 secs] [Times: user=0.00 sys=0.00, real=0.00 secs] 
2019-01-02T11:12:25.019+0530: 812.922: [GC (Allocation Failure) 2019-01-02T11:12:25.019+0530: 812.923: [DefNew
Desired survivor size 32768 bytes, new threshold 15 (max 15)
- age   1:         40 bytes,         40 total
- age   3:        184 bytes,        224 total
- age   9:         16 bytes,        240 total
- age  15:         16 bytes,        256 total
: 896K->0K(960K), 0.0007247 secs] 8705K->8385K(10176K), 0.0008655 secs] [Times: user=0.00 sys=0.00, real=0.00 secs] 
2019-01-02T11:12:25.021+0530: 812.925: [GC (Allocation Failure) 2019-01-02T11:12:25.021+0530: 812.925: [DefNew
Desired survivor size 32768 bytes, new threshold 15 (max 15)
- age   1:         24 bytes,         24 total
- age   4:        184 bytes,        208 total
- age  10:         16 bytes,        224 total
: 428K->0K(960K), 0.0007292 secs] 8813K->8385K(10176K), 0.0008752 secs] [Times: user=0.00 sys=0.00, real=0.00 secs] 
2019-01-02T11:12:25.023+0530: 812.926: [GC (Allocation Failure) 2019-01-02T11:12:25.023+0530: 812.926: [DefNew
Desired survivor size 32768 bytes, new threshold 15 (max 15)
- age   2:         24 bytes,         24 total
- age   5:        184 bytes,        208 total
- age  11:         16 bytes,        224 total
: 486K->0K(960K), 0.0003501 secs] 8870K->8870K(10176K), 0.0004231 secs] [Times: user=0.00 sys=0.00, real=0.00 secs] 
2019-01-02T11:12:25.023+0530: 812.927: [GC (Allocation Failure) 2019-01-02T11:12:25.024+0530: 812.927: [DefNew: 503K->503K(960K), 0.0000302 secs]2019-01-02T11:12:25.024+0530: 812.927: [Tenured: 8870K->1240K(9216K), 0.0036661 secs] 9374K->1240K(10176K), [Metaspace: 2520K->2520K(1056768K)], 0.0038343 secs] [Times: user=0.00 sys=0.00, real=0.00 secs] 
2019-01-02T11:12:25.082+0530: 812.985: [GC (Allocation Failure) 2019-01-02T11:12:25.082+0530: 812.985: [DefNew
Desired survivor size 32768 bytes, new threshold 15 (max 15)
- age   1:        248 bytes,        248 total
: 841K->0K(960K), 0.0014550 secs] 2081K->1798K(10176K), 0.0017458 secs] [Times: user=0.01 sys=0.00, real=0.00 secs] 
2019-01-02T11:12:25.085+0530: 812.988: [GC (Allocation Failure) 2019-01-02T11:12:25.085+0530: 812.988: [DefNew
Desired survivor size 32768 bytes, new threshold 15 (max 15)
- age   1:         40 bytes,         40 total
- age   2:        184 bytes,        224 total
: 896K->0K(960K), 0.0008016 secs] 2694K->2086K(10176K), 0.0009356 secs] [Times: user=0.00 sys=0.00, real=0.00 secs] 
2019-01-02T11:12:25.087+0530: 812.991: [GC (Allocation Failure) 2019-01-02T11:12:25.087+0530: 812.991: [DefNew
Desired survivor size 32768 bytes, new threshold 15 (max 15)
- age   1:         40 bytes,         40 total
- age   3:        184 bytes,        224 total
: 896K->0K(960K), 0.0009955 secs] 2982K->2662K(10176K), 0.0011329 secs] [Times: user=0.00 sys=0.00, real=0.00 secs] 
2019-01-02T11:12:25.090+0530: 812.993: [GC (Allocation Failure) 2019-01-02T11:12:25.090+0530: 812.993: [DefNew
Desired survivor size 32768 bytes, new threshold 15 (max 15)
- age   1:         24 bytes,         24 total
- age   4:        184 bytes,        208 total
: 427K->0K(960K), 0.0003524 secs] 3089K->2662K(10176K), 0.0005240 secs] [Times: user=0.00 sys=0.00, real=0.00 secs] 
2019-01-02T11:12:25.091+0530: 812.994: [GC (Allocation Failure) 2019-01-02T11:12:25.091+0530: 812.994: [DefNew
Desired survivor size 32768 bytes, new threshold 15 (max 15)
- age   2:         24 bytes,         24 total
- age   5:        184 bytes,        208 total
: 486K->0K(960K), 0.0003649 secs] 3148K->3148K(10176K), 0.0004464 secs] [Times: user=0.00 sys=0.00, real=0.00 secs] 
2019-01-02T11:12:25.092+0530: 812.995: [GC (Allocation Failure) 2019-01-02T11:12:25.092+0530: 812.995: [DefNew
Desired survivor size 32768 bytes, new threshold 15 (max 15)
- age   1:         24 bytes,         24 total
- age   6:         72 bytes,         96 total
: 503K->0K(960K), 0.0003250 secs] 3651K->3633K(10176K), 0.0003963 secs] [Times: user=0.00 sys=0.00, real=0.00 secs] 
2019-01-02T11:12:25.146+0530: 813.049: [GC (Allocation Failure) 2019-01-02T11:12:25.146+0530: 813.049: [DefNew
Desired survivor size 32768 bytes, new threshold 15 (max 15)
- age   1:        248 bytes,        248 total
- age   7:         16 bytes,        264 total
: 841K->0K(960K), 0.0009670 secs] 4475K->3706K(10176K), 0.0014300 secs] [Times: user=0.00 sys=0.00, real=0.00 secs] 
2019-01-02T11:12:25.149+0530: 813.053: [GC (Allocation Failure) 2019-01-02T11:12:25.150+0530: 813.053: [DefNew
Desired survivor size 32768 bytes, new threshold 15 (max 15)
- age   2:        184 bytes,        184 total
- age   8:         16 bytes,        200 total
: 896K->0K(960K), 0.0004031 secs] 4602K->3994K(10176K), 0.0008855 secs] [Times: user=0.00 sys=0.00, real=0.00 secs] 
2019-01-02T11:12:25.152+0530: 813.055: [GC (Allocation Failure) 2019-01-02T11:12:25.152+0530: 813.055: [DefNew
Desired survivor size 32768 bytes, new threshold 15 (max 15)
- age   1:         40 bytes,         40 total
- age   3:        184 bytes,        224 total
- age   9:         16 bytes,        240 total
: 896K->0K(960K), 0.0008991 secs] 4890K->4570K(10176K), 0.0010132 secs] [Times: user=0.00 sys=0.00, real=0.00 secs] 
2019-01-02T11:12:25.154+0530: 813.058: [GC (Allocation Failure) 2019-01-02T11:12:25.154+0530: 813.058: [DefNew
Desired survivor size 32768 bytes, new threshold 15 (max 15)
- age   1:         24 bytes,         24 total
- age   4:        184 bytes,        208 total
- age  10:         16 bytes,        224 total
: 428K->0K(960K), 0.0004510 secs] 4998K->4570K(10176K), 0.0005833 secs] [Times: user=0.00 sys=0.00, real=0.00 secs] 
2019-01-02T11:12:25.155+0530: 813.059: [GC (Allocation Failure) 2019-01-02T11:12:25.155+0530: 813.059: [DefNew
Desired survivor size 32768 bytes, new threshold 15 (max 15)
- age   2:         24 bytes,         24 total
- age   5:        184 bytes,        208 total
- age  11:         16 bytes,        224 total
: 486K->0K(960K), 0.0003313 secs] 5056K->5056K(10176K), 0.0004037 secs] [Times: user=0.00 sys=0.00, real=0.00 secs] 
2019-01-02T11:12:25.156+0530: 813.059: [GC (Allocation Failure) 2019-01-02T11:12:25.156+0530: 813.059: [DefNew
Desired survivor size 32768 bytes, new threshold 15 (max 15)
- age   1:         24 bytes,         24 total
- age   6:         72 bytes,         96 total
- age  12:         16 bytes,        112 total
: 503K->0K(960K), 0.0003273 secs] 5559K->5541K(10176K), 0.0004082 secs] [Times: user=0.00 sys=0.00, real=0.00 secs] 
2019-01-02T11:12:25.213+0530: 813.116: [GC (Allocation Failure) 2019-01-02T11:12:25.213+0530: 813.116: [DefNew
Desired survivor size 32768 bytes, new threshold 15 (max 15)
- age   1:        248 bytes,        248 total
- age   7:         16 bytes,        264 total
- age  13:         16 bytes,        280 total
: 841K->0K(960K), 0.0008512 secs] 6383K->5614K(10176K), 0.0011392 secs] [Times: user=0.00 sys=0.00, real=0.00 secs] 
2019-01-02T11:12:25.216+0530: 813.119: [GC (Allocation Failure) 2019-01-02T11:12:25.216+0530: 813.120: [DefNew
Desired survivor size 32768 bytes, new threshold 15 (max 15)
- age   1:         40 bytes,         40 total
- age   2:        184 bytes,        224 total
- age   8:         16 bytes,        240 total
- age  14:         16 bytes,        256 total
: 896K->0K(960K), 0.0003997 secs] 6510K->5902K(10176K), 0.0005143 secs] [Times: user=0.00 sys=0.00, real=0.00 secs] 
2019-01-02T11:12:25.218+0530: 813.121: [GC (Allocation Failure) 2019-01-02T11:12:25.218+0530: 813.121: [DefNew
Desired survivor size 32768 bytes, new threshold 15 (max 15)
- age   1:         40 bytes,         40 total
- age   3:        184 bytes,        224 total
- age   9:         16 bytes,        240 total
- age  15:         16 bytes,        256 total
: 896K->0K(960K), 0.0008798 secs] 6798K->6478K(10176K), 0.0010485 secs] [Times: user=0.00 sys=0.00, real=0.00 secs] 
2019-01-02T11:12:25.220+0530: 813.123: [GC (Allocation Failure) 2019-01-02T11:12:25.220+0530: 813.124: [DefNew
Desired survivor size 32768 bytes, new threshold 15 (max 15)
- age   1:         24 bytes,         24 total
- age   4:        184 bytes,        208 total
- age  10:         16 bytes,        224 total
: 427K->0K(960K), 0.0012150 secs] 6905K->6478K(10176K), 0.0014368 secs] [Times: user=0.00 sys=0.00, real=0.00 secs] 
2019-01-02T11:12:25.222+0530: 813.125: [GC (Allocation Failure) 2019-01-02T11:12:25.222+0530: 813.125: [DefNew
Desired survivor size 32768 bytes, new threshold 15 (max 15)
- age   2:         24 bytes,         24 total
- age   5:        184 bytes,        208 total
- age  11:         16 bytes,        224 total
: 486K->0K(960K), 0.0003552 secs] 6963K->6963K(10176K), 0.0004299 secs] [Times: user=0.00 sys=0.00, real=0.00 secs] 
2019-01-02T11:12:25.223+0530: 813.126: [GC (Allocation Failure) 2019-01-02T11:12:25.223+0530: 813.126: [DefNew
Desired survivor size 32768 bytes, new threshold 15 (max 15)
- age   1:         24 bytes,         24 total
- age   6:         72 bytes,         96 total
- age  12:         16 bytes,        112 total
: 503K->0K(960K), 0.0003318 secs] 7467K->7449K(10176K), 0.0004037 secs] [Times: user=0.00 sys=0.00, real=0.00 secs] 
2019-01-02T11:12:25.277+0530: 813.180: [GC (Allocation Failure) 2019-01-02T11:12:25.277+0530: 813.180: [DefNew
Desired survivor size 32768 bytes, new threshold 15 (max 15)
- age   1:        248 bytes,        248 total
- age   7:         16 bytes,        264 total
- age  13:         16 bytes,        280 total
: 841K->0K(960K), 0.0008199 secs] 8290K->7521K(10176K), 0.0010582 secs] [Times: user=0.00 sys=0.00, real=0.00 secs] 
2019-01-02T11:12:25.280+0530: 813.184: [GC (Allocation Failure) 2019-01-02T11:12:25.281+0530: 813.184: [DefNew
Desired survivor size 32768 bytes, new threshold 15 (max 15)
- age   2:        184 bytes,        184 total
- age   8:         16 bytes,        200 total
- age  14:         16 bytes,        216 total
: 896K->0K(960K), 0.0005171 secs] 8417K->7809K(10176K), 0.0006642 secs] [Times: user=0.00 sys=0.00, real=0.00 secs] 
2019-01-02T11:12:25.283+0530: 813.187: [GC (Allocation Failure) 2019-01-02T11:12:25.283+0530: 813.187: [DefNew
Desired survivor size 32768 bytes, new threshold 15 (max 15)
- age   1:         40 bytes,         40 total
- age   3:        184 bytes,        224 total
- age   9:         16 bytes,        240 total
- age  15:         16 bytes,        256 total
: 896K->0K(960K), 0.0007059 secs] 8705K->8385K(10176K), 0.0008581 secs] [Times: user=0.00 sys=0.00, real=0.00 secs] 
2019-01-02T11:12:25.285+0530: 813.189: [GC (Allocation Failure) 2019-01-02T11:12:25.285+0530: 813.189: [DefNew
Desired survivor size 32768 bytes, new threshold 15 (max 15)
- age   1:         24 bytes,         24 total
- age   4:        184 bytes,        208 total
- age  10:         16 bytes,        224 total
: 428K->0K(960K), 0.0004624 secs] 8814K->8385K(10176K), 0.0005519 secs] [Times: user=0.00 sys=0.00, real=0.00 secs] 
2019-01-02T11:12:25.287+0530: 813.190: [GC (Allocation Failure) 2019-01-02T11:12:25.287+0530: 813.190: [DefNew
Desired survivor size 32768 bytes, new threshold 15 (max 15)
- age   2:         24 bytes,         24 total
- age   5:        184 bytes,        208 total
- age  11:         16 bytes,        224 total
: 486K->0K(960K), 0.0003472 secs] 8871K->8871K(10176K), 0.0004356 secs] [Times: user=0.00 sys=0.00, real=0.00 secs] 
2019-01-02T11:12:25.288+0530: 813.191: [GC (Allocation Failure) 2019-01-02T11:12:25.288+0530: 813.191: [DefNew: 504K->504K(960K), 0.0000279 secs]2019-01-02T11:12:25.288+0530: 813.191: [Tenured: 8871K->1240K(9216K), 0.0036256 secs] 9375K->1240K(10176K), [Metaspace: 2520K->2520K(1056768K)], 0.0037750 secs] [Times: user=0.00 sys=0.00, real=0.00 secs] 
2019-01-02T11:12:25.343+0530: 813.247: [GC (Allocation Failure) 2019-01-02T11:12:25.343+0530: 813.247: [DefNew
Desired survivor size 32768 bytes, new threshold 15 (max 15)
- age   1:        248 bytes,        248 total
: 841K->0K(960K), 0.0009174 secs] 2082K->1798K(10176K), 0.0012595 secs] [Times: user=0.00 sys=0.00, real=0.00 secs] 
2019-01-02T11:12:25.346+0530: 813.250: [GC (Allocation Failure) 2019-01-02T11:12:25.346+0530: 813.250: [DefNew
Desired survivor size 32768 bytes, new threshold 15 (max 15)
- age   1:         40 bytes,         40 total
- age   2:        184 bytes,        224 total
: 896K->0K(960K), 0.0007190 secs] 2694K->2086K(10176K), 0.0008530 secs] [Times: user=0.00 sys=0.00, real=0.00 secs] 
2019-01-02T11:12:25.349+0530: 813.252: [GC (Allocation Failure) 2019-01-02T11:12:25.349+0530: 813.252: [DefNew
Desired survivor size 32768 bytes, new threshold 15 (max 15)
- age   1:         40 bytes,         40 total
- age   3:        184 bytes,        224 total
: 896K->0K(960K), 0.0003911 secs] 2982K->2662K(10176K), 0.0004675 secs] [Times: user=0.00 sys=0.00, real=0.00 secs] 
2019-01-02T11:12:25.351+0530: 813.254: [GC (Allocation Failure) 2019-01-02T11:12:25.351+0530: 813.254: [DefNew
Desired survivor size 32768 bytes, new threshold 15 (max 15)
- age   1:         24 bytes,         24 total
- age   4:        184 bytes,        208 total
: 427K->0K(960K), 0.0005445 secs] 3090K->2662K(10176K), 0.0006454 secs] [Times: user=0.00 sys=0.00, real=0.00 secs] 
2019-01-02T11:12:25.352+0530: 813.256: [GC (Allocation Failure) 2019-01-02T11:12:25.352+0530: 813.256: [DefNew
Desired survivor size 32768 bytes, new threshold 15 (max 15)
- age   2:         24 bytes,         24 total
- age   5:        184 bytes,        208 total
: 486K->0K(960K), 0.0008364 secs] 3148K->3148K(10176K), 0.0009430 secs] [Times: user=0.00 sys=0.00, real=0.00 secs] 
2019-01-02T11:12:25.354+0530: 813.257: [GC (Allocation Failure) 2019-01-02T11:12:25.354+0530: 813.258: [DefNew
Desired survivor size 32768 bytes, new threshold 15 (max 15)
- age   1:         24 bytes,         24 total
- age   6:         72 bytes,         96 total
: 503K->0K(960K), 0.0006534 secs] 3652K->3634K(10176K), 0.0009219 secs] [Times: user=0.00 sys=0.00, real=0.00 secs] 
2019-01-02T11:12:25.407+0530: 813.311: [GC (Allocation Failure) 2019-01-02T11:12:25.408+0530: 813.311: [DefNew
Desired survivor size 32768 bytes, new threshold 15 (max 15)
- age   1:        248 bytes,        248 total
- age   7:         16 bytes,        264 total
: 841K->0K(960K), 0.0006517 secs] 4475K->3706K(10176K), 0.0011249 secs] [Times: user=0.00 sys=0.00, real=0.00 secs] 
2019-01-02T11:12:25.410+0530: 813.314: [GC (Allocation Failure) 2019-01-02T11:12:25.411+0530: 813.314: [DefNew
Desired survivor size 32768 bytes, new threshold 15 (max 15)
- age   2:        184 bytes,        184 total
- age   8:         16 bytes,        200 total
: 896K->0K(960K), 0.0008136 secs] 4602K->3994K(10176K), 0.0010713 secs] [Times: user=0.00 sys=0.02, real=0.00 secs] 
2019-01-02T11:12:25.413+0530: 813.317: [GC (Allocation Failure) 2019-01-02T11:12:25.413+0530: 813.317: [DefNew
Desired survivor size 32768 bytes, new threshold 15 (max 15)
- age   1:         40 bytes,         40 total
- age   3:        184 bytes,        224 total
- age   9:         16 bytes,        240 total
: 896K->0K(960K), 0.0011557 secs] 4890K->4570K(10176K), 0.0012595 secs] [Times: user=0.00 sys=0.00, real=0.00 secs] 
2019-01-02T11:12:25.416+0530: 813.319: [GC (Allocation Failure) 2019-01-02T11:12:25.416+0530: 813.320: [DefNew
Desired survivor size 32768 bytes, new threshold 15 (max 15)
- age   1:         24 bytes,         24 total
- age   4:        184 bytes,        208 total
- age  10:         16 bytes,        224 total
: 428K->0K(960K), 0.0009322 secs] 4999K->4570K(10176K), 0.0011266 secs] [Times: user=0.00 sys=0.00, real=0.00 secs] 
2019-01-02T11:12:25.417+0530: 813.321: [GC (Allocation Failure) 2019-01-02T11:12:25.417+0530: 813.321: [DefNew
Desired survivor size 32768 bytes, new threshold 15 (max 15)
- age   2:         24 bytes,         24 total
- age   5:        184 bytes,        208 total
- age  11:         16 bytes,        224 total
: 486K->0K(960K), 0.0003746 secs] 5056K->5056K(10176K), 0.0004367 secs] [Times: user=0.00 sys=0.00, real=0.00 secs] 
2019-01-02T11:12:25.418+0530: 813.322: [GC (Allocation Failure) 2019-01-02T11:12:25.418+0530: 813.322: [DefNew
Desired survivor size 32768 bytes, new threshold 15 (max 15)
- age   1:         24 bytes,         24 total
- age   6:         72 bytes,         96 total
- age  12:         16 bytes,        112 total
: 504K->0K(960K), 0.0006420 secs] 5560K->5542K(10176K), 0.0007178 secs] [Times: user=0.00 sys=0.00, real=0.00 secs] 
2019-01-02T11:12:25.471+0530: 813.374: [GC (Allocation Failure) 2019-01-02T11:12:25.471+0530: 813.374: [DefNew
Desired survivor size 32768 bytes, new threshold 15 (max 15)
- age   1:        248 bytes,        248 total
- age   7:         16 bytes,        264 total
- age  13:         16 bytes,        280 total
: 841K->0K(960K), 0.0009624 secs] 6384K->5614K(10176K), 0.0012025 secs] [Times: user=0.00 sys=0.00, real=0.00 secs] 
2019-01-02T11:12:25.474+0530: 813.377: [GC (Allocation Failure) 2019-01-02T11:12:25.474+0530: 813.378: [DefNew
Desired survivor size 32768 bytes, new threshold 15 (max 15)
- age   1:         40 bytes,         40 total
- age   2:        184 bytes,        224 total
- age   8:         16 bytes,        240 total
- age  14:         16 bytes,        256 total
: 896K->0K(960K), 0.0011295 secs] 6510K->5902K(10176K), 0.0013593 secs] [Times: user=0.00 sys=0.00, real=0.00 secs] 
2019-01-02T11:12:25.477+0530: 813.381: [GC (Allocation Failure) 2019-01-02T11:12:25.477+0530: 813.381: [DefNew
Desired survivor size 32768 bytes, new threshold 15 (max 15)
- age   1:         40 bytes,         40 total
- age   3:        184 bytes,        224 total
- age   9:         16 bytes,        240 total
- age  15:         16 bytes,        256 total
: 896K->0K(960K), 0.0008780 secs] 6798K->6478K(10176K), 0.0009995 secs] [Times: user=0.00 sys=0.00, real=0.00 secs] 
2019-01-02T11:12:25.479+0530: 813.383: [GC (Allocation Failure) 2019-01-02T11:12:25.479+0530: 813.383: [DefNew
Desired survivor size 32768 bytes, new threshold 15 (max 15)
- age   1:         24 bytes,         24 total
- age   4:        184 bytes,        208 total
- age  10:         16 bytes,        224 total
: 427K->0K(960K), 0.0006620 secs] 6906K->6478K(10176K), 0.0008245 secs] [Times: user=0.00 sys=0.00, real=0.00 secs] 
2019-01-02T11:12:25.481+0530: 813.385: [GC (Allocation Failure) 2019-01-02T11:12:25.481+0530: 813.385: [DefNew
Desired survivor size 32768 bytes, new threshold 15 (max 15)
- age   2:         24 bytes,         24 total
- age   5:        184 bytes,        208 total
- age  11:         16 bytes,        224 total
: 486K->0K(960K), 0.0003489 secs] 6964K->6964K(10176K), 0.0004413 secs] [Times: user=0.00 sys=0.00, real=0.00 secs] 
2019-01-02T11:12:25.482+0530: 813.385: [GC (Allocation Failure) 2019-01-02T11:12:25.482+0530: 813.385: [DefNew
Desired survivor size 32768 bytes, new threshold 15 (max 15)
- age   1:         24 bytes,         24 total
- age   6:         72 bytes,         96 total
- age  12:         16 bytes,        112 total
: 504K->0K(960K), 0.0003364 secs] 7468K->7450K(10176K), 0.0004088 secs] [Times: user=0.00 sys=0.00, real=0.00 secs] 
2019-01-02T11:12:25.536+0530: 813.439: [GC (Allocation Failure) 2019-01-02T11:12:25.536+0530: 813.440: [DefNew
Desired survivor size 32768 bytes, new threshold 15 (max 15)
- age   1:        248 bytes,        248 total
- age   7:         16 bytes,        264 total
- age  13:         16 bytes,        280 total
: 841K->0K(960K), 0.0005992 secs] 8291K->7522K(10176K), 0.0007731 secs] [Times: user=0.00 sys=0.00, real=0.00 secs] 
2019-01-02T11:12:25.538+0530: 813.442: [GC (Allocation Failure) 2019-01-02T11:12:25.538+0530: 813.442: [DefNew
Desired survivor size 32768 bytes, new threshold 15 (max 15)
- age   2:        184 bytes,        184 total
- age   8:         16 bytes,        200 total
- age  14:         16 bytes,        216 total
: 896K->0K(960K), 0.0009140 secs] 8418K->7810K(10176K), 0.0010839 secs] [Times: user=0.00 sys=0.00, real=0.00 secs] 
2019-01-02T11:12:25.541+0530: 813.445: [GC (Allocation Failure) 2019-01-02T11:12:25.541+0530: 813.445: [DefNew
Desired survivor size 32768 bytes, new threshold 15 (max 15)
- age   1:         40 bytes,         40 total
- age   3:        184 bytes,        224 total
- age   9:         16 bytes,        240 total
- age  15:         16 bytes,        256 total
: 896K->0K(960K), 0.0010907 secs] 8706K->8386K(10176K), 0.0012663 secs] [Times: user=0.00 sys=0.00, real=0.00 secs] 
2019-01-02T11:12:25.544+0530: 813.447: [GC (Allocation Failure) 2019-01-02T11:12:25.544+0530: 813.447: [DefNew
Desired survivor size 32768 bytes, new threshold 15 (max 15)
- age   1:         24 bytes,         24 total
- age   4:        184 bytes,        208 total
- age  10:         16 bytes,        224 total
: 428K->0K(960K), 0.0002520 secs] 8815K->8386K(10176K), 0.0003113 secs] [Times: user=0.00 sys=0.00, real=0.00 secs] 
2019-01-02T11:12:25.544+0530: 813.448: [GC (Allocation Failure) 2019-01-02T11:12:25.544+0530: 813.448: [DefNew
Desired survivor size 32768 bytes, new threshold 15 (max 15)
- age   2:         24 bytes,         24 total
- age   5:        184 bytes,        208 total
- age  11:         16 bytes,        224 total
: 486K->0K(960K), 0.0003421 secs] 8872K->8872K(10176K), 0.0003951 secs] [Times: user=0.00 sys=0.00, real=0.00 secs] 
2019-01-02T11:12:25.545+0530: 813.449: [GC (Allocation Failure) 2019-01-02T11:12:25.545+0530: 813.449: [DefNew: 504K->504K(960K), 0.0000234 secs]2019-01-02T11:12:25.545+0530: 813.449: [Tenured: 8872K->1240K(9216K), 0.0036388 secs] 9376K->1240K(10176K), [Metaspace: 2520K->2520K(1056768K)], 0.0037665 secs] [Times: user=0.00 sys=0.00, real=0.00 secs] 
2019-01-02T11:12:25.605+0530: 813.509: [GC (Allocation Failure) 2019-01-02T11:12:25.605+0530: 813.509: [DefNew
Desired survivor size 32768 bytes, new threshold 15 (max 15)
- age   1:        248 bytes,        248 total
: 841K->0K(960K), 0.0009465 secs] 2082K->1798K(10176K), 0.0011894 secs] [Times: user=0.00 sys=0.00, real=0.00 secs] 
2019-01-02T11:12:25.608+0530: 813.511: [GC (Allocation Failure) 2019-01-02T11:12:25.608+0530: 813.512: [DefNew
Desired survivor size 32768 bytes, new threshold 15 (max 15)
- age   1:         40 bytes,         40 total
- age   2:        184 bytes,        224 total
: 896K->0K(960K), 0.0008273 secs] 2694K->2086K(10176K), 0.0010451 secs] [Times: user=0.00 sys=0.00, real=0.00 secs] 
2019-01-02T11:12:25.611+0530: 813.514: [GC (Allocation Failure) 2019-01-02T11:12:25.611+0530: 813.514: [DefNew
Desired survivor size 32768 bytes, new threshold 15 (max 15)
- age   1:         40 bytes,         40 total
- age   3:        184 bytes,        224 total
: 896K->0K(960K), 0.0012127 secs] 2982K->2662K(10176K), 0.0014168 secs] [Times: user=0.00 sys=0.00, real=0.00 secs] 
2019-01-02T11:12:25.613+0530: 813.517: [GC (Allocation Failure) 2019-01-02T11:12:25.613+0530: 813.517: [DefNew
Desired survivor size 32768 bytes, new threshold 15 (max 15)
- age   1:         24 bytes,         24 total
- age   4:        184 bytes,        208 total
: 427K->0K(960K), 0.0002543 secs] 3090K->2662K(10176K), 0.0003301 secs] [Times: user=0.00 sys=0.00, real=0.00 secs] 
2019-01-02T11:12:25.614+0530: 813.517: [GC (Allocation Failure) 2019-01-02T11:12:25.614+0530: 813.517: [DefNew
Desired survivor size 32768 bytes, new threshold 15 (max 15)
- age   2:         24 bytes,         24 total
- age   5:        184 bytes,        208 total
: 486K->0K(960K), 0.0003353 secs] 3148K->3148K(10176K), 0.0004071 secs] [Times: user=0.00 sys=0.00, real=0.00 secs] 
2019-01-02T11:12:25.615+0530: 813.518: [GC (Allocation Failure) 2019-01-02T11:12:25.615+0530: 813.518: [DefNew
Desired survivor size 32768 bytes, new threshold 15 (max 15)
- age   1:         24 bytes,         24 total
- age   6:         72 bytes,         96 total
: 504K->0K(960K), 0.0003147 secs] 3652K->3634K(10176K), 0.0003877 secs] [Times: user=0.00 sys=0.00, real=0.00 secs] 
2019-01-02T11:12:25.671+0530: 813.574: [GC (Allocation Failure) 2019-01-02T11:12:25.671+0530: 813.575: [DefNew
Desired survivor size 32768 bytes, new threshold 15 (max 15)
- age   1:        248 bytes,        248 total
- age   7:         16 bytes,        264 total
: 841K->0K(960K), 0.0005975 secs] 4476K->3706K(10176K), 0.0008193 secs] [Times: user=0.00 sys=0.00, real=0.00 secs] 
2019-01-02T11:12:25.673+0530: 813.577: [GC (Allocation Failure) 2019-01-02T11:12:25.673+0530: 813.577: [DefNew
Desired survivor size 32768 bytes, new threshold 15 (max 15)
- age   2:        184 bytes,        184 total
- age   8:         16 bytes,        200 total
: 896K->0K(960K), 0.0008279 secs] 4602K->3994K(10176K), 0.0010291 secs] [Times: user=0.00 sys=0.00, real=0.00 secs] 
2019-01-02T11:12:25.676+0530: 813.579: [GC (Allocation Failure) 2019-01-02T11:12:25.676+0530: 813.580: [DefNew
Desired survivor size 32768 bytes, new threshold 15 (max 15)
- age   1:         40 bytes,         40 total
- age   3:        184 bytes,        224 total
- age   9:         16 bytes,        240 total
: 896K->0K(960K), 0.0009219 secs] 4890K->4570K(10176K), 0.0010411 secs] [Times: user=0.00 sys=0.00, real=0.00 secs] 
2019-01-02T11:12:25.678+0530: 813.582: [GC (Allocation Failure) 2019-01-02T11:12:25.678+0530: 813.582: [DefNew
Desired survivor size 32768 bytes, new threshold 15 (max 15)
- age   1:         24 bytes,         24 total
- age   4:        184 bytes,        208 total
- age  10:         16 bytes,        224 total
: 428K->0K(960K), 0.0006141 secs] 4999K->4570K(10176K), 0.0007389 secs] [Times: user=0.00 sys=0.00, real=0.00 secs] 
2019-01-02T11:12:25.680+0530: 813.583: [GC (Allocation Failure) 2019-01-02T11:12:25.680+0530: 813.583: [DefNew
Desired survivor size 32768 bytes, new threshold 15 (max 15)
- age   2:         24 bytes,         24 total
- age   5:        184 bytes,        208 total
- age  11:         16 bytes,        224 total
: 486K->0K(960K), 0.0003261 secs] 5056K->5056K(10176K), 0.0003831 secs] [Times: user=0.00 sys=0.00, real=0.00 secs] 
2019-01-02T11:12:25.680+0530: 813.584: [GC (Allocation Failure) 2019-01-02T11:12:25.680+0530: 813.584: [DefNew
Desired survivor size 32768 bytes, new threshold 15 (max 15)
- age   1:         24 bytes,         24 total
- age   6:         72 bytes,         96 total
- age  12:         16 bytes,        112 total
: 504K->0K(960K), 0.0003193 secs] 5560K->5542K(10176K), 0.0003837 secs] [Times: user=0.00 sys=0.00, real=0.00 secs] 
2019-01-02T11:12:25.734+0530: 813.638: [GC (Allocation Failure) 2019-01-02T11:12:25.735+0530: 813.638: [DefNew
Desired survivor size 32768 bytes, new threshold 15 (max 15)
- age   1:        248 bytes,        248 total
- age   7:         16 bytes,        264 total
- age  13:         16 bytes,        280 total
: 841K->0K(960K), 0.0009852 secs] 6384K->5615K(10176K), 0.0015537 secs] [Times: user=0.00 sys=0.00, real=0.00 secs] 
2019-01-02T11:12:25.738+0530: 813.642: [GC (Allocation Failure) 2019-01-02T11:12:25.738+0530: 813.642: [DefNew
Desired survivor size 32768 bytes, new threshold 15 (max 15)
- age   1:         40 bytes,         40 total
- age   2:        184 bytes,        224 total
- age   8:         16 bytes,        240 total
- age  14:         16 bytes,        256 total
: 896K->0K(960K), 0.0008005 secs] 6511K->5903K(10176K), 0.0009835 secs] [Times: user=0.00 sys=0.00, real=0.00 secs] 
2019-01-02T11:12:25.740+0530: 813.644: [GC (Allocation Failure) 2019-01-02T11:12:25.741+0530: 813.644: [DefNew
Desired survivor size 32768 bytes, new threshold 15 (max 15)
- age   1:         40 bytes,         40 total
- age   3:        184 bytes,        224 total
- age   9:         16 bytes,        240 total
- age  15:         16 bytes,        256 total
: 896K->0K(960K), 0.0007595 secs] 6799K->6479K(10176K), 0.0009294 secs] [Times: user=0.00 sys=0.00, real=0.00 secs] 
2019-01-02T11:12:25.743+0530: 813.646: [GC (Allocation Failure) 2019-01-02T11:12:25.743+0530: 813.646: [DefNew
Desired survivor size 32768 bytes, new threshold 15 (max 15)
- age   1:         24 bytes,         24 total
- age   4:        184 bytes,        208 total
- age  10:         16 bytes,        224 total
: 427K->0K(960K), 0.0002457 secs] 6906K->6479K(10176K), 0.0003067 secs] [Times: user=0.00 sys=0.00, real=0.00 secs] 
2019-01-02T11:12:25.743+0530: 813.647: [GC (Allocation Failure) 2019-01-02T11:12:25.743+0530: 813.647: [DefNew
Desired survivor size 32768 bytes, new threshold 15 (max 15)
- age   2:         24 bytes,         24 total
- age   5:        184 bytes,        208 total
- age  11:         16 bytes,        224 total
: 486K->0K(960K), 0.0003181 secs] 6965K->6965K(10176K), 0.0003740 secs] [Times: user=0.00 sys=0.00, real=0.00 secs] 
2019-01-02T11:12:25.744+0530: 813.647: [GC (Allocation Failure) 2019-01-02T11:12:25.744+0530: 813.647: [DefNew
Desired survivor size 32768 bytes, new threshold 15 (max 15)
- age   1:         24 bytes,         24 total
- age   6:         72 bytes,         96 total
- age  12:         16 bytes,        112 total
: 504K->0K(960K), 0.0003113 secs] 7469K->7451K(10176K), 0.0003632 secs] [Times: user=0.00 sys=0.00, real=0.00 secs] 
2019-01-02T11:12:25.797+0530: 813.700: [GC (Allocation Failure) 2019-01-02T11:12:25.797+0530: 813.700: [DefNew
Desired survivor size 32768 bytes, new threshold 15 (max 15)
- age   1:        248 bytes,        248 total
- age   7:         16 bytes,        264 total
- age  13:         16 bytes,        280 total
: 841K->0K(960K), 0.0005474 secs] 8292K->7523K(10176K), 0.0007982 secs] [Times: user=0.00 sys=0.00, real=0.00 secs] 
2019-01-02T11:12:25.799+0530: 813.703: [GC (Allocation Failure) 2019-01-02T11:12:25.799+0530: 813.703: [DefNew
Desired survivor size 32768 bytes, new threshold 15 (max 15)
- age   2:        184 bytes,        184 total
- age   8:         16 bytes,        200 total
- age  14:         16 bytes,        216 total
: 896K->0K(960K), 0.0009676 secs] 8419K->7811K(10176K), 0.0011312 secs] [Times: user=0.00 sys=0.00, real=0.00 secs] 
2019-01-02T11:12:25.802+0530: 813.705: [GC (Allocation Failure) 2019-01-02T11:12:25.802+0530: 813.705: [DefNew
Desired survivor size 32768 bytes, new threshold 15 (max 15)
- age   1:         40 bytes,         40 total
- age   3:        184 bytes,        224 total
- age   9:         16 bytes,        240 total
- age  15:         16 bytes,        256 total
: 896K->0K(960K), 0.0011546 secs] 8707K->8387K(10176K), 0.0014026 secs] [Times: user=0.00 sys=0.00, real=0.00 secs] 
2019-01-02T11:12:25.804+0530: 813.708: [GC (Allocation Failure) 2019-01-02T11:12:25.804+0530: 813.708: [DefNew
Desired survivor size 32768 bytes, new threshold 15 (max 15)
- age   1:         24 bytes,         24 total
- age   4:        184 bytes,        208 total
- age  10:         16 bytes,        224 total
: 428K->0K(960K), 0.0004607 secs] 8815K->8387K(10176K), 0.0005702 secs] [Times: user=0.00 sys=0.00, real=0.00 secs] 
2019-01-02T11:12:25.805+0530: 813.709: [GC (Allocation Failure) 2019-01-02T11:12:25.805+0530: 813.709: [DefNew
Desired survivor size 32768 bytes, new threshold 15 (max 15)
- age   2:         24 bytes,         24 total
- age   5:        184 bytes,        208 total
- age  11:         16 bytes,        224 total
: 486K->0K(960K), 0.0008182 secs] 8873K->8873K(10176K), 0.0009020 secs] [Times: user=0.00 sys=0.00, real=0.00 secs] 
2019-01-02T11:12:25.807+0530: 813.710: [GC (Allocation Failure) 2019-01-02T11:12:25.807+0530: 813.710: [DefNew: 504K->504K(960K), 0.0000279 secs]2019-01-02T11:12:25.807+0530: 813.710: [Tenured: 8873K->1240K(9216K), 0.0036239 secs] 9377K->1240K(10176K), [Metaspace: 2520K->2520K(1056768K)], 0.0037910 secs] [Times: user=0.00 sys=0.00, real=0.00 secs] 
2019-01-02T11:12:25.866+0530: 813.769: [GC (Allocation Failure) 2019-01-02T11:12:25.866+0530: 813.769: [DefNew
Desired survivor size 32768 bytes, new threshold 15 (max 15)
- age   1:        248 bytes,        248 total
: 841K->0K(960K), 0.0011688 secs] 2082K->1799K(10176K), 0.0014602 secs] [Times: user=0.00 sys=0.00, real=0.00 secs] 
2019-01-02T11:12:25.869+0530: 813.772: [GC (Allocation Failure) 2019-01-02T11:12:25.869+0530: 813.772: [DefNew
Desired survivor size 32768 bytes, new threshold 15 (max 15)
- age   1:         40 bytes,         40 total
- age   2:        184 bytes,        224 total
: 896K->0K(960K), 0.0012184 secs] 2695K->2087K(10176K), 0.0014545 secs] [Times: user=0.00 sys=0.00, real=0.00 secs] 
2019-01-02T11:12:25.872+0530: 813.775: [GC (Allocation Failure) 2019-01-02T11:12:25.872+0530: 813.775: [DefNew
Desired survivor size 32768 bytes, new threshold 15 (max 15)
- age   1:         40 bytes,         40 total
- age   3:        184 bytes,        224 total
: 896K->0K(960K), 0.0009026 secs] 2983K->2663K(10176K), 0.0010314 secs] [Times: user=0.00 sys=0.00, real=0.00 secs] 
2019-01-02T11:12:25.874+0530: 813.777: [GC (Allocation Failure) 2019-01-02T11:12:25.874+0530: 813.777: [DefNew
Desired survivor size 32768 bytes, new threshold 15 (max 15)
- age   1:         24 bytes,         24 total
- age   4:        184 bytes,        208 total
: 427K->0K(960K), 0.0003934 secs] 3090K->2663K(10176K), 0.0004806 secs] [Times: user=0.00 sys=0.00, real=0.00 secs] 
2019-01-02T11:12:25.875+0530: 813.778: [GC (Allocation Failure) 2019-01-02T11:12:25.875+0530: 813.778: [DefNew
Desired survivor size 32768 bytes, new threshold 15 (max 15)
- age   2:         24 bytes,         24 total
- age   5:        184 bytes,        208 total
: 486K->0K(960K), 0.0003079 secs] 3149K->3149K(10176K), 0.0003820 secs] [Times: user=0.00 sys=0.00, real=0.00 secs] 
2019-01-02T11:12:25.875+0530: 813.779: [GC (Allocation Failure) 2019-01-02T11:12:25.875+0530: 813.779: [DefNew
Desired survivor size 32768 bytes, new threshold 15 (max 15)
- age   1:         24 bytes,         24 total
- age   6:         72 bytes,         96 total
: 504K->0K(960K), 0.0003050 secs] 3653K->3635K(10176K), 0.0003752 secs] [Times: user=0.00 sys=0.00, real=0.00 secs] 
2019-01-02T11:12:25.926+0530: 813.830: [GC (Allocation Failure) 2019-01-02T11:12:25.926+0530: 813.830: [DefNew
Desired survivor size 32768 bytes, new threshold 15 (max 15)
- age   1:        248 bytes,        248 total
- age   7:         16 bytes,        264 total
: 841K->0K(960K), 0.0011272 secs] 4476K->3707K(10176K), 0.0015383 secs] [Times: user=0.00 sys=0.00, real=0.00 secs] 
2019-01-02T11:12:25.929+0530: 813.833: [GC (Allocation Failure) 2019-01-02T11:12:25.929+0530: 813.833: [DefNew
Desired survivor size 32768 bytes, new threshold 15 (max 15)
- age   2:        184 bytes,        184 total
- age   8:         16 bytes,        200 total
: 896K->0K(960K), 0.0005930 secs] 4603K->3995K(10176K), 0.0008125 secs] [Times: user=0.00 sys=0.00, real=0.00 secs] 
2019-01-02T11:12:25.932+0530: 813.835: [GC (Allocation Failure) 2019-01-02T11:12:25.932+0530: 813.835: [DefNew
Desired survivor size 32768 bytes, new threshold 15 (max 15)
- age   1:         40 bytes,         40 total
- age   3:        184 bytes,        224 total
- age   9:         16 bytes,        240 total
: 896K->0K(960K), 0.0011272 secs] 4891K->4571K(10176K), 0.0014106 secs] [Times: user=0.00 sys=0.00, real=0.00 secs] 
2019-01-02T11:12:25.934+0530: 813.838: [GC (Allocation Failure) 2019-01-02T11:12:25.934+0530: 813.838: [DefNew
Desired survivor size 32768 bytes, new threshold 15 (max 15)
- age   1:         24 bytes,         24 total
- age   4:        184 bytes,        208 total
- age  10:         16 bytes,        224 total
: 428K->0K(960K), 0.0004852 secs] 4999K->4571K(10176K), 0.0005895 secs] [Times: user=0.00 sys=0.00, real=0.00 secs] 
2019-01-02T11:12:25.935+0530: 813.839: [GC (Allocation Failure) 2019-01-02T11:12:25.935+0530: 813.839: [DefNew
Desired survivor size 32768 bytes, new threshold 15 (max 15)
- age   2:         24 bytes,         24 total
- age   5:        184 bytes,        208 total
- age  11:         16 bytes,        224 total
: 486K->0K(960K), 0.0013564 secs] 5057K->5057K(10176K), 0.0014921 secs] [Times: user=0.00 sys=0.00, real=0.00 secs] 
2019-01-02T11:12:25.938+0530: 813.841: [GC (Allocation Failure) 2019-01-02T11:12:25.938+0530: 813.841: [DefNew
Desired survivor size 32768 bytes, new threshold 15 (max 15)
- age   1:         24 bytes,         24 total
- age   6:         72 bytes,         96 total
- age  12:         16 bytes,        112 total
: 504K->0K(960K), 0.0004544 secs] 5561K->5543K(10176K), 0.0005445 secs] [Times: user=0.00 sys=0.00, real=0.00 secs] 
2019-01-02T11:12:26.002+0530: 813.906: [GC (Allocation Failure) 2019-01-02T11:12:26.002+0530: 813.906: [DefNew
Desired survivor size 32768 bytes, new threshold 15 (max 15)
- age   1:        248 bytes,        248 total
- age   7:         16 bytes,        264 total
- age  13:         16 bytes,        280 total
: 842K->0K(960K), 0.0011272 secs] 6385K->5615K(10176K), 0.0015052 secs] [Times: user=0.00 sys=0.02, real=0.00 secs] 
2019-01-02T11:12:26.006+0530: 813.909: [GC (Allocation Failure) 2019-01-02T11:12:26.006+0530: 813.909: [DefNew
Desired survivor size 32768 bytes, new threshold 15 (max 15)
- age   1:         40 bytes,         40 total
- age   2:        184 bytes,        224 total
- age   8:         16 bytes,        240 total
- age  14:         16 bytes,        256 total
: 896K->0K(960K), 0.0005006 secs] 6511K->5903K(10176K), 0.0006659 secs] [Times: user=0.00 sys=0.00, real=0.00 secs] 
2019-01-02T11:12:26.008+0530: 813.911: [GC (Allocation Failure) 2019-01-02T11:12:26.008+0530: 813.911: [DefNew
Desired survivor size 32768 bytes, new threshold 15 (max 15)
- age   1:         40 bytes,         40 total
- age   3:        184 bytes,        224 total
- age   9:         16 bytes,        240 total
- age  15:         16 bytes,        256 total
: 896K->0K(960K), 0.0009778 secs] 6799K->6479K(10176K), 0.0011956 secs] [Times: user=0.00 sys=0.00, real=0.00 secs] 
2019-01-02T11:12:26.010+0530: 813.914: [GC (Allocation Failure) 2019-01-02T11:12:26.010+0530: 813.914: [DefNew
Desired survivor size 32768 bytes, new threshold 15 (max 15)
- age   1:         24 bytes,         24 total
- age   4:        184 bytes,        208 total
- age  10:         16 bytes,        224 total
: 427K->0K(960K), 0.0005131 secs] 6907K->6479K(10176K), 0.0006055 secs] [Times: user=0.00 sys=0.00, real=0.00 secs] 
2019-01-02T11:12:26.012+0530: 813.915: [GC (Allocation Failure) 2019-01-02T11:12:26.012+0530: 813.915: [DefNew
Desired survivor size 32768 bytes, new threshold 15 (max 15)
- age   2:         24 bytes,         24 total
- age   5:        184 bytes,        208 total
- age  11:         16 bytes,        224 total
: 486K->0K(960K), 0.0007577 secs] 6965K->6965K(10176K), 0.0008929 secs] [Times: user=0.00 sys=0.00, real=0.00 secs] 
2019-01-02T11:12:26.014+0530: 813.917: [GC (Allocation Failure) 2019-01-02T11:12:26.014+0530: 813.917: [DefNew
Desired survivor size 32768 bytes, new threshold 15 (max 15)
- age   1:         24 bytes,         24 total
- age   6:         72 bytes,         96 total
- age  12:         16 bytes,        112 total
: 504K->0K(960K), 0.0007954 secs] 7469K->7451K(10176K), 0.0010428 secs] [Times: user=0.00 sys=0.00, real=0.00 secs] 
2019-01-02T11:12:26.071+0530: 813.975: [GC (Allocation Failure) 2019-01-02T11:12:26.071+0530: 813.975: [DefNew
Desired survivor size 32768 bytes, new threshold 15 (max 15)
- age   1:        248 bytes,        248 total
- age   7:         16 bytes,        264 total
- age  13:         16 bytes,        280 total
: 841K->0K(960K), 0.0003843 secs] 8293K->7524K(10176K), 0.0005200 secs] [Times: user=0.00 sys=0.00, real=0.00 secs] 
2019-01-02T11:12:26.073+0530: 813.977: [GC (Allocation Failure) 2019-01-02T11:12:26.073+0530: 813.977: [DefNew
Desired survivor size 32768 bytes, new threshold 15 (max 15)
- age   2:        184 bytes,        184 total
- age   8:         16 bytes,        200 total
- age  14:         16 bytes,        216 total
: 896K->0K(960K), 0.0005434 secs] 8420K->7812K(10176K), 0.0007150 secs] [Times: user=0.00 sys=0.00, real=0.00 secs] 
2019-01-02T11:12:26.076+0530: 813.979: [GC (Allocation Failure) 2019-01-02T11:12:26.076+0530: 813.979: [DefNew
Desired survivor size 32768 bytes, new threshold 15 (max 15)
- age   1:         40 bytes,         40 total
- age   3:        184 bytes,        224 total
- age   9:         16 bytes,        240 total
- age  15:         16 bytes,        256 total
: 896K->0K(960K), 0.0008598 secs] 8708K->8388K(10176K), 0.0011164 secs] [Times: user=0.00 sys=0.00, real=0.00 secs] 
2019-01-02T11:12:26.078+0530: 813.982: [GC (Allocation Failure) 2019-01-02T11:12:26.078+0530: 813.982: [DefNew
Desired survivor size 32768 bytes, new threshold 15 (max 15)
- age   1:         24 bytes,         24 total
- age   4:        184 bytes,        208 total
- age  10:         16 bytes,        224 total
: 428K->0K(960K), 0.0004995 secs] 8816K->8388K(10176K), 0.0006220 secs] [Times: user=0.00 sys=0.00, real=0.00 secs] 
2019-01-02T11:12:26.080+0530: 813.983: [GC (Allocation Failure) 2019-01-02T11:12:26.080+0530: 813.983: [DefNew
Desired survivor size 32768 bytes, new threshold 15 (max 15)
- age   2:         24 bytes,         24 total
- age   5:        184 bytes,        208 total
- age  11:         16 bytes,        224 total
: 486K->0K(960K), 0.0004772 secs] 8874K->8874K(10176K), 0.0005781 secs] [Times: user=0.00 sys=0.00, real=0.00 secs] 
2019-01-02T11:12:26.081+0530: 813.984: [GC (Allocation Failure) 2019-01-02T11:12:26.081+0530: 813.984: [DefNew: 504K->504K(960K), 0.0000285 secs]2019-01-02T11:12:26.081+0530: 813.984: [Tenured: 8874K->1240K(9216K), 0.0036359 secs] 9378K->1240K(10176K), [Metaspace: 2520K->2520K(1056768K)], 0.0037973 secs] [Times: user=0.02 sys=0.00, real=0.00 secs] 
2019-01-02T11:12:26.138+0530: 814.042: [GC (Allocation Failure) 2019-01-02T11:12:26.138+0530: 814.042: [DefNew
Desired survivor size 32768 bytes, new threshold 15 (max 15)
- age   1:        248 bytes,        248 total
: 841K->0K(960K), 0.0004806 secs] 2082K->1799K(10176K), 0.0006688 secs] [Times: user=0.00 sys=0.00, real=0.00 secs] 
2019-01-02T11:12:26.141+0530: 814.044: [GC (Allocation Failure) 2019-01-02T11:12:26.141+0530: 814.044: [DefNew
Desired survivor size 32768 bytes, new threshold 15 (max 15)
- age   1:         40 bytes,         40 total
- age   2:        184 bytes,        224 total
: 896K->0K(960K), 0.0009145 secs] 2695K->2087K(10176K), 0.0010274 secs] [Times: user=0.00 sys=0.00, real=0.00 secs] 
2019-01-02T11:12:26.143+0530: 814.047: [GC (Allocation Failure) 2019-01-02T11:12:26.143+0530: 814.047: [DefNew
Desired survivor size 32768 bytes, new threshold 15 (max 15)
- age   1:         40 bytes,         40 total
- age   3:        184 bytes,        224 total
: 896K->0K(960K), 0.0010280 secs] 2983K->2663K(10176K), 0.0011956 secs] [Times: user=0.01 sys=0.00, real=0.00 secs] 
2019-01-02T11:12:26.146+0530: 814.050: [GC (Allocation Failure) 2019-01-02T11:12:26.146+0530: 814.050: [DefNew
Desired survivor size 32768 bytes, new threshold 15 (max 15)
- age   1:         24 bytes,         24 total
- age   4:        184 bytes,        208 total
: 427K->0K(960K), 0.0006095 secs] 3090K->2663K(10176K), 0.0007549 secs] [Times: user=0.00 sys=0.00, real=0.00 secs] 
2019-01-02T11:12:26.147+0530: 814.051: [GC (Allocation Failure) 2019-01-02T11:12:26.147+0530: 814.051: [DefNew
Desired survivor size 32768 bytes, new threshold 15 (max 15)
- age   2:         24 bytes,         24 total
- age   5:        184 bytes,        208 total
: 486K->0K(960K), 0.0003592 secs] 3149K->3149K(10176K), 0.0004345 secs] [Times: user=0.00 sys=0.00, real=0.00 secs] 
2019-01-02T11:12:26.148+0530: 814.052: [GC (Allocation Failure) 2019-01-02T11:12:26.148+0530: 814.052: [DefNew
Desired survivor size 32768 bytes, new threshold 15 (max 15)
- age   1:         24 bytes,         24 total
- age   6:         72 bytes,         96 total
: 504K->0K(960K), 0.0003164 secs] 3653K->3635K(10176K), 0.0003871 secs] [Times: user=0.00 sys=0.00, real=0.00 secs] 
2019-01-02T11:12:26.209+0530: 814.113: [GC (Allocation Failure) 2019-01-02T11:12:26.210+0530: 814.113: [DefNew
Desired survivor size 32768 bytes, new threshold 15 (max 15)
- age   1:        248 bytes,        248 total
- age   7:         16 bytes,        264 total
: 841K->0K(960K), 0.0006984 secs] 4477K->3707K(10176K), 0.0010394 secs] [Times: user=0.00 sys=0.00, real=0.00 secs] 
2019-01-02T11:12:26.211+0530: 814.115: [GC (Allocation Failure) 2019-01-02T11:12:26.212+0530: 814.115: [DefNew
Desired survivor size 32768 bytes, new threshold 15 (max 15)
- age   2:        184 bytes,        184 total
- age   8:         16 bytes,        200 total
: 896K->0K(960K), 0.0003113 secs] 4603K->3995K(10176K), 0.0003928 secs] [Times: user=0.00 sys=0.00, real=0.00 secs] 
2019-01-02T11:12:26.213+0530: 814.116: [GC (Allocation Failure) 2019-01-02T11:12:26.213+0530: 814.116: [DefNew
Desired survivor size 32768 bytes, new threshold 15 (max 15)
- age   1:         40 bytes,         40 total
- age   3:        184 bytes,        224 total
- age   9:         16 bytes,        240 total
: 896K->0K(960K), 0.0003256 secs] 4891K->4571K(10176K), 0.0003792 secs] [Times: user=0.00 sys=0.00, real=0.00 secs] 
2019-01-02T11:12:26.214+0530: 814.118: [GC (Allocation Failure) 2019-01-02T11:12:26.214+0530: 814.118: [DefNew
Desired survivor size 32768 bytes, new threshold 15 (max 15)
- age   1:         24 bytes,         24 total
- age   4:        184 bytes,        208 total
- age  10:         16 bytes,        224 total
: 428K->0K(960K), 0.0002092 secs] 5000K->4571K(10176K), 0.0002594 secs] [Times: user=0.00 sys=0.00, real=0.00 secs] 
2019-01-02T11:12:26.215+0530: 814.118: [GC (Allocation Failure) 2019-01-02T11:12:26.215+0530: 814.118: [DefNew
Desired survivor size 32768 bytes, new threshold 15 (max 15)
- age   2:         24 bytes,         24 total
- age   5:        184 bytes,        208 total
- age  11:         16 bytes,        224 total
: 486K->0K(960K), 0.0002851 secs] 5057K->5057K(10176K), 0.0003398 secs] [Times: user=0.00 sys=0.00, real=0.00 secs] 
2019-01-02T11:12:26.215+0530: 814.119: [GC (Allocation Failure) 2019-01-02T11:12:26.215+0530: 814.119: [DefNew
Desired survivor size 32768 bytes, new threshold 15 (max 15)
- age   1:         24 bytes,         24 total
- age   6:         72 bytes,         96 total
- age  12:         16 bytes,        112 total
: 504K->0K(960K), 0.0002914 secs] 5562K->5544K(10176K), 0.0003415 secs] [Times: user=0.00 sys=0.00, real=0.00 secs] 
2019-01-02T11:12:26.268+0530: 814.171: [GC (Allocation Failure) 2019-01-02T11:12:26.268+0530: 814.172: [DefNew
Desired survivor size 32768 bytes, new threshold 15 (max 15)
- age   1:        248 bytes,        248 total
- age   7:         16 bytes,        264 total
- age  13:         16 bytes,        280 total
: 842K->0K(960K), 0.0008741 secs] 6386K->5616K(10176K), 0.0011563 secs] [Times: user=0.02 sys=0.00, real=0.00 secs] 
2019-01-02T11:12:26.271+0530: 814.175: [GC (Allocation Failure) 2019-01-02T11:12:26.271+0530: 814.175: [DefNew
Desired survivor size 32768 bytes, new threshold 15 (max 15)
- age   1:         40 bytes,         40 total
- age   2:        184 bytes,        224 total
- age   8:         16 bytes,        240 total
- age  14:         16 bytes,        256 total
: 896K->0K(960K), 0.0011369 secs] 6512K->5904K(10176K), 0.0013701 secs] [Times: user=0.00 sys=0.00, real=0.00 secs] 
2019-01-02T11:12:26.274+0530: 814.178: [GC (Allocation Failure) 2019-01-02T11:12:26.274+0530: 814.178: [DefNew
Desired survivor size 32768 bytes, new threshold 15 (max 15)
- age   1:         40 bytes,         40 total
- age   3:        184 bytes,        224 total
- age   9:         16 bytes,        240 total
- age  15:         16 bytes,        256 total
: 896K->0K(960K), 0.0007230 secs] 6800K->6480K(10176K), 0.0008370 secs] [Times: user=0.00 sys=0.00, real=0.00 secs] 
2019-01-02T11:12:26.276+0530: 814.180: [GC (Allocation Failure) 2019-01-02T11:12:26.276+0530: 814.180: [DefNew
Desired survivor size 32768 bytes, new threshold 15 (max 15)
- age   1:         24 bytes,         24 total
- age   4:        184 bytes,        208 total
- age  10:         16 bytes,        224 total
: 427K->0K(960K), 0.0004738 secs] 6907K->6480K(10176K), 0.0005645 secs] [Times: user=0.00 sys=0.00, real=0.00 secs] 
2019-01-02T11:12:26.277+0530: 814.181: [GC (Allocation Failure) 2019-01-02T11:12:26.277+0530: 814.181: [DefNew
Desired survivor size 32768 bytes, new threshold 15 (max 15)
- age   2:         24 bytes,         24 total
- age   5:        184 bytes,        208 total
- age  11:         16 bytes,        224 total
: 486K->0K(960K), 0.0003261 secs] 6966K->6966K(10176K), 0.0003809 secs] [Times: user=0.00 sys=0.00, real=0.00 secs] 
2019-01-02T11:12:26.278+0530: 814.182: [GC (Allocation Failure) 2019-01-02T11:12:26.278+0530: 814.182: [DefNew
Desired survivor size 32768 bytes, new threshold 15 (max 15)
- age   1:         24 bytes,         24 total
- age   6:         72 bytes,         96 total
- age  12:         16 bytes,        112 total
: 504K->0K(960K), 0.0002908 secs] 7470K->7452K(10176K), 0.0003421 secs] [Times: user=0.00 sys=0.00, real=0.00 secs] 
2019-01-02T11:12:26.333+0530: 814.236: [GC (Allocation Failure) 2019-01-02T11:12:26.333+0530: 814.237: [DefNew
Desired survivor size 32768 bytes, new threshold 15 (max 15)
- age   1:        248 bytes,        248 total
- age   7:         16 bytes,        264 total
- age  13:         16 bytes,        280 total
: 841K->0K(960K), 0.0010160 secs] 8294K->7524K(10176K), 0.0014636 secs] [Times: user=0.00 sys=0.00, real=0.00 secs] 
2019-01-02T11:12:26.336+0530: 814.240: [GC (Allocation Failure) 2019-01-02T11:12:26.336+0530: 814.240: [DefNew
Desired survivor size 32768 bytes, new threshold 15 (max 15)
- age   2:        184 bytes,        184 total
- age   8:         16 bytes,        200 total
- age  14:         16 bytes,        216 total
: 896K->0K(960K), 0.0005057 secs] 8420K->7812K(10176K), 0.0007190 secs] [Times: user=0.00 sys=0.00, real=0.00 secs] 
2019-01-02T11:12:26.338+0530: 814.242: [GC (Allocation Failure) 2019-01-02T11:12:26.338+0530: 814.242: [DefNew
Desired survivor size 32768 bytes, new threshold 15 (max 15)
- age   1:         40 bytes,         40 total
- age   3:        184 bytes,        224 total
- age   9:         16 bytes,        240 total
- age  15:         16 bytes,        256 total
: 896K->0K(960K), 0.0015309 secs] 8708K->8388K(10176K), 0.0017675 secs] [Times: user=0.00 sys=0.00, real=0.00 secs] 
2019-01-02T11:12:26.341+0530: 814.245: [GC (Allocation Failure) 2019-01-02T11:12:26.341+0530: 814.245: [DefNew
Desired survivor size 32768 bytes, new threshold 15 (max 15)
- age   1:         24 bytes,         24 total
- age   4:        184 bytes,        208 total
- age  10:         16 bytes,        224 total
: 428K->0K(960K), 0.0005245 secs] 8817K->8388K(10176K), 0.0006551 secs] [Times: user=0.00 sys=0.00, real=0.00 secs] 
2019-01-02T11:12:26.343+0530: 814.246: [GC (Allocation Failure) 2019-01-02T11:12:26.343+0530: 814.246: [DefNew
Desired survivor size 32768 bytes, new threshold 15 (max 15)
- age   2:         24 bytes,         24 total
- age   5:        184 bytes,        208 total
- age  11:         16 bytes,        224 total
: 486K->0K(960K), 0.0008250 secs] 8875K->8875K(10176K), 0.0009282 secs] [Times: user=0.00 sys=0.00, real=0.00 secs] 
2019-01-02T11:12:26.344+0530: 814.247: [GC (Allocation Failure) 2019-01-02T11:12:26.344+0530: 814.248: [DefNew: 504K->504K(960K), 0.0000279 secs]2019-01-02T11:12:26.344+0530: 814.248: [Tenured: 8874K->1240K(9216K), 0.0037123 secs] 9379K->1240K(10176K), [Metaspace: 2520K->2520K(1056768K)], 0.0038617 secs] [Times: user=0.02 sys=0.00, real=0.00 secs] 
2019-01-02T11:12:26.402+0530: 814.306: [GC (Allocation Failure) 2019-01-02T11:12:26.402+0530: 814.306: [DefNew
Desired survivor size 32768 bytes, new threshold 15 (max 15)
- age   1:        248 bytes,        248 total
: 842K->0K(960K), 0.0015149 secs] 2083K->1799K(10176K), 0.0019716 secs] [Times: user=0.00 sys=0.00, real=0.00 secs] 
2019-01-02T11:12:26.406+0530: 814.310: [GC (Allocation Failure) 2019-01-02T11:12:26.407+0530: 814.310: [DefNew
Desired survivor size 32768 bytes, new threshold 15 (max 15)
- age   1:         40 bytes,         40 total
- age   2:        184 bytes,        224 total
: 896K->0K(960K), 0.0007389 secs] 2695K->2087K(10176K), 0.0010890 secs] [Times: user=0.00 sys=0.00, real=0.00 secs] 
2019-01-02T11:12:26.409+0530: 814.313: [GC (Allocation Failure) 2019-01-02T11:12:26.409+0530: 814.313: [DefNew
Desired survivor size 32768 bytes, new threshold 15 (max 15)
- age   1:         40 bytes,         40 total
- age   3:        184 bytes,        224 total
: 896K->0K(960K), 0.0008279 secs] 2983K->2663K(10176K), 0.0009915 secs] [Times: user=0.00 sys=0.00, real=0.00 secs] 
2019-01-02T11:12:26.411+0530: 814.315: [GC (Allocation Failure) 2019-01-02T11:12:26.411+0530: 814.315: [DefNew
Desired survivor size 32768 bytes, new threshold 15 (max 15)
- age   1:         24 bytes,         24 total
- age   4:        184 bytes,        208 total
: 427K->0K(960K), 0.0004105 secs] 3091K->2663K(10176K), 0.0005074 secs] [Times: user=0.00 sys=0.00, real=0.00 secs] 
2019-01-02T11:12:26.412+0530: 814.316: [GC (Allocation Failure) 2019-01-02T11:12:26.412+0530: 814.316: [DefNew
Desired survivor size 32768 bytes, new threshold 15 (max 15)
- age   2:         24 bytes,         24 total
- age   5:        184 bytes,        208 total
: 486K->0K(960K), 0.0003239 secs] 3149K->3149K(10176K), 0.0003946 secs] [Times: user=0.00 sys=0.00, real=0.00 secs] 
2019-01-02T11:12:26.413+0530: 814.317: [GC (Allocation Failure) 2019-01-02T11:12:26.413+0530: 814.317: [DefNew
Desired survivor size 32768 bytes, new threshold 15 (max 15)
- age   1:         24 bytes,         24 total
- age   6:         72 bytes,         96 total
: 504K->0K(960K), 0.0003022 secs] 3653K->3635K(10176K), 0.0003717 secs] [Times: user=0.00 sys=0.00, real=0.00 secs] 
2019-01-02T11:12:26.467+0530: 814.371: [GC (Allocation Failure) 2019-01-02T11:12:26.468+0530: 814.371: [DefNew
Desired survivor size 32768 bytes, new threshold 15 (max 15)
- age   1:        248 bytes,        248 total
- age   7:         16 bytes,        264 total
: 841K->0K(960K), 0.0007492 secs] 4477K->3708K(10176K), 0.0010639 secs] [Times: user=0.00 sys=0.00, real=0.00 secs] 
2019-01-02T11:12:26.471+0530: 814.374: [GC (Allocation Failure) 2019-01-02T11:12:26.471+0530: 814.375: [DefNew
Desired survivor size 32768 bytes, new threshold 15 (max 15)
- age   2:        184 bytes,        184 total
- age   8:         16 bytes,        200 total
: 896K->0K(960K), 0.0009733 secs] 4604K->3996K(10176K), 0.0012076 secs] [Times: user=0.01 sys=0.00, real=0.00 secs] 
2019-01-02T11:12:26.474+0530: 814.378: [GC (Allocation Failure) 2019-01-02T11:12:26.474+0530: 814.378: [DefNew
Desired survivor size 32768 bytes, new threshold 15 (max 15)
- age   1:         40 bytes,         40 total
- age   3:        184 bytes,        224 total
- age   9:         16 bytes,        240 total
: 896K->0K(960K), 0.0005348 secs] 4892K->4572K(10176K), 0.0006625 secs] [Times: user=0.00 sys=0.00, real=0.00 secs] 
2019-01-02T11:12:26.476+0530: 814.380: [GC (Allocation Failure) 2019-01-02T11:12:26.476+0530: 814.380: [DefNew
Desired survivor size 32768 bytes, new threshold 15 (max 15)
- age   1:         24 bytes,         24 total
- age   4:        184 bytes,        208 total
- age  10:         16 bytes,        224 total
: 428K->0K(960K), 0.0005131 secs] 5000K->4572K(10176K), 0.0006369 secs] [Times: user=0.00 sys=0.00, real=0.00 secs] 
2019-01-02T11:12:26.477+0530: 814.381: [GC (Allocation Failure) 2019-01-02T11:12:26.477+0530: 814.381: [DefNew
Desired survivor size 32768 bytes, new threshold 15 (max 15)
- age   2:         24 bytes,         24 total
- age   5:        184 bytes,        208 total
- age  11:         16 bytes,        224 total
: 486K->0K(960K), 0.0005810 secs] 5058K->5058K(10176K), 0.0006768 secs] [Times: user=0.00 sys=0.00, real=0.00 secs] 
2019-01-02T11:12:26.478+0530: 814.382: [GC (Allocation Failure) 2019-01-02T11:12:26.478+0530: 814.382: [DefNew
Desired survivor size 32768 bytes, new threshold 15 (max 15)
- age   1:         24 bytes,         24 total
- age   6:         72 bytes,         96 total
- age  12:         16 bytes,        112 total
: 504K->0K(960K), 0.0003227 secs] 5562K->5544K(10176K), 0.0003928 secs] [Times: user=0.00 sys=0.00, real=0.00 secs] 
2019-01-02T11:12:26.535+0530: 814.438: [GC (Allocation Failure) 2019-01-02T11:12:26.535+0530: 814.439: [DefNew
Desired survivor size 32768 bytes, new threshold 15 (max 15)
- age   1:        248 bytes,        248 total
- age   7:         16 bytes,        264 total
- age  13:         16 bytes,        280 total
: 842K->0K(960K), 0.0009841 secs] 6386K->5616K(10176K), 0.0012948 secs] [Times: user=0.00 sys=0.00, real=0.00 secs] 
2019-01-02T11:12:26.538+0530: 814.441: [GC (Allocation Failure) 2019-01-02T11:12:26.538+0530: 814.442: [DefNew
Desired survivor size 32768 bytes, new threshold 15 (max 15)
- age   1:         40 bytes,         40 total
- age   2:        184 bytes,        224 total
- age   8:         16 bytes,        240 total
- age  14:         16 bytes,        256 total
: 896K->0K(960K), 0.0015149 secs] 6512K->5904K(10176K), 0.0017190 secs] [Times: user=0.00 sys=0.00, real=0.00 secs] 
2019-01-02T11:12:26.542+0530: 814.446: [GC (Allocation Failure) 2019-01-02T11:12:26.542+0530: 814.446: [DefNew
Desired survivor size 32768 bytes, new threshold 15 (max 15)
- age   1:         40 bytes,         40 total
- age   3:        184 bytes,        224 total
- age   9:         16 bytes,        240 total
- age  15:         16 bytes,        256 total
: 896K->0K(960K), 0.0009071 secs] 6800K->6480K(10176K), 0.0010765 secs] [Times: user=0.00 sys=0.00, real=0.00 secs] 
2019-01-02T11:12:26.544+0530: 814.448: [GC (Allocation Failure) 2019-01-02T11:12:26.544+0530: 814.448: [DefNew
Desired survivor size 32768 bytes, new threshold 15 (max 15)
- age   1:         24 bytes,         24 total
- age   4:        184 bytes,        208 total
- age  10:         16 bytes,        224 total
: 427K->0K(960K), 0.0004219 secs] 6908K->6480K(10176K), 0.0005097 secs] [Times: user=0.00 sys=0.00, real=0.00 secs] 
2019-01-02T11:12:26.545+0530: 814.449: [GC (Allocation Failure) 2019-01-02T11:12:26.545+0530: 814.449: [DefNew
Desired survivor size 32768 bytes, new threshold 15 (max 15)
- age   2:         24 bytes,         24 total
- age   5:        184 bytes,        208 total
- age  11:         16 bytes,        224 total
: 486K->0K(960K), 0.0003489 secs] 6967K->6967K(10176K), 0.0004236 secs] [Times: user=0.00 sys=0.00, real=0.00 secs] 
2019-01-02T11:12:26.546+0530: 814.450: [GC (Allocation Failure) 2019-01-02T11:12:26.546+0530: 814.450: [DefNew
Desired survivor size 32768 bytes, new threshold 15 (max 15)
- age   1:         24 bytes,         24 total
- age   6:         72 bytes,         96 total
- age  12:         16 bytes,        112 total
: 504K->0K(960K), 0.0003375 secs] 7471K->7453K(10176K), 0.0004094 secs] [Times: user=0.00 sys=0.00, real=0.00 secs] 
2019-01-02T11:12:26.599+0530: 814.502: [GC (Allocation Failure) 2019-01-02T11:12:26.599+0530: 814.502: [DefNew
Desired survivor size 32768 bytes, new threshold 15 (max 15)
- age   1:        248 bytes,        248 total
- age   7:         16 bytes,        264 total
- age  13:         16 bytes,        280 total
: 841K->0K(960K), 0.0013222 secs] 8295K->7525K(10176K), 0.0016609 secs] [Times: user=0.00 sys=0.00, real=0.00 secs] 
2019-01-02T11:12:26.602+0530: 814.505: [GC (Allocation Failure) 2019-01-02T11:12:26.602+0530: 814.505: [DefNew
Desired survivor size 32768 bytes, new threshold 15 (max 15)
- age   2:        184 bytes,        184 total
- age   8:         16 bytes,        200 total
- age  14:         16 bytes,        216 total
: 896K->0K(960K), 0.0007800 secs] 8421K->7813K(10176K), 0.0009413 secs] [Times: user=0.00 sys=0.00, real=0.00 secs] 
2019-01-02T11:12:26.605+0530: 814.508: [GC (Allocation Failure) 2019-01-02T11:12:26.605+0530: 814.508: [DefNew
Desired survivor size 32768 bytes, new threshold 15 (max 15)
- age   1:         40 bytes,         40 total
- age   3:        184 bytes,        224 total
- age   9:         16 bytes,        240 total
- age  15:         16 bytes,        256 total
: 896K->0K(960K), 0.0010251 secs] 8709K->8389K(10176K), 0.0011854 secs] [Times: user=0.00 sys=0.00, real=0.00 secs] 
2019-01-02T11:12:26.608+0530: 814.511: [GC (Allocation Failure) 2019-01-02T11:12:26.608+0530: 814.511: [DefNew
Desired survivor size 32768 bytes, new threshold 15 (max 15)
- age   1:         24 bytes,         24 total
- age   4:        184 bytes,        208 total
- age  10:         16 bytes,        224 total
: 428K->0K(960K), 0.0003250 secs] 8818K->8389K(10176K), 0.0004499 secs] [Times: user=0.00 sys=0.00, real=0.00 secs] 
2019-01-02T11:12:26.608+0530: 814.511: [GC (Allocation Failure) 2019-01-02T11:12:26.608+0530: 814.511: [DefNew
Desired survivor size 32768 bytes, new threshold 15 (max 15)
- age   2:         24 bytes,         24 total
- age   5:        184 bytes,        208 total
- age  11:         16 bytes,        224 total
: 486K->0K(960K), 0.0006363 secs] 8875K->8875K(10176K), 0.0007173 secs] [Times: user=0.00 sys=0.00, real=0.00 secs] 
2019-01-02T11:12:26.610+0530: 814.513: [GC (Allocation Failure) 2019-01-02T11:12:26.610+0530: 814.513: [DefNew: 504K->504K(960K), 0.0000336 secs]2019-01-02T11:12:26.610+0530: 814.513: [Tenured: 8875K->1241K(9216K), 0.0042266 secs] 9380K->1241K(10176K), [Metaspace: 2520K->2520K(1056768K)], 0.0044051 secs] [Times: user=0.02 sys=0.00, real=0.00 secs] 
2019-01-02T11:12:26.669+0530: 814.572: [GC (Allocation Failure) 2019-01-02T11:12:26.669+0530: 814.572: [DefNew
Desired survivor size 32768 bytes, new threshold 15 (max 15)
- age   1:        248 bytes,        248 total
: 842K->0K(960K), 0.0009305 secs] 2083K->1799K(10176K), 0.0017607 secs] [Times: user=0.00 sys=0.00, real=0.00 secs] 
2019-01-02T11:12:26.673+0530: 814.577: [GC (Allocation Failure) 2019-01-02T11:12:26.674+0530: 814.577: [DefNew
Desired survivor size 32768 bytes, new threshold 15 (max 15)
- age   1:         40 bytes,         40 total
- age   2:        184 bytes,        224 total
: 896K->0K(960K), 0.0014037 secs] 2695K->2087K(10176K), 0.0016905 secs] [Times: user=0.02 sys=0.00, real=0.00 secs] 
2019-01-02T11:12:26.678+0530: 814.581: [GC (Allocation Failure) 2019-01-02T11:12:26.678+0530: 814.581: [DefNew
Desired survivor size 32768 bytes, new threshold 15 (max 15)
- age   1:         40 bytes,         40 total
- age   3:        184 bytes,        224 total
: 896K->0K(960K), 0.0008609 secs] 2983K->2663K(10176K), 0.0010257 secs] [Times: user=0.00 sys=0.00, real=0.00 secs] 
2019-01-02T11:12:26.680+0530: 814.583: [GC (Allocation Failure) 2019-01-02T11:12:26.680+0530: 814.583: [DefNew
Desired survivor size 32768 bytes, new threshold 15 (max 15)
- age   1:         24 bytes,         24 total
- age   4:        184 bytes,        208 total
: 427K->0K(960K), 0.0003410 secs] 3091K->2663K(10176K), 0.0004248 secs] [Times: user=0.00 sys=0.00, real=0.00 secs] 
2019-01-02T11:12:26.681+0530: 814.584: [GC (Allocation Failure) 2019-01-02T11:12:26.681+0530: 814.584: [DefNew
Desired survivor size 32768 bytes, new threshold 15 (max 15)
- age   2:         24 bytes,         24 total
- age   5:        184 bytes,        208 total
: 486K->0K(960K), 0.0004168 secs] 3150K->3150K(10176K), 0.0005907 secs] [Times: user=0.00 sys=0.00, real=0.00 secs] 
2019-01-02T11:12:26.682+0530: 814.585: [GC (Allocation Failure) 2019-01-02T11:12:26.682+0530: 814.585: [DefNew
Desired survivor size 32768 bytes, new threshold 15 (max 15)
- age   1:         24 bytes,         24 total
- age   6:         72 bytes,         96 total
: 504K->0K(960K), 0.0004139 secs] 3654K->3636K(10176K), 0.0004875 secs] [Times: user=0.00 sys=0.00, real=0.00 secs] 
2019-01-02T11:12:26.738+0530: 814.642: [GC (Allocation Failure) 2019-01-02T11:12:26.739+0530: 814.642: [DefNew
Desired survivor size 32768 bytes, new threshold 15 (max 15)
- age   1:        248 bytes,        248 total
- age   7:         16 bytes,        264 total
: 841K->0K(960K), 0.0006027 secs] 4478K->3708K(10176K), 0.0010103 secs] [Times: user=0.00 sys=0.00, real=0.00 secs] 
2019-01-02T11:12:26.742+0530: 814.645: [GC (Allocation Failure) 2019-01-02T11:12:26.742+0530: 814.645: [DefNew
Desired survivor size 32768 bytes, new threshold 15 (max 15)
- age   2:        184 bytes,        184 total
- age   8:         16 bytes,        200 total
: 896K->0K(960K), 0.0006734 secs] 4604K->3996K(10176K), 0.0009961 secs] [Times: user=0.00 sys=0.00, real=0.00 secs] 
2019-01-02T11:12:26.745+0530: 814.648: [GC (Allocation Failure) 2019-01-02T11:12:26.745+0530: 814.648: [DefNew
Desired survivor size 32768 bytes, new threshold 15 (max 15)
- age   1:         40 bytes,         40 total
- age   3:        184 bytes,        224 total
- age   9:         16 bytes,        240 total
: 896K->0K(960K), 0.0009157 secs] 4892K->4572K(10176K), 0.0010628 secs] [Times: user=0.00 sys=0.00, real=0.00 secs] 
2019-01-02T11:12:26.747+0530: 814.650: [GC (Allocation Failure) 2019-01-02T11:12:26.747+0530: 814.650: [DefNew
Desired survivor size 32768 bytes, new threshold 15 (max 15)
- age   1:         24 bytes,         24 total
- age   4:        184 bytes,        208 total
- age  10:         16 bytes,        224 total
: 428K->0K(960K), 0.0004099 secs] 5001K->4572K(10176K), 0.0004755 secs] [Times: user=0.00 sys=0.00, real=0.00 secs] 
2019-01-02T11:12:26.748+0530: 814.651: [GC (Allocation Failure) 2019-01-02T11:12:26.748+0530: 814.651: [DefNew
Desired survivor size 32768 bytes, new threshold 15 (max 15)
- age   2:         24 bytes,         24 total
- age   5:        184 bytes,        208 total
- age  11:         16 bytes,        224 total
: 486K->0K(960K), 0.0003221 secs] 5058K->5058K(10176K), 0.0003757 secs] [Times: user=0.00 sys=0.00, real=0.00 secs] 
2019-01-02T11:12:26.749+0530: 814.652: [GC (Allocation Failure) 2019-01-02T11:12:26.749+0530: 814.652: [DefNew
Desired survivor size 32768 bytes, new threshold 15 (max 15)
- age   1:         24 bytes,         24 total
- age   6:         72 bytes,         96 total
- age  12:         16 bytes,        112 total
: 504K->0K(960K), 0.0003136 secs] 5563K->5545K(10176K), 0.0003666 secs] [Times: user=0.00 sys=0.00, real=0.00 secs] 
2019-01-02T11:12:26.804+0530: 814.707: [GC (Allocation Failure) 2019-01-02T11:12:26.804+0530: 814.707: [DefNew
Desired survivor size 32768 bytes, new threshold 15 (max 15)
- age   1:        248 bytes,        248 total
- age   7:         16 bytes,        264 total
- age  13:         16 bytes,        280 total
: 842K->0K(960K), 0.0006585 secs] 6387K->5617K(10176K), 0.0009003 secs] [Times: user=0.00 sys=0.00, real=0.00 secs] 
2019-01-02T11:12:26.807+0530: 814.710: [GC (Allocation Failure) 2019-01-02T11:12:26.807+0530: 814.710: [DefNew
Desired survivor size 32768 bytes, new threshold 15 (max 15)
- age   1:         40 bytes,         40 total
- age   2:        184 bytes,        224 total
- age   8:         16 bytes,        240 total
- age  14:         16 bytes,        256 total
: 896K->0K(960K), 0.0011198 secs] 6513K->5905K(10176K), 0.0014214 secs] [Times: user=0.00 sys=0.00, real=0.00 secs] 
2019-01-02T11:12:26.811+0530: 814.714: [GC (Allocation Failure) 2019-01-02T11:12:26.811+0530: 814.714: [DefNew
Desired survivor size 32768 bytes, new threshold 15 (max 15)
- age   1:         40 bytes,         40 total
- age   3:        184 bytes,        224 total
- age   9:         16 bytes,        240 total
- age  15:         16 bytes,        256 total
: 896K->0K(960K), 0.0011426 secs] 6801K->6481K(10176K), 0.0012760 secs] [Times: user=0.00 sys=0.00, real=0.00 secs] 
2019-01-02T11:12:26.814+0530: 814.717: [GC (Allocation Failure) 2019-01-02T11:12:26.814+0530: 814.717: [DefNew
Desired survivor size 32768 bytes, new threshold 15 (max 15)
- age   1:         24 bytes,         24 total
- age   4:        184 bytes,        208 total
- age  10:         16 bytes,        224 total
: 427K->0K(960K), 0.0006523 secs] 6909K->6481K(10176K), 0.0007646 secs] [Times: user=0.00 sys=0.00, real=0.00 secs] 
2019-01-02T11:12:26.815+0530: 814.718: [GC (Allocation Failure) 2019-01-02T11:12:26.815+0530: 814.718: [DefNew
Desired survivor size 32768 bytes, new threshold 15 (max 15)
- age   2:         24 bytes,         24 total
- age   5:        184 bytes,        208 total
- age  11:         16 bytes,        224 total
: 486K->0K(960K), 0.0004464 secs] 6967K->6967K(10176K), 0.0005308 secs] [Times: user=0.01 sys=0.00, real=0.00 secs] 
2019-01-02T11:12:26.816+0530: 814.719: [GC (Allocation Failure) 2019-01-02T11:12:26.816+0530: 814.719: [DefNew
Desired survivor size 32768 bytes, new threshold 15 (max 15)
- age   1:         24 bytes,         24 total
- age   6:         72 bytes,         96 total
- age  12:         16 bytes,        112 total
: 504K->0K(960K), 0.0003193 secs] 7472K->7454K(10176K), 0.0003803 secs] [Times: user=0.00 sys=0.00, real=0.00 secs] 
2019-01-02T11:12:26.866+0530: 814.769: [GC (Allocation Failure) 2019-01-02T11:12:26.866+0530: 814.769: [DefNew
Desired survivor size 32768 bytes, new threshold 15 (max 15)
- age   1:        248 bytes,        248 total
- age   7:         16 bytes,        264 total
- age  13:         16 bytes,        280 total
: 841K->0K(960K), 0.0007406 secs] 8295K->7526K(10176K), 0.0010708 secs] [Times: user=0.00 sys=0.00, real=0.00 secs] 
2019-01-02T11:12:26.869+0530: 814.772: [GC (Allocation Failure) 2019-01-02T11:12:26.869+0530: 814.772: [DefNew
Desired survivor size 32768 bytes, new threshold 15 (max 15)
- age   2:        184 bytes,        184 total
- age   8:         16 bytes,        200 total
- age  14:         16 bytes,        216 total
: 896K->0K(960K), 0.0008421 secs] 8422K->7814K(10176K), 0.0010736 secs] [Times: user=0.00 sys=0.00, real=0.00 secs] 
2019-01-02T11:12:26.872+0530: 814.775: [GC (Allocation Failure) 2019-01-02T11:12:26.872+0530: 814.775: [DefNew
Desired survivor size 32768 bytes, new threshold 15 (max 15)
- age   1:         40 bytes,         40 total
- age   3:        184 bytes,        224 total
- age   9:         16 bytes,        240 total
- age  15:         16 bytes,        256 total
: 896K->0K(960K), 0.0012179 secs] 8710K->8390K(10176K), 0.0013923 secs] [Times: user=0.00 sys=0.00, real=0.00 secs] 
2019-01-02T11:12:26.874+0530: 814.777: [GC (Allocation Failure) 2019-01-02T11:12:26.874+0530: 814.777: [DefNew
Desired survivor size 32768 bytes, new threshold 15 (max 15)
- age   1:         24 bytes,         24 total
- age   4:        184 bytes,        208 total
- age  10:         16 bytes,        224 total
: 428K->0K(960K), 0.0007321 secs] 8818K->8390K(10176K), 0.0008906 secs] [Times: user=0.00 sys=0.00, real=0.00 secs] 
2019-01-02T11:12:26.876+0530: 814.779: [GC (Allocation Failure) 2019-01-02T11:12:26.876+0530: 814.779: [DefNew
Desired survivor size 32768 bytes, new threshold 15 (max 15)
- age   2:         24 bytes,         24 total
- age   5:        184 bytes,        208 total
- age  11:         16 bytes,        224 total
: 486K->0K(960K), 0.0003809 secs] 8876K->8876K(10176K), 0.0004499 secs] [Times: user=0.00 sys=0.00, real=0.00 secs] 
2019-01-02T11:12:26.877+0530: 814.780: [GC (Allocation Failure) 2019-01-02T11:12:26.877+0530: 814.780: [DefNew: 504K->504K(960K), 0.0000279 secs]2019-01-02T11:12:26.877+0530: 814.780: [Tenured: 8876K->1241K(9216K), 0.0047979 secs] 9381K->1241K(10176K), [Metaspace: 2520K->2520K(1056768K)], 0.0049661 secs] [Times: user=0.02 sys=0.00, real=0.00 secs] 
2019-01-02T11:12:26.935+0530: 814.839: [GC (Allocation Failure) 2019-01-02T11:12:26.936+0530: 814.839: [DefNew
Desired survivor size 32768 bytes, new threshold 15 (max 15)
- age   1:        248 bytes,        248 total
: 842K->0K(960K), 0.0013022 secs] 2083K->1799K(10176K), 0.0016472 secs] [Times: user=0.00 sys=0.00, real=0.00 secs] 
2019-01-02T11:12:26.939+0530: 814.842: [GC (Allocation Failure) 2019-01-02T11:12:26.939+0530: 814.842: [DefNew
Desired survivor size 32768 bytes, new threshold 15 (max 15)
- age   1:         40 bytes,         40 total
- age   2:        184 bytes,        224 total
: 896K->0K(960K), 0.0006352 secs] 2695K->2087K(10176K), 0.0008398 secs] [Times: user=0.01 sys=0.00, real=0.00 secs] 
2019-01-02T11:12:26.941+0530: 814.844: [GC (Allocation Failure) 2019-01-02T11:12:26.941+0530: 814.845: [DefNew
Desired survivor size 32768 bytes, new threshold 15 (max 15)
- age   1:         40 bytes,         40 total
- age   3:        184 bytes,        224 total
: 896K->0K(960K), 0.0015047 secs] 2983K->2663K(10176K), 0.0016797 secs] [Times: user=0.00 sys=0.00, real=0.00 secs] 
2019-01-02T11:12:26.944+0530: 814.848: [GC (Allocation Failure) 2019-01-02T11:12:26.945+0530: 814.848: [DefNew
Desired survivor size 32768 bytes, new threshold 15 (max 15)
- age   1:         24 bytes,         24 total
- age   4:        184 bytes,        208 total
: 427K->0K(960K), 0.0005046 secs] 3091K->2663K(10176K), 0.0006226 secs] [Times: user=0.00 sys=0.00, real=0.00 secs] 
2019-01-02T11:12:26.946+0530: 814.849: [GC (Allocation Failure) 2019-01-02T11:12:26.946+0530: 814.849: [DefNew
Desired survivor size 32768 bytes, new threshold 15 (max 15)
- age   2:         24 bytes,         24 total
- age   5:        184 bytes,        208 total
: 486K->0K(960K), 0.0008746 secs] 3150K->3150K(10176K), 0.0009687 secs] [Times: user=0.00 sys=0.00, real=0.00 secs] 
2019-01-02T11:12:26.947+0530: 814.850: [GC (Allocation Failure) 2019-01-02T11:12:26.947+0530: 814.851: [DefNew
Desired survivor size 32768 bytes, new threshold 15 (max 15)
- age   1:         24 bytes,         24 total
- age   6:         72 bytes,         96 total
: 504K->0K(960K), 0.0003364 secs] 3654K->3636K(10176K), 0.0004088 secs] [Times: user=0.00 sys=0.00, real=0.00 secs] 
2019-01-02T11:12:27.006+0530: 814.910: [GC (Allocation Failure) 2019-01-02T11:12:27.006+0530: 814.910: [DefNew
Desired survivor size 32768 bytes, new threshold 15 (max 15)
- age   1:        248 bytes,        248 total
- age   7:         16 bytes,        264 total
: 841K->0K(960K), 0.0008963 secs] 4478K->3708K(10176K), 0.0011352 secs] [Times: user=0.00 sys=0.00, real=0.00 secs] 
2019-01-02T11:12:27.010+0530: 814.913: [GC (Allocation Failure) 2019-01-02T11:12:27.010+0530: 814.913: [DefNew
Desired survivor size 32768 bytes, new threshold 15 (max 15)
- age   2:        184 bytes,        184 total
- age   8:         16 bytes,        200 total
: 896K->0K(960K), 0.0004276 secs] 4604K->3996K(10176K), 0.0005456 secs] [Times: user=0.00 sys=0.00, real=0.00 secs] 
2019-01-02T11:12:27.012+0530: 814.915: [GC (Allocation Failure) 2019-01-02T11:12:27.012+0530: 814.915: [DefNew
Desired survivor size 32768 bytes, new threshold 15 (max 15)
- age   1:         40 bytes,         40 total
- age   3:        184 bytes,        224 total
- age   9:         16 bytes,        240 total
: 896K->0K(960K), 0.0008832 secs] 4892K->4572K(10176K), 0.0010565 secs] [Times: user=0.00 sys=0.00, real=0.00 secs] 
2019-01-02T11:12:27.014+0530: 814.918: [GC (Allocation Failure) 2019-01-02T11:12:27.014+0530: 814.918: [DefNew
Desired survivor size 32768 bytes, new threshold 15 (max 15)
- age   1:         24 bytes,         24 total
- age   4:        184 bytes,        208 total
- age  10:         16 bytes,        224 total
: 428K->0K(960K), 0.0008165 secs] 5001K->4572K(10176K), 0.0009778 secs] [Times: user=0.00 sys=0.00, real=0.00 secs] 
2019-01-02T11:12:27.016+0530: 814.919: [GC (Allocation Failure) 2019-01-02T11:12:27.016+0530: 814.919: [DefNew
Desired survivor size 32768 bytes, new threshold 15 (max 15)
- age   2:         24 bytes,         24 total
- age   5:        184 bytes,        208 total
- age  11:         16 bytes,        224 total
: 486K->0K(960K), 0.0011164 secs] 5059K->5059K(10176K), 0.0013547 secs] [Times: user=0.00 sys=0.00, real=0.00 secs] 
2019-01-02T11:12:27.018+0530: 814.921: [GC (Allocation Failure) 2019-01-02T11:12:27.018+0530: 814.921: [DefNew
Desired survivor size 32768 bytes, new threshold 15 (max 15)
- age   1:         24 bytes,         24 total
- age   6:         72 bytes,         96 total
- age  12:         16 bytes,        112 total
: 504K->0K(960K), 0.0003495 secs] 5563K->5545K(10176K), 0.0004248 secs] [Times: user=0.00 sys=0.00, real=0.00 secs] 
2019-01-02T11:12:27.074+0530: 814.977: [GC (Allocation Failure) 2019-01-02T11:12:27.074+0530: 814.977: [DefNew
Desired survivor size 32768 bytes, new threshold 15 (max 15)
- age   1:        248 bytes,        248 total
- age   7:         16 bytes,        264 total
- age  13:         16 bytes,        280 total
: 842K->0K(960K), 0.0005970 secs] 6388K->5617K(10176K), 0.0009037 secs] [Times: user=0.00 sys=0.00, real=0.00 secs] 
2019-01-02T11:12:27.077+0530: 814.980: [GC (Allocation Failure) 2019-01-02T11:12:27.077+0530: 814.980: [DefNew
Desired survivor size 32768 bytes, new threshold 15 (max 15)
- age   1:         40 bytes,         40 total
- age   2:        184 bytes,        224 total
- age   8:         16 bytes,        240 total
- age  14:         16 bytes,        256 total
: 896K->0K(960K), 0.0005975 secs] 6513K->5905K(10176K), 0.0007201 secs] [Times: user=0.00 sys=0.00, real=0.00 secs] 
2019-01-02T11:12:27.079+0530: 814.982: [GC (Allocation Failure) 2019-01-02T11:12:27.079+0530: 814.982: [DefNew
Desired survivor size 32768 bytes, new threshold 15 (max 15)
- age   1:         40 bytes,         40 total
- age   3:        184 bytes,        224 total
- age   9:         16 bytes,        240 total
- age  15:         16 bytes,        256 total
: 896K->0K(960K), 0.0011740 secs] 6801K->6482K(10176K), 0.0013017 secs] [Times: user=0.01 sys=0.00, real=0.00 secs] 
2019-01-02T11:12:27.082+0530: 814.985: [GC (Allocation Failure) 2019-01-02T11:12:27.082+0530: 814.985: [DefNew
Desired survivor size 32768 bytes, new threshold 15 (max 15)
- age   1:         24 bytes,         24 total
- age   4:        184 bytes,        208 total
- age  10:         16 bytes,        224 total
: 427K->0K(960K), 0.0002765 secs] 6909K->6481K(10176K), 0.0003609 secs] [Times: user=0.00 sys=0.00, real=0.00 secs] 
2019-01-02T11:12:27.083+0530: 814.986: [GC (Allocation Failure) 2019-01-02T11:12:27.083+0530: 814.986: [DefNew
Desired survivor size 32768 bytes, new threshold 15 (max 15)
- age   2:         24 bytes,         24 total
- age   5:        184 bytes,        208 total
- age  11:         16 bytes,        224 total
: 486K->0K(960K), 0.0003358 secs] 6968K->6968K(10176K), 0.0004077 secs] [Times: user=0.00 sys=0.00, real=0.00 secs] 
2019-01-02T11:12:27.083+0530: 814.986: [GC (Allocation Failure) 2019-01-02T11:12:27.083+0530: 814.987: [DefNew
Desired survivor size 32768 bytes, new threshold 15 (max 15)
- age   1:         24 bytes,         24 total
- age   6:         72 bytes,         96 total
- age  12:         16 bytes,        112 total
: 504K->0K(960K), 0.0003301 secs] 7472K->7454K(10176K), 0.0004020 secs] [Times: user=0.00 sys=0.00, real=0.00 secs] 
2019-01-02T11:12:27.143+0530: 815.046: [GC (Allocation Failure) 2019-01-02T11:12:27.143+0530: 815.046: [DefNew
Desired survivor size 32768 bytes, new threshold 15 (max 15)
- age   1:        248 bytes,        248 total
- age   7:         16 bytes,        264 total
- age  13:         16 bytes,        280 total
: 841K->0K(960K), 0.0010092 secs] 8296K->7527K(10176K), 0.0013404 secs] [Times: user=0.00 sys=0.00, real=0.00 secs] 
2019-01-02T11:12:27.146+0530: 815.049: [GC (Allocation Failure) 2019-01-02T11:12:27.146+0530: 815.049: [DefNew
Desired survivor size 32768 bytes, new threshold 15 (max 15)
- age   2:        184 bytes,        184 total
- age   8:         16 bytes,        200 total
- age  14:         16 bytes,        216 total
: 896K->0K(960K), 0.0007543 secs] 8423K->7815K(10176K), 0.0009100 secs] [Times: user=0.00 sys=0.00, real=0.00 secs] 
2019-01-02T11:12:27.148+0530: 815.051: [GC (Allocation Failure) 2019-01-02T11:12:27.148+0530: 815.051: [DefNew
Desired survivor size 32768 bytes, new threshold 15 (max 15)
- age   1:         40 bytes,         40 total
- age   3:        184 bytes,        224 total
- age   9:         16 bytes,        240 total
- age  15:         16 bytes,        256 total
: 896K->0K(960K), 0.0012709 secs] 8711K->8391K(10176K), 0.0014117 secs] [Times: user=0.00 sys=0.00, real=0.00 secs] 
2019-01-02T11:12:27.151+0530: 815.054: [GC (Allocation Failure) 2019-01-02T11:12:27.151+0530: 815.054: [DefNew
Desired survivor size 32768 bytes, new threshold 15 (max 15)
- age   1:         24 bytes,         24 total
- age   4:        184 bytes,        208 total
- age  10:         16 bytes,        224 total
: 428K->0K(960K), 0.0003284 secs] 8819K->8391K(10176K), 0.0005035 secs] [Times: user=0.00 sys=0.00, real=0.00 secs] 
2019-01-02T11:12:27.152+0530: 815.055: [GC (Allocation Failure) 2019-01-02T11:12:27.152+0530: 815.055: [DefNew
Desired survivor size 32768 bytes, new threshold 15 (max 15)
- age   2:         24 bytes,         24 total
- age   5:        184 bytes,        208 total
- age  11:         16 bytes,        224 total
: 486K->0K(960K), 0.0003187 secs] 8877K->8877K(10176K), 0.0003911 secs] [Times: user=0.00 sys=0.00, real=0.00 secs] 
2019-01-02T11:12:27.153+0530: 815.056: [GC (Allocation Failure) 2019-01-02T11:12:27.153+0530: 815.056: [DefNew: 504K->504K(960K), 0.0000268 secs]2019-01-02T11:12:27.153+0530: 815.056: [Tenured: 8877K->1241K(9216K), 0.0036222 secs] 9381K->1241K(10176K), [Metaspace: 2520K->2520K(1056768K)], 0.0037727 secs] [Times: user=0.00 sys=0.00, real=0.00 secs] 
2019-01-02T11:12:27.212+0530: 815.115: [GC (Allocation Failure) 2019-01-02T11:12:27.213+0530: 815.116: [DefNew
Desired survivor size 32768 bytes, new threshold 15 (max 15)
- age   1:        248 bytes,        248 total
: 842K->0K(960K), 0.0008490 secs] 2083K->1800K(10176K), 0.0011814 secs] [Times: user=0.00 sys=0.00, real=0.00 secs] 
2019-01-02T11:12:27.215+0530: 815.118: [GC (Allocation Failure) 2019-01-02T11:12:27.215+0530: 815.118: [DefNew
Desired survivor size 32768 bytes, new threshold 15 (max 15)
- age   1:         40 bytes,         40 total
- age   2:        184 bytes,        224 total
: 896K->0K(960K), 0.0008820 secs] 2696K->2088K(10176K), 0.0010240 secs] [Times: user=0.00 sys=0.00, real=0.00 secs] 
2019-01-02T11:12:27.218+0530: 815.121: [GC (Allocation Failure) 2019-01-02T11:12:27.218+0530: 815.121: [DefNew
Desired survivor size 32768 bytes, new threshold 15 (max 15)
- age   1:         40 bytes,         40 total
- age   3:        184 bytes,        224 total
: 896K->0K(960K), 0.0010907 secs] 2984K->2664K(10176K), 0.0012578 secs] [Times: user=0.00 sys=0.00, real=0.00 secs] 
2019-01-02T11:12:27.220+0530: 815.123: [GC (Allocation Failure) 2019-01-02T11:12:27.220+0530: 815.123: [DefNew
Desired survivor size 32768 bytes, new threshold 15 (max 15)
- age   1:         24 bytes,         24 total
- age   4:        184 bytes,        208 total
: 427K->0K(960K), 0.0002440 secs] 3091K->2664K(10176K), 0.0003210 secs] [Times: user=0.00 sys=0.00, real=0.00 secs] 
2019-01-02T11:12:27.221+0530: 815.124: [GC (Allocation Failure) 2019-01-02T11:12:27.221+0530: 815.124: [DefNew
Desired survivor size 32768 bytes, new threshold 15 (max 15)
- age   2:         24 bytes,         24 total
- age   5:        184 bytes,        208 total
: 486K->0K(960K), 0.0003370 secs] 3150K->3150K(10176K), 0.0004088 secs] [Times: user=0.00 sys=0.00, real=0.00 secs] 
2019-01-02T11:12:27.221+0530: 815.125: [GC (Allocation Failure) 2019-01-02T11:12:27.221+0530: 815.125: [DefNew
Desired survivor size 32768 bytes, new threshold 15 (max 15)
- age   1:         24 bytes,         24 total
- age   6:         72 bytes,         96 total
: 504K->0K(960K), 0.0003233 secs] 3655K->3637K(10176K), 0.0004014 secs] [Times: user=0.00 sys=0.00, real=0.00 secs] 
2019-01-02T11:12:27.276+0530: 815.179: [GC (Allocation Failure) 2019-01-02T11:12:27.276+0530: 815.179: [DefNew
Desired survivor size 32768 bytes, new threshold 15 (max 15)
- age   1:        248 bytes,        248 total
- age   7:         16 bytes,        264 total
: 841K->0K(960K), 0.0007771 secs] 4478K->3709K(10176K), 0.0012270 secs] [Times: user=0.00 sys=0.00, real=0.00 secs] 
2019-01-02T11:12:27.279+0530: 815.183: [GC (Allocation Failure) 2019-01-02T11:12:27.280+0530: 815.183: [DefNew
Desired survivor size 32768 bytes, new threshold 15 (max 15)
- age   2:        184 bytes,        184 total
- age   8:         16 bytes,        200 total
: 896K->0K(960K), 0.0006369 secs] 4605K->3997K(10176K), 0.0009128 secs] [Times: user=0.00 sys=0.00, real=0.00 secs] 
2019-01-02T11:12:27.282+0530: 815.185: [GC (Allocation Failure) 2019-01-02T11:12:27.282+0530: 815.185: [DefNew
Desired survivor size 32768 bytes, new threshold 15 (max 15)
- age   1:         40 bytes,         40 total
- age   3:        184 bytes,        224 total
- age   9:         16 bytes,        240 total
: 896K->0K(960K), 0.0011563 secs] 4893K->4573K(10176K), 0.0012926 secs] [Times: user=0.02 sys=0.00, real=0.00 secs] 
2019-01-02T11:12:27.284+0530: 815.188: [GC (Allocation Failure) 2019-01-02T11:12:27.285+0530: 815.188: [DefNew
Desired survivor size 32768 bytes, new threshold 15 (max 15)
- age   1:         24 bytes,         24 total
- age   4:        184 bytes,        208 total
- age  10:         16 bytes,        224 total
: 428K->0K(960K), 0.0002902 secs] 5001K->4573K(10176K), 0.0003883 secs] [Times: user=0.00 sys=0.00, real=0.00 secs] 
2019-01-02T11:12:27.285+0530: 815.188: [GC (Allocation Failure) 2019-01-02T11:12:27.285+0530: 815.188: [DefNew
Desired survivor size 32768 bytes, new threshold 15 (max 15)
- age   2:         24 bytes,         24 total
- age   5:        184 bytes,        208 total
- age  11:         16 bytes,        224 total
: 486K->0K(960K), 0.0003638 secs] 5059K->5059K(10176K), 0.0004385 secs] [Times: user=0.00 sys=0.00, real=0.00 secs] 
2019-01-02T11:12:27.286+0530: 815.189: [GC (Allocation Failure) 2019-01-02T11:12:27.286+0530: 815.189: [DefNew
Desired survivor size 32768 bytes, new threshold 15 (max 15)
- age   1:         24 bytes,         24 total
- age   6:         72 bytes,         96 total
- age  12:         16 bytes,        112 total
: 504K->0K(960K), 0.0003284 secs] 5564K->5546K(10176K), 0.0004020 secs] [Times: user=0.00 sys=0.00, real=0.00 secs] 
2019-01-02T11:12:27.342+0530: 815.245: [GC (Allocation Failure) 2019-01-02T11:12:27.342+0530: 815.245: [DefNew
Desired survivor size 32768 bytes, new threshold 15 (max 15)
- age   1:        248 bytes,        248 total
- age   7:         16 bytes,        264 total
- age  13:         16 bytes,        280 total
: 842K->0K(960K), 0.0005177 secs] 6388K->5618K(10176K), 0.0008815 secs] [Times: user=0.00 sys=0.00, real=0.00 secs] 
2019-01-02T11:12:27.345+0530: 815.248: [GC (Allocation Failure) 2019-01-02T11:12:27.345+0530: 815.248: [DefNew
Desired survivor size 32768 bytes, new threshold 15 (max 15)
- age   1:         40 bytes,         40 total
- age   2:        184 bytes,        224 total
- age   8:         16 bytes,        240 total
- age  14:         16 bytes,        256 total
: 896K->0K(960K), 0.0009465 secs] 6514K->5906K(10176K), 0.0011694 secs] [Times: user=0.02 sys=0.00, real=0.00 secs] 
2019-01-02T11:12:27.347+0530: 815.250: [GC (Allocation Failure) 2019-01-02T11:12:27.347+0530: 815.250: [DefNew
Desired survivor size 32768 bytes, new threshold 15 (max 15)
- age   1:         40 bytes,         40 total
- age   3:        184 bytes,        224 total
- age   9:         16 bytes,        240 total
- age  15:         16 bytes,        256 total
: 896K->0K(960K), 0.0008934 secs] 6802K->6482K(10176K), 0.0010571 secs] [Times: user=0.00 sys=0.00, real=0.00 secs] 
2019-01-02T11:12:27.349+0530: 815.253: [GC (Allocation Failure) 2019-01-02T11:12:27.349+0530: 815.253: [DefNew
Desired survivor size 32768 bytes, new threshold 15 (max 15)
- age   1:         24 bytes,         24 total
- age   4:        184 bytes,        208 total
- age  10:         16 bytes,        224 total
: 427K->0K(960K), 0.0007093 secs] 6910K->6482K(10176K), 0.0008912 secs] [Times: user=0.00 sys=0.00, real=0.00 secs] 
2019-01-02T11:12:27.351+0530: 815.254: [GC (Allocation Failure) 2019-01-02T11:12:27.351+0530: 815.255: [DefNew
Desired survivor size 32768 bytes, new threshold 15 (max 15)
- age   2:         24 bytes,         24 total
- age   5:        184 bytes,        208 total
- age  11:         16 bytes,        224 total
: 486K->0K(960K), 0.0011107 secs] 6969K->6969K(10176K), 0.0013011 secs] [Times: user=0.00 sys=0.00, real=0.00 secs] 
2019-01-02T11:12:27.353+0530: 815.256: [GC (Allocation Failure) 2019-01-02T11:12:27.353+0530: 815.256: [DefNew
Desired survivor size 32768 bytes, new threshold 15 (max 15)
- age   1:         24 bytes,         24 total
- age   6:         72 bytes,         96 total
- age  12:         16 bytes,        112 total
: 504K->0K(960K), 0.0003284 secs] 7473K->7455K(10176K), 0.0004025 secs] [Times: user=0.00 sys=0.00, real=0.00 secs] 
2019-01-02T11:12:27.406+0530: 815.310: [GC (Allocation Failure) 2019-01-02T11:12:27.406+0530: 815.310: [DefNew
Desired survivor size 32768 bytes, new threshold 15 (max 15)
- age   1:        248 bytes,        248 total
- age   7:         16 bytes,        264 total
- age  13:         16 bytes,        280 total
: 842K->0K(960K), 0.0009636 secs] 8297K->7527K(10176K), 0.0012663 secs] [Times: user=0.00 sys=0.02, real=0.00 secs] 
2019-01-02T11:12:27.410+0530: 815.313: [GC (Allocation Failure) 2019-01-02T11:12:27.410+0530: 815.313: [DefNew
Desired survivor size 32768 bytes, new threshold 15 (max 15)
- age   2:        184 bytes,        184 total
- age   8:         16 bytes,        200 total
- age  14:         16 bytes,        216 total
: 896K->0K(960K), 0.0005861 secs] 8423K->7815K(10176K), 0.0008598 secs] [Times: user=0.00 sys=0.00, real=0.00 secs] 
2019-01-02T11:12:27.414+0530: 815.317: [GC (Allocation Failure) 2019-01-02T11:12:27.414+0530: 815.317: [DefNew
Desired survivor size 32768 bytes, new threshold 15 (max 15)
- age   1:         40 bytes,         40 total
- age   3:        184 bytes,        224 total
- age   9:         16 bytes,        240 total
- age  15:         16 bytes,        256 total
: 896K->0K(960K), 0.0008877 secs] 8711K->8391K(10176K), 0.0010223 secs] [Times: user=0.00 sys=0.00, real=0.00 secs] 
2019-01-02T11:12:27.416+0530: 815.319: [GC (Allocation Failure) 2019-01-02T11:12:27.416+0530: 815.319: [DefNew
Desired survivor size 32768 bytes, new threshold 15 (max 15)
- age   1:         24 bytes,         24 total
- age   4:        184 bytes,        208 total
- age  10:         16 bytes,        224 total
: 428K->0K(960K), 0.0006363 secs] 8820K->8391K(10176K), 0.0008136 secs] [Times: user=0.00 sys=0.00, real=0.00 secs] 
2019-01-02T11:12:27.417+0530: 815.321: [GC (Allocation Failure) 2019-01-02T11:12:27.417+0530: 815.321: [DefNew
Desired survivor size 32768 bytes, new threshold 15 (max 15)
- age   2:         24 bytes,         24 total
- age   5:        184 bytes,        208 total
- age  11:         16 bytes,        224 total
: 486K->0K(960K), 0.0003410 secs] 8878K->8878K(10176K), 0.0004134 secs] [Times: user=0.00 sys=0.00, real=0.00 secs] 
2019-01-02T11:12:27.418+0530: 815.321: [GC (Allocation Failure) 2019-01-02T11:12:27.418+0530: 815.321: [DefNew: 504K->504K(960K), 0.0000274 secs]2019-01-02T11:12:27.418+0530: 815.321: [Tenured: 8878K->1241K(9216K), 0.0036952 secs] 9382K->1241K(10176K), [Metaspace: 2520K->2520K(1056768K)], 0.0038457 secs] [Times: user=0.00 sys=0.00, real=0.00 secs] 
2019-01-02T11:12:27.477+0530: 815.380: [GC (Allocation Failure) 2019-01-02T11:12:27.477+0530: 815.380: [DefNew
Desired survivor size 32768 bytes, new threshold 15 (max 15)
- age   1:        248 bytes,        248 total
: 842K->0K(960K), 0.0015086 secs] 2083K->1800K(10176K), 0.0019420 secs] [Times: user=0.00 sys=0.00, real=0.00 secs] 
2019-01-02T11:12:27.481+0530: 815.384: [GC (Allocation Failure) 2019-01-02T11:12:27.481+0530: 815.384: [DefNew
Desired survivor size 32768 bytes, new threshold 15 (max 15)
- age   1:         40 bytes,         40 total
- age   2:        184 bytes,        224 total
: 896K->0K(960K), 0.0004675 secs] 2696K->2088K(10176K), 0.0006340 secs] [Times: user=0.00 sys=0.00, real=0.00 secs] 
2019-01-02T11:12:27.483+0530: 815.386: [GC (Allocation Failure) 2019-01-02T11:12:27.483+0530: 815.386: [DefNew
Desired survivor size 32768 bytes, new threshold 15 (max 15)
- age   1:         40 bytes,         40 total
- age   3:        184 bytes,        224 total
: 896K->0K(960K), 0.0009932 secs] 2984K->2664K(10176K), 0.0011118 secs] [Times: user=0.00 sys=0.00, real=0.00 secs] 
2019-01-02T11:12:27.485+0530: 815.389: [GC (Allocation Failure) 2019-01-02T11:12:27.486+0530: 815.389: [DefNew
Desired survivor size 32768 bytes, new threshold 15 (max 15)
- age   1:         24 bytes,         24 total
- age   4:        184 bytes,        208 total
: 427K->0K(960K), 0.0003153 secs] 3092K->2664K(10176K), 0.0004829 secs] [Times: user=0.01 sys=0.00, real=0.00 secs] 
2019-01-02T11:12:27.486+0530: 815.390: [GC (Allocation Failure) 2019-01-02T11:12:27.486+0530: 815.390: [DefNew
Desired survivor size 32768 bytes, new threshold 15 (max 15)
- age   2:         24 bytes,         24 total
- age   5:        184 bytes,        208 total
: 486K->0K(960K), 0.0003489 secs] 3151K->3151K(10176K), 0.0004213 secs] [Times: user=0.00 sys=0.00, real=0.00 secs] 
2019-01-02T11:12:27.487+0530: 815.390: [GC (Allocation Failure) 2019-01-02T11:12:27.487+0530: 815.390: [DefNew
Desired survivor size 32768 bytes, new threshold 15 (max 15)
- age   1:         24 bytes,         24 total
- age   6:         72 bytes,         96 total
: 504K->0K(960K), 0.0003221 secs] 3655K->3637K(10176K), 0.0003940 secs] [Times: user=0.00 sys=0.00, real=0.00 secs] 
2019-01-02T11:12:27.544+0530: 815.447: [GC (Allocation Failure) 2019-01-02T11:12:27.544+0530: 815.448: [DefNew
Desired survivor size 32768 bytes, new threshold 15 (max 15)
- age   1:        248 bytes,        248 total
- age   7:         16 bytes,        264 total
: 842K->0K(960K), 0.0009864 secs] 4479K->3709K(10176K), 0.0012829 secs] [Times: user=0.00 sys=0.00, real=0.00 secs] 
2019-01-02T11:12:27.547+0530: 815.451: [GC (Allocation Failure) 2019-01-02T11:12:27.548+0530: 815.451: [DefNew
Desired survivor size 32768 bytes, new threshold 15 (max 15)
- age   2:        184 bytes,        184 total
- age   8:         16 bytes,        200 total
: 896K->0K(960K), 0.0011050 secs] 4605K->3997K(10176K), 0.0013467 secs] [Times: user=0.02 sys=0.00, real=0.00 secs] 
2019-01-02T11:12:27.550+0530: 815.453: [GC (Allocation Failure) 2019-01-02T11:12:27.550+0530: 815.453: [DefNew
Desired survivor size 32768 bytes, new threshold 15 (max 15)
- age   1:         40 bytes,         40 total
- age   3:        184 bytes,        224 total
- age   9:         16 bytes,        240 total
: 896K->0K(960K), 0.0009425 secs] 4893K->4573K(10176K), 0.0010622 secs] [Times: user=0.00 sys=0.00, real=0.00 secs] 
2019-01-02T11:12:27.553+0530: 815.456: [GC (Allocation Failure) 2019-01-02T11:12:27.553+0530: 815.456: [DefNew
Desired survivor size 32768 bytes, new threshold 15 (max 15)
- age   1:         24 bytes,         24 total
- age   4:        184 bytes,        208 total
- age  10:         16 bytes,        224 total
: 428K->0K(960K), 0.0009664 secs] 5002K->4573K(10176K), 0.0011147 secs] [Times: user=0.00 sys=0.00, real=0.00 secs] 
2019-01-02T11:12:27.554+0530: 815.457: [GC (Allocation Failure) 2019-01-02T11:12:27.554+0530: 815.457: [DefNew
Desired survivor size 32768 bytes, new threshold 15 (max 15)
- age   2:         24 bytes,         24 total
- age   5:        184 bytes,        208 total
- age  11:         16 bytes,        224 total
: 486K->0K(960K), 0.0003415 secs] 5060K->5060K(10176K), 0.0004025 secs] [Times: user=0.00 sys=0.00, real=0.00 secs] 
2019-01-02T11:12:27.555+0530: 815.458: [GC (Allocation Failure) 2019-01-02T11:12:27.555+0530: 815.458: [DefNew
Desired survivor size 32768 bytes, new threshold 15 (max 15)
- age   1:         24 bytes,         24 total
- age   6:         72 bytes,         96 total
- age  12:         16 bytes,        112 total
: 504K->0K(960K), 0.0003307 secs] 5564K->5546K(10176K), 0.0003911 secs] [Times: user=0.00 sys=0.00, real=0.00 secs] 
2019-01-02T11:12:27.609+0530: 815.513: [GC (Allocation Failure) 2019-01-02T11:12:27.610+0530: 815.513: [DefNew
Desired survivor size 32768 bytes, new threshold 15 (max 15)
- age   1:        248 bytes,        248 total
- age   7:         16 bytes,        264 total
- age  13:         16 bytes,        280 total
: 842K->0K(960K), 0.0010411 secs] 6389K->5619K(10176K), 0.0013285 secs] [Times: user=0.02 sys=0.00, real=0.00 secs] 
2019-01-02T11:12:27.616+0530: 815.519: [GC (Allocation Failure) 2019-01-02T11:12:27.616+0530: 815.519: [DefNew
Desired survivor size 32768 bytes, new threshold 15 (max 15)
- age   1:         40 bytes,         40 total
- age   2:        184 bytes,        224 total
- age   8:         16 bytes,        240 total
- age  14:         16 bytes,        256 total
: 896K->0K(960K), 0.0005992 secs] 6515K->5907K(10176K), 0.0007532 secs] [Times: user=0.00 sys=0.00, real=0.00 secs] 
2019-01-02T11:12:27.618+0530: 815.521: [GC (Allocation Failure) 2019-01-02T11:12:27.618+0530: 815.521: [DefNew
Desired survivor size 32768 bytes, new threshold 15 (max 15)
- age   1:         40 bytes,         40 total
- age   3:        184 bytes,        224 total
- age   9:         16 bytes,        240 total
- age  15:         16 bytes,        256 total
: 896K->0K(960K), 0.0007577 secs] 6803K->6483K(10176K), 0.0008558 secs] [Times: user=0.00 sys=0.00, real=0.00 secs] 
2019-01-02T11:12:27.620+0530: 815.523: [GC (Allocation Failure) 2019-01-02T11:12:27.620+0530: 815.523: [DefNew
Desired survivor size 32768 bytes, new threshold 15 (max 15)
- age   1:         24 bytes,         24 total
- age   4:        184 bytes,        208 total
- age  10:         16 bytes,        224 total
: 427K->0K(960K), 0.0002195 secs] 6910K->6483K(10176K), 0.0002708 secs] [Times: user=0.00 sys=0.00, real=0.00 secs] 
2019-01-02T11:12:27.621+0530: 815.524: [GC (Allocation Failure) 2019-01-02T11:12:27.621+0530: 815.524: [DefNew
Desired survivor size 32768 bytes, new threshold 15 (max 15)
- age   2:         24 bytes,         24 total
- age   5:        184 bytes,        208 total
- age  11:         16 bytes,        224 total
: 486K->0K(960K), 0.0003261 secs] 6969K->6969K(10176K), 0.0004008 secs] [Times: user=0.00 sys=0.00, real=0.00 secs] 
2019-01-02T11:12:27.621+0530: 815.525: [GC (Allocation Failure) 2019-01-02T11:12:27.622+0530: 815.525: [DefNew
Desired survivor size 32768 bytes, new threshold 15 (max 15)
- age   1:         24 bytes,         24 total
- age   6:         72 bytes,         96 total
- age  12:         16 bytes,        112 total
: 504K->0K(960K), 0.0003090 secs] 7474K->7456K(10176K), 0.0003849 secs] [Times: user=0.00 sys=0.00, real=0.00 secs] 
2019-01-02T11:12:27.678+0530: 815.581: [GC (Allocation Failure) 2019-01-02T11:12:27.678+0530: 815.581: [DefNew
Desired survivor size 32768 bytes, new threshold 15 (max 15)
- age   1:        248 bytes,        248 total
- age   7:         16 bytes,        264 total
- age  13:         16 bytes,        280 total
: 842K->0K(960K), 0.0005149 secs] 8298K->7528K(10176K), 0.0008296 secs] [Times: user=0.00 sys=0.00, real=0.00 secs] 
2019-01-02T11:12:27.681+0530: 815.584: [GC (Allocation Failure) 2019-01-02T11:12:27.681+0530: 815.585: [DefNew
Desired survivor size 32768 bytes, new threshold 15 (max 15)
- age   2:        184 bytes,        184 total
- age   8:         16 bytes,        200 total
- age  14:         16 bytes,        216 total
: 896K->0K(960K), 0.0008929 secs] 8424K->7816K(10176K), 0.0012224 secs] [Times: user=0.00 sys=0.00, real=0.00 secs] 
2019-01-02T11:12:27.684+0530: 815.587: [GC (Allocation Failure) 2019-01-02T11:12:27.684+0530: 815.587: [DefNew
Desired survivor size 32768 bytes, new threshold 15 (max 15)
- age   1:         40 bytes,         40 total
- age   3:        184 bytes,        224 total
- age   9:         16 bytes,        240 total
- age  15:         16 bytes,        256 total
: 896K->0K(960K), 0.0006471 secs] 8712K->8392K(10176K), 0.0008159 secs] [Times: user=0.00 sys=0.00, real=0.00 secs] 
2019-01-02T11:12:27.686+0530: 815.589: [GC (Allocation Failure) 2019-01-02T11:12:27.686+0530: 815.589: [DefNew
Desired survivor size 32768 bytes, new threshold 15 (max 15)
- age   1:         24 bytes,         24 total
- age   4:        184 bytes,        208 total
- age  10:         16 bytes,        224 total
: 428K->0K(960K), 0.0002372 secs] 8821K->8392K(10176K), 0.0003062 secs] [Times: user=0.00 sys=0.00, real=0.00 secs] 
2019-01-02T11:12:27.686+0530: 815.589: [GC (Allocation Failure) 2019-01-02T11:12:27.686+0530: 815.589: [DefNew
Desired survivor size 32768 bytes, new threshold 15 (max 15)
- age   2:         24 bytes,         24 total
- age   5:        184 bytes,        208 total
- age  11:         16 bytes,        224 total
: 486K->0K(960K), 0.0003449 secs] 8879K->8879K(10176K), 0.0003974 secs] [Times: user=0.00 sys=0.00, real=0.00 secs] 
2019-01-02T11:12:27.687+0530: 815.590: [GC (Allocation Failure) 2019-01-02T11:12:27.687+0530: 815.590: [DefNew: 504K->504K(960K), 0.0000234 secs]2019-01-02T11:12:27.687+0530: 815.590: [Tenured: 8878K->1241K(9216K), 0.0037060 secs] 9383K->1241K(10176K), [Metaspace: 2520K->2520K(1056768K)], 0.0038343 secs] [Times: user=0.01 sys=0.00, real=0.00 secs] 
2019-01-02T11:12:27.744+0530: 815.647: [GC (Allocation Failure) 2019-01-02T11:12:27.744+0530: 815.648: [DefNew
Desired survivor size 32768 bytes, new threshold 15 (max 15)
- age   1:        248 bytes,        248 total
: 842K->0K(960K), 0.0011249 secs] 2084K->1800K(10176K), 0.0016284 secs] [Times: user=0.00 sys=0.00, real=0.00 secs] 
2019-01-02T11:12:27.748+0530: 815.651: [GC (Allocation Failure) 2019-01-02T11:12:27.748+0530: 815.651: [DefNew
Desired survivor size 32768 bytes, new threshold 15 (max 15)
- age   1:         40 bytes,         40 total
- age   2:        184 bytes,        224 total
: 896K->0K(960K), 0.0009733 secs] 2696K->2088K(10176K), 0.0011968 secs] [Times: user=0.00 sys=0.00, real=0.00 secs] 
2019-01-02T11:12:27.750+0530: 815.654: [GC (Allocation Failure) 2019-01-02T11:12:27.751+0530: 815.654: [DefNew
Desired survivor size 32768 bytes, new threshold 15 (max 15)
- age   1:         40 bytes,         40 total
- age   3:        184 bytes,        224 total
: 896K->0K(960K), 0.0008564 secs] 2984K->2664K(10176K), 0.0010605 secs] [Times: user=0.02 sys=0.00, real=0.00 secs] 
2019-01-02T11:12:27.753+0530: 815.656: [GC (Allocation Failure) 2019-01-02T11:12:27.753+0530: 815.656: [DefNew
Desired survivor size 32768 bytes, new threshold 15 (max 15)
- age   1:         24 bytes,         24 total
- age   4:        184 bytes,        208 total
: 427K->0K(960K), 0.0007555 secs] 3092K->2664K(10176K), 0.0008860 secs] [Times: user=0.00 sys=0.00, real=0.00 secs] 
2019-01-02T11:12:27.754+0530: 815.657: [GC (Allocation Failure) 2019-01-02T11:12:27.754+0530: 815.657: [DefNew
Desired survivor size 32768 bytes, new threshold 15 (max 15)
- age   2:         24 bytes,         24 total
- age   5:        184 bytes,        208 total
: 486K->0K(960K), 0.0003324 secs] 3151K->3151K(10176K), 0.0004111 secs] [Times: user=0.00 sys=0.00, real=0.00 secs] 
2019-01-02T11:12:27.755+0530: 815.658: [GC (Allocation Failure) 2019-01-02T11:12:27.755+0530: 815.658: [DefNew
Desired survivor size 32768 bytes, new threshold 15 (max 15)
- age   1:         24 bytes,         24 total
- age   6:         72 bytes,         96 total
: 504K->0K(960K), 0.0003233 secs] 3655K->3637K(10176K), 0.0003940 secs] [Times: user=0.00 sys=0.00, real=0.00 secs] 
2019-01-02T11:12:27.806+0530: 815.709: [GC (Allocation Failure) 2019-01-02T11:12:27.806+0530: 815.709: [DefNew
Desired survivor size 32768 bytes, new threshold 15 (max 15)
- age   1:        248 bytes,        248 total
- age   7:         16 bytes,        264 total
: 842K->0K(960K), 0.0010924 secs] 4480K->3710K(10176K), 0.0014043 secs] [Times: user=0.00 sys=0.00, real=0.00 secs] 
2019-01-02T11:12:27.809+0530: 815.712: [GC (Allocation Failure) 2019-01-02T11:12:27.809+0530: 815.712: [DefNew
Desired survivor size 32768 bytes, new threshold 15 (max 15)
- age   2:        184 bytes,        184 total
- age   8:         16 bytes,        200 total
: 896K->0K(960K), 0.0008684 secs] 4606K->3998K(10176K), 0.0010229 secs] [Times: user=0.00 sys=0.00, real=0.00 secs] 
2019-01-02T11:12:27.812+0530: 815.715: [GC (Allocation Failure) 2019-01-02T11:12:27.812+0530: 815.715: [DefNew
Desired survivor size 32768 bytes, new threshold 15 (max 15)
- age   1:         40 bytes,         40 total
- age   3:        184 bytes,        224 total
- age   9:         16 bytes,        240 total
: 896K->0K(960K), 0.0008866 secs] 4894K->4574K(10176K), 0.0010200 secs] [Times: user=0.00 sys=0.00, real=0.00 secs] 
2019-01-02T11:12:27.814+0530: 815.717: [GC (Allocation Failure) 2019-01-02T11:12:27.814+0530: 815.717: [DefNew
Desired survivor size 32768 bytes, new threshold 15 (max 15)
- age   1:         24 bytes,         24 total
- age   4:        184 bytes,        208 total
- age  10:         16 bytes,        224 total
: 428K->0K(960K), 0.0003581 secs] 5002K->4574K(10176K), 0.0004715 secs] [Times: user=0.00 sys=0.00, real=0.00 secs] 
2019-01-02T11:12:27.815+0530: 815.718: [GC (Allocation Failure) 2019-01-02T11:12:27.815+0530: 815.718: [DefNew
Desired survivor size 32768 bytes, new threshold 15 (max 15)
- age   2:         24 bytes,         24 total
- age   5:        184 bytes,        208 total
- age  11:         16 bytes,        224 total
: 486K->0K(960K), 0.0006922 secs] 5060K->5060K(10176K), 0.0007674 secs] [Times: user=0.00 sys=0.00, real=0.00 secs] 
2019-01-02T11:12:27.816+0530: 815.719: [GC (Allocation Failure) 2019-01-02T11:12:27.816+0530: 815.719: [DefNew
Desired survivor size 32768 bytes, new threshold 15 (max 15)
- age   1:         24 bytes,         24 total
- age   6:         72 bytes,         96 total
- age  12:         16 bytes,        112 total
: 504K->0K(960K), 0.0007959 secs] 5565K->5547K(10176K), 0.0008951 secs] [Times: user=0.00 sys=0.00, real=0.00 secs] 
2019-01-02T11:12:27.869+0530: 815.772: [GC (Allocation Failure) 2019-01-02T11:12:27.869+0530: 815.772: [DefNew
Desired survivor size 32768 bytes, new threshold 15 (max 15)
- age   1:        248 bytes,        248 total
- age   7:         16 bytes,        264 total
- age  13:         16 bytes,        280 total
: 842K->0K(960K), 0.0010907 secs] 6390K->5619K(10176K), 0.0014972 secs] [Times: user=0.00 sys=0.00, real=0.00 secs] 
2019-01-02T11:12:27.872+0530: 815.775: [GC (Allocation Failure) 2019-01-02T11:12:27.872+0530: 815.775: [DefNew
Desired survivor size 32768 bytes, new threshold 15 (max 15)
- age   1:         40 bytes,         40 total
- age   2:        184 bytes,        224 total
- age   8:         16 bytes,        240 total
- age  14:         16 bytes,        256 total
: 896K->0K(960K), 0.0006682 secs] 6515K->5907K(10176K), 0.0008056 secs] [Times: user=0.00 sys=0.00, real=0.00 secs] 
2019-01-02T11:12:27.875+0530: 815.778: [GC (Allocation Failure) 2019-01-02T11:12:27.875+0530: 815.778: [DefNew
Desired survivor size 32768 bytes, new threshold 15 (max 15)
- age   1:         40 bytes,         40 total
- age   3:        184 bytes,        224 total
- age   9:         16 bytes,        240 total
- age  15:         16 bytes,        256 total
: 896K->0K(960K), 0.0011848 secs] 6803K->6483K(10176K), 0.0013741 secs] [Times: user=0.02 sys=0.00, real=0.00 secs] 
2019-01-02T11:12:27.877+0530: 815.781: [GC (Allocation Failure) 2019-01-02T11:12:27.877+0530: 815.781: [DefNew
Desired survivor size 32768 bytes, new threshold 15 (max 15)
- age   1:         24 bytes,         24 total
- age   4:        184 bytes,        208 total
- age  10:         16 bytes,        224 total
: 427K->0K(960K), 0.0003067 secs] 6911K->6483K(10176K), 0.0004008 secs] [Times: user=0.00 sys=0.00, real=0.00 secs] 
2019-01-02T11:12:27.878+0530: 815.781: [GC (Allocation Failure) 2019-01-02T11:12:27.878+0530: 815.781: [DefNew
Desired survivor size 32768 bytes, new threshold 15 (max 15)
- age   2:         24 bytes,         24 total
- age   5:        184 bytes,        208 total
- age  11:         16 bytes,        224 total
: 486K->0K(960K), 0.0003221 secs] 6970K->6970K(10176K), 0.0003991 secs] [Times: user=0.00 sys=0.00, real=0.00 secs] 
2019-01-02T11:12:27.879+0530: 815.782: [GC (Allocation Failure) 2019-01-02T11:12:27.879+0530: 815.782: [DefNew
Desired survivor size 32768 bytes, new threshold 15 (max 15)
- age   1:         24 bytes,         24 total
- age   6:         72 bytes,         96 total
- age  12:         16 bytes,        112 total
: 504K->0K(960K), 0.0003130 secs] 7475K->7457K(10176K), 0.0003820 secs] [Times: user=0.00 sys=0.00, real=0.00 secs] 
2019-01-02T11:12:27.933+0530: 815.837: [GC (Allocation Failure) 2019-01-02T11:12:27.934+0530: 815.837: [DefNew
Desired survivor size 32768 bytes, new threshold 15 (max 15)
- age   1:        248 bytes,        248 total
- age   7:         16 bytes,        264 total
- age  13:         16 bytes,        280 total
: 842K->0K(960K), 0.0007914 secs] 8299K->7529K(10176K), 0.0011283 secs] [Times: user=0.00 sys=0.00, real=0.00 secs] 
2019-01-02T11:12:27.936+0530: 815.839: [GC (Allocation Failure) 2019-01-02T11:12:27.936+0530: 815.839: [DefNew
Desired survivor size 32768 bytes, new threshold 15 (max 15)
- age   2:        184 bytes,        184 total
- age   8:         16 bytes,        200 total
- age  14:         16 bytes,        216 total
: 896K->0K(960K), 0.0006563 secs] 8425K->7817K(10176K), 0.0007937 secs] [Times: user=0.00 sys=0.00, real=0.00 secs] 
2019-01-02T11:12:27.938+0530: 815.842: [GC (Allocation Failure) 2019-01-02T11:12:27.939+0530: 815.842: [DefNew
Desired survivor size 32768 bytes, new threshold 15 (max 15)
- age   1:         40 bytes,         40 total
- age   3:        184 bytes,        224 total
- age   9:         16 bytes,        240 total
- age  15:         16 bytes,        256 total
: 896K->0K(960K), 0.0007771 secs] 8713K->8393K(10176K), 0.0010628 secs] [Times: user=0.00 sys=0.00, real=0.00 secs] 
2019-01-02T11:12:27.941+0530: 815.844: [GC (Allocation Failure) 2019-01-02T11:12:27.941+0530: 815.844: [DefNew
Desired survivor size 32768 bytes, new threshold 15 (max 15)
- age   1:         24 bytes,         24 total
- age   4:        184 bytes,        208 total
- age  10:         16 bytes,        224 total
: 428K->0K(960K), 0.0002657 secs] 8821K->8393K(10176K), 0.0003461 secs] [Times: user=0.00 sys=0.00, real=0.00 secs] 
2019-01-02T11:12:27.942+0530: 815.845: [GC (Allocation Failure) 2019-01-02T11:12:27.942+0530: 815.845: [DefNew
Desired survivor size 32768 bytes, new threshold 15 (max 15)
- age   2:         24 bytes,         24 total
- age   5:        184 bytes,        208 total
- age  11:         16 bytes,        224 total
: 486K->0K(960K), 0.0003256 secs] 8880K->8880K(10176K), 0.0003974 secs] [Times: user=0.00 sys=0.00, real=0.00 secs] 
2019-01-02T11:12:27.942+0530: 815.846: [GC (Allocation Failure) 2019-01-02T11:12:27.942+0530: 815.846: [DefNew: 504K->504K(960K), 0.0000285 secs]2019-01-02T11:12:27.942+0530: 815.846: [Tenured: 8879K->1241K(9216K), 0.0036422 secs] 9384K->1241K(10176K), [Metaspace: 2520K->2520K(1056768K)], 0.0037910 secs] [Times: user=0.00 sys=0.00, real=0.00 secs] 
2019-01-02T11:12:28.004+0530: 815.907: [GC (Allocation Failure) 2019-01-02T11:12:28.004+0530: 815.907: [DefNew
Desired survivor size 32768 bytes, new threshold 15 (max 15)
- age   1:        248 bytes,        248 total
: 842K->0K(960K), 0.0011443 secs] 2084K->1800K(10176K), 0.0014722 secs] [Times: user=0.00 sys=0.00, real=0.00 secs] 
2019-01-02T11:12:28.007+0530: 815.911: [GC (Allocation Failure) 2019-01-02T11:12:28.007+0530: 815.911: [DefNew
Desired survivor size 32768 bytes, new threshold 15 (max 15)
- age   1:         40 bytes,         40 total
- age   2:        184 bytes,        224 total
: 896K->0K(960K), 0.0010377 secs] 2696K->2088K(10176K), 0.0012481 secs] [Times: user=0.00 sys=0.00, real=0.00 secs] 
2019-01-02T11:12:28.010+0530: 815.913: [GC (Allocation Failure) 2019-01-02T11:12:28.010+0530: 815.913: [DefNew
Desired survivor size 32768 bytes, new threshold 15 (max 15)
- age   1:         40 bytes,         40 total
- age   3:        184 bytes,        224 total
: 896K->0K(960K), 0.0009932 secs] 2984K->2664K(10176K), 0.0012093 secs] [Times: user=0.00 sys=0.00, real=0.00 secs] 
2019-01-02T11:12:28.012+0530: 815.916: [GC (Allocation Failure) 2019-01-02T11:12:28.012+0530: 815.916: [DefNew
Desired survivor size 32768 bytes, new threshold 15 (max 15)
- age   1:         24 bytes,         24 total
- age   4:        184 bytes,        208 total
: 427K->0K(960K), 0.0002532 secs] 3092K->2664K(10176K), 0.0003284 secs] [Times: user=0.00 sys=0.00, real=0.00 secs] 
2019-01-02T11:12:28.013+0530: 815.916: [GC (Allocation Failure) 2019-01-02T11:12:28.013+0530: 815.916: [DefNew
Desired survivor size 32768 bytes, new threshold 15 (max 15)
- age   2:         24 bytes,         24 total
- age   5:        184 bytes,        208 total
: 486K->0K(960K), 0.0003210 secs] 3151K->3151K(10176K), 0.0003957 secs] [Times: user=0.00 sys=0.00, real=0.00 secs] 
2019-01-02T11:12:28.014+0530: 815.917: [GC (Allocation Failure) 2019-01-02T11:12:28.014+0530: 815.917: [DefNew
Desired survivor size 32768 bytes, new threshold 15 (max 15)
- age   1:         24 bytes,         24 total
- age   6:         72 bytes,         96 total
: 504K->0K(960K), 0.0003278 secs] 3656K->3638K(10176K), 0.0004065 secs] [Times: user=0.00 sys=0.00, real=0.00 secs] 
2019-01-02T11:12:28.071+0530: 815.974: [GC (Allocation Failure) 2019-01-02T11:12:28.071+0530: 815.974: [DefNew
Desired survivor size 32768 bytes, new threshold 15 (max 15)
- age   1:        248 bytes,        248 total
- age   7:         16 bytes,        264 total
: 842K->0K(960K), 0.0008330 secs] 4480K->3710K(10176K), 0.0011626 secs] [Times: user=0.00 sys=0.00, real=0.00 secs] 
2019-01-02T11:12:28.073+0530: 815.977: [GC (Allocation Failure) 2019-01-02T11:12:28.074+0530: 815.977: [DefNew
Desired survivor size 32768 bytes, new threshold 15 (max 15)
- age   2:        184 bytes,        184 total
- age   8:         16 bytes,        200 total
: 896K->0K(960K), 0.0008011 secs] 4606K->3998K(10176K), 0.0010115 secs] [Times: user=0.00 sys=0.00, real=0.00 secs] 
2019-01-02T11:12:28.076+0530: 815.979: [GC (Allocation Failure) 2019-01-02T11:12:28.076+0530: 815.979: [DefNew
Desired survivor size 32768 bytes, new threshold 15 (max 15)
- age   1:         40 bytes,         40 total
- age   3:        184 bytes,        224 total
- age   9:         16 bytes,        240 total
: 896K->0K(960K), 0.0006648 secs] 4894K->4574K(10176K), 0.0008507 secs] [Times: user=0.00 sys=0.00, real=0.00 secs] 
2019-01-02T11:12:28.078+0530: 815.981: [GC (Allocation Failure) 2019-01-02T11:12:28.078+0530: 815.981: [DefNew
Desired survivor size 32768 bytes, new threshold 15 (max 15)
- age   1:         24 bytes,         24 total
- age   4:        184 bytes,        208 total
- age  10:         16 bytes,        224 total
: 428K->0K(960K), 0.0002412 secs] 5003K->4574K(10176K), 0.0003176 secs] [Times: user=0.00 sys=0.00, real=0.00 secs] 
2019-01-02T11:12:28.079+0530: 815.982: [GC (Allocation Failure) 2019-01-02T11:12:28.079+0530: 815.982: [DefNew
Desired survivor size 32768 bytes, new threshold 15 (max 15)
- age   2:         24 bytes,         24 total
- age   5:        184 bytes,        208 total
- age  11:         16 bytes,        224 total
: 487K->0K(960K), 0.0003136 secs] 5061K->5061K(10176K), 0.0003831 secs] [Times: user=0.00 sys=0.00, real=0.00 secs] 
2019-01-02T11:12:28.079+0530: 815.983: [GC (Allocation Failure) 2019-01-02T11:12:28.080+0530: 815.983: [DefNew
Desired survivor size 32768 bytes, new threshold 15 (max 15)
- age   1:         24 bytes,         24 total
- age   6:         72 bytes,         96 total
- age  12:         16 bytes,        112 total
: 504K->0K(960K), 0.0003067 secs] 5566K->5548K(10176K), 0.0003814 secs] [Times: user=0.00 sys=0.00, real=0.00 secs] 
2019-01-02T11:12:28.136+0530: 816.039: [GC (Allocation Failure) 2019-01-02T11:12:28.136+0530: 816.039: [DefNew
Desired survivor size 32768 bytes, new threshold 15 (max 15)
- age   1:        248 bytes,        248 total
- age   7:         16 bytes,        264 total
- age  13:         16 bytes,        280 total
: 842K->0K(960K), 0.0005935 secs] 6390K->5620K(10176K), 0.0008621 secs] [Times: user=0.00 sys=0.00, real=0.00 secs] 
2019-01-02T11:12:28.138+0530: 816.041: [GC (Allocation Failure) 2019-01-02T11:12:28.138+0530: 816.041: [DefNew
Desired survivor size 32768 bytes, new threshold 15 (max 15)
- age   1:         40 bytes,         40 total
- age   2:        184 bytes,        224 total
- age   8:         16 bytes,        240 total
- age  14:         16 bytes,        256 total
: 896K->0K(960K), 0.0009214 secs] 6516K->5908K(10176K), 0.0011358 secs] [Times: user=0.00 sys=0.00, real=0.00 secs] 
2019-01-02T11:12:28.141+0530: 816.044: [GC (Allocation Failure) 2019-01-02T11:12:28.141+0530: 816.044: [DefNew
Desired survivor size 32768 bytes, new threshold 15 (max 15)
- age   1:         40 bytes,         40 total
- age   3:        184 bytes,        224 total
- age   9:         16 bytes,        240 total
- age  15:         16 bytes,        256 total
: 896K->0K(960K), 0.0008980 secs] 6804K->6484K(10176K), 0.0011329 secs] [Times: user=0.00 sys=0.00, real=0.00 secs] 
2019-01-02T11:12:28.143+0530: 816.046: [GC (Allocation Failure) 2019-01-02T11:12:28.143+0530: 816.046: [DefNew
Desired survivor size 32768 bytes, new threshold 15 (max 15)
- age   1:         24 bytes,         24 total
- age   4:        184 bytes,        208 total
- age  10:         16 bytes,        224 total
: 427K->0K(960K), 0.0002543 secs] 6911K->6484K(10176K), 0.0003267 secs] [Times: user=0.00 sys=0.00, real=0.00 secs] 
2019-01-02T11:12:28.144+0530: 816.047: [GC (Allocation Failure) 2019-01-02T11:12:28.144+0530: 816.047: [DefNew
Desired survivor size 32768 bytes, new threshold 15 (max 15)
- age   2:         24 bytes,         24 total
- age   5:        184 bytes,        208 total
- age  11:         16 bytes,        224 total
: 487K->0K(960K), 0.0003204 secs] 6971K->6971K(10176K), 0.0003963 secs] [Times: user=0.00 sys=0.00, real=0.00 secs] 
2019-01-02T11:12:28.144+0530: 816.048: [GC (Allocation Failure) 2019-01-02T11:12:28.144+0530: 816.048: [DefNew
Desired survivor size 32768 bytes, new threshold 15 (max 15)
- age   1:         24 bytes,         24 total
- age   6:         72 bytes,         96 total
- age  12:         16 bytes,        112 total
: 504K->0K(960K), 0.0003501 secs] 7475K->7457K(10176K), 0.0004356 secs] [Times: user=0.00 sys=0.00, real=0.00 secs] 
2019-01-02T11:12:28.201+0530: 816.105: [GC (Allocation Failure) 2019-01-02T11:12:28.202+0530: 816.105: [DefNew
Desired survivor size 32768 bytes, new threshold 15 (max 15)
- age   1:        248 bytes,        248 total
- age   7:         16 bytes,        264 total
- age  13:         16 bytes,        280 total
: 842K->0K(960K), 0.0009835 secs] 8300K->7530K(10176K), 0.0012994 secs] [Times: user=0.00 sys=0.00, real=0.00 secs] 
2019-01-02T11:12:28.204+0530: 816.108: [GC (Allocation Failure) 2019-01-02T11:12:28.204+0530: 816.108: [DefNew
Desired survivor size 32768 bytes, new threshold 15 (max 15)
- age   2:        184 bytes,        184 total
- age   8:         16 bytes,        200 total
- age  14:         16 bytes,        216 total
: 896K->0K(960K), 0.0005958 secs] 8426K->7817K(10176K), 0.0007429 secs] [Times: user=0.00 sys=0.00, real=0.00 secs] 
2019-01-02T11:12:28.207+0530: 816.110: [GC (Allocation Failure) 2019-01-02T11:12:28.207+0530: 816.110: [DefNew
Desired survivor size 32768 bytes, new threshold 15 (max 15)
- age   1:         40 bytes,         40 total
- age   3:        184 bytes,        224 total
- age   9:         16 bytes,        240 total
- age  15:         16 bytes,        256 total
: 896K->0K(960K), 0.0004692 secs] 8713K->8394K(10176K), 0.0006506 secs] [Times: user=0.00 sys=0.00, real=0.00 secs] 
2019-01-02T11:12:28.209+0530: 816.112: [GC (Allocation Failure) 2019-01-02T11:12:28.209+0530: 816.112: [DefNew
Desired survivor size 32768 bytes, new threshold 15 (max 15)
- age   1:         24 bytes,         24 total
- age   4:        184 bytes,        208 total
- age  10:         16 bytes,        224 total
: 428K->0K(960K), 0.0002754 secs] 8822K->8394K(10176K), 0.0003563 secs] [Times: user=0.00 sys=0.00, real=0.00 secs] 
2019-01-02T11:12:28.210+0530: 816.113: [GC (Allocation Failure) 2019-01-02T11:12:28.210+0530: 816.113: [DefNew
Desired survivor size 32768 bytes, new threshold 15 (max 15)
- age   2:         24 bytes,         24 total
- age   5:        184 bytes,        208 total
- age  11:         16 bytes,        224 total
: 487K->0K(960K), 0.0003324 secs] 8880K->8880K(10176K), 0.0004077 secs] [Times: user=0.00 sys=0.00, real=0.00 secs] 
2019-01-02T11:12:28.210+0530: 816.114: [GC (Allocation Failure) 2019-01-02T11:12:28.210+0530: 816.114: [DefNew: 504K->504K(960K), 0.0000279 secs]2019-01-02T11:12:28.210+0530: 816.114: [Tenured: 8880K->1241K(9216K), 0.0036650 secs] 9385K->1241K(10176K), [Metaspace: 2520K->2520K(1056768K)], 0.0038144 secs] [Times: user=0.00 sys=0.00, real=0.00 secs] 
2019-01-02T11:12:28.269+0530: 816.172: [GC (Allocation Failure) 2019-01-02T11:12:28.269+0530: 816.172: [DefNew
Desired survivor size 32768 bytes, new threshold 15 (max 15)
- age   1:        248 bytes,        248 total
: 842K->0K(960K), 0.0010269 secs] 2084K->1801K(10176K), 0.0013444 secs] [Times: user=0.00 sys=0.00, real=0.00 secs] 
2019-01-02T11:12:28.272+0530: 816.175: [GC (Allocation Failure) 2019-01-02T11:12:28.272+0530: 816.175: [DefNew
Desired survivor size 32768 bytes, new threshold 15 (max 15)
- age   1:         40 bytes,         40 total
- age   2:        184 bytes,        224 total
: 896K->0K(960K), 0.0008524 secs] 2697K->2089K(10176K), 0.0009624 secs] [Times: user=0.00 sys=0.00, real=0.00 secs] 
2019-01-02T11:12:28.274+0530: 816.178: [GC (Allocation Failure) 2019-01-02T11:12:28.274+0530: 816.178: [DefNew
Desired survivor size 32768 bytes, new threshold 15 (max 15)
- age   1:         40 bytes,         40 total
- age   3:        184 bytes,        224 total
: 896K->0K(960K), 0.0008353 secs] 2985K->2665K(10176K), 0.0010537 secs] [Times: user=0.00 sys=0.00, real=0.00 secs] 
2019-01-02T11:12:28.277+0530: 816.180: [GC (Allocation Failure) 2019-01-02T11:12:28.277+0530: 816.180: [DefNew
Desired survivor size 32768 bytes, new threshold 15 (max 15)
- age   1:         24 bytes,         24 total
- age   4:        184 bytes,        208 total
: 427K->0K(960K), 0.0002589 secs] 3092K->2665K(10176K), 0.0003381 secs] [Times: user=0.00 sys=0.00, real=0.00 secs] 
2019-01-02T11:12:28.277+0530: 816.181: [GC (Allocation Failure) 2019-01-02T11:12:28.277+0530: 816.181: [DefNew
Desired survivor size 32768 bytes, new threshold 15 (max 15)
- age   2:         24 bytes,         24 total
- age   5:        184 bytes,        208 total
: 487K->0K(960K), 0.0003387 secs] 3151K->3151K(10176K), 0.0004111 secs] [Times: user=0.00 sys=0.00, real=0.00 secs] 
2019-01-02T11:12:28.278+0530: 816.181: [GC (Allocation Failure) 2019-01-02T11:12:28.278+0530: 816.181: [DefNew
Desired survivor size 32768 bytes, new threshold 15 (max 15)
- age   1:         24 bytes,         24 total
- age   6:         72 bytes,         96 total
: 504K->0K(960K), 0.0003233 secs] 3656K->3638K(10176K), 0.0003980 secs] [Times: user=0.00 sys=0.00, real=0.00 secs] 
2019-01-02T11:12:28.334+0530: 816.237: [GC (Allocation Failure) 2019-01-02T11:12:28.334+0530: 816.237: [DefNew
Desired survivor size 32768 bytes, new threshold 15 (max 15)
- age   1:        248 bytes,        248 total
- age   7:         16 bytes,        264 total
: 842K->0K(960K), 0.0003997 secs] 4481K->3710K(10176K), 0.0006927 secs] [Times: user=0.00 sys=0.00, real=0.00 secs] 
2019-01-02T11:12:28.336+0530: 816.239: [GC (Allocation Failure) 2019-01-02T11:12:28.336+0530: 816.239: [DefNew
Desired survivor size 32768 bytes, new threshold 15 (max 15)
- age   2:        184 bytes,        184 total
- age   8:         16 bytes,        200 total
: 896K->0K(960K), 0.0006260 secs] 4606K->3998K(10176K), 0.0007971 secs] [Times: user=0.00 sys=0.00, real=0.00 secs] 
2019-01-02T11:12:28.338+0530: 816.242: [GC (Allocation Failure) 2019-01-02T11:12:28.338+0530: 816.242: [DefNew
Desired survivor size 32768 bytes, new threshold 15 (max 15)
- age   1:         40 bytes,         40 total
- age   3:        184 bytes,        224 total
- age   9:         16 bytes,        240 total
: 896K->0K(960K), 0.0010987 secs] 4894K->4574K(10176K), 0.0012715 secs] [Times: user=0.00 sys=0.00, real=0.00 secs] 
2019-01-02T11:12:28.341+0530: 816.245: [GC (Allocation Failure) 2019-01-02T11:12:28.341+0530: 816.245: [DefNew
Desired survivor size 32768 bytes, new threshold 15 (max 15)
- age   1:         24 bytes,         24 total
- age   4:        184 bytes,        208 total
- age  10:         16 bytes,        224 total
: 428K->0K(960K), 0.0008541 secs] 5003K->4574K(10176K), 0.0009921 secs] [Times: user=0.00 sys=0.00, real=0.00 secs] 
2019-01-02T11:12:28.343+0530: 816.246: [GC (Allocation Failure) 2019-01-02T11:12:28.343+0530: 816.246: [DefNew
Desired survivor size 32768 bytes, new threshold 15 (max 15)
- age   2:         24 bytes,         24 total
- age   5:        184 bytes,        208 total
- age  11:         16 bytes,        224 total
: 487K->0K(960K), 0.0003626 secs] 5061K->5061K(10176K), 0.0004328 secs] [Times: user=0.00 sys=0.00, real=0.00 secs] 
2019-01-02T11:12:28.344+0530: 816.247: [GC (Allocation Failure) 2019-01-02T11:12:28.344+0530: 816.247: [DefNew
Desired survivor size 32768 bytes, new threshold 15 (max 15)
- age   1:         24 bytes,         24 total
- age   6:         72 bytes,         96 total
- age  12:         16 bytes,        112 total
: 505K->0K(960K), 0.0003278 secs] 5566K->5548K(10176K), 0.0003866 secs] [Times: user=0.00 sys=0.00, real=0.00 secs] 
2019-01-02T11:12:28.405+0530: 816.309: [GC (Allocation Failure) 2019-01-02T11:12:28.405+0530: 816.309: [DefNew
Desired survivor size 32768 bytes, new threshold 15 (max 15)
- age   1:        248 bytes,        248 total
- age   7:         16 bytes,        264 total
- age  13:         16 bytes,        280 total
: 842K->0K(960K), 0.0009938 secs] 6391K->5620K(10176K), 0.0011985 secs] [Times: user=0.02 sys=0.00, real=0.00 secs] 
2019-01-02T11:12:28.410+0530: 816.314: [GC (Allocation Failure) 2019-01-02T11:12:28.410+0530: 816.314: [DefNew
Desired survivor size 32768 bytes, new threshold 15 (max 15)
- age   1:         40 bytes,         40 total
- age   2:        184 bytes,        224 total
- age   8:         16 bytes,        240 total
- age  14:         16 bytes,        256 total
: 896K->0K(960K), 0.0004470 secs] 6516K->5908K(10176K), 0.0005565 secs] [Times: user=0.00 sys=0.00, real=0.00 secs] 
2019-01-02T11:12:28.412+0530: 816.316: [GC (Allocation Failure) 2019-01-02T11:12:28.412+0530: 816.316: [DefNew
Desired survivor size 32768 bytes, new threshold 15 (max 15)
- age   1:         40 bytes,         40 total
- age   3:        184 bytes,        224 total
- age   9:         16 bytes,        240 total
- age  15:         16 bytes,        256 total
: 896K->0K(960K), 0.0005000 secs] 6804K->6484K(10176K), 0.0005935 secs] [Times: user=0.00 sys=0.00, real=0.00 secs] 
2019-01-02T11:12:28.414+0530: 816.318: [GC (Allocation Failure) 2019-01-02T11:12:28.414+0530: 816.318: [DefNew
Desired survivor size 32768 bytes, new threshold 15 (max 15)
- age   1:         24 bytes,         24 total
- age   4:        184 bytes,        208 total
- age  10:         16 bytes,        224 total
: 427K->0K(960K), 0.0003404 secs] 6912K->6484K(10176K), 0.0004288 secs] [Times: user=0.00 sys=0.00, real=0.00 secs] 
2019-01-02T11:12:28.415+0530: 816.318: [GC (Allocation Failure) 2019-01-02T11:12:28.415+0530: 816.319: [DefNew
Desired survivor size 32768 bytes, new threshold 15 (max 15)
- age   2:         24 bytes,         24 total
- age   5:        184 bytes,        208 total
- age  11:         16 bytes,        224 total
: 487K->0K(960K), 0.0004453 secs] 6971K->6971K(10176K), 0.0005302 secs] [Times: user=0.00 sys=0.00, real=0.00 secs] 
2019-01-02T11:12:28.417+0530: 816.321: [GC (Allocation Failure) 2019-01-02T11:12:28.418+0530: 816.322: [DefNew
Desired survivor size 32768 bytes, new threshold 15 (max 15)
- age   1:         24 bytes,         24 total
- age   6:         72 bytes,         96 total
- age  12:         16 bytes,        112 total
: 504K->0K(960K), 0.0005228 secs] 7476K->7458K(10176K), 0.0014231 secs] [Times: user=0.00 sys=0.00, real=0.00 secs] 
2019-01-02T11:12:28.471+0530: 816.374: [GC (Allocation Failure) 2019-01-02T11:12:28.471+0530: 816.374: [DefNew
Desired survivor size 32768 bytes, new threshold 15 (max 15)
- age   1:        248 bytes,        248 total
- age   7:         16 bytes,        264 total
- age  13:         16 bytes,        280 total
: 842K->0K(960K), 0.0007372 secs] 8300K->7530K(10176K), 0.0009265 secs] [Times: user=0.00 sys=0.00, real=0.00 secs] 
2019-01-02T11:12:28.473+0530: 816.377: [GC (Allocation Failure) 2019-01-02T11:12:28.473+0530: 816.377: [DefNew
Desired survivor size 32768 bytes, new threshold 15 (max 15)
- age   2:        184 bytes,        184 total
- age   8:         16 bytes,        200 total
- age  14:         16 bytes,        216 total
: 896K->0K(960K), 0.0011318 secs] 8426K->7818K(10176K), 0.0014083 secs] [Times: user=0.00 sys=0.00, real=0.00 secs] 
2019-01-02T11:12:28.476+0530: 816.380: [GC (Allocation Failure) 2019-01-02T11:12:28.476+0530: 816.380: [DefNew
Desired survivor size 32768 bytes, new threshold 15 (max 15)
- age   1:         40 bytes,         40 total
- age   3:        184 bytes,        224 total
- age   9:         16 bytes,        240 total
- age  15:         16 bytes,        256 total
: 896K->0K(960K), 0.0007429 secs] 8714K->8394K(10176K), 0.0010001 secs] [Times: user=0.00 sys=0.00, real=0.00 secs] 
2019-01-02T11:12:28.478+0530: 816.382: [GC (Allocation Failure) 2019-01-02T11:12:28.479+0530: 816.382: [DefNew
Desired survivor size 32768 bytes, new threshold 15 (max 15)
- age   1:         24 bytes,         24 total
- age   4:        184 bytes,        208 total
- age  10:         16 bytes,        224 total
: 428K->0K(960K), 0.0002623 secs] 8823K->8394K(10176K), 0.0003455 secs] [Times: user=0.00 sys=0.00, real=0.00 secs] 
2019-01-02T11:12:28.479+0530: 816.382: [GC (Allocation Failure) 2019-01-02T11:12:28.479+0530: 816.382: [DefNew
Desired survivor size 32768 bytes, new threshold 15 (max 15)
- age   2:         24 bytes,         24 total
- age   5:        184 bytes,        208 total
- age  11:         16 bytes,        224 total
: 487K->0K(960K), 0.0003478 secs] 8881K->8881K(10176K), 0.0004231 secs] [Times: user=0.00 sys=0.00, real=0.00 secs] 
2019-01-02T11:12:28.480+0530: 816.383: [GC (Allocation Failure) 2019-01-02T11:12:28.480+0530: 816.383: [DefNew: 505K->505K(960K), 0.0000331 secs]2019-01-02T11:12:28.480+0530: 816.383: [Tenured: 8881K->1242K(9216K), 0.0046286 secs] 9386K->1242K(10176K), [Metaspace: 2520K->2520K(1056768K)], 0.0049530 secs] [Times: user=0.02 sys=0.00, real=0.00 secs] 
2019-01-02T11:12:28.542+0530: 816.445: [GC (Allocation Failure) 2019-01-02T11:12:28.542+0530: 816.445: [DefNew
Desired survivor size 32768 bytes, new threshold 15 (max 15)
- age   1:        248 bytes,        248 total
: 842K->0K(960K), 0.0011352 secs] 2084K->1801K(10176K), 0.0014647 secs] [Times: user=0.00 sys=0.00, real=0.00 secs] 
2019-01-02T11:12:28.545+0530: 816.448: [GC (Allocation Failure) 2019-01-02T11:12:28.545+0530: 816.449: [DefNew
Desired survivor size 32768 bytes, new threshold 15 (max 15)
- age   1:         40 bytes,         40 total
- age   2:        184 bytes,        224 total
: 896K->0K(960K), 0.0005770 secs] 2697K->2089K(10176K), 0.0008769 secs] [Times: user=0.00 sys=0.00, real=0.00 secs] 
2019-01-02T11:12:28.548+0530: 816.451: [GC (Allocation Failure) 2019-01-02T11:12:28.548+0530: 816.451: [DefNew
Desired survivor size 32768 bytes, new threshold 15 (max 15)
- age   1:         40 bytes,         40 total
- age   3:        184 bytes,        224 total
: 896K->0K(960K), 0.0010383 secs] 2985K->2665K(10176K), 0.0011939 secs] [Times: user=0.00 sys=0.00, real=0.00 secs] 
2019-01-02T11:12:28.550+0530: 816.453: [GC (Allocation Failure) 2019-01-02T11:12:28.550+0530: 816.453: [DefNew
Desired survivor size 32768 bytes, new threshold 15 (max 15)
- age   1:         24 bytes,         24 total
- age   4:        184 bytes,        208 total
: 427K->0K(960K), 0.0002748 secs] 3092K->2665K(10176K), 0.0003609 secs] [Times: user=0.00 sys=0.00, real=0.00 secs] 
2019-01-02T11:12:28.551+0530: 816.454: [GC (Allocation Failure) 2019-01-02T11:12:28.551+0530: 816.454: [DefNew
Desired survivor size 32768 bytes, new threshold 15 (max 15)
- age   2:         24 bytes,         24 total
- age   5:        184 bytes,        208 total
: 487K->0K(960K), 0.0012156 secs] 3152K->3152K(10176K), 0.0013821 secs] [Times: user=0.00 sys=0.00, real=0.00 secs] 
2019-01-02T11:12:28.553+0530: 816.456: [GC (Allocation Failure) 2019-01-02T11:12:28.553+0530: 816.456: [DefNew
Desired survivor size 32768 bytes, new threshold 15 (max 15)
- age   1:         24 bytes,         24 total
- age   6:         72 bytes,         96 total
: 505K->0K(960K), 0.0003455 secs] 3657K->3639K(10176K), 0.0004299 secs] [Times: user=0.00 sys=0.00, real=0.00 secs] 
2019-01-02T11:12:28.607+0530: 816.510: [GC (Allocation Failure) 2019-01-02T11:12:28.607+0530: 816.511: [DefNew
Desired survivor size 32768 bytes, new threshold 15 (max 15)
- age   1:        248 bytes,        248 total
- age   7:         16 bytes,        264 total
: 842K->0K(960K), 0.0006061 secs] 4481K->3711K(10176K), 0.0008250 secs] [Times: user=0.00 sys=0.00, real=0.00 secs] 
2019-01-02T11:12:28.610+0530: 816.513: [GC (Allocation Failure) 2019-01-02T11:12:28.610+0530: 816.513: [DefNew
Desired survivor size 32768 bytes, new threshold 15 (max 15)
- age   2:        184 bytes,        184 total
- age   8:         16 bytes,        200 total
: 896K->0K(960K), 0.0007623 secs] 4607K->3999K(10176K), 0.0011449 secs] [Times: user=0.00 sys=0.00, real=0.00 secs] 
2019-01-02T11:12:28.613+0530: 816.516: [GC (Allocation Failure) 2019-01-02T11:12:28.613+0530: 816.516: [DefNew
Desired survivor size 32768 bytes, new threshold 15 (max 15)
- age   1:         40 bytes,         40 total
- age   3:        184 bytes,        224 total
- age   9:         16 bytes,        240 total
: 896K->0K(960K), 0.0011107 secs] 4895K->4575K(10176K), 0.0013957 secs] [Times: user=0.00 sys=0.00, real=0.00 secs] 
2019-01-02T11:12:28.616+0530: 816.519: [GC (Allocation Failure) 2019-01-02T11:12:28.616+0530: 816.519: [DefNew
Desired survivor size 32768 bytes, new threshold 15 (max 15)
- age   1:         24 bytes,         24 total
- age   4:        184 bytes,        208 total
- age  10:         16 bytes,        224 total
: 428K->0K(960K), 0.0002965 secs] 5003K->4575K(10176K), 0.0003871 secs] [Times: user=0.00 sys=0.00, real=0.00 secs] 
2019-01-02T11:12:28.616+0530: 816.520: [GC (Allocation Failure) 2019-01-02T11:12:28.616+0530: 816.520: [DefNew
Desired survivor size 32768 bytes, new threshold 15 (max 15)
- age   2:         24 bytes,         24 total
- age   5:        184 bytes,        208 total
- age  11:         16 bytes,        224 total
: 487K->0K(960K), 0.0003398 secs] 5062K->5062K(10176K), 0.0004122 secs] [Times: user=0.00 sys=0.00, real=0.00 secs] 
2019-01-02T11:12:28.617+0530: 816.521: [GC (Allocation Failure) 2019-01-02T11:12:28.617+0530: 816.521: [DefNew
Desired survivor size 32768 bytes, new threshold 15 (max 15)
- age   1:         24 bytes,         24 total
- age   6:         72 bytes,         96 total
- age  12:         16 bytes,        112 total
: 505K->0K(960K), 0.0003569 secs] 5567K->5549K(10176K), 0.0004339 secs] [Times: user=0.00 sys=0.00, real=0.00 secs] 
2019-01-02T11:12:28.671+0530: 816.575: [GC (Allocation Failure) 2019-01-02T11:12:28.672+0530: 816.575: [DefNew
Desired survivor size 32768 bytes, new threshold 15 (max 15)
- age   1:        248 bytes,        248 total
- age   7:         16 bytes,        264 total
- age  13:         16 bytes,        280 total
: 842K->0K(960K), 0.0011112 secs] 6392K->5621K(10176K), 0.0014870 secs] [Times: user=0.00 sys=0.00, real=0.00 secs] 
2019-01-02T11:12:28.675+0530: 816.578: [GC (Allocation Failure) 2019-01-02T11:12:28.675+0530: 816.578: [DefNew
Desired survivor size 32768 bytes, new threshold 15 (max 15)
- age   1:         40 bytes,         40 total
- age   2:        184 bytes,        224 total
- age   8:         16 bytes,        240 total
- age  14:         16 bytes,        256 total
: 896K->0K(960K), 0.0008056 secs] 6517K->5909K(10176K), 0.0009299 secs] [Times: user=0.00 sys=0.00, real=0.00 secs] 
2019-01-02T11:12:28.677+0530: 816.580: [GC (Allocation Failure) 2019-01-02T11:12:28.677+0530: 816.580: [DefNew
Desired survivor size 32768 bytes, new threshold 15 (max 15)
- age   1:         40 bytes,         40 total
- age   3:        184 bytes,        224 total
- age   9:         16 bytes,        240 total
- age  15:         16 bytes,        256 total
: 896K->0K(960K), 0.0012675 secs] 6805K->6485K(10176K), 0.0014653 secs] [Times: user=0.00 sys=0.00, real=0.00 secs] 
2019-01-02T11:12:28.680+0530: 816.583: [GC (Allocation Failure) 2019-01-02T11:12:28.680+0530: 816.583: [DefNew
Desired survivor size 32768 bytes, new threshold 15 (max 15)
- age   1:         24 bytes,         24 total
- age   4:        184 bytes,        208 total
- age  10:         16 bytes,        224 total
: 427K->0K(960K), 0.0004310 secs] 6913K->6485K(10176K), 0.0005291 secs] [Times: user=0.00 sys=0.00, real=0.00 secs] 
2019-01-02T11:12:28.681+0530: 816.584: [GC (Allocation Failure) 2019-01-02T11:12:28.681+0530: 816.584: [DefNew
Desired survivor size 32768 bytes, new threshold 15 (max 15)
- age   2:         24 bytes,         24 total
- age   5:        184 bytes,        208 total
- age  11:         16 bytes,        224 total
: 487K->0K(960K), 0.0003187 secs] 6972K->6972K(10176K), 0.0003888 secs] [Times: user=0.00 sys=0.00, real=0.00 secs] 
2019-01-02T11:12:28.681+0530: 816.585: [GC (Allocation Failure) 2019-01-02T11:12:28.681+0530: 816.585: [DefNew
Desired survivor size 32768 bytes, new threshold 15 (max 15)
- age   1:         24 bytes,         24 total
- age   6:         72 bytes,         96 total
- age  12:         16 bytes,        112 total
: 505K->0K(960K), 0.0003107 secs] 7477K->7459K(10176K), 0.0003820 secs] [Times: user=0.00 sys=0.00, real=0.00 secs] 
2019-01-02T11:12:28.737+0530: 816.641: [GC (Allocation Failure) 2019-01-02T11:12:28.737+0530: 816.641: [DefNew
Desired survivor size 32768 bytes, new threshold 15 (max 15)
- age   1:        248 bytes,        248 total
- age   7:         16 bytes,        264 total
- age  13:         16 bytes,        280 total
: 842K->0K(960K), 0.0007617 secs] 8301K->7531K(10176K), 0.0012139 secs] [Times: user=0.00 sys=0.00, real=0.00 secs] 
2019-01-02T11:12:28.740+0530: 816.644: [GC (Allocation Failure) 2019-01-02T11:12:28.741+0530: 816.644: [DefNew
Desired survivor size 32768 bytes, new threshold 15 (max 15)
- age   2:        184 bytes,        184 total
- age   8:         16 bytes,        200 total
- age  14:         16 bytes,        216 total
: 896K->0K(960K), 0.0007817 secs] 8427K->7819K(10176K), 0.0009299 secs] [Times: user=0.00 sys=0.00, real=0.00 secs] 
2019-01-02T11:12:28.743+0530: 816.646: [GC (Allocation Failure) 2019-01-02T11:12:28.743+0530: 816.646: [DefNew
Desired survivor size 32768 bytes, new threshold 15 (max 15)
- age   1:         40 bytes,         40 total
- age   3:        184 bytes,        224 total
- age   9:         16 bytes,        240 total
- age  15:         16 bytes,        256 total
: 896K->0K(960K), 0.0013199 secs] 8715K->8395K(10176K), 0.0015543 secs] [Times: user=0.00 sys=0.00, real=0.00 secs] 
2019-01-02T11:12:28.745+0530: 816.649: [GC (Allocation Failure) 2019-01-02T11:12:28.746+0530: 816.649: [DefNew
Desired survivor size 32768 bytes, new threshold 15 (max 15)
- age   1:         24 bytes,         24 total
- age   4:        184 bytes,        208 total
- age  10:         16 bytes,        224 total
: 428K->0K(960K), 0.0002708 secs] 8824K->8395K(10176K), 0.0003524 secs] [Times: user=0.00 sys=0.00, real=0.00 secs] 
2019-01-02T11:12:28.746+0530: 816.649: [GC (Allocation Failure) 2019-01-02T11:12:28.746+0530: 816.650: [DefNew
Desired survivor size 32768 bytes, new threshold 15 (max 15)
- age   2:         24 bytes,         24 total
- age   5:        184 bytes,        208 total
- age  11:         16 bytes,        224 total
: 487K->0K(960K), 0.0003495 secs] 8882K->8882K(10176K), 0.0004202 secs] [Times: user=0.00 sys=0.00, real=0.00 secs] 
2019-01-02T11:12:28.747+0530: 816.650: [GC (Allocation Failure) 2019-01-02T11:12:28.747+0530: 816.650: [DefNew: 505K->505K(960K), 0.0000296 secs]2019-01-02T11:12:28.747+0530: 816.650: [Tenured: 8882K->1242K(9216K), 0.0036650 secs] 9387K->1242K(10176K), [Metaspace: 2520K->2520K(1056768K)], 0.0038178 secs] [Times: user=0.02 sys=0.00, real=0.00 secs] 
2019-01-02T11:12:28.806+0530: 816.709: [GC (Allocation Failure) 2019-01-02T11:12:28.806+0530: 816.710: [DefNew
Desired survivor size 32768 bytes, new threshold 15 (max 15)
- age   1:        248 bytes,        248 total
: 842K->0K(960K), 0.0008894 secs] 2085K->1801K(10176K), 0.0011181 secs] [Times: user=0.00 sys=0.00, real=0.00 secs] 
2019-01-02T11:12:28.809+0530: 816.712: [GC (Allocation Failure) 2019-01-02T11:12:28.809+0530: 816.712: [DefNew
Desired survivor size 32768 bytes, new threshold 15 (max 15)
- age   1:         40 bytes,         40 total
- age   2:        184 bytes,        224 total
: 896K->0K(960K), 0.0010508 secs] 2697K->2089K(10176K), 0.0012697 secs] [Times: user=0.00 sys=0.00, real=0.00 secs] 
2019-01-02T11:12:28.812+0530: 816.715: [GC (Allocation Failure) 2019-01-02T11:12:28.812+0530: 816.715: [DefNew
Desired survivor size 32768 bytes, new threshold 15 (max 15)
- age   1:         40 bytes,         40 total
- age   3:        184 bytes,        224 total
: 896K->0K(960K), 0.0006665 secs] 2985K->2665K(10176K), 0.0008410 secs] [Times: user=0.00 sys=0.00, real=0.00 secs] 
2019-01-02 11:12:28 GC log file has reached the maximum size. Saved as E:/gitrepo/Learning-repo/java/gc.log.1
