2019-01-02 11:12:57 GC log file created E:/gitrepo/Learning-repo/java/gc.log.3
Java HotSpot(TM) 64-Bit Server VM (25.191-b12) for windows-amd64 JRE (1.8.0_191-b12), built on Oct  6 2018 09:29:03 by "java_re" with MS VC++ 10.0 (VS2010)
Memory: 4k page, physical 4066668k(994220k free), swap 8131460k(2722272k free)
CommandLine flags: -XX:CICompilerCount=3 -XX:GCLogFileSize=1048576 -XX:+HeapDumpOnOutOfMemoryError -XX:HeapDumpPath=E:/gitrepo/Learning-repo/java/heap_dump.hprof -XX:InitialHeapSize=10485760 -XX:MaxHeapSize=10485760 -XX:MaxNewSize=1048576 -XX:MinHeapDeltaBytes=196608 -XX:NewRatio=3 -XX:NewSize=1048576 -XX:NumberOfGCLogFiles=5 -XX:OldSize=9437184 -XX:+PrintGC -XX:+PrintGCDateStamps -XX:+PrintGCDetails -XX:+PrintGCTimeStamps -XX:+PrintTenuringDistribution -XX:SurvivorRatio=10 -XX:+UseCompressedClassPointers -XX:+UseCompressedOops -XX:+UseFastUnorderedTimeStamps -XX:+UseGCLogFileRotation -XX:-UseLargePagesIndividualAllocation -XX:+UseSerialGC 
2019-01-02T11:12:57.319+0530: 845.221: [GC (Allocation Failure) 2019-01-02T11:12:57.319+0530: 845.221: [DefNew
Desired survivor size 32768 bytes, new threshold 15 (max 15)
- age   1:         24 bytes,         24 total
- age   4:        184 bytes,        208 total
: 462K->0K(960K), 0.0005468 secs] 3152K->2690K(10176K), 0.0009978 secs] [Times: user=0.00 sys=0.00, real=0.00 secs] 
2019-01-02T11:12:57.320+0530: 845.223: [GC (Allocation Failure) 2019-01-02T11:12:57.321+0530: 845.223: [DefNew
Desired survivor size 32768 bytes, new threshold 15 (max 15)
- age   2:         24 bytes,         24 total
- age   5:        184 bytes,        208 total
: 496K->0K(960K), 0.0011608 secs] 3186K->3186K(10176K), 0.0012914 secs] [Times: user=0.00 sys=0.00, real=0.00 secs] 
2019-01-02T11:12:57.322+0530: 845.224: [GC (Allocation Failure) 2019-01-02T11:12:57.322+0530: 845.224: [DefNew
Desired survivor size 32768 bytes, new threshold 15 (max 15)
- age   1:         24 bytes,         24 total
- age   6:         72 bytes,         96 total
: 513K->0K(960K), 0.0003216 secs] 3699K->3682K(10176K), 0.0003826 secs] [Times: user=0.00 sys=0.00, real=0.00 secs] 
2019-01-02T11:12:57.377+0530: 845.280: [GC (Allocation Failure) 2019-01-02T11:12:57.377+0530: 845.280: [DefNew
Desired survivor size 32768 bytes, new threshold 15 (max 15)
- age   1:        248 bytes,        248 total
- age   7:         16 bytes,        264 total
: 867K->0K(960K), 0.0008912 secs] 4549K->3754K(10176K), 0.0011973 secs] [Times: user=0.00 sys=0.00, real=0.00 secs] 
2019-01-02T11:12:57.380+0530: 845.282: [GC (Allocation Failure) 2019-01-02T11:12:57.380+0530: 845.283: [DefNew
Desired survivor size 32768 bytes, new threshold 15 (max 15)
- age   1:         40 bytes,         40 total
- age   2:        184 bytes,        224 total
- age   8:         16 bytes,        240 total
: 896K->0K(960K), 0.0011831 secs] 4650K->4042K(10176K), 0.0014647 secs] [Times: user=0.00 sys=0.00, real=0.00 secs] 
2019-01-02T11:12:57.383+0530: 845.285: [GC (Allocation Failure) 2019-01-02T11:12:57.383+0530: 845.286: [DefNew
Desired survivor size 32768 bytes, new threshold 15 (max 15)
- age   3:        184 bytes,        184 total
- age   9:         16 bytes,        200 total
: 896K->0K(960K), 0.0006585 secs] 4938K->4618K(10176K), 0.0007971 secs] [Times: user=0.00 sys=0.00, real=0.00 secs] 
2019-01-02T11:12:57.386+0530: 845.288: [GC (Allocation Failure) 2019-01-02T11:12:57.386+0530: 845.288: [DefNew
Desired survivor size 32768 bytes, new threshold 15 (max 15)
- age   1:         24 bytes,         24 total
- age   4:        184 bytes,        208 total
- age  10:         16 bytes,        224 total
: 462K->0K(960K), 0.0004898 secs] 5080K->4618K(10176K), 0.0005895 secs] [Times: user=0.00 sys=0.00, real=0.00 secs] 
2019-01-02T11:12:57.387+0530: 845.289: [GC (Allocation Failure) 2019-01-02T11:12:57.387+0530: 845.289: [DefNew
Desired survivor size 32768 bytes, new threshold 15 (max 15)
- age   2:         24 bytes,         24 total
- age   5:        184 bytes,        208 total
- age  11:         16 bytes,        224 total
: 496K->0K(960K), 0.0006146 secs] 5114K->5114K(10176K), 0.0008176 secs] [Times: user=0.00 sys=0.00, real=0.00 secs] 
2019-01-02T11:12:57.389+0530: 845.291: [GC (Allocation Failure) 2019-01-02T11:12:57.389+0530: 845.291: [DefNew
Desired survivor size 32768 bytes, new threshold 15 (max 15)
- age   1:         24 bytes,         24 total
- age   6:         72 bytes,         96 total
- age  12:         16 bytes,        112 total
: 513K->0K(960K), 0.0003307 secs] 5628K->5610K(10176K), 0.0004191 secs] [Times: user=0.00 sys=0.00, real=0.00 secs] 
2019-01-02T11:12:57.443+0530: 845.345: [GC (Allocation Failure) 2019-01-02T11:12:57.443+0530: 845.345: [DefNew
Desired survivor size 32768 bytes, new threshold 15 (max 15)
- age   1:        248 bytes,        248 total
- age   7:         16 bytes,        264 total
- age  13:         16 bytes,        280 total
: 867K->0K(960K), 0.0008233 secs] 6477K->5682K(10176K), 0.0012640 secs] [Times: user=0.00 sys=0.00, real=0.00 secs] 
2019-01-02T11:12:57.446+0530: 845.348: [GC (Allocation Failure) 2019-01-02T11:12:57.446+0530: 845.348: [DefNew
Desired survivor size 32768 bytes, new threshold 15 (max 15)
- age   1:         40 bytes,         40 total
- age   2:        184 bytes,        224 total
- age   8:         16 bytes,        240 total
- age  14:         16 bytes,        256 total
: 896K->0K(960K), 0.0009807 secs] 6578K->5970K(10176K), 0.0011489 secs] [Times: user=0.00 sys=0.00, real=0.00 secs] 
2019-01-02T11:12:57.449+0530: 845.351: [GC (Allocation Failure) 2019-01-02T11:12:57.449+0530: 845.351: [DefNew
Desired survivor size 32768 bytes, new threshold 15 (max 15)
- age   3:        184 bytes,        184 total
- age   9:         16 bytes,        200 total
- age  15:         16 bytes,        216 total
: 896K->0K(960K), 0.0013085 secs] 6866K->6546K(10176K), 0.0016084 secs] [Times: user=0.00 sys=0.00, real=0.00 secs] 
2019-01-02T11:12:57.451+0530: 845.354: [GC (Allocation Failure) 2019-01-02T11:12:57.451+0530: 845.354: [DefNew
Desired survivor size 32768 bytes, new threshold 15 (max 15)
- age   1:         24 bytes,         24 total
- age   4:        184 bytes,        208 total
- age  10:         16 bytes,        224 total
: 462K->0K(960K), 0.0003963 secs] 7008K->6546K(10176K), 0.0005211 secs] [Times: user=0.00 sys=0.00, real=0.00 secs] 
2019-01-02T11:12:57.452+0530: 845.355: [GC (Allocation Failure) 2019-01-02T11:12:57.453+0530: 845.355: [DefNew
Desired survivor size 32768 bytes, new threshold 15 (max 15)
- age   2:         24 bytes,         24 total
- age   5:        184 bytes,        208 total
- age  11:         16 bytes,        224 total
: 496K->0K(960K), 0.0009647 secs] 7042K->7042K(10176K), 0.0010371 secs] [Times: user=0.02 sys=0.00, real=0.00 secs] 
2019-01-02T11:12:57.454+0530: 845.357: [GC (Allocation Failure) 2019-01-02T11:12:57.454+0530: 845.357: [DefNew
Desired survivor size 32768 bytes, new threshold 15 (max 15)
- age   1:         24 bytes,         24 total
- age   6:         72 bytes,         96 total
- age  12:         16 bytes,        112 total
: 513K->0K(960K), 0.0007572 secs] 7556K->7538K(10176K), 0.0008752 secs] [Times: user=0.00 sys=0.00, real=0.00 secs] 
2019-01-02T11:12:57.507+0530: 845.410: [GC (Allocation Failure) 2019-01-02T11:12:57.508+0530: 845.410: [DefNew
Desired survivor size 32768 bytes, new threshold 15 (max 15)
- age   1:        248 bytes,        248 total
- age   7:         16 bytes,        264 total
- age  13:         16 bytes,        280 total
: 867K->0K(960K), 0.0008404 secs] 8405K->7610K(10176K), 0.0011500 secs] [Times: user=0.00 sys=0.00, real=0.00 secs] 
2019-01-02T11:12:57.511+0530: 845.413: [GC (Allocation Failure) 2019-01-02T11:12:57.511+0530: 845.413: [DefNew
Desired survivor size 32768 bytes, new threshold 15 (max 15)
- age   1:         40 bytes,         40 total
- age   2:        184 bytes,        224 total
- age   8:         16 bytes,        240 total
- age  14:         16 bytes,        256 total
: 896K->0K(960K), 0.0010257 secs] 8506K->7898K(10176K), 0.0012743 secs] [Times: user=0.00 sys=0.00, real=0.00 secs] 
2019-01-02T11:12:57.514+0530: 845.416: [GC (Allocation Failure) 2019-01-02T11:12:57.514+0530: 845.416: [DefNew
Desired survivor size 32768 bytes, new threshold 15 (max 15)
- age   3:        184 bytes,        184 total
- age   9:         16 bytes,        200 total
- age  15:         16 bytes,        216 total
: 896K->0K(960K), 0.0010001 secs] 8794K->8474K(10176K), 0.0011466 secs] [Times: user=0.00 sys=0.00, real=0.00 secs] 
2019-01-02T11:12:57.516+0530: 845.418: [GC (Allocation Failure) 2019-01-02T11:12:57.516+0530: 845.418: [DefNew
Desired survivor size 32768 bytes, new threshold 15 (max 15)
- age   1:         24 bytes,         24 total
- age   4:        184 bytes,        208 total
- age  10:         16 bytes,        224 total
: 462K->0K(960K), 0.0002566 secs] 8936K->8474K(10176K), 0.0003375 secs] [Times: user=0.00 sys=0.00, real=0.00 secs] 
2019-01-02T11:12:57.517+0530: 845.419: [GC (Allocation Failure) 2019-01-02T11:12:57.517+0530: 845.419: [DefNew
Desired survivor size 32768 bytes, new threshold 15 (max 15)
- age   2:         24 bytes,         24 total
- age   5:        184 bytes,        208 total
- age  11:         16 bytes,        224 total
: 496K->0K(960K), 0.0003273 secs] 8970K->8970K(10176K), 0.0003974 secs] [Times: user=0.00 sys=0.00, real=0.00 secs] 
2019-01-02T11:12:57.518+0530: 845.420: [GC (Allocation Failure) 2019-01-02T11:12:57.518+0530: 845.420: [DefNew: 513K->513K(960K), 0.0000553 secs]2019-01-02T11:12:57.518+0530: 845.420: [Tenured: 8970K->1258K(9216K), 0.0059365 secs] 9484K->1258K(10176K), [Metaspace: 2520K->2520K(1056768K)], 0.0062256 secs] [Times: user=0.00 sys=0.00, real=0.01 secs] 
2019-01-02T11:12:57.577+0530: 845.479: [GC (Allocation Failure) 2019-01-02T11:12:57.577+0530: 845.479: [DefNew
Desired survivor size 32768 bytes, new threshold 15 (max 15)
- age   1:        248 bytes,        248 total
: 867K->0K(960K), 0.0013935 secs] 2125K->1826K(10176K), 0.0016460 secs] [Times: user=0.02 sys=0.00, real=0.00 secs] 
2019-01-02T11:12:57.580+0530: 845.483: [GC (Allocation Failure) 2019-01-02T11:12:57.580+0530: 845.483: [DefNew
Desired survivor size 32768 bytes, new threshold 15 (max 15)
- age   1:         40 bytes,         40 total
- age   2:        184 bytes,        224 total
: 896K->0K(960K), 0.0007281 secs] 2722K->2114K(10176K), 0.0009630 secs] [Times: user=0.00 sys=0.00, real=0.00 secs] 
2019-01-02T11:12:57.583+0530: 845.485: [GC (Allocation Failure) 2019-01-02T11:12:57.583+0530: 845.485: [DefNew
Desired survivor size 32768 bytes, new threshold 15 (max 15)
- age   3:        184 bytes,        184 total
: 896K->0K(960K), 0.0010462 secs] 3010K->2690K(10176K), 0.0011933 secs] [Times: user=0.00 sys=0.00, real=0.00 secs] 
2019-01-02T11:12:57.585+0530: 845.487: [GC (Allocation Failure) 2019-01-02T11:12:57.585+0530: 845.488: [DefNew
Desired survivor size 32768 bytes, new threshold 15 (max 15)
- age   1:         24 bytes,         24 total
- age   4:        184 bytes,        208 total
: 462K->0K(960K), 0.0002617 secs] 3152K->2690K(10176K), 0.0003432 secs] [Times: user=0.00 sys=0.00, real=0.00 secs] 
2019-01-02T11:12:57.586+0530: 845.488: [GC (Allocation Failure) 2019-01-02T11:12:57.586+0530: 845.488: [DefNew
Desired survivor size 32768 bytes, new threshold 15 (max 15)
- age   2:         24 bytes,         24 total
- age   5:        184 bytes,        208 total
: 496K->0K(960K), 0.0005764 secs] 3186K->3186K(10176K), 0.0006614 secs] [Times: user=0.00 sys=0.00, real=0.00 secs] 
2019-01-02T11:12:57.587+0530: 845.490: [GC (Allocation Failure) 2019-01-02T11:12:57.587+0530: 845.490: [DefNew
Desired survivor size 32768 bytes, new threshold 15 (max 15)
- age   1:         24 bytes,         24 total
- age   6:         72 bytes,         96 total
: 513K->0K(960K), 0.0006762 secs] 3700K->3682K(10176K), 0.0007709 secs] [Times: user=0.00 sys=0.00, real=0.00 secs] 
2019-01-02T11:12:57.656+0530: 845.559: [GC (Allocation Failure) 2019-01-02T11:12:57.657+0530: 845.559: [DefNew
Desired survivor size 32768 bytes, new threshold 15 (max 15)
- age   1:        248 bytes,        248 total
- age   7:         16 bytes,        264 total
: 867K->0K(960K), 0.0005787 secs] 4549K->3754K(10176K), 0.0007555 secs] [Times: user=0.00 sys=0.00, real=0.00 secs] 
2019-01-02T11:12:57.659+0530: 845.561: [GC (Allocation Failure) 2019-01-02T11:12:57.659+0530: 845.561: [DefNew
Desired survivor size 32768 bytes, new threshold 15 (max 15)
- age   1:         40 bytes,         40 total
- age   2:        184 bytes,        224 total
- age   8:         16 bytes,        240 total
: 896K->0K(960K), 0.0006888 secs] 4650K->4042K(10176K), 0.0009265 secs] [Times: user=0.00 sys=0.00, real=0.00 secs] 
2019-01-02T11:12:57.661+0530: 845.564: [GC (Allocation Failure) 2019-01-02T11:12:57.661+0530: 845.564: [DefNew
Desired survivor size 32768 bytes, new threshold 15 (max 15)
- age   3:        184 bytes,        184 total
- age   9:         16 bytes,        200 total
: 896K->0K(960K), 0.0013000 secs] 4938K->4618K(10176K), 0.0014676 secs] [Times: user=0.00 sys=0.00, real=0.00 secs] 
2019-01-02T11:12:57.664+0530: 845.566: [GC (Allocation Failure) 2019-01-02T11:12:57.664+0530: 845.566: [DefNew
Desired survivor size 32768 bytes, new threshold 15 (max 15)
- age   1:         24 bytes,         24 total
- age   4:        184 bytes,        208 total
- age  10:         16 bytes,        224 total
: 462K->0K(960K), 0.0002463 secs] 5080K->4618K(10176K), 0.0003028 secs] [Times: user=0.00 sys=0.00, real=0.00 secs] 
2019-01-02T11:12:57.664+0530: 845.567: [GC (Allocation Failure) 2019-01-02T11:12:57.664+0530: 845.567: [DefNew
Desired survivor size 32768 bytes, new threshold 15 (max 15)
- age   2:         24 bytes,         24 total
- age   5:        184 bytes,        208 total
- age  11:         16 bytes,        224 total
: 496K->0K(960K), 0.0003130 secs] 5114K->5114K(10176K), 0.0003660 secs] [Times: user=0.00 sys=0.00, real=0.00 secs] 
2019-01-02T11:12:57.665+0530: 845.567: [GC (Allocation Failure) 2019-01-02T11:12:57.665+0530: 845.567: [DefNew
Desired survivor size 32768 bytes, new threshold 15 (max 15)
- age   1:         24 bytes,         24 total
- age   6:         72 bytes,         96 total
- age  12:         16 bytes,        112 total
: 513K->0K(960K), 0.0003062 secs] 5628K->5611K(10176K), 0.0003581 secs] [Times: user=0.00 sys=0.00, real=0.00 secs] 
2019-01-02T11:12:57.721+0530: 845.623: [GC (Allocation Failure) 2019-01-02T11:12:57.721+0530: 845.623: [DefNew
Desired survivor size 32768 bytes, new threshold 15 (max 15)
- age   1:        248 bytes,        248 total
- age   7:         16 bytes,        264 total
- age  13:         16 bytes,        280 total
: 867K->0K(960K), 0.0013279 secs] 6478K->5683K(10176K), 0.0016711 secs] [Times: user=0.00 sys=0.00, real=0.00 secs] 
2019-01-02T11:12:57.725+0530: 845.628: [GC (Allocation Failure) 2019-01-02T11:12:57.726+0530: 845.628: [DefNew
Desired survivor size 32768 bytes, new threshold 15 (max 15)
- age   1:         40 bytes,         40 total
- age   2:        184 bytes,        224 total
- age   8:         16 bytes,        240 total
- age  14:         16 bytes,        256 total
: 896K->0K(960K), 0.0010548 secs] 6579K->5971K(10176K), 0.0013051 secs] [Times: user=0.00 sys=0.00, real=0.00 secs] 
2019-01-02T11:12:57.728+0530: 845.631: [GC (Allocation Failure) 2019-01-02T11:12:57.729+0530: 845.631: [DefNew
Desired survivor size 32768 bytes, new threshold 15 (max 15)
- age   3:        184 bytes,        184 total
- age   9:         16 bytes,        200 total
- age  15:         16 bytes,        216 total
: 896K->0K(960K), 0.0011397 secs] 6867K->6547K(10176K), 0.0013821 secs] [Times: user=0.00 sys=0.00, real=0.00 secs] 
2019-01-02T11:12:57.731+0530: 845.633: [GC (Allocation Failure) 2019-01-02T11:12:57.731+0530: 845.633: [DefNew
Desired survivor size 32768 bytes, new threshold 15 (max 15)
- age   1:         24 bytes,         24 total
- age   4:        184 bytes,        208 total
- age  10:         16 bytes,        224 total
: 462K->0K(960K), 0.0003478 secs] 7009K->6547K(10176K), 0.0004527 secs] [Times: user=0.00 sys=0.00, real=0.00 secs] 
2019-01-02T11:12:57.732+0530: 845.634: [GC (Allocation Failure) 2019-01-02T11:12:57.732+0530: 845.634: [DefNew
Desired survivor size 32768 bytes, new threshold 15 (max 15)
- age   2:         24 bytes,         24 total
- age   5:        184 bytes,        208 total
- age  11:         16 bytes,        224 total
: 496K->0K(960K), 0.0003495 secs] 7043K->7043K(10176K), 0.0005023 secs] [Times: user=0.00 sys=0.00, real=0.00 secs] 
2019-01-02T11:12:57.733+0530: 845.635: [GC (Allocation Failure) 2019-01-02T11:12:57.733+0530: 845.635: [DefNew
Desired survivor size 32768 bytes, new threshold 15 (max 15)
- age   1:         24 bytes,         24 total
- age   6:         72 bytes,         96 total
- age  12:         16 bytes,        112 total
: 514K->0K(960K), 0.0003085 secs] 7557K->7539K(10176K), 0.0003797 secs] [Times: user=0.00 sys=0.00, real=0.00 secs] 
2019-01-02T11:12:57.791+0530: 845.693: [GC (Allocation Failure) 2019-01-02T11:12:57.791+0530: 845.693: [DefNew
Desired survivor size 32768 bytes, new threshold 15 (max 15)
- age   1:        248 bytes,        248 total
- age   7:         16 bytes,        264 total
- age  13:         16 bytes,        280 total
: 867K->0K(960K), 0.0005804 secs] 8406K->7611K(10176K), 0.0009054 secs] [Times: user=0.00 sys=0.00, real=0.00 secs] 
2019-01-02T11:12:57.794+0530: 845.696: [GC (Allocation Failure) 2019-01-02T11:12:57.794+0530: 845.696: [DefNew
Desired survivor size 32768 bytes, new threshold 15 (max 15)
- age   1:         40 bytes,         40 total
- age   2:        184 bytes,        224 total
- age   8:         16 bytes,        240 total
- age  14:         16 bytes,        256 total
: 896K->0K(960K), 0.0006004 secs] 8507K->7899K(10176K), 0.0010314 secs] [Times: user=0.00 sys=0.00, real=0.00 secs] 
2019-01-02T11:12:57.796+0530: 845.699: [GC (Allocation Failure) 2019-01-02T11:12:57.796+0530: 845.699: [DefNew
Desired survivor size 32768 bytes, new threshold 15 (max 15)
- age   3:        184 bytes,        184 total
- age   9:         16 bytes,        200 total
- age  15:         16 bytes,        216 total
: 896K->0K(960K), 0.0013336 secs] 8795K->8475K(10176K), 0.0015651 secs] [Times: user=0.00 sys=0.00, real=0.00 secs] 
2019-01-02T11:12:57.799+0530: 845.701: [GC (Allocation Failure) 2019-01-02T11:12:57.799+0530: 845.701: [DefNew
Desired survivor size 32768 bytes, new threshold 15 (max 15)
- age   1:         24 bytes,         24 total
- age   4:        184 bytes,        208 total
- age  10:         16 bytes,        224 total
: 462K->0K(960K), 0.0002628 secs] 8937K->8475K(10176K), 0.0003381 secs] [Times: user=0.00 sys=0.00, real=0.00 secs] 
2019-01-02T11:12:57.800+0530: 845.702: [GC (Allocation Failure) 2019-01-02T11:12:57.800+0530: 845.702: [DefNew
Desired survivor size 32768 bytes, new threshold 15 (max 15)
- age   2:         24 bytes,         24 total
- age   5:        184 bytes,        208 total
- age  11:         16 bytes,        224 total
: 496K->0K(960K), 0.0003438 secs] 8971K->8971K(10176K), 0.0004242 secs] [Times: user=0.00 sys=0.00, real=0.00 secs] 
2019-01-02T11:12:57.800+0530: 845.703: [GC (Allocation Failure) 2019-01-02T11:12:57.800+0530: 845.703: [DefNew: 514K->514K(960K), 0.0000279 secs]2019-01-02T11:12:57.800+0530: 845.703: [Tenured: 8971K->1258K(9216K), 0.0047785 secs] 9485K->1258K(10176K), [Metaspace: 2520K->2520K(1056768K)], 0.0049427 secs] [Times: user=0.00 sys=0.00, real=0.01 secs] 
2019-01-02T11:12:57.859+0530: 845.761: [GC (Allocation Failure) 2019-01-02T11:12:57.859+0530: 845.761: [DefNew
Desired survivor size 32768 bytes, new threshold 15 (max 15)
- age   1:        248 bytes,        248 total
: 867K->0K(960K), 0.0010702 secs] 2125K->1826K(10176K), 0.0013564 secs] [Times: user=0.00 sys=0.00, real=0.00 secs] 
2019-01-02T11:12:57.862+0530: 845.764: [GC (Allocation Failure) 2019-01-02T11:12:57.862+0530: 845.764: [DefNew
Desired survivor size 32768 bytes, new threshold 15 (max 15)
- age   1:         40 bytes,         40 total
- age   2:        184 bytes,        224 total
: 896K->0K(960K), 0.0009527 secs] 2722K->2114K(10176K), 0.0011569 secs] [Times: user=0.00 sys=0.00, real=0.00 secs] 
2019-01-02T11:12:57.864+0530: 845.767: [GC (Allocation Failure) 2019-01-02T11:12:57.865+0530: 845.767: [DefNew
Desired survivor size 32768 bytes, new threshold 15 (max 15)
- age   3:        184 bytes,        184 total
: 896K->0K(960K), 0.0008609 secs] 3010K->2690K(10176K), 0.0010206 secs] [Times: user=0.00 sys=0.00, real=0.00 secs] 
2019-01-02T11:12:57.867+0530: 845.769: [GC (Allocation Failure) 2019-01-02T11:12:57.867+0530: 845.769: [DefNew
Desired survivor size 32768 bytes, new threshold 15 (max 15)
- age   1:         24 bytes,         24 total
- age   4:        184 bytes,        208 total
: 462K->0K(960K), 0.0002395 secs] 3152K->2690K(10176K), 0.0003090 secs] [Times: user=0.00 sys=0.00, real=0.00 secs] 
2019-01-02T11:12:57.867+0530: 845.770: [GC (Allocation Failure) 2019-01-02T11:12:57.867+0530: 845.770: [DefNew
Desired survivor size 32768 bytes, new threshold 15 (max 15)
- age   2:         24 bytes,         24 total
- age   5:        184 bytes,        208 total
: 496K->0K(960K), 0.0003096 secs] 3186K->3186K(10176K), 0.0003786 secs] [Times: user=0.00 sys=0.00, real=0.00 secs] 
2019-01-02T11:12:57.868+0530: 845.770: [GC (Allocation Failure) 2019-01-02T11:12:57.868+0530: 845.770: [DefNew
Desired survivor size 32768 bytes, new threshold 15 (max 15)
- age   1:         24 bytes,         24 total
- age   6:         72 bytes,         96 total
: 514K->0K(960K), 0.0003045 secs] 3700K->3683K(10176K), 0.0003752 secs] [Times: user=0.00 sys=0.00, real=0.00 secs] 
2019-01-02T11:12:57.922+0530: 845.825: [GC (Allocation Failure) 2019-01-02T11:12:57.923+0530: 845.825: [DefNew
Desired survivor size 32768 bytes, new threshold 15 (max 15)
- age   1:        248 bytes,        248 total
- age   7:         16 bytes,        264 total
: 867K->0K(960K), 0.0011289 secs] 4550K->3755K(10176K), 0.0016392 secs] [Times: user=0.00 sys=0.00, real=0.00 secs] 
2019-01-02T11:12:57.926+0530: 845.828: [GC (Allocation Failure) 2019-01-02T11:12:57.926+0530: 845.828: [DefNew
Desired survivor size 32768 bytes, new threshold 15 (max 15)
- age   1:         40 bytes,         40 total
- age   2:        184 bytes,        224 total
- age   8:         16 bytes,        240 total
: 896K->0K(960K), 0.0005981 secs] 4651K->4043K(10176K), 0.0007361 secs] [Times: user=0.00 sys=0.00, real=0.00 secs] 
2019-01-02T11:12:57.928+0530: 845.830: [GC (Allocation Failure) 2019-01-02T11:12:57.928+0530: 845.830: [DefNew
Desired survivor size 32768 bytes, new threshold 15 (max 15)
- age   3:        184 bytes,        184 total
- age   9:         16 bytes,        200 total
: 896K->0K(960K), 0.0010639 secs] 4939K->4619K(10176K), 0.0011956 secs] [Times: user=0.00 sys=0.00, real=0.00 secs] 
2019-01-02T11:12:57.931+0530: 845.833: [GC (Allocation Failure) 2019-01-02T11:12:57.931+0530: 845.833: [DefNew
Desired survivor size 32768 bytes, new threshold 15 (max 15)
- age   1:         24 bytes,         24 total
- age   4:        184 bytes,        208 total
- age  10:         16 bytes,        224 total
: 462K->0K(960K), 0.0002708 secs] 5081K->4619K(10176K), 0.0003649 secs] [Times: user=0.00 sys=0.00, real=0.00 secs] 
2019-01-02T11:12:57.931+0530: 845.834: [GC (Allocation Failure) 2019-01-02T11:12:57.931+0530: 845.834: [DefNew
Desired survivor size 32768 bytes, new threshold 15 (max 15)
- age   2:         24 bytes,         24 total
- age   5:        184 bytes,        208 total
- age  11:         16 bytes,        224 total
: 496K->0K(960K), 0.0003484 secs] 5115K->5115K(10176K), 0.0004213 secs] [Times: user=0.00 sys=0.00, real=0.00 secs] 
2019-01-02T11:12:57.932+0530: 845.835: [GC (Allocation Failure) 2019-01-02T11:12:57.932+0530: 845.835: [DefNew
Desired survivor size 32768 bytes, new threshold 15 (max 15)
- age   1:         24 bytes,         24 total
- age   6:         72 bytes,         96 total
- age  12:         16 bytes,        112 total
: 514K->0K(960K), 0.0003227 secs] 5629K->5611K(10176K), 0.0003928 secs] [Times: user=0.00 sys=0.00, real=0.00 secs] 
2019-01-02T11:12:57.989+0530: 845.892: [GC (Allocation Failure) 2019-01-02T11:12:57.990+0530: 845.892: [DefNew
Desired survivor size 32768 bytes, new threshold 15 (max 15)
- age   1:        248 bytes,        248 total
- age   7:         16 bytes,        264 total
- age  13:         16 bytes,        280 total
: 867K->0K(960K), 0.0015200 secs] 6478K->5683K(10176K), 0.0017532 secs] [Times: user=0.00 sys=0.00, real=0.00 secs] 
2019-01-02T11:12:57.993+0530: 845.895: [GC (Allocation Failure) 2019-01-02T11:12:57.993+0530: 845.895: [DefNew
Desired survivor size 32768 bytes, new threshold 15 (max 15)
- age   1:         40 bytes,         40 total
- age   2:        184 bytes,        224 total
- age   8:         16 bytes,        240 total
- age  14:         16 bytes,        256 total
: 896K->0K(960K), 0.0005730 secs] 6579K->5971K(10176K), 0.0007321 secs] [Times: user=0.00 sys=0.00, real=0.00 secs] 
2019-01-02T11:12:57.995+0530: 845.898: [GC (Allocation Failure) 2019-01-02T11:12:57.995+0530: 845.898: [DefNew
Desired survivor size 32768 bytes, new threshold 15 (max 15)
- age   3:        184 bytes,        184 total
- age   9:         16 bytes,        200 total
- age  15:         16 bytes,        216 total
: 896K->0K(960K), 0.0009237 secs] 6867K->6547K(10176K), 0.0012526 secs] [Times: user=0.00 sys=0.00, real=0.00 secs] 
2019-01-02T11:12:57.998+0530: 845.900: [GC (Allocation Failure) 2019-01-02T11:12:57.998+0530: 845.900: [DefNew
Desired survivor size 32768 bytes, new threshold 15 (max 15)
- age   1:         24 bytes,         24 total
- age   4:        184 bytes,        208 total
- age  10:         16 bytes,        224 total
: 462K->0K(960K), 0.0002646 secs] 7009K->6547K(10176K), 0.0003432 secs] [Times: user=0.00 sys=0.00, real=0.00 secs] 
2019-01-02T11:12:57.999+0530: 845.901: [GC (Allocation Failure) 2019-01-02T11:12:57.999+0530: 845.901: [DefNew
Desired survivor size 32768 bytes, new threshold 15 (max 15)
- age   2:         24 bytes,         24 total
- age   5:        184 bytes,        208 total
- age  11:         16 bytes,        224 total
: 496K->0K(960K), 0.0003449 secs] 7044K->7044K(10176K), 0.0004185 secs] [Times: user=0.02 sys=0.00, real=0.00 secs] 
2019-01-02T11:12:57.999+0530: 845.902: [GC (Allocation Failure) 2019-01-02T11:12:58.000+0530: 845.902: [DefNew
Desired survivor size 32768 bytes, new threshold 15 (max 15)
- age   1:         24 bytes,         24 total
- age   6:         72 bytes,         96 total
- age  12:         16 bytes,        112 total
: 514K->0K(960K), 0.0003717 secs] 7557K->7540K(10176K), 0.0004533 secs] [Times: user=0.00 sys=0.00, real=0.00 secs] 
2019-01-02T11:12:58.056+0530: 845.958: [GC (Allocation Failure) 2019-01-02T11:12:58.056+0530: 845.958: [DefNew
Desired survivor size 32768 bytes, new threshold 15 (max 15)
- age   1:        248 bytes,        248 total
- age   7:         16 bytes,        264 total
- age  13:         16 bytes,        280 total
: 867K->0K(960K), 0.0008900 secs] 8407K->7612K(10176K), 0.0012367 secs] [Times: user=0.00 sys=0.00, real=0.00 secs] 
2019-01-02T11:12:58.059+0530: 845.961: [GC (Allocation Failure) 2019-01-02T11:12:58.059+0530: 845.961: [DefNew
Desired survivor size 32768 bytes, new threshold 15 (max 15)
- age   1:         40 bytes,         40 total
- age   2:        184 bytes,        224 total
- age   8:         16 bytes,        240 total
- age  14:         16 bytes,        256 total
: 896K->0K(960K), 0.0006979 secs] 8508K->7900K(10176K), 0.0008222 secs] [Times: user=0.00 sys=0.00, real=0.00 secs] 
2019-01-02T11:12:58.061+0530: 845.963: [GC (Allocation Failure) 2019-01-02T11:12:58.062+0530: 845.964: [DefNew
Desired survivor size 32768 bytes, new threshold 15 (max 15)
- age   3:        184 bytes,        184 total
- age   9:         16 bytes,        200 total
- age  15:         16 bytes,        216 total
: 896K->0K(960K), 0.0008091 secs] 8796K->8476K(10176K), 0.0010645 secs] [Times: user=0.02 sys=0.00, real=0.00 secs] 
2019-01-02T11:12:58.064+0530: 845.966: [GC (Allocation Failure) 2019-01-02T11:12:58.064+0530: 845.966: [DefNew
Desired survivor size 32768 bytes, new threshold 15 (max 15)
- age   1:         24 bytes,         24 total
- age   4:        184 bytes,        208 total
- age  10:         16 bytes,        224 total
: 462K->0K(960K), 0.0002697 secs] 8938K->8476K(10176K), 0.0003558 secs] [Times: user=0.00 sys=0.00, real=0.00 secs] 
2019-01-02T11:12:58.065+0530: 845.967: [GC (Allocation Failure) 2019-01-02T11:12:58.065+0530: 845.967: [DefNew
Desired survivor size 32768 bytes, new threshold 15 (max 15)
- age   2:         24 bytes,         24 total
- age   5:        184 bytes,        208 total
- age  11:         16 bytes,        224 total
: 496K->0K(960K), 0.0003626 secs] 8972K->8972K(10176K), 0.0004339 secs] [Times: user=0.00 sys=0.00, real=0.00 secs] 
2019-01-02T11:12:58.066+0530: 845.967: [GC (Allocation Failure) 2019-01-02T11:12:58.066+0530: 845.968: [DefNew: 514K->514K(960K), 0.0000291 secs]2019-01-02T11:12:58.066+0530: 845.968: [Tenured: 8972K->1258K(9216K), 0.0036924 secs] 9486K->1258K(10176K), [Metaspace: 2520K->2520K(1056768K)], 0.0038429 secs] [Times: user=0.00 sys=0.00, real=0.00 secs] 
2019-01-02T11:12:58.134+0530: 846.036: [GC (Allocation Failure) 2019-01-02T11:12:58.134+0530: 846.036: [DefNew
Desired survivor size 32768 bytes, new threshold 15 (max 15)
- age   1:        248 bytes,        248 total
: 867K->0K(960K), 0.0009790 secs] 2125K->1826K(10176K), 0.0013136 secs] [Times: user=0.00 sys=0.00, real=0.00 secs] 
2019-01-02T11:12:58.137+0530: 846.039: [GC (Allocation Failure) 2019-01-02T11:12:58.137+0530: 846.039: [DefNew
Desired survivor size 32768 bytes, new threshold 15 (max 15)
- age   1:         40 bytes,         40 total
- age   2:        184 bytes,        224 total
: 896K->0K(960K), 0.0003244 secs] 2722K->2114K(10176K), 0.0004139 secs] [Times: user=0.00 sys=0.00, real=0.00 secs] 
2019-01-02T11:12:58.139+0530: 846.041: [GC (Allocation Failure) 2019-01-02T11:12:58.140+0530: 846.041: [DefNew
Desired survivor size 32768 bytes, new threshold 15 (max 15)
- age   3:        184 bytes,        184 total
: 896K->0K(960K), 0.0006066 secs] 3010K->2690K(10176K), 0.0007920 secs] [Times: user=0.02 sys=0.00, real=0.00 secs] 
2019-01-02T11:12:58.141+0530: 846.043: [GC (Allocation Failure) 2019-01-02T11:12:58.141+0530: 846.043: [DefNew
Desired survivor size 32768 bytes, new threshold 15 (max 15)
- age   1:         24 bytes,         24 total
- age   4:        184 bytes,        208 total
: 462K->0K(960K), 0.0003974 secs] 3152K->2690K(10176K), 0.0005542 secs] [Times: user=0.00 sys=0.00, real=0.00 secs] 
2019-01-02T11:12:58.143+0530: 846.044: [GC (Allocation Failure) 2019-01-02T11:12:58.143+0530: 846.045: [DefNew
Desired survivor size 32768 bytes, new threshold 15 (max 15)
- age   2:         24 bytes,         24 total
- age   5:        184 bytes,        208 total
: 496K->0K(960K), 0.0006910 secs] 3187K->3187K(10176K), 0.0008005 secs] [Times: user=0.00 sys=0.00, real=0.00 secs] 
2019-01-02T11:12:58.144+0530: 846.046: [GC (Allocation Failure) 2019-01-02T11:12:58.144+0530: 846.046: [DefNew
Desired survivor size 32768 bytes, new threshold 15 (max 15)
- age   1:         24 bytes,         24 total
- age   6:         72 bytes,         96 total
: 514K->0K(960K), 0.0006038 secs] 3701K->3683K(10176K), 0.0007041 secs] [Times: user=0.00 sys=0.00, real=0.00 secs] 
2019-01-02T11:12:58.204+0530: 846.106: [GC (Allocation Failure) 2019-01-02T11:12:58.205+0530: 846.107: [DefNew
Desired survivor size 32768 bytes, new threshold 15 (max 15)
- age   1:        248 bytes,        248 total
- age   7:         16 bytes,        264 total
: 867K->0K(960K), 0.0009898 secs] 4550K->3755K(10176K), 0.0012629 secs] [Times: user=0.00 sys=0.00, real=0.00 secs] 
2019-01-02T11:12:58.208+0530: 846.109: [GC (Allocation Failure) 2019-01-02T11:12:58.208+0530: 846.110: [DefNew
Desired survivor size 32768 bytes, new threshold 15 (max 15)
- age   1:         40 bytes,         40 total
- age   2:        184 bytes,        224 total
- age   8:         16 bytes,        240 total
: 896K->0K(960K), 0.0006853 secs] 4651K->4043K(10176K), 0.0008016 secs] [Times: user=0.00 sys=0.00, real=0.00 secs] 
2019-01-02T11:12:58.210+0530: 846.112: [GC (Allocation Failure) 2019-01-02T11:12:58.210+0530: 846.112: [DefNew
Desired survivor size 32768 bytes, new threshold 15 (max 15)
- age   3:        184 bytes,        184 total
- age   9:         16 bytes,        200 total
: 896K->0K(960K), 0.0007617 secs] 4939K->4619K(10176K), 0.0011643 secs] [Times: user=0.00 sys=0.00, real=0.00 secs] 
2019-01-02T11:12:58.212+0530: 846.114: [GC (Allocation Failure) 2019-01-02T11:12:58.212+0530: 846.114: [DefNew
Desired survivor size 32768 bytes, new threshold 15 (max 15)
- age   1:         24 bytes,         24 total
- age   4:        184 bytes,        208 total
- age  10:         16 bytes,        224 total
: 462K->0K(960K), 0.0002480 secs] 5081K->4619K(10176K), 0.0003199 secs] [Times: user=0.00 sys=0.00, real=0.00 secs] 
2019-01-02T11:12:58.213+0530: 846.115: [GC (Allocation Failure) 2019-01-02T11:12:58.213+0530: 846.115: [DefNew
Desired survivor size 32768 bytes, new threshold 15 (max 15)
- age   2:         24 bytes,         24 total
- age   5:        184 bytes,        208 total
- age  11:         16 bytes,        224 total
: 496K->0K(960K), 0.0003364 secs] 5115K->5115K(10176K), 0.0004054 secs] [Times: user=0.00 sys=0.00, real=0.00 secs] 
2019-01-02T11:12:58.214+0530: 846.115: [GC (Allocation Failure) 2019-01-02T11:12:58.214+0530: 846.116: [DefNew
Desired survivor size 32768 bytes, new threshold 15 (max 15)
- age   1:         24 bytes,         24 total
- age   6:         72 bytes,         96 total
- age  12:         16 bytes,        112 total
: 514K->0K(960K), 0.0003090 secs] 5629K->5612K(10176K), 0.0003797 secs] [Times: user=0.00 sys=0.00, real=0.00 secs] 
2019-01-02T11:12:58.271+0530: 846.173: [GC (Allocation Failure) 2019-01-02T11:12:58.272+0530: 846.174: [DefNew
Desired survivor size 32768 bytes, new threshold 15 (max 15)
- age   1:        248 bytes,        248 total
- age   7:         16 bytes,        264 total
- age  13:         16 bytes,        280 total
: 867K->0K(960K), 0.0011768 secs] 6479K->5684K(10176K), 0.0016632 secs] [Times: user=0.00 sys=0.00, real=0.00 secs] 
2019-01-02T11:12:58.275+0530: 846.177: [GC (Allocation Failure) 2019-01-02T11:12:58.275+0530: 846.177: [DefNew
Desired survivor size 32768 bytes, new threshold 15 (max 15)
- age   1:         40 bytes,         40 total
- age   2:        184 bytes,        224 total
- age   8:         16 bytes,        240 total
- age  14:         16 bytes,        256 total
: 896K->0K(960K), 0.0008091 secs] 6580K->5972K(10176K), 0.0010206 secs] [Times: user=0.00 sys=0.00, real=0.00 secs] 
2019-01-02T11:12:58.278+0530: 846.180: [GC (Allocation Failure) 2019-01-02T11:12:58.278+0530: 846.180: [DefNew
Desired survivor size 32768 bytes, new threshold 15 (max 15)
- age   3:        184 bytes,        184 total
- age   9:         16 bytes,        200 total
- age  15:         16 bytes,        216 total
: 896K->0K(960K), 0.0006905 secs] 6868K->6548K(10176K), 0.0008433 secs] [Times: user=0.00 sys=0.00, real=0.00 secs] 
2019-01-02T11:12:58.280+0530: 846.182: [GC (Allocation Failure) 2019-01-02T11:12:58.280+0530: 846.182: [DefNew
Desired survivor size 32768 bytes, new threshold 15 (max 15)
- age   1:         24 bytes,         24 total
- age   4:        184 bytes,        208 total
- age  10:         16 bytes,        224 total
: 462K->0K(960K), 0.0006426 secs] 7010K->6548K(10176K), 0.0007629 secs] [Times: user=0.02 sys=0.00, real=0.00 secs] 
2019-01-02T11:12:58.281+0530: 846.183: [GC (Allocation Failure) 2019-01-02T11:12:58.281+0530: 846.183: [DefNew
Desired survivor size 32768 bytes, new threshold 15 (max 15)
- age   2:         24 bytes,         24 total
- age   5:        184 bytes,        208 total
- age  11:         16 bytes,        224 total
: 496K->0K(960K), 0.0003552 secs] 7044K->7044K(10176K), 0.0004293 secs] [Times: user=0.00 sys=0.00, real=0.00 secs] 
2019-01-02T11:12:58.282+0530: 846.184: [GC (Allocation Failure) 2019-01-02T11:12:58.282+0530: 846.184: [DefNew
Desired survivor size 32768 bytes, new threshold 15 (max 15)
- age   1:         24 bytes,         24 total
- age   6:         72 bytes,         96 total
- age  12:         16 bytes,        112 total
: 514K->0K(960K), 0.0003221 secs] 7558K->7540K(10176K), 0.0003980 secs] [Times: user=0.00 sys=0.00, real=0.00 secs] 
2019-01-02T11:12:58.342+0530: 846.244: [GC (Allocation Failure) 2019-01-02T11:12:58.343+0530: 846.244: [DefNew
Desired survivor size 32768 bytes, new threshold 15 (max 15)
- age   1:        248 bytes,        248 total
- age   7:         16 bytes,        264 total
- age  13:         16 bytes,        280 total
: 867K->0K(960K), 0.0009465 secs] 8408K->7613K(10176K), 0.0012766 secs] [Times: user=0.00 sys=0.02, real=0.00 secs] 
2019-01-02T11:12:58.345+0530: 846.247: [GC (Allocation Failure) 2019-01-02T11:12:58.345+0530: 846.247: [DefNew
Desired survivor size 32768 bytes, new threshold 15 (max 15)
- age   1:         40 bytes,         40 total
- age   2:        184 bytes,        224 total
- age   8:         16 bytes,        240 total
- age  14:         16 bytes,        256 total
: 896K->0K(960K), 0.0008855 secs] 8509K->7901K(10176K), 0.0010194 secs] [Times: user=0.00 sys=0.00, real=0.00 secs] 
2019-01-02T11:12:58.348+0530: 846.250: [GC (Allocation Failure) 2019-01-02T11:12:58.348+0530: 846.250: [DefNew
Desired survivor size 32768 bytes, new threshold 15 (max 15)
- age   3:        184 bytes,        184 total
- age   9:         16 bytes,        200 total
- age  15:         16 bytes,        216 total
: 896K->0K(960K), 0.0004191 secs] 8797K->8477K(10176K), 0.0005160 secs] [Times: user=0.00 sys=0.00, real=0.00 secs] 
2019-01-02T11:12:58.349+0530: 846.251: [GC (Allocation Failure) 2019-01-02T11:12:58.349+0530: 846.251: [DefNew
Desired survivor size 32768 bytes, new threshold 15 (max 15)
- age   1:         24 bytes,         24 total
- age   4:        184 bytes,        208 total
- age  10:         16 bytes,        224 total
: 462K->0K(960K), 0.0002514 secs] 8939K->8477K(10176K), 0.0003227 secs] [Times: user=0.00 sys=0.00, real=0.00 secs] 
2019-01-02T11:12:58.350+0530: 846.252: [GC (Allocation Failure) 2019-01-02T11:12:58.350+0530: 846.252: [DefNew
Desired survivor size 32768 bytes, new threshold 15 (max 15)
- age   2:         24 bytes,         24 total
- age   5:        184 bytes,        208 total
- age  11:         16 bytes,        224 total
: 496K->0K(960K), 0.0003244 secs] 8973K->8973K(10176K), 0.0003946 secs] [Times: user=0.00 sys=0.00, real=0.00 secs] 
2019-01-02T11:12:58.351+0530: 846.253: [GC (Allocation Failure) 2019-01-02T11:12:58.351+0530: 846.253: [DefNew: 514K->514K(960K), 0.0000279 secs]2019-01-02T11:12:58.351+0530: 846.253: [Tenured: 8973K->1258K(9216K), 0.0036439 secs] 9487K->1258K(10176K), [Metaspace: 2520K->2520K(1056768K)], 0.0038184 secs] [Times: user=0.00 sys=0.00, real=0.00 secs] 
2019-01-02T11:12:58.409+0530: 846.311: [GC (Allocation Failure) 2019-01-02T11:12:58.410+0530: 846.312: [DefNew
Desired survivor size 32768 bytes, new threshold 15 (max 15)
- age   1:        248 bytes,        248 total
: 867K->0K(960K), 0.0009413 secs] 2125K->1827K(10176K), 0.0012025 secs] [Times: user=0.00 sys=0.00, real=0.00 secs] 
2019-01-02T11:12:58.412+0530: 846.314: [GC (Allocation Failure) 2019-01-02T11:12:58.412+0530: 846.314: [DefNew
Desired survivor size 32768 bytes, new threshold 15 (max 15)
- age   1:         40 bytes,         40 total
- age   2:        184 bytes,        224 total
: 896K->0K(960K), 0.0004989 secs] 2723K->2115K(10176K), 0.0006232 secs] [Times: user=0.00 sys=0.00, real=0.00 secs] 
2019-01-02T11:12:58.414+0530: 846.316: [GC (Allocation Failure) 2019-01-02T11:12:58.414+0530: 846.316: [DefNew
Desired survivor size 32768 bytes, new threshold 15 (max 15)
- age   3:        184 bytes,        184 total
: 896K->0K(960K), 0.0010023 secs] 3011K->2691K(10176K), 0.0011586 secs] [Times: user=0.00 sys=0.00, real=0.00 secs] 
2019-01-02T11:12:58.417+0530: 846.318: [GC (Allocation Failure) 2019-01-02T11:12:58.417+0530: 846.319: [DefNew
Desired survivor size 32768 bytes, new threshold 15 (max 15)
- age   1:         24 bytes,         24 total
- age   4:        184 bytes,        208 total
: 462K->0K(960K), 0.0002999 secs] 3153K->2691K(10176K), 0.0004196 secs] [Times: user=0.00 sys=0.00, real=0.00 secs] 
2019-01-02T11:12:58.417+0530: 846.319: [GC (Allocation Failure) 2019-01-02T11:12:58.417+0530: 846.319: [DefNew
Desired survivor size 32768 bytes, new threshold 15 (max 15)
- age   2:         24 bytes,         24 total
- age   5:        184 bytes,        208 total
: 496K->0K(960K), 0.0003267 secs] 3187K->3187K(10176K), 0.0003985 secs] [Times: user=0.00 sys=0.00, real=0.00 secs] 
2019-01-02T11:12:58.418+0530: 846.320: [GC (Allocation Failure) 2019-01-02T11:12:58.418+0530: 846.320: [DefNew
Desired survivor size 32768 bytes, new threshold 15 (max 15)
- age   1:         24 bytes,         24 total
- age   6:         72 bytes,         96 total
: 514K->0K(960K), 0.0003005 secs] 3701K->3683K(10176K), 0.0003700 secs] [Times: user=0.00 sys=0.00, real=0.00 secs] 
2019-01-02T11:12:58.477+0530: 846.379: [GC (Allocation Failure) 2019-01-02T11:12:58.477+0530: 846.379: [DefNew
Desired survivor size 32768 bytes, new threshold 15 (max 15)
- age   1:        248 bytes,        248 total
- age   7:         16 bytes,        264 total
: 867K->0K(960K), 0.0006203 secs] 4551K->3756K(10176K), 0.0008199 secs] [Times: user=0.00 sys=0.00, real=0.00 secs] 
2019-01-02T11:12:58.479+0530: 846.381: [GC (Allocation Failure) 2019-01-02T11:12:58.479+0530: 846.381: [DefNew
Desired survivor size 32768 bytes, new threshold 15 (max 15)
- age   1:         40 bytes,         40 total
- age   2:        184 bytes,        224 total
- age   8:         16 bytes,        240 total
: 896K->0K(960K), 0.0010753 secs] 4652K->4044K(10176K), 0.0013068 secs] [Times: user=0.00 sys=0.00, real=0.00 secs] 
2019-01-02T11:12:58.482+0530: 846.384: [GC (Allocation Failure) 2019-01-02T11:12:58.482+0530: 846.384: [DefNew
Desired survivor size 32768 bytes, new threshold 15 (max 15)
- age   3:        184 bytes,        184 total
- age   9:         16 bytes,        200 total
: 896K->0K(960K), 0.0008427 secs] 4940K->4620K(10176K), 0.0011090 secs] [Times: user=0.00 sys=0.00, real=0.00 secs] 
2019-01-02T11:12:58.484+0530: 846.386: [GC (Allocation Failure) 2019-01-02T11:12:58.484+0530: 846.386: [DefNew
Desired survivor size 32768 bytes, new threshold 15 (max 15)
- age   1:         24 bytes,         24 total
- age   4:        184 bytes,        208 total
- age  10:         16 bytes,        224 total
: 462K->0K(960K), 0.0002446 secs] 5082K->4620K(10176K), 0.0003164 secs] [Times: user=0.00 sys=0.00, real=0.00 secs] 
2019-01-02T11:12:58.485+0530: 846.387: [GC (Allocation Failure) 2019-01-02T11:12:58.485+0530: 846.387: [DefNew
Desired survivor size 32768 bytes, new threshold 15 (max 15)
- age   2:         24 bytes,         24 total
- age   5:        184 bytes,        208 total
- age  11:         16 bytes,        224 total
: 496K->0K(960K), 0.0003330 secs] 5116K->5116K(10176K), 0.0004037 secs] [Times: user=0.00 sys=0.00, real=0.00 secs] 
2019-01-02T11:12:58.486+0530: 846.388: [GC (Allocation Failure) 2019-01-02T11:12:58.486+0530: 846.388: [DefNew
Desired survivor size 32768 bytes, new threshold 15 (max 15)
- age   1:         24 bytes,         24 total
- age   6:         72 bytes,         96 total
- age  12:         16 bytes,        112 total
: 514K->0K(960K), 0.0003073 secs] 5630K->5612K(10176K), 0.0003820 secs] [Times: user=0.00 sys=0.00, real=0.00 secs] 
2019-01-02T11:12:58.543+0530: 846.445: [GC (Allocation Failure) 2019-01-02T11:12:58.543+0530: 846.445: [DefNew
Desired survivor size 32768 bytes, new threshold 15 (max 15)
- age   1:        248 bytes,        248 total
- age   7:         16 bytes,        264 total
- age  13:         16 bytes,        280 total
: 867K->0K(960K), 0.0003900 secs] 6480K->5684K(10176K), 0.0005844 secs] [Times: user=0.00 sys=0.00, real=0.00 secs] 
2019-01-02T11:12:58.545+0530: 846.447: [GC (Allocation Failure) 2019-01-02T11:12:58.545+0530: 846.447: [DefNew
Desired survivor size 32768 bytes, new threshold 15 (max 15)
- age   1:         40 bytes,         40 total
- age   2:        184 bytes,        224 total
- age   8:         16 bytes,        240 total
- age  14:         16 bytes,        256 total
: 896K->0K(960K), 0.0006506 secs] 6580K->5972K(10176K), 0.0008051 secs] [Times: user=0.01 sys=0.00, real=0.00 secs] 
2019-01-02T11:12:58.547+0530: 846.449: [GC (Allocation Failure) 2019-01-02T11:12:58.547+0530: 846.449: [DefNew
Desired survivor size 32768 bytes, new threshold 15 (max 15)
- age   3:        184 bytes,        184 total
- age   9:         16 bytes,        200 total
- age  15:         16 bytes,        216 total
: 896K->0K(960K), 0.0006682 secs] 6868K->6548K(10176K), 0.0009316 secs] [Times: user=0.00 sys=0.00, real=0.00 secs] 
2019-01-02T11:12:58.550+0530: 846.452: [GC (Allocation Failure) 2019-01-02T11:12:58.550+0530: 846.452: [DefNew
Desired survivor size 32768 bytes, new threshold 15 (max 15)
- age   1:         24 bytes,         24 total
- age   4:        184 bytes,        208 total
- age  10:         16 bytes,        224 total
: 462K->0K(960K), 0.0011705 secs] 7010K->6548K(10176K), 0.0013353 secs] [Times: user=0.00 sys=0.00, real=0.00 secs] 
2019-01-02T11:12:58.551+0530: 846.453: [GC (Allocation Failure) 2019-01-02T11:12:58.551+0530: 846.453: [DefNew
Desired survivor size 32768 bytes, new threshold 15 (max 15)
- age   2:         24 bytes,         24 total
- age   5:        184 bytes,        208 total
- age  11:         16 bytes,        224 total
: 496K->0K(960K), 0.0003398 secs] 7045K->7045K(10176K), 0.0004139 secs] [Times: user=0.00 sys=0.00, real=0.00 secs] 
2019-01-02T11:12:58.552+0530: 846.454: [GC (Allocation Failure) 2019-01-02T11:12:58.552+0530: 846.454: [DefNew
Desired survivor size 32768 bytes, new threshold 15 (max 15)
- age   1:         24 bytes,         24 total
- age   6:         72 bytes,         96 total
- age  12:         16 bytes,        112 total
: 514K->0K(960K), 0.0003107 secs] 7559K->7541K(10176K), 0.0003826 secs] [Times: user=0.00 sys=0.00, real=0.00 secs] 
2019-01-02T11:12:58.607+0530: 846.509: [GC (Allocation Failure) 2019-01-02T11:12:58.607+0530: 846.509: [DefNew
Desired survivor size 32768 bytes, new threshold 15 (max 15)
- age   1:        248 bytes,        248 total
- age   7:         16 bytes,        264 total
- age  13:         16 bytes,        280 total
: 867K->0K(960K), 0.0012395 secs] 8409K->7613K(10176K), 0.0016888 secs] [Times: user=0.02 sys=0.00, real=0.00 secs] 
2019-01-02T11:12:58.610+0530: 846.512: [GC (Allocation Failure) 2019-01-02T11:12:58.611+0530: 846.513: [DefNew
Desired survivor size 32768 bytes, new threshold 15 (max 15)
- age   1:         40 bytes,         40 total
- age   2:        184 bytes,        224 total
- age   8:         16 bytes,        240 total
- age  14:         16 bytes,        256 total
: 896K->0K(960K), 0.0007230 secs] 8509K->7901K(10176K), 0.0015868 secs] [Times: user=0.00 sys=0.00, real=0.00 secs] 
2019-01-02T11:12:58.613+0530: 846.515: [GC (Allocation Failure) 2019-01-02T11:12:58.613+0530: 846.515: [DefNew
Desired survivor size 32768 bytes, new threshold 15 (max 15)
- age   3:        184 bytes,        184 total
- age   9:         16 bytes,        200 total
- age  15:         16 bytes,        216 total
: 896K->0K(960K), 0.0010012 secs] 8797K->8477K(10176K), 0.0011107 secs] [Times: user=0.00 sys=0.00, real=0.00 secs] 
2019-01-02T11:12:58.616+0530: 846.518: [GC (Allocation Failure) 2019-01-02T11:12:58.616+0530: 846.518: [DefNew
Desired survivor size 32768 bytes, new threshold 15 (max 15)
- age   1:         24 bytes,         24 total
- age   4:        184 bytes,        208 total
- age  10:         16 bytes,        224 total
: 462K->0K(960K), 0.0003130 secs] 8939K->8477K(10176K), 0.0004613 secs] [Times: user=0.00 sys=0.00, real=0.00 secs] 
2019-01-02T11:12:58.617+0530: 846.519: [GC (Allocation Failure) 2019-01-02T11:12:58.617+0530: 846.519: [DefNew
Desired survivor size 32768 bytes, new threshold 15 (max 15)
- age   2:         24 bytes,         24 total
- age   5:        184 bytes,        208 total
- age  11:         16 bytes,        224 total
: 496K->0K(960K), 0.0003404 secs] 8974K->8974K(10176K), 0.0004128 secs] [Times: user=0.00 sys=0.00, real=0.00 secs] 
2019-01-02T11:12:58.618+0530: 846.520: [GC (Allocation Failure) 2019-01-02T11:12:58.618+0530: 846.520: [DefNew: 514K->514K(960K), 0.0000274 secs]2019-01-02T11:12:58.618+0530: 846.520: [Tenured: 8974K->1258K(9216K), 0.0036450 secs] 9488K->1258K(10176K), [Metaspace: 2520K->2520K(1056768K)], 0.0037950 secs] [Times: user=0.00 sys=0.00, real=0.00 secs] 
2019-01-02T11:12:58.682+0530: 846.584: [GC (Allocation Failure) 2019-01-02T11:12:58.682+0530: 846.584: [DefNew
Desired survivor size 32768 bytes, new threshold 15 (max 15)
- age   1:        248 bytes,        248 total
: 867K->0K(960K), 0.0009698 secs] 2126K->1827K(10176K), 0.0012395 secs] [Times: user=0.00 sys=0.00, real=0.00 secs] 
2019-01-02T11:12:58.685+0530: 846.587: [GC (Allocation Failure) 2019-01-02T11:12:58.685+0530: 846.587: [DefNew
Desired survivor size 32768 bytes, new threshold 15 (max 15)
- age   1:         40 bytes,         40 total
- age   2:        184 bytes,        224 total
: 896K->0K(960K), 0.0008370 secs] 2723K->2115K(10176K), 0.0009590 secs] [Times: user=0.00 sys=0.00, real=0.00 secs] 
2019-01-02T11:12:58.687+0530: 846.589: [GC (Allocation Failure) 2019-01-02T11:12:58.688+0530: 846.590: [DefNew
Desired survivor size 32768 bytes, new threshold 15 (max 15)
- age   3:        184 bytes,        184 total
: 896K->0K(960K), 0.0004231 secs] 3011K->2691K(10176K), 0.0005325 secs] [Times: user=0.00 sys=0.00, real=0.00 secs] 
2019-01-02T11:12:58.689+0530: 846.591: [GC (Allocation Failure) 2019-01-02T11:12:58.689+0530: 846.591: [DefNew
Desired survivor size 32768 bytes, new threshold 15 (max 15)
- age   1:         24 bytes,         24 total
- age   4:        184 bytes,        208 total
: 462K->0K(960K), 0.0002446 secs] 3153K->2691K(10176K), 0.0003267 secs] [Times: user=0.00 sys=0.00, real=0.00 secs] 
2019-01-02T11:12:58.690+0530: 846.592: [GC (Allocation Failure) 2019-01-02T11:12:58.690+0530: 846.592: [DefNew
Desired survivor size 32768 bytes, new threshold 15 (max 15)
- age   2:         24 bytes,         24 total
- age   5:        184 bytes,        208 total
: 496K->0K(960K), 0.0003586 secs] 3187K->3187K(10176K), 0.0004424 secs] [Times: user=0.00 sys=0.00, real=0.00 secs] 
2019-01-02T11:12:58.691+0530: 846.593: [GC (Allocation Failure) 2019-01-02T11:12:58.691+0530: 846.593: [DefNew
Desired survivor size 32768 bytes, new threshold 15 (max 15)
- age   1:         24 bytes,         24 total
- age   6:         72 bytes,         96 total
: 514K->0K(960K), 0.0003147 secs] 3701K->3684K(10176K), 0.0003888 secs] [Times: user=0.00 sys=0.00, real=0.00 secs] 
2019-01-02T11:12:58.749+0530: 846.651: [GC (Allocation Failure) 2019-01-02T11:12:58.749+0530: 846.651: [DefNew
Desired survivor size 32768 bytes, new threshold 15 (max 15)
- age   1:        248 bytes,        248 total
- age   7:         16 bytes,        264 total
: 867K->0K(960K), 0.0010251 secs] 4551K->3756K(10176K), 0.0014026 secs] [Times: user=0.00 sys=0.00, real=0.00 secs] 
2019-01-02T11:12:58.752+0530: 846.654: [GC (Allocation Failure) 2019-01-02T11:12:58.752+0530: 846.654: [DefNew
Desired survivor size 32768 bytes, new threshold 15 (max 15)
- age   1:         40 bytes,         40 total
- age   2:        184 bytes,        224 total
- age   8:         16 bytes,        240 total
: 896K->0K(960K), 0.0011973 secs] 4652K->4044K(10176K), 0.0013729 secs] [Times: user=0.00 sys=0.00, real=0.00 secs] 
2019-01-02T11:12:58.755+0530: 846.657: [GC (Allocation Failure) 2019-01-02T11:12:58.755+0530: 846.657: [DefNew
Desired survivor size 32768 bytes, new threshold 15 (max 15)
- age   3:        184 bytes,        184 total
- age   9:         16 bytes,        200 total
: 896K->0K(960K), 0.0006306 secs] 4940K->4620K(10176K), 0.0007817 secs] [Times: user=0.00 sys=0.00, real=0.00 secs] 
2019-01-02T11:12:58.757+0530: 846.659: [GC (Allocation Failure) 2019-01-02T11:12:58.757+0530: 846.659: [DefNew
Desired survivor size 32768 bytes, new threshold 15 (max 15)
- age   1:         24 bytes,         24 total
- age   4:        184 bytes,        208 total
- age  10:         16 bytes,        224 total
: 462K->0K(960K), 0.0002543 secs] 5082K->4620K(10176K), 0.0003375 secs] [Times: user=0.00 sys=0.00, real=0.00 secs] 
2019-01-02T11:12:58.757+0530: 846.659: [GC (Allocation Failure) 2019-01-02T11:12:58.757+0530: 846.659: [DefNew
Desired survivor size 32768 bytes, new threshold 15 (max 15)
- age   2:         24 bytes,         24 total
- age   5:        184 bytes,        208 total
- age  11:         16 bytes,        224 total
: 496K->0K(960K), 0.0003410 secs] 5116K->5116K(10176K), 0.0004134 secs] [Times: user=0.00 sys=0.00, real=0.00 secs] 
2019-01-02T11:12:58.758+0530: 846.660: [GC (Allocation Failure) 2019-01-02T11:12:58.758+0530: 846.660: [DefNew
Desired survivor size 32768 bytes, new threshold 15 (max 15)
- age   1:         24 bytes,         24 total
- age   6:         72 bytes,         96 total
- age  12:         16 bytes,        112 total
: 514K->0K(960K), 0.0004299 secs] 5631K->5613K(10176K), 0.0005302 secs] [Times: user=0.00 sys=0.00, real=0.00 secs] 
2019-01-02T11:12:58.814+0530: 846.716: [GC (Allocation Failure) 2019-01-02T11:12:58.814+0530: 846.716: [DefNew
Desired survivor size 32768 bytes, new threshold 15 (max 15)
- age   1:        248 bytes,        248 total
- age   7:         16 bytes,        264 total
- age  13:         16 bytes,        280 total
: 867K->0K(960K), 0.0006773 secs] 6480K->5685K(10176K), 0.0009339 secs] [Times: user=0.00 sys=0.00, real=0.00 secs] 
2019-01-02T11:12:58.817+0530: 846.719: [GC (Allocation Failure) 2019-01-02T11:12:58.817+0530: 846.719: [DefNew
Desired survivor size 32768 bytes, new threshold 15 (max 15)
- age   1:         40 bytes,         40 total
- age   2:        184 bytes,        224 total
- age   8:         16 bytes,        240 total
- age  14:         16 bytes,        256 total
: 896K->0K(960K), 0.0008592 secs] 6581K->5973K(10176K), 0.0011158 secs] [Times: user=0.00 sys=0.00, real=0.00 secs] 
2019-01-02T11:12:58.820+0530: 846.722: [GC (Allocation Failure) 2019-01-02T11:12:58.820+0530: 846.722: [DefNew
Desired survivor size 32768 bytes, new threshold 15 (max 15)
- age   3:        184 bytes,        184 total
- age   9:         16 bytes,        200 total
- age  15:         16 bytes,        216 total
: 896K->0K(960K), 0.0011335 secs] 6869K->6549K(10176K), 0.0013581 secs] [Times: user=0.00 sys=0.00, real=0.00 secs] 
2019-01-02T11:12:58.822+0530: 846.724: [GC (Allocation Failure) 2019-01-02T11:12:58.822+0530: 846.724: [DefNew
Desired survivor size 32768 bytes, new threshold 15 (max 15)
- age   1:         24 bytes,         24 total
- age   4:        184 bytes,        208 total
- age  10:         16 bytes,        224 total
: 462K->0K(960K), 0.0002611 secs] 7011K->6549K(10176K), 0.0003398 secs] [Times: user=0.00 sys=0.00, real=0.00 secs] 
2019-01-02T11:12:58.823+0530: 846.725: [GC (Allocation Failure) 2019-01-02T11:12:58.823+0530: 846.725: [DefNew
Desired survivor size 32768 bytes, new threshold 15 (max 15)
- age   2:         24 bytes,         24 total
- age   5:        184 bytes,        208 total
- age  11:         16 bytes,        224 total
: 496K->0K(960K), 0.0003421 secs] 7046K->7046K(10176K), 0.0004139 secs] [Times: user=0.00 sys=0.00, real=0.00 secs] 
2019-01-02T11:12:58.824+0530: 846.726: [GC (Allocation Failure) 2019-01-02T11:12:58.824+0530: 846.726: [DefNew
Desired survivor size 32768 bytes, new threshold 15 (max 15)
- age   1:         24 bytes,         24 total
- age   6:         72 bytes,         96 total
- age  12:         16 bytes,        112 total
: 514K->0K(960K), 0.0003301 secs] 7560K->7542K(10176K), 0.0004020 secs] [Times: user=0.00 sys=0.00, real=0.00 secs] 
2019-01-02T11:12:58.879+0530: 846.781: [GC (Allocation Failure) 2019-01-02T11:12:58.879+0530: 846.781: [DefNew
Desired survivor size 32768 bytes, new threshold 15 (max 15)
- age   1:        248 bytes,        248 total
- age   7:         16 bytes,        264 total
- age  13:         16 bytes,        280 total
: 867K->0K(960K), 0.0008170 secs] 8410K->7614K(10176K), 0.0013809 secs] [Times: user=0.00 sys=0.00, real=0.00 secs] 
2019-01-02T11:12:58.882+0530: 846.784: [GC (Allocation Failure) 2019-01-02T11:12:58.882+0530: 846.784: [DefNew
Desired survivor size 32768 bytes, new threshold 15 (max 15)
- age   1:         40 bytes,         40 total
- age   2:        184 bytes,        224 total
- age   8:         16 bytes,        240 total
- age  14:         16 bytes,        256 total
: 896K->0K(960K), 0.0007680 secs] 8510K->7902K(10176K), 0.0009202 secs] [Times: user=0.00 sys=0.00, real=0.00 secs] 
2019-01-02T11:12:58.885+0530: 846.787: [GC (Allocation Failure) 2019-01-02T11:12:58.885+0530: 846.787: [DefNew
Desired survivor size 32768 bytes, new threshold 15 (max 15)
- age   3:        184 bytes,        184 total
- age   9:         16 bytes,        200 total
- age  15:         16 bytes,        216 total
: 896K->0K(960K), 0.0010936 secs] 8798K->8478K(10176K), 0.0012726 secs] [Times: user=0.00 sys=0.00, real=0.00 secs] 
2019-01-02T11:12:58.887+0530: 846.789: [GC (Allocation Failure) 2019-01-02T11:12:58.887+0530: 846.789: [DefNew
Desired survivor size 32768 bytes, new threshold 15 (max 15)
- age   1:         24 bytes,         24 total
- age   4:        184 bytes,        208 total
- age  10:         16 bytes,        224 total
: 462K->0K(960K), 0.0002691 secs] 8940K->8478K(10176K), 0.0003444 secs] [Times: user=0.00 sys=0.00, real=0.00 secs] 
2019-01-02T11:12:58.888+0530: 846.790: [GC (Allocation Failure) 2019-01-02T11:12:58.888+0530: 846.790: [DefNew
Desired survivor size 32768 bytes, new threshold 15 (max 15)
- age   2:         24 bytes,         24 total
- age   5:        184 bytes,        208 total
- age  11:         16 bytes,        224 total
: 496K->0K(960K), 0.0003335 secs] 8975K->8975K(10176K), 0.0004094 secs] [Times: user=0.00 sys=0.00, real=0.00 secs] 
2019-01-02T11:12:58.888+0530: 846.790: [GC (Allocation Failure) 2019-01-02T11:12:58.888+0530: 846.790: [DefNew: 514K->514K(960K), 0.0000336 secs]2019-01-02T11:12:58.889+0530: 846.791: [Tenured: 8974K->1258K(9216K), 0.0038263 secs] 9489K->1258K(10176K), [Metaspace: 2520K->2520K(1056768K)], 0.0039911 secs] [Times: user=0.02 sys=0.00, real=0.00 secs] 
2019-01-02T11:12:58.950+0530: 846.852: [GC (Allocation Failure) 2019-01-02T11:12:58.950+0530: 846.852: [DefNew
Desired survivor size 32768 bytes, new threshold 15 (max 15)
- age   1:        248 bytes,        248 total
: 867K->0K(960K), 0.0016649 secs] 2126K->1827K(10176K), 0.0019534 secs] [Times: user=0.02 sys=0.00, real=0.00 secs] 
2019-01-02T11:12:58.954+0530: 846.856: [GC (Allocation Failure) 2019-01-02T11:12:58.954+0530: 846.856: [DefNew
Desired survivor size 32768 bytes, new threshold 15 (max 15)
- age   1:         40 bytes,         40 total
- age   2:        184 bytes,        224 total
: 896K->0K(960K), 0.0010274 secs] 2723K->2115K(10176K), 0.0012726 secs] [Times: user=0.00 sys=0.00, real=0.00 secs] 
2019-01-02T11:12:58.956+0530: 846.858: [GC (Allocation Failure) 2019-01-02T11:12:58.957+0530: 846.858: [DefNew
Desired survivor size 32768 bytes, new threshold 15 (max 15)
- age   3:        184 bytes,        184 total
: 896K->0K(960K), 0.0003917 secs] 3011K->2691K(10176K), 0.0005074 secs] [Times: user=0.00 sys=0.00, real=0.00 secs] 
2019-01-02T11:12:58.958+0530: 846.860: [GC (Allocation Failure) 2019-01-02T11:12:58.958+0530: 846.860: [DefNew
Desired survivor size 32768 bytes, new threshold 15 (max 15)
- age   1:         24 bytes,         24 total
- age   4:        184 bytes,        208 total
: 462K->0K(960K), 0.0002469 secs] 3153K->2691K(10176K), 0.0003244 secs] [Times: user=0.00 sys=0.00, real=0.00 secs] 
2019-01-02T11:12:58.959+0530: 846.861: [GC (Allocation Failure) 2019-01-02T11:12:58.959+0530: 846.861: [DefNew
Desired survivor size 32768 bytes, new threshold 15 (max 15)
- age   2:         24 bytes,         24 total
- age   5:        184 bytes,        208 total
: 496K->0K(960K), 0.0003415 secs] 3188K->3188K(10176K), 0.0004202 secs] [Times: user=0.00 sys=0.00, real=0.00 secs] 
2019-01-02T11:12:58.959+0530: 846.861: [GC (Allocation Failure) 2019-01-02T11:12:58.959+0530: 846.861: [DefNew
Desired survivor size 32768 bytes, new threshold 15 (max 15)
- age   1:         24 bytes,         24 total
- age   6:         72 bytes,         96 total
: 514K->0K(960K), 0.0013815 secs] 3702K->3684K(10176K), 0.0016210 secs] [Times: user=0.00 sys=0.00, real=0.00 secs] 
2019-01-02T11:12:59.018+0530: 846.920: [GC (Allocation Failure) 2019-01-02T11:12:59.018+0530: 846.920: [DefNew
Desired survivor size 32768 bytes, new threshold 15 (max 15)
- age   1:        248 bytes,        248 total
- age   7:         16 bytes,        264 total
: 867K->0K(960K), 0.0011574 secs] 4552K->3756K(10176K), 0.0015206 secs] [Times: user=0.00 sys=0.00, real=0.00 secs] 
2019-01-02T11:12:59.021+0530: 846.923: [GC (Allocation Failure) 2019-01-02T11:12:59.021+0530: 846.923: [DefNew
Desired survivor size 32768 bytes, new threshold 15 (max 15)
- age   1:         40 bytes,         40 total
- age   2:        184 bytes,        224 total
- age   8:         16 bytes,        240 total
: 896K->0K(960K), 0.0010981 secs] 4652K->4044K(10176K), 0.0013935 secs] [Times: user=0.00 sys=0.00, real=0.00 secs] 
2019-01-02T11:12:59.024+0530: 846.926: [GC (Allocation Failure) 2019-01-02T11:12:59.024+0530: 846.926: [DefNew
Desired survivor size 32768 bytes, new threshold 15 (max 15)
- age   3:        184 bytes,        184 total
- age   9:         16 bytes,        200 total
: 896K->0K(960K), 0.0004242 secs] 4940K->4620K(10176K), 0.0005160 secs] [Times: user=0.00 sys=0.00, real=0.00 secs] 
2019-01-02T11:12:59.026+0530: 846.928: [GC (Allocation Failure) 2019-01-02T11:12:59.026+0530: 846.928: [DefNew
Desired survivor size 32768 bytes, new threshold 15 (max 15)
- age   1:         24 bytes,         24 total
- age   4:        184 bytes,        208 total
- age  10:         16 bytes,        224 total
: 462K->0K(960K), 0.0002594 secs] 5082K->4620K(10176K), 0.0003335 secs] [Times: user=0.00 sys=0.00, real=0.00 secs] 
2019-01-02T11:12:59.027+0530: 846.929: [GC (Allocation Failure) 2019-01-02T11:12:59.027+0530: 846.929: [DefNew
Desired survivor size 32768 bytes, new threshold 15 (max 15)
- age   2:         24 bytes,         24 total
- age   5:        184 bytes,        208 total
- age  11:         16 bytes,        224 total
: 496K->0K(960K), 0.0008102 secs] 5117K->5117K(10176K), 0.0009590 secs] [Times: user=0.00 sys=0.00, real=0.00 secs] 
2019-01-02T11:12:59.029+0530: 846.931: [GC (Allocation Failure) 2019-01-02T11:12:59.029+0530: 846.931: [DefNew
Desired survivor size 32768 bytes, new threshold 15 (max 15)
- age   1:         24 bytes,         24 total
- age   6:         72 bytes,         96 total
- age  12:         16 bytes,        112 total
: 514K->0K(960K), 0.0005548 secs] 5631K->5613K(10176K), 0.0006175 secs] [Times: user=0.01 sys=0.00, real=0.00 secs] 
2019-01-02T11:12:59.082+0530: 846.984: [GC (Allocation Failure) 2019-01-02T11:12:59.083+0530: 846.985: [DefNew
Desired survivor size 32768 bytes, new threshold 15 (max 15)
- age   1:        248 bytes,        248 total
- age   7:         16 bytes,        264 total
- age  13:         16 bytes,        280 total
: 867K->0K(960K), 0.0008381 secs] 6481K->5686K(10176K), 0.0010052 secs] [Times: user=0.00 sys=0.00, real=0.00 secs] 
2019-01-02T11:12:59.086+0530: 846.988: [GC (Allocation Failure) 2019-01-02T11:12:59.086+0530: 846.988: [DefNew
Desired survivor size 32768 bytes, new threshold 15 (max 15)
- age   1:         40 bytes,         40 total
- age   2:        184 bytes,        224 total
- age   8:         16 bytes,        240 total
- age  14:         16 bytes,        256 total
: 896K->0K(960K), 0.0012304 secs] 6582K->5974K(10176K), 0.0014180 secs] [Times: user=0.00 sys=0.00, real=0.00 secs] 
2019-01-02T11:12:59.089+0530: 846.991: [GC (Allocation Failure) 2019-01-02T11:12:59.089+0530: 846.991: [DefNew
Desired survivor size 32768 bytes, new threshold 15 (max 15)
- age   3:        184 bytes,        184 total
- age   9:         16 bytes,        200 total
- age  15:         16 bytes,        216 total
: 896K->0K(960K), 0.0008558 secs] 6870K->6550K(10176K), 0.0010029 secs] [Times: user=0.00 sys=0.00, real=0.00 secs] 
2019-01-02T11:12:59.091+0530: 846.993: [GC (Allocation Failure) 2019-01-02T11:12:59.091+0530: 846.993: [DefNew
Desired survivor size 32768 bytes, new threshold 15 (max 15)
- age   1:         24 bytes,         24 total
- age   4:        184 bytes,        208 total
- age  10:         16 bytes,        224 total
: 462K->0K(960K), 0.0002668 secs] 7012K->6550K(10176K), 0.0003455 secs] [Times: user=0.02 sys=0.00, real=0.00 secs] 
2019-01-02T11:12:59.092+0530: 846.994: [GC (Allocation Failure) 2019-01-02T11:12:59.092+0530: 846.994: [DefNew
Desired survivor size 32768 bytes, new threshold 15 (max 15)
- age   2:         24 bytes,         24 total
- age   5:        184 bytes,        208 total
- age  11:         16 bytes,        224 total
: 496K->0K(960K), 0.0003404 secs] 7046K->7046K(10176K), 0.0004117 secs] [Times: user=0.00 sys=0.00, real=0.00 secs] 
2019-01-02T11:12:59.093+0530: 846.995: [GC (Allocation Failure) 2019-01-02T11:12:59.093+0530: 846.995: [DefNew
Desired survivor size 32768 bytes, new threshold 15 (max 15)
- age   1:         24 bytes,         24 total
- age   6:         72 bytes,         96 total
- age  12:         16 bytes,        112 total
: 514K->0K(960K), 0.0003353 secs] 7560K->7543K(10176K), 0.0004065 secs] [Times: user=0.00 sys=0.00, real=0.00 secs] 
2019-01-02T11:12:59.157+0530: 847.059: [GC (Allocation Failure) 2019-01-02T11:12:59.157+0530: 847.059: [DefNew
Desired survivor size 32768 bytes, new threshold 15 (max 15)
- age   1:        248 bytes,        248 total
- age   7:         16 bytes,        264 total
- age  13:         16 bytes,        280 total
: 867K->0K(960K), 0.0008330 secs] 8410K->7615K(10176K), 0.0010525 secs] [Times: user=0.00 sys=0.00, real=0.00 secs] 
2019-01-02T11:12:59.160+0530: 847.062: [GC (Allocation Failure) 2019-01-02T11:12:59.160+0530: 847.062: [DefNew
Desired survivor size 32768 bytes, new threshold 15 (max 15)
- age   1:         40 bytes,         40 total
- age   2:        184 bytes,        224 total
- age   8:         16 bytes,        240 total
- age  14:         16 bytes,        256 total
: 896K->0K(960K), 0.0014847 secs] 8511K->7903K(10176K), 0.0017441 secs] [Times: user=0.00 sys=0.00, real=0.00 secs] 
2019-01-02T11:12:59.163+0530: 847.065: [GC (Allocation Failure) 2019-01-02T11:12:59.163+0530: 847.065: [DefNew
Desired survivor size 32768 bytes, new threshold 15 (max 15)
- age   3:        184 bytes,        184 total
- age   9:         16 bytes,        200 total
- age  15:         16 bytes,        216 total
: 896K->0K(960K), 0.0004903 secs] 8799K->8479K(10176K), 0.0006346 secs] [Times: user=0.00 sys=0.00, real=0.00 secs] 
2019-01-02T11:12:59.165+0530: 847.067: [GC (Allocation Failure) 2019-01-02T11:12:59.165+0530: 847.067: [DefNew
Desired survivor size 32768 bytes, new threshold 15 (max 15)
- age   1:         24 bytes,         24 total
- age   4:        184 bytes,        208 total
- age  10:         16 bytes,        224 total
: 462K->0K(960K), 0.0004310 secs] 8941K->8479K(10176K), 0.0005633 secs] [Times: user=0.00 sys=0.00, real=0.00 secs] 
2019-01-02T11:12:59.166+0530: 847.069: [GC (Allocation Failure) 2019-01-02T11:12:59.167+0530: 847.069: [DefNew
Desired survivor size 32768 bytes, new threshold 15 (max 15)
- age   2:         24 bytes,         24 total
- age   5:        184 bytes,        208 total
- age  11:         16 bytes,        224 total
: 496K->0K(960K), 0.0004892 secs] 8975K->8975K(10176K), 0.0005702 secs] [Times: user=0.00 sys=0.00, real=0.00 secs] 
2019-01-02T11:12:59.167+0530: 847.069: [GC (Allocation Failure) 2019-01-02T11:12:59.168+0530: 847.070: [DefNew: 514K->514K(960K), 0.0000291 secs]2019-01-02T11:12:59.168+0530: 847.070: [Tenured: 8975K->1258K(9216K), 0.0037169 secs] 9490K->1258K(10176K), [Metaspace: 2520K->2520K(1056768K)], 0.0038708 secs] [Times: user=0.02 sys=0.00, real=0.00 secs] 
2019-01-02T11:12:59.228+0530: 847.130: [GC (Allocation Failure) 2019-01-02T11:12:59.229+0530: 847.131: [DefNew
Desired survivor size 32768 bytes, new threshold 15 (max 15)
- age   1:        248 bytes,        248 total
: 867K->0K(960K), 0.0007828 secs] 2126K->1827K(10176K), 0.0011586 secs] [Times: user=0.00 sys=0.00, real=0.00 secs] 
2019-01-02T11:12:59.231+0530: 847.133: [GC (Allocation Failure) 2019-01-02T11:12:59.231+0530: 847.133: [DefNew
Desired survivor size 32768 bytes, new threshold 15 (max 15)
- age   1:         40 bytes,         40 total
- age   2:        184 bytes,        224 total
: 896K->0K(960K), 0.0005702 secs] 2723K->2115K(10176K), 0.0007532 secs] [Times: user=0.00 sys=0.02, real=0.00 secs] 
2019-01-02T11:12:59.234+0530: 847.136: [GC (Allocation Failure) 2019-01-02T11:12:59.234+0530: 847.136: [DefNew
Desired survivor size 32768 bytes, new threshold 15 (max 15)
- age   3:        184 bytes,        184 total
: 896K->0K(960K), 0.0011774 secs] 3011K->2691K(10176K), 0.0013769 secs] [Times: user=0.00 sys=0.00, real=0.00 secs] 
2019-01-02T11:12:59.236+0530: 847.138: [GC (Allocation Failure) 2019-01-02T11:12:59.237+0530: 847.139: [DefNew
Desired survivor size 32768 bytes, new threshold 15 (max 15)
- age   1:         24 bytes,         24 total
- age   4:        184 bytes,        208 total
: 462K->0K(960K), 0.0007002 secs] 3153K->2691K(10176K), 0.0008894 secs] [Times: user=0.00 sys=0.00, real=0.00 secs] 
2019-01-02T11:12:59.238+0530: 847.140: [GC (Allocation Failure) 2019-01-02T11:12:59.238+0530: 847.140: [DefNew
Desired survivor size 32768 bytes, new threshold 15 (max 15)
- age   2:         24 bytes,         24 total
- age   5:        184 bytes,        208 total
: 496K->0K(960K), 0.0003552 secs] 3188K->3188K(10176K), 0.0004305 secs] [Times: user=0.00 sys=0.00, real=0.00 secs] 
2019-01-02T11:12:59.239+0530: 847.141: [GC (Allocation Failure) 2019-01-02T11:12:59.239+0530: 847.141: [DefNew
Desired survivor size 32768 bytes, new threshold 15 (max 15)
- age   1:         24 bytes,         24 total
- age   6:         72 bytes,         96 total
: 514K->0K(960K), 0.0003301 secs] 3702K->3685K(10176K), 0.0004025 secs] [Times: user=0.00 sys=0.00, real=0.00 secs] 
2019-01-02T11:12:59.294+0530: 847.196: [GC (Allocation Failure) 2019-01-02T11:12:59.294+0530: 847.196: [DefNew
Desired survivor size 32768 bytes, new threshold 15 (max 15)
- age   1:        248 bytes,        248 total
- age   7:         16 bytes,        264 total
: 867K->0K(960K), 0.0014915 secs] 4552K->3757K(10176K), 0.0016421 secs] [Times: user=0.01 sys=0.00, real=0.00 secs] 
2019-01-02T11:12:59.298+0530: 847.200: [GC (Allocation Failure) 2019-01-02T11:12:59.299+0530: 847.201: [DefNew
Desired survivor size 32768 bytes, new threshold 15 (max 15)
- age   1:         40 bytes,         40 total
- age   2:        184 bytes,        224 total
- age   8:         16 bytes,        240 total
: 896K->0K(960K), 0.0008381 secs] 4653K->4045K(10176K), 0.0010400 secs] [Times: user=0.00 sys=0.00, real=0.00 secs] 
2019-01-02T11:12:59.301+0530: 847.203: [GC (Allocation Failure) 2019-01-02T11:12:59.301+0530: 847.203: [DefNew
Desired survivor size 32768 bytes, new threshold 15 (max 15)
- age   3:        184 bytes,        184 total
- age   9:         16 bytes,        200 total
: 896K->0K(960K), 0.0010930 secs] 4941K->4621K(10176K), 0.0012179 secs] [Times: user=0.00 sys=0.00, real=0.00 secs] 
2019-01-02T11:12:59.304+0530: 847.206: [GC (Allocation Failure) 2019-01-02T11:12:59.304+0530: 847.206: [DefNew
Desired survivor size 32768 bytes, new threshold 15 (max 15)
- age   1:         24 bytes,         24 total
- age   4:        184 bytes,        208 total
- age  10:         16 bytes,        224 total
: 462K->0K(960K), 0.0002851 secs] 5083K->4621K(10176K), 0.0003541 secs] [Times: user=0.00 sys=0.00, real=0.00 secs] 
2019-01-02T11:12:59.304+0530: 847.206: [GC (Allocation Failure) 2019-01-02T11:12:59.304+0530: 847.206: [DefNew
Desired survivor size 32768 bytes, new threshold 15 (max 15)
- age   2:         24 bytes,         24 total
- age   5:        184 bytes,        208 total
- age  11:         16 bytes,        224 total
: 496K->0K(960K), 0.0003541 secs] 5117K->5117K(10176K), 0.0004094 secs] [Times: user=0.00 sys=0.00, real=0.00 secs] 
2019-01-02T11:12:59.305+0530: 847.207: [GC (Allocation Failure) 2019-01-02T11:12:59.305+0530: 847.207: [DefNew
Desired survivor size 32768 bytes, new threshold 15 (max 15)
- age   1:         24 bytes,         24 total
- age   6:         72 bytes,         96 total
- age  12:         16 bytes,        112 total
: 514K->0K(960K), 0.0003273 secs] 5632K->5614K(10176K), 0.0003951 secs] [Times: user=0.00 sys=0.00, real=0.00 secs] 
2019-01-02T11:12:59.364+0530: 847.266: [GC (Allocation Failure) 2019-01-02T11:12:59.364+0530: 847.266: [DefNew
Desired survivor size 32768 bytes, new threshold 15 (max 15)
- age   1:        248 bytes,        248 total
- age   7:         16 bytes,        264 total
- age  13:         16 bytes,        280 total
: 867K->0K(960K), 0.0006785 secs] 6482K->5686K(10176K), 0.0011717 secs] [Times: user=0.00 sys=0.00, real=0.00 secs] 
2019-01-02T11:12:59.367+0530: 847.269: [GC (Allocation Failure) 2019-01-02T11:12:59.367+0530: 847.269: [DefNew
Desired survivor size 32768 bytes, new threshold 15 (max 15)
- age   1:         40 bytes,         40 total
- age   2:        184 bytes,        224 total
- age   8:         16 bytes,        240 total
- age  14:         16 bytes,        256 total
: 896K->0K(960K), 0.0006819 secs] 6582K->5974K(10176K), 0.0007942 secs] [Times: user=0.00 sys=0.00, real=0.00 secs] 
2019-01-02T11:12:59.369+0530: 847.271: [GC (Allocation Failure) 2019-01-02T11:12:59.369+0530: 847.271: [DefNew
Desired survivor size 32768 bytes, new threshold 15 (max 15)
- age   3:        184 bytes,        184 total
- age   9:         16 bytes,        200 total
- age  15:         16 bytes,        216 total
: 896K->0K(960K), 0.0009487 secs] 6870K->6550K(10176K), 0.0010491 secs] [Times: user=0.00 sys=0.00, real=0.00 secs] 
2019-01-02T11:12:59.371+0530: 847.273: [GC (Allocation Failure) 2019-01-02T11:12:59.371+0530: 847.273: [DefNew
Desired survivor size 32768 bytes, new threshold 15 (max 15)
- age   1:         24 bytes,         24 total
- age   4:        184 bytes,        208 total
- age  10:         16 bytes,        224 total
: 462K->0K(960K), 0.0002566 secs] 7012K->6550K(10176K), 0.0003387 secs] [Times: user=0.00 sys=0.00, real=0.00 secs] 
2019-01-02T11:12:59.372+0530: 847.274: [GC (Allocation Failure) 2019-01-02T11:12:59.372+0530: 847.274: [DefNew
Desired survivor size 32768 bytes, new threshold 15 (max 15)
- age   2:         24 bytes,         24 total
- age   5:        184 bytes,        208 total
- age  11:         16 bytes,        224 total
: 496K->0K(960K), 0.0003752 secs] 7047K->7047K(10176K), 0.0004430 secs] [Times: user=0.02 sys=0.00, real=0.00 secs] 
2019-01-02T11:12:59.373+0530: 847.275: [GC (Allocation Failure) 2019-01-02T11:12:59.373+0530: 847.275: [DefNew
Desired survivor size 32768 bytes, new threshold 15 (max 15)
- age   1:         24 bytes,         24 total
- age   6:         72 bytes,         96 total
- age  12:         16 bytes,        112 total
: 514K->0K(960K), 0.0003484 secs] 7561K->7543K(10176K), 0.0004236 secs] [Times: user=0.00 sys=0.00, real=0.00 secs] 
2019-01-02T11:12:59.427+0530: 847.329: [GC (Allocation Failure) 2019-01-02T11:12:59.427+0530: 847.329: [DefNew
Desired survivor size 32768 bytes, new threshold 15 (max 15)
- age   1:        248 bytes,        248 total
- age   7:         16 bytes,        264 total
- age  13:         16 bytes,        280 total
: 867K->0K(960K), 0.0008815 secs] 8411K->7616K(10176K), 0.0010924 secs] [Times: user=0.00 sys=0.00, real=0.00 secs] 
2019-01-02T11:12:59.430+0530: 847.332: [GC (Allocation Failure) 2019-01-02T11:12:59.430+0530: 847.332: [DefNew
Desired survivor size 32768 bytes, new threshold 15 (max 15)
- age   1:         40 bytes,         40 total
- age   2:        184 bytes,        224 total
- age   8:         16 bytes,        240 total
- age  14:         16 bytes,        256 total
: 896K->0K(960K), 0.0013581 secs] 8512K->7904K(10176K), 0.0017253 secs] [Times: user=0.00 sys=0.00, real=0.00 secs] 
2019-01-02T11:12:59.433+0530: 847.335: [GC (Allocation Failure) 2019-01-02T11:12:59.433+0530: 847.335: [DefNew
Desired survivor size 32768 bytes, new threshold 15 (max 15)
- age   3:        184 bytes,        184 total
- age   9:         16 bytes,        200 total
- age  15:         16 bytes,        216 total
: 896K->0K(960K), 0.0009647 secs] 8800K->8480K(10176K), 0.0011209 secs] [Times: user=0.00 sys=0.00, real=0.00 secs] 
2019-01-02T11:12:59.435+0530: 847.337: [GC (Allocation Failure) 2019-01-02T11:12:59.435+0530: 847.337: [DefNew
Desired survivor size 32768 bytes, new threshold 15 (max 15)
- age   1:         24 bytes,         24 total
- age   4:        184 bytes,        208 total
- age  10:         16 bytes,        224 total
: 462K->0K(960K), 0.0005166 secs] 8942K->8480K(10176K), 0.0006152 secs] [Times: user=0.00 sys=0.00, real=0.00 secs] 
2019-01-02T11:12:59.437+0530: 847.339: [GC (Allocation Failure) 2019-01-02T11:12:59.437+0530: 847.339: [DefNew
Desired survivor size 32768 bytes, new threshold 15 (max 15)
- age   2:         24 bytes,         24 total
- age   5:        184 bytes,        208 total
- age  11:         16 bytes,        224 total
: 496K->0K(960K), 0.0005405 secs] 8976K->8976K(10176K), 0.0006340 secs] [Times: user=0.00 sys=0.00, real=0.00 secs] 
2019-01-02T11:12:59.437+0530: 847.340: [GC (Allocation Failure) 2019-01-02T11:12:59.438+0530: 847.340: [DefNew: 514K->514K(960K), 0.0000245 secs]2019-01-02T11:12:59.438+0530: 847.340: [Tenured: 8976K->1259K(9216K), 0.0036542 secs] 9491K->1259K(10176K), [Metaspace: 2520K->2520K(1056768K)], 0.0037841 secs] [Times: user=0.00 sys=0.00, real=0.00 secs] 
2019-01-02T11:12:59.494+0530: 847.396: [GC (Allocation Failure) 2019-01-02T11:12:59.494+0530: 847.396: [DefNew
Desired survivor size 32768 bytes, new threshold 15 (max 15)
- age   1:        248 bytes,        248 total
: 867K->0K(960K), 0.0009311 secs] 2126K->1828K(10176K), 0.0014191 secs] [Times: user=0.00 sys=0.00, real=0.00 secs] 
2019-01-02T11:12:59.497+0530: 847.399: [GC (Allocation Failure) 2019-01-02T11:12:59.498+0530: 847.400: [DefNew
Desired survivor size 32768 bytes, new threshold 15 (max 15)
- age   1:         40 bytes,         40 total
- age   2:        184 bytes,        224 total
: 896K->0K(960K), 0.0009733 secs] 2724K->2116K(10176K), 0.0013479 secs] [Times: user=0.00 sys=0.00, real=0.00 secs] 
2019-01-02T11:12:59.500+0530: 847.402: [GC (Allocation Failure) 2019-01-02T11:12:59.500+0530: 847.402: [DefNew
Desired survivor size 32768 bytes, new threshold 15 (max 15)
- age   3:        184 bytes,        184 total
: 896K->0K(960K), 0.0011198 secs] 3012K->2692K(10176K), 0.0012737 secs] [Times: user=0.00 sys=0.00, real=0.00 secs] 
2019-01-02T11:12:59.503+0530: 847.405: [GC (Allocation Failure) 2019-01-02T11:12:59.503+0530: 847.405: [DefNew
Desired survivor size 32768 bytes, new threshold 15 (max 15)
- age   1:         24 bytes,         24 total
- age   4:        184 bytes,        208 total
: 462K->0K(960K), 0.0009043 secs] 3154K->2692K(10176K), 0.0010690 secs] [Times: user=0.00 sys=0.00, real=0.00 secs] 
2019-01-02T11:12:59.505+0530: 847.407: [GC (Allocation Failure) 2019-01-02T11:12:59.505+0530: 847.407: [DefNew
Desired survivor size 32768 bytes, new threshold 15 (max 15)
- age   2:         24 bytes,         24 total
- age   5:        184 bytes,        208 total
: 496K->0K(960K), 0.0003666 secs] 3188K->3188K(10176K), 0.0004527 secs] [Times: user=0.00 sys=0.00, real=0.00 secs] 
2019-01-02T11:12:59.505+0530: 847.407: [GC (Allocation Failure) 2019-01-02T11:12:59.505+0530: 847.407: [DefNew
Desired survivor size 32768 bytes, new threshold 15 (max 15)
- age   1:         24 bytes,         24 total
- age   6:         72 bytes,         96 total
: 514K->0K(960K), 0.0003239 secs] 3703K->3685K(10176K), 0.0003906 secs] [Times: user=0.00 sys=0.00, real=0.00 secs] 
2019-01-02T11:12:59.561+0530: 847.463: [GC (Allocation Failure) 2019-01-02T11:12:59.561+0530: 847.463: [DefNew
Desired survivor size 32768 bytes, new threshold 15 (max 15)
- age   1:        248 bytes,        248 total
- age   7:         16 bytes,        264 total
: 867K->0K(960K), 0.0008039 secs] 4553K->3757K(10176K), 0.0011175 secs] [Times: user=0.00 sys=0.00, real=0.00 secs] 
2019-01-02T11:12:59.564+0530: 847.466: [GC (Allocation Failure) 2019-01-02T11:12:59.564+0530: 847.466: [DefNew
Desired survivor size 32768 bytes, new threshold 15 (max 15)
- age   1:         40 bytes,         40 total
- age   2:        184 bytes,        224 total
- age   8:         16 bytes,        240 total
: 896K->0K(960K), 0.0011757 secs] 4653K->4045K(10176K), 0.0013775 secs] [Times: user=0.00 sys=0.00, real=0.00 secs] 
2019-01-02T11:12:59.567+0530: 847.469: [GC (Allocation Failure) 2019-01-02T11:12:59.567+0530: 847.469: [DefNew
Desired survivor size 32768 bytes, new threshold 15 (max 15)
- age   3:        184 bytes,        184 total
- age   9:         16 bytes,        200 total
: 896K->0K(960K), 0.0008609 secs] 4941K->4621K(10176K), 0.0009693 secs] [Times: user=0.00 sys=0.00, real=0.00 secs] 
2019-01-02T11:12:59.569+0530: 847.471: [GC (Allocation Failure) 2019-01-02T11:12:59.569+0530: 847.471: [DefNew
Desired survivor size 32768 bytes, new threshold 15 (max 15)
- age   1:         24 bytes,         24 total
- age   4:        184 bytes,        208 total
- age  10:         16 bytes,        224 total
: 462K->0K(960K), 0.0004094 secs] 5083K->4621K(10176K), 0.0004829 secs] [Times: user=0.00 sys=0.00, real=0.00 secs] 
2019-01-02T11:12:59.570+0530: 847.472: [GC (Allocation Failure) 2019-01-02T11:12:59.570+0530: 847.472: [DefNew
Desired survivor size 32768 bytes, new threshold 15 (max 15)
- age   2:         24 bytes,         24 total
- age   5:        184 bytes,        208 total
- age  11:         16 bytes,        224 total
: 496K->0K(960K), 0.0003603 secs] 5118K->5118K(10176K), 0.0004430 secs] [Times: user=0.00 sys=0.00, real=0.00 secs] 
2019-01-02T11:12:59.571+0530: 847.473: [GC (Allocation Failure) 2019-01-02T11:12:59.571+0530: 847.473: [DefNew
Desired survivor size 32768 bytes, new threshold 15 (max 15)
- age   1:         24 bytes,         24 total
- age   6:         72 bytes,         96 total
- age  12:         16 bytes,        112 total
: 514K->0K(960K), 0.0003199 secs] 5632K->5615K(10176K), 0.0003906 secs] [Times: user=0.00 sys=0.00, real=0.00 secs] 
2019-01-02T11:12:59.626+0530: 847.528: [GC (Allocation Failure) 2019-01-02T11:12:59.627+0530: 847.529: [DefNew
Desired survivor size 32768 bytes, new threshold 15 (max 15)
- age   1:        248 bytes,        248 total
- age   7:         16 bytes,        264 total
- age  13:         16 bytes,        280 total
: 867K->0K(960K), 0.0011050 secs] 6482K->5687K(10176K), 0.0016004 secs] [Times: user=0.00 sys=0.00, real=0.00 secs] 
2019-01-02T11:12:59.630+0530: 847.533: [GC (Allocation Failure) 2019-01-02T11:12:59.631+0530: 847.533: [DefNew
Desired survivor size 32768 bytes, new threshold 15 (max 15)
- age   1:         40 bytes,         40 total
- age   2:        184 bytes,        224 total
- age   8:         16 bytes,        240 total
- age  14:         16 bytes,        256 total
: 896K->0K(960K), 0.0007577 secs] 6583K->5975K(10176K), 0.0010981 secs] [Times: user=0.00 sys=0.00, real=0.00 secs] 
2019-01-02T11:12:59.633+0530: 847.535: [GC (Allocation Failure) 2019-01-02T11:12:59.633+0530: 847.535: [DefNew
Desired survivor size 32768 bytes, new threshold 15 (max 15)
- age   3:        184 bytes,        184 total
- age   9:         16 bytes,        200 total
- age  15:         16 bytes,        216 total
: 896K->0K(960K), 0.0012213 secs] 6871K->6551K(10176K), 0.0013866 secs] [Times: user=0.00 sys=0.00, real=0.00 secs] 
2019-01-02T11:12:59.636+0530: 847.538: [GC (Allocation Failure) 2019-01-02T11:12:59.636+0530: 847.538: [DefNew
Desired survivor size 32768 bytes, new threshold 15 (max 15)
- age   1:         24 bytes,         24 total
- age   4:        184 bytes,        208 total
- age  10:         16 bytes,        224 total
: 462K->0K(960K), 0.0004829 secs] 7013K->6551K(10176K), 0.0006169 secs] [Times: user=0.00 sys=0.00, real=0.00 secs] 
2019-01-02T11:12:59.637+0530: 847.539: [GC (Allocation Failure) 2019-01-02T11:12:59.637+0530: 847.539: [DefNew
Desired survivor size 32768 bytes, new threshold 15 (max 15)
- age   2:         24 bytes,         24 total
- age   5:        184 bytes,        208 total
- age  11:         16 bytes,        224 total
: 496K->0K(960K), 0.0009391 secs] 7048K->7048K(10176K), 0.0011078 secs] [Times: user=0.01 sys=0.00, real=0.00 secs] 
2019-01-02T11:12:59.639+0530: 847.541: [GC (Allocation Failure) 2019-01-02T11:12:59.639+0530: 847.541: [DefNew
Desired survivor size 32768 bytes, new threshold 15 (max 15)
- age   1:         24 bytes,         24 total
- age   6:         72 bytes,         96 total
- age  12:         16 bytes,        112 total
: 514K->0K(960K), 0.0003404 secs] 7562K->7544K(10176K), 0.0004162 secs] [Times: user=0.00 sys=0.00, real=0.00 secs] 
2019-01-02T11:12:59.695+0530: 847.597: [GC (Allocation Failure) 2019-01-02T11:12:59.695+0530: 847.597: [DefNew
Desired survivor size 32768 bytes, new threshold 15 (max 15)
- age   1:        248 bytes,        248 total
- age   7:         16 bytes,        264 total
- age  13:         16 bytes,        280 total
: 867K->0K(960K), 0.0007024 secs] 8412K->7616K(10176K), 0.0009544 secs] [Times: user=0.00 sys=0.00, real=0.00 secs] 
2019-01-02T11:12:59.697+0530: 847.600: [GC (Allocation Failure) 2019-01-02T11:12:59.698+0530: 847.600: [DefNew
Desired survivor size 32768 bytes, new threshold 15 (max 15)
- age   1:         40 bytes,         40 total
- age   2:        184 bytes,        224 total
- age   8:         16 bytes,        240 total
- age  14:         16 bytes,        256 total
: 896K->0K(960K), 0.0008991 secs] 8512K->7904K(10176K), 0.0012310 secs] [Times: user=0.00 sys=0.00, real=0.00 secs] 
2019-01-02T11:12:59.700+0530: 847.602: [GC (Allocation Failure) 2019-01-02T11:12:59.701+0530: 847.603: [DefNew
Desired survivor size 32768 bytes, new threshold 15 (max 15)
- age   3:        184 bytes,        184 total
- age   9:         16 bytes,        200 total
- age  15:         16 bytes,        216 total
: 896K->0K(960K), 0.0014037 secs] 8800K->8480K(10176K), 0.0016837 secs] [Times: user=0.00 sys=0.00, real=0.00 secs] 
2019-01-02T11:12:59.703+0530: 847.605: [GC (Allocation Failure) 2019-01-02T11:12:59.703+0530: 847.606: [DefNew
Desired survivor size 32768 bytes, new threshold 15 (max 15)
- age   1:         24 bytes,         24 total
- age   4:        184 bytes,        208 total
- age  10:         16 bytes,        224 total
: 462K->0K(960K), 0.0005166 secs] 8942K->8480K(10176K), 0.0006534 secs] [Times: user=0.00 sys=0.00, real=0.00 secs] 
2019-01-02T11:12:59.705+0530: 847.607: [GC (Allocation Failure) 2019-01-02T11:12:59.705+0530: 847.607: [DefNew
Desired survivor size 32768 bytes, new threshold 15 (max 15)
- age   2:         24 bytes,         24 total
- age   5:        184 bytes,        208 total
- age  11:         16 bytes,        224 total
: 496K->0K(960K), 0.0003455 secs] 8977K->8977K(10176K), 0.0004185 secs] [Times: user=0.00 sys=0.00, real=0.00 secs] 
2019-01-02T11:12:59.706+0530: 847.608: [GC (Allocation Failure) 2019-01-02T11:12:59.706+0530: 847.608: [DefNew: 514K->514K(960K), 0.0000279 secs]2019-01-02T11:12:59.706+0530: 847.608: [Tenured: 8977K->1259K(9216K), 0.0036422 secs] 9492K->1259K(10176K), [Metaspace: 2520K->2520K(1056768K)], 0.0037927 secs] [Times: user=0.00 sys=0.00, real=0.00 secs] 
2019-01-02T11:12:59.768+0530: 847.670: [GC (Allocation Failure) 2019-01-02T11:12:59.768+0530: 847.670: [DefNew
Desired survivor size 32768 bytes, new threshold 15 (max 15)
- age   1:        248 bytes,        248 total
: 867K->0K(960K), 0.0008541 secs] 2127K->1828K(10176K), 0.0012025 secs] [Times: user=0.00 sys=0.00, real=0.00 secs] 
2019-01-02T11:12:59.771+0530: 847.673: [GC (Allocation Failure) 2019-01-02T11:12:59.771+0530: 847.673: [DefNew
Desired survivor size 32768 bytes, new threshold 15 (max 15)
- age   1:         40 bytes,         40 total
- age   2:        184 bytes,        224 total
: 896K->0K(960K), 0.0008638 secs] 2724K->2116K(10176K), 0.0010177 secs] [Times: user=0.00 sys=0.00, real=0.00 secs] 
2019-01-02T11:12:59.773+0530: 847.675: [GC (Allocation Failure) 2019-01-02T11:12:59.773+0530: 847.675: [DefNew
Desired survivor size 32768 bytes, new threshold 15 (max 15)
- age   3:        184 bytes,        184 total
: 896K->0K(960K), 0.0011215 secs] 3012K->2692K(10176K), 0.0013211 secs] [Times: user=0.00 sys=0.00, real=0.00 secs] 
2019-01-02T11:12:59.776+0530: 847.678: [GC (Allocation Failure) 2019-01-02T11:12:59.776+0530: 847.678: [DefNew
Desired survivor size 32768 bytes, new threshold 15 (max 15)
- age   1:         24 bytes,         24 total
- age   4:        184 bytes,        208 total
: 462K->0K(960K), 0.0002651 secs] 3154K->2692K(10176K), 0.0003415 secs] [Times: user=0.00 sys=0.00, real=0.00 secs] 
2019-01-02T11:12:59.776+0530: 847.679: [GC (Allocation Failure) 2019-01-02T11:12:59.777+0530: 847.679: [DefNew
Desired survivor size 32768 bytes, new threshold 15 (max 15)
- age   2:         24 bytes,         24 total
- age   5:        184 bytes,        208 total
: 497K->0K(960K), 0.0003432 secs] 3189K->3189K(10176K), 0.0004162 secs] [Times: user=0.00 sys=0.00, real=0.00 secs] 
2019-01-02T11:12:59.777+0530: 847.679: [GC (Allocation Failure) 2019-01-02T11:12:59.777+0530: 847.679: [DefNew
Desired survivor size 32768 bytes, new threshold 15 (max 15)
- age   1:         24 bytes,         24 total
- age   6:         72 bytes,         96 total
: 514K->0K(960K), 0.0003307 secs] 3703K->3685K(10176K), 0.0004020 secs] [Times: user=0.02 sys=0.00, real=0.00 secs] 
2019-01-02T11:12:59.835+0530: 847.737: [GC (Allocation Failure) 2019-01-02T11:12:59.835+0530: 847.737: [DefNew
Desired survivor size 32768 bytes, new threshold 15 (max 15)
- age   1:        248 bytes,        248 total
- age   7:         16 bytes,        264 total
: 867K->0K(960K), 0.0006836 secs] 4553K->3758K(10176K), 0.0009995 secs] [Times: user=0.00 sys=0.00, real=0.00 secs] 
2019-01-02T11:12:59.838+0530: 847.740: [GC (Allocation Failure) 2019-01-02T11:12:59.838+0530: 847.740: [DefNew
Desired survivor size 32768 bytes, new threshold 15 (max 15)
- age   1:         40 bytes,         40 total
- age   2:        184 bytes,        224 total
- age   8:         16 bytes,        240 total
: 896K->0K(960K), 0.0008934 secs] 4654K->4046K(10176K), 0.0011169 secs] [Times: user=0.00 sys=0.00, real=0.00 secs] 
2019-01-02T11:12:59.841+0530: 847.743: [GC (Allocation Failure) 2019-01-02T11:12:59.841+0530: 847.743: [DefNew
Desired survivor size 32768 bytes, new threshold 15 (max 15)
- age   3:        184 bytes,        184 total
- age   9:         16 bytes,        200 total
: 896K->0K(960K), 0.0010337 secs] 4942K->4622K(10176K), 0.0012002 secs] [Times: user=0.00 sys=0.00, real=0.00 secs] 
2019-01-02T11:12:59.843+0530: 847.745: [GC (Allocation Failure) 2019-01-02T11:12:59.843+0530: 847.745: [DefNew
Desired survivor size 32768 bytes, new threshold 15 (max 15)
- age   1:         24 bytes,         24 total
- age   4:        184 bytes,        208 total
- age  10:         16 bytes,        224 total
: 462K->0K(960K), 0.0002566 secs] 5084K->4622K(10176K), 0.0003341 secs] [Times: user=0.00 sys=0.00, real=0.00 secs] 
2019-01-02T11:12:59.844+0530: 847.746: [GC (Allocation Failure) 2019-01-02T11:12:59.844+0530: 847.746: [DefNew
Desired survivor size 32768 bytes, new threshold 15 (max 15)
- age   2:         24 bytes,         24 total
- age   5:        184 bytes,        208 total
- age  11:         16 bytes,        224 total
: 497K->0K(960K), 0.0003398 secs] 5118K->5118K(10176K), 0.0004111 secs] [Times: user=0.00 sys=0.00, real=0.00 secs] 
2019-01-02T11:12:59.845+0530: 847.747: [GC (Allocation Failure) 2019-01-02T11:12:59.845+0530: 847.747: [DefNew
Desired survivor size 32768 bytes, new threshold 15 (max 15)
- age   1:         24 bytes,         24 total
- age   6:         72 bytes,         96 total
- age  12:         16 bytes,        112 total
: 514K->0K(960K), 0.0003233 secs] 5633K->5615K(10176K), 0.0003940 secs] [Times: user=0.00 sys=0.00, real=0.00 secs] 
2019-01-02T11:12:59.903+0530: 847.805: [GC (Allocation Failure) 2019-01-02T11:12:59.903+0530: 847.805: [DefNew
Desired survivor size 32768 bytes, new threshold 15 (max 15)
- age   1:        248 bytes,        248 total
- age   7:         16 bytes,        264 total
- age  13:         16 bytes,        280 total
: 867K->0K(960K), 0.0005354 secs] 6483K->5687K(10176K), 0.0006848 secs] [Times: user=0.00 sys=0.00, real=0.00 secs] 
2019-01-02T11:12:59.905+0530: 847.807: [GC (Allocation Failure) 2019-01-02T11:12:59.905+0530: 847.807: [DefNew
Desired survivor size 32768 bytes, new threshold 15 (max 15)
- age   1:         40 bytes,         40 total
- age   2:        184 bytes,        224 total
- age   8:         16 bytes,        240 total
- age  14:         16 bytes,        256 total
: 896K->0K(960K), 0.0008313 secs] 6583K->5975K(10176K), 0.0009334 secs] [Times: user=0.00 sys=0.00, real=0.00 secs] 
2019-01-02T11:12:59.907+0530: 847.809: [GC (Allocation Failure) 2019-01-02T11:12:59.907+0530: 847.810: [DefNew
Desired survivor size 32768 bytes, new threshold 15 (max 15)
- age   3:        184 bytes,        184 total
- age   9:         16 bytes,        200 total
- age  15:         16 bytes,        216 total
: 896K->0K(960K), 0.0013296 secs] 6871K->6551K(10176K), 0.0014989 secs] [Times: user=0.00 sys=0.00, real=0.00 secs] 
2019-01-02T11:12:59.910+0530: 847.812: [GC (Allocation Failure) 2019-01-02T11:12:59.910+0530: 847.812: [DefNew
Desired survivor size 32768 bytes, new threshold 15 (max 15)
- age   1:         24 bytes,         24 total
- age   4:        184 bytes,        208 total
- age  10:         16 bytes,        224 total
: 462K->0K(960K), 0.0004156 secs] 7013K->6551K(10176K), 0.0005759 secs] [Times: user=0.00 sys=0.00, real=0.00 secs] 
2019-01-02T11:12:59.911+0530: 847.813: [GC (Allocation Failure) 2019-01-02T11:12:59.911+0530: 847.813: [DefNew
Desired survivor size 32768 bytes, new threshold 15 (max 15)
- age   2:         24 bytes,         24 total
- age   5:        184 bytes,        208 total
- age  11:         16 bytes,        224 total
: 497K->0K(960K), 0.0003581 secs] 7048K->7048K(10176K), 0.0004299 secs] [Times: user=0.00 sys=0.00, real=0.00 secs] 
2019-01-02T11:12:59.912+0530: 847.814: [GC (Allocation Failure) 2019-01-02T11:12:59.912+0530: 847.814: [DefNew
Desired survivor size 32768 bytes, new threshold 15 (max 15)
- age   1:         24 bytes,         24 total
- age   6:         72 bytes,         96 total
- age  12:         16 bytes,        112 total
: 514K->0K(960K), 0.0003313 secs] 7563K->7545K(10176K), 0.0004020 secs] [Times: user=0.00 sys=0.00, real=0.00 secs] 
2019-01-02T11:12:59.967+0530: 847.869: [GC (Allocation Failure) 2019-01-02T11:12:59.967+0530: 847.869: [DefNew
Desired survivor size 32768 bytes, new threshold 15 (max 15)
- age   1:        248 bytes,        248 total
- age   7:         16 bytes,        264 total
- age  13:         16 bytes,        280 total
: 867K->0K(960K), 0.0012412 secs] 8413K->7617K(10176K), 0.0015508 secs] [Times: user=0.00 sys=0.00, real=0.00 secs] 
2019-01-02T11:12:59.970+0530: 847.872: [GC (Allocation Failure) 2019-01-02T11:12:59.970+0530: 847.873: [DefNew
Desired survivor size 32768 bytes, new threshold 15 (max 15)
- age   1:         40 bytes,         40 total
- age   2:        184 bytes,        224 total
- age   8:         16 bytes,        240 total
- age  14:         16 bytes,        256 total
: 896K->0K(960K), 0.0007201 secs] 8513K->7905K(10176K), 0.0008621 secs] [Times: user=0.00 sys=0.00, real=0.00 secs] 
2019-01-02T11:12:59.973+0530: 847.875: [GC (Allocation Failure) 2019-01-02T11:12:59.973+0530: 847.875: [DefNew
Desired survivor size 32768 bytes, new threshold 15 (max 15)
- age   3:        184 bytes,        184 total
- age   9:         16 bytes,        200 total
- age  15:         16 bytes,        216 total
: 896K->0K(960K), 0.0011688 secs] 8801K->8481K(10176K), 0.0013547 secs] [Times: user=0.00 sys=0.00, real=0.00 secs] 
2019-01-02T11:12:59.975+0530: 847.878: [GC (Allocation Failure) 2019-01-02T11:12:59.976+0530: 847.878: [DefNew
Desired survivor size 32768 bytes, new threshold 15 (max 15)
- age   1:         24 bytes,         24 total
- age   4:        184 bytes,        208 total
- age  10:         16 bytes,        224 total
: 462K->0K(960K), 0.0002640 secs] 8943K->8481K(10176K), 0.0003524 secs] [Times: user=0.00 sys=0.00, real=0.00 secs] 
2019-01-02T11:12:59.976+0530: 847.878: [GC (Allocation Failure) 2019-01-02T11:12:59.976+0530: 847.878: [DefNew
Desired survivor size 32768 bytes, new threshold 15 (max 15)
- age   2:         24 bytes,         24 total
- age   5:        184 bytes,        208 total
- age  11:         16 bytes,        224 total
: 497K->0K(960K), 0.0003558 secs] 8978K->8978K(10176K), 0.0004265 secs] [Times: user=0.00 sys=0.00, real=0.00 secs] 
2019-01-02T11:12:59.977+0530: 847.879: [GC (Allocation Failure) 2019-01-02T11:12:59.977+0530: 847.879: [DefNew: 514K->514K(960K), 0.0000279 secs]2019-01-02T11:12:59.977+0530: 847.879: [Tenured: 8978K->1259K(9216K), 0.0037237 secs] 9493K->1259K(10176K), [Metaspace: 2520K->2520K(1056768K)], 0.0038742 secs] [Times: user=0.02 sys=0.00, real=0.00 secs] 
2019-01-02T11:13:00.038+0530: 847.940: [GC (Allocation Failure) 2019-01-02T11:13:00.038+0530: 847.940: [DefNew
Desired survivor size 32768 bytes, new threshold 15 (max 15)
- age   1:        248 bytes,        248 total
: 867K->0K(960K), 0.0013530 secs] 2127K->1828K(10176K), 0.0016922 secs] [Times: user=0.00 sys=0.00, real=0.00 secs] 
2019-01-02T11:13:00.041+0530: 847.943: [GC (Allocation Failure) 2019-01-02T11:13:00.041+0530: 847.943: [DefNew
Desired survivor size 32768 bytes, new threshold 15 (max 15)
- age   1:         40 bytes,         40 total
- age   2:        184 bytes,        224 total
: 896K->0K(960K), 0.0006420 secs] 2724K->2116K(10176K), 0.0008849 secs] [Times: user=0.00 sys=0.00, real=0.00 secs] 
2019-01-02T11:13:00.044+0530: 847.946: [GC (Allocation Failure) 2019-01-02T11:13:00.044+0530: 847.946: [DefNew
Desired survivor size 32768 bytes, new threshold 15 (max 15)
- age   3:        184 bytes,        184 total
: 896K->0K(960K), 0.0009613 secs] 3012K->2692K(10176K), 0.0011107 secs] [Times: user=0.00 sys=0.00, real=0.00 secs] 
2019-01-02T11:13:00.046+0530: 847.948: [GC (Allocation Failure) 2019-01-02T11:13:00.046+0530: 847.948: [DefNew
Desired survivor size 32768 bytes, new threshold 15 (max 15)
- age   1:         24 bytes,         24 total
- age   4:        184 bytes,        208 total
: 462K->0K(960K), 0.0002412 secs] 3154K->2692K(10176K), 0.0003107 secs] [Times: user=0.00 sys=0.00, real=0.00 secs] 
2019-01-02T11:13:00.047+0530: 847.949: [GC (Allocation Failure) 2019-01-02T11:13:00.047+0530: 847.949: [DefNew
Desired survivor size 32768 bytes, new threshold 15 (max 15)
- age   2:         24 bytes,         24 total
- age   5:        184 bytes,        208 total
: 497K->0K(960K), 0.0003056 secs] 3189K->3189K(10176K), 0.0003746 secs] [Times: user=0.00 sys=0.00, real=0.00 secs] 
2019-01-02T11:13:00.047+0530: 847.949: [GC (Allocation Failure) 2019-01-02T11:13:00.047+0530: 847.949: [DefNew
Desired survivor size 32768 bytes, new threshold 15 (max 15)
- age   1:         24 bytes,         24 total
- age   6:         72 bytes,         96 total
: 514K->0K(960K), 0.0003062 secs] 3703K->3686K(10176K), 0.0003763 secs] [Times: user=0.00 sys=0.00, real=0.00 secs] 
2019-01-02T11:13:00.107+0530: 848.009: [GC (Allocation Failure) 2019-01-02T11:13:00.107+0530: 848.009: [DefNew
Desired survivor size 32768 bytes, new threshold 15 (max 15)
- age   1:        248 bytes,        248 total
- age   7:         16 bytes,        264 total
: 868K->0K(960K), 0.0008176 secs] 4554K->3758K(10176K), 0.0010480 secs] [Times: user=0.00 sys=0.00, real=0.00 secs] 
2019-01-02T11:13:00.110+0530: 848.012: [GC (Allocation Failure) 2019-01-02T11:13:00.110+0530: 848.012: [DefNew
Desired survivor size 32768 bytes, new threshold 15 (max 15)
- age   1:         40 bytes,         40 total
- age   2:        184 bytes,        224 total
- age   8:         16 bytes,        240 total
: 896K->0K(960K), 0.0011705 secs] 4654K->4046K(10176K), 0.0020549 secs] [Times: user=0.00 sys=0.00, real=0.00 secs] 
2019-01-02T11:13:00.113+0530: 848.015: [GC (Allocation Failure) 2019-01-02T11:13:00.113+0530: 848.015: [DefNew
Desired survivor size 32768 bytes, new threshold 15 (max 15)
- age   3:        184 bytes,        184 total
- age   9:         16 bytes,        200 total
: 896K->0K(960K), 0.0003871 secs] 4942K->4622K(10176K), 0.0004675 secs] [Times: user=0.00 sys=0.00, real=0.00 secs] 
2019-01-02T11:13:00.115+0530: 848.017: [GC (Allocation Failure) 2019-01-02T11:13:00.115+0530: 848.017: [DefNew
Desired survivor size 32768 bytes, new threshold 15 (max 15)
- age   1:         24 bytes,         24 total
- age   4:        184 bytes,        208 total
- age  10:         16 bytes,        224 total
: 462K->0K(960K), 0.0002532 secs] 5084K->4622K(10176K), 0.0003250 secs] [Times: user=0.00 sys=0.00, real=0.00 secs] 
2019-01-02T11:13:00.115+0530: 848.017: [GC (Allocation Failure) 2019-01-02T11:13:00.115+0530: 848.017: [DefNew
Desired survivor size 32768 bytes, new threshold 15 (max 15)
- age   2:         24 bytes,         24 total
- age   5:        184 bytes,        208 total
- age  11:         16 bytes,        224 total
: 497K->0K(960K), 0.0003364 secs] 5119K->5119K(10176K), 0.0007646 secs] [Times: user=0.00 sys=0.00, real=0.00 secs] 
2019-01-02T11:13:00.117+0530: 848.019: [GC (Allocation Failure) 2019-01-02T11:13:00.117+0530: 848.019: [DefNew
Desired survivor size 32768 bytes, new threshold 15 (max 15)
- age   1:         24 bytes,         24 total
- age   6:         72 bytes,         96 total
- age  12:         16 bytes,        112 total
: 514K->0K(960K), 0.0005935 secs] 5633K->5616K(10176K), 0.0007555 secs] [Times: user=0.00 sys=0.00, real=0.00 secs] 
2019-01-02T11:13:00.175+0530: 848.077: [GC (Allocation Failure) 2019-01-02T11:13:00.175+0530: 848.077: [DefNew
Desired survivor size 32768 bytes, new threshold 15 (max 15)
- age   1:        248 bytes,        248 total
- age   7:         16 bytes,        264 total
- age  13:         16 bytes,        280 total
: 868K->0K(960K), 0.0012384 secs] 6484K->5688K(10176K), 0.0014710 secs] [Times: user=0.00 sys=0.00, real=0.00 secs] 
2019-01-02T11:13:00.178+0530: 848.080: [GC (Allocation Failure) 2019-01-02T11:13:00.178+0530: 848.080: [DefNew
Desired survivor size 32768 bytes, new threshold 15 (max 15)
- age   1:         40 bytes,         40 total
- age   2:        184 bytes,        224 total
- age   8:         16 bytes,        240 total
- age  14:         16 bytes,        256 total
: 896K->0K(960K), 0.0009248 secs] 6584K->5976K(10176K), 0.0010759 secs] [Times: user=0.00 sys=0.00, real=0.00 secs] 
2019-01-02T11:13:00.181+0530: 848.083: [GC (Allocation Failure) 2019-01-02T11:13:00.181+0530: 848.083: [DefNew
Desired survivor size 32768 bytes, new threshold 15 (max 15)
- age   3:        184 bytes,        184 total
- age   9:         16 bytes,        200 total
- age  15:         16 bytes,        216 total
: 896K->0K(960K), 0.0006129 secs] 6872K->6552K(10176K), 0.0007509 secs] [Times: user=0.00 sys=0.00, real=0.00 secs] 
2019-01-02T11:13:00.183+0530: 848.085: [GC (Allocation Failure) 2019-01-02T11:13:00.183+0530: 848.085: [DefNew
Desired survivor size 32768 bytes, new threshold 15 (max 15)
- age   1:         24 bytes,         24 total
- age   4:        184 bytes,        208 total
- age  10:         16 bytes,        224 total
: 462K->0K(960K), 0.0005052 secs] 7014K->6552K(10176K), 0.0005810 secs] [Times: user=0.00 sys=0.00, real=0.00 secs] 
2019-01-02T11:13:00.184+0530: 848.086: [GC (Allocation Failure) 2019-01-02T11:13:00.184+0530: 848.086: [DefNew
Desired survivor size 32768 bytes, new threshold 15 (max 15)
- age   2:         24 bytes,         24 total
- age   5:        184 bytes,        208 total
- age  11:         16 bytes,        224 total
: 497K->0K(960K), 0.0008923 secs] 7049K->7049K(10176K), 0.0010468 secs] [Times: user=0.00 sys=0.00, real=0.00 secs] 
2019-01-02T11:13:00.186+0530: 848.088: [GC (Allocation Failure) 2019-01-02T11:13:00.186+0530: 848.088: [DefNew
Desired survivor size 32768 bytes, new threshold 15 (max 15)
- age   1:         24 bytes,         24 total
- age   6:         72 bytes,         96 total
- age  12:         16 bytes,        112 total
: 514K->0K(960K), 0.0006488 secs] 7563K->7546K(10176K), 0.0007646 secs] [Times: user=0.00 sys=0.00, real=0.00 secs] 
2019-01-02T11:13:00.243+0530: 848.145: [GC (Allocation Failure) 2019-01-02T11:13:00.243+0530: 848.145: [DefNew
Desired survivor size 32768 bytes, new threshold 15 (max 15)
- age   1:        248 bytes,        248 total
- age   7:         16 bytes,        264 total
- age  13:         16 bytes,        280 total
: 868K->0K(960K), 0.0008125 secs] 8414K->7618K(10176K), 0.0012675 secs] [Times: user=0.00 sys=0.00, real=0.00 secs] 
2019-01-02T11:13:00.246+0530: 848.148: [GC (Allocation Failure) 2019-01-02T11:13:00.246+0530: 848.148: [DefNew
Desired survivor size 32768 bytes, new threshold 15 (max 15)
- age   1:         40 bytes,         40 total
- age   2:        184 bytes,        224 total
- age   8:         16 bytes,        240 total
- age  14:         16 bytes,        256 total
: 896K->0K(960K), 0.0009288 secs] 8514K->7906K(10176K), 0.0011808 secs] [Times: user=0.00 sys=0.00, real=0.00 secs] 
2019-01-02T11:13:00.249+0530: 848.151: [GC (Allocation Failure) 2019-01-02T11:13:00.249+0530: 848.151: [DefNew
Desired survivor size 32768 bytes, new threshold 15 (max 15)
- age   3:        184 bytes,        184 total
- age   9:         16 bytes,        200 total
- age  15:         16 bytes,        216 total
: 896K->0K(960K), 0.0003877 secs] 8802K->8482K(10176K), 0.0004715 secs] [Times: user=0.00 sys=0.00, real=0.00 secs] 
2019-01-02T11:13:00.251+0530: 848.153: [GC (Allocation Failure) 2019-01-02T11:13:00.251+0530: 848.153: [DefNew
Desired survivor size 32768 bytes, new threshold 15 (max 15)
- age   1:         24 bytes,         24 total
- age   4:        184 bytes,        208 total
- age  10:         16 bytes,        224 total
: 462K->0K(960K), 0.0007315 secs] 8944K->8482K(10176K), 0.0008991 secs] [Times: user=0.00 sys=0.00, real=0.00 secs] 
2019-01-02T11:13:00.252+0530: 848.154: [GC (Allocation Failure) 2019-01-02T11:13:00.252+0530: 848.154: [DefNew
Desired survivor size 32768 bytes, new threshold 15 (max 15)
- age   2:         24 bytes,         24 total
- age   5:        184 bytes,        208 total
- age  11:         16 bytes,        224 total
: 497K->0K(960K), 0.0003586 secs] 8979K->8979K(10176K), 0.0004310 secs] [Times: user=0.00 sys=0.00, real=0.00 secs] 
2019-01-02T11:13:00.253+0530: 848.155: [GC (Allocation Failure) 2019-01-02T11:13:00.253+0530: 848.155: [DefNew: 514K->514K(960K), 0.0000371 secs]2019-01-02T11:13:00.253+0530: 848.155: [Tenured: 8979K->1259K(9216K), 0.0044182 secs] 9493K->1259K(10176K), [Metaspace: 2520K->2520K(1056768K)], 0.0045949 secs] [Times: user=0.00 sys=0.00, real=0.00 secs] 
2019-01-02T11:13:00.315+0530: 848.217: [GC (Allocation Failure) 2019-01-02T11:13:00.315+0530: 848.218: [DefNew
Desired survivor size 32768 bytes, new threshold 15 (max 15)
- age   1:        248 bytes,        248 total
: 867K->0K(960K), 0.0009858 secs] 2127K->1828K(10176K), 0.0013969 secs] [Times: user=0.00 sys=0.00, real=0.00 secs] 
2019-01-02T11:13:00.319+0530: 848.221: [GC (Allocation Failure) 2019-01-02T11:13:00.319+0530: 848.221: [DefNew
Desired survivor size 32768 bytes, new threshold 15 (max 15)
- age   1:         40 bytes,         40 total
- age   2:        184 bytes,        224 total
: 896K->0K(960K), 0.0004424 secs] 2724K->2116K(10176K), 0.0006665 secs] [Times: user=0.00 sys=0.00, real=0.00 secs] 
2019-01-02T11:13:00.321+0530: 848.223: [GC (Allocation Failure) 2019-01-02T11:13:00.321+0530: 848.223: [DefNew
Desired survivor size 32768 bytes, new threshold 15 (max 15)
- age   3:        184 bytes,        184 total
: 896K->0K(960K), 0.0008689 secs] 3012K->2692K(10176K), 0.0009573 secs] [Times: user=0.00 sys=0.00, real=0.00 secs] 
2019-01-02T11:13:00.323+0530: 848.225: [GC (Allocation Failure) 2019-01-02T11:13:00.323+0530: 848.225: [DefNew
Desired survivor size 32768 bytes, new threshold 15 (max 15)
- age   1:         24 bytes,         24 total
- age   4:        184 bytes,        208 total
: 462K->0K(960K), 0.0006734 secs] 3154K->2692K(10176K), 0.0008507 secs] [Times: user=0.01 sys=0.00, real=0.00 secs] 
2019-01-02T11:13:00.325+0530: 848.227: [GC (Allocation Failure) 2019-01-02T11:13:00.325+0530: 848.227: [DefNew
Desired survivor size 32768 bytes, new threshold 15 (max 15)
- age   2:         24 bytes,         24 total
- age   5:        184 bytes,        208 total
: 497K->0K(960K), 0.0003375 secs] 3189K->3189K(10176K), 0.0004168 secs] [Times: user=0.00 sys=0.00, real=0.00 secs] 
2019-01-02T11:13:00.325+0530: 848.227: [GC (Allocation Failure) 2019-01-02T11:13:00.325+0530: 848.228: [DefNew
Desired survivor size 32768 bytes, new threshold 15 (max 15)
- age   1:         24 bytes,         24 total
- age   6:         72 bytes,         96 total
: 514K->0K(960K), 0.0003227 secs] 3704K->3686K(10176K), 0.0003951 secs] [Times: user=0.00 sys=0.00, real=0.00 secs] 
2019-01-02T11:13:00.382+0530: 848.284: [GC (Allocation Failure) 2019-01-02T11:13:00.382+0530: 848.284: [DefNew
Desired survivor size 32768 bytes, new threshold 15 (max 15)
- age   1:        248 bytes,        248 total
- age   7:         16 bytes,        264 total
: 868K->0K(960K), 0.0010673 secs] 4554K->3758K(10176K), 0.0012868 secs] [Times: user=0.00 sys=0.00, real=0.00 secs] 
2019-01-02T11:13:00.386+0530: 848.288: [GC (Allocation Failure) 2019-01-02T11:13:00.386+0530: 848.288: [DefNew
Desired survivor size 32768 bytes, new threshold 15 (max 15)
- age   1:         40 bytes,         40 total
- age   2:        184 bytes,        224 total
- age   8:         16 bytes,        240 total
: 896K->0K(960K), 0.0003723 secs] 4654K->4046K(10176K), 0.0004835 secs] [Times: user=0.02 sys=0.00, real=0.00 secs] 
2019-01-02T11:13:00.387+0530: 848.289: [GC (Allocation Failure) 2019-01-02T11:13:00.387+0530: 848.289: [DefNew
Desired survivor size 32768 bytes, new threshold 15 (max 15)
- age   3:        184 bytes,        184 total
- age   9:         16 bytes,        200 total
: 896K->0K(960K), 0.0009237 secs] 4942K->4622K(10176K), 0.0010440 secs] [Times: user=0.00 sys=0.00, real=0.00 secs] 
2019-01-02T11:13:00.390+0530: 848.292: [GC (Allocation Failure) 2019-01-02T11:13:00.390+0530: 848.292: [DefNew
Desired survivor size 32768 bytes, new threshold 15 (max 15)
- age   1:         24 bytes,         24 total
- age   4:        184 bytes,        208 total
- age  10:         16 bytes,        224 total
: 462K->0K(960K), 0.0009026 secs] 5084K->4622K(10176K), 0.0011540 secs] [Times: user=0.00 sys=0.00, real=0.00 secs] 
2019-01-02T11:13:00.392+0530: 848.294: [GC (Allocation Failure) 2019-01-02T11:13:00.392+0530: 848.294: [DefNew
Desired survivor size 32768 bytes, new threshold 15 (max 15)
- age   2:         24 bytes,         24 total
- age   5:        184 bytes,        208 total
- age  11:         16 bytes,        224 total
: 497K->0K(960K), 0.0003506 secs] 5119K->5119K(10176K), 0.0004333 secs] [Times: user=0.00 sys=0.00, real=0.00 secs] 
2019-01-02T11:13:00.392+0530: 848.295: [GC (Allocation Failure) 2019-01-02T11:13:00.392+0530: 848.295: [DefNew
Desired survivor size 32768 bytes, new threshold 15 (max 15)
- age   1:         24 bytes,         24 total
- age   6:         72 bytes,         96 total
- age  12:         16 bytes,        112 total
: 514K->0K(960K), 0.0003353 secs] 5634K->5616K(10176K), 0.0004094 secs] [Times: user=0.00 sys=0.00, real=0.00 secs] 
2019-01-02T11:13:00.449+0530: 848.351: [GC (Allocation Failure) 2019-01-02T11:13:00.449+0530: 848.351: [DefNew
Desired survivor size 32768 bytes, new threshold 15 (max 15)
- age   1:        248 bytes,        248 total
- age   7:         16 bytes,        264 total
- age  13:         16 bytes,        280 total
: 868K->0K(960K), 0.0007412 secs] 6484K->5688K(10176K), 0.0009687 secs] [Times: user=0.00 sys=0.00, real=0.00 secs] 
2019-01-02T11:13:00.453+0530: 848.355: [GC (Allocation Failure) 2019-01-02T11:13:00.453+0530: 848.355: [DefNew
Desired survivor size 32768 bytes, new threshold 15 (max 15)
- age   1:         40 bytes,         40 total
- age   2:        184 bytes,        224 total
- age   8:         16 bytes,        240 total
- age  14:         16 bytes,        256 total
: 896K->0K(960K), 0.0013986 secs] 6584K->5976K(10176K), 0.0016763 secs] [Times: user=0.00 sys=0.00, real=0.00 secs] 
2019-01-02T11:13:00.456+0530: 848.358: [GC (Allocation Failure) 2019-01-02T11:13:00.456+0530: 848.358: [DefNew
Desired survivor size 32768 bytes, new threshold 15 (max 15)
- age   3:        184 bytes,        184 total
- age   9:         16 bytes,        200 total
- age  15:         16 bytes,        216 total
: 896K->0K(960K), 0.0009630 secs] 6872K->6552K(10176K), 0.0011061 secs] [Times: user=0.00 sys=0.00, real=0.00 secs] 
2019-01-02T11:13:00.458+0530: 848.360: [GC (Allocation Failure) 2019-01-02T11:13:00.458+0530: 848.360: [DefNew
Desired survivor size 32768 bytes, new threshold 15 (max 15)
- age   1:         24 bytes,         24 total
- age   4:        184 bytes,        208 total
- age  10:         16 bytes,        224 total
: 462K->0K(960K), 0.0002680 secs] 7014K->6552K(10176K), 0.0003449 secs] [Times: user=0.00 sys=0.00, real=0.00 secs] 
2019-01-02T11:13:00.459+0530: 848.361: [GC (Allocation Failure) 2019-01-02T11:13:00.459+0530: 848.361: [DefNew
Desired survivor size 32768 bytes, new threshold 15 (max 15)
- age   2:         24 bytes,         24 total
- age   5:        184 bytes,        208 total
- age  11:         16 bytes,        224 total
: 497K->0K(960K), 0.0003427 secs] 7049K->7049K(10176K), 0.0004139 secs] [Times: user=0.00 sys=0.00, real=0.00 secs] 
2019-01-02T11:13:00.460+0530: 848.362: [GC (Allocation Failure) 2019-01-02T11:13:00.460+0530: 848.362: [DefNew
Desired survivor size 32768 bytes, new threshold 15 (max 15)
- age   1:         24 bytes,         24 total
- age   6:         72 bytes,         96 total
- age  12:         16 bytes,        112 total
: 514K->0K(960K), 0.0003392 secs] 7564K->7546K(10176K), 0.0004122 secs] [Times: user=0.00 sys=0.00, real=0.00 secs] 
2019-01-02T11:13:00.516+0530: 848.418: [GC (Allocation Failure) 2019-01-02T11:13:00.516+0530: 848.418: [DefNew
Desired survivor size 32768 bytes, new threshold 15 (max 15)
- age   1:        248 bytes,        248 total
- age   7:         16 bytes,        264 total
- age  13:         16 bytes,        280 total
: 868K->0K(960K), 0.0006893 secs] 8415K->7619K(10176K), 0.0009499 secs] [Times: user=0.00 sys=0.00, real=0.00 secs] 
2019-01-02T11:13:00.522+0530: 848.424: [GC (Allocation Failure) 2019-01-02T11:13:00.522+0530: 848.424: [DefNew
Desired survivor size 32768 bytes, new threshold 15 (max 15)
- age   1:         40 bytes,         40 total
- age   2:        184 bytes,        224 total
- age   8:         16 bytes,        240 total
- age  14:         16 bytes,        256 total
: 896K->0K(960K), 0.0007081 secs] 8515K->7907K(10176K), 0.0009048 secs] [Times: user=0.00 sys=0.00, real=0.00 secs] 
2019-01-02T11:13:00.524+0530: 848.426: [GC (Allocation Failure) 2019-01-02T11:13:00.524+0530: 848.426: [DefNew
Desired survivor size 32768 bytes, new threshold 15 (max 15)
- age   3:        184 bytes,        184 total
- age   9:         16 bytes,        200 total
- age  15:         16 bytes,        216 total
: 896K->0K(960K), 0.0003849 secs] 8803K->8483K(10176K), 0.0004613 secs] [Times: user=0.00 sys=0.00, real=0.00 secs] 
2019-01-02T11:13:00.526+0530: 848.428: [GC (Allocation Failure) 2019-01-02T11:13:00.526+0530: 848.428: [DefNew
Desired survivor size 32768 bytes, new threshold 15 (max 15)
- age   1:         24 bytes,         24 total
- age   4:        184 bytes,        208 total
- age  10:         16 bytes,        224 total
: 462K->0K(960K), 0.0002389 secs] 8945K->8483K(10176K), 0.0003073 secs] [Times: user=0.00 sys=0.00, real=0.00 secs] 
2019-01-02T11:13:00.526+0530: 848.428: [GC (Allocation Failure) 2019-01-02T11:13:00.526+0530: 848.428: [DefNew
Desired survivor size 32768 bytes, new threshold 15 (max 15)
- age   2:         24 bytes,         24 total
- age   5:        184 bytes,        208 total
- age  11:         16 bytes,        224 total
: 497K->0K(960K), 0.0003221 secs] 8980K->8980K(10176K), 0.0003917 secs] [Times: user=0.02 sys=0.00, real=0.00 secs] 
2019-01-02T11:13:00.527+0530: 848.429: [GC (Allocation Failure) 2019-01-02T11:13:00.527+0530: 848.429: [DefNew: 514K->514K(960K), 0.0000314 secs]2019-01-02T11:13:00.527+0530: 848.429: [Tenured: 8979K->1259K(9216K), 0.0036427 secs] 9494K->1259K(10176K), [Metaspace: 2520K->2520K(1056768K)], 0.0038001 secs] [Times: user=0.00 sys=0.00, real=0.00 secs] 
2019-01-02T11:13:00.587+0530: 848.489: [GC (Allocation Failure) 2019-01-02T11:13:00.587+0530: 848.490: [DefNew
Desired survivor size 32768 bytes, new threshold 15 (max 15)
- age   1:        248 bytes,        248 total
: 868K->0K(960K), 0.0010571 secs] 2127K->1829K(10176K), 0.0014277 secs] [Times: user=0.00 sys=0.00, real=0.00 secs] 
2019-01-02T11:13:00.590+0530: 848.493: [GC (Allocation Failure) 2019-01-02T11:13:00.590+0530: 848.493: [DefNew
Desired survivor size 32768 bytes, new threshold 15 (max 15)
- age   1:         40 bytes,         40 total
- age   2:        184 bytes,        224 total
: 896K->0K(960K), 0.0008951 secs] 2725K->2117K(10176K), 0.0010502 secs] [Times: user=0.00 sys=0.00, real=0.00 secs] 
2019-01-02T11:13:00.593+0530: 848.495: [GC (Allocation Failure) 2019-01-02T11:13:00.593+0530: 848.495: [DefNew
Desired survivor size 32768 bytes, new threshold 15 (max 15)
- age   3:        184 bytes,        184 total
: 896K->0K(960K), 0.0011175 secs] 3013K->2693K(10176K), 0.0012994 secs] [Times: user=0.00 sys=0.00, real=0.00 secs] 
2019-01-02T11:13:00.596+0530: 848.498: [GC (Allocation Failure) 2019-01-02T11:13:00.596+0530: 848.498: [DefNew
Desired survivor size 32768 bytes, new threshold 15 (max 15)
- age   1:         24 bytes,         24 total
- age   4:        184 bytes,        208 total
: 462K->0K(960K), 0.0002480 secs] 3155K->2693K(10176K), 0.0003239 secs] [Times: user=0.00 sys=0.00, real=0.00 secs] 
2019-01-02T11:13:00.596+0530: 848.498: [GC (Allocation Failure) 2019-01-02T11:13:00.596+0530: 848.498: [DefNew
Desired survivor size 32768 bytes, new threshold 15 (max 15)
- age   2:         24 bytes,         24 total
- age   5:        184 bytes,        208 total
: 497K->0K(960K), 0.0003324 secs] 3190K->3190K(10176K), 0.0004020 secs] [Times: user=0.00 sys=0.00, real=0.00 secs] 
2019-01-02T11:13:00.597+0530: 848.499: [GC (Allocation Failure) 2019-01-02T11:13:00.597+0530: 848.499: [DefNew
Desired survivor size 32768 bytes, new threshold 15 (max 15)
- age   1:         24 bytes,         24 total
- age   6:         72 bytes,         96 total
: 514K->0K(960K), 0.0003045 secs] 3704K->3687K(10176K), 0.0003740 secs] [Times: user=0.00 sys=0.00, real=0.00 secs] 
2019-01-02T11:13:00.664+0530: 848.566: [GC (Allocation Failure) 2019-01-02T11:13:00.664+0530: 848.566: [DefNew
Desired survivor size 32768 bytes, new threshold 15 (max 15)
- age   1:        248 bytes,        248 total
- age   7:         16 bytes,        264 total
: 868K->0K(960K), 0.0007201 secs] 4555K->3759K(10176K), 0.0010012 secs] [Times: user=0.00 sys=0.00, real=0.00 secs] 
2019-01-02T11:13:00.667+0530: 848.569: [GC (Allocation Failure) 2019-01-02T11:13:00.667+0530: 848.569: [DefNew
Desired survivor size 32768 bytes, new threshold 15 (max 15)
- age   1:         40 bytes,         40 total
- age   2:        184 bytes,        224 total
- age   8:         16 bytes,        240 total
: 896K->0K(960K), 0.0008245 secs] 4655K->4047K(10176K), 0.0009687 secs] [Times: user=0.02 sys=0.00, real=0.00 secs] 
2019-01-02T11:13:00.669+0530: 848.571: [GC (Allocation Failure) 2019-01-02T11:13:00.669+0530: 848.571: [DefNew
Desired survivor size 32768 bytes, new threshold 15 (max 15)
- age   3:        184 bytes,        184 total
- age   9:         16 bytes,        200 total
: 896K->0K(960K), 0.0004213 secs] 4943K->4623K(10176K), 0.0005074 secs] [Times: user=0.00 sys=0.00, real=0.00 secs] 
2019-01-02T11:13:00.671+0530: 848.573: [GC (Allocation Failure) 2019-01-02T11:13:00.671+0530: 848.573: [DefNew
Desired survivor size 32768 bytes, new threshold 15 (max 15)
- age   1:         24 bytes,         24 total
- age   4:        184 bytes,        208 total
- age  10:         16 bytes,        224 total
: 462K->0K(960K), 0.0004955 secs] 5085K->4623K(10176K), 0.0006232 secs] [Times: user=0.00 sys=0.00, real=0.00 secs] 
2019-01-02T11:13:00.672+0530: 848.575: [GC (Allocation Failure) 2019-01-02T11:13:00.673+0530: 848.575: [DefNew
Desired survivor size 32768 bytes, new threshold 15 (max 15)
- age   2:         24 bytes,         24 total
- age   5:        184 bytes,        208 total
- age  11:         16 bytes,        224 total
: 497K->0K(960K), 0.0007264 secs] 5120K->5120K(10176K), 0.0008028 secs] [Times: user=0.00 sys=0.00, real=0.00 secs] 
2019-01-02T11:13:00.674+0530: 848.576: [GC (Allocation Failure) 2019-01-02T11:13:00.674+0530: 848.576: [DefNew
Desired survivor size 32768 bytes, new threshold 15 (max 15)
- age   1:         24 bytes,         24 total
- age   6:         72 bytes,         96 total
- age  12:         16 bytes,        112 total
: 514K->0K(960K), 0.0010844 secs] 5635K->5617K(10176K), 0.0012429 secs] [Times: user=0.00 sys=0.00, real=0.00 secs] 
2019-01-02T11:13:00.729+0530: 848.631: [GC (Allocation Failure) 2019-01-02T11:13:00.729+0530: 848.631: [DefNew
Desired survivor size 32768 bytes, new threshold 15 (max 15)
- age   1:        248 bytes,        248 total
- age   7:         16 bytes,        264 total
- age  13:         16 bytes,        280 total
: 868K->0K(960K), 0.0014927 secs] 6485K->5689K(10176K), 0.0017276 secs] [Times: user=0.02 sys=0.00, real=0.00 secs] 
2019-01-02T11:13:00.733+0530: 848.635: [GC (Allocation Failure) 2019-01-02T11:13:00.733+0530: 848.635: [DefNew
Desired survivor size 32768 bytes, new threshold 15 (max 15)
- age   1:         40 bytes,         40 total
- age   2:        184 bytes,        224 total
- age   8:         16 bytes,        240 total
- age  14:         16 bytes,        256 total
: 896K->0K(960K), 0.0012116 secs] 6585K->5977K(10176K), 0.0014625 secs] [Times: user=0.00 sys=0.00, real=0.00 secs] 
2019-01-02T11:13:00.736+0530: 848.638: [GC (Allocation Failure) 2019-01-02T11:13:00.736+0530: 848.638: [DefNew
Desired survivor size 32768 bytes, new threshold 15 (max 15)
- age   3:        184 bytes,        184 total
- age   9:         16 bytes,        200 total
- age  15:         16 bytes,        216 total
: 896K->0K(960K), 0.0004561 secs] 6873K->6553K(10176K), 0.0006169 secs] [Times: user=0.00 sys=0.00, real=0.00 secs] 
2019-01-02T11:13:00.738+0530: 848.640: [GC (Allocation Failure) 2019-01-02T11:13:00.738+0530: 848.641: [DefNew
Desired survivor size 32768 bytes, new threshold 15 (max 15)
- age   1:         24 bytes,         24 total
- age   4:        184 bytes,        208 total
- age  10:         16 bytes,        224 total
: 462K->0K(960K), 0.0003102 secs] 7015K->6553K(10176K), 0.0004185 secs] [Times: user=0.00 sys=0.00, real=0.00 secs] 
2019-01-02T11:13:00.739+0530: 848.642: [GC (Allocation Failure) 2019-01-02T11:13:00.739+0530: 848.642: [DefNew
Desired survivor size 32768 bytes, new threshold 15 (max 15)
- age   2:         24 bytes,         24 total
- age   5:        184 bytes,        208 total
- age  11:         16 bytes,        224 total
: 497K->0K(960K), 0.0009362 secs] 7050K->7050K(10176K), 0.0010018 secs] [Times: user=0.00 sys=0.00, real=0.00 secs] 
2019-01-02T11:13:00.741+0530: 848.643: [GC (Allocation Failure) 2019-01-02T11:13:00.741+0530: 848.643: [DefNew
Desired survivor size 32768 bytes, new threshold 15 (max 15)
- age   1:         24 bytes,         24 total
- age   6:         72 bytes,         96 total
- age  12:         16 bytes,        112 total
: 514K->0K(960K), 0.0007828 secs] 7565K->7547K(10176K), 0.0008758 secs] [Times: user=0.00 sys=0.00, real=0.00 secs] 
2019-01-02T11:13:00.794+0530: 848.696: [GC (Allocation Failure) 2019-01-02T11:13:00.794+0530: 848.696: [DefNew
Desired survivor size 32768 bytes, new threshold 15 (max 15)
- age   1:        248 bytes,        248 total
- age   7:         16 bytes,        264 total
- age  13:         16 bytes,        280 total
: 868K->0K(960K), 0.0007144 secs] 8415K->7619K(10176K), 0.0010063 secs] [Times: user=0.00 sys=0.00, real=0.00 secs] 
2019-01-02T11:13:00.797+0530: 848.699: [GC (Allocation Failure) 2019-01-02T11:13:00.797+0530: 848.699: [DefNew
Desired survivor size 32768 bytes, new threshold 15 (max 15)
- age   1:         40 bytes,         40 total
- age   2:        184 bytes,        224 total
- age   8:         16 bytes,        240 total
- age  14:         16 bytes,        256 total
: 896K->0K(960K), 0.0008108 secs] 8515K->7907K(10176K), 0.0010405 secs] [Times: user=0.00 sys=0.00, real=0.00 secs] 
2019-01-02T11:13:00.800+0530: 848.702: [GC (Allocation Failure) 2019-01-02T11:13:00.800+0530: 848.702: [DefNew
Desired survivor size 32768 bytes, new threshold 15 (max 15)
- age   3:        184 bytes,        184 total
- age   9:         16 bytes,        200 total
- age  15:         16 bytes,        216 total
: 896K->0K(960K), 0.0013199 secs] 8803K->8483K(10176K), 0.0014761 secs] [Times: user=0.00 sys=0.00, real=0.00 secs] 
2019-01-02T11:13:00.803+0530: 848.705: [GC (Allocation Failure) 2019-01-02T11:13:00.803+0530: 848.705: [DefNew
Desired survivor size 32768 bytes, new threshold 15 (max 15)
- age   1:         24 bytes,         24 total
- age   4:        184 bytes,        208 total
- age  10:         16 bytes,        224 total
: 462K->0K(960K), 0.0002440 secs] 8945K->8483K(10176K), 0.0003090 secs] [Times: user=0.00 sys=0.00, real=0.00 secs] 
2019-01-02T11:13:00.803+0530: 848.705: [GC (Allocation Failure) 2019-01-02T11:13:00.803+0530: 848.705: [DefNew
Desired survivor size 32768 bytes, new threshold 15 (max 15)
- age   2:         24 bytes,         24 total
- age   5:        184 bytes,        208 total
- age  11:         16 bytes,        224 total
: 497K->0K(960K), 0.0011871 secs] 8980K->8980K(10176K), 0.0013473 secs] [Times: user=0.00 sys=0.00, real=0.00 secs] 
2019-01-02T11:13:00.805+0530: 848.708: [GC (Allocation Failure) 2019-01-02T11:13:00.805+0530: 848.708: [DefNew: 514K->514K(960K), 0.0000513 secs]2019-01-02T11:13:00.806+0530: 848.708: [Tenured: 8980K->1259K(9216K), 0.0054462 secs] 9495K->1259K(10176K), [Metaspace: 2520K->2520K(1056768K)], 0.0056725 secs] [Times: user=0.02 sys=0.00, real=0.01 secs] 
2019-01-02T11:13:00.867+0530: 848.769: [GC (Allocation Failure) 2019-01-02T11:13:00.867+0530: 848.769: [DefNew
Desired survivor size 32768 bytes, new threshold 15 (max 15)
- age   1:        248 bytes,        248 total
: 868K->0K(960K), 0.0010839 secs] 2127K->1829K(10176K), 0.0014237 secs] [Times: user=0.00 sys=0.00, real=0.00 secs] 
2019-01-02T11:13:00.870+0530: 848.772: [GC (Allocation Failure) 2019-01-02T11:13:00.870+0530: 848.773: [DefNew
Desired survivor size 32768 bytes, new threshold 15 (max 15)
- age   1:         40 bytes,         40 total
- age   2:        184 bytes,        224 total
: 896K->0K(960K), 0.0010103 secs] 2725K->2117K(10176K), 0.0012606 secs] [Times: user=0.00 sys=0.00, real=0.00 secs] 
2019-01-02T11:13:00.873+0530: 848.775: [GC (Allocation Failure) 2019-01-02T11:13:00.873+0530: 848.775: [DefNew
Desired survivor size 32768 bytes, new threshold 15 (max 15)
- age   3:        184 bytes,        184 total
: 896K->0K(960K), 0.0012498 secs] 3013K->2693K(10176K), 0.0015662 secs] [Times: user=0.00 sys=0.00, real=0.00 secs] 
2019-01-02T11:13:00.876+0530: 848.778: [GC (Allocation Failure) 2019-01-02T11:13:00.876+0530: 848.778: [DefNew
Desired survivor size 32768 bytes, new threshold 15 (max 15)
- age   1:         24 bytes,         24 total
- age   4:        184 bytes,        208 total
: 462K->0K(960K), 0.0004955 secs] 3155K->2693K(10176K), 0.0006106 secs] [Times: user=0.00 sys=0.00, real=0.00 secs] 
2019-01-02T11:13:00.877+0530: 848.779: [GC (Allocation Failure) 2019-01-02T11:13:00.877+0530: 848.779: [DefNew
Desired survivor size 32768 bytes, new threshold 15 (max 15)
- age   2:         24 bytes,         24 total
- age   5:        184 bytes,        208 total
: 497K->0K(960K), 0.0003341 secs] 3190K->3190K(10176K), 0.0004042 secs] [Times: user=0.00 sys=0.00, real=0.00 secs] 
2019-01-02T11:13:00.878+0530: 848.780: [GC (Allocation Failure) 2019-01-02T11:13:00.878+0530: 848.780: [DefNew
Desired survivor size 32768 bytes, new threshold 15 (max 15)
- age   1:         24 bytes,         24 total
- age   6:         72 bytes,         96 total
: 514K->0K(960K), 0.0003050 secs] 3705K->3687K(10176K), 0.0004601 secs] [Times: user=0.00 sys=0.00, real=0.00 secs] 
2019-01-02T11:13:00.936+0530: 848.838: [GC (Allocation Failure) 2019-01-02T11:13:00.936+0530: 848.838: [DefNew
Desired survivor size 32768 bytes, new threshold 15 (max 15)
- age   1:        248 bytes,        248 total
- age   7:         16 bytes,        264 total
: 868K->0K(960K), 0.0008843 secs] 4555K->3759K(10176K), 0.0011660 secs] [Times: user=0.00 sys=0.00, real=0.00 secs] 
2019-01-02T11:13:00.940+0530: 848.842: [GC (Allocation Failure) 2019-01-02T11:13:00.940+0530: 848.842: [DefNew
Desired survivor size 32768 bytes, new threshold 15 (max 15)
- age   1:         40 bytes,         40 total
- age   2:        184 bytes,        224 total
- age   8:         16 bytes,        240 total
: 896K->0K(960K), 0.0013513 secs] 4655K->4047K(10176K), 0.0015297 secs] [Times: user=0.00 sys=0.00, real=0.00 secs] 
2019-01-02T11:13:00.943+0530: 848.845: [GC (Allocation Failure) 2019-01-02T11:13:00.943+0530: 848.845: [DefNew
Desired survivor size 32768 bytes, new threshold 15 (max 15)
- age   3:        184 bytes,        184 total
- age   9:         16 bytes,        200 total
: 896K->0K(960K), 0.0008701 secs] 4943K->4623K(10176K), 0.0009584 secs] [Times: user=0.00 sys=0.00, real=0.00 secs] 
2019-01-02T11:13:00.945+0530: 848.847: [GC (Allocation Failure) 2019-01-02T11:13:00.945+0530: 848.847: [DefNew
Desired survivor size 32768 bytes, new threshold 15 (max 15)
- age   1:         24 bytes,         24 total
- age   4:        184 bytes,        208 total
- age  10:         16 bytes,        224 total
: 462K->0K(960K), 0.0002549 secs] 5085K->4623K(10176K), 0.0003278 secs] [Times: user=0.00 sys=0.00, real=0.00 secs] 
2019-01-02T11:13:00.946+0530: 848.848: [GC (Allocation Failure) 2019-01-02T11:13:00.946+0530: 848.848: [DefNew
Desired survivor size 32768 bytes, new threshold 15 (max 15)
- age   2:         24 bytes,         24 total
- age   5:        184 bytes,        208 total
- age  11:         16 bytes,        224 total
: 497K->0K(960K), 0.0003421 secs] 5120K->5120K(10176K), 0.0004122 secs] [Times: user=0.00 sys=0.00, real=0.00 secs] 
2019-01-02T11:13:00.947+0530: 848.849: [GC (Allocation Failure) 2019-01-02T11:13:00.947+0530: 848.849: [DefNew
Desired survivor size 32768 bytes, new threshold 15 (max 15)
- age   1:         24 bytes,         24 total
- age   6:         72 bytes,         96 total
- age  12:         16 bytes,        112 total
: 515K->0K(960K), 0.0003256 secs] 5635K->5617K(10176K), 0.0003968 secs] [Times: user=0.00 sys=0.00, real=0.00 secs] 
2019-01-02T11:13:01.002+0530: 848.904: [GC (Allocation Failure) 2019-01-02T11:13:01.002+0530: 848.904: [DefNew
Desired survivor size 32768 bytes, new threshold 15 (max 15)
- age   1:        248 bytes,        248 total
- age   7:         16 bytes,        264 total
- age  13:         16 bytes,        280 total
: 868K->0K(960K), 0.0007150 secs] 6486K->5690K(10176K), 0.0009801 secs] [Times: user=0.00 sys=0.00, real=0.00 secs] 
2019-01-02T11:13:01.005+0530: 848.907: [GC (Allocation Failure) 2019-01-02T11:13:01.005+0530: 848.907: [DefNew
Desired survivor size 32768 bytes, new threshold 15 (max 15)
- age   1:         40 bytes,         40 total
- age   2:        184 bytes,        224 total
- age   8:         16 bytes,        240 total
- age  14:         16 bytes,        256 total
: 896K->0K(960K), 0.0010594 secs] 6586K->5978K(10176K), 0.0012612 secs] [Times: user=0.00 sys=0.00, real=0.00 secs] 
2019-01-02T11:13:01.008+0530: 848.910: [GC (Allocation Failure) 2019-01-02T11:13:01.008+0530: 848.910: [DefNew
Desired survivor size 32768 bytes, new threshold 15 (max 15)
- age   3:        184 bytes,        184 total
- age   9:         16 bytes,        200 total
- age  15:         16 bytes,        216 total
: 896K->0K(960K), 0.0009003 secs] 6874K->6554K(10176K), 0.0010303 secs] [Times: user=0.00 sys=0.00, real=0.00 secs] 
2019-01-02T11:13:01.011+0530: 848.913: [GC (Allocation Failure) 2019-01-02T11:13:01.011+0530: 848.913: [DefNew
Desired survivor size 32768 bytes, new threshold 15 (max 15)
- age   1:         24 bytes,         24 total
- age   4:        184 bytes,        208 total
- age  10:         16 bytes,        224 total
: 462K->0K(960K), 0.0006272 secs] 7016K->6554K(10176K), 0.0007703 secs] [Times: user=0.00 sys=0.00, real=0.00 secs] 
2019-01-02T11:13:01.012+0530: 848.914: [GC (Allocation Failure) 2019-01-02T11:13:01.012+0530: 848.914: [DefNew
Desired survivor size 32768 bytes, new threshold 15 (max 15)
- age   2:         24 bytes,         24 total
- age   5:        184 bytes,        208 total
- age  11:         16 bytes,        224 total
: 497K->0K(960K), 0.0003472 secs] 7051K->7051K(10176K), 0.0004202 secs] [Times: user=0.00 sys=0.00, real=0.00 secs] 
2019-01-02T11:13:01.013+0530: 848.915: [GC (Allocation Failure) 2019-01-02T11:13:01.013+0530: 848.915: [DefNew
Desired survivor size 32768 bytes, new threshold 15 (max 15)
- age   1:         24 bytes,         24 total
- age   6:         72 bytes,         96 total
- age  12:         16 bytes,        112 total
: 515K->0K(960K), 0.0003347 secs] 7566K->7548K(10176K), 0.0004060 secs] [Times: user=0.00 sys=0.00, real=0.00 secs] 
2019-01-02T11:13:01.069+0530: 848.971: [GC (Allocation Failure) 2019-01-02T11:13:01.069+0530: 848.971: [DefNew
Desired survivor size 32768 bytes, new threshold 15 (max 15)
- age   1:        248 bytes,        248 total
- age   7:         16 bytes,        264 total
- age  13:         16 bytes,        280 total
: 868K->0K(960K), 0.0011084 secs] 8416K->7620K(10176K), 0.0014636 secs] [Times: user=0.00 sys=0.00, real=0.00 secs] 
2019-01-02T11:13:01.072+0530: 848.975: [GC (Allocation Failure) 2019-01-02T11:13:01.073+0530: 848.975: [DefNew
Desired survivor size 32768 bytes, new threshold 15 (max 15)
- age   1:         40 bytes,         40 total
- age   2:        184 bytes,        224 total
- age   8:         16 bytes,        240 total
- age  14:         16 bytes,        256 total
: 896K->0K(960K), 0.0003467 secs] 8516K->7908K(10176K), 0.0004339 secs] [Times: user=0.00 sys=0.01, real=0.00 secs] 
2019-01-02T11:13:01.074+0530: 848.976: [GC (Allocation Failure) 2019-01-02T11:13:01.074+0530: 848.976: [DefNew
Desired survivor size 32768 bytes, new threshold 15 (max 15)
- age   3:        184 bytes,        184 total
- age   9:         16 bytes,        200 total
- age  15:         16 bytes,        216 total
: 896K->0K(960K), 0.0008644 secs] 8804K->8484K(10176K), 0.0010360 secs] [Times: user=0.00 sys=0.00, real=0.00 secs] 
2019-01-02T11:13:01.076+0530: 848.979: [GC (Allocation Failure) 2019-01-02T11:13:01.076+0530: 848.979: [DefNew
Desired survivor size 32768 bytes, new threshold 15 (max 15)
- age   1:         24 bytes,         24 total
- age   4:        184 bytes,        208 total
- age  10:         16 bytes,        224 total
: 462K->0K(960K), 0.0008324 secs] 8946K->8484K(10176K), 0.0009807 secs] [Times: user=0.00 sys=0.00, real=0.00 secs] 
2019-01-02T11:13:01.078+0530: 848.980: [GC (Allocation Failure) 2019-01-02T11:13:01.078+0530: 848.980: [DefNew
Desired survivor size 32768 bytes, new threshold 15 (max 15)
- age   2:         24 bytes,         24 total
- age   5:        184 bytes,        208 total
- age  11:         16 bytes,        224 total
: 497K->0K(960K), 0.0003461 secs] 8981K->8981K(10176K), 0.0004219 secs] [Times: user=0.00 sys=0.00, real=0.00 secs] 
2019-01-02T11:13:01.079+0530: 848.981: [GC (Allocation Failure) 2019-01-02T11:13:01.079+0530: 848.981: [DefNew: 515K->515K(960K), 0.0000279 secs]2019-01-02T11:13:01.079+0530: 848.981: [Tenured: 8981K->1259K(9216K), 0.0037226 secs] 9496K->1259K(10176K), [Metaspace: 2520K->2520K(1056768K)], 0.0038816 secs] [Times: user=0.00 sys=0.00, real=0.00 secs] 
2019-01-02T11:13:01.137+0530: 849.039: [GC (Allocation Failure) 2019-01-02T11:13:01.137+0530: 849.039: [DefNew
Desired survivor size 32768 bytes, new threshold 15 (max 15)
- age   1:        248 bytes,        248 total
: 868K->0K(960K), 0.0014351 secs] 2128K->1829K(10176K), 0.0017669 secs] [Times: user=0.00 sys=0.00, real=0.00 secs] 
2019-01-02T11:13:01.141+0530: 849.044: [GC (Allocation Failure) 2019-01-02T11:13:01.142+0530: 849.044: [DefNew
Desired survivor size 32768 bytes, new threshold 15 (max 15)
- age   1:         40 bytes,         40 total
- age   2:        184 bytes,        224 total
: 896K->0K(960K), 0.0006494 secs] 2725K->2117K(10176K), 0.0008410 secs] [Times: user=0.00 sys=0.00, real=0.00 secs] 
2019-01-02T11:13:01.144+0530: 849.046: [GC (Allocation Failure) 2019-01-02T11:13:01.144+0530: 849.046: [DefNew
Desired survivor size 32768 bytes, new threshold 15 (max 15)
- age   3:        184 bytes,        184 total
: 896K->0K(960K), 0.0008912 secs] 3013K->2693K(10176K), 0.0010240 secs] [Times: user=0.00 sys=0.00, real=0.00 secs] 
2019-01-02T11:13:01.146+0530: 849.048: [GC (Allocation Failure) 2019-01-02T11:13:01.146+0530: 849.048: [DefNew
Desired survivor size 32768 bytes, new threshold 15 (max 15)
- age   1:         24 bytes,         24 total
- age   4:        184 bytes,        208 total
: 462K->0K(960K), 0.0003410 secs] 3155K->2693K(10176K), 0.0005257 secs] [Times: user=0.00 sys=0.00, real=0.00 secs] 
2019-01-02T11:13:01.148+0530: 849.050: [GC (Allocation Failure) 2019-01-02T11:13:01.148+0530: 849.050: [DefNew
Desired survivor size 32768 bytes, new threshold 15 (max 15)
- age   2:         24 bytes,         24 total
- age   5:        184 bytes,        208 total
: 497K->0K(960K), 0.0005878 secs] 3190K->3190K(10176K), 0.0006984 secs] [Times: user=0.00 sys=0.00, real=0.00 secs] 
2019-01-02T11:13:01.149+0530: 849.051: [GC (Allocation Failure) 2019-01-02T11:13:01.149+0530: 849.051: [DefNew
Desired survivor size 32768 bytes, new threshold 15 (max 15)
- age   1:         24 bytes,         24 total
- age   6:         72 bytes,         96 total
: 515K->0K(960K), 0.0003278 secs] 3705K->3687K(10176K), 0.0004003 secs] [Times: user=0.00 sys=0.00, real=0.00 secs] 
2019-01-02T11:13:01.207+0530: 849.109: [GC (Allocation Failure) 2019-01-02T11:13:01.207+0530: 849.109: [DefNew
Desired survivor size 32768 bytes, new threshold 15 (max 15)
- age   1:        248 bytes,        248 total
- age   7:         16 bytes,        264 total
: 868K->0K(960K), 0.0007857 secs] 4556K->3760K(10176K), 0.0010782 secs] [Times: user=0.00 sys=0.00, real=0.00 secs] 
2019-01-02T11:13:01.209+0530: 849.112: [GC (Allocation Failure) 2019-01-02T11:13:01.209+0530: 849.112: [DefNew
Desired survivor size 32768 bytes, new threshold 15 (max 15)
- age   1:         40 bytes,         40 total
- age   2:        184 bytes,        224 total
- age   8:         16 bytes,        240 total
: 896K->0K(960K), 0.0007657 secs] 4656K->4048K(10176K), 0.0009048 secs] [Times: user=0.00 sys=0.00, real=0.00 secs] 
2019-01-02T11:13:01.212+0530: 849.114: [GC (Allocation Failure) 2019-01-02T11:13:01.212+0530: 849.114: [DefNew
Desired survivor size 32768 bytes, new threshold 15 (max 15)
- age   3:        184 bytes,        184 total
- age   9:         16 bytes,        200 total
: 896K->0K(960K), 0.0010423 secs] 4944K->4624K(10176K), 0.0011922 secs] [Times: user=0.02 sys=0.00, real=0.00 secs] 
2019-01-02T11:13:01.215+0530: 849.117: [GC (Allocation Failure) 2019-01-02T11:13:01.215+0530: 849.117: [DefNew
Desired survivor size 32768 bytes, new threshold 15 (max 15)
- age   1:         24 bytes,         24 total
- age   4:        184 bytes,        208 total
- age  10:         16 bytes,        224 total
: 462K->0K(960K), 0.0002714 secs] 5086K->4624K(10176K), 0.0003586 secs] [Times: user=0.00 sys=0.00, real=0.00 secs] 
2019-01-02T11:13:01.215+0530: 849.118: [GC (Allocation Failure) 2019-01-02T11:13:01.215+0530: 849.118: [DefNew
Desired survivor size 32768 bytes, new threshold 15 (max 15)
- age   2:         24 bytes,         24 total
- age   5:        184 bytes,        208 total
- age  11:         16 bytes,        224 total
: 497K->0K(960K), 0.0003569 secs] 5121K->5121K(10176K), 0.0004305 secs] [Times: user=0.00 sys=0.00, real=0.00 secs] 
2019-01-02T11:13:01.216+0530: 849.118: [GC (Allocation Failure) 2019-01-02T11:13:01.216+0530: 849.118: [DefNew
Desired survivor size 32768 bytes, new threshold 15 (max 15)
- age   1:         24 bytes,         24 total
- age   6:         72 bytes,         96 total
- age  12:         16 bytes,        112 total
: 515K->0K(960K), 0.0003358 secs] 5636K->5618K(10176K), 0.0004145 secs] [Times: user=0.00 sys=0.00, real=0.00 secs] 
2019-01-02T11:13:01.272+0530: 849.174: [GC (Allocation Failure) 2019-01-02T11:13:01.272+0530: 849.175: [DefNew
Desired survivor size 32768 bytes, new threshold 15 (max 15)
- age   1:        248 bytes,        248 total
- age   7:         16 bytes,        264 total
- age  13:         16 bytes,        280 total
: 868K->0K(960K), 0.0013604 secs] 6486K->5690K(10176K), 0.0017236 secs] [Times: user=0.00 sys=0.00, real=0.00 secs] 
2019-01-02T11:13:01.276+0530: 849.178: [GC (Allocation Failure) 2019-01-02T11:13:01.276+0530: 849.178: [DefNew
Desired survivor size 32768 bytes, new threshold 15 (max 15)
- age   1:         40 bytes,         40 total
- age   2:        184 bytes,        224 total
- age   8:         16 bytes,        240 total
- age  14:         16 bytes,        256 total
: 896K->0K(960K), 0.0006574 secs] 6586K->5978K(10176K), 0.0007674 secs] [Times: user=0.00 sys=0.00, real=0.00 secs] 
2019-01-02T11:13:01.278+0530: 849.180: [GC (Allocation Failure) 2019-01-02T11:13:01.278+0530: 849.180: [DefNew
Desired survivor size 32768 bytes, new threshold 15 (max 15)
- age   3:        184 bytes,        184 total
- age   9:         16 bytes,        200 total
- age  15:         16 bytes,        216 total
: 896K->0K(960K), 0.0012207 secs] 6874K->6554K(10176K), 0.0013518 secs] [Times: user=0.00 sys=0.00, real=0.00 secs] 
2019-01-02T11:13:01.281+0530: 849.184: [GC (Allocation Failure) 2019-01-02T11:13:01.282+0530: 849.184: [DefNew
Desired survivor size 32768 bytes, new threshold 15 (max 15)
- age   1:         24 bytes,         24 total
- age   4:        184 bytes,        208 total
- age  10:         16 bytes,        224 total
: 462K->0K(960K), 0.0008473 secs] 7016K->6554K(10176K), 0.0010280 secs] [Times: user=0.00 sys=0.00, real=0.00 secs] 
2019-01-02T11:13:01.283+0530: 849.185: [GC (Allocation Failure) 2019-01-02T11:13:01.283+0530: 849.185: [DefNew
Desired survivor size 32768 bytes, new threshold 15 (max 15)
- age   2:         24 bytes,         24 total
- age   5:        184 bytes,        208 total
- age  11:         16 bytes,        224 total
: 497K->0K(960K), 0.0003524 secs] 7051K->7051K(10176K), 0.0004259 secs] [Times: user=0.00 sys=0.00, real=0.00 secs] 
2019-01-02T11:13:01.284+0530: 849.186: [GC (Allocation Failure) 2019-01-02T11:13:01.284+0530: 849.186: [DefNew
Desired survivor size 32768 bytes, new threshold 15 (max 15)
- age   1:         24 bytes,         24 total
- age   6:         72 bytes,         96 total
- age  12:         16 bytes,        112 total
: 515K->0K(960K), 0.0003335 secs] 7566K->7549K(10176K), 0.0004060 secs] [Times: user=0.00 sys=0.00, real=0.00 secs] 
2019-01-02T11:13:01.340+0530: 849.242: [GC (Allocation Failure) 2019-01-02T11:13:01.340+0530: 849.242: [DefNew
Desired survivor size 32768 bytes, new threshold 15 (max 15)
- age   1:        248 bytes,        248 total
- age   7:         16 bytes,        264 total
- age  13:         16 bytes,        280 total
: 868K->0K(960K), 0.0011979 secs] 8417K->7621K(10176K), 0.0015622 secs] [Times: user=0.00 sys=0.00, real=0.00 secs] 
2019-01-02T11:13:01.343+0530: 849.245: [GC (Allocation Failure) 2019-01-02T11:13:01.343+0530: 849.245: [DefNew
Desired survivor size 32768 bytes, new threshold 15 (max 15)
- age   1:         40 bytes,         40 total
- age   2:        184 bytes,        224 total
- age   8:         16 bytes,        240 total
- age  14:         16 bytes,        256 total
: 896K->0K(960K), 0.0008581 secs] 8517K->7909K(10176K), 0.0009607 secs] [Times: user=0.00 sys=0.00, real=0.00 secs] 
2019-01-02T11:13:01.345+0530: 849.248: [GC (Allocation Failure) 2019-01-02T11:13:01.345+0530: 849.248: [DefNew
Desired survivor size 32768 bytes, new threshold 15 (max 15)
- age   3:        184 bytes,        184 total
- age   9:         16 bytes,        200 total
- age  15:         16 bytes,        216 total
: 896K->0K(960K), 0.0012144 secs] 8805K->8485K(10176K), 0.0013786 secs] [Times: user=0.00 sys=0.00, real=0.00 secs] 
2019-01-02T11:13:01.348+0530: 849.250: [GC (Allocation Failure) 2019-01-02T11:13:01.348+0530: 849.250: [DefNew
Desired survivor size 32768 bytes, new threshold 15 (max 15)
- age   1:         24 bytes,         24 total
- age   4:        184 bytes,        208 total
- age  10:         16 bytes,        224 total
: 462K->0K(960K), 0.0003204 secs] 8947K->8485K(10176K), 0.0004470 secs] [Times: user=0.00 sys=0.00, real=0.00 secs] 
2019-01-02T11:13:01.349+0530: 849.251: [GC (Allocation Failure) 2019-01-02T11:13:01.349+0530: 849.251: [DefNew
Desired survivor size 32768 bytes, new threshold 15 (max 15)
- age   2:         24 bytes,         24 total
- age   5:        184 bytes,        208 total
- age  11:         16 bytes,        224 total
: 497K->0K(960K), 0.0003421 secs] 8982K->8982K(10176K), 0.0004162 secs] [Times: user=0.00 sys=0.00, real=0.00 secs] 
2019-01-02T11:13:01.350+0530: 849.252: [GC (Allocation Failure) 2019-01-02T11:13:01.350+0530: 849.252: [DefNew: 515K->515K(960K), 0.0000279 secs]2019-01-02T11:13:01.350+0530: 849.252: [Tenured: 8982K->1260K(9216K), 0.0036958 secs] 9497K->1260K(10176K), [Metaspace: 2520K->2520K(1056768K)], 0.0038463 secs] [Times: user=0.02 sys=0.00, real=0.00 secs] 
2019-01-02T11:13:01.409+0530: 849.311: [GC (Allocation Failure) 2019-01-02T11:13:01.409+0530: 849.311: [DefNew
Desired survivor size 32768 bytes, new threshold 15 (max 15)
- age   1:        248 bytes,        248 total
: 868K->0K(960K), 0.0010434 secs] 2128K->1829K(10176K), 0.0014294 secs] [Times: user=0.00 sys=0.00, real=0.00 secs] 
2019-01-02T11:13:01.412+0530: 849.314: [GC (Allocation Failure) 2019-01-02T11:13:01.412+0530: 849.314: [DefNew
Desired survivor size 32768 bytes, new threshold 15 (max 15)
- age   1:         40 bytes,         40 total
- age   2:        184 bytes,        224 total
: 896K->0K(960K), 0.0009208 secs] 2725K->2117K(10176K), 0.0011295 secs] [Times: user=0.00 sys=0.00, real=0.00 secs] 
2019-01-02T11:13:01.415+0530: 849.317: [GC (Allocation Failure) 2019-01-02T11:13:01.415+0530: 849.317: [DefNew
Desired survivor size 32768 bytes, new threshold 15 (max 15)
- age   3:        184 bytes,        184 total
: 896K->0K(960K), 0.0010765 secs] 3013K->2693K(10176K), 0.0012116 secs] [Times: user=0.02 sys=0.00, real=0.00 secs] 
2019-01-02T11:13:01.417+0530: 849.319: [GC (Allocation Failure) 2019-01-02T11:13:01.417+0530: 849.319: [DefNew
Desired survivor size 32768 bytes, new threshold 15 (max 15)
- age   1:         24 bytes,         24 total
- age   4:        184 bytes,        208 total
: 462K->0K(960K), 0.0002600 secs] 3155K->2693K(10176K), 0.0003353 secs] [Times: user=0.00 sys=0.00, real=0.00 secs] 
2019-01-02T11:13:01.418+0530: 849.320: [GC (Allocation Failure) 2019-01-02T11:13:01.418+0530: 849.320: [DefNew
Desired survivor size 32768 bytes, new threshold 15 (max 15)
- age   2:         24 bytes,         24 total
- age   5:        184 bytes,        208 total
: 497K->0K(960K), 0.0003318 secs] 3191K->3191K(10176K), 0.0004042 secs] [Times: user=0.00 sys=0.00, real=0.00 secs] 
2019-01-02T11:13:01.418+0530: 849.321: [GC (Allocation Failure) 2019-01-02T11:13:01.418+0530: 849.321: [DefNew
Desired survivor size 32768 bytes, new threshold 15 (max 15)
- age   1:         24 bytes,         24 total
- age   6:         72 bytes,         96 total
: 515K->0K(960K), 0.0003347 secs] 3705K->3688K(10176K), 0.0004060 secs] [Times: user=0.00 sys=0.00, real=0.00 secs] 
2019-01-02T11:13:01.476+0530: 849.378: [GC (Allocation Failure) 2019-01-02T11:13:01.476+0530: 849.378: [DefNew
Desired survivor size 32768 bytes, new threshold 15 (max 15)
- age   1:        248 bytes,        248 total
- age   7:         16 bytes,        264 total
: 868K->0K(960K), 0.0008102 secs] 4556K->3760K(10176K), 0.0011175 secs] [Times: user=0.00 sys=0.00, real=0.00 secs] 
2019-01-02T11:13:01.478+0530: 849.380: [GC (Allocation Failure) 2019-01-02T11:13:01.478+0530: 849.381: [DefNew
Desired survivor size 32768 bytes, new threshold 15 (max 15)
- age   1:         40 bytes,         40 total
- age   2:        184 bytes,        224 total
- age   8:         16 bytes,        240 total
: 896K->0K(960K), 0.0007235 secs] 4656K->4048K(10176K), 0.0008997 secs] [Times: user=0.00 sys=0.00, real=0.00 secs] 
2019-01-02T11:13:01.481+0530: 849.383: [GC (Allocation Failure) 2019-01-02T11:13:01.481+0530: 849.383: [DefNew
Desired survivor size 32768 bytes, new threshold 15 (max 15)
- age   3:        184 bytes,        184 total
- age   9:         16 bytes,        200 total
: 896K->0K(960K), 0.0008290 secs] 4944K->4624K(10176K), 0.0010987 secs] [Times: user=0.00 sys=0.00, real=0.00 secs] 
2019-01-02T11:13:01.483+0530: 849.386: [GC (Allocation Failure) 2019-01-02T11:13:01.483+0530: 849.386: [DefNew
Desired survivor size 32768 bytes, new threshold 15 (max 15)
- age   1:         24 bytes,         24 total
- age   4:        184 bytes,        208 total
- age  10:         16 bytes,        224 total
: 462K->0K(960K), 0.0002651 secs] 5086K->4624K(10176K), 0.0003449 secs] [Times: user=0.00 sys=0.00, real=0.00 secs] 
2019-01-02T11:13:01.484+0530: 849.386: [GC (Allocation Failure) 2019-01-02T11:13:01.484+0530: 849.386: [DefNew
Desired survivor size 32768 bytes, new threshold 15 (max 15)
- age   2:         24 bytes,         24 total
- age   5:        184 bytes,        208 total
- age  11:         16 bytes,        224 total
: 497K->0K(960K), 0.0003518 secs] 5121K->5121K(10176K), 0.0004248 secs] [Times: user=0.00 sys=0.00, real=0.00 secs] 
2019-01-02T11:13:01.485+0530: 849.387: [GC (Allocation Failure) 2019-01-02T11:13:01.485+0530: 849.387: [DefNew
Desired survivor size 32768 bytes, new threshold 15 (max 15)
- age   1:         24 bytes,         24 total
- age   6:         72 bytes,         96 total
- age  12:         16 bytes,        112 total
: 515K->0K(960K), 0.0003261 secs] 5636K->5619K(10176K), 0.0003963 secs] [Times: user=0.00 sys=0.00, real=0.00 secs] 
2019-01-02T11:13:01.545+0530: 849.448: [GC (Allocation Failure) 2019-01-02T11:13:01.546+0530: 849.448: [DefNew
Desired survivor size 32768 bytes, new threshold 15 (max 15)
- age   1:        248 bytes,        248 total
- age   7:         16 bytes,        264 total
- age  13:         16 bytes,        280 total
: 868K->0K(960K), 0.0009704 secs] 6487K->5691K(10176K), 0.0012310 secs] [Times: user=0.00 sys=0.00, real=0.00 secs] 
2019-01-02T11:13:01.549+0530: 849.451: [GC (Allocation Failure) 2019-01-02T11:13:01.549+0530: 849.451: [DefNew
Desired survivor size 32768 bytes, new threshold 15 (max 15)
- age   1:         40 bytes,         40 total
- age   2:        184 bytes,        224 total
- age   8:         16 bytes,        240 total
- age  14:         16 bytes,        256 total
: 896K->0K(960K), 0.0006460 secs] 6587K->5979K(10176K), 0.0009054 secs] [Times: user=0.00 sys=0.00, real=0.00 secs] 
2019-01-02T11:13:01.551+0530: 849.454: [GC (Allocation Failure) 2019-01-02T11:13:01.551+0530: 849.454: [DefNew
Desired survivor size 32768 bytes, new threshold 15 (max 15)
- age   3:        184 bytes,        184 total
- age   9:         16 bytes,        200 total
- age  15:         16 bytes,        216 total
: 896K->0K(960K), 0.0003940 secs] 6875K->6555K(10176K), 0.0004767 secs] [Times: user=0.00 sys=0.00, real=0.00 secs] 
2019-01-02T11:13:01.553+0530: 849.455: [GC (Allocation Failure) 2019-01-02T11:13:01.553+0530: 849.455: [DefNew
Desired survivor size 32768 bytes, new threshold 15 (max 15)
- age   1:         24 bytes,         24 total
- age   4:        184 bytes,        208 total
- age  10:         16 bytes,        224 total
: 462K->0K(960K), 0.0002497 secs] 7017K->6555K(10176K), 0.0003250 secs] [Times: user=0.00 sys=0.00, real=0.00 secs] 
2019-01-02T11:13:01.554+0530: 849.456: [GC (Allocation Failure) 2019-01-02T11:13:01.554+0530: 849.456: [DefNew
Desired survivor size 32768 bytes, new threshold 15 (max 15)
- age   2:         24 bytes,         24 total
- age   5:        184 bytes,        208 total
- age  11:         16 bytes,        224 total
: 497K->0K(960K), 0.0003210 secs] 7052K->7052K(10176K), 0.0003963 secs] [Times: user=0.00 sys=0.00, real=0.00 secs] 
2019-01-02T11:13:01.554+0530: 849.457: [GC (Allocation Failure) 2019-01-02T11:13:01.554+0530: 849.457: [DefNew
Desired survivor size 32768 bytes, new threshold 15 (max 15)
- age   1:         24 bytes,         24 total
- age   6:         72 bytes,         96 total
- age  12:         16 bytes,        112 total
: 515K->0K(960K), 0.0003090 secs] 7567K->7549K(10176K), 0.0003803 secs] [Times: user=0.00 sys=0.00, real=0.00 secs] 
2019-01-02T11:13:01.613+0530: 849.515: [GC (Allocation Failure) 2019-01-02T11:13:01.613+0530: 849.515: [DefNew
Desired survivor size 32768 bytes, new threshold 15 (max 15)
- age   1:        248 bytes,        248 total
- age   7:         16 bytes,        264 total
- age  13:         16 bytes,        280 total
: 868K->0K(960K), 0.0008273 secs] 8418K->7622K(10176K), 0.0010571 secs] [Times: user=0.00 sys=0.00, real=0.00 secs] 
2019-01-02T11:13:01.616+0530: 849.518: [GC (Allocation Failure) 2019-01-02T11:13:01.616+0530: 849.518: [DefNew
Desired survivor size 32768 bytes, new threshold 15 (max 15)
- age   1:         40 bytes,         40 total
- age   2:        184 bytes,        224 total
- age   8:         16 bytes,        240 total
- age  14:         16 bytes,        256 total
: 896K->0K(960K), 0.0010542 secs] 8518K->7910K(10176K), 0.0013022 secs] [Times: user=0.00 sys=0.00, real=0.00 secs] 
2019-01-02T11:13:01.619+0530: 849.521: [GC (Allocation Failure) 2019-01-02T11:13:01.619+0530: 849.521: [DefNew
Desired survivor size 32768 bytes, new threshold 15 (max 15)
- age   3:        184 bytes,        184 total
- age   9:         16 bytes,        200 total
- age  15:         16 bytes,        216 total
: 896K->0K(960K), 0.0004396 secs] 8806K->8486K(10176K), 0.0005297 secs] [Times: user=0.00 sys=0.00, real=0.00 secs] 
2019-01-02T11:13:01.620+0530: 849.523: [GC (Allocation Failure) 2019-01-02T11:13:01.620+0530: 849.523: [DefNew
Desired survivor size 32768 bytes, new threshold 15 (max 15)
- age   1:         24 bytes,         24 total
- age   4:        184 bytes,        208 total
- age  10:         16 bytes,        224 total
: 462K->0K(960K), 0.0002703 secs] 8948K->8486K(10176K), 0.0003484 secs] [Times: user=0.00 sys=0.00, real=0.00 secs] 
2019-01-02T11:13:01.621+0530: 849.523: [GC (Allocation Failure) 2019-01-02T11:13:01.621+0530: 849.523: [DefNew
Desired survivor size 32768 bytes, new threshold 15 (max 15)
- age   2:         24 bytes,         24 total
- age   5:        184 bytes,        208 total
- age  11:         16 bytes,        224 total
: 497K->0K(960K), 0.0003353 secs] 8983K->8983K(10176K), 0.0004065 secs] [Times: user=0.00 sys=0.00, real=0.00 secs] 
2019-01-02T11:13:01.622+0530: 849.524: [GC (Allocation Failure) 2019-01-02T11:13:01.622+0530: 849.524: [DefNew: 515K->515K(960K), 0.0000279 secs]2019-01-02T11:13:01.622+0530: 849.524: [Tenured: 8983K->1260K(9216K), 0.0042431 secs] 9498K->1260K(10176K), [Metaspace: 2520K->2520K(1056768K)], 0.0044398 secs] [Times: user=0.00 sys=0.00, real=0.00 secs] 
2019-01-02T11:13:01.688+0530: 849.590: [GC (Allocation Failure) 2019-01-02T11:13:01.688+0530: 849.590: [DefNew
Desired survivor size 32768 bytes, new threshold 15 (max 15)
- age   1:        248 bytes,        248 total
: 868K->0K(960K), 0.0013296 secs] 2128K->1829K(10176K), 0.0017076 secs] [Times: user=0.00 sys=0.00, real=0.00 secs] 
2019-01-02T11:13:01.691+0530: 849.594: [GC (Allocation Failure) 2019-01-02T11:13:01.692+0530: 849.594: [DefNew
Desired survivor size 32768 bytes, new threshold 15 (max 15)
- age   1:         40 bytes,         40 total
- age   2:        184 bytes,        224 total
: 896K->0K(960K), 0.0006409 secs] 2725K->2117K(10176K), 0.0008803 secs] [Times: user=0.00 sys=0.00, real=0.00 secs] 
2019-01-02T11:13:01.694+0530: 849.596: [GC (Allocation Failure) 2019-01-02T11:13:01.694+0530: 849.596: [DefNew
Desired survivor size 32768 bytes, new threshold 15 (max 15)
- age   3:        184 bytes,        184 total
: 896K->0K(960K), 0.0005884 secs] 3013K->2693K(10176K), 0.0007064 secs] [Times: user=0.00 sys=0.00, real=0.00 secs] 
2019-01-02T11:13:01.696+0530: 849.598: [GC (Allocation Failure) 2019-01-02T11:13:01.696+0530: 849.598: [DefNew
Desired survivor size 32768 bytes, new threshold 15 (max 15)
- age   1:         24 bytes,         24 total
- age   4:        184 bytes,        208 total
: 462K->0K(960K), 0.0003415 secs] 3155K->2693K(10176K), 0.0004265 secs] [Times: user=0.00 sys=0.00, real=0.00 secs] 
2019-01-02T11:13:01.697+0530: 849.600: [GC (Allocation Failure) 2019-01-02T11:13:01.697+0530: 849.600: [DefNew
Desired survivor size 32768 bytes, new threshold 15 (max 15)
- age   2:         24 bytes,         24 total
- age   5:        184 bytes,        208 total
: 497K->0K(960K), 0.0004156 secs] 3191K->3191K(10176K), 0.0004989 secs] [Times: user=0.00 sys=0.00, real=0.00 secs] 
2019-01-02T11:13:01.698+0530: 849.600: [GC (Allocation Failure) 2019-01-02T11:13:01.698+0530: 849.600: [DefNew
Desired survivor size 32768 bytes, new threshold 15 (max 15)
- age   1:         24 bytes,         24 total
- age   6:         72 bytes,         96 total
: 515K->0K(960K), 0.0003039 secs] 3706K->3688K(10176K), 0.0003740 secs] [Times: user=0.00 sys=0.00, real=0.00 secs] 
2019-01-02T11:13:01.754+0530: 849.656: [GC (Allocation Failure) 2019-01-02T11:13:01.754+0530: 849.656: [DefNew
Desired survivor size 32768 bytes, new threshold 15 (max 15)
- age   1:        248 bytes,        248 total
- age   7:         16 bytes,        264 total
: 868K->0K(960K), 0.0010856 secs] 4557K->3760K(10176K), 0.0015417 secs] [Times: user=0.00 sys=0.00, real=0.00 secs] 
2019-01-02T11:13:01.757+0530: 849.660: [GC (Allocation Failure) 2019-01-02T11:13:01.758+0530: 849.660: [DefNew
Desired survivor size 32768 bytes, new threshold 15 (max 15)
- age   1:         40 bytes,         40 total
- age   2:        184 bytes,        224 total
- age   8:         16 bytes,        240 total
: 896K->0K(960K), 0.0008245 secs] 4656K->4048K(10176K), 0.0010576 secs] [Times: user=0.00 sys=0.00, real=0.00 secs] 
2019-01-02T11:13:01.760+0530: 849.663: [GC (Allocation Failure) 2019-01-02T11:13:01.760+0530: 849.663: [DefNew
Desired survivor size 32768 bytes, new threshold 15 (max 15)
- age   3:        184 bytes,        184 total
- age   9:         16 bytes,        200 total
: 896K->0K(960K), 0.0004516 secs] 4944K->4624K(10176K), 0.0005599 secs] [Times: user=0.00 sys=0.00, real=0.00 secs] 
2019-01-02T11:13:01.762+0530: 849.664: [GC (Allocation Failure) 2019-01-02T11:13:01.762+0530: 849.665: [DefNew
Desired survivor size 32768 bytes, new threshold 15 (max 15)
- age   1:         24 bytes,         24 total
- age   4:        184 bytes,        208 total
- age  10:         16 bytes,        224 total
: 462K->0K(960K), 0.0004977 secs] 5086K->4624K(10176K), 0.0006300 secs] [Times: user=0.00 sys=0.00, real=0.00 secs] 
2019-01-02T11:13:01.763+0530: 849.666: [GC (Allocation Failure) 2019-01-02T11:13:01.763+0530: 849.666: [DefNew
Desired survivor size 32768 bytes, new threshold 15 (max 15)
- age   2:         24 bytes,         24 total
- age   5:        184 bytes,        208 total
- age  11:         16 bytes,        224 total
: 497K->0K(960K), 0.0007988 secs] 5122K->5122K(10176K), 0.0008940 secs] [Times: user=0.00 sys=0.00, real=0.00 secs] 
2019-01-02T11:13:01.765+0530: 849.667: [GC (Allocation Failure) 2019-01-02T11:13:01.765+0530: 849.667: [DefNew
Desired survivor size 32768 bytes, new threshold 15 (max 15)
- age   1:         24 bytes,         24 total
- age   6:         72 bytes,         96 total
- age  12:         16 bytes,        112 total
: 515K->0K(960K), 0.0003358 secs] 5637K->5619K(10176K), 0.0004082 secs] [Times: user=0.00 sys=0.00, real=0.00 secs] 
2019-01-02T11:13:01.819+0530: 849.722: [GC (Allocation Failure) 2019-01-02T11:13:01.820+0530: 849.722: [DefNew
Desired survivor size 32768 bytes, new threshold 15 (max 15)
- age   1:        248 bytes,        248 total
- age   7:         16 bytes,        264 total
- age  13:         16 bytes,        280 total
: 868K->0K(960K), 0.0010719 secs] 6488K->5691K(10176K), 0.0015491 secs] [Times: user=0.00 sys=0.00, real=0.00 secs] 
2019-01-02T11:13:01.823+0530: 849.725: [GC (Allocation Failure) 2019-01-02T11:13:01.823+0530: 849.725: [DefNew
Desired survivor size 32768 bytes, new threshold 15 (max 15)
- age   1:         40 bytes,         40 total
- age   2:        184 bytes,        224 total
- age   8:         16 bytes,        240 total
- age  14:         16 bytes,        256 total
: 896K->0K(960K), 0.0010987 secs] 6587K->5979K(10176K), 0.0013188 secs] [Times: user=0.00 sys=0.00, real=0.00 secs] 
2019-01-02T11:13:01.826+0530: 849.728: [GC (Allocation Failure) 2019-01-02T11:13:01.826+0530: 849.728: [DefNew
Desired survivor size 32768 bytes, new threshold 15 (max 15)
- age   3:        184 bytes,        184 total
- age   9:         16 bytes,        200 total
- age  15:         16 bytes,        216 total
: 896K->0K(960K), 0.0005850 secs] 6875K->6555K(10176K), 0.0007646 secs] [Times: user=0.00 sys=0.00, real=0.00 secs] 
2019-01-02T11:13:01.828+0530: 849.730: [GC (Allocation Failure) 2019-01-02T11:13:01.828+0530: 849.730: [DefNew
Desired survivor size 32768 bytes, new threshold 15 (max 15)
- age   1:         24 bytes,         24 total
- age   4:        184 bytes,        208 total
- age  10:         16 bytes,        224 total
: 462K->0K(960K), 0.0004829 secs] 7017K->6555K(10176K), 0.0005799 secs] [Times: user=0.00 sys=0.00, real=0.00 secs] 
2019-01-02T11:13:01.829+0530: 849.732: [GC (Allocation Failure) 2019-01-02T11:13:01.830+0530: 849.732: [DefNew
Desired survivor size 32768 bytes, new threshold 15 (max 15)
- age   2:         24 bytes,         24 total
- age   5:        184 bytes,        208 total
- age  11:         16 bytes,        224 total
: 497K->0K(960K), 0.0009408 secs] 7053K->7053K(10176K), 0.0010571 secs] [Times: user=0.00 sys=0.00, real=0.00 secs] 
2019-01-02T11:13:01.831+0530: 849.733: [GC (Allocation Failure) 2019-01-02T11:13:01.831+0530: 849.733: [DefNew
Desired survivor size 32768 bytes, new threshold 15 (max 15)
- age   1:         24 bytes,         24 total
- age   6:         72 bytes,         96 total
- age  12:         16 bytes,        112 total
: 515K->0K(960K), 0.0003353 secs] 7568K->7550K(10176K), 0.0004134 secs] [Times: user=0.00 sys=0.00, real=0.00 secs] 
2019-01-02T11:13:01.886+0530: 849.788: [GC (Allocation Failure) 2019-01-02T11:13:01.886+0530: 849.789: [DefNew
Desired survivor size 32768 bytes, new threshold 15 (max 15)
- age   1:        248 bytes,        248 total
- age   7:         16 bytes,        264 total
- age  13:         16 bytes,        280 total
: 868K->0K(960K), 0.0010440 secs] 8419K->7622K(10176K), 0.0013724 secs] [Times: user=0.00 sys=0.00, real=0.00 secs] 
2019-01-02T11:13:01.890+0530: 849.792: [GC (Allocation Failure) 2019-01-02T11:13:01.890+0530: 849.793: [DefNew
Desired survivor size 32768 bytes, new threshold 15 (max 15)
- age   1:         40 bytes,         40 total
- age   2:        184 bytes,        224 total
- age   8:         16 bytes,        240 total
- age  14:         16 bytes,        256 total
: 896K->0K(960K), 0.0009584 secs] 8518K->7910K(10176K), 0.0016170 secs] [Times: user=0.00 sys=0.00, real=0.00 secs] 
2019-01-02T11:13:01.893+0530: 849.795: [GC (Allocation Failure) 2019-01-02T11:13:01.893+0530: 849.795: [DefNew
Desired survivor size 32768 bytes, new threshold 15 (max 15)
- age   3:        184 bytes,        184 total
- age   9:         16 bytes,        200 total
- age  15:         16 bytes,        216 total
: 896K->0K(960K), 0.0005314 secs] 8806K->8486K(10176K), 0.0006511 secs] [Times: user=0.00 sys=0.00, real=0.00 secs] 
2019-01-02T11:13:01.895+0530: 849.798: [GC (Allocation Failure) 2019-01-02T11:13:01.895+0530: 849.798: [DefNew
Desired survivor size 32768 bytes, new threshold 15 (max 15)
- age   1:         24 bytes,         24 total
- age   4:        184 bytes,        208 total
- age  10:         16 bytes,        224 total
: 462K->0K(960K), 0.0003894 secs] 8948K->8486K(10176K), 0.0004955 secs] [Times: user=0.00 sys=0.00, real=0.00 secs] 
2019-01-02T11:13:01.897+0530: 849.799: [GC (Allocation Failure) 2019-01-02T11:13:01.897+0530: 849.799: [DefNew
Desired survivor size 32768 bytes, new threshold 15 (max 15)
- age   2:         24 bytes,         24 total
- age   5:        184 bytes,        208 total
- age  11:         16 bytes,        224 total
: 497K->0K(960K), 0.0008068 secs] 8984K->8984K(10176K), 0.0009573 secs] [Times: user=0.00 sys=0.00, real=0.00 secs] 
2019-01-02T11:13:01.898+0530: 849.800: [GC (Allocation Failure) 2019-01-02T11:13:01.898+0530: 849.800: [DefNew: 515K->515K(960K), 0.0000268 secs]2019-01-02T11:13:01.898+0530: 849.800: [Tenured: 8984K->1260K(9216K), 0.0055876 secs] 9499K->1260K(10176K), [Metaspace: 2520K->2520K(1056768K)], 0.0057238 secs] [Times: user=0.02 sys=0.00, real=0.01 secs] 
2019-01-02T11:13:01.961+0530: 849.863: [GC (Allocation Failure) 2019-01-02T11:13:01.961+0530: 849.864: [DefNew
Desired survivor size 32768 bytes, new threshold 15 (max 15)
- age   1:        248 bytes,        248 total
: 868K->0K(960K), 0.0011865 secs] 2128K->1830K(10176K), 0.0015885 secs] [Times: user=0.02 sys=0.00, real=0.00 secs] 
2019-01-02T11:13:01.965+0530: 849.867: [GC (Allocation Failure) 2019-01-02T11:13:01.965+0530: 849.867: [DefNew
Desired survivor size 32768 bytes, new threshold 15 (max 15)
- age   1:         40 bytes,         40 total
- age   2:        184 bytes,        224 total
: 896K->0K(960K), 0.0006905 secs] 2726K->2118K(10176K), 0.0008934 secs] [Times: user=0.00 sys=0.00, real=0.00 secs] 
2019-01-02T11:13:01.967+0530: 849.869: [GC (Allocation Failure) 2019-01-02T11:13:01.967+0530: 849.870: [DefNew
Desired survivor size 32768 bytes, new threshold 15 (max 15)
- age   3:        184 bytes,        184 total
: 896K->0K(960K), 0.0009299 secs] 3014K->2694K(10176K), 0.0011409 secs] [Times: user=0.00 sys=0.00, real=0.00 secs] 
2019-01-02T11:13:01.969+0530: 849.872: [GC (Allocation Failure) 2019-01-02T11:13:01.969+0530: 849.872: [DefNew
Desired survivor size 32768 bytes, new threshold 15 (max 15)
- age   1:         24 bytes,         24 total
- age   4:        184 bytes,        208 total
: 462K->0K(960K), 0.0002651 secs] 3156K->2694K(10176K), 0.0003392 secs] [Times: user=0.00 sys=0.00, real=0.00 secs] 
2019-01-02T11:13:01.970+0530: 849.872: [GC (Allocation Failure) 2019-01-02T11:13:01.970+0530: 849.872: [DefNew
Desired survivor size 32768 bytes, new threshold 15 (max 15)
- age   2:         24 bytes,         24 total
- age   5:        184 bytes,        208 total
: 497K->0K(960K), 0.0003541 secs] 3191K->3191K(10176K), 0.0004293 secs] [Times: user=0.00 sys=0.00, real=0.00 secs] 
2019-01-02T11:13:01.971+0530: 849.873: [GC (Allocation Failure) 2019-01-02T11:13:01.971+0530: 849.873: [DefNew
Desired survivor size 32768 bytes, new threshold 15 (max 15)
- age   1:         24 bytes,         24 total
- age   6:         72 bytes,         96 total
: 515K->0K(960K), 0.0003695 secs] 3706K->3689K(10176K), 0.0004402 secs] [Times: user=0.00 sys=0.00, real=0.00 secs] 
2019-01-02T11:13:02.029+0530: 849.931: [GC (Allocation Failure) 2019-01-02T11:13:02.029+0530: 849.931: [DefNew
Desired survivor size 32768 bytes, new threshold 15 (max 15)
- age   1:        248 bytes,        248 total
- age   7:         16 bytes,        264 total
: 868K->0K(960K), 0.0003324 secs] 4557K->3761K(10176K), 0.0004590 secs] [Times: user=0.00 sys=0.00, real=0.00 secs] 
2019-01-02T11:13:02.032+0530: 849.933: [GC (Allocation Failure) 2019-01-02T11:13:02.032+0530: 849.933: [DefNew
Desired survivor size 32768 bytes, new threshold 15 (max 15)
- age   1:         40 bytes,         40 total
- age   2:        184 bytes,        224 total
- age   8:         16 bytes,        240 total
: 896K->0K(960K), 0.0009852 secs] 4657K->4049K(10176K), 0.0011534 secs] [Times: user=0.00 sys=0.00, real=0.00 secs] 
2019-01-02T11:13:02.034+0530: 849.936: [GC (Allocation Failure) 2019-01-02T11:13:02.034+0530: 849.936: [DefNew
Desired survivor size 32768 bytes, new threshold 15 (max 15)
- age   3:        184 bytes,        184 total
- age   9:         16 bytes,        200 total
: 896K->0K(960K), 0.0014214 secs] 4945K->4625K(10176K), 0.0016250 secs] [Times: user=0.00 sys=0.00, real=0.00 secs] 
2019-01-02T11:13:02.038+0530: 849.939: [GC (Allocation Failure) 2019-01-02T11:13:02.038+0530: 849.939: [DefNew
Desired survivor size 32768 bytes, new threshold 15 (max 15)
- age   1:         24 bytes,         24 total
- age   4:        184 bytes,        208 total
- age  10:         16 bytes,        224 total
: 462K->0K(960K), 0.0004191 secs] 5087K->4625K(10176K), 0.0005519 secs] [Times: user=0.00 sys=0.00, real=0.00 secs] 
2019-01-02T11:13:02.039+0530: 849.940: [GC (Allocation Failure) 2019-01-02T11:13:02.039+0530: 849.940: [DefNew
Desired survivor size 32768 bytes, new threshold 15 (max 15)
- age   2:         24 bytes,         24 total
- age   5:        184 bytes,        208 total
- age  11:         16 bytes,        224 total
: 497K->0K(960K), 0.0003421 secs] 5122K->5122K(10176K), 0.0004145 secs] [Times: user=0.00 sys=0.00, real=0.00 secs] 
2019-01-02T11:13:02.039+0530: 849.941: [GC (Allocation Failure) 2019-01-02T11:13:02.039+0530: 849.941: [DefNew
Desired survivor size 32768 bytes, new threshold 15 (max 15)
- age   1:         24 bytes,         24 total
- age   6:         72 bytes,         96 total
- age  12:         16 bytes,        112 total
: 515K->0K(960K), 0.0003296 secs] 5637K->5620K(10176K), 0.0004014 secs] [Times: user=0.00 sys=0.00, real=0.00 secs] 
2019-01-02T11:13:02.097+0530: 849.999: [GC (Allocation Failure) 2019-01-02T11:13:02.097+0530: 849.999: [DefNew
Desired survivor size 32768 bytes, new threshold 15 (max 15)
- age   1:        248 bytes,        248 total
- age   7:         16 bytes,        264 total
- age  13:         16 bytes,        280 total
: 868K->0K(960K), 0.0011301 secs] 6488K->5692K(10176K), 0.0014613 secs] [Times: user=0.00 sys=0.00, real=0.00 secs] 
2019-01-02T11:13:02.100+0530: 850.002: [GC (Allocation Failure) 2019-01-02T11:13:02.100+0530: 850.002: [DefNew
Desired survivor size 32768 bytes, new threshold 15 (max 15)
- age   1:         40 bytes,         40 total
- age   2:        184 bytes,        224 total
- age   8:         16 bytes,        240 total
- age  14:         16 bytes,        256 total
: 896K->0K(960K), 0.0007748 secs] 6588K->5980K(10176K), 0.0013524 secs] [Times: user=0.00 sys=0.00, real=0.00 secs] 
2019-01-02T11:13:02.103+0530: 850.005: [GC (Allocation Failure) 2019-01-02T11:13:02.103+0530: 850.005: [DefNew
Desired survivor size 32768 bytes, new threshold 15 (max 15)
- age   3:        184 bytes,        184 total
- age   9:         16 bytes,        200 total
- age  15:         16 bytes,        216 total
: 896K->0K(960K), 0.0006888 secs] 6876K->6556K(10176K), 0.0008889 secs] [Times: user=0.00 sys=0.00, real=0.00 secs] 
2019-01-02T11:13:02.105+0530: 850.007: [GC (Allocation Failure) 2019-01-02T11:13:02.105+0530: 850.007: [DefNew
Desired survivor size 32768 bytes, new threshold 15 (max 15)
- age   1:         24 bytes,         24 total
- age   4:        184 bytes,        208 total
- age  10:         16 bytes,        224 total
: 462K->0K(960K), 0.0002457 secs] 7018K->6556K(10176K), 0.0003073 secs] [Times: user=0.00 sys=0.00, real=0.00 secs] 
2019-01-02T11:13:02.106+0530: 850.008: [GC (Allocation Failure) 2019-01-02T11:13:02.106+0530: 850.008: [DefNew
Desired survivor size 32768 bytes, new threshold 15 (max 15)
- age   2:         24 bytes,         24 total
- age   5:        184 bytes,        208 total
- age  11:         16 bytes,        224 total
: 497K->0K(960K), 0.0003267 secs] 7053K->7053K(10176K), 0.0003792 secs] [Times: user=0.00 sys=0.00, real=0.00 secs] 
2019-01-02T11:13:02.106+0530: 850.008: [GC (Allocation Failure) 2019-01-02T11:13:02.107+0530: 850.008: [DefNew
Desired survivor size 32768 bytes, new threshold 15 (max 15)
- age   1:         24 bytes,         24 total
- age   6:         72 bytes,         96 total
- age  12:         16 bytes,        112 total
: 515K->0K(960K), 0.0003016 secs] 7569K->7551K(10176K), 0.0003535 secs] [Times: user=0.00 sys=0.00, real=0.00 secs] 
2019-01-02T11:13:02.169+0530: 850.071: [GC (Allocation Failure) 2019-01-02T11:13:02.169+0530: 850.071: [DefNew
Desired survivor size 32768 bytes, new threshold 15 (max 15)
- age   1:        248 bytes,        248 total
- age   7:         16 bytes,        264 total
- age  13:         16 bytes,        280 total
: 868K->0K(960K), 0.0013678 secs] 8420K->7623K(10176K), 0.0018171 secs] [Times: user=0.00 sys=0.00, real=0.00 secs] 
2019-01-02T11:13:02.172+0530: 850.074: [GC (Allocation Failure) 2019-01-02T11:13:02.172+0530: 850.074: [DefNew
Desired survivor size 32768 bytes, new threshold 15 (max 15)
- age   1:         40 bytes,         40 total
- age   2:        184 bytes,        224 total
- age   8:         16 bytes,        240 total
- age  14:         16 bytes,        256 total
: 896K->0K(960K), 0.0012122 secs] 8519K->7911K(10176K), 0.0013633 secs] [Times: user=0.00 sys=0.00, real=0.00 secs] 
2019-01-02T11:13:02.175+0530: 850.077: [GC (Allocation Failure) 2019-01-02T11:13:02.175+0530: 850.077: [DefNew
Desired survivor size 32768 bytes, new threshold 15 (max 15)
- age   3:        184 bytes,        184 total
- age   9:         16 bytes,        200 total
- age  15:         16 bytes,        216 total
: 896K->0K(960K), 0.0007423 secs] 8807K->8487K(10176K), 0.0009031 secs] [Times: user=0.00 sys=0.00, real=0.00 secs] 
2019-01-02T11:13:02.177+0530: 850.079: [GC (Allocation Failure) 2019-01-02T11:13:02.177+0530: 850.079: [DefNew
Desired survivor size 32768 bytes, new threshold 15 (max 15)
- age   1:         24 bytes,         24 total
- age   4:        184 bytes,        208 total
- age  10:         16 bytes,        224 total
: 462K->0K(960K), 0.0002623 secs] 8949K->8487K(10176K), 0.0003432 secs] [Times: user=0.00 sys=0.00, real=0.00 secs] 
2019-01-02T11:13:02.178+0530: 850.080: [GC (Allocation Failure) 2019-01-02T11:13:02.178+0530: 850.080: [DefNew
Desired survivor size 32768 bytes, new threshold 15 (max 15)
- age   2:         24 bytes,         24 total
- age   5:        184 bytes,        208 total
- age  11:         16 bytes,        224 total
: 497K->0K(960K), 0.0003484 secs] 8985K->8985K(10176K), 0.0004134 secs] [Times: user=0.00 sys=0.00, real=0.00 secs] 
2019-01-02T11:13:02.179+0530: 850.081: [GC (Allocation Failure) 2019-01-02T11:13:02.179+0530: 850.081: [DefNew: 515K->515K(960K), 0.0000239 secs]2019-01-02T11:13:02.179+0530: 850.081: [Tenured: 8984K->1260K(9216K), 0.0050031 secs] 9500K->1260K(10176K), [Metaspace: 2520K->2520K(1056768K)], 0.0051354 secs] [Times: user=0.02 sys=0.00, real=0.01 secs] 
2019-01-02T11:13:02.241+0530: 850.143: [GC (Allocation Failure) 2019-01-02T11:13:02.241+0530: 850.143: [DefNew
Desired survivor size 32768 bytes, new threshold 15 (max 15)
- age   1:        248 bytes,        248 total
: 868K->0K(960K), 0.0013359 secs] 2129K->1830K(10176K), 0.0017156 secs] [Times: user=0.01 sys=0.00, real=0.00 secs] 
2019-01-02T11:13:02.244+0530: 850.146: [GC (Allocation Failure) 2019-01-02T11:13:02.244+0530: 850.146: [DefNew
Desired survivor size 32768 bytes, new threshold 15 (max 15)
- age   1:         40 bytes,         40 total
- age   2:        184 bytes,        224 total
: 896K->0K(960K), 0.0013929 secs] 2726K->2118K(10176K), 0.0016039 secs] [Times: user=0.00 sys=0.00, real=0.00 secs] 
2019-01-02T11:13:02.248+0530: 850.150: [GC (Allocation Failure) 2019-01-02T11:13:02.248+0530: 850.150: [DefNew
Desired survivor size 32768 bytes, new threshold 15 (max 15)
- age   3:        184 bytes,        184 total
: 896K->0K(960K), 0.0008051 secs] 3014K->2694K(10176K), 0.0009539 secs] [Times: user=0.00 sys=0.00, real=0.00 secs] 
2019-01-02T11:13:02.250+0530: 850.152: [GC (Allocation Failure) 2019-01-02T11:13:02.250+0530: 850.152: [DefNew
Desired survivor size 32768 bytes, new threshold 15 (max 15)
- age   1:         24 bytes,         24 total
- age   4:        184 bytes,        208 total
: 462K->0K(960K), 0.0005856 secs] 3156K->2694K(10176K), 0.0006785 secs] [Times: user=0.00 sys=0.00, real=0.00 secs] 
2019-01-02T11:13:02.251+0530: 850.153: [GC (Allocation Failure) 2019-01-02T11:13:02.251+0530: 850.153: [DefNew
Desired survivor size 32768 bytes, new threshold 15 (max 15)
- age   2:         24 bytes,         24 total
- age   5:        184 bytes,        208 total
: 497K->0K(960K), 0.0003273 secs] 3191K->3191K(10176K), 0.0003860 secs] [Times: user=0.00 sys=0.00, real=0.00 secs] 
2019-01-02T11:13:02.252+0530: 850.154: [GC (Allocation Failure) 2019-01-02T11:13:02.252+0530: 850.154: [DefNew
Desired survivor size 32768 bytes, new threshold 15 (max 15)
- age   1:         24 bytes,         24 total
- age   6:         72 bytes,         96 total
: 515K->0K(960K), 0.0002942 secs] 3707K->3689K(10176K), 0.0003455 secs] [Times: user=0.00 sys=0.00, real=0.00 secs] 
2019-01-02T11:13:02.307+0530: 850.209: [GC (Allocation Failure) 2019-01-02T11:13:02.307+0530: 850.209: [DefNew
Desired survivor size 32768 bytes, new threshold 15 (max 15)
- age   1:        248 bytes,        248 total
- age   7:         16 bytes,        264 total
: 868K->0K(960K), 0.0010822 secs] 4558K->3761K(10176K), 0.0013729 secs] [Times: user=0.00 sys=0.00, real=0.00 secs] 
2019-01-02T11:13:02.311+0530: 850.213: [GC (Allocation Failure) 2019-01-02T11:13:02.311+0530: 850.213: [DefNew
Desired survivor size 32768 bytes, new threshold 15 (max 15)
- age   1:         40 bytes,         40 total
- age   2:        184 bytes,        224 total
- age   8:         16 bytes,        240 total
: 896K->0K(960K), 0.0009408 secs] 4657K->4049K(10176K), 0.0010873 secs] [Times: user=0.00 sys=0.00, real=0.00 secs] 
2019-01-02T11:13:02.314+0530: 850.216: [GC (Allocation Failure) 2019-01-02T11:13:02.314+0530: 850.216: [DefNew
Desired survivor size 32768 bytes, new threshold 15 (max 15)
- age   3:        184 bytes,        184 total
- age   9:         16 bytes,        200 total
: 896K->0K(960K), 0.0005394 secs] 4945K->4625K(10176K), 0.0008108 secs] [Times: user=0.00 sys=0.00, real=0.00 secs] 
2019-01-02T11:13:02.316+0530: 850.218: [GC (Allocation Failure) 2019-01-02T11:13:02.316+0530: 850.218: [DefNew
Desired survivor size 32768 bytes, new threshold 15 (max 15)
- age   1:         24 bytes,         24 total
- age   4:        184 bytes,        208 total
- age  10:         16 bytes,        224 total
: 462K->0K(960K), 0.0004983 secs] 5087K->4625K(10176K), 0.0006277 secs] [Times: user=0.00 sys=0.00, real=0.00 secs] 
2019-01-02T11:13:02.317+0530: 850.219: [GC (Allocation Failure) 2019-01-02T11:13:02.317+0530: 850.219: [DefNew
Desired survivor size 32768 bytes, new threshold 15 (max 15)
- age   2:         24 bytes,         24 total
- age   5:        184 bytes,        208 total
- age  11:         16 bytes,        224 total
: 497K->0K(960K), 0.0005302 secs] 5123K->5123K(10176K), 0.0006124 secs] [Times: user=0.00 sys=0.00, real=0.00 secs] 
2019-01-02T11:13:02.318+0530: 850.220: [GC (Allocation Failure) 2019-01-02T11:13:02.318+0530: 850.220: [DefNew
Desired survivor size 32768 bytes, new threshold 15 (max 15)
- age   1:         24 bytes,         24 total
- age   6:         72 bytes,         96 total
- age  12:         16 bytes,        112 total
: 515K->0K(960K), 0.0003153 secs] 5638K->5620K(10176K), 0.0003678 secs] [Times: user=0.00 sys=0.00, real=0.00 secs] 
2019-01-02T11:13:02.377+0530: 850.279: [GC (Allocation Failure) 2019-01-02T11:13:02.377+0530: 850.279: [DefNew
Desired survivor size 32768 bytes, new threshold 15 (max 15)
- age   1:        248 bytes,        248 total
- age   7:         16 bytes,        264 total
- age  13:         16 bytes,        280 total
: 868K->0K(960K), 0.0005188 secs] 6489K->5693K(10176K), 0.0009100 secs] [Times: user=0.00 sys=0.00, real=0.00 secs] 
2019-01-02T11:13:02.380+0530: 850.281: [GC (Allocation Failure) 2019-01-02T11:13:02.380+0530: 850.282: [DefNew
Desired survivor size 32768 bytes, new threshold 15 (max 15)
- age   1:         40 bytes,         40 total
- age   2:        184 bytes,        224 total
- age   8:         16 bytes,        240 total
- age  14:         16 bytes,        256 total
: 896K->0K(960K), 0.0012504 secs] 6589K->5980K(10176K), 0.0015098 secs] [Times: user=0.00 sys=0.00, real=0.00 secs] 
2019-01-02T11:13:02.383+0530: 850.285: [GC (Allocation Failure) 2019-01-02T11:13:02.383+0530: 850.285: [DefNew
Desired survivor size 32768 bytes, new threshold 15 (max 15)
- age   3:        184 bytes,        184 total
- age   9:         16 bytes,        200 total
- age  15:         16 bytes,        216 total
: 896K->0K(960K), 0.0007937 secs] 6876K->6556K(10176K), 0.0009054 secs] [Times: user=0.00 sys=0.01, real=0.00 secs] 
2019-01-02T11:13:02.385+0530: 850.287: [GC (Allocation Failure) 2019-01-02T11:13:02.385+0530: 850.287: [DefNew
Desired survivor size 32768 bytes, new threshold 15 (max 15)
- age   1:         24 bytes,         24 total
- age   4:        184 bytes,        208 total
- age  10:         16 bytes,        224 total
: 462K->0K(960K), 0.0004749 secs] 7018K->6556K(10176K), 0.0005382 secs] [Times: user=0.00 sys=0.00, real=0.00 secs] 
2019-01-02T11:13:02.386+0530: 850.288: [GC (Allocation Failure) 2019-01-02T11:13:02.386+0530: 850.288: [DefNew
Desired survivor size 32768 bytes, new threshold 15 (max 15)
- age   2:         24 bytes,         24 total
- age   5:        184 bytes,        208 total
- age  11:         16 bytes,        224 total
: 497K->0K(960K), 0.0003010 secs] 7054K->7054K(10176K), 0.0003529 secs] [Times: user=0.00 sys=0.00, real=0.00 secs] 
2019-01-02T11:13:02.387+0530: 850.289: [GC (Allocation Failure) 2019-01-02T11:13:02.387+0530: 850.289: [DefNew
Desired survivor size 32768 bytes, new threshold 15 (max 15)
- age   1:         24 bytes,         24 total
- age   6:         72 bytes,         96 total
- age  12:         16 bytes,        112 total
: 515K->0K(960K), 0.0003159 secs] 7569K->7552K(10176K), 0.0003769 secs] [Times: user=0.00 sys=0.00, real=0.00 secs] 
2019-01-02T11:13:02.441+0530: 850.342: [GC (Allocation Failure) 2019-01-02T11:13:02.441+0530: 850.343: [DefNew
Desired survivor size 32768 bytes, new threshold 15 (max 15)
- age   1:        248 bytes,        248 total
- age   7:         16 bytes,        264 total
- age  13:         16 bytes,        280 total
: 868K->0K(960K), 0.0005878 secs] 8420K->7624K(10176K), 0.0009983 secs] [Times: user=0.00 sys=0.00, real=0.00 secs] 
2019-01-02T11:13:02.443+0530: 850.345: [GC (Allocation Failure) 2019-01-02T11:13:02.443+0530: 850.345: [DefNew
Desired survivor size 32768 bytes, new threshold 15 (max 15)
- age   1:         40 bytes,         40 total
- age   2:        184 bytes,        224 total
- age   8:         16 bytes,        240 total
- age  14:         16 bytes,        256 total
: 896K->0K(960K), 0.0010155 secs] 8520K->7912K(10176K), 0.0012173 secs] [Times: user=0.00 sys=0.00, real=0.00 secs] 
2019-01-02T11:13:02.446+0530: 850.348: [GC (Allocation Failure) 2019-01-02T11:13:02.446+0530: 850.348: [DefNew
Desired survivor size 32768 bytes, new threshold 15 (max 15)
- age   3:        184 bytes,        184 total
- age   9:         16 bytes,        200 total
- age  15:         16 bytes,        216 total
: 896K->0K(960K), 0.0009145 secs] 8808K->8488K(10176K), 0.0011665 secs] [Times: user=0.00 sys=0.00, real=0.00 secs] 
2019-01-02T11:13:02.448+0530: 850.350: [GC (Allocation Failure) 2019-01-02T11:13:02.448+0530: 850.350: [DefNew
Desired survivor size 32768 bytes, new threshold 15 (max 15)
- age   1:         24 bytes,         24 total
- age   4:        184 bytes,        208 total
- age  10:         16 bytes,        224 total
: 462K->0K(960K), 0.0004293 secs] 8950K->8488K(10176K), 0.0005513 secs] [Times: user=0.00 sys=0.00, real=0.00 secs] 
2019-01-02T11:13:02.449+0530: 850.351: [GC (Allocation Failure) 2019-01-02T11:13:02.449+0530: 850.351: [DefNew
Desired survivor size 32768 bytes, new threshold 15 (max 15)
- age   2:         24 bytes,         24 total
- age   5:        184 bytes,        208 total
- age  11:         16 bytes,        224 total
: 497K->0K(960K), 0.0009276 secs] 8985K->8985K(10176K), 0.0010126 secs] [Times: user=0.00 sys=0.00, real=0.00 secs] 
2019-01-02T11:13:02.451+0530: 850.353: [GC (Allocation Failure) 2019-01-02T11:13:02.451+0530: 850.353: [DefNew: 515K->515K(960K), 0.0000690 secs]2019-01-02T11:13:02.451+0530: 850.353: [Tenured: 8985K->1260K(9216K), 0.0040766 secs] 9501K->1260K(10176K), [Metaspace: 2520K->2520K(1056768K)], 0.0043001 secs] [Times: user=0.00 sys=0.00, real=0.00 secs] 
2019-01-02T11:13:02.507+0530: 850.409: [GC (Allocation Failure) 2019-01-02T11:13:02.507+0530: 850.409: [DefNew
Desired survivor size 32768 bytes, new threshold 15 (max 15)
- age   1:        248 bytes,        248 total
: 868K->0K(960K), 0.0012104 secs] 2129K->1830K(10176K), 0.0014436 secs] [Times: user=0.01 sys=0.00, real=0.00 secs] 
2019-01-02T11:13:02.510+0530: 850.412: [GC (Allocation Failure) 2019-01-02T11:13:02.511+0530: 850.412: [DefNew
Desired survivor size 32768 bytes, new threshold 15 (max 15)
- age   1:         40 bytes,         40 total
- age   2:        184 bytes,        224 total
: 896K->0K(960K), 0.0007709 secs] 2726K->2118K(10176K), 0.0010046 secs] [Times: user=0.00 sys=0.00, real=0.00 secs] 
2019-01-02T11:13:02.513+0530: 850.415: [GC (Allocation Failure) 2019-01-02T11:13:02.513+0530: 850.415: [DefNew
Desired survivor size 32768 bytes, new threshold 15 (max 15)
- age   3:        184 bytes,        184 total
: 896K->0K(960K), 0.0003740 secs] 3014K->2694K(10176K), 0.0004379 secs] [Times: user=0.00 sys=0.00, real=0.00 secs] 
2019-01-02T11:13:02.515+0530: 850.417: [GC (Allocation Failure) 2019-01-02T11:13:02.515+0530: 850.417: [DefNew
Desired survivor size 32768 bytes, new threshold 15 (max 15)
- age   1:         24 bytes,         24 total
- age   4:        184 bytes,        208 total
: 462K->0K(960K), 0.0003575 secs] 3156K->2694K(10176K), 0.0004938 secs] [Times: user=0.00 sys=0.00, real=0.00 secs] 
2019-01-02T11:13:02.516+0530: 850.418: [GC (Allocation Failure) 2019-01-02T11:13:02.516+0530: 850.418: [DefNew
Desired survivor size 32768 bytes, new threshold 15 (max 15)
- age   2:         24 bytes,         24 total
- age   5:        184 bytes,        208 total
: 497K->0K(960K), 0.0007053 secs] 3192K->3192K(10176K), 0.0007817 secs] [Times: user=0.00 sys=0.00, real=0.00 secs] 
2019-01-02T11:13:02.517+0530: 850.419: [GC (Allocation Failure) 2019-01-02T11:13:02.517+0530: 850.419: [DefNew
Desired survivor size 32768 bytes, new threshold 15 (max 15)
- age   1:         24 bytes,         24 total
- age   6:         72 bytes,         96 total
: 515K->0K(960K), 0.0005479 secs] 3707K->3689K(10176K), 0.0006391 secs] [Times: user=0.00 sys=0.00, real=0.00 secs] 
2019-01-02T11:13:02.571+0530: 850.473: [GC (Allocation Failure) 2019-01-02T11:13:02.571+0530: 850.473: [DefNew
Desired survivor size 32768 bytes, new threshold 15 (max 15)
- age   1:        248 bytes,        248 total
- age   7:         16 bytes,        264 total
: 868K->0K(960K), 0.0013496 secs] 4558K->3762K(10176K), 0.0015907 secs] [Times: user=0.00 sys=0.00, real=0.00 secs] 
2019-01-02T11:13:02.574+0530: 850.476: [GC (Allocation Failure) 2019-01-02T11:13:02.574+0530: 850.476: [DefNew
Desired survivor size 32768 bytes, new threshold 15 (max 15)
- age   1:         40 bytes,         40 total
- age   2:        184 bytes,        224 total
- age   8:         16 bytes,        240 total
: 896K->0K(960K), 0.0007480 secs] 4658K->4050K(10176K), 0.0009060 secs] [Times: user=0.00 sys=0.00, real=0.00 secs] 
2019-01-02T11:13:02.577+0530: 850.479: [GC (Allocation Failure) 2019-01-02T11:13:02.577+0530: 850.479: [DefNew
Desired survivor size 32768 bytes, new threshold 15 (max 15)
- age   3:        184 bytes,        184 total
- age   9:         16 bytes,        200 total
: 896K->0K(960K), 0.0011112 secs] 4946K->4626K(10176K), 0.0012521 secs] [Times: user=0.00 sys=0.00, real=0.00 secs] 
2019-01-02T11:13:02.579+0530: 850.481: [GC (Allocation Failure) 2019-01-02T11:13:02.579+0530: 850.481: [DefNew
Desired survivor size 32768 bytes, new threshold 15 (max 15)
- age   1:         24 bytes,         24 total
- age   4:        184 bytes,        208 total
- age  10:         16 bytes,        224 total
: 462K->0K(960K), 0.0002452 secs] 5088K->4626K(10176K), 0.0003176 secs] [Times: user=0.00 sys=0.00, real=0.00 secs] 
2019-01-02T11:13:02.580+0530: 850.482: [GC (Allocation Failure) 2019-01-02T11:13:02.580+0530: 850.482: [DefNew
Desired survivor size 32768 bytes, new threshold 15 (max 15)
- age   2:         24 bytes,         24 total
- age   5:        184 bytes,        208 total
- age  11:         16 bytes,        224 total
: 497K->0K(960K), 0.0003455 secs] 5123K->5123K(10176K), 0.0004196 secs] [Times: user=0.00 sys=0.00, real=0.00 secs] 
2019-01-02T11:13:02.581+0530: 850.483: [GC (Allocation Failure) 2019-01-02T11:13:02.582+0530: 850.483: [DefNew
Desired survivor size 32768 bytes, new threshold 15 (max 15)
- age   1:         24 bytes,         24 total
- age   6:         72 bytes,         96 total
- age  12:         16 bytes,        112 total
: 515K->0K(960K), 0.0006859 secs] 5639K->5621K(10176K), 0.0009430 secs] [Times: user=0.00 sys=0.00, real=0.00 secs] 
2019-01-02T11:13:02.636+0530: 850.538: [GC (Allocation Failure) 2019-01-02T11:13:02.636+0530: 850.538: [DefNew
Desired survivor size 32768 bytes, new threshold 15 (max 15)
- age   1:        248 bytes,        248 total
- age   7:         16 bytes,        264 total
- age  13:         16 bytes,        280 total
: 868K->0K(960K), 0.0005217 secs] 6490K->5693K(10176K), 0.0008011 secs] [Times: user=0.00 sys=0.00, real=0.00 secs] 
2019-01-02T11:13:02.638+0530: 850.540: [GC (Allocation Failure) 2019-01-02T11:13:02.639+0530: 850.540: [DefNew
Desired survivor size 32768 bytes, new threshold 15 (max 15)
- age   1:         40 bytes,         40 total
- age   2:        184 bytes,        224 total
- age   8:         16 bytes,        240 total
- age  14:         16 bytes,        256 total
: 896K->0K(960K), 0.0007344 secs] 6589K->5981K(10176K), 0.0011557 secs] [Times: user=0.00 sys=0.00, real=0.00 secs] 
2019-01-02T11:13:02.641+0530: 850.543: [GC (Allocation Failure) 2019-01-02T11:13:02.641+0530: 850.543: [DefNew
Desired survivor size 32768 bytes, new threshold 15 (max 15)
- age   3:        184 bytes,        184 total
- age   9:         16 bytes,        200 total
- age  15:         16 bytes,        216 total
: 896K->0K(960K), 0.0010947 secs] 6877K->6557K(10176K), 0.0012868 secs] [Times: user=0.00 sys=0.00, real=0.00 secs] 
2019-01-02T11:13:02.644+0530: 850.546: [GC (Allocation Failure) 2019-01-02T11:13:02.644+0530: 850.546: [DefNew
Desired survivor size 32768 bytes, new threshold 15 (max 15)
- age   1:         24 bytes,         24 total
- age   4:        184 bytes,        208 total
- age  10:         16 bytes,        224 total
: 462K->0K(960K), 0.0004208 secs] 7019K->6557K(10176K), 0.0005867 secs] [Times: user=0.00 sys=0.00, real=0.00 secs] 
2019-01-02T11:13:02.645+0530: 850.547: [GC (Allocation Failure) 2019-01-02T11:13:02.646+0530: 850.547: [DefNew
Desired survivor size 32768 bytes, new threshold 15 (max 15)
- age   2:         24 bytes,         24 total
- age   5:        184 bytes,        208 total
- age  11:         16 bytes,        224 total
: 497K->0K(960K), 0.0013575 secs] 7055K->7055K(10176K), 0.0015486 secs] [Times: user=0.00 sys=0.00, real=0.00 secs] 
2019-01-02T11:13:02.648+0530: 850.550: [GC (Allocation Failure) 2019-01-02T11:13:02.648+0530: 850.550: [DefNew
Desired survivor size 32768 bytes, new threshold 15 (max 15)
- age   1:         24 bytes,         24 total
- age   6:         72 bytes,         96 total
- age  12:         16 bytes,        112 total
: 515K->0K(960K), 0.0013986 secs] 7570K->7552K(10176K), 0.0015674 secs] [Times: user=0.00 sys=0.00, real=0.00 secs] 
2019-01-02T11:13:02.706+0530: 850.608: [GC (Allocation Failure) 2019-01-02T11:13:02.706+0530: 850.608: [DefNew
Desired survivor size 32768 bytes, new threshold 15 (max 15)
- age   1:        248 bytes,        248 total
- age   7:         16 bytes,        264 total
- age  13:         16 bytes,        280 total
: 868K->0K(960K), 0.0004858 secs] 8421K->7625K(10176K), 0.0008068 secs] [Times: user=0.00 sys=0.00, real=0.00 secs] 
2019-01-02T11:13:02.708+0530: 850.610: [GC (Allocation Failure) 2019-01-02T11:13:02.709+0530: 850.610: [DefNew
Desired survivor size 32768 bytes, new threshold 15 (max 15)
- age   1:         40 bytes,         40 total
- age   2:        184 bytes,        224 total
- age   8:         16 bytes,        240 total
- age  14:         16 bytes,        256 total
: 896K->0K(960K), 0.0008535 secs] 8521K->7913K(10176K), 0.0011221 secs] [Times: user=0.00 sys=0.00, real=0.00 secs] 
2019-01-02T11:13:02.711+0530: 850.613: [GC (Allocation Failure) 2019-01-02T11:13:02.711+0530: 850.613: [DefNew
Desired survivor size 32768 bytes, new threshold 15 (max 15)
- age   3:        184 bytes,        184 total
- age   9:         16 bytes,        200 total
- age  15:         16 bytes,        216 total
: 896K->0K(960K), 0.0011791 secs] 8809K->8489K(10176K), 0.0012937 secs] [Times: user=0.00 sys=0.00, real=0.00 secs] 
2019-01-02T11:13:02.714+0530: 850.616: [GC (Allocation Failure) 2019-01-02T11:13:02.714+0530: 850.616: [DefNew
Desired survivor size 32768 bytes, new threshold 15 (max 15)
- age   1:         24 bytes,         24 total
- age   4:        184 bytes,        208 total
- age  10:         16 bytes,        224 total
: 462K->0K(960K), 0.0002326 secs] 8951K->8489K(10176K), 0.0002856 secs] [Times: user=0.00 sys=0.00, real=0.00 secs] 
2019-01-02T11:13:02.714+0530: 850.616: [GC (Allocation Failure) 2019-01-02T11:13:02.714+0530: 850.616: [DefNew
Desired survivor size 32768 bytes, new threshold 15 (max 15)
- age   2:         24 bytes,         24 total
- age   5:        184 bytes,        208 total
- age  11:         16 bytes,        224 total
: 497K->0K(960K), 0.0008649 secs] 8986K->8986K(10176K), 0.0009698 secs] [Times: user=0.00 sys=0.00, real=0.00 secs] 
2019-01-02T11:13:02.716+0530: 850.618: [GC (Allocation Failure) 2019-01-02T11:13:02.716+0530: 850.618: [DefNew: 515K->515K(960K), 0.0000257 secs]2019-01-02T11:13:02.716+0530: 850.618: [Tenured: 8986K->1260K(9216K), 0.0050995 secs] 9502K->1260K(10176K), [Metaspace: 2520K->2520K(1056768K)], 0.0052415 secs] [Times: user=0.00 sys=0.00, real=0.00 secs] 
2019-01-02T11:13:02.774+0530: 850.676: [GC (Allocation Failure) 2019-01-02T11:13:02.774+0530: 850.676: [DefNew
Desired survivor size 32768 bytes, new threshold 15 (max 15)
- age   1:        248 bytes,        248 total
: 868K->0K(960K), 0.0009961 secs] 2129K->1830K(10176K), 0.0013963 secs] [Times: user=0.00 sys=0.00, real=0.00 secs] 
2019-01-02T11:13:02.777+0530: 850.679: [GC (Allocation Failure) 2019-01-02T11:13:02.778+0530: 850.679: [DefNew
Desired survivor size 32768 bytes, new threshold 15 (max 15)
- age   1:         40 bytes,         40 total
- age   2:        184 bytes,        224 total
: 896K->0K(960K), 0.0006386 secs] 2726K->2118K(10176K), 0.0009162 secs] [Times: user=0.00 sys=0.00, real=0.00 secs] 
2019-01-02T11:13:02.780+0530: 850.682: [GC (Allocation Failure) 2019-01-02T11:13:02.780+0530: 850.682: [DefNew
Desired survivor size 32768 bytes, new threshold 15 (max 15)
- age   3:        184 bytes,        184 total
: 896K->0K(960K), 0.0010576 secs] 3014K->2694K(10176K), 0.0012099 secs] [Times: user=0.00 sys=0.00, real=0.00 secs] 
2019-01-02T11:13:02.782+0530: 850.684: [GC (Allocation Failure) 2019-01-02T11:13:02.783+0530: 850.684: [DefNew
Desired survivor size 32768 bytes, new threshold 15 (max 15)
- age   1:         24 bytes,         24 total
- age   4:        184 bytes,        208 total
: 462K->0K(960K), 0.0007304 secs] 3156K->2694K(10176K), 0.0009117 secs] [Times: user=0.00 sys=0.00, real=0.00 secs] 
2019-01-02T11:13:02.784+0530: 850.686: [GC (Allocation Failure) 2019-01-02T11:13:02.784+0530: 850.686: [DefNew
Desired survivor size 32768 bytes, new threshold 15 (max 15)
- age   2:         24 bytes,         24 total
- age   5:        184 bytes,        208 total
: 497K->0K(960K), 0.0006312 secs] 3192K->3192K(10176K), 0.0007178 secs] [Times: user=0.00 sys=0.00, real=0.00 secs] 
2019-01-02T11:13:02.785+0530: 850.687: [GC (Allocation Failure) 2019-01-02T11:13:02.785+0530: 850.687: [DefNew
Desired survivor size 32768 bytes, new threshold 15 (max 15)
- age   1:         24 bytes,         24 total
- age   6:         72 bytes,         96 total
: 515K->0K(960K), 0.0006659 secs] 3708K->3690K(10176K), 0.0007891 secs] [Times: user=0.00 sys=0.00, real=0.00 secs] 
2019-01-02T11:13:02.838+0530: 850.740: [GC (Allocation Failure) 2019-01-02T11:13:02.839+0530: 850.741: [DefNew
Desired survivor size 32768 bytes, new threshold 15 (max 15)
- age   1:        248 bytes,        248 total
- age   7:         16 bytes,        264 total
: 868K->0K(960K), 0.0012675 secs] 4559K->3762K(10176K), 0.0016210 secs] [Times: user=0.00 sys=0.00, real=0.00 secs] 
2019-01-02T11:13:02.842+0530: 850.744: [GC (Allocation Failure) 2019-01-02T11:13:02.842+0530: 850.744: [DefNew
Desired survivor size 32768 bytes, new threshold 15 (max 15)
- age   1:         40 bytes,         40 total
- age   2:        184 bytes,        224 total
- age   8:         16 bytes,        240 total
: 896K->0K(960K), 0.0011118 secs] 4658K->4050K(10176K), 0.0013205 secs] [Times: user=0.00 sys=0.00, real=0.00 secs] 
2019-01-02T11:13:02.845+0530: 850.747: [GC (Allocation Failure) 2019-01-02T11:13:02.845+0530: 850.747: [DefNew
Desired survivor size 32768 bytes, new threshold 15 (max 15)
- age   3:        184 bytes,        184 total
- age   9:         16 bytes,        200 total
: 896K->0K(960K), 0.0007087 secs] 4946K->4626K(10176K), 0.0008997 secs] [Times: user=0.00 sys=0.00, real=0.00 secs] 
2019-01-02T11:13:02.847+0530: 850.749: [GC (Allocation Failure) 2019-01-02T11:13:02.847+0530: 850.749: [DefNew
Desired survivor size 32768 bytes, new threshold 15 (max 15)
- age   1:         24 bytes,         24 total
- age   4:        184 bytes,        208 total
- age  10:         16 bytes,        224 total
: 462K->0K(960K), 0.0002594 secs] 5088K->4626K(10176K), 0.0003375 secs] [Times: user=0.00 sys=0.00, real=0.00 secs] 
2019-01-02T11:13:02.848+0530: 850.750: [GC (Allocation Failure) 2019-01-02T11:13:02.848+0530: 850.750: [DefNew
Desired survivor size 32768 bytes, new threshold 15 (max 15)
- age   2:         24 bytes,         24 total
- age   5:        184 bytes,        208 total
- age  11:         16 bytes,        224 total
: 497K->0K(960K), 0.0003410 secs] 5124K->5124K(10176K), 0.0004134 secs] [Times: user=0.00 sys=0.00, real=0.00 secs] 
2019-01-02T11:13:02.849+0530: 850.751: [GC (Allocation Failure) 2019-01-02T11:13:02.849+0530: 850.751: [DefNew
Desired survivor size 32768 bytes, new threshold 15 (max 15)
- age   1:         24 bytes,         24 total
- age   6:         72 bytes,         96 total
- age  12:         16 bytes,        112 total
: 515K->0K(960K), 0.0014294 secs] 5639K->5621K(10176K), 0.0015617 secs] [Times: user=0.00 sys=0.00, real=0.00 secs] 
2019-01-02T11:13:02.908+0530: 850.810: [GC (Allocation Failure) 2019-01-02T11:13:02.908+0530: 850.810: [DefNew
Desired survivor size 32768 bytes, new threshold 15 (max 15)
- age   1:        248 bytes,        248 total
- age   7:         16 bytes,        264 total
- age  13:         16 bytes,        280 total
: 868K->0K(960K), 0.0011261 secs] 6490K->5694K(10176K), 0.0016785 secs] [Times: user=0.00 sys=0.00, real=0.00 secs] 
2019-01-02T11:13:02.912+0530: 850.814: [GC (Allocation Failure) 2019-01-02T11:13:02.912+0530: 850.814: [DefNew
Desired survivor size 32768 bytes, new threshold 15 (max 15)
- age   1:         40 bytes,         40 total
- age   2:        184 bytes,        224 total
- age   8:         16 bytes,        240 total
- age  14:         16 bytes,        256 total
: 896K->0K(960K), 0.0011899 secs] 6590K->5982K(10176K), 0.0013450 secs] [Times: user=0.00 sys=0.00, real=0.00 secs] 
2019-01-02T11:13:02.914+0530: 850.816: [GC (Allocation Failure) 2019-01-02T11:13:02.914+0530: 850.816: [DefNew
Desired survivor size 32768 bytes, new threshold 15 (max 15)
- age   3:        184 bytes,        184 total
- age   9:         16 bytes,        200 total
- age  15:         16 bytes,        216 total
: 896K->0K(960K), 0.0003820 secs] 6878K->6558K(10176K), 0.0004613 secs] [Times: user=0.00 sys=0.00, real=0.00 secs] 
2019-01-02T11:13:02.917+0530: 850.819: [GC (Allocation Failure) 2019-01-02T11:13:02.917+0530: 850.819: [DefNew
Desired survivor size 32768 bytes, new threshold 15 (max 15)
- age   1:         24 bytes,         24 total
- age   4:        184 bytes,        208 total
- age  10:         16 bytes,        224 total
: 462K->0K(960K), 0.0004841 secs] 7020K->6558K(10176K), 0.0006517 secs] [Times: user=0.00 sys=0.00, real=0.00 secs] 
2019-01-02T11:13:02.918+0530: 850.820: [GC (Allocation Failure) 2019-01-02T11:13:02.918+0530: 850.820: [DefNew
Desired survivor size 32768 bytes, new threshold 15 (max 15)
- age   2:         24 bytes,         24 total
- age   5:        184 bytes,        208 total
- age  11:         16 bytes,        224 total
: 498K->0K(960K), 0.0006888 secs] 7055K->7055K(10176K), 0.0007748 secs] [Times: user=0.00 sys=0.00, real=0.00 secs] 
2019-01-02T11:13:02.919+0530: 850.821: [GC (Allocation Failure) 2019-01-02T11:13:02.920+0530: 850.821: [DefNew
Desired survivor size 32768 bytes, new threshold 15 (max 15)
- age   1:         24 bytes,         24 total
- age   6:         72 bytes,         96 total
- age  12:         16 bytes,        112 total
: 515K->0K(960K), 0.0005998 secs] 7571K->7553K(10176K), 0.0007258 secs] [Times: user=0.00 sys=0.00, real=0.00 secs] 
2019-01-02T11:13:02.978+0530: 850.880: [GC (Allocation Failure) 2019-01-02T11:13:02.978+0530: 850.880: [DefNew
Desired survivor size 32768 bytes, new threshold 15 (max 15)
- age   1:        248 bytes,        248 total
- age   7:         16 bytes,        264 total
- age  13:         16 bytes,        280 total
: 868K->0K(960K), 0.0006141 secs] 8422K->7625K(10176K), 0.0009425 secs] [Times: user=0.00 sys=0.00, real=0.00 secs] 
2019-01-02T11:13:02.981+0530: 850.883: [GC (Allocation Failure) 2019-01-02T11:13:02.982+0530: 850.883: [DefNew
Desired survivor size 32768 bytes, new threshold 15 (max 15)
- age   1:         40 bytes,         40 total
- age   2:        184 bytes,        224 total
- age   8:         16 bytes,        240 total
- age  14:         16 bytes,        256 total
: 896K->0K(960K), 0.0010314 secs] 8521K->7913K(10176K), 0.0012897 secs] [Times: user=0.00 sys=0.00, real=0.00 secs] 
2019-01-02T11:13:02.984+0530: 850.886: [GC (Allocation Failure) 2019-01-02T11:13:02.984+0530: 850.886: [DefNew
Desired survivor size 32768 bytes, new threshold 15 (max 15)
- age   3:        184 bytes,        184 total
- age   9:         16 bytes,        200 total
- age  15:         16 bytes,        216 total
: 896K->0K(960K), 0.0004476 secs] 8809K->8489K(10176K), 0.0005348 secs] [Times: user=0.00 sys=0.00, real=0.00 secs] 
2019-01-02T11:13:02.986+0530: 850.888: [GC (Allocation Failure) 2019-01-02T11:13:02.986+0530: 850.888: [DefNew
Desired survivor size 32768 bytes, new threshold 15 (max 15)
- age   1:         24 bytes,         24 total
- age   4:        184 bytes,        208 total
- age  10:         16 bytes,        224 total
: 462K->0K(960K), 0.0004248 secs] 8951K->8489K(10176K), 0.0005519 secs] [Times: user=0.00 sys=0.00, real=0.00 secs] 
2019-01-02T11:13:02.988+0530: 850.890: [GC (Allocation Failure) 2019-01-02T11:13:02.988+0530: 850.890: [DefNew
Desired survivor size 32768 bytes, new threshold 15 (max 15)
- age   2:         24 bytes,         24 total
- age   5:        184 bytes,        208 total
- age  11:         16 bytes,        224 total
: 498K->0K(960K), 0.0005006 secs] 8987K->8987K(10176K), 0.0005764 secs] [Times: user=0.00 sys=0.00, real=0.00 secs] 
2019-01-02T11:13:02.989+0530: 850.890: [GC (Allocation Failure) 2019-01-02T11:13:02.989+0530: 850.891: [DefNew: 515K->515K(960K), 0.0000279 secs]2019-01-02T11:13:02.989+0530: 850.891: [Tenured: 8987K->1261K(9216K), 0.0037431 secs] 9503K->1261K(10176K), [Metaspace: 2520K->2520K(1056768K)], 0.0038919 secs] [Times: user=0.02 sys=0.00, real=0.00 secs] 
2019-01-02T11:13:03.049+0530: 850.951: [GC (Allocation Failure) 2019-01-02T11:13:03.049+0530: 850.951: [DefNew
Desired survivor size 32768 bytes, new threshold 15 (max 15)
- age   1:        248 bytes,        248 total
: 868K->0K(960K), 0.0021689 secs] 2129K->1831K(10176K), 0.0026723 secs] [Times: user=0.00 sys=0.00, real=0.00 secs] 
2019-01-02T11:13:03.053+0530: 850.955: [GC (Allocation Failure) 2019-01-02T11:13:03.053+0530: 850.955: [DefNew
Desired survivor size 32768 bytes, new threshold 15 (max 15)
- age   1:         40 bytes,         40 total
- age   2:        184 bytes,        224 total
: 896K->0K(960K), 0.0006186 secs] 2727K->2119K(10176K), 0.0007532 secs] [Times: user=0.00 sys=0.00, real=0.00 secs] 
2019-01-02T11:13:03.055+0530: 850.957: [GC (Allocation Failure) 2019-01-02T11:13:03.055+0530: 850.957: [DefNew
Desired survivor size 32768 bytes, new threshold 15 (max 15)
- age   3:        184 bytes,        184 total
: 896K->0K(960K), 0.0010046 secs] 3015K->2695K(10176K), 0.0011460 secs] [Times: user=0.00 sys=0.00, real=0.00 secs] 
2019-01-02T11:13:03.058+0530: 850.960: [GC (Allocation Failure) 2019-01-02T11:13:03.058+0530: 850.960: [DefNew
Desired survivor size 32768 bytes, new threshold 15 (max 15)
- age   1:         24 bytes,         24 total
- age   4:        184 bytes,        208 total
: 462K->0K(960K), 0.0002874 secs] 3157K->2695K(10176K), 0.0003792 secs] [Times: user=0.00 sys=0.00, real=0.00 secs] 
2019-01-02T11:13:03.059+0530: 850.961: [GC (Allocation Failure) 2019-01-02T11:13:03.059+0530: 850.961: [DefNew
Desired survivor size 32768 bytes, new threshold 15 (max 15)
- age   2:         24 bytes,         24 total
- age   5:        184 bytes,        208 total
: 498K->0K(960K), 0.0003438 secs] 3192K->3192K(10176K), 0.0004162 secs] [Times: user=0.00 sys=0.00, real=0.00 secs] 
2019-01-02T11:13:03.060+0530: 850.961: [GC (Allocation Failure) 2019-01-02T11:13:03.060+0530: 850.961: [DefNew
Desired survivor size 32768 bytes, new threshold 15 (max 15)
- age   1:         24 bytes,         24 total
- age   6:         72 bytes,         96 total
: 515K->0K(960K), 0.0003239 secs] 3708K->3690K(10176K), 0.0003940 secs] [Times: user=0.00 sys=0.00, real=0.00 secs] 
2019-01-02T11:13:03.115+0530: 851.017: [GC (Allocation Failure) 2019-01-02T11:13:03.116+0530: 851.017: [DefNew
Desired survivor size 32768 bytes, new threshold 15 (max 15)
- age   1:        248 bytes,        248 total
- age   7:         16 bytes,        264 total
: 868K->0K(960K), 0.0008182 secs] 4559K->3762K(10176K), 0.0011460 secs] [Times: user=0.01 sys=0.00, real=0.00 secs] 
2019-01-02T11:13:03.119+0530: 851.021: [GC (Allocation Failure) 2019-01-02T11:13:03.119+0530: 851.021: [DefNew
Desired survivor size 32768 bytes, new threshold 15 (max 15)
- age   1:         40 bytes,         40 total
- age   2:        184 bytes,        224 total
- age   8:         16 bytes,        240 total
: 896K->0K(960K), 0.0009693 secs] 4658K->4050K(10176K), 0.0012264 secs] [Times: user=0.00 sys=0.00, real=0.00 secs] 
2019-01-02T11:13:03.122+0530: 851.024: [GC (Allocation Failure) 2019-01-02T11:13:03.122+0530: 851.024: [DefNew
Desired survivor size 32768 bytes, new threshold 15 (max 15)
- age   3:        184 bytes,        184 total
- age   9:         16 bytes,        200 total
: 896K->0K(960K), 0.0007349 secs] 4946K->4626K(10176K), 0.0009408 secs] [Times: user=0.00 sys=0.00, real=0.00 secs] 
2019-01-02T11:13:03.124+0530: 851.026: [GC (Allocation Failure) 2019-01-02T11:13:03.124+0530: 851.026: [DefNew
Desired survivor size 32768 bytes, new threshold 15 (max 15)
- age   1:         24 bytes,         24 total
- age   4:        184 bytes,        208 total
- age  10:         16 bytes,        224 total
: 462K->0K(960K), 0.0005456 secs] 5088K->4626K(10176K), 0.0006648 secs] [Times: user=0.00 sys=0.00, real=0.00 secs] 
2019-01-02T11:13:03.125+0530: 851.027: [GC (Allocation Failure) 2019-01-02T11:13:03.125+0530: 851.027: [DefNew
Desired survivor size 32768 bytes, new threshold 15 (max 15)
- age   2:         24 bytes,         24 total
- age   5:        184 bytes,        208 total
- age  11:         16 bytes,        224 total
: 498K->0K(960K), 0.0003364 secs] 5124K->5124K(10176K), 0.0004111 secs] [Times: user=0.00 sys=0.00, real=0.00 secs] 
2019-01-02T11:13:03.126+0530: 851.028: [GC (Allocation Failure) 2019-01-02T11:13:03.126+0530: 851.028: [DefNew
Desired survivor size 32768 bytes, new threshold 15 (max 15)
- age   1:         24 bytes,         24 total
- age   6:         72 bytes,         96 total
- age  12:         16 bytes,        112 total
: 515K->0K(960K), 0.0003318 secs] 5640K->5622K(10176K), 0.0004082 secs] [Times: user=0.00 sys=0.00, real=0.00 secs] 
2019-01-02T11:13:03.186+0530: 851.088: [GC (Allocation Failure) 2019-01-02T11:13:03.186+0530: 851.088: [DefNew
Desired survivor size 32768 bytes, new threshold 15 (max 15)
- age   1:        248 bytes,        248 total
- age   7:         16 bytes,        264 total
- age  13:         16 bytes,        280 total
: 869K->0K(960K), 0.0009522 secs] 6491K->5694K(10176K), 0.0014875 secs] [Times: user=0.00 sys=0.00, real=0.00 secs] 
2019-01-02T11:13:03.189+0530: 851.091: [GC (Allocation Failure) 2019-01-02T11:13:03.190+0530: 851.091: [DefNew
Desired survivor size 32768 bytes, new threshold 15 (max 15)
- age   1:         40 bytes,         40 total
- age   2:        184 bytes,        224 total
- age   8:         16 bytes,        240 total
- age  14:         16 bytes,        256 total
: 896K->0K(960K), 0.0008615 secs] 6590K->5982K(10176K), 0.0010109 secs] [Times: user=0.00 sys=0.00, real=0.00 secs] 
2019-01-02T11:13:03.192+0530: 851.094: [GC (Allocation Failure) 2019-01-02T11:13:03.192+0530: 851.094: [DefNew
Desired survivor size 32768 bytes, new threshold 15 (max 15)
- age   3:        184 bytes,        184 total
- age   9:         16 bytes,        200 total
- age  15:         16 bytes,        216 total
: 896K->0K(960K), 0.0011215 secs] 6878K->6558K(10176K), 0.0012772 secs] [Times: user=0.00 sys=0.00, real=0.00 secs] 
2019-01-02T11:13:03.194+0530: 851.096: [GC (Allocation Failure) 2019-01-02T11:13:03.194+0530: 851.096: [DefNew
Desired survivor size 32768 bytes, new threshold 15 (max 15)
- age   1:         24 bytes,         24 total
- age   4:        184 bytes,        208 total
- age  10:         16 bytes,        224 total
: 462K->0K(960K), 0.0003124 secs] 7020K->6558K(10176K), 0.0003980 secs] [Times: user=0.00 sys=0.00, real=0.00 secs] 
2019-01-02T11:13:03.195+0530: 851.097: [GC (Allocation Failure) 2019-01-02T11:13:03.195+0530: 851.097: [DefNew
Desired survivor size 32768 bytes, new threshold 15 (max 15)
- age   2:         24 bytes,         24 total
- age   5:        184 bytes,        208 total
- age  11:         16 bytes,        224 total
: 498K->0K(960K), 0.0005291 secs] 7056K->7056K(10176K), 0.0006186 secs] [Times: user=0.00 sys=0.00, real=0.00 secs] 
2019-01-02T11:13:03.196+0530: 851.098: [GC (Allocation Failure) 2019-01-02T11:13:03.196+0530: 851.098: [DefNew
Desired survivor size 32768 bytes, new threshold 15 (max 15)
- age   1:         24 bytes,         24 total
- age   6:         72 bytes,         96 total
- age  12:         16 bytes,        112 total
: 515K->0K(960K), 0.0004305 secs] 7572K->7554K(10176K), 0.0005097 secs] [Times: user=0.00 sys=0.00, real=0.00 secs] 
2019-01-02T11:13:03.254+0530: 851.156: [GC (Allocation Failure) 2019-01-02T11:13:03.254+0530: 851.156: [DefNew
Desired survivor size 32768 bytes, new threshold 15 (max 15)
- age   1:        248 bytes,        248 total
- age   7:         16 bytes,        264 total
- age  13:         16 bytes,        280 total
: 869K->0K(960K), 0.0006380 secs] 8423K->7626K(10176K), 0.0007902 secs] [Times: user=0.00 sys=0.00, real=0.00 secs] 
2019-01-02T11:13:03.256+0530: 851.158: [GC (Allocation Failure) 2019-01-02T11:13:03.257+0530: 851.159: [DefNew
Desired survivor size 32768 bytes, new threshold 15 (max 15)
- age   1:         40 bytes,         40 total
- age   2:        184 bytes,        224 total
- age   8:         16 bytes,        240 total
- age  14:         16 bytes,        256 total
: 896K->0K(960K), 0.0009442 secs] 8522K->7914K(10176K), 0.0011740 secs] [Times: user=0.02 sys=0.00, real=0.00 secs] 
2019-01-02T11:13:03.259+0530: 851.161: [GC (Allocation Failure) 2019-01-02T11:13:03.259+0530: 851.161: [DefNew
Desired survivor size 32768 bytes, new threshold 15 (max 15)
- age   3:        184 bytes,        184 total
- age   9:         16 bytes,        200 total
- age  15:         16 bytes,        216 total
: 896K->0K(960K), 0.0010673 secs] 8810K->8490K(10176K), 0.0012555 secs] [Times: user=0.00 sys=0.00, real=0.00 secs] 
2019-01-02T11:13:03.262+0530: 851.164: [GC (Allocation Failure) 2019-01-02T11:13:03.262+0530: 851.164: [DefNew
Desired survivor size 32768 bytes, new threshold 15 (max 15)
- age   1:         24 bytes,         24 total
- age   4:        184 bytes,        208 total
- age  10:         16 bytes,        224 total
: 462K->0K(960K), 0.0002868 secs] 8952K->8490K(10176K), 0.0003706 secs] [Times: user=0.00 sys=0.00, real=0.00 secs] 
2019-01-02T11:13:03.263+0530: 851.165: [GC (Allocation Failure) 2019-01-02T11:13:03.263+0530: 851.165: [DefNew
Desired survivor size 32768 bytes, new threshold 15 (max 15)
- age   2:         24 bytes,         24 total
- age   5:        184 bytes,        208 total
- age  11:         16 bytes,        224 total
: 498K->0K(960K), 0.0003541 secs] 8988K->8988K(10176K), 0.0004270 secs] [Times: user=0.00 sys=0.00, real=0.00 secs] 
2019-01-02T11:13:03.264+0530: 851.165: [GC (Allocation Failure) 2019-01-02T11:13:03.264+0530: 851.166: [DefNew: 515K->515K(960K), 0.0000279 secs]2019-01-02T11:13:03.264+0530: 851.166: [Tenured: 8988K->1261K(9216K), 0.0037636 secs] 9504K->1261K(10176K), [Metaspace: 2520K->2520K(1056768K)], 0.0039170 secs] [Times: user=0.00 sys=0.00, real=0.00 secs] 
2019-01-02T11:13:03.322+0530: 851.224: [GC (Allocation Failure) 2019-01-02T11:13:03.322+0530: 851.224: [DefNew
Desired survivor size 32768 bytes, new threshold 15 (max 15)
- age   1:        248 bytes,        248 total
: 868K->0K(960K), 0.0007959 secs] 2130K->1831K(10176K), 0.0009391 secs] [Times: user=0.00 sys=0.00, real=0.00 secs] 
2019-01-02T11:13:03.325+0530: 851.227: [GC (Allocation Failure) 2019-01-02T11:13:03.325+0530: 851.227: [DefNew
Desired survivor size 32768 bytes, new threshold 15 (max 15)
- age   1:         40 bytes,         40 total
- age   2:        184 bytes,        224 total
: 896K->0K(960K), 0.0008729 secs] 2727K->2119K(10176K), 0.0010713 secs] [Times: user=0.00 sys=0.00, real=0.00 secs] 
2019-01-02T11:13:03.328+0530: 851.230: [GC (Allocation Failure) 2019-01-02T11:13:03.328+0530: 851.230: [DefNew
Desired survivor size 32768 bytes, new threshold 15 (max 15)
- age   3:        184 bytes,        184 total
: 896K->0K(960K), 0.0011261 secs] 3015K->2695K(10176K), 0.0013821 secs] [Times: user=0.00 sys=0.00, real=0.00 secs] 
2019-01-02T11:13:03.331+0530: 851.232: [GC (Allocation Failure) 2019-01-02T11:13:03.331+0530: 851.232: [DefNew
Desired survivor size 32768 bytes, new threshold 15 (max 15)
- age   1:         24 bytes,         24 total
- age   4:        184 bytes,        208 total
: 462K->0K(960K), 0.0003375 secs] 3157K->2695K(10176K), 0.0004909 secs] [Times: user=0.00 sys=0.00, real=0.00 secs] 
2019-01-02T11:13:03.331+0530: 851.233: [GC (Allocation Failure) 2019-01-02T11:13:03.331+0530: 851.233: [DefNew
Desired survivor size 32768 bytes, new threshold 15 (max 15)
- age   2:         24 bytes,         24 total
- age   5:        184 bytes,        208 total
: 498K->0K(960K), 0.0003877 secs] 3193K->3193K(10176K), 0.0004607 secs] [Times: user=0.00 sys=0.00, real=0.00 secs] 
2019-01-02T11:13:03.332+0530: 851.234: [GC (Allocation Failure) 2019-01-02T11:13:03.332+0530: 851.234: [DefNew
Desired survivor size 32768 bytes, new threshold 15 (max 15)
- age   1:         24 bytes,         24 total
- age   6:         72 bytes,         96 total
: 515K->0K(960K), 0.0003387 secs] 3708K->3691K(10176K), 0.0004099 secs] [Times: user=0.00 sys=0.00, real=0.00 secs] 
2019-01-02T11:13:03.388+0530: 851.290: [GC (Allocation Failure) 2019-01-02T11:13:03.389+0530: 851.290: [DefNew
Desired survivor size 32768 bytes, new threshold 15 (max 15)
- age   1:        248 bytes,        248 total
- age   7:         16 bytes,        264 total
: 869K->0K(960K), 0.0005536 secs] 4560K->3763K(10176K), 0.0009704 secs] [Times: user=0.00 sys=0.00, real=0.00 secs] 
2019-01-02T11:13:03.391+0530: 851.293: [GC (Allocation Failure) 2019-01-02T11:13:03.391+0530: 851.293: [DefNew
Desired survivor size 32768 bytes, new threshold 15 (max 15)
- age   1:         40 bytes,         40 total
- age   2:        184 bytes,        224 total
- age   8:         16 bytes,        240 total
: 896K->0K(960K), 0.0008592 secs] 4659K->4051K(10176K), 0.0010206 secs] [Times: user=0.00 sys=0.00, real=0.00 secs] 
2019-01-02T11:13:03.394+0530: 851.296: [GC (Allocation Failure) 2019-01-02T11:13:03.394+0530: 851.296: [DefNew
Desired survivor size 32768 bytes, new threshold 15 (max 15)
- age   3:        184 bytes,        184 total
- age   9:         16 bytes,        200 total
: 896K->0K(960K), 0.0009858 secs] 4947K->4627K(10176K), 0.0011483 secs] [Times: user=0.00 sys=0.00, real=0.00 secs] 
2019-01-02T11:13:03.396+0530: 851.298: [GC (Allocation Failure) 2019-01-02T11:13:03.396+0530: 851.298: [DefNew
Desired survivor size 32768 bytes, new threshold 15 (max 15)
- age   1:         24 bytes,         24 total
- age   4:        184 bytes,        208 total
- age  10:         16 bytes,        224 total
: 462K->0K(960K), 0.0002589 secs] 5089K->4627K(10176K), 0.0003381 secs] [Times: user=0.00 sys=0.00, real=0.00 secs] 
2019-01-02T11:13:03.397+0530: 851.299: [GC (Allocation Failure) 2019-01-02T11:13:03.397+0530: 851.299: [DefNew
Desired survivor size 32768 bytes, new threshold 15 (max 15)
- age   2:         24 bytes,         24 total
- age   5:        184 bytes,        208 total
- age  11:         16 bytes,        224 total
: 498K->0K(960K), 0.0003410 secs] 5125K->5125K(10176K), 0.0004139 secs] [Times: user=0.02 sys=0.00, real=0.00 secs] 
2019-01-02T11:13:03.398+0530: 851.300: [GC (Allocation Failure) 2019-01-02T11:13:03.398+0530: 851.300: [DefNew
Desired survivor size 32768 bytes, new threshold 15 (max 15)
- age   1:         24 bytes,         24 total
- age   6:         72 bytes,         96 total
- age  12:         16 bytes,        112 total
: 515K->0K(960K), 0.0003392 secs] 5640K->5623K(10176K), 0.0004105 secs] [Times: user=0.00 sys=0.00, real=0.00 secs] 
2019-01-02T11:13:03.455+0530: 851.357: [GC (Allocation Failure) 2019-01-02T11:13:03.455+0530: 851.357: [DefNew
Desired survivor size 32768 bytes, new threshold 15 (max 15)
- age   1:        248 bytes,        248 total
- age   7:         16 bytes,        264 total
- age  13:         16 bytes,        280 total
: 869K->0K(960K), 0.0010046 secs] 6492K->5695K(10176K), 0.0013690 secs] [Times: user=0.00 sys=0.00, real=0.00 secs] 
2019-01-02T11:13:03.458+0530: 851.360: [GC (Allocation Failure) 2019-01-02T11:13:03.458+0530: 851.360: [DefNew
Desired survivor size 32768 bytes, new threshold 15 (max 15)
- age   1:         40 bytes,         40 total
- age   2:        184 bytes,        224 total
- age   8:         16 bytes,        240 total
- age  14:         16 bytes,        256 total
: 896K->0K(960K), 0.0005781 secs] 6591K->5983K(10176K), 0.0007560 secs] [Times: user=0.00 sys=0.00, real=0.00 secs] 
2019-01-02T11:13:03.460+0530: 851.362: [GC (Allocation Failure) 2019-01-02T11:13:03.460+0530: 851.362: [DefNew
Desired survivor size 32768 bytes, new threshold 15 (max 15)
- age   3:        184 bytes,        184 total
- age   9:         16 bytes,        200 total
- age  15:         16 bytes,        216 total
: 896K->0K(960K), 0.0010120 secs] 6879K->6559K(10176K), 0.0012047 secs] [Times: user=0.00 sys=0.00, real=0.00 secs] 
2019-01-02T11:13:03.463+0530: 851.364: [GC (Allocation Failure) 2019-01-02T11:13:03.463+0530: 851.364: [DefNew
Desired survivor size 32768 bytes, new threshold 15 (max 15)
- age   1:         24 bytes,         24 total
- age   4:        184 bytes,        208 total
- age  10:         16 bytes,        224 total
: 462K->0K(960K), 0.0002891 secs] 7021K->6559K(10176K), 0.0003786 secs] [Times: user=0.00 sys=0.00, real=0.00 secs] 
2019-01-02T11:13:03.463+0530: 851.365: [GC (Allocation Failure) 2019-01-02T11:13:03.463+0530: 851.365: [DefNew
Desired survivor size 32768 bytes, new threshold 15 (max 15)
- age   2:         24 bytes,         24 total
- age   5:        184 bytes,        208 total
- age  11:         16 bytes,        224 total
: 498K->0K(960K), 0.0003449 secs] 7057K->7057K(10176K), 0.0004236 secs] [Times: user=0.00 sys=0.00, real=0.00 secs] 
2019-01-02T11:13:03.464+0530: 851.366: [GC (Allocation Failure) 2019-01-02T11:13:03.464+0530: 851.366: [DefNew
Desired survivor size 32768 bytes, new threshold 15 (max 15)
- age   1:         24 bytes,         24 total
- age   6:         72 bytes,         96 total
- age  12:         16 bytes,        112 total
: 515K->0K(960K), 0.0003353 secs] 7572K->7555K(10176K), 0.0004060 secs] [Times: user=0.00 sys=0.00, real=0.00 secs] 
2019-01-02T11:13:03.518+0530: 851.420: [GC (Allocation Failure) 2019-01-02T11:13:03.518+0530: 851.420: [DefNew
Desired survivor size 32768 bytes, new threshold 15 (max 15)
- age   1:        248 bytes,        248 total
- age   7:         16 bytes,        264 total
- age  13:         16 bytes,        280 total
: 869K->0K(960K), 0.0006722 secs] 8424K->7627K(10176K), 0.0010223 secs] [Times: user=0.00 sys=0.00, real=0.00 secs] 
2019-01-02T11:13:03.522+0530: 851.424: [GC (Allocation Failure) 2019-01-02T11:13:03.522+0530: 851.424: [DefNew
Desired survivor size 32768 bytes, new threshold 15 (max 15)
- age   1:         40 bytes,         40 total
- age   2:        184 bytes,        224 total
- age   8:         16 bytes,        240 total
- age  14:         16 bytes,        256 total
: 896K->0K(960K), 0.0007857 secs] 8523K->7915K(10176K), 0.0011973 secs] [Times: user=0.00 sys=0.00, real=0.00 secs] 
2019-01-02T11:13:03.525+0530: 851.427: [GC (Allocation Failure) 2019-01-02T11:13:03.525+0530: 851.427: [DefNew
Desired survivor size 32768 bytes, new threshold 15 (max 15)
- age   3:        184 bytes,        184 total
- age   9:         16 bytes,        200 total
- age  15:         16 bytes,        216 total
: 896K->0K(960K), 0.0007920 secs] 8811K->8491K(10176K), 0.0009311 secs] [Times: user=0.00 sys=0.00, real=0.00 secs] 
2019-01-02T11:13:03.527+0530: 851.429: [GC (Allocation Failure) 2019-01-02T11:13:03.527+0530: 851.429: [DefNew
Desired survivor size 32768 bytes, new threshold 15 (max 15)
- age   1:         24 bytes,         24 total
- age   4:        184 bytes,        208 total
- age  10:         16 bytes,        224 total
: 462K->0K(960K), 0.0005177 secs] 8953K->8491K(10176K), 0.0006699 secs] [Times: user=0.00 sys=0.00, real=0.00 secs] 
2019-01-02T11:13:03.528+0530: 851.430: [GC (Allocation Failure) 2019-01-02T11:13:03.528+0530: 851.430: [DefNew
Desired survivor size 32768 bytes, new threshold 15 (max 15)
- age   2:         24 bytes,         24 total
- age   5:        184 bytes,        208 total
- age  11:         16 bytes,        224 total
: 498K->0K(960K), 0.0005394 secs] 8989K->8989K(10176K), 0.0006488 secs] [Times: user=0.00 sys=0.00, real=0.00 secs] 
2019-01-02T11:13:03.529+0530: 851.431: [GC (Allocation Failure) 2019-01-02T11:13:03.529+0530: 851.431: [DefNew: 515K->515K(960K), 0.0000365 secs]2019-01-02T11:13:03.530+0530: 851.431: [Tenured: 8989K->1261K(9216K), 0.0037853 secs] 9504K->1261K(10176K), [Metaspace: 2520K->2520K(1056768K)], 0.0039466 secs] [Times: user=0.00 sys=0.00, real=0.00 secs] 
2019-01-02T11:13:03.589+0530: 851.490: [GC (Allocation Failure) 2019-01-02T11:13:03.589+0530: 851.491: [DefNew
Desired survivor size 32768 bytes, new threshold 15 (max 15)
- age   1:        248 bytes,        248 total
: 869K->0K(960K), 0.0013661 secs] 2130K->1831K(10176K), 0.0017880 secs] [Times: user=0.00 sys=0.00, real=0.00 secs] 
2019-01-02T11:13:03.592+0530: 851.494: [GC (Allocation Failure) 2019-01-02T11:13:03.592+0530: 851.494: [DefNew
Desired survivor size 32768 bytes, new threshold 15 (max 15)
- age   1:         40 bytes,         40 total
- age   2:        184 bytes,        224 total
: 896K->0K(960K), 0.0009573 secs] 2727K->2119K(10176K), 0.0011705 secs] [Times: user=0.00 sys=0.00, real=0.00 secs] 
2019-01-02T11:13:03.595+0530: 851.497: [GC (Allocation Failure) 2019-01-02T11:13:03.595+0530: 851.497: [DefNew
Desired survivor size 32768 bytes, new threshold 15 (max 15)
- age   3:        184 bytes,        184 total
: 896K->0K(960K), 0.0009527 secs] 3015K->2695K(10176K), 0.0011021 secs] [Times: user=0.00 sys=0.00, real=0.00 secs] 
2019-01-02T11:13:03.597+0530: 851.499: [GC (Allocation Failure) 2019-01-02T11:13:03.597+0530: 851.499: [DefNew
Desired survivor size 32768 bytes, new threshold 15 (max 15)
- age   1:         24 bytes,         24 total
- age   4:        184 bytes,        208 total
: 462K->0K(960K), 0.0002714 secs] 3157K->2695K(10176K), 0.0003307 secs] [Times: user=0.00 sys=0.00, real=0.00 secs] 
2019-01-02T11:13:03.598+0530: 851.500: [GC (Allocation Failure) 2019-01-02T11:13:03.598+0530: 851.500: [DefNew
Desired survivor size 32768 bytes, new threshold 15 (max 15)
- age   2:         24 bytes,         24 total
- age   5:        184 bytes,        208 total
: 498K->0K(960K), 0.0003358 secs] 3193K->3193K(10176K), 0.0003917 secs] [Times: user=0.00 sys=0.00, real=0.00 secs] 
2019-01-02T11:13:03.599+0530: 851.501: [GC (Allocation Failure) 2019-01-02T11:13:03.599+0530: 851.501: [DefNew
Desired survivor size 32768 bytes, new threshold 15 (max 15)
- age   1:         24 bytes,         24 total
- age   6:         72 bytes,         96 total
: 515K->0K(960K), 0.0003278 secs] 3709K->3691K(10176K), 0.0003826 secs] [Times: user=0.00 sys=0.00, real=0.00 secs] 
2019-01-02T11:13:03.659+0530: 851.561: [GC (Allocation Failure) 2019-01-02T11:13:03.660+0530: 851.561: [DefNew
Desired survivor size 32768 bytes, new threshold 15 (max 15)
- age   1:        248 bytes,        248 total
- age   7:         16 bytes,        264 total
: 869K->0K(960K), 0.0009544 secs] 4560K->3763K(10176K), 0.0012253 secs] [Times: user=0.00 sys=0.00, real=0.00 secs] 
2019-01-02T11:13:03.662+0530: 851.564: [GC (Allocation Failure) 2019-01-02T11:13:03.663+0530: 851.564: [DefNew
Desired survivor size 32768 bytes, new threshold 15 (max 15)
- age   1:         40 bytes,         40 total
- age   2:        184 bytes,        224 total
- age   8:         16 bytes,        240 total
: 896K->0K(960K), 0.0009562 secs] 4659K->4051K(10176K), 0.0011369 secs] [Times: user=0.00 sys=0.00, real=0.00 secs] 
2019-01-02T11:13:03.665+0530: 851.567: [GC (Allocation Failure) 2019-01-02T11:13:03.665+0530: 851.567: [DefNew
Desired survivor size 32768 bytes, new threshold 15 (max 15)
- age   3:        184 bytes,        184 total
- age   9:         16 bytes,        200 total
: 896K->0K(960K), 0.0008991 secs] 4947K->4627K(10176K), 0.0011004 secs] [Times: user=0.00 sys=0.00, real=0.00 secs] 
2019-01-02T11:13:03.668+0530: 851.570: [GC (Allocation Failure) 2019-01-02T11:13:03.668+0530: 851.570: [DefNew
Desired survivor size 32768 bytes, new threshold 15 (max 15)
- age   1:         24 bytes,         24 total
- age   4:        184 bytes,        208 total
- age  10:         16 bytes,        224 total
: 462K->0K(960K), 0.0002976 secs] 5089K->4627K(10176K), 0.0003678 secs] [Times: user=0.00 sys=0.00, real=0.00 secs] 
2019-01-02T11:13:03.668+0530: 851.570: [GC (Allocation Failure) 2019-01-02T11:13:03.668+0530: 851.570: [DefNew
Desired survivor size 32768 bytes, new threshold 15 (max 15)
- age   2:         24 bytes,         24 total
- age   5:        184 bytes,        208 total
- age  11:         16 bytes,        224 total
: 498K->0K(960K), 0.0003341 secs] 5125K->5125K(10176K), 0.0003900 secs] [Times: user=0.00 sys=0.00, real=0.00 secs] 
2019-01-02T11:13:03.669+0530: 851.571: [GC (Allocation Failure) 2019-01-02T11:13:03.669+0530: 851.571: [DefNew
Desired survivor size 32768 bytes, new threshold 15 (max 15)
- age   1:         24 bytes,         24 total
- age   6:         72 bytes,         96 total
- age  12:         16 bytes,        112 total
: 515K->0K(960K), 0.0003039 secs] 5641K->5623K(10176K), 0.0003603 secs] [Times: user=0.00 sys=0.00, real=0.00 secs] 
2019-01-02T11:13:03.726+0530: 851.628: [GC (Allocation Failure) 2019-01-02T11:13:03.726+0530: 851.628: [DefNew
Desired survivor size 32768 bytes, new threshold 15 (max 15)
- age   1:        248 bytes,        248 total
- age   7:         16 bytes,        264 total
- age  13:         16 bytes,        280 total
: 869K->0K(960K), 0.0010371 secs] 6492K->5695K(10176K), 0.0013547 secs] [Times: user=0.00 sys=0.00, real=0.00 secs] 
2019-01-02T11:13:03.731+0530: 851.633: [GC (Allocation Failure) 2019-01-02T11:13:03.731+0530: 851.633: [DefNew
Desired survivor size 32768 bytes, new threshold 15 (max 15)
- age   1:         40 bytes,         40 total
- age   2:        184 bytes,        224 total
- age   8:         16 bytes,        240 total
- age  14:         16 bytes,        256 total
: 896K->0K(960K), 0.0011375 secs] 6591K->5983K(10176K), 0.0013678 secs] [Times: user=0.00 sys=0.00, real=0.00 secs] 
2019-01-02T11:13:03.734+0530: 851.636: [GC (Allocation Failure) 2019-01-02T11:13:03.734+0530: 851.636: [DefNew
Desired survivor size 32768 bytes, new threshold 15 (max 15)
- age   3:        184 bytes,        184 total
- age   9:         16 bytes,        200 total
- age  15:         16 bytes,        216 total
: 896K->0K(960K), 0.0004784 secs] 6879K->6559K(10176K), 0.0005901 secs] [Times: user=0.00 sys=0.00, real=0.00 secs] 
2019-01-02T11:13:03.736+0530: 851.638: [GC (Allocation Failure) 2019-01-02T11:13:03.736+0530: 851.638: [DefNew
Desired survivor size 32768 bytes, new threshold 15 (max 15)
- age   1:         24 bytes,         24 total
- age   4:        184 bytes,        208 total
- age  10:         16 bytes,        224 total
: 462K->0K(960K), 0.0002657 secs] 7021K->6559K(10176K), 0.0003398 secs] [Times: user=0.00 sys=0.00, real=0.00 secs] 
2019-01-02T11:13:03.737+0530: 851.638: [GC (Allocation Failure) 2019-01-02T11:13:03.737+0530: 851.638: [DefNew
Desired survivor size 32768 bytes, new threshold 15 (max 15)
- age   2:         24 bytes,         24 total
- age   5:        184 bytes,        208 total
- age  11:         16 bytes,        224 total
: 498K->0K(960K), 0.0004396 secs] 7057K->7057K(10176K), 0.0006129 secs] [Times: user=0.00 sys=0.00, real=0.00 secs] 
2019-01-02T11:13:03.738+0530: 851.640: [GC (Allocation Failure) 2019-01-02T11:13:03.738+0530: 851.640: [DefNew
Desired survivor size 32768 bytes, new threshold 15 (max 15)
- age   1:         24 bytes,         24 total
- age   6:         72 bytes,         96 total
- age  12:         16 bytes,        112 total
: 515K->0K(960K), 0.0004789 secs] 7573K->7555K(10176K), 0.0006386 secs] [Times: user=0.00 sys=0.00, real=0.00 secs] 
2019-01-02T11:13:03.793+0530: 851.695: [GC (Allocation Failure) 2019-01-02T11:13:03.793+0530: 851.695: [DefNew
Desired survivor size 32768 bytes, new threshold 15 (max 15)
- age   1:        248 bytes,        248 total
- age   7:         16 bytes,        264 total
- age  13:         16 bytes,        280 total
: 869K->0K(960K), 0.0006049 secs] 8424K->7628K(10176K), 0.0008085 secs] [Times: user=0.00 sys=0.00, real=0.00 secs] 
2019-01-02T11:13:03.795+0530: 851.697: [GC (Allocation Failure) 2019-01-02T11:13:03.795+0530: 851.697: [DefNew
Desired survivor size 32768 bytes, new threshold 15 (max 15)
- age   1:         40 bytes,         40 total
- age   2:        184 bytes,        224 total
- age   8:         16 bytes,        240 total
- age  14:         16 bytes,        256 total
: 896K->0K(960K), 0.0006066 secs] 8524K->7916K(10176K), 0.0008855 secs] [Times: user=0.00 sys=0.00, real=0.00 secs] 
2019-01-02T11:13:03.798+0530: 851.700: [GC (Allocation Failure) 2019-01-02T11:13:03.798+0530: 851.700: [DefNew
Desired survivor size 32768 bytes, new threshold 15 (max 15)
- age   3:        184 bytes,        184 total
- age   9:         16 bytes,        200 total
- age  15:         16 bytes,        216 total
: 896K->0K(960K), 0.0011529 secs] 8812K->8492K(10176K), 0.0012914 secs] [Times: user=0.00 sys=0.00, real=0.00 secs] 
2019-01-02T11:13:03.800+0530: 851.702: [GC (Allocation Failure) 2019-01-02T11:13:03.800+0530: 851.702: [DefNew
Desired survivor size 32768 bytes, new threshold 15 (max 15)
- age   1:         24 bytes,         24 total
- age   4:        184 bytes,        208 total
- age  10:         16 bytes,        224 total
: 462K->0K(960K), 0.0004236 secs] 8954K->8492K(10176K), 0.0005377 secs] [Times: user=0.00 sys=0.00, real=0.00 secs] 
2019-01-02T11:13:03.801+0530: 851.703: [GC (Allocation Failure) 2019-01-02T11:13:03.801+0530: 851.703: [DefNew
Desired survivor size 32768 bytes, new threshold 15 (max 15)
- age   2:         24 bytes,         24 total
- age   5:        184 bytes,        208 total
- age  11:         16 bytes,        224 total
: 498K->0K(960K), 0.0003313 secs] 8990K->8990K(10176K), 0.0003911 secs] [Times: user=0.00 sys=0.00, real=0.00 secs] 
2019-01-02T11:13:03.802+0530: 851.704: [GC (Allocation Failure) 2019-01-02T11:13:03.802+0530: 851.704: [DefNew: 515K->515K(960K), 0.0000234 secs]2019-01-02T11:13:03.802+0530: 851.704: [Tenured: 8989K->1261K(9216K), 0.0054268 secs] 9505K->1261K(10176K), [Metaspace: 2520K->2520K(1056768K)], 0.0056970 secs] [Times: user=0.01 sys=0.00, real=0.01 secs] 
2019-01-02T11:13:03.860+0530: 851.762: [GC (Allocation Failure) 2019-01-02T11:13:03.860+0530: 851.762: [DefNew
Desired survivor size 32768 bytes, new threshold 15 (max 15)
- age   1:        248 bytes,        248 total
: 869K->0K(960K), 0.0011055 secs] 2130K->1831K(10176K), 0.0013040 secs] [Times: user=0.00 sys=0.00, real=0.00 secs] 
2019-01-02T11:13:03.863+0530: 851.764: [GC (Allocation Failure) 2019-01-02T11:13:03.863+0530: 851.765: [DefNew
Desired survivor size 32768 bytes, new threshold 15 (max 15)
- age   1:         40 bytes,         40 total
- age   2:        184 bytes,        224 total
: 896K->0K(960K), 0.0012247 secs] 2727K->2119K(10176K), 0.0014311 secs] [Times: user=0.00 sys=0.00, real=0.00 secs] 
2019-01-02T11:13:03.866+0530: 851.768: [GC (Allocation Failure) 2019-01-02T11:13:03.866+0530: 851.768: [DefNew
Desired survivor size 32768 bytes, new threshold 15 (max 15)
- age   3:        184 bytes,        184 total
: 896K->0K(960K), 0.0007469 secs] 3015K->2695K(10176K), 0.0009345 secs] [Times: user=0.00 sys=0.00, real=0.00 secs] 
2019-01-02T11:13:03.868+0530: 851.770: [GC (Allocation Failure) 2019-01-02T11:13:03.868+0530: 851.770: [DefNew
Desired survivor size 32768 bytes, new threshold 15 (max 15)
- age   1:         24 bytes,         24 total
- age   4:        184 bytes,        208 total
: 462K->0K(960K), 0.0002617 secs] 3157K->2695K(10176K), 0.0003358 secs] [Times: user=0.00 sys=0.00, real=0.00 secs] 
2019-01-02T11:13:03.869+0530: 851.771: [GC (Allocation Failure) 2019-01-02T11:13:03.869+0530: 851.771: [DefNew
Desired survivor size 32768 bytes, new threshold 15 (max 15)
- age   2:         24 bytes,         24 total
- age   5:        184 bytes,        208 total
: 498K->0K(960K), 0.0003221 secs] 3193K->3193K(10176K), 0.0003769 secs] [Times: user=0.00 sys=0.00, real=0.00 secs] 
2019-01-02T11:13:03.869+0530: 851.771: [GC (Allocation Failure) 2019-01-02T11:13:03.869+0530: 851.771: [DefNew
Desired survivor size 32768 bytes, new threshold 15 (max 15)
- age   1:         24 bytes,         24 total
- age   6:         72 bytes,         96 total
: 515K->0K(960K), 0.0003085 secs] 3709K->3691K(10176K), 0.0003598 secs] [Times: user=0.00 sys=0.00, real=0.00 secs] 
2019-01-02T11:13:03.925+0530: 851.827: [GC (Allocation Failure) 2019-01-02T11:13:03.925+0530: 851.827: [DefNew
Desired survivor size 32768 bytes, new threshold 15 (max 15)
- age   1:        248 bytes,        248 total
- age   7:         16 bytes,        264 total
: 869K->0K(960K), 0.0006220 secs] 4561K->3764K(10176K), 0.0009727 secs] [Times: user=0.00 sys=0.00, real=0.00 secs] 
2019-01-02T11:13:03.927+0530: 851.829: [GC (Allocation Failure) 2019-01-02T11:13:03.928+0530: 851.829: [DefNew
Desired survivor size 32768 bytes, new threshold 15 (max 15)
- age   1:         40 bytes,         40 total
- age   2:        184 bytes,        224 total
- age   8:         16 bytes,        240 total
: 896K->0K(960K), 0.0006745 secs] 4660K->4052K(10176K), 0.0007971 secs] [Times: user=0.01 sys=0.00, real=0.00 secs] 
2019-01-02T11:13:03.930+0530: 851.832: [GC (Allocation Failure) 2019-01-02T11:13:03.930+0530: 851.832: [DefNew
Desired survivor size 32768 bytes, new threshold 15 (max 15)
- age   3:        184 bytes,        184 total
- age   9:         16 bytes,        200 total
: 896K->0K(960K), 0.0008512 secs] 4948K->4628K(10176K), 0.0011648 secs] [Times: user=0.00 sys=0.00, real=0.00 secs] 
2019-01-02T11:13:03.933+0530: 851.834: [GC (Allocation Failure) 2019-01-02T11:13:03.933+0530: 851.835: [DefNew
Desired survivor size 32768 bytes, new threshold 15 (max 15)
- age   1:         24 bytes,         24 total
- age   4:        184 bytes,        208 total
- age  10:         16 bytes,        224 total
: 462K->0K(960K), 0.0002611 secs] 5090K->4628K(10176K), 0.0003421 secs] [Times: user=0.00 sys=0.00, real=0.00 secs] 
2019-01-02T11:13:03.933+0530: 851.835: [GC (Allocation Failure) 2019-01-02T11:13:03.933+0530: 851.835: [DefNew
Desired survivor size 32768 bytes, new threshold 15 (max 15)
- age   2:         24 bytes,         24 total
- age   5:        184 bytes,        208 total
- age  11:         16 bytes,        224 total
: 498K->0K(960K), 0.0003467 secs] 5126K->5126K(10176K), 0.0004196 secs] [Times: user=0.00 sys=0.00, real=0.00 secs] 
2019-01-02T11:13:03.934+0530: 851.836: [GC (Allocation Failure) 2019-01-02T11:13:03.934+0530: 851.836: [DefNew
Desired survivor size 32768 bytes, new threshold 15 (max 15)
- age   1:         24 bytes,         24 total
- age   6:         72 bytes,         96 total
- age  12:         16 bytes,        112 total
: 515K->0K(960K), 0.0003284 secs] 5641K->5624K(10176K), 0.0004003 secs] [Times: user=0.00 sys=0.00, real=0.00 secs] 
2019-01-02T11:13:03.989+0530: 851.890: [GC (Allocation Failure) 2019-01-02T11:13:03.989+0530: 851.891: [DefNew
Desired survivor size 32768 bytes, new threshold 15 (max 15)
- age   1:        248 bytes,        248 total
- age   7:         16 bytes,        264 total
- age  13:         16 bytes,        280 total
: 869K->0K(960K), 0.0009584 secs] 6493K->5696K(10176K), 0.0012572 secs] [Times: user=0.02 sys=0.00, real=0.00 secs] 
2019-01-02T11:13:03.993+0530: 851.895: [GC (Allocation Failure) 2019-01-02T11:13:03.993+0530: 851.895: [DefNew
Desired survivor size 32768 bytes, new threshold 15 (max 15)
- age   1:         40 bytes,         40 total
- age   2:        184 bytes,        224 total
- age   8:         16 bytes,        240 total
- age  14:         16 bytes,        256 total
: 896K->0K(960K), 0.0006027 secs] 6592K->5984K(10176K), 0.0008427 secs] [Times: user=0.00 sys=0.00, real=0.00 secs] 
2019-01-02T11:13:03.995+0530: 851.897: [GC (Allocation Failure) 2019-01-02T11:13:03.995+0530: 851.897: [DefNew
Desired survivor size 32768 bytes, new threshold 15 (max 15)
- age   3:        184 bytes,        184 total
- age   9:         16 bytes,        200 total
- age  15:         16 bytes,        216 total
: 896K->0K(960K), 0.0007891 secs] 6880K->6560K(10176K), 0.0009408 secs] [Times: user=0.00 sys=0.00, real=0.00 secs] 
2019-01-02T11:13:03.997+0530: 851.899: [GC (Allocation Failure) 2019-01-02T11:13:03.997+0530: 851.899: [DefNew
Desired survivor size 32768 bytes, new threshold 15 (max 15)
- age   1:         24 bytes,         24 total
- age   4:        184 bytes,        208 total
- age  10:         16 bytes,        224 total
: 462K->0K(960K), 0.0006112 secs] 7022K->6560K(10176K), 0.0007760 secs] [Times: user=0.00 sys=0.00, real=0.00 secs] 
2019-01-02T11:13:03.999+0530: 851.900: [GC (Allocation Failure) 2019-01-02T11:13:03.999+0530: 851.901: [DefNew
Desired survivor size 32768 bytes, new threshold 15 (max 15)
- age   2:         24 bytes,         24 total
- age   5:        184 bytes,        208 total
- age  11:         16 bytes,        224 total
: 498K->0K(960K), 0.0003432 secs] 7058K->7058K(10176K), 0.0004168 secs] [Times: user=0.00 sys=0.00, real=0.00 secs] 
2019-01-02T11:13:03.999+0530: 851.901: [GC (Allocation Failure) 2019-01-02T11:13:03.999+0530: 851.901: [DefNew
Desired survivor size 32768 bytes, new threshold 15 (max 15)
- age   1:         24 bytes,         24 total
- age   6:         72 bytes,         96 total
- age  12:         16 bytes,        112 total
: 515K->0K(960K), 0.0003364 secs] 7574K->7556K(10176K), 0.0004088 secs] [Times: user=0.00 sys=0.00, real=0.00 secs] 
2019-01-02T11:13:04.056+0530: 851.958: [GC (Allocation Failure) 2019-01-02T11:13:04.056+0530: 851.958: [DefNew
Desired survivor size 32768 bytes, new threshold 15 (max 15)
- age   1:        248 bytes,        248 total
- age   7:         16 bytes,        264 total
- age  13:         16 bytes,        280 total
: 869K->0K(960K), 0.0007714 secs] 8425K->7628K(10176K), 0.0011717 secs] [Times: user=0.00 sys=0.00, real=0.00 secs] 
2019-01-02T11:13:04.059+0530: 851.961: [GC (Allocation Failure) 2019-01-02T11:13:04.059+0530: 851.961: [DefNew
Desired survivor size 32768 bytes, new threshold 15 (max 15)
- age   1:         40 bytes,         40 total
- age   2:        184 bytes,        224 total
- age   8:         16 bytes,        240 total
- age  14:         16 bytes,        256 total
: 896K->0K(960K), 0.0005109 secs] 8524K->7916K(10176K), 0.0007389 secs] [Times: user=0.00 sys=0.00, real=0.00 secs] 
2019-01-02T11:13:04.062+0530: 851.964: [GC (Allocation Failure) 2019-01-02T11:13:04.062+0530: 851.964: [DefNew
Desired survivor size 32768 bytes, new threshold 15 (max 15)
- age   3:        184 bytes,        184 total
- age   9:         16 bytes,        200 total
- age  15:         16 bytes,        216 total
: 896K->0K(960K), 0.0009094 secs] 8812K->8492K(10176K), 0.0010371 secs] [Times: user=0.00 sys=0.00, real=0.00 secs] 
2019-01-02T11:13:04.064+0530: 851.966: [GC (Allocation Failure) 2019-01-02T11:13:04.064+0530: 851.966: [DefNew
Desired survivor size 32768 bytes, new threshold 15 (max 15)
- age   1:         24 bytes,         24 total
- age   4:        184 bytes,        208 total
- age  10:         16 bytes,        224 total
: 462K->0K(960K), 0.0003455 secs] 8954K->8492K(10176K), 0.0005000 secs] [Times: user=0.00 sys=0.00, real=0.00 secs] 
2019-01-02T11:13:04.065+0530: 851.967: [GC (Allocation Failure) 2019-01-02T11:13:04.065+0530: 851.967: [DefNew
Desired survivor size 32768 bytes, new threshold 15 (max 15)
- age   2:         24 bytes,         24 total
- age   5:        184 bytes,        208 total
- age  11:         16 bytes,        224 total
: 498K->0K(960K), 0.0003432 secs] 8990K->8990K(10176K), 0.0004168 secs] [Times: user=0.00 sys=0.00, real=0.00 secs] 
2019-01-02T11:13:04.066+0530: 851.968: [GC (Allocation Failure) 2019-01-02T11:13:04.066+0530: 851.968: [DefNew: 516K->516K(960K), 0.0000285 secs]2019-01-02T11:13:04.066+0530: 851.968: [Tenured: 8990K->1261K(9216K), 0.0037106 secs] 9506K->1261K(10176K), [Metaspace: 2520K->2520K(1056768K)], 0.0038605 secs] [Times: user=0.02 sys=0.00, real=0.00 secs] 
2019-01-02T11:13:04.126+0530: 852.028: [GC (Allocation Failure) 2019-01-02T11:13:04.126+0530: 852.028: [DefNew
Desired survivor size 32768 bytes, new threshold 15 (max 15)
- age   1:        248 bytes,        248 total
: 869K->0K(960K), 0.0007418 secs] 2130K->1832K(10176K), 0.0008672 secs] [Times: user=0.00 sys=0.00, real=0.00 secs] 
2019-01-02T11:13:04.128+0530: 852.030: [GC (Allocation Failure) 2019-01-02T11:13:04.128+0530: 852.030: [DefNew
Desired survivor size 32768 bytes, new threshold 15 (max 15)
- age   1:         40 bytes,         40 total
- age   2:        184 bytes,        224 total
: 896K->0K(960K), 0.0007811 secs] 2728K->2120K(10176K), 0.0008684 secs] [Times: user=0.00 sys=0.00, real=0.00 secs] 
2019-01-02T11:13:04.131+0530: 852.033: [GC (Allocation Failure) 2019-01-02T11:13:04.131+0530: 852.033: [DefNew
Desired survivor size 32768 bytes, new threshold 15 (max 15)
- age   3:        184 bytes,        184 total
: 896K->0K(960K), 0.0008416 secs] 3016K->2696K(10176K), 0.0010240 secs] [Times: user=0.00 sys=0.00, real=0.00 secs] 
2019-01-02T11:13:04.133+0530: 852.035: [GC (Allocation Failure) 2019-01-02T11:13:04.133+0530: 852.035: [DefNew
Desired survivor size 32768 bytes, new threshold 15 (max 15)
- age   1:         24 bytes,         24 total
- age   4:        184 bytes,        208 total
: 462K->0K(960K), 0.0006078 secs] 3158K->2696K(10176K), 0.0007395 secs] [Times: user=0.00 sys=0.00, real=0.00 secs] 
2019-01-02T11:13:04.134+0530: 852.036: [GC (Allocation Failure) 2019-01-02T11:13:04.134+0530: 852.036: [DefNew
Desired survivor size 32768 bytes, new threshold 15 (max 15)
- age   2:         24 bytes,         24 total
- age   5:        184 bytes,        208 total
: 498K->0K(960K), 0.0003358 secs] 3194K->3194K(10176K), 0.0004145 secs] [Times: user=0.00 sys=0.00, real=0.00 secs] 
2019-01-02T11:13:04.135+0530: 852.037: [GC (Allocation Failure) 2019-01-02T11:13:04.135+0530: 852.037: [DefNew
Desired survivor size 32768 bytes, new threshold 15 (max 15)
- age   1:         24 bytes,         24 total
- age   6:         72 bytes,         96 total
: 516K->0K(960K), 0.0003153 secs] 3710K->3692K(10176K), 0.0003860 secs] [Times: user=0.00 sys=0.00, real=0.00 secs] 
2019-01-02T11:13:04.193+0530: 852.095: [GC (Allocation Failure) 2019-01-02T11:13:04.193+0530: 852.095: [DefNew
Desired survivor size 32768 bytes, new threshold 15 (max 15)
- age   1:        248 bytes,        248 total
- age   7:         16 bytes,        264 total
: 869K->0K(960K), 0.0005000 secs] 4561K->3764K(10176K), 0.0006380 secs] [Times: user=0.00 sys=0.00, real=0.00 secs] 
2019-01-02T11:13:04.195+0530: 852.097: [GC (Allocation Failure) 2019-01-02T11:13:04.195+0530: 852.097: [DefNew
Desired survivor size 32768 bytes, new threshold 15 (max 15)
- age   1:         40 bytes,         40 total
- age   2:        184 bytes,        224 total
- age   8:         16 bytes,        240 total
: 896K->0K(960K), 0.0009385 secs] 4660K->4052K(10176K), 0.0010519 secs] [Times: user=0.00 sys=0.00, real=0.00 secs] 
2019-01-02T11:13:04.198+0530: 852.100: [GC (Allocation Failure) 2019-01-02T11:13:04.198+0530: 852.100: [DefNew
Desired survivor size 32768 bytes, new threshold 15 (max 15)
- age   3:        184 bytes,        184 total
- age   9:         16 bytes,        200 total
: 896K->0K(960K), 0.0012093 secs] 4948K->4628K(10176K), 0.0014140 secs] [Times: user=0.00 sys=0.00, real=0.00 secs] 
2019-01-02T11:13:04.201+0530: 852.103: [GC (Allocation Failure) 2019-01-02T11:13:04.202+0530: 852.103: [DefNew
Desired survivor size 32768 bytes, new threshold 15 (max 15)
- age   1:         24 bytes,         24 total
- age   4:        184 bytes,        208 total
- age  10:         16 bytes,        224 total
: 462K->0K(960K), 0.0003010 secs] 5090K->4628K(10176K), 0.0003980 secs] [Times: user=0.00 sys=0.00, real=0.00 secs] 
2019-01-02T11:13:04.202+0530: 852.104: [GC (Allocation Failure) 2019-01-02T11:13:04.202+0530: 852.104: [DefNew
Desired survivor size 32768 bytes, new threshold 15 (max 15)
- age   2:         24 bytes,         24 total
- age   5:        184 bytes,        208 total
- age  11:         16 bytes,        224 total
: 498K->0K(960K), 0.0003364 secs] 5126K->5126K(10176K), 0.0004082 secs] [Times: user=0.00 sys=0.00, real=0.00 secs] 
2019-01-02T11:13:04.203+0530: 852.105: [GC (Allocation Failure) 2019-01-02T11:13:04.203+0530: 852.105: [DefNew
Desired survivor size 32768 bytes, new threshold 15 (max 15)
- age   1:         24 bytes,         24 total
- age   6:         72 bytes,         96 total
- age  12:         16 bytes,        112 total
: 516K->0K(960K), 0.0003261 secs] 5642K->5624K(10176K), 0.0004008 secs] [Times: user=0.00 sys=0.00, real=0.00 secs] 
2019-01-02T11:13:04.256+0530: 852.158: [GC (Allocation Failure) 2019-01-02T11:13:04.257+0530: 852.159: [DefNew
Desired survivor size 32768 bytes, new threshold 15 (max 15)
- age   1:        248 bytes,        248 total
- age   7:         16 bytes,        264 total
- age  13:         16 bytes,        280 total
: 869K->0K(960K), 0.0010816 secs] 6494K->5697K(10176K), 0.0017732 secs] [Times: user=0.00 sys=0.00, real=0.00 secs] 
2019-01-02T11:13:04.261+0530: 852.163: [GC (Allocation Failure) 2019-01-02T11:13:04.261+0530: 852.163: [DefNew
Desired survivor size 32768 bytes, new threshold 15 (max 15)
- age   1:         40 bytes,         40 total
- age   2:        184 bytes,        224 total
- age   8:         16 bytes,        240 total
- age  14:         16 bytes,        256 total
: 896K->0K(960K), 0.0004898 secs] 6593K->5985K(10176K), 0.0007395 secs] [Times: user=0.00 sys=0.00, real=0.00 secs] 
2019-01-02T11:13:04.263+0530: 852.165: [GC (Allocation Failure) 2019-01-02T11:13:04.263+0530: 852.165: [DefNew
Desired survivor size 32768 bytes, new threshold 15 (max 15)
- age   3:        184 bytes,        184 total
- age   9:         16 bytes,        200 total
- age  15:         16 bytes,        216 total
: 896K->0K(960K), 0.0006625 secs] 6881K->6561K(10176K), 0.0008262 secs] [Times: user=0.00 sys=0.00, real=0.00 secs] 
2019-01-02T11:13:04.265+0530: 852.167: [GC (Allocation Failure) 2019-01-02T11:13:04.265+0530: 852.167: [DefNew
Desired survivor size 32768 bytes, new threshold 15 (max 15)
- age   1:         24 bytes,         24 total
- age   4:        184 bytes,        208 total
- age  10:         16 bytes,        224 total
: 462K->0K(960K), 0.0006277 secs] 7022K->6561K(10176K), 0.0007640 secs] [Times: user=0.00 sys=0.00, real=0.00 secs] 
2019-01-02T11:13:04.266+0530: 852.168: [GC (Allocation Failure) 2019-01-02T11:13:04.266+0530: 852.168: [DefNew
Desired survivor size 32768 bytes, new threshold 15 (max 15)
- age   2:         24 bytes,         24 total
- age   5:        184 bytes,        208 total
- age  11:         16 bytes,        224 total
: 498K->0K(960K), 0.0003324 secs] 7059K->7059K(10176K), 0.0004042 secs] [Times: user=0.00 sys=0.00, real=0.00 secs] 
2019-01-02T11:13:04.267+0530: 852.169: [GC (Allocation Failure) 2019-01-02T11:13:04.267+0530: 852.169: [DefNew
Desired survivor size 32768 bytes, new threshold 15 (max 15)
- age   1:         24 bytes,         24 total
- age   6:         72 bytes,         96 total
- age  12:         16 bytes,        112 total
: 516K->0K(960K), 0.0003067 secs] 7575K->7557K(10176K), 0.0003774 secs] [Times: user=0.00 sys=0.00, real=0.00 secs] 
2019-01-02T11:13:04.322+0530: 852.224: [GC (Allocation Failure) 2019-01-02T11:13:04.322+0530: 852.224: [DefNew
Desired survivor size 32768 bytes, new threshold 15 (max 15)
- age   1:        248 bytes,        248 total
- age   7:         16 bytes,        264 total
- age  13:         16 bytes,        280 total
: 869K->0K(960K), 0.0008056 secs] 8426K->7629K(10176K), 0.0011329 secs] [Times: user=0.00 sys=0.00, real=0.00 secs] 
2019-01-02T11:13:04.326+0530: 852.228: [GC (Allocation Failure) 2019-01-02T11:13:04.326+0530: 852.228: [DefNew
Desired survivor size 32768 bytes, new threshold 15 (max 15)
- age   1:         40 bytes,         40 total
- age   2:        184 bytes,        224 total
- age   8:         16 bytes,        240 total
- age  14:         16 bytes,        256 total
: 896K->0K(960K), 0.0010542 secs] 8525K->7917K(10176K), 0.0015218 secs] [Times: user=0.00 sys=0.00, real=0.00 secs] 
2019-01-02T11:13:04.329+0530: 852.231: [GC (Allocation Failure) 2019-01-02T11:13:04.329+0530: 852.231: [DefNew
Desired survivor size 32768 bytes, new threshold 15 (max 15)
- age   3:        184 bytes,        184 total
- age   9:         16 bytes,        200 total
- age  15:         16 bytes,        216 total
: 896K->0K(960K), 0.0011449 secs] 8813K->8493K(10176K), 0.0013330 secs] [Times: user=0.00 sys=0.00, real=0.00 secs] 
2019-01-02T11:13:04.331+0530: 852.233: [GC (Allocation Failure) 2019-01-02T11:13:04.332+0530: 852.233: [DefNew
Desired survivor size 32768 bytes, new threshold 15 (max 15)
- age   1:         24 bytes,         24 total
- age   4:        184 bytes,        208 total
- age  10:         16 bytes,        224 total
: 462K->0K(960K), 0.0002725 secs] 8955K->8493K(10176K), 0.0003529 secs] [Times: user=0.00 sys=0.00, real=0.00 secs] 
2019-01-02T11:13:04.332+0530: 852.234: [GC (Allocation Failure) 2019-01-02T11:13:04.332+0530: 852.234: [DefNew
Desired survivor size 32768 bytes, new threshold 15 (max 15)
- age   2:         24 bytes,         24 total
- age   5:        184 bytes,        208 total
- age  11:         16 bytes,        224 total
: 498K->0K(960K), 0.0003820 secs] 8991K->8991K(10176K), 0.0004550 secs] [Times: user=0.00 sys=0.00, real=0.00 secs] 
2019-01-02T11:13:04.333+0530: 852.235: [GC (Allocation Failure) 2019-01-02T11:13:04.333+0530: 852.235: [DefNew: 516K->516K(960K), 0.0000353 secs]2019-01-02T11:13:04.333+0530: 852.235: [Tenured: 8991K->1261K(9216K), 0.0036861 secs] 9507K->1261K(10176K), [Metaspace: 2520K->2520K(1056768K)], 0.0038434 secs] [Times: user=0.02 sys=0.00, real=0.00 secs] 
2019-01-02T11:13:04.391+0530: 852.293: [GC (Allocation Failure) 2019-01-02T11:13:04.391+0530: 852.293: [DefNew
Desired survivor size 32768 bytes, new threshold 15 (max 15)
- age   1:        248 bytes,        248 total
: 869K->0K(960K), 0.0014197 secs] 2131K->1832K(10176K), 0.0019089 secs] [Times: user=0.00 sys=0.00, real=0.00 secs] 
2019-01-02T11:13:04.395+0530: 852.297: [GC (Allocation Failure) 2019-01-02T11:13:04.396+0530: 852.298: [DefNew
Desired survivor size 32768 bytes, new threshold 15 (max 15)
- age   1:         40 bytes,         40 total
- age   2:        184 bytes,        224 total
: 896K->0K(960K), 0.0008666 secs] 2728K->2120K(10176K), 0.0011375 secs] [Times: user=0.00 sys=0.00, real=0.00 secs] 
2019-01-02T11:13:04.398+0530: 852.300: [GC (Allocation Failure) 2019-01-02T11:13:04.398+0530: 852.300: [DefNew
Desired survivor size 32768 bytes, new threshold 15 (max 15)
- age   3:        184 bytes,        184 total
: 896K->0K(960K), 0.0013547 secs] 3016K->2696K(10176K), 0.0017242 secs] [Times: user=0.00 sys=0.00, real=0.00 secs] 
2019-01-02T11:13:04.401+0530: 852.303: [GC (Allocation Failure) 2019-01-02T11:13:04.402+0530: 852.304: [DefNew
Desired survivor size 32768 bytes, new threshold 15 (max 15)
- age   1:         24 bytes,         24 total
- age   4:        184 bytes,        208 total
: 462K->0K(960K), 0.0003392 secs] 3158K->2696K(10176K), 0.0004442 secs] [Times: user=0.00 sys=0.00, real=0.00 secs] 
2019-01-02T11:13:04.402+0530: 852.304: [GC (Allocation Failure) 2019-01-02T11:13:04.402+0530: 852.304: [DefNew
Desired survivor size 32768 bytes, new threshold 15 (max 15)
- age   2:         24 bytes,         24 total
- age   5:        184 bytes,        208 total
: 498K->0K(960K), 0.0004134 secs] 3194K->3194K(10176K), 0.0004903 secs] [Times: user=0.00 sys=0.00, real=0.00 secs] 
2019-01-02T11:13:04.403+0530: 852.305: [GC (Allocation Failure) 2019-01-02T11:13:04.403+0530: 852.305: [DefNew
Desired survivor size 32768 bytes, new threshold 15 (max 15)
- age   1:         24 bytes,         24 total
- age   6:         72 bytes,         96 total
: 516K->0K(960K), 0.0003164 secs] 3710K->3692K(10176K), 0.0003871 secs] [Times: user=0.00 sys=0.00, real=0.00 secs] 
2019-01-02T11:13:04.459+0530: 852.361: [GC (Allocation Failure) 2019-01-02T11:13:04.459+0530: 852.361: [DefNew
Desired survivor size 32768 bytes, new threshold 15 (max 15)
- age   1:        248 bytes,        248 total
- age   7:         16 bytes,        264 total
: 869K->0K(960K), 0.0008929 secs] 4562K->3764K(10176K), 0.0013496 secs] [Times: user=0.00 sys=0.00, real=0.00 secs] 
2019-01-02T11:13:04.462+0530: 852.364: [GC (Allocation Failure) 2019-01-02T11:13:04.462+0530: 852.364: [DefNew
Desired survivor size 32768 bytes, new threshold 15 (max 15)
- age   1:         40 bytes,         40 total
- age   2:        184 bytes,        224 total
- age   8:         16 bytes,        240 total
: 896K->0K(960K), 0.0007041 secs] 4660K->4052K(10176K), 0.0008632 secs] [Times: user=0.00 sys=0.00, real=0.00 secs] 
2019-01-02T11:13:04.464+0530: 852.366: [GC (Allocation Failure) 2019-01-02T11:13:04.464+0530: 852.366: [DefNew
Desired survivor size 32768 bytes, new threshold 15 (max 15)
- age   3:        184 bytes,        184 total
- age   9:         16 bytes,        200 total
: 896K->0K(960K), 0.0010713 secs] 4948K->4628K(10176K), 0.0012583 secs] [Times: user=0.00 sys=0.00, real=0.00 secs] 
2019-01-02T11:13:04.467+0530: 852.369: [GC (Allocation Failure) 2019-01-02T11:13:04.467+0530: 852.369: [DefNew
Desired survivor size 32768 bytes, new threshold 15 (max 15)
- age   1:         24 bytes,         24 total
- age   4:        184 bytes,        208 total
- age  10:         16 bytes,        224 total
: 462K->0K(960K), 0.0006317 secs] 5090K->4628K(10176K), 0.0007760 secs] [Times: user=0.00 sys=0.00, real=0.00 secs] 
2019-01-02T11:13:04.468+0530: 852.370: [GC (Allocation Failure) 2019-01-02T11:13:04.468+0530: 852.370: [DefNew
Desired survivor size 32768 bytes, new threshold 15 (max 15)
- age   2:         24 bytes,         24 total
- age   5:        184 bytes,        208 total
- age  11:         16 bytes,        224 total
: 498K->0K(960K), 0.0005000 secs] 5127K->5127K(10176K), 0.0005776 secs] [Times: user=0.00 sys=0.00, real=0.00 secs] 
2019-01-02T11:13:04.469+0530: 852.371: [GC (Allocation Failure) 2019-01-02T11:13:04.469+0530: 852.371: [DefNew
Desired survivor size 32768 bytes, new threshold 15 (max 15)
- age   1:         24 bytes,         24 total
- age   6:         72 bytes,         96 total
- age  12:         16 bytes,        112 total
: 516K->0K(960K), 0.0003444 secs] 5643K->5625K(10176K), 0.0004185 secs] [Times: user=0.00 sys=0.00, real=0.00 secs] 
2019-01-02T11:13:04.525+0530: 852.427: [GC (Allocation Failure) 2019-01-02T11:13:04.525+0530: 852.427: [DefNew
Desired survivor size 32768 bytes, new threshold 15 (max 15)
- age   1:        248 bytes,        248 total
- age   7:         16 bytes,        264 total
- age  13:         16 bytes,        280 total
: 869K->0K(960K), 0.0009180 secs] 6494K->5697K(10176K), 0.0012082 secs] [Times: user=0.00 sys=0.00, real=0.00 secs] 
2019-01-02T11:13:04.528+0530: 852.430: [GC (Allocation Failure) 2019-01-02T11:13:04.528+0530: 852.430: [DefNew
Desired survivor size 32768 bytes, new threshold 15 (max 15)
- age   1:         40 bytes,         40 total
- age   2:        184 bytes,        224 total
- age   8:         16 bytes,        240 total
- age  14:         16 bytes,        256 total
: 896K->0K(960K), 0.0005958 secs] 6593K->5985K(10176K), 0.0008239 secs] [Times: user=0.00 sys=0.00, real=0.00 secs] 
2019-01-02T11:13:04.530+0530: 852.432: [GC (Allocation Failure) 2019-01-02T11:13:04.530+0530: 852.432: [DefNew
Desired survivor size 32768 bytes, new threshold 15 (max 15)
- age   3:        184 bytes,        184 total
- age   9:         16 bytes,        200 total
- age  15:         16 bytes,        216 total
: 896K->0K(960K), 0.0011135 secs] 6881K->6561K(10176K), 0.0012447 secs] [Times: user=0.00 sys=0.00, real=0.00 secs] 
2019-01-02T11:13:04.533+0530: 852.435: [GC (Allocation Failure) 2019-01-02T11:13:04.533+0530: 852.435: [DefNew
Desired survivor size 32768 bytes, new threshold 15 (max 15)
- age   1:         24 bytes,         24 total
- age   4:        184 bytes,        208 total
- age  10:         16 bytes,        224 total
: 462K->0K(960K), 0.0003159 secs] 7023K->6561K(10176K), 0.0004162 secs] [Times: user=0.00 sys=0.00, real=0.00 secs] 
2019-01-02T11:13:04.534+0530: 852.436: [GC (Allocation Failure) 2019-01-02T11:13:04.534+0530: 852.436: [DefNew
Desired survivor size 32768 bytes, new threshold 15 (max 15)
- age   2:         24 bytes,         24 total
- age   5:        184 bytes,        208 total
- age  11:         16 bytes,        224 total
: 498K->0K(960K), 0.0003472 secs] 7059K->7059K(10176K), 0.0004213 secs] [Times: user=0.00 sys=0.00, real=0.00 secs] 
2019-01-02T11:13:04.535+0530: 852.436: [GC (Allocation Failure) 2019-01-02T11:13:04.535+0530: 852.437: [DefNew
Desired survivor size 32768 bytes, new threshold 15 (max 15)
- age   1:         24 bytes,         24 total
- age   6:         72 bytes,         96 total
- age  12:         16 bytes,        112 total
: 516K->0K(960K), 0.0003273 secs] 7575K->7558K(10176K), 0.0004025 secs] [Times: user=0.00 sys=0.00, real=0.00 secs] 
2019-01-02T11:13:04.592+0530: 852.494: [GC (Allocation Failure) 2019-01-02T11:13:04.592+0530: 852.494: [DefNew
Desired survivor size 32768 bytes, new threshold 15 (max 15)
- age   1:        248 bytes,        248 total
- age   7:         16 bytes,        264 total
- age  13:         16 bytes,        280 total
: 869K->0K(960K), 0.0006865 secs] 8427K->7630K(10176K), 0.0011204 secs] [Times: user=0.00 sys=0.00, real=0.00 secs] 
2019-01-02T11:13:04.596+0530: 852.498: [GC (Allocation Failure) 2019-01-02T11:13:04.596+0530: 852.498: [DefNew
Desired survivor size 32768 bytes, new threshold 15 (max 15)
- age   1:         40 bytes,         40 total
- age   2:        184 bytes,        224 total
- age   8:         16 bytes,        240 total
- age  14:         16 bytes,        256 total
: 896K->0K(960K), 0.0005513 secs] 8526K->7918K(10176K), 0.0007617 secs] [Times: user=0.00 sys=0.00, real=0.00 secs] 
2019-01-02T11:13:04.598+0530: 852.500: [GC (Allocation Failure) 2019-01-02T11:13:04.598+0530: 852.500: [DefNew
Desired survivor size 32768 bytes, new threshold 15 (max 15)
- age   3:        184 bytes,        184 total
- age   9:         16 bytes,        200 total
- age  15:         16 bytes,        216 total
: 896K->0K(960K), 0.0010594 secs] 8814K->8494K(10176K), 0.0011728 secs] [Times: user=0.01 sys=0.00, real=0.00 secs] 
2019-01-02T11:13:04.601+0530: 852.503: [GC (Allocation Failure) 2019-01-02T11:13:04.601+0530: 852.503: [DefNew
Desired survivor size 32768 bytes, new threshold 15 (max 15)
- age   1:         24 bytes,         24 total
- age   4:        184 bytes,        208 total
- age  10:         16 bytes,        224 total
: 462K->0K(960K), 0.0002993 secs] 8956K->8494K(10176K), 0.0004060 secs] [Times: user=0.00 sys=0.00, real=0.00 secs] 
2019-01-02T11:13:04.602+0530: 852.504: [GC (Allocation Failure) 2019-01-02T11:13:04.602+0530: 852.504: [DefNew
Desired survivor size 32768 bytes, new threshold 15 (max 15)
- age   2:         24 bytes,         24 total
- age   5:        184 bytes,        208 total
- age  11:         16 bytes,        224 total
: 498K->0K(960K), 0.0003415 secs] 8992K->8992K(10176K), 0.0004145 secs] [Times: user=0.00 sys=0.00, real=0.00 secs] 
2019-01-02T11:13:04.602+0530: 852.504: [GC (Allocation Failure) 2019-01-02T11:13:04.602+0530: 852.504: [DefNew: 516K->516K(960K), 0.0000285 secs]2019-01-02T11:13:04.602+0530: 852.504: [Tenured: 8992K->1261K(9216K), 0.0037015 secs] 9508K->1261K(10176K), [Metaspace: 2520K->2520K(1056768K)], 0.0038628 secs] [Times: user=0.00 sys=0.00, real=0.00 secs] 
2019-01-02T11:13:04.670+0530: 852.572: [GC (Allocation Failure) 2019-01-02T11:13:04.670+0530: 852.572: [DefNew
Desired survivor size 32768 bytes, new threshold 15 (max 15)
- age   1:        248 bytes,        248 total
: 869K->0K(960K), 0.0015868 secs] 2131K->1832K(10176K), 0.0017276 secs] [Times: user=0.00 sys=0.00, real=0.00 secs] 
2019-01-02T11:13:04.674+0530: 852.576: [GC (Allocation Failure) 2019-01-02T11:13:04.674+0530: 852.576: [DefNew
Desired survivor size 32768 bytes, new threshold 15 (max 15)
- age   1:         40 bytes,         40 total
- age   2:        184 bytes,        224 total
: 896K->0K(960K), 0.0008991 secs] 2728K->2120K(10176K), 0.0010896 secs] [Times: user=0.00 sys=0.00, real=0.00 secs] 
2019-01-02T11:13:04.677+0530: 852.579: [GC (Allocation Failure) 2019-01-02T11:13:04.677+0530: 852.579: [DefNew
Desired survivor size 32768 bytes, new threshold 15 (max 15)
- age   3:        184 bytes,        184 total
: 896K->0K(960K), 0.0008672 secs] 3016K->2696K(10176K), 0.0009812 secs] [Times: user=0.00 sys=0.00, real=0.00 secs] 
2019-01-02T11:13:04.680+0530: 852.582: [GC (Allocation Failure) 2019-01-02T11:13:04.680+0530: 852.582: [DefNew
Desired survivor size 32768 bytes, new threshold 15 (max 15)
- age   1:         24 bytes,         24 total
- age   4:        184 bytes,        208 total
: 462K->0K(960K), 0.0003467 secs] 3158K->2696K(10176K), 0.0004242 secs] [Times: user=0.00 sys=0.00, real=0.00 secs] 
2019-01-02T11:13:04.681+0530: 852.583: [GC (Allocation Failure) 2019-01-02T11:13:04.681+0530: 852.583: [DefNew
Desired survivor size 32768 bytes, new threshold 15 (max 15)
- age   2:         24 bytes,         24 total
- age   5:        184 bytes,        208 total
: 498K->0K(960K), 0.0003541 secs] 3194K->3194K(10176K), 0.0004447 secs] [Times: user=0.00 sys=0.00, real=0.00 secs] 
2019-01-02T11:13:04.682+0530: 852.584: [GC (Allocation Failure) 2019-01-02T11:13:04.682+0530: 852.584: [DefNew
Desired survivor size 32768 bytes, new threshold 15 (max 15)
- age   1:         24 bytes,         24 total
- age   6:         72 bytes,         96 total
: 516K->0K(960K), 0.0002976 secs] 3710K->3693K(10176K), 0.0003489 secs] [Times: user=0.00 sys=0.00, real=0.00 secs] 
2019-01-02T11:13:04.739+0530: 852.641: [GC (Allocation Failure) 2019-01-02T11:13:04.739+0530: 852.641: [DefNew
Desired survivor size 32768 bytes, new threshold 15 (max 15)
- age   1:        248 bytes,        248 total
- age   7:         16 bytes,        264 total
: 869K->0K(960K), 0.0009077 secs] 4562K->3765K(10176K), 0.0012977 secs] [Times: user=0.00 sys=0.00, real=0.00 secs] 
2019-01-02T11:13:04.742+0530: 852.644: [GC (Allocation Failure) 2019-01-02T11:13:04.742+0530: 852.644: [DefNew
Desired survivor size 32768 bytes, new threshold 15 (max 15)
- age   1:         40 bytes,         40 total
- age   2:        184 bytes,        224 total
- age   8:         16 bytes,        240 total
: 896K->0K(960K), 0.0012230 secs] 4661K->4053K(10176K), 0.0014722 secs] [Times: user=0.00 sys=0.00, real=0.00 secs] 
2019-01-02T11:13:04.745+0530: 852.647: [GC (Allocation Failure) 2019-01-02T11:13:04.745+0530: 852.647: [DefNew
Desired survivor size 32768 bytes, new threshold 15 (max 15)
- age   3:        184 bytes,        184 total
- age   9:         16 bytes,        200 total
: 896K->0K(960K), 0.0005131 secs] 4949K->4629K(10176K), 0.0006528 secs] [Times: user=0.00 sys=0.00, real=0.00 secs] 
2019-01-02T11:13:04.747+0530: 852.649: [GC (Allocation Failure) 2019-01-02T11:13:04.747+0530: 852.649: [DefNew
Desired survivor size 32768 bytes, new threshold 15 (max 15)
- age   1:         24 bytes,         24 total
- age   4:        184 bytes,        208 total
- age  10:         16 bytes,        224 total
: 462K->0K(960K), 0.0003803 secs] 5091K->4629K(10176K), 0.0004789 secs] [Times: user=0.00 sys=0.00, real=0.00 secs] 
2019-01-02T11:13:04.749+0530: 852.651: [GC (Allocation Failure) 2019-01-02T11:13:04.749+0530: 852.651: [DefNew
Desired survivor size 32768 bytes, new threshold 15 (max 15)
- age   2:         24 bytes,         24 total
- age   5:        184 bytes,        208 total
- age  11:         16 bytes,        224 total
: 498K->0K(960K), 0.0004590 secs] 5127K->5127K(10176K), 0.0005428 secs] [Times: user=0.00 sys=0.00, real=0.00 secs] 
2019-01-02T11:13:04.749+0530: 852.651: [GC (Allocation Failure) 2019-01-02T11:13:04.749+0530: 852.652: [DefNew
Desired survivor size 32768 bytes, new threshold 15 (max 15)
- age   1:         24 bytes,         24 total
- age   6:         72 bytes,         96 total
- age  12:         16 bytes,        112 total
: 516K->0K(960K), 0.0003774 secs] 5643K->5625K(10176K), 0.0004550 secs] [Times: user=0.00 sys=0.00, real=0.00 secs] 
2019-01-02T11:13:04.803+0530: 852.705: [GC (Allocation Failure) 2019-01-02T11:13:04.803+0530: 852.705: [DefNew
Desired survivor size 32768 bytes, new threshold 15 (max 15)
- age   1:        248 bytes,        248 total
- age   7:         16 bytes,        264 total
- age  13:         16 bytes,        280 total
: 869K->0K(960K), 0.0008410 secs] 6495K->5698K(10176K), 0.0010616 secs] [Times: user=0.00 sys=0.00, real=0.00 secs] 
2019-01-02T11:13:04.806+0530: 852.708: [GC (Allocation Failure) 2019-01-02T11:13:04.807+0530: 852.709: [DefNew
Desired survivor size 32768 bytes, new threshold 15 (max 15)
- age   1:         40 bytes,         40 total
- age   2:        184 bytes,        224 total
- age   8:         16 bytes,        240 total
- age  14:         16 bytes,        256 total
: 896K->0K(960K), 0.0005348 secs] 6594K->5986K(10176K), 0.0007555 secs] [Times: user=0.00 sys=0.00, real=0.00 secs] 
2019-01-02T11:13:04.809+0530: 852.711: [GC (Allocation Failure) 2019-01-02T11:13:04.809+0530: 852.711: [DefNew
Desired survivor size 32768 bytes, new threshold 15 (max 15)
- age   3:        184 bytes,        184 total
- age   9:         16 bytes,        200 total
- age  15:         16 bytes,        216 total
: 896K->0K(960K), 0.0003717 secs] 6882K->6562K(10176K), 0.0004413 secs] [Times: user=0.00 sys=0.00, real=0.00 secs] 
2019-01-02T11:13:04.811+0530: 852.713: [GC (Allocation Failure) 2019-01-02T11:13:04.811+0530: 852.713: [DefNew
Desired survivor size 32768 bytes, new threshold 15 (max 15)
- age   1:         24 bytes,         24 total
- age   4:        184 bytes,        208 total
- age  10:         16 bytes,        224 total
: 462K->0K(960K), 0.0004527 secs] 7024K->6562K(10176K), 0.0006882 secs] [Times: user=0.00 sys=0.00, real=0.00 secs] 
2019-01-02T11:13:04.812+0530: 852.714: [GC (Allocation Failure) 2019-01-02T11:13:04.812+0530: 852.714: [DefNew
Desired survivor size 32768 bytes, new threshold 15 (max 15)
- age   2:         24 bytes,         24 total
- age   5:        184 bytes,        208 total
- age  11:         16 bytes,        224 total
: 498K->0K(960K), 0.0004419 secs] 7060K->7060K(10176K), 0.0005297 secs] [Times: user=0.00 sys=0.00, real=0.00 secs] 
2019-01-02T11:13:04.813+0530: 852.715: [GC (Allocation Failure) 2019-01-02T11:13:04.813+0530: 852.715: [DefNew
Desired survivor size 32768 bytes, new threshold 15 (max 15)
- age   1:         24 bytes,         24 total
- age   6:         72 bytes,         96 total
- age  12:         16 bytes,        112 total
: 516K->0K(960K), 0.0007116 secs] 7576K->7558K(10176K), 0.0008079 secs] [Times: user=0.00 sys=0.00, real=0.00 secs] 
2019-01-02T11:13:04.866+0530: 852.768: [GC (Allocation Failure) 2019-01-02T11:13:04.866+0530: 852.768: [DefNew
Desired survivor size 32768 bytes, new threshold 15 (max 15)
- age   1:        248 bytes,        248 total
- age   7:         16 bytes,        264 total
- age  13:         16 bytes,        280 total
: 869K->0K(960K), 0.0010576 secs] 8428K->7631K(10176K), 0.0014100 secs] [Times: user=0.00 sys=0.00, real=0.00 secs] 
2019-01-02T11:13:04.869+0530: 852.771: [GC (Allocation Failure) 2019-01-02T11:13:04.869+0530: 852.771: [DefNew
Desired survivor size 32768 bytes, new threshold 15 (max 15)
- age   1:         40 bytes,         40 total
- age   2:        184 bytes,        224 total
- age   8:         16 bytes,        240 total
- age  14:         16 bytes,        256 total
: 896K->0K(960K), 0.0008986 secs] 8527K->7919K(10176K), 0.0011551 secs] [Times: user=0.00 sys=0.00, real=0.00 secs] 
2019-01-02T11:13:04.872+0530: 852.774: [GC (Allocation Failure) 2019-01-02T11:13:04.872+0530: 852.774: [DefNew
Desired survivor size 32768 bytes, new threshold 15 (max 15)
- age   3:        184 bytes,        184 total
- age   9:         16 bytes,        200 total
- age  15:         16 bytes,        216 total
: 896K->0K(960K), 0.0010941 secs] 8815K->8495K(10176K), 0.0012179 secs] [Times: user=0.00 sys=0.00, real=0.00 secs] 
2019-01-02T11:13:04.874+0530: 852.776: [GC (Allocation Failure) 2019-01-02T11:13:04.874+0530: 852.776: [DefNew
Desired survivor size 32768 bytes, new threshold 15 (max 15)
- age   1:         24 bytes,         24 total
- age   4:        184 bytes,        208 total
- age  10:         16 bytes,        224 total
: 462K->0K(960K), 0.0002571 secs] 8957K->8495K(10176K), 0.0003318 secs] [Times: user=0.00 sys=0.00, real=0.00 secs] 
2019-01-02T11:13:04.875+0530: 852.777: [GC (Allocation Failure) 2019-01-02T11:13:04.875+0530: 852.777: [DefNew
Desired survivor size 32768 bytes, new threshold 15 (max 15)
- age   2:         24 bytes,         24 total
- age   5:        184 bytes,        208 total
- age  11:         16 bytes,        224 total
: 498K->0K(960K), 0.0003421 secs] 8993K->8993K(10176K), 0.0004128 secs] [Times: user=0.00 sys=0.00, real=0.00 secs] 
2019-01-02T11:13:04.876+0530: 852.778: [GC (Allocation Failure) 2019-01-02T11:13:04.876+0530: 852.778: [DefNew: 516K->516K(960K), 0.0000274 secs]2019-01-02T11:13:04.876+0530: 852.778: [Tenured: 8993K->1262K(9216K), 0.0065186 secs] 9509K->1262K(10176K), [Metaspace: 2520K->2520K(1056768K)], 0.0066720 secs] [Times: user=0.02 sys=0.00, real=0.01 secs] 
2019-01-02T11:13:04.936+0530: 852.838: [GC (Allocation Failure) 2019-01-02T11:13:04.936+0530: 852.838: [DefNew
Desired survivor size 32768 bytes, new threshold 15 (max 15)
- age   1:        248 bytes,        248 total
: 869K->0K(960K), 0.0014528 secs] 2131K->1832K(10176K), 0.0017008 secs] [Times: user=0.00 sys=0.00, real=0.00 secs] 
2019-01-02T11:13:04.940+0530: 852.842: [GC (Allocation Failure) 2019-01-02T11:13:04.940+0530: 852.842: [DefNew
Desired survivor size 32768 bytes, new threshold 15 (max 15)
- age   1:         40 bytes,         40 total
- age   2:        184 bytes,        224 total
: 896K->0K(960K), 0.0009294 secs] 2728K->2120K(10176K), 0.0010810 secs] [Times: user=0.00 sys=0.00, real=0.00 secs] 
2019-01-02T11:13:04.942+0530: 852.844: [GC (Allocation Failure) 2019-01-02T11:13:04.942+0530: 852.844: [DefNew
Desired survivor size 32768 bytes, new threshold 15 (max 15)
- age   3:        184 bytes,        184 total
: 896K->0K(960K), 0.0010120 secs] 3016K->2696K(10176K), 0.0011608 secs] [Times: user=0.00 sys=0.00, real=0.00 secs] 
2019-01-02T11:13:04.945+0530: 852.847: [GC (Allocation Failure) 2019-01-02T11:13:04.945+0530: 852.847: [DefNew
Desired survivor size 32768 bytes, new threshold 15 (max 15)
- age   1:         24 bytes,         24 total
- age   4:        184 bytes,        208 total
: 462K->0K(960K), 0.0004983 secs] 3158K->2696K(10176K), 0.0006585 secs] [Times: user=0.00 sys=0.00, real=0.00 secs] 
2019-01-02T11:13:04.946+0530: 852.848: [GC (Allocation Failure) 2019-01-02T11:13:04.946+0530: 852.848: [DefNew
Desired survivor size 32768 bytes, new threshold 15 (max 15)
- age   2:         24 bytes,         24 total
- age   5:        184 bytes,        208 total
: 498K->0K(960K), 0.0006403 secs] 3195K->3195K(10176K), 0.0007133 secs] [Times: user=0.00 sys=0.00, real=0.00 secs] 
2019-01-02T11:13:04.947+0530: 852.849: [GC (Allocation Failure) 2019-01-02T11:13:04.947+0530: 852.849: [DefNew
Desired survivor size 32768 bytes, new threshold 15 (max 15)
- age   1:         24 bytes,         24 total
- age   6:         72 bytes,         96 total
: 516K->0K(960K), 0.0005622 secs] 3711K->3693K(10176K), 0.0006563 secs] [Times: user=0.00 sys=0.00, real=0.00 secs] 
2019-01-02T11:13:05.006+0530: 852.908: [GC (Allocation Failure) 2019-01-02T11:13:05.006+0530: 852.908: [DefNew
Desired survivor size 32768 bytes, new threshold 15 (max 15)
- age   1:        248 bytes,        248 total
- age   7:         16 bytes,        264 total
: 869K->0K(960K), 0.0008136 secs] 4563K->3765K(10176K), 0.0010354 secs] [Times: user=0.00 sys=0.00, real=0.00 secs] 
2019-01-02T11:13:05.009+0530: 852.911: [GC (Allocation Failure) 2019-01-02T11:13:05.009+0530: 852.911: [DefNew
Desired survivor size 32768 bytes, new threshold 15 (max 15)
- age   1:         40 bytes,         40 total
- age   2:        184 bytes,        224 total
- age   8:         16 bytes,        240 total
: 896K->0K(960K), 0.0005491 secs] 4661K->4053K(10176K), 0.0008552 secs] [Times: user=0.00 sys=0.00, real=0.00 secs] 
2019-01-02T11:13:05.012+0530: 852.914: [GC (Allocation Failure) 2019-01-02T11:13:05.012+0530: 852.914: [DefNew
Desired survivor size 32768 bytes, new threshold 15 (max 15)
- age   3:        184 bytes,        184 total
- age   9:         16 bytes,        200 total
: 896K->0K(960K), 0.0009909 secs] 4949K->4629K(10176K), 0.0011375 secs] [Times: user=0.00 sys=0.00, real=0.00 secs] 
2019-01-02T11:13:05.014+0530: 852.917: [GC (Allocation Failure) 2019-01-02T11:13:05.015+0530: 852.917: [DefNew
Desired survivor size 32768 bytes, new threshold 15 (max 15)
- age   1:         24 bytes,         24 total
- age   4:        184 bytes,        208 total
- age  10:         16 bytes,        224 total
: 462K->0K(960K), 0.0005126 secs] 5091K->4629K(10176K), 0.0006848 secs] [Times: user=0.00 sys=0.00, real=0.00 secs] 
2019-01-02T11:13:05.016+0530: 852.918: [GC (Allocation Failure) 2019-01-02T11:13:05.016+0530: 852.918: [DefNew
Desired survivor size 32768 bytes, new threshold 15 (max 15)
- age   2:         24 bytes,         24 total
- age   5:        184 bytes,        208 total
- age  11:         16 bytes,        224 total
: 498K->0K(960K), 0.0008125 secs] 5128K->5128K(10176K), 0.0009111 secs] [Times: user=0.00 sys=0.00, real=0.00 secs] 
2019-01-02T11:13:05.017+0530: 852.919: [GC (Allocation Failure) 2019-01-02T11:13:05.017+0530: 852.919: [DefNew
Desired survivor size 32768 bytes, new threshold 15 (max 15)
- age   1:         24 bytes,         24 total
- age   6:         72 bytes,         96 total
- age  12:         16 bytes,        112 total
: 516K->0K(960K), 0.0003341 secs] 5644K->5626K(10176K), 0.0004128 secs] [Times: user=0.00 sys=0.00, real=0.00 secs] 
2019-01-02T11:13:05.073+0530: 852.975: [GC (Allocation Failure) 2019-01-02T11:13:05.073+0530: 852.975: [DefNew
Desired survivor size 32768 bytes, new threshold 15 (max 15)
- age   1:        248 bytes,        248 total
- age   7:         16 bytes,        264 total
- age  13:         16 bytes,        280 total
: 869K->0K(960K), 0.0010690 secs] 6496K->5698K(10176K), 0.0013091 secs] [Times: user=0.00 sys=0.00, real=0.00 secs] 
2019-01-02T11:13:05.076+0530: 852.978: [GC (Allocation Failure) 2019-01-02T11:13:05.076+0530: 852.978: [DefNew
Desired survivor size 32768 bytes, new threshold 15 (max 15)
- age   1:         40 bytes,         40 total
- age   2:        184 bytes,        224 total
- age   8:         16 bytes,        240 total
- age  14:         16 bytes,        256 total
: 896K->0K(960K), 0.0007646 secs] 6594K->5986K(10176K), 0.0009470 secs] [Times: user=0.00 sys=0.00, real=0.00 secs] 
2019-01-02T11:13:05.079+0530: 852.981: [GC (Allocation Failure) 2019-01-02T11:13:05.079+0530: 852.981: [DefNew
Desired survivor size 32768 bytes, new threshold 15 (max 15)
- age   3:        184 bytes,        184 total
- age   9:         16 bytes,        200 total
- age  15:         16 bytes,        216 total
: 896K->0K(960K), 0.0006825 secs] 6882K->6562K(10176K), 0.0008313 secs] [Times: user=0.00 sys=0.00, real=0.00 secs] 
2019-01-02T11:13:05.081+0530: 852.983: [GC (Allocation Failure) 2019-01-02T11:13:05.082+0530: 852.984: [DefNew
Desired survivor size 32768 bytes, new threshold 15 (max 15)
- age   1:         24 bytes,         24 total
- age   4:        184 bytes,        208 total
- age  10:         16 bytes,        224 total
: 462K->0K(960K), 0.0004983 secs] 7024K->6562K(10176K), 0.0006791 secs] [Times: user=0.02 sys=0.00, real=0.00 secs] 
2019-01-02T11:13:05.083+0530: 852.985: [GC (Allocation Failure) 2019-01-02T11:13:05.083+0530: 852.985: [DefNew
Desired survivor size 32768 bytes, new threshold 15 (max 15)
- age   2:         24 bytes,         24 total
- age   5:        184 bytes,        208 total
- age  11:         16 bytes,        224 total
: 498K->0K(960K), 0.0008695 secs] 7061K->7061K(10176K), 0.0009687 secs] [Times: user=0.00 sys=0.00, real=0.00 secs] 
2019-01-02T11:13:05.084+0530: 852.986: [GC (Allocation Failure) 2019-01-02T11:13:05.084+0530: 852.986: [DefNew
Desired survivor size 32768 bytes, new threshold 15 (max 15)
- age   1:         24 bytes,         24 total
- age   6:         72 bytes,         96 total
- age  12:         16 bytes,        112 total
: 516K->0K(960K), 0.0003301 secs] 7577K->7559K(10176K), 0.0004025 secs] [Times: user=0.00 sys=0.00, real=0.00 secs] 
2019-01-02T11:13:05.143+0530: 853.045: [GC (Allocation Failure) 2019-01-02T11:13:05.143+0530: 853.045: [DefNew
Desired survivor size 32768 bytes, new threshold 15 (max 15)
- age   1:        248 bytes,        248 total
- age   7:         16 bytes,        264 total
- age  13:         16 bytes,        280 total
: 869K->0K(960K), 0.0007566 secs] 8429K->7631K(10176K), 0.0010075 secs] [Times: user=0.00 sys=0.00, real=0.00 secs] 
2019-01-02T11:13:05.146+0530: 853.048: [GC (Allocation Failure) 2019-01-02T11:13:05.146+0530: 853.048: [DefNew
Desired survivor size 32768 bytes, new threshold 15 (max 15)
- age   1:         40 bytes,         40 total
- age   2:        184 bytes,        224 total
- age   8:         16 bytes,        240 total
- age  14:         16 bytes,        256 total
: 896K->0K(960K), 0.0008672 secs] 8527K->7919K(10176K), 0.0010628 secs] [Times: user=0.00 sys=0.00, real=0.00 secs] 
2019-01-02T11:13:05.149+0530: 853.051: [GC (Allocation Failure) 2019-01-02T11:13:05.149+0530: 853.051: [DefNew
Desired survivor size 32768 bytes, new threshold 15 (max 15)
- age   3:        184 bytes,        184 total
- age   9:         16 bytes,        200 total
- age  15:         16 bytes,        216 total
: 896K->0K(960K), 0.0008632 secs] 8815K->8495K(10176K), 0.0012236 secs] [Times: user=0.00 sys=0.00, real=0.00 secs] 
2019-01-02T11:13:05.151+0530: 853.053: [GC (Allocation Failure) 2019-01-02T11:13:05.151+0530: 853.053: [DefNew
Desired survivor size 32768 bytes, new threshold 15 (max 15)
- age   1:         24 bytes,         24 total
- age   4:        184 bytes,        208 total
- age  10:         16 bytes,        224 total
: 462K->0K(960K), 0.0005878 secs] 8957K->8495K(10176K), 0.0006802 secs] [Times: user=0.00 sys=0.00, real=0.00 secs] 
2019-01-02T11:13:05.153+0530: 853.055: [GC (Allocation Failure) 2019-01-02T11:13:05.153+0530: 853.055: [DefNew
Desired survivor size 32768 bytes, new threshold 15 (max 15)
- age   2:         24 bytes,         24 total
- age   5:        184 bytes,        208 total
- age  11:         16 bytes,        224 total
: 498K->0K(960K), 0.0009550 secs] 8994K->8994K(10176K), 0.0010998 secs] [Times: user=0.00 sys=0.00, real=0.00 secs] 
2019-01-02T11:13:05.155+0530: 853.057: [GC (Allocation Failure) 2019-01-02T11:13:05.155+0530: 853.057: [DefNew: 516K->516K(960K), 0.0000525 secs]2019-01-02T11:13:05.155+0530: 853.057: [Tenured: 8994K->1262K(9216K), 0.0041838 secs] 9510K->1262K(10176K), [Metaspace: 2520K->2520K(1056768K)], 0.0043976 secs] [Times: user=0.00 sys=0.00, real=0.00 secs] 
2019-01-02T11:13:05.220+0530: 853.122: [GC (Allocation Failure) 2019-01-02T11:13:05.220+0530: 853.122: [DefNew
Desired survivor size 32768 bytes, new threshold 15 (max 15)
- age   1:        248 bytes,        248 total
: 869K->0K(960K), 0.0012372 secs] 2131K->1833K(10176K), 0.0015816 secs] [Times: user=0.00 sys=0.00, real=0.00 secs] 
2019-01-02T11:13:05.223+0530: 853.125: [GC (Allocation Failure) 2019-01-02T11:13:05.223+0530: 853.125: [DefNew
Desired survivor size 32768 bytes, new threshold 15 (max 15)
- age   1:         40 bytes,         40 total
- age   2:        184 bytes,        224 total
: 896K->0K(960K), 0.0009676 secs] 2729K->2120K(10176K), 0.0011859 secs] [Times: user=0.00 sys=0.00, real=0.00 secs] 
2019-01-02T11:13:05.226+0530: 853.128: [GC (Allocation Failure) 2019-01-02T11:13:05.226+0530: 853.128: [DefNew
Desired survivor size 32768 bytes, new threshold 15 (max 15)
- age   3:        184 bytes,        184 total
: 896K->0K(960K), 0.0004008 secs] 3016K->2696K(10176K), 0.0005297 secs] [Times: user=0.00 sys=0.00, real=0.00 secs] 
2019-01-02T11:13:05.227+0530: 853.129: [GC (Allocation Failure) 2019-01-02T11:13:05.227+0530: 853.129: [DefNew
Desired survivor size 32768 bytes, new threshold 15 (max 15)
- age   1:         24 bytes,         24 total
- age   4:        184 bytes,        208 total
: 462K->0K(960K), 0.0002349 secs] 3158K->2696K(10176K), 0.0003033 secs] [Times: user=0.00 sys=0.00, real=0.00 secs] 
2019-01-02T11:13:05.228+0530: 853.130: [GC (Allocation Failure) 2019-01-02T11:13:05.228+0530: 853.130: [DefNew
Desired survivor size 32768 bytes, new threshold 15 (max 15)
- age   2:         24 bytes,         24 total
- age   5:        184 bytes,        208 total
: 498K->0K(960K), 0.0003130 secs] 3195K->3195K(10176K), 0.0003820 secs] [Times: user=0.00 sys=0.00, real=0.00 secs] 
2019-01-02T11:13:05.229+0530: 853.131: [GC (Allocation Failure) 2019-01-02T11:13:05.229+0530: 853.131: [DefNew
Desired survivor size 32768 bytes, new threshold 15 (max 15)
- age   1:         24 bytes,         24 total
- age   6:         72 bytes,         96 total
: 516K->0K(960K), 0.0012059 secs] 3711K->3693K(10176K), 0.0014015 secs] [Times: user=0.00 sys=0.00, real=0.00 secs] 
2019-01-02T11:13:05.284+0530: 853.186: [GC (Allocation Failure) 2019-01-02T11:13:05.284+0530: 853.186: [DefNew
Desired survivor size 32768 bytes, new threshold 15 (max 15)
- age   1:        248 bytes,        248 total
- age   7:         16 bytes,        264 total
: 869K->0K(960K), 0.0006169 secs] 4563K->3766K(10176K), 0.0008296 secs] [Times: user=0.02 sys=0.00, real=0.00 secs] 
2019-01-02T11:13:05.287+0530: 853.189: [GC (Allocation Failure) 2019-01-02T11:13:05.287+0530: 853.189: [DefNew
Desired survivor size 32768 bytes, new threshold 15 (max 15)
- age   1:         40 bytes,         40 total
- age   2:        184 bytes,        224 total
- age   8:         16 bytes,        240 total
: 896K->0K(960K), 0.0006642 secs] 4662K->4054K(10176K), 0.0009197 secs] [Times: user=0.00 sys=0.00, real=0.00 secs] 
2019-01-02T11:13:05.290+0530: 853.192: [GC (Allocation Failure) 2019-01-02T11:13:05.290+0530: 853.192: [DefNew
Desired survivor size 32768 bytes, new threshold 15 (max 15)
- age   3:        184 bytes,        184 total
- age   9:         16 bytes,        200 total
: 896K->0K(960K), 0.0010029 secs] 4950K->4630K(10176K), 0.0011768 secs] [Times: user=0.00 sys=0.00, real=0.00 secs] 
2019-01-02T11:13:05.292+0530: 853.194: [GC (Allocation Failure) 2019-01-02T11:13:05.292+0530: 853.194: [DefNew
Desired survivor size 32768 bytes, new threshold 15 (max 15)
- age   1:         24 bytes,         24 total
- age   4:        184 bytes,        208 total
- age  10:         16 bytes,        224 total
: 462K->0K(960K), 0.0002765 secs] 5092K->4630K(10176K), 0.0003632 secs] [Times: user=0.00 sys=0.00, real=0.00 secs] 
2019-01-02T11:13:05.293+0530: 853.195: [GC (Allocation Failure) 2019-01-02T11:13:05.293+0530: 853.195: [DefNew
Desired survivor size 32768 bytes, new threshold 15 (max 15)
- age   2:         24 bytes,         24 total
- age   5:        184 bytes,        208 total
- age  11:         16 bytes,        224 total
: 498K->0K(960K), 0.0003449 secs] 5128K->5128K(10176K), 0.0004185 secs] [Times: user=0.00 sys=0.00, real=0.00 secs] 
2019-01-02T11:13:05.294+0530: 853.196: [GC (Allocation Failure) 2019-01-02T11:13:05.294+0530: 853.196: [DefNew
Desired survivor size 32768 bytes, new threshold 15 (max 15)
- age   1:         24 bytes,         24 total
- age   6:         72 bytes,         96 total
- age  12:         16 bytes,        112 total
: 516K->0K(960K), 0.0003318 secs] 5644K->5627K(10176K), 0.0004031 secs] [Times: user=0.00 sys=0.00, real=0.00 secs] 
2019-01-02T11:13:05.352+0530: 853.254: [GC (Allocation Failure) 2019-01-02T11:13:05.352+0530: 853.254: [DefNew
Desired survivor size 32768 bytes, new threshold 15 (max 15)
- age   1:        248 bytes,        248 total
- age   7:         16 bytes,        264 total
- age  13:         16 bytes,        280 total
: 869K->0K(960K), 0.0012196 secs] 6496K->5699K(10176K), 0.0016004 secs] [Times: user=0.00 sys=0.00, real=0.00 secs] 
2019-01-02T11:13:05.356+0530: 853.258: [GC (Allocation Failure) 2019-01-02T11:13:05.356+0530: 853.258: [DefNew
Desired survivor size 32768 bytes, new threshold 15 (max 15)
- age   1:         40 bytes,         40 total
- age   2:        184 bytes,        224 total
- age   8:         16 bytes,        240 total
- age  14:         16 bytes,        256 total
: 896K->0K(960K), 0.0012960 secs] 6595K->5987K(10176K), 0.0015229 secs] [Times: user=0.00 sys=0.00, real=0.00 secs] 
2019-01-02T11:13:05.359+0530: 853.261: [GC (Allocation Failure) 2019-01-02T11:13:05.359+0530: 853.261: [DefNew
Desired survivor size 32768 bytes, new threshold 15 (max 15)
- age   3:        184 bytes,        184 total
- age   9:         16 bytes,        200 total
- age  15:         16 bytes,        216 total
: 896K->0K(960K), 0.0004071 secs] 6883K->6563K(10176K), 0.0004898 secs] [Times: user=0.00 sys=0.00, real=0.00 secs] 
2019-01-02T11:13:05.360+0530: 853.262: [GC (Allocation Failure) 2019-01-02T11:13:05.360+0530: 853.262: [DefNew
Desired survivor size 32768 bytes, new threshold 15 (max 15)
- age   1:         24 bytes,         24 total
- age   4:        184 bytes,        208 total
- age  10:         16 bytes,        224 total
: 462K->0K(960K), 0.0002777 secs] 7025K->6563K(10176K), 0.0003546 secs] [Times: user=0.00 sys=0.00, real=0.00 secs] 
2019-01-02T11:13:05.361+0530: 853.263: [GC (Allocation Failure) 2019-01-02T11:13:05.361+0530: 853.263: [DefNew
Desired survivor size 32768 bytes, new threshold 15 (max 15)
- age   2:         24 bytes,         24 total
- age   5:        184 bytes,        208 total
- age  11:         16 bytes,        224 total
: 498K->0K(960K), 0.0004248 secs] 7061K->7061K(10176K), 0.0005137 secs] [Times: user=0.00 sys=0.00, real=0.00 secs] 
2019-01-02T11:13:05.362+0530: 853.264: [GC (Allocation Failure) 2019-01-02T11:13:05.362+0530: 853.264: [DefNew
Desired survivor size 32768 bytes, new threshold 15 (max 15)
- age   1:         24 bytes,         24 total
- age   6:         72 bytes,         96 total
- age  12:         16 bytes,        112 total
: 516K->0K(960K), 0.0003364 secs] 7578K->7560K(10176K), 0.0004077 secs] [Times: user=0.00 sys=0.00, real=0.00 secs] 
2019-01-02T11:13:05.417+0530: 853.319: [GC (Allocation Failure) 2019-01-02T11:13:05.417+0530: 853.319: [DefNew
Desired survivor size 32768 bytes, new threshold 15 (max 15)
- age   1:        248 bytes,        248 total
- age   7:         16 bytes,        264 total
- age  13:         16 bytes,        280 total
: 869K->0K(960K), 0.0006255 secs] 8429K->7632K(10176K), 0.0008324 secs] [Times: user=0.00 sys=0.00, real=0.00 secs] 
2019-01-02T11:13:05.419+0530: 853.321: [GC (Allocation Failure) 2019-01-02T11:13:05.419+0530: 853.321: [DefNew
Desired survivor size 32768 bytes, new threshold 15 (max 15)
- age   1:         40 bytes,         40 total
- age   2:        184 bytes,        224 total
- age   8:         16 bytes,        240 total
- age  14:         16 bytes,        256 total
: 896K->0K(960K), 0.0014180 secs] 8528K->7920K(10176K), 0.0016455 secs] [Times: user=0.00 sys=0.00, real=0.00 secs] 
2019-01-02T11:13:05.422+0530: 853.324: [GC (Allocation Failure) 2019-01-02T11:13:05.422+0530: 853.324: [DefNew
Desired survivor size 32768 bytes, new threshold 15 (max 15)
- age   3:        184 bytes,        184 total
- age   9:         16 bytes,        200 total
- age  15:         16 bytes,        216 total
: 896K->0K(960K), 0.0007629 secs] 8816K->8496K(10176K), 0.0010194 secs] [Times: user=0.00 sys=0.00, real=0.00 secs] 
2019-01-02T11:13:05.425+0530: 853.327: [GC (Allocation Failure) 2019-01-02T11:13:05.425+0530: 853.327: [DefNew
Desired survivor size 32768 bytes, new threshold 15 (max 15)
- age   1:         24 bytes,         24 total
- age   4:        184 bytes,        208 total
- age  10:         16 bytes,        224 total
: 462K->0K(960K), 0.0007994 secs] 8958K->8496K(10176K), 0.0009465 secs] [Times: user=0.00 sys=0.00, real=0.00 secs] 
2019-01-02T11:13:05.426+0530: 853.328: [GC (Allocation Failure) 2019-01-02T11:13:05.426+0530: 853.329: [DefNew
Desired survivor size 32768 bytes, new threshold 15 (max 15)
- age   2:         24 bytes,         24 total
- age   5:        184 bytes,        208 total
- age  11:         16 bytes,        224 total
: 498K->0K(960K), 0.0003598 secs] 8995K->8995K(10176K), 0.0004339 secs] [Times: user=0.00 sys=0.00, real=0.00 secs] 
2019-01-02T11:13:05.427+0530: 853.329: [GC (Allocation Failure) 2019-01-02T11:13:05.427+0530: 853.329: [DefNew: 516K->516K(960K), 0.0000291 secs]2019-01-02T11:13:05.427+0530: 853.329: [Tenured: 8994K->1262K(9216K), 0.0051138 secs] 9511K->1262K(10176K), [Metaspace: 2520K->2520K(1056768K)], 0.0053886 secs] [Times: user=0.00 sys=0.00, real=0.01 secs] 
2019-01-02T11:13:05.485+0530: 853.387: [GC (Allocation Failure) 2019-01-02T11:13:05.485+0530: 853.387: [DefNew
Desired survivor size 32768 bytes, new threshold 15 (max 15)
- age   1:        248 bytes,        248 total
: 869K->0K(960K), 0.0008957 secs] 2131K->1833K(10176K), 0.0012333 secs] [Times: user=0.00 sys=0.00, real=0.00 secs] 
2019-01-02T11:13:05.488+0530: 853.390: [GC (Allocation Failure) 2019-01-02T11:13:05.488+0530: 853.390: [DefNew
Desired survivor size 32768 bytes, new threshold 15 (max 15)
- age   1:         40 bytes,         40 total
- age   2:        184 bytes,        224 total
: 896K->0K(960K), 0.0006437 secs] 2729K->2121K(10176K), 0.0008552 secs] [Times: user=0.00 sys=0.00, real=0.00 secs] 
2019-01-02T11:13:05.490+0530: 853.392: [GC (Allocation Failure) 2019-01-02T11:13:05.491+0530: 853.393: [DefNew
Desired survivor size 32768 bytes, new threshold 15 (max 15)
- age   3:        184 bytes,        184 total
: 896K->0K(960K), 0.0010132 secs] 3017K->2697K(10176K), 0.0012047 secs] [Times: user=0.00 sys=0.00, real=0.00 secs] 
2019-01-02T11:13:05.493+0530: 853.395: [GC (Allocation Failure) 2019-01-02T11:13:05.493+0530: 853.395: [DefNew
Desired survivor size 32768 bytes, new threshold 15 (max 15)
- age   1:         24 bytes,         24 total
- age   4:        184 bytes,        208 total
: 462K->0K(960K), 0.0002623 secs] 3159K->2697K(10176K), 0.0003529 secs] [Times: user=0.00 sys=0.00, real=0.00 secs] 
2019-01-02T11:13:05.494+0530: 853.396: [GC (Allocation Failure) 2019-01-02T11:13:05.494+0530: 853.396: [DefNew
Desired survivor size 32768 bytes, new threshold 15 (max 15)
- age   2:         24 bytes,         24 total
- age   5:        184 bytes,        208 total
: 498K->0K(960K), 0.0003387 secs] 3195K->3195K(10176K), 0.0004111 secs] [Times: user=0.00 sys=0.00, real=0.00 secs] 
2019-01-02T11:13:05.495+0530: 853.397: [GC (Allocation Failure) 2019-01-02T11:13:05.495+0530: 853.397: [DefNew
Desired survivor size 32768 bytes, new threshold 15 (max 15)
- age   1:         24 bytes,         24 total
- age   6:         72 bytes,         96 total
: 516K->0K(960K), 0.0003142 secs] 3712K->3694K(10176K), 0.0003860 secs] [Times: user=0.00 sys=0.00, real=0.00 secs] 
2019-01-02T11:13:05.550+0530: 853.452: [GC (Allocation Failure) 2019-01-02T11:13:05.550+0530: 853.452: [DefNew
Desired survivor size 32768 bytes, new threshold 15 (max 15)
- age   1:        248 bytes,        248 total
- age   7:         16 bytes,        264 total
: 869K->0K(960K), 0.0005833 secs] 4563K->3766K(10176K), 0.0007617 secs] [Times: user=0.00 sys=0.00, real=0.00 secs] 
2019-01-02T11:13:05.553+0530: 853.455: [GC (Allocation Failure) 2019-01-02T11:13:05.553+0530: 853.455: [DefNew
Desired survivor size 32768 bytes, new threshold 15 (max 15)
- age   1:         40 bytes,         40 total
- age   2:        184 bytes,        224 total
- age   8:         16 bytes,        240 total
: 896K->0K(960K), 0.0009351 secs] 4662K->4054K(10176K), 0.0011124 secs] [Times: user=0.00 sys=0.00, real=0.00 secs] 
2019-01-02T11:13:05.555+0530: 853.457: [GC (Allocation Failure) 2019-01-02T11:13:05.555+0530: 853.457: [DefNew
Desired survivor size 32768 bytes, new threshold 15 (max 15)
- age   3:        184 bytes,        184 total
- age   9:         16 bytes,        200 total
: 896K->0K(960K), 0.0013923 secs] 4950K->4630K(10176K), 0.0015543 secs] [Times: user=0.00 sys=0.00, real=0.00 secs] 
2019-01-02T11:13:05.558+0530: 853.460: [GC (Allocation Failure) 2019-01-02T11:13:05.558+0530: 853.460: [DefNew
Desired survivor size 32768 bytes, new threshold 15 (max 15)
- age   1:         24 bytes,         24 total
- age   4:        184 bytes,        208 total
- age  10:         16 bytes,        224 total
: 462K->0K(960K), 0.0004481 secs] 5092K->4630K(10176K), 0.0005650 secs] [Times: user=0.00 sys=0.00, real=0.00 secs] 
2019-01-02T11:13:05.559+0530: 853.461: [GC (Allocation Failure) 2019-01-02T11:13:05.559+0530: 853.461: [DefNew
Desired survivor size 32768 bytes, new threshold 15 (max 15)
- age   2:         24 bytes,         24 total
- age   5:        184 bytes,        208 total
- age  11:         16 bytes,        224 total
: 498K->0K(960K), 0.0003529 secs] 5129K->5129K(10176K), 0.0004362 secs] [Times: user=0.00 sys=0.00, real=0.00 secs] 
2019-01-02T11:13:05.560+0530: 853.462: [GC (Allocation Failure) 2019-01-02T11:13:05.560+0530: 853.462: [DefNew
Desired survivor size 32768 bytes, new threshold 15 (max 15)
- age   1:         24 bytes,         24 total
- age   6:         72 bytes,         96 total
- age  12:         16 bytes,        112 total
: 516K->0K(960K), 0.0003267 secs] 5645K->5627K(10176K), 0.0003980 secs] [Times: user=0.00 sys=0.00, real=0.00 secs] 
2019-01-02T11:13:05.618+0530: 853.520: [GC (Allocation Failure) 2019-01-02T11:13:05.618+0530: 853.520: [DefNew
Desired survivor size 32768 bytes, new threshold 15 (max 15)
- age   1:        248 bytes,        248 total
- age   7:         16 bytes,        264 total
- age  13:         16 bytes,        280 total
: 869K->0K(960K), 0.0009932 secs] 6497K->5699K(10176K), 0.0013444 secs] [Times: user=0.00 sys=0.00, real=0.00 secs] 
2019-01-02T11:13:05.621+0530: 853.523: [GC (Allocation Failure) 2019-01-02T11:13:05.621+0530: 853.523: [DefNew
Desired survivor size 32768 bytes, new threshold 15 (max 15)
- age   1:         40 bytes,         40 total
- age   2:        184 bytes,        224 total
- age   8:         16 bytes,        240 total
- age  14:         16 bytes,        256 total
: 896K->0K(960K), 0.0006106 secs] 6595K->5987K(10176K), 0.0007617 secs] [Times: user=0.00 sys=0.00, real=0.00 secs] 
2019-01-02T11:13:05.623+0530: 853.525: [GC (Allocation Failure) 2019-01-02T11:13:05.623+0530: 853.525: [DefNew
Desired survivor size 32768 bytes, new threshold 15 (max 15)
- age   3:        184 bytes,        184 total
- age   9:         16 bytes,        200 total
- age  15:         16 bytes,        216 total
: 896K->0K(960K), 0.0007805 secs] 6883K->6563K(10176K), 0.0010360 secs] [Times: user=0.00 sys=0.00, real=0.00 secs] 
2019-01-02T11:13:05.625+0530: 853.528: [GC (Allocation Failure) 2019-01-02T11:13:05.626+0530: 853.528: [DefNew
Desired survivor size 32768 bytes, new threshold 15 (max 15)
- age   1:         24 bytes,         24 total
- age   4:        184 bytes,        208 total
- age  10:         16 bytes,        224 total
: 462K->0K(960K), 0.0007515 secs] 7025K->6563K(10176K), 0.0009835 secs] [Times: user=0.00 sys=0.00, real=0.00 secs] 
2019-01-02T11:13:05.627+0530: 853.529: [GC (Allocation Failure) 2019-01-02T11:13:05.627+0530: 853.529: [DefNew
Desired survivor size 32768 bytes, new threshold 15 (max 15)
- age   2:         24 bytes,         24 total
- age   5:        184 bytes,        208 total
- age  11:         16 bytes,        224 total
: 498K->0K(960K), 0.0003478 secs] 7062K->7062K(10176K), 0.0004242 secs] [Times: user=0.00 sys=0.02, real=0.00 secs] 
2019-01-02T11:13:05.628+0530: 853.530: [GC (Allocation Failure) 2019-01-02T11:13:05.628+0530: 853.530: [DefNew
Desired survivor size 32768 bytes, new threshold 15 (max 15)
- age   1:         24 bytes,         24 total
- age   6:         72 bytes,         96 total
- age  12:         16 bytes,        112 total
: 516K->0K(960K), 0.0003427 secs] 7578K->7561K(10176K), 0.0004145 secs] [Times: user=0.00 sys=0.00, real=0.00 secs] 
2019-01-02T11:13:05.693+0530: 853.595: [GC (Allocation Failure) 2019-01-02T11:13:05.693+0530: 853.596: [DefNew
Desired survivor size 32768 bytes, new threshold 15 (max 15)
- age   1:        248 bytes,        248 total
- age   7:         16 bytes,        264 total
- age  13:         16 bytes,        280 total
: 869K->0K(960K), 0.0005622 secs] 8430K->7633K(10176K), 0.0008826 secs] [Times: user=0.00 sys=0.00, real=0.00 secs] 
2019-01-02T11:13:05.696+0530: 853.598: [GC (Allocation Failure) 2019-01-02T11:13:05.696+0530: 853.598: [DefNew
Desired survivor size 32768 bytes, new threshold 15 (max 15)
- age   1:         40 bytes,         40 total
- age   2:        184 bytes,        224 total
- age   8:         16 bytes,        240 total
- age  14:         16 bytes,        256 total
: 896K->0K(960K), 0.0010223 secs] 8529K->7921K(10176K), 0.0011586 secs] [Times: user=0.00 sys=0.00, real=0.00 secs] 
2019-01-02T11:13:05.698+0530: 853.600: [GC (Allocation Failure) 2019-01-02T11:13:05.698+0530: 853.600: [DefNew
Desired survivor size 32768 bytes, new threshold 15 (max 15)
- age   3:        184 bytes,        184 total
- age   9:         16 bytes,        200 total
- age  15:         16 bytes,        216 total
: 896K->0K(960K), 0.0011084 secs] 8817K->8497K(10176K), 0.0012401 secs] [Times: user=0.00 sys=0.00, real=0.00 secs] 
2019-01-02T11:13:05.701+0530: 853.603: [GC (Allocation Failure) 2019-01-02T11:13:05.701+0530: 853.603: [DefNew
Desired survivor size 32768 bytes, new threshold 15 (max 15)
- age   1:         24 bytes,         24 total
- age   4:        184 bytes,        208 total
- age  10:         16 bytes,        224 total
: 462K->0K(960K), 0.0004898 secs] 8959K->8497K(10176K), 0.0006260 secs] [Times: user=0.00 sys=0.00, real=0.00 secs] 
2019-01-02T11:13:05.702+0530: 853.604: [GC (Allocation Failure) 2019-01-02T11:13:05.702+0530: 853.604: [DefNew
Desired survivor size 32768 bytes, new threshold 15 (max 15)
- age   2:         24 bytes,         24 total
- age   5:        184 bytes,        208 total
- age  11:         16 bytes,        224 total
: 498K->0K(960K), 0.0008336 secs] 8995K->8995K(10176K), 0.0009385 secs] [Times: user=0.00 sys=0.00, real=0.00 secs] 
2019-01-02T11:13:05.703+0530: 853.606: [GC (Allocation Failure) 2019-01-02T11:13:05.704+0530: 853.606: [DefNew: 516K->516K(960K), 0.0000291 secs]2019-01-02T11:13:05.704+0530: 853.606: [Tenured: 8995K->1262K(9216K), 0.0036519 secs] 9512K->1262K(10176K), [Metaspace: 2520K->2520K(1056768K)], 0.0038075 secs] [Times: user=0.02 sys=0.00, real=0.00 secs] 
2019-01-02T11:13:05.764+0530: 853.666: [GC (Allocation Failure) 2019-01-02T11:13:05.764+0530: 853.667: [DefNew
Desired survivor size 32768 bytes, new threshold 15 (max 15)
- age   1:        248 bytes,        248 total
: 869K->0K(960K), 0.0016671 secs] 2132K->1833K(10176K), 0.0021084 secs] [Times: user=0.00 sys=0.00, real=0.00 secs] 
2019-01-02T11:13:05.768+0530: 853.670: [GC (Allocation Failure) 2019-01-02T11:13:05.769+0530: 853.671: [DefNew
Desired survivor size 32768 bytes, new threshold 15 (max 15)
- age   1:         40 bytes,         40 total
- age   2:        184 bytes,        224 total
: 896K->0K(960K), 0.0007908 secs] 2729K->2121K(10176K), 0.0010046 secs] [Times: user=0.00 sys=0.00, real=0.00 secs] 
2019-01-02T11:13:05.771+0530: 853.673: [GC (Allocation Failure) 2019-01-02T11:13:05.771+0530: 853.673: [DefNew
Desired survivor size 32768 bytes, new threshold 15 (max 15)
- age   3:        184 bytes,        184 total
: 896K->0K(960K), 0.0011825 secs] 3017K->2697K(10176K), 0.0013684 secs] [Times: user=0.00 sys=0.00, real=0.00 secs] 
2019-01-02T11:13:05.774+0530: 853.676: [GC (Allocation Failure) 2019-01-02T11:13:05.774+0530: 853.676: [DefNew
Desired survivor size 32768 bytes, new threshold 15 (max 15)
- age   1:         24 bytes,         24 total
- age   4:        184 bytes,        208 total
: 462K->0K(960K), 0.0002691 secs] 3159K->2697K(10176K), 0.0003581 secs] [Times: user=0.00 sys=0.00, real=0.00 secs] 
2019-01-02T11:13:05.775+0530: 853.677: [GC (Allocation Failure) 2019-01-02T11:13:05.775+0530: 853.677: [DefNew
Desired survivor size 32768 bytes, new threshold 15 (max 15)
- age   2:         24 bytes,         24 total
- age   5:        184 bytes,        208 total
: 498K->0K(960K), 0.0003164 secs] 3196K->3196K(10176K), 0.0003831 secs] [Times: user=0.00 sys=0.00, real=0.00 secs] 
2019-01-02T11:13:05.775+0530: 853.677: [GC (Allocation Failure) 2019-01-02T11:13:05.775+0530: 853.677: [DefNew
Desired survivor size 32768 bytes, new threshold 15 (max 15)
- age   1:         24 bytes,         24 total
- age   6:         72 bytes,         96 total
: 516K->0K(960K), 0.0003090 secs] 3712K->3694K(10176K), 0.0003603 secs] [Times: user=0.00 sys=0.00, real=0.00 secs] 
2019-01-02T11:13:05.832+0530: 853.734: [GC (Allocation Failure) 2019-01-02T11:13:05.832+0530: 853.734: [DefNew
Desired survivor size 32768 bytes, new threshold 15 (max 15)
- age   1:        248 bytes,        248 total
- age   7:         16 bytes,        264 total
: 869K->0K(960K), 0.0012150 secs] 4564K->3766K(10176K), 0.0014944 secs] [Times: user=0.00 sys=0.00, real=0.00 secs] 
2019-01-02T11:13:05.835+0530: 853.737: [GC (Allocation Failure) 2019-01-02T11:13:05.835+0530: 853.737: [DefNew
Desired survivor size 32768 bytes, new threshold 15 (max 15)
- age   1:         40 bytes,         40 total
- age   2:        184 bytes,        224 total
- age   8:         16 bytes,        240 total
: 896K->0K(960K), 0.0005759 secs] 4662K->4054K(10176K), 0.0007064 secs] [Times: user=0.00 sys=0.00, real=0.00 secs] 
2019-01-02T11:13:05.837+0530: 853.739: [GC (Allocation Failure) 2019-01-02T11:13:05.837+0530: 853.739: [DefNew
Desired survivor size 32768 bytes, new threshold 15 (max 15)
- age   3:        184 bytes,        184 total
- age   9:         16 bytes,        200 total
: 896K->0K(960K), 0.0009522 secs] 4950K->4630K(10176K), 0.0010611 secs] [Times: user=0.00 sys=0.00, real=0.00 secs] 
2019-01-02T11:13:05.840+0530: 853.742: [GC (Allocation Failure) 2019-01-02T11:13:05.840+0530: 853.742: [DefNew
Desired survivor size 32768 bytes, new threshold 15 (max 15)
- age   1:         24 bytes,         24 total
- age   4:        184 bytes,        208 total
- age  10:         16 bytes,        224 total
: 462K->0K(960K), 0.0006466 secs] 5092K->4630K(10176K), 0.0010844 secs] [Times: user=0.00 sys=0.00, real=0.00 secs] 
2019-01-02T11:13:05.842+0530: 853.744: [GC (Allocation Failure) 2019-01-02T11:13:05.842+0530: 853.744: [DefNew
Desired survivor size 32768 bytes, new threshold 15 (max 15)
- age   2:         24 bytes,         24 total
- age   5:        184 bytes,        208 total
- age  11:         16 bytes,        224 total
: 498K->0K(960K), 0.0003404 secs] 5129K->5129K(10176K), 0.0003997 secs] [Times: user=0.00 sys=0.00, real=0.00 secs] 
2019-01-02T11:13:05.843+0530: 853.745: [GC (Allocation Failure) 2019-01-02T11:13:05.843+0530: 853.745: [DefNew
Desired survivor size 32768 bytes, new threshold 15 (max 15)
- age   1:         24 bytes,         24 total
- age   6:         72 bytes,         96 total
- age  12:         16 bytes,        112 total
: 516K->0K(960K), 0.0003079 secs] 5645K->5628K(10176K), 0.0003621 secs] [Times: user=0.00 sys=0.00, real=0.00 secs] 
2019-01-02T11:13:05.897+0530: 853.799: [GC (Allocation Failure) 2019-01-02T11:13:05.898+0530: 853.800: [DefNew
Desired survivor size 32768 bytes, new threshold 15 (max 15)
- age   1:        248 bytes,        248 total
- age   7:         16 bytes,        264 total
- age  13:         16 bytes,        280 total
: 869K->0K(960K), 0.0010308 secs] 6498K->5700K(10176K), 0.0013251 secs] [Times: user=0.00 sys=0.00, real=0.00 secs] 
2019-01-02T11:13:05.901+0530: 853.803: [GC (Allocation Failure) 2019-01-02T11:13:05.901+0530: 853.804: [DefNew
Desired survivor size 32768 bytes, new threshold 15 (max 15)
- age   1:         40 bytes,         40 total
- age   2:        184 bytes,        224 total
- age   8:         16 bytes,        240 total
- age  14:         16 bytes,        256 total
: 896K->0K(960K), 0.0009162 secs] 6596K->5988K(10176K), 0.0012008 secs] [Times: user=0.00 sys=0.00, real=0.00 secs] 
2019-01-02T11:13:05.904+0530: 853.806: [GC (Allocation Failure) 2019-01-02T11:13:05.904+0530: 853.806: [DefNew
Desired survivor size 32768 bytes, new threshold 15 (max 15)
- age   3:        184 bytes,        184 total
- age   9:         16 bytes,        200 total
- age  15:         16 bytes,        216 total
: 896K->0K(960K), 0.0008085 secs] 6884K->6564K(10176K), 0.0008900 secs] [Times: user=0.00 sys=0.00, real=0.00 secs] 
2019-01-02T11:13:05.906+0530: 853.808: [GC (Allocation Failure) 2019-01-02T11:13:05.906+0530: 853.808: [DefNew
Desired survivor size 32768 bytes, new threshold 15 (max 15)
- age   1:         24 bytes,         24 total
- age   4:        184 bytes,        208 total
- age  10:         16 bytes,        224 total
: 462K->0K(960K), 0.0005160 secs] 7026K->6564K(10176K), 0.0006933 secs] [Times: user=0.00 sys=0.00, real=0.00 secs] 
2019-01-02T11:13:05.907+0530: 853.809: [GC (Allocation Failure) 2019-01-02T11:13:05.907+0530: 853.809: [DefNew
Desired survivor size 32768 bytes, new threshold 15 (max 15)
- age   2:         24 bytes,         24 total
- age   5:        184 bytes,        208 total
- age  11:         16 bytes,        224 total
: 498K->0K(960K), 0.0003261 secs] 7063K->7063K(10176K), 0.0003814 secs] [Times: user=0.00 sys=0.00, real=0.00 secs] 
2019-01-02T11:13:05.908+0530: 853.810: [GC (Allocation Failure) 2019-01-02T11:13:05.908+0530: 853.810: [DefNew
Desired survivor size 32768 bytes, new threshold 15 (max 15)
- age   1:         24 bytes,         24 total
- age   6:         72 bytes,         96 total
- age  12:         16 bytes,        112 total
: 516K->0K(960K), 0.0003210 secs] 7579K->7561K(10176K), 0.0004003 secs] [Times: user=0.00 sys=0.00, real=0.00 secs] 
2019-01-02T11:13:05.963+0530: 853.864: [GC (Allocation Failure) 2019-01-02T11:13:05.963+0530: 853.865: [DefNew
Desired survivor size 32768 bytes, new threshold 15 (max 15)
- age   1:        248 bytes,        248 total
- age   7:         16 bytes,        264 total
- age  13:         16 bytes,        280 total
: 869K->0K(960K), 0.0006101 secs] 8431K->7634K(10176K), 0.0009345 secs] [Times: user=0.00 sys=0.00, real=0.00 secs] 
2019-01-02T11:13:05.966+0530: 853.867: [GC (Allocation Failure) 2019-01-02T11:13:05.966+0530: 853.867: [DefNew
Desired survivor size 32768 bytes, new threshold 15 (max 15)
- age   1:         40 bytes,         40 total
- age   2:        184 bytes,        224 total
- age   8:         16 bytes,        240 total
- age  14:         16 bytes,        256 total
: 896K->0K(960K), 0.0007190 secs] 8530K->7922K(10176K), 0.0013456 secs] [Times: user=0.00 sys=0.00, real=0.00 secs] 
2019-01-02T11:13:05.969+0530: 853.870: [GC (Allocation Failure) 2019-01-02T11:13:05.969+0530: 853.870: [DefNew
Desired survivor size 32768 bytes, new threshold 15 (max 15)
- age   3:        184 bytes,        184 total
- age   9:         16 bytes,        200 total
- age  15:         16 bytes,        216 total
: 896K->0K(960K), 0.0011238 secs] 8818K->8497K(10176K), 0.0012538 secs] [Times: user=0.00 sys=0.00, real=0.00 secs] 
2019-01-02T11:13:05.972+0530: 853.873: [GC (Allocation Failure) 2019-01-02T11:13:05.972+0530: 853.873: [DefNew
Desired survivor size 32768 bytes, new threshold 15 (max 15)
- age   1:         24 bytes,         24 total
- age   4:        184 bytes,        208 total
- age  10:         16 bytes,        224 total
: 462K->0K(960K), 0.0003900 secs] 8959K->8498K(10176K), 0.0005177 secs] [Times: user=0.00 sys=0.00, real=0.00 secs] 
2019-01-02T11:13:05.973+0530: 853.875: [GC (Allocation Failure) 2019-01-02T11:13:05.973+0530: 853.875: [DefNew
Desired survivor size 32768 bytes, new threshold 15 (max 15)
- age   2:         24 bytes,         24 total
- age   5:        184 bytes,        208 total
- age  11:         16 bytes,        224 total
: 498K->0K(960K), 0.0003392 secs] 8996K->8996K(10176K), 0.0004031 secs] [Times: user=0.00 sys=0.00, real=0.00 secs] 
2019-01-02T11:13:05.974+0530: 853.875: [GC (Allocation Failure) 2019-01-02T11:13:05.974+0530: 853.875: [DefNew: 516K->516K(960K), 0.0000245 secs]2019-01-02T11:13:05.974+0530: 853.876: [Tenured: 8996K->1262K(9216K), 0.0037055 secs] 9513K->1262K(10176K), [Metaspace: 2520K->2520K(1056768K)], 0.0038457 secs] [Times: user=0.00 sys=0.00, real=0.00 secs] 
2019-01-02T11:13:06.032+0530: 853.933: [GC (Allocation Failure) 2019-01-02T11:13:06.032+0530: 853.933: [DefNew
Desired survivor size 32768 bytes, new threshold 15 (max 15)
- age   1:        248 bytes,        248 total
: 869K->0K(960K), 0.0013393 secs] 2132K->1833K(10176K), 0.0015839 secs] [Times: user=0.00 sys=0.00, real=0.00 secs] 
2019-01-02T11:13:06.035+0530: 853.937: [GC (Allocation Failure) 2019-01-02T11:13:06.035+0530: 853.937: [DefNew
Desired survivor size 32768 bytes, new threshold 15 (max 15)
- age   1:         40 bytes,         40 total
- age   2:        184 bytes,        224 total
: 896K->0K(960K), 0.0003997 secs] 2729K->2121K(10176K), 0.0004949 secs] [Times: user=0.00 sys=0.00, real=0.00 secs] 
2019-01-02T11:13:06.037+0530: 853.939: [GC (Allocation Failure) 2019-01-02T11:13:06.037+0530: 853.939: [DefNew
Desired survivor size 32768 bytes, new threshold 15 (max 15)
- age   3:        184 bytes,        184 total
: 896K->0K(960K), 0.0008233 secs] 3017K->2697K(10176K), 0.0009470 secs] [Times: user=0.00 sys=0.00, real=0.00 secs] 
2019-01-02T11:13:06.039+0530: 853.941: [GC (Allocation Failure) 2019-01-02T11:13:06.039+0530: 853.941: [DefNew
Desired survivor size 32768 bytes, new threshold 15 (max 15)
- age   1:         24 bytes,         24 total
- age   4:        184 bytes,        208 total
: 462K->0K(960K), 0.0010041 secs] 3159K->2697K(10176K), 0.0012372 secs] [Times: user=0.00 sys=0.00, real=0.00 secs] 
2019-01-02T11:13:06.041+0530: 853.943: [GC (Allocation Failure) 2019-01-02T11:13:06.041+0530: 853.943: [DefNew
Desired survivor size 32768 bytes, new threshold 15 (max 15)
- age   2:         24 bytes,         24 total
- age   5:        184 bytes,        208 total
: 498K->0K(960K), 0.0011665 secs] 3196K->3196K(10176K), 0.0013581 secs] [Times: user=0.00 sys=0.00, real=0.00 secs] 
2019-01-02T11:13:06.043+0530: 853.945: [GC (Allocation Failure) 2019-01-02T11:13:06.043+0530: 853.945: [DefNew
Desired survivor size 32768 bytes, new threshold 15 (max 15)
- age   1:         24 bytes,         24 total
- age   6:         72 bytes,         96 total
: 516K->0K(960K), 0.0003415 secs] 3712K->3695K(10176K), 0.0004162 secs] [Times: user=0.00 sys=0.00, real=0.00 secs] 
2019-01-02T11:13:06.098+0530: 853.999: [GC (Allocation Failure) 2019-01-02T11:13:06.098+0530: 854.000: [DefNew
Desired survivor size 32768 bytes, new threshold 15 (max 15)
- age   1:        248 bytes,        248 total
- age   7:         16 bytes,        264 total
: 869K->0K(960K), 0.0009408 secs] 4564K->3767K(10176K), 0.0012144 secs] [Times: user=0.00 sys=0.00, real=0.00 secs] 
2019-01-02T11:13:06.102+0530: 854.004: [GC (Allocation Failure) 2019-01-02T11:13:06.102+0530: 854.004: [DefNew
Desired survivor size 32768 bytes, new threshold 15 (max 15)
- age   1:         40 bytes,         40 total
- age   2:        184 bytes,        224 total
- age   8:         16 bytes,        240 total
: 896K->0K(960K), 0.0007298 secs] 4663K->4055K(10176K), 0.0010189 secs] [Times: user=0.00 sys=0.00, real=0.00 secs] 
2019-01-02T11:13:06.105+0530: 854.006: [GC (Allocation Failure) 2019-01-02T11:13:06.105+0530: 854.006: [DefNew
Desired survivor size 32768 bytes, new threshold 15 (max 15)
- age   3:        184 bytes,        184 total
- age   9:         16 bytes,        200 total
: 896K->0K(960K), 0.0008045 secs] 4951K->4631K(10176K), 0.0009755 secs] [Times: user=0.00 sys=0.00, real=0.00 secs] 
2019-01-02T11:13:06.107+0530: 854.008: [GC (Allocation Failure) 2019-01-02T11:13:06.107+0530: 854.009: [DefNew
Desired survivor size 32768 bytes, new threshold 15 (max 15)
- age   1:         24 bytes,         24 total
- age   4:        184 bytes,        208 total
- age  10:         16 bytes,        224 total
: 462K->0K(960K), 0.0005411 secs] 5093K->4631K(10176K), 0.0006466 secs] [Times: user=0.00 sys=0.00, real=0.00 secs] 
2019-01-02T11:13:06.108+0530: 854.009: [GC (Allocation Failure) 2019-01-02T11:13:06.108+0530: 854.010: [DefNew
Desired survivor size 32768 bytes, new threshold 15 (max 15)
- age   2:         24 bytes,         24 total
- age   5:        184 bytes,        208 total
- age  11:         16 bytes,        224 total
: 498K->0K(960K), 0.0003261 secs] 5130K->5130K(10176K), 0.0003803 secs] [Times: user=0.00 sys=0.00, real=0.00 secs] 
2019-01-02T11:13:06.109+0530: 854.010: [GC (Allocation Failure) 2019-01-02T11:13:06.109+0530: 854.010: [DefNew
Desired survivor size 32768 bytes, new threshold 15 (max 15)
- age   1:         24 bytes,         24 total
- age   6:         72 bytes,         96 total
- age  12:         16 bytes,        112 total
: 516K->0K(960K), 0.0003107 secs] 5646K->5628K(10176K), 0.0003626 secs] [Times: user=0.00 sys=0.00, real=0.00 secs] 
2019-01-02T11:13:06.168+0530: 854.069: [GC (Allocation Failure) 2019-01-02T11:13:06.168+0530: 854.070: [DefNew
Desired survivor size 32768 bytes, new threshold 15 (max 15)
- age   1:        248 bytes,        248 total
- age   7:         16 bytes,        264 total
- age  13:         16 bytes,        280 total
: 869K->0K(960K), 0.0011928 secs] 6498K->5701K(10176K), 0.0014875 secs] [Times: user=0.00 sys=0.00, real=0.00 secs] 
2019-01-02T11:13:06.171+0530: 854.073: [GC (Allocation Failure) 2019-01-02T11:13:06.172+0530: 854.073: [DefNew
Desired survivor size 32768 bytes, new threshold 15 (max 15)
- age   1:         40 bytes,         40 total
- age   2:        184 bytes,        224 total
- age   8:         16 bytes,        240 total
- age  14:         16 bytes,        256 total
: 896K->0K(960K), 0.0012817 secs] 6597K->5988K(10176K), 0.0015303 secs] [Times: user=0.00 sys=0.00, real=0.00 secs] 
2019-01-02T11:13:06.174+0530: 854.076: [GC (Allocation Failure) 2019-01-02T11:13:06.174+0530: 854.076: [DefNew
Desired survivor size 32768 bytes, new threshold 15 (max 15)
- age   3:        184 bytes,        184 total
- age   9:         16 bytes,        200 total
- age  15:         16 bytes,        216 total
: 896K->0K(960K), 0.0009197 secs] 6884K->6564K(10176K), 0.0010542 secs] [Times: user=0.00 sys=0.00, real=0.00 secs] 
2019-01-02T11:13:06.176+0530: 854.078: [GC (Allocation Failure) 2019-01-02T11:13:06.177+0530: 854.078: [DefNew
Desired survivor size 32768 bytes, new threshold 15 (max 15)
- age   1:         24 bytes,         24 total
- age   4:        184 bytes,        208 total
- age  10:         16 bytes,        224 total
: 462K->0K(960K), 0.0004824 secs] 7026K->6564K(10176K), 0.0005975 secs] [Times: user=0.00 sys=0.00, real=0.00 secs] 
2019-01-02T11:13:06.177+0530: 854.079: [GC (Allocation Failure) 2019-01-02T11:13:06.177+0530: 854.079: [DefNew
Desired survivor size 32768 bytes, new threshold 15 (max 15)
- age   2:         24 bytes,         24 total
- age   5:        184 bytes,        208 total
- age  11:         16 bytes,        224 total
: 499K->0K(960K), 0.0003204 secs] 7063K->7063K(10176K), 0.0003894 secs] [Times: user=0.00 sys=0.00, real=0.00 secs] 
2019-01-02T11:13:06.178+0530: 854.080: [GC (Allocation Failure) 2019-01-02T11:13:06.178+0530: 854.080: [DefNew
Desired survivor size 32768 bytes, new threshold 15 (max 15)
- age   1:         24 bytes,         24 total
- age   6:         72 bytes,         96 total
- age  12:         16 bytes,        112 total
: 516K->0K(960K), 0.0003199 secs] 7580K->7562K(10176K), 0.0003906 secs] [Times: user=0.00 sys=0.00, real=0.00 secs] 
2019-01-02T11:13:06.233+0530: 854.135: [GC (Allocation Failure) 2019-01-02T11:13:06.233+0530: 854.135: [DefNew
Desired survivor size 32768 bytes, new threshold 15 (max 15)
- age   1:        248 bytes,        248 total
- age   7:         16 bytes,        264 total
- age  13:         16 bytes,        280 total
: 869K->0K(960K), 0.0007902 secs] 8432K->7634K(10176K), 0.0011147 secs] [Times: user=0.00 sys=0.00, real=0.00 secs] 
2019-01-02T11:13:06.236+0530: 854.138: [GC (Allocation Failure) 2019-01-02T11:13:06.236+0530: 854.138: [DefNew
Desired survivor size 32768 bytes, new threshold 15 (max 15)
- age   1:         40 bytes,         40 total
- age   2:        184 bytes,        224 total
- age   8:         16 bytes,        240 total
- age  14:         16 bytes,        256 total
: 896K->0K(960K), 0.0010497 secs] 8530K->7922K(10176K), 0.0012452 secs] [Times: user=0.02 sys=0.00, real=0.00 secs] 
2019-01-02T11:13:06.239+0530: 854.140: [GC (Allocation Failure) 2019-01-02T11:13:06.239+0530: 854.141: [DefNew
Desired survivor size 32768 bytes, new threshold 15 (max 15)
- age   3:        184 bytes,        184 total
- age   9:         16 bytes,        200 total
- age  15:         16 bytes,        216 total
: 896K->0K(960K), 0.0007270 secs] 8818K->8498K(10176K), 0.0008763 secs] [Times: user=0.00 sys=0.00, real=0.00 secs] 
2019-01-02T11:13:06.241+0530: 854.143: [GC (Allocation Failure) 2019-01-02T11:13:06.241+0530: 854.143: [DefNew
Desired survivor size 32768 bytes, new threshold 15 (max 15)
- age   1:         24 bytes,         24 total
- age   4:        184 bytes,        208 total
- age  10:         16 bytes,        224 total
: 462K->0K(960K), 0.0007349 secs] 8960K->8498K(10176K), 0.0009083 secs] [Times: user=0.00 sys=0.00, real=0.00 secs] 
2019-01-02T11:13:06.242+0530: 854.144: [GC (Allocation Failure) 2019-01-02T11:13:06.243+0530: 854.144: [DefNew
Desired survivor size 32768 bytes, new threshold 15 (max 15)
- age   2:         24 bytes,         24 total
- age   5:        184 bytes,        208 total
- age  11:         16 bytes,        224 total
: 499K->0K(960K), 0.0003278 secs] 8997K->8997K(10176K), 0.0004025 secs] [Times: user=0.00 sys=0.00, real=0.00 secs] 
2019-01-02T11:13:06.243+0530: 854.145: [GC (Allocation Failure) 2019-01-02T11:13:06.243+0530: 854.145: [DefNew: 516K->516K(960K), 0.0000279 secs]2019-01-02T11:13:06.243+0530: 854.145: [Tenured: 8997K->1262K(9216K), 0.0036473 secs] 9513K->1262K(10176K), [Metaspace: 2520K->2520K(1056768K)], 0.0038030 secs] [Times: user=0.00 sys=0.00, real=0.00 secs] 
2019-01-02T11:13:06.305+0530: 854.206: [GC (Allocation Failure) 2019-01-02T11:13:06.305+0530: 854.206: [DefNew
Desired survivor size 32768 bytes, new threshold 15 (max 15)
- age   1:        248 bytes,        248 total
: 869K->0K(960K), 0.0009841 secs] 2132K->1833K(10176K), 0.0014790 secs] [Times: user=0.00 sys=0.00, real=0.00 secs] 
2019-01-02T11:13:06.307+0530: 854.209: [GC (Allocation Failure) 2019-01-02T11:13:06.307+0530: 854.209: [DefNew
Desired survivor size 32768 bytes, new threshold 15 (max 15)
- age   1:         40 bytes,         40 total
- age   2:        184 bytes,        224 total
: 896K->0K(960K), 0.0007805 secs] 2729K->2121K(10176K), 0.0008906 secs] [Times: user=0.00 sys=0.00, real=0.00 secs] 
2019-01-02T11:13:06.310+0530: 854.211: [GC (Allocation Failure) 2019-01-02T11:13:06.310+0530: 854.212: [DefNew
Desired survivor size 32768 bytes, new threshold 15 (max 15)
- age   3:        184 bytes,        184 total
: 896K->0K(960K), 0.0006831 secs] 3017K->2697K(10176K), 0.0008695 secs] [Times: user=0.00 sys=0.00, real=0.00 secs] 
2019-01-02T11:13:06.312+0530: 854.214: [GC (Allocation Failure) 2019-01-02T11:13:06.312+0530: 854.214: [DefNew
Desired survivor size 32768 bytes, new threshold 15 (max 15)
- age   1:         24 bytes,         24 total
- age   4:        184 bytes,        208 total
: 462K->0K(960K), 0.0002680 secs] 3159K->2697K(10176K), 0.0003489 secs] [Times: user=0.00 sys=0.00, real=0.00 secs] 
2019-01-02T11:13:06.313+0530: 854.214: [GC (Allocation Failure) 2019-01-02T11:13:06.313+0530: 854.214: [DefNew
Desired survivor size 32768 bytes, new threshold 15 (max 15)
- age   2:         24 bytes,         24 total
- age   5:        184 bytes,        208 total
: 499K->0K(960K), 0.0003261 secs] 3196K->3196K(10176K), 0.0003980 secs] [Times: user=0.00 sys=0.00, real=0.00 secs] 
2019-01-02T11:13:06.313+0530: 854.215: [GC (Allocation Failure) 2019-01-02T11:13:06.314+0530: 854.215: [DefNew
Desired survivor size 32768 bytes, new threshold 15 (max 15)
- age   1:         24 bytes,         24 total
- age   6:         72 bytes,         96 total
: 516K->0K(960K), 0.0003028 secs] 3713K->3695K(10176K), 0.0003837 secs] [Times: user=0.00 sys=0.00, real=0.00 secs] 
2019-01-02T11:13:06.368+0530: 854.270: [GC (Allocation Failure) 2019-01-02T11:13:06.369+0530: 854.270: [DefNew
Desired survivor size 32768 bytes, new threshold 15 (max 15)
- age   1:        248 bytes,        248 total
- age   7:         16 bytes,        264 total
: 869K->0K(960K), 0.0008706 secs] 4565K->3767K(10176K), 0.0013798 secs] [Times: user=0.00 sys=0.00, real=0.00 secs] 
2019-01-02T11:13:06.372+0530: 854.274: [GC (Allocation Failure) 2019-01-02T11:13:06.372+0530: 854.274: [DefNew
Desired survivor size 32768 bytes, new threshold 15 (max 15)
- age   1:         40 bytes,         40 total
- age   2:        184 bytes,        224 total
- age   8:         16 bytes,        240 total
: 896K->0K(960K), 0.0007110 secs] 4663K->4055K(10176K), 0.0008530 secs] [Times: user=0.00 sys=0.00, real=0.00 secs] 
2019-01-02T11:13:06.374+0530: 854.276: [GC (Allocation Failure) 2019-01-02T11:13:06.374+0530: 854.276: [DefNew
Desired survivor size 32768 bytes, new threshold 15 (max 15)
- age   3:        184 bytes,        184 total
- age   9:         16 bytes,        200 total
: 896K->0K(960K), 0.0009721 secs] 4951K->4631K(10176K), 0.0010850 secs] [Times: user=0.00 sys=0.00, real=0.00 secs] 
2019-01-02T11:13:06.377+0530: 854.279: [GC (Allocation Failure) 2019-01-02T11:13:06.377+0530: 854.279: [DefNew
Desired survivor size 32768 bytes, new threshold 15 (max 15)
- age   1:         24 bytes,         24 total
- age   4:        184 bytes,        208 total
- age  10:         16 bytes,        224 total
: 462K->0K(960K), 0.0003056 secs] 5093K->4631K(10176K), 0.0004795 secs] [Times: user=0.00 sys=0.00, real=0.00 secs] 
2019-01-02T11:13:06.378+0530: 854.280: [GC (Allocation Failure) 2019-01-02T11:13:06.379+0530: 854.280: [DefNew
Desired survivor size 32768 bytes, new threshold 15 (max 15)
- age   2:         24 bytes,         24 total
- age   5:        184 bytes,        208 total
- age  11:         16 bytes,        224 total
: 499K->0K(960K), 0.0006705 secs] 5130K->5130K(10176K), 0.0008324 secs] [Times: user=0.00 sys=0.00, real=0.00 secs] 
2019-01-02T11:13:06.380+0530: 854.281: [GC (Allocation Failure) 2019-01-02T11:13:06.380+0530: 854.281: [DefNew
Desired survivor size 32768 bytes, new threshold 15 (max 15)
- age   1:         24 bytes,         24 total
- age   6:         72 bytes,         96 total
- age  12:         16 bytes,        112 total
: 516K->0K(960K), 0.0003210 secs] 5647K->5629K(10176K), 0.0003940 secs] [Times: user=0.00 sys=0.00, real=0.00 secs] 
2019-01-02T11:13:06.434+0530: 854.336: [GC (Allocation Failure) 2019-01-02T11:13:06.435+0530: 854.336: [DefNew
Desired survivor size 32768 bytes, new threshold 15 (max 15)
- age   1:        248 bytes,        248 total
- age   7:         16 bytes,        264 total
- age  13:         16 bytes,        280 total
: 870K->0K(960K), 0.0006842 secs] 6499K->5701K(10176K), 0.0009710 secs] [Times: user=0.00 sys=0.00, real=0.00 secs] 
2019-01-02T11:13:06.438+0530: 854.339: [GC (Allocation Failure) 2019-01-02T11:13:06.438+0530: 854.340: [DefNew
Desired survivor size 32768 bytes, new threshold 15 (max 15)
- age   1:         40 bytes,         40 total
- age   2:        184 bytes,        224 total
- age   8:         16 bytes,        240 total
- age  14:         16 bytes,        256 total
: 896K->0K(960K), 0.0004407 secs] 6597K->5989K(10176K), 0.0005975 secs] [Times: user=0.00 sys=0.00, real=0.00 secs] 
2019-01-02T11:13:06.440+0530: 854.341: [GC (Allocation Failure) 2019-01-02T11:13:06.440+0530: 854.342: [DefNew
Desired survivor size 32768 bytes, new threshold 15 (max 15)
- age   3:        184 bytes,        184 total
- age   9:         16 bytes,        200 total
- age  15:         16 bytes,        216 total
: 896K->0K(960K), 0.0007931 secs] 6885K->6565K(10176K), 0.0009636 secs] [Times: user=0.00 sys=0.00, real=0.00 secs] 
2019-01-02T11:13:06.442+0530: 854.344: [GC (Allocation Failure) 2019-01-02T11:13:06.442+0530: 854.344: [DefNew
Desired survivor size 32768 bytes, new threshold 15 (max 15)
- age   1:         24 bytes,         24 total
- age   4:        184 bytes,        208 total
- age  10:         16 bytes,        224 total
: 462K->0K(960K), 0.0006545 secs] 7027K->6565K(10176K), 0.0007948 secs] [Times: user=0.00 sys=0.00, real=0.00 secs] 
2019-01-02T11:13:06.444+0530: 854.346: [GC (Allocation Failure) 2019-01-02T11:13:06.444+0530: 854.346: [DefNew
Desired survivor size 32768 bytes, new threshold 15 (max 15)
- age   2:         24 bytes,         24 total
- age   5:        184 bytes,        208 total
- age  11:         16 bytes,        224 total
: 499K->0K(960K), 0.0007452 secs] 7064K->7064K(10176K), 0.0008547 secs] [Times: user=0.00 sys=0.00, real=0.00 secs] 
2019-01-02T11:13:06.445+0530: 854.347: [GC (Allocation Failure) 2019-01-02T11:13:06.445+0530: 854.347: [DefNew
Desired survivor size 32768 bytes, new threshold 15 (max 15)
- age   1:         24 bytes,         24 total
- age   6:         72 bytes,         96 total
- age  12:         16 bytes,        112 total
: 516K->0K(960K), 0.0003307 secs] 7580K->7563K(10176K), 0.0004065 secs] [Times: user=0.00 sys=0.00, real=0.00 secs] 
2019-01-02T11:13:06.501+0530: 854.403: [GC (Allocation Failure) 2019-01-02T11:13:06.502+0530: 854.403: [DefNew
Desired survivor size 32768 bytes, new threshold 15 (max 15)
- age   1:        248 bytes,        248 total
- age   7:         16 bytes,        264 total
- age  13:         16 bytes,        280 total
: 870K->0K(960K), 0.0007401 secs] 8433K->7635K(10176K), 0.0009932 secs] [Times: user=0.00 sys=0.02, real=0.00 secs] 
2019-01-02T11:13:06.505+0530: 854.406: [GC (Allocation Failure) 2019-01-02T11:13:06.505+0530: 854.406: [DefNew
Desired survivor size 32768 bytes, new threshold 15 (max 15)
- age   1:         40 bytes,         40 total
- age   2:        184 bytes,        224 total
- age   8:         16 bytes,        240 total
- age  14:         16 bytes,        256 total
: 896K->0K(960K), 0.0004413 secs] 8531K->7923K(10176K), 0.0006568 secs] [Times: user=0.00 sys=0.00, real=0.00 secs] 
2019-01-02T11:13:06.506+0530: 854.408: [GC (Allocation Failure) 2019-01-02T11:13:06.507+0530: 854.408: [DefNew
Desired survivor size 32768 bytes, new threshold 15 (max 15)
- age   3:        184 bytes,        184 total
- age   9:         16 bytes,        200 total
- age  15:         16 bytes,        216 total
: 896K->0K(960K), 0.0008421 secs] 8819K->8499K(10176K), 0.0009624 secs] [Times: user=0.00 sys=0.00, real=0.00 secs] 
2019-01-02T11:13:06.509+0530: 854.410: [GC (Allocation Failure) 2019-01-02T11:13:06.509+0530: 854.410: [DefNew
Desired survivor size 32768 bytes, new threshold 15 (max 15)
- age   1:         24 bytes,         24 total
- age   4:        184 bytes,        208 total
- age  10:         16 bytes,        224 total
: 462K->0K(960K), 0.0007252 secs] 8961K->8499K(10176K), 0.0009419 secs] [Times: user=0.00 sys=0.00, real=0.00 secs] 
2019-01-02T11:13:06.510+0530: 854.412: [GC (Allocation Failure) 2019-01-02T11:13:06.510+0530: 854.412: [DefNew
Desired survivor size 32768 bytes, new threshold 15 (max 15)
- age   2:         24 bytes,         24 total
- age   5:        184 bytes,        208 total
- age  11:         16 bytes,        224 total
: 499K->0K(960K), 0.0003512 secs] 8998K->8998K(10176K), 0.0004202 secs] [Times: user=0.00 sys=0.00, real=0.00 secs] 
2019-01-02T11:13:06.511+0530: 854.413: [GC (Allocation Failure) 2019-01-02T11:13:06.511+0530: 854.413: [DefNew: 516K->516K(960K), 0.0000251 secs]2019-01-02T11:13:06.511+0530: 854.413: [Tenured: 8998K->1262K(9216K), 0.0036775 secs] 9514K->1262K(10176K), [Metaspace: 2520K->2520K(1056768K)], 0.0038092 secs] [Times: user=0.00 sys=0.00, real=0.00 secs] 
2019-01-02T11:13:06.570+0530: 854.471: [GC (Allocation Failure) 2019-01-02T11:13:06.571+0530: 854.472: [DefNew
Desired survivor size 32768 bytes, new threshold 15 (max 15)
- age   1:        248 bytes,        248 total
: 869K->0K(960K), 0.0011620 secs] 2132K->1834K(10176K), 0.0019870 secs] [Times: user=0.00 sys=0.00, real=0.00 secs] 
2019-01-02T11:13:06.574+0530: 854.476: [GC (Allocation Failure) 2019-01-02T11:13:06.574+0530: 854.476: [DefNew
Desired survivor size 32768 bytes, new threshold 15 (max 15)
- age   1:         40 bytes,         40 total
- age   2:        184 bytes,        224 total
: 896K->0K(960K), 0.0007041 secs] 2730K->2122K(10176K), 0.0008165 secs] [Times: user=0.00 sys=0.00, real=0.00 secs] 
2019-01-02T11:13:06.576+0530: 854.478: [GC (Allocation Failure) 2019-01-02T11:13:06.576+0530: 854.478: [DefNew
Desired survivor size 32768 bytes, new threshold 15 (max 15)
- age   3:        184 bytes,        184 total
: 896K->0K(960K), 0.0010901 secs] 3018K->2698K(10176K), 0.0012401 secs] [Times: user=0.00 sys=0.00, real=0.00 secs] 
2019-01-02T11:13:06.579+0530: 854.481: [GC (Allocation Failure) 2019-01-02T11:13:06.579+0530: 854.481: [DefNew
Desired survivor size 32768 bytes, new threshold 15 (max 15)
- age   1:         24 bytes,         24 total
- age   4:        184 bytes,        208 total
: 462K->0K(960K), 0.0007703 secs] 3160K->2698K(10176K), 0.0008894 secs] [Times: user=0.02 sys=0.00, real=0.00 secs] 
2019-01-02T11:13:06.580+0530: 854.482: [GC (Allocation Failure) 2019-01-02T11:13:06.580+0530: 854.482: [DefNew
Desired survivor size 32768 bytes, new threshold 15 (max 15)
- age   2:         24 bytes,         24 total
- age   5:        184 bytes,        208 total
: 499K->0K(960K), 0.0003586 secs] 3197K->3197K(10176K), 0.0004390 secs] [Times: user=0.00 sys=0.00, real=0.00 secs] 
2019-01-02T11:13:06.581+0530: 854.483: [GC (Allocation Failure) 2019-01-02T11:13:06.581+0530: 854.483: [DefNew
Desired survivor size 32768 bytes, new threshold 15 (max 15)
- age   1:         24 bytes,         24 total
- age   6:         72 bytes,         96 total
: 516K->0K(960K), 0.0003261 secs] 3713K->3695K(10176K), 0.0004020 secs] [Times: user=0.00 sys=0.00, real=0.00 secs] 
2019-01-02T11:13:06.638+0530: 854.540: [GC (Allocation Failure) 2019-01-02T11:13:06.638+0530: 854.540: [DefNew
Desired survivor size 32768 bytes, new threshold 15 (max 15)
- age   1:        248 bytes,        248 total
- age   7:         16 bytes,        264 total
: 870K->0K(960K), 0.0012629 secs] 4565K->3768K(10176K), 0.0015497 secs] [Times: user=0.00 sys=0.00, real=0.00 secs] 
2019-01-02T11:13:06.641+0530: 854.543: [GC (Allocation Failure) 2019-01-02T11:13:06.641+0530: 854.543: [DefNew
Desired survivor size 32768 bytes, new threshold 15 (max 15)
- age   1:         40 bytes,         40 total
- age   2:        184 bytes,        224 total
- age   8:         16 bytes,        240 total
: 896K->0K(960K), 0.0007589 secs] 4664K->4056K(10176K), 0.0008775 secs] [Times: user=0.02 sys=0.00, real=0.00 secs] 
2019-01-02T11:13:06.643+0530: 854.545: [GC (Allocation Failure) 2019-01-02T11:13:06.644+0530: 854.545: [DefNew
Desired survivor size 32768 bytes, new threshold 15 (max 15)
- age   3:        184 bytes,        184 total
- age   9:         16 bytes,        200 total
: 896K->0K(960K), 0.0011837 secs] 4952K->4632K(10176K), 0.0013661 secs] [Times: user=0.00 sys=0.00, real=0.00 secs] 
2019-01-02T11:13:06.646+0530: 854.548: [GC (Allocation Failure) 2019-01-02T11:13:06.646+0530: 854.548: [DefNew
Desired survivor size 32768 bytes, new threshold 15 (max 15)
- age   1:         24 bytes,         24 total
- age   4:        184 bytes,        208 total
- age  10:         16 bytes,        224 total
: 462K->0K(960K), 0.0003216 secs] 5094K->4632K(10176K), 0.0004105 secs] [Times: user=0.00 sys=0.00, real=0.00 secs] 
2019-01-02T11:13:06.647+0530: 854.549: [GC (Allocation Failure) 2019-01-02T11:13:06.647+0530: 854.549: [DefNew
Desired survivor size 32768 bytes, new threshold 15 (max 15)
- age   2:         24 bytes,         24 total
- age   5:        184 bytes,        208 total
- age  11:         16 bytes,        224 total
: 499K->0K(960K), 0.0003495 secs] 5131K->5131K(10176K), 0.0004082 secs] [Times: user=0.00 sys=0.00, real=0.00 secs] 
2019-01-02T11:13:06.648+0530: 854.550: [GC (Allocation Failure) 2019-01-02T11:13:06.648+0530: 854.550: [DefNew
Desired survivor size 32768 bytes, new threshold 15 (max 15)
- age   1:         24 bytes,         24 total
- age   6:         72 bytes,         96 total
- age  12:         16 bytes,        112 total
: 516K->0K(960K), 0.0003324 secs] 5647K->5629K(10176K), 0.0003883 secs] [Times: user=0.00 sys=0.00, real=0.00 secs] 
2019-01-02T11:13:06.712+0530: 854.613: [GC (Allocation Failure) 2019-01-02T11:13:06.712+0530: 854.614: [DefNew
Desired survivor size 32768 bytes, new threshold 15 (max 15)
- age   1:        248 bytes,        248 total
- age   7:         16 bytes,        264 total
- age  13:         16 bytes,        280 total
: 870K->0K(960K), 0.0010348 secs] 6499K->5702K(10176K), 0.0013826 secs] [Times: user=0.00 sys=0.00, real=0.00 secs] 
2019-01-02T11:13:06.715+0530: 854.616: [GC (Allocation Failure) 2019-01-02T11:13:06.715+0530: 854.616: [DefNew
Desired survivor size 32768 bytes, new threshold 15 (max 15)
- age   1:         40 bytes,         40 total
- age   2:        184 bytes,        224 total
- age   8:         16 bytes,        240 total
- age  14:         16 bytes,        256 total
: 896K->0K(960K), 0.0009396 secs] 6598K->5990K(10176K), 0.0011027 secs] [Times: user=0.00 sys=0.00, real=0.00 secs] 
2019-01-02T11:13:06.717+0530: 854.619: [GC (Allocation Failure) 2019-01-02T11:13:06.717+0530: 854.619: [DefNew
Desired survivor size 32768 bytes, new threshold 15 (max 15)
- age   3:        184 bytes,        184 total
- age   9:         16 bytes,        200 total
- age  15:         16 bytes,        216 total
: 896K->0K(960K), 0.0009670 secs] 6886K->6566K(10176K), 0.0011569 secs] [Times: user=0.00 sys=0.00, real=0.00 secs] 
2019-01-02T11:13:06.720+0530: 854.621: [GC (Allocation Failure) 2019-01-02T11:13:06.720+0530: 854.621: [DefNew
Desired survivor size 32768 bytes, new threshold 15 (max 15)
- age   1:         24 bytes,         24 total
- age   4:        184 bytes,        208 total
- age  10:         16 bytes,        224 total
: 462K->0K(960K), 0.0003455 secs] 7028K->6566K(10176K), 0.0004464 secs] [Times: user=0.02 sys=0.00, real=0.00 secs] 
2019-01-02T11:13:06.721+0530: 854.622: [GC (Allocation Failure) 2019-01-02T11:13:06.721+0530: 854.622: [DefNew
Desired survivor size 32768 bytes, new threshold 15 (max 15)
- age   2:         24 bytes,         24 total
- age   5:        184 bytes,        208 total
- age  11:         16 bytes,        224 total
: 499K->0K(960K), 0.0003923 secs] 7065K->7065K(10176K), 0.0004687 secs] [Times: user=0.00 sys=0.00, real=0.00 secs] 
2019-01-02T11:13:06.721+0530: 854.623: [GC (Allocation Failure) 2019-01-02T11:13:06.721+0530: 854.623: [DefNew
Desired survivor size 32768 bytes, new threshold 15 (max 15)
- age   1:         24 bytes,         24 total
- age   6:         72 bytes,         96 total
- age  12:         16 bytes,        112 total
: 516K->0K(960K), 0.0004778 secs] 7581K->7563K(10176K), 0.0005878 secs] [Times: user=0.00 sys=0.00, real=0.00 secs] 
2019-01-02T11:13:06.778+0530: 854.680: [GC (Allocation Failure) 2019-01-02T11:13:06.778+0530: 854.680: [DefNew
Desired survivor size 32768 bytes, new threshold 15 (max 15)
- age   1:        248 bytes,        248 total
- age   7:         16 bytes,        264 total
- age  13:         16 bytes,        280 total
: 870K->0K(960K), 0.0011067 secs] 8433K->7636K(10176K), 0.0014425 secs] [Times: user=0.00 sys=0.00, real=0.00 secs] 
2019-01-02T11:13:06.781+0530: 854.683: [GC (Allocation Failure) 2019-01-02T11:13:06.781+0530: 854.683: [DefNew
Desired survivor size 32768 bytes, new threshold 15 (max 15)
- age   1:         40 bytes,         40 total
- age   2:        184 bytes,        224 total
- age   8:         16 bytes,        240 total
- age  14:         16 bytes,        256 total
: 896K->0K(960K), 0.0008245 secs] 8532K->7924K(10176K), 0.0010417 secs] [Times: user=0.01 sys=0.00, real=0.00 secs] 
2019-01-02T11:13:06.784+0530: 854.685: [GC (Allocation Failure) 2019-01-02T11:13:06.784+0530: 854.685: [DefNew
Desired survivor size 32768 bytes, new threshold 15 (max 15)
- age   3:        184 bytes,        184 total
- age   9:         16 bytes,        200 total
- age  15:         16 bytes,        216 total
: 896K->0K(960K), 0.0010668 secs] 8820K->8500K(10176K), 0.0011871 secs] [Times: user=0.00 sys=0.00, real=0.00 secs] 
2019-01-02T11:13:06.786+0530: 854.688: [GC (Allocation Failure) 2019-01-02T11:13:06.786+0530: 854.688: [DefNew
Desired survivor size 32768 bytes, new threshold 15 (max 15)
- age   1:         24 bytes,         24 total
- age   4:        184 bytes,        208 total
- age  10:         16 bytes,        224 total
: 462K->0K(960K), 0.0003250 secs] 8962K->8500K(10176K), 0.0004379 secs] [Times: user=0.00 sys=0.00, real=0.00 secs] 
2019-01-02T11:13:06.787+0530: 854.689: [GC (Allocation Failure) 2019-01-02T11:13:06.787+0530: 854.689: [DefNew
Desired survivor size 32768 bytes, new threshold 15 (max 15)
- age   2:         24 bytes,         24 total
- age   5:        184 bytes,        208 total
- age  11:         16 bytes,        224 total
: 499K->0K(960K), 0.0003290 secs] 8999K->8999K(10176K), 0.0003814 secs] [Times: user=0.00 sys=0.00, real=0.00 secs] 
2019-01-02T11:13:06.788+0530: 854.689: [GC (Allocation Failure) 2019-01-02T11:13:06.788+0530: 854.689: [DefNew: 516K->516K(960K), 0.0000234 secs]2019-01-02T11:13:06.788+0530: 854.689: [Tenured: 8998K->1263K(9216K), 0.0054445 secs] 9515K->1263K(10176K), [Metaspace: 2520K->2520K(1056768K)], 0.0055705 secs] [Times: user=0.00 sys=0.00, real=0.00 secs] 
2019-01-02T11:13:06.844+0530: 854.746: [GC (Allocation Failure) 2019-01-02T11:13:06.844+0530: 854.746: [DefNew
Desired survivor size 32768 bytes, new threshold 15 (max 15)
- age   1:        248 bytes,        248 total
: 870K->0K(960K), 0.0009955 secs] 2133K->1834K(10176K), 0.0011415 secs] [Times: user=0.02 sys=0.00, real=0.00 secs] 
2019-01-02T11:13:06.847+0530: 854.749: [GC (Allocation Failure) 2019-01-02T11:13:06.847+0530: 854.749: [DefNew
Desired survivor size 32768 bytes, new threshold 15 (max 15)
- age   1:         40 bytes,         40 total
- age   2:        184 bytes,        224 total
: 896K->0K(960K), 0.0010696 secs] 2730K->2122K(10176K), 0.0012715 secs] [Times: user=0.00 sys=0.00, real=0.00 secs] 
2019-01-02T11:13:06.850+0530: 854.752: [GC (Allocation Failure) 2019-01-02T11:13:06.850+0530: 854.752: [DefNew
Desired survivor size 32768 bytes, new threshold 15 (max 15)
- age   3:        184 bytes,        184 total
: 896K->0K(960K), 0.0010884 secs] 3018K->2698K(10176K), 0.0012857 secs] [Times: user=0.00 sys=0.00, real=0.00 secs] 
2019-01-02T11:13:06.852+0530: 854.754: [GC (Allocation Failure) 2019-01-02T11:13:06.852+0530: 854.754: [DefNew
Desired survivor size 32768 bytes, new threshold 15 (max 15)
- age   1:         24 bytes,         24 total
- age   4:        184 bytes,        208 total
: 462K->0K(960K), 0.0002611 secs] 3160K->2698K(10176K), 0.0003364 secs] [Times: user=0.00 sys=0.00, real=0.00 secs] 
2019-01-02T11:13:06.853+0530: 854.755: [GC (Allocation Failure) 2019-01-02T11:13:06.853+0530: 854.755: [DefNew
Desired survivor size 32768 bytes, new threshold 15 (max 15)
- age   2:         24 bytes,         24 total
- age   5:        184 bytes,        208 total
: 499K->0K(960K), 0.0003307 secs] 3197K->3197K(10176K), 0.0004082 secs] [Times: user=0.00 sys=0.00, real=0.00 secs] 
2019-01-02T11:13:06.854+0530: 854.756: [GC (Allocation Failure) 2019-01-02T11:13:06.854+0530: 854.756: [DefNew
Desired survivor size 32768 bytes, new threshold 15 (max 15)
- age   1:         24 bytes,         24 total
- age   6:         72 bytes,         96 total
: 516K->0K(960K), 0.0003324 secs] 3714K->3696K(10176K), 0.0004042 secs] [Times: user=0.00 sys=0.00, real=0.00 secs] 
2019-01-02T11:13:06.910+0530: 854.811: [GC (Allocation Failure) 2019-01-02T11:13:06.910+0530: 854.811: [DefNew
Desired survivor size 32768 bytes, new threshold 15 (max 15)
- age   1:        248 bytes,        248 total
- age   7:         16 bytes,        264 total
: 870K->0K(960K), 0.0005833 secs] 4566K->3768K(10176K), 0.0007270 secs] [Times: user=0.00 sys=0.00, real=0.00 secs] 
2019-01-02T11:13:06.912+0530: 854.814: [GC (Allocation Failure) 2019-01-02T11:13:06.912+0530: 854.814: [DefNew
Desired survivor size 32768 bytes, new threshold 15 (max 15)
- age   1:         40 bytes,         40 total
- age   2:        184 bytes,        224 total
- age   8:         16 bytes,        240 total
: 896K->0K(960K), 0.0009875 secs] 4664K->4056K(10176K), 0.0011848 secs] [Times: user=0.00 sys=0.00, real=0.00 secs] 
2019-01-02T11:13:06.915+0530: 854.817: [GC (Allocation Failure) 2019-01-02T11:13:06.915+0530: 854.817: [DefNew
Desired survivor size 32768 bytes, new threshold 15 (max 15)
- age   3:        184 bytes,        184 total
- age   9:         16 bytes,        200 total
: 896K->0K(960K), 0.0011261 secs] 4952K->4632K(10176K), 0.0012777 secs] [Times: user=0.00 sys=0.00, real=0.00 secs] 
2019-01-02T11:13:06.918+0530: 854.819: [GC (Allocation Failure) 2019-01-02T11:13:06.918+0530: 854.819: [DefNew
Desired survivor size 32768 bytes, new threshold 15 (max 15)
- age   1:         24 bytes,         24 total
- age   4:        184 bytes,        208 total
- age  10:         16 bytes,        224 total
: 462K->0K(960K), 0.0002993 secs] 5094K->4632K(10176K), 0.0003900 secs] [Times: user=0.00 sys=0.00, real=0.00 secs] 
2019-01-02T11:13:06.918+0530: 854.820: [GC (Allocation Failure) 2019-01-02T11:13:06.918+0530: 854.820: [DefNew
Desired survivor size 32768 bytes, new threshold 15 (max 15)
- age   2:         24 bytes,         24 total
- age   5:        184 bytes,        208 total
- age  11:         16 bytes,        224 total
: 499K->0K(960K), 0.0003518 secs] 5131K->5131K(10176K), 0.0004270 secs] [Times: user=0.00 sys=0.00, real=0.00 secs] 
2019-01-02T11:13:06.919+0530: 854.821: [GC (Allocation Failure) 2019-01-02T11:13:06.919+0530: 854.821: [DefNew
Desired survivor size 32768 bytes, new threshold 15 (max 15)
- age   1:         24 bytes,         24 total
- age   6:         72 bytes,         96 total
- age  12:         16 bytes,        112 total
: 516K->0K(960K), 0.0003313 secs] 5648K->5630K(10176K), 0.0004111 secs] [Times: user=0.00 sys=0.00, real=0.00 secs] 
2019-01-02T11:13:06.974+0530: 854.875: [GC (Allocation Failure) 2019-01-02T11:13:06.974+0530: 854.876: [DefNew
Desired survivor size 32768 bytes, new threshold 15 (max 15)
- age   1:        248 bytes,        248 total
- age   7:         16 bytes,        264 total
- age  13:         16 bytes,        280 total
: 870K->0K(960K), 0.0006431 secs] 6500K->5702K(10176K), 0.0009202 secs] [Times: user=0.00 sys=0.00, real=0.00 secs] 
2019-01-02T11:13:06.977+0530: 854.879: [GC (Allocation Failure) 2019-01-02T11:13:06.977+0530: 854.879: [DefNew
Desired survivor size 32768 bytes, new threshold 15 (max 15)
- age   1:         40 bytes,         40 total
- age   2:        184 bytes,        224 total
- age   8:         16 bytes,        240 total
- age  14:         16 bytes,        256 total
: 896K->0K(960K), 0.0005799 secs] 6598K->5990K(10176K), 0.0007406 secs] [Times: user=0.00 sys=0.00, real=0.00 secs] 
2019-01-02T11:13:06.979+0530: 854.881: [GC (Allocation Failure) 2019-01-02T11:13:06.979+0530: 854.881: [DefNew
Desired survivor size 32768 bytes, new threshold 15 (max 15)
- age   3:        184 bytes,        184 total
- age   9:         16 bytes,        200 total
- age  15:         16 bytes,        216 total
: 896K->0K(960K), 0.0010793 secs] 6886K->6566K(10176K), 0.0011968 secs] [Times: user=0.00 sys=0.00, real=0.00 secs] 
2019-01-02T11:13:06.982+0530: 854.884: [GC (Allocation Failure) 2019-01-02T11:13:06.982+0530: 854.884: [DefNew
Desired survivor size 32768 bytes, new threshold 15 (max 15)
- age   1:         24 bytes,         24 total
- age   4:        184 bytes,        208 total
- age  10:         16 bytes,        224 total
: 462K->0K(960K), 0.0003039 secs] 7028K->6566K(10176K), 0.0003946 secs] [Times: user=0.00 sys=0.00, real=0.00 secs] 
2019-01-02T11:13:06.983+0530: 854.885: [GC (Allocation Failure) 2019-01-02T11:13:06.983+0530: 854.885: [DefNew
Desired survivor size 32768 bytes, new threshold 15 (max 15)
- age   2:         24 bytes,         24 total
- age   5:        184 bytes,        208 total
- age  11:         16 bytes,        224 total
: 499K->0K(960K), 0.0003432 secs] 7065K->7065K(10176K), 0.0004174 secs] [Times: user=0.00 sys=0.00, real=0.00 secs] 
2019-01-02T11:13:06.984+0530: 854.885: [GC (Allocation Failure) 2019-01-02T11:13:06.984+0530: 854.885: [DefNew
Desired survivor size 32768 bytes, new threshold 15 (max 15)
- age   1:         24 bytes,         24 total
- age   6:         72 bytes,         96 total
- age  12:         16 bytes,        112 total
: 516K->0K(960K), 0.0003307 secs] 7582K->7564K(10176K), 0.0004025 secs] [Times: user=0.00 sys=0.00, real=0.00 secs] 
2019-01-02T11:13:07.041+0530: 854.943: [GC (Allocation Failure) 2019-01-02T11:13:07.041+0530: 854.943: [DefNew
Desired survivor size 32768 bytes, new threshold 15 (max 15)
- age   1:        248 bytes,        248 total
- age   7:         16 bytes,        264 total
- age  13:         16 bytes,        280 total
: 870K->0K(960K), 0.0008364 secs] 8434K->7636K(10176K), 0.0012087 secs] [Times: user=0.00 sys=0.00, real=0.00 secs] 
2019-01-02T11:13:07.044+0530: 854.945: [GC (Allocation Failure) 2019-01-02T11:13:07.044+0530: 854.945: [DefNew
Desired survivor size 32768 bytes, new threshold 15 (max 15)
- age   1:         40 bytes,         40 total
- age   2:        184 bytes,        224 total
- age   8:         16 bytes,        240 total
- age  14:         16 bytes,        256 total
: 896K->0K(960K), 0.0006295 secs] 8532K->7924K(10176K), 0.0007674 secs] [Times: user=0.00 sys=0.00, real=0.00 secs] 
2019-01-02T11:13:07.046+0530: 854.947: [GC (Allocation Failure) 2019-01-02T11:13:07.046+0530: 854.948: [DefNew
Desired survivor size 32768 bytes, new threshold 15 (max 15)
- age   3:        184 bytes,        184 total
- age   9:         16 bytes,        200 total
- age  15:         16 bytes,        216 total
: 896K->0K(960K), 0.0013541 secs] 8820K->8500K(10176K), 0.0015902 secs] [Times: user=0.00 sys=0.00, real=0.00 secs] 
2019-01-02T11:13:07.049+0530: 854.951: [GC (Allocation Failure) 2019-01-02T11:13:07.049+0530: 854.951: [DefNew
Desired survivor size 32768 bytes, new threshold 15 (max 15)
- age   1:         24 bytes,         24 total
- age   4:        184 bytes,        208 total
- age  10:         16 bytes,        224 total
: 462K->0K(960K), 0.0003210 secs] 8962K->8500K(10176K), 0.0005411 secs] [Times: user=0.00 sys=0.00, real=0.00 secs] 
2019-01-02T11:13:07.050+0530: 854.952: [GC (Allocation Failure) 2019-01-02T11:13:07.050+0530: 854.952: [DefNew
Desired survivor size 32768 bytes, new threshold 15 (max 15)
- age   2:         24 bytes,         24 total
- age   5:        184 bytes,        208 total
- age  11:         16 bytes,        224 total
: 499K->0K(960K), 0.0003472 secs] 8999K->8999K(10176K), 0.0004248 secs] [Times: user=0.00 sys=0.00, real=0.00 secs] 
2019-01-02T11:13:07.051+0530: 854.952: [GC (Allocation Failure) 2019-01-02T11:13:07.051+0530: 854.952: [DefNew: 516K->516K(960K), 0.0000285 secs]2019-01-02T11:13:07.051+0530: 854.952: [Tenured: 8999K->1263K(9216K), 0.0037203 secs] 9516K->1263K(10176K), [Metaspace: 2520K->2520K(1056768K)], 0.0038697 secs] [Times: user=0.00 sys=0.00, real=0.00 secs] 
2019-01-02T11:13:07.111+0530: 855.013: [GC (Allocation Failure) 2019-01-02T11:13:07.111+0530: 855.013: [DefNew
Desired survivor size 32768 bytes, new threshold 15 (max 15)
- age   1:        248 bytes,        248 total
: 870K->0K(960K), 0.0009773 secs] 2133K->1834K(10176K), 0.0012578 secs] [Times: user=0.00 sys=0.00, real=0.00 secs] 
2019-01-02T11:13:07.114+0530: 855.016: [GC (Allocation Failure) 2019-01-02T11:13:07.115+0530: 855.016: [DefNew
Desired survivor size 32768 bytes, new threshold 15 (max 15)
- age   1:         40 bytes,         40 total
- age   2:        184 bytes,        224 total
: 896K->0K(960K), 0.0006517 secs] 2730K->2122K(10176K), 0.0009248 secs] [Times: user=0.00 sys=0.00, real=0.00 secs] 
2019-01-02T11:13:07.117+0530: 855.019: [GC (Allocation Failure) 2019-01-02T11:13:07.117+0530: 855.019: [DefNew
Desired survivor size 32768 bytes, new threshold 15 (max 15)
- age   3:        184 bytes,        184 total
: 896K->0K(960K), 0.0012709 secs] 3018K->2698K(10176K), 0.0014459 secs] [Times: user=0.00 sys=0.00, real=0.00 secs] 
2019-01-02T11:13:07.120+0530: 855.021: [GC (Allocation Failure) 2019-01-02T11:13:07.120+0530: 855.021: [DefNew
Desired survivor size 32768 bytes, new threshold 15 (max 15)
- age   1:         24 bytes,         24 total
- age   4:        184 bytes,        208 total
: 462K->0K(960K), 0.0002549 secs] 3160K->2698K(10176K), 0.0003301 secs] [Times: user=0.00 sys=0.00, real=0.00 secs] 
2019-01-02T11:13:07.120+0530: 855.022: [GC (Allocation Failure) 2019-01-02T11:13:07.120+0530: 855.022: [DefNew
Desired survivor size 32768 bytes, new threshold 15 (max 15)
- age   2:         24 bytes,         24 total
- age   5:        184 bytes,        208 total
: 499K->0K(960K), 0.0003484 secs] 3197K->3197K(10176K), 0.0004208 secs] [Times: user=0.00 sys=0.00, real=0.00 secs] 
2019-01-02T11:13:07.121+0530: 855.023: [GC (Allocation Failure) 2019-01-02T11:13:07.121+0530: 855.023: [DefNew
Desired survivor size 32768 bytes, new threshold 15 (max 15)
- age   1:         24 bytes,         24 total
- age   6:         72 bytes,         96 total
: 516K->0K(960K), 0.0003233 secs] 3714K->3696K(10176K), 0.0003946 secs] [Times: user=0.00 sys=0.00, real=0.00 secs] 
2019-01-02T11:13:07.181+0530: 855.083: [GC (Allocation Failure) 2019-01-02T11:13:07.181+0530: 855.083: [DefNew
Desired survivor size 32768 bytes, new threshold 15 (max 15)
- age   1:        248 bytes,        248 total
- age   7:         16 bytes,        264 total
: 870K->0K(960K), 0.0008792 secs] 4566K->3768K(10176K), 0.0011369 secs] [Times: user=0.00 sys=0.00, real=0.00 secs] 
2019-01-02T11:13:07.184+0530: 855.086: [GC (Allocation Failure) 2019-01-02T11:13:07.184+0530: 855.086: [DefNew
Desired survivor size 32768 bytes, new threshold 15 (max 15)
- age   1:         40 bytes,         40 total
- age   2:        184 bytes,        224 total
- age   8:         16 bytes,        240 total
: 896K->0K(960K), 0.0009105 secs] 4664K->4056K(10176K), 0.0012173 secs] [Times: user=0.00 sys=0.00, real=0.00 secs] 
2019-01-02T11:13:07.187+0530: 855.089: [GC (Allocation Failure) 2019-01-02T11:13:07.187+0530: 855.089: [DefNew
Desired survivor size 32768 bytes, new threshold 15 (max 15)
- age   3:        184 bytes,        184 total
- age   9:         16 bytes,        200 total
: 896K->0K(960K), 0.0012116 secs] 4952K->4632K(10176K), 0.0013895 secs] [Times: user=0.02 sys=0.00, real=0.00 secs] 
2019-01-02T11:13:07.190+0530: 855.091: [GC (Allocation Failure) 2019-01-02T11:13:07.190+0530: 855.091: [DefNew
Desired survivor size 32768 bytes, new threshold 15 (max 15)
- age   1:         24 bytes,         24 total
- age   4:        184 bytes,        208 total
- age  10:         16 bytes,        224 total
: 462K->0K(960K), 0.0002543 secs] 5094K->4632K(10176K), 0.0003256 secs] [Times: user=0.00 sys=0.00, real=0.00 secs] 
2019-01-02T11:13:07.191+0530: 855.092: [GC (Allocation Failure) 2019-01-02T11:13:07.191+0530: 855.093: [DefNew
Desired survivor size 32768 bytes, new threshold 15 (max 15)
- age   2:         24 bytes,         24 total
- age   5:        184 bytes,        208 total
- age  11:         16 bytes,        224 total
: 499K->0K(960K), 0.0011779 secs] 5132K->5132K(10176K), 0.0013849 secs] [Times: user=0.00 sys=0.00, real=0.00 secs] 
2019-01-02T11:13:07.192+0530: 855.094: [GC (Allocation Failure) 2019-01-02T11:13:07.192+0530: 855.094: [DefNew
Desired survivor size 32768 bytes, new threshold 15 (max 15)
- age   1:         24 bytes,         24 total
- age   6:         72 bytes,         96 total
- age  12:         16 bytes,        112 total
: 516K->0K(960K), 0.0007475 secs] 5648K->5631K(10176K), 0.0008803 secs] [Times: user=0.00 sys=0.00, real=0.00 secs] 
2019-01-02T11:13:07.248+0530: 855.150: [GC (Allocation Failure) 2019-01-02T11:13:07.248+0530: 855.150: [DefNew
Desired survivor size 32768 bytes, new threshold 15 (max 15)
- age   1:        248 bytes,        248 total
- age   7:         16 bytes,        264 total
- age  13:         16 bytes,        280 total
: 870K->0K(960K), 0.0009932 secs] 6501K->5703K(10176K), 0.0012817 secs] [Times: user=0.00 sys=0.00, real=0.00 secs] 
2019-01-02T11:13:07.252+0530: 855.154: [GC (Allocation Failure) 2019-01-02T11:13:07.252+0530: 855.154: [DefNew
Desired survivor size 32768 bytes, new threshold 15 (max 15)
- age   1:         40 bytes,         40 total
- age   2:        184 bytes,        224 total
- age   8:         16 bytes,        240 total
- age  14:         16 bytes,        256 total
: 896K->0K(960K), 0.0007583 secs] 6599K->5991K(10176K), 0.0009761 secs] [Times: user=0.00 sys=0.00, real=0.00 secs] 
2019-01-02T11:13:07.255+0530: 855.156: [GC (Allocation Failure) 2019-01-02T11:13:07.255+0530: 855.156: [DefNew
Desired survivor size 32768 bytes, new threshold 15 (max 15)
- age   3:        184 bytes,        184 total
- age   9:         16 bytes,        200 total
- age  15:         16 bytes,        216 total
: 896K->0K(960K), 0.0012139 secs] 6887K->6567K(10176K), 0.0014100 secs] [Times: user=0.00 sys=0.00, real=0.00 secs] 
2019-01-02T11:13:07.257+0530: 855.159: [GC (Allocation Failure) 2019-01-02T11:13:07.257+0530: 855.159: [DefNew
Desired survivor size 32768 bytes, new threshold 15 (max 15)
- age   1:         24 bytes,         24 total
- age   4:        184 bytes,        208 total
- age  10:         16 bytes,        224 total
: 462K->0K(960K), 0.0002651 secs] 7029K->6567K(10176K), 0.0005012 secs] [Times: user=0.00 sys=0.00, real=0.00 secs] 
2019-01-02T11:13:07.258+0530: 855.160: [GC (Allocation Failure) 2019-01-02T11:13:07.259+0530: 855.160: [DefNew
Desired survivor size 32768 bytes, new threshold 15 (max 15)
- age   2:         24 bytes,         24 total
- age   5:        184 bytes,        208 total
- age  11:         16 bytes,        224 total
: 499K->0K(960K), 0.0008632 secs] 7066K->7066K(10176K), 0.0009875 secs] [Times: user=0.00 sys=0.00, real=0.00 secs] 
2019-01-02T11:13:07.260+0530: 855.162: [GC (Allocation Failure) 2019-01-02T11:13:07.260+0530: 855.162: [DefNew
Desired survivor size 32768 bytes, new threshold 15 (max 15)
- age   1:         24 bytes,         24 total
- age   6:         72 bytes,         96 total
- age  12:         16 bytes,        112 total
: 516K->0K(960K), 0.0007709 secs] 7583K->7565K(10176K), 0.0008889 secs] [Times: user=0.00 sys=0.00, real=0.00 secs] 
2019-01-02T11:13:07.314+0530: 855.216: [GC (Allocation Failure) 2019-01-02T11:13:07.314+0530: 855.216: [DefNew
Desired survivor size 32768 bytes, new threshold 15 (max 15)
- age   1:        248 bytes,        248 total
- age   7:         16 bytes,        264 total
- age  13:         16 bytes,        280 total
: 870K->0K(960K), 0.0011198 secs] 8435K->7637K(10176K), 0.0016033 secs] [Times: user=0.00 sys=0.00, real=0.00 secs] 
2019-01-02T11:13:07.318+0530: 855.219: [GC (Allocation Failure) 2019-01-02T11:13:07.318+0530: 855.220: [DefNew
Desired survivor size 32768 bytes, new threshold 15 (max 15)
- age   1:         40 bytes,         40 total
- age   2:        184 bytes,        224 total
- age   8:         16 bytes,        240 total
- age  14:         16 bytes,        256 total
: 896K->0K(960K), 0.0006203 secs] 8533K->7925K(10176K), 0.0009351 secs] [Times: user=0.00 sys=0.00, real=0.00 secs] 
2019-01-02T11:13:07.320+0530: 855.222: [GC (Allocation Failure) 2019-01-02T11:13:07.320+0530: 855.222: [DefNew
Desired survivor size 32768 bytes, new threshold 15 (max 15)
- age   3:        184 bytes,        184 total
- age   9:         16 bytes,        200 total
- age  15:         16 bytes,        216 total
: 896K->0K(960K), 0.0010879 secs] 8821K->8501K(10176K), 0.0012390 secs] [Times: user=0.00 sys=0.00, real=0.00 secs] 
2019-01-02T11:13:07.322+0530: 855.224: [GC (Allocation Failure) 2019-01-02T11:13:07.323+0530: 855.224: [DefNew
Desired survivor size 32768 bytes, new threshold 15 (max 15)
- age   1:         24 bytes,         24 total
- age   4:        184 bytes,        208 total
- age  10:         16 bytes,        224 total
: 462K->0K(960K), 0.0002446 secs] 8963K->8501K(10176K), 0.0003056 secs] [Times: user=0.00 sys=0.00, real=0.00 secs] 
2019-01-02T11:13:07.323+0530: 855.225: [GC (Allocation Failure) 2019-01-02T11:13:07.323+0530: 855.225: [DefNew
Desired survivor size 32768 bytes, new threshold 15 (max 15)
- age   2:         24 bytes,         24 total
- age   5:        184 bytes,        208 total
- age  11:         16 bytes,        224 total
: 499K->0K(960K), 0.0003199 secs] 9000K->9000K(10176K), 0.0003717 secs] [Times: user=0.00 sys=0.00, real=0.00 secs] 
2019-01-02T11:13:07.324+0530: 855.226: [GC (Allocation Failure) 2019-01-02T11:13:07.324+0530: 855.226: [DefNew: 517K->517K(960K), 0.0000239 secs]2019-01-02T11:13:07.324+0530: 855.226: [Tenured: 9000K->1263K(9216K), 0.0062221 secs] 9517K->1263K(10176K), [Metaspace: 2520K->2520K(1056768K)], 0.0063618 secs] [Times: user=0.02 sys=0.00, real=0.01 secs] 
2019-01-02T11:13:07.386+0530: 855.288: [GC (Allocation Failure) 2019-01-02T11:13:07.387+0530: 855.288: [DefNew
Desired survivor size 32768 bytes, new threshold 15 (max 15)
- age   1:        248 bytes,        248 total
: 870K->0K(960K), 0.0009738 secs] 2133K->1834K(10176K), 0.0013792 secs] [Times: user=0.00 sys=0.00, real=0.00 secs] 
2019-01-02T11:13:07.389+0530: 855.291: [GC (Allocation Failure) 2019-01-02T11:13:07.390+0530: 855.291: [DefNew
Desired survivor size 32768 bytes, new threshold 15 (max 15)
- age   1:         40 bytes,         40 total
- age   2:        184 bytes,        224 total
: 896K->0K(960K), 0.0009852 secs] 2730K->2122K(10176K), 0.0012139 secs] [Times: user=0.02 sys=0.00, real=0.00 secs] 
2019-01-02T11:13:07.392+0530: 855.294: [GC (Allocation Failure) 2019-01-02T11:13:07.392+0530: 855.294: [DefNew
Desired survivor size 32768 bytes, new threshold 15 (max 15)
- age   3:        184 bytes,        184 total
: 896K->0K(960K), 0.0003894 secs] 3018K->2698K(10176K), 0.0004635 secs] [Times: user=0.00 sys=0.00, real=0.00 secs] 
2019-01-02T11:13:07.394+0530: 855.295: [GC (Allocation Failure) 2019-01-02T11:13:07.394+0530: 855.295: [DefNew
Desired survivor size 32768 bytes, new threshold 15 (max 15)
- age   1:         24 bytes,         24 total
- age   4:        184 bytes,        208 total
: 462K->0K(960K), 0.0005394 secs] 3160K->2698K(10176K), 0.0006494 secs] [Times: user=0.00 sys=0.00, real=0.00 secs] 
2019-01-02T11:13:07.395+0530: 855.297: [GC (Allocation Failure) 2019-01-02T11:13:07.395+0530: 855.297: [DefNew
Desired survivor size 32768 bytes, new threshold 15 (max 15)
- age   2:         24 bytes,         24 total
- age   5:        184 bytes,        208 total
: 499K->0K(960K), 0.0009499 secs] 3198K->3198K(10176K), 0.0011118 secs] [Times: user=0.00 sys=0.00, real=0.00 secs] 
2019-01-02T11:13:07.397+0530: 855.299: [GC (Allocation Failure) 2019-01-02T11:13:07.397+0530: 855.299: [DefNew
Desired survivor size 32768 bytes, new threshold 15 (max 15)
- age   1:         24 bytes,         24 total
- age   6:         72 bytes,         96 total
: 517K->0K(960K), 0.0004544 secs] 3714K->3697K(10176K), 0.0006192 secs] [Times: user=0.00 sys=0.00, real=0.00 secs] 
2019-01-02T11:13:07.453+0530: 855.355: [GC (Allocation Failure) 2019-01-02T11:13:07.453+0530: 855.355: [DefNew
Desired survivor size 32768 bytes, new threshold 15 (max 15)
- age   1:        248 bytes,        248 total
- age   7:         16 bytes,        264 total
: 870K->0K(960K), 0.0011620 secs] 4567K->3769K(10176K), 0.0015457 secs] [Times: user=0.00 sys=0.02, real=0.00 secs] 
2019-01-02T11:13:07.456+0530: 855.358: [GC (Allocation Failure) 2019-01-02T11:13:07.456+0530: 855.358: [DefNew
Desired survivor size 32768 bytes, new threshold 15 (max 15)
- age   1:         40 bytes,         40 total
- age   2:        184 bytes,        224 total
- age   8:         16 bytes,        240 total
: 896K->0K(960K), 0.0011922 secs] 4665K->4057K(10176K), 0.0013752 secs] [Times: user=0.00 sys=0.00, real=0.00 secs] 
2019-01-02T11:13:07.459+0530: 855.361: [GC (Allocation Failure) 2019-01-02T11:13:07.459+0530: 855.361: [DefNew
Desired survivor size 32768 bytes, new threshold 15 (max 15)
- age   3:        184 bytes,        184 total
- age   9:         16 bytes,        200 total
: 896K->0K(960K), 0.0004635 secs] 4953K->4633K(10176K), 0.0005599 secs] [Times: user=0.00 sys=0.00, real=0.00 secs] 
2019-01-02T11:13:07.461+0530: 855.363: [GC (Allocation Failure) 2019-01-02T11:13:07.461+0530: 855.363: [DefNew
Desired survivor size 32768 bytes, new threshold 15 (max 15)
- age   1:         24 bytes,         24 total
- age   4:        184 bytes,        208 total
- age  10:         16 bytes,        224 total
: 462K->0K(960K), 0.0005057 secs] 5095K->4633K(10176K), 0.0006608 secs] [Times: user=0.00 sys=0.00, real=0.00 secs] 
2019-01-02T11:13:07.462+0530: 855.364: [GC (Allocation Failure) 2019-01-02T11:13:07.463+0530: 855.364: [DefNew
Desired survivor size 32768 bytes, new threshold 15 (max 15)
- age   2:         24 bytes,         24 total
- age   5:        184 bytes,        208 total
- age  11:         16 bytes,        224 total
: 499K->0K(960K), 0.0009026 secs] 5132K->5132K(10176K), 0.0010240 secs] [Times: user=0.00 sys=0.00, real=0.00 secs] 
2019-01-02T11:13:07.464+0530: 855.366: [GC (Allocation Failure) 2019-01-02T11:13:07.464+0530: 855.366: [DefNew
Desired survivor size 32768 bytes, new threshold 15 (max 15)
- age   1:         24 bytes,         24 total
- age   6:         72 bytes,         96 total
- age  12:         16 bytes,        112 total
: 517K->0K(960K), 0.0003347 secs] 5649K->5631K(10176K), 0.0004077 secs] [Times: user=0.00 sys=0.00, real=0.00 secs] 
2019-01-02T11:13:07.517+0530: 855.419: [GC (Allocation Failure) 2019-01-02T11:13:07.517+0530: 855.419: [DefNew
Desired survivor size 32768 bytes, new threshold 15 (max 15)
- age   1:        248 bytes,        248 total
- age   7:         16 bytes,        264 total
- age  13:         16 bytes,        280 total
: 870K->0K(960K), 0.0009396 secs] 6501K->5703K(10176K), 0.0012224 secs] [Times: user=0.00 sys=0.00, real=0.00 secs] 
2019-01-02T11:13:07.520+0530: 855.422: [GC (Allocation Failure) 2019-01-02T11:13:07.521+0530: 855.422: [DefNew
Desired survivor size 32768 bytes, new threshold 15 (max 15)
- age   1:         40 bytes,         40 total
- age   2:        184 bytes,        224 total
- age   8:         16 bytes,        240 total
- age  14:         16 bytes,        256 total
: 896K->0K(960K), 0.0012270 secs] 6599K->5991K(10176K), 0.0014203 secs] [Times: user=0.00 sys=0.00, real=0.00 secs] 
2019-01-02T11:13:07.523+0530: 855.425: [GC (Allocation Failure) 2019-01-02T11:13:07.523+0530: 855.425: [DefNew
Desired survivor size 32768 bytes, new threshold 15 (max 15)
- age   3:        184 bytes,        184 total
- age   9:         16 bytes,        200 total
- age  15:         16 bytes,        216 total
: 896K->0K(960K), 0.0005411 secs] 6887K->6567K(10176K), 0.0006631 secs] [Times: user=0.00 sys=0.00, real=0.00 secs] 
2019-01-02T11:13:07.525+0530: 855.427: [GC (Allocation Failure) 2019-01-02T11:13:07.525+0530: 855.427: [DefNew
Desired survivor size 32768 bytes, new threshold 15 (max 15)
- age   1:         24 bytes,         24 total
- age   4:        184 bytes,        208 total
- age  10:         16 bytes,        224 total
: 462K->0K(960K), 0.0004744 secs] 7029K->6567K(10176K), 0.0005342 secs] [Times: user=0.00 sys=0.00, real=0.00 secs] 
2019-01-02T11:13:07.527+0530: 855.428: [GC (Allocation Failure) 2019-01-02T11:13:07.527+0530: 855.428: [DefNew
Desired survivor size 32768 bytes, new threshold 15 (max 15)
- age   2:         24 bytes,         24 total
- age   5:        184 bytes,        208 total
- age  11:         16 bytes,        224 total
: 499K->0K(960K), 0.0008894 secs] 7067K->7067K(10176K), 0.0010035 secs] [Times: user=0.00 sys=0.00, real=0.00 secs] 
2019-01-02T11:13:07.528+0530: 855.430: [GC (Allocation Failure) 2019-01-02T11:13:07.528+0530: 855.430: [DefNew
Desired survivor size 32768 bytes, new threshold 15 (max 15)
- age   1:         24 bytes,         24 total
- age   6:         72 bytes,         96 total
- age  12:         16 bytes,        112 total
: 517K->0K(960K), 0.0006095 secs] 7583K->7566K(10176K), 0.0007332 secs] [Times: user=0.00 sys=0.00, real=0.00 secs] 
2019-01-02T11:13:07.582+0530: 855.484: [GC (Allocation Failure) 2019-01-02T11:13:07.583+0530: 855.484: [DefNew
Desired survivor size 32768 bytes, new threshold 15 (max 15)
- age   1:        248 bytes,        248 total
- age   7:         16 bytes,        264 total
- age  13:         16 bytes,        280 total
: 870K->0K(960K), 0.0009869 secs] 8436K->7638K(10176K), 0.0014328 secs] [Times: user=0.00 sys=0.00, real=0.00 secs] 
2019-01-02T11:13:07.586+0530: 855.488: [GC (Allocation Failure) 2019-01-02T11:13:07.586+0530: 855.488: [DefNew
Desired survivor size 32768 bytes, new threshold 15 (max 15)
- age   1:         40 bytes,         40 total
- age   2:        184 bytes,        224 total
- age   8:         16 bytes,        240 total
- age  14:         16 bytes,        256 total
: 896K->0K(960K), 0.0009590 secs] 8534K->7926K(10176K), 0.0011306 secs] [Times: user=0.00 sys=0.00, real=0.00 secs] 
2019-01-02T11:13:07.589+0530: 855.490: [GC (Allocation Failure) 2019-01-02T11:13:07.589+0530: 855.491: [DefNew
Desired survivor size 32768 bytes, new threshold 15 (max 15)
- age   3:        184 bytes,        184 total
- age   9:         16 bytes,        200 total
- age  15:         16 bytes,        216 total
: 896K->0K(960K), 0.0010194 secs] 8822K->8502K(10176K), 0.0011711 secs] [Times: user=0.00 sys=0.00, real=0.00 secs] 
2019-01-02T11:13:07.591+0530: 855.493: [GC (Allocation Failure) 2019-01-02T11:13:07.591+0530: 855.493: [DefNew
Desired survivor size 32768 bytes, new threshold 15 (max 15)
- age   1:         24 bytes,         24 total
- age   4:        184 bytes,        208 total
- age  10:         16 bytes,        224 total
: 462K->0K(960K), 0.0002628 secs] 8964K->8502K(10176K), 0.0003250 secs] [Times: user=0.00 sys=0.00, real=0.00 secs] 
2019-01-02T11:13:07.592+0530: 855.494: [GC (Allocation Failure) 2019-01-02T11:13:07.592+0530: 855.494: [DefNew
Desired survivor size 32768 bytes, new threshold 15 (max 15)
- age   2:         24 bytes,         24 total
- age   5:        184 bytes,        208 total
- age  11:         16 bytes,        224 total
: 499K->0K(960K), 0.0004573 secs] 9001K->9001K(10176K), 0.0005206 secs] [Times: user=0.00 sys=0.00, real=0.00 secs] 
2019-01-02T11:13:07.594+0530: 855.495: [GC (Allocation Failure) 2019-01-02T11:13:07.594+0530: 855.495: [DefNew: 517K->517K(960K), 0.0000724 secs]2019-01-02T11:13:07.594+0530: 855.496: [Tenured: 9001K->1263K(9216K), 0.0058538 secs] 9518K->1263K(10176K), [Metaspace: 2520K->2520K(1056768K)], 0.0061075 secs] [Times: user=0.00 sys=0.00, real=0.01 secs] 
2019-01-02T11:13:07.656+0530: 855.557: [GC (Allocation Failure) 2019-01-02T11:13:07.656+0530: 855.557: [DefNew
Desired survivor size 32768 bytes, new threshold 15 (max 15)
- age   1:        248 bytes,        248 total
: 870K->0K(960K), 0.0015229 secs] 2133K->1835K(10176K), 0.0016512 secs] [Times: user=0.00 sys=0.00, real=0.00 secs] 
2019-01-02T11:13:07.659+0530: 855.561: [GC (Allocation Failure) 2019-01-02T11:13:07.659+0530: 855.561: [DefNew
Desired survivor size 32768 bytes, new threshold 15 (max 15)
- age   1:         40 bytes,         40 total
- age   2:        184 bytes,        224 total
: 896K->0K(960K), 0.0016118 secs] 2731K->2123K(10176K), 0.0018120 secs] [Times: user=0.00 sys=0.00, real=0.00 secs] 
2019-01-02T11:13:07.663+0530: 855.565: [GC (Allocation Failure) 2019-01-02T11:13:07.663+0530: 855.565: [DefNew
Desired survivor size 32768 bytes, new threshold 15 (max 15)
- age   3:        184 bytes,        184 total
: 896K->0K(960K), 0.0014579 secs] 3019K->2699K(10176K), 0.0016238 secs] [Times: user=0.00 sys=0.00, real=0.00 secs] 
2019-01-02T11:13:07.666+0530: 855.567: [GC (Allocation Failure) 2019-01-02T11:13:07.666+0530: 855.567: [DefNew
Desired survivor size 32768 bytes, new threshold 15 (max 15)
- age   1:         24 bytes,         24 total
- age   4:        184 bytes,        208 total
: 462K->0K(960K), 0.0005639 secs] 3161K->2699K(10176K), 0.0006511 secs] [Times: user=0.00 sys=0.00, real=0.00 secs] 
2019-01-02T11:13:07.667+0530: 855.569: [GC (Allocation Failure) 2019-01-02T11:13:07.667+0530: 855.569: [DefNew
Desired survivor size 32768 bytes, new threshold 15 (max 15)
- age   2:         24 bytes,         24 total
- age   5:        184 bytes,        208 total
: 499K->0K(960K), 0.0009402 secs] 3198K->3198K(10176K), 0.0010696 secs] [Times: user=0.00 sys=0.00, real=0.00 secs] 
2019-01-02T11:13:07.669+0530: 855.571: [GC (Allocation Failure) 2019-01-02T11:13:07.669+0530: 855.571: [DefNew
Desired survivor size 32768 bytes, new threshold 15 (max 15)
- age   1:         24 bytes,         24 total
- age   6:         72 bytes,         96 total
: 517K->0K(960K), 0.0004795 secs] 3715K->3697K(10176K), 0.0006312 secs] [Times: user=0.00 sys=0.00, real=0.00 secs] 
2019-01-02T11:13:07.727+0530: 855.629: [GC (Allocation Failure) 2019-01-02T11:13:07.727+0530: 855.629: [DefNew
Desired survivor size 32768 bytes, new threshold 15 (max 15)
- age   1:        248 bytes,        248 total
- age   7:         16 bytes,        264 total
: 870K->0K(960K), 0.0018137 secs] 4567K->3769K(10176K), 0.0023302 secs] [Times: user=0.00 sys=0.00, real=0.00 secs] 
2019-01-02T11:13:07.733+0530: 855.634: [GC (Allocation Failure) 2019-01-02T11:13:07.733+0530: 855.634: [DefNew
Desired survivor size 32768 bytes, new threshold 15 (max 15)
- age   1:         40 bytes,         40 total
- age   2:        184 bytes,        224 total
- age   8:         16 bytes,        240 total
: 896K->0K(960K), 0.0011295 secs] 4665K->4057K(10176K), 0.0013655 secs] [Times: user=0.02 sys=0.00, real=0.00 secs] 
2019-01-02T11:13:07.735+0530: 855.637: [GC (Allocation Failure) 2019-01-02T11:13:07.736+0530: 855.637: [DefNew
Desired survivor size 32768 bytes, new threshold 15 (max 15)
- age   3:        184 bytes,        184 total
- age   9:         16 bytes,        200 total
: 896K->0K(960K), 0.0003860 secs] 4953K->4633K(10176K), 0.0004858 secs] [Times: user=0.00 sys=0.00, real=0.00 secs] 
2019-01-02T11:13:07.737+0530: 855.639: [GC (Allocation Failure) 2019-01-02T11:13:07.737+0530: 855.639: [DefNew
Desired survivor size 32768 bytes, new threshold 15 (max 15)
- age   1:         24 bytes,         24 total
- age   4:        184 bytes,        208 total
- age  10:         16 bytes,        224 total
: 462K->0K(960K), 0.0002309 secs] 5095K->4633K(10176K), 0.0002862 secs] [Times: user=0.00 sys=0.00, real=0.00 secs] 
2019-01-02T11:13:07.737+0530: 855.639: [GC (Allocation Failure) 2019-01-02T11:13:07.738+0530: 855.639: [DefNew
Desired survivor size 32768 bytes, new threshold 15 (max 15)
- age   2:         24 bytes,         24 total
- age   5:        184 bytes,        208 total
- age  11:         16 bytes,        224 total
: 499K->0K(960K), 0.0002976 secs] 5132K->5132K(10176K), 0.0003501 secs] [Times: user=0.00 sys=0.00, real=0.00 secs] 
2019-01-02T11:13:07.738+0530: 855.640: [GC (Allocation Failure) 2019-01-02T11:13:07.738+0530: 855.640: [DefNew
Desired survivor size 32768 bytes, new threshold 15 (max 15)
- age   1:         24 bytes,         24 total
- age   6:         72 bytes,         96 total
- age  12:         16 bytes,        112 total
: 517K->0K(960K), 0.0002914 secs] 5649K->5632K(10176K), 0.0003410 secs] [Times: user=0.00 sys=0.00, real=0.00 secs] 
2019-01-02T11:13:07.791+0530: 855.693: [GC (Allocation Failure) 2019-01-02T11:13:07.791+0530: 855.693: [DefNew
Desired survivor size 32768 bytes, new threshold 15 (max 15)
- age   1:        248 bytes,        248 total
- age   7:         16 bytes,        264 total
- age  13:         16 bytes,        280 total
: 870K->0K(960K), 0.0011882 secs] 6502K->5704K(10176K), 0.0014613 secs] [Times: user=0.00 sys=0.00, real=0.00 secs] 
2019-01-02T11:13:07.795+0530: 855.696: [GC (Allocation Failure) 2019-01-02T11:13:07.795+0530: 855.697: [DefNew
Desired survivor size 32768 bytes, new threshold 15 (max 15)
- age   1:         40 bytes,         40 total
- age   2:        184 bytes,        224 total
- age   8:         16 bytes,        240 total
- age  14:         16 bytes,        256 total
: 896K->0K(960K), 0.0013404 secs] 6600K->5992K(10176K), 0.0015617 secs] [Times: user=0.01 sys=0.00, real=0.00 secs] 
2019-01-02T11:13:07.798+0530: 855.700: [GC (Allocation Failure) 2019-01-02T11:13:07.798+0530: 855.700: [DefNew
Desired survivor size 32768 bytes, new threshold 15 (max 15)
- age   3:        184 bytes,        184 total
- age   9:         16 bytes,        200 total
- age  15:         16 bytes,        216 total
: 896K->0K(960K), 0.0008113 secs] 6888K->6568K(10176K), 0.0010058 secs] [Times: user=0.00 sys=0.00, real=0.00 secs] 
2019-01-02T11:13:07.800+0530: 855.702: [GC (Allocation Failure) 2019-01-02T11:13:07.800+0530: 855.702: [DefNew
Desired survivor size 32768 bytes, new threshold 15 (max 15)
- age   1:         24 bytes,         24 total
- age   4:        184 bytes,        208 total
- age  10:         16 bytes,        224 total
: 462K->0K(960K), 0.0003535 secs] 7030K->6568K(10176K), 0.0004242 secs] [Times: user=0.00 sys=0.00, real=0.00 secs] 
2019-01-02T11:13:07.801+0530: 855.703: [GC (Allocation Failure) 2019-01-02T11:13:07.801+0530: 855.703: [DefNew
Desired survivor size 32768 bytes, new threshold 15 (max 15)
- age   2:         24 bytes,         24 total
- age   5:        184 bytes,        208 total
- age  11:         16 bytes,        224 total
: 499K->0K(960K), 0.0004345 secs] 7067K->7067K(10176K), 0.0004915 secs] [Times: user=0.00 sys=0.00, real=0.00 secs] 
2019-01-02T11:13:07.802+0530: 855.704: [GC (Allocation Failure) 2019-01-02T11:13:07.802+0530: 855.704: [DefNew
Desired survivor size 32768 bytes, new threshold 15 (max 15)
- age   1:         24 bytes,         24 total
- age   6:         72 bytes,         96 total
- age  12:         16 bytes,        112 total
: 517K->0K(960K), 0.0002925 secs] 7584K->7566K(10176K), 0.0003432 secs] [Times: user=0.00 sys=0.00, real=0.00 secs] 
2019-01-02T11:13:07.852+0530: 855.754: [GC (Allocation Failure) 2019-01-02T11:13:07.852+0530: 855.754: [DefNew
Desired survivor size 32768 bytes, new threshold 15 (max 15)
- age   1:        248 bytes,        248 total
- age   7:         16 bytes,        264 total
- age  13:         16 bytes,        280 total
: 870K->0K(960K), 0.0009887 secs] 8437K->7639K(10176K), 0.0012658 secs] [Times: user=0.00 sys=0.00, real=0.00 secs] 
2019-01-02T11:13:07.855+0530: 855.757: [GC (Allocation Failure) 2019-01-02T11:13:07.855+0530: 855.757: [DefNew
Desired survivor size 32768 bytes, new threshold 15 (max 15)
- age   1:         40 bytes,         40 total
- age   2:        184 bytes,        224 total
- age   8:         16 bytes,        240 total
- age  14:         16 bytes,        256 total
: 896K->0K(960K), 0.0010371 secs] 8535K->7927K(10176K), 0.0012834 secs] [Times: user=0.00 sys=0.00, real=0.00 secs] 
2019-01-02T11:13:07.858+0530: 855.759: [GC (Allocation Failure) 2019-01-02T11:13:07.858+0530: 855.760: [DefNew
Desired survivor size 32768 bytes, new threshold 15 (max 15)
- age   3:        184 bytes,        184 total
- age   9:         16 bytes,        200 total
- age  15:         16 bytes,        216 total
: 896K->0K(960K), 0.0008547 secs] 8823K->8503K(10176K), 0.0010365 secs] [Times: user=0.02 sys=0.00, real=0.00 secs] 
2019-01-02T11:13:07.860+0530: 855.762: [GC (Allocation Failure) 2019-01-02T11:13:07.860+0530: 855.762: [DefNew
Desired survivor size 32768 bytes, new threshold 15 (max 15)
- age   1:         24 bytes,         24 total
- age   4:        184 bytes,        208 total
- age  10:         16 bytes,        224 total
: 462K->0K(960K), 0.0002640 secs] 8965K->8503K(10176K), 0.0003278 secs] [Times: user=0.00 sys=0.00, real=0.00 secs] 
2019-01-02T11:13:07.861+0530: 855.763: [GC (Allocation Failure) 2019-01-02T11:13:07.861+0530: 855.763: [DefNew
Desired survivor size 32768 bytes, new threshold 15 (max 15)
- age   2:         24 bytes,         24 total
- age   5:        184 bytes,        208 total
- age  11:         16 bytes,        224 total
: 499K->0K(960K), 0.0012492 secs] 9002K->9002K(10176K), 0.0013707 secs] [Times: user=0.00 sys=0.00, real=0.00 secs] 
2019-01-02T11:13:07.863+0530: 855.764: [GC (Allocation Failure) 2019-01-02T11:13:07.863+0530: 855.764: [DefNew: 517K->517K(960K), 0.0000268 secs]2019-01-02T11:13:07.863+0530: 855.764: [Tenured: 9002K->1263K(9216K), 0.0051132 secs] 9519K->1263K(10176K), [Metaspace: 2520K->2520K(1056768K)], 0.0052495 secs] [Times: user=0.00 sys=0.00, real=0.01 secs] 
2019-01-02T11:13:07.920+0530: 855.821: [GC (Allocation Failure) 2019-01-02T11:13:07.920+0530: 855.822: [DefNew
Desired survivor size 32768 bytes, new threshold 15 (max 15)
- age   1:        248 bytes,        248 total
: 870K->0K(960K), 0.0013108 secs] 2134K->1835K(10176K), 0.0018673 secs] [Times: user=0.02 sys=0.00, real=0.00 secs] 
2019-01-02T11:13:07.924+0530: 855.825: [GC (Allocation Failure) 2019-01-02T11:13:07.924+0530: 855.826: [DefNew
Desired survivor size 32768 bytes, new threshold 15 (max 15)
- age   1:         40 bytes,         40 total
- age   2:        184 bytes,        224 total
: 896K->0K(960K), 0.0008638 secs] 2731K->2123K(10176K), 0.0010884 secs] [Times: user=0.00 sys=0.00, real=0.00 secs] 
2019-01-02T11:13:07.926+0530: 855.828: [GC (Allocation Failure) 2019-01-02T11:13:07.926+0530: 855.828: [DefNew
Desired survivor size 32768 bytes, new threshold 15 (max 15)
- age   3:        184 bytes,        184 total
: 896K->0K(960K), 0.0004504 secs] 3019K->2699K(10176K), 0.0005479 secs] [Times: user=0.00 sys=0.00, real=0.00 secs] 
2019-01-02T11:13:07.928+0530: 855.830: [GC (Allocation Failure) 2019-01-02T11:13:07.928+0530: 855.830: [DefNew
Desired survivor size 32768 bytes, new threshold 15 (max 15)
- age   1:         24 bytes,         24 total
- age   4:        184 bytes,        208 total
: 462K->0K(960K), 0.0008695 secs] 3161K->2699K(10176K), 0.0010451 secs] [Times: user=0.00 sys=0.00, real=0.00 secs] 
2019-01-02T11:13:07.929+0530: 855.831: [GC (Allocation Failure) 2019-01-02T11:13:07.929+0530: 855.831: [DefNew
Desired survivor size 32768 bytes, new threshold 15 (max 15)
- age   2:         24 bytes,         24 total
- age   5:        184 bytes,        208 total
: 499K->0K(960K), 0.0003518 secs] 3198K->3198K(10176K), 0.0004128 secs] [Times: user=0.00 sys=0.00, real=0.00 secs] 
2019-01-02T11:13:07.930+0530: 855.832: [GC (Allocation Failure) 2019-01-02T11:13:07.930+0530: 855.832: [DefNew
Desired survivor size 32768 bytes, new threshold 15 (max 15)
- age   1:         24 bytes,         24 total
- age   6:         72 bytes,         96 total
: 517K->0K(960K), 0.0006255 secs] 3715K->3697K(10176K), 0.0007195 secs] [Times: user=0.00 sys=0.00, real=0.00 secs] 
2019-01-02T11:13:07.985+0530: 855.886: [GC (Allocation Failure) 2019-01-02T11:13:07.985+0530: 855.886: [DefNew
Desired survivor size 32768 bytes, new threshold 15 (max 15)
- age   1:        248 bytes,        248 total
- age   7:         16 bytes,        264 total
: 870K->0K(960K), 0.0006699 secs] 4568K->3770K(10176K), 0.0008319 secs] [Times: user=0.00 sys=0.00, real=0.00 secs] 
2019-01-02T11:13:07.987+0530: 855.889: [GC (Allocation Failure) 2019-01-02T11:13:07.987+0530: 855.889: [DefNew
Desired survivor size 32768 bytes, new threshold 15 (max 15)
- age   1:         40 bytes,         40 total
- age   2:        184 bytes,        224 total
- age   8:         16 bytes,        240 total
: 896K->0K(960K), 0.0008478 secs] 4666K->4058K(10176K), 0.0011061 secs] [Times: user=0.00 sys=0.00, real=0.00 secs] 
2019-01-02T11:13:07.990+0530: 855.892: [GC (Allocation Failure) 2019-01-02T11:13:07.990+0530: 855.892: [DefNew
Desired survivor size 32768 bytes, new threshold 15 (max 15)
- age   3:        184 bytes,        184 total
- age   9:         16 bytes,        200 total
: 896K->0K(960K), 0.0013724 secs] 4954K->4634K(10176K), 0.0015691 secs] [Times: user=0.00 sys=0.00, real=0.00 secs] 
2019-01-02T11:13:07.993+0530: 855.895: [GC (Allocation Failure) 2019-01-02T11:13:07.993+0530: 855.895: [DefNew
Desired survivor size 32768 bytes, new threshold 15 (max 15)
- age   1:         24 bytes,         24 total
- age   4:        184 bytes,        208 total
- age  10:         16 bytes,        224 total
: 462K->0K(960K), 0.0002663 secs] 5096K->4634K(10176K), 0.0003449 secs] [Times: user=0.00 sys=0.00, real=0.00 secs] 
2019-01-02T11:13:07.993+0530: 855.895: [GC (Allocation Failure) 2019-01-02T11:13:07.994+0530: 855.895: [DefNew
Desired survivor size 32768 bytes, new threshold 15 (max 15)
- age   2:         24 bytes,         24 total
- age   5:        184 bytes,        208 total
- age  11:         16 bytes,        224 total
: 499K->0K(960K), 0.0003381 secs] 5133K->5133K(10176K), 0.0004168 secs] [Times: user=0.00 sys=0.00, real=0.00 secs] 
2019-01-02T11:13:07.994+0530: 855.896: [GC (Allocation Failure) 2019-01-02T11:13:07.994+0530: 855.896: [DefNew
Desired survivor size 32768 bytes, new threshold 15 (max 15)
- age   1:         24 bytes,         24 total
- age   6:         72 bytes,         96 total
- age  12:         16 bytes,        112 total
: 517K->0K(960K), 0.0010782 secs] 5650K->5632K(10176K), 0.0012851 secs] [Times: user=0.00 sys=0.00, real=0.00 secs] 
2019-01-02T11:13:08.054+0530: 855.955: [GC (Allocation Failure) 2019-01-02T11:13:08.054+0530: 855.956: [DefNew
Desired survivor size 32768 bytes, new threshold 15 (max 15)
- age   1:        248 bytes,        248 total
- age   7:         16 bytes,        264 total
- age  13:         16 bytes,        280 total
: 870K->0K(960K), 0.0012293 secs] 6503K->5704K(10176K), 0.0015554 secs] [Times: user=0.00 sys=0.00, real=0.00 secs] 
2019-01-02T11:13:08.057+0530: 855.959: [GC (Allocation Failure) 2019-01-02T11:13:08.057+0530: 855.959: [DefNew
Desired survivor size 32768 bytes, new threshold 15 (max 15)
- age   1:         40 bytes,         40 total
- age   2:        184 bytes,        224 total
- age   8:         16 bytes,        240 total
- age  14:         16 bytes,        256 total
: 896K->0K(960K), 0.0009961 secs] 6600K->5992K(10176K), 0.0011814 secs] [Times: user=0.00 sys=0.00, real=0.00 secs] 
2019-01-02T11:13:08.060+0530: 855.961: [GC (Allocation Failure) 2019-01-02T11:13:08.060+0530: 855.961: [DefNew
Desired survivor size 32768 bytes, new threshold 15 (max 15)
- age   3:        184 bytes,        184 total
- age   9:         16 bytes,        200 total
- age  15:         16 bytes,        216 total
: 896K->0K(960K), 0.0007971 secs] 6888K->6568K(10176K), 0.0010502 secs] [Times: user=0.00 sys=0.00, real=0.00 secs] 
2019-01-02T11:13:08.062+0530: 855.964: [GC (Allocation Failure) 2019-01-02T11:13:08.062+0530: 855.964: [DefNew
Desired survivor size 32768 bytes, new threshold 15 (max 15)
- age   1:         24 bytes,         24 total
- age   4:        184 bytes,        208 total
- age  10:         16 bytes,        224 total
: 462K->0K(960K), 0.0002811 secs] 7030K->6568K(10176K), 0.0003581 secs] [Times: user=0.00 sys=0.00, real=0.00 secs] 
2019-01-02T11:13:08.063+0530: 855.965: [GC (Allocation Failure) 2019-01-02T11:13:08.063+0530: 855.965: [DefNew
Desired survivor size 32768 bytes, new threshold 15 (max 15)
- age   2:         24 bytes,         24 total
- age   5:        184 bytes,        208 total
- age  11:         16 bytes,        224 total
: 499K->0K(960K), 0.0008227 secs] 7068K->7068K(10176K), 0.0009322 secs] [Times: user=0.00 sys=0.00, real=0.00 secs] 
2019-01-02T11:13:08.065+0530: 855.967: [GC (Allocation Failure) 2019-01-02T11:13:08.065+0530: 855.967: [DefNew
Desired survivor size 32768 bytes, new threshold 15 (max 15)
- age   1:         24 bytes,         24 total
- age   6:         72 bytes,         96 total
- age  12:         16 bytes,        112 total
: 517K->0K(960K), 0.0007862 secs] 7585K->7567K(10176K), 0.0008775 secs] [Times: user=0.00 sys=0.00, real=0.00 secs] 
2019-01-02T11:13:08.123+0530: 856.024: [GC (Allocation Failure) 2019-01-02T11:13:08.123+0530: 856.025: [DefNew
Desired survivor size 32768 bytes, new threshold 15 (max 15)
- age   1:        248 bytes,        248 total
- age   7:         16 bytes,        264 total
- age  13:         16 bytes,        280 total
: 870K->0K(960K), 0.0009100 secs] 8438K->7639K(10176K), 0.0011876 secs] [Times: user=0.02 sys=0.00, real=0.00 secs] 
2019-01-02T11:13:08.126+0530: 856.028: [GC (Allocation Failure) 2019-01-02T11:13:08.126+0530: 856.028: [DefNew
Desired survivor size 32768 bytes, new threshold 15 (max 15)
- age   1:         40 bytes,         40 total
- age   2:        184 bytes,        224 total
- age   8:         16 bytes,        240 total
- age  14:         16 bytes,        256 total
: 896K->0K(960K), 0.0007064 secs] 8535K->7927K(10176K), 0.0008780 secs] [Times: user=0.00 sys=0.00, real=0.00 secs] 
2019-01-02T11:13:08.128+0530: 856.030: [GC (Allocation Failure) 2019-01-02T11:13:08.128+0530: 856.030: [DefNew
Desired survivor size 32768 bytes, new threshold 15 (max 15)
- age   3:        184 bytes,        184 total
- age   9:         16 bytes,        200 total
- age  15:         16 bytes,        216 total
: 896K->0K(960K), 0.0003809 secs] 8823K->8503K(10176K), 0.0004652 secs] [Times: user=0.00 sys=0.00, real=0.00 secs] 
2019-01-02T11:13:08.131+0530: 856.032: [GC (Allocation Failure) 2019-01-02T11:13:08.131+0530: 856.032: [DefNew
Desired survivor size 32768 bytes, new threshold 15 (max 15)
- age   1:         24 bytes,         24 total
- age   4:        184 bytes,        208 total
- age  10:         16 bytes,        224 total
: 462K->0K(960K), 0.0002862 secs] 8965K->8503K(10176K), 0.0003695 secs] [Times: user=0.00 sys=0.00, real=0.00 secs] 
2019-01-02T11:13:08.131+0530: 856.033: [GC (Allocation Failure) 2019-01-02T11:13:08.131+0530: 856.033: [DefNew
Desired survivor size 32768 bytes, new threshold 15 (max 15)
- age   2:         24 bytes,         24 total
- age   5:        184 bytes,        208 total
- age  11:         16 bytes,        224 total
: 499K->0K(960K), 0.0007076 secs] 9003K->9003K(10176K), 0.0007674 secs] [Times: user=0.00 sys=0.00, real=0.00 secs] 
2019-01-02T11:13:08.133+0530: 856.035: [GC (Allocation Failure) 2019-01-02T11:13:08.133+0530: 856.035: [DefNew: 517K->517K(960K), 0.0000838 secs]2019-01-02T11:13:08.133+0530: 856.035: [Tenured: 9003K->1263K(9216K), 0.0042488 secs] 9520K->1263K(10176K), [Metaspace: 2520K->2520K(1056768K)], 0.0044752 secs] [Times: user=0.00 sys=0.00, real=0.00 secs] 
2019-01-02T11:13:08.206+0530: 856.107: [GC (Allocation Failure) 2019-01-02T11:13:08.206+0530: 856.108: [DefNew
Desired survivor size 32768 bytes, new threshold 15 (max 15)
- age   1:        248 bytes,        248 total
: 870K->0K(960K), 0.0011187 secs] 2134K->1835K(10176K), 0.0015098 secs] [Times: user=0.00 sys=0.00, real=0.00 secs] 
2019-01-02T11:13:08.212+0530: 856.114: [GC (Allocation Failure) 2019-01-02T11:13:08.212+0530: 856.114: [DefNew
Desired survivor size 32768 bytes, new threshold 15 (max 15)
- age   1:         40 bytes,         40 total
- age   2:        184 bytes,        224 total
: 896K->0K(960K), 0.0004972 secs] 2731K->2123K(10176K), 0.0005827 secs] [Times: user=0.00 sys=0.00, real=0.00 secs] 
2019-01-02T11:13:08.216+0530: 856.118: [GC (Allocation Failure) 2019-01-02T11:13:08.216+0530: 856.118: [DefNew
Desired survivor size 32768 bytes, new threshold 15 (max 15)
- age   3:        184 bytes,        184 total
: 896K->0K(960K), 0.0009676 secs] 3019K->2699K(10176K), 0.0011209 secs] [Times: user=0.00 sys=0.02, real=0.00 secs] 
2019-01-02T11:13:08.219+0530: 856.120: [GC (Allocation Failure) 2019-01-02T11:13:08.219+0530: 856.120: [DefNew
Desired survivor size 32768 bytes, new threshold 15 (max 15)
- age   1:         24 bytes,         24 total
- age   4:        184 bytes,        208 total
: 462K->0K(960K), 0.0002400 secs] 3161K->2699K(10176K), 0.0003102 secs] [Times: user=0.00 sys=0.00, real=0.00 secs] 
2019-01-02T11:13:08.219+0530: 856.121: [GC (Allocation Failure) 2019-01-02T11:13:08.219+0530: 856.121: [DefNew
Desired survivor size 32768 bytes, new threshold 15 (max 15)
- age   2:         24 bytes,         24 total
- age   5:        184 bytes,        208 total
: 499K->0K(960K), 0.0003335 secs] 3198K->3198K(10176K), 0.0004042 secs] [Times: user=0.00 sys=0.00, real=0.00 secs] 
2019-01-02T11:13:08.220+0530: 856.122: [GC (Allocation Failure) 2019-01-02T11:13:08.220+0530: 856.122: [DefNew
Desired survivor size 32768 bytes, new threshold 15 (max 15)
- age   1:         24 bytes,         24 total
- age   6:         72 bytes,         96 total
: 517K->0K(960K), 0.0003067 secs] 3716K->3698K(10176K), 0.0003763 secs] [Times: user=0.00 sys=0.00, real=0.00 secs] 
2019-01-02T11:13:08.276+0530: 856.178: [GC (Allocation Failure) 2019-01-02T11:13:08.276+0530: 856.178: [DefNew
Desired survivor size 32768 bytes, new threshold 15 (max 15)
- age   1:        248 bytes,        248 total
- age   7:         16 bytes,        264 total
: 870K->0K(960K), 0.0005280 secs] 4568K->3770K(10176K), 0.0008604 secs] [Times: user=0.00 sys=0.00, real=0.00 secs] 
2019-01-02T11:13:08.279+0530: 856.181: [GC (Allocation Failure) 2019-01-02T11:13:08.279+0530: 856.181: [DefNew
Desired survivor size 32768 bytes, new threshold 15 (max 15)
- age   1:         40 bytes,         40 total
- age   2:        184 bytes,        224 total
- age   8:         16 bytes,        240 total
: 896K->0K(960K), 0.0012093 secs] 4666K->4058K(10176K), 0.0016175 secs] [Times: user=0.02 sys=0.00, real=0.00 secs] 
2019-01-02T11:13:08.284+0530: 856.186: [GC (Allocation Failure) 2019-01-02T11:13:08.284+0530: 856.186: [DefNew
Desired survivor size 32768 bytes, new threshold 15 (max 15)
- age   3:        184 bytes,        184 total
- age   9:         16 bytes,        200 total
: 896K->0K(960K), 0.0009727 secs] 4954K->4634K(10176K), 0.0011038 secs] [Times: user=0.00 sys=0.00, real=0.00 secs] 
2019-01-02T11:13:08.287+0530: 856.188: [GC (Allocation Failure) 2019-01-02T11:13:08.287+0530: 856.188: [DefNew
Desired survivor size 32768 bytes, new threshold 15 (max 15)
- age   1:         24 bytes,         24 total
- age   4:        184 bytes,        208 total
- age  10:         16 bytes,        224 total
: 462K->0K(960K), 0.0002754 secs] 5096K->4634K(10176K), 0.0004025 secs] [Times: user=0.00 sys=0.00, real=0.00 secs] 
2019-01-02T11:13:08.287+0530: 856.189: [GC (Allocation Failure) 2019-01-02T11:13:08.287+0530: 856.189: [DefNew
Desired survivor size 32768 bytes, new threshold 15 (max 15)
- age   2:         24 bytes,         24 total
- age   5:        184 bytes,        208 total
- age  11:         16 bytes,        224 total
: 499K->0K(960K), 0.0003609 secs] 5133K->5133K(10176K), 0.0004527 secs] [Times: user=0.00 sys=0.00, real=0.00 secs] 
2019-01-02T11:13:08.288+0530: 856.190: [GC (Allocation Failure) 2019-01-02T11:13:08.288+0530: 856.190: [DefNew
Desired survivor size 32768 bytes, new threshold 15 (max 15)
- age   1:         24 bytes,         24 total
- age   6:         72 bytes,         96 total
- age  12:         16 bytes,        112 total
: 517K->0K(960K), 0.0003244 secs] 5651K->5633K(10176K), 0.0004031 secs] [Times: user=0.00 sys=0.00, real=0.00 secs] 
2019-01-02T11:13:08.344+0530: 856.246: [GC (Allocation Failure) 2019-01-02T11:13:08.345+0530: 856.246: [DefNew
Desired survivor size 32768 bytes, new threshold 15 (max 15)
- age   1:        248 bytes,        248 total
- age   7:         16 bytes,        264 total
- age  13:         16 bytes,        280 total
: 870K->0K(960K), 0.0006397 secs] 6503K->5705K(10176K), 0.0011472 secs] [Times: user=0.00 sys=0.00, real=0.00 secs] 
2019-01-02T11:13:08.350+0530: 856.252: [GC (Allocation Failure) 2019-01-02T11:13:08.350+0530: 856.252: [DefNew
Desired survivor size 32768 bytes, new threshold 15 (max 15)
- age   1:         40 bytes,         40 total
- age   2:        184 bytes,        224 total
- age   8:         16 bytes,        240 total
- age  14:         16 bytes,        256 total
: 896K->0K(960K), 0.0008011 secs] 6601K->5993K(10176K), 0.0011523 secs] [Times: user=0.00 sys=0.00, real=0.00 secs] 
2019-01-02T11:13:08.353+0530: 856.255: [GC (Allocation Failure) 2019-01-02T11:13:08.354+0530: 856.255: [DefNew
Desired survivor size 32768 bytes, new threshold 15 (max 15)
- age   3:        184 bytes,        184 total
- age   9:         16 bytes,        200 total
- age  15:         16 bytes,        216 total
: 896K->0K(960K), 0.0013661 secs] 6889K->6569K(10176K), 0.0016746 secs] [Times: user=0.00 sys=0.00, real=0.00 secs] 
2019-01-02T11:13:08.356+0530: 856.258: [GC (Allocation Failure) 2019-01-02T11:13:08.356+0530: 856.258: [DefNew
Desired survivor size 32768 bytes, new threshold 15 (max 15)
- age   1:         24 bytes,         24 total
- age   4:        184 bytes,        208 total
- age  10:         16 bytes,        224 total
: 462K->0K(960K), 0.0002874 secs] 7031K->6569K(10176K), 0.0003678 secs] [Times: user=0.00 sys=0.00, real=0.00 secs] 
2019-01-02T11:13:08.357+0530: 856.259: [GC (Allocation Failure) 2019-01-02T11:13:08.357+0530: 856.259: [DefNew
Desired survivor size 32768 bytes, new threshold 15 (max 15)
- age   2:         24 bytes,         24 total
- age   5:        184 bytes,        208 total
- age  11:         16 bytes,        224 total
: 499K->0K(960K), 0.0003575 secs] 7069K->7069K(10176K), 0.0004282 secs] [Times: user=0.00 sys=0.00, real=0.00 secs] 
2019-01-02T11:13:08.358+0530: 856.260: [GC (Allocation Failure) 2019-01-02T11:13:08.358+0530: 856.260: [DefNew
Desired survivor size 32768 bytes, new threshold 15 (max 15)
- age   1:         24 bytes,         24 total
- age   6:         72 bytes,         96 total
- age  12:         16 bytes,        112 total
: 517K->0K(960K), 0.0003107 secs] 7586K->7568K(10176K), 0.0003649 secs] [Times: user=0.00 sys=0.00, real=0.00 secs] 
2019-01-02T11:13:08.415+0530: 856.317: [GC (Allocation Failure) 2019-01-02T11:13:08.416+0530: 856.317: [DefNew
Desired survivor size 32768 bytes, new threshold 15 (max 15)
- age   1:        248 bytes,        248 total
- age   7:         16 bytes,        264 total
- age  13:         16 bytes,        280 total
: 870K->0K(960K), 0.0007309 secs] 8438K->7640K(10176K), 0.0011169 secs] [Times: user=0.00 sys=0.00, real=0.00 secs] 
2019-01-02T11:13:08.419+0530: 856.320: [GC (Allocation Failure) 2019-01-02T11:13:08.419+0530: 856.320: [DefNew
Desired survivor size 32768 bytes, new threshold 15 (max 15)
- age   1:         40 bytes,         40 total
- age   2:        184 bytes,        224 total
- age   8:         16 bytes,        240 total
- age  14:         16 bytes,        256 total
: 896K->0K(960K), 0.0006865 secs] 8536K->7928K(10176K), 0.0008182 secs] [Times: user=0.00 sys=0.00, real=0.00 secs] 
2019-01-02T11:13:08.421+0530: 856.322: [GC (Allocation Failure) 2019-01-02T11:13:08.421+0530: 856.323: [DefNew
Desired survivor size 32768 bytes, new threshold 15 (max 15)
- age   3:        184 bytes,        184 total
- age   9:         16 bytes,        200 total
- age  15:         16 bytes,        216 total
: 896K->0K(960K), 0.0010941 secs] 8824K->8504K(10176K), 0.0012418 secs] [Times: user=0.00 sys=0.00, real=0.00 secs] 
2019-01-02T11:13:08.423+0530: 856.325: [GC (Allocation Failure) 2019-01-02T11:13:08.423+0530: 856.325: [DefNew
Desired survivor size 32768 bytes, new threshold 15 (max 15)
- age   1:         24 bytes,         24 total
- age   4:        184 bytes,        208 total
- age  10:         16 bytes,        224 total
: 462K->0K(960K), 0.0007133 secs] 8966K->8504K(10176K), 0.0008661 secs] [Times: user=0.00 sys=0.00, real=0.00 secs] 
2019-01-02T11:13:08.425+0530: 856.327: [GC (Allocation Failure) 2019-01-02T11:13:08.425+0530: 856.327: [DefNew
Desired survivor size 32768 bytes, new threshold 15 (max 15)
- age   2:         24 bytes,         24 total
- age   5:        184 bytes,        208 total
- age  11:         16 bytes,        224 total
: 499K->0K(960K), 0.0003347 secs] 9004K->9004K(10176K), 0.0003906 secs] [Times: user=0.00 sys=0.00, real=0.00 secs] 
2019-01-02T11:13:08.425+0530: 856.327: [GC (Allocation Failure) 2019-01-02T11:13:08.425+0530: 856.327: [DefNew: 517K->517K(960K), 0.0000228 secs]2019-01-02T11:13:08.425+0530: 856.327: [Tenured: 9003K->1263K(9216K), 0.0036587 secs] 9521K->1263K(10176K), [Metaspace: 2520K->2520K(1056768K)], 0.0037830 secs] [Times: user=0.00 sys=0.00, real=0.00 secs] 
2019-01-02T11:13:08.485+0530: 856.387: [GC (Allocation Failure) 2019-01-02T11:13:08.485+0530: 856.387: [DefNew
Desired survivor size 32768 bytes, new threshold 15 (max 15)
- age   1:        248 bytes,        248 total
: 870K->0K(960K), 0.0010998 secs] 2134K->1835K(10176K), 0.0014607 secs] [Times: user=0.00 sys=0.00, real=0.00 secs] 
2019-01-02T11:13:08.488+0530: 856.389: [GC (Allocation Failure) 2019-01-02T11:13:08.488+0530: 856.390: [DefNew
Desired survivor size 32768 bytes, new threshold 15 (max 15)
- age   1:         40 bytes,         40 total
- age   2:        184 bytes,        224 total
: 896K->0K(960K), 0.0008524 secs] 2731K->2123K(10176K), 0.0009807 secs] [Times: user=0.00 sys=0.00, real=0.00 secs] 
2019-01-02T11:13:08.490+0530: 856.392: [GC (Allocation Failure) 2019-01-02T11:13:08.490+0530: 856.392: [DefNew
Desired survivor size 32768 bytes, new threshold 15 (max 15)
- age   3:        184 bytes,        184 total
: 896K->0K(960K), 0.0004396 secs] 3019K->2699K(10176K), 0.0005371 secs] [Times: user=0.00 sys=0.00, real=0.00 secs] 
2019-01-02T11:13:08.492+0530: 856.394: [GC (Allocation Failure) 2019-01-02T11:13:08.492+0530: 856.394: [DefNew
Desired survivor size 32768 bytes, new threshold 15 (max 15)
- age   1:         24 bytes,         24 total
- age   4:        184 bytes,        208 total
: 462K->0K(960K), 0.0002577 secs] 3161K->2699K(10176K), 0.0003313 secs] [Times: user=0.00 sys=0.00, real=0.00 secs] 
2019-01-02T11:13:08.493+0530: 856.394: [GC (Allocation Failure) 2019-01-02T11:13:08.493+0530: 856.394: [DefNew
Desired survivor size 32768 bytes, new threshold 15 (max 15)
- age   2:         24 bytes,         24 total
- age   5:        184 bytes,        208 total
: 499K->0K(960K), 0.0003313 secs] 3199K->3199K(10176K), 0.0004020 secs] [Times: user=0.00 sys=0.00, real=0.00 secs] 
2019-01-02T11:13:08.493+0530: 856.395: [GC (Allocation Failure) 2019-01-02T11:13:08.493+0530: 856.395: [DefNew
Desired survivor size 32768 bytes, new threshold 15 (max 15)
- age   1:         24 bytes,         24 total
- age   6:         72 bytes,         96 total
: 517K->0K(960K), 0.0003330 secs] 3716K->3698K(10176K), 0.0004031 secs] [Times: user=0.00 sys=0.00, real=0.00 secs] 
2019-01-02T11:13:08.550+0530: 856.451: [GC (Allocation Failure) 2019-01-02T11:13:08.550+0530: 856.452: [DefNew
Desired survivor size 32768 bytes, new threshold 15 (max 15)
- age   1:        248 bytes,        248 total
- age   7:         16 bytes,        264 total
: 870K->0K(960K), 0.0010719 secs] 4569K->3770K(10176K), 0.0015417 secs] [Times: user=0.00 sys=0.00, real=0.00 secs] 
2019-01-02T11:13:08.553+0530: 856.455: [GC (Allocation Failure) 2019-01-02T11:13:08.553+0530: 856.455: [DefNew
Desired survivor size 32768 bytes, new threshold 15 (max 15)
- age   1:         40 bytes,         40 total
- age   2:        184 bytes,        224 total
- age   8:         16 bytes,        240 total
: 896K->0K(960K), 0.0007629 secs] 4666K->4058K(10176K), 0.0008701 secs] [Times: user=0.00 sys=0.00, real=0.00 secs] 
2019-01-02T11:13:08.555+0530: 856.457: [GC (Allocation Failure) 2019-01-02T11:13:08.555+0530: 856.457: [DefNew
Desired survivor size 32768 bytes, new threshold 15 (max 15)
- age   3:        184 bytes,        184 total
- age   9:         16 bytes,        200 total
: 896K->0K(960K), 0.0011010 secs] 4954K->4634K(10176K), 0.0012338 secs] [Times: user=0.00 sys=0.00, real=0.00 secs] 
2019-01-02T11:13:08.558+0530: 856.460: [GC (Allocation Failure) 2019-01-02T11:13:08.558+0530: 856.460: [DefNew
Desired survivor size 32768 bytes, new threshold 15 (max 15)
- age   1:         24 bytes,         24 total
- age   4:        184 bytes,        208 total
- age  10:         16 bytes,        224 total
: 462K->0K(960K), 0.0003022 secs] 5096K->4634K(10176K), 0.0004117 secs] [Times: user=0.00 sys=0.00, real=0.00 secs] 
2019-01-02T11:13:08.559+0530: 856.461: [GC (Allocation Failure) 2019-01-02T11:13:08.559+0530: 856.461: [DefNew
Desired survivor size 32768 bytes, new threshold 15 (max 15)
- age   2:         24 bytes,         24 total
- age   5:        184 bytes,        208 total
- age  11:         16 bytes,        224 total
: 499K->0K(960K), 0.0003455 secs] 5134K->5134K(10176K), 0.0004174 secs] [Times: user=0.00 sys=0.00, real=0.00 secs] 
2019-01-02T11:13:08.560+0530: 856.461: [GC (Allocation Failure) 2019-01-02T11:13:08.560+0530: 856.461: [DefNew
Desired survivor size 32768 bytes, new threshold 15 (max 15)
- age   1:         24 bytes,         24 total
- age   6:         72 bytes,         96 total
- age  12:         16 bytes,        112 total
: 517K->0K(960K), 0.0003877 secs] 5651K->5633K(10176K), 0.0004652 secs] [Times: user=0.00 sys=0.00, real=0.00 secs] 
2019-01-02T11:13:08.617+0530: 856.518: [GC (Allocation Failure) 2019-01-02T11:13:08.617+0530: 856.519: [DefNew
Desired survivor size 32768 bytes, new threshold 15 (max 15)
- age   1:        248 bytes,        248 total
- age   7:         16 bytes,        264 total
- age  13:         16 bytes,        280 total
: 870K->0K(960K), 0.0007104 secs] 6504K->5706K(10176K), 0.0010867 secs] [Times: user=0.00 sys=0.00, real=0.00 secs] 
2019-01-02T11:13:08.620+0530: 856.522: [GC (Allocation Failure) 2019-01-02T11:13:08.620+0530: 856.522: [DefNew
Desired survivor size 32768 bytes, new threshold 15 (max 15)
- age   1:         40 bytes,         40 total
- age   2:        184 bytes,        224 total
- age   8:         16 bytes,        240 total
- age  14:         16 bytes,        256 total
: 896K->0K(960K), 0.0006962 secs] 6602K->5994K(10176K), 0.0008809 secs] [Times: user=0.00 sys=0.00, real=0.00 secs] 
2019-01-02T11:13:08.622+0530: 856.524: [GC (Allocation Failure) 2019-01-02T11:13:08.622+0530: 856.524: [DefNew
Desired survivor size 32768 bytes, new threshold 15 (max 15)
- age   3:        184 bytes,        184 total
- age   9:         16 bytes,        200 total
- age  15:         16 bytes,        216 total
: 896K->0K(960K), 0.0011945 secs] 6890K->6570K(10176K), 0.0013513 secs] [Times: user=0.02 sys=0.00, real=0.00 secs] 
2019-01-02T11:13:08.625+0530: 856.527: [GC (Allocation Failure) 2019-01-02T11:13:08.625+0530: 856.527: [DefNew
Desired survivor size 32768 bytes, new threshold 15 (max 15)
- age   1:         24 bytes,         24 total
- age   4:        184 bytes,        208 total
- age  10:         16 bytes,        224 total
: 462K->0K(960K), 0.0005228 secs] 7032K->6570K(10176K), 0.0007041 secs] [Times: user=0.00 sys=0.00, real=0.00 secs] 
2019-01-02T11:13:08.626+0530: 856.528: [GC (Allocation Failure) 2019-01-02T11:13:08.626+0530: 856.528: [DefNew
Desired survivor size 32768 bytes, new threshold 15 (max 15)
- age   2:         24 bytes,         24 total
- age   5:        184 bytes,        208 total
- age  11:         16 bytes,        224 total
: 499K->0K(960K), 0.0003410 secs] 7069K->7069K(10176K), 0.0004236 secs] [Times: user=0.00 sys=0.00, real=0.00 secs] 
2019-01-02T11:13:08.627+0530: 856.529: [GC (Allocation Failure) 2019-01-02T11:13:08.627+0530: 856.529: [DefNew
Desired survivor size 32768 bytes, new threshold 15 (max 15)
- age   1:         24 bytes,         24 total
- age   6:         72 bytes,         96 total
- age  12:         16 bytes,        112 total
: 517K->0K(960K), 0.0003353 secs] 7586K->7569K(10176K), 0.0004065 secs] [Times: user=0.00 sys=0.00, real=0.00 secs] 
2019-01-02T11:13:08.689+0530: 856.591: [GC (Allocation Failure) 2019-01-02T11:13:08.689+0530: 856.591: [DefNew
Desired survivor size 32768 bytes, new threshold 15 (max 15)
- age   1:        248 bytes,        248 total
- age   7:         16 bytes,        264 total
- age  13:         16 bytes,        280 total
: 870K->0K(960K), 0.0009271 secs] 8439K->7641K(10176K), 0.0012760 secs] [Times: user=0.00 sys=0.00, real=0.00 secs] 
2019-01-02T11:13:08.693+0530: 856.594: [GC (Allocation Failure) 2019-01-02T11:13:08.693+0530: 856.595: [DefNew
Desired survivor size 32768 bytes, new threshold 15 (max 15)
- age   1:         40 bytes,         40 total
- age   2:        184 bytes,        224 total
- age   8:         16 bytes,        240 total
- age  14:         16 bytes,        256 total
: 896K->0K(960K), 0.0007520 secs] 8537K->7929K(10176K), 0.0009254 secs] [Times: user=0.00 sys=0.00, real=0.00 secs] 
2019-01-02T11:13:08.695+0530: 856.597: [GC (Allocation Failure) 2019-01-02T11:13:08.695+0530: 856.597: [DefNew
Desired survivor size 32768 bytes, new threshold 15 (max 15)
- age   3:        184 bytes,        184 total
- age   9:         16 bytes,        200 total
- age  15:         16 bytes,        216 total
: 896K->0K(960K), 0.0012521 secs] 8825K->8505K(10176K), 0.0014123 secs] [Times: user=0.00 sys=0.00, real=0.00 secs] 
2019-01-02T11:13:08.698+0530: 856.599: [GC (Allocation Failure) 2019-01-02T11:13:08.698+0530: 856.599: [DefNew
Desired survivor size 32768 bytes, new threshold 15 (max 15)
- age   1:         24 bytes,         24 total
- age   4:        184 bytes,        208 total
- age  10:         16 bytes,        224 total
: 462K->0K(960K), 0.0002503 secs] 8967K->8505K(10176K), 0.0003227 secs] [Times: user=0.00 sys=0.00, real=0.00 secs] 
2019-01-02T11:13:08.698+0530: 856.600: [GC (Allocation Failure) 2019-01-02T11:13:08.698+0530: 856.600: [DefNew
Desired survivor size 32768 bytes, new threshold 15 (max 15)
- age   2:         24 bytes,         24 total
- age   5:        184 bytes,        208 total
- age  11:         16 bytes,        224 total
: 499K->0K(960K), 0.0003621 secs] 9004K->9004K(10176K), 0.0004544 secs] [Times: user=0.00 sys=0.00, real=0.00 secs] 
2019-01-02T11:13:08.700+0530: 856.601: [GC (Allocation Failure) 2019-01-02T11:13:08.700+0530: 856.602: [DefNew: 517K->517K(960K), 0.0000411 secs]2019-01-02T11:13:08.700+0530: 856.602: [Tenured: 9004K->1264K(9216K), 0.0059177 secs] 9522K->1264K(10176K), [Metaspace: 2520K->2520K(1056768K)], 0.0061731 secs] [Times: user=0.02 sys=0.00, real=0.01 secs] 
2019-01-02T11:13:08.762+0530: 856.664: [GC (Allocation Failure) 2019-01-02T11:13:08.762+0530: 856.664: [DefNew
Desired survivor size 32768 bytes, new threshold 15 (max 15)
- age   1:        248 bytes,        248 total
: 870K->0K(960K), 0.0014801 secs] 2134K->1836K(10176K), 0.0016421 secs] [Times: user=0.02 sys=0.00, real=0.00 secs] 
2019-01-02T11:13:08.765+0530: 856.667: [GC (Allocation Failure) 2019-01-02T11:13:08.765+0530: 856.667: [DefNew
Desired survivor size 32768 bytes, new threshold 15 (max 15)
- age   1:         40 bytes,         40 total
- age   2:        184 bytes,        224 total
: 896K->0K(960K), 0.0006625 secs] 2732K->2123K(10176K), 0.0009641 secs] [Times: user=0.00 sys=0.00, real=0.00 secs] 
2019-01-02T11:13:08.768+0530: 856.670: [GC (Allocation Failure) 2019-01-02T11:13:08.768+0530: 856.670: [DefNew
Desired survivor size 32768 bytes, new threshold 15 (max 15)
- age   3:        184 bytes,        184 total
: 896K->0K(960K), 0.0012498 secs] 3019K->2699K(10176K), 0.0014528 secs] [Times: user=0.00 sys=0.00, real=0.00 secs] 
2019-01-02T11:13:08.771+0530: 856.673: [GC (Allocation Failure) 2019-01-02T11:13:08.771+0530: 856.673: [DefNew
Desired survivor size 32768 bytes, new threshold 15 (max 15)
- age   1:         24 bytes,         24 total
- age   4:        184 bytes,        208 total
: 462K->0K(960K), 0.0003997 secs] 3161K->2699K(10176K), 0.0004995 secs] [Times: user=0.00 sys=0.00, real=0.00 secs] 
2019-01-02T11:13:08.772+0530: 856.674: [GC (Allocation Failure) 2019-01-02T11:13:08.772+0530: 856.674: [DefNew
Desired survivor size 32768 bytes, new threshold 15 (max 15)
- age   2:         24 bytes,         24 total
- age   5:        184 bytes,        208 total
: 499K->0K(960K), 0.0004174 secs] 3199K->3199K(10176K), 0.0005040 secs] [Times: user=0.00 sys=0.00, real=0.00 secs] 
2019-01-02T11:13:08.773+0530: 856.675: [GC (Allocation Failure) 2019-01-02T11:13:08.773+0530: 856.675: [DefNew
Desired survivor size 32768 bytes, new threshold 15 (max 15)
- age   1:         24 bytes,         24 total
- age   6:         72 bytes,         96 total
: 517K->0K(960K), 0.0003187 secs] 3716K->3699K(10176K), 0.0003911 secs] [Times: user=0.00 sys=0.00, real=0.00 secs] 
2019-01-02T11:13:08.831+0530: 856.733: [GC (Allocation Failure) 2019-01-02T11:13:08.831+0530: 856.733: [DefNew
Desired survivor size 32768 bytes, new threshold 15 (max 15)
- age   1:        248 bytes,        248 total
- age   7:         16 bytes,        264 total
: 870K->0K(960K), 0.0005462 secs] 4569K->3771K(10176K), 0.0009282 secs] [Times: user=0.00 sys=0.00, real=0.00 secs] 
2019-01-02T11:13:08.835+0530: 856.736: [GC (Allocation Failure) 2019-01-02T11:13:08.835+0530: 856.737: [DefNew
Desired survivor size 32768 bytes, new threshold 15 (max 15)
- age   1:         40 bytes,         40 total
- age   2:        184 bytes,        224 total
- age   8:         16 bytes,        240 total
: 896K->0K(960K), 0.0004476 secs] 4667K->4059K(10176K), 0.0007138 secs] [Times: user=0.00 sys=0.00, real=0.00 secs] 
2019-01-02T11:13:08.837+0530: 856.738: [GC (Allocation Failure) 2019-01-02T11:13:08.837+0530: 856.738: [DefNew
Desired survivor size 32768 bytes, new threshold 15 (max 15)
- age   3:        184 bytes,        184 total
- age   9:         16 bytes,        200 total
: 896K->0K(960K), 0.0008039 secs] 4955K->4635K(10176K), 0.0008980 secs] [Times: user=0.00 sys=0.00, real=0.00 secs] 
2019-01-02T11:13:08.839+0530: 856.740: [GC (Allocation Failure) 2019-01-02T11:13:08.839+0530: 856.740: [DefNew
Desired survivor size 32768 bytes, new threshold 15 (max 15)
- age   1:         24 bytes,         24 total
- age   4:        184 bytes,        208 total
- age  10:         16 bytes,        224 total
: 462K->0K(960K), 0.0002349 secs] 5097K->4635K(10176K), 0.0003056 secs] [Times: user=0.00 sys=0.00, real=0.00 secs] 
2019-01-02T11:13:08.839+0530: 856.741: [GC (Allocation Failure) 2019-01-02T11:13:08.839+0530: 856.741: [DefNew
Desired survivor size 32768 bytes, new threshold 15 (max 15)
- age   2:         24 bytes,         24 total
- age   5:        184 bytes,        208 total
- age  11:         16 bytes,        224 total
: 499K->0K(960K), 0.0003142 secs] 5134K->5134K(10176K), 0.0003826 secs] [Times: user=0.00 sys=0.00, real=0.00 secs] 
2019-01-02T11:13:08.840+0530: 856.742: [GC (Allocation Failure) 2019-01-02T11:13:08.840+0530: 856.742: [DefNew
Desired survivor size 32768 bytes, new threshold 15 (max 15)
- age   1:         24 bytes,         24 total
- age   6:         72 bytes,         96 total
- age  12:         16 bytes,        112 total
: 517K->0K(960K), 0.0003239 secs] 5652K->5634K(10176K), 0.0003946 secs] [Times: user=0.00 sys=0.00, real=0.00 secs] 
2019-01-02T11:13:08.898+0530: 856.800: [GC (Allocation Failure) 2019-01-02T11:13:08.898+0530: 856.800: [DefNew
Desired survivor size 32768 bytes, new threshold 15 (max 15)
- age   1:        248 bytes,        248 total
- age   7:         16 bytes,        264 total
- age  13:         16 bytes,        280 total
: 870K->0K(960K), 0.0008279 secs] 6505K->5706K(10176K), 0.0012065 secs] [Times: user=0.00 sys=0.00, real=0.00 secs] 
2019-01-02T11:13:08.902+0530: 856.804: [GC (Allocation Failure) 2019-01-02T11:13:08.902+0530: 856.804: [DefNew
Desired survivor size 32768 bytes, new threshold 15 (max 15)
- age   1:         40 bytes,         40 total
- age   2:        184 bytes,        224 total
- age   8:         16 bytes,        240 total
- age  14:         16 bytes,        256 total
: 896K->0K(960K), 0.0004402 secs] 6602K->5994K(10176K), 0.0007002 secs] [Times: user=0.00 sys=0.00, real=0.00 secs] 
2019-01-02T11:13:08.904+0530: 856.806: [GC (Allocation Failure) 2019-01-02T11:13:08.904+0530: 856.806: [DefNew
Desired survivor size 32768 bytes, new threshold 15 (max 15)
- age   3:        184 bytes,        184 total
- age   9:         16 bytes,        200 total
- age  15:         16 bytes,        216 total
: 896K->0K(960K), 0.0008398 secs] 6890K->6570K(10176K), 0.0009288 secs] [Times: user=0.00 sys=0.00, real=0.00 secs] 
2019-01-02T11:13:08.906+0530: 856.808: [GC (Allocation Failure) 2019-01-02T11:13:08.906+0530: 856.808: [DefNew
Desired survivor size 32768 bytes, new threshold 15 (max 15)
- age   1:         24 bytes,         24 total
- age   4:        184 bytes,        208 total
- age  10:         16 bytes,        224 total
: 462K->0K(960K), 0.0002594 secs] 7032K->6570K(10176K), 0.0003335 secs] [Times: user=0.00 sys=0.00, real=0.00 secs] 
2019-01-02T11:13:08.907+0530: 856.809: [GC (Allocation Failure) 2019-01-02T11:13:08.907+0530: 856.809: [DefNew
Desired survivor size 32768 bytes, new threshold 15 (max 15)
- age   2:         24 bytes,         24 total
- age   5:        184 bytes,        208 total
- age  11:         16 bytes,        224 total
: 499K->0K(960K), 0.0003267 secs] 7070K->7070K(10176K), 0.0003980 secs] [Times: user=0.00 sys=0.00, real=0.00 secs] 
2019-01-02T11:13:08.908+0530: 856.810: [GC (Allocation Failure) 2019-01-02T11:13:08.908+0530: 856.810: [DefNew
Desired survivor size 32768 bytes, new threshold 15 (max 15)
- age   1:         24 bytes,         24 total
- age   6:         72 bytes,         96 total
- age  12:         16 bytes,        112 total
: 517K->0K(960K), 0.0003273 secs] 7587K->7569K(10176K), 0.0004128 secs] [Times: user=0.00 sys=0.00, real=0.00 secs] 
2019-01-02T11:13:08.964+0530: 856.866: [GC (Allocation Failure) 2019-01-02T11:13:08.964+0530: 856.866: [DefNew
Desired survivor size 32768 bytes, new threshold 15 (max 15)
- age   1:        248 bytes,        248 total
- age   7:         16 bytes,        264 total
- age  13:         16 bytes,        280 total
: 870K->0K(960K), 0.0009516 secs] 8440K->7642K(10176K), 0.0012127 secs] [Times: user=0.00 sys=0.00, real=0.00 secs] 
2019-01-02T11:13:08.967+0530: 856.869: [GC (Allocation Failure) 2019-01-02T11:13:08.967+0530: 856.869: [DefNew
Desired survivor size 32768 bytes, new threshold 15 (max 15)
- age   1:         40 bytes,         40 total
- age   2:        184 bytes,        224 total
- age   8:         16 bytes,        240 total
- age  14:         16 bytes,        256 total
: 896K->0K(960K), 0.0008130 secs] 8538K->7930K(10176K), 0.0016061 secs] [Times: user=0.00 sys=0.00, real=0.00 secs] 
2019-01-02T11:13:08.970+0530: 856.872: [GC (Allocation Failure) 2019-01-02T11:13:08.970+0530: 856.872: [DefNew
Desired survivor size 32768 bytes, new threshold 15 (max 15)
- age   3:        184 bytes,        184 total
- age   9:         16 bytes,        200 total
- age  15:         16 bytes,        216 total
: 896K->0K(960K), 0.0008416 secs] 8826K->8506K(10176K), 0.0010001 secs] [Times: user=0.00 sys=0.00, real=0.00 secs] 
2019-01-02T11:13:08.973+0530: 856.874: [GC (Allocation Failure) 2019-01-02T11:13:08.973+0530: 856.875: [DefNew
Desired survivor size 32768 bytes, new threshold 15 (max 15)
- age   1:         24 bytes,         24 total
- age   4:        184 bytes,        208 total
- age  10:         16 bytes,        224 total
: 462K->0K(960K), 0.0005411 secs] 8968K->8506K(10176K), 0.0006574 secs] [Times: user=0.00 sys=0.00, real=0.00 secs] 
2019-01-02T11:13:08.974+0530: 856.875: [GC (Allocation Failure) 2019-01-02T11:13:08.974+0530: 856.876: [DefNew
Desired survivor size 32768 bytes, new threshold 15 (max 15)
- age   2:         24 bytes,         24 total
- age   5:        184 bytes,        208 total
- age  11:         16 bytes,        224 total
: 499K->0K(960K), 0.0003392 secs] 9005K->9005K(10176K), 0.0004139 secs] [Times: user=0.00 sys=0.00, real=0.00 secs] 
2019-01-02T11:13:08.974+0530: 856.876: [GC (Allocation Failure) 2019-01-02T11:13:08.974+0530: 856.876: [DefNew: 517K->517K(960K), 0.0000291 secs]2019-01-02T11:13:08.975+0530: 856.876: [Tenured: 9005K->1264K(9216K), 0.0036627 secs] 9523K->1264K(10176K), [Metaspace: 2520K->2520K(1056768K)], 0.0038144 secs] [Times: user=0.00 sys=0.00, real=0.00 secs] 
2019-01-02T11:13:09.035+0530: 856.937: [GC (Allocation Failure) 2019-01-02T11:13:09.035+0530: 856.937: [DefNew
Desired survivor size 32768 bytes, new threshold 15 (max 15)
- age   1:        248 bytes,        248 total
: 870K->0K(960K), 0.0008045 secs] 2134K->1836K(10176K), 0.0011437 secs] [Times: user=0.00 sys=0.00, real=0.00 secs] 
2019-01-02T11:13:09.038+0530: 856.940: [GC (Allocation Failure) 2019-01-02T11:13:09.038+0530: 856.940: [DefNew
Desired survivor size 32768 bytes, new threshold 15 (max 15)
- age   1:         40 bytes,         40 total
- age   2:        184 bytes,        224 total
: 896K->0K(960K), 0.0005525 secs] 2732K->2124K(10176K), 0.0007155 secs] [Times: user=0.00 sys=0.00, real=0.00 secs] 
2019-01-02T11:13:09.040+0530: 856.942: [GC (Allocation Failure) 2019-01-02T11:13:09.040+0530: 856.942: [DefNew
Desired survivor size 32768 bytes, new threshold 15 (max 15)
- age   3:        184 bytes,        184 total
: 896K->0K(960K), 0.0009368 secs] 3020K->2700K(10176K), 0.0012139 secs] [Times: user=0.00 sys=0.00, real=0.00 secs] 
2019-01-02T11:13:09.043+0530: 856.945: [GC (Allocation Failure) 2019-01-02T11:13:09.043+0530: 856.945: [DefNew
Desired survivor size 32768 bytes, new threshold 15 (max 15)
- age   1:         24 bytes,         24 total
- age   4:        184 bytes,        208 total
: 462K->0K(960K), 0.0007874 secs] 3162K->2700K(10176K), 0.0009613 secs] [Times: user=0.00 sys=0.01, real=0.00 secs] 
2019-01-02T11:13:09.045+0530: 856.946: [GC (Allocation Failure) 2019-01-02T11:13:09.045+0530: 856.946: [DefNew
Desired survivor size 32768 bytes, new threshold 15 (max 15)
- age   2:         24 bytes,         24 total
- age   5:        184 bytes,        208 total
: 499K->0K(960K), 0.0003415 secs] 3199K->3199K(10176K), 0.0004174 secs] [Times: user=0.00 sys=0.00, real=0.00 secs] 
2019-01-02T11:13:09.045+0530: 856.947: [GC (Allocation Failure) 2019-01-02T11:13:09.045+0530: 856.947: [DefNew
Desired survivor size 32768 bytes, new threshold 15 (max 15)
- age   1:         24 bytes,         24 total
- age   6:         72 bytes,         96 total
: 517K->0K(960K), 0.0003318 secs] 3717K->3699K(10176K), 0.0004048 secs] [Times: user=0.00 sys=0.00, real=0.00 secs] 
2019-01-02T11:13:09.103+0530: 857.005: [GC (Allocation Failure) 2019-01-02T11:13:09.103+0530: 857.005: [DefNew
Desired survivor size 32768 bytes, new threshold 15 (max 15)
- age   1:        248 bytes,        248 total
- age   7:         16 bytes,        264 total
: 870K->0K(960K), 0.0011283 secs] 4570K->3771K(10176K), 0.0014630 secs] [Times: user=0.00 sys=0.00, real=0.00 secs] 
2019-01-02T11:13:09.106+0530: 857.008: [GC (Allocation Failure) 2019-01-02T11:13:09.106+0530: 857.008: [DefNew
Desired survivor size 32768 bytes, new threshold 15 (max 15)
- age   1:         40 bytes,         40 total
- age   2:        184 bytes,        224 total
- age   8:         16 bytes,        240 total
: 896K->0K(960K), 0.0005713 secs] 4667K->4059K(10176K), 0.0007469 secs] [Times: user=0.00 sys=0.00, real=0.00 secs] 
2019-01-02T11:13:09.108+0530: 857.010: [GC (Allocation Failure) 2019-01-02T11:13:09.108+0530: 857.010: [DefNew
Desired survivor size 32768 bytes, new threshold 15 (max 15)
- age   3:        184 bytes,        184 total
- age   9:         16 bytes,        200 total
: 896K->0K(960K), 0.0010839 secs] 4955K->4635K(10176K), 0.0013667 secs] [Times: user=0.00 sys=0.00, real=0.00 secs] 
2019-01-02T11:13:09.111+0530: 857.013: [GC (Allocation Failure) 2019-01-02T11:13:09.111+0530: 857.013: [DefNew
Desired survivor size 32768 bytes, new threshold 15 (max 15)
- age   1:         24 bytes,         24 total
- age   4:        184 bytes,        208 total
- age  10:         16 bytes,        224 total
: 462K->0K(960K), 0.0002606 secs] 5097K->4635K(10176K), 0.0003461 secs] [Times: user=0.00 sys=0.00, real=0.00 secs] 
2019-01-02T11:13:09.112+0530: 857.014: [GC (Allocation Failure) 2019-01-02T11:13:09.112+0530: 857.014: [DefNew
Desired survivor size 32768 bytes, new threshold 15 (max 15)
- age   2:         24 bytes,         24 total
- age   5:        184 bytes,        208 total
- age  11:         16 bytes,        224 total
: 499K->0K(960K), 0.0003472 secs] 5135K->5135K(10176K), 0.0004208 secs] [Times: user=0.00 sys=0.00, real=0.00 secs] 
2019-01-02T11:13:09.113+0530: 857.015: [GC (Allocation Failure) 2019-01-02T11:13:09.113+0530: 857.015: [DefNew
Desired survivor size 32768 bytes, new threshold 15 (max 15)
- age   1:         24 bytes,         24 total
- age   6:         72 bytes,         96 total
- age  12:         16 bytes,        112 total
: 517K->0K(960K), 0.0003347 secs] 5652K->5635K(10176K), 0.0004077 secs] [Times: user=0.00 sys=0.00, real=0.00 secs] 
2019-01-02T11:13:09.172+0530: 857.074: [GC (Allocation Failure) 2019-01-02T11:13:09.172+0530: 857.074: [DefNew
Desired survivor size 32768 bytes, new threshold 15 (max 15)
- age   1:        248 bytes,        248 total
- age   7:         16 bytes,        264 total
- age  13:         16 bytes,        280 total
: 870K->0K(960K), 0.0005941 secs] 6505K->5707K(10176K), 0.0009596 secs] [Times: user=0.00 sys=0.00, real=0.00 secs] 
2019-01-02T11:13:09.175+0530: 857.077: [GC (Allocation Failure) 2019-01-02T11:13:09.175+0530: 857.077: [DefNew
Desired survivor size 32768 bytes, new threshold 15 (max 15)
- age   1:         40 bytes,         40 total
- age   2:        184 bytes,        224 total
- age   8:         16 bytes,        240 total
- age  14:         16 bytes,        256 total
: 896K->0K(960K), 0.0006323 secs] 6603K->5995K(10176K), 0.0007731 secs] [Times: user=0.00 sys=0.00, real=0.00 secs] 
2019-01-02T11:13:09.177+0530: 857.079: [GC (Allocation Failure) 2019-01-02T11:13:09.177+0530: 857.079: [DefNew
Desired survivor size 32768 bytes, new threshold 15 (max 15)
- age   3:        184 bytes,        184 total
- age   9:         16 bytes,        200 total
- age  15:         16 bytes,        216 total
: 896K->0K(960K), 0.0010559 secs] 6891K->6571K(10176K), 0.0012720 secs] [Times: user=0.00 sys=0.00, real=0.00 secs] 
2019-01-02T11:13:09.180+0530: 857.081: [GC (Allocation Failure) 2019-01-02T11:13:09.180+0530: 857.082: [DefNew
Desired survivor size 32768 bytes, new threshold 15 (max 15)
- age   1:         24 bytes,         24 total
- age   4:        184 bytes,        208 total
- age  10:         16 bytes,        224 total
: 462K->0K(960K), 0.0005251 secs] 7033K->6571K(10176K), 0.0007110 secs] [Times: user=0.00 sys=0.00, real=0.00 secs] 
2019-01-02T11:13:09.181+0530: 857.083: [GC (Allocation Failure) 2019-01-02T11:13:09.181+0530: 857.083: [DefNew
Desired survivor size 32768 bytes, new threshold 15 (max 15)
- age   2:         24 bytes,         24 total
- age   5:        184 bytes,        208 total
- age  11:         16 bytes,        224 total
: 499K->0K(960K), 0.0003261 secs] 7070K->7070K(10176K), 0.0003974 secs] [Times: user=0.00 sys=0.00, real=0.00 secs] 
2019-01-02T11:13:09.181+0530: 857.083: [GC (Allocation Failure) 2019-01-02T11:13:09.181+0530: 857.083: [DefNew
Desired survivor size 32768 bytes, new threshold 15 (max 15)
- age   1:         24 bytes,         24 total
- age   6:         72 bytes,         96 total
- age  12:         16 bytes,        112 total
: 517K->0K(960K), 0.0003124 secs] 7588K->7570K(10176K), 0.0003883 secs] [Times: user=0.00 sys=0.00, real=0.00 secs] 
2019-01-02T11:13:09.240+0530: 857.142: [GC (Allocation Failure) 2019-01-02T11:13:09.241+0530: 857.142: [DefNew
Desired survivor size 32768 bytes, new threshold 15 (max 15)
- age   1:        248 bytes,        248 total
- age   7:         16 bytes,        264 total
- age  13:         16 bytes,        280 total
: 870K->0K(960K), 0.0010240 secs] 8441K->7642K(10176K), 0.0013370 secs] [Times: user=0.00 sys=0.00, real=0.00 secs] 
2019-01-02T11:13:09.243+0530: 857.145: [GC (Allocation Failure) 2019-01-02T11:13:09.243+0530: 857.145: [DefNew
Desired survivor size 32768 bytes, new threshold 15 (max 15)
- age   1:         40 bytes,         40 total
- age   2:        184 bytes,        224 total
- age   8:         16 bytes,        240 total
- age  14:         16 bytes,        256 total
: 896K->0K(960K), 0.0007019 secs] 8538K->7930K(10176K), 0.0008598 secs] [Times: user=0.00 sys=0.00, real=0.00 secs] 
2019-01-02T11:13:09.246+0530: 857.147: [GC (Allocation Failure) 2019-01-02T11:13:09.246+0530: 857.147: [DefNew
Desired survivor size 32768 bytes, new threshold 15 (max 15)
- age   3:        184 bytes,        184 total
- age   9:         16 bytes,        200 total
- age  15:         16 bytes,        216 total
: 896K->0K(960K), 0.0003529 secs] 8826K->8506K(10176K), 0.0004282 secs] [Times: user=0.00 sys=0.00, real=0.00 secs] 
2019-01-02T11:13:09.247+0530: 857.149: [GC (Allocation Failure) 2019-01-02T11:13:09.247+0530: 857.149: [DefNew
Desired survivor size 32768 bytes, new threshold 15 (max 15)
- age   1:         24 bytes,         24 total
- age   4:        184 bytes,        208 total
- age  10:         16 bytes,        224 total
: 462K->0K(960K), 0.0002321 secs] 8968K->8506K(10176K), 0.0003056 secs] [Times: user=0.00 sys=0.02, real=0.00 secs] 
2019-01-02T11:13:09.248+0530: 857.149: [GC (Allocation Failure) 2019-01-02T11:13:09.248+0530: 857.150: [DefNew
Desired survivor size 32768 bytes, new threshold 15 (max 15)
- age   2:         24 bytes,         24 total
- age   5:        184 bytes,        208 total
- age  11:         16 bytes,        224 total
: 499K->0K(960K), 0.0003204 secs] 9006K->9006K(10176K), 0.0003906 secs] [Times: user=0.00 sys=0.00, real=0.00 secs] 
2019-01-02T11:13:09.248+0530: 857.150: [GC (Allocation Failure) 2019-01-02T11:13:09.248+0530: 857.150: [DefNew: 517K->517K(960K), 0.0000279 secs]2019-01-02T11:13:09.248+0530: 857.150: [Tenured: 9006K->1264K(9216K), 0.0039734 secs] 9523K->1264K(10176K), [Metaspace: 2520K->2520K(1056768K)], 0.0041262 secs] [Times: user=0.00 sys=0.00, real=0.00 secs] 
2019-01-02T11:13:09.308+0530: 857.210: [GC (Allocation Failure) 2019-01-02T11:13:09.309+0530: 857.211: [DefNew
Desired survivor size 32768 bytes, new threshold 15 (max 15)
- age   1:        248 bytes,        248 total
: 870K->0K(960K), 0.0011905 secs] 2135K->1836K(10176K), 0.0019739 secs] [Times: user=0.02 sys=0.00, real=0.00 secs] 
2019-01-02T11:13:09.313+0530: 857.214: [GC (Allocation Failure) 2019-01-02T11:13:09.313+0530: 857.215: [DefNew
Desired survivor size 32768 bytes, new threshold 15 (max 15)
- age   1:         40 bytes,         40 total
- age   2:        184 bytes,        224 total
: 896K->0K(960K), 0.0008792 secs] 2732K->2124K(10176K), 0.0011728 secs] [Times: user=0.00 sys=0.00, real=0.00 secs] 
2019-01-02T11:13:09.315+0530: 857.217: [GC (Allocation Failure) 2019-01-02T11:13:09.315+0530: 857.217: [DefNew
Desired survivor size 32768 bytes, new threshold 15 (max 15)
- age   3:        184 bytes,        184 total
: 896K->0K(960K), 0.0012475 secs] 3020K->2700K(10176K), 0.0014305 secs] [Times: user=0.00 sys=0.00, real=0.00 secs] 
2019-01-02T11:13:09.318+0530: 857.220: [GC (Allocation Failure) 2019-01-02T11:13:09.318+0530: 857.220: [DefNew
Desired survivor size 32768 bytes, new threshold 15 (max 15)
- age   1:         24 bytes,         24 total
- age   4:        184 bytes,        208 total
: 462K->0K(960K), 0.0002606 secs] 3162K->2700K(10176K), 0.0003438 secs] [Times: user=0.00 sys=0.00, real=0.00 secs] 
2019-01-02T11:13:09.318+0530: 857.220: [GC (Allocation Failure) 2019-01-02T11:13:09.318+0530: 857.220: [DefNew
Desired survivor size 32768 bytes, new threshold 15 (max 15)
- age   2:         24 bytes,         24 total
- age   5:        184 bytes,        208 total
: 499K->0K(960K), 0.0004858 secs] 3200K->3200K(10176K), 0.0005610 secs] [Times: user=0.00 sys=0.00, real=0.00 secs] 
2019-01-02T11:13:09.320+0530: 857.222: [GC (Allocation Failure) 2019-01-02T11:13:09.320+0530: 857.222: [DefNew
Desired survivor size 32768 bytes, new threshold 15 (max 15)
- age   1:         24 bytes,         24 total
- age   6:         72 bytes,         96 total
: 517K->0K(960K), 0.0007583 secs] 3717K->3699K(10176K), 0.0010120 secs] [Times: user=0.00 sys=0.00, real=0.00 secs] 
2019-01-02T11:13:09.378+0530: 857.280: [GC (Allocation Failure) 2019-01-02T11:13:09.379+0530: 857.281: [DefNew
Desired survivor size 32768 bytes, new threshold 15 (max 15)
- age   1:        248 bytes,        248 total
- age   7:         16 bytes,        264 total
: 870K->0K(960K), 0.0005838 secs] 4570K->3772K(10176K), 0.0009413 secs] [Times: user=0.00 sys=0.00, real=0.00 secs] 
2019-01-02T11:13:09.381+0530: 857.283: [GC (Allocation Failure) 2019-01-02T11:13:09.382+0530: 857.284: [DefNew
Desired survivor size 32768 bytes, new threshold 15 (max 15)
- age   1:         40 bytes,         40 total
- age   2:        184 bytes,        224 total
- age   8:         16 bytes,        240 total
: 896K->0K(960K), 0.0008518 secs] 4668K->4060K(10176K), 0.0010867 secs] [Times: user=0.00 sys=0.00, real=0.00 secs] 
2019-01-02T11:13:09.384+0530: 857.286: [GC (Allocation Failure) 2019-01-02T11:13:09.384+0530: 857.286: [DefNew
Desired survivor size 32768 bytes, new threshold 15 (max 15)
- age   3:        184 bytes,        184 total
- age   9:         16 bytes,        200 total
: 896K->0K(960K), 0.0003985 secs] 4956K->4636K(10176K), 0.0004738 secs] [Times: user=0.00 sys=0.00, real=0.00 secs] 
2019-01-02T11:13:09.386+0530: 857.287: [GC (Allocation Failure) 2019-01-02T11:13:09.386+0530: 857.288: [DefNew
Desired survivor size 32768 bytes, new threshold 15 (max 15)
- age   1:         24 bytes,         24 total
- age   4:        184 bytes,        208 total
- age  10:         16 bytes,        224 total
: 462K->0K(960K), 0.0002480 secs] 5098K->4636K(10176K), 0.0003033 secs] [Times: user=0.00 sys=0.00, real=0.00 secs] 
2019-01-02T11:13:09.387+0530: 857.289: [GC (Allocation Failure) 2019-01-02T11:13:09.387+0530: 857.289: [DefNew
Desired survivor size 32768 bytes, new threshold 15 (max 15)
- age   2:         24 bytes,         24 total
- age   5:        184 bytes,        208 total
- age  11:         16 bytes,        224 total
: 500K->0K(960K), 0.0008763 secs] 5135K->5135K(10176K), 0.0010314 secs] [Times: user=0.02 sys=0.00, real=0.00 secs] 
2019-01-02T11:13:09.388+0530: 857.290: [GC (Allocation Failure) 2019-01-02T11:13:09.388+0530: 857.290: [DefNew
Desired survivor size 32768 bytes, new threshold 15 (max 15)
- age   1:         24 bytes,         24 total
- age   6:         72 bytes,         96 total
- age  12:         16 bytes,        112 total
: 517K->0K(960K), 0.0004915 secs] 5653K->5635K(10176K), 0.0005992 secs] [Times: user=0.00 sys=0.00, real=0.00 secs] 
2019-01-02T11:13:09.445+0530: 857.347: [GC (Allocation Failure) 2019-01-02T11:13:09.445+0530: 857.347: [DefNew
Desired survivor size 32768 bytes, new threshold 15 (max 15)
- age   1:        248 bytes,        248 total
- age   7:         16 bytes,        264 total
- age  13:         16 bytes,        280 total
: 870K->0K(960K), 0.0009493 secs] 6506K->5707K(10176K), 0.0012184 secs] [Times: user=0.00 sys=0.00, real=0.00 secs] 
2019-01-02T11:13:09.448+0530: 857.350: [GC (Allocation Failure) 2019-01-02T11:13:09.448+0530: 857.350: [DefNew
Desired survivor size 32768 bytes, new threshold 15 (max 15)
- age   1:         40 bytes,         40 total
- age   2:        184 bytes,        224 total
- age   8:         16 bytes,        240 total
- age  14:         16 bytes,        256 total
: 896K->0K(960K), 0.0012652 secs] 6603K->5995K(10176K), 0.0014915 secs] [Times: user=0.01 sys=0.00, real=0.00 secs] 
2019-01-02T11:13:09.451+0530: 857.353: [GC (Allocation Failure) 2019-01-02T11:13:09.451+0530: 857.353: [DefNew
Desired survivor size 32768 bytes, new threshold 15 (max 15)
- age   3:        184 bytes,        184 total
- age   9:         16 bytes,        200 total
- age  15:         16 bytes,        216 total
: 896K->0K(960K), 0.0006198 secs] 6891K->6571K(10176K), 0.0007423 secs] [Times: user=0.00 sys=0.00, real=0.00 secs] 
2019-01-02T11:13:09.453+0530: 857.355: [GC (Allocation Failure) 2019-01-02T11:13:09.453+0530: 857.355: [DefNew
Desired survivor size 32768 bytes, new threshold 15 (max 15)
- age   1:         24 bytes,         24 total
- age   4:        184 bytes,        208 total
- age  10:         16 bytes,        224 total
: 462K->0K(960K), 0.0008524 secs] 7033K->6571K(10176K), 0.0010936 secs] [Times: user=0.00 sys=0.00, real=0.00 secs] 
2019-01-02T11:13:09.455+0530: 857.357: [GC (Allocation Failure) 2019-01-02T11:13:09.455+0530: 857.357: [DefNew
Desired survivor size 32768 bytes, new threshold 15 (max 15)
- age   2:         24 bytes,         24 total
- age   5:        184 bytes,        208 total
- age  11:         16 bytes,        224 total
: 500K->0K(960K), 0.0003626 secs] 7071K->7071K(10176K), 0.0004236 secs] [Times: user=0.00 sys=0.00, real=0.00 secs] 
2019-01-02T11:13:09.456+0530: 857.358: [GC (Allocation Failure) 2019-01-02T11:13:09.456+0530: 857.358: [DefNew
Desired survivor size 32768 bytes, new threshold 15 (max 15)
- age   1:         24 bytes,         24 total
- age   6:         72 bytes,         96 total
- age  12:         16 bytes,        112 total
: 517K->0K(960K), 0.0006369 secs] 7589K->7571K(10176K), 0.0007292 secs] [Times: user=0.00 sys=0.00, real=0.00 secs] 
2019-01-02T11:13:09.509+0530: 857.411: [GC (Allocation Failure) 2019-01-02T11:13:09.509+0530: 857.411: [DefNew
Desired survivor size 32768 bytes, new threshold 15 (max 15)
- age   1:        248 bytes,        248 total
- age   7:         16 bytes,        264 total
- age  13:         16 bytes,        280 total
: 870K->0K(960K), 0.0015622 secs] 8442K->7643K(10176K), 0.0020007 secs] [Times: user=0.00 sys=0.00, real=0.00 secs] 
2019-01-02T11:13:09.513+0530: 857.415: [GC (Allocation Failure) 2019-01-02T11:13:09.513+0530: 857.415: [DefNew
Desired survivor size 32768 bytes, new threshold 15 (max 15)
- age   1:         40 bytes,         40 total
- age   2:        184 bytes,        224 total
- age   8:         16 bytes,        240 total
- age  14:         16 bytes,        256 total
: 896K->0K(960K), 0.0008490 secs] 8539K->7931K(10176K), 0.0010103 secs] [Times: user=0.00 sys=0.00, real=0.00 secs] 
2019-01-02T11:13:09.515+0530: 857.417: [GC (Allocation Failure) 2019-01-02T11:13:09.515+0530: 857.417: [DefNew
Desired survivor size 32768 bytes, new threshold 15 (max 15)
- age   3:        184 bytes,        184 total
- age   9:         16 bytes,        200 total
- age  15:         16 bytes,        216 total
: 896K->0K(960K), 0.0009710 secs] 8827K->8507K(10176K), 0.0011688 secs] [Times: user=0.00 sys=0.00, real=0.00 secs] 
2019-01-02T11:13:09.518+0530: 857.420: [GC (Allocation Failure) 2019-01-02T11:13:09.518+0530: 857.420: [DefNew
Desired survivor size 32768 bytes, new threshold 15 (max 15)
- age   1:         24 bytes,         24 total
- age   4:        184 bytes,        208 total
- age  10:         16 bytes,        224 total
: 462K->0K(960K), 0.0003045 secs] 8969K->8507K(10176K), 0.0003849 secs] [Times: user=0.00 sys=0.00, real=0.00 secs] 
2019-01-02T11:13:09.518+0530: 857.420: [GC (Allocation Failure) 2019-01-02T11:13:09.518+0530: 857.420: [DefNew
Desired survivor size 32768 bytes, new threshold 15 (max 15)
- age   2:         24 bytes,         24 total
- age   5:        184 bytes,        208 total
- age  11:         16 bytes,        224 total
: 500K->0K(960K), 0.0003535 secs] 9007K->9007K(10176K), 0.0004316 secs] [Times: user=0.00 sys=0.00, real=0.00 secs] 
2019-01-02T11:13:09.519+0530: 857.421: [GC (Allocation Failure) 2019-01-02T11:13:09.519+0530: 857.421: [DefNew: 517K->517K(960K), 0.0000291 secs]2019-01-02T11:13:09.519+0530: 857.421: [Tenured: 9007K->1264K(9216K), 0.0058584 secs] 9524K->1264K(10176K), [Metaspace: 2520K->2520K(1056768K)], 0.0060996 secs] [Times: user=0.00 sys=0.00, real=0.01 secs] 
2019-01-02T11:13:09.577+0530: 857.479: [GC (Allocation Failure) 2019-01-02T11:13:09.577+0530: 857.479: [DefNew
Desired survivor size 32768 bytes, new threshold 15 (max 15)
- age   1:        248 bytes,        248 total
: 870K->0K(960K), 0.0011323 secs] 2135K->1836K(10176K), 0.0013997 secs] [Times: user=0.00 sys=0.00, real=0.00 secs] 
2019-01-02T11:13:09.581+0530: 857.483: [GC (Allocation Failure) 2019-01-02T11:13:09.581+0530: 857.483: [DefNew
Desired survivor size 32768 bytes, new threshold 15 (max 15)
- age   1:         40 bytes,         40 total
- age   2:        184 bytes,        224 total
: 896K->0K(960K), 0.0008957 secs] 2732K->2124K(10176K), 0.0011683 secs] [Times: user=0.00 sys=0.00, real=0.00 secs] 
2019-01-02T11:13:09.584+0530: 857.486: [GC (Allocation Failure) 2019-01-02T11:13:09.584+0530: 857.486: [DefNew
Desired survivor size 32768 bytes, new threshold 15 (max 15)
- age   3:        184 bytes,        184 total
: 896K->0K(960K), 0.0012868 secs] 3020K->2700K(10176K), 0.0014391 secs] [Times: user=0.00 sys=0.00, real=0.00 secs] 
2019-01-02T11:13:09.586+0530: 857.488: [GC (Allocation Failure) 2019-01-02T11:13:09.586+0530: 857.488: [DefNew
Desired survivor size 32768 bytes, new threshold 15 (max 15)
- age   1:         24 bytes,         24 total
- age   4:        184 bytes,        208 total
: 462K->0K(960K), 0.0002651 secs] 3162K->2700K(10176K), 0.0003432 secs] [Times: user=0.00 sys=0.00, real=0.00 secs] 
2019-01-02T11:13:09.587+0530: 857.489: [GC (Allocation Failure) 2019-01-02T11:13:09.587+0530: 857.489: [DefNew
Desired survivor size 32768 bytes, new threshold 15 (max 15)
- age   2:         24 bytes,         24 total
- age   5:        184 bytes,        208 total
: 500K->0K(960K), 0.0012156 secs] 3200K->3200K(10176K), 0.0013975 secs] [Times: user=0.00 sys=0.00, real=0.00 secs] 
2019-01-02T11:13:09.589+0530: 857.491: [GC (Allocation Failure) 2019-01-02T11:13:09.589+0530: 857.491: [DefNew
Desired survivor size 32768 bytes, new threshold 15 (max 15)
- age   1:         24 bytes,         24 total
- age   6:         72 bytes,         96 total
: 517K->0K(960K), 0.0004618 secs] 3718K->3700K(10176K), 0.0005536 secs] [Times: user=0.00 sys=0.00, real=0.00 secs] 
2019-01-02T11:13:09.646+0530: 857.548: [GC (Allocation Failure) 2019-01-02T11:13:09.646+0530: 857.548: [DefNew
Desired survivor size 32768 bytes, new threshold 15 (max 15)
- age   1:        248 bytes,        248 total
- age   7:         16 bytes,        264 total
: 870K->0K(960K), 0.0010827 secs] 4571K->3772K(10176K), 0.0014020 secs] [Times: user=0.00 sys=0.00, real=0.00 secs] 
2019-01-02T11:13:09.650+0530: 857.552: [GC (Allocation Failure) 2019-01-02T11:13:09.650+0530: 857.552: [DefNew
Desired survivor size 32768 bytes, new threshold 15 (max 15)
- age   1:         40 bytes,         40 total
- age   2:        184 bytes,        224 total
- age   8:         16 bytes,        240 total
: 896K->0K(960K), 0.0011517 secs] 4668K->4060K(10176K), 0.0013906 secs] [Times: user=0.00 sys=0.00, real=0.00 secs] 
2019-01-02T11:13:09.653+0530: 857.555: [GC (Allocation Failure) 2019-01-02T11:13:09.653+0530: 857.555: [DefNew
Desired survivor size 32768 bytes, new threshold 15 (max 15)
- age   3:        184 bytes,        184 total
- age   9:         16 bytes,        200 total
: 896K->0K(960K), 0.0003968 secs] 4956K->4636K(10176K), 0.0004789 secs] [Times: user=0.00 sys=0.00, real=0.00 secs] 
2019-01-02T11:13:09.655+0530: 857.557: [GC (Allocation Failure) 2019-01-02T11:13:09.655+0530: 857.557: [DefNew
Desired survivor size 32768 bytes, new threshold 15 (max 15)
- age   1:         24 bytes,         24 total
- age   4:        184 bytes,        208 total
- age  10:         16 bytes,        224 total
: 462K->0K(960K), 0.0008974 secs] 5098K->4636K(10176K), 0.0010976 secs] [Times: user=0.00 sys=0.00, real=0.00 secs] 
2019-01-02T11:13:09.656+0530: 857.558: [GC (Allocation Failure) 2019-01-02T11:13:09.656+0530: 857.558: [DefNew
Desired survivor size 32768 bytes, new threshold 15 (max 15)
- age   2:         24 bytes,         24 total
- age   5:        184 bytes,        208 total
- age  11:         16 bytes,        224 total
: 500K->0K(960K), 0.0008324 secs] 5136K->5136K(10176K), 0.0009544 secs] [Times: user=0.00 sys=0.00, real=0.00 secs] 
2019-01-02T11:13:09.658+0530: 857.560: [GC (Allocation Failure) 2019-01-02T11:13:09.658+0530: 857.560: [DefNew
Desired survivor size 32768 bytes, new threshold 15 (max 15)
- age   1:         24 bytes,         24 total
- age   6:         72 bytes,         96 total
- age  12:         16 bytes,        112 total
: 517K->0K(960K), 0.0010987 secs] 5653K->5636K(10176K), 0.0012173 secs] [Times: user=0.00 sys=0.00, real=0.00 secs] 
2019-01-02T11:13:09.718+0530: 857.620: [GC (Allocation Failure) 2019-01-02T11:13:09.718+0530: 857.620: [DefNew
Desired survivor size 32768 bytes, new threshold 15 (max 15)
- age   1:        248 bytes,        248 total
- age   7:         16 bytes,        264 total
- age  13:         16 bytes,        280 total
: 871K->0K(960K), 0.0006899 secs] 6507K->5708K(10176K), 0.0010251 secs] [Times: user=0.00 sys=0.00, real=0.00 secs] 
2019-01-02T11:13:09.725+0530: 857.627: [GC (Allocation Failure) 2019-01-02T11:13:09.725+0530: 857.627: [DefNew
Desired survivor size 32768 bytes, new threshold 15 (max 15)
- age   1:         40 bytes,         40 total
- age   2:        184 bytes,        224 total
- age   8:         16 bytes,        240 total
- age  14:         16 bytes,        256 total
: 896K->0K(960K), 0.0009721 secs] 6604K->5996K(10176K), 0.0013268 secs] [Times: user=0.00 sys=0.00, real=0.00 secs] 
2019-01-02T11:13:09.728+0530: 857.630: [GC (Allocation Failure) 2019-01-02T11:13:09.728+0530: 857.630: [DefNew
Desired survivor size 32768 bytes, new threshold 15 (max 15)
- age   3:        184 bytes,        184 total
- age   9:         16 bytes,        200 total
- age  15:         16 bytes,        216 total
: 896K->0K(960K), 0.0006232 secs] 6892K->6572K(10176K), 0.0007794 secs] [Times: user=0.00 sys=0.00, real=0.00 secs] 
2019-01-02T11:13:09.730+0530: 857.632: [GC (Allocation Failure) 2019-01-02T11:13:09.730+0530: 857.632: [DefNew
Desired survivor size 32768 bytes, new threshold 15 (max 15)
- age   1:         24 bytes,         24 total
- age   4:        184 bytes,        208 total
- age  10:         16 bytes,        224 total
: 462K->0K(960K), 0.0003763 secs] 7034K->6572K(10176K), 0.0004687 secs] [Times: user=0.00 sys=0.00, real=0.00 secs] 
2019-01-02T11:13:09.731+0530: 857.633: [GC (Allocation Failure) 2019-01-02T11:13:09.731+0530: 857.633: [DefNew
Desired survivor size 32768 bytes, new threshold 15 (max 15)
- age   2:         24 bytes,         24 total
- age   5:        184 bytes,        208 total
- age  11:         16 bytes,        224 total
: 500K->0K(960K), 0.0003541 secs] 7072K->7072K(10176K), 0.0004270 secs] [Times: user=0.00 sys=0.00, real=0.00 secs] 
2019-01-02T11:13:09.731+0530: 857.633: [GC (Allocation Failure) 2019-01-02T11:13:09.732+0530: 857.633: [DefNew
Desired survivor size 32768 bytes, new threshold 15 (max 15)
- age   1:         24 bytes,         24 total
- age   6:         72 bytes,         96 total
- age  12:         16 bytes,        112 total
: 517K->0K(960K), 0.0003569 secs] 7589K->7572K(10176K), 0.0004367 secs] [Times: user=0.00 sys=0.00, real=0.00 secs] 
2019-01-02T11:13:09.787+0530: 857.689: [GC (Allocation Failure) 2019-01-02T11:13:09.787+0530: 857.689: [DefNew
Desired survivor size 32768 bytes, new threshold 15 (max 15)
- age   1:        248 bytes,        248 total
- age   7:         16 bytes,        264 total
- age  13:         16 bytes,        280 total
: 871K->0K(960K), 0.0007395 secs] 8443K->7644K(10176K), 0.0011204 secs] [Times: user=0.00 sys=0.00, real=0.00 secs] 
2019-01-02T11:13:09.791+0530: 857.693: [GC (Allocation Failure) 2019-01-02T11:13:09.791+0530: 857.693: [DefNew
Desired survivor size 32768 bytes, new threshold 15 (max 15)
- age   1:         40 bytes,         40 total
- age   2:        184 bytes,        224 total
- age   8:         16 bytes,        240 total
- age  14:         16 bytes,        256 total
: 896K->0K(960K), 0.0011825 secs] 8540K->7932K(10176K), 0.0014311 secs] [Times: user=0.00 sys=0.00, real=0.00 secs] 
2019-01-02T11:13:09.794+0530: 857.696: [GC (Allocation Failure) 2019-01-02T11:13:09.794+0530: 857.696: [DefNew
Desired survivor size 32768 bytes, new threshold 15 (max 15)
- age   3:        184 bytes,        184 total
- age   9:         16 bytes,        200 total
- age  15:         16 bytes,        216 total
: 896K->0K(960K), 0.0007327 secs] 8828K->8508K(10176K), 0.0008729 secs] [Times: user=0.00 sys=0.00, real=0.00 secs] 
2019-01-02T11:13:09.796+0530: 857.698: [GC (Allocation Failure) 2019-01-02T11:13:09.796+0530: 857.698: [DefNew
Desired survivor size 32768 bytes, new threshold 15 (max 15)
- age   1:         24 bytes,         24 total
- age   4:        184 bytes,        208 total
- age  10:         16 bytes,        224 total
: 462K->0K(960K), 0.0007697 secs] 8970K->8508K(10176K), 0.0009288 secs] [Times: user=0.00 sys=0.00, real=0.00 secs] 
2019-01-02T11:13:09.797+0530: 857.699: [GC (Allocation Failure) 2019-01-02T11:13:09.797+0530: 857.699: [DefNew
Desired survivor size 32768 bytes, new threshold 15 (max 15)
- age   2:         24 bytes,         24 total
- age   5:        184 bytes,        208 total
- age  11:         16 bytes,        224 total
: 500K->0K(960K), 0.0003410 secs] 9008K->9008K(10176K), 0.0004134 secs] [Times: user=0.00 sys=0.00, real=0.00 secs] 
2019-01-02T11:13:09.798+0530: 857.700: [GC (Allocation Failure) 2019-01-02T11:13:09.798+0530: 857.700: [DefNew: 517K->517K(960K), 0.0000393 secs]2019-01-02T11:13:09.798+0530: 857.700: [Tenured: 9007K->1264K(9216K), 0.0037859 secs] 9525K->1264K(10176K), [Metaspace: 2520K->2520K(1056768K)], 0.0039700 secs] [Times: user=0.00 sys=0.00, real=0.00 secs] 
2019-01-02T11:13:09.857+0530: 857.758: [GC (Allocation Failure) 2019-01-02T11:13:09.857+0530: 857.759: [DefNew
Desired survivor size 32768 bytes, new threshold 15 (max 15)
- age   1:        248 bytes,        248 total
: 870K->0K(960K), 0.0013000 secs] 2135K->1836K(10176K), 0.0015440 secs] [Times: user=0.00 sys=0.00, real=0.00 secs] 
2019-01-02T11:13:09.860+0530: 857.762: [GC (Allocation Failure) 2019-01-02T11:13:09.860+0530: 857.762: [DefNew
Desired survivor size 32768 bytes, new threshold 15 (max 15)
- age   1:         40 bytes,         40 total
- age   2:        184 bytes,        224 total
: 896K->0K(960K), 0.0009282 secs] 2732K->2124K(10176K), 0.0010497 secs] [Times: user=0.00 sys=0.00, real=0.00 secs] 
2019-01-02T11:13:09.862+0530: 857.764: [GC (Allocation Failure) 2019-01-02T11:13:09.862+0530: 857.764: [DefNew
Desired survivor size 32768 bytes, new threshold 15 (max 15)
- age   3:        184 bytes,        184 total
: 896K->0K(960K), 0.0010155 secs] 3020K->2700K(10176K), 0.0011580 secs] [Times: user=0.00 sys=0.00, real=0.00 secs] 
2019-01-02T11:13:09.865+0530: 857.767: [GC (Allocation Failure) 2019-01-02T11:13:09.865+0530: 857.767: [DefNew
Desired survivor size 32768 bytes, new threshold 15 (max 15)
- age   1:         24 bytes,         24 total
- age   4:        184 bytes,        208 total
: 462K->0K(960K), 0.0002782 secs] 3162K->2700K(10176K), 0.0003906 secs] [Times: user=0.00 sys=0.00, real=0.00 secs] 
2019-01-02T11:13:09.865+0530: 857.767: [GC (Allocation Failure) 2019-01-02T11:13:09.865+0530: 857.767: [DefNew
Desired survivor size 32768 bytes, new threshold 15 (max 15)
- age   2:         24 bytes,         24 total
- age   5:        184 bytes,        208 total
: 500K->0K(960K), 0.0003546 secs] 3200K->3200K(10176K), 0.0004265 secs] [Times: user=0.00 sys=0.00, real=0.00 secs] 
2019-01-02T11:13:09.866+0530: 857.768: [GC (Allocation Failure) 2019-01-02T11:13:09.866+0530: 857.768: [DefNew
Desired survivor size 32768 bytes, new threshold 15 (max 15)
- age   1:         24 bytes,         24 total
- age   6:         72 bytes,         96 total
: 517K->0K(960K), 0.0003278 secs] 3718K->3700K(10176K), 0.0004886 secs] [Times: user=0.00 sys=0.00, real=0.00 secs] 
2019-01-02T11:13:09.924+0530: 857.825: [GC (Allocation Failure) 2019-01-02T11:13:09.924+0530: 857.825: [DefNew
Desired survivor size 32768 bytes, new threshold 15 (max 15)
- age   1:        248 bytes,        248 total
- age   7:         16 bytes,        264 total
: 871K->0K(960K), 0.0007748 secs] 4571K->3772K(10176K), 0.0012521 secs] [Times: user=0.00 sys=0.00, real=0.00 secs] 
2019-01-02T11:13:09.927+0530: 857.828: [GC (Allocation Failure) 2019-01-02T11:13:09.927+0530: 857.828: [DefNew
Desired survivor size 32768 bytes, new threshold 15 (max 15)
- age   1:         40 bytes,         40 total
- age   2:        184 bytes,        224 total
- age   8:         16 bytes,        240 total
: 896K->0K(960K), 0.0007076 secs] 4668K->4060K(10176K), 0.0008894 secs] [Times: user=0.00 sys=0.00, real=0.00 secs] 
2019-01-02T11:13:09.929+0530: 857.830: [GC (Allocation Failure) 2019-01-02T11:13:09.929+0530: 857.830: [DefNew
Desired survivor size 32768 bytes, new threshold 15 (max 15)
- age   3:        184 bytes,        184 total
- age   9:         16 bytes,        200 total
: 896K->0K(960K), 0.0013376 secs] 4956K->4636K(10176K), 0.0015383 secs] [Times: user=0.00 sys=0.00, real=0.00 secs] 
2019-01-02T11:13:09.932+0530: 857.834: [GC (Allocation Failure) 2019-01-02T11:13:09.932+0530: 857.834: [DefNew
Desired survivor size 32768 bytes, new threshold 15 (max 15)
- age   1:         24 bytes,         24 total
- age   4:        184 bytes,        208 total
- age  10:         16 bytes,        224 total
: 462K->0K(960K), 0.0004037 secs] 5098K->4636K(10176K), 0.0005422 secs] [Times: user=0.00 sys=0.00, real=0.00 secs] 
2019-01-02T11:13:09.933+0530: 857.834: [GC (Allocation Failure) 2019-01-02T11:13:09.933+0530: 857.835: [DefNew
Desired survivor size 32768 bytes, new threshold 15 (max 15)
- age   2:         24 bytes,         24 total
- age   5:        184 bytes,        208 total
- age  11:         16 bytes,        224 total
: 500K->0K(960K), 0.0003392 secs] 5136K->5136K(10176K), 0.0004117 secs] [Times: user=0.00 sys=0.00, real=0.00 secs] 
2019-01-02T11:13:09.934+0530: 857.835: [GC (Allocation Failure) 2019-01-02T11:13:09.934+0530: 857.835: [DefNew
Desired survivor size 32768 bytes, new threshold 15 (max 15)
- age   1:         24 bytes,         24 total
- age   6:         72 bytes,         96 total
- age  12:         16 bytes,        112 total
: 517K->0K(960K), 0.0003387 secs] 5654K->5636K(10176K), 0.0004117 secs] [Times: user=0.00 sys=0.00, real=0.00 secs] 
2019-01-02T11:13:09.990+0530: 857.892: [GC (Allocation Failure) 2019-01-02T11:13:09.991+0530: 857.892: [DefNew
Desired survivor size 32768 bytes, new threshold 15 (max 15)
- age   1:        248 bytes,        248 total
- age   7:         16 bytes,        264 total
- age  13:         16 bytes,        280 total
: 871K->0K(960K), 0.0012042 secs] 6507K->5708K(10176K), 0.0025446 secs] [Times: user=0.00 sys=0.00, real=0.00 secs] 
2019-01-02T11:13:09.995+0530: 857.897: [GC (Allocation Failure) 2019-01-02T11:13:09.996+0530: 857.897: [DefNew
Desired survivor size 32768 bytes, new threshold 15 (max 15)
- age   1:         40 bytes,         40 total
- age   2:        184 bytes,        224 total
- age   8:         16 bytes,        240 total
- age  14:         16 bytes,        256 total
: 896K->0K(960K), 0.0007526 secs] 6604K->5996K(10176K), 0.0009556 secs] [Times: user=0.02 sys=0.00, real=0.00 secs] 
2019-01-02T11:13:09.998+0530: 857.899: [GC (Allocation Failure) 2019-01-02T11:13:09.998+0530: 857.899: [DefNew
Desired survivor size 32768 bytes, new threshold 15 (max 15)
- age   3:        184 bytes,        184 total
- age   9:         16 bytes,        200 total
- age  15:         16 bytes,        216 total
: 896K->0K(960K), 0.0011717 secs] 6892K->6572K(10176K), 0.0013690 secs] [Times: user=0.00 sys=0.00, real=0.00 secs] 
2019-01-02T11:13:10.000+0530: 857.902: [GC (Allocation Failure) 2019-01-02T11:13:10.000+0530: 857.902: [DefNew
Desired survivor size 32768 bytes, new threshold 15 (max 15)
- age   1:         24 bytes,         24 total
- age   4:        184 bytes,        208 total
- age  10:         16 bytes,        224 total
: 462K->0K(960K), 0.0002697 secs] 7034K->6572K(10176K), 0.0003501 secs] [Times: user=0.00 sys=0.00, real=0.00 secs] 
2019-01-02T11:13:10.001+0530: 857.903: [GC (Allocation Failure) 2019-01-02T11:13:10.001+0530: 857.903: [DefNew
Desired survivor size 32768 bytes, new threshold 15 (max 15)
- age   2:         24 bytes,         24 total
- age   5:        184 bytes,        208 total
- age  11:         16 bytes,        224 total
: 500K->0K(960K), 0.0003370 secs] 7072K->7072K(10176K), 0.0004253 secs] [Times: user=0.00 sys=0.00, real=0.00 secs] 
2019-01-02T11:13:10.002+0530: 857.903: [GC (Allocation Failure) 2019-01-02T11:13:10.002+0530: 857.903: [DefNew
Desired survivor size 32768 bytes, new threshold 15 (max 15)
- age   1:         24 bytes,         24 total
- age   6:         72 bytes,         96 total
- age  12:         16 bytes,        112 total
: 517K->0K(960K), 0.0003290 secs] 7590K->7572K(10176K), 0.0004037 secs] [Times: user=0.00 sys=0.00, real=0.00 secs] 
2019-01-02T11:13:10.059+0530: 857.961: [GC (Allocation Failure) 2019-01-02T11:13:10.059+0530: 857.961: [DefNew
Desired survivor size 32768 bytes, new threshold 15 (max 15)
- age   1:        248 bytes,        248 total
- age   7:         16 bytes,        264 total
- age  13:         16 bytes,        280 total
: 871K->0K(960K), 0.0013085 secs] 8443K->7645K(10176K), 0.0016278 secs] [Times: user=0.00 sys=0.00, real=0.00 secs] 
2019-01-02T11:13:10.062+0530: 857.964: [GC (Allocation Failure) 2019-01-02T11:13:10.062+0530: 857.964: [DefNew
Desired survivor size 32768 bytes, new threshold 15 (max 15)
- age   1:         40 bytes,         40 total
- age   2:        184 bytes,        224 total
- age   8:         16 bytes,        240 total
- age  14:         16 bytes,        256 total
: 896K->0K(960K), 0.0007081 secs] 8541K->7933K(10176K), 0.0008501 secs] [Times: user=0.00 sys=0.00, real=0.00 secs] 
2019-01-02T11:13:10.065+0530: 857.966: [GC (Allocation Failure) 2019-01-02T11:13:10.065+0530: 857.966: [DefNew
Desired survivor size 32768 bytes, new threshold 15 (max 15)
- age   3:        184 bytes,        184 total
- age   9:         16 bytes,        200 total
- age  15:         16 bytes,        216 total
: 896K->0K(960K), 0.0009710 secs] 8829K->8509K(10176K), 0.0011072 secs] [Times: user=0.00 sys=0.00, real=0.00 secs] 
2019-01-02T11:13:10.067+0530: 857.968: [GC (Allocation Failure) 2019-01-02T11:13:10.067+0530: 857.968: [DefNew
Desired survivor size 32768 bytes, new threshold 15 (max 15)
- age   1:         24 bytes,         24 total
- age   4:        184 bytes,        208 total
- age  10:         16 bytes,        224 total
: 462K->0K(960K), 0.0002640 secs] 8971K->8509K(10176K), 0.0003410 secs] [Times: user=0.00 sys=0.00, real=0.00 secs] 
2019-01-02T11:13:10.068+0530: 857.969: [GC (Allocation Failure) 2019-01-02T11:13:10.068+0530: 857.969: [DefNew
Desired survivor size 32768 bytes, new threshold 15 (max 15)
- age   2:         24 bytes,         24 total
- age   5:        184 bytes,        208 total
- age  11:         16 bytes,        224 total
: 500K->0K(960K), 0.0003358 secs] 9009K->9009K(10176K), 0.0004088 secs] [Times: user=0.00 sys=0.00, real=0.00 secs] 
2019-01-02T11:13:10.068+0530: 857.970: [GC (Allocation Failure) 2019-01-02T11:13:10.068+0530: 857.970: [DefNew: 517K->517K(960K), 0.0000279 secs]2019-01-02T11:13:10.068+0530: 857.970: [Tenured: 9008K->1264K(9216K), 0.0037659 secs] 9526K->1264K(10176K), [Metaspace: 2520K->2520K(1056768K)], 0.0039079 secs] [Times: user=0.00 sys=0.00, real=0.00 secs] 
2019-01-02T11:13:10.129+0530: 858.030: [GC (Allocation Failure) 2019-01-02T11:13:10.129+0530: 858.030: [DefNew
Desired survivor size 32768 bytes, new threshold 15 (max 15)
- age   1:        248 bytes,        248 total
: 871K->0K(960K), 0.0009704 secs] 2135K->1837K(10176K), 0.0013148 secs] [Times: user=0.00 sys=0.00, real=0.00 secs] 
2019-01-02T11:13:10.132+0530: 858.034: [GC (Allocation Failure) 2019-01-02T11:13:10.132+0530: 858.034: [DefNew
Desired survivor size 32768 bytes, new threshold 15 (max 15)
- age   1:         40 bytes,         40 total
- age   2:        184 bytes,        224 total
: 896K->0K(960K), 0.0011124 secs] 2733K->2125K(10176K), 0.0012868 secs] [Times: user=0.00 sys=0.00, real=0.00 secs] 
2019-01-02T11:13:10.135+0530: 858.037: [GC (Allocation Failure) 2019-01-02T11:13:10.135+0530: 858.037: [DefNew
Desired survivor size 32768 bytes, new threshold 15 (max 15)
- age   3:        184 bytes,        184 total
: 896K->0K(960K), 0.0005656 secs] 3021K->2701K(10176K), 0.0007178 secs] [Times: user=0.00 sys=0.00, real=0.00 secs] 
2019-01-02T11:13:10.137+0530: 858.038: [GC (Allocation Failure) 2019-01-02T11:13:10.137+0530: 858.038: [DefNew
Desired survivor size 32768 bytes, new threshold 15 (max 15)
- age   1:         24 bytes,         24 total
- age   4:        184 bytes,        208 total
: 462K->0K(960K), 0.0002583 secs] 3163K->2701K(10176K), 0.0003341 secs] [Times: user=0.00 sys=0.00, real=0.00 secs] 
2019-01-02T11:13:10.138+0530: 858.039: [GC (Allocation Failure) 2019-01-02T11:13:10.138+0530: 858.039: [DefNew
Desired survivor size 32768 bytes, new threshold 15 (max 15)
- age   2:         24 bytes,         24 total
- age   5:        184 bytes,        208 total
: 500K->0K(960K), 0.0003324 secs] 3201K->3201K(10176K), 0.0004031 secs] [Times: user=0.00 sys=0.00, real=0.00 secs] 
2019-01-02T11:13:10.138+0530: 858.040: [GC (Allocation Failure) 2019-01-02T11:13:10.138+0530: 858.040: [DefNew
Desired survivor size 32768 bytes, new threshold 15 (max 15)
- age   1:         24 bytes,         24 total
- age   6:         72 bytes,         96 total
: 517K->0K(960K), 0.0003273 secs] 3718K->3701K(10176K), 0.0003985 secs] [Times: user=0.00 sys=0.00, real=0.00 secs] 
2019-01-02T11:13:10.203+0530: 858.105: [GC (Allocation Failure) 2019-01-02T11:13:10.203+0530: 858.105: [DefNew
Desired survivor size 32768 bytes, new threshold 15 (max 15)
- age   1:        248 bytes,        248 total
- age   7:         16 bytes,        264 total
: 871K->0K(960K), 0.0005314 secs] 4572K->3773K(10176K), 0.0009681 secs] [Times: user=0.00 sys=0.00, real=0.00 secs] 
2019-01-02T11:13:10.206+0530: 858.108: [GC (Allocation Failure) 2019-01-02T11:13:10.206+0530: 858.108: [DefNew
Desired survivor size 32768 bytes, new threshold 15 (max 15)
- age   1:         40 bytes,         40 total
- age   2:        184 bytes,        224 total
- age   8:         16 bytes,        240 total
: 896K->0K(960K), 0.0008872 secs] 4669K->4061K(10176K), 0.0011249 secs] [Times: user=0.00 sys=0.00, real=0.00 secs] 
2019-01-02T11:13:10.209+0530: 858.111: [GC (Allocation Failure) 2019-01-02T11:13:10.209+0530: 858.111: [DefNew
Desired survivor size 32768 bytes, new threshold 15 (max 15)
- age   3:        184 bytes,        184 total
- age   9:         16 bytes,        200 total
: 896K->0K(960K), 0.0005257 secs] 4957K->4637K(10176K), 0.0007663 secs] [Times: user=0.00 sys=0.00, real=0.00 secs] 
2019-01-02T11:13:10.211+0530: 858.113: [GC (Allocation Failure) 2019-01-02T11:13:10.212+0530: 858.113: [DefNew
Desired survivor size 32768 bytes, new threshold 15 (max 15)
- age   1:         24 bytes,         24 total
- age   4:        184 bytes,        208 total
- age  10:         16 bytes,        224 total
: 462K->0K(960K), 0.0004698 secs] 5099K->4637K(10176K), 0.0006340 secs] [Times: user=0.00 sys=0.00, real=0.00 secs] 
2019-01-02T11:13:10.213+0530: 858.114: [GC (Allocation Failure) 2019-01-02T11:13:10.213+0530: 858.114: [DefNew
Desired survivor size 32768 bytes, new threshold 15 (max 15)
- age   2:         24 bytes,         24 total
- age   5:        184 bytes,        208 total
- age  11:         16 bytes,        224 total
: 500K->0K(960K), 0.0004949 secs] 5137K->5137K(10176K), 0.0005810 secs] [Times: user=0.00 sys=0.00, real=0.00 secs] 
2019-01-02T11:13:10.214+0530: 858.115: [GC (Allocation Failure) 2019-01-02T11:13:10.214+0530: 858.115: [DefNew
Desired survivor size 32768 bytes, new threshold 15 (max 15)
- age   1:         24 bytes,         24 total
- age   6:         72 bytes,         96 total
- age  12:         16 bytes,        112 total
: 517K->0K(960K), 0.0003518 secs] 5655K->5637K(10176K), 0.0004242 secs] [Times: user=0.00 sys=0.00, real=0.00 secs] 
2019-01-02T11:13:10.270+0530: 858.172: [GC (Allocation Failure) 2019-01-02T11:13:10.271+0530: 858.172: [DefNew
Desired survivor size 32768 bytes, new threshold 15 (max 15)
- age   1:        248 bytes,        248 total
- age   7:         16 bytes,        264 total
- age  13:         16 bytes,        280 total
: 871K->0K(960K), 0.0008233 secs] 6508K->5709K(10176K), 0.0010194 secs] [Times: user=0.00 sys=0.00, real=0.00 secs] 
2019-01-02T11:13:10.273+0530: 858.175: [GC (Allocation Failure) 2019-01-02T11:13:10.273+0530: 858.175: [DefNew
Desired survivor size 32768 bytes, new threshold 15 (max 15)
- age   1:         40 bytes,         40 total
- age   2:        184 bytes,        224 total
- age   8:         16 bytes,        240 total
- age  14:         16 bytes,        256 total
: 896K->0K(960K), 0.0007275 secs] 6605K->5997K(10176K), 0.0008666 secs] [Times: user=0.00 sys=0.00, real=0.00 secs] 
2019-01-02T11:13:10.276+0530: 858.178: [GC (Allocation Failure) 2019-01-02T11:13:10.276+0530: 858.178: [DefNew
Desired survivor size 32768 bytes, new threshold 15 (max 15)
- age   3:        184 bytes,        184 total
- age   9:         16 bytes,        200 total
- age  15:         16 bytes,        216 total
: 896K->0K(960K), 0.0004162 secs] 6893K->6573K(10176K), 0.0005166 secs] [Times: user=0.02 sys=0.00, real=0.00 secs] 
2019-01-02T11:13:10.278+0530: 858.179: [GC (Allocation Failure) 2019-01-02T11:13:10.278+0530: 858.179: [DefNew
Desired survivor size 32768 bytes, new threshold 15 (max 15)
- age   1:         24 bytes,         24 total
- age   4:        184 bytes,        208 total
- age  10:         16 bytes,        224 total
: 462K->0K(960K), 0.0005092 secs] 7035K->6573K(10176K), 0.0006220 secs] [Times: user=0.00 sys=0.00, real=0.00 secs] 
2019-01-02T11:13:10.279+0530: 858.180: [GC (Allocation Failure) 2019-01-02T11:13:10.279+0530: 858.181: [DefNew
Desired survivor size 32768 bytes, new threshold 15 (max 15)
- age   2:         24 bytes,         24 total
- age   5:        184 bytes,        208 total
- age  11:         16 bytes,        224 total
: 500K->0K(960K), 0.0007760 secs] 7073K->7073K(10176K), 0.0008951 secs] [Times: user=0.00 sys=0.00, real=0.00 secs] 
2019-01-02T11:13:10.281+0530: 858.182: [GC (Allocation Failure) 2019-01-02T11:13:10.281+0530: 858.183: [DefNew
Desired survivor size 32768 bytes, new threshold 15 (max 15)
- age   1:         24 bytes,         24 total
- age   6:         72 bytes,         96 total
- age  12:         16 bytes,        112 total
: 517K->0K(960K), 0.0004675 secs] 7591K->7573K(10176K), 0.0006163 secs] [Times: user=0.00 sys=0.00, real=0.00 secs] 
2019-01-02T11:13:10.338+0530: 858.239: [GC (Allocation Failure) 2019-01-02T11:13:10.338+0530: 858.239: [DefNew
Desired survivor size 32768 bytes, new threshold 15 (max 15)
- age   1:        248 bytes,        248 total
- age   7:         16 bytes,        264 total
- age  13:         16 bytes,        280 total
: 871K->0K(960K), 0.0009430 secs] 8444K->7645K(10176K), 0.0012293 secs] [Times: user=0.00 sys=0.02, real=0.00 secs] 
2019-01-02T11:13:10.341+0530: 858.243: [GC (Allocation Failure) 2019-01-02T11:13:10.341+0530: 858.243: [DefNew
Desired survivor size 32768 bytes, new threshold 15 (max 15)
- age   1:         40 bytes,         40 total
- age   2:        184 bytes,        224 total
- age   8:         16 bytes,        240 total
- age  14:         16 bytes,        256 total
: 896K->0K(960K), 0.0011814 secs] 8541K->7933K(10176K), 0.0015411 secs] [Times: user=0.00 sys=0.00, real=0.00 secs] 
2019-01-02T11:13:10.345+0530: 858.246: [GC (Allocation Failure) 2019-01-02T11:13:10.345+0530: 858.246: [DefNew
Desired survivor size 32768 bytes, new threshold 15 (max 15)
- age   3:        184 bytes,        184 total
- age   9:         16 bytes,        200 total
- age  15:         16 bytes,        216 total
: 896K->0K(960K), 0.0007093 secs] 8829K->8509K(10176K), 0.0007994 secs] [Times: user=0.00 sys=0.00, real=0.00 secs] 
2019-01-02T11:13:10.347+0530: 858.248: [GC (Allocation Failure) 2019-01-02T11:13:10.347+0530: 858.248: [DefNew
Desired survivor size 32768 bytes, new threshold 15 (max 15)
- age   1:         24 bytes,         24 total
- age   4:        184 bytes,        208 total
- age  10:         16 bytes,        224 total
: 462K->0K(960K), 0.0005474 secs] 8971K->8509K(10176K), 0.0006466 secs] [Times: user=0.00 sys=0.00, real=0.00 secs] 
2019-01-02T11:13:10.348+0530: 858.249: [GC (Allocation Failure) 2019-01-02T11:13:10.348+0530: 858.249: [DefNew
Desired survivor size 32768 bytes, new threshold 15 (max 15)
- age   2:         24 bytes,         24 total
- age   5:        184 bytes,        208 total
- age  11:         16 bytes,        224 total
: 500K->0K(960K), 0.0003296 secs] 9009K->9009K(10176K), 0.0003997 secs] [Times: user=0.00 sys=0.00, real=0.00 secs] 
2019-01-02T11:13:10.349+0530: 858.250: [GC (Allocation Failure) 2019-01-02T11:13:10.349+0530: 858.250: [DefNew: 517K->517K(960K), 0.0000274 secs]2019-01-02T11:13:10.349+0530: 858.250: [Tenured: 9009K->1264K(9216K), 0.0037003 secs] 9527K->1264K(10176K), [Metaspace: 2520K->2520K(1056768K)], 0.0038509 secs] [Times: user=0.00 sys=0.00, real=0.00 secs] 
2019-01-02T11:13:10.408+0530: 858.310: [GC (Allocation Failure) 2019-01-02T11:13:10.409+0530: 858.310: [DefNew
Desired survivor size 32768 bytes, new threshold 15 (max 15)
- age   1:        248 bytes,        248 total
: 871K->0K(960K), 0.0015012 secs] 2136K->1837K(10176K), 0.0018844 secs] [Times: user=0.00 sys=0.00, real=0.00 secs] 
2019-01-02T11:13:10.412+0530: 858.314: [GC (Allocation Failure) 2019-01-02T11:13:10.412+0530: 858.314: [DefNew
Desired survivor size 32768 bytes, new threshold 15 (max 15)
- age   1:         40 bytes,         40 total
- age   2:        184 bytes,        224 total
: 896K->0K(960K), 0.0011261 secs] 2733K->2125K(10176K), 0.0013621 secs] [Times: user=0.00 sys=0.00, real=0.00 secs] 
2019-01-02T11:13:10.415+0530: 858.316: [GC (Allocation Failure) 2019-01-02T11:13:10.415+0530: 858.316: [DefNew
Desired survivor size 32768 bytes, new threshold 15 (max 15)
- age   3:        184 bytes,        184 total
: 896K->0K(960K), 0.0009031 secs] 3021K->2701K(10176K), 0.0010143 secs] [Times: user=0.00 sys=0.00, real=0.00 secs] 
2019-01-02T11:13:10.417+0530: 858.318: [GC (Allocation Failure) 2019-01-02T11:13:10.417+0530: 858.318: [DefNew
Desired survivor size 32768 bytes, new threshold 15 (max 15)
- age   1:         24 bytes,         24 total
- age   4:        184 bytes,        208 total
: 462K->0K(960K), 0.0006215 secs] 3163K->2701K(10176K), 0.0007298 secs] [Times: user=0.01 sys=0.00, real=0.00 secs] 
2019-01-02T11:13:10.419+0530: 858.320: [GC (Allocation Failure) 2019-01-02T11:13:10.419+0530: 858.320: [DefNew
Desired survivor size 32768 bytes, new threshold 15 (max 15)
- age   2:         24 bytes,         24 total
- age   5:        184 bytes,        208 total
: 500K->0K(960K), 0.0005411 secs] 3201K->3201K(10176K), 0.0006220 secs] [Times: user=0.00 sys=0.00, real=0.00 secs] 
2019-01-02T11:13:10.419+0530: 858.321: [GC (Allocation Failure) 2019-01-02T11:13:10.419+0530: 858.321: [DefNew
Desired survivor size 32768 bytes, new threshold 15 (max 15)
- age   1:         24 bytes,         24 total
- age   6:         72 bytes,         96 total
: 517K->0K(960K), 0.0003267 secs] 3719K->3701K(10176K), 0.0003820 secs] [Times: user=0.00 sys=0.00, real=0.00 secs] 
2019-01-02T11:13:10.473+0530: 858.375: [GC (Allocation Failure) 2019-01-02T11:13:10.474+0530: 858.375: [DefNew
Desired survivor size 32768 bytes, new threshold 15 (max 15)
- age   1:        248 bytes,        248 total
- age   7:         16 bytes,        264 total
: 871K->0K(960K), 0.0007098 secs] 4572K->3773K(10176K), 0.0010052 secs] [Times: user=0.00 sys=0.00, real=0.00 secs] 
2019-01-02T11:13:10.476+0530: 858.378: [GC (Allocation Failure) 2019-01-02T11:13:10.477+0530: 858.378: [DefNew
Desired survivor size 32768 bytes, new threshold 15 (max 15)
- age   1:         40 bytes,         40 total
- age   2:        184 bytes,        224 total
- age   8:         16 bytes,        240 total
: 896K->0K(960K), 0.0010428 secs] 4669K->4061K(10176K), 0.0012846 secs] [Times: user=0.00 sys=0.00, real=0.00 secs] 
2019-01-02T11:13:10.480+0530: 858.381: [GC (Allocation Failure) 2019-01-02T11:13:10.480+0530: 858.382: [DefNew
Desired survivor size 32768 bytes, new threshold 15 (max 15)
- age   3:        184 bytes,        184 total
- age   9:         16 bytes,        200 total
: 896K->0K(960K), 0.0009630 secs] 4957K->4637K(10176K), 0.0011272 secs] [Times: user=0.00 sys=0.00, real=0.00 secs] 
2019-01-02T11:13:10.482+0530: 858.384: [GC (Allocation Failure) 2019-01-02T11:13:10.482+0530: 858.384: [DefNew
Desired survivor size 32768 bytes, new threshold 15 (max 15)
- age   1:         24 bytes,         24 total
- age   4:        184 bytes,        208 total
- age  10:         16 bytes,        224 total
: 462K->0K(960K), 0.0005382 secs] 5099K->4637K(10176K), 0.0006380 secs] [Times: user=0.00 sys=0.00, real=0.00 secs] 
2019-01-02T11:13:10.483+0530: 858.385: [GC (Allocation Failure) 2019-01-02T11:13:10.483+0530: 858.385: [DefNew
Desired survivor size 32768 bytes, new threshold 15 (max 15)
- age   2:         24 bytes,         24 total
- age   5:        184 bytes,        208 total
- age  11:         16 bytes,        224 total
: 500K->0K(960K), 0.0003296 secs] 5137K->5137K(10176K), 0.0003826 secs] [Times: user=0.00 sys=0.00, real=0.00 secs] 
2019-01-02T11:13:10.484+0530: 858.386: [GC (Allocation Failure) 2019-01-02T11:13:10.484+0530: 858.386: [DefNew
Desired survivor size 32768 bytes, new threshold 15 (max 15)
- age   1:         24 bytes,         24 total
- age   6:         72 bytes,         96 total
- age  12:         16 bytes,        112 total
: 517K->0K(960K), 0.0003113 secs] 5655K->5637K(10176K), 0.0003643 secs] [Times: user=0.00 sys=0.00, real=0.00 secs] 
2019-01-02T11:13:10.539+0530: 858.441: [GC (Allocation Failure) 2019-01-02T11:13:10.539+0530: 858.441: [DefNew
Desired survivor size 32768 bytes, new threshold 15 (max 15)
- age   1:        248 bytes,        248 total
- age   7:         16 bytes,        264 total
- age  13:         16 bytes,        280 total
: 871K->0K(960K), 0.0009094 secs] 6509K->5710K(10176K), 0.0011734 secs] [Times: user=0.00 sys=0.00, real=0.00 secs] 
2019-01-02T11:13:10.542+0530: 858.444: [GC (Allocation Failure) 2019-01-02T11:13:10.542+0530: 858.444: [DefNew
Desired survivor size 32768 bytes, new threshold 15 (max 15)
- age   1:         40 bytes,         40 total
- age   2:        184 bytes,        224 total
- age   8:         16 bytes,        240 total
- age  14:         16 bytes,        256 total
: 896K->0K(960K), 0.0006574 secs] 6606K->5998K(10176K), 0.0009470 secs] [Times: user=0.00 sys=0.00, real=0.00 secs] 
2019-01-02T11:13:10.545+0530: 858.447: [GC (Allocation Failure) 2019-01-02T11:13:10.545+0530: 858.447: [DefNew
Desired survivor size 32768 bytes, new threshold 15 (max 15)
- age   3:        184 bytes,        184 total
- age   9:         16 bytes,        200 total
- age  15:         16 bytes,        216 total
: 896K->0K(960K), 0.0009162 secs] 6894K->6574K(10176K), 0.0010633 secs] [Times: user=0.00 sys=0.00, real=0.00 secs] 
2019-01-02T11:13:10.548+0530: 858.449: [GC (Allocation Failure) 2019-01-02T11:13:10.548+0530: 858.449: [DefNew
Desired survivor size 32768 bytes, new threshold 15 (max 15)
- age   1:         24 bytes,         24 total
- age   4:        184 bytes,        208 total
- age  10:         16 bytes,        224 total
: 462K->0K(960K), 0.0005166 secs] 7036K->6574K(10176K), 0.0005867 secs] [Times: user=0.00 sys=0.00, real=0.00 secs] 
2019-01-02T11:13:10.549+0530: 858.450: [GC (Allocation Failure) 2019-01-02T11:13:10.549+0530: 858.450: [DefNew
Desired survivor size 32768 bytes, new threshold 15 (max 15)
- age   2:         24 bytes,         24 total
- age   5:        184 bytes,        208 total
- age  11:         16 bytes,        224 total
: 500K->0K(960K), 0.0007355 secs] 7074K->7074K(10176K), 0.0008387 secs] [Times: user=0.00 sys=0.00, real=0.00 secs] 
2019-01-02T11:13:10.550+0530: 858.451: [GC (Allocation Failure) 2019-01-02T11:13:10.550+0530: 858.452: [DefNew
Desired survivor size 32768 bytes, new threshold 15 (max 15)
- age   1:         24 bytes,         24 total
- age   6:         72 bytes,         96 total
- age  12:         16 bytes,        112 total
: 518K->0K(960K), 0.0003467 secs] 7592K->7574K(10176K), 0.0004225 secs] [Times: user=0.00 sys=0.00, real=0.00 secs] 
2019-01-02T11:13:10.607+0530: 858.508: [GC (Allocation Failure) 2019-01-02T11:13:10.607+0530: 858.508: [DefNew
Desired survivor size 32768 bytes, new threshold 15 (max 15)
- age   1:        248 bytes,        248 total
- age   7:         16 bytes,        264 total
- age  13:         16 bytes,        280 total
: 871K->0K(960K), 0.0008159 secs] 8445K->7646K(10176K), 0.0011033 secs] [Times: user=0.00 sys=0.00, real=0.00 secs] 
2019-01-02T11:13:10.610+0530: 858.511: [GC (Allocation Failure) 2019-01-02T11:13:10.610+0530: 858.511: [DefNew
Desired survivor size 32768 bytes, new threshold 15 (max 15)
- age   1:         40 bytes,         40 total
- age   2:        184 bytes,        224 total
- age   8:         16 bytes,        240 total
- age  14:         16 bytes,        256 total
: 896K->0K(960K), 0.0014436 secs] 8542K->7934K(10176K), 0.0016455 secs] [Times: user=0.00 sys=0.00, real=0.00 secs] 
2019-01-02T11:13:10.613+0530: 858.515: [GC (Allocation Failure) 2019-01-02T11:13:10.613+0530: 858.515: [DefNew
Desired survivor size 32768 bytes, new threshold 15 (max 15)
- age   3:        184 bytes,        184 total
- age   9:         16 bytes,        200 total
- age  15:         16 bytes,        216 total
: 896K->0K(960K), 0.0004481 secs] 8830K->8510K(10176K), 0.0005474 secs] [Times: user=0.00 sys=0.00, real=0.00 secs] 
2019-01-02T11:13:10.615+0530: 858.516: [GC (Allocation Failure) 2019-01-02T11:13:10.615+0530: 858.517: [DefNew
Desired survivor size 32768 bytes, new threshold 15 (max 15)
- age   1:         24 bytes,         24 total
- age   4:        184 bytes,        208 total
- age  10:         16 bytes,        224 total
: 462K->0K(960K), 0.0004099 secs] 8972K->8510K(10176K), 0.0005251 secs] [Times: user=0.00 sys=0.00, real=0.00 secs] 
2019-01-02T11:13:10.616+0530: 858.518: [GC (Allocation Failure) 2019-01-02T11:13:10.616+0530: 858.518: [DefNew
Desired survivor size 32768 bytes, new threshold 15 (max 15)
- age   2:         24 bytes,         24 total
- age   5:        184 bytes,        208 total
- age  11:         16 bytes,        224 total
: 500K->0K(960K), 0.0004556 secs] 9010K->9010K(10176K), 0.0005428 secs] [Times: user=0.00 sys=0.00, real=0.00 secs] 
2019-01-02T11:13:10.617+0530: 858.519: [GC (Allocation Failure) 2019-01-02T11:13:10.617+0530: 858.519: [DefNew: 518K->518K(960K), 0.0000285 secs]2019-01-02T11:13:10.617+0530: 858.519: [Tenured: 9010K->1265K(9216K), 0.0037328 secs] 9528K->1265K(10176K), [Metaspace: 2520K->2520K(1056768K)], 0.0038834 secs] [Times: user=0.02 sys=0.00, real=0.00 secs] 
2019-01-02T11:13:10.678+0530: 858.580: [GC (Allocation Failure) 2019-01-02T11:13:10.678+0530: 858.580: [DefNew
Desired survivor size 32768 bytes, new threshold 15 (max 15)
- age   1:        248 bytes,        248 total
: 871K->0K(960K), 0.0017646 secs] 2136K->1837K(10176K), 0.0022151 secs] [Times: user=0.00 sys=0.00, real=0.00 secs] 
2019-01-02T11:13:10.682+0530: 858.584: [GC (Allocation Failure) 2019-01-02T11:13:10.682+0530: 858.584: [DefNew
Desired survivor size 32768 bytes, new threshold 15 (max 15)
- age   1:         40 bytes,         40 total
- age   2:        184 bytes,        224 total
: 896K->0K(960K), 0.0006044 secs] 2733K->2125K(10176K), 0.0007098 secs] [Times: user=0.02 sys=0.00, real=0.00 secs] 
2019-01-02T11:13:10.684+0530: 858.586: [GC (Allocation Failure) 2019-01-02T11:13:10.684+0530: 858.586: [DefNew
Desired survivor size 32768 bytes, new threshold 15 (max 15)
- age   3:        184 bytes,        184 total
: 896K->0K(960K), 0.0007446 secs] 3021K->2701K(10176K), 0.0008609 secs] [Times: user=0.00 sys=0.00, real=0.00 secs] 
2019-01-02T11:13:10.687+0530: 858.588: [GC (Allocation Failure) 2019-01-02T11:13:10.687+0530: 858.588: [DefNew
Desired survivor size 32768 bytes, new threshold 15 (max 15)
- age   1:         24 bytes,         24 total
- age   4:        184 bytes,        208 total
: 462K->0K(960K), 0.0003980 secs] 3163K->2701K(10176K), 0.0005257 secs] [Times: user=0.00 sys=0.00, real=0.00 secs] 
2019-01-02T11:13:10.688+0530: 858.590: [GC (Allocation Failure) 2019-01-02T11:13:10.688+0530: 858.590: [DefNew
Desired survivor size 32768 bytes, new threshold 15 (max 15)
- age   2:         24 bytes,         24 total
- age   5:        184 bytes,        208 total
: 500K->0K(960K), 0.0006152 secs] 3201K->3201K(10176K), 0.0007401 secs] [Times: user=0.00 sys=0.00, real=0.00 secs] 
2019-01-02T11:13:10.689+0530: 858.591: [GC (Allocation Failure) 2019-01-02T11:13:10.689+0530: 858.591: [DefNew
Desired survivor size 32768 bytes, new threshold 15 (max 15)
- age   1:         24 bytes,         24 total
- age   6:         72 bytes,         96 total
: 518K->0K(960K), 0.0003233 secs] 3719K->3701K(10176K), 0.0003951 secs] [Times: user=0.00 sys=0.00, real=0.00 secs] 
2019-01-02T11:13:10.749+0530: 858.650: [GC (Allocation Failure) 2019-01-02T11:13:10.749+0530: 858.651: [DefNew
Desired survivor size 32768 bytes, new threshold 15 (max 15)
- age   1:        248 bytes,        248 total
- age   7:         16 bytes,        264 total
: 871K->0K(960K), 0.0005348 secs] 4573K->3774K(10176K), 0.0008011 secs] [Times: user=0.00 sys=0.00, real=0.00 secs] 
2019-01-02T11:13:10.751+0530: 858.653: [GC (Allocation Failure) 2019-01-02T11:13:10.751+0530: 858.653: [DefNew
Desired survivor size 32768 bytes, new threshold 15 (max 15)
- age   1:         40 bytes,         40 total
- age   2:        184 bytes,        224 total
- age   8:         16 bytes,        240 total
: 896K->0K(960K), 0.0009505 secs] 4670K->4062K(10176K), 0.0012053 secs] [Times: user=0.00 sys=0.00, real=0.00 secs] 
2019-01-02T11:13:10.754+0530: 858.656: [GC (Allocation Failure) 2019-01-02T11:13:10.754+0530: 858.656: [DefNew
Desired survivor size 32768 bytes, new threshold 15 (max 15)
- age   3:        184 bytes,        184 total
- age   9:         16 bytes,        200 total
: 896K->0K(960K), 0.0008820 secs] 4958K->4638K(10176K), 0.0010480 secs] [Times: user=0.00 sys=0.00, real=0.00 secs] 
2019-01-02T11:13:10.756+0530: 858.658: [GC (Allocation Failure) 2019-01-02T11:13:10.756+0530: 858.658: [DefNew
Desired survivor size 32768 bytes, new threshold 15 (max 15)
- age   1:         24 bytes,         24 total
- age   4:        184 bytes,        208 total
- age  10:         16 bytes,        224 total
: 462K->0K(960K), 0.0002646 secs] 5100K->4638K(10176K), 0.0003392 secs] [Times: user=0.00 sys=0.00, real=0.00 secs] 
2019-01-02T11:13:10.757+0530: 858.659: [GC (Allocation Failure) 2019-01-02T11:13:10.757+0530: 858.659: [DefNew
Desired survivor size 32768 bytes, new threshold 15 (max 15)
- age   2:         24 bytes,         24 total
- age   5:        184 bytes,        208 total
- age  11:         16 bytes,        224 total
: 500K->0K(960K), 0.0003324 secs] 5138K->5138K(10176K), 0.0004065 secs] [Times: user=0.00 sys=0.00, real=0.00 secs] 
2019-01-02T11:13:10.758+0530: 858.659: [GC (Allocation Failure) 2019-01-02T11:13:10.758+0530: 858.659: [DefNew
Desired survivor size 32768 bytes, new threshold 15 (max 15)
- age   1:         24 bytes,         24 total
- age   6:         72 bytes,         96 total
- age  12:         16 bytes,        112 total
: 518K->0K(960K), 0.0003335 secs] 5656K->5638K(10176K), 0.0004042 secs] [Times: user=0.00 sys=0.00, real=0.00 secs] 
2019-01-02T11:13:10.814+0530: 858.716: [GC (Allocation Failure) 2019-01-02T11:13:10.815+0530: 858.716: [DefNew
Desired survivor size 32768 bytes, new threshold 15 (max 15)
- age   1:        248 bytes,        248 total
- age   7:         16 bytes,        264 total
- age  13:         16 bytes,        280 total
: 871K->0K(960K), 0.0005428 secs] 6509K->5710K(10176K), 0.0008307 secs] [Times: user=0.00 sys=0.00, real=0.00 secs] 
2019-01-02T11:13:10.817+0530: 858.718: [GC (Allocation Failure) 2019-01-02T11:13:10.817+0530: 858.718: [DefNew
Desired survivor size 32768 bytes, new threshold 15 (max 15)
- age   1:         40 bytes,         40 total
- age   2:        184 bytes,        224 total
- age   8:         16 bytes,        240 total
- age  14:         16 bytes,        256 total
: 896K->0K(960K), 0.0009795 secs] 6606K->5998K(10176K), 0.0012116 secs] [Times: user=0.00 sys=0.00, real=0.00 secs] 
2019-01-02T11:13:10.820+0530: 858.721: [GC (Allocation Failure) 2019-01-02T11:13:10.820+0530: 858.721: [DefNew
Desired survivor size 32768 bytes, new threshold 15 (max 15)
- age   3:        184 bytes,        184 total
- age   9:         16 bytes,        200 total
- age  15:         16 bytes,        216 total
: 896K->0K(960K), 0.0010246 secs] 6894K->6574K(10176K), 0.0012458 secs] [Times: user=0.00 sys=0.00, real=0.00 secs] 
2019-01-02T11:13:10.822+0530: 858.724: [GC (Allocation Failure) 2019-01-02T11:13:10.822+0530: 858.724: [DefNew
Desired survivor size 32768 bytes, new threshold 15 (max 15)
- age   1:         24 bytes,         24 total
- age   4:        184 bytes,        208 total
- age  10:         16 bytes,        224 total
: 462K->0K(960K), 0.0005827 secs] 7036K->6574K(10176K), 0.0007087 secs] [Times: user=0.01 sys=0.00, real=0.00 secs] 
2019-01-02T11:13:10.824+0530: 858.726: [GC (Allocation Failure) 2019-01-02T11:13:10.824+0530: 858.726: [DefNew
Desired survivor size 32768 bytes, new threshold 15 (max 15)
- age   2:         24 bytes,         24 total
- age   5:        184 bytes,        208 total
- age  11:         16 bytes,        224 total
: 500K->0K(960K), 0.0003700 secs] 7074K->7074K(10176K), 0.0004504 secs] [Times: user=0.00 sys=0.00, real=0.00 secs] 
2019-01-02T11:13:10.825+0530: 858.727: [GC (Allocation Failure) 2019-01-02T11:13:10.825+0530: 858.727: [DefNew
Desired survivor size 32768 bytes, new threshold 15 (max 15)
- age   1:         24 bytes,         24 total
- age   6:         72 bytes,         96 total
- age  12:         16 bytes,        112 total
: 518K->0K(960K), 0.0003353 secs] 7592K->7575K(10176K), 0.0004088 secs] [Times: user=0.00 sys=0.00, real=0.00 secs] 
2019-01-02T11:13:10.884+0530: 858.785: [GC (Allocation Failure) 2019-01-02T11:13:10.884+0530: 858.785: [DefNew
Desired survivor size 32768 bytes, new threshold 15 (max 15)
- age   1:        248 bytes,        248 total
- age   7:         16 bytes,        264 total
- age  13:         16 bytes,        280 total
: 871K->0K(960K), 0.0009339 secs] 8446K->7647K(10176K), 0.0012612 secs] [Times: user=0.00 sys=0.00, real=0.00 secs] 
2019-01-02T11:13:10.887+0530: 858.788: [GC (Allocation Failure) 2019-01-02T11:13:10.887+0530: 858.789: [DefNew
Desired survivor size 32768 bytes, new threshold 15 (max 15)
- age   1:         40 bytes,         40 total
- age   2:        184 bytes,        224 total
- age   8:         16 bytes,        240 total
- age  14:         16 bytes,        256 total
: 896K->0K(960K), 0.0010371 secs] 8543K->7935K(10176K), 0.0012749 secs] [Times: user=0.00 sys=0.00, real=0.00 secs] 
2019-01-02T11:13:10.890+0530: 858.791: [GC (Allocation Failure) 2019-01-02T11:13:10.890+0530: 858.791: [DefNew
Desired survivor size 32768 bytes, new threshold 15 (max 15)
- age   3:        184 bytes,        184 total
- age   9:         16 bytes,        200 total
- age  15:         16 bytes,        216 total
: 896K->0K(960K), 0.0004436 secs] 8831K->8511K(10176K), 0.0005405 secs] [Times: user=0.00 sys=0.00, real=0.00 secs] 
2019-01-02T11:13:10.892+0530: 858.793: [GC (Allocation Failure) 2019-01-02T11:13:10.892+0530: 858.793: [DefNew
Desired survivor size 32768 bytes, new threshold 15 (max 15)
- age   1:         24 bytes,         24 total
- age   4:        184 bytes,        208 total
- age  10:         16 bytes,        224 total
: 462K->0K(960K), 0.0002571 secs] 8973K->8511K(10176K), 0.0003387 secs] [Times: user=0.00 sys=0.00, real=0.00 secs] 
2019-01-02T11:13:10.892+0530: 858.794: [GC (Allocation Failure) 2019-01-02T11:13:10.892+0530: 858.794: [DefNew
Desired survivor size 32768 bytes, new threshold 15 (max 15)
- age   2:         24 bytes,         24 total
- age   5:        184 bytes,        208 total
- age  11:         16 bytes,        224 total
: 500K->0K(960K), 0.0003427 secs] 9011K->9011K(10176K), 0.0004134 secs] [Times: user=0.00 sys=0.00, real=0.00 secs] 
2019-01-02T11:13:10.893+0530: 858.795: [GC (Allocation Failure) 2019-01-02T11:13:10.893+0530: 858.795: [DefNew: 518K->518K(960K), 0.0000279 secs]2019-01-02T11:13:10.893+0530: 858.795: [Tenured: 9011K->1265K(9216K), 0.0046439 secs] 9529K->1265K(10176K), [Metaspace: 2520K->2520K(1056768K)], 0.0048270 secs] [Times: user=0.00 sys=0.00, real=0.01 secs] 
2019-01-02T11:13:10.953+0530: 858.855: [GC (Allocation Failure) 2019-01-02T11:13:10.953+0530: 858.855: [DefNew
Desired survivor size 32768 bytes, new threshold 15 (max 15)
- age   1:        248 bytes,        248 total
: 871K->0K(960K), 0.0011722 secs] 2136K->1837K(10176K), 0.0015970 secs] [Times: user=0.00 sys=0.00, real=0.00 secs] 
2019-01-02T11:13:10.957+0530: 858.858: [GC (Allocation Failure) 2019-01-02T11:13:10.957+0530: 858.858: [DefNew
Desired survivor size 32768 bytes, new threshold 15 (max 15)
- age   1:         40 bytes,         40 total
- age   2:        184 bytes,        224 total
: 896K->0K(960K), 0.0007361 secs] 2733K->2125K(10176K), 0.0009750 secs] [Times: user=0.00 sys=0.00, real=0.00 secs] 
2019-01-02T11:13:10.959+0530: 858.861: [GC (Allocation Failure) 2019-01-02T11:13:10.959+0530: 858.861: [DefNew
Desired survivor size 32768 bytes, new threshold 15 (max 15)
- age   3:        184 bytes,        184 total
: 896K->0K(960K), 0.0010200 secs] 3021K->2701K(10176K), 0.0011432 secs] [Times: user=0.00 sys=0.00, real=0.00 secs] 
2019-01-02T11:13:10.961+0530: 858.863: [GC (Allocation Failure) 2019-01-02T11:13:10.961+0530: 858.863: [DefNew
Desired survivor size 32768 bytes, new threshold 15 (max 15)
- age   1:         24 bytes,         24 total
- age   4:        184 bytes,        208 total
: 462K->0K(960K), 0.0002611 secs] 3163K->2701K(10176K), 0.0003375 secs] [Times: user=0.00 sys=0.00, real=0.00 secs] 
2019-01-02T11:13:10.962+0530: 858.864: [GC (Allocation Failure) 2019-01-02T11:13:10.962+0530: 858.864: [DefNew
Desired survivor size 32768 bytes, new threshold 15 (max 15)
- age   2:         24 bytes,         24 total
- age   5:        184 bytes,        208 total
: 500K->0K(960K), 0.0003586 secs] 3202K->3202K(10176K), 0.0004362 secs] [Times: user=0.00 sys=0.00, real=0.00 secs] 
2019-01-02T11:13:10.963+0530: 858.864: [GC (Allocation Failure) 2019-01-02T11:13:10.963+0530: 858.865: [DefNew
Desired survivor size 32768 bytes, new threshold 15 (max 15)
- age   1:         24 bytes,         24 total
- age   6:         72 bytes,         96 total
: 518K->0K(960K), 0.0004806 secs] 3720K->3702K(10176K), 0.0005496 secs] [Times: user=0.02 sys=0.00, real=0.00 secs] 
2019-01-02T11:13:11.019+0530: 858.920: [GC (Allocation Failure) 2019-01-02T11:13:11.019+0530: 858.920: [DefNew
Desired survivor size 32768 bytes, new threshold 15 (max 15)
- age   1:        248 bytes,        248 total
- age   7:         16 bytes,        264 total
: 871K->0K(960K), 0.0008210 secs] 4573K->3774K(10176K), 0.0010263 secs] [Times: user=0.00 sys=0.00, real=0.00 secs] 
2019-01-02T11:13:11.022+0530: 858.923: [GC (Allocation Failure) 2019-01-02T11:13:11.022+0530: 858.923: [DefNew
Desired survivor size 32768 bytes, new threshold 15 (max 15)
- age   1:         40 bytes,         40 total
- age   2:        184 bytes,        224 total
- age   8:         16 bytes,        240 total
: 896K->0K(960K), 0.0010343 secs] 4670K->4062K(10176K), 0.0012099 secs] [Times: user=0.00 sys=0.00, real=0.00 secs] 
2019-01-02T11:13:11.024+0530: 858.926: [GC (Allocation Failure) 2019-01-02T11:13:11.025+0530: 858.926: [DefNew
Desired survivor size 32768 bytes, new threshold 15 (max 15)
- age   3:        184 bytes,        184 total
- age   9:         16 bytes,        200 total
: 896K->0K(960K), 0.0007572 secs] 4958K->4638K(10176K), 0.0010246 secs] [Times: user=0.00 sys=0.00, real=0.00 secs] 
2019-01-02T11:13:11.027+0530: 858.928: [GC (Allocation Failure) 2019-01-02T11:13:11.027+0530: 858.928: [DefNew
Desired survivor size 32768 bytes, new threshold 15 (max 15)
- age   1:         24 bytes,         24 total
- age   4:        184 bytes,        208 total
- age  10:         16 bytes,        224 total
: 462K->0K(960K), 0.0002674 secs] 5100K->4638K(10176K), 0.0003472 secs] [Times: user=0.00 sys=0.00, real=0.00 secs] 
2019-01-02T11:13:11.028+0530: 858.929: [GC (Allocation Failure) 2019-01-02T11:13:11.028+0530: 858.929: [DefNew
Desired survivor size 32768 bytes, new threshold 15 (max 15)
- age   2:         24 bytes,         24 total
- age   5:        184 bytes,        208 total
- age  11:         16 bytes,        224 total
: 500K->0K(960K), 0.0003444 secs] 5138K->5138K(10176K), 0.0004196 secs] [Times: user=0.00 sys=0.00, real=0.00 secs] 
2019-01-02T11:13:11.028+0530: 858.930: [GC (Allocation Failure) 2019-01-02T11:13:11.028+0530: 858.930: [DefNew
Desired survivor size 32768 bytes, new threshold 15 (max 15)
- age   1:         24 bytes,         24 total
- age   6:         72 bytes,         96 total
- age  12:         16 bytes,        112 total
: 518K->0K(960K), 0.0003278 secs] 5656K->5639K(10176K), 0.0004031 secs] [Times: user=0.00 sys=0.00, real=0.00 secs] 
2019-01-02T11:13:11.085+0530: 858.986: [GC (Allocation Failure) 2019-01-02T11:13:11.085+0530: 858.986: [DefNew
Desired survivor size 32768 bytes, new threshold 15 (max 15)
- age   1:        248 bytes,        248 total
- age   7:         16 bytes,        264 total
- age  13:         16 bytes,        280 total
: 871K->0K(960K), 0.0006739 secs] 6510K->5711K(10176K), 0.0008564 secs] [Times: user=0.00 sys=0.00, real=0.00 secs] 
2019-01-02T11:13:11.087+0530: 858.989: [GC (Allocation Failure) 2019-01-02T11:13:11.088+0530: 858.989: [DefNew
Desired survivor size 32768 bytes, new threshold 15 (max 15)
- age   1:         40 bytes,         40 total
- age   2:        184 bytes,        224 total
- age   8:         16 bytes,        240 total
- age  14:         16 bytes,        256 total
: 896K->0K(960K), 0.0007800 secs] 6607K->5999K(10176K), 0.0009887 secs] [Times: user=0.02 sys=0.00, real=0.00 secs] 
2019-01-02T11:13:11.090+0530: 858.992: [GC (Allocation Failure) 2019-01-02T11:13:11.090+0530: 858.992: [DefNew
Desired survivor size 32768 bytes, new threshold 15 (max 15)
- age   3:        184 bytes,        184 total
- age   9:         16 bytes,        200 total
- age  15:         16 bytes,        216 total
: 896K->0K(960K), 0.0013131 secs] 6895K->6575K(10176K), 0.0014528 secs] [Times: user=0.00 sys=0.00, real=0.00 secs] 
2019-01-02T11:13:11.093+0530: 858.994: [GC (Allocation Failure) 2019-01-02T11:13:11.093+0530: 858.994: [DefNew
Desired survivor size 32768 bytes, new threshold 15 (max 15)
- age   1:         24 bytes,         24 total
- age   4:        184 bytes,        208 total
- age  10:         16 bytes,        224 total
: 462K->0K(960K), 0.0002714 secs] 7037K->6575K(10176K), 0.0003472 secs] [Times: user=0.00 sys=0.00, real=0.00 secs] 
2019-01-02T11:13:11.093+0530: 858.995: [GC (Allocation Failure) 2019-01-02T11:13:11.094+0530: 858.995: [DefNew
Desired survivor size 32768 bytes, new threshold 15 (max 15)
- age   2:         24 bytes,         24 total
- age   5:        184 bytes,        208 total
- age  11:         16 bytes,        224 total
: 500K->0K(960K), 0.0003398 secs] 7075K->7075K(10176K), 0.0004550 secs] [Times: user=0.00 sys=0.00, real=0.00 secs] 
2019-01-02T11:13:11.094+0530: 858.996: [GC (Allocation Failure) 2019-01-02T11:13:11.094+0530: 858.996: [DefNew
Desired survivor size 32768 bytes, new threshold 15 (max 15)
- age   1:         24 bytes,         24 total
- age   6:         72 bytes,         96 total
- age  12:         16 bytes,        112 total
: 518K->0K(960K), 0.0003335 secs] 7593K->7575K(10176K), 0.0004105 secs] [Times: user=0.00 sys=0.00, real=0.00 secs] 
2019-01-02T11:13:11.153+0530: 859.054: [GC (Allocation Failure) 2019-01-02T11:13:11.153+0530: 859.054: [DefNew
Desired survivor size 32768 bytes, new threshold 15 (max 15)
- age   1:        248 bytes,        248 total
- age   7:         16 bytes,        264 total
- age  13:         16 bytes,        280 total
: 871K->0K(960K), 0.0010052 secs] 8447K->7648K(10176K), 0.0013154 secs] [Times: user=0.00 sys=0.00, real=0.00 secs] 
2019-01-02T11:13:11.156+0530: 859.057: [GC (Allocation Failure) 2019-01-02T11:13:11.156+0530: 859.058: [DefNew
Desired survivor size 32768 bytes, new threshold 15 (max 15)
- age   1:         40 bytes,         40 total
- age   2:        184 bytes,        224 total
- age   8:         16 bytes,        240 total
- age  14:         16 bytes,        256 total
: 896K->0K(960K), 0.0010269 secs] 8544K->7936K(10176K), 0.0012743 secs] [Times: user=0.00 sys=0.00, real=0.00 secs] 
2019-01-02T11:13:11.159+0530: 859.060: [GC (Allocation Failure) 2019-01-02T11:13:11.159+0530: 859.060: [DefNew
Desired survivor size 32768 bytes, new threshold 15 (max 15)
- age   3:        184 bytes,        184 total
- age   9:         16 bytes,        200 total
- age  15:         16 bytes,        216 total
: 896K->0K(960K), 0.0013370 secs] 8832K->8512K(10176K), 0.0014938 secs] [Times: user=0.00 sys=0.00, real=0.00 secs] 
2019-01-02T11:13:11.161+0530: 859.063: [GC (Allocation Failure) 2019-01-02T11:13:11.161+0530: 859.063: [DefNew
Desired survivor size 32768 bytes, new threshold 15 (max 15)
- age   1:         24 bytes,         24 total
- age   4:        184 bytes,        208 total
- age  10:         16 bytes,        224 total
: 462K->0K(960K), 0.0002720 secs] 8974K->8512K(10176K), 0.0003472 secs] [Times: user=0.00 sys=0.00, real=0.00 secs] 
2019-01-02T11:13:11.162+0530: 859.064: [GC (Allocation Failure) 2019-01-02T11:13:11.162+0530: 859.064: [DefNew
Desired survivor size 32768 bytes, new threshold 15 (max 15)
- age   2:         24 bytes,         24 total
- age   5:        184 bytes,        208 total
- age  11:         16 bytes,        224 total
: 500K->0K(960K), 0.0003410 secs] 9012K->9012K(10176K), 0.0004117 secs] [Times: user=0.00 sys=0.00, real=0.00 secs] 
2019-01-02T11:13:11.163+0530: 859.064: [GC (Allocation Failure) 2019-01-02T11:13:11.163+0530: 859.064: [DefNew: 518K->518K(960K), 0.0001642 secs]2019-01-02T11:13:11.163+0530: 859.065: [Tenured: 9012K->1265K(9216K), 0.0062278 secs] 9530K->1265K(10176K), [Metaspace: 2520K->2520K(1056768K)], 0.0065243 secs] [Times: user=0.02 sys=0.00, real=0.01 secs] 
2019-01-02T11:13:11.229+0530: 859.130: [GC (Allocation Failure) 2019-01-02T11:13:11.229+0530: 859.131: [DefNew
Desired survivor size 32768 bytes, new threshold 15 (max 15)
- age   1:        248 bytes,        248 total
: 871K->0K(960K), 0.0009601 secs] 2136K->1838K(10176K), 0.0017008 secs] [Times: user=0.00 sys=0.00, real=0.00 secs] 
2019-01-02T11:13:11.232+0530: 859.134: [GC (Allocation Failure) 2019-01-02T11:13:11.233+0530: 859.134: [DefNew
Desired survivor size 32768 bytes, new threshold 15 (max 15)
- age   1:         40 bytes,         40 total
- age   2:        184 bytes,        224 total
: 896K->0K(960K), 0.0004128 secs] 2734K->2126K(10176K), 0.0006312 secs] [Times: user=0.00 sys=0.00, real=0.00 secs] 
2019-01-02T11:13:11.234+0530: 859.136: [GC (Allocation Failure) 2019-01-02T11:13:11.234+0530: 859.136: [DefNew
Desired survivor size 32768 bytes, new threshold 15 (max 15)
- age   3:        184 bytes,        184 total
: 896K->0K(960K), 0.0008695 secs] 3022K->2702K(10176K), 0.0009983 secs] [Times: user=0.00 sys=0.00, real=0.00 secs] 
2019-01-02T11:13:11.237+0530: 859.138: [GC (Allocation Failure) 2019-01-02T11:13:11.237+0530: 859.138: [DefNew
Desired survivor size 32768 bytes, new threshold 15 (max 15)
- age   1:         24 bytes,         24 total
- age   4:        184 bytes,        208 total
: 462K->0K(960K), 0.0007315 secs] 3164K->2702K(10176K), 0.0009345 secs] [Times: user=0.00 sys=0.00, real=0.00 secs] 
2019-01-02T11:13:11.238+0530: 859.140: [GC (Allocation Failure) 2019-01-02T11:13:11.238+0530: 859.140: [DefNew
Desired survivor size 32768 bytes, new threshold 15 (max 15)
- age   2:         24 bytes,         24 total
- age   5:        184 bytes,        208 total
: 500K->0K(960K), 0.0011597 secs] 3202K->3202K(10176K), 0.0013752 secs] [Times: user=0.00 sys=0.00, real=0.00 secs] 
2019-01-02T11:13:11.240+0530: 859.141: [GC (Allocation Failure) 2019-01-02T11:13:11.240+0530: 859.141: [DefNew
Desired survivor size 32768 bytes, new threshold 15 (max 15)
- age   1:         24 bytes,         24 total
- age   6:         72 bytes,         96 total
: 518K->0K(960K), 0.0003586 secs] 3720K->3702K(10176K), 0.0004367 secs] [Times: user=0.00 sys=0.00, real=0.00 secs] 
2019-01-02T11:13:11.296+0530: 859.198: [GC (Allocation Failure) 2019-01-02T11:13:11.296+0530: 859.198: [DefNew
Desired survivor size 32768 bytes, new threshold 15 (max 15)
- age   1:        248 bytes,        248 total
- age   7:         16 bytes,        264 total
: 871K->0K(960K), 0.0010776 secs] 4574K->3774K(10176K), 0.0015212 secs] [Times: user=0.00 sys=0.00, real=0.00 secs] 
2019-01-02T11:13:11.300+0530: 859.201: [GC (Allocation Failure) 2019-01-02T11:13:11.300+0530: 859.202: [DefNew
Desired survivor size 32768 bytes, new threshold 15 (max 15)
- age   1:         40 bytes,         40 total
- age   2:        184 bytes,        224 total
- age   8:         16 bytes,        240 total
: 896K->0K(960K), 0.0010166 secs] 4670K->4062K(10176K), 0.0013091 secs] [Times: user=0.00 sys=0.00, real=0.00 secs] 
2019-01-02T11:13:11.302+0530: 859.204: [GC (Allocation Failure) 2019-01-02T11:13:11.302+0530: 859.204: [DefNew
Desired survivor size 32768 bytes, new threshold 15 (max 15)
- age   3:        184 bytes,        184 total
- age   9:         16 bytes,        200 total
: 896K->0K(960K), 0.0009767 secs] 4958K->4638K(10176K), 0.0010850 secs] [Times: user=0.00 sys=0.00, real=0.00 secs] 
2019-01-02T11:13:11.305+0530: 859.207: [GC (Allocation Failure) 2019-01-02T11:13:11.305+0530: 859.207: [DefNew
Desired survivor size 32768 bytes, new threshold 15 (max 15)
- age   1:         24 bytes,         24 total
- age   4:        184 bytes,        208 total
- age  10:         16 bytes,        224 total
: 462K->0K(960K), 0.0002925 secs] 5100K->4638K(10176K), 0.0003871 secs] [Times: user=0.00 sys=0.00, real=0.00 secs] 
2019-01-02T11:13:11.306+0530: 859.207: [GC (Allocation Failure) 2019-01-02T11:13:11.306+0530: 859.207: [DefNew
Desired survivor size 32768 bytes, new threshold 15 (max 15)
- age   2:         24 bytes,         24 total
- age   5:        184 bytes,        208 total
- age  11:         16 bytes,        224 total
: 500K->0K(960K), 0.0003529 secs] 5139K->5139K(10176K), 0.0004253 secs] [Times: user=0.02 sys=0.00, real=0.00 secs] 
2019-01-02T11:13:11.307+0530: 859.208: [GC (Allocation Failure) 2019-01-02T11:13:11.307+0530: 859.208: [DefNew
Desired survivor size 32768 bytes, new threshold 15 (max 15)
- age   1:         24 bytes,         24 total
- age   6:         72 bytes,         96 total
- age  12:         16 bytes,        112 total
: 518K->0K(960K), 0.0003586 secs] 5657K->5639K(10176K), 0.0004305 secs] [Times: user=0.00 sys=0.00, real=0.00 secs] 
2019-01-02T11:13:11.366+0530: 859.268: [GC (Allocation Failure) 2019-01-02T11:13:11.366+0530: 859.268: [DefNew
Desired survivor size 32768 bytes, new threshold 15 (max 15)
- age   1:        248 bytes,        248 total
- age   7:         16 bytes,        264 total
- age  13:         16 bytes,        280 total
: 871K->0K(960K), 0.0011734 secs] 6511K->5711K(10176K), 0.0015229 secs] [Times: user=0.00 sys=0.00, real=0.00 secs] 
2019-01-02T11:13:11.370+0530: 859.272: [GC (Allocation Failure) 2019-01-02T11:13:11.370+0530: 859.272: [DefNew
Desired survivor size 32768 bytes, new threshold 15 (max 15)
- age   1:         40 bytes,         40 total
- age   2:        184 bytes,        224 total
- age   8:         16 bytes,        240 total
- age  14:         16 bytes,        256 total
: 896K->0K(960K), 0.0011620 secs] 6607K->5999K(10176K), 0.0016974 secs] [Times: user=0.00 sys=0.00, real=0.00 secs] 
2019-01-02T11:13:11.374+0530: 859.275: [GC (Allocation Failure) 2019-01-02T11:13:11.374+0530: 859.275: [DefNew
Desired survivor size 32768 bytes, new threshold 15 (max 15)
- age   3:        184 bytes,        184 total
- age   9:         16 bytes,        200 total
- age  15:         16 bytes,        216 total
: 896K->0K(960K), 0.0011939 secs] 6895K->6575K(10176K), 0.0013399 secs] [Times: user=0.00 sys=0.00, real=0.00 secs] 
2019-01-02T11:13:11.377+0530: 859.278: [GC (Allocation Failure) 2019-01-02T11:13:11.377+0530: 859.278: [DefNew
Desired survivor size 32768 bytes, new threshold 15 (max 15)
- age   1:         24 bytes,         24 total
- age   4:        184 bytes,        208 total
- age  10:         16 bytes,        224 total
: 462K->0K(960K), 0.0002782 secs] 7037K->6575K(10176K), 0.0003740 secs] [Times: user=0.00 sys=0.00, real=0.00 secs] 
2019-01-02T11:13:11.377+0530: 859.279: [GC (Allocation Failure) 2019-01-02T11:13:11.377+0530: 859.279: [DefNew
Desired survivor size 32768 bytes, new threshold 15 (max 15)
- age   2:         24 bytes,         24 total
- age   5:        184 bytes,        208 total
- age  11:         16 bytes,        224 total
: 500K->0K(960K), 0.0003495 secs] 7076K->7076K(10176K), 0.0004305 secs] [Times: user=0.00 sys=0.00, real=0.00 secs] 
2019-01-02T11:13:11.378+0530: 859.280: [GC (Allocation Failure) 2019-01-02T11:13:11.378+0530: 859.280: [DefNew
Desired survivor size 32768 bytes, new threshold 15 (max 15)
- age   1:         24 bytes,         24 total
- age   6:         72 bytes,         96 total
- age  12:         16 bytes,        112 total
: 518K->0K(960K), 0.0004316 secs] 7594K->7576K(10176K), 0.0005314 secs] [Times: user=0.00 sys=0.00, real=0.00 secs] 
2019-01-02T11:13:11.436+0530: 859.337: [GC (Allocation Failure) 2019-01-02T11:13:11.436+0530: 859.337: [DefNew
Desired survivor size 32768 bytes, new threshold 15 (max 15)
- age   1:        248 bytes,        248 total
- age   7:         16 bytes,        264 total
- age  13:         16 bytes,        280 total
: 871K->0K(960K), 0.0006169 secs] 8448K->7648K(10176K), 0.0008011 secs] [Times: user=0.00 sys=0.00, real=0.00 secs] 
2019-01-02T11:13:11.438+0530: 859.339: [GC (Allocation Failure) 2019-01-02T11:13:11.438+0530: 859.339: [DefNew
Desired survivor size 32768 bytes, new threshold 15 (max 15)
- age   1:         40 bytes,         40 total
- age   2:        184 bytes,        224 total
- age   8:         16 bytes,        240 total
- age  14:         16 bytes,        256 total
: 896K->0K(960K), 0.0011654 secs] 8544K->7936K(10176K), 0.0013188 secs] [Times: user=0.00 sys=0.00, real=0.00 secs] 
2019-01-02T11:13:11.441+0530: 859.342: [GC (Allocation Failure) 2019-01-02T11:13:11.441+0530: 859.342: [DefNew
Desired survivor size 32768 bytes, new threshold 15 (max 15)
- age   3:        184 bytes,        184 total
- age   9:         16 bytes,        200 total
- age  15:         16 bytes,        216 total
: 896K->0K(960K), 0.0009767 secs] 8832K->8512K(10176K), 0.0011899 secs] [Times: user=0.00 sys=0.00, real=0.00 secs] 
2019-01-02T11:13:11.443+0530: 859.345: [GC (Allocation Failure) 2019-01-02T11:13:11.443+0530: 859.345: [DefNew
Desired survivor size 32768 bytes, new threshold 15 (max 15)
- age   1:         24 bytes,         24 total
- age   4:        184 bytes,        208 total
- age  10:         16 bytes,        224 total
: 462K->0K(960K), 0.0002532 secs] 8974K->8512K(10176K), 0.0003170 secs] [Times: user=0.00 sys=0.00, real=0.00 secs] 
2019-01-02T11:13:11.444+0530: 859.346: [GC (Allocation Failure) 2019-01-02T11:13:11.444+0530: 859.346: [DefNew
Desired survivor size 32768 bytes, new threshold 15 (max 15)
- age   2:         24 bytes,         24 total
- age   5:        184 bytes,        208 total
- age  11:         16 bytes,        224 total
: 500K->0K(960K), 0.0003193 secs] 9013K->9013K(10176K), 0.0003717 secs] [Times: user=0.00 sys=0.00, real=0.00 secs] 
2019-01-02T11:13:11.445+0530: 859.346: [GC (Allocation Failure) 2019-01-02T11:13:11.445+0530: 859.346: [DefNew: 518K->518K(960K), 0.0000234 secs]2019-01-02T11:13:11.445+0530: 859.346: [Tenured: 9013K->1265K(9216K), 0.0044022 secs] 9531K->1265K(10176K), [Metaspace: 2520K->2520K(1056768K)], 0.0046742 secs] [Times: user=0.02 sys=0.00, real=0.00 secs] 
2019-01-02T11:13:11.505+0530: 859.407: [GC (Allocation Failure) 2019-01-02T11:13:11.505+0530: 859.407: [DefNew
Desired survivor size 32768 bytes, new threshold 15 (max 15)
- age   1:        248 bytes,        248 total
: 871K->0K(960K), 0.0010417 secs] 2137K->1838K(10176K), 0.0013000 secs] [Times: user=0.00 sys=0.00, real=0.00 secs] 
2019-01-02T11:13:11.508+0530: 859.410: [GC (Allocation Failure) 2019-01-02T11:13:11.508+0530: 859.410: [DefNew
Desired survivor size 32768 bytes, new threshold 15 (max 15)
- age   1:         40 bytes,         40 total
- age   2:        184 bytes,        224 total
: 896K->0K(960K), 0.0009054 secs] 2734K->2126K(10176K), 0.0010685 secs] [Times: user=0.02 sys=0.00, real=0.00 secs] 
2019-01-02T11:13:11.511+0530: 859.412: [GC (Allocation Failure) 2019-01-02T11:13:11.511+0530: 859.413: [DefNew
Desired survivor size 32768 bytes, new threshold 15 (max 15)
- age   3:        184 bytes,        184 total
: 896K->0K(960K), 0.0008148 secs] 3022K->2702K(10176K), 0.0010924 secs] [Times: user=0.00 sys=0.00, real=0.00 secs] 
2019-01-02T11:13:11.513+0530: 859.415: [GC (Allocation Failure) 2019-01-02T11:13:11.513+0530: 859.415: [DefNew
Desired survivor size 32768 bytes, new threshold 15 (max 15)
- age   1:         24 bytes,         24 total
- age   4:        184 bytes,        208 total
: 462K->0K(960K), 0.0003016 secs] 3164K->2702K(10176K), 0.0004008 secs] [Times: user=0.00 sys=0.00, real=0.00 secs] 
2019-01-02T11:13:11.514+0530: 859.416: [GC (Allocation Failure) 2019-01-02T11:13:11.514+0530: 859.416: [DefNew
Desired survivor size 32768 bytes, new threshold 15 (max 15)
- age   2:         24 bytes,         24 total
- age   5:        184 bytes,        208 total
: 500K->0K(960K), 0.0003415 secs] 3202K->3202K(10176K), 0.0004139 secs] [Times: user=0.00 sys=0.00, real=0.00 secs] 
2019-01-02T11:13:11.515+0530: 859.417: [GC (Allocation Failure) 2019-01-02T11:13:11.515+0530: 859.417: [DefNew
Desired survivor size 32768 bytes, new threshold 15 (max 15)
- age   1:         24 bytes,         24 total
- age   6:         72 bytes,         96 total
: 518K->0K(960K), 0.0007486 secs] 3720K->3703K(10176K), 0.0009060 secs] [Times: user=0.00 sys=0.00, real=0.00 secs] 
2019-01-02T11:13:11.572+0530: 859.473: [GC (Allocation Failure) 2019-01-02T11:13:11.572+0530: 859.474: [DefNew
Desired survivor size 32768 bytes, new threshold 15 (max 15)
- age   1:        248 bytes,        248 total
- age   7:         16 bytes,        264 total
: 871K->0K(960K), 0.0012099 secs] 4574K->3775K(10176K), 0.0016261 secs] [Times: user=0.00 sys=0.00, real=0.00 secs] 
2019-01-02T11:13:11.575+0530: 859.477: [GC (Allocation Failure) 2019-01-02T11:13:11.576+0530: 859.477: [DefNew
Desired survivor size 32768 bytes, new threshold 15 (max 15)
- age   1:         40 bytes,         40 total
- age   2:        184 bytes,        224 total
- age   8:         16 bytes,        240 total
: 896K->0K(960K), 0.0008484 secs] 4671K->4063K(10176K), 0.0010286 secs] [Times: user=0.00 sys=0.00, real=0.00 secs] 
2019-01-02T11:13:11.578+0530: 859.480: [GC (Allocation Failure) 2019-01-02T11:13:11.578+0530: 859.480: [DefNew
Desired survivor size 32768 bytes, new threshold 15 (max 15)
- age   3:        184 bytes,        184 total
- age   9:         16 bytes,        200 total
: 896K->0K(960K), 0.0008484 secs] 4959K->4639K(10176K), 0.0010497 secs] [Times: user=0.00 sys=0.00, real=0.00 secs] 
2019-01-02T11:13:11.581+0530: 859.482: [GC (Allocation Failure) 2019-01-02T11:13:11.581+0530: 859.482: [DefNew
Desired survivor size 32768 bytes, new threshold 15 (max 15)
- age   1:         24 bytes,         24 total
- age   4:        184 bytes,        208 total
- age  10:         16 bytes,        224 total
: 462K->0K(960K), 0.0002856 secs] 5101K->4639K(10176K), 0.0003757 secs] [Times: user=0.00 sys=0.00, real=0.00 secs] 
2019-01-02T11:13:11.581+0530: 859.483: [GC (Allocation Failure) 2019-01-02T11:13:11.581+0530: 859.483: [DefNew
Desired survivor size 32768 bytes, new threshold 15 (max 15)
- age   2:         24 bytes,         24 total
- age   5:        184 bytes,        208 total
- age  11:         16 bytes,        224 total
: 500K->0K(960K), 0.0003455 secs] 5139K->5139K(10176K), 0.0004185 secs] [Times: user=0.00 sys=0.00, real=0.00 secs] 
2019-01-02T11:13:11.582+0530: 859.484: [GC (Allocation Failure) 2019-01-02T11:13:11.582+0530: 859.484: [DefNew
Desired survivor size 32768 bytes, new threshold 15 (max 15)
- age   1:         24 bytes,         24 total
- age   6:         72 bytes,         96 total
- age  12:         16 bytes,        112 total
: 518K->0K(960K), 0.0011728 secs] 5657K->5640K(10176K), 0.0012983 secs] [Times: user=0.00 sys=0.00, real=0.00 secs] 
2019-01-02T11:13:11.637+0530: 859.538: [GC (Allocation Failure) 2019-01-02T11:13:11.637+0530: 859.539: [DefNew
Desired survivor size 32768 bytes, new threshold 15 (max 15)
- age   1:        248 bytes,        248 total
- age   7:         16 bytes,        264 total
- age  13:         16 bytes,        280 total
: 871K->0K(960K), 0.0005753 secs] 6511K->5712K(10176K), 0.0007480 secs] [Times: user=0.00 sys=0.00, real=0.00 secs] 
2019-01-02T11:13:11.639+0530: 859.541: [GC (Allocation Failure) 2019-01-02T11:13:11.639+0530: 859.541: [DefNew
Desired survivor size 32768 bytes, new threshold 15 (max 15)
- age   1:         40 bytes,         40 total
- age   2:        184 bytes,        224 total
- age   8:         16 bytes,        240 total
- age  14:         16 bytes,        256 total
: 896K->0K(960K), 0.0009904 secs] 6608K->6000K(10176K), 0.0011859 secs] [Times: user=0.00 sys=0.00, real=0.00 secs] 
2019-01-02T11:13:11.642+0530: 859.544: [GC (Allocation Failure) 2019-01-02T11:13:11.642+0530: 859.544: [DefNew
Desired survivor size 32768 bytes, new threshold 15 (max 15)
- age   3:        184 bytes,        184 total
- age   9:         16 bytes,        200 total
- age  15:         16 bytes,        216 total
: 896K->0K(960K), 0.0011551 secs] 6896K->6576K(10176K), 0.0013678 secs] [Times: user=0.00 sys=0.00, real=0.00 secs] 
2019-01-02T11:13:11.645+0530: 859.546: [GC (Allocation Failure) 2019-01-02T11:13:11.645+0530: 859.547: [DefNew
Desired survivor size 32768 bytes, new threshold 15 (max 15)
- age   1:         24 bytes,         24 total
- age   4:        184 bytes,        208 total
- age  10:         16 bytes,        224 total
: 462K->0K(960K), 0.0003107 secs] 7038K->6576K(10176K), 0.0004333 secs] [Times: user=0.00 sys=0.00, real=0.00 secs] 
2019-01-02T11:13:11.646+0530: 859.547: [GC (Allocation Failure) 2019-01-02T11:13:11.646+0530: 859.547: [DefNew
Desired survivor size 32768 bytes, new threshold 15 (max 15)
- age   2:         24 bytes,         24 total
- age   5:        184 bytes,        208 total
- age  11:         16 bytes,        224 total
: 500K->0K(960K), 0.0004487 secs] 7076K->7076K(10176K), 0.0005405 secs] [Times: user=0.00 sys=0.00, real=0.00 secs] 
2019-01-02T11:13:11.647+0530: 859.548: [GC (Allocation Failure) 2019-01-02T11:13:11.647+0530: 859.548: [DefNew
Desired survivor size 32768 bytes, new threshold 15 (max 15)
- age   1:         24 bytes,         24 total
- age   6:         72 bytes,         96 total
- age  12:         16 bytes,        112 total
: 518K->0K(960K), 0.0004310 secs] 7595K->7577K(10176K), 0.0005074 secs] [Times: user=0.00 sys=0.00, real=0.00 secs] 
2019-01-02T11:13:11.709+0530: 859.611: [GC (Allocation Failure) 2019-01-02T11:13:11.709+0530: 859.611: [DefNew
Desired survivor size 32768 bytes, new threshold 15 (max 15)
- age   1:        248 bytes,        248 total
- age   7:         16 bytes,        264 total
- age  13:         16 bytes,        280 total
: 871K->0K(960K), 0.0007133 secs] 8448K->7649K(10176K), 0.0010679 secs] [Times: user=0.00 sys=0.00, real=0.00 secs] 
2019-01-02T11:13:11.713+0530: 859.614: [GC (Allocation Failure) 2019-01-02T11:13:11.713+0530: 859.614: [DefNew
Desired survivor size 32768 bytes, new threshold 15 (max 15)
- age   1:         40 bytes,         40 total
- age   2:        184 bytes,        224 total
- age   8:         16 bytes,        240 total
- age  14:         16 bytes,        256 total
: 896K->0K(960K), 0.0011717 secs] 8545K->7937K(10176K), 0.0013296 secs] [Times: user=0.00 sys=0.00, real=0.00 secs] 
2019-01-02T11:13:11.716+0530: 859.617: [GC (Allocation Failure) 2019-01-02T11:13:11.716+0530: 859.617: [DefNew
Desired survivor size 32768 bytes, new threshold 15 (max 15)
- age   3:        184 bytes,        184 total
- age   9:         16 bytes,        200 total
- age  15:         16 bytes,        216 total
: 896K->0K(960K), 0.0006357 secs] 8833K->8513K(10176K), 0.0007663 secs] [Times: user=0.00 sys=0.00, real=0.00 secs] 
2019-01-02T11:13:11.718+0530: 859.620: [GC (Allocation Failure) 2019-01-02T11:13:11.718+0530: 859.620: [DefNew
Desired survivor size 32768 bytes, new threshold 15 (max 15)
- age   1:         24 bytes,         24 total
- age   4:        184 bytes,        208 total
- age  10:         16 bytes,        224 total
: 462K->0K(960K), 0.0002811 secs] 8975K->8513K(10176K), 0.0003649 secs] [Times: user=0.00 sys=0.00, real=0.00 secs] 
2019-01-02T11:13:11.719+0530: 859.621: [GC (Allocation Failure) 2019-01-02T11:13:11.719+0530: 859.621: [DefNew
Desired survivor size 32768 bytes, new threshold 15 (max 15)
- age   2:         24 bytes,         24 total
- age   5:        184 bytes,        208 total
- age  11:         16 bytes,        224 total
: 500K->0K(960K), 0.0005833 secs] 9014K->9014K(10176K), 0.0007555 secs] [Times: user=0.00 sys=0.00, real=0.00 secs] 
2019-01-02T11:13:11.721+0530: 859.622: [GC (Allocation Failure) 2019-01-02T11:13:11.721+0530: 859.622: [DefNew: 518K->518K(960K), 0.0000319 secs]2019-01-02T11:13:11.721+0530: 859.622: [Tenured: 9013K->1265K(9216K), 0.0053031 secs] 9532K->1265K(10176K), [Metaspace: 2520K->2520K(1056768K)], 0.0055026 secs] [Times: user=0.00 sys=0.00, real=0.01 secs] 
2019-01-02T11:13:11.782+0530: 859.684: [GC (Allocation Failure) 2019-01-02T11:13:11.782+0530: 859.684: [DefNew
Desired survivor size 32768 bytes, new threshold 15 (max 15)
- age   1:        248 bytes,        248 total
: 871K->0K(960K), 0.0019505 secs] 2137K->1838K(10176K), 0.0024255 secs] [Times: user=0.00 sys=0.00, real=0.00 secs] 
2019-01-02T11:13:11.788+0530: 859.689: [GC (Allocation Failure) 2019-01-02T11:13:11.788+0530: 859.689: [DefNew
Desired survivor size 32768 bytes, new threshold 15 (max 15)
- age   1:         40 bytes,         40 total
- age   2:        184 bytes,        224 total
: 896K->0K(960K), 0.0005730 secs] 2734K->2126K(10176K), 0.0007230 secs] [Times: user=0.00 sys=0.00, real=0.00 secs] 
2019-01-02T11:13:11.790+0530: 859.692: [GC (Allocation Failure) 2019-01-02T11:13:11.790+0530: 859.692: [DefNew
Desired survivor size 32768 bytes, new threshold 15 (max 15)
- age   3:        184 bytes,        184 total
: 896K->0K(960K), 0.0009847 secs] 3022K->2702K(10176K), 0.0011512 secs] [Times: user=0.00 sys=0.00, real=0.00 secs] 
2019-01-02T11:13:11.792+0530: 859.694: [GC (Allocation Failure) 2019-01-02T11:13:11.792+0530: 859.694: [DefNew
Desired survivor size 32768 bytes, new threshold 15 (max 15)
- age   1:         24 bytes,         24 total
- age   4:        184 bytes,        208 total
: 462K->0K(960K), 0.0002560 secs] 3164K->2702K(10176K), 0.0003284 secs] [Times: user=0.00 sys=0.00, real=0.00 secs] 
2019-01-02T11:13:11.793+0530: 859.695: [GC (Allocation Failure) 2019-01-02T11:13:11.793+0530: 859.695: [DefNew
Desired survivor size 32768 bytes, new threshold 15 (max 15)
- age   2:         24 bytes,         24 total
- age   5:        184 bytes,        208 total
: 500K->0K(960K), 0.0003079 secs] 3203K->3203K(10176K), 0.0003763 secs] [Times: user=0.00 sys=0.00, real=0.00 secs] 
2019-01-02T11:13:11.794+0530: 859.695: [GC (Allocation Failure) 2019-01-02T11:13:11.794+0530: 859.695: [DefNew
Desired survivor size 32768 bytes, new threshold 15 (max 15)
- age   1:         24 bytes,         24 total
- age   6:         72 bytes,         96 total
: 518K->0K(960K), 0.0003181 secs] 3721K->3703K(10176K), 0.0003888 secs] [Times: user=0.00 sys=0.00, real=0.00 secs] 
2019-01-02T11:13:11.851+0530: 859.752: [GC (Allocation Failure) 2019-01-02T11:13:11.851+0530: 859.752: [DefNew
Desired survivor size 32768 bytes, new threshold 15 (max 15)
- age   1:        248 bytes,        248 total
- age   7:         16 bytes,        264 total
: 856K->0K(960K), 0.0014015 secs] 4559K->3775K(10176K), 0.0016700 secs] [Times: user=0.02 sys=0.00, real=0.00 secs] 
2019-01-02T11:13:11.854+0530: 859.756: [GC (Allocation Failure) 2019-01-02T11:13:11.854+0530: 859.756: [DefNew
Desired survivor size 32768 bytes, new threshold 15 (max 15)
- age   2:        184 bytes,        184 total
- age   8:         16 bytes,        200 total
: 896K->0K(960K), 0.0006101 secs] 4671K->4063K(10176K), 0.0007224 secs] [Times: user=0.00 sys=0.00, real=0.00 secs] 
2019-01-02T11:13:11.856+0530: 859.758: [GC (Allocation Failure) 2019-01-02T11:13:11.856+0530: 859.758: [DefNew
Desired survivor size 32768 bytes, new threshold 15 (max 15)
- age   1:         40 bytes,         40 total
- age   3:        184 bytes,        224 total
- age   9:         16 bytes,        240 total
: 896K->0K(960K), 0.0007766 secs] 4959K->4639K(10176K), 0.0008980 secs] [Times: user=0.00 sys=0.00, real=0.00 secs] 
2019-01-02T11:13:11.858+0530: 859.760: [GC (Allocation Failure) 2019-01-02T11:13:11.859+0530: 859.760: [DefNew
Desired survivor size 32768 bytes, new threshold 15 (max 15)
- age   1:         24 bytes,         24 total
- age   4:        184 bytes,        208 total
- age  10:         16 bytes,        224 total
: 464K->0K(960K), 0.0005052 secs] 5104K->4639K(10176K), 0.0006403 secs] [Times: user=0.00 sys=0.00, real=0.00 secs] 
2019-01-02T11:13:11.859+0530: 859.761: [GC (Allocation Failure) 2019-01-02T11:13:11.860+0530: 859.761: [DefNew
Desired survivor size 32768 bytes, new threshold 15 (max 15)
- age   2:         24 bytes,         24 total
- age   5:        184 bytes,        208 total
- age  11:         16 bytes,        224 total
: 500K->0K(960K), 0.0003216 secs] 5140K->5140K(10176K), 0.0003985 secs] [Times: user=0.00 sys=0.00, real=0.00 secs] 
2019-01-02T11:13:11.860+0530: 859.762: [GC (Allocation Failure) 2019-01-02T11:13:11.860+0530: 859.762: [DefNew
Desired survivor size 32768 bytes, new threshold 15 (max 15)
- age   1:         24 bytes,         24 total
- age   6:         72 bytes,         96 total
- age  12:         16 bytes,        112 total
: 518K->0K(960K), 0.0003421 secs] 5658K->5640K(10176K), 0.0004339 secs] [Times: user=0.00 sys=0.00, real=0.00 secs] 
2019-01-02T11:13:11.918+0530: 859.820: [GC (Allocation Failure) 2019-01-02T11:13:11.918+0530: 859.820: [DefNew
Desired survivor size 32768 bytes, new threshold 15 (max 15)
- age   1:        248 bytes,        248 total
- age   7:         16 bytes,        264 total
- age  13:         16 bytes,        280 total
: 872K->0K(960K), 0.0006734 secs] 6512K->5713K(10176K), 0.0011785 secs] [Times: user=0.00 sys=0.00, real=0.00 secs] 
2019-01-02T11:13:11.922+0530: 859.823: [GC (Allocation Failure) 2019-01-02T11:13:11.922+0530: 859.823: [DefNew
Desired survivor size 32768 bytes, new threshold 15 (max 15)
- age   2:        184 bytes,        184 total
- age   8:         16 bytes,        200 total
- age  14:         16 bytes,        216 total
: 896K->0K(960K), 0.0008096 secs] 6609K->6000K(10176K), 0.0010280 secs] [Times: user=0.00 sys=0.00, real=0.00 secs] 
2019-01-02T11:13:11.924+0530: 859.826: [GC (Allocation Failure) 2019-01-02T11:13:11.924+0530: 859.826: [DefNew
Desired survivor size 32768 bytes, new threshold 15 (max 15)
- age   3:        184 bytes,        184 total
- age   9:         16 bytes,        200 total
- age  15:         16 bytes,        216 total
: 896K->0K(960K), 0.0011808 secs] 6896K->6576K(10176K), 0.0013792 secs] [Times: user=0.00 sys=0.00, real=0.00 secs] 
2019-01-02T11:13:11.926+0530: 859.828: [GC (Allocation Failure) 2019-01-02T11:13:11.927+0530: 859.828: [DefNew
Desired survivor size 32768 bytes, new threshold 15 (max 15)
- age   1:         24 bytes,         24 total
- age   4:        184 bytes,        208 total
- age  10:         16 bytes,        224 total
: 462K->0K(960K), 0.0002543 secs] 7039K->6577K(10176K), 0.0003341 secs] [Times: user=0.00 sys=0.00, real=0.00 secs] 
2019-01-02T11:13:11.927+0530: 859.829: [GC (Allocation Failure) 2019-01-02T11:13:11.927+0530: 859.829: [DefNew
Desired survivor size 32768 bytes, new threshold 15 (max 15)
- age   2:         24 bytes,         24 total
- age   5:        184 bytes,        208 total
- age  11:         16 bytes,        224 total
: 500K->0K(960K), 0.0003307 secs] 7077K->7077K(10176K), 0.0004025 secs] [Times: user=0.00 sys=0.00, real=0.00 secs] 
2019-01-02T11:13:11.928+0530: 859.830: [GC (Allocation Failure) 2019-01-02T11:13:11.928+0530: 859.830: [DefNew
Desired survivor size 32768 bytes, new threshold 15 (max 15)
- age   1:         24 bytes,         24 total
- age   6:         72 bytes,         96 total
- age  12:         16 bytes,        112 total
: 518K->0K(960K), 0.0003130 secs] 7595K->7578K(10176K), 0.0003843 secs] [Times: user=0.00 sys=0.00, real=0.00 secs] 
2019-01-02T11:13:11.983+0530: 859.885: [GC (Allocation Failure) 2019-01-02T11:13:11.984+0530: 859.885: [DefNew
Desired survivor size 32768 bytes, new threshold 15 (max 15)
- age   1:        248 bytes,        248 total
- age   7:         16 bytes,        264 total
- age  13:         16 bytes,        280 total
: 871K->0K(960K), 0.0013422 secs] 8449K->7650K(10176K), 0.0018479 secs] [Times: user=0.00 sys=0.00, real=0.00 secs] 
2019-01-02T11:13:11.987+0530: 859.889: [GC (Allocation Failure) 2019-01-02T11:13:11.988+0530: 859.889: [DefNew
Desired survivor size 32768 bytes, new threshold 15 (max 15)
- age   2:        184 bytes,        184 total
- age   8:         16 bytes,        200 total
- age  14:         16 bytes,        216 total
: 896K->0K(960K), 0.0006272 secs] 8546K->7938K(10176K), 0.0008946 secs] [Times: user=0.00 sys=0.00, real=0.00 secs] 
2019-01-02T11:13:11.990+0530: 859.891: [GC (Allocation Failure) 2019-01-02T11:13:11.990+0530: 859.892: [DefNew
Desired survivor size 32768 bytes, new threshold 15 (max 15)
- age   3:        184 bytes,        184 total
- age   9:         16 bytes,        200 total
- age  15:         16 bytes,        216 total
: 896K->0K(960K), 0.0010462 secs] 8834K->8514K(10176K), 0.0011580 secs] [Times: user=0.00 sys=0.00, real=0.00 secs] 
2019-01-02T11:13:11.992+0530: 859.894: [GC (Allocation Failure) 2019-01-02T11:13:11.993+0530: 859.894: [DefNew
Desired survivor size 32768 bytes, new threshold 15 (max 15)
- age   1:         24 bytes,         24 total
- age   4:        184 bytes,        208 total
- age  10:         16 bytes,        224 total
: 462K->0K(960K), 0.0003278 secs] 8976K->8514K(10176K), 0.0004875 secs] [Times: user=0.00 sys=0.02, real=0.00 secs] 
2019-01-02T11:13:11.993+0530: 859.895: [GC (Allocation Failure) 2019-01-02T11:13:11.993+0530: 859.895: [DefNew
Desired survivor size 32768 bytes, new threshold 15 (max 15)
- age   2:         24 bytes,         24 total
- age   5:        184 bytes,        208 total
- age  11:         16 bytes,        224 total
: 500K->0K(960K), 0.0003524 secs] 9014K->9014K(10176K), 0.0004105 secs] [Times: user=0.00 sys=0.00, real=0.00 secs] 
2019-01-02T11:13:11.994+0530: 859.896: [GC (Allocation Failure) 2019-01-02T11:13:11.994+0530: 859.896: [DefNew: 518K->518K(960K), 0.0000285 secs]2019-01-02T11:13:11.994+0530: 859.896: [Tenured: 9014K->1265K(9216K), 0.0036764 secs] 9533K->1265K(10176K), [Metaspace: 2520K->2520K(1056768K)], 0.0038275 secs] [Times: user=0.00 sys=0.00, real=0.00 secs] 
2019-01-02T11:13:12.056+0530: 859.958: [GC (Allocation Failure) 2019-01-02T11:13:12.056+0530: 859.958: [DefNew
Desired survivor size 32768 bytes, new threshold 15 (max 15)
- age   1:        248 bytes,        248 total
: 856K->0K(960K), 0.0010423 secs] 2122K->1838K(10176K), 0.0012395 secs] [Times: user=0.00 sys=0.00, real=0.00 secs] 
2019-01-02T11:13:12.059+0530: 859.961: [GC (Allocation Failure) 2019-01-02T11:13:12.059+0530: 859.961: [DefNew
Desired survivor size 32768 bytes, new threshold 15 (max 15)
- age   2:        184 bytes,        184 total
: 896K->0K(960K), 0.0012087 secs] 2734K->2126K(10176K), 0.0014379 secs] [Times: user=0.00 sys=0.00, real=0.00 secs] 
2019-01-02T11:13:12.062+0530: 859.964: [GC (Allocation Failure) 2019-01-02T11:13:12.062+0530: 859.964: [DefNew
Desired survivor size 32768 bytes, new threshold 15 (max 15)
- age   1:         40 bytes,         40 total
- age   3:        184 bytes,        224 total
: 896K->0K(960K), 0.0010879 secs] 3022K->2702K(10176K), 0.0012298 secs] [Times: user=0.00 sys=0.00, real=0.00 secs] 
2019-01-02T11:13:12.065+0530: 859.966: [GC (Allocation Failure) 2019-01-02T11:13:12.065+0530: 859.966: [DefNew
Desired survivor size 32768 bytes, new threshold 15 (max 15)
- age   1:         24 bytes,         24 total
- age   4:        184 bytes,        208 total
: 464K->0K(960K), 0.0002566 secs] 3167K->2702K(10176K), 0.0003353 secs] [Times: user=0.00 sys=0.00, real=0.00 secs] 
2019-01-02T11:13:12.065+0530: 859.967: [GC (Allocation Failure) 2019-01-02T11:13:12.065+0530: 859.967: [DefNew
Desired survivor size 32768 bytes, new threshold 15 (max 15)
- age   2:         24 bytes,         24 total
- age   5:        184 bytes,        208 total
: 500K->0K(960K), 0.0003410 secs] 3203K->3203K(10176K), 0.0004122 secs] [Times: user=0.00 sys=0.00, real=0.00 secs] 
2019-01-02T11:13:12.066+0530: 859.968: [GC (Allocation Failure) 2019-01-02T11:13:12.066+0530: 859.968: [DefNew
Desired survivor size 32768 bytes, new threshold 15 (max 15)
- age   1:         24 bytes,         24 total
- age   6:         72 bytes,         96 total
: 518K->0K(960K), 0.0003227 secs] 3721K->3703K(10176K), 0.0003940 secs] [Times: user=0.00 sys=0.00, real=0.00 secs] 
2019-01-02T11:13:12.123+0530: 860.025: [GC (Allocation Failure) 2019-01-02T11:13:12.123+0530: 860.025: [DefNew
Desired survivor size 32768 bytes, new threshold 15 (max 15)
- age   1:        248 bytes,        248 total
- age   7:         16 bytes,        264 total
: 872K->0K(960K), 0.0006169 secs] 4576K->3776K(10176K), 0.0007783 secs] [Times: user=0.00 sys=0.00, real=0.00 secs] 
2019-01-02T11:13:12.125+0530: 860.027: [GC (Allocation Failure) 2019-01-02T11:13:12.126+0530: 860.027: [DefNew
Desired survivor size 32768 bytes, new threshold 15 (max 15)
- age   2:        184 bytes,        184 total
- age   8:         16 bytes,        200 total
: 896K->0K(960K), 0.0008957 secs] 4672K->4064K(10176K), 0.0011152 secs] [Times: user=0.00 sys=0.00, real=0.00 secs] 
2019-01-02T11:13:12.128+0530: 860.030: [GC (Allocation Failure) 2019-01-02T11:13:12.128+0530: 860.030: [DefNew
Desired survivor size 32768 bytes, new threshold 15 (max 15)
- age   3:        184 bytes,        184 total
- age   9:         16 bytes,        200 total
: 896K->0K(960K), 0.0011335 secs] 4960K->4640K(10176K), 0.0013222 secs] [Times: user=0.00 sys=0.00, real=0.00 secs] 
2019-01-02T11:13:12.131+0530: 860.032: [GC (Allocation Failure) 2019-01-02T11:13:12.131+0530: 860.032: [DefNew
Desired survivor size 32768 bytes, new threshold 15 (max 15)
- age   1:         24 bytes,         24 total
- age   4:        184 bytes,        208 total
- age  10:         16 bytes,        224 total
: 462K->0K(960K), 0.0002680 secs] 5102K->4640K(10176K), 0.0003461 secs] [Times: user=0.00 sys=0.00, real=0.00 secs] 
2019-01-02T11:13:12.131+0530: 860.033: [GC (Allocation Failure) 2019-01-02T11:13:12.132+0530: 860.033: [DefNew
Desired survivor size 32768 bytes, new threshold 15 (max 15)
- age   2:         24 bytes,         24 total
- age   5:        184 bytes,        208 total
- age  11:         16 bytes,        224 total
: 500K->0K(960K), 0.0003387 secs] 5140K->5140K(10176K), 0.0004151 secs] [Times: user=0.00 sys=0.00, real=0.00 secs] 
2019-01-02T11:13:12.132+0530: 860.034: [GC (Allocation Failure) 2019-01-02T11:13:12.132+0530: 860.034: [DefNew
Desired survivor size 32768 bytes, new threshold 15 (max 15)
- age   1:         24 bytes,         24 total
- age   6:         72 bytes,         96 total
- age  12:         16 bytes,        112 total
: 518K->0K(960K), 0.0003324 secs] 5659K->5641K(10176K), 0.0004088 secs] [Times: user=0.00 sys=0.00, real=0.00 secs] 
2019-01-02T11:13:12.194+0530: 860.096: [GC (Allocation Failure) 2019-01-02T11:13:12.194+0530: 860.096: [DefNew
Desired survivor size 32768 bytes, new threshold 15 (max 15)
- age   1:        248 bytes,        248 total
- age   7:         16 bytes,        264 total
- age  13:         16 bytes,        280 total
: 856K->0K(960K), 0.0010736 secs] 6497K->5713K(10176K), 0.0014796 secs] [Times: user=0.00 sys=0.00, real=0.00 secs] 
2019-01-02T11:13:12.199+0530: 860.100: [GC (Allocation Failure) 2019-01-02T11:13:12.199+0530: 860.100: [DefNew
Desired survivor size 32768 bytes, new threshold 15 (max 15)
- age   2:        184 bytes,        184 total
- age   8:         16 bytes,        200 total
- age  14:         16 bytes,        216 total
: 896K->0K(960K), 0.0007401 secs] 6609K->6001K(10176K), 0.0009550 secs] [Times: user=0.00 sys=0.00, real=0.00 secs] 
2019-01-02T11:13:12.201+0530: 860.103: [GC (Allocation Failure) 2019-01-02T11:13:12.201+0530: 860.103: [DefNew
Desired survivor size 32768 bytes, new threshold 15 (max 15)
- age   1:         40 bytes,         40 total
- age   3:        184 bytes,        224 total
- age   9:         16 bytes,        240 total
- age  15:         16 bytes,        256 total
: 896K->0K(960K), 0.0003934 secs] 6897K->6577K(10176K), 0.0004789 secs] [Times: user=0.00 sys=0.00, real=0.00 secs] 
2019-01-02T11:13:12.203+0530: 860.105: [GC (Allocation Failure) 2019-01-02T11:13:12.203+0530: 860.105: [DefNew
Desired survivor size 32768 bytes, new threshold 15 (max 15)
- age   1:         24 bytes,         24 total
- age   4:        184 bytes,        208 total
- age  10:         16 bytes,        224 total
: 464K->0K(960K), 0.0002668 secs] 7042K->6577K(10176K), 0.0003506 secs] [Times: user=0.00 sys=0.00, real=0.00 secs] 
2019-01-02T11:13:12.204+0530: 860.106: [GC (Allocation Failure) 2019-01-02T11:13:12.204+0530: 860.106: [DefNew
Desired survivor size 32768 bytes, new threshold 15 (max 15)
- age   2:         24 bytes,         24 total
- age   5:        184 bytes,        208 total
- age  11:         16 bytes,        224 total
: 500K->0K(960K), 0.0006089 secs] 7078K->7078K(10176K), 0.0007002 secs] [Times: user=0.00 sys=0.00, real=0.00 secs] 
2019-01-02T11:13:12.205+0530: 860.107: [GC (Allocation Failure) 2019-01-02T11:13:12.205+0530: 860.107: [DefNew
Desired survivor size 32768 bytes, new threshold 15 (max 15)
- age   1:         24 bytes,         24 total
- age   6:         72 bytes,         96 total
- age  12:         16 bytes,        112 total
: 518K->0K(960K), 0.0005890 secs] 7596K->7578K(10176K), 0.0007116 secs] [Times: user=0.00 sys=0.00, real=0.00 secs] 
2019-01-02T11:13:12.262+0530: 860.164: [GC (Allocation Failure) 2019-01-02T11:13:12.263+0530: 860.164: [DefNew
Desired survivor size 32768 bytes, new threshold 15 (max 15)
- age   1:        248 bytes,        248 total
- age   7:         16 bytes,        264 total
- age  13:         16 bytes,        280 total
: 872K->0K(960K), 0.0005508 secs] 8451K->7651K(10176K), 0.0009048 secs] [Times: user=0.00 sys=0.00, real=0.00 secs] 
2019-01-02T11:13:12.265+0530: 860.167: [GC (Allocation Failure) 2019-01-02T11:13:12.266+0530: 860.167: [DefNew
Desired survivor size 32768 bytes, new threshold 15 (max 15)
- age   2:        184 bytes,        184 total
- age   8:         16 bytes,        200 total
- age  14:         16 bytes,        216 total
: 896K->0K(960K), 0.0008239 secs] 8547K->7939K(10176K), 0.0010537 secs] [Times: user=0.00 sys=0.00, real=0.00 secs] 
2019-01-02T11:13:12.268+0530: 860.170: [GC (Allocation Failure) 2019-01-02T11:13:12.268+0530: 860.170: [DefNew
Desired survivor size 32768 bytes, new threshold 15 (max 15)
- age   3:        184 bytes,        184 total
- age   9:         16 bytes,        200 total
- age  15:         16 bytes,        216 total
: 896K->0K(960K), 0.0004020 secs] 8835K->8515K(10176K), 0.0005069 secs] [Times: user=0.00 sys=0.00, real=0.00 secs] 
2019-01-02T11:13:12.271+0530: 860.172: [GC (Allocation Failure) 2019-01-02T11:13:12.271+0530: 860.172: [DefNew
Desired survivor size 32768 bytes, new threshold 15 (max 15)
- age   1:         24 bytes,         24 total
- age   4:        184 bytes,        208 total
- age  10:         16 bytes,        224 total
: 480K->0K(960K), 0.0004795 secs] 8994K->8515K(10176K), 0.0006454 secs] [Times: user=0.00 sys=0.00, real=0.00 secs] 
2019-01-02T11:13:12.272+0530: 860.173: [GC (Allocation Failure) 2019-01-02T11:13:12.272+0530: 860.173: [DefNew
Desired survivor size 32768 bytes, new threshold 15 (max 15)
- age   2:         24 bytes,         24 total
- age   5:        184 bytes,        208 total
- age  11:         16 bytes,        224 total
: 500K->0K(960K), 0.0005895 secs] 9015K->9015K(10176K), 0.0006625 secs] [Times: user=0.00 sys=0.00, real=0.00 secs] 
2019-01-02T11:13:12.273+0530: 860.175: [GC (Allocation Failure) 2019-01-02T11:13:12.273+0530: 860.175: [DefNew: 518K->518K(960K), 0.0000416 secs]2019-01-02T11:13:12.273+0530: 860.175: [Tenured: 9015K->1266K(9216K), 0.0042334 secs] 9534K->1266K(10176K), [Metaspace: 2520K->2520K(1056768K)], 0.0044250 secs] [Times: user=0.01 sys=0.00, real=0.00 secs] 
2019-01-02T11:13:12.333+0530: 860.234: [GC (Allocation Failure) 2019-01-02T11:13:12.333+0530: 860.234: [DefNew
Desired survivor size 32768 bytes, new threshold 15 (max 15)
- age   1:        248 bytes,        248 total
: 871K->0K(960K), 0.0013678 secs] 2137K->1839K(10176K), 0.0015771 secs] [Times: user=0.00 sys=0.00, real=0.00 secs] 
2019-01-02T11:13:12.336+0530: 860.238: [GC (Allocation Failure) 2019-01-02T11:13:12.336+0530: 860.238: [DefNew
Desired survivor size 32768 bytes, new threshold 15 (max 15)
- age   2:        184 bytes,        184 total
: 896K->0K(960K), 0.0007418 secs] 2735K->2126K(10176K), 0.0009989 secs] [Times: user=0.00 sys=0.00, real=0.00 secs] 
2019-01-02T11:13:12.339+0530: 860.241: [GC (Allocation Failure) 2019-01-02T11:13:12.339+0530: 860.241: [DefNew
Desired survivor size 32768 bytes, new threshold 15 (max 15)
- age   3:        184 bytes,        184 total
: 896K->0K(960K), 0.0015731 secs] 3022K->2703K(10176K), 0.0018707 secs] [Times: user=0.00 sys=0.00, real=0.00 secs] 
2019-01-02T11:13:12.343+0530: 860.244: [GC (Allocation Failure) 2019-01-02T11:13:12.343+0530: 860.244: [DefNew
Desired survivor size 32768 bytes, new threshold 15 (max 15)
- age   1:         24 bytes,         24 total
- age   4:        184 bytes,        208 total
: 479K->0K(960K), 0.0004373 secs] 3182K->2703K(10176K), 0.0005371 secs] [Times: user=0.00 sys=0.00, real=0.00 secs] 
2019-01-02T11:13:12.344+0530: 860.245: [GC (Allocation Failure) 2019-01-02T11:13:12.344+0530: 860.245: [DefNew
Desired survivor size 32768 bytes, new threshold 15 (max 15)
- age   2:         24 bytes,         24 total
- age   5:        184 bytes,        208 total
: 500K->0K(960K), 0.0003603 secs] 3203K->3203K(10176K), 0.0004350 secs] [Times: user=0.00 sys=0.00, real=0.00 secs] 
2019-01-02T11:13:12.344+0530: 860.246: [GC (Allocation Failure) 2019-01-02T11:13:12.344+0530: 860.246: [DefNew
Desired survivor size 32768 bytes, new threshold 15 (max 15)
- age   1:         24 bytes,         24 total
- age   6:         72 bytes,         96 total
: 518K->0K(960K), 0.0003335 secs] 3722K->3704K(10176K), 0.0003871 secs] [Times: user=0.00 sys=0.00, real=0.00 secs] 
2019-01-02T11:13:12.399+0530: 860.300: [GC (Allocation Failure) 2019-01-02T11:13:12.399+0530: 860.301: [DefNew
Desired survivor size 32768 bytes, new threshold 15 (max 15)
- age   1:        248 bytes,        248 total
- age   7:         16 bytes,        264 total
: 871K->0K(960K), 0.0007897 secs] 4576K->3776K(10176K), 0.0010953 secs] [Times: user=0.00 sys=0.00, real=0.00 secs] 
2019-01-02T11:13:12.402+0530: 860.303: [GC (Allocation Failure) 2019-01-02T11:13:12.402+0530: 860.303: [DefNew
Desired survivor size 32768 bytes, new threshold 15 (max 15)
- age   2:        184 bytes,        184 total
- age   8:         16 bytes,        200 total
: 896K->0K(960K), 0.0010690 secs] 4672K->4064K(10176K), 0.0012418 secs] [Times: user=0.00 sys=0.00, real=0.00 secs] 
2019-01-02T11:13:12.404+0530: 860.306: [GC (Allocation Failure) 2019-01-02T11:13:12.404+0530: 860.306: [DefNew
Desired survivor size 32768 bytes, new threshold 15 (max 15)
- age   3:        184 bytes,        184 total
- age   9:         16 bytes,        200 total
: 896K->0K(960K), 0.0010993 secs] 4960K->4640K(10176K), 0.0014168 secs] [Times: user=0.00 sys=0.00, real=0.00 secs] 
2019-01-02T11:13:12.407+0530: 860.308: [GC (Allocation Failure) 2019-01-02T11:13:12.407+0530: 860.309: [DefNew
Desired survivor size 32768 bytes, new threshold 15 (max 15)
- age   1:         24 bytes,         24 total
- age   4:        184 bytes,        208 total
- age  10:         16 bytes,        224 total
: 479K->0K(960K), 0.0004801 secs] 5120K->4640K(10176K), 0.0005924 secs] [Times: user=0.00 sys=0.00, real=0.00 secs] 
2019-01-02T11:13:12.408+0530: 860.310: [GC (Allocation Failure) 2019-01-02T11:13:12.408+0530: 860.310: [DefNew
Desired survivor size 32768 bytes, new threshold 15 (max 15)
- age   2:         24 bytes,         24 total
- age   5:        184 bytes,        208 total
- age  11:         16 bytes,        224 total
: 500K->0K(960K), 0.0008490 secs] 5141K->5141K(10176K), 0.0009316 secs] [Times: user=0.00 sys=0.00, real=0.00 secs] 
2019-01-02T11:13:12.409+0530: 860.311: [GC (Allocation Failure) 2019-01-02T11:13:12.410+0530: 860.311: [DefNew
Desired survivor size 32768 bytes, new threshold 15 (max 15)
- age   1:         24 bytes,         24 total
- age   6:         72 bytes,         96 total
- age  12:         16 bytes,        112 total
: 518K->0K(960K), 0.0003130 secs] 5659K->5641K(10176K), 0.0003906 secs] [Times: user=0.00 sys=0.00, real=0.00 secs] 
2019-01-02T11:13:12.468+0530: 860.369: [GC (Allocation Failure) 2019-01-02T11:13:12.468+0530: 860.370: [DefNew
Desired survivor size 32768 bytes, new threshold 15 (max 15)
- age   1:        248 bytes,        248 total
- age   7:         16 bytes,        264 total
- age  13:         16 bytes,        280 total
: 871K->0K(960K), 0.0010348 secs] 6513K->5714K(10176K), 0.0012977 secs] [Times: user=0.00 sys=0.00, real=0.00 secs] 
2019-01-02T11:13:12.471+0530: 860.373: [GC (Allocation Failure) 2019-01-02T11:13:12.471+0530: 860.373: [DefNew
Desired survivor size 32768 bytes, new threshold 15 (max 15)
- age   2:        184 bytes,        184 total
- age   8:         16 bytes,        200 total
- age  14:         16 bytes,        216 total
: 896K->0K(960K), 0.0010873 secs] 6610K->6002K(10176K), 0.0013154 secs] [Times: user=0.00 sys=0.00, real=0.00 secs] 
2019-01-02T11:13:12.474+0530: 860.376: [GC (Allocation Failure) 2019-01-02T11:13:12.474+0530: 860.376: [DefNew
Desired survivor size 32768 bytes, new threshold 15 (max 15)
- age   3:        184 bytes,        184 total
- age   9:         16 bytes,        200 total
- age  15:         16 bytes,        216 total
: 896K->0K(960K), 0.0008855 secs] 6898K->6578K(10176K), 0.0010286 secs] [Times: user=0.00 sys=0.00, real=0.00 secs] 
2019-01-02T11:13:12.477+0530: 860.378: [GC (Allocation Failure) 2019-01-02T11:13:12.477+0530: 860.378: [DefNew
Desired survivor size 32768 bytes, new threshold 15 (max 15)
- age   1:         24 bytes,         24 total
- age   4:        184 bytes,        208 total
- age  10:         16 bytes,        224 total
: 479K->0K(960K), 0.0005867 secs] 7057K->6578K(10176K), 0.0007098 secs] [Times: user=0.00 sys=0.00, real=0.00 secs] 
2019-01-02T11:13:12.478+0530: 860.380: [GC (Allocation Failure) 2019-01-02T11:13:12.478+0530: 860.380: [DefNew
Desired survivor size 32768 bytes, new threshold 15 (max 15)
- age   2:         24 bytes,         24 total
- age   5:        184 bytes,        208 total
- age  11:         16 bytes,        224 total
: 500K->0K(960K), 0.0003461 secs] 7078K->7078K(10176K), 0.0004259 secs] [Times: user=0.00 sys=0.00, real=0.00 secs] 
2019-01-02T11:13:12.479+0530: 860.380: [GC (Allocation Failure) 2019-01-02T11:13:12.479+0530: 860.381: [DefNew
Desired survivor size 32768 bytes, new threshold 15 (max 15)
- age   1:         24 bytes,         24 total
- age   6:         72 bytes,         96 total
- age  12:         16 bytes,        112 total
: 518K->0K(960K), 0.0003455 secs] 7597K->7579K(10176K), 0.0004225 secs] [Times: user=0.00 sys=0.00, real=0.00 secs] 
2019-01-02T11:13:12.534+0530: 860.436: [GC (Allocation Failure) 2019-01-02T11:13:12.535+0530: 860.436: [DefNew
Desired survivor size 32768 bytes, new threshold 15 (max 15)
- age   1:        248 bytes,        248 total
- age   7:         16 bytes,        264 total
- age  13:         16 bytes,        280 total
: 871K->0K(960K), 0.0007486 secs] 8451K->7651K(10176K), 0.0010126 secs] [Times: user=0.00 sys=0.00, real=0.00 secs] 
2019-01-02T11:13:12.537+0530: 860.439: [GC (Allocation Failure) 2019-01-02T11:13:12.538+0530: 860.439: [DefNew
Desired survivor size 32768 bytes, new threshold 15 (max 15)
- age   2:        184 bytes,        184 total
- age   8:         16 bytes,        200 total
- age  14:         16 bytes,        216 total
: 896K->0K(960K), 0.0010867 secs] 8547K->7939K(10176K), 0.0013461 secs] [Times: user=0.02 sys=0.00, real=0.00 secs] 
2019-01-02T11:13:12.541+0530: 860.443: [GC (Allocation Failure) 2019-01-02T11:13:12.541+0530: 860.443: [DefNew
Desired survivor size 32768 bytes, new threshold 15 (max 15)
- age   3:        184 bytes,        184 total
- age   9:         16 bytes,        200 total
- age  15:         16 bytes,        216 total
: 896K->0K(960K), 0.0007298 secs] 8835K->8515K(10176K), 0.0008552 secs] [Times: user=0.00 sys=0.00, real=0.00 secs] 
2019-01-02T11:13:12.543+0530: 860.445: [GC (Allocation Failure) 2019-01-02T11:13:12.543+0530: 860.445: [DefNew
Desired survivor size 32768 bytes, new threshold 15 (max 15)
- age   1:         24 bytes,         24 total
- age   4:        184 bytes,        208 total
- age  10:         16 bytes,        224 total
: 479K->0K(960K), 0.0007321 secs] 8995K->8515K(10176K), 0.0008119 secs] [Times: user=0.00 sys=0.00, real=0.00 secs] 
2019-01-02T11:13:12.544+0530: 860.446: [GC (Allocation Failure) 2019-01-02T11:13:12.544+0530: 860.446: [DefNew
Desired survivor size 32768 bytes, new threshold 15 (max 15)
- age   2:         24 bytes,         24 total
- age   5:        184 bytes,        208 total
- age  11:         16 bytes,        224 total
: 500K->0K(960K), 0.0004042 secs] 9016K->9016K(10176K), 0.0004812 secs] [Times: user=0.00 sys=0.00, real=0.00 secs] 
2019-01-02T11:13:12.545+0530: 860.447: [GC (Allocation Failure) 2019-01-02T11:13:12.545+0530: 860.447: [DefNew: 518K->518K(960K), 0.0000302 secs]2019-01-02T11:13:12.545+0530: 860.447: [Tenured: 9016K->1266K(9216K), 0.0037579 secs] 9534K->1266K(10176K), [Metaspace: 2520K->2520K(1056768K)], 0.0039141 secs] [Times: user=0.00 sys=0.00, real=0.00 secs] 
2019-01-02T11:13:12.603+0530: 860.504: [GC (Allocation Failure) 2019-01-02T11:13:12.603+0530: 860.505: [DefNew
Desired survivor size 32768 bytes, new threshold 15 (max 15)
- age   1:        248 bytes,        248 total
: 871K->0K(960K), 0.0010719 secs] 2138K->1839K(10176K), 0.0014579 secs] [Times: user=0.00 sys=0.00, real=0.00 secs] 
2019-01-02T11:13:12.607+0530: 860.508: [GC (Allocation Failure) 2019-01-02T11:13:12.607+0530: 860.509: [DefNew
Desired survivor size 32768 bytes, new threshold 15 (max 15)
- age   2:        184 bytes,        184 total
: 896K->0K(960K), 0.0007902 secs] 2735K->2127K(10176K), 0.0012355 secs] [Times: user=0.00 sys=0.00, real=0.00 secs] 
2019-01-02T11:13:12.610+0530: 860.511: [GC (Allocation Failure) 2019-01-02T11:13:12.610+0530: 860.512: [DefNew
Desired survivor size 32768 bytes, new threshold 15 (max 15)
- age   3:        184 bytes,        184 total
: 896K->0K(960K), 0.0009693 secs] 3023K->2703K(10176K), 0.0011130 secs] [Times: user=0.00 sys=0.00, real=0.00 secs] 
2019-01-02T11:13:12.612+0530: 860.514: [GC (Allocation Failure) 2019-01-02T11:13:12.612+0530: 860.514: [DefNew
Desired survivor size 32768 bytes, new threshold 15 (max 15)
- age   1:         24 bytes,         24 total
- age   4:        184 bytes,        208 total
: 479K->0K(960K), 0.0007098 secs] 3182K->2703K(10176K), 0.0009556 secs] [Times: user=0.00 sys=0.00, real=0.00 secs] 
2019-01-02T11:13:12.614+0530: 860.516: [GC (Allocation Failure) 2019-01-02T11:13:12.614+0530: 860.516: [DefNew
Desired survivor size 32768 bytes, new threshold 15 (max 15)
- age   2:         24 bytes,         24 total
- age   5:        184 bytes,        208 total
: 501K->0K(960K), 0.0003501 secs] 3204K->3204K(10176K), 0.0004282 secs] [Times: user=0.00 sys=0.00, real=0.00 secs] 
2019-01-02T11:13:12.615+0530: 860.517: [GC (Allocation Failure) 2019-01-02T11:13:12.615+0530: 860.517: [DefNew
Desired survivor size 32768 bytes, new threshold 15 (max 15)
- age   1:         24 bytes,         24 total
- age   6:         72 bytes,         96 total
: 518K->0K(960K), 0.0003290 secs] 3722K->3704K(10176K), 0.0003997 secs] [Times: user=0.00 sys=0.00, real=0.00 secs] 
2019-01-02T11:13:12.674+0530: 860.575: [GC (Allocation Failure) 2019-01-02T11:13:12.674+0530: 860.576: [DefNew
Desired survivor size 32768 bytes, new threshold 15 (max 15)
- age   1:        248 bytes,        248 total
- age   7:         16 bytes,        264 total
: 871K->0K(960K), 0.0013387 secs] 4576K->3776K(10176K), 0.0016193 secs] [Times: user=0.00 sys=0.00, real=0.00 secs] 
2019-01-02T11:13:12.677+0530: 860.579: [GC (Allocation Failure) 2019-01-02T11:13:12.677+0530: 860.579: [DefNew
Desired survivor size 32768 bytes, new threshold 15 (max 15)
- age   2:        184 bytes,        184 total
- age   8:         16 bytes,        200 total
: 896K->0K(960K), 0.0007007 secs] 4672K->4064K(10176K), 0.0008324 secs] [Times: user=0.00 sys=0.00, real=0.00 secs] 
2019-01-02T11:13:12.679+0530: 860.581: [GC (Allocation Failure) 2019-01-02T11:13:12.679+0530: 860.581: [DefNew
Desired survivor size 32768 bytes, new threshold 15 (max 15)
- age   3:        184 bytes,        184 total
- age   9:         16 bytes,        200 total
: 896K->0K(960K), 0.0014471 secs] 4960K->4640K(10176K), 0.0015776 secs] [Times: user=0.00 sys=0.00, real=0.00 secs] 
2019-01-02T11:13:12.682+0530: 860.584: [GC (Allocation Failure) 2019-01-02T11:13:12.682+0530: 860.584: [DefNew
Desired survivor size 32768 bytes, new threshold 15 (max 15)
- age   1:         24 bytes,         24 total
- age   4:        184 bytes,        208 total
- age  10:         16 bytes,        224 total
: 479K->0K(960K), 0.0008284 secs] 5120K->4640K(10176K), 0.0009448 secs] [Times: user=0.00 sys=0.00, real=0.00 secs] 
2019-01-02T11:13:12.684+0530: 860.586: [GC (Allocation Failure) 2019-01-02T11:13:12.684+0530: 860.586: [DefNew
Desired survivor size 32768 bytes, new threshold 15 (max 15)
- age   2:         24 bytes,         24 total
- age   5:        184 bytes,        208 total
- age  11:         16 bytes,        224 total
: 501K->0K(960K), 0.0011694 secs] 5141K->5141K(10176K), 0.0013228 secs] [Times: user=0.00 sys=0.00, real=0.00 secs] 
2019-01-02T11:13:12.687+0530: 860.588: [GC (Allocation Failure) 2019-01-02T11:13:12.687+0530: 860.588: [DefNew
Desired survivor size 32768 bytes, new threshold 15 (max 15)
- age   1:         24 bytes,         24 total
- age   6:         72 bytes,         96 total
- age  12:         16 bytes,        112 total
: 518K->0K(960K), 0.0009556 secs] 5660K->5642K(10176K), 0.0010964 secs] [Times: user=0.00 sys=0.00, real=0.00 secs] 
2019-01-02T11:13:12.748+0530: 860.650: [GC (Allocation Failure) 2019-01-02T11:13:12.749+0530: 860.650: [DefNew
Desired survivor size 32768 bytes, new threshold 15 (max 15)
- age   1:        248 bytes,        248 total
- age   7:         16 bytes,        264 total
- age  13:         16 bytes,        280 total
: 872K->0K(960K), 0.0007475 secs] 6514K->5714K(10176K), 0.0011848 secs] [Times: user=0.00 sys=0.00, real=0.00 secs] 
2019-01-02T11:13:12.752+0530: 860.653: [GC (Allocation Failure) 2019-01-02T11:13:12.752+0530: 860.654: [DefNew
Desired survivor size 32768 bytes, new threshold 15 (max 15)
- age   2:        184 bytes,        184 total
- age   8:         16 bytes,        200 total
- age  14:         16 bytes,        216 total
: 896K->0K(960K), 0.0008359 secs] 6610K->6002K(10176K), 0.0010485 secs] [Times: user=0.00 sys=0.00, real=0.00 secs] 
2019-01-02T11:13:12.754+0530: 860.656: [GC (Allocation Failure) 2019-01-02T11:13:12.754+0530: 860.656: [DefNew
Desired survivor size 32768 bytes, new threshold 15 (max 15)
- age   3:        184 bytes,        184 total
- age   9:         16 bytes,        200 total
- age  15:         16 bytes,        216 total
: 896K->0K(960K), 0.0010314 secs] 6898K->6578K(10176K), 0.0012190 secs] [Times: user=0.00 sys=0.00, real=0.00 secs] 
2019-01-02T11:13:12.757+0530: 860.659: [GC (Allocation Failure) 2019-01-02T11:13:12.757+0530: 860.659: [DefNew
Desired survivor size 32768 bytes, new threshold 15 (max 15)
- age   1:         24 bytes,         24 total
- age   4:        184 bytes,        208 total
- age  10:         16 bytes,        224 total
: 479K->0K(960K), 0.0003330 secs] 7058K->6578K(10176K), 0.0004510 secs] [Times: user=0.00 sys=0.00, real=0.00 secs] 
2019-01-02T11:13:12.758+0530: 860.660: [GC (Allocation Failure) 2019-01-02T11:13:12.758+0530: 860.660: [DefNew
Desired survivor size 32768 bytes, new threshold 15 (max 15)
- age   2:         24 bytes,         24 total
- age   5:        184 bytes,        208 total
- age  11:         16 bytes,        224 total
: 501K->0K(960K), 0.0008455 secs] 7079K->7079K(10176K), 0.0009408 secs] [Times: user=0.00 sys=0.00, real=0.00 secs] 
2019-01-02T11:13:12.760+0530: 860.662: [GC (Allocation Failure) 2019-01-02T11:13:12.760+0530: 860.662: [DefNew
Desired survivor size 32768 bytes, new threshold 15 (max 15)
- age   1:         24 bytes,         24 total
- age   6:         72 bytes,         96 total
- age  12:         16 bytes,        112 total
: 518K->0K(960K), 0.0006534 secs] 7598K->7580K(10176K), 0.0007606 secs] [Times: user=0.00 sys=0.00, real=0.00 secs] 
2019-01-02T11:13:12.816+0530: 860.718: [GC (Allocation Failure) 2019-01-02T11:13:12.817+0530: 860.718: [DefNew
Desired survivor size 32768 bytes, new threshold 15 (max 15)
- age   1:        248 bytes,        248 total
- age   7:         16 bytes,        264 total
- age  13:         16 bytes,        280 total
: 872K->0K(960K), 0.0008262 secs] 8452K->7652K(10176K), 0.0010514 secs] [Times: user=0.00 sys=0.00, real=0.00 secs] 
2019-01-02T11:13:12.820+0530: 860.722: [GC (Allocation Failure) 2019-01-02T11:13:12.820+0530: 860.722: [DefNew
Desired survivor size 32768 bytes, new threshold 15 (max 15)
- age   2:        184 bytes,        184 total
- age   8:         16 bytes,        200 total
- age  14:         16 bytes,        216 total
: 896K->0K(960K), 0.0008718 secs] 8548K->7940K(10176K), 0.0010805 secs] [Times: user=0.00 sys=0.00, real=0.00 secs] 
2019-01-02T11:13:12.823+0530: 860.725: [GC (Allocation Failure) 2019-01-02T11:13:12.823+0530: 860.725: [DefNew
Desired survivor size 32768 bytes, new threshold 15 (max 15)
- age   3:        184 bytes,        184 total
- age   9:         16 bytes,        200 total
- age  15:         16 bytes,        216 total
: 896K->0K(960K), 0.0014225 secs] 8836K->8516K(10176K), 0.0016375 secs] [Times: user=0.00 sys=0.00, real=0.00 secs] 
2019-01-02T11:13:12.826+0530: 860.728: [GC (Allocation Failure) 2019-01-02T11:13:12.826+0530: 860.728: [DefNew
Desired survivor size 32768 bytes, new threshold 15 (max 15)
- age   1:         24 bytes,         24 total
- age   4:        184 bytes,        208 total
- age  10:         16 bytes,        224 total
: 479K->0K(960K), 0.0005297 secs] 8996K->8516K(10176K), 0.0006426 secs] [Times: user=0.00 sys=0.00, real=0.00 secs] 
2019-01-02T11:13:12.827+0530: 860.729: [GC (Allocation Failure) 2019-01-02T11:13:12.828+0530: 860.729: [DefNew
Desired survivor size 32768 bytes, new threshold 15 (max 15)
- age   2:         24 bytes,         24 total
- age   5:        184 bytes,        208 total
- age  11:         16 bytes,        224 total
: 501K->0K(960K), 0.0008900 secs] 9017K->9017K(10176K), 0.0009761 secs] [Times: user=0.00 sys=0.00, real=0.00 secs] 
2019-01-02T11:13:12.829+0530: 860.731: [GC (Allocation Failure) 2019-01-02T11:13:12.829+0530: 860.731: [DefNew: 518K->518K(960K), 0.0000291 secs]2019-01-02T11:13:12.829+0530: 860.731: [Tenured: 9017K->1266K(9216K), 0.0037345 secs] 9535K->1266K(10176K), [Metaspace: 2520K->2520K(1056768K)], 0.0038959 secs] [Times: user=0.00 sys=0.00, real=0.00 secs] 
2019-01-02T11:13:12.888+0530: 860.789: [GC (Allocation Failure) 2019-01-02T11:13:12.888+0530: 860.790: [DefNew
Desired survivor size 32768 bytes, new threshold 15 (max 15)
- age   1:        248 bytes,        248 total
: 871K->0K(960K), 0.0010075 secs] 2138K->1839K(10176K), 0.0014197 secs] [Times: user=0.00 sys=0.00, real=0.00 secs] 
2019-01-02T11:13:12.892+0530: 860.794: [GC (Allocation Failure) 2019-01-02T11:13:12.892+0530: 860.794: [DefNew
Desired survivor size 32768 bytes, new threshold 15 (max 15)
- age   2:        184 bytes,        184 total
: 896K->0K(960K), 0.0004003 secs] 2735K->2127K(10176K), 0.0006220 secs] [Times: user=0.00 sys=0.00, real=0.00 secs] 
2019-01-02T11:13:12.894+0530: 860.795: [GC (Allocation Failure) 2019-01-02T11:13:12.894+0530: 860.795: [DefNew
Desired survivor size 32768 bytes, new threshold 15 (max 15)
- age   3:        184 bytes,        184 total
: 896K->0K(960K), 0.0009077 secs] 3023K->2703K(10176K), 0.0010491 secs] [Times: user=0.00 sys=0.00, real=0.00 secs] 
2019-01-02T11:13:12.896+0530: 860.798: [GC (Allocation Failure) 2019-01-02T11:13:12.896+0530: 860.798: [DefNew
Desired survivor size 32768 bytes, new threshold 15 (max 15)
- age   1:         24 bytes,         24 total
- age   4:        184 bytes,        208 total
: 479K->0K(960K), 0.0007971 secs] 3183K->2703K(10176K), 0.0009362 secs] [Times: user=0.02 sys=0.00, real=0.00 secs] 
2019-01-02T11:13:12.898+0530: 860.799: [GC (Allocation Failure) 2019-01-02T11:13:12.898+0530: 860.799: [DefNew
Desired survivor size 32768 bytes, new threshold 15 (max 15)
- age   2:         24 bytes,         24 total
- age   5:        184 bytes,        208 total
: 501K->0K(960K), 0.0003455 secs] 3204K->3204K(10176K), 0.0004208 secs] [Times: user=0.00 sys=0.00, real=0.00 secs] 
2019-01-02T11:13:12.899+0530: 860.800: [GC (Allocation Failure) 2019-01-02T11:13:12.899+0530: 860.800: [DefNew
Desired survivor size 32768 bytes, new threshold 15 (max 15)
- age   1:         24 bytes,         24 total
- age   6:         72 bytes,         96 total
: 518K->0K(960K), 0.0003181 secs] 3722K->3705K(10176K), 0.0003888 secs] [Times: user=0.00 sys=0.00, real=0.00 secs] 
2019-01-02T11:13:12.954+0530: 860.856: [GC (Allocation Failure) 2019-01-02T11:13:12.954+0530: 860.856: [DefNew
Desired survivor size 32768 bytes, new threshold 15 (max 15)
- age   1:        248 bytes,        248 total
- age   7:         16 bytes,        264 total
: 872K->0K(960K), 0.0007697 secs] 4577K->3777K(10176K), 0.0011010 secs] [Times: user=0.00 sys=0.00, real=0.00 secs] 
2019-01-02T11:13:12.958+0530: 860.859: [GC (Allocation Failure) 2019-01-02T11:13:12.958+0530: 860.860: [DefNew
Desired survivor size 32768 bytes, new threshold 15 (max 15)
- age   2:        184 bytes,        184 total
- age   8:         16 bytes,        200 total
: 896K->0K(960K), 0.0007948 secs] 4673K->4065K(10176K), 0.0010075 secs] [Times: user=0.00 sys=0.00, real=0.00 secs] 
2019-01-02T11:13:12.960+0530: 860.862: [GC (Allocation Failure) 2019-01-02T11:13:12.960+0530: 860.862: [DefNew
Desired survivor size 32768 bytes, new threshold 15 (max 15)
- age   3:        184 bytes,        184 total
- age   9:         16 bytes,        200 total
: 896K->0K(960K), 0.0008661 secs] 4961K->4641K(10176K), 0.0012908 secs] [Times: user=0.00 sys=0.00, real=0.00 secs] 
2019-01-02T11:13:12.963+0530: 860.865: [GC (Allocation Failure) 2019-01-02T11:13:12.963+0530: 860.865: [DefNew
Desired survivor size 32768 bytes, new threshold 15 (max 15)
- age   1:         24 bytes,         24 total
- age   4:        184 bytes,        208 total
- age  10:         16 bytes,        224 total
: 479K->0K(960K), 0.0007059 secs] 5121K->4641K(10176K), 0.0008381 secs] [Times: user=0.00 sys=0.00, real=0.00 secs] 
2019-01-02T11:13:12.964+0530: 860.866: [GC (Allocation Failure) 2019-01-02T11:13:12.964+0530: 860.866: [DefNew
Desired survivor size 32768 bytes, new threshold 15 (max 15)
- age   2:         24 bytes,         24 total
- age   5:        184 bytes,        208 total
- age  11:         16 bytes,        224 total
: 501K->0K(960K), 0.0003512 secs] 5142K->5142K(10176K), 0.0004270 secs] [Times: user=0.00 sys=0.00, real=0.00 secs] 
2019-01-02T11:13:12.965+0530: 860.867: [GC (Allocation Failure) 2019-01-02T11:13:12.965+0530: 860.867: [DefNew
Desired survivor size 32768 bytes, new threshold 15 (max 15)
- age   1:         24 bytes,         24 total
- age   6:         72 bytes,         96 total
- age  12:         16 bytes,        112 total
: 518K->0K(960K), 0.0003341 secs] 5660K->5643K(10176K), 0.0004071 secs] [Times: user=0.00 sys=0.00, real=0.00 secs] 
2019-01-02T11:13:13.043+0530: 860.945: [GC (Allocation Failure) 2019-01-02T11:13:13.044+0530: 860.945: [DefNew
Desired survivor size 32768 bytes, new threshold 15 (max 15)
- age   1:        248 bytes,        248 total
- age   7:         16 bytes,        264 total
- age  13:         16 bytes,        280 total
: 872K->0K(960K), 0.0003866 secs] 6515K->5715K(10176K), 0.0005736 secs] [Times: user=0.00 sys=0.00, real=0.00 secs] 
2019-01-02T11:13:13.045+0530: 860.947: [GC (Allocation Failure) 2019-01-02T11:13:13.045+0530: 860.947: [DefNew
Desired survivor size 32768 bytes, new threshold 15 (max 15)
- age   2:        184 bytes,        184 total
- age   8:         16 bytes,        200 total
- age  14:         16 bytes,        216 total
: 896K->0K(960K), 0.0007155 secs] 6611K->6003K(10176K), 0.0009003 secs] [Times: user=0.00 sys=0.00, real=0.00 secs] 
2019-01-02T11:13:13.048+0530: 860.949: [GC (Allocation Failure) 2019-01-02T11:13:13.048+0530: 860.949: [DefNew
Desired survivor size 32768 bytes, new threshold 15 (max 15)
- age   3:        184 bytes,        184 total
- age   9:         16 bytes,        200 total
- age  15:         16 bytes,        216 total
: 896K->0K(960K), 0.0003689 secs] 6899K->6579K(10176K), 0.0004459 secs] [Times: user=0.00 sys=0.00, real=0.00 secs] 
2019-01-02T11:13:13.049+0530: 860.951: [GC (Allocation Failure) 2019-01-02T11:13:13.049+0530: 860.951: [DefNew
Desired survivor size 32768 bytes, new threshold 15 (max 15)
- age   1:         24 bytes,         24 total
- age   4:        184 bytes,        208 total
- age  10:         16 bytes,        224 total
: 479K->0K(960K), 0.0002497 secs] 7059K->6579K(10176K), 0.0003221 secs] [Times: user=0.00 sys=0.00, real=0.00 secs] 
2019-01-02T11:13:13.050+0530: 860.952: [GC (Allocation Failure) 2019-01-02T11:13:13.050+0530: 860.952: [DefNew
Desired survivor size 32768 bytes, new threshold 15 (max 15)
- age   2:         24 bytes,         24 total
- age   5:        184 bytes,        208 total
- age  11:         16 bytes,        224 total
: 501K->0K(960K), 0.0003803 secs] 7080K->7080K(10176K), 0.0004652 secs] [Times: user=0.00 sys=0.00, real=0.00 secs] 
2019-01-02T11:13:13.051+0530: 860.952: [GC (Allocation Failure) 2019-01-02T11:13:13.051+0530: 860.952: [DefNew
Desired survivor size 32768 bytes, new threshold 15 (max 15)
- age   1:         24 bytes,         24 total
- age   6:         72 bytes,         96 total
- age  12:         16 bytes,        112 total
: 518K->0K(960K), 0.0003210 secs] 7598K->7581K(10176K), 0.0003940 secs] [Times: user=0.00 sys=0.00, real=0.00 secs] 
2019-01-02T11:13:13.228+0530: 861.130: [GC (Allocation Failure) 2019-01-02T11:13:13.229+0530: 861.130: [DefNew
Desired survivor size 32768 bytes, new threshold 15 (max 15)
- age   1:        248 bytes,        248 total
- age   7:         16 bytes,        264 total
- age  13:         16 bytes,        280 total
: 872K->0K(960K), 0.0006329 secs] 8453K->7653K(10176K), 0.0008359 secs] [Times: user=0.00 sys=0.00, real=0.00 secs] 
2019-01-02T11:13:13.231+0530: 861.133: [GC (Allocation Failure) 2019-01-02T11:13:13.231+0530: 861.133: [DefNew
Desired survivor size 32768 bytes, new threshold 15 (max 15)
- age   2:        184 bytes,        184 total
- age   8:         16 bytes,        200 total
- age  14:         16 bytes,        216 total
: 896K->0K(960K), 0.0003204 secs] 8549K->7941K(10176K), 0.0004105 secs] [Times: user=0.00 sys=0.00, real=0.00 secs] 
2019-01-02T11:13:13.232+0530: 861.134: [GC (Allocation Failure) 2019-01-02T11:13:13.232+0530: 861.134: [DefNew
Desired survivor size 32768 bytes, new threshold 15 (max 15)
- age   3:        184 bytes,        184 total
- age   9:         16 bytes,        200 total
- age  15:         16 bytes,        216 total
: 896K->0K(960K), 0.0004014 secs] 8837K->8517K(10176K), 0.0004903 secs] [Times: user=0.00 sys=0.00, real=0.00 secs] 
2019-01-02T11:13:13.234+0530: 861.136: [GC (Allocation Failure) 2019-01-02T11:13:13.234+0530: 861.136: [DefNew
Desired survivor size 32768 bytes, new threshold 15 (max 15)
- age   1:         24 bytes,         24 total
- age   4:        184 bytes,        208 total
- age  10:         16 bytes,        224 total
: 479K->0K(960K), 0.0002537 secs] 8996K->8517K(10176K), 0.0003324 secs] [Times: user=0.00 sys=0.00, real=0.00 secs] 
2019-01-02T11:13:13.235+0530: 861.136: [GC (Allocation Failure) 2019-01-02T11:13:13.235+0530: 861.136: [DefNew
Desired survivor size 32768 bytes, new threshold 15 (max 15)
- age   2:         24 bytes,         24 total
- age   5:        184 bytes,        208 total
- age  11:         16 bytes,        224 total
: 501K->0K(960K), 0.0003381 secs] 9018K->9018K(10176K), 0.0004065 secs] [Times: user=0.00 sys=0.00, real=0.00 secs] 
2019-01-02T11:13:13.235+0530: 861.137: [GC (Allocation Failure) 2019-01-02T11:13:13.236+0530: 861.137: [DefNew: 518K->518K(960K), 0.0000279 secs]2019-01-02T11:13:13.236+0530: 861.137: [Tenured: 9018K->1266K(9216K), 0.0037380 secs] 9536K->1266K(10176K), [Metaspace: 2520K->2520K(1056768K)], 0.0038891 secs] [Times: user=0.00 sys=0.00, real=0.00 secs] 
2019-01-02T11:13:13.337+0530: 861.239: [GC (Allocation Failure) 2019-01-02T11:13:13.337+0530: 861.239: [DefNew
Desired survivor size 32768 bytes, new threshold 15 (max 15)
- age   1:        248 bytes,        248 total
: 872K->0K(960K), 0.0014642 secs] 2138K->1839K(10176K), 0.0018730 secs] [Times: user=0.00 sys=0.00, real=0.00 secs] 
2019-01-02T11:13:13.341+0530: 861.242: [GC (Allocation Failure) 2019-01-02T11:13:13.341+0530: 861.242: [DefNew
Desired survivor size 32768 bytes, new threshold 15 (max 15)
- age   2:        184 bytes,        184 total
: 896K->0K(960K), 0.0006796 secs] 2735K->2127K(10176K), 0.0008427 secs] [Times: user=0.00 sys=0.00, real=0.00 secs] 
2019-01-02T11:13:13.342+0530: 861.244: [GC (Allocation Failure) 2019-01-02T11:13:13.342+0530: 861.244: [DefNew
Desired survivor size 32768 bytes, new threshold 15 (max 15)
- age   3:        184 bytes,        184 total
: 896K->0K(960K), 0.0003740 secs] 3023K->2703K(10176K), 0.0004504 secs] [Times: user=0.00 sys=0.00, real=0.00 secs] 
2019-01-02T11:13:13.344+0530: 861.246: [GC (Allocation Failure) 2019-01-02T11:13:13.344+0530: 861.246: [DefNew
Desired survivor size 32768 bytes, new threshold 15 (max 15)
- age   1:         24 bytes,         24 total
- age   4:        184 bytes,        208 total
: 479K->0K(960K), 0.0002765 secs] 3183K->2703K(10176K), 0.0003586 secs] [Times: user=0.00 sys=0.00, real=0.00 secs] 
2019-01-02T11:13:13.345+0530: 861.246: [GC (Allocation Failure) 2019-01-02T11:13:13.345+0530: 861.246: [DefNew
Desired survivor size 32768 bytes, new threshold 15 (max 15)
- age   2:         24 bytes,         24 total
- age   5:        184 bytes,        208 total
: 501K->0K(960K), 0.0005861 secs] 3204K->3204K(10176K), 0.0006962 secs] [Times: user=0.00 sys=0.00, real=0.00 secs] 
2019-01-02T11:13:13.346+0530: 861.248: [GC (Allocation Failure) 2019-01-02T11:13:13.346+0530: 861.248: [DefNew
Desired survivor size 32768 bytes, new threshold 15 (max 15)
- age   1:         24 bytes,         24 total
- age   6:         72 bytes,         96 total
: 518K->0K(960K), 0.0005451 secs] 3723K->3705K(10176K), 0.0006317 secs] [Times: user=0.00 sys=0.00, real=0.00 secs] 
2019-01-02T11:13:13.442+0530: 861.344: [GC (Allocation Failure) 2019-01-02T11:13:13.442+0530: 861.344: [DefNew
Desired survivor size 32768 bytes, new threshold 15 (max 15)
- age   1:        248 bytes,        248 total
- age   7:         16 bytes,        264 total
: 872K->0K(960K), 0.0004852 secs] 4577K->3777K(10176K), 0.0006146 secs] [Times: user=0.00 sys=0.00, real=0.00 secs] 
2019-01-02T11:13:13.445+0530: 861.346: [GC (Allocation Failure) 2019-01-02T11:13:13.445+0530: 861.346: [DefNew
Desired survivor size 32768 bytes, new threshold 15 (max 15)
- age   2:        184 bytes,        184 total
- age   8:         16 bytes,        200 total
: 896K->0K(960K), 0.0003318 secs] 4673K->4065K(10176K), 0.0004293 secs] [Times: user=0.00 sys=0.00, real=0.00 secs] 
2019-01-02T11:13:13.446+0530: 861.348: [GC (Allocation Failure) 2019-01-02T11:13:13.446+0530: 861.348: [DefNew
Desired survivor size 32768 bytes, new threshold 15 (max 15)
- age   3:        184 bytes,        184 total
- age   9:         16 bytes,        200 total
: 896K->0K(960K), 0.0004134 secs] 4961K->4641K(10176K), 0.0004943 secs] [Times: user=0.00 sys=0.00, real=0.00 secs] 
2019-01-02T11:13:13.448+0530: 861.349: [GC (Allocation Failure) 2019-01-02T11:13:13.448+0530: 861.350: [DefNew
Desired survivor size 32768 bytes, new threshold 15 (max 15)
- age   1:         24 bytes,         24 total
- age   4:        184 bytes,        208 total
- age  10:         16 bytes,        224 total
: 479K->0K(960K), 0.0004938 secs] 5121K->4641K(10176K), 0.0005907 secs] [Times: user=0.00 sys=0.00, real=0.00 secs] 
2019-01-02T11:13:13.449+0530: 861.351: [GC (Allocation Failure) 2019-01-02T11:13:13.449+0530: 861.351: [DefNew
Desired survivor size 32768 bytes, new threshold 15 (max 15)
- age   2:         24 bytes,         24 total
- age   5:        184 bytes,        208 total
- age  11:         16 bytes,        224 total
: 501K->0K(960K), 0.0005964 secs] 5142K->5142K(10176K), 0.0006945 secs] [Times: user=0.00 sys=0.00, real=0.00 secs] 
2019-01-02T11:13:13.450+0530: 861.352: [GC (Allocation Failure) 2019-01-02T11:13:13.450+0530: 861.352: [DefNew
Desired survivor size 32768 bytes, new threshold 15 (max 15)
- age   1:         24 bytes,         24 total
- age   6:         72 bytes,         96 total
- age  12:         16 bytes,        112 total
: 518K->0K(960K), 0.0003347 secs] 5661K->5643K(10176K), 0.0004071 secs] [Times: user=0.00 sys=0.00, real=0.00 secs] 
2019-01-02T11:13:14.299+0530: 862.200: [GC (Allocation Failure) 2019-01-02T11:13:14.299+0530: 862.201: [DefNew
Desired survivor size 32768 bytes, new threshold 15 (max 15)
- age   1:        248 bytes,        248 total
- age   7:         16 bytes,        264 total
- age  13:         16 bytes,        280 total
: 872K->0K(960K), 0.0016250 secs] 6515K->5715K(10176K), 0.0020531 secs] [Times: user=0.00 sys=0.00, real=0.00 secs] 
2019-01-02T11:13:14.302+0530: 862.204: [GC (Allocation Failure) 2019-01-02T11:13:14.302+0530: 862.204: [DefNew
Desired survivor size 32768 bytes, new threshold 15 (max 15)
- age   2:        184 bytes,        184 total
- age   8:         16 bytes,        200 total
- age  14:         16 bytes,        216 total
: 896K->0K(960K), 0.0003467 secs] 6611K->6003K(10176K), 0.0004219 secs] [Times: user=0.00 sys=0.00, real=0.00 secs] 
2019-01-02T11:13:14.304+0530: 862.205: [GC (Allocation Failure) 2019-01-02T11:13:14.304+0530: 862.205: [DefNew
Desired survivor size 32768 bytes, new threshold 15 (max 15)
- age   3:        184 bytes,        184 total
- age   9:         16 bytes,        200 total
- age  15:         16 bytes,        216 total
: 896K->0K(960K), 0.0004054 secs] 6899K->6579K(10176K), 0.0004938 secs] [Times: user=0.00 sys=0.00, real=0.00 secs] 
2019-01-02T11:13:14.306+0530: 862.207: [GC (Allocation Failure) 2019-01-02T11:13:14.306+0530: 862.207: [DefNew
Desired survivor size 32768 bytes, new threshold 15 (max 15)
- age   1:         24 bytes,         24 total
- age   4:        184 bytes,        208 total
- age  10:         16 bytes,        224 total
: 479K->0K(960K), 0.0005605 secs] 7059K->6579K(10176K), 0.0006888 secs] [Times: user=0.00 sys=0.00, real=0.00 secs] 
2019-01-02T11:13:14.309+0530: 862.211: [GC (Allocation Failure) 2019-01-02T11:13:14.309+0530: 862.211: [DefNew
Desired survivor size 32768 bytes, new threshold 15 (max 15)
- age   2:         24 bytes,         24 total
- age   5:        184 bytes,        208 total
- age  11:         16 bytes,        224 total
: 501K->0K(960K), 0.0019944 secs] 7080K->7080K(10176K), 0.0024220 secs] [Times: user=0.00 sys=0.00, real=0.00 secs] 
2019-01-02T11:13:14.312+0530: 862.214: [GC (Allocation Failure) 2019-01-02T11:13:14.312+0530: 862.214: [DefNew
Desired survivor size 32768 bytes, new threshold 15 (max 15)
- age   1:         24 bytes,         24 total
- age   6:         72 bytes,         96 total
- age  12:         16 bytes,        112 total
: 518K->0K(960K), 0.0003814 secs] 7599K->7581K(10176K), 0.0004601 secs] [Times: user=0.00 sys=0.00, real=0.00 secs] 
2019-01-02T11:13:14.451+0530: 862.353: [GC (Allocation Failure) 2019-01-02T11:13:14.452+0530: 862.353: [DefNew
Desired survivor size 32768 bytes, new threshold 15 (max 15)
- age   1:        248 bytes,        248 total
- age   7:         16 bytes,        264 total
- age  13:         16 bytes,        280 total
: 872K->0K(960K), 0.0011711 secs] 8453K->7654K(10176K), 0.0015440 secs] [Times: user=0.00 sys=0.00, real=0.00 secs] 
2019-01-02T11:13:14.455+0530: 862.356: [GC (Allocation Failure) 2019-01-02T11:13:14.455+0530: 862.356: [DefNew
Desired survivor size 32768 bytes, new threshold 15 (max 15)
- age   2:        184 bytes,        184 total
- age   8:         16 bytes,        200 total
- age  14:         16 bytes,        216 total
: 896K->0K(960K), 0.0013193 secs] 8550K->7942K(10176K), 0.0015503 secs] [Times: user=0.00 sys=0.00, real=0.00 secs] 
2019-01-02T11:13:14.458+0530: 862.359: [GC (Allocation Failure) 2019-01-02T11:13:14.458+0530: 862.359: [DefNew
Desired survivor size 32768 bytes, new threshold 15 (max 15)
- age   3:        184 bytes,        184 total
- age   9:         16 bytes,        200 total
- age  15:         16 bytes,        216 total
: 896K->0K(960K), 0.0012116 secs] 8838K->8518K(10176K), 0.0015360 secs] [Times: user=0.00 sys=0.00, real=0.00 secs] 
2019-01-02T11:13:14.461+0530: 862.363: [GC (Allocation Failure) 2019-01-02T11:13:14.461+0530: 862.363: [DefNew
Desired survivor size 32768 bytes, new threshold 15 (max 15)
- age   1:         24 bytes,         24 total
- age   4:        184 bytes,        208 total
- age  10:         16 bytes,        224 total
: 479K->0K(960K), 0.0005536 secs] 8997K->8518K(10176K), 0.0006585 secs] [Times: user=0.00 sys=0.00, real=0.00 secs] 
2019-01-02T11:13:14.462+0530: 862.364: [GC (Allocation Failure) 2019-01-02T11:13:14.463+0530: 862.364: [DefNew
Desired survivor size 32768 bytes, new threshold 15 (max 15)
- age   2:         24 bytes,         24 total
- age   5:        184 bytes,        208 total
- age  11:         16 bytes,        224 total
: 501K->0K(960K), 0.0006426 secs] 9019K->9019K(10176K), 0.0007492 secs] [Times: user=0.00 sys=0.00, real=0.00 secs] 
2019-01-02T11:13:14.464+0530: 862.365: [GC (Allocation Failure) 2019-01-02T11:13:14.464+0530: 862.365: [DefNew: 518K->518K(960K), 0.0000359 secs]2019-01-02T11:13:14.464+0530: 862.365: [Tenured: 9018K->1266K(9216K), 0.0051092 secs] 9537K->1266K(10176K), [Metaspace: 2520K->2520K(1056768K)], 0.0053008 secs] [Times: user=0.00 sys=0.00, real=0.01 secs] 
2019-01-02T11:13:14.526+0530: 862.428: [GC (Allocation Failure) 2019-01-02T11:13:14.527+0530: 862.428: [DefNew
Desired survivor size 32768 bytes, new threshold 15 (max 15)
- age   1:        248 bytes,        248 total
: 872K->0K(960K), 0.0015269 secs] 2138K->1839K(10176K), 0.0018268 secs] [Times: user=0.00 sys=0.00, real=0.00 secs] 
2019-01-02T11:13:14.530+0530: 862.431: [GC (Allocation Failure) 2019-01-02T11:13:14.530+0530: 862.431: [DefNew
Desired survivor size 32768 bytes, new threshold 15 (max 15)
- age   2:        184 bytes,        184 total
: 896K->0K(960K), 0.0008575 secs] 2735K->2127K(10176K), 0.0009613 secs] [Times: user=0.00 sys=0.00, real=0.00 secs] 
2019-01-02T11:13:14.532+0530: 862.434: [GC (Allocation Failure) 2019-01-02T11:13:14.532+0530: 862.434: [DefNew
Desired survivor size 32768 bytes, new threshold 15 (max 15)
- age   3:        184 bytes,        184 total
: 896K->0K(960K), 0.0010576 secs] 3023K->2703K(10176K), 0.0012139 secs] [Times: user=0.00 sys=0.00, real=0.00 secs] 
2019-01-02T11:13:14.535+0530: 862.436: [GC (Allocation Failure) 2019-01-02T11:13:14.535+0530: 862.436: [DefNew
Desired survivor size 32768 bytes, new threshold 15 (max 15)
- age   1:         24 bytes,         24 total
- age   4:        184 bytes,        208 total
: 479K->0K(960K), 0.0003079 secs] 3183K->2703K(10176K), 0.0004071 secs] [Times: user=0.00 sys=0.00, real=0.00 secs] 
2019-01-02T11:13:14.536+0530: 862.437: [GC (Allocation Failure) 2019-01-02T11:13:14.536+0530: 862.437: [DefNew
Desired survivor size 32768 bytes, new threshold 15 (max 15)
- age   2:         24 bytes,         24 total
- age   5:        184 bytes,        208 total
: 501K->0K(960K), 0.0003381 secs] 3205K->3205K(10176K), 0.0004111 secs] [Times: user=0.00 sys=0.00, real=0.00 secs] 
2019-01-02T11:13:14.537+0530: 862.438: [GC (Allocation Failure) 2019-01-02T11:13:14.537+0530: 862.438: [DefNew
Desired survivor size 32768 bytes, new threshold 15 (max 15)
- age   1:         24 bytes,         24 total
- age   6:         72 bytes,         96 total
: 518K->0K(960K), 0.0003164 secs] 3723K->3706K(10176K), 0.0003877 secs] [Times: user=0.00 sys=0.00, real=0.00 secs] 
2019-01-02T11:13:14.595+0530: 862.496: [GC (Allocation Failure) 2019-01-02T11:13:14.595+0530: 862.497: [DefNew
Desired survivor size 32768 bytes, new threshold 15 (max 15)
- age   1:        248 bytes,        248 total
- age   7:         16 bytes,        264 total
: 872K->0K(960K), 0.0008706 secs] 4578K->3778K(10176K), 0.0013986 secs] [Times: user=0.00 sys=0.00, real=0.00 secs] 
2019-01-02T11:13:14.599+0530: 862.500: [GC (Allocation Failure) 2019-01-02T11:13:14.599+0530: 862.500: [DefNew
Desired survivor size 32768 bytes, new threshold 15 (max 15)
- age   2:        184 bytes,        184 total
- age   8:         16 bytes,        200 total
: 896K->0K(960K), 0.0005930 secs] 4674K->4066K(10176K), 0.0007492 secs] [Times: user=0.00 sys=0.00, real=0.00 secs] 
2019-01-02T11:13:14.601+0530: 862.503: [GC (Allocation Failure) 2019-01-02T11:13:14.601+0530: 862.503: [DefNew
Desired survivor size 32768 bytes, new threshold 15 (max 15)
- age   3:        184 bytes,        184 total
- age   9:         16 bytes,        200 total
: 896K->0K(960K), 0.0009140 secs] 4962K->4642K(10176K), 0.0010753 secs] [Times: user=0.00 sys=0.00, real=0.00 secs] 
2019-01-02T11:13:14.603+0530: 862.505: [GC (Allocation Failure) 2019-01-02T11:13:14.603+0530: 862.505: [DefNew
Desired survivor size 32768 bytes, new threshold 15 (max 15)
- age   1:         24 bytes,         24 total
- age   4:        184 bytes,        208 total
- age  10:         16 bytes,        224 total
: 479K->0K(960K), 0.0002628 secs] 5121K->4642K(10176K), 0.0003375 secs] [Times: user=0.00 sys=0.00, real=0.00 secs] 
2019-01-02T11:13:14.604+0530: 862.505: [GC (Allocation Failure) 2019-01-02T11:13:14.604+0530: 862.505: [DefNew
Desired survivor size 32768 bytes, new threshold 15 (max 15)
- age   2:         24 bytes,         24 total
- age   5:        184 bytes,        208 total
- age  11:         16 bytes,        224 total
: 501K->0K(960K), 0.0003335 secs] 5143K->5143K(10176K), 0.0004031 secs] [Times: user=0.00 sys=0.00, real=0.00 secs] 
2019-01-02T11:13:14.605+0530: 862.506: [GC (Allocation Failure) 2019-01-02T11:13:14.605+0530: 862.506: [DefNew
Desired survivor size 32768 bytes, new threshold 15 (max 15)
- age   1:         24 bytes,         24 total
- age   6:         72 bytes,         96 total
- age  12:         16 bytes,        112 total
: 518K->0K(960K), 0.0003506 secs] 5661K->5644K(10176K), 0.0004231 secs] [Times: user=0.00 sys=0.00, real=0.00 secs] 
2019-01-02T11:13:14.666+0530: 862.567: [GC (Allocation Failure) 2019-01-02T11:13:14.666+0530: 862.568: [DefNew
Desired survivor size 32768 bytes, new threshold 15 (max 15)
- age   1:        248 bytes,        248 total
- age   7:         16 bytes,        264 total
- age  13:         16 bytes,        280 total
: 872K->0K(960K), 0.0014151 secs] 6516K->5716K(10176K), 0.0017726 secs] [Times: user=0.00 sys=0.00, real=0.00 secs] 
2019-01-02T11:13:14.671+0530: 862.572: [GC (Allocation Failure) 2019-01-02T11:13:14.671+0530: 862.572: [DefNew
Desired survivor size 32768 bytes, new threshold 15 (max 15)
- age   2:        184 bytes,        184 total
- age   8:         16 bytes,        200 total
- age  14:         16 bytes,        216 total
: 896K->0K(960K), 0.0012350 secs] 6612K->6004K(10176K), 0.0014448 secs] [Times: user=0.00 sys=0.00, real=0.00 secs] 
2019-01-02T11:13:14.673+0530: 862.575: [GC (Allocation Failure) 2019-01-02T11:13:14.673+0530: 862.575: [DefNew
Desired survivor size 32768 bytes, new threshold 15 (max 15)
- age   3:        184 bytes,        184 total
- age   9:         16 bytes,        200 total
- age  15:         16 bytes,        216 total
: 896K->0K(960K), 0.0004932 secs] 6900K->6580K(10176K), 0.0005770 secs] [Times: user=0.00 sys=0.00, real=0.00 secs] 
2019-01-02T11:13:14.675+0530: 862.576: [GC (Allocation Failure) 2019-01-02T11:13:14.675+0530: 862.576: [DefNew
Desired survivor size 32768 bytes, new threshold 15 (max 15)
- age   1:         24 bytes,         24 total
- age   4:        184 bytes,        208 total
- age  10:         16 bytes,        224 total
: 479K->0K(960K), 0.0009887 secs] 7060K->6580K(10176K), 0.0012595 secs] [Times: user=0.02 sys=0.00, real=0.00 secs] 
2019-01-02T11:13:14.677+0530: 862.578: [GC (Allocation Failure) 2019-01-02T11:13:14.677+0530: 862.578: [DefNew
Desired survivor size 32768 bytes, new threshold 15 (max 15)
- age   2:         24 bytes,         24 total
- age   5:        184 bytes,        208 total
- age  11:         16 bytes,        224 total
: 501K->0K(960K), 0.0005035 secs] 7081K->7081K(10176K), 0.0005958 secs] [Times: user=0.00 sys=0.00, real=0.00 secs] 
2019-01-02T11:13:14.678+0530: 862.579: [GC (Allocation Failure) 2019-01-02T11:13:14.678+0530: 862.579: [DefNew
Desired survivor size 32768 bytes, new threshold 15 (max 15)
- age   1:         24 bytes,         24 total
- age   6:         72 bytes,         96 total
- age  12:         16 bytes,        112 total
: 518K->0K(960K), 0.0004481 secs] 7600K->7582K(10176K), 0.0005257 secs] [Times: user=0.00 sys=0.00, real=0.00 secs] 
2019-01-02T11:13:14.747+0530: 862.648: [GC (Allocation Failure) 2019-01-02T11:13:14.747+0530: 862.649: [DefNew
Desired survivor size 32768 bytes, new threshold 15 (max 15)
- age   1:        248 bytes,        248 total
- age   7:         16 bytes,        264 total
- age  13:         16 bytes,        280 total
: 872K->0K(960K), 0.0006175 secs] 8454K->7654K(10176K), 0.0008929 secs] [Times: user=0.00 sys=0.00, real=0.00 secs] 
2019-01-02T11:13:14.750+0530: 862.651: [GC (Allocation Failure) 2019-01-02T11:13:14.750+0530: 862.651: [DefNew
Desired survivor size 32768 bytes, new threshold 15 (max 15)
- age   2:        184 bytes,        184 total
- age   8:         16 bytes,        200 total
- age  14:         16 bytes,        216 total
: 896K->0K(960K), 0.0012583 secs] 8550K->7942K(10176K), 0.0015240 secs] [Times: user=0.00 sys=0.00, real=0.00 secs] 
2019-01-02T11:13:14.753+0530: 862.654: [GC (Allocation Failure) 2019-01-02T11:13:14.753+0530: 862.654: [DefNew
Desired survivor size 32768 bytes, new threshold 15 (max 15)
- age   3:        184 bytes,        184 total
- age   9:         16 bytes,        200 total
- age  15:         16 bytes,        216 total
: 896K->0K(960K), 0.0008809 secs] 8838K->8518K(10176K), 0.0010451 secs] [Times: user=0.00 sys=0.00, real=0.00 secs] 
2019-01-02T11:13:14.755+0530: 862.656: [GC (Allocation Failure) 2019-01-02T11:13:14.755+0530: 862.656: [DefNew
Desired survivor size 32768 bytes, new threshold 15 (max 15)
- age   1:         24 bytes,         24 total
- age   4:        184 bytes,        208 total
- age  10:         16 bytes,        224 total
: 479K->0K(960K), 0.0002617 secs] 8998K->8518K(10176K), 0.0003410 secs] [Times: user=0.00 sys=0.00, real=0.00 secs] 
2019-01-02T11:13:14.755+0530: 862.657: [GC (Allocation Failure) 2019-01-02T11:13:14.756+0530: 862.657: [DefNew
Desired survivor size 32768 bytes, new threshold 15 (max 15)
- age   2:         24 bytes,         24 total
- age   5:        184 bytes,        208 total
- age  11:         16 bytes,        224 total
: 501K->0K(960K), 0.0003358 secs] 9019K->9019K(10176K), 0.0004111 secs] [Times: user=0.00 sys=0.00, real=0.00 secs] 
2019-01-02T11:13:14.756+0530: 862.658: [GC (Allocation Failure) 2019-01-02T11:13:14.756+0530: 862.658: [DefNew: 518K->518K(960K), 0.0000302 secs]2019-01-02T11:13:14.756+0530: 862.658: [Tenured: 9019K->1266K(9216K), 0.0051046 secs] 9538K->1266K(10176K), [Metaspace: 2520K->2520K(1056768K)], 0.0052888 secs] [Times: user=0.00 sys=0.00, real=0.01 secs] 
2019-01-02T11:13:14.817+0530: 862.719: [GC (Allocation Failure) 2019-01-02T11:13:14.817+0530: 862.719: [DefNew
Desired survivor size 32768 bytes, new threshold 15 (max 15)
- age   1:        248 bytes,        248 total
: 872K->0K(960K), 0.0015292 secs] 2138K->1840K(10176K), 0.0018217 secs] [Times: user=0.00 sys=0.00, real=0.00 secs] 
2019-01-02T11:13:14.821+0530: 862.722: [GC (Allocation Failure) 2019-01-02T11:13:14.821+0530: 862.722: [DefNew
Desired survivor size 32768 bytes, new threshold 15 (max 15)
- age   2:        184 bytes,        184 total
: 896K->0K(960K), 0.0009812 secs] 2736K->2128K(10176K), 0.0011694 secs] [Times: user=0.00 sys=0.00, real=0.00 secs] 
2019-01-02T11:13:14.824+0530: 862.725: [GC (Allocation Failure) 2019-01-02T11:13:14.824+0530: 862.725: [DefNew
Desired survivor size 32768 bytes, new threshold 15 (max 15)
- age   3:        184 bytes,        184 total
: 896K->0K(960K), 0.0011010 secs] 3024K->2704K(10176K), 0.0012515 secs] [Times: user=0.00 sys=0.00, real=0.00 secs] 
2019-01-02T11:13:14.826+0530: 862.728: [GC (Allocation Failure) 2019-01-02T11:13:14.827+0530: 862.728: [DefNew
Desired survivor size 32768 bytes, new threshold 15 (max 15)
- age   1:         24 bytes,         24 total
- age   4:        184 bytes,        208 total
: 479K->0K(960K), 0.0007138 secs] 3183K->2704K(10176K), 0.0008809 secs] [Times: user=0.00 sys=0.00, real=0.00 secs] 
2019-01-02T11:13:14.828+0530: 862.729: [GC (Allocation Failure) 2019-01-02T11:13:14.828+0530: 862.729: [DefNew
Desired survivor size 32768 bytes, new threshold 15 (max 15)
- age   2:         24 bytes,         24 total
- age   5:        184 bytes,        208 total
: 501K->0K(960K), 0.0004898 secs] 3205K->3205K(10176K), 0.0005799 secs] [Times: user=0.00 sys=0.00, real=0.00 secs] 
2019-01-02T11:13:14.829+0530: 862.730: [GC (Allocation Failure) 2019-01-02T11:13:14.829+0530: 862.730: [DefNew
Desired survivor size 32768 bytes, new threshold 15 (max 15)
- age   1:         24 bytes,         24 total
- age   6:         72 bytes,         96 total
: 518K->0K(960K), 0.0006574 secs] 3724K->3706K(10176K), 0.0007788 secs] [Times: user=0.00 sys=0.00, real=0.00 secs] 
2019-01-02T11:13:14.896+0530: 862.797: [GC (Allocation Failure) 2019-01-02T11:13:14.896+0530: 862.797: [DefNew
Desired survivor size 32768 bytes, new threshold 15 (max 15)
- age   1:        248 bytes,        248 total
- age   7:         16 bytes,        264 total
: 872K->0K(960K), 0.0007395 secs] 4578K->3778K(10176K), 0.0008889 secs] [Times: user=0.00 sys=0.00, real=0.00 secs] 
2019-01-02T11:13:14.898+0530: 862.800: [GC (Allocation Failure) 2019-01-02T11:13:14.898+0530: 862.800: [DefNew
Desired survivor size 32768 bytes, new threshold 15 (max 15)
- age   2:        184 bytes,        184 total
- age   8:         16 bytes,        200 total
: 896K->0K(960K), 0.0007218 secs] 4674K->4066K(10176K), 0.0009060 secs] [Times: user=0.00 sys=0.00, real=0.00 secs] 
2019-01-02T11:13:14.900+0530: 862.802: [GC (Allocation Failure) 2019-01-02T11:13:14.900+0530: 862.802: [DefNew
Desired survivor size 32768 bytes, new threshold 15 (max 15)
- age   3:        184 bytes,        184 total
- age   9:         16 bytes,        200 total
: 896K->0K(960K), 0.0005753 secs] 4962K->4642K(10176K), 0.0006984 secs] [Times: user=0.00 sys=0.00, real=0.00 secs] 
2019-01-02T11:13:14.903+0530: 862.804: [GC (Allocation Failure) 2019-01-02T11:13:14.903+0530: 862.804: [DefNew
Desired survivor size 32768 bytes, new threshold 15 (max 15)
- age   1:         24 bytes,         24 total
- age   4:        184 bytes,        208 total
- age  10:         16 bytes,        224 total
: 479K->0K(960K), 0.0002611 secs] 5122K->4642K(10176K), 0.0003370 secs] [Times: user=0.00 sys=0.00, real=0.00 secs] 
2019-01-02T11:13:14.903+0530: 862.805: [GC (Allocation Failure) 2019-01-02T11:13:14.903+0530: 862.805: [DefNew
Desired survivor size 32768 bytes, new threshold 15 (max 15)
- age   2:         24 bytes,         24 total
- age   5:        184 bytes,        208 total
- age  11:         16 bytes,        224 total
: 501K->0K(960K), 0.0003632 secs] 5143K->5143K(10176K), 0.0004379 secs] [Times: user=0.00 sys=0.00, real=0.00 secs] 
2019-01-02T11:13:14.904+0530: 862.805: [GC (Allocation Failure) 2019-01-02T11:13:14.904+0530: 862.805: [DefNew
Desired survivor size 32768 bytes, new threshold 15 (max 15)
- age   1:         24 bytes,         24 total
- age   6:         72 bytes,         96 total
- age  12:         16 bytes,        112 total
: 519K->0K(960K), 0.0004014 secs] 5662K->5644K(10176K), 0.0004989 secs] [Times: user=0.00 sys=0.00, real=0.00 secs] 
2019-01-02T11:13:14.971+0530: 862.872: [GC (Allocation Failure) 2019-01-02T11:13:14.971+0530: 862.872: [DefNew
Desired survivor size 32768 bytes, new threshold 15 (max 15)
- age   1:        248 bytes,        248 total
- age   7:         16 bytes,        264 total
- age  13:         16 bytes,        280 total
: 872K->0K(960K), 0.0007680 secs] 6517K->5717K(10176K), 0.0010839 secs] [Times: user=0.00 sys=0.00, real=0.00 secs] 
2019-01-02T11:13:14.974+0530: 862.875: [GC (Allocation Failure) 2019-01-02T11:13:14.974+0530: 862.875: [DefNew
Desired survivor size 32768 bytes, new threshold 15 (max 15)
- age   2:        184 bytes,        184 total
- age   8:         16 bytes,        200 total
- age  14:         16 bytes,        216 total
: 896K->0K(960K), 0.0010862 secs] 6613K->6005K(10176K), 0.0013216 secs] [Times: user=0.00 sys=0.00, real=0.00 secs] 
2019-01-02T11:13:14.976+0530: 862.877: [GC (Allocation Failure) 2019-01-02T11:13:14.976+0530: 862.877: [DefNew
Desired survivor size 32768 bytes, new threshold 15 (max 15)
- age   3:        184 bytes,        184 total
- age   9:         16 bytes,        200 total
- age  15:         16 bytes,        216 total
: 896K->0K(960K), 0.0003826 secs] 6901K->6581K(10176K), 0.0004424 secs] [Times: user=0.00 sys=0.00, real=0.00 secs] 
2019-01-02T11:13:14.978+0530: 862.879: [GC (Allocation Failure) 2019-01-02T11:13:14.978+0530: 862.879: [DefNew
Desired survivor size 32768 bytes, new threshold 15 (max 15)
- age   1:         24 bytes,         24 total
- age   4:        184 bytes,        208 total
- age  10:         16 bytes,        224 total
: 479K->0K(960K), 0.0005593 secs] 7060K->6581K(10176K), 0.0007595 secs] [Times: user=0.00 sys=0.00, real=0.00 secs] 
2019-01-02T11:13:14.979+0530: 862.880: [GC (Allocation Failure) 2019-01-02T11:13:14.979+0530: 862.880: [DefNew
Desired survivor size 32768 bytes, new threshold 15 (max 15)
- age   2:         24 bytes,         24 total
- age   5:        184 bytes,        208 total
- age  11:         16 bytes,        224 total
: 501K->0K(960K), 0.0003985 secs] 7082K->7082K(10176K), 0.0004715 secs] [Times: user=0.00 sys=0.00, real=0.00 secs] 
2019-01-02T11:13:14.980+0530: 862.881: [GC (Allocation Failure) 2019-01-02T11:13:14.980+0530: 862.881: [DefNew
Desired survivor size 32768 bytes, new threshold 15 (max 15)
- age   1:         24 bytes,         24 total
- age   6:         72 bytes,         96 total
- age  12:         16 bytes,        112 total
: 519K->0K(960K), 0.0008324 secs] 7601K->7583K(10176K), 0.0009191 secs] [Times: user=0.00 sys=0.00, real=0.00 secs] 
2019-01-02T11:13:15.034+0530: 862.935: [GC (Allocation Failure) 2019-01-02T11:13:15.034+0530: 862.936: [DefNew
Desired survivor size 32768 bytes, new threshold 15 (max 15)
- age   1:        248 bytes,        248 total
- age   7:         16 bytes,        264 total
- age  13:         16 bytes,        280 total
: 872K->0K(960K), 0.0011358 secs] 8455K->7655K(10176K), 0.0015235 secs] [Times: user=0.01 sys=0.00, real=0.00 secs] 
2019-01-02T11:13:15.037+0530: 862.939: [GC (Allocation Failure) 2019-01-02T11:13:15.037+0530: 862.939: [DefNew
Desired survivor size 32768 bytes, new threshold 15 (max 15)
- age   2:        184 bytes,        184 total
- age   8:         16 bytes,        200 total
- age  14:         16 bytes,        216 total
: 896K->0K(960K), 0.0008786 secs] 8551K->7943K(10176K), 0.0010394 secs] [Times: user=0.00 sys=0.00, real=0.00 secs] 
2019-01-02T11:13:15.040+0530: 862.941: [GC (Allocation Failure) 2019-01-02T11:13:15.040+0530: 862.941: [DefNew
Desired survivor size 32768 bytes, new threshold 15 (max 15)
- age   3:        184 bytes,        184 total
- age   9:         16 bytes,        200 total
- age  15:         16 bytes,        216 total
: 896K->0K(960K), 0.0011152 secs] 8839K->8519K(10176K), 0.0012566 secs] [Times: user=0.00 sys=0.00, real=0.00 secs] 
2019-01-02T11:13:15.042+0530: 862.943: [GC (Allocation Failure) 2019-01-02T11:13:15.042+0530: 862.943: [DefNew
Desired survivor size 32768 bytes, new threshold 15 (max 15)
- age   1:         24 bytes,         24 total
- age   4:        184 bytes,        208 total
- age  10:         16 bytes,        224 total
: 479K->0K(960K), 0.0002577 secs] 8999K->8519K(10176K), 0.0003307 secs] [Times: user=0.00 sys=0.00, real=0.00 secs] 
2019-01-02T11:13:15.043+0530: 862.944: [GC (Allocation Failure) 2019-01-02T11:13:15.043+0530: 862.944: [DefNew
Desired survivor size 32768 bytes, new threshold 15 (max 15)
- age   2:         24 bytes,         24 total
- age   5:        184 bytes,        208 total
- age  11:         16 bytes,        224 total
: 501K->0K(960K), 0.0003421 secs] 9020K->9020K(10176K), 0.0004122 secs] [Times: user=0.00 sys=0.00, real=0.00 secs] 
2019-01-02T11:13:15.043+0530: 862.945: [GC (Allocation Failure) 2019-01-02T11:13:15.044+0530: 862.945: [DefNew: 519K->519K(960K), 0.0000633 secs]2019-01-02T11:13:15.044+0530: 862.945: [Tenured: 9020K->1266K(9216K), 0.0064553 secs] 9539K->1266K(10176K), [Metaspace: 2520K->2520K(1056768K)], 0.0066800 secs] [Times: user=0.00 sys=0.00, real=0.01 secs] 
2019-01-02T11:13:15.102+0530: 863.004: [GC (Allocation Failure) 2019-01-02T11:13:15.102+0530: 863.004: [DefNew
Desired survivor size 32768 bytes, new threshold 15 (max 15)
- age   1:        248 bytes,        248 total
: 872K->0K(960K), 0.0014950 secs] 2139K->1840K(10176K), 0.0018188 secs] [Times: user=0.00 sys=0.00, real=0.00 secs] 
2019-01-02T11:13:15.106+0530: 863.007: [GC (Allocation Failure) 2019-01-02T11:13:15.106+0530: 863.007: [DefNew
Desired survivor size 32768 bytes, new threshold 15 (max 15)
- age   2:        184 bytes,        184 total
: 896K->0K(960K), 0.0008233 secs] 2736K->2128K(10176K), 0.0009938 secs] [Times: user=0.00 sys=0.00, real=0.00 secs] 
2019-01-02T11:13:15.108+0530: 863.010: [GC (Allocation Failure) 2019-01-02T11:13:15.108+0530: 863.010: [DefNew
Desired survivor size 32768 bytes, new threshold 15 (max 15)
- age   3:        184 bytes,        184 total
: 896K->0K(960K), 0.0010742 secs] 3024K->2704K(10176K), 0.0011962 secs] [Times: user=0.00 sys=0.00, real=0.00 secs] 
2019-01-02T11:13:15.111+0530: 863.012: [GC (Allocation Failure) 2019-01-02T11:13:15.111+0530: 863.012: [DefNew
Desired survivor size 32768 bytes, new threshold 15 (max 15)
- age   1:         24 bytes,         24 total
- age   4:        184 bytes,        208 total
: 479K->0K(960K), 0.0009505 secs] 3184K->2704K(10176K), 0.0010981 secs] [Times: user=0.00 sys=0.00, real=0.00 secs] 
2019-01-02T11:13:15.112+0530: 863.014: [GC (Allocation Failure) 2019-01-02T11:13:15.112+0530: 863.014: [DefNew
Desired survivor size 32768 bytes, new threshold 15 (max 15)
- age   2:         24 bytes,         24 total
- age   5:        184 bytes,        208 total
: 501K->0K(960K), 0.0004738 secs] 3205K->3205K(10176K), 0.0005901 secs] [Times: user=0.02 sys=0.00, real=0.00 secs] 
2019-01-02T11:13:15.114+0530: 863.015: [GC (Allocation Failure) 2019-01-02T11:13:15.114+0530: 863.015: [DefNew
Desired survivor size 32768 bytes, new threshold 15 (max 15)
- age   1:         24 bytes,         24 total
- age   6:         72 bytes,         96 total
: 519K->0K(960K), 0.0006363 secs] 3724K->3706K(10176K), 0.0007264 secs] [Times: user=0.00 sys=0.00, real=0.00 secs] 
2019-01-02T11:13:15.167+0530: 863.068: [GC (Allocation Failure) 2019-01-02T11:13:15.167+0530: 863.068: [DefNew
Desired survivor size 32768 bytes, new threshold 15 (max 15)
- age   1:        248 bytes,        248 total
- age   7:         16 bytes,        264 total
: 872K->0K(960K), 0.0006637 secs] 4579K->3779K(10176K), 0.0008273 secs] [Times: user=0.00 sys=0.00, real=0.00 secs] 
2019-01-02T11:13:15.169+0530: 863.071: [GC (Allocation Failure) 2019-01-02T11:13:15.169+0530: 863.071: [DefNew
Desired survivor size 32768 bytes, new threshold 15 (max 15)
- age   2:        184 bytes,        184 total
- age   8:         16 bytes,        200 total
: 896K->0K(960K), 0.0008701 secs] 4675K->4066K(10176K), 0.0011443 secs] [Times: user=0.00 sys=0.00, real=0.00 secs] 
2019-01-02T11:13:15.172+0530: 863.073: [GC (Allocation Failure) 2019-01-02T11:13:15.172+0530: 863.073: [DefNew
Desired survivor size 32768 bytes, new threshold 15 (max 15)
- age   3:        184 bytes,        184 total
- age   9:         16 bytes,        200 total
: 896K->0K(960K), 0.0012492 secs] 4962K->4642K(10176K), 0.0014197 secs] [Times: user=0.00 sys=0.00, real=0.00 secs] 
2019-01-02T11:13:15.175+0530: 863.076: [GC (Allocation Failure) 2019-01-02T11:13:15.175+0530: 863.076: [DefNew
Desired survivor size 32768 bytes, new threshold 15 (max 15)
- age   1:         24 bytes,         24 total
- age   4:        184 bytes,        208 total
- age  10:         16 bytes,        224 total
: 479K->0K(960K), 0.0004390 secs] 5122K->4643K(10176K), 0.0005605 secs] [Times: user=0.01 sys=0.00, real=0.00 secs] 
2019-01-02T11:13:15.176+0530: 863.077: [GC (Allocation Failure) 2019-01-02T11:13:15.176+0530: 863.077: [DefNew
Desired survivor size 32768 bytes, new threshold 15 (max 15)
- age   2:         24 bytes,         24 total
- age   5:        184 bytes,        208 total
- age  11:         16 bytes,        224 total
: 501K->0K(960K), 0.0003506 secs] 5144K->5144K(10176K), 0.0004231 secs] [Times: user=0.00 sys=0.00, real=0.00 secs] 
2019-01-02T11:13:15.177+0530: 863.078: [GC (Allocation Failure) 2019-01-02T11:13:15.177+0530: 863.078: [DefNew
Desired survivor size 32768 bytes, new threshold 15 (max 15)
- age   1:         24 bytes,         24 total
- age   6:         72 bytes,         96 total
- age  12:         16 bytes,        112 total
: 519K->0K(960K), 0.0003381 secs] 5663K->5645K(10176K), 0.0004111 secs] [Times: user=0.00 sys=0.00, real=0.00 secs] 
2019-01-02T11:13:15.240+0530: 863.142: [GC (Allocation Failure) 2019-01-02T11:13:15.240+0530: 863.142: [DefNew
Desired survivor size 32768 bytes, new threshold 15 (max 15)
- age   1:        248 bytes,        248 total
- age   7:         16 bytes,        264 total
- age  13:         16 bytes,        280 total
: 872K->0K(960K), 0.0006015 secs] 6517K->5717K(10176K), 0.0010690 secs] [Times: user=0.00 sys=0.00, real=0.00 secs] 
2019-01-02T11:13:15.243+0530: 863.145: [GC (Allocation Failure) 2019-01-02T11:13:15.243+0530: 863.145: [DefNew
Desired survivor size 32768 bytes, new threshold 15 (max 15)
- age   2:        184 bytes,        184 total
- age   8:         16 bytes,        200 total
- age  14:         16 bytes,        216 total
: 896K->0K(960K), 0.0008296 secs] 6613K->6005K(10176K), 0.0010314 secs] [Times: user=0.00 sys=0.00, real=0.00 secs] 
2019-01-02T11:13:15.246+0530: 863.147: [GC (Allocation Failure) 2019-01-02T11:13:15.246+0530: 863.148: [DefNew
Desired survivor size 32768 bytes, new threshold 15 (max 15)
- age   3:        184 bytes,        184 total
- age   9:         16 bytes,        200 total
- age  15:         16 bytes,        216 total
: 896K->0K(960K), 0.0015440 secs] 6901K->6581K(10176K), 0.0017800 secs] [Times: user=0.00 sys=0.00, real=0.00 secs] 
2019-01-02T11:13:15.249+0530: 863.151: [GC (Allocation Failure) 2019-01-02T11:13:15.249+0530: 863.151: [DefNew
Desired survivor size 32768 bytes, new threshold 15 (max 15)
- age   1:         24 bytes,         24 total
- age   4:        184 bytes,        208 total
- age  10:         16 bytes,        224 total
: 479K->0K(960K), 0.0005388 secs] 7061K->6581K(10176K), 0.0007047 secs] [Times: user=0.00 sys=0.00, real=0.00 secs] 
2019-01-02T11:13:15.250+0530: 863.152: [GC (Allocation Failure) 2019-01-02T11:13:15.251+0530: 863.152: [DefNew
Desired survivor size 32768 bytes, new threshold 15 (max 15)
- age   2:         24 bytes,         24 total
- age   5:        184 bytes,        208 total
- age  11:         16 bytes,        224 total
: 501K->0K(960K), 0.0008176 secs] 7082K->7082K(10176K), 0.0010098 secs] [Times: user=0.00 sys=0.00, real=0.00 secs] 
2019-01-02T11:13:15.252+0530: 863.153: [GC (Allocation Failure) 2019-01-02T11:13:15.252+0530: 863.153: [DefNew
Desired survivor size 32768 bytes, new threshold 15 (max 15)
- age   1:         24 bytes,         24 total
- age   6:         72 bytes,         96 total
- age  12:         16 bytes,        112 total
: 519K->0K(960K), 0.0003358 secs] 7601K->7584K(10176K), 0.0004082 secs] [Times: user=0.00 sys=0.00, real=0.00 secs] 
2019-01-02T11:13:15.308+0530: 863.210: [GC (Allocation Failure) 2019-01-02T11:13:15.309+0530: 863.210: [DefNew
Desired survivor size 32768 bytes, new threshold 15 (max 15)
- age   1:        248 bytes,        248 total
- age   7:         16 bytes,        264 total
- age  13:         16 bytes,        280 total
: 872K->0K(960K), 0.0005074 secs] 8456K->7656K(10176K), 0.0009231 secs] [Times: user=0.00 sys=0.00, real=0.00 secs] 
2019-01-02T11:13:15.311+0530: 863.213: [GC (Allocation Failure) 2019-01-02T11:13:15.311+0530: 863.213: [DefNew
Desired survivor size 32768 bytes, new threshold 15 (max 15)
- age   2:        184 bytes,        184 total
- age   8:         16 bytes,        200 total
- age  14:         16 bytes,        216 total
: 896K->0K(960K), 0.0010172 secs] 8552K->7944K(10176K), 0.0013889 secs] [Times: user=0.00 sys=0.00, real=0.00 secs] 
2019-01-02T11:13:15.314+0530: 863.216: [GC (Allocation Failure) 2019-01-02T11:13:15.315+0530: 863.216: [DefNew
Desired survivor size 32768 bytes, new threshold 15 (max 15)
- age   3:        184 bytes,        184 total
- age   9:         16 bytes,        200 total
- age  15:         16 bytes,        216 total
: 896K->0K(960K), 0.0013062 secs] 8840K->8520K(10176K), 0.0015366 secs] [Times: user=0.02 sys=0.00, real=0.00 secs] 
2019-01-02T11:13:15.317+0530: 863.219: [GC (Allocation Failure) 2019-01-02T11:13:15.317+0530: 863.219: [DefNew
Desired survivor size 32768 bytes, new threshold 15 (max 15)
- age   1:         24 bytes,         24 total
- age   4:        184 bytes,        208 total
- age  10:         16 bytes,        224 total
: 479K->0K(960K), 0.0004082 secs] 8999K->8520K(10176K), 0.0005143 secs] [Times: user=0.00 sys=0.00, real=0.00 secs] 
2019-01-02T11:13:15.319+0530: 863.220: [GC (Allocation Failure) 2019-01-02T11:13:15.319+0530: 863.220: [DefNew
Desired survivor size 32768 bytes, new threshold 15 (max 15)
- age   2:         24 bytes,         24 total
- age   5:        184 bytes,        208 total
- age  11:         16 bytes,        224 total
: 501K->0K(960K), 0.0004687 secs] 9021K->9021K(10176K), 0.0005582 secs] [Times: user=0.00 sys=0.00, real=0.00 secs] 
2019-01-02T11:13:15.320+0530: 863.221: [GC (Allocation Failure) 2019-01-02T11:13:15.320+0530: 863.221: [DefNew: 519K->519K(960K), 0.0000285 secs]2019-01-02T11:13:15.320+0530: 863.221: [Tenured: 9021K->1267K(9216K), 0.0037710 secs] 9540K->1267K(10176K), [Metaspace: 2520K->2520K(1056768K)], 0.0039284 secs] [Times: user=0.00 sys=0.00, real=0.00 secs] 
2019-01-02T11:13:15.378+0530: 863.280: [GC (Allocation Failure) 2019-01-02T11:13:15.378+0530: 863.280: [DefNew
Desired survivor size 32768 bytes, new threshold 15 (max 15)
- age   1:        248 bytes,        248 total
: 872K->0K(960K), 0.0014117 secs] 2139K->1840K(10176K), 0.0018336 secs] [Times: user=0.00 sys=0.00, real=0.00 secs] 
2019-01-02T11:13:15.382+0530: 863.284: [GC (Allocation Failure) 2019-01-02T11:13:15.382+0530: 863.284: [DefNew
Desired survivor size 32768 bytes, new threshold 15 (max 15)
- age   2:        184 bytes,        184 total
: 896K->0K(960K), 0.0006397 secs] 2736K->2128K(10176K), 0.0007492 secs] [Times: user=0.00 sys=0.00, real=0.00 secs] 
2019-01-02T11:13:15.384+0530: 863.286: [GC (Allocation Failure) 2019-01-02T11:13:15.384+0530: 863.286: [DefNew
Desired survivor size 32768 bytes, new threshold 15 (max 15)
- age   3:        184 bytes,        184 total
: 896K->0K(960K), 0.0007640 secs] 3024K->2704K(10176K), 0.0008741 secs] [Times: user=0.00 sys=0.00, real=0.00 secs] 
2019-01-02T11:13:15.386+0530: 863.288: [GC (Allocation Failure) 2019-01-02T11:13:15.387+0530: 863.288: [DefNew
Desired survivor size 32768 bytes, new threshold 15 (max 15)
- age   1:         24 bytes,         24 total
- age   4:        184 bytes,        208 total
: 479K->0K(960K), 0.0007150 secs] 3184K->2704K(10176K), 0.0008798 secs] [Times: user=0.00 sys=0.00, real=0.00 secs] 
2019-01-02T11:13:15.388+0530: 863.290: [GC (Allocation Failure) 2019-01-02T11:13:15.388+0530: 863.290: [DefNew
Desired survivor size 32768 bytes, new threshold 15 (max 15)
- age   2:         24 bytes,         24 total
- age   5:        184 bytes,        208 total
: 501K->0K(960K), 0.0004664 secs] 3205K->3205K(10176K), 0.0005838 secs] [Times: user=0.00 sys=0.00, real=0.00 secs] 
2019-01-02T11:13:15.389+0530: 863.291: [GC (Allocation Failure) 2019-01-02T11:13:15.389+0530: 863.291: [DefNew
Desired survivor size 32768 bytes, new threshold 15 (max 15)
- age   1:         24 bytes,         24 total
- age   6:         72 bytes,         96 total
: 519K->0K(960K), 0.0003888 secs] 3724K->3707K(10176K), 0.0004767 secs] [Times: user=0.00 sys=0.00, real=0.00 secs] 
2019-01-02T11:13:15.444+0530: 863.345: [GC (Allocation Failure) 2019-01-02T11:13:15.444+0530: 863.345: [DefNew
Desired survivor size 32768 bytes, new threshold 15 (max 15)
- age   1:        248 bytes,        248 total
- age   7:         16 bytes,        264 total
: 872K->0K(960K), 0.0006329 secs] 4579K->3779K(10176K), 0.0008929 secs] [Times: user=0.00 sys=0.00, real=0.00 secs] 
2019-01-02T11:13:15.447+0530: 863.348: [GC (Allocation Failure) 2019-01-02T11:13:15.447+0530: 863.348: [DefNew
Desired survivor size 32768 bytes, new threshold 15 (max 15)
- age   2:        184 bytes,        184 total
- age   8:         16 bytes,        200 total
: 896K->0K(960K), 0.0008302 secs] 4675K->4067K(10176K), 0.0011722 secs] [Times: user=0.00 sys=0.00, real=0.00 secs] 
2019-01-02T11:13:15.450+0530: 863.351: [GC (Allocation Failure) 2019-01-02T11:13:15.450+0530: 863.351: [DefNew
Desired survivor size 32768 bytes, new threshold 15 (max 15)
- age   3:        184 bytes,        184 total
- age   9:         16 bytes,        200 total
: 896K->0K(960K), 0.0008427 secs] 4963K->4643K(10176K), 0.0009978 secs] [Times: user=0.00 sys=0.00, real=0.00 secs] 
2019-01-02T11:13:15.452+0530: 863.353: [GC (Allocation Failure) 2019-01-02T11:13:15.452+0530: 863.353: [DefNew
Desired survivor size 32768 bytes, new threshold 15 (max 15)
- age   1:         24 bytes,         24 total
- age   4:        184 bytes,        208 total
- age  10:         16 bytes,        224 total
: 479K->0K(960K), 0.0005816 secs] 5123K->4643K(10176K), 0.0007207 secs] [Times: user=0.00 sys=0.00, real=0.00 secs] 
2019-01-02T11:13:15.454+0530: 863.355: [GC (Allocation Failure) 2019-01-02T11:13:15.454+0530: 863.355: [DefNew
Desired survivor size 32768 bytes, new threshold 15 (max 15)
- age   2:         24 bytes,         24 total
- age   5:        184 bytes,        208 total
- age  11:         16 bytes,        224 total
: 501K->0K(960K), 0.0003689 secs] 5144K->5144K(10176K), 0.0004675 secs] [Times: user=0.00 sys=0.00, real=0.00 secs] 
2019-01-02T11:13:15.454+0530: 863.356: [GC (Allocation Failure) 2019-01-02T11:13:15.454+0530: 863.356: [DefNew
Desired survivor size 32768 bytes, new threshold 15 (max 15)
- age   1:         24 bytes,         24 total
- age   6:         72 bytes,         96 total
- age  12:         16 bytes,        112 total
: 519K->0K(960K), 0.0003159 secs] 5663K->5646K(10176K), 0.0003871 secs] [Times: user=0.00 sys=0.00, real=0.00 secs] 
2019-01-02T11:13:15.511+0530: 863.413: [GC (Allocation Failure) 2019-01-02T11:13:15.512+0530: 863.413: [DefNew
Desired survivor size 32768 bytes, new threshold 15 (max 15)
- age   1:        248 bytes,        248 total
- age   7:         16 bytes,        264 total
- age  13:         16 bytes,        280 total
: 872K->0K(960K), 0.0006859 secs] 6518K->5718K(10176K), 0.0010485 secs] [Times: user=0.00 sys=0.00, real=0.00 secs] 
2019-01-02T11:13:15.515+0530: 863.416: [GC (Allocation Failure) 2019-01-02T11:13:15.515+0530: 863.417: [DefNew
Desired survivor size 32768 bytes, new threshold 15 (max 15)
- age   2:        184 bytes,        184 total
- age   8:         16 bytes,        200 total
- age  14:         16 bytes,        216 total
: 896K->0K(960K), 0.0008296 secs] 6614K->6006K(10176K), 0.0010616 secs] [Times: user=0.00 sys=0.00, real=0.00 secs] 
2019-01-02T11:13:15.517+0530: 863.419: [GC (Allocation Failure) 2019-01-02T11:13:15.517+0530: 863.419: [DefNew
Desired survivor size 32768 bytes, new threshold 15 (max 15)
- age   3:        184 bytes,        184 total
- age   9:         16 bytes,        200 total
- age  15:         16 bytes,        216 total
: 896K->0K(960K), 0.0008347 secs] 6902K->6582K(10176K), 0.0009904 secs] [Times: user=0.02 sys=0.00, real=0.00 secs] 
2019-01-02T11:13:15.520+0530: 863.421: [GC (Allocation Failure) 2019-01-02T11:13:15.520+0530: 863.421: [DefNew
Desired survivor size 32768 bytes, new threshold 15 (max 15)
- age   1:         24 bytes,         24 total
- age   4:        184 bytes,        208 total
- age  10:         16 bytes,        224 total
: 479K->0K(960K), 0.0007275 secs] 7061K->6582K(10176K), 0.0008957 secs] [Times: user=0.00 sys=0.00, real=0.00 secs] 
2019-01-02T11:13:15.521+0530: 863.423: [GC (Allocation Failure) 2019-01-02T11:13:15.521+0530: 863.423: [DefNew
Desired survivor size 32768 bytes, new threshold 15 (max 15)
- age   2:         24 bytes,         24 total
- age   5:        184 bytes,        208 total
- age  11:         16 bytes,        224 total
: 501K->0K(960K), 0.0003506 secs] 7083K->7083K(10176K), 0.0004253 secs] [Times: user=0.00 sys=0.00, real=0.00 secs] 
2019-01-02T11:13:15.522+0530: 863.424: [GC (Allocation Failure) 2019-01-02T11:13:15.522+0530: 863.424: [DefNew
Desired survivor size 32768 bytes, new threshold 15 (max 15)
- age   1:         24 bytes,         24 total
- age   6:         72 bytes,         96 total
- age  12:         16 bytes,        112 total
: 519K->0K(960K), 0.0003278 secs] 7602K->7584K(10176K), 0.0003985 secs] [Times: user=0.00 sys=0.00, real=0.00 secs] 
2019-01-02T11:13:15.577+0530: 863.479: [GC (Allocation Failure) 2019-01-02T11:13:15.577+0530: 863.479: [DefNew
Desired survivor size 32768 bytes, new threshold 15 (max 15)
- age   1:        248 bytes,        248 total
- age   7:         16 bytes,        264 total
- age  13:         16 bytes,        280 total
: 872K->0K(960K), 0.0008187 secs] 8457K->7657K(10176K), 0.0010639 secs] [Times: user=0.00 sys=0.00, real=0.00 secs] 
2019-01-02T11:13:15.581+0530: 863.482: [GC (Allocation Failure) 2019-01-02T11:13:15.581+0530: 863.482: [DefNew
Desired survivor size 32768 bytes, new threshold 15 (max 15)
- age   2:        184 bytes,        184 total
- age   8:         16 bytes,        200 total
- age  14:         16 bytes,        216 total
: 896K->0K(960K), 0.0012441 secs] 8553K->7944K(10176K), 0.0014516 secs] [Times: user=0.00 sys=0.00, real=0.00 secs] 
2019-01-02T11:13:15.583+0530: 863.485: [GC (Allocation Failure) 2019-01-02T11:13:15.583+0530: 863.485: [DefNew
Desired survivor size 32768 bytes, new threshold 15 (max 15)
- age   3:        184 bytes,        184 total
- age   9:         16 bytes,        200 total
- age  15:         16 bytes,        216 total
: 896K->0K(960K), 0.0008256 secs] 8840K->8521K(10176K), 0.0009653 secs] [Times: user=0.00 sys=0.00, real=0.00 secs] 
2019-01-02T11:13:15.586+0530: 863.487: [GC (Allocation Failure) 2019-01-02T11:13:15.586+0530: 863.487: [DefNew
Desired survivor size 32768 bytes, new threshold 15 (max 15)
- age   1:         24 bytes,         24 total
- age   4:        184 bytes,        208 total
- age  10:         16 bytes,        224 total
: 479K->0K(960K), 0.0007617 secs] 9000K->8521K(10176K), 0.0009151 secs] [Times: user=0.00 sys=0.00, real=0.00 secs] 
2019-01-02T11:13:15.588+0530: 863.489: [GC (Allocation Failure) 2019-01-02T11:13:15.588+0530: 863.489: [DefNew
Desired survivor size 32768 bytes, new threshold 15 (max 15)
- age   2:         24 bytes,         24 total
- age   5:        184 bytes,        208 total
- age  11:         16 bytes,        224 total
: 501K->0K(960K), 0.0003632 secs] 9022K->9022K(10176K), 0.0004464 secs] [Times: user=0.00 sys=0.00, real=0.00 secs] 
2019-01-02T11:13:15.588+0530: 863.490: [GC (Allocation Failure) 2019-01-02T11:13:15.589+0530: 863.490: [DefNew: 519K->519K(960K), 0.0000296 secs]2019-01-02T11:13:15.589+0530: 863.490: [Tenured: 9022K->1267K(9216K), 0.0039124 secs] 9541K->1267K(10176K), [Metaspace: 2520K->2520K(1056768K)], 0.0040818 secs] [Times: user=0.00 sys=0.00, real=0.00 secs] 
2019-01-02T11:13:15.651+0530: 863.552: [GC (Allocation Failure) 2019-01-02T11:13:15.651+0530: 863.552: [DefNew
Desired survivor size 32768 bytes, new threshold 15 (max 15)
- age   1:        248 bytes,        248 total
: 872K->0K(960K), 0.0010730 secs] 2139K->1840K(10176K), 0.0013228 secs] [Times: user=0.00 sys=0.00, real=0.00 secs] 
2019-01-02T11:13:15.654+0530: 863.556: [GC (Allocation Failure) 2019-01-02T11:13:15.654+0530: 863.556: [DefNew
Desired survivor size 32768 bytes, new threshold 15 (max 15)
- age   2:        184 bytes,        184 total
: 896K->0K(960K), 0.0010474 secs] 2736K->2128K(10176K), 0.0012583 secs] [Times: user=0.00 sys=0.00, real=0.00 secs] 
2019-01-02T11:13:15.657+0530: 863.558: [GC (Allocation Failure) 2019-01-02T11:13:15.657+0530: 863.559: [DefNew
Desired survivor size 32768 bytes, new threshold 15 (max 15)
- age   3:        184 bytes,        184 total
: 896K->0K(960K), 0.0006300 secs] 3024K->2704K(10176K), 0.0007429 secs] [Times: user=0.00 sys=0.00, real=0.00 secs] 
2019-01-02T11:13:15.659+0530: 863.560: [GC (Allocation Failure) 2019-01-02T11:13:15.659+0530: 863.560: [DefNew
Desired survivor size 32768 bytes, new threshold 15 (max 15)
- age   1:         24 bytes,         24 total
- age   4:        184 bytes,        208 total
: 479K->0K(960K), 0.0002463 secs] 3184K->2704K(10176K), 0.0003090 secs] [Times: user=0.00 sys=0.00, real=0.00 secs] 
2019-01-02T11:13:15.659+0530: 863.561: [GC (Allocation Failure) 2019-01-02T11:13:15.659+0530: 863.561: [DefNew
Desired survivor size 32768 bytes, new threshold 15 (max 15)
- age   2:         24 bytes,         24 total
- age   5:        184 bytes,        208 total
: 501K->0K(960K), 0.0003883 secs] 3206K->3206K(10176K), 0.0004436 secs] [Times: user=0.00 sys=0.00, real=0.00 secs] 
2019-01-02T11:13:15.660+0530: 863.561: [GC (Allocation Failure) 2019-01-02T11:13:15.660+0530: 863.562: [DefNew
Desired survivor size 32768 bytes, new threshold 15 (max 15)
- age   1:         24 bytes,         24 total
- age   6:         72 bytes,         96 total
: 519K->0K(960K), 0.0003199 secs] 3725K->3707K(10176K), 0.0003757 secs] [Times: user=0.00 sys=0.00, real=0.00 secs] 
2019-01-02T11:13:15.719+0530: 863.621: [GC (Allocation Failure) 2019-01-02T11:13:15.720+0530: 863.621: [DefNew
Desired survivor size 32768 bytes, new threshold 15 (max 15)
- age   1:        248 bytes,        248 total
- age   7:         16 bytes,        264 total
: 872K->0K(960K), 0.0007395 secs] 4580K->3779K(10176K), 0.0009430 secs] [Times: user=0.00 sys=0.00, real=0.00 secs] 
2019-01-02T11:13:15.722+0530: 863.624: [GC (Allocation Failure) 2019-01-02T11:13:15.722+0530: 863.624: [DefNew
Desired survivor size 32768 bytes, new threshold 15 (max 15)
- age   2:        184 bytes,        184 total
- age   8:         16 bytes,        200 total
: 896K->0K(960K), 0.0010810 secs] 4675K->4067K(10176K), 0.0014722 secs] [Times: user=0.00 sys=0.00, real=0.00 secs] 
2019-01-02T11:13:15.726+0530: 863.628: [GC (Allocation Failure) 2019-01-02T11:13:15.726+0530: 863.628: [DefNew
Desired survivor size 32768 bytes, new threshold 15 (max 15)
- age   3:        184 bytes,        184 total
- age   9:         16 bytes,        200 total
: 896K->0K(960K), 0.0008872 secs] 4963K->4643K(10176K), 0.0011751 secs] [Times: user=0.00 sys=0.00, real=0.00 secs] 
2019-01-02T11:13:15.729+0530: 863.630: [GC (Allocation Failure) 2019-01-02T11:13:15.729+0530: 863.630: [DefNew
Desired survivor size 32768 bytes, new threshold 15 (max 15)
- age   1:         24 bytes,         24 total
- age   4:        184 bytes,        208 total
- age  10:         16 bytes,        224 total
: 479K->0K(960K), 0.0003256 secs] 5123K->4643K(10176K), 0.0004242 secs] [Times: user=0.00 sys=0.00, real=0.00 secs] 
2019-01-02T11:13:15.730+0530: 863.631: [GC (Allocation Failure) 2019-01-02T11:13:15.730+0530: 863.631: [DefNew
Desired survivor size 32768 bytes, new threshold 15 (max 15)
- age   2:         24 bytes,         24 total
- age   5:        184 bytes,        208 total
- age  11:         16 bytes,        224 total
: 501K->0K(960K), 0.0004379 secs] 5145K->5145K(10176K), 0.0005120 secs] [Times: user=0.00 sys=0.00, real=0.00 secs] 
2019-01-02T11:13:15.730+0530: 863.632: [GC (Allocation Failure) 2019-01-02T11:13:15.731+0530: 863.632: [DefNew
Desired survivor size 32768 bytes, new threshold 15 (max 15)
- age   1:         24 bytes,         24 total
- age   6:         72 bytes,         96 total
- age  12:         16 bytes,        112 total
: 519K->0K(960K), 0.0006665 secs] 5664K->5646K(10176K), 0.0008313 secs] [Times: user=0.00 sys=0.00, real=0.00 secs] 
2019-01-02T11:13:15.788+0530: 863.690: [GC (Allocation Failure) 2019-01-02T11:13:15.788+0530: 863.690: [DefNew
Desired survivor size 32768 bytes, new threshold 15 (max 15)
- age   1:        248 bytes,        248 total
- age   7:         16 bytes,        264 total
- age  13:         16 bytes,        280 total
: 872K->0K(960K), 0.0009681 secs] 6519K->5718K(10176K), 0.0012481 secs] [Times: user=0.00 sys=0.00, real=0.00 secs] 
2019-01-02T11:13:15.791+0530: 863.693: [GC (Allocation Failure) 2019-01-02T11:13:15.792+0530: 863.693: [DefNew
Desired survivor size 32768 bytes, new threshold 15 (max 15)
- age   2:        184 bytes,        184 total
- age   8:         16 bytes,        200 total
- age  14:         16 bytes,        216 total
: 896K->0K(960K), 0.0010594 secs] 6614K->6006K(10176K), 0.0012931 secs] [Times: user=0.00 sys=0.00, real=0.00 secs] 
2019-01-02T11:13:15.794+0530: 863.696: [GC (Allocation Failure) 2019-01-02T11:13:15.794+0530: 863.696: [DefNew
Desired survivor size 32768 bytes, new threshold 15 (max 15)
- age   3:        184 bytes,        184 total
- age   9:         16 bytes,        200 total
- age  15:         16 bytes,        216 total
: 896K->0K(960K), 0.0009636 secs] 6902K->6582K(10176K), 0.0011512 secs] [Times: user=0.00 sys=0.00, real=0.00 secs] 
2019-01-02T11:13:15.797+0530: 863.698: [GC (Allocation Failure) 2019-01-02T11:13:15.797+0530: 863.698: [DefNew
Desired survivor size 32768 bytes, new threshold 15 (max 15)
- age   1:         24 bytes,         24 total
- age   4:        184 bytes,        208 total
- age  10:         16 bytes,        224 total
: 479K->0K(960K), 0.0002589 secs] 7062K->6582K(10176K), 0.0003347 secs] [Times: user=0.00 sys=0.00, real=0.00 secs] 
2019-01-02T11:13:15.797+0530: 863.699: [GC (Allocation Failure) 2019-01-02T11:13:15.797+0530: 863.699: [DefNew
Desired survivor size 32768 bytes, new threshold 15 (max 15)
- age   2:         24 bytes,         24 total
- age   5:        184 bytes,        208 total
- age  11:         16 bytes,        224 total
: 501K->0K(960K), 0.0004824 secs] 7084K->7084K(10176K), 0.0006899 secs] [Times: user=0.00 sys=0.00, real=0.00 secs] 
2019-01-02T11:13:15.799+0530: 863.701: [GC (Allocation Failure) 2019-01-02T11:13:15.799+0530: 863.701: [DefNew
Desired survivor size 32768 bytes, new threshold 15 (max 15)
- age   1:         24 bytes,         24 total
- age   6:         72 bytes,         96 total
- age  12:         16 bytes,        112 total
: 519K->0K(960K), 0.0005656 secs] 7603K->7585K(10176K), 0.0006973 secs] [Times: user=0.00 sys=0.00, real=0.00 secs] 
2019-01-02T11:13:15.853+0530: 863.755: [GC (Allocation Failure) 2019-01-02T11:13:15.853+0530: 863.755: [DefNew
Desired survivor size 32768 bytes, new threshold 15 (max 15)
- age   1:        248 bytes,        248 total
- age   7:         16 bytes,        264 total
- age  13:         16 bytes,        280 total
: 872K->0K(960K), 0.0005302 secs] 8458K->7657K(10176K), 0.0007030 secs] [Times: user=0.00 sys=0.00, real=0.00 secs] 
2019-01-02T11:13:15.855+0530: 863.757: [GC (Allocation Failure) 2019-01-02T11:13:15.855+0530: 863.757: [DefNew
Desired survivor size 32768 bytes, new threshold 15 (max 15)
- age   2:        184 bytes,        184 total
- age   8:         16 bytes,        200 total
- age  14:         16 bytes,        216 total
: 896K->0K(960K), 0.0008364 secs] 8553K->7945K(10176K), 0.0009470 secs] [Times: user=0.00 sys=0.00, real=0.00 secs] 
2019-01-02T11:13:15.858+0530: 863.759: [GC (Allocation Failure) 2019-01-02T11:13:15.858+0530: 863.759: [DefNew
Desired survivor size 32768 bytes, new threshold 15 (max 15)
- age   3:        184 bytes,        184 total
- age   9:         16 bytes,        200 total
- age  15:         16 bytes,        216 total
: 896K->0K(960K), 0.0009698 secs] 8841K->8521K(10176K), 0.0011306 secs] [Times: user=0.00 sys=0.00, real=0.00 secs] 
2019-01-02T11:13:15.860+0530: 863.762: [GC (Allocation Failure) 2019-01-02T11:13:15.861+0530: 863.762: [DefNew
Desired survivor size 32768 bytes, new threshold 15 (max 15)
- age   1:         24 bytes,         24 total
- age   4:        184 bytes,        208 total
- age  10:         16 bytes,        224 total
: 479K->0K(960K), 0.0006506 secs] 9001K->8521K(10176K), 0.0008039 secs] [Times: user=0.00 sys=0.00, real=0.00 secs] 
2019-01-02T11:13:15.862+0530: 863.763: [GC (Allocation Failure) 2019-01-02T11:13:15.862+0530: 863.763: [DefNew
Desired survivor size 32768 bytes, new threshold 15 (max 15)
- age   2:         24 bytes,         24 total
- age   5:        184 bytes,        208 total
- age  11:         16 bytes,        224 total
: 501K->0K(960K), 0.0003427 secs] 9023K->9023K(10176K), 0.0004168 secs] [Times: user=0.00 sys=0.00, real=0.00 secs] 
2019-01-02T11:13:15.863+0530: 863.764: [GC (Allocation Failure) 2019-01-02T11:13:15.863+0530: 863.764: [DefNew: 519K->519K(960K), 0.0000285 secs]2019-01-02T11:13:15.863+0530: 863.764: [Tenured: 9023K->1267K(9216K), 0.0048572 secs] 9542K->1267K(10176K), [Metaspace: 2520K->2520K(1056768K)], 0.0050647 secs] [Times: user=0.00 sys=0.00, real=0.01 secs] 
2019-01-02T11:13:15.923+0530: 863.825: [GC (Allocation Failure) 2019-01-02T11:13:15.923+0530: 863.825: [DefNew
Desired survivor size 32768 bytes, new threshold 15 (max 15)
- age   1:        248 bytes,        248 total
: 872K->0K(960K), 0.0008986 secs] 2139K->1841K(10176K), 0.0012817 secs] [Times: user=0.01 sys=0.00, real=0.00 secs] 
2019-01-02T11:13:15.926+0530: 863.828: [GC (Allocation Failure) 2019-01-02T11:13:15.926+0530: 863.828: [DefNew
Desired survivor size 32768 bytes, new threshold 15 (max 15)
- age   2:        184 bytes,        184 total
: 896K->0K(960K), 0.0007230 secs] 2737K->2129K(10176K), 0.0008661 secs] [Times: user=0.00 sys=0.00, real=0.00 secs] 
2019-01-02T11:13:15.928+0530: 863.830: [GC (Allocation Failure) 2019-01-02T11:13:15.928+0530: 863.830: [DefNew
Desired survivor size 32768 bytes, new threshold 15 (max 15)
- age   3:        184 bytes,        184 total
: 896K->0K(960K), 0.0004339 secs] 3025K->2705K(10176K), 0.0005610 secs] [Times: user=0.00 sys=0.00, real=0.00 secs] 
2019-01-02T11:13:15.930+0530: 863.831: [GC (Allocation Failure) 2019-01-02T11:13:15.930+0530: 863.831: [DefNew
Desired survivor size 32768 bytes, new threshold 15 (max 15)
- age   1:         24 bytes,         24 total
- age   4:        184 bytes,        208 total
: 479K->0K(960K), 0.0002543 secs] 3184K->2705K(10176K), 0.0003375 secs] [Times: user=0.00 sys=0.00, real=0.00 secs] 
2019-01-02T11:13:15.931+0530: 863.832: [GC (Allocation Failure) 2019-01-02T11:13:15.931+0530: 863.832: [DefNew
Desired survivor size 32768 bytes, new threshold 15 (max 15)
- age   2:         24 bytes,         24 total
- age   5:        184 bytes,        208 total
: 501K->0K(960K), 0.0003204 secs] 3206K->3206K(10176K), 0.0003917 secs] [Times: user=0.00 sys=0.00, real=0.00 secs] 
2019-01-02T11:13:15.931+0530: 863.833: [GC (Allocation Failure) 2019-01-02T11:13:15.932+0530: 863.833: [DefNew
Desired survivor size 32768 bytes, new threshold 15 (max 15)
- age   1:         24 bytes,         24 total
- age   6:         72 bytes,         96 total
: 519K->0K(960K), 0.0003518 secs] 3725K->3708K(10176K), 0.0004402 secs] [Times: user=0.00 sys=0.00, real=0.00 secs] 
2019-01-02T11:13:15.988+0530: 863.889: [GC (Allocation Failure) 2019-01-02T11:13:15.988+0530: 863.890: [DefNew
Desired survivor size 32768 bytes, new threshold 15 (max 15)
- age   1:        248 bytes,        248 total
- age   7:         16 bytes,        264 total
: 872K->0K(960K), 0.0007309 secs] 4580K->3780K(10176K), 0.0008900 secs] [Times: user=0.00 sys=0.00, real=0.00 secs] 
2019-01-02T11:13:15.991+0530: 863.892: [GC (Allocation Failure) 2019-01-02T11:13:15.991+0530: 863.892: [DefNew
Desired survivor size 32768 bytes, new threshold 15 (max 15)
- age   2:        184 bytes,        184 total
- age   8:         16 bytes,        200 total
: 896K->0K(960K), 0.0009835 secs] 4676K->4068K(10176K), 0.0011722 secs] [Times: user=0.00 sys=0.00, real=0.00 secs] 
2019-01-02T11:13:15.993+0530: 863.895: [GC (Allocation Failure) 2019-01-02T11:13:15.994+0530: 863.895: [DefNew
Desired survivor size 32768 bytes, new threshold 15 (max 15)
- age   3:        184 bytes,        184 total
- age   9:         16 bytes,        200 total
: 896K->0K(960K), 0.0015896 secs] 4964K->4644K(10176K), 0.0017259 secs] [Times: user=0.00 sys=0.00, real=0.00 secs] 
2019-01-02T11:13:15.996+0530: 863.898: [GC (Allocation Failure) 2019-01-02T11:13:15.996+0530: 863.898: [DefNew
Desired survivor size 32768 bytes, new threshold 15 (max 15)
- age   1:         24 bytes,         24 total
- age   4:        184 bytes,        208 total
- age  10:         16 bytes,        224 total
: 479K->0K(960K), 0.0002651 secs] 5123K->4644K(10176K), 0.0003421 secs] [Times: user=0.00 sys=0.00, real=0.00 secs] 
2019-01-02T11:13:15.997+0530: 863.899: [GC (Allocation Failure) 2019-01-02T11:13:15.997+0530: 863.899: [DefNew
Desired survivor size 32768 bytes, new threshold 15 (max 15)
- age   2:         24 bytes,         24 total
- age   5:        184 bytes,        208 total
- age  11:         16 bytes,        224 total
: 501K->0K(960K), 0.0003335 secs] 5145K->5145K(10176K), 0.0004042 secs] [Times: user=0.00 sys=0.00, real=0.00 secs] 
2019-01-02T11:13:15.998+0530: 863.899: [GC (Allocation Failure) 2019-01-02T11:13:15.998+0530: 863.899: [DefNew
Desired survivor size 32768 bytes, new threshold 15 (max 15)
- age   1:         24 bytes,         24 total
- age   6:         72 bytes,         96 total
- age  12:         16 bytes,        112 total
: 519K->0K(960K), 0.0003546 secs] 5664K->5647K(10176K), 0.0004276 secs] [Times: user=0.00 sys=0.00, real=0.00 secs] 
2019-01-02T11:13:16.055+0530: 863.956: [GC (Allocation Failure) 2019-01-02T11:13:16.055+0530: 863.956: [DefNew
Desired survivor size 32768 bytes, new threshold 15 (max 15)
- age   1:        248 bytes,        248 total
- age   7:         16 bytes,        264 total
- age  13:         16 bytes,        280 total
: 872K->0K(960K), 0.0006956 secs] 6519K->5719K(10176K), 0.0009408 secs] [Times: user=0.00 sys=0.00, real=0.00 secs] 
2019-01-02T11:13:16.057+0530: 863.959: [GC (Allocation Failure) 2019-01-02T11:13:16.058+0530: 863.959: [DefNew
Desired survivor size 32768 bytes, new threshold 15 (max 15)
- age   2:        184 bytes,        184 total
- age   8:         16 bytes,        200 total
- age  14:         16 bytes,        216 total
: 896K->0K(960K), 0.0008769 secs] 6615K->6007K(10176K), 0.0011648 secs] [Times: user=0.00 sys=0.00, real=0.00 secs] 
2019-01-02T11:13:16.060+0530: 863.962: [GC (Allocation Failure) 2019-01-02T11:13:16.060+0530: 863.962: [DefNew
Desired survivor size 32768 bytes, new threshold 15 (max 15)
- age   3:        184 bytes,        184 total
- age   9:         16 bytes,        200 total
- age  15:         16 bytes,        216 total
: 896K->0K(960K), 0.0012794 secs] 6903K->6583K(10176K), 0.0015434 secs] [Times: user=0.00 sys=0.00, real=0.00 secs] 
2019-01-02T11:13:16.063+0530: 863.965: [GC (Allocation Failure) 2019-01-02T11:13:16.063+0530: 863.965: [DefNew
Desired survivor size 32768 bytes, new threshold 15 (max 15)
- age   1:         24 bytes,         24 total
- age   4:        184 bytes,        208 total
- age  10:         16 bytes,        224 total
: 479K->0K(960K), 0.0003569 secs] 7063K->6583K(10176K), 0.0004983 secs] [Times: user=0.00 sys=0.00, real=0.00 secs] 
2019-01-02T11:13:16.064+0530: 863.966: [GC (Allocation Failure) 2019-01-02T11:13:16.064+0530: 863.966: [DefNew
Desired survivor size 32768 bytes, new threshold 15 (max 15)
- age   2:         24 bytes,         24 total
- age   5:        184 bytes,        208 total
- age  11:         16 bytes,        224 total
: 501K->0K(960K), 0.0003404 secs] 7084K->7084K(10176K), 0.0004122 secs] [Times: user=0.00 sys=0.00, real=0.00 secs] 
2019-01-02T11:13:16.065+0530: 863.966: [GC (Allocation Failure) 2019-01-02T11:13:16.065+0530: 863.966: [DefNew
Desired survivor size 32768 bytes, new threshold 15 (max 15)
- age   1:         24 bytes,         24 total
- age   6:         72 bytes,         96 total
- age  12:         16 bytes,        112 total
: 519K->0K(960K), 0.0003335 secs] 7604K->7586K(10176K), 0.0004054 secs] [Times: user=0.00 sys=0.00, real=0.00 secs] 
2019-01-02T11:13:16.122+0530: 864.023: [GC (Allocation Failure) 2019-01-02T11:13:16.122+0530: 864.024: [DefNew
Desired survivor size 32768 bytes, new threshold 15 (max 15)
- age   1:        248 bytes,        248 total
- age   7:         16 bytes,        264 total
- age  13:         16 bytes,        280 total
: 872K->0K(960K), 0.0006129 secs] 8458K->7658K(10176K), 0.0008262 secs] [Times: user=0.00 sys=0.00, real=0.00 secs] 
2019-01-02T11:13:16.125+0530: 864.026: [GC (Allocation Failure) 2019-01-02T11:13:16.125+0530: 864.026: [DefNew
Desired survivor size 32768 bytes, new threshold 15 (max 15)
- age   2:        184 bytes,        184 total
- age   8:         16 bytes,        200 total
- age  14:         16 bytes,        216 total
: 896K->0K(960K), 0.0007783 secs] 8554K->7946K(10176K), 0.0010257 secs] [Times: user=0.00 sys=0.00, real=0.00 secs] 
2019-01-02T11:13:16.127+0530: 864.029: [GC (Allocation Failure) 2019-01-02T11:13:16.127+0530: 864.029: [DefNew
Desired survivor size 32768 bytes, new threshold 15 (max 15)
- age   3:        184 bytes,        184 total
- age   9:         16 bytes,        200 total
- age  15:         16 bytes,        216 total
: 896K->0K(960K), 0.0008991 secs] 8842K->8522K(10176K), 0.0010856 secs] [Times: user=0.00 sys=0.00, real=0.00 secs] 
2019-01-02T11:13:16.130+0530: 864.031: [GC (Allocation Failure) 2019-01-02T11:13:16.130+0530: 864.031: [DefNew
Desired survivor size 32768 bytes, new threshold 15 (max 15)
- age   1:         24 bytes,         24 total
- age   4:        184 bytes,        208 total
- age  10:         16 bytes,        224 total
: 479K->0K(960K), 0.0002993 secs] 9002K->8522K(10176K), 0.0003837 secs] [Times: user=0.00 sys=0.00, real=0.00 secs] 
2019-01-02T11:13:16.131+0530: 864.032: [GC (Allocation Failure) 2019-01-02T11:13:16.131+0530: 864.032: [DefNew
Desired survivor size 32768 bytes, new threshold 15 (max 15)
- age   2:         24 bytes,         24 total
- age   5:        184 bytes,        208 total
- age  11:         16 bytes,        224 total
: 501K->0K(960K), 0.0003427 secs] 9024K->9024K(10176K), 0.0004236 secs] [Times: user=0.00 sys=0.00, real=0.00 secs] 
2019-01-02T11:13:16.131+0530: 864.033: [GC (Allocation Failure) 2019-01-02T11:13:16.131+0530: 864.033: [DefNew: 519K->519K(960K), 0.0000285 secs]2019-01-02T11:13:16.131+0530: 864.033: [Tenured: 9023K->1267K(9216K), 0.0057426 secs] 9543K->1267K(10176K), [Metaspace: 2520K->2520K(1056768K)], 0.0059667 secs] [Times: user=0.00 sys=0.00, real=0.01 secs] 
2019-01-02T11:13:16.189+0530: 864.091: [GC (Allocation Failure) 2019-01-02T11:13:16.189+0530: 864.091: [DefNew
Desired survivor size 32768 bytes, new threshold 15 (max 15)
- age   1:        248 bytes,        248 total
: 872K->0K(960K), 0.0010748 secs] 2140K->1841K(10176K), 0.0012834 secs] [Times: user=0.00 sys=0.00, real=0.00 secs] 
2019-01-02T11:13:16.192+0530: 864.094: [GC (Allocation Failure) 2019-01-02T11:13:16.192+0530: 864.094: [DefNew
Desired survivor size 32768 bytes, new threshold 15 (max 15)
- age   2:        184 bytes,        184 total
: 896K->0K(960K), 0.0006984 secs] 2737K->2129K(10176K), 0.0009123 secs] [Times: user=0.00 sys=0.00, real=0.00 secs] 
2019-01-02T11:13:16.195+0530: 864.096: [GC (Allocation Failure) 2019-01-02T11:13:16.195+0530: 864.097: [DefNew
Desired survivor size 32768 bytes, new threshold 15 (max 15)
- age   3:        184 bytes,        184 total
: 896K->0K(960K), 0.0013005 secs] 3025K->2705K(10176K), 0.0015868 secs] [Times: user=0.00 sys=0.00, real=0.00 secs] 
2019-01-02T11:13:16.198+0530: 864.100: [GC (Allocation Failure) 2019-01-02T11:13:16.198+0530: 864.100: [DefNew
Desired survivor size 32768 bytes, new threshold 15 (max 15)
- age   1:         24 bytes,         24 total
- age   4:        184 bytes,        208 total
: 479K->0K(960K), 0.0002685 secs] 3185K->2705K(10176K), 0.0003501 secs] [Times: user=0.00 sys=0.00, real=0.00 secs] 
2019-01-02T11:13:16.199+0530: 864.100: [GC (Allocation Failure) 2019-01-02T11:13:16.199+0530: 864.100: [DefNew
Desired survivor size 32768 bytes, new threshold 15 (max 15)
- age   2:         24 bytes,         24 total
- age   5:        184 bytes,        208 total
: 501K->0K(960K), 0.0003467 secs] 3206K->3206K(10176K), 0.0004191 secs] [Times: user=0.00 sys=0.00, real=0.00 secs] 
2019-01-02T11:13:16.200+0530: 864.101: [GC (Allocation Failure) 2019-01-02T11:13:16.200+0530: 864.101: [DefNew
Desired survivor size 32768 bytes, new threshold 15 (max 15)
- age   1:         24 bytes,         24 total
- age   6:         72 bytes,         96 total
: 519K->0K(960K), 0.0003495 secs] 3726K->3708K(10176K), 0.0004253 secs] [Times: user=0.00 sys=0.00, real=0.00 secs] 
2019-01-02T11:13:16.268+0530: 864.169: [GC (Allocation Failure) 2019-01-02T11:13:16.268+0530: 864.170: [DefNew
Desired survivor size 32768 bytes, new threshold 15 (max 15)
- age   1:        248 bytes,        248 total
- age   7:         16 bytes,        264 total
: 872K->0K(960K), 0.0007138 secs] 4581K->3780K(10176K), 0.0010434 secs] [Times: user=0.00 sys=0.00, real=0.00 secs] 
2019-01-02T11:13:16.271+0530: 864.173: [GC (Allocation Failure) 2019-01-02T11:13:16.271+0530: 864.173: [DefNew
Desired survivor size 32768 bytes, new threshold 15 (max 15)
- age   2:        184 bytes,        184 total
- age   8:         16 bytes,        200 total
: 896K->0K(960K), 0.0008267 secs] 4676K->4068K(10176K), 0.0009482 secs] [Times: user=0.00 sys=0.00, real=0.00 secs] 
2019-01-02T11:13:16.274+0530: 864.175: [GC (Allocation Failure) 2019-01-02T11:13:16.274+0530: 864.175: [DefNew
Desired survivor size 32768 bytes, new threshold 15 (max 15)
- age   3:        184 bytes,        184 total
- age   9:         16 bytes,        200 total
: 896K->0K(960K), 0.0015126 secs] 4964K->4644K(10176K), 0.0016854 secs] [Times: user=0.00 sys=0.00, real=0.00 secs] 
2019-01-02T11:13:16.277+0530: 864.179: [GC (Allocation Failure) 2019-01-02T11:13:16.277+0530: 864.179: [DefNew
Desired survivor size 32768 bytes, new threshold 15 (max 15)
- age   1:         24 bytes,         24 total
- age   4:        184 bytes,        208 total
- age  10:         16 bytes,        224 total
: 479K->0K(960K), 0.0002651 secs] 5124K->4644K(10176K), 0.0003598 secs] [Times: user=0.00 sys=0.00, real=0.00 secs] 
2019-01-02T11:13:16.278+0530: 864.179: [GC (Allocation Failure) 2019-01-02T11:13:16.278+0530: 864.179: [DefNew
Desired survivor size 32768 bytes, new threshold 15 (max 15)
- age   2:         24 bytes,         24 total
- age   5:        184 bytes,        208 total
- age  11:         16 bytes,        224 total
: 501K->0K(960K), 0.0003301 secs] 5146K->5146K(10176K), 0.0004008 secs] [Times: user=0.00 sys=0.00, real=0.00 secs] 
2019-01-02T11:13:16.279+0530: 864.180: [GC (Allocation Failure) 2019-01-02T11:13:16.279+0530: 864.180: [DefNew
Desired survivor size 32768 bytes, new threshold 15 (max 15)
- age   1:         24 bytes,         24 total
- age   6:         72 bytes,         96 total
- age  12:         16 bytes,        112 total
: 519K->0K(960K), 0.0003067 secs] 5665K->5647K(10176K), 0.0003780 secs] [Times: user=0.00 sys=0.00, real=0.00 secs] 
2019-01-02T11:13:16.334+0530: 864.236: [GC (Allocation Failure) 2019-01-02T11:13:16.335+0530: 864.236: [DefNew
Desired survivor size 32768 bytes, new threshold 15 (max 15)
- age   1:        248 bytes,        248 total
- age   7:         16 bytes,        264 total
- age  13:         16 bytes,        280 total
: 872K->0K(960K), 0.0007720 secs] 6520K->5719K(10176K), 0.0012709 secs] [Times: user=0.00 sys=0.00, real=0.00 secs] 
2019-01-02T11:13:16.338+0530: 864.239: [GC (Allocation Failure) 2019-01-02T11:13:16.338+0530: 864.239: [DefNew
Desired survivor size 32768 bytes, new threshold 15 (max 15)
- age   2:        184 bytes,        184 total
- age   8:         16 bytes,        200 total
- age  14:         16 bytes,        216 total
: 896K->0K(960K), 0.0005987 secs] 6615K->6007K(10176K), 0.0007766 secs] [Times: user=0.00 sys=0.00, real=0.00 secs] 
2019-01-02T11:13:16.340+0530: 864.241: [GC (Allocation Failure) 2019-01-02T11:13:16.340+0530: 864.242: [DefNew
Desired survivor size 32768 bytes, new threshold 15 (max 15)
- age   3:        184 bytes,        184 total
- age   9:         16 bytes,        200 total
- age  15:         16 bytes,        216 total
: 896K->0K(960K), 0.0008130 secs] 6903K->6583K(10176K), 0.0009601 secs] [Times: user=0.00 sys=0.00, real=0.00 secs] 
2019-01-02T11:13:16.342+0530: 864.244: [GC (Allocation Failure) 2019-01-02T11:13:16.342+0530: 864.244: [DefNew
Desired survivor size 32768 bytes, new threshold 15 (max 15)
- age   1:         24 bytes,         24 total
- age   4:        184 bytes,        208 total
- age  10:         16 bytes,        224 total
: 479K->0K(960K), 0.0006449 secs] 7063K->6583K(10176K), 0.0007652 secs] [Times: user=0.00 sys=0.00, real=0.00 secs] 
2019-01-02T11:13:16.343+0530: 864.245: [GC (Allocation Failure) 2019-01-02T11:13:16.343+0530: 864.245: [DefNew
Desired survivor size 32768 bytes, new threshold 15 (max 15)
- age   2:         24 bytes,         24 total
- age   5:        184 bytes,        208 total
- age  11:         16 bytes,        224 total
: 501K->0K(960K), 0.0003341 secs] 7085K->7085K(10176K), 0.0004060 secs] [Times: user=0.00 sys=0.00, real=0.00 secs] 
2019-01-02T11:13:16.344+0530: 864.246: [GC (Allocation Failure) 2019-01-02T11:13:16.344+0530: 864.246: [DefNew
Desired survivor size 32768 bytes, new threshold 15 (max 15)
- age   1:         24 bytes,         24 total
- age   6:         72 bytes,         96 total
- age  12:         16 bytes,        112 total
: 519K->0K(960K), 0.0003176 secs] 7604K->7587K(10176K), 0.0003877 secs] [Times: user=0.00 sys=0.00, real=0.00 secs] 
2019-01-02T11:13:16.400+0530: 864.302: [GC (Allocation Failure) 2019-01-02T11:13:16.401+0530: 864.302: [DefNew
Desired survivor size 32768 bytes, new threshold 15 (max 15)
- age   1:        248 bytes,        248 total
- age   7:         16 bytes,        264 total
- age  13:         16 bytes,        280 total
: 872K->0K(960K), 0.0013068 secs] 8459K->7659K(10176K), 0.0016626 secs] [Times: user=0.00 sys=0.00, real=0.00 secs] 
2019-01-02T11:13:16.405+0530: 864.307: [GC (Allocation Failure) 2019-01-02T11:13:16.405+0530: 864.307: [DefNew
Desired survivor size 32768 bytes, new threshold 15 (max 15)
- age   2:        184 bytes,        184 total
- age   8:         16 bytes,        200 total
- age  14:         16 bytes,        216 total
: 896K->0K(960K), 0.0007492 secs] 8555K->7947K(10176K), 0.0009071 secs] [Times: user=0.00 sys=0.00, real=0.00 secs] 
2019-01-02T11:13:16.407+0530: 864.309: [GC (Allocation Failure) 2019-01-02T11:13:16.408+0530: 864.309: [DefNew
Desired survivor size 32768 bytes, new threshold 15 (max 15)
- age   3:        184 bytes,        184 total
- age   9:         16 bytes,        200 total
- age  15:         16 bytes,        216 total
: 896K->0K(960K), 0.0008820 secs] 8843K->8523K(10176K), 0.0011067 secs] [Times: user=0.00 sys=0.01, real=0.00 secs] 
2019-01-02T11:13:16.410+0530: 864.311: [GC (Allocation Failure) 2019-01-02T11:13:16.410+0530: 864.311: [DefNew
Desired survivor size 32768 bytes, new threshold 15 (max 15)
- age   1:         24 bytes,         24 total
- age   4:        184 bytes,        208 total
- age  10:         16 bytes,        224 total
: 479K->0K(960K), 0.0002577 secs] 9002K->8523K(10176K), 0.0003353 secs] [Times: user=0.00 sys=0.00, real=0.00 secs] 
2019-01-02T11:13:16.411+0530: 864.312: [GC (Allocation Failure) 2019-01-02T11:13:16.411+0530: 864.312: [DefNew
Desired survivor size 32768 bytes, new threshold 15 (max 15)
- age   2:         24 bytes,         24 total
- age   5:        184 bytes,        208 total
- age  11:         16 bytes,        224 total
: 501K->0K(960K), 0.0003147 secs] 9024K->9024K(10176K), 0.0003843 secs] [Times: user=0.00 sys=0.00, real=0.00 secs] 
2019-01-02T11:13:16.411+0530: 864.313: [GC (Allocation Failure) 2019-01-02T11:13:16.411+0530: 864.313: [DefNew: 519K->519K(960K), 0.0000279 secs]2019-01-02T11:13:16.411+0530: 864.313: [Tenured: 9024K->1267K(9216K), 0.0036462 secs] 9544K->1267K(10176K), [Metaspace: 2520K->2520K(1056768K)], 0.0037967 secs] [Times: user=0.00 sys=0.00, real=0.00 secs] 
2019-01-02T11:13:16.470+0530: 864.371: [GC (Allocation Failure) 2019-01-02T11:13:16.470+0530: 864.371: [DefNew
Desired survivor size 32768 bytes, new threshold 15 (max 15)
- age   1:        248 bytes,        248 total
: 872K->0K(960K), 0.0018148 secs] 2140K->1841K(10176K), 0.0019790 secs] [Times: user=0.00 sys=0.00, real=0.00 secs] 
2019-01-02T11:13:16.473+0530: 864.374: [GC (Allocation Failure) 2019-01-02T11:13:16.473+0530: 864.375: [DefNew
Desired survivor size 32768 bytes, new threshold 15 (max 15)
- age   2:        184 bytes,        184 total
: 896K->0K(960K), 0.0006551 secs] 2737K->2129K(10176K), 0.0008045 secs] [Times: user=0.00 sys=0.00, real=0.00 secs] 
2019-01-02T11:13:16.475+0530: 864.377: [GC (Allocation Failure) 2019-01-02T11:13:16.475+0530: 864.377: [DefNew
Desired survivor size 32768 bytes, new threshold 15 (max 15)
- age   3:        184 bytes,        184 total
: 896K->0K(960K), 0.0011141 secs] 3025K->2705K(10176K), 0.0013114 secs] [Times: user=0.00 sys=0.00, real=0.00 secs] 
2019-01-02T11:13:16.478+0530: 864.379: [GC (Allocation Failure) 2019-01-02T11:13:16.478+0530: 864.379: [DefNew
Desired survivor size 32768 bytes, new threshold 15 (max 15)
- age   1:         24 bytes,         24 total
- age   4:        184 bytes,        208 total
: 479K->0K(960K), 0.0002748 secs] 3185K->2705K(10176K), 0.0003786 secs] [Times: user=0.00 sys=0.00, real=0.00 secs] 
2019-01-02T11:13:16.478+0530: 864.380: [GC (Allocation Failure) 2019-01-02T11:13:16.478+0530: 864.380: [DefNew
Desired survivor size 32768 bytes, new threshold 15 (max 15)
- age   2:         24 bytes,         24 total
- age   5:        184 bytes,        208 total
: 501K->0K(960K), 0.0003090 secs] 3207K->3207K(10176K), 0.0003632 secs] [Times: user=0.00 sys=0.00, real=0.00 secs] 
2019-01-02T11:13:16.479+0530: 864.381: [GC (Allocation Failure) 2019-01-02T11:13:16.479+0530: 864.381: [DefNew
Desired survivor size 32768 bytes, new threshold 15 (max 15)
- age   1:         24 bytes,         24 total
- age   6:         72 bytes,         96 total
: 519K->0K(960K), 0.0002879 secs] 3726K->3708K(10176K), 0.0004305 secs] [Times: user=0.00 sys=0.00, real=0.00 secs] 
2019-01-02T11:13:16.534+0530: 864.436: [GC (Allocation Failure) 2019-01-02T11:13:16.534+0530: 864.436: [DefNew
Desired survivor size 32768 bytes, new threshold 15 (max 15)
- age   1:        248 bytes,        248 total
- age   7:         16 bytes,        264 total
: 872K->0K(960K), 0.0007526 secs] 4581K->3781K(10176K), 0.0011255 secs] [Times: user=0.00 sys=0.00, real=0.00 secs] 
2019-01-02T11:13:16.537+0530: 864.439: [GC (Allocation Failure) 2019-01-02T11:13:16.538+0530: 864.439: [DefNew
Desired survivor size 32768 bytes, new threshold 15 (max 15)
- age   2:        184 bytes,        184 total
- age   8:         16 bytes,        200 total
: 896K->0K(960K), 0.0004510 secs] 4677K->4068K(10176K), 0.0006848 secs] [Times: user=0.00 sys=0.00, real=0.00 secs] 
2019-01-02T11:13:16.539+0530: 864.441: [GC (Allocation Failure) 2019-01-02T11:13:16.539+0530: 864.441: [DefNew
Desired survivor size 32768 bytes, new threshold 15 (max 15)
- age   3:        184 bytes,        184 total
- age   9:         16 bytes,        200 total
: 896K->0K(960K), 0.0008969 secs] 4964K->4645K(10176K), 0.0010571 secs] [Times: user=0.00 sys=0.00, real=0.00 secs] 
2019-01-02T11:13:16.542+0530: 864.444: [GC (Allocation Failure) 2019-01-02T11:13:16.542+0530: 864.444: [DefNew
Desired survivor size 32768 bytes, new threshold 15 (max 15)
- age   1:         24 bytes,         24 total
- age   4:        184 bytes,        208 total
- age  10:         16 bytes,        224 total
: 479K->0K(960K), 0.0006386 secs] 5124K->4645K(10176K), 0.0007748 secs] [Times: user=0.00 sys=0.00, real=0.00 secs] 
2019-01-02T11:13:16.544+0530: 864.445: [GC (Allocation Failure) 2019-01-02T11:13:16.544+0530: 864.445: [DefNew
Desired survivor size 32768 bytes, new threshold 15 (max 15)
- age   2:         24 bytes,         24 total
- age   5:        184 bytes,        208 total
- age  11:         16 bytes,        224 total
: 501K->0K(960K), 0.0008142 secs] 5146K->5146K(10176K), 0.0009162 secs] [Times: user=0.00 sys=0.00, real=0.00 secs] 
2019-01-02T11:13:16.545+0530: 864.446: [GC (Allocation Failure) 2019-01-02T11:13:16.545+0530: 864.446: [DefNew
Desired survivor size 32768 bytes, new threshold 15 (max 15)
- age   1:         24 bytes,         24 total
- age   6:         72 bytes,         96 total
- age  12:         16 bytes,        112 total
: 519K->0K(960K), 0.0003307 secs] 5666K->5648K(10176K), 0.0004031 secs] [Times: user=0.00 sys=0.00, real=0.00 secs] 
2019-01-02T11:13:16.599+0530: 864.501: [GC (Allocation Failure) 2019-01-02T11:13:16.600+0530: 864.501: [DefNew
Desired survivor size 32768 bytes, new threshold 15 (max 15)
- age   1:        248 bytes,        248 total
- age   7:         16 bytes,        264 total
- age  13:         16 bytes,        280 total
: 872K->0K(960K), 0.0012030 secs] 6521K->5720K(10176K), 0.0015172 secs] [Times: user=0.00 sys=0.00, real=0.00 secs] 
2019-01-02T11:13:16.606+0530: 864.508: [GC (Allocation Failure) 2019-01-02T11:13:16.606+0530: 864.508: [DefNew
Desired survivor size 32768 bytes, new threshold 15 (max 15)
- age   2:        184 bytes,        184 total
- age   8:         16 bytes,        200 total
- age  14:         16 bytes,        216 total
: 896K->0K(960K), 0.0007224 secs] 6616K->6008K(10176K), 0.0010018 secs] [Times: user=0.00 sys=0.00, real=0.00 secs] 
2019-01-02T11:13:16.608+0530: 864.510: [GC (Allocation Failure) 2019-01-02T11:13:16.609+0530: 864.510: [DefNew
Desired survivor size 32768 bytes, new threshold 15 (max 15)
- age   3:        184 bytes,        184 total
- age   9:         16 bytes,        200 total
- age  15:         16 bytes,        216 total
: 896K->0K(960K), 0.0009619 secs] 6904K->6584K(10176K), 0.0012783 secs] [Times: user=0.00 sys=0.00, real=0.00 secs] 
2019-01-02T11:13:16.611+0530: 864.512: [GC (Allocation Failure) 2019-01-02T11:13:16.611+0530: 864.512: [DefNew
Desired survivor size 32768 bytes, new threshold 15 (max 15)
- age   1:         24 bytes,         24 total
- age   4:        184 bytes,        208 total
- age  10:         16 bytes,        224 total
: 479K->0K(960K), 0.0002754 secs] 7064K->6584K(10176K), 0.0003598 secs] [Times: user=0.00 sys=0.00, real=0.00 secs] 
2019-01-02T11:13:16.612+0530: 864.513: [GC (Allocation Failure) 2019-01-02T11:13:16.612+0530: 864.513: [DefNew
Desired survivor size 32768 bytes, new threshold 15 (max 15)
- age   2:         24 bytes,         24 total
- age   5:        184 bytes,        208 total
- age  11:         16 bytes,        224 total
: 501K->0K(960K), 0.0003592 secs] 7086K->7086K(10176K), 0.0004196 secs] [Times: user=0.00 sys=0.00, real=0.00 secs] 
2019-01-02T11:13:16.612+0530: 864.514: [GC (Allocation Failure) 2019-01-02T11:13:16.612+0530: 864.514: [DefNew
Desired survivor size 32768 bytes, new threshold 15 (max 15)
- age   1:         24 bytes,         24 total
- age   6:         72 bytes,         96 total
- age  12:         16 bytes,        112 total
: 519K->0K(960K), 0.0003381 secs] 7605K->7587K(10176K), 0.0003968 secs] [Times: user=0.00 sys=0.00, real=0.00 secs] 
2019-01-02T11:13:16.669+0530: 864.570: [GC (Allocation Failure) 2019-01-02T11:13:16.669+0530: 864.570: [DefNew
Desired survivor size 32768 bytes, new threshold 15 (max 15)
- age   1:        248 bytes,        248 total
- age   7:         16 bytes,        264 total
- age  13:         16 bytes,        280 total
: 872K->0K(960K), 0.0006312 secs] 8460K->7660K(10176K), 0.0010269 secs] [Times: user=0.00 sys=0.00, real=0.00 secs] 
2019-01-02T11:13:16.673+0530: 864.574: [GC (Allocation Failure) 2019-01-02T11:13:16.673+0530: 864.574: [DefNew
Desired survivor size 32768 bytes, new threshold 15 (max 15)
- age   2:        184 bytes,        184 total
- age   8:         16 bytes,        200 total
- age  14:         16 bytes,        216 total
: 896K->0K(960K), 0.0005861 secs] 8556K->7947K(10176K), 0.0007007 secs] [Times: user=0.00 sys=0.00, real=0.00 secs] 
2019-01-02T11:13:16.675+0530: 864.576: [GC (Allocation Failure) 2019-01-02T11:13:16.675+0530: 864.576: [DefNew
Desired survivor size 32768 bytes, new threshold 15 (max 15)
- age   3:        184 bytes,        184 total
- age   9:         16 bytes,        200 total
- age  15:         16 bytes,        216 total
: 896K->0K(960K), 0.0007292 secs] 8843K->8524K(10176K), 0.0008684 secs] [Times: user=0.00 sys=0.00, real=0.00 secs] 
2019-01-02T11:13:16.677+0530: 864.579: [GC (Allocation Failure) 2019-01-02T11:13:16.677+0530: 864.579: [DefNew
Desired survivor size 32768 bytes, new threshold 15 (max 15)
- age   1:         24 bytes,         24 total
- age   4:        184 bytes,        208 total
- age  10:         16 bytes,        224 total
: 479K->0K(960K), 0.0005878 secs] 9003K->8524K(10176K), 0.0007076 secs] [Times: user=0.00 sys=0.00, real=0.00 secs] 
2019-01-02T11:13:16.678+0530: 864.580: [GC (Allocation Failure) 2019-01-02T11:13:16.678+0530: 864.580: [DefNew
Desired survivor size 32768 bytes, new threshold 15 (max 15)
- age   2:         24 bytes,         24 total
- age   5:        184 bytes,        208 total
- age  11:         16 bytes,        224 total
: 501K->0K(960K), 0.0003210 secs] 9025K->9025K(10176K), 0.0003849 secs] [Times: user=0.00 sys=0.00, real=0.00 secs] 
2019-01-02T11:13:16.679+0530: 864.580: [GC (Allocation Failure) 2019-01-02T11:13:16.679+0530: 864.580: [DefNew: 519K->519K(960K), 0.0000234 secs]2019-01-02T11:13:16.679+0530: 864.580: [Tenured: 9025K->1267K(9216K), 0.0037174 secs] 9545K->1267K(10176K), [Metaspace: 2520K->2520K(1056768K)], 0.0038417 secs] [Times: user=0.00 sys=0.00, real=0.00 secs] 
2019-01-02T11:13:16.741+0530: 864.643: [GC (Allocation Failure) 2019-01-02T11:13:16.742+0530: 864.643: [DefNew
Desired survivor size 32768 bytes, new threshold 15 (max 15)
- age   1:        248 bytes,        248 total
: 872K->0K(960K), 0.0010400 secs] 2140K->1841K(10176K), 0.0012179 secs] [Times: user=0.00 sys=0.00, real=0.00 secs] 
2019-01-02T11:13:16.744+0530: 864.646: [GC (Allocation Failure) 2019-01-02T11:13:16.744+0530: 864.646: [DefNew
Desired survivor size 32768 bytes, new threshold 15 (max 15)
- age   2:        184 bytes,        184 total
: 896K->0K(960K), 0.0010360 secs] 2737K->2129K(10176K), 0.0012475 secs] [Times: user=0.00 sys=0.00, real=0.00 secs] 
2019-01-02T11:13:16.747+0530: 864.648: [GC (Allocation Failure) 2019-01-02T11:13:16.747+0530: 864.649: [DefNew
Desired survivor size 32768 bytes, new threshold 15 (max 15)
- age   3:        184 bytes,        184 total
: 896K->0K(960K), 0.0007475 secs] 3025K->2705K(10176K), 0.0009219 secs] [Times: user=0.00 sys=0.00, real=0.00 secs] 
2019-01-02T11:13:16.749+0530: 864.651: [GC (Allocation Failure) 2019-01-02T11:13:16.749+0530: 864.651: [DefNew
Desired survivor size 32768 bytes, new threshold 15 (max 15)
- age   1:         24 bytes,         24 total
- age   4:        184 bytes,        208 total
: 479K->0K(960K), 0.0005662 secs] 3185K->2705K(10176K), 0.0006580 secs] [Times: user=0.00 sys=0.00, real=0.00 secs] 
2019-01-02T11:13:16.751+0530: 864.652: [GC (Allocation Failure) 2019-01-02T11:13:16.751+0530: 864.653: [DefNew
Desired survivor size 32768 bytes, new threshold 15 (max 15)
- age   2:         24 bytes,         24 total
- age   5:        184 bytes,        208 total
: 501K->0K(960K), 0.0003649 secs] 3207K->3207K(10176K), 0.0004356 secs] [Times: user=0.00 sys=0.00, real=0.00 secs] 
2019-01-02T11:13:16.752+0530: 864.653: [GC (Allocation Failure) 2019-01-02T11:13:16.752+0530: 864.653: [DefNew
Desired survivor size 32768 bytes, new threshold 15 (max 15)
- age   1:         24 bytes,         24 total
- age   6:         72 bytes,         96 total
: 519K->0K(960K), 0.0002976 secs] 3726K->3709K(10176K), 0.0003501 secs] [Times: user=0.00 sys=0.00, real=0.00 secs] 
2019-01-02T11:13:16.808+0530: 864.709: [GC (Allocation Failure) 2019-01-02T11:13:16.808+0530: 864.709: [DefNew
Desired survivor size 32768 bytes, new threshold 15 (max 15)
- age   1:        248 bytes,        248 total
- age   7:         16 bytes,        264 total
: 872K->0K(960K), 0.0006055 secs] 4582K->3781K(10176K), 0.0007577 secs] [Times: user=0.00 sys=0.00, real=0.00 secs] 
2019-01-02T11:13:16.810+0530: 864.712: [GC (Allocation Failure) 2019-01-02T11:13:16.810+0530: 864.712: [DefNew
Desired survivor size 32768 bytes, new threshold 15 (max 15)
- age   2:        184 bytes,        184 total
- age   8:         16 bytes,        200 total
: 896K->0K(960K), 0.0009721 secs] 4677K->4069K(10176K), 0.0012122 secs] [Times: user=0.00 sys=0.00, real=0.00 secs] 
2019-01-02T11:13:16.813+0530: 864.714: [GC (Allocation Failure) 2019-01-02T11:13:16.813+0530: 864.714: [DefNew
Desired survivor size 32768 bytes, new threshold 15 (max 15)
- age   3:        184 bytes,        184 total
- age   9:         16 bytes,        200 total
: 896K->0K(960K), 0.0008347 secs] 4965K->4645K(10176K), 0.0010046 secs] [Times: user=0.01 sys=0.00, real=0.00 secs] 
2019-01-02T11:13:16.815+0530: 864.717: [GC (Allocation Failure) 2019-01-02T11:13:16.815+0530: 864.717: [DefNew
Desired survivor size 32768 bytes, new threshold 15 (max 15)
- age   1:         24 bytes,         24 total
- age   4:        184 bytes,        208 total
- age  10:         16 bytes,        224 total
: 479K->0K(960K), 0.0002680 secs] 5125K->4645K(10176K), 0.0003495 secs] [Times: user=0.00 sys=0.00, real=0.00 secs] 
2019-01-02T11:13:16.816+0530: 864.718: [GC (Allocation Failure) 2019-01-02T11:13:16.816+0530: 864.718: [DefNew
Desired survivor size 32768 bytes, new threshold 15 (max 15)
- age   2:         24 bytes,         24 total
- age   5:        184 bytes,        208 total
- age  11:         16 bytes,        224 total
: 501K->0K(960K), 0.0003335 secs] 5147K->5147K(10176K), 0.0004054 secs] [Times: user=0.00 sys=0.00, real=0.00 secs] 
2019-01-02T11:13:16.817+0530: 864.718: [GC (Allocation Failure) 2019-01-02T11:13:16.817+0530: 864.718: [DefNew
Desired survivor size 32768 bytes, new threshold 15 (max 15)
- age   1:         24 bytes,         24 total
- age   6:         72 bytes,         96 total
- age  12:         16 bytes,        112 total
: 519K->0K(960K), 0.0003273 secs] 5666K->5648K(10176K), 0.0004048 secs] [Times: user=0.00 sys=0.00, real=0.00 secs] 
2019-01-02T11:13:16.872+0530: 864.774: [GC (Allocation Failure) 2019-01-02T11:13:16.873+0530: 864.774: [DefNew
Desired survivor size 32768 bytes, new threshold 15 (max 15)
- age   1:        248 bytes,        248 total
- age   7:         16 bytes,        264 total
- age  13:         16 bytes,        280 total
: 872K->0K(960K), 0.0006825 secs] 6521K->5721K(10176K), 0.0012971 secs] [Times: user=0.00 sys=0.00, real=0.00 secs] 
2019-01-02T11:13:16.875+0530: 864.777: [GC (Allocation Failure) 2019-01-02T11:13:16.876+0530: 864.777: [DefNew
Desired survivor size 32768 bytes, new threshold 15 (max 15)
- age   2:        184 bytes,        184 total
- age   8:         16 bytes,        200 total
- age  14:         16 bytes,        216 total
: 896K->0K(960K), 0.0006967 secs] 6617K->6009K(10176K), 0.0008627 secs] [Times: user=0.00 sys=0.00, real=0.00 secs] 
2019-01-02T11:13:16.878+0530: 864.779: [GC (Allocation Failure) 2019-01-02T11:13:16.878+0530: 864.779: [DefNew
Desired survivor size 32768 bytes, new threshold 15 (max 15)
- age   3:        184 bytes,        184 total
- age   9:         16 bytes,        200 total
- age  15:         16 bytes,        216 total
: 896K->0K(960K), 0.0014225 secs] 6905K->6585K(10176K), 0.0015850 secs] [Times: user=0.00 sys=0.00, real=0.00 secs] 
2019-01-02T11:13:16.881+0530: 864.783: [GC (Allocation Failure) 2019-01-02T11:13:16.881+0530: 864.783: [DefNew
Desired survivor size 32768 bytes, new threshold 15 (max 15)
- age   1:         24 bytes,         24 total
- age   4:        184 bytes,        208 total
- age  10:         16 bytes,        224 total
: 479K->0K(960K), 0.0003672 secs] 7064K->6585K(10176K), 0.0005263 secs] [Times: user=0.00 sys=0.00, real=0.00 secs] 
2019-01-02T11:13:16.882+0530: 864.783: [GC (Allocation Failure) 2019-01-02T11:13:16.882+0530: 864.784: [DefNew
Desired survivor size 32768 bytes, new threshold 15 (max 15)
- age   2:         24 bytes,         24 total
- age   5:        184 bytes,        208 total
- age  11:         16 bytes,        224 total
: 502K->0K(960K), 0.0003478 secs] 7086K->7086K(10176K), 0.0004225 secs] [Times: user=0.00 sys=0.00, real=0.00 secs] 
2019-01-02T11:13:16.883+0530: 864.784: [GC (Allocation Failure) 2019-01-02T11:13:16.883+0530: 864.784: [DefNew
Desired survivor size 32768 bytes, new threshold 15 (max 15)
- age   1:         24 bytes,         24 total
- age   6:         72 bytes,         96 total
- age  12:         16 bytes,        112 total
: 519K->0K(960K), 0.0003347 secs] 7606K->7588K(10176K), 0.0004071 secs] [Times: user=0.00 sys=0.00, real=0.00 secs] 
2019-01-02T11:13:16.939+0530: 864.840: [GC (Allocation Failure) 2019-01-02T11:13:16.939+0530: 864.841: [DefNew
Desired survivor size 32768 bytes, new threshold 15 (max 15)
- age   1:        248 bytes,        248 total
- age   7:         16 bytes,        264 total
- age  13:         16 bytes,        280 total
: 872K->0K(960K), 0.0009522 secs] 8461K->7660K(10176K), 0.0013786 secs] [Times: user=0.00 sys=0.00, real=0.00 secs] 
2019-01-02T11:13:16.942+0530: 864.844: [GC (Allocation Failure) 2019-01-02T11:13:16.943+0530: 864.844: [DefNew
Desired survivor size 32768 bytes, new threshold 15 (max 15)
- age   2:        184 bytes,        184 total
- age   8:         16 bytes,        200 total
- age  14:         16 bytes,        216 total
: 896K->0K(960K), 0.0004550 secs] 8556K->7948K(10176K), 0.0006899 secs] [Times: user=0.00 sys=0.00, real=0.00 secs] 
2019-01-02T11:13:16.944+0530: 864.846: [GC (Allocation Failure) 2019-01-02T11:13:16.945+0530: 864.846: [DefNew
Desired survivor size 32768 bytes, new threshold 15 (max 15)
- age   3:        184 bytes,        184 total
- age   9:         16 bytes,        200 total
- age  15:         16 bytes,        216 total
: 896K->0K(960K), 0.0007463 secs] 8844K->8524K(10176K), 0.0008752 secs] [Times: user=0.00 sys=0.00, real=0.00 secs] 
2019-01-02T11:13:16.947+0530: 864.848: [GC (Allocation Failure) 2019-01-02T11:13:16.947+0530: 864.849: [DefNew
Desired survivor size 32768 bytes, new threshold 15 (max 15)
- age   1:         24 bytes,         24 total
- age   4:        184 bytes,        208 total
- age  10:         16 bytes,        224 total
: 479K->0K(960K), 0.0005793 secs] 9004K->8524K(10176K), 0.0007737 secs] [Times: user=0.00 sys=0.00, real=0.00 secs] 
2019-01-02T11:13:16.948+0530: 864.850: [GC (Allocation Failure) 2019-01-02T11:13:16.948+0530: 864.850: [DefNew
Desired survivor size 32768 bytes, new threshold 15 (max 15)
- age   2:         24 bytes,         24 total
- age   5:        184 bytes,        208 total
- age  11:         16 bytes,        224 total
: 502K->0K(960K), 0.0003455 secs] 9026K->9026K(10176K), 0.0004174 secs] [Times: user=0.00 sys=0.00, real=0.00 secs] 
2019-01-02T11:13:16.949+0530: 864.850: [GC (Allocation Failure) 2019-01-02T11:13:16.949+0530: 864.850: [DefNew: 519K->519K(960K), 0.0000279 secs]2019-01-02T11:13:16.949+0530: 864.851: [Tenured: 9026K->1267K(9216K), 0.0038007 secs] 9546K->1267K(10176K), [Metaspace: 2520K->2520K(1056768K)], 0.0039523 secs] [Times: user=0.00 sys=0.00, real=0.00 secs] 
2019-01-02T11:13:17.008+0530: 864.910: [GC (Allocation Failure) 2019-01-02T11:13:17.009+0530: 864.910: [DefNew
Desired survivor size 32768 bytes, new threshold 15 (max 15)
- age   1:        248 bytes,        248 total
: 872K->0K(960K), 0.0007572 secs] 2140K->1842K(10176K), 0.0010246 secs] [Times: user=0.00 sys=0.00, real=0.00 secs] 
2019-01-02T11:13:17.011+0530: 864.913: [GC (Allocation Failure) 2019-01-02T11:13:17.011+0530: 864.913: [DefNew
Desired survivor size 32768 bytes, new threshold 15 (max 15)
- age   2:        184 bytes,        184 total
: 896K->0K(960K), 0.0009094 secs] 2738K->2130K(10176K), 0.0011004 secs] [Times: user=0.00 sys=0.00, real=0.00 secs] 
2019-01-02T11:13:17.014+0530: 864.915: [GC (Allocation Failure) 2019-01-02T11:13:17.014+0530: 864.916: [DefNew
Desired survivor size 32768 bytes, new threshold 15 (max 15)
- age   3:        184 bytes,        184 total
: 896K->0K(960K), 0.0011683 secs] 3026K->2706K(10176K), 0.0013912 secs] [Times: user=0.00 sys=0.00, real=0.00 secs] 
2019-01-02T11:13:17.017+0530: 864.918: [GC (Allocation Failure) 2019-01-02T11:13:17.017+0530: 864.918: [DefNew
Desired survivor size 32768 bytes, new threshold 15 (max 15)
- age   1:         24 bytes,         24 total
- age   4:        184 bytes,        208 total
: 479K->0K(960K), 0.0002925 secs] 3185K->2706K(10176K), 0.0003888 secs] [Times: user=0.00 sys=0.00, real=0.00 secs] 
2019-01-02T11:13:17.018+0530: 864.919: [GC (Allocation Failure) 2019-01-02T11:13:17.018+0530: 864.919: [DefNew
Desired survivor size 32768 bytes, new threshold 15 (max 15)
- age   2:         24 bytes,         24 total
- age   5:        184 bytes,        208 total
: 502K->0K(960K), 0.0003353 secs] 3207K->3207K(10176K), 0.0004077 secs] [Times: user=0.00 sys=0.00, real=0.00 secs] 
2019-01-02T11:13:17.018+0530: 864.920: [GC (Allocation Failure) 2019-01-02T11:13:17.018+0530: 864.920: [DefNew
Desired survivor size 32768 bytes, new threshold 15 (max 15)
- age   1:         24 bytes,         24 total
- age   6:         72 bytes,         96 total
: 519K->0K(960K), 0.0003387 secs] 3727K->3709K(10176K), 0.0004099 secs] [Times: user=0.00 sys=0.00, real=0.00 secs] 
2019-01-02T11:13:17.077+0530: 864.979: [GC (Allocation Failure) 2019-01-02T11:13:17.077+0530: 864.979: [DefNew
Desired survivor size 32768 bytes, new threshold 15 (max 15)
- age   1:        248 bytes,        248 total
- age   7:         16 bytes,        264 total
: 873K->0K(960K), 0.0008290 secs] 4582K->3781K(10176K), 0.0010274 secs] [Times: user=0.00 sys=0.02, real=0.00 secs] 
2019-01-02T11:13:17.080+0530: 864.982: [GC (Allocation Failure) 2019-01-02T11:13:17.080+0530: 864.982: [DefNew
Desired survivor size 32768 bytes, new threshold 15 (max 15)
- age   2:        184 bytes,        184 total
- age   8:         16 bytes,        200 total
: 896K->0K(960K), 0.0010183 secs] 4677K->4069K(10176K), 0.0012350 secs] [Times: user=0.00 sys=0.00, real=0.00 secs] 
2019-01-02T11:13:17.083+0530: 864.984: [GC (Allocation Failure) 2019-01-02T11:13:17.083+0530: 864.984: [DefNew
Desired survivor size 32768 bytes, new threshold 15 (max 15)
- age   3:        184 bytes,        184 total
- age   9:         16 bytes,        200 total
: 896K->0K(960K), 0.0008843 secs] 4965K->4645K(10176K), 0.0010725 secs] [Times: user=0.00 sys=0.00, real=0.00 secs] 
2019-01-02T11:13:17.085+0530: 864.986: [GC (Allocation Failure) 2019-01-02T11:13:17.085+0530: 864.986: [DefNew
Desired survivor size 32768 bytes, new threshold 15 (max 15)
- age   1:         24 bytes,         24 total
- age   4:        184 bytes,        208 total
- age  10:         16 bytes,        224 total
: 479K->0K(960K), 0.0002646 secs] 5125K->4645K(10176K), 0.0003375 secs] [Times: user=0.00 sys=0.00, real=0.00 secs] 
2019-01-02T11:13:17.086+0530: 864.987: [GC (Allocation Failure) 2019-01-02T11:13:17.086+0530: 864.987: [DefNew
Desired survivor size 32768 bytes, new threshold 15 (max 15)
- age   2:         24 bytes,         24 total
- age   5:        184 bytes,        208 total
- age  11:         16 bytes,        224 total
: 502K->0K(960K), 0.0003358 secs] 5147K->5147K(10176K), 0.0004094 secs] [Times: user=0.00 sys=0.00, real=0.00 secs] 
2019-01-02T11:13:17.086+0530: 864.988: [GC (Allocation Failure) 2019-01-02T11:13:17.086+0530: 864.988: [DefNew
Desired survivor size 32768 bytes, new threshold 15 (max 15)
- age   1:         24 bytes,         24 total
- age   6:         72 bytes,         96 total
- age  12:         16 bytes,        112 total
: 519K->0K(960K), 0.0003313 secs] 5667K->5649K(10176K), 0.0004020 secs] [Times: user=0.00 sys=0.00, real=0.00 secs] 
2019-01-02T11:13:17.143+0530: 865.045: [GC (Allocation Failure) 2019-01-02T11:13:17.143+0530: 865.045: [DefNew
Desired survivor size 32768 bytes, new threshold 15 (max 15)
- age   1:        248 bytes,        248 total
- age   7:         16 bytes,        264 total
- age  13:         16 bytes,        280 total
: 873K->0K(960K), 0.0006346 secs] 6522K->5721K(10176K), 0.0008056 secs] [Times: user=0.00 sys=0.00, real=0.00 secs] 
2019-01-02T11:13:17.145+0530: 865.047: [GC (Allocation Failure) 2019-01-02T11:13:17.146+0530: 865.047: [DefNew
Desired survivor size 32768 bytes, new threshold 15 (max 15)
- age   2:        184 bytes,        184 total
- age   8:         16 bytes,        200 total
- age  14:         16 bytes,        216 total
: 896K->0K(960K), 0.0011985 secs] 6617K->6009K(10176K), 0.0014157 secs] [Times: user=0.00 sys=0.00, real=0.00 secs] 
2019-01-02T11:13:17.149+0530: 865.050: [GC (Allocation Failure) 2019-01-02T11:13:17.149+0530: 865.050: [DefNew
Desired survivor size 32768 bytes, new threshold 15 (max 15)
- age   3:        184 bytes,        184 total
- age   9:         16 bytes,        200 total
- age  15:         16 bytes,        216 total
: 896K->0K(960K), 0.0012772 secs] 6905K->6585K(10176K), 0.0015902 secs] [Times: user=0.00 sys=0.00, real=0.00 secs] 
2019-01-02T11:13:17.152+0530: 865.053: [GC (Allocation Failure) 2019-01-02T11:13:17.152+0530: 865.053: [DefNew
Desired survivor size 32768 bytes, new threshold 15 (max 15)
- age   1:         24 bytes,         24 total
- age   4:        184 bytes,        208 total
- age  10:         16 bytes,        224 total
: 479K->0K(960K), 0.0002651 secs] 7065K->6585K(10176K), 0.0003472 secs] [Times: user=0.00 sys=0.00, real=0.00 secs] 
2019-01-02T11:13:17.152+0530: 865.054: [GC (Allocation Failure) 2019-01-02T11:13:17.152+0530: 865.054: [DefNew
Desired survivor size 32768 bytes, new threshold 15 (max 15)
- age   2:         24 bytes,         24 total
- age   5:        184 bytes,        208 total
- age  11:         16 bytes,        224 total
: 502K->0K(960K), 0.0003478 secs] 7087K->7087K(10176K), 0.0004202 secs] [Times: user=0.00 sys=0.00, real=0.00 secs] 
2019-01-02T11:13:17.153+0530: 865.055: [GC (Allocation Failure) 2019-01-02T11:13:17.153+0530: 865.055: [DefNew
Desired survivor size 32768 bytes, new threshold 15 (max 15)
- age   1:         24 bytes,         24 total
- age   6:         72 bytes,         96 total
- age  12:         16 bytes,        112 total
: 519K->0K(960K), 0.0003261 secs] 7607K->7589K(10176K), 0.0004065 secs] [Times: user=0.00 sys=0.00, real=0.00 secs] 
2019-01-02T11:13:17.214+0530: 865.115: [GC (Allocation Failure) 2019-01-02T11:13:17.214+0530: 865.116: [DefNew
Desired survivor size 32768 bytes, new threshold 15 (max 15)
- age   1:        248 bytes,        248 total
- age   7:         16 bytes,        264 total
- age  13:         16 bytes,        280 total
: 873K->0K(960K), 0.0010679 secs] 8462K->7661K(10176K), 0.0014300 secs] [Times: user=0.00 sys=0.00, real=0.00 secs] 
2019-01-02T11:13:17.217+0530: 865.119: [GC (Allocation Failure) 2019-01-02T11:13:17.217+0530: 865.119: [DefNew
Desired survivor size 32768 bytes, new threshold 15 (max 15)
- age   2:        184 bytes,        184 total
- age   8:         16 bytes,        200 total
- age  14:         16 bytes,        216 total
: 896K->0K(960K), 0.0009066 secs] 8557K->7949K(10176K), 0.0011477 secs] [Times: user=0.00 sys=0.00, real=0.00 secs] 
2019-01-02T11:13:17.220+0530: 865.122: [GC (Allocation Failure) 2019-01-02T11:13:17.220+0530: 865.122: [DefNew
Desired survivor size 32768 bytes, new threshold 15 (max 15)
- age   3:        184 bytes,        184 total
- age   9:         16 bytes,        200 total
- age  15:         16 bytes,        216 total
: 896K->0K(960K), 0.0008900 secs] 8845K->8525K(10176K), 0.0010286 secs] [Times: user=0.00 sys=0.00, real=0.00 secs] 
2019-01-02T11:13:17.222+0530: 865.124: [GC (Allocation Failure) 2019-01-02T11:13:17.222+0530: 865.124: [DefNew
Desired survivor size 32768 bytes, new threshold 15 (max 15)
- age   1:         24 bytes,         24 total
- age   4:        184 bytes,        208 total
- age  10:         16 bytes,        224 total
: 479K->0K(960K), 0.0010183 secs] 9005K->8525K(10176K), 0.0011734 secs] [Times: user=0.00 sys=0.00, real=0.00 secs] 
2019-01-02T11:13:17.224+0530: 865.126: [GC (Allocation Failure) 2019-01-02T11:13:17.224+0530: 865.126: [DefNew
Desired survivor size 32768 bytes, new threshold 15 (max 15)
- age   2:         24 bytes,         24 total
- age   5:        184 bytes,        208 total
- age  11:         16 bytes,        224 total
: 502K->0K(960K), 0.0003854 secs] 9027K->9027K(10176K), 0.0004595 secs] [Times: user=0.00 sys=0.00, real=0.00 secs] 
2019-01-02T11:13:17.225+0530: 865.127: [GC (Allocation Failure) 2019-01-02T11:13:17.225+0530: 865.127: [DefNew: 519K->519K(960K), 0.0000422 secs]2019-01-02T11:13:17.225+0530: 865.127: [Tenured: 9027K->1268K(9216K), 0.0056571 secs] 9546K->1268K(10176K), [Metaspace: 2520K->2520K(1056768K)], 0.0058675 secs] [Times: user=0.00 sys=0.00, real=0.01 secs] 
2019-01-02T11:13:17.287+0530: 865.188: [GC (Allocation Failure) 2019-01-02T11:13:17.287+0530: 865.189: [DefNew
Desired survivor size 32768 bytes, new threshold 15 (max 15)
- age   1:        248 bytes,        248 total
: 872K->0K(960K), 0.0008684 secs] 2141K->1842K(10176K), 0.0012960 secs] [Times: user=0.00 sys=0.00, real=0.00 secs] 
2019-01-02T11:13:17.290+0530: 865.192: [GC (Allocation Failure) 2019-01-02T11:13:17.290+0530: 865.192: [DefNew
Desired survivor size 32768 bytes, new threshold 15 (max 15)
- age   2:        184 bytes,        184 total
: 896K->0K(960K), 0.0006665 secs] 2738K->2130K(10176K), 0.0008575 secs] [Times: user=0.00 sys=0.00, real=0.00 secs] 
2019-01-02T11:13:17.292+0530: 865.194: [GC (Allocation Failure) 2019-01-02T11:13:17.292+0530: 865.194: [DefNew
Desired survivor size 32768 bytes, new threshold 15 (max 15)
- age   3:        184 bytes,        184 total
: 896K->0K(960K), 0.0007623 secs] 3026K->2706K(10176K), 0.0008672 secs] [Times: user=0.00 sys=0.00, real=0.00 secs] 
2019-01-02T11:13:17.294+0530: 865.196: [GC (Allocation Failure) 2019-01-02T11:13:17.294+0530: 865.196: [DefNew
Desired survivor size 32768 bytes, new threshold 15 (max 15)
- age   1:         24 bytes,         24 total
- age   4:        184 bytes,        208 total
: 479K->0K(960K), 0.0004670 secs] 3186K->2706K(10176K), 0.0005856 secs] [Times: user=0.00 sys=0.00, real=0.00 secs] 
2019-01-02T11:13:17.296+0530: 865.197: [GC (Allocation Failure) 2019-01-02T11:13:17.296+0530: 865.197: [DefNew
Desired survivor size 32768 bytes, new threshold 15 (max 15)
- age   2:         24 bytes,         24 total
- age   5:        184 bytes,        208 total
: 502K->0K(960K), 0.0005804 secs] 3208K->3208K(10176K), 0.0007577 secs] [Times: user=0.00 sys=0.00, real=0.00 secs] 
2019-01-02T11:13:17.297+0530: 865.198: [GC (Allocation Failure) 2019-01-02T11:13:17.297+0530: 865.198: [DefNew
Desired survivor size 32768 bytes, new threshold 15 (max 15)
- age   1:         24 bytes,         24 total
- age   6:         72 bytes,         96 total
: 519K->0K(960K), 0.0003227 secs] 3727K->3710K(10176K), 0.0003946 secs] [Times: user=0.00 sys=0.00, real=0.00 secs] 
2019-01-02T11:13:17.354+0530: 865.256: [GC (Allocation Failure) 2019-01-02T11:13:17.354+0530: 865.256: [DefNew
Desired survivor size 32768 bytes, new threshold 15 (max 15)
- age   1:        248 bytes,        248 total
- age   7:         16 bytes,        264 total
: 873K->0K(960K), 0.0012589 secs] 4583K->3782K(10176K), 0.0014989 secs] [Times: user=0.00 sys=0.00, real=0.00 secs] 
2019-01-02T11:13:17.358+0530: 865.259: [GC (Allocation Failure) 2019-01-02T11:13:17.358+0530: 865.259: [DefNew
Desired survivor size 32768 bytes, new threshold 15 (max 15)
- age   2:        184 bytes,        184 total
- age   8:         16 bytes,        200 total
: 896K->0K(960K), 0.0013022 secs] 4678K->4070K(10176K), 0.0015360 secs] [Times: user=0.02 sys=0.00, real=0.00 secs] 
2019-01-02T11:13:17.361+0530: 865.262: [GC (Allocation Failure) 2019-01-02T11:13:17.361+0530: 865.262: [DefNew
Desired survivor size 32768 bytes, new threshold 15 (max 15)
- age   3:        184 bytes,        184 total
- age   9:         16 bytes,        200 total
: 896K->0K(960K), 0.0009368 secs] 4966K->4646K(10176K), 0.0011335 secs] [Times: user=0.00 sys=0.00, real=0.00 secs] 
2019-01-02T11:13:17.363+0530: 865.265: [GC (Allocation Failure) 2019-01-02T11:13:17.364+0530: 865.265: [DefNew
Desired survivor size 32768 bytes, new threshold 15 (max 15)
- age   1:         24 bytes,         24 total
- age   4:        184 bytes,        208 total
- age  10:         16 bytes,        224 total
: 479K->0K(960K), 0.0007241 secs] 5125K->4646K(10176K), 0.0008997 secs] [Times: user=0.00 sys=0.00, real=0.00 secs] 
2019-01-02T11:13:17.365+0530: 865.266: [GC (Allocation Failure) 2019-01-02T11:13:17.365+0530: 865.266: [DefNew
Desired survivor size 32768 bytes, new threshold 15 (max 15)
- age   2:         24 bytes,         24 total
- age   5:        184 bytes,        208 total
- age  11:         16 bytes,        224 total
: 502K->0K(960K), 0.0003495 secs] 5148K->5148K(10176K), 0.0004094 secs] [Times: user=0.00 sys=0.00, real=0.00 secs] 
2019-01-02T11:13:17.366+0530: 865.267: [GC (Allocation Failure) 2019-01-02T11:13:17.366+0530: 865.267: [DefNew
Desired survivor size 32768 bytes, new threshold 15 (max 15)
- age   1:         24 bytes,         24 total
- age   6:         72 bytes,         96 total
- age  12:         16 bytes,        112 total
: 519K->0K(960K), 0.0003267 secs] 5667K->5650K(10176K), 0.0003837 secs] [Times: user=0.00 sys=0.00, real=0.00 secs] 
2019-01-02T11:13:17.423+0530: 865.325: [GC (Allocation Failure) 2019-01-02T11:13:17.423+0530: 865.325: [DefNew
Desired survivor size 32768 bytes, new threshold 15 (max 15)
- age   1:        248 bytes,        248 total
- age   7:         16 bytes,        264 total
- age  13:         16 bytes,        280 total
: 873K->0K(960K), 0.0012954 secs] 6523K->5722K(10176K), 0.0015001 secs] [Times: user=0.00 sys=0.00, real=0.00 secs] 
2019-01-02T11:13:17.427+0530: 865.328: [GC (Allocation Failure) 2019-01-02T11:13:17.427+0530: 865.328: [DefNew
Desired survivor size 32768 bytes, new threshold 15 (max 15)
- age   2:        184 bytes,        184 total
- age   8:         16 bytes,        200 total
- age  14:         16 bytes,        216 total
: 896K->0K(960K), 0.0006078 secs] 6618K->6010K(10176K), 0.0007338 secs] [Times: user=0.00 sys=0.00, real=0.00 secs] 
2019-01-02T11:13:17.428+0530: 865.330: [GC (Allocation Failure) 2019-01-02T11:13:17.428+0530: 865.330: [DefNew
Desired survivor size 32768 bytes, new threshold 15 (max 15)
- age   3:        184 bytes,        184 total
- age   9:         16 bytes,        200 total
- age  15:         16 bytes,        216 total
: 896K->0K(960K), 0.0006671 secs] 6906K->6586K(10176K), 0.0007475 secs] [Times: user=0.00 sys=0.00, real=0.00 secs] 
2019-01-02T11:13:17.431+0530: 865.332: [GC (Allocation Failure) 2019-01-02T11:13:17.431+0530: 865.332: [DefNew
Desired survivor size 32768 bytes, new threshold 15 (max 15)
- age   1:         24 bytes,         24 total
- age   4:        184 bytes,        208 total
- age  10:         16 bytes,        224 total
: 479K->0K(960K), 0.0006021 secs] 7065K->6586K(10176K), 0.0007104 secs] [Times: user=0.00 sys=0.00, real=0.00 secs] 
2019-01-02T11:13:17.432+0530: 865.333: [GC (Allocation Failure) 2019-01-02T11:13:17.432+0530: 865.333: [DefNew
Desired survivor size 32768 bytes, new threshold 15 (max 15)
- age   2:         24 bytes,         24 total
- age   5:        184 bytes,        208 total
- age  11:         16 bytes,        224 total
: 502K->0K(960K), 0.0003085 secs] 7088K->7088K(10176K), 0.0003621 secs] [Times: user=0.00 sys=0.00, real=0.00 secs] 
2019-01-02T11:13:17.432+0530: 865.334: [GC (Allocation Failure) 2019-01-02T11:13:17.432+0530: 865.334: [DefNew
Desired survivor size 32768 bytes, new threshold 15 (max 15)
- age   1:         24 bytes,         24 total
- age   6:         72 bytes,         96 total
- age  12:         16 bytes,        112 total
: 519K->0K(960K), 0.0003062 secs] 7607K->7590K(10176K), 0.0003569 secs] [Times: user=0.00 sys=0.00, real=0.00 secs] 
2019-01-02T11:13:17.486+0530: 865.388: [GC (Allocation Failure) 2019-01-02T11:13:17.486+0530: 865.388: [DefNew
Desired survivor size 32768 bytes, new threshold 15 (max 15)
- age   1:        248 bytes,        248 total
- age   7:         16 bytes,        264 total
- age  13:         16 bytes,        280 total
: 873K->0K(960K), 0.0010058 secs] 8463K->7662K(10176K), 0.0014237 secs] [Times: user=0.00 sys=0.00, real=0.00 secs] 
2019-01-02T11:13:17.490+0530: 865.391: [GC (Allocation Failure) 2019-01-02T11:13:17.490+0530: 865.391: [DefNew
Desired survivor size 32768 bytes, new threshold 15 (max 15)
- age   2:        184 bytes,        184 total
- age   8:         16 bytes,        200 total
- age  14:         16 bytes,        216 total
: 896K->0K(960K), 0.0009100 secs] 8558K->7950K(10176K), 0.0011557 secs] [Times: user=0.00 sys=0.00, real=0.00 secs] 
2019-01-02T11:13:17.492+0530: 865.394: [GC (Allocation Failure) 2019-01-02T11:13:17.493+0530: 865.394: [DefNew
Desired survivor size 32768 bytes, new threshold 15 (max 15)
- age   3:        184 bytes,        184 total
- age   9:         16 bytes,        200 total
- age  15:         16 bytes,        216 total
: 896K->0K(960K), 0.0005627 secs] 8846K->8526K(10176K), 0.0007041 secs] [Times: user=0.00 sys=0.00, real=0.00 secs] 
2019-01-02T11:13:17.494+0530: 865.396: [GC (Allocation Failure) 2019-01-02T11:13:17.494+0530: 865.396: [DefNew
Desired survivor size 32768 bytes, new threshold 15 (max 15)
- age   1:         24 bytes,         24 total
- age   4:        184 bytes,        208 total
- age  10:         16 bytes,        224 total
: 479K->0K(960K), 0.0004932 secs] 9005K->8526K(10176K), 0.0006141 secs] [Times: user=0.00 sys=0.00, real=0.00 secs] 
2019-01-02T11:13:17.496+0530: 865.397: [GC (Allocation Failure) 2019-01-02T11:13:17.496+0530: 865.397: [DefNew
Desired survivor size 32768 bytes, new threshold 15 (max 15)
- age   2:         24 bytes,         24 total
- age   5:        184 bytes,        208 total
- age  11:         16 bytes,        224 total
: 502K->0K(960K), 0.0008148 secs] 9028K->9028K(10176K), 0.0009128 secs] [Times: user=0.00 sys=0.00, real=0.00 secs] 
2019-01-02T11:13:17.497+0530: 865.399: [GC (Allocation Failure) 2019-01-02T11:13:17.497+0530: 865.399: [DefNew: 519K->519K(960K), 0.0000279 secs]2019-01-02T11:13:17.497+0530: 865.399: [Tenured: 9028K->1268K(9216K), 0.0037556 secs] 9547K->1268K(10176K), [Metaspace: 2520K->2520K(1056768K)], 0.0039067 secs] [Times: user=0.02 sys=0.00, real=0.00 secs] 
2019-01-02T11:13:17.556+0530: 865.458: [GC (Allocation Failure) 2019-01-02T11:13:17.557+0530: 865.458: [DefNew
Desired survivor size 32768 bytes, new threshold 15 (max 15)
- age   1:        248 bytes,        248 total
: 873K->0K(960K), 0.0016090 secs] 2141K->1842K(10176K), 0.0019095 secs] [Times: user=0.00 sys=0.00, real=0.00 secs] 
2019-01-02T11:13:17.562+0530: 865.463: [GC (Allocation Failure) 2019-01-02T11:13:17.562+0530: 865.464: [DefNew
Desired survivor size 32768 bytes, new threshold 15 (max 15)
- age   2:        184 bytes,        184 total
: 896K->0K(960K), 0.0007931 secs] 2738K->2130K(10176K), 0.0011580 secs] [Times: user=0.00 sys=0.00, real=0.00 secs] 
2019-01-02T11:13:17.564+0530: 865.466: [GC (Allocation Failure) 2019-01-02T11:13:17.564+0530: 865.466: [DefNew
Desired survivor size 32768 bytes, new threshold 15 (max 15)
- age   3:        184 bytes,        184 total
: 896K->0K(960K), 0.0009402 secs] 3026K->2706K(10176K), 0.0010303 secs] [Times: user=0.00 sys=0.00, real=0.00 secs] 
2019-01-02T11:13:17.566+0530: 865.468: [GC (Allocation Failure) 2019-01-02T11:13:17.566+0530: 865.468: [DefNew
Desired survivor size 32768 bytes, new threshold 15 (max 15)
- age   1:         24 bytes,         24 total
- age   4:        184 bytes,        208 total
: 479K->0K(960K), 0.0002440 secs] 3186K->2706K(10176K), 0.0003147 secs] [Times: user=0.00 sys=0.00, real=0.00 secs] 
2019-01-02T11:13:17.567+0530: 865.469: [GC (Allocation Failure) 2019-01-02T11:13:17.567+0530: 865.469: [DefNew
Desired survivor size 32768 bytes, new threshold 15 (max 15)
- age   2:         24 bytes,         24 total
- age   5:        184 bytes,        208 total
: 502K->0K(960K), 0.0003085 secs] 3208K->3208K(10176K), 0.0003780 secs] [Times: user=0.00 sys=0.00, real=0.00 secs] 
2019-01-02T11:13:17.568+0530: 865.469: [GC (Allocation Failure) 2019-01-02T11:13:17.568+0530: 865.469: [DefNew
Desired survivor size 32768 bytes, new threshold 15 (max 15)
- age   1:         24 bytes,         24 total
- age   6:         72 bytes,         96 total
: 519K->0K(960K), 0.0003107 secs] 3728K->3710K(10176K), 0.0003803 secs] [Times: user=0.00 sys=0.00, real=0.00 secs] 
2019-01-02T11:13:17.645+0530: 865.546: [GC (Allocation Failure) 2019-01-02T11:13:17.645+0530: 865.546: [DefNew
Desired survivor size 32768 bytes, new threshold 15 (max 15)
- age   1:        248 bytes,        248 total
- age   7:         16 bytes,        264 total
: 873K->0K(960K), 0.0007623 secs] 4583K->3782K(10176K), 0.0012811 secs] [Times: user=0.00 sys=0.00, real=0.00 secs] 
2019-01-02T11:13:17.649+0530: 865.551: [GC (Allocation Failure) 2019-01-02T11:13:17.649+0530: 865.551: [DefNew
Desired survivor size 32768 bytes, new threshold 15 (max 15)
- age   2:        184 bytes,        184 total
- age   8:         16 bytes,        200 total
: 896K->0K(960K), 0.0021444 secs] 4678K->4070K(10176K), 0.0024352 secs] [Times: user=0.00 sys=0.00, real=0.00 secs] 
2019-01-02T11:13:17.654+0530: 865.555: [GC (Allocation Failure) 2019-01-02T11:13:17.654+0530: 865.555: [DefNew
Desired survivor size 32768 bytes, new threshold 15 (max 15)
- age   3:        184 bytes,        184 total
- age   9:         16 bytes,        200 total
: 896K->0K(960K), 0.0005650 secs] 4966K->4646K(10176K), 0.0006751 secs] [Times: user=0.00 sys=0.00, real=0.00 secs] 
2019-01-02T11:13:17.656+0530: 865.557: [GC (Allocation Failure) 2019-01-02T11:13:17.656+0530: 865.557: [DefNew
Desired survivor size 32768 bytes, new threshold 15 (max 15)
- age   1:         24 bytes,         24 total
- age   4:        184 bytes,        208 total
- age  10:         16 bytes,        224 total
: 479K->0K(960K), 0.0003786 secs] 5126K->4646K(10176K), 0.0004869 secs] [Times: user=0.00 sys=0.00, real=0.00 secs] 
2019-01-02T11:13:17.657+0530: 865.558: [GC (Allocation Failure) 2019-01-02T11:13:17.657+0530: 865.558: [DefNew
Desired survivor size 32768 bytes, new threshold 15 (max 15)
- age   2:         24 bytes,         24 total
- age   5:        184 bytes,        208 total
- age  11:         16 bytes,        224 total
: 502K->0K(960K), 0.0004658 secs] 5148K->5148K(10176K), 0.0005599 secs] [Times: user=0.00 sys=0.00, real=0.00 secs] 
2019-01-02T11:13:17.658+0530: 865.559: [GC (Allocation Failure) 2019-01-02T11:13:17.658+0530: 865.559: [DefNew
Desired survivor size 32768 bytes, new threshold 15 (max 15)
- age   1:         24 bytes,         24 total
- age   6:         72 bytes,         96 total
- age  12:         16 bytes,        112 total
: 519K->0K(960K), 0.0004191 secs] 5668K->5650K(10176K), 0.0004938 secs] [Times: user=0.00 sys=0.00, real=0.00 secs] 
2019-01-02T11:13:17.734+0530: 865.636: [GC (Allocation Failure) 2019-01-02T11:13:17.734+0530: 865.636: [DefNew
Desired survivor size 32768 bytes, new threshold 15 (max 15)
- age   1:        248 bytes,        248 total
- age   7:         16 bytes,        264 total
- age  13:         16 bytes,        280 total
: 873K->0K(960K), 0.0010639 secs] 6523K->5722K(10176K), 0.0016392 secs] [Times: user=0.00 sys=0.00, real=0.00 secs] 
2019-01-02T11:13:17.738+0530: 865.640: [GC (Allocation Failure) 2019-01-02T11:13:17.738+0530: 865.640: [DefNew
Desired survivor size 32768 bytes, new threshold 15 (max 15)
- age   2:        184 bytes,        184 total
- age   8:         16 bytes,        200 total
- age  14:         16 bytes,        216 total
: 896K->0K(960K), 0.0010069 secs] 6618K->6010K(10176K), 0.0013484 secs] [Times: user=0.00 sys=0.00, real=0.00 secs] 
2019-01-02T11:13:17.742+0530: 865.643: [GC (Allocation Failure) 2019-01-02T11:13:17.742+0530: 865.643: [DefNew
Desired survivor size 32768 bytes, new threshold 15 (max 15)
- age   3:        184 bytes,        184 total
- age   9:         16 bytes,        200 total
- age  15:         16 bytes,        216 total
: 896K->0K(960K), 0.0017299 secs] 6906K->6586K(10176K), 0.0020349 secs] [Times: user=0.00 sys=0.00, real=0.00 secs] 
2019-01-02T11:13:17.746+0530: 865.647: [GC (Allocation Failure) 2019-01-02T11:13:17.746+0530: 865.647: [DefNew
Desired survivor size 32768 bytes, new threshold 15 (max 15)
- age   1:         24 bytes,         24 total
- age   4:        184 bytes,        208 total
- age  10:         16 bytes,        224 total
: 479K->0K(960K), 0.0008712 secs] 7066K->6586K(10176K), 0.0010326 secs] [Times: user=0.00 sys=0.00, real=0.00 secs] 
2019-01-02T11:13:17.748+0530: 865.649: [GC (Allocation Failure) 2019-01-02T11:13:17.748+0530: 865.649: [DefNew
Desired survivor size 32768 bytes, new threshold 15 (max 15)
- age   2:         24 bytes,         24 total
- age   5:        184 bytes,        208 total
- age  11:         16 bytes,        224 total
: 502K->0K(960K), 0.0007834 secs] 7088K->7088K(10176K), 0.0008957 secs] [Times: user=0.00 sys=0.00, real=0.00 secs] 
2019-01-02T11:13:17.749+0530: 865.651: [GC (Allocation Failure) 2019-01-02T11:13:17.749+0530: 865.651: [DefNew
Desired survivor size 32768 bytes, new threshold 15 (max 15)
- age   1:         24 bytes,         24 total
- age   6:         72 bytes,         96 total
- age  12:         16 bytes,        112 total
: 519K->0K(960K), 0.0006962 secs] 7608K->7590K(10176K), 0.0007862 secs] [Times: user=0.00 sys=0.00, real=0.00 secs] 
2019-01-02T11:13:17.812+0530: 865.713: [GC (Allocation Failure) 2019-01-02T11:13:17.812+0530: 865.714: [DefNew
Desired survivor size 32768 bytes, new threshold 15 (max 15)
- age   1:        248 bytes,        248 total
- age   7:         16 bytes,        264 total
- age  13:         16 bytes,        280 total
: 873K->0K(960K), 0.0007703 secs] 8463K->7663K(10176K), 0.0012424 secs] [Times: user=0.00 sys=0.00, real=0.00 secs] 
2019-01-02T11:13:17.815+0530: 865.716: [GC (Allocation Failure) 2019-01-02T11:13:17.815+0530: 865.717: [DefNew
Desired survivor size 32768 bytes, new threshold 15 (max 15)
- age   2:        184 bytes,        184 total
- age   8:         16 bytes,        200 total
- age  14:         16 bytes,        216 total
: 896K->0K(960K), 0.0008148 secs] 8559K->7950K(10176K), 0.0010365 secs] [Times: user=0.00 sys=0.00, real=0.00 secs] 
2019-01-02T11:13:17.818+0530: 865.719: [GC (Allocation Failure) 2019-01-02T11:13:17.818+0530: 865.719: [DefNew
Desired survivor size 32768 bytes, new threshold 15 (max 15)
- age   3:        184 bytes,        184 total
- age   9:         16 bytes,        200 total
- age  15:         16 bytes,        216 total
: 896K->0K(960K), 0.0006671 secs] 8846K->8526K(10176K), 0.0007954 secs] [Times: user=0.00 sys=0.00, real=0.00 secs] 
2019-01-02T11:13:17.820+0530: 865.721: [GC (Allocation Failure) 2019-01-02T11:13:17.820+0530: 865.721: [DefNew
Desired survivor size 32768 bytes, new threshold 15 (max 15)
- age   1:         24 bytes,         24 total
- age   4:        184 bytes,        208 total
- age  10:         16 bytes,        224 total
: 479K->0K(960K), 0.0002446 secs] 9006K->8527K(10176K), 0.0003056 secs] [Times: user=0.00 sys=0.00, real=0.00 secs] 
2019-01-02T11:13:17.821+0530: 865.722: [GC (Allocation Failure) 2019-01-02T11:13:17.821+0530: 865.722: [DefNew
Desired survivor size 32768 bytes, new threshold 15 (max 15)
- age   2:         24 bytes,         24 total
- age   5:        184 bytes,        208 total
- age  11:         16 bytes,        224 total
: 502K->0K(960K), 0.0003347 secs] 9029K->9029K(10176K), 0.0003991 secs] [Times: user=0.00 sys=0.00, real=0.00 secs] 
2019-01-02T11:13:17.821+0530: 865.723: [GC (Allocation Failure) 2019-01-02T11:13:17.821+0530: 865.723: [DefNew: 519K->519K(960K), 0.0000450 secs]2019-01-02T11:13:17.821+0530: 865.723: [Tenured: 9028K->1268K(9216K), 0.0037511 secs] 9548K->1268K(10176K), [Metaspace: 2520K->2520K(1056768K)], 0.0039449 secs] [Times: user=0.00 sys=0.00, real=0.00 secs] 
2019-01-02T11:13:17.888+0530: 865.789: [GC (Allocation Failure) 2019-01-02T11:13:17.888+0530: 865.789: [DefNew
Desired survivor size 32768 bytes, new threshold 15 (max 15)
- age   1:        248 bytes,        248 total
: 873K->0K(960K), 0.0011631 secs] 2141K->1842K(10176K), 0.0015320 secs] [Times: user=0.00 sys=0.00, real=0.00 secs] 
2019-01-02T11:13:17.892+0530: 865.793: [GC (Allocation Failure) 2019-01-02T11:13:17.892+0530: 865.793: [DefNew
Desired survivor size 32768 bytes, new threshold 15 (max 15)
- age   2:        184 bytes,        184 total
: 896K->0K(960K), 0.0010919 secs] 2738K->2130K(10176K), 0.0013028 secs] [Times: user=0.00 sys=0.00, real=0.00 secs] 
2019-01-02T11:13:17.896+0530: 865.797: [GC (Allocation Failure) 2019-01-02T11:13:17.896+0530: 865.797: [DefNew
Desired survivor size 32768 bytes, new threshold 15 (max 15)
- age   3:        184 bytes,        184 total
: 896K->0K(960K), 0.0013085 secs] 3026K->2706K(10176K), 0.0016346 secs] [Times: user=0.00 sys=0.00, real=0.00 secs] 
2019-01-02T11:13:17.899+0530: 865.800: [GC (Allocation Failure) 2019-01-02T11:13:17.899+0530: 865.800: [DefNew
Desired survivor size 32768 bytes, new threshold 15 (max 15)
- age   1:         24 bytes,         24 total
- age   4:        184 bytes,        208 total
: 479K->0K(960K), 0.0005690 secs] 3186K->2706K(10176K), 0.0006808 secs] [Times: user=0.00 sys=0.00, real=0.00 secs] 
2019-01-02T11:13:17.900+0530: 865.801: [GC (Allocation Failure) 2019-01-02T11:13:17.900+0530: 865.801: [DefNew
Desired survivor size 32768 bytes, new threshold 15 (max 15)
- age   2:         24 bytes,         24 total
- age   5:        184 bytes,        208 total
: 502K->0K(960K), 0.0003136 secs] 3208K->3208K(10176K), 0.0003649 secs] [Times: user=0.00 sys=0.00, real=0.00 secs] 
2019-01-02T11:13:17.901+0530: 865.802: [GC (Allocation Failure) 2019-01-02T11:13:17.901+0530: 865.802: [DefNew
Desired survivor size 32768 bytes, new threshold 15 (max 15)
- age   1:         24 bytes,         24 total
- age   6:         72 bytes,         96 total
: 519K->0K(960K), 0.0004453 secs] 3728K->3710K(10176K), 0.0005302 secs] [Times: user=0.00 sys=0.00, real=0.00 secs] 
2019-01-02T11:13:17.960+0530: 865.861: [GC (Allocation Failure) 2019-01-02T11:13:17.960+0530: 865.861: [DefNew
Desired survivor size 32768 bytes, new threshold 15 (max 15)
- age   1:        248 bytes,        248 total
- age   7:         16 bytes,        264 total
: 873K->0K(960K), 0.0012065 secs] 4584K->3783K(10176K), 0.0014562 secs] [Times: user=0.00 sys=0.00, real=0.00 secs] 
2019-01-02T11:13:17.963+0530: 865.864: [GC (Allocation Failure) 2019-01-02T11:13:17.963+0530: 865.865: [DefNew
Desired survivor size 32768 bytes, new threshold 15 (max 15)
- age   2:        184 bytes,        184 total
- age   8:         16 bytes,        200 total
: 896K->0K(960K), 0.0008490 secs] 4679K->4071K(10176K), 0.0010605 secs] [Times: user=0.00 sys=0.00, real=0.00 secs] 
2019-01-02T11:13:17.966+0530: 865.867: [GC (Allocation Failure) 2019-01-02T11:13:17.966+0530: 865.867: [DefNew
Desired survivor size 32768 bytes, new threshold 15 (max 15)
- age   3:        184 bytes,        184 total
- age   9:         16 bytes,        200 total
: 896K->0K(960K), 0.0007167 secs] 4967K->4647K(10176K), 0.0008096 secs] [Times: user=0.00 sys=0.00, real=0.00 secs] 
2019-01-02T11:13:17.967+0530: 865.869: [GC (Allocation Failure) 2019-01-02T11:13:17.968+0530: 865.869: [DefNew
Desired survivor size 32768 bytes, new threshold 15 (max 15)
- age   1:         24 bytes,         24 total
- age   4:        184 bytes,        208 total
- age  10:         16 bytes,        224 total
: 479K->0K(960K), 0.0004903 secs] 5126K->4647K(10176K), 0.0005730 secs] [Times: user=0.00 sys=0.02, real=0.00 secs] 
2019-01-02T11:13:17.969+0530: 865.870: [GC (Allocation Failure) 2019-01-02T11:13:17.969+0530: 865.870: [DefNew
Desired survivor size 32768 bytes, new threshold 15 (max 15)
- age   2:         24 bytes,         24 total
- age   5:        184 bytes,        208 total
- age  11:         16 bytes,        224 total
: 502K->0K(960K), 0.0009664 secs] 5149K->5149K(10176K), 0.0010651 secs] [Times: user=0.00 sys=0.00, real=0.00 secs] 
2019-01-02T11:13:17.970+0530: 865.871: [GC (Allocation Failure) 2019-01-02T11:13:17.970+0530: 865.871: [DefNew
Desired survivor size 32768 bytes, new threshold 15 (max 15)
- age   1:         24 bytes,         24 total
- age   6:         72 bytes,         96 total
- age  12:         16 bytes,        112 total
: 519K->0K(960K), 0.0003233 secs] 5668K->5651K(10176K), 0.0003797 secs] [Times: user=0.00 sys=0.00, real=0.00 secs] 
2019-01-02T11:13:18.024+0530: 865.925: [GC (Allocation Failure) 2019-01-02T11:13:18.024+0530: 865.925: [DefNew
Desired survivor size 32768 bytes, new threshold 15 (max 15)
- age   1:        248 bytes,        248 total
- age   7:         16 bytes,        264 total
- age  13:         16 bytes,        280 total
: 873K->0K(960K), 0.0005593 secs] 6524K->5723K(10176K), 0.0010183 secs] [Times: user=0.00 sys=0.00, real=0.00 secs] 
2019-01-02T11:13:18.027+0530: 865.928: [GC (Allocation Failure) 2019-01-02T11:13:18.028+0530: 865.929: [DefNew
Desired survivor size 32768 bytes, new threshold 15 (max 15)
- age   2:        184 bytes,        184 total
- age   8:         16 bytes,        200 total
- age  14:         16 bytes,        216 total
: 896K->0K(960K), 0.0012333 secs] 6619K->6011K(10176K), 0.0015548 secs] [Times: user=0.00 sys=0.00, real=0.00 secs] 
2019-01-02T11:13:18.031+0530: 865.932: [GC (Allocation Failure) 2019-01-02T11:13:18.031+0530: 865.932: [DefNew
Desired survivor size 32768 bytes, new threshold 15 (max 15)
- age   3:        184 bytes,        184 total
- age   9:         16 bytes,        200 total
- age  15:         16 bytes,        216 total
: 896K->0K(960K), 0.0006836 secs] 6907K->6587K(10176K), 0.0007766 secs] [Times: user=0.00 sys=0.00, real=0.00 secs] 
2019-01-02T11:13:18.033+0530: 865.934: [GC (Allocation Failure) 2019-01-02T11:13:18.033+0530: 865.934: [DefNew
Desired survivor size 32768 bytes, new threshold 15 (max 15)
- age   1:         24 bytes,         24 total
- age   4:        184 bytes,        208 total
- age  10:         16 bytes,        224 total
: 479K->0K(960K), 0.0007908 secs] 7067K->6587K(10176K), 0.0009054 secs] [Times: user=0.00 sys=0.00, real=0.00 secs] 
2019-01-02T11:13:18.034+0530: 865.935: [GC (Allocation Failure) 2019-01-02T11:13:18.034+0530: 865.935: [DefNew
Desired survivor size 32768 bytes, new threshold 15 (max 15)
- age   2:         24 bytes,         24 total
- age   5:        184 bytes,        208 total
- age  11:         16 bytes,        224 total
: 502K->0K(960K), 0.0003529 secs] 7089K->7089K(10176K), 0.0004242 secs] [Times: user=0.00 sys=0.00, real=0.00 secs] 
2019-01-02T11:13:18.035+0530: 865.936: [GC (Allocation Failure) 2019-01-02T11:13:18.035+0530: 865.936: [DefNew
Desired survivor size 32768 bytes, new threshold 15 (max 15)
- age   1:         24 bytes,         24 total
- age   6:         72 bytes,         96 total
- age  12:         16 bytes,        112 total
: 519K->0K(960K), 0.0003256 secs] 7609K->7591K(10176K), 0.0003780 secs] [Times: user=0.00 sys=0.00, real=0.00 secs] 
2019-01-02T11:13:18.090+0530: 865.991: [GC (Allocation Failure) 2019-01-02T11:13:18.090+0530: 865.992: [DefNew
Desired survivor size 32768 bytes, new threshold 15 (max 15)
- age   1:        248 bytes,        248 total
- age   7:         16 bytes,        264 total
- age  13:         16 bytes,        280 total
: 873K->0K(960K), 0.0010160 secs] 8464K->7663K(10176K), 0.0013507 secs] [Times: user=0.00 sys=0.00, real=0.00 secs] 
2019-01-02T11:13:18.093+0530: 865.995: [GC (Allocation Failure) 2019-01-02T11:13:18.094+0530: 865.995: [DefNew
Desired survivor size 32768 bytes, new threshold 15 (max 15)
- age   2:        184 bytes,        184 total
- age   8:         16 bytes,        200 total
- age  14:         16 bytes,        216 total
: 896K->0K(960K), 0.0013558 secs] 8559K->7951K(10176K), 0.0016575 secs] [Times: user=0.00 sys=0.00, real=0.00 secs] 
2019-01-02T11:13:18.097+0530: 865.998: [GC (Allocation Failure) 2019-01-02T11:13:18.097+0530: 865.998: [DefNew
Desired survivor size 32768 bytes, new threshold 15 (max 15)
- age   3:        184 bytes,        184 total
- age   9:         16 bytes,        200 total
- age  15:         16 bytes,        216 total
: 896K->0K(960K), 0.0004196 secs] 8847K->8527K(10176K), 0.0005017 secs] [Times: user=0.00 sys=0.00, real=0.00 secs] 
2019-01-02T11:13:18.099+0530: 866.000: [GC (Allocation Failure) 2019-01-02T11:13:18.099+0530: 866.000: [DefNew
Desired survivor size 32768 bytes, new threshold 15 (max 15)
- age   1:         24 bytes,         24 total
- age   4:        184 bytes,        208 total
- age  10:         16 bytes,        224 total
: 479K->0K(960K), 0.0005325 secs] 9007K->8527K(10176K), 0.0006272 secs] [Times: user=0.00 sys=0.00, real=0.00 secs] 
2019-01-02T11:13:18.100+0530: 866.001: [GC (Allocation Failure) 2019-01-02T11:13:18.100+0530: 866.002: [DefNew
Desired survivor size 32768 bytes, new threshold 15 (max 15)
- age   2:         24 bytes,         24 total
- age   5:        184 bytes,        208 total
- age  11:         16 bytes,        224 total
: 502K->0K(960K), 0.0008187 secs] 9029K->9029K(10176K), 0.0009636 secs] [Times: user=0.00 sys=0.00, real=0.00 secs] 
2019-01-02T11:13:18.102+0530: 866.003: [GC (Allocation Failure) 2019-01-02T11:13:18.102+0530: 866.003: [DefNew: 520K->520K(960K), 0.0000399 secs]2019-01-02T11:13:18.102+0530: 866.003: [Tenured: 9029K->1268K(9216K), 0.0039198 secs] 9549K->1268K(10176K), [Metaspace: 2520K->2520K(1056768K)], 0.0040920 secs] [Times: user=0.00 sys=0.00, real=0.00 secs] 
2019-01-02T11:13:18.161+0530: 866.062: [GC (Allocation Failure) 2019-01-02T11:13:18.162+0530: 866.063: [DefNew
Desired survivor size 32768 bytes, new threshold 15 (max 15)
- age   1:        248 bytes,        248 total
: 873K->0K(960K), 0.0020457 secs] 2141K->1843K(10176K), 0.0025287 secs] [Times: user=0.00 sys=0.00, real=0.00 secs] 
2019-01-02T11:13:18.166+0530: 866.067: [GC (Allocation Failure) 2019-01-02T11:13:18.166+0530: 866.067: [DefNew
Desired survivor size 32768 bytes, new threshold 15 (max 15)
- age   2:        184 bytes,        184 total
: 896K->0K(960K), 0.0005605 secs] 2739K->2130K(10176K), 0.0007606 secs] [Times: user=0.00 sys=0.00, real=0.00 secs] 
2019-01-02T11:13:18.168+0530: 866.069: [GC (Allocation Failure) 2019-01-02T11:13:18.168+0530: 866.069: [DefNew
Desired survivor size 32768 bytes, new threshold 15 (max 15)
- age   3:        184 bytes,        184 total
: 896K->0K(960K), 0.0007977 secs] 3026K->2706K(10176K), 0.0009271 secs] [Times: user=0.00 sys=0.00, real=0.00 secs] 
2019-01-02T11:13:18.171+0530: 866.072: [GC (Allocation Failure) 2019-01-02T11:13:18.171+0530: 866.072: [DefNew
Desired survivor size 32768 bytes, new threshold 15 (max 15)
- age   1:         24 bytes,         24 total
- age   4:        184 bytes,        208 total
: 479K->0K(960K), 0.0003005 secs] 3186K->2707K(10176K), 0.0004362 secs] [Times: user=0.00 sys=0.00, real=0.00 secs] 
2019-01-02T11:13:18.171+0530: 866.073: [GC (Allocation Failure) 2019-01-02T11:13:18.172+0530: 866.073: [DefNew
Desired survivor size 32768 bytes, new threshold 15 (max 15)
- age   2:         24 bytes,         24 total
- age   5:        184 bytes,        208 total
: 502K->0K(960K), 0.0003370 secs] 3209K->3209K(10176K), 0.0004139 secs] [Times: user=0.00 sys=0.00, real=0.00 secs] 
2019-01-02T11:13:18.172+0530: 866.074: [GC (Allocation Failure) 2019-01-02T11:13:18.172+0530: 866.074: [DefNew
Desired survivor size 32768 bytes, new threshold 15 (max 15)
- age   1:         24 bytes,         24 total
- age   6:         72 bytes,         96 total
: 520K->0K(960K), 0.0004715 secs] 3728K->3711K(10176K), 0.0005947 secs] [Times: user=0.00 sys=0.00, real=0.00 secs] 
2019-01-02T11:13:18.234+0530: 866.136: [GC (Allocation Failure) 2019-01-02T11:13:18.235+0530: 866.136: [DefNew
Desired survivor size 32768 bytes, new threshold 15 (max 15)
- age   1:        248 bytes,        248 total
- age   7:         16 bytes,        264 total
: 873K->0K(960K), 0.0006506 secs] 4584K->3783K(10176K), 0.0008712 secs] [Times: user=0.00 sys=0.00, real=0.00 secs] 
2019-01-02T11:13:18.237+0530: 866.138: [GC (Allocation Failure) 2019-01-02T11:13:18.237+0530: 866.138: [DefNew
Desired survivor size 32768 bytes, new threshold 15 (max 15)
- age   2:        184 bytes,        184 total
- age   8:         16 bytes,        200 total
: 896K->0K(960K), 0.0008598 secs] 4679K->4071K(10176K), 0.0010981 secs] [Times: user=0.00 sys=0.00, real=0.00 secs] 
2019-01-02T11:13:18.240+0530: 866.141: [GC (Allocation Failure) 2019-01-02T11:13:18.240+0530: 866.141: [DefNew
Desired survivor size 32768 bytes, new threshold 15 (max 15)
- age   3:        184 bytes,        184 total
- age   9:         16 bytes,        200 total
: 896K->0K(960K), 0.0011238 secs] 4967K->4647K(10176K), 0.0014545 secs] [Times: user=0.00 sys=0.00, real=0.00 secs] 
2019-01-02T11:13:18.243+0530: 866.144: [GC (Allocation Failure) 2019-01-02T11:13:18.243+0530: 866.144: [DefNew
Desired survivor size 32768 bytes, new threshold 15 (max 15)
- age   1:         24 bytes,         24 total
- age   4:        184 bytes,        208 total
- age  10:         16 bytes,        224 total
: 479K->0K(960K), 0.0003432 secs] 5127K->4647K(10176K), 0.0004459 secs] [Times: user=0.00 sys=0.00, real=0.00 secs] 
2019-01-02T11:13:18.243+0530: 866.145: [GC (Allocation Failure) 2019-01-02T11:13:18.243+0530: 866.145: [DefNew
Desired survivor size 32768 bytes, new threshold 15 (max 15)
- age   2:         24 bytes,         24 total
- age   5:        184 bytes,        208 total
- age  11:         16 bytes,        224 total
: 502K->0K(960K), 0.0003621 secs] 5149K->5149K(10176K), 0.0004459 secs] [Times: user=0.00 sys=0.00, real=0.00 secs] 
2019-01-02T11:13:18.244+0530: 866.145: [GC (Allocation Failure) 2019-01-02T11:13:18.244+0530: 866.145: [DefNew
Desired survivor size 32768 bytes, new threshold 15 (max 15)
- age   1:         24 bytes,         24 total
- age   6:         72 bytes,         96 total
- age  12:         16 bytes,        112 total
: 520K->0K(960K), 0.0003655 secs] 5669K->5651K(10176K), 0.0004521 secs] [Times: user=0.00 sys=0.00, real=0.00 secs] 
2019-01-02T11:13:18.306+0530: 866.207: [GC (Allocation Failure) 2019-01-02T11:13:18.306+0530: 866.207: [DefNew
Desired survivor size 32768 bytes, new threshold 15 (max 15)
- age   1:        248 bytes,        248 total
- age   7:         16 bytes,        264 total
- age  13:         16 bytes,        280 total
: 873K->0K(960K), 0.0005474 secs] 6525K->5723K(10176K), 0.0009294 secs] [Times: user=0.00 sys=0.00, real=0.00 secs] 
2019-01-02T11:13:18.309+0530: 866.210: [GC (Allocation Failure) 2019-01-02T11:13:18.309+0530: 866.210: [DefNew
Desired survivor size 32768 bytes, new threshold 15 (max 15)
- age   2:        184 bytes,        184 total
- age   8:         16 bytes,        200 total
- age  14:         16 bytes,        216 total
: 896K->0K(960K), 0.0008296 secs] 6619K->6011K(10176K), 0.0010383 secs] [Times: user=0.00 sys=0.00, real=0.00 secs] 
2019-01-02T11:13:18.311+0530: 866.213: [GC (Allocation Failure) 2019-01-02T11:13:18.311+0530: 866.213: [DefNew
Desired survivor size 32768 bytes, new threshold 15 (max 15)
- age   3:        184 bytes,        184 total
- age   9:         16 bytes,        200 total
- age  15:         16 bytes,        216 total
: 896K->0K(960K), 0.0013079 secs] 6907K->6587K(10176K), 0.0014984 secs] [Times: user=0.00 sys=0.00, real=0.00 secs] 
2019-01-02T11:13:18.314+0530: 866.215: [GC (Allocation Failure) 2019-01-02T11:13:18.314+0530: 866.216: [DefNew
Desired survivor size 32768 bytes, new threshold 15 (max 15)
- age   1:         24 bytes,         24 total
- age   4:        184 bytes,        208 total
- age  10:         16 bytes,        224 total
: 479K->0K(960K), 0.0004402 secs] 7067K->6587K(10176K), 0.0005719 secs] [Times: user=0.00 sys=0.00, real=0.00 secs] 
2019-01-02T11:13:18.316+0530: 866.217: [GC (Allocation Failure) 2019-01-02T11:13:18.316+0530: 866.217: [DefNew
Desired survivor size 32768 bytes, new threshold 15 (max 15)
- age   2:         24 bytes,         24 total
- age   5:        184 bytes,        208 total
- age  11:         16 bytes,        224 total
: 502K->0K(960K), 0.0005941 secs] 7090K->7090K(10176K), 0.0006967 secs] [Times: user=0.00 sys=0.00, real=0.00 secs] 
2019-01-02T11:13:18.317+0530: 866.218: [GC (Allocation Failure) 2019-01-02T11:13:18.317+0530: 866.218: [DefNew
Desired survivor size 32768 bytes, new threshold 15 (max 15)
- age   1:         24 bytes,         24 total
- age   6:         72 bytes,         96 total
- age  12:         16 bytes,        112 total
: 520K->0K(960K), 0.0003273 secs] 7610K->7592K(10176K), 0.0003854 secs] [Times: user=0.00 sys=0.00, real=0.00 secs] 
2019-01-02T11:13:18.370+0530: 866.271: [GC (Allocation Failure) 2019-01-02T11:13:18.370+0530: 866.271: [DefNew
Desired survivor size 32768 bytes, new threshold 15 (max 15)
- age   1:        248 bytes,        248 total
- age   7:         16 bytes,        264 total
- age  13:         16 bytes,        280 total
: 873K->0K(960K), 0.0013427 secs] 8465K->7664K(10176K), 0.0016848 secs] [Times: user=0.00 sys=0.00, real=0.00 secs] 
2019-01-02T11:13:18.373+0530: 866.274: [GC (Allocation Failure) 2019-01-02T11:13:18.373+0530: 866.274: [DefNew
Desired survivor size 32768 bytes, new threshold 15 (max 15)
- age   2:        184 bytes,        184 total
- age   8:         16 bytes,        200 total
- age  14:         16 bytes,        216 total
: 896K->0K(960K), 0.0008581 secs] 8560K->7952K(10176K), 0.0010633 secs] [Times: user=0.00 sys=0.00, real=0.00 secs] 
2019-01-02T11:13:18.376+0530: 866.277: [GC (Allocation Failure) 2019-01-02T11:13:18.376+0530: 866.277: [DefNew
Desired survivor size 32768 bytes, new threshold 15 (max 15)
- age   3:        184 bytes,        184 total
- age   9:         16 bytes,        200 total
- age  15:         16 bytes,        216 total
: 896K->0K(960K), 0.0009510 secs] 8848K->8528K(10176K), 0.0011323 secs] [Times: user=0.00 sys=0.00, real=0.00 secs] 
2019-01-02T11:13:18.378+0530: 866.279: [GC (Allocation Failure) 2019-01-02T11:13:18.378+0530: 866.279: [DefNew
Desired survivor size 32768 bytes, new threshold 15 (max 15)
- age   1:         24 bytes,         24 total
- age   4:        184 bytes,        208 total
- age  10:         16 bytes,        224 total
: 479K->0K(960K), 0.0002885 secs] 9008K->8528K(10176K), 0.0003735 secs] [Times: user=0.00 sys=0.00, real=0.00 secs] 
2019-01-02T11:13:18.379+0530: 866.280: [GC (Allocation Failure) 2019-01-02T11:13:18.379+0530: 866.280: [DefNew
Desired survivor size 32768 bytes, new threshold 15 (max 15)
- age   2:         24 bytes,         24 total
- age   5:        184 bytes,        208 total
- age  11:         16 bytes,        224 total
: 502K->0K(960K), 0.0004641 secs] 9030K->9030K(10176K), 0.0005582 secs] [Times: user=0.00 sys=0.00, real=0.00 secs] 
2019-01-02T11:13:18.380+0530: 866.282: [GC (Allocation Failure) 2019-01-02T11:13:18.381+0530: 866.282: [DefNew: 520K->520K(960K), 0.0001175 secs]2019-01-02T11:13:18.381+0530: 866.282: [Tenured: 9030K->1268K(9216K), 0.0059884 secs] 9550K->1268K(10176K), [Metaspace: 2520K->2520K(1056768K)], 0.0063356 secs] [Times: user=0.00 sys=0.00, real=0.01 secs] 
2019-01-02T11:13:18.442+0530: 866.344: [GC (Allocation Failure) 2019-01-02T11:13:18.443+0530: 866.344: [DefNew
Desired survivor size 32768 bytes, new threshold 15 (max 15)
- age   1:        248 bytes,        248 total
: 873K->0K(960K), 0.0016894 secs] 2142K->1843K(10176K), 0.0018462 secs] [Times: user=0.00 sys=0.00, real=0.00 secs] 
2019-01-02T11:13:18.447+0530: 866.348: [GC (Allocation Failure) 2019-01-02T11:13:18.448+0530: 866.349: [DefNew
Desired survivor size 32768 bytes, new threshold 15 (max 15)
- age   2:        184 bytes,        184 total
: 896K->0K(960K), 0.0011375 secs] 2739K->2131K(10176K), 0.0019231 secs] [Times: user=0.00 sys=0.00, real=0.00 secs] 
2019-01-02T11:13:18.451+0530: 866.352: [GC (Allocation Failure) 2019-01-02T11:13:18.451+0530: 866.352: [DefNew
Desired survivor size 32768 bytes, new threshold 15 (max 15)
- age   3:        184 bytes,        184 total
: 896K->0K(960K), 0.0010936 secs] 3027K->2707K(10176K), 0.0012789 secs] [Times: user=0.02 sys=0.00, real=0.00 secs] 
2019-01-02T11:13:18.453+0530: 866.354: [GC (Allocation Failure) 2019-01-02T11:13:18.453+0530: 866.355: [DefNew
Desired survivor size 32768 bytes, new threshold 15 (max 15)
- age   1:         24 bytes,         24 total
- age   4:        184 bytes,        208 total
: 479K->0K(960K), 0.0002737 secs] 3186K->2707K(10176K), 0.0003586 secs] [Times: user=0.00 sys=0.00, real=0.00 secs] 
2019-01-02T11:13:18.454+0530: 866.355: [GC (Allocation Failure) 2019-01-02T11:13:18.454+0530: 866.355: [DefNew
Desired survivor size 32768 bytes, new threshold 15 (max 15)
- age   2:         24 bytes,         24 total
- age   5:        184 bytes,        208 total
: 502K->0K(960K), 0.0004499 secs] 3209K->3209K(10176K), 0.0005667 secs] [Times: user=0.00 sys=0.00, real=0.00 secs] 
2019-01-02T11:13:18.455+0530: 866.356: [GC (Allocation Failure) 2019-01-02T11:13:18.455+0530: 866.356: [DefNew
Desired survivor size 32768 bytes, new threshold 15 (max 15)
- age   1:         24 bytes,         24 total
- age   6:         72 bytes,         96 total
: 520K->0K(960K), 0.0003330 secs] 3729K->3711K(10176K), 0.0003997 secs] [Times: user=0.00 sys=0.00, real=0.00 secs] 
2019-01-02T11:13:18.539+0530: 866.440: [GC (Allocation Failure) 2019-01-02T11:13:18.539+0530: 866.440: [DefNew
Desired survivor size 32768 bytes, new threshold 15 (max 15)
- age   1:        248 bytes,        248 total
- age   7:         16 bytes,        264 total
: 873K->0K(960K), 0.0006939 secs] 4585K->3783K(10176K), 0.0010063 secs] [Times: user=0.00 sys=0.00, real=0.00 secs] 
2019-01-02T11:13:18.541+0530: 866.443: [GC (Allocation Failure) 2019-01-02T11:13:18.541+0530: 866.443: [DefNew
Desired survivor size 32768 bytes, new threshold 15 (max 15)
- age   2:        184 bytes,        184 total
- age   8:         16 bytes,        200 total
: 896K->0K(960K), 0.0004122 secs] 4679K->4071K(10176K), 0.0005251 secs] [Times: user=0.00 sys=0.00, real=0.00 secs] 
2019-01-02T11:13:18.543+0530: 866.444: [GC (Allocation Failure) 2019-01-02T11:13:18.543+0530: 866.444: [DefNew
Desired survivor size 32768 bytes, new threshold 15 (max 15)
- age   3:        184 bytes,        184 total
- age   9:         16 bytes,        200 total
: 896K->0K(960K), 0.0009961 secs] 4967K->4647K(10176K), 0.0011911 secs] [Times: user=0.00 sys=0.00, real=0.00 secs] 
2019-01-02T11:13:18.546+0530: 866.448: [GC (Allocation Failure) 2019-01-02T11:13:18.546+0530: 866.448: [DefNew
Desired survivor size 32768 bytes, new threshold 15 (max 15)
- age   1:         24 bytes,         24 total
- age   4:        184 bytes,        208 total
- age  10:         16 bytes,        224 total
: 479K->0K(960K), 0.0004094 secs] 5127K->4647K(10176K), 0.0005576 secs] [Times: user=0.00 sys=0.00, real=0.00 secs] 
2019-01-02T11:13:18.548+0530: 866.449: [GC (Allocation Failure) 2019-01-02T11:13:18.548+0530: 866.450: [DefNew
Desired survivor size 32768 bytes, new threshold 15 (max 15)
- age   2:         24 bytes,         24 total
- age   5:        184 bytes,        208 total
- age  11:         16 bytes,        224 total
: 502K->0K(960K), 0.0008974 secs] 5150K->5150K(10176K), 0.0012087 secs] [Times: user=0.00 sys=0.00, real=0.00 secs] 
2019-01-02T11:13:18.550+0530: 866.451: [GC (Allocation Failure) 2019-01-02T11:13:18.550+0530: 866.452: [DefNew
Desired survivor size 32768 bytes, new threshold 15 (max 15)
- age   1:         24 bytes,         24 total
- age   6:         72 bytes,         96 total
- age  12:         16 bytes,        112 total
: 520K->0K(960K), 0.0012333 secs] 5670K->5652K(10176K), 0.0015759 secs] [Times: user=0.00 sys=0.00, real=0.00 secs] 
2019-01-02T11:13:18.720+0530: 866.622: [GC (Allocation Failure) 2019-01-02T11:13:18.721+0530: 866.622: [DefNew
Desired survivor size 32768 bytes, new threshold 15 (max 15)
- age   1:        248 bytes,        248 total
- age   7:         16 bytes,        264 total
- age  13:         16 bytes,        280 total
: 873K->0K(960K), 0.0008450 secs] 6525K->5724K(10176K), 0.0015018 secs] [Times: user=0.00 sys=0.00, real=0.00 secs] 
2019-01-02T11:13:18.725+0530: 866.626: [GC (Allocation Failure) 2019-01-02T11:13:18.725+0530: 866.626: [DefNew
Desired survivor size 32768 bytes, new threshold 15 (max 15)
- age   2:        184 bytes,        184 total
- age   8:         16 bytes,        200 total
- age  14:         16 bytes,        216 total
: 896K->0K(960K), 0.0017971 secs] 6620K->6012K(10176K), 0.0021660 secs] [Times: user=0.00 sys=0.00, real=0.00 secs] 
2019-01-02T11:13:18.729+0530: 866.630: [GC (Allocation Failure) 2019-01-02T11:13:18.729+0530: 866.630: [DefNew
Desired survivor size 32768 bytes, new threshold 15 (max 15)
- age   3:        184 bytes,        184 total
- age   9:         16 bytes,        200 total
- age  15:         16 bytes,        216 total
: 896K->0K(960K), 0.0026530 secs] 6908K->6588K(10176K), 0.0030133 secs] [Times: user=0.00 sys=0.00, real=0.00 secs] 
2019-01-02T11:13:18.734+0530: 866.636: [GC (Allocation Failure) 2019-01-02T11:13:18.734+0530: 866.636: [DefNew
Desired survivor size 32768 bytes, new threshold 15 (max 15)
- age   1:         24 bytes,         24 total
- age   4:        184 bytes,        208 total
- age  10:         16 bytes,        224 total
: 479K->0K(960K), 0.0003769 secs] 7068K->6588K(10176K), 0.0005063 secs] [Times: user=0.00 sys=0.00, real=0.00 secs] 
2019-01-02T11:13:18.735+0530: 866.637: [GC (Allocation Failure) 2019-01-02T11:13:18.735+0530: 866.637: [DefNew
Desired survivor size 32768 bytes, new threshold 15 (max 15)
- age   2:         24 bytes,         24 total
- age   5:        184 bytes,        208 total
- age  11:         16 bytes,        224 total
: 502K->0K(960K), 0.0005035 secs] 7090K->7090K(10176K), 0.0006220 secs] [Times: user=0.00 sys=0.00, real=0.00 secs] 
2019-01-02T11:13:18.737+0530: 866.638: [GC (Allocation Failure) 2019-01-02T11:13:18.737+0530: 866.638: [DefNew
Desired survivor size 32768 bytes, new threshold 15 (max 15)
- age   1:         24 bytes,         24 total
- age   6:         72 bytes,         96 total
- age  12:         16 bytes,        112 total
: 520K->0K(960K), 0.0009168 secs] 7610K->7593K(10176K), 0.0010958 secs] [Times: user=0.00 sys=0.00, real=0.00 secs] 
2019-01-02T11:13:18.853+0530: 866.754: [GC (Allocation Failure) 2019-01-02T11:13:18.853+0530: 866.754: [DefNew
Desired survivor size 32768 bytes, new threshold 15 (max 15)
- age   1:        248 bytes,        248 total
- age   7:         16 bytes,        264 total
- age  13:         16 bytes,        280 total
: 873K->0K(960K), 0.0010981 secs] 8466K->7665K(10176K), 0.0015925 secs] [Times: user=0.00 sys=0.00, real=0.00 secs] 
2019-01-02T11:13:18.858+0530: 866.759: [GC (Allocation Failure) 2019-01-02T11:13:18.858+0530: 866.759: [DefNew
Desired survivor size 32768 bytes, new threshold 15 (max 15)
- age   2:        184 bytes,        184 total
- age   8:         16 bytes,        200 total
- age  14:         16 bytes,        216 total
: 896K->0K(960K), 0.0013176 secs] 8561K->7953K(10176K), 0.0017544 secs] [Times: user=0.00 sys=0.00, real=0.00 secs] 
2019-01-02T11:13:18.862+0530: 866.763: [GC (Allocation Failure) 2019-01-02T11:13:18.862+0530: 866.764: [DefNew
Desired survivor size 32768 bytes, new threshold 15 (max 15)
- age   3:        184 bytes,        184 total
- age   9:         16 bytes,        200 total
- age  15:         16 bytes,        216 total
: 896K->0K(960K), 0.0009009 secs] 8849K->8529K(10176K), 0.0011979 secs] [Times: user=0.00 sys=0.00, real=0.00 secs] 
2019-01-02T11:13:18.865+0530: 866.766: [GC (Allocation Failure) 2019-01-02T11:13:18.865+0530: 866.766: [DefNew
Desired survivor size 32768 bytes, new threshold 15 (max 15)
- age   1:         24 bytes,         24 total
- age   4:        184 bytes,        208 total
- age  10:         16 bytes,        224 total
: 479K->0K(960K), 0.0006580 secs] 9008K->8529K(10176K), 0.0008341 secs] [Times: user=0.00 sys=0.00, real=0.00 secs] 
2019-01-02T11:13:18.866+0530: 866.767: [GC (Allocation Failure) 2019-01-02T11:13:18.866+0530: 866.767: [DefNew
Desired survivor size 32768 bytes, new threshold 15 (max 15)
- age   2:         24 bytes,         24 total
- age   5:        184 bytes,        208 total
- age  11:         16 bytes,        224 total
: 502K->0K(960K), 0.0012874 secs] 9031K->9031K(10176K), 0.0014180 secs] [Times: user=0.00 sys=0.00, real=0.00 secs] 
2019-01-02T11:13:18.868+0530: 866.769: [GC (Allocation Failure) 2019-01-02T11:13:18.868+0530: 866.769: [DefNew: 520K->520K(960K), 0.0000251 secs]2019-01-02T11:13:18.868+0530: 866.769: [Tenured: 9031K->1268K(9216K), 0.0037397 secs] 9551K->1268K(10176K), [Metaspace: 2520K->2520K(1056768K)], 0.0038759 secs] [Times: user=0.00 sys=0.00, real=0.00 secs] 
2019-01-02T11:13:18.978+0530: 866.879: [GC (Allocation Failure) 2019-01-02T11:13:18.978+0530: 866.880: [DefNew
Desired survivor size 32768 bytes, new threshold 15 (max 15)
- age   1:        248 bytes,        248 total
: 873K->0K(960K), 0.0014699 secs] 2142K->1843K(10176K), 0.0018302 secs] [Times: user=0.00 sys=0.00, real=0.00 secs] 
2019-01-02T11:13:18.982+0530: 866.883: [GC (Allocation Failure) 2019-01-02T11:13:18.982+0530: 866.883: [DefNew
Desired survivor size 32768 bytes, new threshold 15 (max 15)
- age   2:        184 bytes,        184 total
: 896K->0K(960K), 0.0004675 secs] 2739K->2131K(10176K), 0.0005861 secs] [Times: user=0.00 sys=0.00, real=0.00 secs] 
2019-01-02T11:13:18.985+0530: 866.886: [GC (Allocation Failure) 2019-01-02T11:13:18.985+0530: 866.886: [DefNew
Desired survivor size 32768 bytes, new threshold 15 (max 15)
- age   3:        184 bytes,        184 total
: 896K->0K(960K), 0.0005399 secs] 3027K->2707K(10176K), 0.0006654 secs] [Times: user=0.00 sys=0.00, real=0.00 secs] 
2019-01-02T11:13:18.989+0530: 866.890: [GC (Allocation Failure) 2019-01-02T11:13:18.989+0530: 866.890: [DefNew
Desired survivor size 32768 bytes, new threshold 15 (max 15)
- age   1:         24 bytes,         24 total
- age   4:        184 bytes,        208 total
: 479K->0K(960K), 0.0003672 secs] 3187K->2707K(10176K), 0.0004903 secs] [Times: user=0.00 sys=0.00, real=0.00 secs] 
2019-01-02T11:13:18.991+0530: 866.893: [GC (Allocation Failure) 2019-01-02T11:13:18.992+0530: 866.893: [DefNew
Desired survivor size 32768 bytes, new threshold 15 (max 15)
- age   2:         24 bytes,         24 total
- age   5:        184 bytes,        208 total
: 502K->0K(960K), 0.0011135 secs] 3209K->3209K(10176K), 0.0012857 secs] [Times: user=0.00 sys=0.00, real=0.00 secs] 
2019-01-02T11:13:18.994+0530: 866.895: [GC (Allocation Failure) 2019-01-02T11:13:18.994+0530: 866.895: [DefNew
Desired survivor size 32768 bytes, new threshold 15 (max 15)
- age   1:         24 bytes,         24 total
- age   6:         72 bytes,         96 total
: 520K->0K(960K), 0.0010320 secs] 3729K->3712K(10176K), 0.0012013 secs] [Times: user=0.00 sys=0.00, real=0.00 secs] 
2019-01-02T11:13:19.127+0530: 867.028: [GC (Allocation Failure) 2019-01-02T11:13:19.127+0530: 867.028: [DefNew
Desired survivor size 32768 bytes, new threshold 15 (max 15)
- age   1:        248 bytes,        248 total
- age   7:         16 bytes,        264 total
: 873K->0K(960K), 0.0004305 secs] 4585K->3784K(10176K), 0.0005627 secs] [Times: user=0.00 sys=0.00, real=0.00 secs] 
2019-01-02T11:13:19.130+0530: 867.031: [GC (Allocation Failure) 2019-01-02T11:13:19.130+0530: 867.031: [DefNew
Desired survivor size 32768 bytes, new threshold 15 (max 15)
- age   2:        184 bytes,        184 total
- age   8:         16 bytes,        200 total
: 896K->0K(960K), 0.0014739 secs] 4680K->4072K(10176K), 0.0018274 secs] [Times: user=0.00 sys=0.00, real=0.00 secs] 
2019-01-02T11:13:19.134+0530: 867.036: [GC (Allocation Failure) 2019-01-02T11:13:19.135+0530: 867.036: [DefNew
Desired survivor size 32768 bytes, new threshold 15 (max 15)
- age   3:        184 bytes,        184 total
- age   9:         16 bytes,        200 total
: 896K->0K(960K), 0.0015343 secs] 4968K->4648K(10176K), 0.0019311 secs] [Times: user=0.00 sys=0.00, real=0.00 secs] 
2019-01-02T11:13:19.139+0530: 867.040: [GC (Allocation Failure) 2019-01-02T11:13:19.139+0530: 867.040: [DefNew
Desired survivor size 32768 bytes, new threshold 15 (max 15)
- age   1:         24 bytes,         24 total
- age   4:        184 bytes,        208 total
- age  10:         16 bytes,        224 total
: 479K->0K(960K), 0.0011283 secs] 5128K->4648K(10176K), 0.0014818 secs] [Times: user=0.00 sys=0.00, real=0.00 secs] 
2019-01-02T11:13:19.141+0530: 867.043: [GC (Allocation Failure) 2019-01-02T11:13:19.142+0530: 867.043: [DefNew
Desired survivor size 32768 bytes, new threshold 15 (max 15)
- age   2:         24 bytes,         24 total
- age   5:        184 bytes,        208 total
- age  11:         16 bytes,        224 total
: 502K->0K(960K), 0.0015292 secs] 5150K->5150K(10176K), 0.0018251 secs] [Times: user=0.00 sys=0.00, real=0.00 secs] 
2019-01-02T11:13:19.145+0530: 867.046: [GC (Allocation Failure) 2019-01-02T11:13:19.145+0530: 867.046: [DefNew
Desired survivor size 32768 bytes, new threshold 15 (max 15)
- age   1:         24 bytes,         24 total
- age   6:         72 bytes,         96 total
- age  12:         16 bytes,        112 total
: 520K->0K(960K), 0.0016649 secs] 5670K->5652K(10176K), 0.0020366 secs] [Times: user=0.00 sys=0.00, real=0.00 secs] 
2019-01-02T11:13:19.287+0530: 867.188: [GC (Allocation Failure) 2019-01-02T11:13:19.287+0530: 867.189: [DefNew
Desired survivor size 32768 bytes, new threshold 15 (max 15)
- age   1:        248 bytes,        248 total
- age   7:         16 bytes,        264 total
- age  13:         16 bytes,        280 total
: 873K->0K(960K), 0.0012960 secs] 6526K->5725K(10176K), 0.0018217 secs] [Times: user=0.00 sys=0.00, real=0.00 secs] 
2019-01-02T11:13:19.292+0530: 867.193: [GC (Allocation Failure) 2019-01-02T11:13:19.292+0530: 867.193: [DefNew
Desired survivor size 32768 bytes, new threshold 15 (max 15)
- age   2:        184 bytes,        184 total
- age   8:         16 bytes,        200 total
- age  14:         16 bytes,        216 total
: 896K->0K(960K), 0.0010269 secs] 6621K->6013K(10176K), 0.0012965 secs] [Times: user=0.00 sys=0.00, real=0.00 secs] 
2019-01-02T11:13:19.295+0530: 867.196: [GC (Allocation Failure) 2019-01-02T11:13:19.295+0530: 867.196: [DefNew
Desired survivor size 32768 bytes, new threshold 15 (max 15)
- age   3:        184 bytes,        184 total
- age   9:         16 bytes,        200 total
- age  15:         16 bytes,        216 total
: 896K->0K(960K), 0.0015639 secs] 6909K->6589K(10176K), 0.0019049 secs] [Times: user=0.00 sys=0.00, real=0.00 secs] 
2019-01-02T11:13:19.298+0530: 867.199: [GC (Allocation Failure) 2019-01-02T11:13:19.298+0530: 867.199: [DefNew
Desired survivor size 32768 bytes, new threshold 15 (max 15)
- age   1:         24 bytes,         24 total
- age   4:        184 bytes,        208 total
- age  10:         16 bytes,        224 total
: 479K->0K(960K), 0.0003968 secs] 7068K->6589K(10176K), 0.0005154 secs] [Times: user=0.00 sys=0.00, real=0.00 secs] 
2019-01-02T11:13:19.299+0530: 867.200: [GC (Allocation Failure) 2019-01-02T11:13:19.299+0530: 867.200: [DefNew
Desired survivor size 32768 bytes, new threshold 15 (max 15)
- age   2:         24 bytes,         24 total
- age   5:        184 bytes,        208 total
- age  11:         16 bytes,        224 total
: 502K->0K(960K), 0.0005023 secs] 7091K->7091K(10176K), 0.0006169 secs] [Times: user=0.00 sys=0.00, real=0.00 secs] 
2019-01-02T11:13:19.300+0530: 867.201: [GC (Allocation Failure) 2019-01-02T11:13:19.300+0530: 867.201: [DefNew
Desired survivor size 32768 bytes, new threshold 15 (max 15)
- age   1:         24 bytes,         24 total
- age   6:         72 bytes,         96 total
- age  12:         16 bytes,        112 total
: 520K->0K(960K), 0.0003906 secs] 7611K->7593K(10176K), 0.0004721 secs] [Times: user=0.00 sys=0.00, real=0.00 secs] 
2019-01-02T11:13:19.376+0530: 867.277: [GC (Allocation Failure) 2019-01-02T11:13:19.376+0530: 867.278: [DefNew
Desired survivor size 32768 bytes, new threshold 15 (max 15)
- age   1:        248 bytes,        248 total
- age   7:         16 bytes,        264 total
- age  13:         16 bytes,        280 total
: 873K->0K(960K), 0.0018690 secs] 8467K->7666K(10176K), 0.0024483 secs] [Times: user=0.00 sys=0.00, real=0.00 secs] 
2019-01-02T11:13:19.381+0530: 867.282: [GC (Allocation Failure) 2019-01-02T11:13:19.381+0530: 867.282: [DefNew
Desired survivor size 32768 bytes, new threshold 15 (max 15)
- age   2:        184 bytes,        184 total
- age   8:         16 bytes,        200 total
- age  14:         16 bytes,        216 total
: 896K->0K(960K), 0.0007287 secs] 8562K->7953K(10176K), 0.0008786 secs] [Times: user=0.00 sys=0.00, real=0.00 secs] 
2019-01-02T11:13:19.383+0530: 867.284: [GC (Allocation Failure) 2019-01-02T11:13:19.383+0530: 867.284: [DefNew
Desired survivor size 32768 bytes, new threshold 15 (max 15)
- age   3:        184 bytes,        184 total
- age   9:         16 bytes,        200 total
- age  15:         16 bytes,        216 total
: 896K->0K(960K), 0.0007942 secs] 8849K->8529K(10176K), 0.0009180 secs] [Times: user=0.00 sys=0.00, real=0.00 secs] 
2019-01-02T11:13:19.385+0530: 867.287: [GC (Allocation Failure) 2019-01-02T11:13:19.386+0530: 867.287: [DefNew
Desired survivor size 32768 bytes, new threshold 15 (max 15)
- age   1:         24 bytes,         24 total
- age   4:        184 bytes,        208 total
- age  10:         16 bytes,        224 total
: 479K->0K(960K), 0.0012840 secs] 9009K->8530K(10176K), 0.0016130 secs] [Times: user=0.00 sys=0.02, real=0.00 secs] 
2019-01-02T11:13:19.388+0530: 867.289: [GC (Allocation Failure) 2019-01-02T11:13:19.388+0530: 867.289: [DefNew
Desired survivor size 32768 bytes, new threshold 15 (max 15)
- age   2:         24 bytes,         24 total
- age   5:        184 bytes,        208 total
- age  11:         16 bytes,        224 total
: 502K->0K(960K), 0.0009248 secs] 9032K->9032K(10176K), 0.0010913 secs] [Times: user=0.00 sys=0.00, real=0.00 secs] 
2019-01-02T11:13:19.390+0530: 867.291: [GC (Allocation Failure) 2019-01-02T11:13:19.390+0530: 867.291: [DefNew: 520K->520K(960K), 0.0000758 secs]2019-01-02T11:13:19.390+0530: 867.291: [Tenured: 9032K->1268K(9216K), 0.0067501 secs] 9552K->1268K(10176K), [Metaspace: 2520K->2520K(1056768K)], 0.0071361 secs] [Times: user=0.00 sys=0.00, real=0.01 secs] 
2019-01-02T11:13:19.591+0530: 867.493: [GC (Allocation Failure) 2019-01-02T11:13:19.592+0530: 867.493: [DefNew
Desired survivor size 32768 bytes, new threshold 15 (max 15)
- age   1:        248 bytes,        248 total
: 873K->0K(960K), 0.0009248 secs] 2142K->1843K(10176K), 0.0012675 secs] [Times: user=0.00 sys=0.00, real=0.00 secs] 
2019-01-02T11:13:19.594+0530: 867.496: [GC (Allocation Failure) 2019-01-02T11:13:19.595+0530: 867.496: [DefNew
Desired survivor size 32768 bytes, new threshold 15 (max 15)
- age   2:        184 bytes,        184 total
: 896K->0K(960K), 0.0013102 secs] 2739K->2131K(10176K), 0.0023069 secs] [Times: user=0.00 sys=0.00, real=0.00 secs] 
2019-01-02T11:13:19.600+0530: 867.501: [GC (Allocation Failure) 2019-01-02T11:13:19.600+0530: 867.502: [DefNew
Desired survivor size 32768 bytes, new threshold 15 (max 15)
- age   3:        184 bytes,        184 total
: 896K->0K(960K), 0.0008809 secs] 3027K->2707K(10176K), 0.0010035 secs] [Times: user=0.00 sys=0.00, real=0.00 secs] 
2019-01-02T11:13:19.603+0530: 867.504: [GC (Allocation Failure) 2019-01-02T11:13:19.603+0530: 867.504: [DefNew
Desired survivor size 32768 bytes, new threshold 15 (max 15)
- age   1:         24 bytes,         24 total
- age   4:        184 bytes,        208 total
: 479K->0K(960K), 0.0004584 secs] 3187K->2707K(10176K), 0.0005930 secs] [Times: user=0.00 sys=0.00, real=0.00 secs] 
2019-01-02T11:13:19.605+0530: 867.507: [GC (Allocation Failure) 2019-01-02T11:13:19.606+0530: 867.507: [DefNew
Desired survivor size 32768 bytes, new threshold 15 (max 15)
- age   2:         24 bytes,         24 total
- age   5:        184 bytes,        208 total
: 502K->0K(960K), 0.0005924 secs] 3210K->3210K(10176K), 0.0007361 secs] [Times: user=0.00 sys=0.02, real=0.00 secs] 
2019-01-02T11:13:19.607+0530: 867.508: [GC (Allocation Failure) 2019-01-02T11:13:19.607+0530: 867.508: [DefNew
Desired survivor size 32768 bytes, new threshold 15 (max 15)
- age   1:         24 bytes,         24 total
- age   6:         72 bytes,         96 total
: 520K->0K(960K), 0.0004715 secs] 3730K->3712K(10176K), 0.0005810 secs] [Times: user=0.00 sys=0.00, real=0.00 secs] 
2019-01-02T11:13:19.689+0530: 867.591: [GC (Allocation Failure) 2019-01-02T11:13:19.690+0530: 867.591: [DefNew
Desired survivor size 32768 bytes, new threshold 15 (max 15)
- age   1:        248 bytes,        248 total
- age   7:         16 bytes,        264 total
: 873K->0K(960K), 0.0009100 secs] 4586K->3784K(10176K), 0.0011688 secs] [Times: user=0.00 sys=0.00, real=0.00 secs] 
2019-01-02T11:13:19.693+0530: 867.594: [GC (Allocation Failure) 2019-01-02T11:13:19.693+0530: 867.594: [DefNew
Desired survivor size 32768 bytes, new threshold 15 (max 15)
- age   2:        184 bytes,        184 total
- age   8:         16 bytes,        200 total
: 896K->0K(960K), 0.0011722 secs] 4680K->4072K(10176K), 0.0015172 secs] [Times: user=0.00 sys=0.00, real=0.00 secs] 
2019-01-02T11:13:19.697+0530: 867.598: [GC (Allocation Failure) 2019-01-02T11:13:19.697+0530: 867.598: [DefNew
Desired survivor size 32768 bytes, new threshold 15 (max 15)
- age   3:        184 bytes,        184 total
- age   9:         16 bytes,        200 total
: 896K->0K(960K), 0.0005365 secs] 4968K->4648K(10176K), 0.0006563 secs] [Times: user=0.00 sys=0.00, real=0.00 secs] 
2019-01-02T11:13:19.699+0530: 867.601: [GC (Allocation Failure) 2019-01-02T11:13:19.699+0530: 867.601: [DefNew
Desired survivor size 32768 bytes, new threshold 15 (max 15)
- age   1:         24 bytes,         24 total
- age   4:        184 bytes,        208 total
- age  10:         16 bytes,        224 total
: 479K->0K(960K), 0.0002708 secs] 5128K->4648K(10176K), 0.0003467 secs] [Times: user=0.00 sys=0.00, real=0.00 secs] 
2019-01-02T11:13:19.700+0530: 867.601: [GC (Allocation Failure) 2019-01-02T11:13:19.700+0530: 867.602: [DefNew
Desired survivor size 32768 bytes, new threshold 15 (max 15)
- age   2:         24 bytes,         24 total
- age   5:        184 bytes,        208 total
- age  11:         16 bytes,        224 total
: 502K->0K(960K), 0.0005616 secs] 5151K->5151K(10176K), 0.0006745 secs] [Times: user=0.00 sys=0.00, real=0.00 secs] 
2019-01-02T11:13:19.701+0530: 867.603: [GC (Allocation Failure) 2019-01-02T11:13:19.701+0530: 867.603: [DefNew
Desired survivor size 32768 bytes, new threshold 15 (max 15)
- age   1:         24 bytes,         24 total
- age   6:         72 bytes,         96 total
- age  12:         16 bytes,        112 total
: 520K->0K(960K), 0.0003415 secs] 5671K->5653K(10176K), 0.0004236 secs] [Times: user=0.00 sys=0.00, real=0.00 secs] 
2019-01-02T11:13:19.758+0530: 867.659: [GC (Allocation Failure) 2019-01-02T11:13:19.758+0530: 867.659: [DefNew
Desired survivor size 32768 bytes, new threshold 15 (max 15)
- age   1:        248 bytes,        248 total
- age   7:         16 bytes,        264 total
- age  13:         16 bytes,        280 total
: 873K->0K(960K), 0.0010291 secs] 6527K->5725K(10176K), 0.0012184 secs] [Times: user=0.00 sys=0.00, real=0.00 secs] 
2019-01-02T11:13:19.762+0530: 867.663: [GC (Allocation Failure) 2019-01-02T11:13:19.762+0530: 867.664: [DefNew
Desired survivor size 32768 bytes, new threshold 15 (max 15)
- age   2:        184 bytes,        184 total
- age   8:         16 bytes,        200 total
- age  14:         16 bytes,        216 total
: 896K->0K(960K), 0.0006865 secs] 6621K->6013K(10176K), 0.0010234 secs] [Times: user=0.00 sys=0.00, real=0.00 secs] 
2019-01-02T11:13:19.765+0530: 867.667: [GC (Allocation Failure) 2019-01-02T11:13:19.766+0530: 867.667: [DefNew
Desired survivor size 32768 bytes, new threshold 15 (max 15)
- age   3:        184 bytes,        184 total
- age   9:         16 bytes,        200 total
- age  15:         16 bytes,        216 total
: 896K->0K(960K), 0.0013524 secs] 6909K->6589K(10176K), 0.0017475 secs] [Times: user=0.00 sys=0.00, real=0.00 secs] 
2019-01-02T11:13:19.769+0530: 867.670: [GC (Allocation Failure) 2019-01-02T11:13:19.769+0530: 867.670: [DefNew
Desired survivor size 32768 bytes, new threshold 15 (max 15)
- age   1:         24 bytes,         24 total
- age   4:        184 bytes,        208 total
- age  10:         16 bytes,        224 total
: 479K->0K(960K), 0.0002845 secs] 7069K->6589K(10176K), 0.0003803 secs] [Times: user=0.00 sys=0.00, real=0.00 secs] 
2019-01-02T11:13:19.770+0530: 867.671: [GC (Allocation Failure) 2019-01-02T11:13:19.770+0530: 867.671: [DefNew
Desired survivor size 32768 bytes, new threshold 15 (max 15)
- age   2:         24 bytes,         24 total
- age   5:        184 bytes,        208 total
- age  11:         16 bytes,        224 total
: 502K->0K(960K), 0.0003341 secs] 7092K->7092K(10176K), 0.0004099 secs] [Times: user=0.00 sys=0.00, real=0.00 secs] 
2019-01-02T11:13:19.770+0530: 867.672: [GC (Allocation Failure) 2019-01-02T11:13:19.770+0530: 867.672: [DefNew
Desired survivor size 32768 bytes, new threshold 15 (max 15)
- age   1:         24 bytes,         24 total
- age   6:         72 bytes,         96 total
- age  12:         16 bytes,        112 total
: 520K->0K(960K), 0.0004020 secs] 7612K->7594K(10176K), 0.0005006 secs] [Times: user=0.00 sys=0.00, real=0.00 secs] 
2019-01-02T11:13:19.834+0530: 867.735: [GC (Allocation Failure) 2019-01-02T11:13:19.834+0530: 867.735: [DefNew
Desired survivor size 32768 bytes, new threshold 15 (max 15)
- age   1:        248 bytes,        248 total
- age   7:         16 bytes,        264 total
- age  13:         16 bytes,        280 total
: 873K->0K(960K), 0.0006716 secs] 8468K->7666K(10176K), 0.0009026 secs] [Times: user=0.00 sys=0.00, real=0.00 secs] 
2019-01-02T11:13:19.837+0530: 867.738: [GC (Allocation Failure) 2019-01-02T11:13:19.837+0530: 867.738: [DefNew
Desired survivor size 32768 bytes, new threshold 15 (max 15)
- age   2:        184 bytes,        184 total
- age   8:         16 bytes,        200 total
- age  14:         16 bytes,        216 total
: 896K->0K(960K), 0.0004082 secs] 8562K->7954K(10176K), 0.0006580 secs] [Times: user=0.00 sys=0.00, real=0.00 secs] 
2019-01-02T11:13:19.840+0530: 867.741: [GC (Allocation Failure) 2019-01-02T11:13:19.840+0530: 867.741: [DefNew
Desired survivor size 32768 bytes, new threshold 15 (max 15)
- age   3:        184 bytes,        184 total
- age   9:         16 bytes,        200 total
- age  15:         16 bytes,        216 total
: 896K->0K(960K), 0.0005588 secs] 8850K->8530K(10176K), 0.0006973 secs] [Times: user=0.00 sys=0.00, real=0.00 secs] 
2019-01-02T11:13:19.842+0530: 867.743: [GC (Allocation Failure) 2019-01-02T11:13:19.842+0530: 867.743: [DefNew
Desired survivor size 32768 bytes, new threshold 15 (max 15)
- age   1:         24 bytes,         24 total
- age   4:        184 bytes,        208 total
- age  10:         16 bytes,        224 total
: 479K->0K(960K), 0.0002879 secs] 9010K->8530K(10176K), 0.0004020 secs] [Times: user=0.00 sys=0.00, real=0.00 secs] 
2019-01-02T11:13:19.843+0530: 867.744: [GC (Allocation Failure) 2019-01-02T11:13:19.843+0530: 867.745: [DefNew
Desired survivor size 32768 bytes, new threshold 15 (max 15)
- age   2:         24 bytes,         24 total
- age   5:        184 bytes,        208 total
- age  11:         16 bytes,        224 total
: 502K->0K(960K), 0.0007241 secs] 9033K->9033K(10176K), 0.0008940 secs] [Times: user=0.00 sys=0.00, real=0.00 secs] 
2019-01-02T11:13:19.844+0530: 867.746: [GC (Allocation Failure) 2019-01-02T11:13:19.844+0530: 867.746: [DefNew: 520K->520K(960K), 0.0000291 secs]2019-01-02T11:13:19.844+0530: 867.746: [Tenured: 9033K->1269K(9216K), 0.0058561 secs] 9553K->1269K(10176K), [Metaspace: 2520K->2520K(1056768K)], 0.0060203 secs] [Times: user=0.00 sys=0.00, real=0.01 secs] 
2019-01-02T11:13:19.904+0530: 867.805: [GC (Allocation Failure) 2019-01-02T11:13:19.904+0530: 867.806: [DefNew
Desired survivor size 32768 bytes, new threshold 15 (max 15)
- age   1:        248 bytes,        248 total
: 873K->0K(960K), 0.0009248 secs] 2142K->1843K(10176K), 0.0012777 secs] [Times: user=0.00 sys=0.00, real=0.00 secs] 
2019-01-02T11:13:19.907+0530: 867.809: [GC (Allocation Failure) 2019-01-02T11:13:19.907+0530: 867.809: [DefNew
Desired survivor size 32768 bytes, new threshold 15 (max 15)
- age   2:        184 bytes,        184 total
: 896K->0K(960K), 0.0008940 secs] 2739K->2131K(10176K), 0.0011306 secs] [Times: user=0.00 sys=0.00, real=0.00 secs] 
2019-01-02T11:13:19.910+0530: 867.811: [GC (Allocation Failure) 2019-01-02T11:13:19.910+0530: 867.811: [DefNew
Desired survivor size 32768 bytes, new threshold 15 (max 15)
- age   3:        184 bytes,        184 total
: 896K->0K(960K), 0.0012338 secs] 3027K->2707K(10176K), 0.0013838 secs] [Times: user=0.00 sys=0.00, real=0.00 secs] 
2019-01-02T11:13:19.913+0530: 867.814: [GC (Allocation Failure) 2019-01-02T11:13:19.913+0530: 867.814: [DefNew
Desired survivor size 32768 bytes, new threshold 15 (max 15)
- age   1:         24 bytes,         24 total
- age   4:        184 bytes,        208 total
: 479K->0K(960K), 0.0002378 secs] 3187K->2707K(10176K), 0.0002953 secs] [Times: user=0.00 sys=0.00, real=0.00 secs] 
2019-01-02T11:13:19.913+0530: 867.814: [GC (Allocation Failure) 2019-01-02T11:13:19.913+0530: 867.815: [DefNew
Desired survivor size 32768 bytes, new threshold 15 (max 15)
- age   2:         24 bytes,         24 total
- age   5:        184 bytes,        208 total
: 502K->0K(960K), 0.0002936 secs] 3210K->3210K(10176K), 0.0003506 secs] [Times: user=0.00 sys=0.00, real=0.00 secs] 
2019-01-02T11:13:19.914+0530: 867.815: [GC (Allocation Failure) 2019-01-02T11:13:19.914+0530: 867.815: [DefNew
Desired survivor size 32768 bytes, new threshold 15 (max 15)
- age   1:         24 bytes,         24 total
- age   6:         72 bytes,         96 total
: 520K->0K(960K), 0.0002936 secs] 3730K->3712K(10176K), 0.0003444 secs] [Times: user=0.00 sys=0.00, real=0.00 secs] 
2019-01-02T11:13:19.967+0530: 867.868: [GC (Allocation Failure) 2019-01-02T11:13:19.967+0530: 867.868: [DefNew
Desired survivor size 32768 bytes, new threshold 15 (max 15)
- age   1:        248 bytes,        248 total
- age   7:         16 bytes,        264 total
: 873K->0K(960K), 0.0007748 secs] 4586K->3785K(10176K), 0.0011369 secs] [Times: user=0.00 sys=0.00, real=0.00 secs] 
2019-01-02T11:13:19.970+0530: 867.871: [GC (Allocation Failure) 2019-01-02T11:13:19.970+0530: 867.871: [DefNew
Desired survivor size 32768 bytes, new threshold 15 (max 15)
- age   2:        184 bytes,        184 total
- age   8:         16 bytes,        200 total
: 896K->0K(960K), 0.0012156 secs] 4681K->4073K(10176K), 0.0014676 secs] [Times: user=0.00 sys=0.00, real=0.00 secs] 
2019-01-02T11:13:19.973+0530: 867.875: [GC (Allocation Failure) 2019-01-02T11:13:19.973+0530: 867.875: [DefNew
Desired survivor size 32768 bytes, new threshold 15 (max 15)
- age   3:        184 bytes,        184 total
- age   9:         16 bytes,        200 total
: 896K->0K(960K), 0.0011603 secs] 4969K->4649K(10176K), 0.0013330 secs] [Times: user=0.00 sys=0.00, real=0.00 secs] 
2019-01-02T11:13:19.976+0530: 867.877: [GC (Allocation Failure) 2019-01-02T11:13:19.976+0530: 867.877: [DefNew
Desired survivor size 32768 bytes, new threshold 15 (max 15)
- age   1:         24 bytes,         24 total
- age   4:        184 bytes,        208 total
- age  10:         16 bytes,        224 total
: 479K->0K(960K), 0.0002708 secs] 5128K->4649K(10176K), 0.0003461 secs] [Times: user=0.00 sys=0.00, real=0.00 secs] 
2019-01-02T11:13:19.977+0530: 867.878: [GC (Allocation Failure) 2019-01-02T11:13:19.977+0530: 867.878: [DefNew
Desired survivor size 32768 bytes, new threshold 15 (max 15)
- age   2:         24 bytes,         24 total
- age   5:        184 bytes,        208 total
- age  11:         16 bytes,        224 total
: 502K->0K(960K), 0.0003569 secs] 5151K->5151K(10176K), 0.0004288 secs] [Times: user=0.00 sys=0.00, real=0.00 secs] 
2019-01-02T11:13:19.977+0530: 867.879: [GC (Allocation Failure) 2019-01-02T11:13:19.977+0530: 867.879: [DefNew
Desired survivor size 32768 bytes, new threshold 15 (max 15)
- age   1:         24 bytes,         24 total
- age   6:         72 bytes,         96 total
- age  12:         16 bytes,        112 total
: 520K->0K(960K), 0.0003307 secs] 5671K->5654K(10176K), 0.0004020 secs] [Times: user=0.00 sys=0.00, real=0.00 secs] 
2019-01-02T11:13:20.035+0530: 867.937: [GC (Allocation Failure) 2019-01-02T11:13:20.035+0530: 867.937: [DefNew
Desired survivor size 32768 bytes, new threshold 15 (max 15)
- age   1:        248 bytes,        248 total
- age   7:         16 bytes,        264 total
- age  13:         16 bytes,        280 total
: 873K->0K(960K), 0.0006950 secs] 6527K->5726K(10176K), 0.0009391 secs] [Times: user=0.00 sys=0.00, real=0.00 secs] 
2019-01-02T11:13:20.037+0530: 867.939: [GC (Allocation Failure) 2019-01-02T11:13:20.037+0530: 867.939: [DefNew
Desired survivor size 32768 bytes, new threshold 15 (max 15)
- age   2:        184 bytes,        184 total
- age   8:         16 bytes,        200 total
- age  14:         16 bytes,        216 total
: 896K->0K(960K), 0.0003444 secs] 6622K->6014K(10176K), 0.0004253 secs] [Times: user=0.00 sys=0.00, real=0.00 secs] 
2019-01-02T11:13:20.039+0530: 867.940: [GC (Allocation Failure) 2019-01-02T11:13:20.039+0530: 867.940: [DefNew
Desired survivor size 32768 bytes, new threshold 15 (max 15)
- age   3:        184 bytes,        184 total
- age   9:         16 bytes,        200 total
- age  15:         16 bytes,        216 total
: 896K->0K(960K), 0.0008564 secs] 6910K->6590K(10176K), 0.0010565 secs] [Times: user=0.00 sys=0.00, real=0.00 secs] 
2019-01-02T11:13:20.042+0530: 867.943: [GC (Allocation Failure) 2019-01-02T11:13:20.042+0530: 867.943: [DefNew
Desired survivor size 32768 bytes, new threshold 15 (max 15)
- age   1:         24 bytes,         24 total
- age   4:        184 bytes,        208 total
- age  10:         16 bytes,        224 total
: 479K->0K(960K), 0.0002931 secs] 7070K->6590K(10176K), 0.0003940 secs] [Times: user=0.01 sys=0.00, real=0.00 secs] 
2019-01-02T11:13:20.043+0530: 867.944: [GC (Allocation Failure) 2019-01-02T11:13:20.043+0530: 867.944: [DefNew
Desired survivor size 32768 bytes, new threshold 15 (max 15)
- age   2:         24 bytes,         24 total
- age   5:        184 bytes,        208 total
- age  11:         16 bytes,        224 total
: 502K->0K(960K), 0.0004105 secs] 7092K->7092K(10176K), 0.0005080 secs] [Times: user=0.00 sys=0.00, real=0.00 secs] 
2019-01-02T11:13:20.044+0530: 867.945: [GC (Allocation Failure) 2019-01-02T11:13:20.044+0530: 867.945: [DefNew
Desired survivor size 32768 bytes, new threshold 15 (max 15)
- age   1:         24 bytes,         24 total
- age   6:         72 bytes,         96 total
- age  12:         16 bytes,        112 total
: 520K->0K(960K), 0.0004430 secs] 7613K->7595K(10176K), 0.0005588 secs] [Times: user=0.00 sys=0.00, real=0.00 secs] 
2019-01-02T11:13:20.104+0530: 868.006: [GC (Allocation Failure) 2019-01-02T11:13:20.105+0530: 868.006: [DefNew
Desired survivor size 32768 bytes, new threshold 15 (max 15)
- age   1:        248 bytes,        248 total
- age   7:         16 bytes,        264 total
- age  13:         16 bytes,        280 total
: 873K->0K(960K), 0.0005171 secs] 8469K->7667K(10176K), 0.0008330 secs] [Times: user=0.00 sys=0.01, real=0.00 secs] 
2019-01-02T11:13:20.111+0530: 868.012: [GC (Allocation Failure) 2019-01-02T11:13:20.111+0530: 868.012: [DefNew
Desired survivor size 32768 bytes, new threshold 15 (max 15)
- age   2:        184 bytes,        184 total
- age   8:         16 bytes,        200 total
- age  14:         16 bytes,        216 total
: 896K->0K(960K), 0.0004561 secs] 8563K->7955K(10176K), 0.0005907 secs] [Times: user=0.00 sys=0.00, real=0.00 secs] 
2019-01-02T11:13:20.114+0530: 868.016: [GC (Allocation Failure) 2019-01-02T11:13:20.114+0530: 868.016: [DefNew
Desired survivor size 32768 bytes, new threshold 15 (max 15)
- age   3:        184 bytes,        184 total
- age   9:         16 bytes,        200 total
- age  15:         16 bytes,        216 total
: 896K->0K(960K), 0.0005542 secs] 8851K->8531K(10176K), 0.0006899 secs] [Times: user=0.00 sys=0.00, real=0.00 secs] 
2019-01-02T11:13:20.117+0530: 868.018: [GC (Allocation Failure) 2019-01-02T11:13:20.117+0530: 868.018: [DefNew
Desired survivor size 32768 bytes, new threshold 15 (max 15)
- age   1:         24 bytes,         24 total
- age   4:        184 bytes,        208 total
- age  10:         16 bytes,        224 total
: 479K->0K(960K), 0.0002851 secs] 9011K->8531K(10176K), 0.0003746 secs] [Times: user=0.00 sys=0.00, real=0.00 secs] 
2019-01-02T11:13:20.117+0530: 868.019: [GC (Allocation Failure) 2019-01-02T11:13:20.118+0530: 868.019: [DefNew
Desired survivor size 32768 bytes, new threshold 15 (max 15)
- age   2:         24 bytes,         24 total
- age   5:        184 bytes,        208 total
- age  11:         16 bytes,        224 total
: 502K->0K(960K), 0.0004276 secs] 9034K->9034K(10176K), 0.0005263 secs] [Times: user=0.00 sys=0.00, real=0.00 secs] 
2019-01-02T11:13:20.118+0530: 868.020: [GC (Allocation Failure) 2019-01-02T11:13:20.118+0530: 868.020: [DefNew: 520K->520K(960K), 0.0000439 secs]2019-01-02T11:13:20.119+0530: 868.020: [Tenured: 9033K->1269K(9216K), 0.0067456 secs] 9554K->1269K(10176K), [Metaspace: 2520K->2520K(1056768K)], 0.0070027 secs] [Times: user=0.02 sys=0.00, real=0.01 secs] 
2019-01-02T11:13:20.197+0530: 868.099: [GC (Allocation Failure) 2019-01-02T11:13:20.198+0530: 868.099: [DefNew
Desired survivor size 32768 bytes, new threshold 15 (max 15)
- age   1:        248 bytes,        248 total
: 873K->0K(960K), 0.0008649 secs] 2142K->1844K(10176K), 0.0013091 secs] [Times: user=0.02 sys=0.00, real=0.00 secs] 
2019-01-02T11:13:20.200+0530: 868.102: [GC (Allocation Failure) 2019-01-02T11:13:20.201+0530: 868.102: [DefNew
Desired survivor size 32768 bytes, new threshold 15 (max 15)
- age   2:        184 bytes,        184 total
: 896K->0K(960K), 0.0008883 secs] 2740K->2132K(10176K), 0.0010748 secs] [Times: user=0.00 sys=0.00, real=0.00 secs] 
2019-01-02T11:13:20.203+0530: 868.104: [GC (Allocation Failure) 2019-01-02T11:13:20.203+0530: 868.105: [DefNew
Desired survivor size 32768 bytes, new threshold 15 (max 15)
- age   3:        184 bytes,        184 total
: 896K->0K(960K), 0.0003700 secs] 3028K->2708K(10176K), 0.0004447 secs] [Times: user=0.00 sys=0.00, real=0.00 secs] 
2019-01-02T11:13:20.205+0530: 868.106: [GC (Allocation Failure) 2019-01-02T11:13:20.205+0530: 868.106: [DefNew
Desired survivor size 32768 bytes, new threshold 15 (max 15)
- age   1:         24 bytes,         24 total
- age   4:        184 bytes,        208 total
: 479K->0K(960K), 0.0002150 secs] 3187K->2708K(10176K), 0.0002748 secs] [Times: user=0.00 sys=0.00, real=0.00 secs] 
2019-01-02T11:13:20.205+0530: 868.106: [GC (Allocation Failure) 2019-01-02T11:13:20.205+0530: 868.107: [DefNew
Desired survivor size 32768 bytes, new threshold 15 (max 15)
- age   2:         24 bytes,         24 total
- age   5:        184 bytes,        208 total
: 502K->0K(960K), 0.0003193 secs] 3210K->3210K(10176K), 0.0003774 secs] [Times: user=0.00 sys=0.00, real=0.00 secs] 
2019-01-02T11:13:20.206+0530: 868.107: [GC (Allocation Failure) 2019-01-02T11:13:20.206+0530: 868.107: [DefNew
Desired survivor size 32768 bytes, new threshold 15 (max 15)
- age   1:         24 bytes,         24 total
- age   6:         72 bytes,         96 total
: 520K->0K(960K), 0.0003307 secs] 3731K->3713K(10176K), 0.0003997 secs] [Times: user=0.00 sys=0.00, real=0.00 secs] 
2019-01-02T11:13:20.277+0530: 868.179: [GC (Allocation Failure) 2019-01-02T11:13:20.278+0530: 868.179: [DefNew
Desired survivor size 32768 bytes, new threshold 15 (max 15)
- age   1:        248 bytes,        248 total
- age   7:         16 bytes,        264 total
: 873K->0K(960K), 0.0011506 secs] 4587K->3785K(10176K), 0.0014756 secs] [Times: user=0.00 sys=0.00, real=0.00 secs] 
2019-01-02T11:13:20.283+0530: 868.184: [GC (Allocation Failure) 2019-01-02T11:13:20.283+0530: 868.184: [DefNew
Desired survivor size 32768 bytes, new threshold 15 (max 15)
- age   2:        184 bytes,        184 total
- age   8:         16 bytes,        200 total
: 896K->0K(960K), 0.0003552 secs] 4681K->4073K(10176K), 0.0004618 secs] [Times: user=0.00 sys=0.00, real=0.00 secs] 
2019-01-02T11:13:20.284+0530: 868.186: [GC (Allocation Failure) 2019-01-02T11:13:20.284+0530: 868.186: [DefNew
Desired survivor size 32768 bytes, new threshold 15 (max 15)
- age   3:        184 bytes,        184 total
- age   9:         16 bytes,        200 total
: 896K->0K(960K), 0.0003752 secs] 4969K->4649K(10176K), 0.0004510 secs] [Times: user=0.00 sys=0.00, real=0.00 secs] 
2019-01-02T11:13:20.286+0530: 868.187: [GC (Allocation Failure) 2019-01-02T11:13:20.286+0530: 868.187: [DefNew
Desired survivor size 32768 bytes, new threshold 15 (max 15)
- age   1:         24 bytes,         24 total
- age   4:        184 bytes,        208 total
- age  10:         16 bytes,        224 total
: 479K->0K(960K), 0.0002195 secs] 5129K->4649K(10176K), 0.0002737 secs] [Times: user=0.00 sys=0.00, real=0.00 secs] 
2019-01-02T11:13:20.286+0530: 868.188: [GC (Allocation Failure) 2019-01-02T11:13:20.286+0530: 868.188: [DefNew
Desired survivor size 32768 bytes, new threshold 15 (max 15)
- age   2:         24 bytes,         24 total
- age   5:        184 bytes,        208 total
- age  11:         16 bytes,        224 total
: 502K->0K(960K), 0.0002999 secs] 5152K->5152K(10176K), 0.0003518 secs] [Times: user=0.00 sys=0.00, real=0.00 secs] 
2019-01-02T11:13:20.287+0530: 868.188: [GC (Allocation Failure) 2019-01-02T11:13:20.287+0530: 868.188: [DefNew
Desired survivor size 32768 bytes, new threshold 15 (max 15)
- age   1:         24 bytes,         24 total
- age   6:         72 bytes,         96 total
- age  12:         16 bytes,        112 total
: 520K->0K(960K), 0.0003062 secs] 5672K->5654K(10176K), 0.0003569 secs] [Times: user=0.00 sys=0.00, real=0.00 secs] 
2019-01-02T11:13:20.346+0530: 868.248: [GC (Allocation Failure) 2019-01-02T11:13:20.347+0530: 868.248: [DefNew
Desired survivor size 32768 bytes, new threshold 15 (max 15)
- age   1:        248 bytes,        248 total
- age   7:         16 bytes,        264 total
- age  13:         16 bytes,        280 total
: 873K->0K(960K), 0.0010645 secs] 6528K->5726K(10176K), 0.0013912 secs] [Times: user=0.00 sys=0.00, real=0.00 secs] 
2019-01-02T11:13:20.349+0530: 868.251: [GC (Allocation Failure) 2019-01-02T11:13:20.350+0530: 868.251: [DefNew
Desired survivor size 32768 bytes, new threshold 15 (max 15)
- age   2:        184 bytes,        184 total
- age   8:         16 bytes,        200 total
- age  14:         16 bytes,        216 total
: 896K->0K(960K), 0.0008689 secs] 6622K->6014K(10176K), 0.0010998 secs] [Times: user=0.00 sys=0.00, real=0.00 secs] 
2019-01-02T11:13:20.352+0530: 868.253: [GC (Allocation Failure) 2019-01-02T11:13:20.352+0530: 868.253: [DefNew
Desired survivor size 32768 bytes, new threshold 15 (max 15)
- age   3:        184 bytes,        184 total
- age   9:         16 bytes,        200 total
- age  15:         16 bytes,        216 total
: 896K->0K(960K), 0.0009955 secs] 6910K->6590K(10176K), 0.0011740 secs] [Times: user=0.00 sys=0.00, real=0.00 secs] 
2019-01-02T11:13:20.354+0530: 868.256: [GC (Allocation Failure) 2019-01-02T11:13:20.354+0530: 868.256: [DefNew
Desired survivor size 32768 bytes, new threshold 15 (max 15)
- age   1:         24 bytes,         24 total
- age   4:        184 bytes,        208 total
- age  10:         16 bytes,        224 total
: 479K->0K(960K), 0.0002731 secs] 7070K->6590K(10176K), 0.0003398 secs] [Times: user=0.00 sys=0.00, real=0.00 secs] 
2019-01-02T11:13:20.355+0530: 868.256: [GC (Allocation Failure) 2019-01-02T11:13:20.355+0530: 868.256: [DefNew
Desired survivor size 32768 bytes, new threshold 15 (max 15)
- age   2:         24 bytes,         24 total
- age   5:        184 bytes,        208 total
- age  11:         16 bytes,        224 total
: 502K->0K(960K), 0.0003079 secs] 7093K->7093K(10176K), 0.0003598 secs] [Times: user=0.00 sys=0.00, real=0.00 secs] 
2019-01-02T11:13:20.356+0530: 868.257: [GC (Allocation Failure) 2019-01-02T11:13:20.356+0530: 868.257: [DefNew
Desired survivor size 32768 bytes, new threshold 15 (max 15)
- age   1:         24 bytes,         24 total
- age   6:         72 bytes,         96 total
- age  12:         16 bytes,        112 total
: 520K->0K(960K), 0.0003022 secs] 7613K->7596K(10176K), 0.0003529 secs] [Times: user=0.00 sys=0.00, real=0.00 secs] 
2019-01-02T11:13:20.418+0530: 868.320: [GC (Allocation Failure) 2019-01-02T11:13:20.418+0530: 868.320: [DefNew
Desired survivor size 32768 bytes, new threshold 15 (max 15)
- age   1:        248 bytes,        248 total
- age   7:         16 bytes,        264 total
- age  13:         16 bytes,        280 total
: 873K->0K(960K), 0.0003700 secs] 8469K->7668K(10176K), 0.0006158 secs] [Times: user=0.00 sys=0.00, real=0.00 secs] 
2019-01-02T11:13:20.420+0530: 868.322: [GC (Allocation Failure) 2019-01-02T11:13:20.420+0530: 868.322: [DefNew
Desired survivor size 32768 bytes, new threshold 15 (max 15)
- age   2:        184 bytes,        184 total
- age   8:         16 bytes,        200 total
- age  14:         16 bytes,        216 total
: 896K->0K(960K), 0.0003638 secs] 8564K->7956K(10176K), 0.0004487 secs] [Times: user=0.00 sys=0.00, real=0.00 secs] 
2019-01-02T11:13:20.422+0530: 868.323: [GC (Allocation Failure) 2019-01-02T11:13:20.422+0530: 868.323: [DefNew
Desired survivor size 32768 bytes, new threshold 15 (max 15)
- age   3:        184 bytes,        184 total
- age   9:         16 bytes,        200 total
- age  15:         16 bytes,        216 total
: 896K->0K(960K), 0.0004060 secs] 8852K->8532K(10176K), 0.0004977 secs] [Times: user=0.00 sys=0.00, real=0.00 secs] 
2019-01-02T11:13:20.424+0530: 868.325: [GC (Allocation Failure) 2019-01-02T11:13:20.424+0530: 868.325: [DefNew
Desired survivor size 32768 bytes, new threshold 15 (max 15)
- age   1:         24 bytes,         24 total
- age   4:        184 bytes,        208 total
- age  10:         16 bytes,        224 total
: 479K->0K(960K), 0.0002697 secs] 9011K->8532K(10176K), 0.0003598 secs] [Times: user=0.00 sys=0.00, real=0.00 secs] 
2019-01-02T11:13:20.425+0530: 868.327: [GC (Allocation Failure) 2019-01-02T11:13:20.425+0530: 868.327: [DefNew
Desired survivor size 32768 bytes, new threshold 15 (max 15)
- age   2:         24 bytes,         24 total
- age   5:        184 bytes,        208 total
- age  11:         16 bytes,        224 total
: 502K->0K(960K), 0.0013952 secs] 9034K->9034K(10176K), 0.0017595 secs] [Times: user=0.00 sys=0.00, real=0.00 secs] 
2019-01-02T11:13:20.428+0530: 868.330: [GC (Allocation Failure) 2019-01-02T11:13:20.428+0530: 868.330: [DefNew: 520K->520K(960K), 0.0000656 secs]2019-01-02T11:13:20.428+0530: 868.330: [Tenured: 9034K->1269K(9216K), 0.0052358 secs] 9555K->1269K(10176K), [Metaspace: 2520K->2520K(1056768K)], 0.0055459 secs] [Times: user=0.02 sys=0.00, real=0.01 secs] 
2019-01-02T11:13:20.500+0530: 868.402: [GC (Allocation Failure) 2019-01-02T11:13:20.501+0530: 868.402: [DefNew
Desired survivor size 32768 bytes, new threshold 15 (max 15)
- age   1:        248 bytes,        248 total
: 873K->0K(960K), 0.0015183 secs] 2143K->1844K(10176K), 0.0018673 secs] [Times: user=0.00 sys=0.00, real=0.00 secs] 
2019-01-02T11:13:20.504+0530: 868.406: [GC (Allocation Failure) 2019-01-02T11:13:20.504+0530: 868.406: [DefNew
Desired survivor size 32768 bytes, new threshold 15 (max 15)
- age   2:        184 bytes,        184 total
: 896K->0K(960K), 0.0004727 secs] 2740K->2132K(10176K), 0.0007509 secs] [Times: user=0.00 sys=0.00, real=0.00 secs] 
2019-01-02T11:13:20.506+0530: 868.407: [GC (Allocation Failure) 2019-01-02T11:13:20.506+0530: 868.407: [DefNew
Desired survivor size 32768 bytes, new threshold 15 (max 15)
- age   3:        184 bytes,        184 total
: 896K->0K(960K), 0.0003484 secs] 3028K->2708K(10176K), 0.0004065 secs] [Times: user=0.00 sys=0.00, real=0.00 secs] 
2019-01-02T11:13:20.507+0530: 868.408: [GC (Allocation Failure) 2019-01-02T11:13:20.507+0530: 868.408: [DefNew
Desired survivor size 32768 bytes, new threshold 15 (max 15)
- age   1:         24 bytes,         24 total
- age   4:        184 bytes,        208 total
: 479K->0K(960K), 0.0002104 secs] 3188K->2708K(10176K), 0.0002600 secs] [Times: user=0.00 sys=0.00, real=0.00 secs] 
2019-01-02T11:13:20.508+0530: 868.409: [GC (Allocation Failure) 2019-01-02T11:13:20.508+0530: 868.409: [DefNew
Desired survivor size 32768 bytes, new threshold 15 (max 15)
- age   2:         24 bytes,         24 total
- age   5:        184 bytes,        208 total
: 502K->0K(960K), 0.0002902 secs] 3211K->3211K(10176K), 0.0003392 secs] [Times: user=0.00 sys=0.00, real=0.00 secs] 
2019-01-02T11:13:20.508+0530: 868.410: [GC (Allocation Failure) 2019-01-02T11:13:20.508+0530: 868.410: [DefNew
Desired survivor size 32768 bytes, new threshold 15 (max 15)
- age   1:         24 bytes,         24 total
- age   6:         72 bytes,         96 total
: 520K->0K(960K), 0.0013376 secs] 3731K->3713K(10176K), 0.0015468 secs] [Times: user=0.00 sys=0.00, real=0.00 secs] 
2019-01-02T11:13:20.571+0530: 868.473: [GC (Allocation Failure) 2019-01-02T11:13:20.571+0530: 868.473: [DefNew
Desired survivor size 32768 bytes, new threshold 15 (max 15)
- age   1:        248 bytes,        248 total
- age   7:         16 bytes,        264 total
: 873K->0K(960K), 0.0003917 secs] 4587K->3785K(10176K), 0.0004960 secs] [Times: user=0.00 sys=0.00, real=0.00 secs] 
2019-01-02T11:13:20.573+0530: 868.474: [GC (Allocation Failure) 2019-01-02T11:13:20.573+0530: 868.474: [DefNew
Desired survivor size 32768 bytes, new threshold 15 (max 15)
- age   2:        184 bytes,        184 total
- age   8:         16 bytes,        200 total
: 896K->0K(960K), 0.0003193 secs] 4681K->4073K(10176K), 0.0003985 secs] [Times: user=0.00 sys=0.00, real=0.00 secs] 
2019-01-02T11:13:20.574+0530: 868.476: [GC (Allocation Failure) 2019-01-02T11:13:20.574+0530: 868.476: [DefNew
Desired survivor size 32768 bytes, new threshold 15 (max 15)
- age   3:        184 bytes,        184 total
- age   9:         16 bytes,        200 total
: 896K->0K(960K), 0.0003392 secs] 4969K->4649K(10176K), 0.0004020 secs] [Times: user=0.00 sys=0.00, real=0.00 secs] 
2019-01-02T11:13:20.576+0530: 868.477: [GC (Allocation Failure) 2019-01-02T11:13:20.576+0530: 868.478: [DefNew
Desired survivor size 32768 bytes, new threshold 15 (max 15)
- age   1:         24 bytes,         24 total
- age   4:        184 bytes,        208 total
- age  10:         16 bytes,        224 total
: 479K->0K(960K), 0.0008678 secs] 5129K->4649K(10176K), 0.0011779 secs] [Times: user=0.00 sys=0.00, real=0.00 secs] 
2019-01-02T11:13:20.578+0530: 868.479: [GC (Allocation Failure) 2019-01-02T11:13:20.578+0530: 868.479: [DefNew
Desired survivor size 32768 bytes, new threshold 15 (max 15)
- age   2:         24 bytes,         24 total
- age   5:        184 bytes,        208 total
- age  11:         16 bytes,        224 total
: 502K->0K(960K), 0.0003752 secs] 5152K->5152K(10176K), 0.0004687 secs] [Times: user=0.00 sys=0.00, real=0.00 secs] 
2019-01-02T11:13:20.578+0530: 868.480: [GC (Allocation Failure) 2019-01-02T11:13:20.578+0530: 868.480: [DefNew
Desired survivor size 32768 bytes, new threshold 15 (max 15)
- age   1:         24 bytes,         24 total
- age   6:         72 bytes,         96 total
- age  12:         16 bytes,        112 total
: 520K->0K(960K), 0.0003900 secs] 5672K->5655K(10176K), 0.0004715 secs] [Times: user=0.00 sys=0.00, real=0.00 secs] 
2019-01-02T11:13:20.640+0530: 868.541: [GC (Allocation Failure) 2019-01-02T11:13:20.640+0530: 868.541: [DefNew
Desired survivor size 32768 bytes, new threshold 15 (max 15)
- age   1:        248 bytes,        248 total
- age   7:         16 bytes,        264 total
- age  13:         16 bytes,        280 total
: 873K->0K(960K), 0.0011198 secs] 6529K->5727K(10176K), 0.0014186 secs] [Times: user=0.00 sys=0.00, real=0.00 secs] 
2019-01-02T11:13:20.642+0530: 868.544: [GC (Allocation Failure) 2019-01-02T11:13:20.643+0530: 868.544: [DefNew
Desired survivor size 32768 bytes, new threshold 15 (max 15)
- age   2:        184 bytes,        184 total
- age   8:         16 bytes,        200 total
- age  14:         16 bytes,        216 total
: 896K->0K(960K), 0.0015263 secs] 6623K->6015K(10176K), 0.0019933 secs] [Times: user=0.00 sys=0.00, real=0.00 secs] 
2019-01-02T11:13:20.645+0530: 868.547: [GC (Allocation Failure) 2019-01-02T11:13:20.645+0530: 868.547: [DefNew
Desired survivor size 32768 bytes, new threshold 15 (max 15)
- age   3:        184 bytes,        184 total
- age   9:         16 bytes,        200 total
- age  15:         16 bytes,        216 total
: 896K->0K(960K), 0.0004881 secs] 6911K->6591K(10176K), 0.0005987 secs] [Times: user=0.00 sys=0.00, real=0.00 secs] 
2019-01-02T11:13:20.648+0530: 868.549: [GC (Allocation Failure) 2019-01-02T11:13:20.648+0530: 868.550: [DefNew
Desired survivor size 32768 bytes, new threshold 15 (max 15)
- age   1:         24 bytes,         24 total
- age   4:        184 bytes,        208 total
- age  10:         16 bytes,        224 total
: 479K->0K(960K), 0.0003655 secs] 7071K->6591K(10176K), 0.0004949 secs] [Times: user=0.00 sys=0.00, real=0.00 secs] 
2019-01-02T11:13:20.649+0530: 868.550: [GC (Allocation Failure) 2019-01-02T11:13:20.649+0530: 868.550: [DefNew
Desired survivor size 32768 bytes, new threshold 15 (max 15)
- age   2:         24 bytes,         24 total
- age   5:        184 bytes,        208 total
- age  11:         16 bytes,        224 total
: 502K->0K(960K), 0.0005308 secs] 7094K->7094K(10176K), 0.0006705 secs] [Times: user=0.00 sys=0.00, real=0.00 secs] 
2019-01-02T11:13:20.650+0530: 868.552: [GC (Allocation Failure) 2019-01-02T11:13:20.650+0530: 868.552: [DefNew
Desired survivor size 32768 bytes, new threshold 15 (max 15)
- age   1:         24 bytes,         24 total
- age   6:         72 bytes,         96 total
- age  12:         16 bytes,        112 total
: 520K->0K(960K), 0.0005200 secs] 7614K->7596K(10176K), 0.0006106 secs] [Times: user=0.01 sys=0.00, real=0.00 secs] 
2019-01-02T11:13:20.710+0530: 868.611: [GC (Allocation Failure) 2019-01-02T11:13:20.710+0530: 868.612: [DefNew
Desired survivor size 32768 bytes, new threshold 15 (max 15)
- age   1:        248 bytes,        248 total
- age   7:         16 bytes,        264 total
- age  13:         16 bytes,        280 total
: 873K->0K(960K), 0.0010383 secs] 8470K->7669K(10176K), 0.0015058 secs] [Times: user=0.00 sys=0.00, real=0.00 secs] 
2019-01-02T11:13:20.714+0530: 868.615: [GC (Allocation Failure) 2019-01-02T11:13:20.714+0530: 868.615: [DefNew
Desired survivor size 32768 bytes, new threshold 15 (max 15)
- age   2:        184 bytes,        184 total
- age   8:         16 bytes,        200 total
- age  14:         16 bytes,        216 total
: 896K->0K(960K), 0.0008176 secs] 8565K->7956K(10176K), 0.0013136 secs] [Times: user=0.00 sys=0.00, real=0.00 secs] 
2019-01-02T11:13:20.717+0530: 868.618: [GC (Allocation Failure) 2019-01-02T11:13:20.717+0530: 868.619: [DefNew
Desired survivor size 32768 bytes, new threshold 15 (max 15)
- age   3:        184 bytes,        184 total
- age   9:         16 bytes,        200 total
- age  15:         16 bytes,        216 total
: 896K->0K(960K), 0.0005582 secs] 8852K->8532K(10176K), 0.0006990 secs] [Times: user=0.00 sys=0.00, real=0.00 secs] 
2019-01-02T11:13:20.719+0530: 868.621: [GC (Allocation Failure) 2019-01-02T11:13:20.719+0530: 868.621: [DefNew
Desired survivor size 32768 bytes, new threshold 15 (max 15)
- age   1:         24 bytes,         24 total
- age   4:        184 bytes,        208 total
- age  10:         16 bytes,        224 total
: 479K->0K(960K), 0.0003735 secs] 9012K->8533K(10176K), 0.0004863 secs] [Times: user=0.00 sys=0.00, real=0.00 secs] 
2019-01-02T11:13:20.720+0530: 868.622: [GC (Allocation Failure) 2019-01-02T11:13:20.720+0530: 868.622: [DefNew
Desired survivor size 32768 bytes, new threshold 15 (max 15)
- age   2:         24 bytes,         24 total
- age   5:        184 bytes,        208 total
- age  11:         16 bytes,        224 total
: 502K->0K(960K), 0.0004544 secs] 9035K->9035K(10176K), 0.0005411 secs] [Times: user=0.00 sys=0.00, real=0.00 secs] 
2019-01-02T11:13:20.721+0530: 868.623: [GC (Allocation Failure) 2019-01-02T11:13:20.721+0530: 868.623: [DefNew: 520K->520K(960K), 0.0000393 secs]2019-01-02T11:13:20.721+0530: 868.623: [Tenured: 9035K->1269K(9216K), 0.0061771 secs] 9556K->1269K(10176K), [Metaspace: 2520K->2520K(1056768K)], 0.0065882 secs] [Times: user=0.00 sys=0.00, real=0.01 secs] 
2019-01-02T11:13:20.794+0530: 868.696: [GC (Allocation Failure) 2019-01-02T11:13:20.794+0530: 868.696: [DefNew
Desired survivor size 32768 bytes, new threshold 15 (max 15)
- age   1:        248 bytes,        248 total
: 873K->0K(960K), 0.0012629 secs] 2143K->1844K(10176K), 0.0014647 secs] [Times: user=0.00 sys=0.00, real=0.00 secs] 
2019-01-02T11:13:20.798+0530: 868.699: [GC (Allocation Failure) 2019-01-02T11:13:20.798+0530: 868.699: [DefNew
Desired survivor size 32768 bytes, new threshold 15 (max 15)
- age   2:        184 bytes,        184 total
: 896K->0K(960K), 0.0007606 secs] 2740K->2132K(10176K), 0.0010793 secs] [Times: user=0.00 sys=0.00, real=0.00 secs] 
2019-01-02T11:13:20.801+0530: 868.702: [GC (Allocation Failure) 2019-01-02T11:13:20.801+0530: 868.702: [DefNew
Desired survivor size 32768 bytes, new threshold 15 (max 15)
- age   3:        184 bytes,        184 total
: 896K->0K(960K), 0.0004795 secs] 3028K->2708K(10176K), 0.0005952 secs] [Times: user=0.00 sys=0.00, real=0.00 secs] 
2019-01-02T11:13:20.802+0530: 868.704: [GC (Allocation Failure) 2019-01-02T11:13:20.802+0530: 868.704: [DefNew
Desired survivor size 32768 bytes, new threshold 15 (max 15)
- age   1:         24 bytes,         24 total
- age   4:        184 bytes,        208 total
: 479K->0K(960K), 0.0003809 secs] 3188K->2708K(10176K), 0.0005017 secs] [Times: user=0.00 sys=0.00, real=0.00 secs] 
2019-01-02T11:13:20.803+0530: 868.705: [GC (Allocation Failure) 2019-01-02T11:13:20.803+0530: 868.705: [DefNew
Desired survivor size 32768 bytes, new threshold 15 (max 15)
- age   2:         24 bytes,         24 total
- age   5:        184 bytes,        208 total
: 502K->0K(960K), 0.0004658 secs] 3211K->3211K(10176K), 0.0005605 secs] [Times: user=0.00 sys=0.00, real=0.00 secs] 
2019-01-02T11:13:20.804+0530: 868.706: [GC (Allocation Failure) 2019-01-02T11:13:20.804+0530: 868.706: [DefNew
Desired survivor size 32768 bytes, new threshold 15 (max 15)
- age   1:         24 bytes,         24 total
- age   6:         72 bytes,         96 total
: 520K->0K(960K), 0.0004265 secs] 3731K->3714K(10176K), 0.0005126 secs] [Times: user=0.00 sys=0.00, real=0.00 secs] 
2019-01-02T11:13:20.870+0530: 868.772: [GC (Allocation Failure) 2019-01-02T11:13:20.871+0530: 868.772: [DefNew
Desired survivor size 32768 bytes, new threshold 15 (max 15)
- age   1:        248 bytes,        248 total
- age   7:         16 bytes,        264 total
: 873K->0K(960K), 0.0008866 secs] 4588K->3786K(10176K), 0.0011665 secs] [Times: user=0.00 sys=0.00, real=0.00 secs] 
2019-01-02T11:13:20.873+0530: 868.775: [GC (Allocation Failure) 2019-01-02T11:13:20.873+0530: 868.775: [DefNew
Desired survivor size 32768 bytes, new threshold 15 (max 15)
- age   2:        184 bytes,        184 total
- age   8:         16 bytes,        200 total
: 896K->0K(960K), 0.0003415 secs] 4682K->4074K(10176K), 0.0004379 secs] [Times: user=0.00 sys=0.00, real=0.00 secs] 
2019-01-02T11:13:20.874+0530: 868.776: [GC (Allocation Failure) 2019-01-02T11:13:20.874+0530: 868.776: [DefNew
Desired survivor size 32768 bytes, new threshold 15 (max 15)
- age   3:        184 bytes,        184 total
- age   9:         16 bytes,        200 total
: 896K->0K(960K), 0.0003324 secs] 4970K->4650K(10176K), 0.0003871 secs] [Times: user=0.00 sys=0.00, real=0.00 secs] 
2019-01-02T11:13:20.876+0530: 868.777: [GC (Allocation Failure) 2019-01-02T11:13:20.876+0530: 868.777: [DefNew
Desired survivor size 32768 bytes, new threshold 15 (max 15)
- age   1:         24 bytes,         24 total
- age   4:        184 bytes,        208 total
- age  10:         16 bytes,        224 total
: 479K->0K(960K), 0.0002326 secs] 5130K->4650K(10176K), 0.0002936 secs] [Times: user=0.00 sys=0.00, real=0.00 secs] 
2019-01-02T11:13:20.876+0530: 868.778: [GC (Allocation Failure) 2019-01-02T11:13:20.876+0530: 868.778: [DefNew
Desired survivor size 32768 bytes, new threshold 15 (max 15)
- age   2:         24 bytes,         24 total
- age   5:        184 bytes,        208 total
- age  11:         16 bytes,        224 total
: 503K->0K(960K), 0.0004293 secs] 5153K->5153K(10176K), 0.0005131 secs] [Times: user=0.00 sys=0.00, real=0.00 secs] 
2019-01-02T11:13:20.879+0530: 868.780: [GC (Allocation Failure) 2019-01-02T11:13:20.879+0530: 868.780: [DefNew
Desired survivor size 32768 bytes, new threshold 15 (max 15)
- age   1:         24 bytes,         24 total
- age   6:         72 bytes,         96 total
- age  12:         16 bytes,        112 total
: 520K->0K(960K), 0.0005422 secs] 5673K->5655K(10176K), 0.0006677 secs] [Times: user=0.00 sys=0.00, real=0.00 secs] 
2019-01-02T11:13:20.941+0530: 868.842: [GC (Allocation Failure) 2019-01-02T11:13:20.941+0530: 868.843: [DefNew
Desired survivor size 32768 bytes, new threshold 15 (max 15)
- age   1:        248 bytes,        248 total
- age   7:         16 bytes,        264 total
- age  13:         16 bytes,        280 total
: 874K->0K(960K), 0.0005833 secs] 6529K->5728K(10176K), 0.0009009 secs] [Times: user=0.00 sys=0.00, real=0.00 secs] 
2019-01-02T11:13:20.943+0530: 868.844: [GC (Allocation Failure) 2019-01-02T11:13:20.943+0530: 868.844: [DefNew
Desired survivor size 32768 bytes, new threshold 15 (max 15)
- age   2:        184 bytes,        184 total
- age   8:         16 bytes,        200 total
- age  14:         16 bytes,        216 total
: 896K->0K(960K), 0.0002999 secs] 6624K->6015K(10176K), 0.0003598 secs] [Times: user=0.00 sys=0.00, real=0.00 secs] 
2019-01-02T11:13:20.944+0530: 868.846: [GC (Allocation Failure) 2019-01-02T11:13:20.944+0530: 868.846: [DefNew
Desired survivor size 32768 bytes, new threshold 15 (max 15)
- age   3:        184 bytes,        184 total
- age   9:         16 bytes,        200 total
- age  15:         16 bytes,        216 total
: 896K->0K(960K), 0.0015286 secs] 6911K->6591K(10176K), 0.0017920 secs] [Times: user=0.00 sys=0.00, real=0.00 secs] 
2019-01-02T11:13:20.948+0530: 868.849: [GC (Allocation Failure) 2019-01-02T11:13:20.948+0530: 868.849: [DefNew
Desired survivor size 32768 bytes, new threshold 15 (max 15)
- age   1:         24 bytes,         24 total
- age   4:        184 bytes,        208 total
- age  10:         16 bytes,        224 total
: 479K->0K(960K), 0.0003609 secs] 7071K->6592K(10176K), 0.0004903 secs] [Times: user=0.00 sys=0.00, real=0.00 secs] 
2019-01-02T11:13:20.950+0530: 868.851: [GC (Allocation Failure) 2019-01-02T11:13:20.950+0530: 868.851: [DefNew
Desired survivor size 32768 bytes, new threshold 15 (max 15)
- age   2:         24 bytes,         24 total
- age   5:        184 bytes,        208 total
- age  11:         16 bytes,        224 total
: 503K->0K(960K), 0.0008792 secs] 7094K->7094K(10176K), 0.0011318 secs] [Times: user=0.00 sys=0.00, real=0.00 secs] 
2019-01-02T11:13:20.951+0530: 868.853: [GC (Allocation Failure) 2019-01-02T11:13:20.952+0530: 868.853: [DefNew
Desired survivor size 32768 bytes, new threshold 15 (max 15)
- age   1:         24 bytes,         24 total
- age   6:         72 bytes,         96 total
- age  12:         16 bytes,        112 total
: 520K->0K(960K), 0.0004881 secs] 7615K->7597K(10176K), 0.0006260 secs] [Times: user=0.00 sys=0.00, real=0.00 secs] 
2019-01-02T11:13:21.013+0530: 868.915: [GC (Allocation Failure) 2019-01-02T11:13:21.013+0530: 868.915: [DefNew
Desired survivor size 32768 bytes, new threshold 15 (max 15)
- age   1:        248 bytes,        248 total
- age   7:         16 bytes,        264 total
- age  13:         16 bytes,        280 total
: 874K->0K(960K), 0.0008512 secs] 8471K->7669K(10176K), 0.0011563 secs] [Times: user=0.00 sys=0.00, real=0.00 secs] 
2019-01-02T11:13:21.016+0530: 868.918: [GC (Allocation Failure) 2019-01-02T11:13:21.017+0530: 868.918: [DefNew
Desired survivor size 32768 bytes, new threshold 15 (max 15)
- age   2:        184 bytes,        184 total
- age   8:         16 bytes,        200 total
- age  14:         16 bytes,        216 total
: 896K->0K(960K), 0.0015143 secs] 8565K->7957K(10176K), 0.0019174 secs] [Times: user=0.00 sys=0.00, real=0.00 secs] 
2019-01-02T11:13:21.020+0530: 868.921: [GC (Allocation Failure) 2019-01-02T11:13:21.020+0530: 868.921: [DefNew
Desired survivor size 32768 bytes, new threshold 15 (max 15)
- age   3:        184 bytes,        184 total
- age   9:         16 bytes,        200 total
- age  15:         16 bytes,        216 total
: 896K->0K(960K), 0.0004835 secs] 8853K->8533K(10176K), 0.0005987 secs] [Times: user=0.00 sys=0.00, real=0.00 secs] 
2019-01-02T11:13:21.022+0530: 868.923: [GC (Allocation Failure) 2019-01-02T11:13:21.022+0530: 868.923: [DefNew
Desired survivor size 32768 bytes, new threshold 15 (max 15)
- age   1:         24 bytes,         24 total
- age   4:        184 bytes,        208 total
- age  10:         16 bytes,        224 total
: 479K->0K(960K), 0.0003181 secs] 9013K->8533K(10176K), 0.0004156 secs] [Times: user=0.00 sys=0.00, real=0.00 secs] 
2019-01-02T11:13:21.022+0530: 868.924: [GC (Allocation Failure) 2019-01-02T11:13:21.023+0530: 868.924: [DefNew
Desired survivor size 32768 bytes, new threshold 15 (max 15)
- age   2:         24 bytes,         24 total
- age   5:        184 bytes,        208 total
- age  11:         16 bytes,        224 total
: 503K->0K(960K), 0.0005183 secs] 9036K->9036K(10176K), 0.0006209 secs] [Times: user=0.00 sys=0.00, real=0.00 secs] 
2019-01-02T11:13:21.024+0530: 868.926: [GC (Allocation Failure) 2019-01-02T11:13:21.025+0530: 868.926: [DefNew: 520K->520K(960K), 0.0000969 secs]2019-01-02T11:13:21.025+0530: 868.926: [Tenured: 9036K->1269K(9216K), 0.0059929 secs] 9557K->1269K(10176K), [Metaspace: 2520K->2520K(1056768K)], 0.0066178 secs] [Times: user=0.02 sys=0.00, real=0.01 secs] 
2019-01-02T11:13:21.094+0530: 868.996: [GC (Allocation Failure) 2019-01-02T11:13:21.095+0530: 868.996: [DefNew
Desired survivor size 32768 bytes, new threshold 15 (max 15)
- age   1:        248 bytes,        248 total
: 873K->0K(960K), 0.0018256 secs] 2143K->1844K(10176K), 0.0023662 secs] [Times: user=0.00 sys=0.00, real=0.00 secs] 
2019-01-02T11:13:21.098+0530: 869.000: [GC (Allocation Failure) 2019-01-02T11:13:21.098+0530: 869.000: [DefNew
Desired survivor size 32768 bytes, new threshold 15 (max 15)
- age   2:        184 bytes,        184 total
: 896K->0K(960K), 0.0008245 secs] 2740K->2132K(10176K), 0.0010098 secs] [Times: user=0.00 sys=0.00, real=0.00 secs] 
2019-01-02T11:13:21.101+0530: 869.002: [GC (Allocation Failure) 2019-01-02T11:13:21.101+0530: 869.003: [DefNew
Desired survivor size 32768 bytes, new threshold 15 (max 15)
- age   3:        184 bytes,        184 total
: 896K->0K(960K), 0.0014043 secs] 3028K->2708K(10176K), 0.0017424 secs] [Times: user=0.00 sys=0.00, real=0.00 secs] 
2019-01-02T11:13:21.104+0530: 869.006: [GC (Allocation Failure) 2019-01-02T11:13:21.105+0530: 869.006: [DefNew
Desired survivor size 32768 bytes, new threshold 15 (max 15)
- age   1:         24 bytes,         24 total
- age   4:        184 bytes,        208 total
: 479K->0K(960K), 0.0002646 secs] 3188K->2708K(10176K), 0.0003495 secs] [Times: user=0.00 sys=0.00, real=0.00 secs] 
2019-01-02T11:13:21.105+0530: 869.007: [GC (Allocation Failure) 2019-01-02T11:13:21.105+0530: 869.007: [DefNew
Desired survivor size 32768 bytes, new threshold 15 (max 15)
- age   2:         24 bytes,         24 total
- age   5:        184 bytes,        208 total
: 503K->0K(960K), 0.0003119 secs] 3211K->3211K(10176K), 0.0003729 secs] [Times: user=0.00 sys=0.00, real=0.00 secs] 
2019-01-02T11:13:21.106+0530: 869.007: [GC (Allocation Failure) 2019-01-02T11:13:21.106+0530: 869.007: [DefNew
Desired survivor size 32768 bytes, new threshold 15 (max 15)
- age   1:         24 bytes,         24 total
- age   6:         72 bytes,         96 total
: 520K->0K(960K), 0.0004179 secs] 3732K->3714K(10176K), 0.0005080 secs] [Times: user=0.00 sys=0.00, real=0.00 secs] 
2019-01-02T11:13:21.172+0530: 869.074: [GC (Allocation Failure) 2019-01-02T11:13:21.172+0530: 869.074: [DefNew
Desired survivor size 32768 bytes, new threshold 15 (max 15)
- age   1:        248 bytes,        248 total
- age   7:         16 bytes,        264 total
: 874K->0K(960K), 0.0008997 secs] 4588K->3786K(10176K), 0.0011717 secs] [Times: user=0.00 sys=0.00, real=0.00 secs] 
2019-01-02T11:13:21.175+0530: 869.076: [GC (Allocation Failure) 2019-01-02T11:13:21.175+0530: 869.076: [DefNew
Desired survivor size 32768 bytes, new threshold 15 (max 15)
- age   2:        184 bytes,        184 total
- age   8:         16 bytes,        200 total
: 896K->0K(960K), 0.0008638 secs] 4682K->4074K(10176K), 0.0010616 secs] [Times: user=0.00 sys=0.00, real=0.00 secs] 
2019-01-02T11:13:21.178+0530: 869.079: [GC (Allocation Failure) 2019-01-02T11:13:21.178+0530: 869.079: [DefNew
Desired survivor size 32768 bytes, new threshold 15 (max 15)
- age   3:        184 bytes,        184 total
- age   9:         16 bytes,        200 total
: 896K->0K(960K), 0.0010588 secs] 4970K->4650K(10176K), 0.0013045 secs] [Times: user=0.00 sys=0.00, real=0.00 secs] 
2019-01-02T11:13:21.181+0530: 869.083: [GC (Allocation Failure) 2019-01-02T11:13:21.181+0530: 869.083: [DefNew
Desired survivor size 32768 bytes, new threshold 15 (max 15)
- age   1:         24 bytes,         24 total
- age   4:        184 bytes,        208 total
- age  10:         16 bytes,        224 total
: 479K->0K(960K), 0.0002868 secs] 5130K->4650K(10176K), 0.0003843 secs] [Times: user=0.00 sys=0.00, real=0.00 secs] 
2019-01-02T11:13:21.182+0530: 869.084: [GC (Allocation Failure) 2019-01-02T11:13:21.183+0530: 869.084: [DefNew
Desired survivor size 32768 bytes, new threshold 15 (max 15)
- age   2:         24 bytes,         24 total
- age   5:        184 bytes,        208 total
- age  11:         16 bytes,        224 total
: 503K->0K(960K), 0.0005280 secs] 5153K->5153K(10176K), 0.0008330 secs] [Times: user=0.00 sys=0.00, real=0.00 secs] 
2019-01-02T11:13:21.184+0530: 869.085: [GC (Allocation Failure) 2019-01-02T11:13:21.184+0530: 869.085: [DefNew
Desired survivor size 32768 bytes, new threshold 15 (max 15)
- age   1:         24 bytes,         24 total
- age   6:         72 bytes,         96 total
- age  12:         16 bytes,        112 total
: 520K->0K(960K), 0.0005017 secs] 5674K->5656K(10176K), 0.0006329 secs] [Times: user=0.00 sys=0.00, real=0.00 secs] 
2019-01-02T11:13:21.260+0530: 869.161: [GC (Allocation Failure) 2019-01-02T11:13:21.260+0530: 869.162: [DefNew
Desired survivor size 32768 bytes, new threshold 15 (max 15)
- age   1:        248 bytes,        248 total
- age   7:         16 bytes,        264 total
- age  13:         16 bytes,        280 total
: 874K->0K(960K), 0.0003581 secs] 6530K->5728K(10176K), 0.0005565 secs] [Times: user=0.00 sys=0.00, real=0.00 secs] 
2019-01-02T11:13:21.262+0530: 869.163: [GC (Allocation Failure) 2019-01-02T11:13:21.262+0530: 869.164: [DefNew
Desired survivor size 32768 bytes, new threshold 15 (max 15)
- age   2:        184 bytes,        184 total
- age   8:         16 bytes,        200 total
- age  14:         16 bytes,        216 total
: 896K->0K(960K), 0.0003626 secs] 6624K->6016K(10176K), 0.0004658 secs] [Times: user=0.00 sys=0.00, real=0.00 secs] 
2019-01-02T11:13:21.264+0530: 869.166: [GC (Allocation Failure) 2019-01-02T11:13:21.264+0530: 869.166: [DefNew
Desired survivor size 32768 bytes, new threshold 15 (max 15)
- age   3:        184 bytes,        184 total
- age   9:         16 bytes,        200 total
- age  15:         16 bytes,        216 total
: 896K->0K(960K), 0.0008484 secs] 6912K->6592K(10176K), 0.0011232 secs] [Times: user=0.00 sys=0.00, real=0.00 secs] 
2019-01-02T11:13:21.267+0530: 869.168: [GC (Allocation Failure) 2019-01-02T11:13:21.267+0530: 869.168: [DefNew
Desired survivor size 32768 bytes, new threshold 15 (max 15)
- age   1:         24 bytes,         24 total
- age   4:        184 bytes,        208 total
- age  10:         16 bytes,        224 total
: 479K->0K(960K), 0.0006146 secs] 7072K->6592K(10176K), 0.0007828 secs] [Times: user=0.00 sys=0.00, real=0.00 secs] 
2019-01-02T11:13:21.268+0530: 869.170: [GC (Allocation Failure) 2019-01-02T11:13:21.268+0530: 869.170: [DefNew
Desired survivor size 32768 bytes, new threshold 15 (max 15)
- age   2:         24 bytes,         24 total
- age   5:        184 bytes,        208 total
- age  11:         16 bytes,        224 total
: 503K->0K(960K), 0.0006568 secs] 7095K->7095K(10176K), 0.0007503 secs] [Times: user=0.00 sys=0.00, real=0.00 secs] 
2019-01-02T11:13:21.269+0530: 869.171: [GC (Allocation Failure) 2019-01-02T11:13:21.269+0530: 869.171: [DefNew
Desired survivor size 32768 bytes, new threshold 15 (max 15)
- age   1:         24 bytes,         24 total
- age   6:         72 bytes,         96 total
- age  12:         16 bytes,        112 total
: 520K->0K(960K), 0.0003067 secs] 7616K->7598K(10176K), 0.0003592 secs] [Times: user=0.00 sys=0.00, real=0.00 secs] 
2019-01-02T11:13:21.341+0530: 869.242: [GC (Allocation Failure) 2019-01-02T11:13:21.341+0530: 869.242: [DefNew
Desired survivor size 32768 bytes, new threshold 15 (max 15)
- age   1:        248 bytes,        248 total
- age   7:         16 bytes,        264 total
- age  13:         16 bytes,        280 total
: 874K->0K(960K), 0.0010155 secs] 8472K->7670K(10176K), 0.0013273 secs] [Times: user=0.00 sys=0.00, real=0.00 secs] 
2019-01-02T11:13:21.344+0530: 869.246: [GC (Allocation Failure) 2019-01-02T11:13:21.344+0530: 869.246: [DefNew
Desired survivor size 32768 bytes, new threshold 15 (max 15)
- age   2:        184 bytes,        184 total
- age   8:         16 bytes,        200 total
- age  14:         16 bytes,        216 total
: 896K->0K(960K), 0.0009071 secs] 8566K->7958K(10176K), 0.0011169 secs] [Times: user=0.00 sys=0.00, real=0.00 secs] 
2019-01-02T11:13:21.347+0530: 869.248: [GC (Allocation Failure) 2019-01-02T11:13:21.347+0530: 869.249: [DefNew
Desired survivor size 32768 bytes, new threshold 15 (max 15)
- age   3:        184 bytes,        184 total
- age   9:         16 bytes,        200 total
- age  15:         16 bytes,        216 total
: 896K->0K(960K), 0.0012486 secs] 8854K->8534K(10176K), 0.0015696 secs] [Times: user=0.00 sys=0.00, real=0.00 secs] 
2019-01-02T11:13:21.350+0530: 869.251: [GC (Allocation Failure) 2019-01-02T11:13:21.350+0530: 869.251: [DefNew
Desired survivor size 32768 bytes, new threshold 15 (max 15)
- age   1:         24 bytes,         24 total
- age   4:        184 bytes,        208 total
- age  10:         16 bytes,        224 total
: 479K->0K(960K), 0.0003655 secs] 9014K->8534K(10176K), 0.0004972 secs] [Times: user=0.00 sys=0.00, real=0.00 secs] 
2019-01-02T11:13:21.351+0530: 869.252: [GC (Allocation Failure) 2019-01-02T11:13:21.351+0530: 869.253: [DefNew
Desired survivor size 32768 bytes, new threshold 15 (max 15)
- age   2:         24 bytes,         24 total
- age   5:        184 bytes,        208 total
- age  11:         16 bytes,        224 total
: 503K->0K(960K), 0.0005160 secs] 9037K->9037K(10176K), 0.0006500 secs] [Times: user=0.00 sys=0.00, real=0.00 secs] 
2019-01-02T11:13:21.352+0530: 869.254: [GC (Allocation Failure) 2019-01-02T11:13:21.352+0530: 869.254: [DefNew: 520K->520K(960K), 0.0000490 secs]2019-01-02T11:13:21.352+0530: 869.254: [Tenured: 9037K->1269K(9216K), 0.0062330 secs] 9557K->1269K(10176K), [Metaspace: 2520K->2520K(1056768K)], 0.0064388 secs] [Times: user=0.02 sys=0.00, real=0.01 secs] 
2019-01-02T11:13:21.445+0530: 869.346: [GC (Allocation Failure) 2019-01-02T11:13:21.445+0530: 869.346: [DefNew
Desired survivor size 32768 bytes, new threshold 15 (max 15)
- age   1:        248 bytes,        248 total
: 874K->0K(960K), 0.0018946 secs] 2143K->1845K(10176K), 0.0023713 secs] [Times: user=0.00 sys=0.00, real=0.00 secs] 
2019-01-02T11:13:21.451+0530: 869.353: [GC (Allocation Failure) 2019-01-02T11:13:21.452+0530: 869.353: [DefNew
Desired survivor size 32768 bytes, new threshold 15 (max 15)
- age   2:        184 bytes,        184 total
: 896K->0K(960K), 0.0012834 secs] 2741K->2133K(10176K), 0.0017105 secs] [Times: user=0.00 sys=0.00, real=0.00 secs] 
2019-01-02T11:13:21.455+0530: 869.357: [GC (Allocation Failure) 2019-01-02T11:13:21.455+0530: 869.357: [DefNew
Desired survivor size 32768 bytes, new threshold 15 (max 15)
- age   3:        184 bytes,        184 total
: 896K->0K(960K), 0.0004995 secs] 3029K->2709K(10176K), 0.0006317 secs] [Times: user=0.00 sys=0.00, real=0.00 secs] 
2019-01-02T11:13:21.458+0530: 869.359: [GC (Allocation Failure) 2019-01-02T11:13:21.458+0530: 869.359: [DefNew
Desired survivor size 32768 bytes, new threshold 15 (max 15)
- age   1:         24 bytes,         24 total
- age   4:        184 bytes,        208 total
: 479K->0K(960K), 0.0003535 secs] 3188K->2709K(10176K), 0.0004789 secs] [Times: user=0.00 sys=0.00, real=0.00 secs] 
2019-01-02T11:13:21.458+0530: 869.360: [GC (Allocation Failure) 2019-01-02T11:13:21.458+0530: 869.360: [DefNew
Desired survivor size 32768 bytes, new threshold 15 (max 15)
- age   2:         24 bytes,         24 total
- age   5:        184 bytes,        208 total
: 503K->0K(960K), 0.0004487 secs] 3212K->3212K(10176K), 0.0005474 secs] [Times: user=0.00 sys=0.00, real=0.00 secs] 
2019-01-02T11:13:21.459+0530: 869.361: [GC (Allocation Failure) 2019-01-02T11:13:21.459+0530: 869.361: [DefNew
Desired survivor size 32768 bytes, new threshold 15 (max 15)
- age   1:         24 bytes,         24 total
- age   6:         72 bytes,         96 total
: 520K->0K(960K), 0.0004367 secs] 3732K->3714K(10176K), 0.0005411 secs] [Times: user=0.00 sys=0.00, real=0.00 secs] 
2019-01-02T11:13:21.532+0530: 869.434: [GC (Allocation Failure) 2019-01-02T11:13:21.533+0530: 869.434: [DefNew
Desired survivor size 32768 bytes, new threshold 15 (max 15)
- age   1:        248 bytes,        248 total
- age   7:         16 bytes,        264 total
: 874K->0K(960K), 0.0009676 secs] 4588K->3787K(10176K), 0.0013758 secs] [Times: user=0.00 sys=0.00, real=0.00 secs] 
2019-01-02T11:13:21.537+0530: 869.438: [GC (Allocation Failure) 2019-01-02T11:13:21.537+0530: 869.438: [DefNew
Desired survivor size 32768 bytes, new threshold 15 (max 15)
- age   2:        184 bytes,        184 total
- age   8:         16 bytes,        200 total
: 896K->0K(960K), 0.0009499 secs] 4683K->4075K(10176K), 0.0012618 secs] [Times: user=0.00 sys=0.00, real=0.00 secs] 
2019-01-02T11:13:21.539+0530: 869.441: [GC (Allocation Failure) 2019-01-02T11:13:21.540+0530: 869.441: [DefNew
Desired survivor size 32768 bytes, new threshold 15 (max 15)
- age   3:        184 bytes,        184 total
- age   9:         16 bytes,        200 total
: 896K->0K(960K), 0.0006466 secs] 4971K->4651K(10176K), 0.0008855 secs] [Times: user=0.02 sys=0.00, real=0.00 secs] 
2019-01-02T11:13:21.542+0530: 869.443: [GC (Allocation Failure) 2019-01-02T11:13:21.542+0530: 869.443: [DefNew
Desired survivor size 32768 bytes, new threshold 15 (max 15)
- age   1:         24 bytes,         24 total
- age   4:        184 bytes,        208 total
- age  10:         16 bytes,        224 total
: 479K->0K(960K), 0.0003124 secs] 5130K->4651K(10176K), 0.0004099 secs] [Times: user=0.00 sys=0.00, real=0.00 secs] 
2019-01-02T11:13:21.542+0530: 869.444: [GC (Allocation Failure) 2019-01-02T11:13:21.542+0530: 869.444: [DefNew
Desired survivor size 32768 bytes, new threshold 15 (max 15)
- age   2:         24 bytes,         24 total
- age   5:        184 bytes,        208 total
- age  11:         16 bytes,        224 total
: 503K->0K(960K), 0.0003261 secs] 5154K->5154K(10176K), 0.0003792 secs] [Times: user=0.00 sys=0.00, real=0.00 secs] 
2019-01-02T11:13:21.543+0530: 869.445: [GC (Allocation Failure) 2019-01-02T11:13:21.543+0530: 869.445: [DefNew
Desired survivor size 32768 bytes, new threshold 15 (max 15)
- age   1:         24 bytes,         24 total
- age   6:         72 bytes,         96 total
- age  12:         16 bytes,        112 total
: 520K->0K(960K), 0.0003239 secs] 5674K->5656K(10176K), 0.0003974 secs] [Times: user=0.00 sys=0.00, real=0.00 secs] 
2019-01-02T11:13:21.611+0530: 869.513: [GC (Allocation Failure) 2019-01-02T11:13:21.611+0530: 869.513: [DefNew
Desired survivor size 32768 bytes, new threshold 15 (max 15)
- age   1:        248 bytes,        248 total
- age   7:         16 bytes,        264 total
- age  13:         16 bytes,        280 total
: 874K->0K(960K), 0.0007566 secs] 6531K->5729K(10176K), 0.0012150 secs] [Times: user=0.00 sys=0.00, real=0.00 secs] 
2019-01-02T11:13:21.615+0530: 869.516: [GC (Allocation Failure) 2019-01-02T11:13:21.615+0530: 869.516: [DefNew
Desired survivor size 32768 bytes, new threshold 15 (max 15)
- age   2:        184 bytes,        184 total
- age   8:         16 bytes,        200 total
- age  14:         16 bytes,        216 total
: 896K->0K(960K), 0.0011700 secs] 6625K->6017K(10176K), 0.0014670 secs] [Times: user=0.00 sys=0.00, real=0.00 secs] 
2019-01-02T11:13:21.618+0530: 869.520: [GC (Allocation Failure) 2019-01-02T11:13:21.619+0530: 869.520: [DefNew
Desired survivor size 32768 bytes, new threshold 15 (max 15)
- age   3:        184 bytes,        184 total
- age   9:         16 bytes,        200 total
- age  15:         16 bytes,        216 total
: 896K->0K(960K), 0.0007589 secs] 6913K->6593K(10176K), 0.0008883 secs] [Times: user=0.00 sys=0.00, real=0.00 secs] 
2019-01-02T11:13:21.622+0530: 869.523: [GC (Allocation Failure) 2019-01-02T11:13:21.622+0530: 869.524: [DefNew
Desired survivor size 32768 bytes, new threshold 15 (max 15)
- age   1:         24 bytes,         24 total
- age   4:        184 bytes,        208 total
- age  10:         16 bytes,        224 total
: 479K->0K(960K), 0.0003609 secs] 7072K->6593K(10176K), 0.0004943 secs] [Times: user=0.00 sys=0.00, real=0.00 secs] 
2019-01-02T11:13:21.623+0530: 869.524: [GC (Allocation Failure) 2019-01-02T11:13:21.623+0530: 869.525: [DefNew
Desired survivor size 32768 bytes, new threshold 15 (max 15)
- age   2:         24 bytes,         24 total
- age   5:        184 bytes,        208 total
- age  11:         16 bytes,        224 total
: 503K->0K(960K), 0.0004744 secs] 7096K->7096K(10176K), 0.0005861 secs] [Times: user=0.00 sys=0.00, real=0.00 secs] 
2019-01-02T11:13:21.624+0530: 869.525: [GC (Allocation Failure) 2019-01-02T11:13:21.624+0530: 869.525: [DefNew
Desired survivor size 32768 bytes, new threshold 15 (max 15)
- age   1:         24 bytes,         24 total
- age   6:         72 bytes,         96 total
- age  12:         16 bytes,        112 total
: 520K->0K(960K), 0.0004345 secs] 7616K->7599K(10176K), 0.0005228 secs] [Times: user=0.00 sys=0.00, real=0.00 secs] 
2019-01-02T11:13:21.729+0530: 869.630: [GC (Allocation Failure) 2019-01-02T11:13:21.729+0530: 869.630: [DefNew
Desired survivor size 32768 bytes, new threshold 15 (max 15)
- age   1:        248 bytes,        248 total
- age   7:         16 bytes,        264 total
- age  13:         16 bytes,        280 total
: 874K->0K(960K), 0.0004442 secs] 8473K->7671K(10176K), 0.0005947 secs] [Times: user=0.00 sys=0.00, real=0.00 secs] 
2019-01-02T11:13:21.732+0530: 869.633: [GC (Allocation Failure) 2019-01-02T11:13:21.732+0530: 869.633: [DefNew
Desired survivor size 32768 bytes, new threshold 15 (max 15)
- age   2:        184 bytes,        184 total
- age   8:         16 bytes,        200 total
- age  14:         16 bytes,        216 total
: 896K->0K(960K), 0.0004464 secs] 8567K->7959K(10176K), 0.0010354 secs] [Times: user=0.00 sys=0.00, real=0.00 secs] 
2019-01-02T11:13:21.735+0530: 869.636: [GC (Allocation Failure) 2019-01-02T11:13:21.735+0530: 869.636: [DefNew
Desired survivor size 32768 bytes, new threshold 15 (max 15)
- age   3:        184 bytes,        184 total
- age   9:         16 bytes,        200 total
- age  15:         16 bytes,        216 total
: 896K->0K(960K), 0.0012207 secs] 8855K->8535K(10176K), 0.0014653 secs] [Times: user=0.00 sys=0.00, real=0.00 secs] 
2019-01-02T11:13:21.739+0530: 869.640: [GC (Allocation Failure) 2019-01-02T11:13:21.739+0530: 869.640: [DefNew
Desired survivor size 32768 bytes, new threshold 15 (max 15)
- age   1:         24 bytes,         24 total
- age   4:        184 bytes,        208 total
- age  10:         16 bytes,        224 total
: 479K->0K(960K), 0.0003678 secs] 9014K->8535K(10176K), 0.0004744 secs] [Times: user=0.00 sys=0.00, real=0.00 secs] 
2019-01-02T11:13:21.740+0530: 869.641: [GC (Allocation Failure) 2019-01-02T11:13:21.740+0530: 869.641: [DefNew
Desired survivor size 32768 bytes, new threshold 15 (max 15)
- age   2:         24 bytes,         24 total
- age   5:        184 bytes,        208 total
- age  11:         16 bytes,        224 total
: 503K->0K(960K), 0.0004869 secs] 9038K->9038K(10176K), 0.0005952 secs] [Times: user=0.00 sys=0.00, real=0.00 secs] 
2019-01-02T11:13:21.741+0530: 869.642: [GC (Allocation Failure) 2019-01-02T11:13:21.741+0530: 869.642: [DefNew: 520K->520K(960K), 0.0000456 secs]2019-01-02T11:13:21.741+0530: 869.642: [Tenured: 9038K->1270K(9216K), 0.0052563 secs] 9558K->1270K(10176K), [Metaspace: 2520K->2520K(1056768K)], 0.0054690 secs] [Times: user=0.02 sys=0.00, real=0.01 secs] 
2019-01-02T11:13:21.840+0530: 869.741: [GC (Allocation Failure) 2019-01-02T11:13:21.840+0530: 869.741: [DefNew
Desired survivor size 32768 bytes, new threshold 15 (max 15)
- age   1:        248 bytes,        248 total
: 874K->0K(960K), 0.0017806 secs] 2144K->1845K(10176K), 0.0021010 secs] [Times: user=0.00 sys=0.00, real=0.00 secs] 
2019-01-02T11:13:21.844+0530: 869.745: [GC (Allocation Failure) 2019-01-02T11:13:21.844+0530: 869.745: [DefNew
Desired survivor size 32768 bytes, new threshold 15 (max 15)
- age   2:        184 bytes,        184 total
: 896K->0K(960K), 0.0004561 secs] 2741K->2133K(10176K), 0.0005821 secs] [Times: user=0.00 sys=0.00, real=0.00 secs] 
2019-01-02T11:13:21.846+0530: 869.747: [GC (Allocation Failure) 2019-01-02T11:13:21.846+0530: 869.747: [DefNew
Desired survivor size 32768 bytes, new threshold 15 (max 15)
- age   3:        184 bytes,        184 total
: 896K->0K(960K), 0.0005297 secs] 3029K->2709K(10176K), 0.0006357 secs] [Times: user=0.00 sys=0.00, real=0.00 secs] 
2019-01-02T11:13:21.848+0530: 869.749: [GC (Allocation Failure) 2019-01-02T11:13:21.848+0530: 869.749: [DefNew
Desired survivor size 32768 bytes, new threshold 15 (max 15)
- age   1:         24 bytes,         24 total
- age   4:        184 bytes,        208 total
: 479K->0K(960K), 0.0003763 secs] 3189K->2709K(10176K), 0.0004926 secs] [Times: user=0.00 sys=0.00, real=0.00 secs] 
2019-01-02T11:13:21.849+0530: 869.750: [GC (Allocation Failure) 2019-01-02T11:13:21.849+0530: 869.750: [DefNew
Desired survivor size 32768 bytes, new threshold 15 (max 15)
- age   2:         24 bytes,         24 total
- age   5:        184 bytes,        208 total
: 503K->0K(960K), 0.0007463 secs] 3212K->3212K(10176K), 0.0010280 secs] [Times: user=0.00 sys=0.00, real=0.00 secs] 
2019-01-02T11:13:21.852+0530: 869.753: [GC (Allocation Failure) 2019-01-02T11:13:21.852+0530: 869.753: [DefNew
Desired survivor size 32768 bytes, new threshold 15 (max 15)
- age   1:         24 bytes,         24 total
- age   6:         72 bytes,         96 total
: 520K->0K(960K), 0.0005314 secs] 3733K->3715K(10176K), 0.0006563 secs] [Times: user=0.02 sys=0.00, real=0.00 secs] 
2019-01-02T11:13:21.916+0530: 869.817: [GC (Allocation Failure) 2019-01-02T11:13:21.916+0530: 869.817: [DefNew
Desired survivor size 32768 bytes, new threshold 15 (max 15)
- age   1:        248 bytes,        248 total
- age   7:         16 bytes,        264 total
: 874K->0K(960K), 0.0016843 secs] 4589K->3787K(10176K), 0.0018815 secs] [Times: user=0.00 sys=0.00, real=0.00 secs] 
2019-01-02T11:13:21.922+0530: 869.823: [GC (Allocation Failure) 2019-01-02T11:13:21.922+0530: 869.823: [DefNew
Desired survivor size 32768 bytes, new threshold 15 (max 15)
- age   2:        184 bytes,        184 total
- age   8:         16 bytes,        200 total
: 896K->0K(960K), 0.0004624 secs] 4683K->4075K(10176K), 0.0005895 secs] [Times: user=0.00 sys=0.00, real=0.00 secs] 
2019-01-02T11:13:21.924+0530: 869.825: [GC (Allocation Failure) 2019-01-02T11:13:21.924+0530: 869.825: [DefNew
Desired survivor size 32768 bytes, new threshold 15 (max 15)
- age   3:        184 bytes,        184 total
- age   9:         16 bytes,        200 total
: 896K->0K(960K), 0.0005029 secs] 4971K->4651K(10176K), 0.0006009 secs] [Times: user=0.00 sys=0.00, real=0.00 secs] 
2019-01-02T11:13:21.926+0530: 869.827: [GC (Allocation Failure) 2019-01-02T11:13:21.926+0530: 869.827: [DefNew
Desired survivor size 32768 bytes, new threshold 15 (max 15)
- age   1:         24 bytes,         24 total
- age   4:        184 bytes,        208 total
- age  10:         16 bytes,        224 total
: 479K->0K(960K), 0.0003375 secs] 5131K->4651K(10176K), 0.0004333 secs] [Times: user=0.00 sys=0.00, real=0.00 secs] 
2019-01-02T11:13:21.926+0530: 869.827: [GC (Allocation Failure) 2019-01-02T11:13:21.926+0530: 869.827: [DefNew
Desired survivor size 32768 bytes, new threshold 15 (max 15)
- age   2:         24 bytes,         24 total
- age   5:        184 bytes,        208 total
- age  11:         16 bytes,        224 total
: 503K->0K(960K), 0.0004390 secs] 5154K->5154K(10176K), 0.0005245 secs] [Times: user=0.00 sys=0.00, real=0.00 secs] 
2019-01-02T11:13:21.927+0530: 869.828: [GC (Allocation Failure) 2019-01-02T11:13:21.927+0530: 869.828: [DefNew
Desired survivor size 32768 bytes, new threshold 15 (max 15)
- age   1:         24 bytes,         24 total
- age   6:         72 bytes,         96 total
- age  12:         16 bytes,        112 total
: 520K->0K(960K), 0.0004305 secs] 5675K->5657K(10176K), 0.0005120 secs] [Times: user=0.00 sys=0.00, real=0.00 secs] 
2019-01-02T11:13:21.990+0530: 869.892: [GC (Allocation Failure) 2019-01-02T11:13:21.991+0530: 869.892: [DefNew
Desired survivor size 32768 bytes, new threshold 15 (max 15)
- age   1:        248 bytes,        248 total
- age   7:         16 bytes,        264 total
- age  13:         16 bytes,        280 total
: 874K->0K(960K), 0.0005724 secs] 6531K->5729K(10176K), 0.0009048 secs] [Times: user=0.00 sys=0.00, real=0.00 secs] 
2019-01-02T11:13:21.993+0530: 869.894: [GC (Allocation Failure) 2019-01-02T11:13:21.993+0530: 869.894: [DefNew
Desired survivor size 32768 bytes, new threshold 15 (max 15)
- age   2:        184 bytes,        184 total
- age   8:         16 bytes,        200 total
- age  14:         16 bytes,        216 total
: 896K->0K(960K), 0.0004191 secs] 6625K->6017K(10176K), 0.0005154 secs] [Times: user=0.00 sys=0.01, real=0.00 secs] 
2019-01-02T11:13:21.994+0530: 869.895: [GC (Allocation Failure) 2019-01-02T11:13:21.994+0530: 869.895: [DefNew
Desired survivor size 32768 bytes, new threshold 15 (max 15)
- age   3:        184 bytes,        184 total
- age   9:         16 bytes,        200 total
- age  15:         16 bytes,        216 total
: 896K->0K(960K), 0.0006027 secs] 6913K->6593K(10176K), 0.0007041 secs] [Times: user=0.00 sys=0.00, real=0.00 secs] 
2019-01-02T11:13:21.996+0530: 869.897: [GC (Allocation Failure) 2019-01-02T11:13:21.996+0530: 869.897: [DefNew
Desired survivor size 32768 bytes, new threshold 15 (max 15)
- age   1:         24 bytes,         24 total
- age   4:        184 bytes,        208 total
- age  10:         16 bytes,        224 total
: 479K->0K(960K), 0.0002628 secs] 7073K->6593K(10176K), 0.0003324 secs] [Times: user=0.00 sys=0.00, real=0.00 secs] 
2019-01-02T11:13:21.996+0530: 869.897: [GC (Allocation Failure) 2019-01-02T11:13:21.996+0530: 869.897: [DefNew
Desired survivor size 32768 bytes, new threshold 15 (max 15)
- age   2:         24 bytes,         24 total
- age   5:        184 bytes,        208 total
- age  11:         16 bytes,        224 total
: 503K->0K(960K), 0.0004538 secs] 7096K->7096K(10176K), 0.0005542 secs] [Times: user=0.00 sys=0.00, real=0.00 secs] 
2019-01-02T11:13:21.997+0530: 869.898: [GC (Allocation Failure) 2019-01-02T11:13:21.997+0530: 869.898: [DefNew
Desired survivor size 32768 bytes, new threshold 15 (max 15)
- age   1:         24 bytes,         24 total
- age   6:         72 bytes,         96 total
- age  12:         16 bytes,        112 total
: 520K->0K(960K), 0.0004578 secs] 7617K->7599K(10176K), 0.0005525 secs] [Times: user=0.00 sys=0.00, real=0.00 secs] 
2019-01-02T11:13:22.066+0530: 869.967: [GC (Allocation Failure) 2019-01-02T11:13:22.066+0530: 869.967: [DefNew
Desired survivor size 32768 bytes, new threshold 15 (max 15)
- age   1:        248 bytes,        248 total
- age   7:         16 bytes,        264 total
- age  13:         16 bytes,        280 total
: 874K->0K(960K), 0.0003153 secs] 8473K->7671K(10176K), 0.0004202 secs] [Times: user=0.00 sys=0.00, real=0.00 secs] 
2019-01-02T11:13:22.068+0530: 869.969: [GC (Allocation Failure) 2019-01-02T11:13:22.068+0530: 869.969: [DefNew
Desired survivor size 32768 bytes, new threshold 15 (max 15)
- age   2:        184 bytes,        184 total
- age   8:         16 bytes,        200 total
- age  14:         16 bytes,        216 total
: 896K->0K(960K), 0.0009801 secs] 8567K->7959K(10176K), 0.0011825 secs] [Times: user=0.00 sys=0.00, real=0.00 secs] 
2019-01-02T11:13:22.071+0530: 869.972: [GC (Allocation Failure) 2019-01-02T11:13:22.071+0530: 869.972: [DefNew
Desired survivor size 32768 bytes, new threshold 15 (max 15)
- age   3:        184 bytes,        184 total
- age   9:         16 bytes,        200 total
- age  15:         16 bytes,        216 total
: 896K->0K(960K), 0.0012378 secs] 8855K->8535K(10176K), 0.0014465 secs] [Times: user=0.00 sys=0.00, real=0.00 secs] 
2019-01-02T11:13:22.074+0530: 869.975: [GC (Allocation Failure) 2019-01-02T11:13:22.074+0530: 869.975: [DefNew
Desired survivor size 32768 bytes, new threshold 15 (max 15)
- age   1:         24 bytes,         24 total
- age   4:        184 bytes,        208 total
- age  10:         16 bytes,        224 total
: 479K->0K(960K), 0.0003484 secs] 9015K->8535K(10176K), 0.0004419 secs] [Times: user=0.00 sys=0.00, real=0.00 secs] 
2019-01-02T11:13:22.074+0530: 869.975: [GC (Allocation Failure) 2019-01-02T11:13:22.074+0530: 869.975: [DefNew
Desired survivor size 32768 bytes, new threshold 15 (max 15)
- age   2:         24 bytes,         24 total
- age   5:        184 bytes,        208 total
- age  11:         16 bytes,        224 total
: 503K->0K(960K), 0.0004556 secs] 9039K->9039K(10176K), 0.0005268 secs] [Times: user=0.00 sys=0.00, real=0.00 secs] 
2019-01-02T11:13:22.075+0530: 869.976: [GC (Allocation Failure) 2019-01-02T11:13:22.075+0530: 869.976: [DefNew: 520K->520K(960K), 0.0000353 secs]2019-01-02T11:13:22.075+0530: 869.976: [Tenured: 9038K->1270K(9216K), 0.0052591 secs] 9559K->1270K(10176K), [Metaspace: 2520K->2520K(1056768K)], 0.0054387 secs] [Times: user=0.00 sys=0.00, real=0.01 secs] 
2019-01-02T11:13:22.138+0530: 870.039: [GC (Allocation Failure) 2019-01-02T11:13:22.138+0530: 870.039: [DefNew
Desired survivor size 32768 bytes, new threshold 15 (max 15)
- age   1:        248 bytes,        248 total
: 874K->0K(960K), 0.0015913 secs] 2144K->1845K(10176K), 0.0019619 secs] [Times: user=0.00 sys=0.00, real=0.00 secs] 
2019-01-02T11:13:22.142+0530: 870.043: [GC (Allocation Failure) 2019-01-02T11:13:22.142+0530: 870.043: [DefNew
Desired survivor size 32768 bytes, new threshold 15 (max 15)
- age   2:        184 bytes,        184 total
: 896K->0K(960K), 0.0004510 secs] 2741K->2133K(10176K), 0.0005616 secs] [Times: user=0.00 sys=0.00, real=0.00 secs] 
2019-01-02T11:13:22.144+0530: 870.045: [GC (Allocation Failure) 2019-01-02T11:13:22.144+0530: 870.045: [DefNew
Desired survivor size 32768 bytes, new threshold 15 (max 15)
- age   3:        184 bytes,        184 total
: 896K->0K(960K), 0.0004704 secs] 3029K->2709K(10176K), 0.0005536 secs] [Times: user=0.00 sys=0.00, real=0.00 secs] 
2019-01-02T11:13:22.146+0530: 870.047: [GC (Allocation Failure) 2019-01-02T11:13:22.146+0530: 870.047: [DefNew
Desired survivor size 32768 bytes, new threshold 15 (max 15)
- age   1:         24 bytes,         24 total
- age   4:        184 bytes,        208 total
: 479K->0K(960K), 0.0003284 secs] 3189K->2709K(10176K), 0.0004276 secs] [Times: user=0.00 sys=0.00, real=0.00 secs] 
2019-01-02T11:13:22.146+0530: 870.047: [GC (Allocation Failure) 2019-01-02T11:13:22.146+0530: 870.047: [DefNew
Desired survivor size 32768 bytes, new threshold 15 (max 15)
- age   2:         24 bytes,         24 total
- age   5:        184 bytes,        208 total
: 503K->0K(960K), 0.0004339 secs] 3212K->3212K(10176K), 0.0005183 secs] [Times: user=0.00 sys=0.00, real=0.00 secs] 
2019-01-02T11:13:22.147+0530: 870.048: [GC (Allocation Failure) 2019-01-02T11:13:22.147+0530: 870.048: [DefNew
Desired survivor size 32768 bytes, new threshold 15 (max 15)
- age   1:         24 bytes,         24 total
- age   6:         72 bytes,         96 total
: 520K->0K(960K), 0.0004350 secs] 3733K->3715K(10176K), 0.0005183 secs] [Times: user=0.00 sys=0.00, real=0.00 secs] 
2019-01-02T11:13:22.205+0530: 870.106: [GC (Allocation Failure) 2019-01-02T11:13:22.205+0530: 870.106: [DefNew
Desired survivor size 32768 bytes, new threshold 15 (max 15)
- age   1:        248 bytes,        248 total
- age   7:         16 bytes,        264 total
: 874K->0K(960K), 0.0013154 secs] 4589K->3787K(10176K), 0.0016478 secs] [Times: user=0.00 sys=0.00, real=0.00 secs] 
2019-01-02T11:13:22.208+0530: 870.109: [GC (Allocation Failure) 2019-01-02T11:13:22.209+0530: 870.110: [DefNew
Desired survivor size 32768 bytes, new threshold 15 (max 15)
- age   2:        184 bytes,        184 total
- age   8:         16 bytes,        200 total
: 896K->0K(960K), 0.0012663 secs] 4683K->4075K(10176K), 0.0015229 secs] [Times: user=0.00 sys=0.00, real=0.00 secs] 
2019-01-02T11:13:22.211+0530: 870.112: [GC (Allocation Failure) 2019-01-02T11:13:22.211+0530: 870.112: [DefNew
Desired survivor size 32768 bytes, new threshold 15 (max 15)
- age   3:        184 bytes,        184 total
- age   9:         16 bytes,        200 total
: 896K->0K(960K), 0.0004048 secs] 4971K->4651K(10176K), 0.0004863 secs] [Times: user=0.00 sys=0.00, real=0.00 secs] 
2019-01-02T11:13:22.213+0530: 870.114: [GC (Allocation Failure) 2019-01-02T11:13:22.213+0530: 870.114: [DefNew
Desired survivor size 32768 bytes, new threshold 15 (max 15)
- age   1:         24 bytes,         24 total
- age   4:        184 bytes,        208 total
- age  10:         16 bytes,        224 total
: 479K->0K(960K), 0.0002828 secs] 5131K->4651K(10176K), 0.0003660 secs] [Times: user=0.00 sys=0.00, real=0.00 secs] 
2019-01-02T11:13:22.214+0530: 870.115: [GC (Allocation Failure) 2019-01-02T11:13:22.214+0530: 870.115: [DefNew
Desired survivor size 32768 bytes, new threshold 15 (max 15)
- age   2:         24 bytes,         24 total
- age   5:        184 bytes,        208 total
- age  11:         16 bytes,        224 total
: 503K->0K(960K), 0.0003592 secs] 5155K->5155K(10176K), 0.0004242 secs] [Times: user=0.00 sys=0.00, real=0.00 secs] 
2019-01-02T11:13:22.215+0530: 870.116: [GC (Allocation Failure) 2019-01-02T11:13:22.215+0530: 870.116: [DefNew
Desired survivor size 32768 bytes, new threshold 15 (max 15)
- age   1:         24 bytes,         24 total
- age   6:         72 bytes,         96 total
- age  12:         16 bytes,        112 total
: 520K->0K(960K), 0.0003660 secs] 5675K->5658K(10176K), 0.0004328 secs] [Times: user=0.00 sys=0.00, real=0.00 secs] 
2019-01-02T11:13:22.294+0530: 870.195: [GC (Allocation Failure) 2019-01-02T11:13:22.294+0530: 870.195: [DefNew
Desired survivor size 32768 bytes, new threshold 15 (max 15)
- age   1:        248 bytes,        248 total
- age   7:         16 bytes,        264 total
- age  13:         16 bytes,        280 total
: 874K->0K(960K), 0.0003763 secs] 6532K->5730K(10176K), 0.0004886 secs] [Times: user=0.00 sys=0.00, real=0.00 secs] 
2019-01-02T11:13:22.296+0530: 870.197: [GC (Allocation Failure) 2019-01-02T11:13:22.296+0530: 870.197: [DefNew
Desired survivor size 32768 bytes, new threshold 15 (max 15)
- age   2:        184 bytes,        184 total
- age   8:         16 bytes,        200 total
- age  14:         16 bytes,        216 total
: 896K->0K(960K), 0.0004499 secs] 6626K->6018K(10176K), 0.0005747 secs] [Times: user=0.00 sys=0.00, real=0.00 secs] 
2019-01-02T11:13:22.298+0530: 870.199: [GC (Allocation Failure) 2019-01-02T11:13:22.298+0530: 870.199: [DefNew
Desired survivor size 32768 bytes, new threshold 15 (max 15)
- age   3:        184 bytes,        184 total
- age   9:         16 bytes,        200 total
- age  15:         16 bytes,        216 total
: 896K->0K(960K), 0.0005474 secs] 6914K->6594K(10176K), 0.0006825 secs] [Times: user=0.00 sys=0.00, real=0.00 secs] 
2019-01-02T11:13:22.301+0530: 870.202: [GC (Allocation Failure) 2019-01-02T11:13:22.301+0530: 870.202: [DefNew
Desired survivor size 32768 bytes, new threshold 15 (max 15)
- age   1:         24 bytes,         24 total
- age   4:        184 bytes,        208 total
- age  10:         16 bytes,        224 total
: 479K->0K(960K), 0.0003957 secs] 7074K->6594K(10176K), 0.0005308 secs] [Times: user=0.00 sys=0.00, real=0.00 secs] 
2019-01-02T11:13:22.302+0530: 870.203: [GC (Allocation Failure) 2019-01-02T11:13:22.302+0530: 870.203: [DefNew
Desired survivor size 32768 bytes, new threshold 15 (max 15)
- age   2:         24 bytes,         24 total
- age   5:        184 bytes,        208 total
- age  11:         16 bytes,        224 total
: 503K->0K(960K), 0.0021860 secs] 7097K->7097K(10176K), 0.0024426 secs] [Times: user=0.01 sys=0.00, real=0.00 secs] 
2019-01-02T11:13:22.306+0530: 870.207: [GC (Allocation Failure) 2019-01-02T11:13:22.306+0530: 870.207: [DefNew
Desired survivor size 32768 bytes, new threshold 15 (max 15)
- age   1:         24 bytes,         24 total
- age   6:         72 bytes,         96 total
- age  12:         16 bytes,        112 total
: 521K->0K(960K), 0.0013365 secs] 7618K->7600K(10176K), 0.0015411 secs] [Times: user=0.00 sys=0.00, real=0.00 secs] 
2019-01-02T11:13:22.382+0530: 870.283: [GC (Allocation Failure) 2019-01-02T11:13:22.383+0530: 870.284: [DefNew
Desired survivor size 32768 bytes, new threshold 15 (max 15)
- age   1:        248 bytes,        248 total
- age   7:         16 bytes,        264 total
- age  13:         16 bytes,        280 total
: 874K->0K(960K), 0.0006124 secs] 8474K->7672K(10176K), 0.0011215 secs] [Times: user=0.00 sys=0.02, real=0.00 secs] 
2019-01-02T11:13:22.385+0530: 870.286: [GC (Allocation Failure) 2019-01-02T11:13:22.385+0530: 870.286: [DefNew
Desired survivor size 32768 bytes, new threshold 15 (max 15)
- age   2:        184 bytes,        184 total
- age   8:         16 bytes,        200 total
- age  14:         16 bytes,        216 total
: 896K->0K(960K), 0.0004767 secs] 8568K->7960K(10176K), 0.0005679 secs] [Times: user=0.00 sys=0.00, real=0.00 secs] 
2019-01-02T11:13:22.388+0530: 870.289: [GC (Allocation Failure) 2019-01-02T11:13:22.388+0530: 870.289: [DefNew
Desired survivor size 32768 bytes, new threshold 15 (max 15)
- age   3:        184 bytes,        184 total
- age   9:         16 bytes,        200 total
- age  15:         16 bytes,        216 total
: 896K->0K(960K), 0.0005188 secs] 8856K->8536K(10176K), 0.0006312 secs] [Times: user=0.00 sys=0.00, real=0.00 secs] 
2019-01-02T11:13:22.390+0530: 870.291: [GC (Allocation Failure) 2019-01-02T11:13:22.390+0530: 870.291: [DefNew
Desired survivor size 32768 bytes, new threshold 15 (max 15)
- age   1:         24 bytes,         24 total
- age   4:        184 bytes,        208 total
- age  10:         16 bytes,        224 total
: 479K->0K(960K), 0.0003353 secs] 9016K->8536K(10176K), 0.0004316 secs] [Times: user=0.00 sys=0.00, real=0.00 secs] 
2019-01-02T11:13:22.391+0530: 870.292: [GC (Allocation Failure) 2019-01-02T11:13:22.391+0530: 870.292: [DefNew
Desired survivor size 32768 bytes, new threshold 15 (max 15)
- age   2:         24 bytes,         24 total
- age   5:        184 bytes,        208 total
- age  11:         16 bytes,        224 total
: 503K->0K(960K), 0.0004396 secs] 9039K->9039K(10176K), 0.0005280 secs] [Times: user=0.00 sys=0.00, real=0.00 secs] 
2019-01-02T11:13:22.392+0530: 870.293: [GC (Allocation Failure) 2019-01-02T11:13:22.392+0530: 870.293: [DefNew: 521K->521K(960K), 0.0000416 secs]2019-01-02T11:13:22.392+0530: 870.293: [Tenured: 9039K->1270K(9216K), 0.0053099 secs] 9560K->1270K(10176K), [Metaspace: 2520K->2520K(1056768K)], 0.0055049 secs] [Times: user=0.00 sys=0.00, real=0.01 secs] 
2019-01-02T11:13:22.488+0530: 870.389: [GC (Allocation Failure) 2019-01-02T11:13:22.488+0530: 870.389: [DefNew
Desired survivor size 32768 bytes, new threshold 15 (max 15)
- age   1:        248 bytes,        248 total
: 874K->0K(960K), 0.0006055 secs] 2144K->1845K(10176K), 0.0009698 secs] [Times: user=0.00 sys=0.00, real=0.00 secs] 
2019-01-02T11:13:22.491+0530: 870.392: [GC (Allocation Failure) 2019-01-02T11:13:22.491+0530: 870.392: [DefNew
Desired survivor size 32768 bytes, new threshold 15 (max 15)
- age   2:        184 bytes,        184 total
: 896K->0K(960K), 0.0004601 secs] 2741K->2133K(10176K), 0.0005827 secs] [Times: user=0.00 sys=0.02, real=0.00 secs] 
2019-01-02T11:13:22.493+0530: 870.394: [GC (Allocation Failure) 2019-01-02T11:13:22.493+0530: 870.394: [DefNew
Desired survivor size 32768 bytes, new threshold 15 (max 15)
- age   3:        184 bytes,        184 total
: 896K->0K(960K), 0.0005274 secs] 3029K->2709K(10176K), 0.0006608 secs] [Times: user=0.00 sys=0.00, real=0.00 secs] 
2019-01-02T11:13:22.496+0530: 870.397: [GC (Allocation Failure) 2019-01-02T11:13:22.496+0530: 870.397: [DefNew
Desired survivor size 32768 bytes, new threshold 15 (max 15)
- age   1:         24 bytes,         24 total
- age   4:        184 bytes,        208 total
: 479K->0K(960K), 0.0003609 secs] 3189K->2709K(10176K), 0.0004789 secs] [Times: user=0.00 sys=0.00, real=0.00 secs] 
2019-01-02T11:13:22.497+0530: 870.398: [GC (Allocation Failure) 2019-01-02T11:13:22.497+0530: 870.398: [DefNew
Desired survivor size 32768 bytes, new threshold 15 (max 15)
- age   2:         24 bytes,         24 total
- age   5:        184 bytes,        208 total
: 503K->0K(960K), 0.0004715 secs] 3212K->3212K(10176K), 0.0005724 secs] [Times: user=0.00 sys=0.00, real=0.00 secs] 
2019-01-02T11:13:22.498+0530: 870.399: [GC (Allocation Failure) 2019-01-02T11:13:22.498+0530: 870.399: [DefNew
Desired survivor size 32768 bytes, new threshold 15 (max 15)
- age   1:         24 bytes,         24 total
- age   6:         72 bytes,         96 total
: 521K->0K(960K), 0.0004670 secs] 3733K->3716K(10176K), 0.0005724 secs] [Times: user=0.00 sys=0.00, real=0.00 secs] 
2019-01-02T11:13:22.578+0530: 870.479: [GC (Allocation Failure) 2019-01-02T11:13:22.579+0530: 870.480: [DefNew
Desired survivor size 32768 bytes, new threshold 15 (max 15)
- age   1:        248 bytes,        248 total
- age   7:         16 bytes,        264 total
: 874K->0K(960K), 0.0013866 secs] 4590K->3788K(10176K), 0.0019123 secs] [Times: user=0.00 sys=0.00, real=0.00 secs] 
2019-01-02T11:13:22.583+0530: 870.484: [GC (Allocation Failure) 2019-01-02T11:13:22.583+0530: 870.484: [DefNew
Desired survivor size 32768 bytes, new threshold 15 (max 15)
- age   2:        184 bytes,        184 total
- age   8:         16 bytes,        200 total
: 896K->0K(960K), 0.0004424 secs] 4684K->4076K(10176K), 0.0005793 secs] [Times: user=0.00 sys=0.00, real=0.00 secs] 
2019-01-02T11:13:22.584+0530: 870.485: [GC (Allocation Failure) 2019-01-02T11:13:22.584+0530: 870.485: [DefNew
Desired survivor size 32768 bytes, new threshold 15 (max 15)
- age   3:        184 bytes,        184 total
- age   9:         16 bytes,        200 total
: 896K->0K(960K), 0.0004835 secs] 4972K->4652K(10176K), 0.0005884 secs] [Times: user=0.00 sys=0.00, real=0.00 secs] 
2019-01-02T11:13:22.586+0530: 870.487: [GC (Allocation Failure) 2019-01-02T11:13:22.586+0530: 870.487: [DefNew
Desired survivor size 32768 bytes, new threshold 15 (max 15)
- age   1:         24 bytes,         24 total
- age   4:        184 bytes,        208 total
- age  10:         16 bytes,        224 total
: 479K->0K(960K), 0.0003278 secs] 5132K->4652K(10176K), 0.0004208 secs] [Times: user=0.00 sys=0.00, real=0.00 secs] 
2019-01-02T11:13:22.587+0530: 870.488: [GC (Allocation Failure) 2019-01-02T11:13:22.587+0530: 870.488: [DefNew
Desired survivor size 32768 bytes, new threshold 15 (max 15)
- age   2:         24 bytes,         24 total
- age   5:        184 bytes,        208 total
- age  11:         16 bytes,        224 total
: 503K->0K(960K), 0.0004926 secs] 5155K->5155K(10176K), 0.0006568 secs] [Times: user=0.00 sys=0.00, real=0.00 secs] 
2019-01-02T11:13:22.589+0530: 870.490: [GC (Allocation Failure) 2019-01-02T11:13:22.589+0530: 870.490: [DefNew
Desired survivor size 32768 bytes, new threshold 15 (max 15)
- age   1:         24 bytes,         24 total
- age   6:         72 bytes,         96 total
- age  12:         16 bytes,        112 total
: 521K->0K(960K), 0.0005257 secs] 5676K->5658K(10176K), 0.0006506 secs] [Times: user=0.00 sys=0.00, real=0.00 secs] 
2019-01-02T11:13:22.665+0530: 870.566: [GC (Allocation Failure) 2019-01-02T11:13:22.665+0530: 870.566: [DefNew
Desired survivor size 32768 bytes, new threshold 15 (max 15)
- age   1:        248 bytes,        248 total
- age   7:         16 bytes,        264 total
- age  13:         16 bytes,        280 total
: 874K->0K(960K), 0.0003900 secs] 6533K->5730K(10176K), 0.0005103 secs] [Times: user=0.00 sys=0.00, real=0.00 secs] 
2019-01-02T11:13:22.667+0530: 870.568: [GC (Allocation Failure) 2019-01-02T11:13:22.667+0530: 870.569: [DefNew
Desired survivor size 32768 bytes, new threshold 15 (max 15)
- age   2:        184 bytes,        184 total
- age   8:         16 bytes,        200 total
- age  14:         16 bytes,        216 total
: 896K->0K(960K), 0.0004470 secs] 6626K->6018K(10176K), 0.0005690 secs] [Times: user=0.00 sys=0.00, real=0.00 secs] 
2019-01-02T11:13:22.669+0530: 870.570: [GC (Allocation Failure) 2019-01-02T11:13:22.669+0530: 870.570: [DefNew
Desired survivor size 32768 bytes, new threshold 15 (max 15)
- age   3:        184 bytes,        184 total
- age   9:         16 bytes,        200 total
- age  15:         16 bytes,        216 total
: 896K->0K(960K), 0.0003917 secs] 6914K->6594K(10176K), 0.0004744 secs] [Times: user=0.00 sys=0.00, real=0.00 secs] 
2019-01-02T11:13:22.671+0530: 870.572: [GC (Allocation Failure) 2019-01-02T11:13:22.671+0530: 870.572: [DefNew
Desired survivor size 32768 bytes, new threshold 15 (max 15)
- age   1:         24 bytes,         24 total
- age   4:        184 bytes,        208 total
- age  10:         16 bytes,        224 total
: 479K->0K(960K), 0.0011569 secs] 7074K->6594K(10176K), 0.0014129 secs] [Times: user=0.00 sys=0.00, real=0.00 secs] 
2019-01-02T11:13:22.674+0530: 870.575: [GC (Allocation Failure) 2019-01-02T11:13:22.674+0530: 870.575: [DefNew
Desired survivor size 32768 bytes, new threshold 15 (max 15)
- age   2:         24 bytes,         24 total
- age   5:        184 bytes,        208 total
- age  11:         16 bytes,        224 total
: 503K->0K(960K), 0.0009180 secs] 7098K->7098K(10176K), 0.0011694 secs] [Times: user=0.00 sys=0.00, real=0.00 secs] 
2019-01-02T11:13:22.676+0530: 870.577: [GC (Allocation Failure) 2019-01-02T11:13:22.676+0530: 870.577: [DefNew
Desired survivor size 32768 bytes, new threshold 15 (max 15)
- age   1:         24 bytes,         24 total
- age   6:         72 bytes,         96 total
- age  12:         16 bytes,        112 total
: 521K->0K(960K), 0.0006181 secs] 7618K->7601K(10176K), 0.0008125 secs] [Times: user=0.00 sys=0.00, real=0.00 secs] 
2019-01-02T11:13:22.753+0530: 870.654: [GC (Allocation Failure) 2019-01-02T11:13:22.753+0530: 870.654: [DefNew
Desired survivor size 32768 bytes, new threshold 15 (max 15)
- age   1:        248 bytes,        248 total
- age   7:         16 bytes,        264 total
- age  13:         16 bytes,        280 total
: 874K->0K(960K), 0.0010884 secs] 8475K->7673K(10176K), 0.0014687 secs] [Times: user=0.00 sys=0.00, real=0.00 secs] 
2019-01-02T11:13:22.757+0530: 870.658: [GC (Allocation Failure) 2019-01-02T11:13:22.757+0530: 870.658: [DefNew
Desired survivor size 32768 bytes, new threshold 15 (max 15)
- age   2:        184 bytes,        184 total
- age   8:         16 bytes,        200 total
- age  14:         16 bytes,        216 total
: 896K->0K(960K), 0.0008786 secs] 8569K->7961K(10176K), 0.0013205 secs] [Times: user=0.02 sys=0.00, real=0.00 secs] 
2019-01-02T11:13:22.760+0530: 870.662: [GC (Allocation Failure) 2019-01-02T11:13:22.761+0530: 870.662: [DefNew
Desired survivor size 32768 bytes, new threshold 15 (max 15)
- age   3:        184 bytes,        184 total
- age   9:         16 bytes,        200 total
- age  15:         16 bytes,        216 total
: 896K->0K(960K), 0.0011831 secs] 8857K->8537K(10176K), 0.0015674 secs] [Times: user=0.00 sys=0.00, real=0.00 secs] 
2019-01-02T11:13:22.764+0530: 870.665: [GC (Allocation Failure) 2019-01-02T11:13:22.764+0530: 870.665: [DefNew
Desired survivor size 32768 bytes, new threshold 15 (max 15)
- age   1:         24 bytes,         24 total
- age   4:        184 bytes,        208 total
- age  10:         16 bytes,        224 total
: 479K->0K(960K), 0.0004111 secs] 9017K->8537K(10176K), 0.0005759 secs] [Times: user=0.00 sys=0.00, real=0.00 secs] 
2019-01-02T11:13:22.764+0530: 870.666: [GC (Allocation Failure) 2019-01-02T11:13:22.764+0530: 870.666: [DefNew
Desired survivor size 32768 bytes, new threshold 15 (max 15)
- age   2:         24 bytes,         24 total
- age   5:        184 bytes,        208 total
- age  11:         16 bytes,        224 total
: 503K->0K(960K), 0.0003301 secs] 9040K->9040K(10176K), 0.0003871 secs] [Times: user=0.00 sys=0.00, real=0.00 secs] 
2019-01-02T11:13:22.765+0530: 870.666: [GC (Allocation Failure) 2019-01-02T11:13:22.765+0530: 870.666: [DefNew: 521K->521K(960K), 0.0000234 secs]2019-01-02T11:13:22.765+0530: 870.666: [Tenured: 9040K->1270K(9216K), 0.0053048 secs] 9561K->1270K(10176K), [Metaspace: 2520K->2520K(1056768K)], 0.0054815 secs] [Times: user=0.00 sys=0.00, real=0.01 secs] 
2019-01-02T11:13:22.843+0530: 870.744: [GC (Allocation Failure) 2019-01-02T11:13:22.843+0530: 870.744: [DefNew
Desired survivor size 32768 bytes, new threshold 15 (max 15)
- age   1:        248 bytes,        248 total
: 874K->0K(960K), 0.0010907 secs] 2144K->1846K(10176K), 0.0013176 secs] [Times: user=0.00 sys=0.00, real=0.00 secs] 
2019-01-02T11:13:22.845+0530: 870.746: [GC (Allocation Failure) 2019-01-02T11:13:22.845+0530: 870.747: [DefNew
Desired survivor size 32768 bytes, new threshold 15 (max 15)
- age   2:        184 bytes,        184 total
: 896K->0K(960K), 0.0009345 secs] 2742K->2134K(10176K), 0.0010862 secs] [Times: user=0.00 sys=0.00, real=0.00 secs] 
2019-01-02T11:13:22.848+0530: 870.749: [GC (Allocation Failure) 2019-01-02T11:13:22.848+0530: 870.749: [DefNew
Desired survivor size 32768 bytes, new threshold 15 (max 15)
- age   3:        184 bytes,        184 total
: 896K->0K(960K), 0.0009077 secs] 3030K->2710K(10176K), 0.0011466 secs] [Times: user=0.00 sys=0.00, real=0.00 secs] 
2019-01-02T11:13:22.850+0530: 870.751: [GC (Allocation Failure) 2019-01-02T11:13:22.850+0530: 870.751: [DefNew
Desired survivor size 32768 bytes, new threshold 15 (max 15)
- age   1:         24 bytes,         24 total
- age   4:        184 bytes,        208 total
: 479K->0K(960K), 0.0003849 secs] 3189K->2710K(10176K), 0.0005485 secs] [Times: user=0.01 sys=0.00, real=0.00 secs] 
2019-01-02T11:13:22.851+0530: 870.753: [GC (Allocation Failure) 2019-01-02T11:13:22.851+0530: 870.753: [DefNew
Desired survivor size 32768 bytes, new threshold 15 (max 15)
- age   2:         24 bytes,         24 total
- age   5:        184 bytes,        208 total
: 503K->0K(960K), 0.0006591 secs] 3213K->3213K(10176K), 0.0007600 secs] [Times: user=0.00 sys=0.00, real=0.00 secs] 
2019-01-02T11:13:22.853+0530: 870.754: [GC (Allocation Failure) 2019-01-02T11:13:22.853+0530: 870.754: [DefNew
Desired survivor size 32768 bytes, new threshold 15 (max 15)
- age   1:         24 bytes,         24 total
- age   6:         72 bytes,         96 total
: 521K->0K(960K), 0.0004447 secs] 3734K->3716K(10176K), 0.0005445 secs] [Times: user=0.00 sys=0.00, real=0.00 secs] 
2019-01-02T11:13:22.919+0530: 870.820: [GC (Allocation Failure) 2019-01-02T11:13:22.919+0530: 870.820: [DefNew
Desired survivor size 32768 bytes, new threshold 15 (max 15)
- age   1:        248 bytes,        248 total
- age   7:         16 bytes,        264 total
: 874K->0K(960K), 0.0010069 secs] 4590K->3788K(10176K), 0.0013296 secs] [Times: user=0.00 sys=0.00, real=0.00 secs] 
2019-01-02T11:13:22.922+0530: 870.823: [GC (Allocation Failure) 2019-01-02T11:13:22.922+0530: 870.823: [DefNew
Desired survivor size 32768 bytes, new threshold 15 (max 15)
- age   2:        184 bytes,        184 total
- age   8:         16 bytes,        200 total
: 896K->0K(960K), 0.0012418 secs] 4684K->4076K(10176K), 0.0015691 secs] [Times: user=0.00 sys=0.00, real=0.00 secs] 
2019-01-02T11:13:22.925+0530: 870.826: [GC (Allocation Failure) 2019-01-02T11:13:22.925+0530: 870.826: [DefNew
Desired survivor size 32768 bytes, new threshold 15 (max 15)
- age   3:        184 bytes,        184 total
- age   9:         16 bytes,        200 total
: 896K->0K(960K), 0.0012047 secs] 4972K->4652K(10176K), 0.0015314 secs] [Times: user=0.00 sys=0.00, real=0.00 secs] 
2019-01-02T11:13:22.928+0530: 870.829: [GC (Allocation Failure) 2019-01-02T11:13:22.928+0530: 870.830: [DefNew
Desired survivor size 32768 bytes, new threshold 15 (max 15)
- age   1:         24 bytes,         24 total
- age   4:        184 bytes,        208 total
- age  10:         16 bytes,        224 total
: 479K->0K(960K), 0.0003615 secs] 5132K->4652K(10176K), 0.0004858 secs] [Times: user=0.02 sys=0.00, real=0.00 secs] 
2019-01-02T11:13:22.930+0530: 870.831: [GC (Allocation Failure) 2019-01-02T11:13:22.930+0530: 870.831: [DefNew
Desired survivor size 32768 bytes, new threshold 15 (max 15)
- age   2:         24 bytes,         24 total
- age   5:        184 bytes,        208 total
- age  11:         16 bytes,        224 total
: 503K->0K(960K), 0.0006226 secs] 5156K->5156K(10176K), 0.0007412 secs] [Times: user=0.00 sys=0.00, real=0.00 secs] 
2019-01-02T11:13:22.931+0530: 870.832: [GC (Allocation Failure) 2019-01-02T11:13:22.931+0530: 870.832: [DefNew
Desired survivor size 32768 bytes, new threshold 15 (max 15)
- age   1:         24 bytes,         24 total
- age   6:         72 bytes,         96 total
- age  12:         16 bytes,        112 total
: 521K->0K(960K), 0.0004920 secs] 5676K->5659K(10176K), 0.0006112 secs] [Times: user=0.00 sys=0.00, real=0.00 secs] 
2019-01-02T11:13:23.004+0530: 870.905: [GC (Allocation Failure) 2019-01-02T11:13:23.004+0530: 870.905: [DefNew
Desired survivor size 32768 bytes, new threshold 15 (max 15)
- age   1:        248 bytes,        248 total
- age   7:         16 bytes,        264 total
- age  13:         16 bytes,        280 total
: 874K->0K(960K), 0.0009259 secs] 6533K->5731K(10176K), 0.0014277 secs] [Times: user=0.00 sys=0.00, real=0.00 secs] 
2019-01-02T11:13:23.008+0530: 870.909: [GC (Allocation Failure) 2019-01-02T11:13:23.008+0530: 870.910: [DefNew
Desired survivor size 32768 bytes, new threshold 15 (max 15)
- age   2:        184 bytes,        184 total
- age   8:         16 bytes,        200 total
- age  14:         16 bytes,        216 total
: 896K->0K(960K), 0.0013923 secs] 6627K->6019K(10176K), 0.0017726 secs] [Times: user=0.00 sys=0.00, real=0.00 secs] 
2019-01-02T11:13:23.013+0530: 870.914: [GC (Allocation Failure) 2019-01-02T11:13:23.013+0530: 870.914: [DefNew
Desired survivor size 32768 bytes, new threshold 15 (max 15)
- age   3:        184 bytes,        184 total
- age   9:         16 bytes,        200 total
- age  15:         16 bytes,        216 total
: 896K->0K(960K), 0.0015560 secs] 6915K->6595K(10176K), 0.0018998 secs] [Times: user=0.00 sys=0.00, real=0.00 secs] 
2019-01-02T11:13:23.017+0530: 870.918: [GC (Allocation Failure) 2019-01-02T11:13:23.017+0530: 870.918: [DefNew
Desired survivor size 32768 bytes, new threshold 15 (max 15)
- age   1:         24 bytes,         24 total
- age   4:        184 bytes,        208 total
- age  10:         16 bytes,        224 total
: 479K->0K(960K), 0.0005320 secs] 7075K->6595K(10176K), 0.0007463 secs] [Times: user=0.00 sys=0.00, real=0.00 secs] 
2019-01-02T11:13:23.018+0530: 870.919: [GC (Allocation Failure) 2019-01-02T11:13:23.018+0530: 870.919: [DefNew
Desired survivor size 32768 bytes, new threshold 15 (max 15)
- age   2:         24 bytes,         24 total
- age   5:        184 bytes,        208 total
- age  11:         16 bytes,        224 total
: 503K->0K(960K), 0.0004077 secs] 7098K->7098K(10176K), 0.0004749 secs] [Times: user=0.00 sys=0.00, real=0.00 secs] 
2019-01-02T11:13:23.019+0530: 870.920: [GC (Allocation Failure) 2019-01-02T11:13:23.019+0530: 870.920: [DefNew
Desired survivor size 32768 bytes, new threshold 15 (max 15)
- age   1:         24 bytes,         24 total
- age   6:         72 bytes,         96 total
- age  12:         16 bytes,        112 total
: 521K->0K(960K), 0.0004310 secs] 7619K->7602K(10176K), 0.0005234 secs] [Times: user=0.00 sys=0.00, real=0.00 secs] 
2019-01-02T11:13:23.092+0530: 870.993: [GC (Allocation Failure) 2019-01-02T11:13:23.092+0530: 870.993: [DefNew
Desired survivor size 32768 bytes, new threshold 15 (max 15)
- age   1:        248 bytes,        248 total
- age   7:         16 bytes,        264 total
- age  13:         16 bytes,        280 total
: 874K->0K(960K), 0.0011266 secs] 8476K->7674K(10176K), 0.0014203 secs] [Times: user=0.00 sys=0.00, real=0.00 secs] 
2019-01-02T11:13:23.095+0530: 870.996: [GC (Allocation Failure) 2019-01-02T11:13:23.095+0530: 870.996: [DefNew
Desired survivor size 32768 bytes, new threshold 15 (max 15)
- age   2:        184 bytes,        184 total
- age   8:         16 bytes,        200 total
- age  14:         16 bytes,        216 total
: 896K->0K(960K), 0.0010137 secs] 8570K->7962K(10176K), 0.0013655 secs] [Times: user=0.00 sys=0.00, real=0.00 secs] 
2019-01-02T11:13:23.099+0530: 871.000: [GC (Allocation Failure) 2019-01-02T11:13:23.099+0530: 871.000: [DefNew
Desired survivor size 32768 bytes, new threshold 15 (max 15)
- age   3:        184 bytes,        184 total
- age   9:         16 bytes,        200 total
- age  15:         16 bytes,        216 total
: 896K->0K(960K), 0.0005359 secs] 8858K->8538K(10176K), 0.0006682 secs] [Times: user=0.00 sys=0.00, real=0.00 secs] 
2019-01-02T11:13:23.101+0530: 871.002: [GC (Allocation Failure) 2019-01-02T11:13:23.101+0530: 871.002: [DefNew
Desired survivor size 32768 bytes, new threshold 15 (max 15)
- age   1:         24 bytes,         24 total
- age   4:        184 bytes,        208 total
- age  10:         16 bytes,        224 total
: 479K->0K(960K), 0.0002919 secs] 9017K->8538K(10176K), 0.0003837 secs] [Times: user=0.00 sys=0.00, real=0.00 secs] 
2019-01-02T11:13:23.101+0530: 871.003: [GC (Allocation Failure) 2019-01-02T11:13:23.102+0530: 871.003: [DefNew
Desired survivor size 32768 bytes, new threshold 15 (max 15)
- age   2:         24 bytes,         24 total
- age   5:        184 bytes,        208 total
- age  11:         16 bytes,        224 total
: 503K->0K(960K), 0.0003934 secs] 9041K->9041K(10176K), 0.0004727 secs] [Times: user=0.00 sys=0.00, real=0.00 secs] 
2019-01-02T11:13:23.102+0530: 871.003: [GC (Allocation Failure) 2019-01-02T11:13:23.102+0530: 871.004: [DefNew: 521K->521K(960K), 0.0000348 secs]2019-01-02T11:13:23.102+0530: 871.004: [Tenured: 9041K->1270K(9216K), 0.0055568 secs] 9562K->1270K(10176K), [Metaspace: 2520K->2520K(1056768K)], 0.0058755 secs] [Times: user=0.00 sys=0.00, real=0.01 secs] 
2019-01-02T11:13:23.173+0530: 871.075: [GC (Allocation Failure) 2019-01-02T11:13:23.174+0530: 871.075: [DefNew
Desired survivor size 32768 bytes, new threshold 15 (max 15)
- age   1:        248 bytes,        248 total
: 874K->0K(960K), 0.0012595 secs] 2145K->1846K(10176K), 0.0018684 secs] [Times: user=0.00 sys=0.00, real=0.00 secs] 
2019-01-02T11:13:23.177+0530: 871.078: [GC (Allocation Failure) 2019-01-02T11:13:23.177+0530: 871.078: [DefNew
Desired survivor size 32768 bytes, new threshold 15 (max 15)
- age   2:        184 bytes,        184 total
: 896K->0K(960K), 0.0006756 secs] 2742K->2134K(10176K), 0.0008507 secs] [Times: user=0.00 sys=0.00, real=0.00 secs] 
2019-01-02T11:13:23.179+0530: 871.080: [GC (Allocation Failure) 2019-01-02T11:13:23.179+0530: 871.080: [DefNew
Desired survivor size 32768 bytes, new threshold 15 (max 15)
- age   3:        184 bytes,        184 total
: 896K->0K(960K), 0.0010103 secs] 3030K->2710K(10176K), 0.0012099 secs] [Times: user=0.00 sys=0.00, real=0.00 secs] 
2019-01-02T11:13:23.181+0530: 871.083: [GC (Allocation Failure) 2019-01-02T11:13:23.182+0530: 871.083: [DefNew
Desired survivor size 32768 bytes, new threshold 15 (max 15)
- age   1:         24 bytes,         24 total
- age   4:        184 bytes,        208 total
: 479K->0K(960K), 0.0003227 secs] 3190K->2710K(10176K), 0.0004538 secs] [Times: user=0.00 sys=0.00, real=0.00 secs] 
2019-01-02T11:13:23.182+0530: 871.084: [GC (Allocation Failure) 2019-01-02T11:13:23.183+0530: 871.084: [DefNew
Desired survivor size 32768 bytes, new threshold 15 (max 15)
- age   2:         24 bytes,         24 total
- age   5:        184 bytes,        208 total
: 503K->0K(960K), 0.0006243 secs] 3213K->3213K(10176K), 0.0007406 secs] [Times: user=0.00 sys=0.00, real=0.00 secs] 
2019-01-02T11:13:23.184+0530: 871.085: [GC (Allocation Failure) 2019-01-02T11:13:23.184+0530: 871.085: [DefNew
Desired survivor size 32768 bytes, new threshold 15 (max 15)
- age   1:         24 bytes,         24 total
- age   6:         72 bytes,         96 total
: 521K->0K(960K), 0.0003010 secs] 3734K->3716K(10176K), 0.0003541 secs] [Times: user=0.00 sys=0.00, real=0.00 secs] 
2019-01-02T11:13:23.248+0530: 871.149: [GC (Allocation Failure) 2019-01-02T11:13:23.248+0530: 871.150: [DefNew
Desired survivor size 32768 bytes, new threshold 15 (max 15)
- age   1:        248 bytes,        248 total
- age   7:         16 bytes,        264 total
: 874K->0K(960K), 0.0004213 secs] 4591K->3789K(10176K), 0.0005684 secs] [Times: user=0.00 sys=0.00, real=0.00 secs] 
2019-01-02T11:13:23.250+0530: 871.151: [GC (Allocation Failure) 2019-01-02T11:13:23.250+0530: 871.152: [DefNew
Desired survivor size 32768 bytes, new threshold 15 (max 15)
- age   2:        184 bytes,        184 total
- age   8:         16 bytes,        200 total
: 896K->0K(960K), 0.0008986 secs] 4685K->4077K(10176K), 0.0011095 secs] [Times: user=0.00 sys=0.00, real=0.00 secs] 
2019-01-02T11:13:23.253+0530: 871.154: [GC (Allocation Failure) 2019-01-02T11:13:23.253+0530: 871.154: [DefNew
Desired survivor size 32768 bytes, new threshold 15 (max 15)
- age   3:        184 bytes,        184 total
- age   9:         16 bytes,        200 total
: 896K->0K(960K), 0.0009864 secs] 4973K->4653K(10176K), 0.0010953 secs] [Times: user=0.00 sys=0.00, real=0.00 secs] 
2019-01-02T11:13:23.256+0530: 871.157: [GC (Allocation Failure) 2019-01-02T11:13:23.256+0530: 871.157: [DefNew
Desired survivor size 32768 bytes, new threshold 15 (max 15)
- age   1:         24 bytes,         24 total
- age   4:        184 bytes,        208 total
- age  10:         16 bytes,        224 total
: 479K->0K(960K), 0.0006431 secs] 5132K->4653K(10176K), 0.0010884 secs] [Times: user=0.01 sys=0.00, real=0.00 secs] 
2019-01-02T11:13:23.258+0530: 871.159: [GC (Allocation Failure) 2019-01-02T11:13:23.258+0530: 871.159: [DefNew
Desired survivor size 32768 bytes, new threshold 15 (max 15)
- age   2:         24 bytes,         24 total
- age   5:        184 bytes,        208 total
- age  11:         16 bytes,        224 total
: 503K->0K(960K), 0.0012715 secs] 5156K->5156K(10176K), 0.0014374 secs] [Times: user=0.00 sys=0.00, real=0.00 secs] 
2019-01-02T11:13:23.260+0530: 871.161: [GC (Allocation Failure) 2019-01-02T11:13:23.260+0530: 871.161: [DefNew
Desired survivor size 32768 bytes, new threshold 15 (max 15)
- age   1:         24 bytes,         24 total
- age   6:         72 bytes,         96 total
- age  12:         16 bytes,        112 total
: 521K->0K(960K), 0.0004652 secs] 5677K->5659K(10176K), 0.0005656 secs] [Times: user=0.00 sys=0.00, real=0.00 secs] 
2019-01-02T11:13:23.324+0530: 871.225: [GC (Allocation Failure) 2019-01-02T11:13:23.324+0530: 871.225: [DefNew
Desired survivor size 32768 bytes, new threshold 15 (max 15)
- age   1:        248 bytes,        248 total
- age   7:         16 bytes,        264 total
- age  13:         16 bytes,        280 total
: 874K->0K(960K), 0.0006568 secs] 6534K->5732K(10176K), 0.0010901 secs] [Times: user=0.00 sys=0.00, real=0.00 secs] 
2019-01-02T11:13:23.327+0530: 871.228: [GC (Allocation Failure) 2019-01-02T11:13:23.328+0530: 871.229: [DefNew
Desired survivor size 32768 bytes, new threshold 15 (max 15)
- age   2:        184 bytes,        184 total
- age   8:         16 bytes,        200 total
- age  14:         16 bytes,        216 total
: 896K->0K(960K), 0.0009037 secs] 6628K->6019K(10176K), 0.0013251 secs] [Times: user=0.00 sys=0.00, real=0.00 secs] 
2019-01-02T11:13:23.331+0530: 871.232: [GC (Allocation Failure) 2019-01-02T11:13:23.331+0530: 871.232: [DefNew
Desired survivor size 32768 bytes, new threshold 15 (max 15)
- age   3:        184 bytes,        184 total
- age   9:         16 bytes,        200 total
- age  15:         16 bytes,        216 total
: 896K->0K(960K), 0.0005730 secs] 6915K->6595K(10176K), 0.0007355 secs] [Times: user=0.00 sys=0.00, real=0.00 secs] 
2019-01-02T11:13:23.333+0530: 871.235: [GC (Allocation Failure) 2019-01-02T11:13:23.333+0530: 871.235: [DefNew
Desired survivor size 32768 bytes, new threshold 15 (max 15)
- age   1:         24 bytes,         24 total
- age   4:        184 bytes,        208 total
- age  10:         16 bytes,        224 total
: 479K->0K(960K), 0.0003780 secs] 7075K->6596K(10176K), 0.0005114 secs] [Times: user=0.00 sys=0.00, real=0.00 secs] 
2019-01-02T11:13:23.334+0530: 871.236: [GC (Allocation Failure) 2019-01-02T11:13:23.335+0530: 871.236: [DefNew
Desired survivor size 32768 bytes, new threshold 15 (max 15)
- age   2:         24 bytes,         24 total
- age   5:        184 bytes,        208 total
- age  11:         16 bytes,        224 total
: 503K->0K(960K), 0.0012344 secs] 7099K->7099K(10176K), 0.0013484 secs] [Times: user=0.00 sys=0.00, real=0.00 secs] 
2019-01-02T11:13:23.336+0530: 871.237: [GC (Allocation Failure) 2019-01-02T11:13:23.336+0530: 871.237: [DefNew
Desired survivor size 32768 bytes, new threshold 15 (max 15)
- age   1:         24 bytes,         24 total
- age   6:         72 bytes,         96 total
- age  12:         16 bytes,        112 total
: 521K->0K(960K), 0.0003347 secs] 7620K->7602K(10176K), 0.0003906 secs] [Times: user=0.00 sys=0.00, real=0.00 secs] 
2019-01-02T11:13:23.395+0530: 871.296: [GC (Allocation Failure) 2019-01-02T11:13:23.396+0530: 871.297: [DefNew
Desired survivor size 32768 bytes, new threshold 15 (max 15)
- age   1:        248 bytes,        248 total
- age   7:         16 bytes,        264 total
- age  13:         16 bytes,        280 total
: 874K->0K(960K), 0.0008894 secs] 8477K->7674K(10176K), 0.0013638 secs] [Times: user=0.01 sys=0.00, real=0.00 secs] 
2019-01-02T11:13:23.401+0530: 871.302: [GC (Allocation Failure) 2019-01-02T11:13:23.401+0530: 871.302: [DefNew
Desired survivor size 32768 bytes, new threshold 15 (max 15)
- age   2:        184 bytes,        184 total
- age   8:         16 bytes,        200 total
- age  14:         16 bytes,        216 total
: 896K->0K(960K), 0.0004613 secs] 8570K->7962K(10176K), 0.0006055 secs] [Times: user=0.00 sys=0.00, real=0.00 secs] 
2019-01-02T11:13:23.404+0530: 871.305: [GC (Allocation Failure) 2019-01-02T11:13:23.404+0530: 871.305: [DefNew
Desired survivor size 32768 bytes, new threshold 15 (max 15)
- age   3:        184 bytes,        184 total
- age   9:         16 bytes,        200 total
- age  15:         16 bytes,        216 total
: 896K->0K(960K), 0.0009265 secs] 8858K->8538K(10176K), 0.0012612 secs] [Times: user=0.00 sys=0.00, real=0.00 secs] 
2019-01-02T11:13:23.407+0530: 871.308: [GC (Allocation Failure) 2019-01-02T11:13:23.407+0530: 871.308: [DefNew
Desired survivor size 32768 bytes, new threshold 15 (max 15)
- age   1:         24 bytes,         24 total
- age   4:        184 bytes,        208 total
- age  10:         16 bytes,        224 total
: 479K->0K(960K), 0.0002794 secs] 9018K->8538K(10176K), 0.0003581 secs] [Times: user=0.00 sys=0.00, real=0.00 secs] 
2019-01-02T11:13:23.407+0530: 871.309: [GC (Allocation Failure) 2019-01-02T11:13:23.407+0530: 871.309: [DefNew
Desired survivor size 32768 bytes, new threshold 15 (max 15)
- age   2:         24 bytes,         24 total
- age   5:        184 bytes,        208 total
- age  11:         16 bytes,        224 total
: 503K->0K(960K), 0.0003199 secs] 9042K->9042K(10176K), 0.0003717 secs] [Times: user=0.00 sys=0.00, real=0.00 secs] 
2019-01-02T11:13:23.408+0530: 871.309: [GC (Allocation Failure) 2019-01-02T11:13:23.408+0530: 871.309: [DefNew: 521K->521K(960K), 0.0000239 secs]2019-01-02T11:13:23.408+0530: 871.309: [Tenured: 9042K->1270K(9216K), 0.0079315 secs] 9563K->1270K(10176K), [Metaspace: 2520K->2520K(1056768K)], 0.0080524 secs] [Times: user=0.02 sys=0.00, real=0.01 secs] 
2019-01-02T11:13:23.475+0530: 871.376: [GC (Allocation Failure) 2019-01-02T11:13:23.475+0530: 871.376: [DefNew
Desired survivor size 32768 bytes, new threshold 15 (max 15)
- age   1:        248 bytes,        248 total
: 874K->0K(960K), 0.0018256 secs] 2145K->1846K(10176K), 0.0021786 secs] [Times: user=0.00 sys=0.00, real=0.00 secs] 
2019-01-02T11:13:23.479+0530: 871.380: [GC (Allocation Failure) 2019-01-02T11:13:23.479+0530: 871.380: [DefNew
Desired survivor size 32768 bytes, new threshold 15 (max 15)
- age   2:        184 bytes,        184 total
: 896K->0K(960K), 0.0007213 secs] 2742K->2134K(10176K), 0.0008216 secs] [Times: user=0.00 sys=0.00, real=0.00 secs] 
2019-01-02T11:13:23.481+0530: 871.382: [GC (Allocation Failure) 2019-01-02T11:13:23.481+0530: 871.382: [DefNew
Desired survivor size 32768 bytes, new threshold 15 (max 15)
- age   3:        184 bytes,        184 total
: 896K->0K(960K), 0.0010936 secs] 3030K->2710K(10176K), 0.0012412 secs] [Times: user=0.00 sys=0.00, real=0.00 secs] 
2019-01-02T11:13:23.483+0530: 871.385: [GC (Allocation Failure) 2019-01-02T11:13:23.483+0530: 871.385: [DefNew
Desired survivor size 32768 bytes, new threshold 15 (max 15)
- age   1:         24 bytes,         24 total
- age   4:        184 bytes,        208 total
: 479K->0K(960K), 0.0003501 secs] 3190K->2710K(10176K), 0.0004670 secs] [Times: user=0.00 sys=0.00, real=0.00 secs] 
2019-01-02T11:13:23.485+0530: 871.386: [GC (Allocation Failure) 2019-01-02T11:13:23.485+0530: 871.386: [DefNew
Desired survivor size 32768 bytes, new threshold 15 (max 15)
- age   2:         24 bytes,         24 total
- age   5:        184 bytes,        208 total
: 503K->0K(960K), 0.0007093 secs] 3213K->3213K(10176K), 0.0008148 secs] [Times: user=0.00 sys=0.00, real=0.00 secs] 
2019-01-02T11:13:23.486+0530: 871.388: [GC (Allocation Failure) 2019-01-02T11:13:23.487+0530: 871.388: [DefNew
Desired survivor size 32768 bytes, new threshold 15 (max 15)
- age   1:         24 bytes,         24 total
- age   6:         72 bytes,         96 total
: 521K->0K(960K), 0.0006705 secs] 3735K->3717K(10176K), 0.0008410 secs] [Times: user=0.00 sys=0.00, real=0.00 secs] 
2019-01-02T11:13:23.542+0530: 871.443: [GC (Allocation Failure) 2019-01-02T11:13:23.542+0530: 871.444: [DefNew
Desired survivor size 32768 bytes, new threshold 15 (max 15)
- age   1:        248 bytes,        248 total
- age   7:         16 bytes,        264 total
: 874K->0K(960K), 0.0012065 secs] 4591K->3789K(10176K), 0.0015246 secs] [Times: user=0.00 sys=0.00, real=0.00 secs] 
2019-01-02T11:13:23.545+0530: 871.446: [GC (Allocation Failure) 2019-01-02T11:13:23.545+0530: 871.446: [DefNew
Desired survivor size 32768 bytes, new threshold 15 (max 15)
- age   2:        184 bytes,        184 total
- age   8:         16 bytes,        200 total
: 896K->0K(960K), 0.0006534 secs] 4685K->4077K(10176K), 0.0007577 secs] [Times: user=0.00 sys=0.00, real=0.00 secs] 
2019-01-02T11:13:23.547+0530: 871.448: [GC (Allocation Failure) 2019-01-02T11:13:23.547+0530: 871.448: [DefNew
Desired survivor size 32768 bytes, new threshold 15 (max 15)
- age   3:        184 bytes,        184 total
- age   9:         16 bytes,        200 total
: 896K->0K(960K), 0.0009881 secs] 4973K->4653K(10176K), 0.0010890 secs] [Times: user=0.00 sys=0.00, real=0.00 secs] 
2019-01-02T11:13:23.550+0530: 871.451: [GC (Allocation Failure) 2019-01-02T11:13:23.550+0530: 871.451: [DefNew
Desired survivor size 32768 bytes, new threshold 15 (max 15)
- age   1:         24 bytes,         24 total
- age   4:        184 bytes,        208 total
- age  10:         16 bytes,        224 total
: 479K->0K(960K), 0.0004932 secs] 5133K->4653K(10176K), 0.0006238 secs] [Times: user=0.00 sys=0.00, real=0.00 secs] 
2019-01-02T11:13:23.551+0530: 871.452: [GC (Allocation Failure) 2019-01-02T11:13:23.551+0530: 871.452: [DefNew
Desired survivor size 32768 bytes, new threshold 15 (max 15)
- age   2:         24 bytes,         24 total
- age   5:        184 bytes,        208 total
- age  11:         16 bytes,        224 total
: 503K->0K(960K), 0.0008256 secs] 5157K->5157K(10176K), 0.0009596 secs] [Times: user=0.00 sys=0.00, real=0.00 secs] 
2019-01-02T11:13:23.553+0530: 871.454: [GC (Allocation Failure) 2019-01-02T11:13:23.553+0530: 871.454: [DefNew
Desired survivor size 32768 bytes, new threshold 15 (max 15)
- age   1:         24 bytes,         24 total
- age   6:         72 bytes,         96 total
- age  12:         16 bytes,        112 total
: 521K->0K(960K), 0.0007475 secs] 5678K->5660K(10176K), 0.0008684 secs] [Times: user=0.00 sys=0.00, real=0.00 secs] 
2019-01-02T11:13:23.609+0530: 871.510: [GC (Allocation Failure) 2019-01-02T11:13:23.609+0530: 871.510: [DefNew
Desired survivor size 32768 bytes, new threshold 15 (max 15)
- age   1:        248 bytes,        248 total
- age   7:         16 bytes,        264 total
- age  13:         16 bytes,        280 total
: 874K->0K(960K), 0.0005149 secs] 6534K->5732K(10176K), 0.0009174 secs] [Times: user=0.00 sys=0.00, real=0.00 secs] 
2019-01-02T11:13:23.612+0530: 871.513: [GC (Allocation Failure) 2019-01-02T11:13:23.612+0530: 871.513: [DefNew
Desired survivor size 32768 bytes, new threshold 15 (max 15)
- age   2:        184 bytes,        184 total
- age   8:         16 bytes,        200 total
- age  14:         16 bytes,        216 total
: 896K->0K(960K), 0.0005006 secs] 6628K->6020K(10176K), 0.0006802 secs] [Times: user=0.00 sys=0.00, real=0.00 secs] 
2019-01-02T11:13:23.614+0530: 871.515: [GC (Allocation Failure) 2019-01-02T11:13:23.614+0530: 871.515: [DefNew
Desired survivor size 32768 bytes, new threshold 15 (max 15)
- age   3:        184 bytes,        184 total
- age   9:         16 bytes,        200 total
- age  15:         16 bytes,        216 total
: 896K->0K(960K), 0.0009288 secs] 6916K->6596K(10176K), 0.0010571 secs] [Times: user=0.02 sys=0.00, real=0.00 secs] 
2019-01-02T11:13:23.616+0530: 871.517: [GC (Allocation Failure) 2019-01-02T11:13:23.616+0530: 871.517: [DefNew
Desired survivor size 32768 bytes, new threshold 15 (max 15)
- age   1:         24 bytes,         24 total
- age   4:        184 bytes,        208 total
- age  10:         16 bytes,        224 total
: 479K->0K(960K), 0.0004704 secs] 7076K->6596K(10176K), 0.0005975 secs] [Times: user=0.00 sys=0.00, real=0.00 secs] 
2019-01-02T11:13:23.617+0530: 871.518: [GC (Allocation Failure) 2019-01-02T11:13:23.617+0530: 871.518: [DefNew
Desired survivor size 32768 bytes, new threshold 15 (max 15)
- age   2:         24 bytes,         24 total
- age   5:        184 bytes,        208 total
- age  11:         16 bytes,        224 total
: 503K->0K(960K), 0.0003136 secs] 7100K->7100K(10176K), 0.0003854 secs] [Times: user=0.00 sys=0.00, real=0.00 secs] 
2019-01-02T11:13:23.618+0530: 871.519: [GC (Allocation Failure) 2019-01-02T11:13:23.618+0530: 871.519: [DefNew
Desired survivor size 32768 bytes, new threshold 15 (max 15)
- age   1:         24 bytes,         24 total
- age   6:         72 bytes,         96 total
- age  12:         16 bytes,        112 total
: 521K->0K(960K), 0.0003375 secs] 7621K->7603K(10176K), 0.0004094 secs] [Times: user=0.00 sys=0.00, real=0.00 secs] 
2019-01-02T11:13:23.668+0530: 871.569: [GC (Allocation Failure) 2019-01-02T11:13:23.668+0530: 871.570: [DefNew
Desired survivor size 32768 bytes, new threshold 15 (max 15)
- age   1:        248 bytes,        248 total
- age   7:         16 bytes,        264 total
- age  13:         16 bytes,        280 total
: 874K->0K(960K), 0.0004824 secs] 8478K->7675K(10176K), 0.0007840 secs] [Times: user=0.00 sys=0.00, real=0.00 secs] 
2019-01-02T11:13:23.671+0530: 871.572: [GC (Allocation Failure) 2019-01-02T11:13:23.671+0530: 871.572: [DefNew
Desired survivor size 32768 bytes, new threshold 15 (max 15)
- age   2:        184 bytes,        184 total
- age   8:         16 bytes,        200 total
- age  14:         16 bytes,        216 total
: 896K->0K(960K), 0.0009060 secs] 8571K->7963K(10176K), 0.0010673 secs] [Times: user=0.00 sys=0.00, real=0.00 secs] 
2019-01-02T11:13:23.673+0530: 871.574: [GC (Allocation Failure) 2019-01-02T11:13:23.673+0530: 871.574: [DefNew
Desired survivor size 32768 bytes, new threshold 15 (max 15)
- age   3:        184 bytes,        184 total
- age   9:         16 bytes,        200 total
- age  15:         16 bytes,        216 total
: 896K->0K(960K), 0.0003814 secs] 8859K->8539K(10176K), 0.0004481 secs] [Times: user=0.00 sys=0.00, real=0.00 secs] 
2019-01-02T11:13:23.675+0530: 871.576: [GC (Allocation Failure) 2019-01-02T11:13:23.675+0530: 871.576: [DefNew
Desired survivor size 32768 bytes, new threshold 15 (max 15)
- age   1:         24 bytes,         24 total
- age   4:        184 bytes,        208 total
- age  10:         16 bytes,        224 total
: 479K->0K(960K), 0.0002355 secs] 9019K->8539K(10176K), 0.0002965 secs] [Times: user=0.00 sys=0.00, real=0.00 secs] 
2019-01-02T11:13:23.675+0530: 871.576: [GC (Allocation Failure) 2019-01-02T11:13:23.675+0530: 871.576: [DefNew
Desired survivor size 32768 bytes, new threshold 15 (max 15)
- age   2:         24 bytes,         24 total
- age   5:        184 bytes,        208 total
- age  11:         16 bytes,        224 total
: 503K->0K(960K), 0.0003318 secs] 9043K->9043K(10176K), 0.0003877 secs] [Times: user=0.00 sys=0.00, real=0.00 secs] 
2019-01-02T11:13:23.676+0530: 871.577: [GC (Allocation Failure) 2019-01-02T11:13:23.676+0530: 871.577: [DefNew: 521K->521K(960K), 0.0000239 secs]2019-01-02T11:13:23.676+0530: 871.577: [Tenured: 9042K->1270K(9216K), 0.0061794 secs] 9564K->1270K(10176K), [Metaspace: 2520K->2520K(1056768K)], 0.0063094 secs] [Times: user=0.01 sys=0.00, real=0.01 secs] 
2019-01-02T11:13:23.739+0530: 871.640: [GC (Allocation Failure) 2019-01-02T11:13:23.739+0530: 871.640: [DefNew
Desired survivor size 32768 bytes, new threshold 15 (max 15)
- age   1:        248 bytes,        248 total
: 874K->0K(960K), 0.0004060 secs] 2145K->1846K(10176K), 0.0005103 secs] [Times: user=0.02 sys=0.00, real=0.00 secs] 
2019-01-02T11:13:23.741+0530: 871.642: [GC (Allocation Failure) 2019-01-02T11:13:23.741+0530: 871.642: [DefNew
Desired survivor size 32768 bytes, new threshold 15 (max 15)
- age   2:        184 bytes,        184 total
: 896K->0K(960K), 0.0003119 secs] 2742K->2134K(10176K), 0.0003951 secs] [Times: user=0.00 sys=0.00, real=0.00 secs] 
2019-01-02T11:13:23.742+0530: 871.644: [GC (Allocation Failure) 2019-01-02T11:13:23.742+0530: 871.644: [DefNew
Desired survivor size 32768 bytes, new threshold 15 (max 15)
- age   3:        184 bytes,        184 total
: 896K->0K(960K), 0.0003769 secs] 3030K->2710K(10176K), 0.0004578 secs] [Times: user=0.00 sys=0.00, real=0.00 secs] 
2019-01-02T11:13:23.744+0530: 871.645: [GC (Allocation Failure) 2019-01-02T11:13:23.744+0530: 871.645: [DefNew
Desired survivor size 32768 bytes, new threshold 15 (max 15)
- age   1:         24 bytes,         24 total
- age   4:        184 bytes,        208 total
: 479K->0K(960K), 0.0004727 secs] 3190K->2710K(10176K), 0.0005856 secs] [Times: user=0.00 sys=0.00, real=0.00 secs] 
2019-01-02T11:13:23.746+0530: 871.647: [GC (Allocation Failure) 2019-01-02T11:13:23.746+0530: 871.647: [DefNew
Desired survivor size 32768 bytes, new threshold 15 (max 15)
- age   2:         24 bytes,         24 total
- age   5:        184 bytes,        208 total
: 503K->0K(960K), 0.0008302 secs] 3214K->3214K(10176K), 0.0009162 secs] [Times: user=0.00 sys=0.00, real=0.00 secs] 
2019-01-02T11:13:23.747+0530: 871.649: [GC (Allocation Failure) 2019-01-02T11:13:23.748+0530: 871.649: [DefNew
Desired survivor size 32768 bytes, new threshold 15 (max 15)
- age   1:         24 bytes,         24 total
- age   6:         72 bytes,         96 total
: 521K->0K(960K), 0.0009191 secs] 3735K->3717K(10176K), 0.0011580 secs] [Times: user=0.00 sys=0.00, real=0.00 secs] 
2019-01-02T11:13:23.800+0530: 871.701: [GC (Allocation Failure) 2019-01-02T11:13:23.800+0530: 871.702: [DefNew
Desired survivor size 32768 bytes, new threshold 15 (max 15)
- age   1:        248 bytes,        248 total
- age   7:         16 bytes,        264 total
: 874K->0K(960K), 0.0008661 secs] 4592K->3789K(10176K), 0.0010924 secs] [Times: user=0.00 sys=0.00, real=0.00 secs] 
2019-01-02T11:13:23.803+0530: 871.704: [GC (Allocation Failure) 2019-01-02T11:13:23.803+0530: 871.705: [DefNew
Desired survivor size 32768 bytes, new threshold 15 (max 15)
- age   2:        184 bytes,        184 total
- age   8:         16 bytes,        200 total
: 896K->0K(960K), 0.0006084 secs] 4685K->4077K(10176K), 0.0008678 secs] [Times: user=0.00 sys=0.00, real=0.00 secs] 
2019-01-02T11:13:23.806+0530: 871.707: [GC (Allocation Failure) 2019-01-02T11:13:23.806+0530: 871.707: [DefNew
Desired survivor size 32768 bytes, new threshold 15 (max 15)
- age   3:        184 bytes,        184 total
- age   9:         16 bytes,        200 total
: 896K->0K(960K), 0.0003866 secs] 4973K->4653K(10176K), 0.0004704 secs] [Times: user=0.00 sys=0.00, real=0.00 secs] 
2019-01-02T11:13:23.807+0530: 871.708: [GC (Allocation Failure) 2019-01-02T11:13:23.807+0530: 871.709: [DefNew
Desired survivor size 32768 bytes, new threshold 15 (max 15)
- age   1:         24 bytes,         24 total
- age   4:        184 bytes,        208 total
- age  10:         16 bytes,        224 total
: 479K->0K(960K), 0.0002737 secs] 5133K->4653K(10176K), 0.0003501 secs] [Times: user=0.00 sys=0.00, real=0.00 secs] 
2019-01-02T11:13:23.808+0530: 871.709: [GC (Allocation Failure) 2019-01-02T11:13:23.808+0530: 871.709: [DefNew
Desired survivor size 32768 bytes, new threshold 15 (max 15)
- age   2:         24 bytes,         24 total
- age   5:        184 bytes,        208 total
- age  11:         16 bytes,        224 total
: 503K->0K(960K), 0.0003307 secs] 5157K->5157K(10176K), 0.0004020 secs] [Times: user=0.00 sys=0.00, real=0.00 secs] 
2019-01-02T11:13:23.809+0530: 871.710: [GC (Allocation Failure) 2019-01-02T11:13:23.809+0530: 871.710: [DefNew
Desired survivor size 32768 bytes, new threshold 15 (max 15)
- age   1:         24 bytes,         24 total
- age   6:         72 bytes,         96 total
- age  12:         16 bytes,        112 total
: 521K->0K(960K), 0.0003341 secs] 5678K->5661K(10176K), 0.0004054 secs] [Times: user=0.00 sys=0.00, real=0.00 secs] 
2019-01-02T11:13:23.862+0530: 871.763: [GC (Allocation Failure) 2019-01-02T11:13:23.862+0530: 871.764: [DefNew
Desired survivor size 32768 bytes, new threshold 15 (max 15)
- age   1:        248 bytes,        248 total
- age   7:         16 bytes,        264 total
- age  13:         16 bytes,        280 total
: 874K->0K(960K), 0.0009476 secs] 6535K->5733K(10176K), 0.0015468 secs] [Times: user=0.00 sys=0.00, real=0.00 secs] 
2019-01-02T11:13:23.866+0530: 871.767: [GC (Allocation Failure) 2019-01-02T11:13:23.866+0530: 871.767: [DefNew
Desired survivor size 32768 bytes, new threshold 15 (max 15)
- age   2:        184 bytes,        184 total
- age   8:         16 bytes,        200 total
- age  14:         16 bytes,        216 total
: 896K->0K(960K), 0.0009465 secs] 6629K->6021K(10176K), 0.0011814 secs] [Times: user=0.00 sys=0.00, real=0.00 secs] 
2019-01-02T11:13:23.868+0530: 871.770: [GC (Allocation Failure) 2019-01-02T11:13:23.868+0530: 871.770: [DefNew
Desired survivor size 32768 bytes, new threshold 15 (max 15)
- age   3:        184 bytes,        184 total
- age   9:         16 bytes,        200 total
- age  15:         16 bytes,        216 total
: 896K->0K(960K), 0.0003894 secs] 6917K->6597K(10176K), 0.0004692 secs] [Times: user=0.00 sys=0.00, real=0.00 secs] 
2019-01-02T11:13:23.870+0530: 871.771: [GC (Allocation Failure) 2019-01-02T11:13:23.870+0530: 871.771: [DefNew
Desired survivor size 32768 bytes, new threshold 15 (max 15)
- age   1:         24 bytes,         24 total
- age   4:        184 bytes,        208 total
- age  10:         16 bytes,        224 total
: 479K->0K(960K), 0.0002680 secs] 7076K->6597K(10176K), 0.0003438 secs] [Times: user=0.00 sys=0.00, real=0.00 secs] 
2019-01-02T11:13:23.871+0530: 871.772: [GC (Allocation Failure) 2019-01-02T11:13:23.871+0530: 871.772: [DefNew
Desired survivor size 32768 bytes, new threshold 15 (max 15)
- age   2:         24 bytes,         24 total
- age   5:        184 bytes,        208 total
- age  11:         16 bytes,        224 total
: 503K->0K(960K), 0.0003358 secs] 7100K->7100K(10176K), 0.0004077 secs] [Times: user=0.00 sys=0.00, real=0.00 secs] 
2019-01-02T11:13:23.871+0530: 871.773: [GC (Allocation Failure) 2019-01-02T11:13:23.871+0530: 871.773: [DefNew
Desired survivor size 32768 bytes, new threshold 15 (max 15)
- age   1:         24 bytes,         24 total
- age   6:         72 bytes,         96 total
- age  12:         16 bytes,        112 total
: 521K->0K(960K), 0.0003364 secs] 7621K->7604K(10176K), 0.0004071 secs] [Times: user=0.00 sys=0.00, real=0.00 secs] 
2019-01-02T11:13:23.927+0530: 871.828: [GC (Allocation Failure) 2019-01-02T11:13:23.927+0530: 871.828: [DefNew
Desired survivor size 32768 bytes, new threshold 15 (max 15)
- age   1:        248 bytes,        248 total
- age   7:         16 bytes,        264 total
- age  13:         16 bytes,        280 total
: 874K->0K(960K), 0.0006540 secs] 8478K->7676K(10176K), 0.0011973 secs] [Times: user=0.00 sys=0.00, real=0.00 secs] 
2019-01-02T11:13:23.931+0530: 871.832: [GC (Allocation Failure) 2019-01-02T11:13:23.931+0530: 871.832: [DefNew
Desired survivor size 32768 bytes, new threshold 15 (max 15)
- age   2:        184 bytes,        184 total
- age   8:         16 bytes,        200 total
- age  14:         16 bytes,        216 total
: 896K->0K(960K), 0.0003752 secs] 8572K->7964K(10176K), 0.0005109 secs] [Times: user=0.00 sys=0.00, real=0.00 secs] 
2019-01-02T11:13:23.933+0530: 871.834: [GC (Allocation Failure) 2019-01-02T11:13:23.933+0530: 871.834: [DefNew
Desired survivor size 32768 bytes, new threshold 15 (max 15)
- age   3:        184 bytes,        184 total
- age   9:         16 bytes,        200 total
- age  15:         16 bytes,        216 total
: 896K->0K(960K), 0.0011654 secs] 8860K->8540K(10176K), 0.0013570 secs] [Times: user=0.00 sys=0.00, real=0.00 secs] 
2019-01-02T11:13:23.935+0530: 871.837: [GC (Allocation Failure) 2019-01-02T11:13:23.935+0530: 871.837: [DefNew
Desired survivor size 32768 bytes, new threshold 15 (max 15)
- age   1:         24 bytes,         24 total
- age   4:        184 bytes,        208 total
- age  10:         16 bytes,        224 total
: 479K->0K(960K), 0.0003107 secs] 9020K->8540K(10176K), 0.0003951 secs] [Times: user=0.00 sys=0.00, real=0.00 secs] 
2019-01-02T11:13:23.936+0530: 871.837: [GC (Allocation Failure) 2019-01-02T11:13:23.936+0530: 871.837: [DefNew
Desired survivor size 32768 bytes, new threshold 15 (max 15)
- age   2:         24 bytes,         24 total
- age   5:        184 bytes,        208 total
- age  11:         16 bytes,        224 total
: 503K->0K(960K), 0.0003495 secs] 9044K->9044K(10176K), 0.0004219 secs] [Times: user=0.00 sys=0.00, real=0.00 secs] 
2019-01-02T11:13:23.937+0530: 871.838: [GC (Allocation Failure) 2019-01-02T11:13:23.937+0530: 871.838: [DefNew: 521K->521K(960K), 0.0000279 secs]2019-01-02T11:13:23.937+0530: 871.838: [Tenured: 9043K->1271K(9216K), 0.0037226 secs] 9565K->1271K(10176K), [Metaspace: 2520K->2520K(1056768K)], 0.0038708 secs] [Times: user=0.00 sys=0.00, real=0.00 secs] 
2019-01-02T11:13:23.993+0530: 871.894: [GC (Allocation Failure) 2019-01-02T11:13:23.993+0530: 871.894: [DefNew
Desired survivor size 32768 bytes, new threshold 15 (max 15)
- age   1:        248 bytes,        248 total
: 874K->0K(960K), 0.0011905 secs] 2145K->1846K(10176K), 0.0016215 secs] [Times: user=0.00 sys=0.00, real=0.00 secs] 
2019-01-02T11:13:23.997+0530: 871.899: [GC (Allocation Failure) 2019-01-02T11:13:23.997+0530: 871.899: [DefNew
Desired survivor size 32768 bytes, new threshold 15 (max 15)
- age   2:        184 bytes,        184 total
: 896K->0K(960K), 0.0003946 secs] 2742K->2134K(10176K), 0.0005793 secs] [Times: user=0.00 sys=0.00, real=0.00 secs] 
2019-01-02T11:13:24.000+0530: 871.901: [GC (Allocation Failure) 2019-01-02T11:13:24.000+0530: 871.901: [DefNew
Desired survivor size 32768 bytes, new threshold 15 (max 15)
- age   3:        184 bytes,        184 total
: 896K->0K(960K), 0.0003946 secs] 3030K->2710K(10176K), 0.0005143 secs] [Times: user=0.00 sys=0.00, real=0.00 secs] 
2019-01-02T11:13:24.001+0530: 871.903: [GC (Allocation Failure) 2019-01-02T11:13:24.001+0530: 871.903: [DefNew
Desired survivor size 32768 bytes, new threshold 15 (max 15)
- age   1:         24 bytes,         24 total
- age   4:        184 bytes,        208 total
: 479K->0K(960K), 0.0002611 secs] 3190K->2710K(10176K), 0.0003375 secs] [Times: user=0.00 sys=0.00, real=0.00 secs] 
2019-01-02T11:13:24.002+0530: 871.903: [GC (Allocation Failure) 2019-01-02T11:13:24.002+0530: 871.903: [DefNew
Desired survivor size 32768 bytes, new threshold 15 (max 15)
- age   2:         24 bytes,         24 total
- age   5:        184 bytes,        208 total
: 503K->0K(960K), 0.0003318 secs] 3214K->3214K(10176K), 0.0004025 secs] [Times: user=0.00 sys=0.00, real=0.00 secs] 
2019-01-02T11:13:24.003+0530: 871.904: [GC (Allocation Failure) 2019-01-02T11:13:24.003+0530: 871.904: [DefNew
Desired survivor size 32768 bytes, new threshold 15 (max 15)
- age   1:         24 bytes,         24 total
- age   6:         72 bytes,         96 total
: 521K->0K(960K), 0.0003278 secs] 3735K->3718K(10176K), 0.0003991 secs] [Times: user=0.00 sys=0.00, real=0.00 secs] 
2019-01-02T11:13:24.073+0530: 871.974: [GC (Allocation Failure) 2019-01-02T11:13:24.073+0530: 871.974: [DefNew
Desired survivor size 32768 bytes, new threshold 15 (max 15)
- age   1:        248 bytes,        248 total
- age   7:         16 bytes,        264 total
: 874K->0K(960K), 0.0003119 secs] 4592K->3790K(10176K), 0.0004003 secs] [Times: user=0.00 sys=0.00, real=0.00 secs] 
2019-01-02T11:13:24.075+0530: 871.976: [GC (Allocation Failure) 2019-01-02T11:13:24.075+0530: 871.976: [DefNew
Desired survivor size 32768 bytes, new threshold 15 (max 15)
- age   2:        184 bytes,        184 total
- age   8:         16 bytes,        200 total
: 896K->0K(960K), 0.0004812 secs] 4686K->4078K(10176K), 0.0005821 secs] [Times: user=0.00 sys=0.00, real=0.00 secs] 
2019-01-02T11:13:24.077+0530: 871.978: [GC (Allocation Failure) 2019-01-02T11:13:24.077+0530: 871.978: [DefNew
Desired survivor size 32768 bytes, new threshold 15 (max 15)
- age   3:        184 bytes,        184 total
- age   9:         16 bytes,        200 total
: 896K->0K(960K), 0.0003757 secs] 4974K->4654K(10176K), 0.0004658 secs] [Times: user=0.00 sys=0.00, real=0.00 secs] 
2019-01-02T11:13:24.078+0530: 871.980: [GC (Allocation Failure) 2019-01-02T11:13:24.078+0530: 871.980: [DefNew
Desired survivor size 32768 bytes, new threshold 15 (max 15)
- age   1:         24 bytes,         24 total
- age   4:        184 bytes,        208 total
- age  10:         16 bytes,        224 total
: 479K->0K(960K), 0.0003250 secs] 5134K->4654K(10176K), 0.0004213 secs] [Times: user=0.00 sys=0.00, real=0.00 secs] 
2019-01-02T11:13:24.081+0530: 871.982: [GC (Allocation Failure) 2019-01-02T11:13:24.081+0530: 871.982: [DefNew
Desired survivor size 32768 bytes, new threshold 15 (max 15)
- age   2:         24 bytes,         24 total
- age   5:        184 bytes,        208 total
- age  11:         16 bytes,        224 total
: 503K->0K(960K), 0.0011061 secs] 5157K->5157K(10176K), 0.0012372 secs] [Times: user=0.00 sys=0.00, real=0.00 secs] 
2019-01-02T11:13:24.083+0530: 871.984: [GC (Allocation Failure) 2019-01-02T11:13:24.083+0530: 871.984: [DefNew
Desired survivor size 32768 bytes, new threshold 15 (max 15)
- age   1:         24 bytes,         24 total
- age   6:         72 bytes,         96 total
- age  12:         16 bytes,        112 total
: 521K->0K(960K), 0.0011055 secs] 5679K->5661K(10176K), 0.0012207 secs] [Times: user=0.00 sys=0.00, real=0.00 secs] 
2019-01-02T11:13:24.141+0530: 872.042: [GC (Allocation Failure) 2019-01-02T11:13:24.141+0530: 872.043: [DefNew
Desired survivor size 32768 bytes, new threshold 15 (max 15)
- age   1:        248 bytes,        248 total
- age   7:         16 bytes,        264 total
- age  13:         16 bytes,        280 total
: 874K->0K(960K), 0.0007880 secs] 6536K->5733K(10176K), 0.0012070 secs] [Times: user=0.00 sys=0.00, real=0.00 secs] 
2019-01-02T11:13:24.144+0530: 872.046: [GC (Allocation Failure) 2019-01-02T11:13:24.144+0530: 872.046: [DefNew
Desired survivor size 32768 bytes, new threshold 15 (max 15)
- age   2:        184 bytes,        184 total
- age   8:         16 bytes,        200 total
- age  14:         16 bytes,        216 total
: 896K->0K(960K), 0.0004139 secs] 6629K->6021K(10176K), 0.0005223 secs] [Times: user=0.00 sys=0.00, real=0.00 secs] 
2019-01-02T11:13:24.147+0530: 872.048: [GC (Allocation Failure) 2019-01-02T11:13:24.147+0530: 872.048: [DefNew
Desired survivor size 32768 bytes, new threshold 15 (max 15)
- age   3:        184 bytes,        184 total
- age   9:         16 bytes,        200 total
- age  15:         16 bytes,        216 total
: 896K->0K(960K), 0.0011221 secs] 6917K->6597K(10176K), 0.0013479 secs] [Times: user=0.00 sys=0.00, real=0.00 secs] 
2019-01-02T11:13:24.150+0530: 872.051: [GC (Allocation Failure) 2019-01-02T11:13:24.150+0530: 872.051: [DefNew
Desired survivor size 32768 bytes, new threshold 15 (max 15)
- age   1:         24 bytes,         24 total
- age   4:        184 bytes,        208 total
- age  10:         16 bytes,        224 total
: 479K->0K(960K), 0.0008969 secs] 7077K->6597K(10176K), 0.0009995 secs] [Times: user=0.00 sys=0.00, real=0.00 secs] 
2019-01-02T11:13:24.151+0530: 872.052: [GC (Allocation Failure) 2019-01-02T11:13:24.151+0530: 872.052: [DefNew
Desired survivor size 32768 bytes, new threshold 15 (max 15)
- age   2:         24 bytes,         24 total
- age   5:        184 bytes,        208 total
- age  11:         16 bytes,        224 total
: 503K->0K(960K), 0.0003370 secs] 7101K->7101K(10176K), 0.0003923 secs] [Times: user=0.00 sys=0.00, real=0.00 secs] 
2019-01-02T11:13:24.152+0530: 872.053: [GC (Allocation Failure) 2019-01-02T11:13:24.152+0530: 872.053: [DefNew
Desired survivor size 32768 bytes, new threshold 15 (max 15)
- age   1:         24 bytes,         24 total
- age   6:         72 bytes,         96 total
- age  12:         16 bytes,        112 total
: 521K->0K(960K), 0.0003187 secs] 7622K->7605K(10176K), 0.0003757 secs] [Times: user=0.00 sys=0.00, real=0.00 secs] 
2019-01-02T11:13:24.204+0530: 872.105: [GC (Allocation Failure) 2019-01-02T11:13:24.204+0530: 872.105: [DefNew
Desired survivor size 32768 bytes, new threshold 15 (max 15)
- age   1:        248 bytes,        248 total
- age   7:         16 bytes,        264 total
- age  13:         16 bytes,        280 total
: 874K->0K(960K), 0.0008883 secs] 8479K->7677K(10176K), 0.0011711 secs] [Times: user=0.00 sys=0.00, real=0.00 secs] 
2019-01-02T11:13:24.207+0530: 872.108: [GC (Allocation Failure) 2019-01-02T11:13:24.207+0530: 872.108: [DefNew
Desired survivor size 32768 bytes, new threshold 15 (max 15)
- age   2:        184 bytes,        184 total
- age   8:         16 bytes,        200 total
- age  14:         16 bytes,        216 total
: 896K->0K(960K), 0.0009755 secs] 8573K->7965K(10176K), 0.0011489 secs] [Times: user=0.01 sys=0.00, real=0.00 secs] 
2019-01-02T11:13:24.209+0530: 872.110: [GC (Allocation Failure) 2019-01-02T11:13:24.209+0530: 872.110: [DefNew
Desired survivor size 32768 bytes, new threshold 15 (max 15)
- age   3:        184 bytes,        184 total
- age   9:         16 bytes,        200 total
- age  15:         16 bytes,        216 total
: 896K->0K(960K), 0.0003495 secs] 8861K->8541K(10176K), 0.0004145 secs] [Times: user=0.00 sys=0.00, real=0.00 secs] 
2019-01-02T11:13:24.210+0530: 872.111: [GC (Allocation Failure) 2019-01-02T11:13:24.210+0530: 872.111: [DefNew
Desired survivor size 32768 bytes, new threshold 15 (max 15)
- age   1:         24 bytes,         24 total
- age   4:        184 bytes,        208 total
- age  10:         16 bytes,        224 total
: 479K->0K(960K), 0.0002423 secs] 9020K->8541K(10176K), 0.0003113 secs] [Times: user=0.00 sys=0.00, real=0.00 secs] 
2019-01-02T11:13:24.211+0530: 872.112: [GC (Allocation Failure) 2019-01-02T11:13:24.211+0530: 872.112: [DefNew
Desired survivor size 32768 bytes, new threshold 15 (max 15)
- age   2:         24 bytes,         24 total
- age   5:        184 bytes,        208 total
- age  11:         16 bytes,        224 total
: 503K->0K(960K), 0.0003033 secs] 9044K->9044K(10176K), 0.0003546 secs] [Times: user=0.00 sys=0.00, real=0.00 secs] 
2019-01-02T11:13:24.211+0530: 872.112: [GC (Allocation Failure) 2019-01-02T11:13:24.211+0530: 872.112: [DefNew: 521K->521K(960K), 0.0000239 secs]2019-01-02T11:13:24.211+0530: 872.113: [Tenured: 9044K->1271K(9216K), 0.0046673 secs] 9566K->1271K(10176K), [Metaspace: 2520K->2520K(1056768K)], 0.0049433 secs] [Times: user=0.00 sys=0.00, real=0.01 secs] 
2019-01-02T11:13:24.278+0530: 872.180: [GC (Allocation Failure) 2019-01-02T11:13:24.279+0530: 872.180: [DefNew
Desired survivor size 32768 bytes, new threshold 15 (max 15)
- age   1:        248 bytes,        248 total
: 874K->0K(960K), 0.0009288 secs] 2146K->1847K(10176K), 0.0011814 secs] [Times: user=0.00 sys=0.00, real=0.00 secs] 
2019-01-02T11:13:24.282+0530: 872.183: [GC (Allocation Failure) 2019-01-02T11:13:24.282+0530: 872.184: [DefNew
Desired survivor size 32768 bytes, new threshold 15 (max 15)
- age   2:        184 bytes,        184 total
: 896K->0K(960K), 0.0014425 secs] 2743K->2135K(10176K), 0.0016740 secs] [Times: user=0.00 sys=0.00, real=0.00 secs] 
2019-01-02T11:13:24.285+0530: 872.186: [GC (Allocation Failure) 2019-01-02T11:13:24.285+0530: 872.186: [DefNew
Desired survivor size 32768 bytes, new threshold 15 (max 15)
- age   3:        184 bytes,        184 total
: 896K->0K(960K), 0.0003524 secs] 3031K->2711K(10176K), 0.0004208 secs] [Times: user=0.00 sys=0.00, real=0.00 secs] 
2019-01-02T11:13:24.286+0530: 872.187: [GC (Allocation Failure) 2019-01-02T11:13:24.286+0530: 872.187: [DefNew
Desired survivor size 32768 bytes, new threshold 15 (max 15)
- age   1:         24 bytes,         24 total
- age   4:        184 bytes,        208 total
: 479K->0K(960K), 0.0002110 secs] 3190K->2711K(10176K), 0.0002606 secs] [Times: user=0.00 sys=0.00, real=0.00 secs] 
2019-01-02T11:13:24.287+0530: 872.188: [GC (Allocation Failure) 2019-01-02T11:13:24.287+0530: 872.188: [DefNew
Desired survivor size 32768 bytes, new threshold 15 (max 15)
- age   2:         24 bytes,         24 total
- age   5:        184 bytes,        208 total
: 503K->0K(960K), 0.0002982 secs] 3214K->3214K(10176K), 0.0003592 secs] [Times: user=0.00 sys=0.00, real=0.00 secs] 
2019-01-02T11:13:24.287+0530: 872.189: [GC (Allocation Failure) 2019-01-02T11:13:24.287+0530: 872.189: [DefNew
Desired survivor size 32768 bytes, new threshold 15 (max 15)
- age   1:         24 bytes,         24 total
- age   6:         72 bytes,         96 total
: 521K->0K(960K), 0.0003033 secs] 3736K->3718K(10176K), 0.0003524 secs] [Times: user=0.00 sys=0.00, real=0.00 secs] 
2019-01-02T11:13:24.339+0530: 872.240: [GC (Allocation Failure) 2019-01-02T11:13:24.339+0530: 872.240: [DefNew
Desired survivor size 32768 bytes, new threshold 15 (max 15)
- age   1:        248 bytes,        248 total
- age   7:         16 bytes,        264 total
: 874K->0K(960K), 0.0012065 secs] 4593K->3790K(10176K), 0.0015371 secs] [Times: user=0.00 sys=0.00, real=0.00 secs] 
2019-01-02T11:13:24.342+0530: 872.244: [GC (Allocation Failure) 2019-01-02T11:13:24.343+0530: 872.244: [DefNew
Desired survivor size 32768 bytes, new threshold 15 (max 15)
- age   2:        184 bytes,        184 total
- age   8:         16 bytes,        200 total
: 896K->0K(960K), 0.0010867 secs] 4686K->4078K(10176K), 0.0013079 secs] [Times: user=0.00 sys=0.00, real=0.00 secs] 
2019-01-02T11:13:24.345+0530: 872.246: [GC (Allocation Failure) 2019-01-02T11:13:24.345+0530: 872.246: [DefNew
Desired survivor size 32768 bytes, new threshold 15 (max 15)
- age   3:        184 bytes,        184 total
- age   9:         16 bytes,        200 total
: 896K->0K(960K), 0.0005548 secs] 4974K->4654K(10176K), 0.0006414 secs] [Times: user=0.00 sys=0.00, real=0.00 secs] 
2019-01-02T11:13:24.349+0530: 872.250: [GC (Allocation Failure) 2019-01-02T11:13:24.349+0530: 872.250: [DefNew
Desired survivor size 32768 bytes, new threshold 15 (max 15)
- age   1:         24 bytes,         24 total
- age   4:        184 bytes,        208 total
- age  10:         16 bytes,        224 total
: 479K->0K(960K), 0.0019779 secs] 5134K->4654K(10176K), 0.0023086 secs] [Times: user=0.00 sys=0.00, real=0.00 secs] 
2019-01-02T11:13:24.352+0530: 872.254: [GC (Allocation Failure) 2019-01-02T11:13:24.353+0530: 872.254: [DefNew
Desired survivor size 32768 bytes, new threshold 15 (max 15)
- age   2:         24 bytes,         24 total
- age   5:        184 bytes,        208 total
- age  11:         16 bytes,        224 total
: 503K->0K(960K), 0.0006563 secs] 5158K->5158K(10176K), 0.0007760 secs] [Times: user=0.00 sys=0.00, real=0.00 secs] 
2019-01-02T11:13:24.354+0530: 872.255: [GC (Allocation Failure) 2019-01-02T11:13:24.354+0530: 872.255: [DefNew
Desired survivor size 32768 bytes, new threshold 15 (max 15)
- age   1:         24 bytes,         24 total
- age   6:         72 bytes,         96 total
- age  12:         16 bytes,        112 total
: 521K->0K(960K), 0.0006135 secs] 5679K->5662K(10176K), 0.0007133 secs] [Times: user=0.00 sys=0.00, real=0.00 secs] 
2019-01-02T11:13:24.416+0530: 872.318: [GC (Allocation Failure) 2019-01-02T11:13:24.417+0530: 872.318: [DefNew
Desired survivor size 32768 bytes, new threshold 15 (max 15)
- age   1:        248 bytes,        248 total
- age   7:         16 bytes,        264 total
- age  13:         16 bytes,        280 total
: 874K->0K(960K), 0.0008598 secs] 6536K->5734K(10176K), 0.0011204 secs] [Times: user=0.00 sys=0.00, real=0.00 secs] 
2019-01-02T11:13:24.419+0530: 872.321: [GC (Allocation Failure) 2019-01-02T11:13:24.419+0530: 872.321: [DefNew
Desired survivor size 32768 bytes, new threshold 15 (max 15)
- age   2:        184 bytes,        184 total
- age   8:         16 bytes,        200 total
- age  14:         16 bytes,        216 total
: 896K->0K(960K), 0.0013279 secs] 6630K->6022K(10176K), 0.0015662 secs] [Times: user=0.00 sys=0.00, real=0.00 secs] 
2019-01-02T11:13:24.422+0530: 872.323: [GC (Allocation Failure) 2019-01-02T11:13:24.422+0530: 872.323: [DefNew
Desired survivor size 32768 bytes, new threshold 15 (max 15)
- age   3:        184 bytes,        184 total
- age   9:         16 bytes,        200 total
- age  15:         16 bytes,        216 total
: 896K->0K(960K), 0.0003883 secs] 6918K->6598K(10176K), 0.0005017 secs] [Times: user=0.00 sys=0.00, real=0.00 secs] 
2019-01-02T11:13:24.423+0530: 872.325: [GC (Allocation Failure) 2019-01-02T11:13:24.423+0530: 872.325: [DefNew
Desired survivor size 32768 bytes, new threshold 15 (max 15)
- age   1:         24 bytes,         24 total
- age   4:        184 bytes,        208 total
- age  10:         16 bytes,        224 total
: 479K->0K(960K), 0.0002737 secs] 7078K->6598K(10176K), 0.0003478 secs] [Times: user=0.00 sys=0.00, real=0.00 secs] 
2019-01-02T11:13:24.424+0530: 872.325: [GC (Allocation Failure) 2019-01-02T11:13:24.424+0530: 872.325: [DefNew
Desired survivor size 32768 bytes, new threshold 15 (max 15)
- age   2:         24 bytes,         24 total
- age   5:        184 bytes,        208 total
- age  11:         16 bytes,        224 total
: 503K->0K(960K), 0.0003364 secs] 7102K->7102K(10176K), 0.0004185 secs] [Times: user=0.00 sys=0.00, real=0.00 secs] 
2019-01-02T11:13:24.425+0530: 872.326: [GC (Allocation Failure) 2019-01-02T11:13:24.425+0530: 872.326: [DefNew
Desired survivor size 32768 bytes, new threshold 15 (max 15)
- age   1:         24 bytes,         24 total
- age   6:         72 bytes,         96 total
- age  12:         16 bytes,        112 total
: 521K->0K(960K), 0.0004299 secs] 7623K->7605K(10176K), 0.0004977 secs] [Times: user=0.00 sys=0.00, real=0.00 secs] 
2019-01-02T11:13:24.485+0530: 872.387: [GC (Allocation Failure) 2019-01-02T11:13:24.486+0530: 872.387: [DefNew
Desired survivor size 32768 bytes, new threshold 15 (max 15)
- age   1:        248 bytes,        248 total
- age   7:         16 bytes,        264 total
- age  13:         16 bytes,        280 total
: 874K->0K(960K), 0.0019146 secs] 8480K->7677K(10176K), 0.0023787 secs] [Times: user=0.00 sys=0.00, real=0.00 secs] 
2019-01-02T11:13:24.490+0530: 872.391: [GC (Allocation Failure) 2019-01-02T11:13:24.490+0530: 872.391: [DefNew
Desired survivor size 32768 bytes, new threshold 15 (max 15)
- age   2:        184 bytes,        184 total
- age   8:         16 bytes,        200 total
- age  14:         16 bytes,        216 total
: 896K->0K(960K), 0.0003552 secs] 8573K->7965K(10176K), 0.0004476 secs] [Times: user=0.00 sys=0.00, real=0.00 secs] 
2019-01-02T11:13:24.491+0530: 872.393: [GC (Allocation Failure) 2019-01-02T11:13:24.491+0530: 872.393: [DefNew
Desired survivor size 32768 bytes, new threshold 15 (max 15)
- age   3:        184 bytes,        184 total
- age   9:         16 bytes,        200 total
- age  15:         16 bytes,        216 total
: 896K->0K(960K), 0.0004538 secs] 8861K->8541K(10176K), 0.0005285 secs] [Times: user=0.00 sys=0.00, real=0.00 secs] 
2019-01-02T11:13:24.493+0530: 872.394: [GC (Allocation Failure) 2019-01-02T11:13:24.493+0530: 872.394: [DefNew
Desired survivor size 32768 bytes, new threshold 15 (max 15)
- age   1:         24 bytes,         24 total
- age   4:        184 bytes,        208 total
- age  10:         16 bytes,        224 total
: 479K->0K(960K), 0.0002549 secs] 9021K->8541K(10176K), 0.0003353 secs] [Times: user=0.00 sys=0.00, real=0.00 secs] 
2019-01-02T11:13:24.494+0530: 872.395: [GC (Allocation Failure) 2019-01-02T11:13:24.494+0530: 872.395: [DefNew
Desired survivor size 32768 bytes, new threshold 15 (max 15)
- age   2:         24 bytes,         24 total
- age   5:        184 bytes,        208 total
- age  11:         16 bytes,        224 total
: 503K->0K(960K), 0.0003478 secs] 9045K->9045K(10176K), 0.0004174 secs] [Times: user=0.00 sys=0.00, real=0.00 secs] 
2019-01-02T11:13:24.495+0530: 872.396: [GC (Allocation Failure) 2019-01-02T11:13:24.495+0530: 872.396: [DefNew: 521K->521K(960K), 0.0000285 secs]2019-01-02T11:13:24.495+0530: 872.396: [Tenured: 9045K->1271K(9216K), 0.0046246 secs] 9567K->1271K(10176K), [Metaspace: 2520K->2520K(1056768K)], 0.0049233 secs] [Times: user=0.00 sys=0.00, real=0.00 secs] 
2019-01-02T11:13:24.563+0530: 872.464: [GC (Allocation Failure) 2019-01-02T11:13:24.563+0530: 872.464: [DefNew
Desired survivor size 32768 bytes, new threshold 15 (max 15)
- age   1:        248 bytes,        248 total
: 874K->0K(960K), 0.0010086 secs] 2146K->1847K(10176K), 0.0015166 secs] [Times: user=0.00 sys=0.00, real=0.00 secs] 
2019-01-02T11:13:24.566+0530: 872.468: [GC (Allocation Failure) 2019-01-02T11:13:24.567+0530: 872.468: [DefNew
Desired survivor size 32768 bytes, new threshold 15 (max 15)
- age   2:        184 bytes,        184 total
: 896K->0K(960K), 0.0009128 secs] 2743K->2135K(10176K), 0.0012595 secs] [Times: user=0.00 sys=0.00, real=0.00 secs] 
2019-01-02T11:13:24.569+0530: 872.471: [GC (Allocation Failure) 2019-01-02T11:13:24.570+0530: 872.471: [DefNew
Desired survivor size 32768 bytes, new threshold 15 (max 15)
- age   3:        184 bytes,        184 total
: 896K->0K(960K), 0.0011295 secs] 3031K->2711K(10176K), 0.0012789 secs] [Times: user=0.00 sys=0.00, real=0.00 secs] 
2019-01-02T11:13:24.572+0530: 872.473: [GC (Allocation Failure) 2019-01-02T11:13:24.572+0530: 872.473: [DefNew
Desired survivor size 32768 bytes, new threshold 15 (max 15)
- age   1:         24 bytes,         24 total
- age   4:        184 bytes,        208 total
: 479K->0K(960K), 0.0002731 secs] 3191K->2711K(10176K), 0.0003757 secs] [Times: user=0.00 sys=0.00, real=0.00 secs] 
2019-01-02T11:13:24.573+0530: 872.474: [GC (Allocation Failure) 2019-01-02T11:13:24.573+0530: 872.474: [DefNew
Desired survivor size 32768 bytes, new threshold 15 (max 15)
- age   2:         24 bytes,         24 total
- age   5:        184 bytes,        208 total
: 503K->0K(960K), 0.0003392 secs] 3215K->3215K(10176K), 0.0004168 secs] [Times: user=0.00 sys=0.00, real=0.00 secs] 
2019-01-02T11:13:24.574+0530: 872.475: [GC (Allocation Failure) 2019-01-02T11:13:24.574+0530: 872.475: [DefNew
Desired survivor size 32768 bytes, new threshold 15 (max 15)
- age   1:         24 bytes,         24 total
- age   6:         72 bytes,         96 total
: 521K->0K(960K), 0.0005673 secs] 3736K->3718K(10176K), 0.0006694 secs] [Times: user=0.00 sys=0.00, real=0.00 secs] 
2019-01-02T11:13:24.636+0530: 872.537: [GC (Allocation Failure) 2019-01-02T11:13:24.636+0530: 872.537: [DefNew
Desired survivor size 32768 bytes, new threshold 15 (max 15)
- age   1:        248 bytes,        248 total
- age   7:         16 bytes,        264 total
: 874K->0K(960K), 0.0010451 secs] 4593K->3791K(10176K), 0.0013347 secs] [Times: user=0.00 sys=0.00, real=0.00 secs] 
2019-01-02T11:13:24.639+0530: 872.540: [GC (Allocation Failure) 2019-01-02T11:13:24.639+0530: 872.540: [DefNew
Desired survivor size 32768 bytes, new threshold 15 (max 15)
- age   2:        184 bytes,        184 total
- age   8:         16 bytes,        200 total
: 896K->0K(960K), 0.0008644 secs] 4687K->4079K(10176K), 0.0010497 secs] [Times: user=0.00 sys=0.00, real=0.00 secs] 
2019-01-02T11:13:24.642+0530: 872.543: [GC (Allocation Failure) 2019-01-02T11:13:24.642+0530: 872.543: [DefNew
Desired survivor size 32768 bytes, new threshold 15 (max 15)
- age   3:        184 bytes,        184 total
- age   9:         16 bytes,        200 total
: 896K->0K(960K), 0.0003649 secs] 4975K->4655K(10176K), 0.0004481 secs] [Times: user=0.00 sys=0.00, real=0.00 secs] 
2019-01-02T11:13:24.643+0530: 872.545: [GC (Allocation Failure) 2019-01-02T11:13:24.643+0530: 872.545: [DefNew
Desired survivor size 32768 bytes, new threshold 15 (max 15)
- age   1:         24 bytes,         24 total
- age   4:        184 bytes,        208 total
- age  10:         16 bytes,        224 total
: 479K->0K(960K), 0.0002868 secs] 5134K->4655K(10176K), 0.0003951 secs] [Times: user=0.00 sys=0.00, real=0.00 secs] 
2019-01-02T11:13:24.644+0530: 872.545: [GC (Allocation Failure) 2019-01-02T11:13:24.644+0530: 872.545: [DefNew
Desired survivor size 32768 bytes, new threshold 15 (max 15)
- age   2:         24 bytes,         24 total
- age   5:        184 bytes,        208 total
- age  11:         16 bytes,        224 total
: 504K->0K(960K), 0.0005257 secs] 5158K->5158K(10176K), 0.0006146 secs] [Times: user=0.00 sys=0.00, real=0.00 secs] 
2019-01-02T11:13:24.645+0530: 872.546: [GC (Allocation Failure) 2019-01-02T11:13:24.645+0530: 872.546: [DefNew
Desired survivor size 32768 bytes, new threshold 15 (max 15)
- age   1:         24 bytes,         24 total
- age   6:         72 bytes,         96 total
- age  12:         16 bytes,        112 total
: 521K->0K(960K), 0.0004265 secs] 5680K->5662K(10176K), 0.0005017 secs] [Times: user=0.00 sys=0.00, real=0.00 secs] 
2019-01-02T11:13:24.710+0530: 872.611: [GC (Allocation Failure) 2019-01-02T11:13:24.710+0530: 872.611: [DefNew
Desired survivor size 32768 bytes, new threshold 15 (max 15)
- age   1:        248 bytes,        248 total
- age   7:         16 bytes,        264 total
- age  13:         16 bytes,        280 total
: 875K->0K(960K), 0.0008604 secs] 6537K->5734K(10176K), 0.0013479 secs] [Times: user=0.00 sys=0.00, real=0.00 secs] 
2019-01-02T11:13:24.713+0530: 872.614: [GC (Allocation Failure) 2019-01-02T11:13:24.713+0530: 872.615: [DefNew
Desired survivor size 32768 bytes, new threshold 15 (max 15)
- age   2:        184 bytes,        184 total
- age   8:         16 bytes,        200 total
- age  14:         16 bytes,        216 total
: 896K->0K(960K), 0.0009630 secs] 6630K->6022K(10176K), 0.0012179 secs] [Times: user=0.00 sys=0.00, real=0.00 secs] 
2019-01-02T11:13:24.715+0530: 872.616: [GC (Allocation Failure) 2019-01-02T11:13:24.715+0530: 872.616: [DefNew
Desired survivor size 32768 bytes, new threshold 15 (max 15)
- age   3:        184 bytes,        184 total
- age   9:         16 bytes,        200 total
- age  15:         16 bytes,        216 total
: 896K->0K(960K), 0.0004749 secs] 6918K->6598K(10176K), 0.0005833 secs] [Times: user=0.00 sys=0.00, real=0.00 secs] 
2019-01-02T11:13:24.718+0530: 872.619: [GC (Allocation Failure) 2019-01-02T11:13:24.718+0530: 872.619: [DefNew
Desired survivor size 32768 bytes, new threshold 15 (max 15)
- age   1:         24 bytes,         24 total
- age   4:        184 bytes,        208 total
- age  10:         16 bytes,        224 total
: 479K->0K(960K), 0.0003866 secs] 7078K->6598K(10176K), 0.0005080 secs] [Times: user=0.00 sys=0.00, real=0.00 secs] 
2019-01-02T11:13:24.718+0530: 872.620: [GC (Allocation Failure) 2019-01-02T11:13:24.719+0530: 872.620: [DefNew
Desired survivor size 32768 bytes, new threshold 15 (max 15)
- age   2:         24 bytes,         24 total
- age   5:        184 bytes,        208 total
- age  11:         16 bytes,        224 total
: 504K->0K(960K), 0.0006910 secs] 7102K->7102K(10176K), 0.0007914 secs] [Times: user=0.00 sys=0.00, real=0.00 secs] 
2019-01-02T11:13:24.721+0530: 872.622: [GC (Allocation Failure) 2019-01-02T11:13:24.721+0530: 872.622: [DefNew
Desired survivor size 32768 bytes, new threshold 15 (max 15)
- age   1:         24 bytes,         24 total
- age   6:         72 bytes,         96 total
- age  12:         16 bytes,        112 total
: 521K->0K(960K), 0.0010856 secs] 7624K->7606K(10176K), 0.0012737 secs] [Times: user=0.00 sys=0.00, real=0.00 secs] 
2019-01-02T11:13:24.812+0530: 872.713: [GC (Allocation Failure) 2019-01-02T11:13:24.812+0530: 872.713: [DefNew
Desired survivor size 32768 bytes, new threshold 15 (max 15)
- age   1:        248 bytes,        248 total
- age   7:         16 bytes,        264 total
- age  13:         16 bytes,        280 total
: 875K->0K(960K), 0.0008062 secs] 8481K->7678K(10176K), 0.0013074 secs] [Times: user=0.00 sys=0.00, real=0.00 secs] 
2019-01-02T11:13:24.815+0530: 872.716: [GC (Allocation Failure) 2019-01-02T11:13:24.815+0530: 872.716: [DefNew
Desired survivor size 32768 bytes, new threshold 15 (max 15)
- age   2:        184 bytes,        184 total
- age   8:         16 bytes,        200 total
- age  14:         16 bytes,        216 total
: 896K->0K(960K), 0.0004128 secs] 8574K->7966K(10176K), 0.0005017 secs] [Times: user=0.00 sys=0.00, real=0.00 secs] 
2019-01-02T11:13:24.816+0530: 872.717: [GC (Allocation Failure) 2019-01-02T11:13:24.816+0530: 872.717: [DefNew
Desired survivor size 32768 bytes, new threshold 15 (max 15)
- age   3:        184 bytes,        184 total
- age   9:         16 bytes,        200 total
- age  15:         16 bytes,        216 total
: 896K->0K(960K), 0.0005337 secs] 8862K->8542K(10176K), 0.0007583 secs] [Times: user=0.00 sys=0.00, real=0.00 secs] 
2019-01-02T11:13:24.819+0530: 872.720: [GC (Allocation Failure) 2019-01-02T11:13:24.819+0530: 872.720: [DefNew
Desired survivor size 32768 bytes, new threshold 15 (max 15)
- age   1:         24 bytes,         24 total
- age   4:        184 bytes,        208 total
- age  10:         16 bytes,        224 total
: 479K->0K(960K), 0.0005479 secs] 9022K->8542K(10176K), 0.0006620 secs] [Times: user=0.00 sys=0.00, real=0.00 secs] 
2019-01-02T11:13:24.820+0530: 872.721: [GC (Allocation Failure) 2019-01-02T11:13:24.820+0530: 872.721: [DefNew
Desired survivor size 32768 bytes, new threshold 15 (max 15)
- age   2:         24 bytes,         24 total
- age   5:        184 bytes,        208 total
- age  11:         16 bytes,        224 total
: 504K->0K(960K), 0.0008843 secs] 9046K->9046K(10176K), 0.0010576 secs] [Times: user=0.00 sys=0.00, real=0.00 secs] 
2019-01-02T11:13:24.822+0530: 872.723: [GC (Allocation Failure) 2019-01-02T11:13:24.822+0530: 872.723: [DefNew: 521K->521K(960K), 0.0000376 secs]2019-01-02T11:13:24.822+0530: 872.723: [Tenured: 9046K->1271K(9216K), 0.0037191 secs] 9568K->1271K(10176K), [Metaspace: 2520K->2520K(1056768K)], 0.0038794 secs] [Times: user=0.00 sys=0.00, real=0.00 secs] 
2019-01-02T11:13:24.892+0530: 872.794: [GC (Allocation Failure) 2019-01-02T11:13:24.892+0530: 872.794: [DefNew
Desired survivor size 32768 bytes, new threshold 15 (max 15)
- age   1:        248 bytes,        248 total
: 874K->0K(960K), 0.0013895 secs] 2146K->1847K(10176K), 0.0015873 secs] [Times: user=0.01 sys=0.00, real=0.00 secs] 
2019-01-02T11:13:24.896+0530: 872.797: [GC (Allocation Failure) 2019-01-02T11:13:24.896+0530: 872.797: [DefNew
Desired survivor size 32768 bytes, new threshold 15 (max 15)
- age   2:        184 bytes,        184 total
: 896K->0K(960K), 0.0003227 secs] 2743K->2135K(10176K), 0.0004014 secs] [Times: user=0.00 sys=0.00, real=0.00 secs] 
2019-01-02T11:13:24.897+0530: 872.798: [GC (Allocation Failure) 2019-01-02T11:13:24.897+0530: 872.799: [DefNew
Desired survivor size 32768 bytes, new threshold 15 (max 15)
- age   3:        184 bytes,        184 total
: 896K->0K(960K), 0.0003672 secs] 3031K->2711K(10176K), 0.0004385 secs] [Times: user=0.00 sys=0.00, real=0.00 secs] 
2019-01-02T11:13:24.899+0530: 872.800: [GC (Allocation Failure) 2019-01-02T11:13:24.899+0530: 872.800: [DefNew
Desired survivor size 32768 bytes, new threshold 15 (max 15)
- age   1:         24 bytes,         24 total
- age   4:        184 bytes,        208 total
: 479K->0K(960K), 0.0003107 secs] 3191K->2711K(10176K), 0.0003814 secs] [Times: user=0.00 sys=0.00, real=0.00 secs] 
2019-01-02T11:13:24.899+0530: 872.801: [GC (Allocation Failure) 2019-01-02T11:13:24.899+0530: 872.801: [DefNew
Desired survivor size 32768 bytes, new threshold 15 (max 15)
- age   2:         24 bytes,         24 total
- age   5:        184 bytes,        208 total
: 504K->0K(960K), 0.0004122 secs] 3215K->3215K(10176K), 0.0004858 secs] [Times: user=0.00 sys=0.00, real=0.00 secs] 
2019-01-02T11:13:24.900+0530: 872.801: [GC (Allocation Failure) 2019-01-02T11:13:24.900+0530: 872.802: [DefNew
Desired survivor size 32768 bytes, new threshold 15 (max 15)
- age   1:         24 bytes,         24 total
- age   6:         72 bytes,         96 total
: 521K->0K(960K), 0.0012960 secs] 3737K->3719K(10176K), 0.0015075 secs] [Times: user=0.00 sys=0.00, real=0.00 secs] 
2019-01-02T11:13:24.966+0530: 872.868: [GC (Allocation Failure) 2019-01-02T11:13:24.967+0530: 872.868: [DefNew
Desired survivor size 32768 bytes, new threshold 15 (max 15)
- age   1:        248 bytes,        248 total
- age   7:         16 bytes,        264 total
: 875K->0K(960K), 0.0026695 secs] 4594K->3791K(10176K), 0.0031729 secs] [Times: user=0.00 sys=0.00, real=0.00 secs] 
2019-01-02T11:13:24.972+0530: 872.873: [GC (Allocation Failure) 2019-01-02T11:13:24.972+0530: 872.873: [DefNew
Desired survivor size 32768 bytes, new threshold 15 (max 15)
- age   2:        184 bytes,        184 total
- age   8:         16 bytes,        200 total
: 896K->0K(960K), 0.0008068 secs] 4687K->4079K(10176K), 0.0009676 secs] [Times: user=0.00 sys=0.00, real=0.00 secs] 
2019-01-02T11:13:24.974+0530: 872.876: [GC (Allocation Failure) 2019-01-02T11:13:24.974+0530: 872.876: [DefNew
Desired survivor size 32768 bytes, new threshold 15 (max 15)
- age   3:        184 bytes,        184 total
- age   9:         16 bytes,        200 total
: 896K->0K(960K), 0.0003917 secs] 4975K->4655K(10176K), 0.0004556 secs] [Times: user=0.00 sys=0.00, real=0.00 secs] 
2019-01-02T11:13:24.976+0530: 872.877: [GC (Allocation Failure) 2019-01-02T11:13:24.976+0530: 872.878: [DefNew
Desired survivor size 32768 bytes, new threshold 15 (max 15)
- age   1:         24 bytes,         24 total
- age   4:        184 bytes,        208 total
- age  10:         16 bytes,        224 total
: 479K->0K(960K), 0.0002435 secs] 5135K->4655K(10176K), 0.0002999 secs] [Times: user=0.00 sys=0.00, real=0.00 secs] 
2019-01-02T11:13:24.977+0530: 872.878: [GC (Allocation Failure) 2019-01-02T11:13:24.977+0530: 872.878: [DefNew
Desired survivor size 32768 bytes, new threshold 15 (max 15)
- age   2:         24 bytes,         24 total
- age   5:        184 bytes,        208 total
- age  11:         16 bytes,        224 total
: 504K->0K(960K), 0.0003284 secs] 5159K->5159K(10176K), 0.0003780 secs] [Times: user=0.00 sys=0.00, real=0.00 secs] 
2019-01-02T11:13:24.977+0530: 872.879: [GC (Allocation Failure) 2019-01-02T11:13:24.977+0530: 872.879: [DefNew
Desired survivor size 32768 bytes, new threshold 15 (max 15)
- age   1:         24 bytes,         24 total
- age   6:         72 bytes,         96 total
- age  12:         16 bytes,        112 total
: 521K->0K(960K), 0.0003239 secs] 5680K->5663K(10176K), 0.0003752 secs] [Times: user=0.00 sys=0.00, real=0.00 secs] 
2019-01-02T11:13:25.046+0530: 872.948: [GC (Allocation Failure) 2019-01-02T11:13:25.047+0530: 872.948: [DefNew
Desired survivor size 32768 bytes, new threshold 15 (max 15)
- age   1:        248 bytes,        248 total
- age   7:         16 bytes,        264 total
- age  13:         16 bytes,        280 total
: 875K->0K(960K), 0.0012270 secs] 6538K->5735K(10176K), 0.0015868 secs] [Times: user=0.00 sys=0.00, real=0.00 secs] 
2019-01-02T11:13:25.051+0530: 872.952: [GC (Allocation Failure) 2019-01-02T11:13:25.051+0530: 872.953: [DefNew
Desired survivor size 32768 bytes, new threshold 15 (max 15)
- age   2:        184 bytes,        184 total
- age   8:         16 bytes,        200 total
- age  14:         16 bytes,        216 total
: 896K->0K(960K), 0.0008661 secs] 6631K->6023K(10176K), 0.0012794 secs] [Times: user=0.00 sys=0.00, real=0.00 secs] 
2019-01-02T11:13:25.055+0530: 872.956: [GC (Allocation Failure) 2019-01-02T11:13:25.055+0530: 872.956: [DefNew
Desired survivor size 32768 bytes, new threshold 15 (max 15)
- age   3:        184 bytes,        184 total
- age   9:         16 bytes,        200 total
- age  15:         16 bytes,        216 total
: 896K->0K(960K), 0.0011238 secs] 6919K->6599K(10176K), 0.0012983 secs] [Times: user=0.00 sys=0.00, real=0.00 secs] 
2019-01-02T11:13:25.059+0530: 872.960: [GC (Allocation Failure) 2019-01-02T11:13:25.059+0530: 872.960: [DefNew
Desired survivor size 32768 bytes, new threshold 15 (max 15)
- age   1:         24 bytes,         24 total
- age   4:        184 bytes,        208 total
- age  10:         16 bytes,        224 total
: 479K->0K(960K), 0.0004270 secs] 7079K->6599K(10176K), 0.0005434 secs] [Times: user=0.00 sys=0.00, real=0.00 secs] 
2019-01-02T11:13:25.060+0530: 872.961: [GC (Allocation Failure) 2019-01-02T11:13:25.060+0530: 872.961: [DefNew
Desired survivor size 32768 bytes, new threshold 15 (max 15)
- age   2:         24 bytes,         24 total
- age   5:        184 bytes,        208 total
- age  11:         16 bytes,        224 total
: 504K->0K(960K), 0.0006215 secs] 7103K->7103K(10176K), 0.0007241 secs] [Times: user=0.00 sys=0.00, real=0.00 secs] 
2019-01-02T11:13:25.061+0530: 872.962: [GC (Allocation Failure) 2019-01-02T11:13:25.061+0530: 872.962: [DefNew
Desired survivor size 32768 bytes, new threshold 15 (max 15)
- age   1:         24 bytes,         24 total
- age   6:         72 bytes,         96 total
- age  12:         16 bytes,        112 total
: 521K->0K(960K), 0.0003364 secs] 7624K->7607K(10176K), 0.0003951 secs] [Times: user=0.00 sys=0.00, real=0.00 secs] 
2019-01-02T11:13:25.124+0530: 873.025: [GC (Allocation Failure) 2019-01-02T11:13:25.124+0530: 873.025: [DefNew
Desired survivor size 32768 bytes, new threshold 15 (max 15)
- age   1:        248 bytes,        248 total
- age   7:         16 bytes,        264 total
- age  13:         16 bytes,        280 total
: 875K->0K(960K), 0.0004909 secs] 8482K->7679K(10176K), 0.0007287 secs] [Times: user=0.00 sys=0.00, real=0.00 secs] 
2019-01-02T11:13:25.126+0530: 873.027: [GC (Allocation Failure) 2019-01-02T11:13:25.126+0530: 873.027: [DefNew
Desired survivor size 32768 bytes, new threshold 15 (max 15)
- age   2:        184 bytes,        184 total
- age   8:         16 bytes,        200 total
- age  14:         16 bytes,        216 total
: 896K->0K(960K), 0.0006483 secs] 8575K->7967K(10176K), 0.0007726 secs] [Times: user=0.00 sys=0.00, real=0.00 secs] 
2019-01-02T11:13:25.128+0530: 873.029: [GC (Allocation Failure) 2019-01-02T11:13:25.128+0530: 873.029: [DefNew
Desired survivor size 32768 bytes, new threshold 15 (max 15)
- age   3:        184 bytes,        184 total
- age   9:         16 bytes,        200 total
- age  15:         16 bytes,        216 total
: 896K->0K(960K), 0.0003683 secs] 8863K->8543K(10176K), 0.0004270 secs] [Times: user=0.00 sys=0.00, real=0.00 secs] 
2019-01-02T11:13:25.129+0530: 873.031: [GC (Allocation Failure) 2019-01-02T11:13:25.129+0530: 873.031: [DefNew
Desired survivor size 32768 bytes, new threshold 15 (max 15)
- age   1:         24 bytes,         24 total
- age   4:        184 bytes,        208 total
- age  10:         16 bytes,        224 total
: 479K->0K(960K), 0.0002372 secs] 9023K->8543K(10176K), 0.0002965 secs] [Times: user=0.00 sys=0.00, real=0.00 secs] 
2019-01-02T11:13:25.130+0530: 873.031: [GC (Allocation Failure) 2019-01-02T11:13:25.130+0530: 873.031: [DefNew
Desired survivor size 32768 bytes, new threshold 15 (max 15)
- age   2:         24 bytes,         24 total
- age   5:        184 bytes,        208 total
- age  11:         16 bytes,        224 total
: 504K->0K(960K), 0.0003598 secs] 9047K->9047K(10176K), 0.0004105 secs] [Times: user=0.00 sys=0.00, real=0.00 secs] 
2019-01-02T11:13:25.130+0530: 873.032: [GC (Allocation Failure) 2019-01-02T11:13:25.130+0530: 873.032: [DefNew: 521K->521K(960K), 0.0000268 secs]2019-01-02T11:13:25.131+0530: 873.032: [Tenured: 9047K->1271K(9216K), 0.0036895 secs] 9568K->1271K(10176K), [Metaspace: 2520K->2520K(1056768K)], 0.0038269 secs] [Times: user=0.00 sys=0.00, real=0.00 secs] 
2019-01-02T11:13:25.198+0530: 873.100: [GC (Allocation Failure) 2019-01-02T11:13:25.199+0530: 873.100: [DefNew
Desired survivor size 32768 bytes, new threshold 15 (max 15)
- age   1:        248 bytes,        248 total
: 875K->0K(960K), 0.0014841 secs] 2146K->1847K(10176K), 0.0018137 secs] [Times: user=0.00 sys=0.00, real=0.00 secs] 
2019-01-02T11:13:25.202+0530: 873.104: [GC (Allocation Failure) 2019-01-02T11:13:25.203+0530: 873.104: [DefNew
Desired survivor size 32768 bytes, new threshold 15 (max 15)
- age   2:        184 bytes,        184 total
: 896K->0K(960K), 0.0010263 secs] 2743K->2135K(10176K), 0.0013279 secs] [Times: user=0.00 sys=0.00, real=0.00 secs] 
2019-01-02T11:13:25.205+0530: 873.107: [GC (Allocation Failure) 2019-01-02T11:13:25.205+0530: 873.107: [DefNew
Desired survivor size 32768 bytes, new threshold 15 (max 15)
- age   3:        184 bytes,        184 total
: 896K->0K(960K), 0.0009596 secs] 3031K->2711K(10176K), 0.0011888 secs] [Times: user=0.02 sys=0.00, real=0.00 secs] 
2019-01-02T11:13:25.208+0530: 873.110: [GC (Allocation Failure) 2019-01-02T11:13:25.208+0530: 873.110: [DefNew
Desired survivor size 32768 bytes, new threshold 15 (max 15)
- age   1:         24 bytes,         24 total
- age   4:        184 bytes,        208 total
: 479K->0K(960K), 0.0003575 secs] 3191K->2711K(10176K), 0.0004584 secs] [Times: user=0.00 sys=0.00, real=0.00 secs] 
2019-01-02T11:13:25.209+0530: 873.110: [GC (Allocation Failure) 2019-01-02T11:13:25.209+0530: 873.110: [DefNew
Desired survivor size 32768 bytes, new threshold 15 (max 15)
- age   2:         24 bytes,         24 total
- age   5:        184 bytes,        208 total
: 504K->0K(960K), 0.0004407 secs] 3215K->3215K(10176K), 0.0005388 secs] [Times: user=0.00 sys=0.00, real=0.00 secs] 
2019-01-02T11:13:25.210+0530: 873.111: [GC (Allocation Failure) 2019-01-02T11:13:25.210+0530: 873.111: [DefNew
Desired survivor size 32768 bytes, new threshold 15 (max 15)
- age   1:         24 bytes,         24 total
- age   6:         72 bytes,         96 total
: 521K->0K(960K), 0.0003461 secs] 3737K->3719K(10176K), 0.0004259 secs] [Times: user=0.00 sys=0.00, real=0.00 secs] 
2019-01-02T11:13:25.279+0530: 873.180: [GC (Allocation Failure) 2019-01-02T11:13:25.279+0530: 873.180: [DefNew
Desired survivor size 32768 bytes, new threshold 15 (max 15)
- age   1:        248 bytes,        248 total
- age   7:         16 bytes,        264 total
: 875K->0K(960K), 0.0013211 secs] 4594K->3791K(10176K), 0.0015229 secs] [Times: user=0.00 sys=0.00, real=0.00 secs] 
2019-01-02T11:13:25.283+0530: 873.184: [GC (Allocation Failure) 2019-01-02T11:13:25.283+0530: 873.184: [DefNew
Desired survivor size 32768 bytes, new threshold 15 (max 15)
- age   2:        184 bytes,        184 total
- age   8:         16 bytes,        200 total
: 896K->0K(960K), 0.0008609 secs] 4687K->4079K(10176K), 0.0010919 secs] [Times: user=0.02 sys=0.00, real=0.00 secs] 
2019-01-02T11:13:25.285+0530: 873.187: [GC (Allocation Failure) 2019-01-02T11:13:25.285+0530: 873.187: [DefNew
Desired survivor size 32768 bytes, new threshold 15 (max 15)
- age   3:        184 bytes,        184 total
- age   9:         16 bytes,        200 total
: 896K->0K(960K), 0.0014340 secs] 4975K->4655K(10176K), 0.0018296 secs] [Times: user=0.00 sys=0.00, real=0.00 secs] 
2019-01-02T11:13:25.289+0530: 873.190: [GC (Allocation Failure) 2019-01-02T11:13:25.289+0530: 873.190: [DefNew
Desired survivor size 32768 bytes, new threshold 15 (max 15)
- age   1:         24 bytes,         24 total
- age   4:        184 bytes,        208 total
- age  10:         16 bytes,        224 total
: 479K->0K(960K), 0.0008233 secs] 5135K->4655K(10176K), 0.0010365 secs] [Times: user=0.00 sys=0.00, real=0.00 secs] 
2019-01-02T11:13:25.291+0530: 873.192: [GC (Allocation Failure) 2019-01-02T11:13:25.291+0530: 873.192: [DefNew
Desired survivor size 32768 bytes, new threshold 15 (max 15)
- age   2:         24 bytes,         24 total
- age   5:        184 bytes,        208 total
- age  11:         16 bytes,        224 total
: 504K->0K(960K), 0.0008889 secs] 5159K->5159K(10176K), 0.0010143 secs] [Times: user=0.00 sys=0.00, real=0.00 secs] 
2019-01-02T11:13:25.292+0530: 873.194: [GC (Allocation Failure) 2019-01-02T11:13:25.292+0530: 873.194: [DefNew
Desired survivor size 32768 bytes, new threshold 15 (max 15)
- age   1:         24 bytes,         24 total
- age   6:         72 bytes,         96 total
- age  12:         16 bytes,        112 total
: 521K->0K(960K), 0.0008644 secs] 5681K->5663K(10176K), 0.0009641 secs] [Times: user=0.00 sys=0.00, real=0.00 secs] 
2019-01-02T11:13:25.351+0530: 873.253: [GC (Allocation Failure) 2019-01-02T11:13:25.352+0530: 873.253: [DefNew
Desired survivor size 32768 bytes, new threshold 15 (max 15)
- age   1:        248 bytes,        248 total
- age   7:         16 bytes,        264 total
- age  13:         16 bytes,        280 total
: 875K->0K(960K), 0.0009020 secs] 6538K->5736K(10176K), 0.0011979 secs] [Times: user=0.00 sys=0.00, real=0.00 secs] 
2019-01-02T11:13:25.355+0530: 873.256: [GC (Allocation Failure) 2019-01-02T11:13:25.355+0530: 873.256: [DefNew
Desired survivor size 32768 bytes, new threshold 15 (max 15)
- age   2:        184 bytes,        184 total
- age   8:         16 bytes,        200 total
- age  14:         16 bytes,        216 total
: 896K->0K(960K), 0.0008359 secs] 6632K->6023K(10176K), 0.0013074 secs] [Times: user=0.00 sys=0.00, real=0.00 secs] 
2019-01-02T11:13:25.358+0530: 873.259: [GC (Allocation Failure) 2019-01-02T11:13:25.358+0530: 873.259: [DefNew
Desired survivor size 32768 bytes, new threshold 15 (max 15)
- age   3:        184 bytes,        184 total
- age   9:         16 bytes,        200 total
- age  15:         16 bytes,        216 total
: 896K->0K(960K), 0.0010787 secs] 6919K->6600K(10176K), 0.0012407 secs] [Times: user=0.00 sys=0.00, real=0.00 secs] 
2019-01-02T11:13:25.360+0530: 873.262: [GC (Allocation Failure) 2019-01-02T11:13:25.360+0530: 873.262: [DefNew
Desired survivor size 32768 bytes, new threshold 15 (max 15)
- age   1:         24 bytes,         24 total
- age   4:        184 bytes,        208 total
- age  10:         16 bytes,        224 total
: 479K->0K(960K), 0.0003187 secs] 7079K->6600K(10176K), 0.0004094 secs] [Times: user=0.00 sys=0.00, real=0.00 secs] 
2019-01-02T11:13:25.361+0530: 873.262: [GC (Allocation Failure) 2019-01-02T11:13:25.361+0530: 873.262: [DefNew
Desired survivor size 32768 bytes, new threshold 15 (max 15)
- age   2:         24 bytes,         24 total
- age   5:        184 bytes,        208 total
- age  11:         16 bytes,        224 total
: 504K->0K(960K), 0.0003877 secs] 7104K->7104K(10176K), 0.0004510 secs] [Times: user=0.00 sys=0.00, real=0.00 secs] 
2019-01-02T11:13:25.362+0530: 873.263: [GC (Allocation Failure) 2019-01-02T11:13:25.362+0530: 873.263: [DefNew
Desired survivor size 32768 bytes, new threshold 15 (max 15)
- age   1:         24 bytes,         24 total
- age   6:         72 bytes,         96 total
- age  12:         16 bytes,        112 total
: 521K->0K(960K), 0.0003837 secs] 7625K->7607K(10176K), 0.0004499 secs] [Times: user=0.00 sys=0.00, real=0.00 secs] 
2019-01-02T11:13:25.422+0530: 873.323: [GC (Allocation Failure) 2019-01-02T11:13:25.422+0530: 873.323: [DefNew
Desired survivor size 32768 bytes, new threshold 15 (max 15)
- age   1:        248 bytes,        248 total
- age   7:         16 bytes,        264 total
- age  13:         16 bytes,        280 total
: 875K->0K(960K), 0.0008883 secs] 8483K->7680K(10176K), 0.0013764 secs] [Times: user=0.00 sys=0.00, real=0.00 secs] 
2019-01-02T11:13:25.425+0530: 873.327: [GC (Allocation Failure) 2019-01-02T11:13:25.425+0530: 873.327: [DefNew
Desired survivor size 32768 bytes, new threshold 15 (max 15)
- age   2:        184 bytes,        184 total
- age   8:         16 bytes,        200 total
- age  14:         16 bytes,        216 total
: 896K->0K(960K), 0.0008364 secs] 8576K->7968K(10176K), 0.0010160 secs] [Times: user=0.00 sys=0.00, real=0.00 secs] 
2019-01-02T11:13:25.428+0530: 873.329: [GC (Allocation Failure) 2019-01-02T11:13:25.428+0530: 873.330: [DefNew
Desired survivor size 32768 bytes, new threshold 15 (max 15)
- age   3:        184 bytes,        184 total
- age   9:         16 bytes,        200 total
- age  15:         16 bytes,        216 total
: 896K->0K(960K), 0.0011637 secs] 8864K->8544K(10176K), 0.0013290 secs] [Times: user=0.00 sys=0.00, real=0.00 secs] 
2019-01-02T11:13:25.431+0530: 873.333: [GC (Allocation Failure) 2019-01-02T11:13:25.431+0530: 873.333: [DefNew
Desired survivor size 32768 bytes, new threshold 15 (max 15)
- age   1:         24 bytes,         24 total
- age   4:        184 bytes,        208 total
- age  10:         16 bytes,        224 total
: 479K->0K(960K), 0.0003142 secs] 9023K->8544K(10176K), 0.0004037 secs] [Times: user=0.00 sys=0.00, real=0.00 secs] 
2019-01-02T11:13:25.432+0530: 873.333: [GC (Allocation Failure) 2019-01-02T11:13:25.432+0530: 873.333: [DefNew
Desired survivor size 32768 bytes, new threshold 15 (max 15)
- age   2:         24 bytes,         24 total
- age   5:        184 bytes,        208 total
- age  11:         16 bytes,        224 total
: 504K->0K(960K), 0.0004128 secs] 9048K->9048K(10176K), 0.0004977 secs] [Times: user=0.00 sys=0.00, real=0.00 secs] 
2019-01-02T11:13:25.433+0530: 873.334: [GC (Allocation Failure) 2019-01-02T11:13:25.433+0530: 873.334: [DefNew: 521K->521K(960K), 0.0000319 secs]2019-01-02T11:13:25.433+0530: 873.334: [Tenured: 9047K->1271K(9216K), 0.0054194 secs] 9569K->1271K(10176K), [Metaspace: 2520K->2520K(1056768K)], 0.0055927 secs] [Times: user=0.00 sys=0.00, real=0.00 secs] 
2019-01-02T11:13:25.503+0530: 873.404: [GC (Allocation Failure) 2019-01-02T11:13:25.503+0530: 873.404: [DefNew
Desired survivor size 32768 bytes, new threshold 15 (max 15)
- age   1:        248 bytes,        248 total
: 875K->0K(960K), 0.0013570 secs] 2146K->1848K(10176K), 0.0016996 secs] [Times: user=0.00 sys=0.00, real=0.00 secs] 
2019-01-02T11:13:25.506+0530: 873.408: [GC (Allocation Failure) 2019-01-02T11:13:25.506+0530: 873.408: [DefNew
Desired survivor size 32768 bytes, new threshold 15 (max 15)
- age   2:        184 bytes,        184 total
: 896K->0K(960K), 0.0003449 secs] 2744K->2136K(10176K), 0.0004310 secs] [Times: user=0.00 sys=0.00, real=0.00 secs] 
2019-01-02T11:13:25.508+0530: 873.409: [GC (Allocation Failure) 2019-01-02T11:13:25.508+0530: 873.409: [DefNew
Desired survivor size 32768 bytes, new threshold 15 (max 15)
- age   3:        184 bytes,        184 total
: 896K->0K(960K), 0.0009105 secs] 3032K->2712K(10176K), 0.0010896 secs] [Times: user=0.00 sys=0.00, real=0.00 secs] 
2019-01-02T11:13:25.511+0530: 873.412: [GC (Allocation Failure) 2019-01-02T11:13:25.511+0530: 873.412: [DefNew
Desired survivor size 32768 bytes, new threshold 15 (max 15)
- age   1:         24 bytes,         24 total
- age   4:        184 bytes,        208 total
: 479K->0K(960K), 0.0002417 secs] 3191K->2712K(10176K), 0.0003090 secs] [Times: user=0.00 sys=0.00, real=0.00 secs] 
2019-01-02T11:13:25.511+0530: 873.413: [GC (Allocation Failure) 2019-01-02T11:13:25.511+0530: 873.413: [DefNew
Desired survivor size 32768 bytes, new threshold 15 (max 15)
- age   2:         24 bytes,         24 total
- age   5:        184 bytes,        208 total
: 504K->0K(960K), 0.0003455 secs] 3216K->3216K(10176K), 0.0004003 secs] [Times: user=0.00 sys=0.00, real=0.00 secs] 
2019-01-02T11:13:25.512+0530: 873.413: [GC (Allocation Failure) 2019-01-02T11:13:25.512+0530: 873.413: [DefNew
Desired survivor size 32768 bytes, new threshold 15 (max 15)
- age   1:         24 bytes,         24 total
- age   6:         72 bytes,         96 total
: 521K->0K(960K), 0.0003142 secs] 3737K->3720K(10176K), 0.0003683 secs] [Times: user=0.00 sys=0.00, real=0.00 secs] 
2019-01-02T11:13:25.585+0530: 873.486: [GC (Allocation Failure) 2019-01-02T11:13:25.585+0530: 873.487: [DefNew
Desired survivor size 32768 bytes, new threshold 15 (max 15)
- age   1:        248 bytes,        248 total
- age   7:         16 bytes,        264 total
: 875K->0K(960K), 0.0008689 secs] 4595K->3792K(10176K), 0.0011962 secs] [Times: user=0.00 sys=0.00, real=0.00 secs] 
2019-01-02T11:13:25.589+0530: 873.490: [GC (Allocation Failure) 2019-01-02T11:13:25.589+0530: 873.490: [DefNew
Desired survivor size 32768 bytes, new threshold 15 (max 15)
- age   2:        184 bytes,        184 total
- age   8:         16 bytes,        200 total
: 896K->0K(960K), 0.0008752 secs] 4688K->4080K(10176K), 0.0011318 secs] [Times: user=0.00 sys=0.00, real=0.00 secs] 
2019-01-02T11:13:25.591+0530: 873.493: [GC (Allocation Failure) 2019-01-02T11:13:25.591+0530: 873.493: [DefNew
Desired survivor size 32768 bytes, new threshold 15 (max 15)
- age   3:        184 bytes,        184 total
- age   9:         16 bytes,        200 total
: 896K->0K(960K), 0.0009915 secs] 4976K->4656K(10176K), 0.0011050 secs] [Times: user=0.00 sys=0.00, real=0.00 secs] 
2019-01-02T11:13:25.594+0530: 873.495: [GC (Allocation Failure) 2019-01-02T11:13:25.594+0530: 873.495: [DefNew
Desired survivor size 32768 bytes, new threshold 15 (max 15)
- age   1:         24 bytes,         24 total
- age   4:        184 bytes,        208 total
- age  10:         16 bytes,        224 total
: 479K->0K(960K), 0.0003358 secs] 5136K->4656K(10176K), 0.0004903 secs] [Times: user=0.00 sys=0.00, real=0.00 secs] 
2019-01-02T11:13:25.595+0530: 873.496: [GC (Allocation Failure) 2019-01-02T11:13:25.595+0530: 873.496: [DefNew
Desired survivor size 32768 bytes, new threshold 15 (max 15)
- age   2:         24 bytes,         24 total
- age   5:        184 bytes,        208 total
- age  11:         16 bytes,        224 total
: 504K->0K(960K), 0.0004373 secs] 5160K->5160K(10176K), 0.0017390 secs] [Times: user=0.00 sys=0.00, real=0.00 secs] 
2019-01-02T11:13:25.597+0530: 873.498: [GC (Allocation Failure) 2019-01-02T11:13:25.597+0530: 873.498: [DefNew
Desired survivor size 32768 bytes, new threshold 15 (max 15)
- age   1:         24 bytes,         24 total
- age   6:         72 bytes,         96 total
- age  12:         16 bytes,        112 total
: 521K->0K(960K), 0.0004117 secs] 5682K->5664K(10176K), 0.0004812 secs] [Times: user=0.00 sys=0.00, real=0.00 secs] 
2019-01-02T11:13:25.663+0530: 873.564: [GC (Allocation Failure) 2019-01-02T11:13:25.663+0530: 873.564: [DefNew
Desired survivor size 32768 bytes, new threshold 15 (max 15)
- age   1:        248 bytes,        248 total
- age   7:         16 bytes,        264 total
- age  13:         16 bytes,        280 total
: 875K->0K(960K), 0.0010212 secs] 6539K->5736K(10176K), 0.0013136 secs] [Times: user=0.00 sys=0.00, real=0.00 secs] 
2019-01-02T11:13:25.667+0530: 873.568: [GC (Allocation Failure) 2019-01-02T11:13:25.667+0530: 873.568: [DefNew
Desired survivor size 32768 bytes, new threshold 15 (max 15)
- age   2:        184 bytes,        184 total
- age   8:         16 bytes,        200 total
- age  14:         16 bytes,        216 total
: 896K->0K(960K), 0.0009516 secs] 6632K->6024K(10176K), 0.0011409 secs] [Times: user=0.00 sys=0.00, real=0.00 secs] 
2019-01-02T11:13:25.669+0530: 873.570: [GC (Allocation Failure) 2019-01-02T11:13:25.669+0530: 873.570: [DefNew
Desired survivor size 32768 bytes, new threshold 15 (max 15)
- age   3:        184 bytes,        184 total
- age   9:         16 bytes,        200 total
- age  15:         16 bytes,        216 total
: 896K->0K(960K), 0.0004413 secs] 6920K->6600K(10176K), 0.0005114 secs] [Times: user=0.00 sys=0.00, real=0.00 secs] 
2019-01-02T11:13:25.670+0530: 873.571: [GC (Allocation Failure) 2019-01-02T11:13:25.671+0530: 873.571: [DefNew
Desired survivor size 32768 bytes, new threshold 15 (max 15)
- age   1:         24 bytes,         24 total
- age   4:        184 bytes,        208 total
- age  10:         16 bytes,        224 total
: 479K->0K(960K), 0.0002742 secs] 7080K->6600K(10176K), 0.0003467 secs] [Times: user=0.00 sys=0.00, real=0.00 secs] 
2019-01-02T11:13:25.671+0530: 873.572: [GC (Allocation Failure) 2019-01-02T11:13:25.671+0530: 873.572: [DefNew
Desired survivor size 32768 bytes, new threshold 15 (max 15)
- age   2:         24 bytes,         24 total
- age   5:        184 bytes,        208 total
- age  11:         16 bytes,        224 total
: 504K->0K(960K), 0.0004886 secs] 7104K->7104K(10176K), 0.0005838 secs] [Times: user=0.00 sys=0.00, real=0.00 secs] 
2019-01-02T11:13:25.673+0530: 873.574: [GC (Allocation Failure) 2019-01-02T11:13:25.673+0530: 873.574: [DefNew
Desired survivor size 32768 bytes, new threshold 15 (max 15)
- age   1:         24 bytes,         24 total
- age   6:         72 bytes,         96 total
- age  12:         16 bytes,        112 total
: 521K->0K(960K), 0.0005844 secs] 7626K->7608K(10176K), 0.0008404 secs] [Times: user=0.01 sys=0.00, real=0.00 secs] 
2019-01-02T11:13:25.744+0530: 873.645: [GC (Allocation Failure) 2019-01-02T11:13:25.745+0530: 873.645: [DefNew
Desired survivor size 32768 bytes, new threshold 15 (max 15)
- age   1:        248 bytes,        248 total
- age   7:         16 bytes,        264 total
- age  13:         16 bytes,        280 total
: 875K->0K(960K), 0.0009362 secs] 8483K->7680K(10176K), 0.0012937 secs] [Times: user=0.00 sys=0.00, real=0.00 secs] 
2019-01-02T11:13:25.747+0530: 873.648: [GC (Allocation Failure) 2019-01-02T11:13:25.747+0530: 873.648: [DefNew
Desired survivor size 32768 bytes, new threshold 15 (max 15)
- age   2:        184 bytes,        184 total
- age   8:         16 bytes,        200 total
- age  14:         16 bytes,        216 total
: 896K->0K(960K), 0.0004533 secs] 8576K->7968K(10176K), 0.0005633 secs] [Times: user=0.00 sys=0.00, real=0.00 secs] 
2019-01-02T11:13:25.749+0530: 873.650: [GC (Allocation Failure) 2019-01-02T11:13:25.749+0530: 873.650: [DefNew
Desired survivor size 32768 bytes, new threshold 15 (max 15)
- age   3:        184 bytes,        184 total
- age   9:         16 bytes,        200 total
- age  15:         16 bytes,        216 total
: 896K->0K(960K), 0.0004875 secs] 8864K->8544K(10176K), 0.0005759 secs] [Times: user=0.00 sys=0.00, real=0.00 secs] 
2019-01-02T11:13:25.751+0530: 873.652: [GC (Allocation Failure) 2019-01-02T11:13:25.751+0530: 873.652: [DefNew
Desired survivor size 32768 bytes, new threshold 15 (max 15)
- age   1:         24 bytes,         24 total
- age   4:        184 bytes,        208 total
- age  10:         16 bytes,        224 total
: 479K->0K(960K), 0.0002993 secs] 9024K->8544K(10176K), 0.0003826 secs] [Times: user=0.00 sys=0.00, real=0.00 secs] 
2019-01-02T11:13:25.752+0530: 873.652: [GC (Allocation Failure) 2019-01-02T11:13:25.752+0530: 873.653: [DefNew
Desired survivor size 32768 bytes, new threshold 15 (max 15)
- age   2:         24 bytes,         24 total
- age   5:        184 bytes,        208 total
- age  11:         16 bytes,        224 total
: 504K->0K(960K), 0.0003655 secs] 9049K->9049K(10176K), 0.0004219 secs] [Times: user=0.02 sys=0.00, real=0.00 secs] 
2019-01-02T11:13:25.752+0530: 873.653: [GC (Allocation Failure) 2019-01-02T11:13:25.752+0530: 873.653: [DefNew: 521K->521K(960K), 0.0000245 secs]2019-01-02T11:13:25.752+0530: 873.653: [Tenured: 9048K->1271K(9216K), 0.0065671 secs] 9570K->1271K(10176K), [Metaspace: 2520K->2520K(1056768K)], 0.0068402 secs] [Times: user=0.00 sys=0.00, real=0.01 secs] 
2019-01-02T11:13:25.827+0530: 873.728: [GC (Allocation Failure) 2019-01-02T11:13:25.828+0530: 873.728: [DefNew
Desired survivor size 32768 bytes, new threshold 15 (max 15)
- age   1:        248 bytes,        248 total
: 875K->0K(960K), 0.0011494 secs] 2147K->1848K(10176K), 0.0013005 secs] [Times: user=0.00 sys=0.00, real=0.00 secs] 
2019-01-02T11:13:25.830+0530: 873.731: [GC (Allocation Failure) 2019-01-02T11:13:25.831+0530: 873.731: [DefNew
Desired survivor size 32768 bytes, new threshold 15 (max 15)
- age   2:        184 bytes,        184 total
: 896K->0K(960K), 0.0010873 secs] 2744K->2136K(10176K), 0.0013239 secs] [Times: user=0.00 sys=0.00, real=0.00 secs] 
2019-01-02T11:13:25.833+0530: 873.734: [GC (Allocation Failure) 2019-01-02T11:13:25.833+0530: 873.734: [DefNew
Desired survivor size 32768 bytes, new threshold 15 (max 15)
- age   3:        184 bytes,        184 total
: 896K->0K(960K), 0.0009995 secs] 3032K->2712K(10176K), 0.0011603 secs] [Times: user=0.00 sys=0.00, real=0.00 secs] 
2019-01-02T11:13:25.835+0530: 873.736: [GC (Allocation Failure) 2019-01-02T11:13:25.835+0530: 873.736: [DefNew
Desired survivor size 32768 bytes, new threshold 15 (max 15)
- age   1:         24 bytes,         24 total
- age   4:        184 bytes,        208 total
: 479K->0K(960K), 0.0002839 secs] 3192K->2712K(10176K), 0.0003609 secs] [Times: user=0.00 sys=0.00, real=0.00 secs] 
2019-01-02T11:13:25.836+0530: 873.737: [GC (Allocation Failure) 2019-01-02T11:13:25.836+0530: 873.737: [DefNew
Desired survivor size 32768 bytes, new threshold 15 (max 15)
- age   2:         24 bytes,         24 total
- age   5:        184 bytes,        208 total
: 504K->0K(960K), 0.0005417 secs] 3216K->3216K(10176K), 0.0006192 secs] [Times: user=0.00 sys=0.00, real=0.00 secs] 
2019-01-02T11:13:25.837+0530: 873.738: [GC (Allocation Failure) 2019-01-02T11:13:25.837+0530: 873.738: [DefNew
Desired survivor size 32768 bytes, new threshold 15 (max 15)
- age   1:         24 bytes,         24 total
- age   6:         72 bytes,         96 total
: 521K->0K(960K), 0.0004407 secs] 3738K->3720K(10176K), 0.0005342 secs] [Times: user=0.00 sys=0.00, real=0.00 secs] 
2019-01-02T11:13:25.903+0530: 873.804: [GC (Allocation Failure) 2019-01-02T11:13:25.903+0530: 873.804: [DefNew
Desired survivor size 32768 bytes, new threshold 15 (max 15)
- age   1:        248 bytes,        248 total
- age   7:         16 bytes,        264 total
: 875K->0K(960K), 0.0010109 secs] 4595K->3792K(10176K), 0.0012669 secs] [Times: user=0.00 sys=0.00, real=0.00 secs] 
2019-01-02T11:13:25.907+0530: 873.808: [GC (Allocation Failure) 2019-01-02T11:13:25.907+0530: 873.808: [DefNew
Desired survivor size 32768 bytes, new threshold 15 (max 15)
- age   2:        184 bytes,        184 total
- age   8:         16 bytes,        200 total
: 896K->0K(960K), 0.0012635 secs] 4688K->4080K(10176K), 0.0015531 secs] [Times: user=0.02 sys=0.00, real=0.00 secs] 
2019-01-02T11:13:25.910+0530: 873.810: [GC (Allocation Failure) 2019-01-02T11:13:25.910+0530: 873.810: [DefNew
Desired survivor size 32768 bytes, new threshold 15 (max 15)
- age   3:        184 bytes,        184 total
- age   9:         16 bytes,        200 total
: 896K->0K(960K), 0.0014300 secs] 4976K->4656K(10176K), 0.0015674 secs] [Times: user=0.00 sys=0.00, real=0.00 secs] 
2019-01-02T11:13:25.913+0530: 873.813: [GC (Allocation Failure) 2019-01-02T11:13:25.913+0530: 873.813: [DefNew
Desired survivor size 32768 bytes, new threshold 15 (max 15)
- age   1:         24 bytes,         24 total
- age   4:        184 bytes,        208 total
- age  10:         16 bytes,        224 total
: 479K->0K(960K), 0.0004835 secs] 5136K->4656K(10176K), 0.0005742 secs] [Times: user=0.00 sys=0.00, real=0.00 secs] 
2019-01-02T11:13:25.913+0530: 873.814: [GC (Allocation Failure) 2019-01-02T11:13:25.913+0530: 873.814: [DefNew
Desired survivor size 32768 bytes, new threshold 15 (max 15)
- age   2:         24 bytes,         24 total
- age   5:        184 bytes,        208 total
- age  11:         16 bytes,        224 total
: 504K->0K(960K), 0.0005707 secs] 5160K->5160K(10176K), 0.0006414 secs] [Times: user=0.00 sys=0.00, real=0.00 secs] 
2019-01-02T11:13:25.914+0530: 873.815: [GC (Allocation Failure) 2019-01-02T11:13:25.914+0530: 873.815: [DefNew
Desired survivor size 32768 bytes, new threshold 15 (max 15)
- age   1:         24 bytes,         24 total
- age   6:         72 bytes,         96 total
- age  12:         16 bytes,        112 total
: 522K->0K(960K), 0.0004350 secs] 5682K->5665K(10176K), 0.0005143 secs] [Times: user=0.00 sys=0.00, real=0.00 secs] 
2019-01-02T11:13:25.987+0530: 873.888: [GC (Allocation Failure) 2019-01-02T11:13:25.988+0530: 873.888: [DefNew
Desired survivor size 32768 bytes, new threshold 15 (max 15)
- age   1:        248 bytes,        248 total
- age   7:         16 bytes,        264 total
- age  13:         16 bytes,        280 total
: 875K->0K(960K), 0.0009887 secs] 6540K->5737K(10176K), 0.0015138 secs] [Times: user=0.00 sys=0.00, real=0.00 secs] 
2019-01-02T11:13:25.992+0530: 873.893: [GC (Allocation Failure) 2019-01-02T11:13:25.992+0530: 873.893: [DefNew
Desired survivor size 32768 bytes, new threshold 15 (max 15)
- age   2:        184 bytes,        184 total
- age   8:         16 bytes,        200 total
- age  14:         16 bytes,        216 total
: 896K->0K(960K), 0.0008433 secs] 6633K->6025K(10176K), 0.0011141 secs] [Times: user=0.00 sys=0.00, real=0.00 secs] 
2019-01-02T11:13:25.995+0530: 873.896: [GC (Allocation Failure) 2019-01-02T11:13:25.995+0530: 873.896: [DefNew
Desired survivor size 32768 bytes, new threshold 15 (max 15)
- age   3:        184 bytes,        184 total
- age   9:         16 bytes,        200 total
- age  15:         16 bytes,        216 total
: 896K->0K(960K), 0.0015816 secs] 6921K->6601K(10176K), 0.0019505 secs] [Times: user=0.00 sys=0.00, real=0.00 secs] 
2019-01-02T11:13:25.998+0530: 873.899: [GC (Allocation Failure) 2019-01-02T11:13:25.998+0530: 873.899: [DefNew
Desired survivor size 32768 bytes, new threshold 15 (max 15)
- age   1:         24 bytes,         24 total
- age   4:        184 bytes,        208 total
- age  10:         16 bytes,        224 total
: 479K->0K(960K), 0.0003501 secs] 7080K->6601K(10176K), 0.0004624 secs] [Times: user=0.00 sys=0.00, real=0.00 secs] 
2019-01-02T11:13:25.999+0530: 873.900: [GC (Allocation Failure) 2019-01-02T11:13:25.999+0530: 873.900: [DefNew
Desired survivor size 32768 bytes, new threshold 15 (max 15)
- age   2:         24 bytes,         24 total
- age   5:        184 bytes,        208 total
- age  11:         16 bytes,        224 total
: 504K->0K(960K), 0.0005188 secs] 7105K->7105K(10176K), 0.0005987 secs] [Times: user=0.00 sys=0.00, real=0.00 secs] 
2019-01-02T11:13:26.000+0530: 873.901: [GC (Allocation Failure) 2019-01-02T11:13:26.000+0530: 873.901: [DefNew
Desired survivor size 32768 bytes, new threshold 15 (max 15)
- age   1:         24 bytes,         24 total
- age   6:         72 bytes,         96 total
- age  12:         16 bytes,        112 total
: 522K->0K(960K), 0.0005291 secs] 7627K->7609K(10176K), 0.0006095 secs] [Times: user=0.00 sys=0.00, real=0.00 secs] 
2019-01-02T11:13:26.073+0530: 873.974: [GC (Allocation Failure) 2019-01-02T11:13:26.073+0530: 873.974: [DefNew
Desired survivor size 32768 bytes, new threshold 15 (max 15)
- age   1:        248 bytes,        248 total
- age   7:         16 bytes,        264 total
- age  13:         16 bytes,        280 total
: 875K->0K(960K), 0.0014619 secs] 8484K->7681K(10176K), 0.0018428 secs] [Times: user=0.00 sys=0.00, real=0.00 secs] 
2019-01-02T11:13:26.078+0530: 873.979: [GC (Allocation Failure) 2019-01-02T11:13:26.078+0530: 873.979: [DefNew
Desired survivor size 32768 bytes, new threshold 15 (max 15)
- age   2:        184 bytes,        184 total
- age   8:         16 bytes,        200 total
- age  14:         16 bytes,        216 total
: 896K->0K(960K), 0.0005314 secs] 8577K->7969K(10176K), 0.0007007 secs] [Times: user=0.00 sys=0.00, real=0.00 secs] 
2019-01-02T11:13:26.080+0530: 873.981: [GC (Allocation Failure) 2019-01-02T11:13:26.080+0530: 873.981: [DefNew
Desired survivor size 32768 bytes, new threshold 15 (max 15)
- age   3:        184 bytes,        184 total
- age   9:         16 bytes,        200 total
- age  15:         16 bytes,        216 total
: 896K->0K(960K), 0.0012908 secs] 8865K->8545K(10176K), 0.0013992 secs] [Times: user=0.00 sys=0.00, real=0.00 secs] 
2019-01-02T11:13:26.083+0530: 873.984: [GC (Allocation Failure) 2019-01-02T11:13:26.083+0530: 873.984: [DefNew
Desired survivor size 32768 bytes, new threshold 15 (max 15)
- age   1:         24 bytes,         24 total
- age   4:        184 bytes,        208 total
- age  10:         16 bytes,        224 total
: 479K->0K(960K), 0.0002856 secs] 9025K->8545K(10176K), 0.0003626 secs] [Times: user=0.00 sys=0.00, real=0.00 secs] 
2019-01-02T11:13:26.084+0530: 873.984: [GC (Allocation Failure) 2019-01-02T11:13:26.084+0530: 873.984: [DefNew
Desired survivor size 32768 bytes, new threshold 15 (max 15)
- age   2:         24 bytes,         24 total
- age   5:        184 bytes,        208 total
- age  11:         16 bytes,        224 total
: 504K->0K(960K), 0.0003387 secs] 9049K->9049K(10176K), 0.0003968 secs] [Times: user=0.00 sys=0.00, real=0.00 secs] 
2019-01-02T11:13:26.084+0530: 873.985: [GC (Allocation Failure) 2019-01-02T11:13:26.084+0530: 873.985: [DefNew: 522K->522K(960K), 0.0000302 secs]2019-01-02T11:13:26.084+0530: 873.985: [Tenured: 9049K->1272K(9216K), 0.0040624 secs] 9571K->1272K(10176K), [Metaspace: 2520K->2520K(1056768K)], 0.0041924 secs] [Times: user=0.00 sys=0.00, real=0.00 secs] 
2019-01-02T11:13:26.149+0530: 874.050: [GC (Allocation Failure) 2019-01-02T11:13:26.149+0530: 874.050: [DefNew
Desired survivor size 32768 bytes, new threshold 15 (max 15)
- age   1:        248 bytes,        248 total
: 875K->0K(960K), 0.0017612 secs] 2147K->1848K(10176K), 0.0020161 secs] [Times: user=0.00 sys=0.00, real=0.00 secs] 
2019-01-02T11:13:26.152+0530: 874.053: [GC (Allocation Failure) 2019-01-02T11:13:26.153+0530: 874.054: [DefNew
Desired survivor size 32768 bytes, new threshold 15 (max 15)
- age   2:        184 bytes,        184 total
: 896K->0K(960K), 0.0012983 secs] 2744K->2136K(10176K), 0.0015286 secs] [Times: user=0.00 sys=0.00, real=0.00 secs] 
2019-01-02T11:13:26.155+0530: 874.056: [GC (Allocation Failure) 2019-01-02T11:13:26.156+0530: 874.056: [DefNew
Desired survivor size 32768 bytes, new threshold 15 (max 15)
- age   3:        184 bytes,        184 total
: 896K->0K(960K), 0.0005183 secs] 3032K->2712K(10176K), 0.0006870 secs] [Times: user=0.00 sys=0.00, real=0.00 secs] 
2019-01-02T11:13:26.157+0530: 874.058: [GC (Allocation Failure) 2019-01-02T11:13:26.157+0530: 874.058: [DefNew
Desired survivor size 32768 bytes, new threshold 15 (max 15)
- age   1:         24 bytes,         24 total
- age   4:        184 bytes,        208 total
: 479K->0K(960K), 0.0002543 secs] 3192K->2712K(10176K), 0.0003233 secs] [Times: user=0.00 sys=0.00, real=0.00 secs] 
2019-01-02T11:13:26.158+0530: 874.059: [GC (Allocation Failure) 2019-01-02T11:13:26.158+0530: 874.059: [DefNew
Desired survivor size 32768 bytes, new threshold 15 (max 15)
- age   2:         24 bytes,         24 total
- age   5:        184 bytes,        208 total
: 504K->0K(960K), 0.0013513 secs] 3216K->3216K(10176K), 0.0015811 secs] [Times: user=0.00 sys=0.00, real=0.00 secs] 
2019-01-02T11:13:26.160+0530: 874.061: [GC (Allocation Failure) 2019-01-02T11:13:26.160+0530: 874.061: [DefNew
Desired survivor size 32768 bytes, new threshold 15 (max 15)
- age   1:         24 bytes,         24 total
- age   6:         72 bytes,         96 total
: 522K->0K(960K), 0.0004829 secs] 3738K->3720K(10176K), 0.0006186 secs] [Times: user=0.00 sys=0.00, real=0.00 secs] 
2019-01-02T11:13:26.220+0530: 874.121: [GC (Allocation Failure) 2019-01-02T11:13:26.221+0530: 874.122: [DefNew
Desired survivor size 32768 bytes, new threshold 15 (max 15)
- age   1:        248 bytes,        248 total
- age   7:         16 bytes,        264 total
: 875K->0K(960K), 0.0008205 secs] 4596K->3793K(10176K), 0.0011512 secs] [Times: user=0.00 sys=0.00, real=0.00 secs] 
2019-01-02T11:13:26.224+0530: 874.125: [GC (Allocation Failure) 2019-01-02T11:13:26.224+0530: 874.125: [DefNew
Desired survivor size 32768 bytes, new threshold 15 (max 15)
- age   2:        184 bytes,        184 total
- age   8:         16 bytes,        200 total
: 896K->0K(960K), 0.0008376 secs] 4689K->4081K(10176K), 0.0010308 secs] [Times: user=0.00 sys=0.00, real=0.00 secs] 
2019-01-02T11:13:26.227+0530: 874.128: [GC (Allocation Failure) 2019-01-02T11:13:26.227+0530: 874.128: [DefNew
Desired survivor size 32768 bytes, new threshold 15 (max 15)
- age   3:        184 bytes,        184 total
- age   9:         16 bytes,        200 total
: 896K->0K(960K), 0.0005821 secs] 4977K->4657K(10176K), 0.0007503 secs] [Times: user=0.00 sys=0.00, real=0.00 secs] 
2019-01-02T11:13:26.229+0530: 874.130: [GC (Allocation Failure) 2019-01-02T11:13:26.229+0530: 874.130: [DefNew
Desired survivor size 32768 bytes, new threshold 15 (max 15)
- age   1:         24 bytes,         24 total
- age   4:        184 bytes,        208 total
- age  10:         16 bytes,        224 total
: 479K->0K(960K), 0.0004373 secs] 5136K->4657K(10176K), 0.0005810 secs] [Times: user=0.00 sys=0.00, real=0.00 secs] 
2019-01-02T11:13:26.230+0530: 874.131: [GC (Allocation Failure) 2019-01-02T11:13:26.231+0530: 874.131: [DefNew
Desired survivor size 32768 bytes, new threshold 15 (max 15)
- age   2:         24 bytes,         24 total
- age   5:        184 bytes,        208 total
- age  11:         16 bytes,        224 total
: 504K->0K(960K), 0.0004595 secs] 5161K->5161K(10176K), 0.0006437 secs] [Times: user=0.00 sys=0.00, real=0.00 secs] 
2019-01-02T11:13:26.231+0530: 874.132: [GC (Allocation Failure) 2019-01-02T11:13:26.231+0530: 874.132: [DefNew
Desired survivor size 32768 bytes, new threshold 15 (max 15)
- age   1:         24 bytes,         24 total
- age   6:         72 bytes,         96 total
- age  12:         16 bytes,        112 total
: 522K->0K(960K), 0.0003951 secs] 5683K->5665K(10176K), 0.0004744 secs] [Times: user=0.00 sys=0.00, real=0.00 secs] 
2019-01-02T11:13:26.293+0530: 874.194: [GC (Allocation Failure) 2019-01-02T11:13:26.293+0530: 874.194: [DefNew
Desired survivor size 32768 bytes, new threshold 15 (max 15)
- age   1:        248 bytes,        248 total
- age   7:         16 bytes,        264 total
- age  13:         16 bytes,        280 total
: 875K->0K(960K), 0.0007691 secs] 6540K->5737K(10176K), 0.0012333 secs] [Times: user=0.00 sys=0.00, real=0.00 secs] 
2019-01-02T11:13:26.296+0530: 874.197: [GC (Allocation Failure) 2019-01-02T11:13:26.296+0530: 874.197: [DefNew
Desired survivor size 32768 bytes, new threshold 15 (max 15)
- age   2:        184 bytes,        184 total
- age   8:         16 bytes,        200 total
- age  14:         16 bytes,        216 total
: 896K->0K(960K), 0.0007076 secs] 6633K->6025K(10176K), 0.0008798 secs] [Times: user=0.00 sys=0.00, real=0.00 secs] 
2019-01-02T11:13:26.299+0530: 874.200: [GC (Allocation Failure) 2019-01-02T11:13:26.299+0530: 874.200: [DefNew
Desired survivor size 32768 bytes, new threshold 15 (max 15)
- age   3:        184 bytes,        184 total
- age   9:         16 bytes,        200 total
- age  15:         16 bytes,        216 total
: 896K->0K(960K), 0.0013308 secs] 6921K->6601K(10176K), 0.0015486 secs] [Times: user=0.00 sys=0.00, real=0.00 secs] 
2019-01-02T11:13:26.302+0530: 874.203: [GC (Allocation Failure) 2019-01-02T11:13:26.302+0530: 874.203: [DefNew
Desired survivor size 32768 bytes, new threshold 15 (max 15)
- age   1:         24 bytes,         24 total
- age   4:        184 bytes,        208 total
- age  10:         16 bytes,        224 total
: 479K->0K(960K), 0.0002560 secs] 7081K->6601K(10176K), 0.0003324 secs] [Times: user=0.00 sys=0.00, real=0.00 secs] 
2019-01-02T11:13:26.303+0530: 874.204: [GC (Allocation Failure) 2019-01-02T11:13:26.303+0530: 874.204: [DefNew
Desired survivor size 32768 bytes, new threshold 15 (max 15)
- age   2:         24 bytes,         24 total
- age   5:        184 bytes,        208 total
- age  11:         16 bytes,        224 total
: 504K->0K(960K), 0.0003204 secs] 7105K->7105K(10176K), 0.0003769 secs] [Times: user=0.00 sys=0.00, real=0.00 secs] 
2019-01-02T11:13:26.303+0530: 874.204: [GC (Allocation Failure) 2019-01-02T11:13:26.303+0530: 874.204: [DefNew
Desired survivor size 32768 bytes, new threshold 15 (max 15)
- age   1:         24 bytes,         24 total
- age   6:         72 bytes,         96 total
- age  12:         16 bytes,        112 total
: 522K->0K(960K), 0.0003221 secs] 7627K->7610K(10176K), 0.0003723 secs] [Times: user=0.00 sys=0.00, real=0.00 secs] 
2019-01-02T11:13:26.365+0530: 874.266: [GC (Allocation Failure) 2019-01-02T11:13:26.365+0530: 874.266: [DefNew
Desired survivor size 32768 bytes, new threshold 15 (max 15)
- age   1:        248 bytes,        248 total
- age   7:         16 bytes,        264 total
- age  13:         16 bytes,        280 total
: 875K->0K(960K), 0.0008330 secs] 8485K->7682K(10176K), 0.0010149 secs] [Times: user=0.00 sys=0.00, real=0.00 secs] 
2019-01-02T11:13:26.369+0530: 874.270: [GC (Allocation Failure) 2019-01-02T11:13:26.369+0530: 874.270: [DefNew
Desired survivor size 32768 bytes, new threshold 15 (max 15)
- age   2:        184 bytes,        184 total
- age   8:         16 bytes,        200 total
- age  14:         16 bytes,        216 total
: 896K->0K(960K), 0.0011911 secs] 8578K->7970K(10176K), 0.0015172 secs] [Times: user=0.00 sys=0.00, real=0.00 secs] 
2019-01-02T11:13:26.372+0530: 874.273: [GC (Allocation Failure) 2019-01-02T11:13:26.372+0530: 874.273: [DefNew
Desired survivor size 32768 bytes, new threshold 15 (max 15)
- age   3:        184 bytes,        184 total
- age   9:         16 bytes,        200 total
- age  15:         16 bytes,        216 total
: 896K->0K(960K), 0.0013028 secs] 8866K->8546K(10176K), 0.0015235 secs] [Times: user=0.00 sys=0.00, real=0.00 secs] 
2019-01-02T11:13:26.375+0530: 874.276: [GC (Allocation Failure) 2019-01-02T11:13:26.375+0530: 874.276: [DefNew
Desired survivor size 32768 bytes, new threshold 15 (max 15)
- age   1:         24 bytes,         24 total
- age   4:        184 bytes,        208 total
- age  10:         16 bytes,        224 total
: 479K->0K(960K), 0.0005320 secs] 9026K->8546K(10176K), 0.0006728 secs] [Times: user=0.00 sys=0.00, real=0.00 secs] 
2019-01-02T11:13:26.378+0530: 874.279: [GC (Allocation Failure) 2019-01-02T11:13:26.378+0530: 874.279: [DefNew
Desired survivor size 32768 bytes, new threshold 15 (max 15)
- age   2:         24 bytes,         24 total
- age   5:        184 bytes,        208 total
- age  11:         16 bytes,        224 total
: 504K->0K(960K), 0.0008370 secs] 9050K->9050K(10176K), 0.0009847 secs] [Times: user=0.00 sys=0.00, real=0.00 secs] 
2019-01-02T11:13:26.380+0530: 874.281: [GC (Allocation Failure) 2019-01-02T11:13:26.380+0530: 874.281: [DefNew: 522K->522K(960K), 0.0000428 secs]2019-01-02T11:13:26.380+0530: 874.281: [Tenured: 9050K->1272K(9216K), 0.0048737 secs] 9572K->1272K(10176K), [Metaspace: 2520K->2520K(1056768K)], 0.0051024 secs] [Times: user=0.00 sys=0.00, real=0.00 secs] 
2019-01-02T11:13:26.470+0530: 874.371: [GC (Allocation Failure) 2019-01-02T11:13:26.470+0530: 874.371: [DefNew
Desired survivor size 32768 bytes, new threshold 15 (max 15)
- age   1:        248 bytes,        248 total
: 875K->0K(960K), 0.0004881 secs] 2147K->1848K(10176K), 0.0006004 secs] [Times: user=0.00 sys=0.00, real=0.00 secs] 
2019-01-02T11:13:26.472+0530: 874.373: [GC (Allocation Failure) 2019-01-02T11:13:26.472+0530: 874.373: [DefNew
Desired survivor size 32768 bytes, new threshold 15 (max 15)
- age   2:        184 bytes,        184 total
: 896K->0K(960K), 0.0004213 secs] 2744K->2136K(10176K), 0.0005200 secs] [Times: user=0.00 sys=0.00, real=0.00 secs] 
2019-01-02T11:13:26.474+0530: 874.375: [GC (Allocation Failure) 2019-01-02T11:13:26.474+0530: 874.375: [DefNew
Desired survivor size 32768 bytes, new threshold 15 (max 15)
- age   3:        184 bytes,        184 total
: 896K->0K(960K), 0.0004601 secs] 3032K->2712K(10176K), 0.0005456 secs] [Times: user=0.00 sys=0.00, real=0.00 secs] 
2019-01-02T11:13:26.476+0530: 874.377: [GC (Allocation Failure) 2019-01-02T11:13:26.476+0530: 874.377: [DefNew
Desired survivor size 32768 bytes, new threshold 15 (max 15)
- age   1:         24 bytes,         24 total
- age   4:        184 bytes,        208 total
: 479K->0K(960K), 0.0013598 secs] 3192K->2712K(10176K), 0.0016147 secs] [Times: user=0.00 sys=0.00, real=0.00 secs] 
2019-01-02T11:13:26.481+0530: 874.381: [GC (Allocation Failure) 2019-01-02T11:13:26.481+0530: 874.382: [DefNew
Desired survivor size 32768 bytes, new threshold 15 (max 15)
- age   2:         24 bytes,         24 total
- age   5:        184 bytes,        208 total
: 504K->0K(960K), 0.0012190 secs] 3217K->3217K(10176K), 0.0014573 secs] [Times: user=0.00 sys=0.00, real=0.00 secs] 
2019-01-02T11:13:26.482+0530: 874.383: [GC (Allocation Failure) 2019-01-02T11:13:26.482+0530: 874.383: [DefNew
Desired survivor size 32768 bytes, new threshold 15 (max 15)
- age   1:         24 bytes,         24 total
- age   6:         72 bytes,         96 total
: 522K->0K(960K), 0.0003449 secs] 3739K->3721K(10176K), 0.0004162 secs] [Times: user=0.00 sys=0.00, real=0.00 secs] 
2019-01-02T11:13:26.563+0530: 874.464: [GC (Allocation Failure) 2019-01-02T11:13:26.563+0530: 874.464: [DefNew
Desired survivor size 32768 bytes, new threshold 15 (max 15)
- age   1:        248 bytes,        248 total
- age   7:         16 bytes,        264 total
: 875K->0K(960K), 0.0005804 secs] 4596K->3793K(10176K), 0.0007418 secs] [Times: user=0.02 sys=0.00, real=0.00 secs] 
2019-01-02T11:13:26.566+0530: 874.467: [GC (Allocation Failure) 2019-01-02T11:13:26.566+0530: 874.467: [DefNew
Desired survivor size 32768 bytes, new threshold 15 (max 15)
- age   2:        184 bytes,        184 total
- age   8:         16 bytes,        200 total
: 896K->0K(960K), 0.0007167 secs] 4689K->4081K(10176K), 0.0008507 secs] [Times: user=0.00 sys=0.00, real=0.00 secs] 
2019-01-02T11:13:26.569+0530: 874.470: [GC (Allocation Failure) 2019-01-02T11:13:26.569+0530: 874.470: [DefNew
Desired survivor size 32768 bytes, new threshold 15 (max 15)
- age   3:        184 bytes,        184 total
- age   9:         16 bytes,        200 total
: 896K->0K(960K), 0.0005456 secs] 4977K->4657K(10176K), 0.0006739 secs] [Times: user=0.00 sys=0.00, real=0.00 secs] 
2019-01-02T11:13:26.571+0530: 874.472: [GC (Allocation Failure) 2019-01-02T11:13:26.571+0530: 874.472: [DefNew
Desired survivor size 32768 bytes, new threshold 15 (max 15)
- age   1:         24 bytes,         24 total
- age   4:        184 bytes,        208 total
- age  10:         16 bytes,        224 total
: 479K->0K(960K), 0.0003803 secs] 5137K->4657K(10176K), 0.0004932 secs] [Times: user=0.00 sys=0.00, real=0.00 secs] 
2019-01-02T11:13:26.572+0530: 874.473: [GC (Allocation Failure) 2019-01-02T11:13:26.572+0530: 874.473: [DefNew
Desired survivor size 32768 bytes, new threshold 15 (max 15)
- age   2:         24 bytes,         24 total
- age   5:        184 bytes,        208 total
- age  11:         16 bytes,        224 total
: 504K->0K(960K), 0.0005143 secs] 5161K->5161K(10176K), 0.0006158 secs] [Times: user=0.00 sys=0.00, real=0.00 secs] 
2019-01-02T11:13:26.573+0530: 874.474: [GC (Allocation Failure) 2019-01-02T11:13:26.573+0530: 874.474: [DefNew
Desired survivor size 32768 bytes, new threshold 15 (max 15)
- age   1:         24 bytes,         24 total
- age   6:         72 bytes,         96 total
- age  12:         16 bytes,        112 total
: 522K->0K(960K), 0.0004727 secs] 5683K->5666K(10176K), 0.0005610 secs] [Times: user=0.00 sys=0.00, real=0.00 secs] 
2019-01-02T11:13:26.650+0530: 874.551: [GC (Allocation Failure) 2019-01-02T11:13:26.650+0530: 874.551: [DefNew
Desired survivor size 32768 bytes, new threshold 15 (max 15)
- age   1:        248 bytes,        248 total
- age   7:         16 bytes,        264 total
- age  13:         16 bytes,        280 total
: 875K->0K(960K), 0.0006066 secs] 6541K->5738K(10176K), 0.0009921 secs] [Times: user=0.00 sys=0.00, real=0.00 secs] 
2019-01-02T11:13:26.653+0530: 874.554: [GC (Allocation Failure) 2019-01-02T11:13:26.653+0530: 874.554: [DefNew
Desired survivor size 32768 bytes, new threshold 15 (max 15)
- age   2:        184 bytes,        184 total
- age   8:         16 bytes,        200 total
- age  14:         16 bytes,        216 total
: 896K->0K(960K), 0.0003296 secs] 6634K->6026K(10176K), 0.0004025 secs] [Times: user=0.00 sys=0.00, real=0.00 secs] 
2019-01-02T11:13:26.655+0530: 874.556: [GC (Allocation Failure) 2019-01-02T11:13:26.655+0530: 874.556: [DefNew
Desired survivor size 32768 bytes, new threshold 15 (max 15)
- age   3:        184 bytes,        184 total
- age   9:         16 bytes,        200 total
- age  15:         16 bytes,        216 total
: 896K->0K(960K), 0.0003495 secs] 6922K->6602K(10176K), 0.0004134 secs] [Times: user=0.00 sys=0.00, real=0.00 secs] 
2019-01-02T11:13:26.657+0530: 874.558: [GC (Allocation Failure) 2019-01-02T11:13:26.657+0530: 874.558: [DefNew
Desired survivor size 32768 bytes, new threshold 15 (max 15)
- age   1:         24 bytes,         24 total
- age   4:        184 bytes,        208 total
- age  10:         16 bytes,        224 total
: 479K->0K(960K), 0.0003164 secs] 7082K->6602K(10176K), 0.0004077 secs] [Times: user=0.01 sys=0.00, real=0.00 secs] 
2019-01-02T11:13:26.658+0530: 874.558: [GC (Allocation Failure) 2019-01-02T11:13:26.658+0530: 874.558: [DefNew
Desired survivor size 32768 bytes, new threshold 15 (max 15)
- age   2:         24 bytes,         24 total
- age   5:        184 bytes,        208 total
- age  11:         16 bytes,        224 total
: 504K->0K(960K), 0.0003113 secs] 7106K->7106K(10176K), 0.0003632 secs] [Times: user=0.00 sys=0.00, real=0.00 secs] 
2019-01-02T11:13:26.658+0530: 874.559: [GC (Allocation Failure) 2019-01-02T11:13:26.658+0530: 874.559: [DefNew
Desired survivor size 32768 bytes, new threshold 15 (max 15)
- age   1:         24 bytes,         24 total
- age   6:         72 bytes,         96 total
- age  12:         16 bytes,        112 total
: 522K->0K(960K), 0.0003159 secs] 7628K->7610K(10176K), 0.0003746 secs] [Times: user=0.00 sys=0.00, real=0.00 secs] 
2019-01-02T11:13:26.733+0530: 874.634: [GC (Allocation Failure) 2019-01-02T11:13:26.733+0530: 874.634: [DefNew
Desired survivor size 32768 bytes, new threshold 15 (max 15)
- age   1:        248 bytes,        248 total
- age   7:         16 bytes,        264 total
- age  13:         16 bytes,        280 total
: 875K->0K(960K), 0.0006602 secs] 8486K->7683K(10176K), 0.0008478 secs] [Times: user=0.00 sys=0.00, real=0.00 secs] 
2019-01-02T11:13:26.736+0530: 874.637: [GC (Allocation Failure) 2019-01-02T11:13:26.736+0530: 874.637: [DefNew
Desired survivor size 32768 bytes, new threshold 15 (max 15)
- age   2:        184 bytes,        184 total
- age   8:         16 bytes,        200 total
- age  14:         16 bytes,        216 total
: 896K->0K(960K), 0.0004042 secs] 8579K->7971K(10176K), 0.0005086 secs] [Times: user=0.00 sys=0.00, real=0.00 secs] 
2019-01-02T11:13:26.738+0530: 874.639: [GC (Allocation Failure) 2019-01-02T11:13:26.738+0530: 874.639: [DefNew
Desired survivor size 32768 bytes, new threshold 15 (max 15)
- age   3:        184 bytes,        184 total
- age   9:         16 bytes,        200 total
- age  15:         16 bytes,        216 total
: 896K->0K(960K), 0.0004350 secs] 8867K->8547K(10176K), 0.0005268 secs] [Times: user=0.00 sys=0.00, real=0.00 secs] 
2019-01-02T11:13:26.740+0530: 874.641: [GC (Allocation Failure) 2019-01-02T11:13:26.740+0530: 874.641: [DefNew
Desired survivor size 32768 bytes, new threshold 15 (max 15)
- age   1:         24 bytes,         24 total
- age   4:        184 bytes,        208 total
- age  10:         16 bytes,        224 total
: 479K->0K(960K), 0.0002543 secs] 9026K->8547K(10176K), 0.0003193 secs] [Times: user=0.00 sys=0.00, real=0.00 secs] 
2019-01-02T11:13:26.740+0530: 874.641: [GC (Allocation Failure) 2019-01-02T11:13:26.740+0530: 874.641: [DefNew
Desired survivor size 32768 bytes, new threshold 15 (max 15)
- age   2:         24 bytes,         24 total
- age   5:        184 bytes,        208 total
- age  11:         16 bytes,        224 total
: 504K->0K(960K), 0.0003598 secs] 9051K->9051K(10176K), 0.0004213 secs] [Times: user=0.00 sys=0.00, real=0.00 secs] 
2019-01-02T11:13:26.741+0530: 874.642: [GC (Allocation Failure) 2019-01-02T11:13:26.741+0530: 874.642: [DefNew: 522K->522K(960K), 0.0000268 secs]2019-01-02T11:13:26.741+0530: 874.642: [Tenured: 9051K->1272K(9216K), 0.0050020 secs] 9573K->1272K(10176K), [Metaspace: 2520K->2520K(1056768K)], 0.0051617 secs] [Times: user=0.00 sys=0.00, real=0.01 secs] 
2019-01-02T11:13:26.816+0530: 874.717: [GC (Allocation Failure) 2019-01-02T11:13:26.816+0530: 874.717: [DefNew
Desired survivor size 32768 bytes, new threshold 15 (max 15)
- age   1:        248 bytes,        248 total
: 875K->0K(960K), 0.0010354 secs] 2147K->1849K(10176K), 0.0014545 secs] [Times: user=0.00 sys=0.00, real=0.00 secs] 
2019-01-02T11:13:26.819+0530: 874.720: [GC (Allocation Failure) 2019-01-02T11:13:26.820+0530: 874.721: [DefNew
Desired survivor size 32768 bytes, new threshold 15 (max 15)
- age   2:        184 bytes,        184 total
: 896K->0K(960K), 0.0013849 secs] 2745K->2137K(10176K), 0.0017253 secs] [Times: user=0.00 sys=0.00, real=0.00 secs] 
2019-01-02T11:13:26.823+0530: 874.724: [GC (Allocation Failure) 2019-01-02T11:13:26.823+0530: 874.724: [DefNew
Desired survivor size 32768 bytes, new threshold 15 (max 15)
- age   3:        184 bytes,        184 total
: 896K->0K(960K), 0.0006260 secs] 3033K->2713K(10176K), 0.0007669 secs] [Times: user=0.00 sys=0.00, real=0.00 secs] 
2019-01-02T11:13:26.825+0530: 874.726: [GC (Allocation Failure) 2019-01-02T11:13:26.826+0530: 874.726: [DefNew
Desired survivor size 32768 bytes, new threshold 15 (max 15)
- age   1:         24 bytes,         24 total
- age   4:        184 bytes,        208 total
: 479K->0K(960K), 0.0003649 secs] 3192K->2713K(10176K), 0.0004892 secs] [Times: user=0.00 sys=0.00, real=0.00 secs] 
2019-01-02T11:13:26.826+0530: 874.727: [GC (Allocation Failure) 2019-01-02T11:13:26.826+0530: 874.727: [DefNew
Desired survivor size 32768 bytes, new threshold 15 (max 15)
- age   2:         24 bytes,         24 total
- age   5:        184 bytes,        208 total
: 504K->0K(960K), 0.0004732 secs] 3217K->3217K(10176K), 0.0005633 secs] [Times: user=0.00 sys=0.00, real=0.00 secs] 
2019-01-02T11:13:26.827+0530: 874.728: [GC (Allocation Failure) 2019-01-02T11:13:26.827+0530: 874.728: [DefNew
Desired survivor size 32768 bytes, new threshold 15 (max 15)
- age   1:         24 bytes,         24 total
- age   6:         72 bytes,         96 total
: 522K->0K(960K), 0.0004042 secs] 3739K->3721K(10176K), 0.0004732 secs] [Times: user=0.00 sys=0.00, real=0.00 secs] 
2019-01-02T11:13:26.889+0530: 874.790: [GC (Allocation Failure) 2019-01-02T11:13:26.890+0530: 874.791: [DefNew
Desired survivor size 32768 bytes, new threshold 15 (max 15)
- age   1:        248 bytes,        248 total
- age   7:         16 bytes,        264 total
: 875K->0K(960K), 0.0016877 secs] 4597K->3793K(10176K), 0.0019072 secs] [Times: user=0.01 sys=0.00, real=0.00 secs] 
2019-01-02T11:13:26.893+0530: 874.794: [GC (Allocation Failure) 2019-01-02T11:13:26.893+0530: 874.794: [DefNew
Desired survivor size 32768 bytes, new threshold 15 (max 15)
- age   2:        184 bytes,        184 total
- age   8:         16 bytes,        200 total
: 896K->0K(960K), 0.0014111 secs] 4689K->4081K(10176K), 0.0016329 secs] [Times: user=0.00 sys=0.00, real=0.00 secs] 
2019-01-02T11:13:26.896+0530: 874.797: [GC (Allocation Failure) 2019-01-02T11:13:26.896+0530: 874.797: [DefNew
Desired survivor size 32768 bytes, new threshold 15 (max 15)
- age   3:        184 bytes,        184 total
- age   9:         16 bytes,        200 total
: 896K->0K(960K), 0.0004447 secs] 4977K->4657K(10176K), 0.0005331 secs] [Times: user=0.00 sys=0.00, real=0.00 secs] 
2019-01-02T11:13:26.898+0530: 874.799: [GC (Allocation Failure) 2019-01-02T11:13:26.898+0530: 874.799: [DefNew
Desired survivor size 32768 bytes, new threshold 15 (max 15)
- age   1:         24 bytes,         24 total
- age   4:        184 bytes,        208 total
- age  10:         16 bytes,        224 total
: 479K->0K(960K), 0.0006500 secs] 5137K->4657K(10176K), 0.0008512 secs] [Times: user=0.00 sys=0.00, real=0.00 secs] 
2019-01-02T11:13:26.899+0530: 874.800: [GC (Allocation Failure) 2019-01-02T11:13:26.899+0530: 874.800: [DefNew
Desired survivor size 32768 bytes, new threshold 15 (max 15)
- age   2:         24 bytes,         24 total
- age   5:        184 bytes,        208 total
- age  11:         16 bytes,        224 total
: 504K->0K(960K), 0.0010759 secs] 5162K->5162K(10176K), 0.0011643 secs] [Times: user=0.00 sys=0.00, real=0.00 secs] 
2019-01-02T11:13:26.901+0530: 874.802: [GC (Allocation Failure) 2019-01-02T11:13:26.901+0530: 874.802: [DefNew
Desired survivor size 32768 bytes, new threshold 15 (max 15)
- age   1:         24 bytes,         24 total
- age   6:         72 bytes,         96 total
- age  12:         16 bytes,        112 total
: 522K->0K(960K), 0.0003478 secs] 5684K->5666K(10176K), 0.0004071 secs] [Times: user=0.00 sys=0.00, real=0.00 secs] 
2019-01-02T11:13:26.966+0530: 874.867: [GC (Allocation Failure) 2019-01-02T11:13:26.966+0530: 874.867: [DefNew
Desired survivor size 32768 bytes, new threshold 15 (max 15)
- age   1:        248 bytes,        248 total
- age   7:         16 bytes,        264 total
- age  13:         16 bytes,        280 total
: 875K->0K(960K), 0.0007081 secs] 6542K->5738K(10176K), 0.0010491 secs] [Times: user=0.00 sys=0.00, real=0.00 secs] 
2019-01-02T11:13:26.968+0530: 874.869: [GC (Allocation Failure) 2019-01-02T11:13:26.968+0530: 874.869: [DefNew
Desired survivor size 32768 bytes, new threshold 15 (max 15)
- age   2:        184 bytes,        184 total
- age   8:         16 bytes,        200 total
- age  14:         16 bytes,        216 total
: 896K->0K(960K), 0.0010132 secs] 6634K->6026K(10176K), 0.0012943 secs] [Times: user=0.02 sys=0.00, real=0.00 secs] 
2019-01-02T11:13:26.971+0530: 874.872: [GC (Allocation Failure) 2019-01-02T11:13:26.971+0530: 874.872: [DefNew
Desired survivor size 32768 bytes, new threshold 15 (max 15)
- age   3:        184 bytes,        184 total
- age   9:         16 bytes,        200 total
- age  15:         16 bytes,        216 total
: 896K->0K(960K), 0.0004481 secs] 6922K->6602K(10176K), 0.0005365 secs] [Times: user=0.00 sys=0.00, real=0.00 secs] 
2019-01-02T11:13:26.972+0530: 874.873: [GC (Allocation Failure) 2019-01-02T11:13:26.972+0530: 874.873: [DefNew
Desired survivor size 32768 bytes, new threshold 15 (max 15)
- age   1:         24 bytes,         24 total
- age   4:        184 bytes,        208 total
- age  10:         16 bytes,        224 total
: 479K->0K(960K), 0.0004156 secs] 7082K->6602K(10176K), 0.0005337 secs] [Times: user=0.00 sys=0.00, real=0.00 secs] 
2019-01-02T11:13:26.973+0530: 874.874: [GC (Allocation Failure) 2019-01-02T11:13:26.973+0530: 874.874: [DefNew
Desired survivor size 32768 bytes, new threshold 15 (max 15)
- age   2:         24 bytes,         24 total
- age   5:        184 bytes,        208 total
- age  11:         16 bytes,        224 total
: 504K->0K(960K), 0.0004134 secs] 7107K->7107K(10176K), 0.0004801 secs] [Times: user=0.00 sys=0.00, real=0.00 secs] 
2019-01-02T11:13:26.974+0530: 874.875: [GC (Allocation Failure) 2019-01-02T11:13:26.974+0530: 874.875: [DefNew
Desired survivor size 32768 bytes, new threshold 15 (max 15)
- age   1:         24 bytes,         24 total
- age   6:         72 bytes,         96 total
- age  12:         16 bytes,        112 total
: 522K->0K(960K), 0.0004812 secs] 7629K->7611K(10176K), 0.0005850 secs] [Times: user=0.00 sys=0.00, real=0.00 secs] 
2019-01-02T11:13:27.054+0530: 874.955: [GC (Allocation Failure) 2019-01-02T11:13:27.054+0530: 874.955: [DefNew
Desired survivor size 32768 bytes, new threshold 15 (max 15)
- age   1:        248 bytes,        248 total
- age   7:         16 bytes,        264 total
- age  13:         16 bytes,        280 total
: 875K->0K(960K), 0.0007463 secs] 8487K->7683K(10176K), 0.0009282 secs] [Times: user=0.00 sys=0.00, real=0.00 secs] 
2019-01-02T11:13:27.057+0530: 874.958: [GC (Allocation Failure) 2019-01-02T11:13:27.057+0530: 874.958: [DefNew
Desired survivor size 32768 bytes, new threshold 15 (max 15)
- age   2:        184 bytes,        184 total
- age   8:         16 bytes,        200 total
- age  14:         16 bytes,        216 total
: 896K->0K(960K), 0.0003181 secs] 8579K->7971K(10176K), 0.0003860 secs] [Times: user=0.00 sys=0.00, real=0.00 secs] 
2019-01-02T11:13:27.059+0530: 874.960: [GC (Allocation Failure) 2019-01-02T11:13:27.059+0530: 874.960: [DefNew
Desired survivor size 32768 bytes, new threshold 15 (max 15)
- age   3:        184 bytes,        184 total
- age   9:         16 bytes,        200 total
- age  15:         16 bytes,        216 total
: 896K->0K(960K), 0.0003472 secs] 8867K->8547K(10176K), 0.0004111 secs] [Times: user=0.00 sys=0.00, real=0.00 secs] 
2019-01-02T11:13:27.061+0530: 874.962: [GC (Allocation Failure) 2019-01-02T11:13:27.061+0530: 874.962: [DefNew
Desired survivor size 32768 bytes, new threshold 15 (max 15)
- age   1:         24 bytes,         24 total
- age   4:        184 bytes,        208 total
- age  10:         16 bytes,        224 total
: 479K->0K(960K), 0.0003563 secs] 9027K->8547K(10176K), 0.0004767 secs] [Times: user=0.00 sys=0.00, real=0.00 secs] 
2019-01-02T11:13:27.062+0530: 874.963: [GC (Allocation Failure) 2019-01-02T11:13:27.062+0530: 874.963: [DefNew
Desired survivor size 32768 bytes, new threshold 15 (max 15)
- age   2:         24 bytes,         24 total
- age   5:        184 bytes,        208 total
- age  11:         16 bytes,        224 total
: 504K->0K(960K), 0.0004442 secs] 9052K->9052K(10176K), 0.0005348 secs] [Times: user=0.00 sys=0.00, real=0.00 secs] 
2019-01-02T11:13:27.063+0530: 874.964: [GC (Allocation Failure) 2019-01-02T11:13:27.063+0530: 874.964: [DefNew: 522K->522K(960K), 0.0000889 secs]2019-01-02T11:13:27.063+0530: 874.964: [Tenured: 9052K->1272K(9216K), 0.0073727 secs] 9574K->1272K(10176K), [Metaspace: 2520K->2520K(1056768K)], 0.0076772 secs] [Times: user=0.00 sys=0.00, real=0.01 secs] 
2019-01-02T11:13:27.130+0530: 875.031: [GC (Allocation Failure) 2019-01-02T11:13:27.130+0530: 875.031: [DefNew
Desired survivor size 32768 bytes, new threshold 15 (max 15)
- age   1:        248 bytes,        248 total
: 875K->0K(960K), 0.0013045 secs] 2148K->1849K(10176K), 0.0019237 secs] [Times: user=0.00 sys=0.00, real=0.00 secs] 
2019-01-02T11:13:27.134+0530: 875.035: [GC (Allocation Failure) 2019-01-02T11:13:27.134+0530: 875.035: [DefNew
Desired survivor size 32768 bytes, new threshold 15 (max 15)
- age   2:        184 bytes,        184 total
: 896K->0K(960K), 0.0012104 secs] 2745K->2137K(10176K), 0.0015371 secs] [Times: user=0.00 sys=0.00, real=0.00 secs] 
2019-01-02T11:13:27.138+0530: 875.039: [GC (Allocation Failure) 2019-01-02T11:13:27.138+0530: 875.039: [DefNew
Desired survivor size 32768 bytes, new threshold 15 (max 15)
- age   3:        184 bytes,        184 total
: 896K->0K(960K), 0.0011078 secs] 3033K->2713K(10176K), 0.0012977 secs] [Times: user=0.00 sys=0.00, real=0.00 secs] 
2019-01-02T11:13:27.140+0530: 875.041: [GC (Allocation Failure) 2019-01-02T11:13:27.141+0530: 875.042: [DefNew
Desired survivor size 32768 bytes, new threshold 15 (max 15)
- age   1:         24 bytes,         24 total
- age   4:        184 bytes,        208 total
: 479K->0K(960K), 0.0003301 secs] 3193K->2713K(10176K), 0.0004328 secs] [Times: user=0.00 sys=0.02, real=0.00 secs] 
2019-01-02T11:13:27.141+0530: 875.042: [GC (Allocation Failure) 2019-01-02T11:13:27.141+0530: 875.042: [DefNew
Desired survivor size 32768 bytes, new threshold 15 (max 15)
- age   2:         24 bytes,         24 total
- age   5:        184 bytes,        208 total
: 504K->0K(960K), 0.0004208 secs] 3217K->3217K(10176K), 0.0005035 secs] [Times: user=0.00 sys=0.00, real=0.00 secs] 
2019-01-02T11:13:27.142+0530: 875.043: [GC (Allocation Failure) 2019-01-02T11:13:27.142+0530: 875.043: [DefNew
Desired survivor size 32768 bytes, new threshold 15 (max 15)
- age   1:         24 bytes,         24 total
- age   6:         72 bytes,         96 total
: 522K->0K(960K), 0.0004259 secs] 3739K->3722K(10176K), 0.0005149 secs] [Times: user=0.00 sys=0.00, real=0.00 secs] 
2019-01-02T11:13:27.210+0530: 875.111: [GC (Allocation Failure) 2019-01-02T11:13:27.210+0530: 875.111: [DefNew
Desired survivor size 32768 bytes, new threshold 15 (max 15)
- age   1:        248 bytes,        248 total
- age   7:         16 bytes,        264 total
: 875K->0K(960K), 0.0011546 secs] 4597K->3794K(10176K), 0.0016044 secs] [Times: user=0.00 sys=0.00, real=0.00 secs] 
2019-01-02T11:13:27.214+0530: 875.115: [GC (Allocation Failure) 2019-01-02T11:13:27.214+0530: 875.115: [DefNew
Desired survivor size 32768 bytes, new threshold 15 (max 15)
- age   2:        184 bytes,        184 total
- age   8:         16 bytes,        200 total
: 896K->0K(960K), 0.0015383 secs] 4690K->4082K(10176K), 0.0017675 secs] [Times: user=0.00 sys=0.00, real=0.00 secs] 
2019-01-02T11:13:27.217+0530: 875.118: [GC (Allocation Failure) 2019-01-02T11:13:27.217+0530: 875.118: [DefNew
Desired survivor size 32768 bytes, new threshold 15 (max 15)
- age   3:        184 bytes,        184 total
- age   9:         16 bytes,        200 total
: 896K->0K(960K), 0.0011420 secs] 4978K->4658K(10176K), 0.0013028 secs] [Times: user=0.00 sys=0.00, real=0.00 secs] 
2019-01-02T11:13:27.220+0530: 875.121: [GC (Allocation Failure) 2019-01-02T11:13:27.220+0530: 875.121: [DefNew
Desired survivor size 32768 bytes, new threshold 15 (max 15)
- age   1:         24 bytes,         24 total
- age   4:        184 bytes,        208 total
- age  10:         16 bytes,        224 total
: 479K->0K(960K), 0.0002982 secs] 5138K->4658K(10176K), 0.0003826 secs] [Times: user=0.00 sys=0.00, real=0.00 secs] 
2019-01-02T11:13:27.220+0530: 875.121: [GC (Allocation Failure) 2019-01-02T11:13:27.220+0530: 875.121: [DefNew
Desired survivor size 32768 bytes, new threshold 15 (max 15)
- age   2:         24 bytes,         24 total
- age   5:        184 bytes,        208 total
- age  11:         16 bytes,        224 total
: 504K->0K(960K), 0.0003256 secs] 5162K->5162K(10176K), 0.0003854 secs] [Times: user=0.00 sys=0.00, real=0.00 secs] 
2019-01-02T11:13:27.221+0530: 875.122: [GC (Allocation Failure) 2019-01-02T11:13:27.221+0530: 875.122: [DefNew
Desired survivor size 32768 bytes, new threshold 15 (max 15)
- age   1:         24 bytes,         24 total
- age   6:         72 bytes,         96 total
- age  12:         16 bytes,        112 total
: 522K->0K(960K), 0.0003854 secs] 5684K->5667K(10176K), 0.0004670 secs] [Times: user=0.00 sys=0.00, real=0.00 secs] 
2019-01-02T11:13:27.276+0530: 875.177: [GC (Allocation Failure) 2019-01-02T11:13:27.277+0530: 875.178: [DefNew
Desired survivor size 32768 bytes, new threshold 15 (max 15)
- age   1:        248 bytes,        248 total
- age   7:         16 bytes,        264 total
- age  13:         16 bytes,        280 total
: 875K->0K(960K), 0.0010183 secs] 6542K->5739K(10176K), 0.0013416 secs] [Times: user=0.00 sys=0.00, real=0.00 secs] 
2019-01-02T11:13:27.279+0530: 875.180: [GC (Allocation Failure) 2019-01-02T11:13:27.280+0530: 875.181: [DefNew
Desired survivor size 32768 bytes, new threshold 15 (max 15)
- age   2:        184 bytes,        184 total
- age   8:         16 bytes,        200 total
- age  14:         16 bytes,        216 total
: 896K->0K(960K), 0.0008849 secs] 6635K->6027K(10176K), 0.0010525 secs] [Times: user=0.00 sys=0.00, real=0.00 secs] 
2019-01-02T11:13:27.283+0530: 875.184: [GC (Allocation Failure) 2019-01-02T11:13:27.283+0530: 875.184: [DefNew
Desired survivor size 32768 bytes, new threshold 15 (max 15)
- age   3:        184 bytes,        184 total
- age   9:         16 bytes,        200 total
- age  15:         16 bytes,        216 total
: 896K->0K(960K), 0.0014300 secs] 6923K->6603K(10176K), 0.0018410 secs] [Times: user=0.00 sys=0.00, real=0.00 secs] 
2019-01-02T11:13:27.286+0530: 875.187: [GC (Allocation Failure) 2019-01-02T11:13:27.286+0530: 875.187: [DefNew
Desired survivor size 32768 bytes, new threshold 15 (max 15)
- age   1:         24 bytes,         24 total
- age   4:        184 bytes,        208 total
- age  10:         16 bytes,        224 total
: 479K->0K(960K), 0.0005228 secs] 7083K->6603K(10176K), 0.0006466 secs] [Times: user=0.00 sys=0.00, real=0.00 secs] 
2019-01-02T11:13:27.287+0530: 875.188: [GC (Allocation Failure) 2019-01-02T11:13:27.287+0530: 875.188: [DefNew
Desired survivor size 32768 bytes, new threshold 15 (max 15)
- age   2:         24 bytes,         24 total
- age   5:        184 bytes,        208 total
- age  11:         16 bytes,        224 total
: 504K->0K(960K), 0.0010685 secs] 7107K->7107K(10176K), 0.0011814 secs] [Times: user=0.00 sys=0.00, real=0.00 secs] 
2019-01-02T11:13:27.289+0530: 875.190: [GC (Allocation Failure) 2019-01-02T11:13:27.289+0530: 875.190: [DefNew
Desired survivor size 32768 bytes, new threshold 15 (max 15)
- age   1:         24 bytes,         24 total
- age   6:         72 bytes,         96 total
- age  12:         16 bytes,        112 total
: 522K->0K(960K), 0.0009693 secs] 7630K->7612K(10176K), 0.0010508 secs] [Times: user=0.00 sys=0.00, real=0.00 secs] 
2019-01-02T11:13:27.352+0530: 875.253: [GC (Allocation Failure) 2019-01-02T11:13:27.352+0530: 875.253: [DefNew
Desired survivor size 32768 bytes, new threshold 15 (max 15)
- age   1:        248 bytes,        248 total
- age   7:         16 bytes,        264 total
- age  13:         16 bytes,        280 total
: 875K->0K(960K), 0.0006734 secs] 8488K->7684K(10176K), 0.0008416 secs] [Times: user=0.00 sys=0.00, real=0.00 secs] 
2019-01-02T11:13:27.354+0530: 875.256: [GC (Allocation Failure) 2019-01-02T11:13:27.355+0530: 875.256: [DefNew
Desired survivor size 32768 bytes, new threshold 15 (max 15)
- age   2:        184 bytes,        184 total
- age   8:         16 bytes,        200 total
- age  14:         16 bytes,        216 total
: 896K->0K(960K), 0.0008689 secs] 8580K->7972K(10176K), 0.0010998 secs] [Times: user=0.00 sys=0.00, real=0.00 secs] 
2019-01-02T11:13:27.357+0530: 875.258: [GC (Allocation Failure) 2019-01-02T11:13:27.357+0530: 875.258: [DefNew
Desired survivor size 32768 bytes, new threshold 15 (max 15)
- age   3:        184 bytes,        184 total
- age   9:         16 bytes,        200 total
- age  15:         16 bytes,        216 total
: 896K->0K(960K), 0.0009105 secs] 8868K->8548K(10176K), 0.0011050 secs] [Times: user=0.00 sys=0.00, real=0.00 secs] 
2019-01-02T11:13:27.360+0530: 875.261: [GC (Allocation Failure) 2019-01-02T11:13:27.360+0530: 875.261: [DefNew
Desired survivor size 32768 bytes, new threshold 15 (max 15)
- age   1:         24 bytes,         24 total
- age   4:        184 bytes,        208 total
- age  10:         16 bytes,        224 total
: 479K->0K(960K), 0.0002657 secs] 9028K->8548K(10176K), 0.0003239 secs] [Times: user=0.00 sys=0.00, real=0.00 secs] 
2019-01-02T11:13:27.360+0530: 875.261: [GC (Allocation Failure) 2019-01-02T11:13:27.360+0530: 875.261: [DefNew
Desired survivor size 32768 bytes, new threshold 15 (max 15)
- age   2:         24 bytes,         24 total
- age   5:        184 bytes,        208 total
- age  11:         16 bytes,        224 total
: 504K->0K(960K), 0.0003244 secs] 9053K->9053K(10176K), 0.0003877 secs] [Times: user=0.00 sys=0.00, real=0.00 secs] 
2019-01-02T11:13:27.361+0530: 875.262: [GC (Allocation Failure) 2019-01-02T11:13:27.361+0530: 875.262: [DefNew: 522K->522K(960K), 0.0000251 secs]2019-01-02T11:13:27.361+0530: 875.262: [Tenured: 9052K->1272K(9216K), 0.0043657 secs] 9575K->1272K(10176K), [Metaspace: 2520K->2520K(1056768K)], 0.0046844 secs] [Times: user=0.00 sys=0.00, real=0.00 secs] 
2019-01-02T11:13:27.423+0530: 875.324: [GC (Allocation Failure) 2019-01-02T11:13:27.423+0530: 875.324: [DefNew
Desired survivor size 32768 bytes, new threshold 15 (max 15)
- age   1:        248 bytes,        248 total
: 875K->0K(960K), 0.0011090 secs] 2148K->1849K(10176K), 0.0015446 secs] [Times: user=0.00 sys=0.00, real=0.00 secs] 
2019-01-02T11:13:27.426+0530: 875.327: [GC (Allocation Failure) 2019-01-02T11:13:27.427+0530: 875.328: [DefNew
Desired survivor size 32768 bytes, new threshold 15 (max 15)
- age   2:        184 bytes,        184 total
: 896K->0K(960K), 0.0007965 secs] 2745K->2137K(10176K), 0.0010143 secs] [Times: user=0.00 sys=0.00, real=0.00 secs] 
2019-01-02T11:13:27.429+0530: 875.330: [GC (Allocation Failure) 2019-01-02T11:13:27.429+0530: 875.330: [DefNew
Desired survivor size 32768 bytes, new threshold 15 (max 15)
- age   3:        184 bytes,        184 total
: 896K->0K(960K), 0.0010006 secs] 3033K->2713K(10176K), 0.0011603 secs] [Times: user=0.00 sys=0.00, real=0.00 secs] 
2019-01-02T11:13:27.431+0530: 875.332: [GC (Allocation Failure) 2019-01-02T11:13:27.431+0530: 875.332: [DefNew
Desired survivor size 32768 bytes, new threshold 15 (max 15)
- age   1:         24 bytes,         24 total
- age   4:        184 bytes,        208 total
: 479K->0K(960K), 0.0002628 secs] 3193K->2713K(10176K), 0.0003506 secs] [Times: user=0.00 sys=0.00, real=0.00 secs] 
2019-01-02T11:13:27.433+0530: 875.334: [GC (Allocation Failure) 2019-01-02T11:13:27.433+0530: 875.334: [DefNew
Desired survivor size 32768 bytes, new threshold 15 (max 15)
- age   2:         24 bytes,         24 total
- age   5:        184 bytes,        208 total
: 504K->0K(960K), 0.0010907 secs] 3218K->3218K(10176K), 0.0013747 secs] [Times: user=0.00 sys=0.00, real=0.00 secs] 
2019-01-02T11:13:27.435+0530: 875.336: [GC (Allocation Failure) 2019-01-02T11:13:27.435+0530: 875.336: [DefNew
Desired survivor size 32768 bytes, new threshold 15 (max 15)
- age   1:         24 bytes,         24 total
- age   6:         72 bytes,         96 total
: 522K->0K(960K), 0.0007195 secs] 3740K->3722K(10176K), 0.0008986 secs] [Times: user=0.00 sys=0.00, real=0.00 secs] 
2019-01-02T11:13:27.496+0530: 875.397: [GC (Allocation Failure) 2019-01-02T11:13:27.496+0530: 875.397: [DefNew
Desired survivor size 32768 bytes, new threshold 15 (max 15)
- age   1:        248 bytes,        248 total
- age   7:         16 bytes,        264 total
: 875K->0K(960K), 0.0007606 secs] 4598K->3794K(10176K), 0.0010862 secs] [Times: user=0.00 sys=0.00, real=0.00 secs] 
2019-01-02T11:13:27.499+0530: 875.401: [GC (Allocation Failure) 2019-01-02T11:13:27.500+0530: 875.401: [DefNew
Desired survivor size 32768 bytes, new threshold 15 (max 15)
- age   2:        184 bytes,        184 total
- age   8:         16 bytes,        200 total
: 896K->0K(960K), 0.0009938 secs] 4690K->4082K(10176K), 0.0013821 secs] [Times: user=0.00 sys=0.00, real=0.00 secs] 
2019-01-02T11:13:27.502+0530: 875.403: [GC (Allocation Failure) 2019-01-02T11:13:27.502+0530: 875.403: [DefNew
Desired survivor size 32768 bytes, new threshold 15 (max 15)
- age   3:        184 bytes,        184 total
- age   9:         16 bytes,        200 total
: 896K->0K(960K), 0.0011352 secs] 4978K->4658K(10176K), 0.0013045 secs] [Times: user=0.00 sys=0.00, real=0.00 secs] 
2019-01-02T11:13:27.505+0530: 875.406: [GC (Allocation Failure) 2019-01-02T11:13:27.506+0530: 875.407: [DefNew
Desired survivor size 32768 bytes, new threshold 15 (max 15)
- age   1:         24 bytes,         24 total
- age   4:        184 bytes,        208 total
- age  10:         16 bytes,        224 total
: 479K->0K(960K), 0.0004584 secs] 5138K->4658K(10176K), 0.0006477 secs] [Times: user=0.00 sys=0.00, real=0.00 secs] 
2019-01-02T11:13:27.506+0530: 875.407: [GC (Allocation Failure) 2019-01-02T11:13:27.506+0530: 875.408: [DefNew
Desired survivor size 32768 bytes, new threshold 15 (max 15)
- age   2:         24 bytes,         24 total
- age   5:        184 bytes,        208 total
- age  11:         16 bytes,        224 total
: 504K->0K(960K), 0.0004430 secs] 5163K->5163K(10176K), 0.0005188 secs] [Times: user=0.00 sys=0.00, real=0.00 secs] 
2019-01-02T11:13:27.507+0530: 875.408: [GC (Allocation Failure) 2019-01-02T11:13:27.507+0530: 875.408: [DefNew
Desired survivor size 32768 bytes, new threshold 15 (max 15)
- age   1:         24 bytes,         24 total
- age   6:         72 bytes,         96 total
- age  12:         16 bytes,        112 total
: 522K->0K(960K), 0.0004054 secs] 5685K->5667K(10176K), 0.0004920 secs] [Times: user=0.00 sys=0.00, real=0.00 secs] 
2019-01-02T11:13:27.567+0530: 875.468: [GC (Allocation Failure) 2019-01-02T11:13:27.567+0530: 875.468: [DefNew
Desired survivor size 32768 bytes, new threshold 15 (max 15)
- age   1:        248 bytes,        248 total
- age   7:         16 bytes,        264 total
- age  13:         16 bytes,        280 total
: 875K->0K(960K), 0.0011209 secs] 6543K->5740K(10176K), 0.0014060 secs] [Times: user=0.00 sys=0.00, real=0.00 secs] 
2019-01-02T11:13:27.570+0530: 875.471: [GC (Allocation Failure) 2019-01-02T11:13:27.570+0530: 875.471: [DefNew
Desired survivor size 32768 bytes, new threshold 15 (max 15)
- age   2:        184 bytes,        184 total
- age   8:         16 bytes,        200 total
- age  14:         16 bytes,        216 total
: 896K->0K(960K), 0.0005599 secs] 6636K->6027K(10176K), 0.0007292 secs] [Times: user=0.00 sys=0.00, real=0.00 secs] 
2019-01-02T11:13:27.572+0530: 875.473: [GC (Allocation Failure) 2019-01-02T11:13:27.572+0530: 875.473: [DefNew
Desired survivor size 32768 bytes, new threshold 15 (max 15)
- age   3:        184 bytes,        184 total
- age   9:         16 bytes,        200 total
- age  15:         16 bytes,        216 total
: 896K->0K(960K), 0.0015497 secs] 6923K->6603K(10176K), 0.0018017 secs] [Times: user=0.00 sys=0.00, real=0.00 secs] 
2019-01-02T11:13:27.575+0530: 875.476: [GC (Allocation Failure) 2019-01-02T11:13:27.575+0530: 875.476: [DefNew
Desired survivor size 32768 bytes, new threshold 15 (max 15)
- age   1:         24 bytes,         24 total
- age   4:        184 bytes,        208 total
- age  10:         16 bytes,        224 total
: 479K->0K(960K), 0.0002714 secs] 7083K->6604K(10176K), 0.0003546 secs] [Times: user=0.00 sys=0.00, real=0.00 secs] 
2019-01-02T11:13:27.576+0530: 875.477: [GC (Allocation Failure) 2019-01-02T11:13:27.576+0530: 875.477: [DefNew
Desired survivor size 32768 bytes, new threshold 15 (max 15)
- age   2:         24 bytes,         24 total
- age   5:        184 bytes,        208 total
- age  11:         16 bytes,        224 total
: 504K->0K(960K), 0.0003056 secs] 7108K->7108K(10176K), 0.0003655 secs] [Times: user=0.00 sys=0.00, real=0.00 secs] 
2019-01-02T11:13:27.577+0530: 875.478: [GC (Allocation Failure) 2019-01-02T11:13:27.577+0530: 875.478: [DefNew
Desired survivor size 32768 bytes, new threshold 15 (max 15)
- age   1:         24 bytes,         24 total
- age   6:         72 bytes,         96 total
- age  12:         16 bytes,        112 total
: 522K->0K(960K), 0.0002999 secs] 7630K->7613K(10176K), 0.0003512 secs] [Times: user=0.02 sys=0.00, real=0.00 secs] 
2019-01-02T11:13:27.637+0530: 875.538: [GC (Allocation Failure) 2019-01-02T11:13:27.637+0530: 875.538: [DefNew
Desired survivor size 32768 bytes, new threshold 15 (max 15)
- age   1:        248 bytes,        248 total
- age   7:         16 bytes,        264 total
- age  13:         16 bytes,        280 total
: 875K->0K(960K), 0.0006591 secs] 8488K->7685K(10176K), 0.0010725 secs] [Times: user=0.00 sys=0.00, real=0.00 secs] 
2019-01-02T11:13:27.640+0530: 875.541: [GC (Allocation Failure) 2019-01-02T11:13:27.640+0530: 875.541: [DefNew
Desired survivor size 32768 bytes, new threshold 15 (max 15)
- age   2:        184 bytes,        184 total
- age   8:         16 bytes,        200 total
- age  14:         16 bytes,        216 total
: 896K->0K(960K), 0.0010166 secs] 8581K->7973K(10176K), 0.0011340 secs] [Times: user=0.00 sys=0.00, real=0.00 secs] 
2019-01-02T11:13:27.643+0530: 875.544: [GC (Allocation Failure) 2019-01-02T11:13:27.643+0530: 875.544: [DefNew
Desired survivor size 32768 bytes, new threshold 15 (max 15)
- age   3:        184 bytes,        184 total
- age   9:         16 bytes,        200 total
- age  15:         16 bytes,        216 total
: 896K->0K(960K), 0.0014818 secs] 8869K->8549K(10176K), 0.0017276 secs] [Times: user=0.00 sys=0.00, real=0.00 secs] 
2019-01-02T11:13:27.646+0530: 875.547: [GC (Allocation Failure) 2019-01-02T11:13:27.646+0530: 875.547: [DefNew
Desired survivor size 32768 bytes, new threshold 15 (max 15)
- age   1:         24 bytes,         24 total
- age   4:        184 bytes,        208 total
- age  10:         16 bytes,        224 total
: 479K->0K(960K), 0.0002685 secs] 9029K->8549K(10176K), 0.0003512 secs] [Times: user=0.00 sys=0.00, real=0.00 secs] 
2019-01-02T11:13:27.647+0530: 875.548: [GC (Allocation Failure) 2019-01-02T11:13:27.647+0530: 875.548: [DefNew
Desired survivor size 32768 bytes, new threshold 15 (max 15)
- age   2:         24 bytes,         24 total
- age   5:        184 bytes,        208 total
- age  11:         16 bytes,        224 total
: 504K->0K(960K), 0.0003341 secs] 9053K->9053K(10176K), 0.0003934 secs] [Times: user=0.00 sys=0.00, real=0.00 secs] 
2019-01-02T11:13:27.648+0530: 875.549: [GC (Allocation Failure) 2019-01-02T11:13:27.648+0530: 875.549: [DefNew: 522K->522K(960K), 0.0000251 secs]2019-01-02T11:13:27.648+0530: 875.549: [Tenured: 9053K->1272K(9216K), 0.0066868 secs] 9576K->1272K(10176K), [Metaspace: 2520K->2520K(1056768K)], 0.0068510 secs] [Times: user=0.00 sys=0.00, real=0.01 secs] 
2019-01-02T11:13:27.724+0530: 875.625: [GC (Allocation Failure) 2019-01-02T11:13:27.725+0530: 875.626: [DefNew
Desired survivor size 32768 bytes, new threshold 15 (max 15)
- age   1:        248 bytes,        248 total
: 875K->0K(960K), 0.0010508 secs] 2148K->1849K(10176K), 0.0014773 secs] [Times: user=0.00 sys=0.00, real=0.00 secs] 
2019-01-02T11:13:27.728+0530: 875.629: [GC (Allocation Failure) 2019-01-02T11:13:27.728+0530: 875.629: [DefNew
Desired survivor size 32768 bytes, new threshold 15 (max 15)
- age   2:        184 bytes,        184 total
: 896K->0K(960K), 0.0004647 secs] 2745K->2137K(10176K), 0.0005913 secs] [Times: user=0.00 sys=0.00, real=0.00 secs] 
2019-01-02T11:13:27.730+0530: 875.631: [GC (Allocation Failure) 2019-01-02T11:13:27.730+0530: 875.631: [DefNew
Desired survivor size 32768 bytes, new threshold 15 (max 15)
- age   3:        184 bytes,        184 total
: 896K->0K(960K), 0.0005348 secs] 3033K->2713K(10176K), 0.0006494 secs] [Times: user=0.00 sys=0.00, real=0.00 secs] 
2019-01-02T11:13:27.732+0530: 875.633: [GC (Allocation Failure) 2019-01-02T11:13:27.732+0530: 875.633: [DefNew
Desired survivor size 32768 bytes, new threshold 15 (max 15)
- age   1:         24 bytes,         24 total
- age   4:        184 bytes,        208 total
: 479K->0K(960K), 0.0003638 secs] 3193K->2713K(10176K), 0.0004567 secs] [Times: user=0.00 sys=0.00, real=0.00 secs] 
2019-01-02T11:13:27.733+0530: 875.634: [GC (Allocation Failure) 2019-01-02T11:13:27.733+0530: 875.634: [DefNew
Desired survivor size 32768 bytes, new threshold 15 (max 15)
- age   2:         24 bytes,         24 total
- age   5:        184 bytes,        208 total
: 504K->0K(960K), 0.0015303 secs] 3218K->3218K(10176K), 0.0017703 secs] [Times: user=0.00 sys=0.00, real=0.00 secs] 
2019-01-02T11:13:27.735+0530: 875.636: [GC (Allocation Failure) 2019-01-02T11:13:27.735+0530: 875.637: [DefNew
Desired survivor size 32768 bytes, new threshold 15 (max 15)
- age   1:         24 bytes,         24 total
- age   6:         72 bytes,         96 total
: 522K->0K(960K), 0.0004801 secs] 3740K->3722K(10176K), 0.0005833 secs] [Times: user=0.00 sys=0.00, real=0.00 secs] 
2019-01-02T11:13:27.801+0530: 875.702: [GC (Allocation Failure) 2019-01-02T11:13:27.801+0530: 875.702: [DefNew
Desired survivor size 32768 bytes, new threshold 15 (max 15)
- age   1:        248 bytes,        248 total
- age   7:         16 bytes,        264 total
: 875K->0K(960K), 0.0017213 secs] 4598K->3795K(10176K), 0.0019283 secs] [Times: user=0.00 sys=0.00, real=0.00 secs] 
2019-01-02T11:13:27.806+0530: 875.707: [GC (Allocation Failure) 2019-01-02T11:13:27.806+0530: 875.707: [DefNew
Desired survivor size 32768 bytes, new threshold 15 (max 15)
- age   2:        184 bytes,        184 total
- age   8:         16 bytes,        200 total
: 896K->0K(960K), 0.0010001 secs] 4691K->4083K(10176K), 0.0012287 secs] [Times: user=0.00 sys=0.00, real=0.00 secs] 
2019-01-02T11:13:27.810+0530: 875.711: [GC (Allocation Failure) 2019-01-02T11:13:27.810+0530: 875.711: [DefNew
Desired survivor size 32768 bytes, new threshold 15 (max 15)
- age   3:        184 bytes,        184 total
- age   9:         16 bytes,        200 total
: 896K->0K(960K), 0.0007634 secs] 4979K->4659K(10176K), 0.0010765 secs] [Times: user=0.00 sys=0.00, real=0.00 secs] 
2019-01-02T11:13:27.816+0530: 875.717: [GC (Allocation Failure) 2019-01-02T11:13:27.816+0530: 875.717: [DefNew
Desired survivor size 32768 bytes, new threshold 15 (max 15)
- age   1:         24 bytes,         24 total
- age   4:        184 bytes,        208 total
- age  10:         16 bytes,        224 total
: 479K->0K(960K), 0.0003831 secs] 5138K->4659K(10176K), 0.0005040 secs] [Times: user=0.00 sys=0.00, real=0.00 secs] 
2019-01-02T11:13:27.817+0530: 875.718: [GC (Allocation Failure) 2019-01-02T11:13:27.817+0530: 875.718: [DefNew
Desired survivor size 32768 bytes, new threshold 15 (max 15)
- age   2:         24 bytes,         24 total
- age   5:        184 bytes,        208 total
- age  11:         16 bytes,        224 total
: 504K->0K(960K), 0.0005673 secs] 5163K->5163K(10176K), 0.0006625 secs] [Times: user=0.00 sys=0.00, real=0.00 secs] 
2019-01-02T11:13:27.818+0530: 875.719: [GC (Allocation Failure) 2019-01-02T11:13:27.818+0530: 875.719: [DefNew
Desired survivor size 32768 bytes, new threshold 15 (max 15)
- age   1:         24 bytes,         24 total
- age   6:         72 bytes,         96 total
- age  12:         16 bytes,        112 total
: 522K->0K(960K), 0.0004926 secs] 5686K->5668K(10176K), 0.0005907 secs] [Times: user=0.00 sys=0.00, real=0.00 secs] 
2019-01-02T11:13:27.898+0530: 875.799: [GC (Allocation Failure) 2019-01-02T11:13:27.898+0530: 875.799: [DefNew
Desired survivor size 32768 bytes, new threshold 15 (max 15)
- age   1:        248 bytes,        248 total
- age   7:         16 bytes,        264 total
- age  13:         16 bytes,        280 total
: 875K->0K(960K), 0.0006169 secs] 6544K->5740K(10176K), 0.0010177 secs] [Times: user=0.00 sys=0.00, real=0.00 secs] 
2019-01-02T11:13:27.900+0530: 875.801: [GC (Allocation Failure) 2019-01-02T11:13:27.900+0530: 875.801: [DefNew
Desired survivor size 32768 bytes, new threshold 15 (max 15)
- age   2:        184 bytes,        184 total
- age   8:         16 bytes,        200 total
- age  14:         16 bytes,        216 total
: 896K->0K(960K), 0.0003769 secs] 6636K->6028K(10176K), 0.0004932 secs] [Times: user=0.00 sys=0.00, real=0.00 secs] 
2019-01-02T11:13:27.903+0530: 875.804: [GC (Allocation Failure) 2019-01-02T11:13:27.903+0530: 875.804: [DefNew
Desired survivor size 32768 bytes, new threshold 15 (max 15)
- age   3:        184 bytes,        184 total
- age   9:         16 bytes,        200 total
- age  15:         16 bytes,        216 total
: 896K->0K(960K), 0.0004881 secs] 6924K->6604K(10176K), 0.0006209 secs] [Times: user=0.00 sys=0.00, real=0.00 secs] 
2019-01-02T11:13:27.905+0530: 875.806: [GC (Allocation Failure) 2019-01-02T11:13:27.905+0530: 875.806: [DefNew
Desired survivor size 32768 bytes, new threshold 15 (max 15)
- age   1:         24 bytes,         24 total
- age   4:        184 bytes,        208 total
- age  10:         16 bytes,        224 total
: 479K->0K(960K), 0.0008319 secs] 7084K->6604K(10176K), 0.0009921 secs] [Times: user=0.00 sys=0.00, real=0.00 secs] 
2019-01-02T11:13:27.907+0530: 875.808: [GC (Allocation Failure) 2019-01-02T11:13:27.907+0530: 875.808: [DefNew
Desired survivor size 32768 bytes, new threshold 15 (max 15)
- age   2:         24 bytes,         24 total
- age   5:        184 bytes,        208 total
- age  11:         16 bytes,        224 total
: 504K->0K(960K), 0.0004972 secs] 7109K->7109K(10176K), 0.0005981 secs] [Times: user=0.00 sys=0.00, real=0.00 secs] 
2019-01-02T11:13:27.908+0530: 875.809: [GC (Allocation Failure) 2019-01-02T11:13:27.908+0530: 875.809: [DefNew
Desired survivor size 32768 bytes, new threshold 15 (max 15)
- age   1:         24 bytes,         24 total
- age   6:         72 bytes,         96 total
- age  12:         16 bytes,        112 total
: 522K->0K(960K), 0.0003706 secs] 7631K->7613K(10176K), 0.0004459 secs] [Times: user=0.00 sys=0.00, real=0.00 secs] 
2019-01-02T11:13:27.983+0530: 875.884: [GC (Allocation Failure) 2019-01-02T11:13:27.983+0530: 875.884: [DefNew
Desired survivor size 32768 bytes, new threshold 15 (max 15)
- age   1:        248 bytes,        248 total
- age   7:         16 bytes,        264 total
- age  13:         16 bytes,        280 total
: 875K->0K(960K), 0.0004191 secs] 8489K->7686K(10176K), 0.0005365 secs] [Times: user=0.00 sys=0.00, real=0.00 secs] 
2019-01-02T11:13:27.985+0530: 875.887: [GC (Allocation Failure) 2019-01-02T11:13:27.986+0530: 875.887: [DefNew
Desired survivor size 32768 bytes, new threshold 15 (max 15)
- age   2:        184 bytes,        184 total
- age   8:         16 bytes,        200 total
- age  14:         16 bytes,        216 total
: 896K->0K(960K), 0.0011757 secs] 8582K->7974K(10176K), 0.0015047 secs] [Times: user=0.00 sys=0.00, real=0.00 secs] 
2019-01-02T11:13:27.989+0530: 875.890: [GC (Allocation Failure) 2019-01-02T11:13:27.989+0530: 875.890: [DefNew
Desired survivor size 32768 bytes, new threshold 15 (max 15)
- age   3:        184 bytes,        184 total
- age   9:         16 bytes,        200 total
- age  15:         16 bytes,        216 total
: 896K->0K(960K), 0.0014590 secs] 8870K->8550K(10176K), 0.0019060 secs] [Times: user=0.00 sys=0.00, real=0.00 secs] 
2019-01-02T11:13:27.992+0530: 875.894: [GC (Allocation Failure) 2019-01-02T11:13:27.993+0530: 875.894: [DefNew
Desired survivor size 32768 bytes, new threshold 15 (max 15)
- age   1:         24 bytes,         24 total
- age   4:        184 bytes,        208 total
- age  10:         16 bytes,        224 total
: 479K->0K(960K), 0.0003296 secs] 9029K->8550K(10176K), 0.0004299 secs] [Times: user=0.00 sys=0.00, real=0.00 secs] 
2019-01-02T11:13:27.993+0530: 875.894: [GC (Allocation Failure) 2019-01-02T11:13:27.993+0530: 875.894: [DefNew
Desired survivor size 32768 bytes, new threshold 15 (max 15)
- age   2:         24 bytes,         24 total
- age   5:        184 bytes,        208 total
- age  11:         16 bytes,        224 total
: 504K->0K(960K), 0.0004561 secs] 9054K->9054K(10176K), 0.0005405 secs] [Times: user=0.00 sys=0.00, real=0.00 secs] 
2019-01-02T11:13:27.994+0530: 875.895: [GC (Allocation Failure) 2019-01-02T11:13:27.994+0530: 875.895: [DefNew: 522K->522K(960K), 0.0000439 secs]2019-01-02T11:13:27.994+0530: 875.895: [Tenured: 9054K->1272K(9216K), 0.0045704 secs] 9577K->1272K(10176K), [Metaspace: 2520K->2520K(1056768K)], 0.0047540 secs] [Times: user=0.01 sys=0.00, real=0.01 secs] 
2019-01-02T11:13:28.083+0530: 875.984: [GC (Allocation Failure) 2019-01-02T11:13:28.083+0530: 875.984: [DefNew
Desired survivor size 32768 bytes, new threshold 15 (max 15)
- age   1:        248 bytes,        248 total
: 875K->0K(960K), 0.0005918 secs] 2148K->1849K(10176K), 0.0007663 secs] [Times: user=0.00 sys=0.00, real=0.00 secs] 
2019-01-02T11:13:28.086+0530: 875.987: [GC (Allocation Failure) 2019-01-02T11:13:28.086+0530: 875.987: [DefNew
Desired survivor size 32768 bytes, new threshold 15 (max 15)
- age   2:        184 bytes,        184 total
: 896K->0K(960K), 0.0013553 secs] 2745K->2137K(10176K), 0.0016358 secs] [Times: user=0.00 sys=0.00, real=0.00 secs] 
2019-01-02T11:13:28.089+0530: 875.990: [GC (Allocation Failure) 2019-01-02T11:13:28.089+0530: 875.990: [DefNew
Desired survivor size 32768 bytes, new threshold 15 (max 15)
- age   3:        184 bytes,        184 total
: 896K->0K(960K), 0.0016694 secs] 3033K->2713K(10176K), 0.0021067 secs] [Times: user=0.00 sys=0.00, real=0.00 secs] 
2019-01-02T11:13:28.093+0530: 875.994: [GC (Allocation Failure) 2019-01-02T11:13:28.093+0530: 875.994: [DefNew
Desired survivor size 32768 bytes, new threshold 15 (max 15)
- age   1:         24 bytes,         24 total
- age   4:        184 bytes,        208 total
: 479K->0K(960K), 0.0002965 secs] 3193K->2713K(10176K), 0.0003957 secs] [Times: user=0.00 sys=0.00, real=0.00 secs] 
2019-01-02T11:13:28.094+0530: 875.995: [GC (Allocation Failure) 2019-01-02T11:13:28.094+0530: 875.995: [DefNew
Desired survivor size 32768 bytes, new threshold 15 (max 15)
- age   2:         24 bytes,         24 total
- age   5:        184 bytes,        208 total
: 504K->0K(960K), 0.0005035 secs] 3218K->3218K(10176K), 0.0006004 secs] [Times: user=0.00 sys=0.00, real=0.00 secs] 
2019-01-02T11:13:28.095+0530: 875.996: [GC (Allocation Failure) 2019-01-02T11:13:28.095+0530: 875.996: [DefNew
Desired survivor size 32768 bytes, new threshold 15 (max 15)
- age   1:         24 bytes,         24 total
- age   6:         72 bytes,         96 total
: 522K->0K(960K), 0.0005183 secs] 3741K->3723K(10176K), 0.0006146 secs] [Times: user=0.00 sys=0.00, real=0.00 secs] 
2019-01-02T11:13:28.164+0530: 876.066: [GC (Allocation Failure) 2019-01-02T11:13:28.165+0530: 876.066: [DefNew
Desired survivor size 32768 bytes, new threshold 15 (max 15)
- age   1:        248 bytes,        248 total
- age   7:         16 bytes,        264 total
: 875K->0K(960K), 0.0009385 secs] 4599K->3795K(10176K), 0.0012572 secs] [Times: user=0.00 sys=0.00, real=0.00 secs] 
2019-01-02T11:13:28.168+0530: 876.069: [GC (Allocation Failure) 2019-01-02T11:13:28.168+0530: 876.070: [DefNew
Desired survivor size 32768 bytes, new threshold 15 (max 15)
- age   2:        184 bytes,        184 total
- age   8:         16 bytes,        200 total
: 896K->0K(960K), 0.0007349 secs] 4691K->4083K(10176K), 0.0010457 secs] [Times: user=0.00 sys=0.00, real=0.00 secs] 
2019-01-02T11:13:28.171+0530: 876.073: [GC (Allocation Failure) 2019-01-02T11:13:28.172+0530: 876.073: [DefNew
Desired survivor size 32768 bytes, new threshold 15 (max 15)
- age   3:        184 bytes,        184 total
- age   9:         16 bytes,        200 total
: 896K->0K(960K), 0.0007669 secs] 4979K->4659K(10176K), 0.0009436 secs] [Times: user=0.00 sys=0.00, real=0.00 secs] 
2019-01-02T11:13:28.175+0530: 876.076: [GC (Allocation Failure) 2019-01-02T11:13:28.175+0530: 876.076: [DefNew
Desired survivor size 32768 bytes, new threshold 15 (max 15)
- age   1:         24 bytes,         24 total
- age   4:        184 bytes,        208 total
- age  10:         16 bytes,        224 total
: 479K->0K(960K), 0.0005690 secs] 5139K->4659K(10176K), 0.0007355 secs] [Times: user=0.00 sys=0.00, real=0.00 secs] 
2019-01-02T11:13:28.176+0530: 876.077: [GC (Allocation Failure) 2019-01-02T11:13:28.176+0530: 876.077: [DefNew
Desired survivor size 32768 bytes, new threshold 15 (max 15)
- age   2:         24 bytes,         24 total
- age   5:        184 bytes,        208 total
- age  11:         16 bytes,        224 total
: 504K->0K(960K), 0.0004641 secs] 5164K->5164K(10176K), 0.0005553 secs] [Times: user=0.00 sys=0.00, real=0.00 secs] 
2019-01-02T11:13:28.177+0530: 876.078: [GC (Allocation Failure) 2019-01-02T11:13:28.177+0530: 876.078: [DefNew
Desired survivor size 32768 bytes, new threshold 15 (max 15)
- age   1:         24 bytes,         24 total
- age   6:         72 bytes,         96 total
- age  12:         16 bytes,        112 total
: 522K->0K(960K), 0.0004613 secs] 5686K->5668K(10176K), 0.0005588 secs] [Times: user=0.00 sys=0.00, real=0.00 secs] 
2019-01-02T11:13:28.250+0530: 876.151: [GC (Allocation Failure) 2019-01-02T11:13:28.250+0530: 876.152: [DefNew
Desired survivor size 32768 bytes, new threshold 15 (max 15)
- age   1:        248 bytes,        248 total
- age   7:         16 bytes,        264 total
- age  13:         16 bytes,        280 total
: 875K->0K(960K), 0.0003444 secs] 6544K->5741K(10176K), 0.0004550 secs] [Times: user=0.00 sys=0.00, real=0.00 secs] 
2019-01-02T11:13:28.252+0530: 876.153: [GC (Allocation Failure) 2019-01-02T11:13:28.252+0530: 876.153: [DefNew
Desired survivor size 32768 bytes, new threshold 15 (max 15)
- age   2:        184 bytes,        184 total
- age   8:         16 bytes,        200 total
- age  14:         16 bytes,        216 total
: 896K->0K(960K), 0.0003318 secs] 6637K->6029K(10176K), 0.0004276 secs] [Times: user=0.00 sys=0.00, real=0.00 secs] 
2019-01-02T11:13:28.254+0530: 876.156: [GC (Allocation Failure) 2019-01-02T11:13:28.255+0530: 876.156: [DefNew
Desired survivor size 32768 bytes, new threshold 15 (max 15)
- age   3:        184 bytes,        184 total
- age   9:         16 bytes,        200 total
- age  15:         16 bytes,        216 total
: 896K->0K(960K), 0.0004801 secs] 6925K->6605K(10176K), 0.0006762 secs] [Times: user=0.00 sys=0.00, real=0.00 secs] 
2019-01-02T11:13:28.257+0530: 876.158: [GC (Allocation Failure) 2019-01-02T11:13:28.257+0530: 876.158: [DefNew
Desired survivor size 32768 bytes, new threshold 15 (max 15)
- age   1:         24 bytes,         24 total
- age   4:        184 bytes,        208 total
- age  10:         16 bytes,        224 total
: 479K->0K(960K), 0.0005200 secs] 7084K->6605K(10176K), 0.0006671 secs] [Times: user=0.00 sys=0.00, real=0.00 secs] 
2019-01-02T11:13:28.258+0530: 876.159: [GC (Allocation Failure) 2019-01-02T11:13:28.258+0530: 876.159: [DefNew
Desired survivor size 32768 bytes, new threshold 15 (max 15)
- age   2:         24 bytes,         24 total
- age   5:        184 bytes,        208 total
- age  11:         16 bytes,        224 total
: 504K->0K(960K), 0.0003489 secs] 7109K->7109K(10176K), 0.0004139 secs] [Times: user=0.00 sys=0.00, real=0.00 secs] 
2019-01-02T11:13:28.259+0530: 876.160: [GC (Allocation Failure) 2019-01-02T11:13:28.259+0530: 876.160: [DefNew
Desired survivor size 32768 bytes, new threshold 15 (max 15)
- age   1:         24 bytes,         24 total
- age   6:         72 bytes,         96 total
- age  12:         16 bytes,        112 total
: 522K->0K(960K), 0.0003906 secs] 7632K->7614K(10176K), 0.0004675 secs] [Times: user=0.00 sys=0.00, real=0.00 secs] 
2019-01-02T11:13:28.330+0530: 876.231: [GC (Allocation Failure) 2019-01-02T11:13:28.331+0530: 876.232: [DefNew
Desired survivor size 32768 bytes, new threshold 15 (max 15)
- age   1:        248 bytes,        248 total
- age   7:         16 bytes,        264 total
- age  13:         16 bytes,        280 total
: 875K->0K(960K), 0.0010132 secs] 8490K->7686K(10176K), 0.0013359 secs] [Times: user=0.00 sys=0.00, real=0.00 secs] 
2019-01-02T11:13:28.334+0530: 876.235: [GC (Allocation Failure) 2019-01-02T11:13:28.334+0530: 876.235: [DefNew
Desired survivor size 32768 bytes, new threshold 15 (max 15)
- age   2:        184 bytes,        184 total
- age   8:         16 bytes,        200 total
- age  14:         16 bytes,        216 total
: 896K->0K(960K), 0.0012868 secs] 8582K->7974K(10176K), 0.0014659 secs] [Times: user=0.00 sys=0.00, real=0.00 secs] 
2019-01-02T11:13:28.336+0530: 876.237: [GC (Allocation Failure) 2019-01-02T11:13:28.336+0530: 876.237: [DefNew
Desired survivor size 32768 bytes, new threshold 15 (max 15)
- age   3:        184 bytes,        184 total
- age   9:         16 bytes,        200 total
- age  15:         16 bytes,        216 total
: 896K->0K(960K), 0.0004744 secs] 8870K->8550K(10176K), 0.0006243 secs] [Times: user=0.00 sys=0.00, real=0.00 secs] 
2019-01-02T11:13:28.339+0530: 876.240: [GC (Allocation Failure) 2019-01-02T11:13:28.339+0530: 876.240: [DefNew
Desired survivor size 32768 bytes, new threshold 15 (max 15)
- age   1:         24 bytes,         24 total
- age   4:        184 bytes,        208 total
- age  10:         16 bytes,        224 total
: 479K->0K(960K), 0.0003849 secs] 9030K->8550K(10176K), 0.0004829 secs] [Times: user=0.00 sys=0.00, real=0.00 secs] 
2019-01-02T11:13:28.340+0530: 876.241: [GC (Allocation Failure) 2019-01-02T11:13:28.340+0530: 876.241: [DefNew
Desired survivor size 32768 bytes, new threshold 15 (max 15)
- age   2:         24 bytes,         24 total
- age   5:        184 bytes,        208 total
- age  11:         16 bytes,        224 total
: 504K->0K(960K), 0.0010930 secs] 9055K->9055K(10176K), 0.0012766 secs] [Times: user=0.02 sys=0.00, real=0.00 secs] 
2019-01-02T11:13:28.343+0530: 876.244: [GC (Allocation Failure) 2019-01-02T11:13:28.343+0530: 876.244: [DefNew: 522K->522K(960K), 0.0000473 secs]2019-01-02T11:13:28.343+0530: 876.244: [Tenured: 9055K->1273K(9216K), 0.0047141 secs] 9577K->1273K(10176K), [Metaspace: 2520K->2520K(1056768K)], 0.0050431 secs] [Times: user=0.00 sys=0.00, real=0.01 secs] 
2019-01-02T11:13:28.411+0530: 876.312: [GC (Allocation Failure) 2019-01-02T11:13:28.411+0530: 876.312: [DefNew
Desired survivor size 32768 bytes, new threshold 15 (max 15)
- age   1:        248 bytes,        248 total
: 875K->0K(960K), 0.0011101 secs] 2149K->1850K(10176K), 0.0012903 secs] [Times: user=0.00 sys=0.00, real=0.00 secs] 
2019-01-02T11:13:28.415+0530: 876.316: [GC (Allocation Failure) 2019-01-02T11:13:28.415+0530: 876.316: [DefNew
Desired survivor size 32768 bytes, new threshold 15 (max 15)
- age   2:        184 bytes,        184 total
: 896K->0K(960K), 0.0004521 secs] 2746K->2138K(10176K), 0.0005730 secs] [Times: user=0.00 sys=0.00, real=0.00 secs] 
2019-01-02T11:13:28.416+0530: 876.317: [GC (Allocation Failure) 2019-01-02T11:13:28.416+0530: 876.318: [DefNew
Desired survivor size 32768 bytes, new threshold 15 (max 15)
- age   3:        184 bytes,        184 total
: 896K->0K(960K), 0.0004459 secs] 3034K->2714K(10176K), 0.0005422 secs] [Times: user=0.00 sys=0.00, real=0.00 secs] 
2019-01-02T11:13:28.418+0530: 876.319: [GC (Allocation Failure) 2019-01-02T11:13:28.418+0530: 876.319: [DefNew
Desired survivor size 32768 bytes, new threshold 15 (max 15)
- age   1:         24 bytes,         24 total
- age   4:        184 bytes,        208 total
: 479K->0K(960K), 0.0003427 secs] 3193K->2714K(10176K), 0.0004402 secs] [Times: user=0.00 sys=0.00, real=0.00 secs] 
2019-01-02T11:13:28.419+0530: 876.320: [GC (Allocation Failure) 2019-01-02T11:13:28.419+0530: 876.320: [DefNew
Desired survivor size 32768 bytes, new threshold 15 (max 15)
- age   2:         24 bytes,         24 total
- age   5:        184 bytes,        208 total
: 505K->0K(960K), 0.0004339 secs] 3219K->3219K(10176K), 0.0005188 secs] [Times: user=0.02 sys=0.00, real=0.00 secs] 
2019-01-02T11:13:28.420+0530: 876.321: [GC (Allocation Failure) 2019-01-02T11:13:28.420+0530: 876.321: [DefNew
Desired survivor size 32768 bytes, new threshold 15 (max 15)
- age   1:         24 bytes,         24 total
- age   6:         72 bytes,         96 total
: 522K->0K(960K), 0.0003911 secs] 3741K->3723K(10176K), 0.0005103 secs] [Times: user=0.00 sys=0.00, real=0.00 secs] 
2019-01-02T11:13:28.479+0530: 876.380: [GC (Allocation Failure) 2019-01-02T11:13:28.479+0530: 876.380: [DefNew
Desired survivor size 32768 bytes, new threshold 15 (max 15)
- age   1:        248 bytes,        248 total
- age   7:         16 bytes,        264 total
: 876K->0K(960K), 0.0011916 secs] 4599K->3795K(10176K), 0.0014875 secs] [Times: user=0.00 sys=0.00, real=0.00 secs] 
2019-01-02T11:13:28.483+0530: 876.384: [GC (Allocation Failure) 2019-01-02T11:13:28.483+0530: 876.384: [DefNew
Desired survivor size 32768 bytes, new threshold 15 (max 15)
- age   2:        184 bytes,        184 total
- age   8:         16 bytes,        200 total
: 896K->0K(960K), 0.0013251 secs] 4691K->4083K(10176K), 0.0015668 secs] [Times: user=0.00 sys=0.00, real=0.00 secs] 
2019-01-02T11:13:28.487+0530: 876.388: [GC (Allocation Failure) 2019-01-02T11:13:28.488+0530: 876.389: [DefNew
Desired survivor size 32768 bytes, new threshold 15 (max 15)
- age   3:        184 bytes,        184 total
- age   9:         16 bytes,        200 total
: 896K->0K(960K), 0.0015406 secs] 4979K->4659K(10176K), 0.0019488 secs] [Times: user=0.00 sys=0.00, real=0.00 secs] 
2019-01-02T11:13:28.492+0530: 876.393: [GC (Allocation Failure) 2019-01-02T11:13:28.492+0530: 876.393: [DefNew
Desired survivor size 32768 bytes, new threshold 15 (max 15)
- age   1:         24 bytes,         24 total
- age   4:        184 bytes,        208 total
- age  10:         16 bytes,        224 total
: 479K->0K(960K), 0.0006751 secs] 5139K->4659K(10176K), 0.0009276 secs] [Times: user=0.00 sys=0.00, real=0.00 secs] 
2019-01-02T11:13:28.493+0530: 876.394: [GC (Allocation Failure) 2019-01-02T11:13:28.493+0530: 876.394: [DefNew
Desired survivor size 32768 bytes, new threshold 15 (max 15)
- age   2:         24 bytes,         24 total
- age   5:        184 bytes,        208 total
- age  11:         16 bytes,        224 total
: 505K->0K(960K), 0.0010120 secs] 5164K->5164K(10176K), 0.0011945 secs] [Times: user=0.00 sys=0.00, real=0.00 secs] 
2019-01-02T11:13:28.495+0530: 876.396: [GC (Allocation Failure) 2019-01-02T11:13:28.495+0530: 876.396: [DefNew
Desired survivor size 32768 bytes, new threshold 15 (max 15)
- age   1:         24 bytes,         24 total
- age   6:         72 bytes,         96 total
- age  12:         16 bytes,        112 total
: 522K->0K(960K), 0.0035880 secs] 5687K->5669K(10176K), 0.0037608 secs] [Times: user=0.00 sys=0.00, real=0.00 secs] 
2019-01-02T11:13:28.565+0530: 876.466: [GC (Allocation Failure) 2019-01-02T11:13:28.565+0530: 876.466: [DefNew
Desired survivor size 32768 bytes, new threshold 15 (max 15)
- age   1:        248 bytes,        248 total
- age   7:         16 bytes,        264 total
- age  13:         16 bytes,        280 total
: 876K->0K(960K), 0.0008182 secs] 6545K->5741K(10176K), 0.0011449 secs] [Times: user=0.00 sys=0.00, real=0.00 secs] 
2019-01-02T11:13:28.568+0530: 876.469: [GC (Allocation Failure) 2019-01-02T11:13:28.568+0530: 876.469: [DefNew
Desired survivor size 32768 bytes, new threshold 15 (max 15)
- age   2:        184 bytes,        184 total
- age   8:         16 bytes,        200 total
- age  14:         16 bytes,        216 total
: 896K->0K(960K), 0.0010006 secs] 6637K->6029K(10176K), 0.0012213 secs] [Times: user=0.00 sys=0.00, real=0.00 secs] 
2019-01-02T11:13:28.570+0530: 876.472: [GC (Allocation Failure) 2019-01-02T11:13:28.570+0530: 876.472: [DefNew
Desired survivor size 32768 bytes, new threshold 15 (max 15)
- age   3:        184 bytes,        184 total
- age   9:         16 bytes,        200 total
- age  15:         16 bytes,        216 total
: 896K->0K(960K), 0.0003643 secs] 6925K->6605K(10176K), 0.0004316 secs] [Times: user=0.00 sys=0.00, real=0.00 secs] 
2019-01-02T11:13:28.573+0530: 876.474: [GC (Allocation Failure) 2019-01-02T11:13:28.573+0530: 876.474: [DefNew
Desired survivor size 32768 bytes, new threshold 15 (max 15)
- age   1:         24 bytes,         24 total
- age   4:        184 bytes,        208 total
- age  10:         16 bytes,        224 total
: 479K->0K(960K), 0.0003985 secs] 7085K->6605K(10176K), 0.0006836 secs] [Times: user=0.00 sys=0.00, real=0.00 secs] 
2019-01-02T11:13:28.574+0530: 876.475: [GC (Allocation Failure) 2019-01-02T11:13:28.574+0530: 876.475: [DefNew
Desired survivor size 32768 bytes, new threshold 15 (max 15)
- age   2:         24 bytes,         24 total
- age   5:        184 bytes,        208 total
- age  11:         16 bytes,        224 total
: 505K->0K(960K), 0.0010063 secs] 7110K->7110K(10176K), 0.0012897 secs] [Times: user=0.00 sys=0.00, real=0.00 secs] 
2019-01-02T11:13:28.576+0530: 876.477: [GC (Allocation Failure) 2019-01-02T11:13:28.576+0530: 876.478: [DefNew
Desired survivor size 32768 bytes, new threshold 15 (max 15)
- age   1:         24 bytes,         24 total
- age   6:         72 bytes,         96 total
- age  12:         16 bytes,        112 total
: 522K->0K(960K), 0.0010776 secs] 7633K->7615K(10176K), 0.0013598 secs] [Times: user=0.00 sys=0.00, real=0.00 secs] 
2019-01-02T11:13:28.664+0530: 876.565: [GC (Allocation Failure) 2019-01-02T11:13:28.664+0530: 876.565: [DefNew
Desired survivor size 32768 bytes, new threshold 15 (max 15)
- age   1:        248 bytes,        248 total
- age   7:         16 bytes,        264 total
- age  13:         16 bytes,        280 total
: 876K->0K(960K), 0.0011449 secs] 8491K->7687K(10176K), 0.0014893 secs] [Times: user=0.00 sys=0.00, real=0.00 secs] 
2019-01-02T11:13:28.667+0530: 876.568: [GC (Allocation Failure) 2019-01-02T11:13:28.667+0530: 876.568: [DefNew
Desired survivor size 32768 bytes, new threshold 15 (max 15)
- age   2:        184 bytes,        184 total
- age   8:         16 bytes,        200 total
- age  14:         16 bytes,        216 total
: 896K->0K(960K), 0.0009145 secs] 8583K->7975K(10176K), 0.0010303 secs] [Times: user=0.00 sys=0.00, real=0.00 secs] 
2019-01-02T11:13:28.669+0530: 876.570: [GC (Allocation Failure) 2019-01-02T11:13:28.669+0530: 876.570: [DefNew
Desired survivor size 32768 bytes, new threshold 15 (max 15)
- age   3:        184 bytes,        184 total
- age   9:         16 bytes,        200 total
- age  15:         16 bytes,        216 total
: 896K->0K(960K), 0.0004943 secs] 8871K->8551K(10176K), 0.0005895 secs] [Times: user=0.00 sys=0.00, real=0.00 secs] 
2019-01-02T11:13:28.672+0530: 876.573: [GC (Allocation Failure) 2019-01-02T11:13:28.672+0530: 876.573: [DefNew
Desired survivor size 32768 bytes, new threshold 15 (max 15)
- age   1:         24 bytes,         24 total
- age   4:        184 bytes,        208 total
- age  10:         16 bytes,        224 total
: 479K->0K(960K), 0.0005890 secs] 9031K->8551K(10176K), 0.0008615 secs] [Times: user=0.00 sys=0.00, real=0.00 secs] 
2019-01-02T11:13:28.674+0530: 876.575: [GC (Allocation Failure) 2019-01-02T11:13:28.674+0530: 876.575: [DefNew
Desired survivor size 32768 bytes, new threshold 15 (max 15)
- age   2:         24 bytes,         24 total
- age   5:        184 bytes,        208 total
- age  11:         16 bytes,        224 total
: 505K->0K(960K), 0.0005291 secs] 9056K->9056K(10176K), 0.0006551 secs] [Times: user=0.00 sys=0.00, real=0.00 secs] 
2019-01-02T11:13:28.675+0530: 876.576: [GC (Allocation Failure) 2019-01-02T11:13:28.675+0530: 876.576: [DefNew: 522K->522K(960K), 0.0000667 secs]2019-01-02T11:13:28.675+0530: 876.576: [Tenured: 9056K->1273K(9216K), 0.0062980 secs] 9578K->1273K(10176K), [Metaspace: 2520K->2520K(1056768K)], 0.0065682 secs] [Times: user=0.00 sys=0.00, real=0.01 secs] 
2019-01-02T11:13:28.751+0530: 876.652: [GC (Allocation Failure) 2019-01-02T11:13:28.751+0530: 876.652: [DefNew
Desired survivor size 32768 bytes, new threshold 15 (max 15)
- age   1:        248 bytes,        248 total
: 875K->0K(960K), 0.0005348 secs] 2149K->1850K(10176K), 0.0006694 secs] [Times: user=0.00 sys=0.00, real=0.00 secs] 
2019-01-02T11:13:28.753+0530: 876.654: [GC (Allocation Failure) 2019-01-02T11:13:28.753+0530: 876.654: [DefNew
Desired survivor size 32768 bytes, new threshold 15 (max 15)
- age   2:        184 bytes,        184 total
: 896K->0K(960K), 0.0004293 secs] 2746K->2138K(10176K), 0.0005331 secs] [Times: user=0.00 sys=0.00, real=0.00 secs] 
2019-01-02T11:13:28.755+0530: 876.656: [GC (Allocation Failure) 2019-01-02T11:13:28.755+0530: 876.656: [DefNew
Desired survivor size 32768 bytes, new threshold 15 (max 15)
- age   3:        184 bytes,        184 total
: 896K->0K(960K), 0.0003421 secs] 3034K->2714K(10176K), 0.0004219 secs] [Times: user=0.00 sys=0.00, real=0.00 secs] 
2019-01-02T11:13:28.757+0530: 876.658: [GC (Allocation Failure) 2019-01-02T11:13:28.757+0530: 876.658: [DefNew
Desired survivor size 32768 bytes, new threshold 15 (max 15)
- age   1:         24 bytes,         24 total
- age   4:        184 bytes,        208 total
: 479K->0K(960K), 0.0009607 secs] 3194K->2714K(10176K), 0.0012070 secs] [Times: user=0.00 sys=0.00, real=0.00 secs] 
2019-01-02T11:13:28.758+0530: 876.659: [GC (Allocation Failure) 2019-01-02T11:13:28.758+0530: 876.659: [DefNew
Desired survivor size 32768 bytes, new threshold 15 (max 15)
- age   2:         24 bytes,         24 total
- age   5:        184 bytes,        208 total
: 505K->0K(960K), 0.0008490 secs] 3219K->3219K(10176K), 0.0009470 secs] [Times: user=0.00 sys=0.00, real=0.00 secs] 
2019-01-02T11:13:28.760+0530: 876.661: [GC (Allocation Failure) 2019-01-02T11:13:28.760+0530: 876.661: [DefNew
Desired survivor size 32768 bytes, new threshold 15 (max 15)
- age   1:         24 bytes,         24 total
- age   6:         72 bytes,         96 total
: 522K->0K(960K), 0.0006506 secs] 3741K->3724K(10176K), 0.0007823 secs] [Times: user=0.00 sys=0.00, real=0.00 secs] 
2019-01-02T11:13:28.829+0530: 876.730: [GC (Allocation Failure) 2019-01-02T11:13:28.829+0530: 876.731: [DefNew
Desired survivor size 32768 bytes, new threshold 15 (max 15)
- age   1:        248 bytes,        248 total
- age   7:         16 bytes,        264 total
: 876K->0K(960K), 0.0012857 secs] 4600K->3796K(10176K), 0.0016193 secs] [Times: user=0.00 sys=0.00, real=0.00 secs] 
2019-01-02T11:13:28.833+0530: 876.734: [GC (Allocation Failure) 2019-01-02T11:13:28.833+0530: 876.734: [DefNew
Desired survivor size 32768 bytes, new threshold 15 (max 15)
- age   2:        184 bytes,        184 total
- age   8:         16 bytes,        200 total
: 896K->0K(960K), 0.0004590 secs] 4692K->4084K(10176K), 0.0005764 secs] [Times: user=0.00 sys=0.00, real=0.00 secs] 
2019-01-02T11:13:28.835+0530: 876.736: [GC (Allocation Failure) 2019-01-02T11:13:28.835+0530: 876.736: [DefNew
Desired survivor size 32768 bytes, new threshold 15 (max 15)
- age   3:        184 bytes,        184 total
- age   9:         16 bytes,        200 total
: 896K->0K(960K), 0.0005593 secs] 4980K->4660K(10176K), 0.0006819 secs] [Times: user=0.00 sys=0.00, real=0.00 secs] 
2019-01-02T11:13:28.837+0530: 876.739: [GC (Allocation Failure) 2019-01-02T11:13:28.838+0530: 876.739: [DefNew
Desired survivor size 32768 bytes, new threshold 15 (max 15)
- age   1:         24 bytes,         24 total
- age   4:        184 bytes,        208 total
- age  10:         16 bytes,        224 total
: 479K->0K(960K), 0.0003569 secs] 5140K->4660K(10176K), 0.0004767 secs] [Times: user=0.00 sys=0.00, real=0.00 secs] 
2019-01-02T11:13:28.838+0530: 876.739: [GC (Allocation Failure) 2019-01-02T11:13:28.838+0530: 876.740: [DefNew
Desired survivor size 32768 bytes, new threshold 15 (max 15)
- age   2:         24 bytes,         24 total
- age   5:        184 bytes,        208 total
- age  11:         16 bytes,        224 total
: 505K->0K(960K), 0.0005838 secs] 5165K->5165K(10176K), 0.0006859 secs] [Times: user=0.00 sys=0.00, real=0.00 secs] 
2019-01-02T11:13:28.840+0530: 876.741: [GC (Allocation Failure) 2019-01-02T11:13:28.840+0530: 876.741: [DefNew
Desired survivor size 32768 bytes, new threshold 15 (max 15)
- age   1:         24 bytes,         24 total
- age   6:         72 bytes,         96 total
- age  12:         16 bytes,        112 total
: 522K->0K(960K), 0.0014682 secs] 5687K->5670K(10176K), 0.0020121 secs] [Times: user=0.02 sys=0.00, real=0.00 secs] 
2019-01-02T11:13:28.905+0530: 876.806: [GC (Allocation Failure) 2019-01-02T11:13:28.905+0530: 876.806: [DefNew
Desired survivor size 32768 bytes, new threshold 15 (max 15)
- age   1:        248 bytes,        248 total
- age   7:         16 bytes,        264 total
- age  13:         16 bytes,        280 total
: 876K->0K(960K), 0.0007138 secs] 6546K->5742K(10176K), 0.0011728 secs] [Times: user=0.00 sys=0.00, real=0.00 secs] 
2019-01-02T11:13:28.908+0530: 876.810: [GC (Allocation Failure) 2019-01-02T11:13:28.909+0530: 876.810: [DefNew
Desired survivor size 32768 bytes, new threshold 15 (max 15)
- age   2:        184 bytes,        184 total
- age   8:         16 bytes,        200 total
- age  14:         16 bytes,        216 total
: 896K->0K(960K), 0.0006580 secs] 6638K->6030K(10176K), 0.0010970 secs] [Times: user=0.00 sys=0.00, real=0.00 secs] 
2019-01-02T11:13:28.911+0530: 876.812: [GC (Allocation Failure) 2019-01-02T11:13:28.911+0530: 876.812: [DefNew
Desired survivor size 32768 bytes, new threshold 15 (max 15)
- age   3:        184 bytes,        184 total
- age   9:         16 bytes,        200 total
- age  15:         16 bytes,        216 total
: 896K->0K(960K), 0.0007292 secs] 6926K->6606K(10176K), 0.0008592 secs] [Times: user=0.00 sys=0.00, real=0.00 secs] 
2019-01-02T11:13:28.914+0530: 876.815: [GC (Allocation Failure) 2019-01-02T11:13:28.914+0530: 876.815: [DefNew
Desired survivor size 32768 bytes, new threshold 15 (max 15)
- age   1:         24 bytes,         24 total
- age   4:        184 bytes,        208 total
- age  10:         16 bytes,        224 total
: 479K->0K(960K), 0.0004282 secs] 7086K->6606K(10176K), 0.0005405 secs] [Times: user=0.00 sys=0.00, real=0.00 secs] 
2019-01-02T11:13:28.915+0530: 876.816: [GC (Allocation Failure) 2019-01-02T11:13:28.915+0530: 876.816: [DefNew
Desired survivor size 32768 bytes, new threshold 15 (max 15)
- age   2:         24 bytes,         24 total
- age   5:        184 bytes,        208 total
- age  11:         16 bytes,        224 total
: 505K->0K(960K), 0.0003415 secs] 7111K->7111K(10176K), 0.0003991 secs] [Times: user=0.00 sys=0.00, real=0.00 secs] 
2019-01-02T11:13:28.916+0530: 876.817: [GC (Allocation Failure) 2019-01-02T11:13:28.916+0530: 876.817: [DefNew
Desired survivor size 32768 bytes, new threshold 15 (max 15)
- age   1:         24 bytes,         24 total
- age   6:         72 bytes,         96 total
- age  12:         16 bytes,        112 total
: 522K->0K(960K), 0.0003164 secs] 7633K->7616K(10176K), 0.0003735 secs] [Times: user=0.00 sys=0.00, real=0.00 secs] 
2019-01-02T11:13:28.974+0530: 876.875: [GC (Allocation Failure) 2019-01-02T11:13:28.974+0530: 876.875: [DefNew
Desired survivor size 32768 bytes, new threshold 15 (max 15)
- age   1:        248 bytes,        248 total
- age   7:         16 bytes,        264 total
- age  13:         16 bytes,        280 total
: 876K->0K(960K), 0.0010297 secs] 8492K->7688K(10176K), 0.0015548 secs] [Times: user=0.00 sys=0.00, real=0.00 secs] 
2019-01-02T11:13:28.978+0530: 876.879: [GC (Allocation Failure) 2019-01-02T11:13:28.978+0530: 876.879: [DefNew
Desired survivor size 32768 bytes, new threshold 15 (max 15)
- age   2:        184 bytes,        184 total
- age   8:         16 bytes,        200 total
- age  14:         16 bytes,        216 total
: 896K->0K(960K), 0.0011329 secs] 8584K->7976K(10176K), 0.0015018 secs] [Times: user=0.00 sys=0.00, real=0.00 secs] 
2019-01-02T11:13:28.981+0530: 876.882: [GC (Allocation Failure) 2019-01-02T11:13:28.981+0530: 876.883: [DefNew
Desired survivor size 32768 bytes, new threshold 15 (max 15)
- age   3:        184 bytes,        184 total
- age   9:         16 bytes,        200 total
- age  15:         16 bytes,        216 total
: 896K->0K(960K), 0.0012327 secs] 8872K->8552K(10176K), 0.0013410 secs] [Times: user=0.00 sys=0.00, real=0.00 secs] 
2019-01-02T11:13:28.984+0530: 876.885: [GC (Allocation Failure) 2019-01-02T11:13:28.984+0530: 876.886: [DefNew
Desired survivor size 32768 bytes, new threshold 15 (max 15)
- age   1:         24 bytes,         24 total
- age   4:        184 bytes,        208 total
- age  10:         16 bytes,        224 total
: 479K->0K(960K), 0.0002777 secs] 9031K->8552K(10176K), 0.0003478 secs] [Times: user=0.00 sys=0.00, real=0.00 secs] 
2019-01-02T11:13:28.985+0530: 876.886: [GC (Allocation Failure) 2019-01-02T11:13:28.985+0530: 876.886: [DefNew
Desired survivor size 32768 bytes, new threshold 15 (max 15)
- age   2:         24 bytes,         24 total
- age   5:        184 bytes,        208 total
- age  11:         16 bytes,        224 total
: 505K->0K(960K), 0.0003415 secs] 9057K->9057K(10176K), 0.0003997 secs] [Times: user=0.00 sys=0.00, real=0.00 secs] 
2019-01-02T11:13:28.986+0530: 876.887: [GC (Allocation Failure) 2019-01-02T11:13:28.986+0530: 876.887: [DefNew: 522K->522K(960K), 0.0000285 secs]2019-01-02T11:13:28.986+0530: 876.887: [Tenured: 9056K->1273K(9216K), 0.0045282 secs] 9579K->1273K(10176K), [Metaspace: 2520K->2520K(1056768K)], 0.0046958 secs] [Times: user=0.00 sys=0.00, real=0.00 secs] 
2019-01-02T11:13:29.067+0530: 876.968: [GC (Allocation Failure) 2019-01-02T11:13:29.067+0530: 876.968: [DefNew
Desired survivor size 32768 bytes, new threshold 15 (max 15)
- age   1:        248 bytes,        248 total
: 876K->0K(960K), 0.0012315 secs] 2149K->1850K(10176K), 0.0016689 secs] [Times: user=0.00 sys=0.00, real=0.00 secs] 
2019-01-02T11:13:29.070+0530: 876.971: [GC (Allocation Failure) 2019-01-02T11:13:29.070+0530: 876.971: [DefNew
Desired survivor size 32768 bytes, new threshold 15 (max 15)
- age   2:        184 bytes,        184 total
: 896K->0K(960K), 0.0009311 secs] 2746K->2138K(10176K), 0.0011015 secs] [Times: user=0.00 sys=0.00, real=0.00 secs] 
2019-01-02T11:13:29.072+0530: 876.973: [GC (Allocation Failure) 2019-01-02T11:13:29.072+0530: 876.973: [DefNew
Desired survivor size 32768 bytes, new threshold 15 (max 15)
- age   3:        184 bytes,        184 total
: 896K->0K(960K), 0.0003695 secs] 3034K->2714K(10176K), 0.0004362 secs] [Times: user=0.00 sys=0.00, real=0.00 secs] 
2019-01-02T11:13:29.073+0530: 876.975: [GC (Allocation Failure) 2019-01-02T11:13:29.073+0530: 876.975: [DefNew
Desired survivor size 32768 bytes, new threshold 15 (max 15)
- age   1:         24 bytes,         24 total
- age   4:        184 bytes,        208 total
: 479K->0K(960K), 0.0002349 secs] 3194K->2714K(10176K), 0.0002879 secs] [Times: user=0.00 sys=0.00, real=0.00 secs] 
2019-01-02T11:13:29.074+0530: 876.975: [GC (Allocation Failure) 2019-01-02T11:13:29.074+0530: 876.975: [DefNew
Desired survivor size 32768 bytes, new threshold 15 (max 15)
- age   2:         24 bytes,         24 total
- age   5:        184 bytes,        208 total
: 505K->0K(960K), 0.0007577 secs] 3219K->3219K(10176K), 0.0009311 secs] [Times: user=0.02 sys=0.00, real=0.00 secs] 
2019-01-02T11:13:29.076+0530: 876.977: [GC (Allocation Failure) 2019-01-02T11:13:29.076+0530: 876.977: [DefNew
Desired survivor size 32768 bytes, new threshold 15 (max 15)
- age   1:         24 bytes,         24 total
- age   6:         72 bytes,         96 total
: 522K->0K(960K), 0.0004613 secs] 3742K->3724K(10176K), 0.0005548 secs] [Times: user=0.00 sys=0.00, real=0.00 secs] 
2019-01-02T11:13:29.131+0530: 877.032: [GC (Allocation Failure) 2019-01-02T11:13:29.131+0530: 877.032: [DefNew
Desired survivor size 32768 bytes, new threshold 15 (max 15)
- age   1:        248 bytes,        248 total
- age   7:         16 bytes,        264 total
: 876K->0K(960K), 0.0006551 secs] 4600K->3796K(10176K), 0.0008370 secs] [Times: user=0.00 sys=0.00, real=0.00 secs] 
2019-01-02T11:13:29.134+0530: 877.035: [GC (Allocation Failure) 2019-01-02T11:13:29.134+0530: 877.035: [DefNew
Desired survivor size 32768 bytes, new threshold 15 (max 15)
- age   2:        184 bytes,        184 total
- age   8:         16 bytes,        200 total
: 896K->0K(960K), 0.0008604 secs] 4692K->4084K(10176K), 0.0010748 secs] [Times: user=0.00 sys=0.00, real=0.00 secs] 
2019-01-02T11:13:29.137+0530: 877.038: [GC (Allocation Failure) 2019-01-02T11:13:29.137+0530: 877.038: [DefNew
Desired survivor size 32768 bytes, new threshold 15 (max 15)
- age   3:        184 bytes,        184 total
- age   9:         16 bytes,        200 total
: 896K->0K(960K), 0.0011865 secs] 4980K->4660K(10176K), 0.0013484 secs] [Times: user=0.02 sys=0.00, real=0.00 secs] 
2019-01-02T11:13:29.139+0530: 877.040: [GC (Allocation Failure) 2019-01-02T11:13:29.139+0530: 877.040: [DefNew
Desired survivor size 32768 bytes, new threshold 15 (max 15)
- age   1:         24 bytes,         24 total
- age   4:        184 bytes,        208 total
- age  10:         16 bytes,        224 total
: 479K->0K(960K), 0.0002543 secs] 5140K->4660K(10176K), 0.0003193 secs] [Times: user=0.00 sys=0.00, real=0.00 secs] 
2019-01-02T11:13:29.140+0530: 877.041: [GC (Allocation Failure) 2019-01-02T11:13:29.140+0530: 877.041: [DefNew
Desired survivor size 32768 bytes, new threshold 15 (max 15)
- age   2:         24 bytes,         24 total
- age   5:        184 bytes,        208 total
- age  11:         16 bytes,        224 total
: 505K->0K(960K), 0.0003894 secs] 5165K->5165K(10176K), 0.0004459 secs] [Times: user=0.00 sys=0.00, real=0.00 secs] 
2019-01-02T11:13:29.141+0530: 877.042: [GC (Allocation Failure) 2019-01-02T11:13:29.141+0530: 877.042: [DefNew
Desired survivor size 32768 bytes, new threshold 15 (max 15)
- age   1:         24 bytes,         24 total
- age   6:         72 bytes,         96 total
- age  12:         16 bytes,        112 total
: 522K->0K(960K), 0.0003136 secs] 5688K->5670K(10176K), 0.0003689 secs] [Times: user=0.00 sys=0.00, real=0.00 secs] 
2019-01-02T11:13:29.208+0530: 877.109: [GC (Allocation Failure) 2019-01-02T11:13:29.208+0530: 877.110: [DefNew
Desired survivor size 32768 bytes, new threshold 15 (max 15)
- age   1:        248 bytes,        248 total
- age   7:         16 bytes,        264 total
- age  13:         16 bytes,        280 total
: 876K->0K(960K), 0.0007076 secs] 6546K->5742K(10176K), 0.0010115 secs] [Times: user=0.00 sys=0.00, real=0.00 secs] 
2019-01-02T11:13:29.211+0530: 877.112: [GC (Allocation Failure) 2019-01-02T11:13:29.211+0530: 877.113: [DefNew
Desired survivor size 32768 bytes, new threshold 15 (max 15)
- age   2:        184 bytes,        184 total
- age   8:         16 bytes,        200 total
- age  14:         16 bytes,        216 total
: 896K->0K(960K), 0.0008741 secs] 6638K->6030K(10176K), 0.0011489 secs] [Times: user=0.00 sys=0.00, real=0.00 secs] 
2019-01-02T11:13:29.214+0530: 877.115: [GC (Allocation Failure) 2019-01-02T11:13:29.214+0530: 877.115: [DefNew
Desired survivor size 32768 bytes, new threshold 15 (max 15)
- age   3:        184 bytes,        184 total
- age   9:         16 bytes,        200 total
- age  15:         16 bytes,        216 total
: 896K->0K(960K), 0.0004749 secs] 6926K->6606K(10176K), 0.0005799 secs] [Times: user=0.00 sys=0.00, real=0.00 secs] 
2019-01-02T11:13:29.215+0530: 877.116: [GC (Allocation Failure) 2019-01-02T11:13:29.215+0530: 877.117: [DefNew
Desired survivor size 32768 bytes, new threshold 15 (max 15)
- age   1:         24 bytes,         24 total
- age   4:        184 bytes,        208 total
- age  10:         16 bytes,        224 total
: 479K->0K(960K), 0.0004162 secs] 7086K->6606K(10176K), 0.0005131 secs] [Times: user=0.00 sys=0.00, real=0.00 secs] 
2019-01-02T11:13:29.216+0530: 877.117: [GC (Allocation Failure) 2019-01-02T11:13:29.216+0530: 877.117: [DefNew
Desired survivor size 32768 bytes, new threshold 15 (max 15)
- age   2:         24 bytes,         24 total
- age   5:        184 bytes,        208 total
- age  11:         16 bytes,        224 total
: 505K->0K(960K), 0.0006203 secs] 7111K->7111K(10176K), 0.0007270 secs] [Times: user=0.00 sys=0.00, real=0.00 secs] 
2019-01-02T11:13:29.218+0530: 877.119: [GC (Allocation Failure) 2019-01-02T11:13:29.218+0530: 877.119: [DefNew
Desired survivor size 32768 bytes, new threshold 15 (max 15)
- age   1:         24 bytes,         24 total
- age   6:         72 bytes,         96 total
- age  12:         16 bytes,        112 total
: 522K->0K(960K), 0.0004641 secs] 7634K->7616K(10176K), 0.0005576 secs] [Times: user=0.00 sys=0.00, real=0.00 secs] 
2019-01-02T11:13:29.284+0530: 877.185: [GC (Allocation Failure) 2019-01-02T11:13:29.284+0530: 877.185: [DefNew
Desired survivor size 32768 bytes, new threshold 15 (max 15)
- age   1:        248 bytes,        248 total
- age   7:         16 bytes,        264 total
- age  13:         16 bytes,        280 total
: 876K->0K(960K), 0.0012652 secs] 8492K->7689K(10176K), 0.0015868 secs] [Times: user=0.00 sys=0.00, real=0.00 secs] 
2019-01-02T11:13:29.287+0530: 877.189: [GC (Allocation Failure) 2019-01-02T11:13:29.287+0530: 877.189: [DefNew
Desired survivor size 32768 bytes, new threshold 15 (max 15)
- age   2:        184 bytes,        184 total
- age   8:         16 bytes,        200 total
- age  14:         16 bytes,        216 total
: 896K->0K(960K), 0.0005274 secs] 8585K->7976K(10176K), 0.0007098 secs] [Times: user=0.00 sys=0.00, real=0.00 secs] 
2019-01-02T11:13:29.289+0530: 877.191: [GC (Allocation Failure) 2019-01-02T11:13:29.289+0530: 877.191: [DefNew
Desired survivor size 32768 bytes, new threshold 15 (max 15)
- age   3:        184 bytes,        184 total
- age   9:         16 bytes,        200 total
- age  15:         16 bytes,        216 total
: 896K->0K(960K), 0.0014682 secs] 8872K->8552K(10176K), 0.0017014 secs] [Times: user=0.00 sys=0.00, real=0.00 secs] 
2019-01-02T11:13:29.293+0530: 877.194: [GC (Allocation Failure) 2019-01-02T11:13:29.293+0530: 877.194: [DefNew
Desired survivor size 32768 bytes, new threshold 15 (max 15)
- age   1:         24 bytes,         24 total
- age   4:        184 bytes,        208 total
- age  10:         16 bytes,        224 total
: 479K->0K(960K), 0.0007657 secs] 9032K->8553K(10176K), 0.0009630 secs] [Times: user=0.02 sys=0.00, real=0.00 secs] 
2019-01-02T11:13:29.295+0530: 877.196: [GC (Allocation Failure) 2019-01-02T11:13:29.295+0530: 877.196: [DefNew
Desired survivor size 32768 bytes, new threshold 15 (max 15)
- age   2:         24 bytes,         24 total
- age   5:        184 bytes,        208 total
- age  11:         16 bytes,        224 total
: 505K->0K(960K), 0.0004852 secs] 9058K->9058K(10176K), 0.0005759 secs] [Times: user=0.00 sys=0.00, real=0.00 secs] 
2019-01-02T11:13:29.296+0530: 877.197: [GC (Allocation Failure) 2019-01-02T11:13:29.296+0530: 877.197: [DefNew: 522K->522K(960K), 0.0000582 secs]2019-01-02T11:13:29.296+0530: 877.197: [Tenured: 9057K->1273K(9216K), 0.0068858 secs] 9580K->1273K(10176K), [Metaspace: 2520K->2520K(1056768K)], 0.0070888 secs] [Times: user=0.00 sys=0.00, real=0.01 secs] 
2019-01-02T11:13:29.379+0530: 877.280: [GC (Allocation Failure) 2019-01-02T11:13:29.379+0530: 877.280: [DefNew
Desired survivor size 32768 bytes, new threshold 15 (max 15)
- age   1:        248 bytes,        248 total
: 876K->0K(960K), 0.0009624 secs] 2149K->1850K(10176K), 0.0011631 secs] [Times: user=0.00 sys=0.00, real=0.00 secs] 
2019-01-02T11:13:29.381+0530: 877.283: [GC (Allocation Failure) 2019-01-02T11:13:29.382+0530: 877.283: [DefNew
Desired survivor size 32768 bytes, new threshold 15 (max 15)
- age   2:        184 bytes,        184 total
: 896K->0K(960K), 0.0006642 secs] 2746K->2138K(10176K), 0.0008473 secs] [Times: user=0.00 sys=0.00, real=0.00 secs] 
2019-01-02T11:13:29.383+0530: 877.284: [GC (Allocation Failure) 2019-01-02T11:13:29.383+0530: 877.285: [DefNew
Desired survivor size 32768 bytes, new threshold 15 (max 15)
- age   3:        184 bytes,        184 total
: 896K->0K(960K), 0.0005194 secs] 3034K->2714K(10176K), 0.0006186 secs] [Times: user=0.00 sys=0.00, real=0.00 secs] 
2019-01-02T11:13:29.385+0530: 877.286: [GC (Allocation Failure) 2019-01-02T11:13:29.385+0530: 877.286: [DefNew
Desired survivor size 32768 bytes, new threshold 15 (max 15)
- age   1:         24 bytes,         24 total
- age   4:        184 bytes,        208 total
: 479K->0K(960K), 0.0003073 secs] 3194K->2714K(10176K), 0.0004122 secs] [Times: user=0.00 sys=0.00, real=0.00 secs] 
2019-01-02T11:13:29.386+0530: 877.287: [GC (Allocation Failure) 2019-01-02T11:13:29.386+0530: 877.287: [DefNew
Desired survivor size 32768 bytes, new threshold 15 (max 15)
- age   2:         24 bytes,         24 total
- age   5:        184 bytes,        208 total
: 505K->0K(960K), 0.0004635 secs] 3219K->3219K(10176K), 0.0005696 secs] [Times: user=0.00 sys=0.00, real=0.00 secs] 
2019-01-02T11:13:29.387+0530: 877.288: [GC (Allocation Failure) 2019-01-02T11:13:29.387+0530: 877.288: [DefNew
Desired survivor size 32768 bytes, new threshold 15 (max 15)
- age   1:         24 bytes,         24 total
- age   6:         72 bytes,         96 total
: 522K->0K(960K), 0.0004430 secs] 3742K->3724K(10176K), 0.0005348 secs] [Times: user=0.00 sys=0.00, real=0.00 secs] 
2019-01-02T11:13:29.454+0530: 877.355: [GC (Allocation Failure) 2019-01-02T11:13:29.454+0530: 877.355: [DefNew
Desired survivor size 32768 bytes, new threshold 15 (max 15)
- age   1:        248 bytes,        248 total
- age   7:         16 bytes,        264 total
: 876K->0K(960K), 0.0004641 secs] 4601K->3797K(10176K), 0.0006181 secs] [Times: user=0.00 sys=0.00, real=0.00 secs] 
2019-01-02T11:13:29.456+0530: 877.358: [GC (Allocation Failure) 2019-01-02T11:13:29.456+0530: 877.358: [DefNew
Desired survivor size 32768 bytes, new threshold 15 (max 15)
- age   2:        184 bytes,        184 total
- age   8:         16 bytes,        200 total
: 896K->0K(960K), 0.0004556 secs] 4693K->4085K(10176K), 0.0005684 secs] [Times: user=0.00 sys=0.00, real=0.00 secs] 
2019-01-02T11:13:29.458+0530: 877.360: [GC (Allocation Failure) 2019-01-02T11:13:29.458+0530: 877.360: [DefNew
Desired survivor size 32768 bytes, new threshold 15 (max 15)
- age   3:        184 bytes,        184 total
- age   9:         16 bytes,        200 total
: 896K->0K(960K), 0.0005217 secs] 4981K->4661K(10176K), 0.0006449 secs] [Times: user=0.00 sys=0.00, real=0.00 secs] 
2019-01-02T11:13:29.461+0530: 877.363: [GC (Allocation Failure) 2019-01-02T11:13:29.462+0530: 877.363: [DefNew
Desired survivor size 32768 bytes, new threshold 15 (max 15)
- age   1:         24 bytes,         24 total
- age   4:        184 bytes,        208 total
- age  10:         16 bytes,        224 total
: 479K->0K(960K), 0.0004048 secs] 5140K->4661K(10176K), 0.0005451 secs] [Times: user=0.00 sys=0.00, real=0.00 secs] 
2019-01-02T11:13:29.462+0530: 877.364: [GC (Allocation Failure) 2019-01-02T11:13:29.463+0530: 877.364: [DefNew
Desired survivor size 32768 bytes, new threshold 15 (max 15)
- age   2:         24 bytes,         24 total
- age   5:        184 bytes,        208 total
- age  11:         16 bytes,        224 total
: 505K->0K(960K), 0.0007560 secs] 5166K->5166K(10176K), 0.0008775 secs] [Times: user=0.00 sys=0.00, real=0.00 secs] 
2019-01-02T11:13:29.464+0530: 877.365: [GC (Allocation Failure) 2019-01-02T11:13:29.464+0530: 877.365: [DefNew
Desired survivor size 32768 bytes, new threshold 15 (max 15)
- age   1:         24 bytes,         24 total
- age   6:         72 bytes,         96 total
- age  12:         16 bytes,        112 total
: 522K->0K(960K), 0.0008547 secs] 5688K->5671K(10176K), 0.0010793 secs] [Times: user=0.02 sys=0.00, real=0.00 secs] 
2019-01-02T11:13:29.537+0530: 877.439: [GC (Allocation Failure) 2019-01-02T11:13:29.538+0530: 877.439: [DefNew
Desired survivor size 32768 bytes, new threshold 15 (max 15)
- age   1:        248 bytes,        248 total
- age   7:         16 bytes,        264 total
- age  13:         16 bytes,        280 total
: 876K->0K(960K), 0.0003347 secs] 6547K->5743K(10176K), 0.0004208 secs] [Times: user=0.00 sys=0.00, real=0.00 secs] 
2019-01-02T11:13:29.539+0530: 877.441: [GC (Allocation Failure) 2019-01-02T11:13:29.540+0530: 877.441: [DefNew
Desired survivor size 32768 bytes, new threshold 15 (max 15)
- age   2:        184 bytes,        184 total
- age   8:         16 bytes,        200 total
- age  14:         16 bytes,        216 total
: 896K->0K(960K), 0.0006876 secs] 6639K->6031K(10176K), 0.0017002 secs] [Times: user=0.00 sys=0.00, real=0.00 secs] 
2019-01-02T11:13:29.543+0530: 877.444: [GC (Allocation Failure) 2019-01-02T11:13:29.543+0530: 877.444: [DefNew
Desired survivor size 32768 bytes, new threshold 15 (max 15)
- age   3:        184 bytes,        184 total
- age   9:         16 bytes,        200 total
- age  15:         16 bytes,        216 total
: 896K->0K(960K), 0.0005970 secs] 6927K->6607K(10176K), 0.0007224 secs] [Times: user=0.00 sys=0.00, real=0.00 secs] 
2019-01-02T11:13:29.549+0530: 877.450: [GC (Allocation Failure) 2019-01-02T11:13:29.549+0530: 877.450: [DefNew
Desired survivor size 32768 bytes, new threshold 15 (max 15)
- age   1:         24 bytes,         24 total
- age   4:        184 bytes,        208 total
- age  10:         16 bytes,        224 total
: 479K->0K(960K), 0.0008569 secs] 7087K->6607K(10176K), 0.0010884 secs] [Times: user=0.00 sys=0.00, real=0.00 secs] 
2019-01-02T11:13:29.550+0530: 877.452: [GC (Allocation Failure) 2019-01-02T11:13:29.550+0530: 877.452: [DefNew
Desired survivor size 32768 bytes, new threshold 15 (max 15)
- age   2:         24 bytes,         24 total
- age   5:        184 bytes,        208 total
- age  11:         16 bytes,        224 total
: 505K->0K(960K), 0.0005006 secs] 7112K->7112K(10176K), 0.0005913 secs] [Times: user=0.00 sys=0.00, real=0.00 secs] 
2019-01-02T11:13:29.551+0530: 877.453: [GC (Allocation Failure) 2019-01-02T11:13:29.552+0530: 877.453: [DefNew
Desired survivor size 32768 bytes, new threshold 15 (max 15)
- age   1:         24 bytes,         24 total
- age   6:         72 bytes,         96 total
- age  12:         16 bytes,        112 total
: 522K->0K(960K), 0.0005456 secs] 7635K->7617K(10176K), 0.0006488 secs] [Times: user=0.00 sys=0.00, real=0.00 secs] 
2019-01-02T11:13:29.628+0530: 877.529: [GC (Allocation Failure) 2019-01-02T11:13:29.628+0530: 877.529: [DefNew
Desired survivor size 32768 bytes, new threshold 15 (max 15)
- age   1:        248 bytes,        248 total
- age   7:         16 bytes,        264 total
- age  13:         16 bytes,        280 total
: 876K->0K(960K), 0.0006352 secs] 8493K->7689K(10176K), 0.0010565 secs] [Times: user=0.00 sys=0.00, real=0.00 secs] 
2019-01-02T11:13:29.631+0530: 877.532: [GC (Allocation Failure) 2019-01-02T11:13:29.631+0530: 877.532: [DefNew
Desired survivor size 32768 bytes, new threshold 15 (max 15)
- age   2:        184 bytes,        184 total
- age   8:         16 bytes,        200 total
- age  14:         16 bytes,        216 total
: 896K->0K(960K), 0.0009926 secs] 8585K->7977K(10176K), 0.0013547 secs] [Times: user=0.00 sys=0.00, real=0.00 secs] 
2019-01-02T11:13:29.634+0530: 877.534: [GC (Allocation Failure) 2019-01-02T11:13:29.634+0530: 877.535: [DefNew
Desired survivor size 32768 bytes, new threshold 15 (max 15)
- age   3:        184 bytes,        184 total
- age   9:         16 bytes,        200 total
- age  15:         16 bytes,        216 total
: 896K->0K(960K), 0.0014642 secs] 8873K->8553K(10176K), 0.0018559 secs] [Times: user=0.00 sys=0.00, real=0.00 secs] 
2019-01-02T11:13:29.637+0530: 877.538: [GC (Allocation Failure) 2019-01-02T11:13:29.637+0530: 877.538: [DefNew
Desired survivor size 32768 bytes, new threshold 15 (max 15)
- age   1:         24 bytes,         24 total
- age   4:        184 bytes,        208 total
- age  10:         16 bytes,        224 total
: 479K->0K(960K), 0.0002697 secs] 9033K->8553K(10176K), 0.0003404 secs] [Times: user=0.00 sys=0.00, real=0.00 secs] 
2019-01-02T11:13:29.638+0530: 877.538: [GC (Allocation Failure) 2019-01-02T11:13:29.638+0530: 877.538: [DefNew
Desired survivor size 32768 bytes, new threshold 15 (max 15)
- age   2:         24 bytes,         24 total
- age   5:        184 bytes,        208 total
- age  11:         16 bytes,        224 total
: 505K->0K(960K), 0.0004624 secs] 9058K->9058K(10176K), 0.0005445 secs] [Times: user=0.00 sys=0.00, real=0.00 secs] 
2019-01-02T11:13:29.639+0530: 877.539: [GC (Allocation Failure) 2019-01-02T11:13:29.639+0530: 877.539: [DefNew: 522K->522K(960K), 0.0000376 secs]2019-01-02T11:13:29.639+0530: 877.539: [Tenured: 9058K->1273K(9216K), 0.0053413 secs] 9581K->1273K(10176K), [Metaspace: 2520K->2520K(1056768K)], 0.0055226 secs] [Times: user=0.00 sys=0.00, real=0.01 secs] 
2019-01-02T11:13:29.710+0530: 877.611: [GC (Allocation Failure) 2019-01-02T11:13:29.710+0530: 877.611: [DefNew
Desired survivor size 32768 bytes, new threshold 15 (max 15)
- age   1:        248 bytes,        248 total
: 876K->0K(960K), 0.0004054 secs] 2149K->1851K(10176K), 0.0005006 secs] [Times: user=0.00 sys=0.00, real=0.00 secs] 
2019-01-02T11:13:29.712+0530: 877.612: [GC (Allocation Failure) 2019-01-02T11:13:29.712+0530: 877.612: [DefNew
Desired survivor size 32768 bytes, new threshold 15 (max 15)
- age   2:        184 bytes,        184 total
: 896K->0K(960K), 0.0011215 secs] 2747K->2139K(10176K), 0.0013638 secs] [Times: user=0.00 sys=0.00, real=0.00 secs] 
2019-01-02T11:13:29.715+0530: 877.615: [GC (Allocation Failure) 2019-01-02T11:13:29.715+0530: 877.615: [DefNew
Desired survivor size 32768 bytes, new threshold 15 (max 15)
- age   3:        184 bytes,        184 total
: 896K->0K(960K), 0.0005753 secs] 3035K->2715K(10176K), 0.0006950 secs] [Times: user=0.00 sys=0.00, real=0.00 secs] 
2019-01-02T11:13:29.717+0530: 877.617: [GC (Allocation Failure) 2019-01-02T11:13:29.717+0530: 877.617: [DefNew
Desired survivor size 32768 bytes, new threshold 15 (max 15)
- age   1:         24 bytes,         24 total
- age   4:        184 bytes,        208 total
: 479K->0K(960K), 0.0006363 secs] 3194K->2715K(10176K), 0.0007144 secs] [Times: user=0.00 sys=0.00, real=0.00 secs] 
2019-01-02T11:13:29.718+0530: 877.619: [GC (Allocation Failure) 2019-01-02T11:13:29.718+0530: 877.619: [DefNew
Desired survivor size 32768 bytes, new threshold 15 (max 15)
- age   2:         24 bytes,         24 total
- age   5:        184 bytes,        208 total
: 505K->0K(960K), 0.0005023 secs] 3220K->3220K(10176K), 0.0006745 secs] [Times: user=0.00 sys=0.00, real=0.00 secs] 
2019-01-02T11:13:29.719+0530: 877.620: [GC (Allocation Failure) 2019-01-02T11:13:29.719+0530: 877.620: [DefNew
Desired survivor size 32768 bytes, new threshold 15 (max 15)
- age   1:         24 bytes,         24 total
- age   6:         72 bytes,         96 total
: 522K->0K(960K), 0.0005958 secs] 3743K->3725K(10176K), 0.0006882 secs] [Times: user=0.00 sys=0.00, real=0.00 secs] 
2019-01-02T11:13:29.818+0530: 877.718: [GC (Allocation Failure) 2019-01-02T11:13:29.818+0530: 877.718: [DefNew
Desired survivor size 32768 bytes, new threshold 15 (max 15)
- age   1:        248 bytes,        248 total
- age   7:         16 bytes,        264 total
: 876K->0K(960K), 0.0012099 secs] 4601K->3797K(10176K), 0.0015742 secs] [Times: user=0.00 sys=0.00, real=0.00 secs] 
2019-01-02T11:13:29.821+0530: 877.722: [GC (Allocation Failure) 2019-01-02T11:13:29.821+0530: 877.722: [DefNew
Desired survivor size 32768 bytes, new threshold 15 (max 15)
- age   2:        184 bytes,        184 total
- age   8:         16 bytes,        200 total
: 896K->0K(960K), 0.0004835 secs] 4693K->4085K(10176K), 0.0006072 secs] [Times: user=0.00 sys=0.00, real=0.00 secs] 
2019-01-02T11:13:29.823+0530: 877.724: [GC (Allocation Failure) 2019-01-02T11:13:29.823+0530: 877.724: [DefNew
Desired survivor size 32768 bytes, new threshold 15 (max 15)
- age   3:        184 bytes,        184 total
- age   9:         16 bytes,        200 total
: 896K->0K(960K), 0.0008894 secs] 4981K->4661K(10176K), 0.0010730 secs] [Times: user=0.02 sys=0.00, real=0.00 secs] 
2019-01-02T11:13:29.826+0530: 877.727: [GC (Allocation Failure) 2019-01-02T11:13:29.826+0530: 877.727: [DefNew
Desired survivor size 32768 bytes, new threshold 15 (max 15)
- age   1:         24 bytes,         24 total
- age   4:        184 bytes,        208 total
- age  10:         16 bytes,        224 total
: 479K->0K(960K), 0.0003740 secs] 5141K->4661K(10176K), 0.0004715 secs] [Times: user=0.00 sys=0.00, real=0.00 secs] 
2019-01-02T11:13:29.827+0530: 877.727: [GC (Allocation Failure) 2019-01-02T11:13:29.827+0530: 877.728: [DefNew
Desired survivor size 32768 bytes, new threshold 15 (max 15)
- age   2:         24 bytes,         24 total
- age   5:        184 bytes,        208 total
- age  11:         16 bytes,        224 total
: 505K->0K(960K), 0.0004727 secs] 5166K->5166K(10176K), 0.0005627 secs] [Times: user=0.00 sys=0.00, real=0.00 secs] 
2019-01-02T11:13:29.828+0530: 877.728: [GC (Allocation Failure) 2019-01-02T11:13:29.828+0530: 877.728: [DefNew
Desired survivor size 32768 bytes, new threshold 15 (max 15)
- age   1:         24 bytes,         24 total
- age   6:         72 bytes,         96 total
- age  12:         16 bytes,        112 total
: 523K->0K(960K), 0.0004499 secs] 5689K->5671K(10176K), 0.0005325 secs] [Times: user=0.00 sys=0.00, real=0.00 secs] 
2019-01-02T11:13:29.931+0530: 877.832: [GC (Allocation Failure) 2019-01-02T11:13:29.931+0530: 877.832: [DefNew
Desired survivor size 32768 bytes, new threshold 15 (max 15)
- age   1:        248 bytes,        248 total
- age   7:         16 bytes,        264 total
- age  13:         16 bytes,        280 total
: 876K->0K(960K), 0.0006699 secs] 6548K->5744K(10176K), 0.0010742 secs] [Times: user=0.00 sys=0.00, real=0.00 secs] 
2019-01-02T11:13:29.934+0530: 877.835: [GC (Allocation Failure) 2019-01-02T11:13:29.935+0530: 877.835: [DefNew
Desired survivor size 32768 bytes, new threshold 15 (max 15)
- age   2:        184 bytes,        184 total
- age   8:         16 bytes,        200 total
- age  14:         16 bytes,        216 total
: 896K->0K(960K), 0.0006066 secs] 6640K->6031K(10176K), 0.0008022 secs] [Times: user=0.00 sys=0.00, real=0.00 secs] 
2019-01-02T11:13:29.936+0530: 877.837: [GC (Allocation Failure) 2019-01-02T11:13:29.936+0530: 877.837: [DefNew
Desired survivor size 32768 bytes, new threshold 15 (max 15)
- age   3:        184 bytes,        184 total
- age   9:         16 bytes,        200 total
- age  15:         16 bytes,        216 total
: 896K->0K(960K), 0.0010331 secs] 6927K->6607K(10176K), 0.0011762 secs] [Times: user=0.00 sys=0.00, real=0.00 secs] 
2019-01-02T11:13:29.939+0530: 877.840: [GC (Allocation Failure) 2019-01-02T11:13:29.939+0530: 877.840: [DefNew
Desired survivor size 32768 bytes, new threshold 15 (max 15)
- age   1:         24 bytes,         24 total
- age   4:        184 bytes,        208 total
- age  10:         16 bytes,        224 total
: 479K->0K(960K), 0.0003284 secs] 7087K->6608K(10176K), 0.0003951 secs] [Times: user=0.00 sys=0.00, real=0.00 secs] 
2019-01-02T11:13:29.940+0530: 877.840: [GC (Allocation Failure) 2019-01-02T11:13:29.940+0530: 877.840: [DefNew
Desired survivor size 32768 bytes, new threshold 15 (max 15)
- age   2:         24 bytes,         24 total
- age   5:        184 bytes,        208 total
- age  11:         16 bytes,        224 total
: 505K->0K(960K), 0.0003216 secs] 7113K->7113K(10176K), 0.0003866 secs] [Times: user=0.00 sys=0.00, real=0.00 secs] 
2019-01-02T11:13:29.940+0530: 877.841: [GC (Allocation Failure) 2019-01-02T11:13:29.940+0530: 877.841: [DefNew
Desired survivor size 32768 bytes, new threshold 15 (max 15)
- age   1:         24 bytes,         24 total
- age   6:         72 bytes,         96 total
- age  12:         16 bytes,        112 total
: 523K->0K(960K), 0.0003239 secs] 7636K->7618K(10176K), 0.0003951 secs] [Times: user=0.00 sys=0.00, real=0.00 secs] 
2019-01-02T11:13:29.997+0530: 877.898: [GC (Allocation Failure) 2019-01-02T11:13:29.997+0530: 877.898: [DefNew
Desired survivor size 32768 bytes, new threshold 15 (max 15)
- age   1:        248 bytes,        248 total
- age   7:         16 bytes,        264 total
- age  13:         16 bytes,        280 total
: 876K->0K(960K), 0.0007366 secs] 8494K->7690K(10176K), 0.0012846 secs] [Times: user=0.00 sys=0.00, real=0.00 secs] 
2019-01-02T11:13:30.001+0530: 877.902: [GC (Allocation Failure) 2019-01-02T11:13:30.001+0530: 877.902: [DefNew
Desired survivor size 32768 bytes, new threshold 15 (max 15)
- age   2:        184 bytes,        184 total
- age   8:         16 bytes,        200 total
- age  14:         16 bytes,        216 total
: 896K->0K(960K), 0.0006135 secs] 8586K->7978K(10176K), 0.0008946 secs] [Times: user=0.00 sys=0.00, real=0.00 secs] 
2019-01-02T11:13:30.003+0530: 877.904: [GC (Allocation Failure) 2019-01-02T11:13:30.003+0530: 877.904: [DefNew
Desired survivor size 32768 bytes, new threshold 15 (max 15)
- age   3:        184 bytes,        184 total
- age   9:         16 bytes,        200 total
- age  15:         16 bytes,        216 total
: 896K->0K(960K), 0.0010708 secs] 8874K->8554K(10176K), 0.0012133 secs] [Times: user=0.00 sys=0.00, real=0.00 secs] 
2019-01-02T11:13:30.006+0530: 877.907: [GC (Allocation Failure) 2019-01-02T11:13:30.006+0530: 877.907: [DefNew
Desired survivor size 32768 bytes, new threshold 15 (max 15)
- age   1:         24 bytes,         24 total
- age   4:        184 bytes,        208 total
- age  10:         16 bytes,        224 total
: 479K->0K(960K), 0.0003318 secs] 9034K->8554K(10176K), 0.0005188 secs] [Times: user=0.00 sys=0.00, real=0.00 secs] 
2019-01-02T11:13:30.007+0530: 877.908: [GC (Allocation Failure) 2019-01-02T11:13:30.007+0530: 877.908: [DefNew
Desired survivor size 32768 bytes, new threshold 15 (max 15)
- age   2:         24 bytes,         24 total
- age   5:        184 bytes,        208 total
- age  11:         16 bytes,        224 total
: 505K->0K(960K), 0.0003221 secs] 9059K->9059K(10176K), 0.0003934 secs] [Times: user=0.00 sys=0.00, real=0.00 secs] 
2019-01-02T11:13:30.008+0530: 877.909: [GC (Allocation Failure) 2019-01-02T11:13:30.008+0530: 877.909: [DefNew: 523K->523K(960K), 0.0000279 secs]2019-01-02T11:13:30.008+0530: 877.909: [Tenured: 9059K->1273K(9216K), 0.0037055 secs] 9582K->1273K(10176K), [Metaspace: 2520K->2520K(1056768K)], 0.0038554 secs] [Times: user=0.02 sys=0.00, real=0.00 secs] 
2019-01-02 11:13:30 GC log file has reached the maximum size. Saved as E:/gitrepo/Learning-repo/java/gc.log.3
