2019-01-02 11:14:02 GC log file created E:/gitrepo/Learning-repo/java/gc.log.0
Java HotSpot(TM) 64-Bit Server VM (25.191-b12) for windows-amd64 JRE (1.8.0_191-b12), built on Oct  6 2018 09:29:03 by "java_re" with MS VC++ 10.0 (VS2010)
Memory: 4k page, physical 4066668k(979372k free), swap 8131460k(2685672k free)
CommandLine flags: -XX:CICompilerCount=3 -XX:GCLogFileSize=1048576 -XX:+HeapDumpOnOutOfMemoryError -XX:HeapDumpPath=E:/gitrepo/Learning-repo/java/heap_dump.hprof -XX:InitialHeapSize=10485760 -XX:MaxHeapSize=10485760 -XX:MaxNewSize=1048576 -XX:MinHeapDeltaBytes=196608 -XX:NewRatio=3 -XX:NewSize=1048576 -XX:NumberOfGCLogFiles=5 -XX:OldSize=9437184 -XX:+PrintGC -XX:+PrintGCDateStamps -XX:+PrintGCDetails -XX:+PrintGCTimeStamps -XX:+PrintTenuringDistribution -XX:SurvivorRatio=10 -XX:+UseCompressedClassPointers -XX:+UseCompressedOops -XX:+UseFastUnorderedTimeStamps -XX:+UseGCLogFileRotation -XX:-UseLargePagesIndividualAllocation -XX:+UseSerialGC 
2019-01-02T11:14:02.350+0530: 910.249: [GC (Allocation Failure) 2019-01-02T11:14:02.350+0530: 910.250: [DefNew
Desired survivor size 32768 bytes, new threshold 15 (max 15)
- age   1:         24 bytes,         24 total
- age   6:         72 bytes,         96 total
: 532K->0K(960K), 0.0012874 secs] 3786K->3768K(10176K), 0.0015588 secs] [Times: user=0.00 sys=0.00, real=0.00 secs] 
2019-01-02T11:14:02.411+0530: 910.311: [GC (Allocation Failure) 2019-01-02T11:14:02.411+0530: 910.311: [DefNew
Desired survivor size 32768 bytes, new threshold 15 (max 15)
- age   1:        248 bytes,        248 total
- age   7:         16 bytes,        264 total
: 885K->0K(960K), 0.0010086 secs] 4654K->3841K(10176K), 0.0013034 secs] [Times: user=0.02 sys=0.00, real=0.00 secs] 
2019-01-02T11:14:02.414+0530: 910.314: [GC (Allocation Failure) 2019-01-02T11:14:02.414+0530: 910.314: [DefNew
Desired survivor size 32768 bytes, new threshold 15 (max 15)
- age   1:         40 bytes,         40 total
- age   2:        184 bytes,        224 total
- age   8:         16 bytes,        240 total
: 896K->0K(960K), 0.0006836 secs] 4737K->4129K(10176K), 0.0008319 secs] [Times: user=0.00 sys=0.00, real=0.00 secs] 
2019-01-02T11:14:02.417+0530: 910.316: [GC (Allocation Failure) 2019-01-02T11:14:02.417+0530: 910.316: [DefNew
Desired survivor size 32768 bytes, new threshold 15 (max 15)
- age   1:         40 bytes,         40 total
- age   3:        184 bytes,        224 total
- age   9:         16 bytes,        240 total
: 896K->0K(960K), 0.0011774 secs] 5025K->4705K(10176K), 0.0013496 secs] [Times: user=0.00 sys=0.00, real=0.00 secs] 
2019-01-02T11:14:02.420+0530: 910.320: [GC (Allocation Failure) 2019-01-02T11:14:02.420+0530: 910.320: [DefNew
Desired survivor size 32768 bytes, new threshold 15 (max 15)
- age   1:         24 bytes,         24 total
- age   4:        184 bytes,        208 total
- age  10:         16 bytes,        224 total
: 515K->0K(960K), 0.0004014 secs] 5220K->4705K(10176K), 0.0005086 secs] [Times: user=0.00 sys=0.00, real=0.00 secs] 
2019-01-02T11:14:02.422+0530: 910.321: [GC (Allocation Failure) 2019-01-02T11:14:02.422+0530: 910.321: [DefNew
Desired survivor size 32768 bytes, new threshold 15 (max 15)
- age   2:         24 bytes,         24 total
- age   5:        184 bytes,        208 total
- age  11:         16 bytes,        224 total
: 514K->0K(960K), 0.0009339 secs] 5219K->5219K(10176K), 0.0011175 secs] [Times: user=0.00 sys=0.00, real=0.00 secs] 
2019-01-02T11:14:02.424+0530: 910.323: [GC (Allocation Failure) 2019-01-02T11:14:02.424+0530: 910.324: [DefNew
Desired survivor size 32768 bytes, new threshold 15 (max 15)
- age   1:         24 bytes,         24 total
- age   6:         72 bytes,         96 total
- age  12:         16 bytes,        112 total
: 532K->0K(960K), 0.0013353 secs] 5751K->5733K(10176K), 0.0016261 secs] [Times: user=0.00 sys=0.00, real=0.00 secs] 
2019-01-02T11:14:02.483+0530: 910.383: [GC (Allocation Failure) 2019-01-02T11:14:02.483+0530: 910.383: [DefNew
Desired survivor size 32768 bytes, new threshold 15 (max 15)
- age   1:        248 bytes,        248 total
- age   7:         16 bytes,        264 total
- age  13:         16 bytes,        280 total
: 885K->0K(960K), 0.0012583 secs] 6619K->5805K(10176K), 0.0019083 secs] [Times: user=0.00 sys=0.00, real=0.00 secs] 
2019-01-02T11:14:02.487+0530: 910.387: [GC (Allocation Failure) 2019-01-02T11:14:02.488+0530: 910.387: [DefNew
Desired survivor size 32768 bytes, new threshold 15 (max 15)
- age   1:         40 bytes,         40 total
- age   2:        184 bytes,        224 total
- age   8:         16 bytes,        240 total
- age  14:         16 bytes,        256 total
: 896K->0K(960K), 0.0007965 secs] 6701K->6093K(10176K), 0.0011033 secs] [Times: user=0.00 sys=0.00, real=0.00 secs] 
2019-01-02T11:14:02.490+0530: 910.389: [GC (Allocation Failure) 2019-01-02T11:14:02.490+0530: 910.389: [DefNew
Desired survivor size 32768 bytes, new threshold 15 (max 15)
- age   1:         40 bytes,         40 total
- age   3:        184 bytes,        224 total
- age   9:         16 bytes,        240 total
- age  15:         16 bytes,        256 total
: 896K->0K(960K), 0.0007098 secs] 6989K->6669K(10176K), 0.0008769 secs] [Times: user=0.02 sys=0.00, real=0.00 secs] 
2019-01-02T11:14:02.492+0530: 910.392: [GC (Allocation Failure) 2019-01-02T11:14:02.492+0530: 910.392: [DefNew
Desired survivor size 32768 bytes, new threshold 15 (max 15)
- age   1:         24 bytes,         24 total
- age   4:        184 bytes,        208 total
- age  10:         16 bytes,        224 total
: 515K->0K(960K), 0.0007207 secs] 7185K->6669K(10176K), 0.0008666 secs] [Times: user=0.00 sys=0.00, real=0.00 secs] 
2019-01-02T11:14:02.493+0530: 910.393: [GC (Allocation Failure) 2019-01-02T11:14:02.494+0530: 910.393: [DefNew
Desired survivor size 32768 bytes, new threshold 15 (max 15)
- age   2:         24 bytes,         24 total
- age   5:        184 bytes,        208 total
- age  11:         16 bytes,        224 total
: 514K->0K(960K), 0.0004276 secs] 7184K->7184K(10176K), 0.0005245 secs] [Times: user=0.00 sys=0.00, real=0.00 secs] 
2019-01-02T11:14:02.494+0530: 910.394: [GC (Allocation Failure) 2019-01-02T11:14:02.494+0530: 910.394: [DefNew
Desired survivor size 32768 bytes, new threshold 15 (max 15)
- age   1:         24 bytes,         24 total
- age   6:         72 bytes,         96 total
- age  12:         16 bytes,        112 total
: 532K->0K(960K), 0.0003347 secs] 7716K->7698K(10176K), 0.0004082 secs] [Times: user=0.00 sys=0.00, real=0.00 secs] 
2019-01-02T11:14:02.552+0530: 910.452: [GC (Allocation Failure) 2019-01-02T11:14:02.552+0530: 910.452: [DefNew
Desired survivor size 32768 bytes, new threshold 15 (max 15)
- age   1:        248 bytes,        248 total
- age   7:         16 bytes,        264 total
- age  13:         16 bytes,        280 total
: 885K->0K(960K), 0.0010708 secs] 8584K->7770K(10176K), 0.0013638 secs] [Times: user=0.02 sys=0.00, real=0.00 secs] 
2019-01-02T11:14:02.555+0530: 910.455: [GC (Allocation Failure) 2019-01-02T11:14:02.555+0530: 910.455: [DefNew
Desired survivor size 32768 bytes, new threshold 15 (max 15)
- age   1:         40 bytes,         40 total
- age   2:        184 bytes,        224 total
- age   8:         16 bytes,        240 total
- age  14:         16 bytes,        256 total
: 896K->0K(960K), 0.0006192 secs] 8666K->8058K(10176K), 0.0007298 secs] [Times: user=0.00 sys=0.00, real=0.00 secs] 
2019-01-02T11:14:02.557+0530: 910.457: [GC (Allocation Failure) 2019-01-02T11:14:02.557+0530: 910.457: [DefNew
Desired survivor size 32768 bytes, new threshold 15 (max 15)
- age   1:         40 bytes,         40 total
- age   3:        184 bytes,        224 total
- age   9:         16 bytes,        240 total
- age  15:         16 bytes,        256 total
: 896K->0K(960K), 0.0006711 secs] 8954K->8634K(10176K), 0.0007794 secs] [Times: user=0.00 sys=0.00, real=0.00 secs] 
2019-01-02T11:14:02.559+0530: 910.459: [GC (Allocation Failure) 2019-01-02T11:14:02.560+0530: 910.459: [DefNew
Desired survivor size 32768 bytes, new threshold 15 (max 15)
- age   1:         24 bytes,         24 total
- age   4:        184 bytes,        208 total
- age  10:         16 bytes,        224 total
: 515K->0K(960K), 0.0005513 secs] 9150K->8634K(10176K), 0.0007355 secs] [Times: user=0.00 sys=0.00, real=0.00 secs] 
2019-01-02T11:14:02.561+0530: 910.461: [GC (Allocation Failure) 2019-01-02T11:14:02.561+0530: 910.461: [DefNew
Desired survivor size 32768 bytes, new threshold 15 (max 15)
- age   2:         24 bytes,         24 total
- age   5:        184 bytes,        208 total
- age  11:         16 bytes,        224 total
: 514K->0K(960K), 0.0005913 secs] 9149K->9149K(10176K), 0.0007298 secs] [Times: user=0.00 sys=0.00, real=0.00 secs] 
2019-01-02T11:14:02.562+0530: 910.462: [GC (Allocation Failure) 2019-01-02T11:14:02.562+0530: 910.462: [DefNew: 532K->532K(960K), 0.0000279 secs]2019-01-02T11:14:02.562+0530: 910.462: [Tenured: 9148K->1289K(9216K), 0.0041747 secs] 9681K->1289K(10176K), [Metaspace: 2520K->2520K(1056768K)], 0.0043269 secs] [Times: user=0.00 sys=0.00, real=0.00 secs] 
2019-01-02T11:14:02.636+0530: 910.536: [GC (Allocation Failure) 2019-01-02T11:14:02.636+0530: 910.536: [DefNew
Desired survivor size 32768 bytes, new threshold 15 (max 15)
- age   1:        248 bytes,        248 total
: 885K->0K(960K), 0.0013832 secs] 2175K->1876K(10176K), 0.0015982 secs] [Times: user=0.00 sys=0.00, real=0.00 secs] 
2019-01-02T11:14:02.639+0530: 910.539: [GC (Allocation Failure) 2019-01-02T11:14:02.639+0530: 910.539: [DefNew
Desired survivor size 32768 bytes, new threshold 15 (max 15)
- age   1:         40 bytes,         40 total
- age   2:        184 bytes,        224 total
: 896K->0K(960K), 0.0006836 secs] 2772K->2164K(10176K), 0.0007902 secs] [Times: user=0.00 sys=0.00, real=0.00 secs] 
2019-01-02T11:14:02.641+0530: 910.541: [GC (Allocation Failure) 2019-01-02T11:14:02.641+0530: 910.541: [DefNew
Desired survivor size 32768 bytes, new threshold 15 (max 15)
- age   1:         40 bytes,         40 total
- age   3:        184 bytes,        224 total
: 896K->0K(960K), 0.0008666 secs] 3060K->2740K(10176K), 0.0009647 secs] [Times: user=0.00 sys=0.00, real=0.00 secs] 
2019-01-02T11:14:02.644+0530: 910.543: [GC (Allocation Failure) 2019-01-02T11:14:02.644+0530: 910.543: [DefNew
Desired survivor size 32768 bytes, new threshold 15 (max 15)
- age   1:         24 bytes,         24 total
- age   4:        184 bytes,        208 total
: 515K->0K(960K), 0.0002303 secs] 3255K->2740K(10176K), 0.0002999 secs] [Times: user=0.00 sys=0.00, real=0.00 secs] 
2019-01-02T11:14:02.644+0530: 910.544: [GC (Allocation Failure) 2019-01-02T11:14:02.644+0530: 910.544: [DefNew
Desired survivor size 32768 bytes, new threshold 15 (max 15)
- age   2:         24 bytes,         24 total
- age   5:        184 bytes,        208 total
: 514K->0K(960K), 0.0003883 secs] 3254K->3254K(10176K), 0.0004732 secs] [Times: user=0.00 sys=0.00, real=0.00 secs] 
2019-01-02T11:14:02.645+0530: 910.545: [GC (Allocation Failure) 2019-01-02T11:14:02.645+0530: 910.545: [DefNew
Desired survivor size 32768 bytes, new threshold 15 (max 15)
- age   1:         24 bytes,         24 total
- age   6:         72 bytes,         96 total
: 532K->0K(960K), 0.0003159 secs] 3786K->3769K(10176K), 0.0003877 secs] [Times: user=0.00 sys=0.00, real=0.00 secs] 
2019-01-02T11:14:02.704+0530: 910.604: [GC (Allocation Failure) 2019-01-02T11:14:02.704+0530: 910.604: [DefNew
Desired survivor size 32768 bytes, new threshold 15 (max 15)
- age   1:        248 bytes,        248 total
- age   7:         16 bytes,        264 total
: 885K->0K(960K), 0.0014197 secs] 4655K->3841K(10176K), 0.0017749 secs] [Times: user=0.00 sys=0.00, real=0.00 secs] 
2019-01-02T11:14:02.707+0530: 910.607: [GC (Allocation Failure) 2019-01-02T11:14:02.707+0530: 910.607: [DefNew
Desired survivor size 32768 bytes, new threshold 15 (max 15)
- age   1:         40 bytes,         40 total
- age   2:        184 bytes,        224 total
- age   8:         16 bytes,        240 total
: 896K->0K(960K), 0.0008353 secs] 4737K->4129K(10176K), 0.0009607 secs] [Times: user=0.00 sys=0.00, real=0.00 secs] 
2019-01-02T11:14:02.710+0530: 910.610: [GC (Allocation Failure) 2019-01-02T11:14:02.710+0530: 910.610: [DefNew
Desired survivor size 32768 bytes, new threshold 15 (max 15)
- age   1:         40 bytes,         40 total
- age   3:        184 bytes,        224 total
- age   9:         16 bytes,        240 total
: 896K->0K(960K), 0.0009596 secs] 5025K->4705K(10176K), 0.0012498 secs] [Times: user=0.00 sys=0.00, real=0.00 secs] 
2019-01-02T11:14:02.713+0530: 910.612: [GC (Allocation Failure) 2019-01-02T11:14:02.713+0530: 910.612: [DefNew
Desired survivor size 32768 bytes, new threshold 15 (max 15)
- age   1:         24 bytes,         24 total
- age   4:        184 bytes,        208 total
- age  10:         16 bytes,        224 total
: 515K->0K(960K), 0.0003353 secs] 5220K->4705K(10176K), 0.0004213 secs] [Times: user=0.00 sys=0.00, real=0.00 secs] 
2019-01-02T11:14:02.713+0530: 910.613: [GC (Allocation Failure) 2019-01-02T11:14:02.713+0530: 910.613: [DefNew
Desired survivor size 32768 bytes, new threshold 15 (max 15)
- age   2:         24 bytes,         24 total
- age   5:        184 bytes,        208 total
- age  11:         16 bytes,        224 total
: 514K->0K(960K), 0.0004082 secs] 5219K->5219K(10176K), 0.0004818 secs] [Times: user=0.00 sys=0.00, real=0.00 secs] 
2019-01-02T11:14:02.714+0530: 910.614: [GC (Allocation Failure) 2019-01-02T11:14:02.714+0530: 910.614: [DefNew
Desired survivor size 32768 bytes, new threshold 15 (max 15)
- age   1:         24 bytes,         24 total
- age   6:         72 bytes,         96 total
- age  12:         16 bytes,        112 total
: 532K->0K(960K), 0.0004003 secs] 5751K->5734K(10176K), 0.0004909 secs] [Times: user=0.00 sys=0.00, real=0.00 secs] 
2019-01-02T11:14:02.775+0530: 910.674: [GC (Allocation Failure) 2019-01-02T11:14:02.775+0530: 910.675: [DefNew
Desired survivor size 32768 bytes, new threshold 15 (max 15)
- age   1:        248 bytes,        248 total
- age   7:         16 bytes,        264 total
- age  13:         16 bytes,        280 total
: 885K->0K(960K), 0.0008153 secs] 6620K->5806K(10176K), 0.0010377 secs] [Times: user=0.00 sys=0.00, real=0.00 secs] 
2019-01-02T11:14:02.778+0530: 910.677: [GC (Allocation Failure) 2019-01-02T11:14:02.778+0530: 910.677: [DefNew
Desired survivor size 32768 bytes, new threshold 15 (max 15)
- age   1:         40 bytes,         40 total
- age   2:        184 bytes,        224 total
- age   8:         16 bytes,        240 total
- age  14:         16 bytes,        256 total
: 896K->0K(960K), 0.0008758 secs] 6702K->6094K(10176K), 0.0011586 secs] [Times: user=0.00 sys=0.00, real=0.00 secs] 
2019-01-02T11:14:02.780+0530: 910.680: [GC (Allocation Failure) 2019-01-02T11:14:02.780+0530: 910.680: [DefNew
Desired survivor size 32768 bytes, new threshold 15 (max 15)
- age   1:         40 bytes,         40 total
- age   3:        184 bytes,        224 total
- age   9:         16 bytes,        240 total
- age  15:         16 bytes,        256 total
: 896K->0K(960K), 0.0011740 secs] 6990K->6670K(10176K), 0.0013387 secs] [Times: user=0.00 sys=0.00, real=0.00 secs] 
2019-01-02T11:14:02.783+0530: 910.682: [GC (Allocation Failure) 2019-01-02T11:14:02.783+0530: 910.683: [DefNew
Desired survivor size 32768 bytes, new threshold 15 (max 15)
- age   1:         24 bytes,         24 total
- age   4:        184 bytes,        208 total
- age  10:         16 bytes,        224 total
: 515K->0K(960K), 0.0002435 secs] 7185K->6670K(10176K), 0.0002999 secs] [Times: user=0.00 sys=0.00, real=0.00 secs] 
2019-01-02T11:14:02.783+0530: 910.683: [GC (Allocation Failure) 2019-01-02T11:14:02.783+0530: 910.683: [DefNew
Desired survivor size 32768 bytes, new threshold 15 (max 15)
- age   2:         24 bytes,         24 total
- age   5:        184 bytes,        208 total
- age  11:         16 bytes,        224 total
: 514K->0K(960K), 0.0003016 secs] 7184K->7184K(10176K), 0.0003541 secs] [Times: user=0.00 sys=0.00, real=0.00 secs] 
2019-01-02T11:14:02.784+0530: 910.684: [GC (Allocation Failure) 2019-01-02T11:14:02.784+0530: 910.684: [DefNew
Desired survivor size 32768 bytes, new threshold 15 (max 15)
- age   1:         24 bytes,         24 total
- age   6:         72 bytes,         96 total
- age  12:         16 bytes,        112 total
: 532K->0K(960K), 0.0003809 secs] 7717K->7699K(10176K), 0.0004390 secs] [Times: user=0.00 sys=0.00, real=0.00 secs] 
2019-01-02T11:14:02.844+0530: 910.743: [GC (Allocation Failure) 2019-01-02T11:14:02.844+0530: 910.743: [DefNew
Desired survivor size 32768 bytes, new threshold 15 (max 15)
- age   1:        248 bytes,        248 total
- age   7:         16 bytes,        264 total
- age  13:         16 bytes,        280 total
: 885K->0K(960K), 0.0004567 secs] 8585K->7771K(10176K), 0.0007292 secs] [Times: user=0.00 sys=0.00, real=0.00 secs] 
2019-01-02T11:14:02.846+0530: 910.746: [GC (Allocation Failure) 2019-01-02T11:14:02.847+0530: 910.746: [DefNew
Desired survivor size 32768 bytes, new threshold 15 (max 15)
- age   1:         40 bytes,         40 total
- age   2:        184 bytes,        224 total
- age   8:         16 bytes,        240 total
- age  14:         16 bytes,        256 total
: 896K->0K(960K), 0.0008741 secs] 8667K->8059K(10176K), 0.0011922 secs] [Times: user=0.00 sys=0.00, real=0.00 secs] 
2019-01-02T11:14:02.849+0530: 910.749: [GC (Allocation Failure) 2019-01-02T11:14:02.849+0530: 910.749: [DefNew
Desired survivor size 32768 bytes, new threshold 15 (max 15)
- age   1:         40 bytes,         40 total
- age   3:        184 bytes,        224 total
- age   9:         16 bytes,        240 total
- age  15:         16 bytes,        256 total
: 896K->0K(960K), 0.0008353 secs] 8955K->8635K(10176K), 0.0009744 secs] [Times: user=0.00 sys=0.00, real=0.00 secs] 
2019-01-02T11:14:02.851+0530: 910.751: [GC (Allocation Failure) 2019-01-02T11:14:02.851+0530: 910.751: [DefNew
Desired survivor size 32768 bytes, new threshold 15 (max 15)
- age   1:         24 bytes,         24 total
- age   4:        184 bytes,        208 total
- age  10:         16 bytes,        224 total
: 515K->0K(960K), 0.0002663 secs] 9150K->8635K(10176K), 0.0003444 secs] [Times: user=0.00 sys=0.00, real=0.00 secs] 
2019-01-02T11:14:02.852+0530: 910.752: [GC (Allocation Failure) 2019-01-02T11:14:02.852+0530: 910.752: [DefNew
Desired survivor size 32768 bytes, new threshold 15 (max 15)
- age   2:         24 bytes,         24 total
- age   5:        184 bytes,        208 total
- age  11:         16 bytes,        224 total
: 514K->0K(960K), 0.0003324 secs] 9149K->9149K(10176K), 0.0004088 secs] [Times: user=0.00 sys=0.00, real=0.00 secs] 
2019-01-02T11:14:02.853+0530: 910.753: [GC (Allocation Failure) 2019-01-02T11:14:02.853+0530: 910.753: [DefNew: 532K->532K(960K), 0.0000975 secs]2019-01-02T11:14:02.853+0530: 910.753: [Tenured: 9149K->1289K(9216K), 0.0063419 secs] 9682K->1289K(10176K), [Metaspace: 2520K->2520K(1056768K)], 0.0067581 secs] [Times: user=0.00 sys=0.00, real=0.01 secs] 
2019-01-02T11:14:02.921+0530: 910.821: [GC (Allocation Failure) 2019-01-02T11:14:02.921+0530: 910.821: [DefNew
Desired survivor size 32768 bytes, new threshold 15 (max 15)
- age   1:        248 bytes,        248 total
: 885K->0K(960K), 0.0021449 secs] 2175K->1876K(10176K), 0.0024779 secs] [Times: user=0.00 sys=0.00, real=0.00 secs] 
2019-01-02T11:14:02.925+0530: 910.825: [GC (Allocation Failure) 2019-01-02T11:14:02.925+0530: 910.825: [DefNew
Desired survivor size 32768 bytes, new threshold 15 (max 15)
- age   1:         40 bytes,         40 total
- age   2:        184 bytes,        224 total
: 896K->0K(960K), 0.0017344 secs] 2772K->2164K(10176K), 0.0018884 secs] [Times: user=0.00 sys=0.02, real=0.00 secs] 
2019-01-02T11:14:02.928+0530: 910.828: [GC (Allocation Failure) 2019-01-02T11:14:02.928+0530: 910.828: [DefNew
Desired survivor size 32768 bytes, new threshold 15 (max 15)
- age   1:         40 bytes,         40 total
- age   3:        184 bytes,        224 total
: 896K->0K(960K), 0.0009818 secs] 3060K->2740K(10176K), 0.0011665 secs] [Times: user=0.00 sys=0.00, real=0.00 secs] 
2019-01-02T11:14:02.931+0530: 910.831: [GC (Allocation Failure) 2019-01-02T11:14:02.931+0530: 910.831: [DefNew
Desired survivor size 32768 bytes, new threshold 15 (max 15)
- age   1:         24 bytes,         24 total
- age   4:        184 bytes,        208 total
: 515K->0K(960K), 0.0006203 secs] 3256K->2740K(10176K), 0.0007595 secs] [Times: user=0.00 sys=0.00, real=0.00 secs] 
2019-01-02T11:14:02.932+0530: 910.832: [GC (Allocation Failure) 2019-01-02T11:14:02.932+0530: 910.832: [DefNew
Desired survivor size 32768 bytes, new threshold 15 (max 15)
- age   2:         24 bytes,         24 total
- age   5:        184 bytes,        208 total
: 514K->0K(960K), 0.0010679 secs] 3255K->3255K(10176K), 0.0012065 secs] [Times: user=0.00 sys=0.00, real=0.00 secs] 
2019-01-02T11:14:02.934+0530: 910.834: [GC (Allocation Failure) 2019-01-02T11:14:02.934+0530: 910.834: [DefNew
Desired survivor size 32768 bytes, new threshold 15 (max 15)
- age   1:         24 bytes,         24 total
- age   6:         72 bytes,         96 total
: 532K->0K(960K), 0.0007458 secs] 3787K->3769K(10176K), 0.0008769 secs] [Times: user=0.00 sys=0.00, real=0.00 secs] 
2019-01-02T11:14:02.996+0530: 910.896: [GC (Allocation Failure) 2019-01-02T11:14:02.996+0530: 910.896: [DefNew
Desired survivor size 32768 bytes, new threshold 15 (max 15)
- age   1:        248 bytes,        248 total
- age   7:         16 bytes,        264 total
: 885K->0K(960K), 0.0007737 secs] 4655K->3841K(10176K), 0.0011643 secs] [Times: user=0.00 sys=0.00, real=0.00 secs] 
2019-01-02T11:14:02.999+0530: 910.899: [GC (Allocation Failure) 2019-01-02T11:14:02.999+0530: 910.899: [DefNew
Desired survivor size 32768 bytes, new threshold 15 (max 15)
- age   1:         40 bytes,         40 total
- age   2:        184 bytes,        224 total
- age   8:         16 bytes,        240 total
: 896K->0K(960K), 0.0006220 secs] 4737K->4129K(10176K), 0.0008712 secs] [Times: user=0.00 sys=0.00, real=0.00 secs] 
2019-01-02T11:14:03.001+0530: 910.901: [GC (Allocation Failure) 2019-01-02T11:14:03.001+0530: 910.901: [DefNew
Desired survivor size 32768 bytes, new threshold 15 (max 15)
- age   1:         40 bytes,         40 total
- age   3:        184 bytes,        224 total
- age   9:         16 bytes,        240 total
: 896K->0K(960K), 0.0011512 secs] 5025K->4705K(10176K), 0.0013097 secs] [Times: user=0.00 sys=0.00, real=0.00 secs] 
2019-01-02T11:14:03.005+0530: 910.904: [GC (Allocation Failure) 2019-01-02T11:14:03.005+0530: 910.904: [DefNew
Desired survivor size 32768 bytes, new threshold 15 (max 15)
- age   1:         24 bytes,         24 total
- age   4:        184 bytes,        208 total
- age  10:         16 bytes,        224 total
: 515K->0K(960K), 0.0003752 secs] 5221K->4705K(10176K), 0.0005787 secs] [Times: user=0.02 sys=0.00, real=0.00 secs] 
2019-01-02T11:14:03.006+0530: 910.905: [GC (Allocation Failure) 2019-01-02T11:14:03.006+0530: 910.905: [DefNew
Desired survivor size 32768 bytes, new threshold 15 (max 15)
- age   2:         24 bytes,         24 total
- age   5:        184 bytes,        208 total
- age  11:         16 bytes,        224 total
: 514K->0K(960K), 0.0004698 secs] 5220K->5220K(10176K), 0.0005667 secs] [Times: user=0.00 sys=0.00, real=0.00 secs] 
2019-01-02T11:14:03.007+0530: 910.906: [GC (Allocation Failure) 2019-01-02T11:14:03.007+0530: 910.906: [DefNew
Desired survivor size 32768 bytes, new threshold 15 (max 15)
- age   1:         24 bytes,         24 total
- age   6:         72 bytes,         96 total
- age  12:         16 bytes,        112 total
: 532K->0K(960K), 0.0007703 secs] 5752K->5734K(10176K), 0.0008837 secs] [Times: user=0.00 sys=0.00, real=0.00 secs] 
2019-01-02T11:14:03.063+0530: 910.963: [GC (Allocation Failure) 2019-01-02T11:14:03.064+0530: 910.963: [DefNew
Desired survivor size 32768 bytes, new threshold 15 (max 15)
- age   1:        248 bytes,        248 total
- age   7:         16 bytes,        264 total
- age  13:         16 bytes,        280 total
: 886K->0K(960K), 0.0005519 secs] 6620K->5807K(10176K), 0.0008986 secs] [Times: user=0.00 sys=0.00, real=0.00 secs] 
2019-01-02T11:14:03.066+0530: 910.966: [GC (Allocation Failure) 2019-01-02T11:14:03.066+0530: 910.966: [DefNew
Desired survivor size 32768 bytes, new threshold 15 (max 15)
- age   1:         40 bytes,         40 total
- age   2:        184 bytes,        224 total
- age   8:         16 bytes,        240 total
- age  14:         16 bytes,        256 total
: 896K->0K(960K), 0.0011620 secs] 6703K->6095K(10176K), 0.0013558 secs] [Times: user=0.00 sys=0.00, real=0.00 secs] 
2019-01-02T11:14:03.069+0530: 910.969: [GC (Allocation Failure) 2019-01-02T11:14:03.069+0530: 910.969: [DefNew
Desired survivor size 32768 bytes, new threshold 15 (max 15)
- age   1:         40 bytes,         40 total
- age   3:        184 bytes,        224 total
- age   9:         16 bytes,        240 total
- age  15:         16 bytes,        256 total
: 896K->0K(960K), 0.0012293 secs] 6991K->6671K(10176K), 0.0014516 secs] [Times: user=0.00 sys=0.00, real=0.00 secs] 
2019-01-02T11:14:03.072+0530: 910.972: [GC (Allocation Failure) 2019-01-02T11:14:03.073+0530: 910.972: [DefNew
Desired survivor size 32768 bytes, new threshold 15 (max 15)
- age   1:         24 bytes,         24 total
- age   4:        184 bytes,        208 total
- age  10:         16 bytes,        224 total
: 515K->0K(960K), 0.0003786 secs] 7186K->6671K(10176K), 0.0005445 secs] [Times: user=0.00 sys=0.00, real=0.00 secs] 
2019-01-02T11:14:03.073+0530: 910.973: [GC (Allocation Failure) 2019-01-02T11:14:03.074+0530: 910.973: [DefNew
Desired survivor size 32768 bytes, new threshold 15 (max 15)
- age   2:         24 bytes,         24 total
- age   5:        184 bytes,        208 total
- age  11:         16 bytes,        224 total
: 514K->0K(960K), 0.0007133 secs] 7185K->7185K(10176K), 0.0007931 secs] [Times: user=0.00 sys=0.00, real=0.00 secs] 
2019-01-02T11:14:03.075+0530: 910.975: [GC (Allocation Failure) 2019-01-02T11:14:03.075+0530: 910.975: [DefNew
Desired survivor size 32768 bytes, new threshold 15 (max 15)
- age   1:         24 bytes,         24 total
- age   6:         72 bytes,         96 total
- age  12:         16 bytes,        112 total
: 532K->0K(960K), 0.0005399 secs] 7717K->7700K(10176K), 0.0006386 secs] [Times: user=0.00 sys=0.00, real=0.00 secs] 
2019-01-02T11:14:03.134+0530: 911.034: [GC (Allocation Failure) 2019-01-02T11:14:03.134+0530: 911.034: [DefNew
Desired survivor size 32768 bytes, new threshold 15 (max 15)
- age   1:        248 bytes,        248 total
- age   7:         16 bytes,        264 total
- age  13:         16 bytes,        280 total
: 886K->0K(960K), 0.0010417 secs] 8585K->7772K(10176K), 0.0012418 secs] [Times: user=0.00 sys=0.00, real=0.00 secs] 
2019-01-02T11:14:03.137+0530: 911.037: [GC (Allocation Failure) 2019-01-02T11:14:03.137+0530: 911.037: [DefNew
Desired survivor size 32768 bytes, new threshold 15 (max 15)
- age   1:         40 bytes,         40 total
- age   2:        184 bytes,        224 total
- age   8:         16 bytes,        240 total
- age  14:         16 bytes,        256 total
: 896K->0K(960K), 0.0013211 secs] 8668K->8060K(10176K), 0.0016797 secs] [Times: user=0.00 sys=0.00, real=0.00 secs] 
2019-01-02T11:14:03.141+0530: 911.041: [GC (Allocation Failure) 2019-01-02T11:14:03.141+0530: 911.041: [DefNew
Desired survivor size 32768 bytes, new threshold 15 (max 15)
- age   1:         40 bytes,         40 total
- age   3:        184 bytes,        224 total
- age   9:         16 bytes,        240 total
- age  15:         16 bytes,        256 total
: 896K->0K(960K), 0.0009265 secs] 8956K->8636K(10176K), 0.0010559 secs] [Times: user=0.00 sys=0.00, real=0.00 secs] 
2019-01-02T11:14:03.143+0530: 911.043: [GC (Allocation Failure) 2019-01-02T11:14:03.144+0530: 911.043: [DefNew
Desired survivor size 32768 bytes, new threshold 15 (max 15)
- age   1:         24 bytes,         24 total
- age   4:        184 bytes,        208 total
- age  10:         16 bytes,        224 total
: 515K->0K(960K), 0.0005097 secs] 9151K->8636K(10176K), 0.0006203 secs] [Times: user=0.00 sys=0.00, real=0.00 secs] 
2019-01-02T11:14:03.145+0530: 911.044: [GC (Allocation Failure) 2019-01-02T11:14:03.145+0530: 911.044: [DefNew
Desired survivor size 32768 bytes, new threshold 15 (max 15)
- age   2:         24 bytes,         24 total
- age   5:        184 bytes,        208 total
- age  11:         16 bytes,        224 total
: 514K->0K(960K), 0.0003210 secs] 9150K->9150K(10176K), 0.0003894 secs] [Times: user=0.00 sys=0.00, real=0.00 secs] 
2019-01-02T11:14:03.145+0530: 911.045: [GC (Allocation Failure) 2019-01-02T11:14:03.145+0530: 911.045: [DefNew: 532K->532K(960K), 0.0000234 secs]2019-01-02T11:14:03.145+0530: 911.045: [Tenured: 9150K->1290K(9216K), 0.0040276 secs] 9683K->1290K(10176K), [Metaspace: 2520K->2520K(1056768K)], 0.0041582 secs] [Times: user=0.02 sys=0.00, real=0.00 secs] 
2019-01-02T11:14:03.210+0530: 911.109: [GC (Allocation Failure) 2019-01-02T11:14:03.210+0530: 911.109: [DefNew
Desired survivor size 32768 bytes, new threshold 15 (max 15)
- age   1:        248 bytes,        248 total
: 885K->0K(960K), 0.0009619 secs] 2176K->1876K(10176K), 0.0012258 secs] [Times: user=0.00 sys=0.00, real=0.00 secs] 
2019-01-02T11:14:03.212+0530: 911.112: [GC (Allocation Failure) 2019-01-02T11:14:03.213+0530: 911.112: [DefNew
Desired survivor size 32768 bytes, new threshold 15 (max 15)
- age   1:         40 bytes,         40 total
- age   2:        184 bytes,        224 total
: 896K->0K(960K), 0.0004835 secs] 2772K->2164K(10176K), 0.0007178 secs] [Times: user=0.00 sys=0.00, real=0.00 secs] 
2019-01-02T11:14:03.215+0530: 911.114: [GC (Allocation Failure) 2019-01-02T11:14:03.215+0530: 911.114: [DefNew
Desired survivor size 32768 bytes, new threshold 15 (max 15)
- age   1:         40 bytes,         40 total
- age   3:        184 bytes,        224 total
: 896K->0K(960K), 0.0011289 secs] 3060K->2740K(10176K), 0.0012583 secs] [Times: user=0.00 sys=0.00, real=0.00 secs] 
2019-01-02T11:14:03.217+0530: 911.117: [GC (Allocation Failure) 2019-01-02T11:14:03.217+0530: 911.117: [DefNew
Desired survivor size 32768 bytes, new threshold 15 (max 15)
- age   1:         24 bytes,         24 total
- age   4:        184 bytes,        208 total
: 515K->0K(960K), 0.0002640 secs] 3256K->2740K(10176K), 0.0003478 secs] [Times: user=0.00 sys=0.00, real=0.00 secs] 
2019-01-02T11:14:03.218+0530: 911.118: [GC (Allocation Failure) 2019-01-02T11:14:03.218+0530: 911.118: [DefNew
Desired survivor size 32768 bytes, new threshold 15 (max 15)
- age   2:         24 bytes,         24 total
- age   5:        184 bytes,        208 total
: 514K->0K(960K), 0.0003039 secs] 3255K->3255K(10176K), 0.0003558 secs] [Times: user=0.00 sys=0.00, real=0.00 secs] 
2019-01-02T11:14:03.219+0530: 911.118: [GC (Allocation Failure) 2019-01-02T11:14:03.219+0530: 911.118: [DefNew
Desired survivor size 32768 bytes, new threshold 15 (max 15)
- age   1:         24 bytes,         24 total
- age   6:         72 bytes,         96 total
: 532K->0K(960K), 0.0003102 secs] 3787K->3770K(10176K), 0.0003717 secs] [Times: user=0.00 sys=0.00, real=0.00 secs] 
2019-01-02T11:14:03.278+0530: 911.177: [GC (Allocation Failure) 2019-01-02T11:14:03.278+0530: 911.178: [DefNew
Desired survivor size 32768 bytes, new threshold 15 (max 15)
- age   1:        248 bytes,        248 total
- age   7:         16 bytes,        264 total
: 886K->0K(960K), 0.0006266 secs] 4656K->3842K(10176K), 0.0008376 secs] [Times: user=0.00 sys=0.00, real=0.00 secs] 
2019-01-02T11:14:03.280+0530: 911.180: [GC (Allocation Failure) 2019-01-02T11:14:03.280+0530: 911.180: [DefNew
Desired survivor size 32768 bytes, new threshold 15 (max 15)
- age   1:         40 bytes,         40 total
- age   2:        184 bytes,        224 total
- age   8:         16 bytes,        240 total
: 896K->0K(960K), 0.0004841 secs] 4738K->4130K(10176K), 0.0007509 secs] [Times: user=0.00 sys=0.00, real=0.00 secs] 
2019-01-02T11:14:03.282+0530: 911.182: [GC (Allocation Failure) 2019-01-02T11:14:03.283+0530: 911.182: [DefNew
Desired survivor size 32768 bytes, new threshold 15 (max 15)
- age   1:         40 bytes,         40 total
- age   3:        184 bytes,        224 total
- age   9:         16 bytes,        240 total
: 896K->0K(960K), 0.0010639 secs] 5026K->4706K(10176K), 0.0014237 secs] [Times: user=0.00 sys=0.00, real=0.00 secs] 
2019-01-02T11:14:03.285+0530: 911.185: [GC (Allocation Failure) 2019-01-02T11:14:03.285+0530: 911.185: [DefNew
Desired survivor size 32768 bytes, new threshold 15 (max 15)
- age   1:         24 bytes,         24 total
- age   4:        184 bytes,        208 total
- age  10:         16 bytes,        224 total
: 515K->0K(960K), 0.0004618 secs] 5221K->4706K(10176K), 0.0005713 secs] [Times: user=0.01 sys=0.00, real=0.00 secs] 
2019-01-02T11:14:03.286+0530: 911.186: [GC (Allocation Failure) 2019-01-02T11:14:03.286+0530: 911.186: [DefNew
Desired survivor size 32768 bytes, new threshold 15 (max 15)
- age   2:         24 bytes,         24 total
- age   5:        184 bytes,        208 total
- age  11:         16 bytes,        224 total
: 514K->0K(960K), 0.0003689 secs] 5220K->5220K(10176K), 0.0004504 secs] [Times: user=0.00 sys=0.00, real=0.00 secs] 
2019-01-02T11:14:03.287+0530: 911.187: [GC (Allocation Failure) 2019-01-02T11:14:03.287+0530: 911.187: [DefNew
Desired survivor size 32768 bytes, new threshold 15 (max 15)
- age   1:         24 bytes,         24 total
- age   6:         72 bytes,         96 total
- age  12:         16 bytes,        112 total
: 532K->0K(960K), 0.0004960 secs] 5753K->5735K(10176K), 0.0006129 secs] [Times: user=0.00 sys=0.00, real=0.00 secs] 
2019-01-02T11:14:03.346+0530: 911.246: [GC (Allocation Failure) 2019-01-02T11:14:03.347+0530: 911.246: [DefNew
Desired survivor size 32768 bytes, new threshold 15 (max 15)
- age   1:        248 bytes,        248 total
- age   7:         16 bytes,        264 total
- age  13:         16 bytes,        280 total
: 886K->0K(960K), 0.0007731 secs] 6621K->5807K(10176K), 0.0010782 secs] [Times: user=0.00 sys=0.00, real=0.00 secs] 
2019-01-02T11:14:03.350+0530: 911.249: [GC (Allocation Failure) 2019-01-02T11:14:03.350+0530: 911.250: [DefNew
Desired survivor size 32768 bytes, new threshold 15 (max 15)
- age   1:         40 bytes,         40 total
- age   2:        184 bytes,        224 total
- age   8:         16 bytes,        240 total
- age  14:         16 bytes,        256 total
: 896K->0K(960K), 0.0010947 secs] 6703K->6095K(10176K), 0.0013410 secs] [Times: user=0.00 sys=0.00, real=0.00 secs] 
2019-01-02T11:14:03.352+0530: 911.252: [GC (Allocation Failure) 2019-01-02T11:14:03.353+0530: 911.252: [DefNew
Desired survivor size 32768 bytes, new threshold 15 (max 15)
- age   1:         40 bytes,         40 total
- age   3:        184 bytes,        224 total
- age   9:         16 bytes,        240 total
- age  15:         16 bytes,        256 total
: 896K->0K(960K), 0.0012104 secs] 6991K->6671K(10176K), 0.0013729 secs] [Times: user=0.00 sys=0.00, real=0.00 secs] 
2019-01-02T11:14:03.355+0530: 911.255: [GC (Allocation Failure) 2019-01-02T11:14:03.355+0530: 911.255: [DefNew
Desired survivor size 32768 bytes, new threshold 15 (max 15)
- age   1:         24 bytes,         24 total
- age   4:        184 bytes,        208 total
- age  10:         16 bytes,        224 total
: 515K->0K(960K), 0.0002623 secs] 7187K->6671K(10176K), 0.0003398 secs] [Times: user=0.00 sys=0.00, real=0.00 secs] 
2019-01-02T11:14:03.356+0530: 911.256: [GC (Allocation Failure) 2019-01-02T11:14:03.356+0530: 911.256: [DefNew
Desired survivor size 32768 bytes, new threshold 15 (max 15)
- age   2:         24 bytes,         24 total
- age   5:        184 bytes,        208 total
- age  11:         16 bytes,        224 total
: 514K->0K(960K), 0.0012561 secs] 7186K->7186K(10176K), 0.0014499 secs] [Times: user=0.00 sys=0.00, real=0.00 secs] 
2019-01-02T11:14:03.358+0530: 911.258: [GC (Allocation Failure) 2019-01-02T11:14:03.358+0530: 911.258: [DefNew
Desired survivor size 32768 bytes, new threshold 15 (max 15)
- age   1:         24 bytes,         24 total
- age   6:         72 bytes,         96 total
- age  12:         16 bytes,        112 total
: 532K->0K(960K), 0.0004567 secs] 7718K->7700K(10176K), 0.0005742 secs] [Times: user=0.00 sys=0.00, real=0.00 secs] 
2019-01-02T11:14:03.417+0530: 911.316: [GC (Allocation Failure) 2019-01-02T11:14:03.417+0530: 911.317: [DefNew
Desired survivor size 32768 bytes, new threshold 15 (max 15)
- age   1:        248 bytes,        248 total
- age   7:         16 bytes,        264 total
- age  13:         16 bytes,        280 total
: 886K->0K(960K), 0.0004379 secs] 8586K->7772K(10176K), 0.0007549 secs] [Times: user=0.00 sys=0.00, real=0.00 secs] 
2019-01-02T11:14:03.419+0530: 911.319: [GC (Allocation Failure) 2019-01-02T11:14:03.420+0530: 911.319: [DefNew
Desired survivor size 32768 bytes, new threshold 15 (max 15)
- age   1:         40 bytes,         40 total
- age   2:        184 bytes,        224 total
- age   8:         16 bytes,        240 total
- age  14:         16 bytes,        256 total
: 896K->0K(960K), 0.0010411 secs] 8668K->8060K(10176K), 0.0012829 secs] [Times: user=0.00 sys=0.00, real=0.00 secs] 
2019-01-02T11:14:03.422+0530: 911.322: [GC (Allocation Failure) 2019-01-02T11:14:03.423+0530: 911.322: [DefNew
Desired survivor size 32768 bytes, new threshold 15 (max 15)
- age   1:         40 bytes,         40 total
- age   3:        184 bytes,        224 total
- age   9:         16 bytes,        240 total
- age  15:         16 bytes,        256 total
: 896K->0K(960K), 0.0013222 secs] 8956K->8636K(10176K), 0.0016449 secs] [Times: user=0.00 sys=0.00, real=0.00 secs] 
2019-01-02T11:14:03.427+0530: 911.326: [GC (Allocation Failure) 2019-01-02T11:14:03.427+0530: 911.326: [DefNew
Desired survivor size 32768 bytes, new threshold 15 (max 15)
- age   1:         24 bytes,         24 total
- age   4:        184 bytes,        208 total
- age  10:         16 bytes,        224 total
: 515K->0K(960K), 0.0004812 secs] 9152K->8636K(10176K), 0.0006078 secs] [Times: user=0.00 sys=0.00, real=0.00 secs] 
2019-01-02T11:14:03.428+0530: 911.328: [GC (Allocation Failure) 2019-01-02T11:14:03.428+0530: 911.328: [DefNew
Desired survivor size 32768 bytes, new threshold 15 (max 15)
- age   2:         24 bytes,         24 total
- age   5:        184 bytes,        208 total
- age  11:         16 bytes,        224 total
: 514K->0K(960K), 0.0010229 secs] 9151K->9151K(10176K), 0.0011551 secs] [Times: user=0.00 sys=0.00, real=0.00 secs] 
2019-01-02T11:14:03.430+0530: 911.329: [GC (Allocation Failure) 2019-01-02T11:14:03.430+0530: 911.329: [DefNew: 532K->532K(960K), 0.0000268 secs]2019-01-02T11:14:03.430+0530: 911.329: [Tenured: 9151K->1290K(9216K), 0.0037984 secs] 9683K->1290K(10176K), [Metaspace: 2520K->2520K(1056768K)], 0.0039341 secs] [Times: user=0.00 sys=0.00, real=0.00 secs] 
2019-01-02T11:14:03.489+0530: 911.388: [GC (Allocation Failure) 2019-01-02T11:14:03.489+0530: 911.389: [DefNew
Desired survivor size 32768 bytes, new threshold 15 (max 15)
- age   1:        248 bytes,        248 total
: 886K->0K(960K), 0.0013798 secs] 2176K->1877K(10176K), 0.0017287 secs] [Times: user=0.00 sys=0.00, real=0.00 secs] 
2019-01-02T11:14:03.492+0530: 911.392: [GC (Allocation Failure) 2019-01-02T11:14:03.492+0530: 911.392: [DefNew
Desired survivor size 32768 bytes, new threshold 15 (max 15)
- age   1:         40 bytes,         40 total
- age   2:        184 bytes,        224 total
: 896K->0K(960K), 0.0014009 secs] 2773K->2165K(10176K), 0.0016711 secs] [Times: user=0.00 sys=0.00, real=0.00 secs] 
2019-01-02T11:14:03.495+0530: 911.395: [GC (Allocation Failure) 2019-01-02T11:14:03.495+0530: 911.395: [DefNew
Desired survivor size 32768 bytes, new threshold 15 (max 15)
- age   1:         40 bytes,         40 total
- age   3:        184 bytes,        224 total
: 896K->0K(960K), 0.0007880 secs] 3061K->2741K(10176K), 0.0009453 secs] [Times: user=0.00 sys=0.00, real=0.00 secs] 
2019-01-02T11:14:03.497+0530: 911.397: [GC (Allocation Failure) 2019-01-02T11:14:03.497+0530: 911.397: [DefNew
Desired survivor size 32768 bytes, new threshold 15 (max 15)
- age   1:         24 bytes,         24 total
- age   4:        184 bytes,        208 total
: 515K->0K(960K), 0.0005776 secs] 3256K->2741K(10176K), 0.0007349 secs] [Times: user=0.00 sys=0.00, real=0.00 secs] 
2019-01-02T11:14:03.499+0530: 911.398: [GC (Allocation Failure) 2019-01-02T11:14:03.499+0530: 911.399: [DefNew
Desired survivor size 32768 bytes, new threshold 15 (max 15)
- age   2:         24 bytes,         24 total
- age   5:        184 bytes,        208 total
: 514K->0K(960K), 0.0003763 secs] 3255K->3255K(10176K), 0.0004710 secs] [Times: user=0.00 sys=0.00, real=0.00 secs] 
2019-01-02T11:14:03.500+0530: 911.399: [GC (Allocation Failure) 2019-01-02T11:14:03.500+0530: 911.399: [DefNew
Desired survivor size 32768 bytes, new threshold 15 (max 15)
- age   1:         24 bytes,         24 total
- age   6:         72 bytes,         96 total
: 532K->0K(960K), 0.0003181 secs] 3788K->3770K(10176K), 0.0003900 secs] [Times: user=0.00 sys=0.00, real=0.00 secs] 
2019-01-02T11:14:03.555+0530: 911.455: [GC (Allocation Failure) 2019-01-02T11:14:03.555+0530: 911.455: [DefNew
Desired survivor size 32768 bytes, new threshold 15 (max 15)
- age   1:        248 bytes,        248 total
- age   7:         16 bytes,        264 total
: 886K->0K(960K), 0.0008068 secs] 4656K->3842K(10176K), 0.0010753 secs] [Times: user=0.00 sys=0.00, real=0.00 secs] 
2019-01-02T11:14:03.559+0530: 911.459: [GC (Allocation Failure) 2019-01-02T11:14:03.559+0530: 911.459: [DefNew
Desired survivor size 32768 bytes, new threshold 15 (max 15)
- age   1:         40 bytes,         40 total
- age   2:        184 bytes,        224 total
- age   8:         16 bytes,        240 total
: 896K->0K(960K), 0.0010103 secs] 4738K->4130K(10176K), 0.0014368 secs] [Times: user=0.00 sys=0.00, real=0.00 secs] 
2019-01-02T11:14:03.562+0530: 911.462: [GC (Allocation Failure) 2019-01-02T11:14:03.563+0530: 911.462: [DefNew
Desired survivor size 32768 bytes, new threshold 15 (max 15)
- age   1:         40 bytes,         40 total
- age   3:        184 bytes,        224 total
- age   9:         16 bytes,        240 total
: 896K->0K(960K), 0.0010833 secs] 5026K->4706K(10176K), 0.0012926 secs] [Times: user=0.00 sys=0.00, real=0.00 secs] 
2019-01-02T11:14:03.565+0530: 911.465: [GC (Allocation Failure) 2019-01-02T11:14:03.565+0530: 911.465: [DefNew
Desired survivor size 32768 bytes, new threshold 15 (max 15)
- age   1:         24 bytes,         24 total
- age   4:        184 bytes,        208 total
- age  10:         16 bytes,        224 total
: 515K->0K(960K), 0.0002571 secs] 5222K->4706K(10176K), 0.0003164 secs] [Times: user=0.00 sys=0.00, real=0.00 secs] 
2019-01-02T11:14:03.566+0530: 911.465: [GC (Allocation Failure) 2019-01-02T11:14:03.566+0530: 911.465: [DefNew
Desired survivor size 32768 bytes, new threshold 15 (max 15)
- age   2:         24 bytes,         24 total
- age   5:        184 bytes,        208 total
- age  11:         16 bytes,        224 total
: 514K->0K(960K), 0.0003102 secs] 5221K->5221K(10176K), 0.0003660 secs] [Times: user=0.00 sys=0.00, real=0.00 secs] 
2019-01-02T11:14:03.566+0530: 911.466: [GC (Allocation Failure) 2019-01-02T11:14:03.566+0530: 911.466: [DefNew
Desired survivor size 32768 bytes, new threshold 15 (max 15)
- age   1:         24 bytes,         24 total
- age   6:         72 bytes,         96 total
- age  12:         16 bytes,        112 total
: 532K->0K(960K), 0.0002988 secs] 5753K->5735K(10176K), 0.0003495 secs] [Times: user=0.02 sys=0.00, real=0.00 secs] 
2019-01-02T11:14:03.625+0530: 911.525: [GC (Allocation Failure) 2019-01-02T11:14:03.626+0530: 911.525: [DefNew
Desired survivor size 32768 bytes, new threshold 15 (max 15)
- age   1:        248 bytes,        248 total
- age   7:         16 bytes,        264 total
- age  13:         16 bytes,        280 total
: 886K->0K(960K), 0.0006659 secs] 6622K->5808K(10176K), 0.0011101 secs] [Times: user=0.00 sys=0.00, real=0.00 secs] 
2019-01-02T11:14:03.628+0530: 911.528: [GC (Allocation Failure) 2019-01-02T11:14:03.628+0530: 911.528: [DefNew
Desired survivor size 32768 bytes, new threshold 15 (max 15)
- age   1:         40 bytes,         40 total
- age   2:        184 bytes,        224 total
- age   8:         16 bytes,        240 total
- age  14:         16 bytes,        256 total
: 896K->0K(960K), 0.0007053 secs] 6704K->6096K(10176K), 0.0009105 secs] [Times: user=0.02 sys=0.00, real=0.00 secs] 
2019-01-02T11:14:03.630+0530: 911.530: [GC (Allocation Failure) 2019-01-02T11:14:03.630+0530: 911.530: [DefNew
Desired survivor size 32768 bytes, new threshold 15 (max 15)
- age   1:         40 bytes,         40 total
- age   3:        184 bytes,        224 total
- age   9:         16 bytes,        240 total
- age  15:         16 bytes,        256 total
: 896K->0K(960K), 0.0013268 secs] 6992K->6672K(10176K), 0.0014716 secs] [Times: user=0.00 sys=0.00, real=0.00 secs] 
2019-01-02T11:14:03.633+0530: 911.533: [GC (Allocation Failure) 2019-01-02T11:14:03.633+0530: 911.533: [DefNew
Desired survivor size 32768 bytes, new threshold 15 (max 15)
- age   1:         24 bytes,         24 total
- age   4:        184 bytes,        208 total
- age  10:         16 bytes,        224 total
: 515K->0K(960K), 0.0002429 secs] 7187K->6672K(10176K), 0.0003010 secs] [Times: user=0.00 sys=0.00, real=0.00 secs] 
2019-01-02T11:14:03.634+0530: 911.533: [GC (Allocation Failure) 2019-01-02T11:14:03.634+0530: 911.533: [DefNew
Desired survivor size 32768 bytes, new threshold 15 (max 15)
- age   2:         24 bytes,         24 total
- age   5:        184 bytes,        208 total
- age  11:         16 bytes,        224 total
: 514K->0K(960K), 0.0003096 secs] 7186K->7186K(10176K), 0.0003598 secs] [Times: user=0.00 sys=0.00, real=0.00 secs] 
2019-01-02T11:14:03.634+0530: 911.534: [GC (Allocation Failure) 2019-01-02T11:14:03.634+0530: 911.534: [DefNew
Desired survivor size 32768 bytes, new threshold 15 (max 15)
- age   1:         24 bytes,         24 total
- age   6:         72 bytes,         96 total
- age  12:         16 bytes,        112 total
: 532K->0K(960K), 0.0003016 secs] 7719K->7701K(10176K), 0.0003518 secs] [Times: user=0.00 sys=0.00, real=0.00 secs] 
2019-01-02T11:14:03.691+0530: 911.591: [GC (Allocation Failure) 2019-01-02T11:14:03.691+0530: 911.591: [DefNew
Desired survivor size 32768 bytes, new threshold 15 (max 15)
- age   1:        248 bytes,        248 total
- age   7:         16 bytes,        264 total
- age  13:         16 bytes,        280 total
: 886K->0K(960K), 0.0009738 secs] 8587K->7773K(10176K), 0.0013507 secs] [Times: user=0.00 sys=0.00, real=0.00 secs] 
2019-01-02T11:14:03.695+0530: 911.595: [GC (Allocation Failure) 2019-01-02T11:14:03.696+0530: 911.595: [DefNew
Desired survivor size 32768 bytes, new threshold 15 (max 15)
- age   1:         40 bytes,         40 total
- age   2:        184 bytes,        224 total
- age   8:         16 bytes,        240 total
- age  14:         16 bytes,        256 total
: 896K->0K(960K), 0.0007344 secs] 8669K->8061K(10176K), 0.0008575 secs] [Times: user=0.00 sys=0.00, real=0.00 secs] 
2019-01-02T11:14:03.698+0530: 911.598: [GC (Allocation Failure) 2019-01-02T11:14:03.698+0530: 911.598: [DefNew
Desired survivor size 32768 bytes, new threshold 15 (max 15)
- age   1:         40 bytes,         40 total
- age   3:        184 bytes,        224 total
- age   9:         16 bytes,        240 total
- age  15:         16 bytes,        256 total
: 896K->0K(960K), 0.0011654 secs] 8957K->8637K(10176K), 0.0013490 secs] [Times: user=0.00 sys=0.00, real=0.00 secs] 
2019-01-02T11:14:03.701+0530: 911.601: [GC (Allocation Failure) 2019-01-02T11:14:03.701+0530: 911.601: [DefNew
Desired survivor size 32768 bytes, new threshold 15 (max 15)
- age   1:         24 bytes,         24 total
- age   4:        184 bytes,        208 total
- age  10:         16 bytes,        224 total
: 515K->0K(960K), 0.0003501 secs] 9153K->8637K(10176K), 0.0004504 secs] [Times: user=0.00 sys=0.00, real=0.00 secs] 
2019-01-02T11:14:03.702+0530: 911.602: [GC (Allocation Failure) 2019-01-02T11:14:03.702+0530: 911.602: [DefNew
Desired survivor size 32768 bytes, new threshold 15 (max 15)
- age   2:         24 bytes,         24 total
- age   5:        184 bytes,        208 total
- age  11:         16 bytes,        224 total
: 514K->0K(960K), 0.0004168 secs] 9152K->9152K(10176K), 0.0004972 secs] [Times: user=0.00 sys=0.00, real=0.00 secs] 
2019-01-02T11:14:03.703+0530: 911.603: [GC (Allocation Failure) 2019-01-02T11:14:03.703+0530: 911.603: [DefNew: 532K->532K(960K), 0.0000359 secs]2019-01-02T11:14:03.703+0530: 911.603: [Tenured: 9152K->1290K(9216K), 0.0052580 secs] 9684K->1290K(10176K), [Metaspace: 2520K->2520K(1056768K)], 0.0054285 secs] [Times: user=0.02 sys=0.00, real=0.01 secs] 
2019-01-02T11:14:03.769+0530: 911.669: [GC (Allocation Failure) 2019-01-02T11:14:03.770+0530: 911.670: [DefNew
Desired survivor size 32768 bytes, new threshold 15 (max 15)
- age   1:        248 bytes,        248 total
: 886K->0K(960K), 0.0014619 secs] 2176K->1877K(10176K), 0.0020714 secs] [Times: user=0.00 sys=0.00, real=0.00 secs] 
2019-01-02T11:14:03.773+0530: 911.673: [GC (Allocation Failure) 2019-01-02T11:14:03.774+0530: 911.673: [DefNew
Desired survivor size 32768 bytes, new threshold 15 (max 15)
- age   1:         40 bytes,         40 total
- age   2:        184 bytes,        224 total
: 896K->0K(960K), 0.0009054 secs] 2773K->2165K(10176K), 0.0011078 secs] [Times: user=0.00 sys=0.00, real=0.00 secs] 
2019-01-02T11:14:03.776+0530: 911.676: [GC (Allocation Failure) 2019-01-02T11:14:03.776+0530: 911.676: [DefNew
Desired survivor size 32768 bytes, new threshold 15 (max 15)
- age   1:         40 bytes,         40 total
- age   3:        184 bytes,        224 total
: 896K->0K(960K), 0.0012692 secs] 3061K->2741K(10176K), 0.0015548 secs] [Times: user=0.00 sys=0.00, real=0.00 secs] 
2019-01-02T11:14:03.779+0530: 911.679: [GC (Allocation Failure) 2019-01-02T11:14:03.779+0530: 911.679: [DefNew
Desired survivor size 32768 bytes, new threshold 15 (max 15)
- age   1:         24 bytes,         24 total
- age   4:        184 bytes,        208 total
: 515K->0K(960K), 0.0007201 secs] 3256K->2741K(10176K), 0.0008866 secs] [Times: user=0.00 sys=0.00, real=0.00 secs] 
2019-01-02T11:14:03.781+0530: 911.681: [GC (Allocation Failure) 2019-01-02T11:14:03.781+0530: 911.681: [DefNew
Desired survivor size 32768 bytes, new threshold 15 (max 15)
- age   2:         24 bytes,         24 total
- age   5:        184 bytes,        208 total
: 514K->0K(960K), 0.0005616 secs] 3256K->3256K(10176K), 0.0007007 secs] [Times: user=0.00 sys=0.00, real=0.00 secs] 
2019-01-02T11:14:03.782+0530: 911.682: [GC (Allocation Failure) 2019-01-02T11:14:03.782+0530: 911.682: [DefNew
Desired survivor size 32768 bytes, new threshold 15 (max 15)
- age   1:         24 bytes,         24 total
- age   6:         72 bytes,         96 total
: 532K->0K(960K), 0.0003267 secs] 3788K->3770K(10176K), 0.0003985 secs] [Times: user=0.00 sys=0.00, real=0.00 secs] 
2019-01-02T11:14:03.841+0530: 911.741: [GC (Allocation Failure) 2019-01-02T11:14:03.842+0530: 911.741: [DefNew
Desired survivor size 32768 bytes, new threshold 15 (max 15)
- age   1:        248 bytes,        248 total
- age   7:         16 bytes,        264 total
: 886K->0K(960K), 0.0007885 secs] 4657K->3843K(10176K), 0.0013347 secs] [Times: user=0.00 sys=0.00, real=0.00 secs] 
2019-01-02T11:14:03.846+0530: 911.745: [GC (Allocation Failure) 2019-01-02T11:14:03.846+0530: 911.745: [DefNew
Desired survivor size 32768 bytes, new threshold 15 (max 15)
- age   1:         40 bytes,         40 total
- age   2:        184 bytes,        224 total
- age   8:         16 bytes,        240 total
: 896K->0K(960K), 0.0016398 secs] 4739K->4131K(10176K), 0.0018057 secs] [Times: user=0.02 sys=0.00, real=0.00 secs] 
2019-01-02T11:14:03.849+0530: 911.749: [GC (Allocation Failure) 2019-01-02T11:14:03.849+0530: 911.749: [DefNew
Desired survivor size 32768 bytes, new threshold 15 (max 15)
- age   1:         40 bytes,         40 total
- age   3:        184 bytes,        224 total
- age   9:         16 bytes,        240 total
: 896K->0K(960K), 0.0016979 secs] 5027K->4707K(10176K), 0.0021900 secs] [Times: user=0.00 sys=0.00, real=0.00 secs] 
2019-01-02T11:14:03.853+0530: 911.753: [GC (Allocation Failure) 2019-01-02T11:14:03.853+0530: 911.753: [DefNew
Desired survivor size 32768 bytes, new threshold 15 (max 15)
- age   1:         24 bytes,         24 total
- age   4:        184 bytes,        208 total
- age  10:         16 bytes,        224 total
: 515K->0K(960K), 0.0007138 secs] 5222K->4707K(10176K), 0.0009533 secs] [Times: user=0.00 sys=0.00, real=0.00 secs] 
2019-01-02T11:14:03.855+0530: 911.755: [GC (Allocation Failure) 2019-01-02T11:14:03.855+0530: 911.755: [DefNew
Desired survivor size 32768 bytes, new threshold 15 (max 15)
- age   2:         24 bytes,         24 total
- age   5:        184 bytes,        208 total
- age  11:         16 bytes,        224 total
: 514K->0K(960K), 0.0005918 secs] 5221K->5221K(10176K), 0.0006888 secs] [Times: user=0.00 sys=0.00, real=0.00 secs] 
2019-01-02T11:14:03.856+0530: 911.756: [GC (Allocation Failure) 2019-01-02T11:14:03.856+0530: 911.756: [DefNew
Desired survivor size 32768 bytes, new threshold 15 (max 15)
- age   1:         24 bytes,         24 total
- age   6:         72 bytes,         96 total
- age  12:         16 bytes,        112 total
: 532K->0K(960K), 0.0004544 secs] 5754K->5736K(10176K), 0.0005485 secs] [Times: user=0.00 sys=0.00, real=0.00 secs] 
2019-01-02T11:14:03.931+0530: 911.831: [GC (Allocation Failure) 2019-01-02T11:14:03.931+0530: 911.831: [DefNew
Desired survivor size 32768 bytes, new threshold 15 (max 15)
- age   1:        248 bytes,        248 total
- age   7:         16 bytes,        264 total
- age  13:         16 bytes,        280 total
: 886K->0K(960K), 0.0008022 secs] 6622K->5808K(10176K), 0.0010639 secs] [Times: user=0.00 sys=0.00, real=0.00 secs] 
2019-01-02T11:14:03.934+0530: 911.834: [GC (Allocation Failure) 2019-01-02T11:14:03.934+0530: 911.834: [DefNew
Desired survivor size 32768 bytes, new threshold 15 (max 15)
- age   1:         40 bytes,         40 total
- age   2:        184 bytes,        224 total
- age   8:         16 bytes,        240 total
- age  14:         16 bytes,        256 total
: 896K->0K(960K), 0.0008433 secs] 6704K->6096K(10176K), 0.0010457 secs] [Times: user=0.00 sys=0.00, real=0.00 secs] 
2019-01-02T11:14:03.937+0530: 911.837: [GC (Allocation Failure) 2019-01-02T11:14:03.937+0530: 911.837: [DefNew
Desired survivor size 32768 bytes, new threshold 15 (max 15)
- age   1:         40 bytes,         40 total
- age   3:        184 bytes,        224 total
- age   9:         16 bytes,        240 total
- age  15:         16 bytes,        256 total
: 896K->0K(960K), 0.0016078 secs] 6992K->6672K(10176K), 0.0018211 secs] [Times: user=0.00 sys=0.00, real=0.00 secs] 
2019-01-02T11:14:03.942+0530: 911.841: [GC (Allocation Failure) 2019-01-02T11:14:03.942+0530: 911.841: [DefNew
Desired survivor size 32768 bytes, new threshold 15 (max 15)
- age   1:         24 bytes,         24 total
- age   4:        184 bytes,        208 total
- age  10:         16 bytes,        224 total
: 515K->0K(960K), 0.0003729 secs] 7188K->6672K(10176K), 0.0004806 secs] [Times: user=0.00 sys=0.00, real=0.00 secs] 
2019-01-02T11:14:03.944+0530: 911.844: [GC (Allocation Failure) 2019-01-02T11:14:03.944+0530: 911.844: [DefNew
Desired survivor size 32768 bytes, new threshold 15 (max 15)
- age   2:         24 bytes,         24 total
- age   5:        184 bytes,        208 total
- age  11:         16 bytes,        224 total
: 515K->0K(960K), 0.0008490 secs] 7187K->7187K(10176K), 0.0010901 secs] [Times: user=0.00 sys=0.00, real=0.00 secs] 
2019-01-02T11:14:03.945+0530: 911.845: [GC (Allocation Failure) 2019-01-02T11:14:03.945+0530: 911.845: [DefNew
Desired survivor size 32768 bytes, new threshold 15 (max 15)
- age   1:         24 bytes,         24 total
- age   6:         72 bytes,         96 total
- age  12:         16 bytes,        112 total
: 532K->0K(960K), 0.0004687 secs] 7720K->7702K(10176K), 0.0005662 secs] [Times: user=0.00 sys=0.00, real=0.00 secs] 
2019-01-02T11:14:04.015+0530: 911.915: [GC (Allocation Failure) 2019-01-02T11:14:04.015+0530: 911.915: [DefNew
Desired survivor size 32768 bytes, new threshold 15 (max 15)
- age   1:        248 bytes,        248 total
- age   7:         16 bytes,        264 total
- age  13:         16 bytes,        280 total
: 886K->0K(960K), 0.0006990 secs] 8588K->7774K(10176K), 0.0009368 secs] [Times: user=0.00 sys=0.00, real=0.00 secs] 
2019-01-02T11:14:04.018+0530: 911.917: [GC (Allocation Failure) 2019-01-02T11:14:04.018+0530: 911.918: [DefNew
Desired survivor size 32768 bytes, new threshold 15 (max 15)
- age   1:         40 bytes,         40 total
- age   2:        184 bytes,        224 total
- age   8:         16 bytes,        240 total
- age  14:         16 bytes,        256 total
: 896K->0K(960K), 0.0009493 secs] 8670K->8062K(10176K), 0.0011574 secs] [Times: user=0.02 sys=0.00, real=0.00 secs] 
2019-01-02T11:14:04.020+0530: 911.920: [GC (Allocation Failure) 2019-01-02T11:14:04.021+0530: 911.920: [DefNew
Desired survivor size 32768 bytes, new threshold 15 (max 15)
- age   1:         40 bytes,         40 total
- age   3:        184 bytes,        224 total
- age   9:         16 bytes,        240 total
- age  15:         16 bytes,        256 total
: 896K->0K(960K), 0.0011779 secs] 8958K->8638K(10176K), 0.0014950 secs] [Times: user=0.00 sys=0.00, real=0.00 secs] 
2019-01-02T11:14:04.023+0530: 911.923: [GC (Allocation Failure) 2019-01-02T11:14:04.023+0530: 911.923: [DefNew
Desired survivor size 32768 bytes, new threshold 15 (max 15)
- age   1:         24 bytes,         24 total
- age   4:        184 bytes,        208 total
- age  10:         16 bytes,        224 total
: 515K->0K(960K), 0.0003079 secs] 9153K->8638K(10176K), 0.0004293 secs] [Times: user=0.00 sys=0.00, real=0.00 secs] 
2019-01-02T11:14:04.024+0530: 911.924: [GC (Allocation Failure) 2019-01-02T11:14:04.024+0530: 911.924: [DefNew
Desired survivor size 32768 bytes, new threshold 15 (max 15)
- age   2:         24 bytes,         24 total
- age   5:        184 bytes,        208 total
- age  11:         16 bytes,        224 total
: 515K->0K(960K), 0.0003387 secs] 9153K->9153K(10176K), 0.0003917 secs] [Times: user=0.00 sys=0.00, real=0.00 secs] 
2019-01-02T11:14:04.025+0530: 911.924: [GC (Allocation Failure) 2019-01-02T11:14:04.025+0530: 911.924: [DefNew: 532K->532K(960K), 0.0000234 secs]2019-01-02T11:14:04.025+0530: 911.924: [Tenured: 9153K->1290K(9216K), 0.0067798 secs] 9685K->1290K(10176K), [Metaspace: 2520K->2520K(1056768K)], 0.0070728 secs] [Times: user=0.00 sys=0.00, real=0.01 secs] 
2019-01-02T11:14:04.096+0530: 911.996: [GC (Allocation Failure) 2019-01-02T11:14:04.097+0530: 911.996: [DefNew
Desired survivor size 32768 bytes, new threshold 15 (max 15)
- age   1:        248 bytes,        248 total
: 886K->0K(960K), 0.0010423 secs] 2176K->1877K(10176K), 0.0013621 secs] [Times: user=0.00 sys=0.02, real=0.00 secs] 
2019-01-02T11:14:04.099+0530: 911.999: [GC (Allocation Failure) 2019-01-02T11:14:04.099+0530: 911.999: [DefNew
Desired survivor size 32768 bytes, new threshold 15 (max 15)
- age   1:         40 bytes,         40 total
- age   2:        184 bytes,        224 total
: 896K->0K(960K), 0.0006950 secs] 2773K->2165K(10176K), 0.0008245 secs] [Times: user=0.00 sys=0.00, real=0.00 secs] 
2019-01-02T11:14:04.101+0530: 912.001: [GC (Allocation Failure) 2019-01-02T11:14:04.102+0530: 912.001: [DefNew
Desired survivor size 32768 bytes, new threshold 15 (max 15)
- age   1:         40 bytes,         40 total
- age   3:        184 bytes,        224 total
: 896K->0K(960K), 0.0013450 secs] 3061K->2741K(10176K), 0.0016050 secs] [Times: user=0.00 sys=0.00, real=0.00 secs] 
2019-01-02T11:14:04.104+0530: 912.004: [GC (Allocation Failure) 2019-01-02T11:14:04.104+0530: 912.004: [DefNew
Desired survivor size 32768 bytes, new threshold 15 (max 15)
- age   1:         24 bytes,         24 total
- age   4:        184 bytes,        208 total
: 515K->0K(960K), 0.0002360 secs] 3257K->2741K(10176K), 0.0002925 secs] [Times: user=0.00 sys=0.00, real=0.00 secs] 
2019-01-02T11:14:04.105+0530: 912.004: [GC (Allocation Failure) 2019-01-02T11:14:04.105+0530: 912.004: [DefNew
Desired survivor size 32768 bytes, new threshold 15 (max 15)
- age   2:         24 bytes,         24 total
- age   5:        184 bytes,        208 total
: 515K->0K(960K), 0.0003005 secs] 3256K->3256K(10176K), 0.0003586 secs] [Times: user=0.00 sys=0.00, real=0.00 secs] 
2019-01-02T11:14:04.105+0530: 912.005: [GC (Allocation Failure) 2019-01-02T11:14:04.105+0530: 912.005: [DefNew
Desired survivor size 32768 bytes, new threshold 15 (max 15)
- age   1:         24 bytes,         24 total
- age   6:         72 bytes,         96 total
: 532K->0K(960K), 0.0003028 secs] 3789K->3771K(10176K), 0.0003518 secs] [Times: user=0.00 sys=0.00, real=0.00 secs] 
2019-01-02T11:14:04.165+0530: 912.064: [GC (Allocation Failure) 2019-01-02T11:14:04.165+0530: 912.065: [DefNew
Desired survivor size 32768 bytes, new threshold 15 (max 15)
- age   1:        248 bytes,        248 total
- age   7:         16 bytes,        264 total
: 886K->0K(960K), 0.0006888 secs] 4657K->3843K(10176K), 0.0009613 secs] [Times: user=0.00 sys=0.00, real=0.00 secs] 
2019-01-02T11:14:04.167+0530: 912.067: [GC (Allocation Failure) 2019-01-02T11:14:04.167+0530: 912.067: [DefNew
Desired survivor size 32768 bytes, new threshold 15 (max 15)
- age   1:         40 bytes,         40 total
- age   2:        184 bytes,        224 total
- age   8:         16 bytes,        240 total
: 896K->0K(960K), 0.0005074 secs] 4739K->4131K(10176K), 0.0006346 secs] [Times: user=0.00 sys=0.00, real=0.00 secs] 
2019-01-02T11:14:04.169+0530: 912.069: [GC (Allocation Failure) 2019-01-02T11:14:04.169+0530: 912.069: [DefNew
Desired survivor size 32768 bytes, new threshold 15 (max 15)
- age   1:         40 bytes,         40 total
- age   3:        184 bytes,        224 total
- age   9:         16 bytes,        240 total
: 896K->0K(960K), 0.0011107 secs] 5027K->4707K(10176K), 0.0012926 secs] [Times: user=0.00 sys=0.00, real=0.00 secs] 
2019-01-02T11:14:04.172+0530: 912.072: [GC (Allocation Failure) 2019-01-02T11:14:04.172+0530: 912.072: [DefNew
Desired survivor size 32768 bytes, new threshold 15 (max 15)
- age   1:         24 bytes,         24 total
- age   4:        184 bytes,        208 total
- age  10:         16 bytes,        224 total
: 515K->0K(960K), 0.0003501 secs] 5222K->4707K(10176K), 0.0004635 secs] [Times: user=0.00 sys=0.00, real=0.00 secs] 
2019-01-02T11:14:04.173+0530: 912.072: [GC (Allocation Failure) 2019-01-02T11:14:04.173+0530: 912.072: [DefNew
Desired survivor size 32768 bytes, new threshold 15 (max 15)
- age   2:         24 bytes,         24 total
- age   5:        184 bytes,        208 total
- age  11:         16 bytes,        224 total
: 515K->0K(960K), 0.0003529 secs] 5222K->5222K(10176K), 0.0004299 secs] [Times: user=0.00 sys=0.00, real=0.00 secs] 
2019-01-02T11:14:04.173+0530: 912.073: [GC (Allocation Failure) 2019-01-02T11:14:04.173+0530: 912.073: [DefNew
Desired survivor size 32768 bytes, new threshold 15 (max 15)
- age   1:         24 bytes,         24 total
- age   6:         72 bytes,         96 total
- age  12:         16 bytes,        112 total
: 532K->0K(960K), 0.0003991 secs] 5754K->5737K(10176K), 0.0004744 secs] [Times: user=0.00 sys=0.00, real=0.00 secs] 
2019-01-02T11:14:04.231+0530: 912.131: [GC (Allocation Failure) 2019-01-02T11:14:04.231+0530: 912.131: [DefNew
Desired survivor size 32768 bytes, new threshold 15 (max 15)
- age   1:        248 bytes,        248 total
- age   7:         16 bytes,        264 total
- age  13:         16 bytes,        280 total
: 886K->0K(960K), 0.0012583 secs] 6623K->5809K(10176K), 0.0017282 secs] [Times: user=0.00 sys=0.00, real=0.00 secs] 
2019-01-02T11:14:04.234+0530: 912.134: [GC (Allocation Failure) 2019-01-02T11:14:04.234+0530: 912.134: [DefNew
Desired survivor size 32768 bytes, new threshold 15 (max 15)
- age   1:         40 bytes,         40 total
- age   2:        184 bytes,        224 total
- age   8:         16 bytes,        240 total
- age  14:         16 bytes,        256 total
: 896K->0K(960K), 0.0006671 secs] 6705K->6097K(10176K), 0.0007805 secs] [Times: user=0.00 sys=0.00, real=0.00 secs] 
2019-01-02T11:14:04.236+0530: 912.136: [GC (Allocation Failure) 2019-01-02T11:14:04.236+0530: 912.136: [DefNew
Desired survivor size 32768 bytes, new threshold 15 (max 15)
- age   1:         40 bytes,         40 total
- age   3:        184 bytes,        224 total
- age   9:         16 bytes,        240 total
- age  15:         16 bytes,        256 total
: 896K->0K(960K), 0.0010291 secs] 6993K->6673K(10176K), 0.0012829 secs] [Times: user=0.01 sys=0.00, real=0.00 secs] 
2019-01-02T11:14:04.239+0530: 912.139: [GC (Allocation Failure) 2019-01-02T11:14:04.239+0530: 912.139: [DefNew
Desired survivor size 32768 bytes, new threshold 15 (max 15)
- age   1:         24 bytes,         24 total
- age   4:        184 bytes,        208 total
- age  10:         16 bytes,        224 total
: 515K->0K(960K), 0.0003438 secs] 7188K->6673K(10176K), 0.0004242 secs] [Times: user=0.00 sys=0.00, real=0.00 secs] 
2019-01-02T11:14:04.240+0530: 912.139: [GC (Allocation Failure) 2019-01-02T11:14:04.240+0530: 912.139: [DefNew
Desired survivor size 32768 bytes, new threshold 15 (max 15)
- age   2:         24 bytes,         24 total
- age   5:        184 bytes,        208 total
- age  11:         16 bytes,        224 total
: 515K->0K(960K), 0.0003438 secs] 7188K->7188K(10176K), 0.0004008 secs] [Times: user=0.00 sys=0.00, real=0.00 secs] 
2019-01-02T11:14:04.240+0530: 912.140: [GC (Allocation Failure) 2019-01-02T11:14:04.240+0530: 912.140: [DefNew
Desired survivor size 32768 bytes, new threshold 15 (max 15)
- age   1:         24 bytes,         24 total
- age   6:         72 bytes,         96 total
- age  12:         16 bytes,        112 total
: 532K->0K(960K), 0.0003102 secs] 7720K->7703K(10176K), 0.0003626 secs] [Times: user=0.00 sys=0.00, real=0.00 secs] 
2019-01-02T11:14:04.297+0530: 912.197: [GC (Allocation Failure) 2019-01-02T11:14:04.297+0530: 912.197: [DefNew
Desired survivor size 32768 bytes, new threshold 15 (max 15)
- age   1:        248 bytes,        248 total
- age   7:         16 bytes,        264 total
- age  13:         16 bytes,        280 total
: 886K->0K(960K), 0.0012772 secs] 8589K->7775K(10176K), 0.0015919 secs] [Times: user=0.00 sys=0.00, real=0.00 secs] 
2019-01-02T11:14:04.300+0530: 912.200: [GC (Allocation Failure) 2019-01-02T11:14:04.300+0530: 912.200: [DefNew
Desired survivor size 32768 bytes, new threshold 15 (max 15)
- age   1:         40 bytes,         40 total
- age   2:        184 bytes,        224 total
- age   8:         16 bytes,        240 total
- age  14:         16 bytes,        256 total
: 896K->0K(960K), 0.0007406 secs] 8671K->8063K(10176K), 0.0008655 secs] [Times: user=0.00 sys=0.00, real=0.00 secs] 
2019-01-02T11:14:04.303+0530: 912.203: [GC (Allocation Failure) 2019-01-02T11:14:04.303+0530: 912.203: [DefNew
Desired survivor size 32768 bytes, new threshold 15 (max 15)
- age   1:         40 bytes,         40 total
- age   3:        184 bytes,        224 total
- age   9:         16 bytes,        240 total
- age  15:         16 bytes,        256 total
: 896K->0K(960K), 0.0011454 secs] 8959K->8639K(10176K), 0.0013918 secs] [Times: user=0.00 sys=0.00, real=0.00 secs] 
2019-01-02T11:14:04.306+0530: 912.205: [GC (Allocation Failure) 2019-01-02T11:14:04.306+0530: 912.205: [DefNew
Desired survivor size 32768 bytes, new threshold 15 (max 15)
- age   1:         24 bytes,         24 total
- age   4:        184 bytes,        208 total
- age  10:         16 bytes,        224 total
: 515K->0K(960K), 0.0002651 secs] 9154K->8639K(10176K), 0.0003455 secs] [Times: user=0.00 sys=0.00, real=0.00 secs] 
2019-01-02T11:14:04.306+0530: 912.206: [GC (Allocation Failure) 2019-01-02T11:14:04.306+0530: 912.206: [DefNew
Desired survivor size 32768 bytes, new threshold 15 (max 15)
- age   2:         24 bytes,         24 total
- age   5:        184 bytes,        208 total
- age  11:         16 bytes,        224 total
: 515K->0K(960K), 0.0003427 secs] 9154K->9154K(10176K), 0.0004139 secs] [Times: user=0.00 sys=0.00, real=0.00 secs] 
2019-01-02T11:14:04.307+0530: 912.207: [GC (Allocation Failure) 2019-01-02T11:14:04.307+0530: 912.207: [DefNew: 532K->532K(960K), 0.0000314 secs]2019-01-02T11:14:04.307+0530: 912.207: [Tenured: 9153K->1290K(9216K), 0.0037066 secs] 9686K->1290K(10176K), [Metaspace: 2520K->2520K(1056768K)], 0.0038680 secs] [Times: user=0.00 sys=0.00, real=0.00 secs] 
2019-01-02T11:14:04.367+0530: 912.267: [GC (Allocation Failure) 2019-01-02T11:14:04.367+0530: 912.267: [DefNew
Desired survivor size 32768 bytes, new threshold 15 (max 15)
- age   1:        248 bytes,        248 total
: 886K->0K(960K), 0.0008974 secs] 2176K->1877K(10176K), 0.0010987 secs] [Times: user=0.00 sys=0.00, real=0.00 secs] 
2019-01-02T11:14:04.370+0530: 912.269: [GC (Allocation Failure) 2019-01-02T11:14:04.370+0530: 912.269: [DefNew
Desired survivor size 32768 bytes, new threshold 15 (max 15)
- age   1:         40 bytes,         40 total
- age   2:        184 bytes,        224 total
: 896K->0K(960K), 0.0010673 secs] 2773K->2165K(10176K), 0.0013211 secs] [Times: user=0.00 sys=0.00, real=0.00 secs] 
2019-01-02T11:14:04.372+0530: 912.272: [GC (Allocation Failure) 2019-01-02T11:14:04.373+0530: 912.272: [DefNew
Desired survivor size 32768 bytes, new threshold 15 (max 15)
- age   1:         40 bytes,         40 total
- age   3:        184 bytes,        224 total
: 896K->0K(960K), 0.0008279 secs] 3061K->2741K(10176K), 0.0011711 secs] [Times: user=0.00 sys=0.00, real=0.00 secs] 
2019-01-02T11:14:04.375+0530: 912.275: [GC (Allocation Failure) 2019-01-02T11:14:04.375+0530: 912.275: [DefNew
Desired survivor size 32768 bytes, new threshold 15 (max 15)
- age   1:         24 bytes,         24 total
- age   4:        184 bytes,        208 total
: 515K->0K(960K), 0.0002549 secs] 3257K->2741K(10176K), 0.0003381 secs] [Times: user=0.00 sys=0.00, real=0.00 secs] 
2019-01-02T11:14:04.376+0530: 912.276: [GC (Allocation Failure) 2019-01-02T11:14:04.376+0530: 912.276: [DefNew
Desired survivor size 32768 bytes, new threshold 15 (max 15)
- age   2:         24 bytes,         24 total
- age   5:        184 bytes,        208 total
: 515K->0K(960K), 0.0003347 secs] 3256K->3256K(10176K), 0.0004060 secs] [Times: user=0.00 sys=0.00, real=0.00 secs] 
2019-01-02T11:14:04.377+0530: 912.276: [GC (Allocation Failure) 2019-01-02T11:14:04.377+0530: 912.276: [DefNew
Desired survivor size 32768 bytes, new threshold 15 (max 15)
- age   1:         24 bytes,         24 total
- age   6:         72 bytes,         96 total
: 532K->0K(960K), 0.0003113 secs] 3789K->3771K(10176K), 0.0003820 secs] [Times: user=0.00 sys=0.00, real=0.00 secs] 
2019-01-02T11:14:04.446+0530: 912.346: [GC (Allocation Failure) 2019-01-02T11:14:04.446+0530: 912.346: [DefNew
Desired survivor size 32768 bytes, new threshold 15 (max 15)
- age   1:        248 bytes,        248 total
- age   7:         16 bytes,        264 total
: 886K->0K(960K), 0.0006352 secs] 4658K->3843K(10176K), 0.0010274 secs] [Times: user=0.00 sys=0.00, real=0.00 secs] 
2019-01-02T11:14:04.450+0530: 912.350: [GC (Allocation Failure) 2019-01-02T11:14:04.450+0530: 912.350: [DefNew
Desired survivor size 32768 bytes, new threshold 15 (max 15)
- age   1:         40 bytes,         40 total
- age   2:        184 bytes,        224 total
- age   8:         16 bytes,        240 total
: 896K->0K(960K), 0.0007047 secs] 4739K->4131K(10176K), 0.0010058 secs] [Times: user=0.00 sys=0.00, real=0.00 secs] 
2019-01-02T11:14:04.453+0530: 912.353: [GC (Allocation Failure) 2019-01-02T11:14:04.453+0530: 912.353: [DefNew
Desired survivor size 32768 bytes, new threshold 15 (max 15)
- age   1:         40 bytes,         40 total
- age   3:        184 bytes,        224 total
- age   9:         16 bytes,        240 total
: 896K->0K(960K), 0.0010958 secs] 5027K->4707K(10176K), 0.0012241 secs] [Times: user=0.00 sys=0.00, real=0.00 secs] 
2019-01-02T11:14:04.457+0530: 912.356: [GC (Allocation Failure) 2019-01-02T11:14:04.457+0530: 912.356: [DefNew
Desired survivor size 32768 bytes, new threshold 15 (max 15)
- age   1:         24 bytes,         24 total
- age   4:        184 bytes,        208 total
- age  10:         16 bytes,        224 total
: 515K->0K(960K), 0.0002799 secs] 5223K->4707K(10176K), 0.0003729 secs] [Times: user=0.00 sys=0.00, real=0.00 secs] 
2019-01-02T11:14:04.457+0530: 912.357: [GC (Allocation Failure) 2019-01-02T11:14:04.457+0530: 912.357: [DefNew
Desired survivor size 32768 bytes, new threshold 15 (max 15)
- age   2:         24 bytes,         24 total
- age   5:        184 bytes,        208 total
- age  11:         16 bytes,        224 total
: 515K->0K(960K), 0.0003603 secs] 5222K->5222K(10176K), 0.0004367 secs] [Times: user=0.00 sys=0.00, real=0.00 secs] 
2019-01-02T11:14:04.458+0530: 912.358: [GC (Allocation Failure) 2019-01-02T11:14:04.458+0530: 912.358: [DefNew
Desired survivor size 32768 bytes, new threshold 15 (max 15)
- age   1:         24 bytes,         24 total
- age   6:         72 bytes,         96 total
- age  12:         16 bytes,        112 total
: 532K->0K(960K), 0.0003387 secs] 5755K->5737K(10176K), 0.0004128 secs] [Times: user=0.00 sys=0.00, real=0.00 secs] 
2019-01-02T11:14:04.516+0530: 912.416: [GC (Allocation Failure) 2019-01-02T11:14:04.516+0530: 912.416: [DefNew
Desired survivor size 32768 bytes, new threshold 15 (max 15)
- age   1:        248 bytes,        248 total
- age   7:         16 bytes,        264 total
- age  13:         16 bytes,        280 total
: 886K->0K(960K), 0.0004795 secs] 6624K->5809K(10176K), 0.0007093 secs] [Times: user=0.00 sys=0.00, real=0.00 secs] 
2019-01-02T11:14:04.518+0530: 912.418: [GC (Allocation Failure) 2019-01-02T11:14:04.518+0530: 912.418: [DefNew
Desired survivor size 32768 bytes, new threshold 15 (max 15)
- age   1:         40 bytes,         40 total
- age   2:        184 bytes,        224 total
- age   8:         16 bytes,        240 total
- age  14:         16 bytes,        256 total
: 896K->0K(960K), 0.0007304 secs] 6705K->6097K(10176K), 0.0009157 secs] [Times: user=0.00 sys=0.02, real=0.00 secs] 
2019-01-02T11:14:04.520+0530: 912.420: [GC (Allocation Failure) 2019-01-02T11:14:04.521+0530: 912.420: [DefNew
Desired survivor size 32768 bytes, new threshold 15 (max 15)
- age   1:         40 bytes,         40 total
- age   3:        184 bytes,        224 total
- age   9:         16 bytes,        240 total
- age  15:         16 bytes,        256 total
: 896K->0K(960K), 0.0015275 secs] 6993K->6673K(10176K), 0.0017110 secs] [Times: user=0.00 sys=0.00, real=0.00 secs] 
2019-01-02T11:14:04.524+0530: 912.424: [GC (Allocation Failure) 2019-01-02T11:14:04.524+0530: 912.424: [DefNew
Desired survivor size 32768 bytes, new threshold 15 (max 15)
- age   1:         24 bytes,         24 total
- age   4:        184 bytes,        208 total
- age  10:         16 bytes,        224 total
: 515K->0K(960K), 0.0004464 secs] 7189K->6673K(10176K), 0.0005673 secs] [Times: user=0.00 sys=0.00, real=0.00 secs] 
2019-01-02T11:14:04.525+0530: 912.425: [GC (Allocation Failure) 2019-01-02T11:14:04.525+0530: 912.425: [DefNew
Desired survivor size 32768 bytes, new threshold 15 (max 15)
- age   2:         24 bytes,         24 total
- age   5:        184 bytes,        208 total
- age  11:         16 bytes,        224 total
: 515K->0K(960K), 0.0003296 secs] 7188K->7188K(10176K), 0.0004003 secs] [Times: user=0.00 sys=0.00, real=0.00 secs] 
2019-01-02T11:14:04.526+0530: 912.425: [GC (Allocation Failure) 2019-01-02T11:14:04.526+0530: 912.425: [DefNew
Desired survivor size 32768 bytes, new threshold 15 (max 15)
- age   1:         24 bytes,         24 total
- age   6:         72 bytes,         96 total
- age  12:         16 bytes,        112 total
: 532K->0K(960K), 0.0003096 secs] 7721K->7703K(10176K), 0.0003803 secs] [Times: user=0.00 sys=0.00, real=0.00 secs] 
2019-01-02T11:14:04.583+0530: 912.483: [GC (Allocation Failure) 2019-01-02T11:14:04.583+0530: 912.483: [DefNew
Desired survivor size 32768 bytes, new threshold 15 (max 15)
- age   1:        248 bytes,        248 total
- age   7:         16 bytes,        264 total
- age  13:         16 bytes,        280 total
: 886K->0K(960K), 0.0011819 secs] 8590K->7775K(10176K), 0.0014870 secs] [Times: user=0.00 sys=0.00, real=0.00 secs] 
2019-01-02T11:14:04.586+0530: 912.486: [GC (Allocation Failure) 2019-01-02T11:14:04.586+0530: 912.486: [DefNew
Desired survivor size 32768 bytes, new threshold 15 (max 15)
- age   1:         40 bytes,         40 total
- age   2:        184 bytes,        224 total
- age   8:         16 bytes,        240 total
- age  14:         16 bytes,        256 total
: 896K->0K(960K), 0.0007247 secs] 8671K->8063K(10176K), 0.0008245 secs] [Times: user=0.00 sys=0.00, real=0.00 secs] 
2019-01-02T11:14:04.588+0530: 912.488: [GC (Allocation Failure) 2019-01-02T11:14:04.588+0530: 912.488: [DefNew
Desired survivor size 32768 bytes, new threshold 15 (max 15)
- age   1:         40 bytes,         40 total
- age   3:        184 bytes,        224 total
- age   9:         16 bytes,        240 total
- age  15:         16 bytes,        256 total
: 896K->0K(960K), 0.0011466 secs] 8959K->8639K(10176K), 0.0013467 secs] [Times: user=0.00 sys=0.00, real=0.00 secs] 
2019-01-02T11:14:04.591+0530: 912.491: [GC (Allocation Failure) 2019-01-02T11:14:04.591+0530: 912.491: [DefNew
Desired survivor size 32768 bytes, new threshold 15 (max 15)
- age   1:         24 bytes,         24 total
- age   4:        184 bytes,        208 total
- age  10:         16 bytes,        224 total
: 515K->0K(960K), 0.0002788 secs] 9155K->8639K(10176K), 0.0003968 secs] [Times: user=0.00 sys=0.00, real=0.00 secs] 
2019-01-02T11:14:04.592+0530: 912.492: [GC (Allocation Failure) 2019-01-02T11:14:04.592+0530: 912.492: [DefNew
Desired survivor size 32768 bytes, new threshold 15 (max 15)
- age   2:         24 bytes,         24 total
- age   5:        184 bytes,        208 total
- age  11:         16 bytes,        224 total
: 515K->0K(960K), 0.0003290 secs] 9154K->9154K(10176K), 0.0003997 secs] [Times: user=0.00 sys=0.00, real=0.00 secs] 
2019-01-02T11:14:04.593+0530: 912.492: [GC (Allocation Failure) 2019-01-02T11:14:04.593+0530: 912.492: [DefNew: 532K->532K(960K), 0.0000291 secs]2019-01-02T11:14:04.593+0530: 912.492: [Tenured: 9154K->1290K(9216K), 0.0045470 secs] 9687K->1290K(10176K), [Metaspace: 2520K->2520K(1056768K)], 0.0048412 secs] [Times: user=0.01 sys=0.00, real=0.00 secs] 
2019-01-02T11:14:04.655+0530: 912.554: [GC (Allocation Failure) 2019-01-02T11:14:04.655+0530: 912.554: [DefNew
Desired survivor size 32768 bytes, new threshold 15 (max 15)
- age   1:        248 bytes,        248 total
: 886K->0K(960K), 0.0013136 secs] 2177K->1878K(10176K), 0.0015714 secs] [Times: user=0.00 sys=0.00, real=0.00 secs] 
2019-01-02T11:14:04.658+0530: 912.558: [GC (Allocation Failure) 2019-01-02T11:14:04.658+0530: 912.558: [DefNew
Desired survivor size 32768 bytes, new threshold 15 (max 15)
- age   1:         40 bytes,         40 total
- age   2:        184 bytes,        224 total
: 896K->0K(960K), 0.0005856 secs] 2774K->2166K(10176K), 0.0007834 secs] [Times: user=0.00 sys=0.02, real=0.00 secs] 
2019-01-02T11:14:04.660+0530: 912.560: [GC (Allocation Failure) 2019-01-02T11:14:04.660+0530: 912.560: [DefNew
Desired survivor size 32768 bytes, new threshold 15 (max 15)
- age   1:         40 bytes,         40 total
- age   3:        184 bytes,        224 total
: 896K->0K(960K), 0.0009162 secs] 3062K->2742K(10176K), 0.0011306 secs] [Times: user=0.00 sys=0.00, real=0.00 secs] 
2019-01-02T11:14:04.662+0530: 912.562: [GC (Allocation Failure) 2019-01-02T11:14:04.662+0530: 912.562: [DefNew
Desired survivor size 32768 bytes, new threshold 15 (max 15)
- age   1:         24 bytes,         24 total
- age   4:        184 bytes,        208 total
: 515K->0K(960K), 0.0002400 secs] 3257K->2742K(10176K), 0.0003119 secs] [Times: user=0.00 sys=0.00, real=0.00 secs] 
2019-01-02T11:14:04.663+0530: 912.563: [GC (Allocation Failure) 2019-01-02T11:14:04.663+0530: 912.563: [DefNew
Desired survivor size 32768 bytes, new threshold 15 (max 15)
- age   2:         24 bytes,         24 total
- age   5:        184 bytes,        208 total
: 515K->0K(960K), 0.0013678 secs] 3257K->3257K(10176K), 0.0015913 secs] [Times: user=0.00 sys=0.00, real=0.00 secs] 
2019-01-02T11:14:04.665+0530: 912.565: [GC (Allocation Failure) 2019-01-02T11:14:04.665+0530: 912.565: [DefNew
Desired survivor size 32768 bytes, new threshold 15 (max 15)
- age   1:         24 bytes,         24 total
- age   6:         72 bytes,         96 total
: 532K->0K(960K), 0.0004641 secs] 3789K->3772K(10176K), 0.0005662 secs] [Times: user=0.00 sys=0.00, real=0.00 secs] 
2019-01-02T11:14:04.733+0530: 912.632: [GC (Allocation Failure) 2019-01-02T11:14:04.733+0530: 912.633: [DefNew
Desired survivor size 32768 bytes, new threshold 15 (max 15)
- age   1:        248 bytes,        248 total
- age   7:         16 bytes,        264 total
: 886K->0K(960K), 0.0007657 secs] 4658K->3844K(10176K), 0.0010491 secs] [Times: user=0.00 sys=0.00, real=0.00 secs] 
2019-01-02T11:14:04.736+0530: 912.636: [GC (Allocation Failure) 2019-01-02T11:14:04.737+0530: 912.636: [DefNew
Desired survivor size 32768 bytes, new threshold 15 (max 15)
- age   1:         40 bytes,         40 total
- age   2:        184 bytes,        224 total
- age   8:         16 bytes,        240 total
: 896K->0K(960K), 0.0004299 secs] 4740K->4132K(10176K), 0.0005576 secs] [Times: user=0.00 sys=0.01, real=0.00 secs] 
2019-01-02T11:14:04.739+0530: 912.638: [GC (Allocation Failure) 2019-01-02T11:14:04.739+0530: 912.638: [DefNew
Desired survivor size 32768 bytes, new threshold 15 (max 15)
- age   1:         40 bytes,         40 total
- age   3:        184 bytes,        224 total
- age   9:         16 bytes,        240 total
: 896K->0K(960K), 0.0011449 secs] 5028K->4708K(10176K), 0.0012692 secs] [Times: user=0.00 sys=0.00, real=0.00 secs] 
2019-01-02T11:14:04.741+0530: 912.641: [GC (Allocation Failure) 2019-01-02T11:14:04.741+0530: 912.641: [DefNew
Desired survivor size 32768 bytes, new threshold 15 (max 15)
- age   1:         24 bytes,         24 total
- age   4:        184 bytes,        208 total
- age  10:         16 bytes,        224 total
: 515K->0K(960K), 0.0002423 secs] 5223K->4708K(10176K), 0.0002976 secs] [Times: user=0.00 sys=0.00, real=0.00 secs] 
2019-01-02T11:14:04.742+0530: 912.641: [GC (Allocation Failure) 2019-01-02T11:14:04.742+0530: 912.641: [DefNew
Desired survivor size 32768 bytes, new threshold 15 (max 15)
- age   2:         24 bytes,         24 total
- age   5:        184 bytes,        208 total
- age  11:         16 bytes,        224 total
: 515K->0K(960K), 0.0002971 secs] 5223K->5223K(10176K), 0.0003489 secs] [Times: user=0.00 sys=0.00, real=0.00 secs] 
2019-01-02T11:14:04.742+0530: 912.642: [GC (Allocation Failure) 2019-01-02T11:14:04.742+0530: 912.642: [DefNew
Desired survivor size 32768 bytes, new threshold 15 (max 15)
- age   1:         24 bytes,         24 total
- age   6:         72 bytes,         96 total
- age  12:         16 bytes,        112 total
: 532K->0K(960K), 0.0002999 secs] 5755K->5738K(10176K), 0.0003524 secs] [Times: user=0.00 sys=0.00, real=0.00 secs] 
2019-01-02T11:14:04.812+0530: 912.711: [GC (Allocation Failure) 2019-01-02T11:14:04.812+0530: 912.712: [DefNew
Desired survivor size 32768 bytes, new threshold 15 (max 15)
- age   1:        248 bytes,        248 total
- age   7:         16 bytes,        264 total
- age  13:         16 bytes,        280 total
: 886K->0K(960K), 0.0023787 secs] 6624K->5810K(10176K), 0.0028251 secs] [Times: user=0.00 sys=0.02, real=0.00 secs] 
2019-01-02T11:14:04.818+0530: 912.718: [GC (Allocation Failure) 2019-01-02T11:14:04.818+0530: 912.718: [DefNew
Desired survivor size 32768 bytes, new threshold 15 (max 15)
- age   1:         40 bytes,         40 total
- age   2:        184 bytes,        224 total
- age   8:         16 bytes,        240 total
- age  14:         16 bytes,        256 total
: 896K->0K(960K), 0.0009134 secs] 6706K->6098K(10176K), 0.0011557 secs] [Times: user=0.00 sys=0.00, real=0.00 secs] 
2019-01-02T11:14:04.821+0530: 912.721: [GC (Allocation Failure) 2019-01-02T11:14:04.821+0530: 912.721: [DefNew
Desired survivor size 32768 bytes, new threshold 15 (max 15)
- age   1:         40 bytes,         40 total
- age   3:        184 bytes,        224 total
- age   9:         16 bytes,        240 total
- age  15:         16 bytes,        256 total
: 896K->0K(960K), 0.0026165 secs] 6994K->6674K(10176K), 0.0027772 secs] [Times: user=0.00 sys=0.00, real=0.00 secs] 
2019-01-02T11:14:04.826+0530: 912.726: [GC (Allocation Failure) 2019-01-02T11:14:04.826+0530: 912.726: [DefNew
Desired survivor size 32768 bytes, new threshold 15 (max 15)
- age   1:         24 bytes,         24 total
- age   4:        184 bytes,        208 total
- age  10:         16 bytes,        224 total
: 515K->0K(960K), 0.0003678 secs] 7189K->6674K(10176K), 0.0004989 secs] [Times: user=0.00 sys=0.00, real=0.00 secs] 
2019-01-02T11:14:04.827+0530: 912.727: [GC (Allocation Failure) 2019-01-02T11:14:04.827+0530: 912.727: [DefNew
Desired survivor size 32768 bytes, new threshold 15 (max 15)
- age   2:         24 bytes,         24 total
- age   5:        184 bytes,        208 total
- age  11:         16 bytes,        224 total
: 515K->0K(960K), 0.0003392 secs] 7189K->7189K(10176K), 0.0003974 secs] [Times: user=0.00 sys=0.00, real=0.00 secs] 
2019-01-02T11:14:04.828+0530: 912.728: [GC (Allocation Failure) 2019-01-02T11:14:04.828+0530: 912.728: [DefNew
Desired survivor size 32768 bytes, new threshold 15 (max 15)
- age   1:         24 bytes,         24 total
- age   6:         72 bytes,         96 total
- age  12:         16 bytes,        112 total
: 532K->0K(960K), 0.0003016 secs] 7722K->7704K(10176K), 0.0003541 secs] [Times: user=0.00 sys=0.00, real=0.00 secs] 
2019-01-02T11:14:04.901+0530: 912.801: [GC (Allocation Failure) 2019-01-02T11:14:04.902+0530: 912.802: [DefNew
Desired survivor size 32768 bytes, new threshold 15 (max 15)
- age   1:        248 bytes,        248 total
- age   7:         16 bytes,        264 total
- age  13:         16 bytes,        280 total
: 886K->0K(960K), 0.0007059 secs] 8590K->7776K(10176K), 0.0012350 secs] [Times: user=0.00 sys=0.00, real=0.00 secs] 
2019-01-02T11:14:04.905+0530: 912.805: [GC (Allocation Failure) 2019-01-02T11:14:04.906+0530: 912.806: [DefNew
Desired survivor size 32768 bytes, new threshold 15 (max 15)
- age   1:         40 bytes,         40 total
- age   2:        184 bytes,        224 total
- age   8:         16 bytes,        240 total
- age  14:         16 bytes,        256 total
: 896K->0K(960K), 0.0013040 secs] 8672K->8064K(10176K), 0.0017396 secs] [Times: user=0.00 sys=0.00, real=0.00 secs] 
2019-01-02T11:14:04.909+0530: 912.809: [GC (Allocation Failure) 2019-01-02T11:14:04.909+0530: 912.809: [DefNew
Desired survivor size 32768 bytes, new threshold 15 (max 15)
- age   1:         40 bytes,         40 total
- age   3:        184 bytes,        224 total
- age   9:         16 bytes,        240 total
- age  15:         16 bytes,        256 total
: 896K->0K(960K), 0.0005114 secs] 8960K->8640K(10176K), 0.0006329 secs] [Times: user=0.00 sys=0.00, real=0.00 secs] 
2019-01-02T11:14:04.912+0530: 912.812: [GC (Allocation Failure) 2019-01-02T11:14:04.912+0530: 912.812: [DefNew
Desired survivor size 32768 bytes, new threshold 15 (max 15)
- age   1:         24 bytes,         24 total
- age   4:        184 bytes,        208 total
- age  10:         16 bytes,        224 total
: 515K->0K(960K), 0.0003558 secs] 9156K->8640K(10176K), 0.0005684 secs] [Times: user=0.00 sys=0.00, real=0.00 secs] 
2019-01-02T11:14:04.913+0530: 912.812: [GC (Allocation Failure) 2019-01-02T11:14:04.913+0530: 912.812: [DefNew
Desired survivor size 32768 bytes, new threshold 15 (max 15)
- age   2:         24 bytes,         24 total
- age   5:        184 bytes,        208 total
- age  11:         16 bytes,        224 total
: 515K->0K(960K), 0.0003478 secs] 9155K->9155K(10176K), 0.0004117 secs] [Times: user=0.00 sys=0.00, real=0.00 secs] 
2019-01-02T11:14:04.913+0530: 912.813: [GC (Allocation Failure) 2019-01-02T11:14:04.913+0530: 912.813: [DefNew: 532K->532K(960K), 0.0000228 secs]2019-01-02T11:14:04.913+0530: 912.813: [Tenured: 9155K->1290K(9216K), 0.0075654 secs] 9688K->1290K(10176K), [Metaspace: 2520K->2520K(1056768K)], 0.0078591 secs] [Times: user=0.00 sys=0.00, real=0.01 secs] 
2019-01-02T11:14:04.989+0530: 912.889: [GC (Allocation Failure) 2019-01-02T11:14:04.989+0530: 912.889: [DefNew
Desired survivor size 32768 bytes, new threshold 15 (max 15)
- age   1:        248 bytes,        248 total
: 886K->0K(960K), 0.0014345 secs] 2177K->1878K(10176K), 0.0017076 secs] [Times: user=0.00 sys=0.00, real=0.00 secs] 
2019-01-02T11:14:04.992+0530: 912.892: [GC (Allocation Failure) 2019-01-02T11:14:04.993+0530: 912.893: [DefNew
Desired survivor size 32768 bytes, new threshold 15 (max 15)
- age   1:         40 bytes,         40 total
- age   2:        184 bytes,        224 total
: 896K->0K(960K), 0.0012059 secs] 2774K->2166K(10176K), 0.0015360 secs] [Times: user=0.00 sys=0.00, real=0.00 secs] 
2019-01-02T11:14:04.996+0530: 912.895: [GC (Allocation Failure) 2019-01-02T11:14:04.996+0530: 912.896: [DefNew
Desired survivor size 32768 bytes, new threshold 15 (max 15)
- age   1:         40 bytes,         40 total
- age   3:        184 bytes,        224 total
: 896K->0K(960K), 0.0008718 secs] 3062K->2742K(10176K), 0.0011734 secs] [Times: user=0.00 sys=0.00, real=0.00 secs] 
2019-01-02T11:14:04.999+0530: 912.898: [GC (Allocation Failure) 2019-01-02T11:14:04.999+0530: 912.898: [DefNew
Desired survivor size 32768 bytes, new threshold 15 (max 15)
- age   1:         24 bytes,         24 total
- age   4:        184 bytes,        208 total
: 515K->0K(960K), 0.0009698 secs] 3257K->2742K(10176K), 0.0012087 secs] [Times: user=0.00 sys=0.00, real=0.00 secs] 
2019-01-02T11:14:05.000+0530: 912.900: [GC (Allocation Failure) 2019-01-02T11:14:05.000+0530: 912.900: [DefNew
Desired survivor size 32768 bytes, new threshold 15 (max 15)
- age   2:         24 bytes,         24 total
- age   5:        184 bytes,        208 total
: 515K->0K(960K), 0.0003592 secs] 3257K->3257K(10176K), 0.0004282 secs] [Times: user=0.00 sys=0.00, real=0.00 secs] 
2019-01-02T11:14:05.001+0530: 912.900: [GC (Allocation Failure) 2019-01-02T11:14:05.001+0530: 912.900: [DefNew
Desired survivor size 32768 bytes, new threshold 15 (max 15)
- age   1:         24 bytes,         24 total
- age   6:         72 bytes,         96 total
: 532K->0K(960K), 0.0004892 secs] 3790K->3772K(10176K), 0.0006614 secs] [Times: user=0.00 sys=0.00, real=0.00 secs] 
2019-01-02T11:14:05.061+0530: 912.960: [GC (Allocation Failure) 2019-01-02T11:14:05.061+0530: 912.960: [DefNew
Desired survivor size 32768 bytes, new threshold 15 (max 15)
- age   1:        248 bytes,        248 total
- age   7:         16 bytes,        264 total
: 886K->0K(960K), 0.0008438 secs] 4658K->3844K(10176K), 0.0010599 secs] [Times: user=0.00 sys=0.00, real=0.00 secs] 
2019-01-02T11:14:05.063+0530: 912.962: [GC (Allocation Failure) 2019-01-02T11:14:05.063+0530: 912.963: [DefNew
Desired survivor size 32768 bytes, new threshold 15 (max 15)
- age   1:         40 bytes,         40 total
- age   2:        184 bytes,        224 total
- age   8:         16 bytes,        240 total
: 896K->0K(960K), 0.0007395 secs] 4740K->4132K(10176K), 0.0008752 secs] [Times: user=0.00 sys=0.00, real=0.00 secs] 
2019-01-02T11:14:05.066+0530: 912.965: [GC (Allocation Failure) 2019-01-02T11:14:05.066+0530: 912.965: [DefNew
Desired survivor size 32768 bytes, new threshold 15 (max 15)
- age   1:         40 bytes,         40 total
- age   3:        184 bytes,        224 total
- age   9:         16 bytes,        240 total
: 896K->0K(960K), 0.0014824 secs] 5028K->4708K(10176K), 0.0017304 secs] [Times: user=0.00 sys=0.00, real=0.00 secs] 
2019-01-02T11:14:05.069+0530: 912.969: [GC (Allocation Failure) 2019-01-02T11:14:05.069+0530: 912.969: [DefNew
Desired survivor size 32768 bytes, new threshold 15 (max 15)
- age   1:         24 bytes,         24 total
- age   4:        184 bytes,        208 total
- age  10:         16 bytes,        224 total
: 515K->0K(960K), 0.0004658 secs] 5224K->4708K(10176K), 0.0005724 secs] [Times: user=0.00 sys=0.00, real=0.00 secs] 
2019-01-02T11:14:05.070+0530: 912.970: [GC (Allocation Failure) 2019-01-02T11:14:05.071+0530: 912.970: [DefNew
Desired survivor size 32768 bytes, new threshold 15 (max 15)
- age   2:         24 bytes,         24 total
- age   5:        184 bytes,        208 total
- age  11:         16 bytes,        224 total
: 515K->0K(960K), 0.0007771 secs] 5223K->5223K(10176K), 0.0008820 secs] [Times: user=0.00 sys=0.00, real=0.00 secs] 
2019-01-02T11:14:05.072+0530: 912.971: [GC (Allocation Failure) 2019-01-02T11:14:05.072+0530: 912.971: [DefNew
Desired survivor size 32768 bytes, new threshold 15 (max 15)
- age   1:         24 bytes,         24 total
- age   6:         72 bytes,         96 total
- age  12:         16 bytes,        112 total
: 533K->0K(960K), 0.0003199 secs] 5756K->5738K(10176K), 0.0003763 secs] [Times: user=0.00 sys=0.00, real=0.00 secs] 
2019-01-02T11:14:05.129+0530: 913.029: [GC (Allocation Failure) 2019-01-02T11:14:05.130+0530: 913.029: [DefNew
Desired survivor size 32768 bytes, new threshold 15 (max 15)
- age   1:        248 bytes,        248 total
- age   7:         16 bytes,        264 total
- age  13:         16 bytes,        280 total
: 886K->0K(960K), 0.0009949 secs] 6625K->5811K(10176K), 0.0013404 secs] [Times: user=0.00 sys=0.00, real=0.00 secs] 
2019-01-02T11:14:05.132+0530: 913.032: [GC (Allocation Failure) 2019-01-02T11:14:05.133+0530: 913.032: [DefNew
Desired survivor size 32768 bytes, new threshold 15 (max 15)
- age   1:         40 bytes,         40 total
- age   2:        184 bytes,        224 total
- age   8:         16 bytes,        240 total
- age  14:         16 bytes,        256 total
: 896K->0K(960K), 0.0009180 secs] 6707K->6099K(10176K), 0.0011734 secs] [Times: user=0.00 sys=0.00, real=0.00 secs] 
2019-01-02T11:14:05.135+0530: 913.034: [GC (Allocation Failure) 2019-01-02T11:14:05.135+0530: 913.035: [DefNew
Desired survivor size 32768 bytes, new threshold 15 (max 15)
- age   1:         40 bytes,         40 total
- age   3:        184 bytes,        224 total
- age   9:         16 bytes,        240 total
- age  15:         16 bytes,        256 total
: 896K->0K(960K), 0.0011990 secs] 6995K->6675K(10176K), 0.0014790 secs] [Times: user=0.00 sys=0.00, real=0.00 secs] 
2019-01-02T11:14:05.138+0530: 913.037: [GC (Allocation Failure) 2019-01-02T11:14:05.138+0530: 913.038: [DefNew
Desired survivor size 32768 bytes, new threshold 15 (max 15)
- age   1:         24 bytes,         24 total
- age   4:        184 bytes,        208 total
- age  10:         16 bytes,        224 total
: 515K->0K(960K), 0.0005827 secs] 7190K->6675K(10176K), 0.0007663 secs] [Times: user=0.00 sys=0.00, real=0.00 secs] 
2019-01-02T11:14:05.140+0530: 913.039: [GC (Allocation Failure) 2019-01-02T11:14:05.140+0530: 913.039: [DefNew
Desired survivor size 32768 bytes, new threshold 15 (max 15)
- age   2:         24 bytes,         24 total
- age   5:        184 bytes,        208 total
- age  11:         16 bytes,        224 total
: 515K->0K(960K), 0.0004253 secs] 7190K->7190K(10176K), 0.0005377 secs] [Times: user=0.00 sys=0.00, real=0.00 secs] 
2019-01-02T11:14:05.141+0530: 913.040: [GC (Allocation Failure) 2019-01-02T11:14:05.141+0530: 913.040: [DefNew
Desired survivor size 32768 bytes, new threshold 15 (max 15)
- age   1:         24 bytes,         24 total
- age   6:         72 bytes,         96 total
- age  12:         16 bytes,        112 total
: 533K->0K(960K), 0.0003039 secs] 7722K->7705K(10176K), 0.0003569 secs] [Times: user=0.00 sys=0.00, real=0.00 secs] 
2019-01-02T11:14:05.202+0530: 913.101: [GC (Allocation Failure) 2019-01-02T11:14:05.202+0530: 913.101: [DefNew
Desired survivor size 32768 bytes, new threshold 15 (max 15)
- age   1:        248 bytes,        248 total
- age   7:         16 bytes,        264 total
- age  13:         16 bytes,        280 total
: 886K->0K(960K), 0.0006625 secs] 8591K->7777K(10176K), 0.0010434 secs] [Times: user=0.00 sys=0.00, real=0.00 secs] 
2019-01-02T11:14:05.204+0530: 913.104: [GC (Allocation Failure) 2019-01-02T11:14:05.205+0530: 913.104: [DefNew
Desired survivor size 32768 bytes, new threshold 15 (max 15)
- age   1:         40 bytes,         40 total
- age   2:        184 bytes,        224 total
- age   8:         16 bytes,        240 total
- age  14:         16 bytes,        256 total
: 896K->0K(960K), 0.0008575 secs] 8673K->8065K(10176K), 0.0012224 secs] [Times: user=0.02 sys=0.00, real=0.00 secs] 
2019-01-02T11:14:05.207+0530: 913.106: [GC (Allocation Failure) 2019-01-02T11:14:05.207+0530: 913.106: [DefNew
Desired survivor size 32768 bytes, new threshold 15 (max 15)
- age   1:         40 bytes,         40 total
- age   3:        184 bytes,        224 total
- age   9:         16 bytes,        240 total
- age  15:         16 bytes,        256 total
: 896K->0K(960K), 0.0008421 secs] 8961K->8641K(10176K), 0.0009237 secs] [Times: user=0.00 sys=0.00, real=0.00 secs] 
2019-01-02T11:14:05.209+0530: 913.109: [GC (Allocation Failure) 2019-01-02T11:14:05.209+0530: 913.109: [DefNew
Desired survivor size 32768 bytes, new threshold 15 (max 15)
- age   1:         24 bytes,         24 total
- age   4:        184 bytes,        208 total
- age  10:         16 bytes,        224 total
: 515K->0K(960K), 0.0008627 secs] 9156K->8641K(10176K), 0.0010217 secs] [Times: user=0.00 sys=0.00, real=0.00 secs] 
2019-01-02T11:14:05.211+0530: 913.110: [GC (Allocation Failure) 2019-01-02T11:14:05.211+0530: 913.110: [DefNew
Desired survivor size 32768 bytes, new threshold 15 (max 15)
- age   2:         24 bytes,         24 total
- age   5:        184 bytes,        208 total
- age  11:         16 bytes,        224 total
: 515K->0K(960K), 0.0003278 secs] 9156K->9156K(10176K), 0.0003843 secs] [Times: user=0.00 sys=0.00, real=0.00 secs] 
2019-01-02T11:14:05.212+0530: 913.111: [GC (Allocation Failure) 2019-01-02T11:14:05.212+0530: 913.111: [DefNew: 533K->533K(960K), 0.0000228 secs]2019-01-02T11:14:05.212+0530: 913.111: [Tenured: 9156K->1291K(9216K), 0.0037727 secs] 9689K->1291K(10176K), [Metaspace: 2520K->2520K(1056768K)], 0.0039033 secs] [Times: user=0.00 sys=0.00, real=0.00 secs] 
2019-01-02T11:14:05.279+0530: 913.179: [GC (Allocation Failure) 2019-01-02T11:14:05.279+0530: 913.179: [DefNew
Desired survivor size 32768 bytes, new threshold 15 (max 15)
- age   1:        248 bytes,        248 total
: 886K->0K(960K), 0.0010098 secs] 2177K->1878K(10176K), 0.0013427 secs] [Times: user=0.00 sys=0.00, real=0.00 secs] 
2019-01-02T11:14:05.282+0530: 913.181: [GC (Allocation Failure) 2019-01-02T11:14:05.282+0530: 913.181: [DefNew
Desired survivor size 32768 bytes, new threshold 15 (max 15)
- age   1:         40 bytes,         40 total
- age   2:        184 bytes,        224 total
: 896K->0K(960K), 0.0007697 secs] 2774K->2166K(10176K), 0.0008969 secs] [Times: user=0.01 sys=0.00, real=0.00 secs] 
2019-01-02T11:14:05.284+0530: 913.183: [GC (Allocation Failure) 2019-01-02T11:14:05.284+0530: 913.183: [DefNew
Desired survivor size 32768 bytes, new threshold 15 (max 15)
- age   1:         40 bytes,         40 total
- age   3:        184 bytes,        224 total
: 896K->0K(960K), 0.0014459 secs] 3062K->2742K(10176K), 0.0016221 secs] [Times: user=0.00 sys=0.00, real=0.00 secs] 
2019-01-02T11:14:05.287+0530: 913.186: [GC (Allocation Failure) 2019-01-02T11:14:05.287+0530: 913.186: [DefNew
Desired survivor size 32768 bytes, new threshold 15 (max 15)
- age   1:         24 bytes,         24 total
- age   4:        184 bytes,        208 total
: 515K->0K(960K), 0.0007788 secs] 3258K->2742K(10176K), 0.0009539 secs] [Times: user=0.00 sys=0.00, real=0.00 secs] 
2019-01-02T11:14:05.288+0530: 913.188: [GC (Allocation Failure) 2019-01-02T11:14:05.289+0530: 913.188: [DefNew
Desired survivor size 32768 bytes, new threshold 15 (max 15)
- age   2:         24 bytes,         24 total
- age   5:        184 bytes,        208 total
: 515K->0K(960K), 0.0007994 secs] 3257K->3257K(10176K), 0.0009339 secs] [Times: user=0.00 sys=0.00, real=0.00 secs] 
2019-01-02T11:14:05.290+0530: 913.189: [GC (Allocation Failure) 2019-01-02T11:14:05.290+0530: 913.189: [DefNew
Desired survivor size 32768 bytes, new threshold 15 (max 15)
- age   1:         24 bytes,         24 total
- age   6:         72 bytes,         96 total
: 533K->0K(960K), 0.0003672 secs] 3790K->3772K(10176K), 0.0004390 secs] [Times: user=0.00 sys=0.00, real=0.00 secs] 
2019-01-02T11:14:05.348+0530: 913.248: [GC (Allocation Failure) 2019-01-02T11:14:05.349+0530: 913.248: [DefNew
Desired survivor size 32768 bytes, new threshold 15 (max 15)
- age   1:        248 bytes,        248 total
- age   7:         16 bytes,        264 total
: 886K->0K(960K), 0.0006876 secs] 4659K->3845K(10176K), 0.0009470 secs] [Times: user=0.00 sys=0.00, real=0.00 secs] 
2019-01-02T11:14:05.351+0530: 913.250: [GC (Allocation Failure) 2019-01-02T11:14:05.351+0530: 913.250: [DefNew
Desired survivor size 32768 bytes, new threshold 15 (max 15)
- age   1:         40 bytes,         40 total
- age   2:        184 bytes,        224 total
- age   8:         16 bytes,        240 total
: 896K->0K(960K), 0.0011409 secs] 4741K->4133K(10176K), 0.0014054 secs] [Times: user=0.00 sys=0.00, real=0.00 secs] 
2019-01-02T11:14:05.354+0530: 913.253: [GC (Allocation Failure) 2019-01-02T11:14:05.354+0530: 913.254: [DefNew
Desired survivor size 32768 bytes, new threshold 15 (max 15)
- age   1:         40 bytes,         40 total
- age   3:        184 bytes,        224 total
- age   9:         16 bytes,        240 total
: 896K->0K(960K), 0.0005371 secs] 5029K->4709K(10176K), 0.0007965 secs] [Times: user=0.00 sys=0.00, real=0.00 secs] 
2019-01-02T11:14:05.356+0530: 913.256: [GC (Allocation Failure) 2019-01-02T11:14:05.356+0530: 913.256: [DefNew
Desired survivor size 32768 bytes, new threshold 15 (max 15)
- age   1:         24 bytes,         24 total
- age   4:        184 bytes,        208 total
- age  10:         16 bytes,        224 total
: 515K->0K(960K), 0.0006004 secs] 5224K->4709K(10176K), 0.0007053 secs] [Times: user=0.00 sys=0.00, real=0.00 secs] 
2019-01-02T11:14:05.358+0530: 913.257: [GC (Allocation Failure) 2019-01-02T11:14:05.358+0530: 913.257: [DefNew
Desired survivor size 32768 bytes, new threshold 15 (max 15)
- age   2:         24 bytes,         24 total
- age   5:        184 bytes,        208 total
- age  11:         16 bytes,        224 total
: 515K->0K(960K), 0.0012435 secs] 5224K->5224K(10176K), 0.0013496 secs] [Times: user=0.00 sys=0.00, real=0.00 secs] 
2019-01-02T11:14:05.360+0530: 913.259: [GC (Allocation Failure) 2019-01-02T11:14:05.360+0530: 913.259: [DefNew
Desired survivor size 32768 bytes, new threshold 15 (max 15)
- age   1:         24 bytes,         24 total
- age   6:         72 bytes,         96 total
- age  12:         16 bytes,        112 total
: 533K->0K(960K), 0.0003501 secs] 5757K->5739K(10176K), 0.0004322 secs] [Times: user=0.00 sys=0.00, real=0.00 secs] 
2019-01-02T11:14:05.421+0530: 913.320: [GC (Allocation Failure) 2019-01-02T11:14:05.421+0530: 913.320: [DefNew
Desired survivor size 32768 bytes, new threshold 15 (max 15)
- age   1:        248 bytes,        248 total
- age   7:         16 bytes,        264 total
- age  13:         16 bytes,        280 total
: 886K->0K(960K), 0.0012327 secs] 6626K->5811K(10176K), 0.0015195 secs] [Times: user=0.00 sys=0.00, real=0.00 secs] 
2019-01-02T11:14:05.424+0530: 913.323: [GC (Allocation Failure) 2019-01-02T11:14:05.424+0530: 913.323: [DefNew
Desired survivor size 32768 bytes, new threshold 15 (max 15)
- age   1:         40 bytes,         40 total
- age   2:        184 bytes,        224 total
- age   8:         16 bytes,        240 total
- age  14:         16 bytes,        256 total
: 896K->0K(960K), 0.0006340 secs] 6707K->6099K(10176K), 0.0008062 secs] [Times: user=0.00 sys=0.00, real=0.00 secs] 
2019-01-02T11:14:05.426+0530: 913.325: [GC (Allocation Failure) 2019-01-02T11:14:05.426+0530: 913.325: [DefNew
Desired survivor size 32768 bytes, new threshold 15 (max 15)
- age   1:         40 bytes,         40 total
- age   3:        184 bytes,        224 total
- age   9:         16 bytes,        240 total
- age  15:         16 bytes,        256 total
: 896K->0K(960K), 0.0011295 secs] 6995K->6675K(10176K), 0.0013604 secs] [Times: user=0.00 sys=0.00, real=0.00 secs] 
2019-01-02T11:14:05.429+0530: 913.328: [GC (Allocation Failure) 2019-01-02T11:14:05.429+0530: 913.328: [DefNew
Desired survivor size 32768 bytes, new threshold 15 (max 15)
- age   1:         24 bytes,         24 total
- age   4:        184 bytes,        208 total
- age  10:         16 bytes,        224 total
: 515K->0K(960K), 0.0002748 secs] 7191K->6675K(10176K), 0.0003797 secs] [Times: user=0.00 sys=0.00, real=0.00 secs] 
2019-01-02T11:14:05.430+0530: 913.329: [GC (Allocation Failure) 2019-01-02T11:14:05.430+0530: 913.329: [DefNew
Desired survivor size 32768 bytes, new threshold 15 (max 15)
- age   2:         24 bytes,         24 total
- age   5:        184 bytes,        208 total
- age  11:         16 bytes,        224 total
: 515K->0K(960K), 0.0003381 secs] 7190K->7190K(10176K), 0.0004071 secs] [Times: user=0.00 sys=0.00, real=0.00 secs] 
2019-01-02T11:14:05.430+0530: 913.330: [GC (Allocation Failure) 2019-01-02T11:14:05.430+0530: 913.330: [DefNew
Desired survivor size 32768 bytes, new threshold 15 (max 15)
- age   1:         24 bytes,         24 total
- age   6:         72 bytes,         96 total
- age  12:         16 bytes,        112 total
: 533K->0K(960K), 0.0003124 secs] 7723K->7705K(10176K), 0.0003643 secs] [Times: user=0.00 sys=0.00, real=0.00 secs] 
2019-01-02T11:14:05.496+0530: 913.395: [GC (Allocation Failure) 2019-01-02T11:14:05.496+0530: 913.395: [DefNew
Desired survivor size 32768 bytes, new threshold 15 (max 15)
- age   1:        248 bytes,        248 total
- age   7:         16 bytes,        264 total
- age  13:         16 bytes,        280 total
: 886K->0K(960K), 0.0006260 secs] 8592K->7778K(10176K), 0.0008034 secs] [Times: user=0.00 sys=0.00, real=0.00 secs] 
2019-01-02T11:14:05.498+0530: 913.398: [GC (Allocation Failure) 2019-01-02T11:14:05.498+0530: 913.398: [DefNew
Desired survivor size 32768 bytes, new threshold 15 (max 15)
- age   1:         40 bytes,         40 total
- age   2:        184 bytes,        224 total
- age   8:         16 bytes,        240 total
- age  14:         16 bytes,        256 total
: 896K->0K(960K), 0.0010217 secs] 8674K->8066K(10176K), 0.0013387 secs] [Times: user=0.00 sys=0.00, real=0.00 secs] 
2019-01-02T11:14:05.501+0530: 913.400: [GC (Allocation Failure) 2019-01-02T11:14:05.501+0530: 913.400: [DefNew
Desired survivor size 32768 bytes, new threshold 15 (max 15)
- age   1:         40 bytes,         40 total
- age   3:        184 bytes,        224 total
- age   9:         16 bytes,        240 total
- age  15:         16 bytes,        256 total
: 896K->0K(960K), 0.0003757 secs] 8962K->8642K(10176K), 0.0004715 secs] [Times: user=0.00 sys=0.00, real=0.00 secs] 
2019-01-02T11:14:05.503+0530: 913.403: [GC (Allocation Failure) 2019-01-02T11:14:05.503+0530: 913.403: [DefNew
Desired survivor size 32768 bytes, new threshold 15 (max 15)
- age   1:         24 bytes,         24 total
- age   4:        184 bytes,        208 total
- age  10:         16 bytes,        224 total
: 515K->0K(960K), 0.0003643 secs] 9157K->8642K(10176K), 0.0004875 secs] [Times: user=0.00 sys=0.00, real=0.00 secs] 
2019-01-02T11:14:05.504+0530: 913.403: [GC (Allocation Failure) 2019-01-02T11:14:05.504+0530: 913.404: [DefNew
Desired survivor size 32768 bytes, new threshold 15 (max 15)
- age   2:         24 bytes,         24 total
- age   5:        184 bytes,        208 total
- age  11:         16 bytes,        224 total
: 515K->0K(960K), 0.0007252 secs] 9157K->9157K(10176K), 0.0008005 secs] [Times: user=0.00 sys=0.00, real=0.00 secs] 
2019-01-02T11:14:05.505+0530: 913.405: [GC (Allocation Failure) 2019-01-02T11:14:05.506+0530: 913.405: [DefNew: 533K->533K(960K), 0.0000336 secs]2019-01-02T11:14:05.506+0530: 913.405: [Tenured: 9157K->1291K(9216K), 0.0042870 secs] 9690K->1291K(10176K), [Metaspace: 2520K->2520K(1056768K)], 0.0044735 secs] [Times: user=0.00 sys=0.00, real=0.00 secs] 
2019-01-02T11:14:05.565+0530: 913.464: [GC (Allocation Failure) 2019-01-02T11:14:05.565+0530: 913.464: [DefNew
Desired survivor size 32768 bytes, new threshold 15 (max 15)
- age   1:        248 bytes,        248 total
: 886K->0K(960K), 0.0009961 secs] 2177K->1878K(10176K), 0.0012287 secs] [Times: user=0.00 sys=0.00, real=0.00 secs] 
2019-01-02T11:14:05.568+0530: 913.467: [GC (Allocation Failure) 2019-01-02T11:14:05.568+0530: 913.467: [DefNew
Desired survivor size 32768 bytes, new threshold 15 (max 15)
- age   1:         40 bytes,         40 total
- age   2:        184 bytes,        224 total
: 896K->0K(960K), 0.0007754 secs] 2774K->2166K(10176K), 0.0011369 secs] [Times: user=0.00 sys=0.00, real=0.00 secs] 
2019-01-02T11:14:05.571+0530: 913.470: [GC (Allocation Failure) 2019-01-02T11:14:05.571+0530: 913.471: [DefNew
Desired survivor size 32768 bytes, new threshold 15 (max 15)
- age   1:         40 bytes,         40 total
- age   3:        184 bytes,        224 total
: 896K->0K(960K), 0.0013313 secs] 3062K->2742K(10176K), 0.0016090 secs] [Times: user=0.00 sys=0.00, real=0.00 secs] 
2019-01-02T11:14:05.574+0530: 913.473: [GC (Allocation Failure) 2019-01-02T11:14:05.574+0530: 913.473: [DefNew
Desired survivor size 32768 bytes, new threshold 15 (max 15)
- age   1:         24 bytes,         24 total
- age   4:        184 bytes,        208 total
: 515K->0K(960K), 0.0003609 secs] 3258K->2742K(10176K), 0.0004561 secs] [Times: user=0.00 sys=0.00, real=0.00 secs] 
2019-01-02T11:14:05.575+0530: 913.475: [GC (Allocation Failure) 2019-01-02T11:14:05.575+0530: 913.475: [DefNew
Desired survivor size 32768 bytes, new threshold 15 (max 15)
- age   2:         24 bytes,         24 total
- age   5:        184 bytes,        208 total
: 515K->0K(960K), 0.0003239 secs] 3258K->3258K(10176K), 0.0003831 secs] [Times: user=0.00 sys=0.00, real=0.00 secs] 
2019-01-02T11:14:05.576+0530: 913.475: [GC (Allocation Failure) 2019-01-02T11:14:05.576+0530: 913.475: [DefNew
Desired survivor size 32768 bytes, new threshold 15 (max 15)
- age   1:         24 bytes,         24 total
- age   6:         72 bytes,         96 total
: 533K->0K(960K), 0.0002902 secs] 3791K->3773K(10176K), 0.0003421 secs] [Times: user=0.00 sys=0.00, real=0.00 secs] 
2019-01-02T11:14:05.642+0530: 913.541: [GC (Allocation Failure) 2019-01-02T11:14:05.642+0530: 913.541: [DefNew
Desired survivor size 32768 bytes, new threshold 15 (max 15)
- age   1:        248 bytes,        248 total
- age   7:         16 bytes,        264 total
: 886K->0K(960K), 0.0012184 secs] 4659K->3845K(10176K), 0.0015651 secs] [Times: user=0.00 sys=0.00, real=0.00 secs] 
2019-01-02T11:14:05.645+0530: 913.545: [GC (Allocation Failure) 2019-01-02T11:14:05.645+0530: 913.545: [DefNew
Desired survivor size 32768 bytes, new threshold 15 (max 15)
- age   1:         40 bytes,         40 total
- age   2:        184 bytes,        224 total
- age   8:         16 bytes,        240 total
: 896K->0K(960K), 0.0004584 secs] 4741K->4133K(10176K), 0.0005690 secs] [Times: user=0.00 sys=0.00, real=0.00 secs] 
2019-01-02T11:14:05.647+0530: 913.546: [GC (Allocation Failure) 2019-01-02T11:14:05.647+0530: 913.546: [DefNew
Desired survivor size 32768 bytes, new threshold 15 (max 15)
- age   1:         40 bytes,         40 total
- age   3:        184 bytes,        224 total
- age   9:         16 bytes,        240 total
: 896K->0K(960K), 0.0005046 secs] 5029K->4709K(10176K), 0.0006152 secs] [Times: user=0.00 sys=0.00, real=0.00 secs] 
2019-01-02T11:14:05.649+0530: 913.549: [GC (Allocation Failure) 2019-01-02T11:14:05.649+0530: 913.549: [DefNew
Desired survivor size 32768 bytes, new threshold 15 (max 15)
- age   1:         24 bytes,         24 total
- age   4:        184 bytes,        208 total
- age  10:         16 bytes,        224 total
: 515K->0K(960K), 0.0002657 secs] 5224K->4709K(10176K), 0.0003472 secs] [Times: user=0.00 sys=0.00, real=0.00 secs] 
2019-01-02T11:14:05.650+0530: 913.549: [GC (Allocation Failure) 2019-01-02T11:14:05.650+0530: 913.549: [DefNew
Desired survivor size 32768 bytes, new threshold 15 (max 15)
- age   2:         24 bytes,         24 total
- age   5:        184 bytes,        208 total
- age  11:         16 bytes,        224 total
: 515K->0K(960K), 0.0003427 secs] 5224K->5224K(10176K), 0.0004213 secs] [Times: user=0.00 sys=0.00, real=0.00 secs] 
2019-01-02T11:14:05.651+0530: 913.550: [GC (Allocation Failure) 2019-01-02T11:14:05.651+0530: 913.550: [DefNew
Desired survivor size 32768 bytes, new threshold 15 (max 15)
- age   1:         24 bytes,         24 total
- age   6:         72 bytes,         96 total
- age  12:         16 bytes,        112 total
: 533K->0K(960K), 0.0003005 secs] 5757K->5739K(10176K), 0.0003541 secs] [Times: user=0.00 sys=0.00, real=0.00 secs] 
2019-01-02T11:14:05.708+0530: 913.608: [GC (Allocation Failure) 2019-01-02T11:14:05.708+0530: 913.608: [DefNew
Desired survivor size 32768 bytes, new threshold 15 (max 15)
- age   1:        248 bytes,        248 total
- age   7:         16 bytes,        264 total
- age  13:         16 bytes,        280 total
: 886K->0K(960K), 0.0008416 secs] 6626K->5812K(10176K), 0.0009961 secs] [Times: user=0.00 sys=0.00, real=0.00 secs] 
2019-01-02T11:14:05.712+0530: 913.611: [GC (Allocation Failure) 2019-01-02T11:14:05.712+0530: 913.612: [DefNew
Desired survivor size 32768 bytes, new threshold 15 (max 15)
- age   1:         40 bytes,         40 total
- age   2:        184 bytes,        224 total
- age   8:         16 bytes,        240 total
- age  14:         16 bytes,        256 total
: 896K->0K(960K), 0.0013085 secs] 6708K->6100K(10176K), 0.0016061 secs] [Times: user=0.00 sys=0.00, real=0.00 secs] 
2019-01-02T11:14:05.716+0530: 913.615: [GC (Allocation Failure) 2019-01-02T11:14:05.716+0530: 913.615: [DefNew
Desired survivor size 32768 bytes, new threshold 15 (max 15)
- age   1:         40 bytes,         40 total
- age   3:        184 bytes,        224 total
- age   9:         16 bytes,        240 total
- age  15:         16 bytes,        256 total
: 896K->0K(960K), 0.0005211 secs] 6996K->6676K(10176K), 0.0006414 secs] [Times: user=0.00 sys=0.00, real=0.00 secs] 
2019-01-02T11:14:05.718+0530: 913.617: [GC (Allocation Failure) 2019-01-02T11:14:05.718+0530: 913.617: [DefNew
Desired survivor size 32768 bytes, new threshold 15 (max 15)
- age   1:         24 bytes,         24 total
- age   4:        184 bytes,        208 total
- age  10:         16 bytes,        224 total
: 515K->0K(960K), 0.0003546 secs] 7191K->6676K(10176K), 0.0004578 secs] [Times: user=0.00 sys=0.00, real=0.00 secs] 
2019-01-02T11:14:05.719+0530: 913.618: [GC (Allocation Failure) 2019-01-02T11:14:05.719+0530: 913.618: [DefNew
Desired survivor size 32768 bytes, new threshold 15 (max 15)
- age   2:         24 bytes,         24 total
- age   5:        184 bytes,        208 total
- age  11:         16 bytes,        224 total
: 515K->0K(960K), 0.0003706 secs] 7191K->7191K(10176K), 0.0004396 secs] [Times: user=0.00 sys=0.00, real=0.00 secs] 
2019-01-02T11:14:05.720+0530: 913.619: [GC (Allocation Failure) 2019-01-02T11:14:05.720+0530: 913.619: [DefNew
Desired survivor size 32768 bytes, new threshold 15 (max 15)
- age   1:         24 bytes,         24 total
- age   6:         72 bytes,         96 total
- age  12:         16 bytes,        112 total
: 533K->0K(960K), 0.0012726 secs] 7724K->7706K(10176K), 0.0015474 secs] [Times: user=0.00 sys=0.00, real=0.00 secs] 
2019-01-02T11:14:05.781+0530: 913.681: [GC (Allocation Failure) 2019-01-02T11:14:05.781+0530: 913.681: [DefNew
Desired survivor size 32768 bytes, new threshold 15 (max 15)
- age   1:        248 bytes,        248 total
- age   7:         16 bytes,        264 total
- age  13:         16 bytes,        280 total
: 886K->0K(960K), 0.0009208 secs] 8593K->7778K(10176K), 0.0011266 secs] [Times: user=0.02 sys=0.00, real=0.00 secs] 
2019-01-02T11:14:05.784+0530: 913.684: [GC (Allocation Failure) 2019-01-02T11:14:05.784+0530: 913.684: [DefNew
Desired survivor size 32768 bytes, new threshold 15 (max 15)
- age   1:         40 bytes,         40 total
- age   2:        184 bytes,        224 total
- age   8:         16 bytes,        240 total
- age  14:         16 bytes,        256 total
: 896K->0K(960K), 0.0005850 secs] 8674K->8066K(10176K), 0.0008341 secs] [Times: user=0.00 sys=0.00, real=0.00 secs] 
2019-01-02T11:14:05.787+0530: 913.686: [GC (Allocation Failure) 2019-01-02T11:14:05.787+0530: 913.686: [DefNew
Desired survivor size 32768 bytes, new threshold 15 (max 15)
- age   1:         40 bytes,         40 total
- age   3:        184 bytes,        224 total
- age   9:         16 bytes,        240 total
- age  15:         16 bytes,        256 total
: 896K->0K(960K), 0.0011757 secs] 8962K->8642K(10176K), 0.0013262 secs] [Times: user=0.00 sys=0.00, real=0.00 secs] 
2019-01-02T11:14:05.790+0530: 913.689: [GC (Allocation Failure) 2019-01-02T11:14:05.790+0530: 913.689: [DefNew
Desired survivor size 32768 bytes, new threshold 15 (max 15)
- age   1:         24 bytes,         24 total
- age   4:        184 bytes,        208 total
- age  10:         16 bytes,        224 total
: 515K->0K(960K), 0.0006945 secs] 9158K->8642K(10176K), 0.0008045 secs] [Times: user=0.00 sys=0.00, real=0.00 secs] 
2019-01-02T11:14:05.791+0530: 913.690: [GC (Allocation Failure) 2019-01-02T11:14:05.791+0530: 913.691: [DefNew
Desired survivor size 32768 bytes, new threshold 15 (max 15)
- age   2:         24 bytes,         24 total
- age   5:        184 bytes,        208 total
- age  11:         16 bytes,        224 total
: 515K->0K(960K), 0.0007885 secs] 9158K->9158K(10176K), 0.0008723 secs] [Times: user=0.00 sys=0.00, real=0.00 secs] 
2019-01-02T11:14:05.792+0530: 913.692: [GC (Allocation Failure) 2019-01-02T11:14:05.792+0530: 913.692: [DefNew: 533K->533K(960K), 0.0000234 secs]2019-01-02T11:14:05.792+0530: 913.692: [Tenured: 9157K->1291K(9216K), 0.0037363 secs] 9691K->1291K(10176K), [Metaspace: 2520K->2520K(1056768K)], 0.0038662 secs] [Times: user=0.00 sys=0.00, real=0.00 secs] 
2019-01-02T11:14:05.853+0530: 913.753: [GC (Allocation Failure) 2019-01-02T11:14:05.853+0530: 913.753: [DefNew
Desired survivor size 32768 bytes, new threshold 15 (max 15)
- age   1:        248 bytes,        248 total
: 886K->0K(960K), 0.0013923 secs] 2178K->1879K(10176K), 0.0016620 secs] [Times: user=0.00 sys=0.00, real=0.00 secs] 
2019-01-02T11:14:05.857+0530: 913.757: [GC (Allocation Failure) 2019-01-02T11:14:05.857+0530: 913.757: [DefNew
Desired survivor size 32768 bytes, new threshold 15 (max 15)
- age   1:         40 bytes,         40 total
- age   2:        184 bytes,        224 total
: 896K->0K(960K), 0.0012481 secs] 2775K->2167K(10176K), 0.0014693 secs] [Times: user=0.00 sys=0.00, real=0.00 secs] 
2019-01-02T11:14:05.860+0530: 913.759: [GC (Allocation Failure) 2019-01-02T11:14:05.860+0530: 913.759: [DefNew
Desired survivor size 32768 bytes, new threshold 15 (max 15)
- age   1:         40 bytes,         40 total
- age   3:        184 bytes,        224 total
: 896K->0K(960K), 0.0010548 secs] 3063K->2743K(10176K), 0.0012441 secs] [Times: user=0.02 sys=0.00, real=0.00 secs] 
2019-01-02T11:14:05.863+0530: 913.762: [GC (Allocation Failure) 2019-01-02T11:14:05.863+0530: 913.762: [DefNew
Desired survivor size 32768 bytes, new threshold 15 (max 15)
- age   1:         24 bytes,         24 total
- age   4:        184 bytes,        208 total
: 515K->0K(960K), 0.0005941 secs] 3258K->2743K(10176K), 0.0007515 secs] [Times: user=0.00 sys=0.00, real=0.00 secs] 
2019-01-02T11:14:05.864+0530: 913.763: [GC (Allocation Failure) 2019-01-02T11:14:05.864+0530: 913.763: [DefNew
Desired survivor size 32768 bytes, new threshold 15 (max 15)
- age   2:         24 bytes,         24 total
- age   5:        184 bytes,        208 total
: 515K->0K(960K), 0.0003330 secs] 3258K->3258K(10176K), 0.0004048 secs] [Times: user=0.00 sys=0.00, real=0.00 secs] 
2019-01-02T11:14:05.865+0530: 913.764: [GC (Allocation Failure) 2019-01-02T11:14:05.865+0530: 913.764: [DefNew
Desired survivor size 32768 bytes, new threshold 15 (max 15)
- age   1:         24 bytes,         24 total
- age   6:         72 bytes,         96 total
: 533K->0K(960K), 0.0003284 secs] 3791K->3773K(10176K), 0.0003991 secs] [Times: user=0.00 sys=0.00, real=0.00 secs] 
2019-01-02T11:14:05.922+0530: 913.822: [GC (Allocation Failure) 2019-01-02T11:14:05.923+0530: 913.822: [DefNew
Desired survivor size 32768 bytes, new threshold 15 (max 15)
- age   1:        248 bytes,        248 total
- age   7:         16 bytes,        264 total
: 886K->0K(960K), 0.0013290 secs] 4660K->3845K(10176K), 0.0016381 secs] [Times: user=0.00 sys=0.00, real=0.00 secs] 
2019-01-02T11:14:05.926+0530: 913.826: [GC (Allocation Failure) 2019-01-02T11:14:05.926+0530: 913.826: [DefNew
Desired survivor size 32768 bytes, new threshold 15 (max 15)
- age   1:         40 bytes,         40 total
- age   2:        184 bytes,        224 total
- age   8:         16 bytes,        240 total
: 896K->0K(960K), 0.0005987 secs] 4741K->4133K(10176K), 0.0007344 secs] [Times: user=0.00 sys=0.00, real=0.00 secs] 
2019-01-02T11:14:05.928+0530: 913.828: [GC (Allocation Failure) 2019-01-02T11:14:05.928+0530: 913.828: [DefNew
Desired survivor size 32768 bytes, new threshold 15 (max 15)
- age   1:         40 bytes,         40 total
- age   3:        184 bytes,        224 total
- age   9:         16 bytes,        240 total
: 896K->0K(960K), 0.0009590 secs] 5029K->4709K(10176K), 0.0010736 secs] [Times: user=0.00 sys=0.00, real=0.00 secs] 
2019-01-02T11:14:05.931+0530: 913.831: [GC (Allocation Failure) 2019-01-02T11:14:05.931+0530: 913.831: [DefNew
Desired survivor size 32768 bytes, new threshold 15 (max 15)
- age   1:         24 bytes,         24 total
- age   4:        184 bytes,        208 total
- age  10:         16 bytes,        224 total
: 515K->0K(960K), 0.0003364 secs] 5225K->4709K(10176K), 0.0004510 secs] [Times: user=0.00 sys=0.00, real=0.00 secs] 
2019-01-02T11:14:05.932+0530: 913.831: [GC (Allocation Failure) 2019-01-02T11:14:05.932+0530: 913.832: [DefNew
Desired survivor size 32768 bytes, new threshold 15 (max 15)
- age   2:         24 bytes,         24 total
- age   5:        184 bytes,        208 total
- age  11:         16 bytes,        224 total
: 515K->0K(960K), 0.0004099 secs] 5225K->5225K(10176K), 0.0005285 secs] [Times: user=0.00 sys=0.00, real=0.00 secs] 
2019-01-02T11:14:05.933+0530: 913.832: [GC (Allocation Failure) 2019-01-02T11:14:05.933+0530: 913.832: [DefNew
Desired survivor size 32768 bytes, new threshold 15 (max 15)
- age   1:         24 bytes,         24 total
- age   6:         72 bytes,         96 total
- age  12:         16 bytes,        112 total
: 533K->0K(960K), 0.0003484 secs] 5758K->5740K(10176K), 0.0004213 secs] [Times: user=0.00 sys=0.00, real=0.00 secs] 
2019-01-02T11:14:05.998+0530: 913.897: [GC (Allocation Failure) 2019-01-02T11:14:05.998+0530: 913.897: [DefNew
Desired survivor size 32768 bytes, new threshold 15 (max 15)
- age   1:        248 bytes,        248 total
- age   7:         16 bytes,        264 total
- age  13:         16 bytes,        280 total
: 886K->0K(960K), 0.0005810 secs] 6627K->5812K(10176K), 0.0007783 secs] [Times: user=0.00 sys=0.00, real=0.00 secs] 
2019-01-02T11:14:06.001+0530: 913.900: [GC (Allocation Failure) 2019-01-02T11:14:06.001+0530: 913.901: [DefNew
Desired survivor size 32768 bytes, new threshold 15 (max 15)
- age   1:         40 bytes,         40 total
- age   2:        184 bytes,        224 total
- age   8:         16 bytes,        240 total
- age  14:         16 bytes,        256 total
: 896K->0K(960K), 0.0005074 secs] 6708K->6100K(10176K), 0.0007794 secs] [Times: user=0.00 sys=0.00, real=0.00 secs] 
2019-01-02T11:14:06.003+0530: 913.903: [GC (Allocation Failure) 2019-01-02T11:14:06.003+0530: 913.903: [DefNew
Desired survivor size 32768 bytes, new threshold 15 (max 15)
- age   1:         40 bytes,         40 total
- age   3:        184 bytes,        224 total
- age   9:         16 bytes,        240 total
- age  15:         16 bytes,        256 total
: 896K->0K(960K), 0.0004134 secs] 6996K->6676K(10176K), 0.0005074 secs] [Times: user=0.00 sys=0.00, real=0.00 secs] 
2019-01-02T11:14:06.005+0530: 913.905: [GC (Allocation Failure) 2019-01-02T11:14:06.005+0530: 913.905: [DefNew
Desired survivor size 32768 bytes, new threshold 15 (max 15)
- age   1:         24 bytes,         24 total
- age   4:        184 bytes,        208 total
- age  10:         16 bytes,        224 total
: 515K->0K(960K), 0.0009955 secs] 7192K->6676K(10176K), 0.0011990 secs] [Times: user=0.00 sys=0.00, real=0.00 secs] 
2019-01-02T11:14:06.007+0530: 913.906: [GC (Allocation Failure) 2019-01-02T11:14:06.007+0530: 913.906: [DefNew
Desired survivor size 32768 bytes, new threshold 15 (max 15)
- age   2:         24 bytes,         24 total
- age   5:        184 bytes,        208 total
- age  11:         16 bytes,        224 total
: 515K->0K(960K), 0.0004846 secs] 7192K->7192K(10176K), 0.0005884 secs] [Times: user=0.00 sys=0.00, real=0.00 secs] 
2019-01-02T11:14:06.008+0530: 913.907: [GC (Allocation Failure) 2019-01-02T11:14:06.008+0530: 913.907: [DefNew
Desired survivor size 32768 bytes, new threshold 15 (max 15)
- age   1:         24 bytes,         24 total
- age   6:         72 bytes,         96 total
- age  12:         16 bytes,        112 total
: 533K->0K(960K), 0.0007401 secs] 7725K->7707K(10176K), 0.0008267 secs] [Times: user=0.00 sys=0.00, real=0.00 secs] 
2019-01-02T11:14:06.072+0530: 913.972: [GC (Allocation Failure) 2019-01-02T11:14:06.073+0530: 913.972: [DefNew
Desired survivor size 32768 bytes, new threshold 15 (max 15)
- age   1:        248 bytes,        248 total
- age   7:         16 bytes,        264 total
- age  13:         16 bytes,        280 total
: 886K->0K(960K), 0.0007184 secs] 8594K->7779K(10176K), 0.0010394 secs] [Times: user=0.00 sys=0.00, real=0.00 secs] 
2019-01-02T11:14:06.075+0530: 913.975: [GC (Allocation Failure) 2019-01-02T11:14:06.075+0530: 913.975: [DefNew
Desired survivor size 32768 bytes, new threshold 15 (max 15)
- age   1:         40 bytes,         40 total
- age   2:        184 bytes,        224 total
- age   8:         16 bytes,        240 total
- age  14:         16 bytes,        256 total
: 896K->0K(960K), 0.0006705 secs] 8675K->8067K(10176K), 0.0008028 secs] [Times: user=0.00 sys=0.00, real=0.00 secs] 
2019-01-02T11:14:06.077+0530: 913.977: [GC (Allocation Failure) 2019-01-02T11:14:06.077+0530: 913.977: [DefNew
Desired survivor size 32768 bytes, new threshold 15 (max 15)
- age   1:         40 bytes,         40 total
- age   3:        184 bytes,        224 total
- age   9:         16 bytes,        240 total
- age  15:         16 bytes,        256 total
: 896K->0K(960K), 0.0009750 secs] 8963K->8643K(10176K), 0.0011363 secs] [Times: user=0.02 sys=0.00, real=0.00 secs] 
2019-01-02T11:14:06.080+0530: 913.980: [GC (Allocation Failure) 2019-01-02T11:14:06.081+0530: 913.980: [DefNew
Desired survivor size 32768 bytes, new threshold 15 (max 15)
- age   1:         24 bytes,         24 total
- age   4:        184 bytes,        208 total
- age  10:         16 bytes,        224 total
: 515K->0K(960K), 0.0007395 secs] 9159K->8643K(10176K), 0.0009470 secs] [Times: user=0.00 sys=0.00, real=0.00 secs] 
2019-01-02T11:14:06.082+0530: 913.981: [GC (Allocation Failure) 2019-01-02T11:14:06.082+0530: 913.981: [DefNew
Desired survivor size 32768 bytes, new threshold 15 (max 15)
- age   2:         24 bytes,         24 total
- age   5:        184 bytes,        208 total
- age  11:         16 bytes,        224 total
: 515K->0K(960K), 0.0003392 secs] 9159K->9159K(10176K), 0.0004128 secs] [Times: user=0.00 sys=0.00, real=0.00 secs] 
2019-01-02T11:14:06.083+0530: 913.982: [GC (Allocation Failure) 2019-01-02T11:14:06.083+0530: 913.982: [DefNew: 533K->533K(960K), 0.0000274 secs]2019-01-02T11:14:06.083+0530: 913.982: [Tenured: 9158K->1291K(9216K), 0.0037653 secs] 9692K->1291K(10176K), [Metaspace: 2520K->2520K(1056768K)], 0.0039193 secs] [Times: user=0.00 sys=0.00, real=0.00 secs] 
2019-01-02T11:14:06.145+0530: 914.044: [GC (Allocation Failure) 2019-01-02T11:14:06.145+0530: 914.044: [DefNew
Desired survivor size 32768 bytes, new threshold 15 (max 15)
- age   1:        248 bytes,        248 total
: 886K->0K(960K), 0.0012116 secs] 2178K->1879K(10176K), 0.0014761 secs] [Times: user=0.00 sys=0.00, real=0.00 secs] 
2019-01-02T11:14:06.148+0530: 914.048: [GC (Allocation Failure) 2019-01-02T11:14:06.149+0530: 914.048: [DefNew
Desired survivor size 32768 bytes, new threshold 15 (max 15)
- age   1:         40 bytes,         40 total
- age   2:        184 bytes,        224 total
: 896K->0K(960K), 0.0006488 secs] 2775K->2167K(10176K), 0.0011711 secs] [Times: user=0.00 sys=0.00, real=0.00 secs] 
2019-01-02T11:14:06.151+0530: 914.051: [GC (Allocation Failure) 2019-01-02T11:14:06.151+0530: 914.051: [DefNew
Desired survivor size 32768 bytes, new threshold 15 (max 15)
- age   1:         40 bytes,         40 total
- age   3:        184 bytes,        224 total
: 896K->0K(960K), 0.0012144 secs] 3063K->2743K(10176K), 0.0013809 secs] [Times: user=0.00 sys=0.00, real=0.00 secs] 
2019-01-02T11:14:06.154+0530: 914.053: [GC (Allocation Failure) 2019-01-02T11:14:06.154+0530: 914.053: [DefNew
Desired survivor size 32768 bytes, new threshold 15 (max 15)
- age   1:         24 bytes,         24 total
- age   4:        184 bytes,        208 total
: 515K->0K(960K), 0.0002457 secs] 3258K->2743K(10176K), 0.0003227 secs] [Times: user=0.00 sys=0.00, real=0.00 secs] 
2019-01-02T11:14:06.154+0530: 914.054: [GC (Allocation Failure) 2019-01-02T11:14:06.154+0530: 914.054: [DefNew
Desired survivor size 32768 bytes, new threshold 15 (max 15)
- age   2:         24 bytes,         24 total
- age   5:        184 bytes,        208 total
: 515K->0K(960K), 0.0003130 secs] 3258K->3258K(10176K), 0.0003814 secs] [Times: user=0.00 sys=0.00, real=0.00 secs] 
2019-01-02T11:14:06.155+0530: 914.055: [GC (Allocation Failure) 2019-01-02T11:14:06.155+0530: 914.055: [DefNew
Desired survivor size 32768 bytes, new threshold 15 (max 15)
- age   1:         24 bytes,         24 total
- age   6:         72 bytes,         96 total
: 533K->0K(960K), 0.0010628 secs] 3791K->3774K(10176K), 0.0013667 secs] [Times: user=0.02 sys=0.00, real=0.00 secs] 
2019-01-02T11:14:06.212+0530: 914.111: [GC (Allocation Failure) 2019-01-02T11:14:06.212+0530: 914.111: [DefNew
Desired survivor size 32768 bytes, new threshold 15 (max 15)
- age   1:        248 bytes,        248 total
- age   7:         16 bytes,        264 total
: 886K->0K(960K), 0.0009864 secs] 4660K->3846K(10176K), 0.0013262 secs] [Times: user=0.00 sys=0.00, real=0.00 secs] 
2019-01-02T11:14:06.215+0530: 914.115: [GC (Allocation Failure) 2019-01-02T11:14:06.215+0530: 914.115: [DefNew
Desired survivor size 32768 bytes, new threshold 15 (max 15)
- age   1:         40 bytes,         40 total
- age   2:        184 bytes,        224 total
- age   8:         16 bytes,        240 total
: 896K->0K(960K), 0.0006038 secs] 4742K->4134K(10176K), 0.0008689 secs] [Times: user=0.00 sys=0.00, real=0.00 secs] 
2019-01-02T11:14:06.218+0530: 914.117: [GC (Allocation Failure) 2019-01-02T11:14:06.218+0530: 914.117: [DefNew
Desired survivor size 32768 bytes, new threshold 15 (max 15)
- age   1:         40 bytes,         40 total
- age   3:        184 bytes,        224 total
- age   9:         16 bytes,        240 total
: 896K->0K(960K), 0.0011295 secs] 5030K->4710K(10176K), 0.0012954 secs] [Times: user=0.01 sys=0.00, real=0.00 secs] 
2019-01-02T11:14:06.221+0530: 914.120: [GC (Allocation Failure) 2019-01-02T11:14:06.221+0530: 914.120: [DefNew
Desired survivor size 32768 bytes, new threshold 15 (max 15)
- age   1:         24 bytes,         24 total
- age   4:        184 bytes,        208 total
- age  10:         16 bytes,        224 total
: 515K->0K(960K), 0.0003575 secs] 5225K->4710K(10176K), 0.0004960 secs] [Times: user=0.00 sys=0.00, real=0.00 secs] 
2019-01-02T11:14:06.221+0530: 914.121: [GC (Allocation Failure) 2019-01-02T11:14:06.221+0530: 914.121: [DefNew
Desired survivor size 32768 bytes, new threshold 15 (max 15)
- age   2:         24 bytes,         24 total
- age   5:        184 bytes,        208 total
- age  11:         16 bytes,        224 total
: 515K->0K(960K), 0.0003438 secs] 5225K->5225K(10176K), 0.0004162 secs] [Times: user=0.00 sys=0.00, real=0.00 secs] 
2019-01-02T11:14:06.222+0530: 914.122: [GC (Allocation Failure) 2019-01-02T11:14:06.222+0530: 914.122: [DefNew
Desired survivor size 32768 bytes, new threshold 15 (max 15)
- age   1:         24 bytes,         24 total
- age   6:         72 bytes,         96 total
- age  12:         16 bytes,        112 total
: 533K->0K(960K), 0.0012846 secs] 5758K->5741K(10176K), 0.0015069 secs] [Times: user=0.00 sys=0.00, real=0.00 secs] 
2019-01-02T11:14:06.279+0530: 914.178: [GC (Allocation Failure) 2019-01-02T11:14:06.279+0530: 914.179: [DefNew
Desired survivor size 32768 bytes, new threshold 15 (max 15)
- age   1:        248 bytes,        248 total
- age   7:         16 bytes,        264 total
- age  13:         16 bytes,        280 total
: 886K->0K(960K), 0.0005342 secs] 6627K->5813K(10176K), 0.0008381 secs] [Times: user=0.00 sys=0.00, real=0.00 secs] 
2019-01-02T11:14:06.282+0530: 914.182: [GC (Allocation Failure) 2019-01-02T11:14:06.282+0530: 914.182: [DefNew
Desired survivor size 32768 bytes, new threshold 15 (max 15)
- age   1:         40 bytes,         40 total
- age   2:        184 bytes,        224 total
- age   8:         16 bytes,        240 total
- age  14:         16 bytes,        256 total
: 896K->0K(960K), 0.0009168 secs] 6709K->6101K(10176K), 0.0011261 secs] [Times: user=0.00 sys=0.00, real=0.00 secs] 
2019-01-02T11:14:06.285+0530: 914.184: [GC (Allocation Failure) 2019-01-02T11:14:06.285+0530: 914.184: [DefNew
Desired survivor size 32768 bytes, new threshold 15 (max 15)
- age   1:         40 bytes,         40 total
- age   3:        184 bytes,        224 total
- age   9:         16 bytes,        240 total
- age  15:         16 bytes,        256 total
: 896K->0K(960K), 0.0010941 secs] 6997K->6677K(10176K), 0.0014020 secs] [Times: user=0.00 sys=0.00, real=0.00 secs] 
2019-01-02T11:14:06.288+0530: 914.187: [GC (Allocation Failure) 2019-01-02T11:14:06.288+0530: 914.187: [DefNew
Desired survivor size 32768 bytes, new threshold 15 (max 15)
- age   1:         24 bytes,         24 total
- age   4:        184 bytes,        208 total
- age  10:         16 bytes,        224 total
: 515K->0K(960K), 0.0002577 secs] 7192K->6677K(10176K), 0.0003341 secs] [Times: user=0.00 sys=0.00, real=0.00 secs] 
2019-01-02T11:14:06.288+0530: 914.188: [GC (Allocation Failure) 2019-01-02T11:14:06.288+0530: 914.188: [DefNew
Desired survivor size 32768 bytes, new threshold 15 (max 15)
- age   2:         24 bytes,         24 total
- age   5:        184 bytes,        208 total
- age  11:         16 bytes,        224 total
: 515K->0K(960K), 0.0003472 secs] 7192K->7192K(10176K), 0.0004219 secs] [Times: user=0.00 sys=0.00, real=0.00 secs] 
2019-01-02T11:14:06.289+0530: 914.189: [GC (Allocation Failure) 2019-01-02T11:14:06.289+0530: 914.189: [DefNew
Desired survivor size 32768 bytes, new threshold 15 (max 15)
- age   1:         24 bytes,         24 total
- age   6:         72 bytes,         96 total
- age  12:         16 bytes,        112 total
: 533K->0K(960K), 0.0004983 secs] 7725K->7708K(10176K), 0.0006352 secs] [Times: user=0.00 sys=0.00, real=0.00 secs] 
2019-01-02T11:14:06.348+0530: 914.248: [GC (Allocation Failure) 2019-01-02T11:14:06.348+0530: 914.248: [DefNew
Desired survivor size 32768 bytes, new threshold 15 (max 15)
- age   1:        248 bytes,        248 total
- age   7:         16 bytes,        264 total
- age  13:         16 bytes,        280 total
: 886K->0K(960K), 0.0008820 secs] 8595K->7780K(10176K), 0.0011158 secs] [Times: user=0.00 sys=0.00, real=0.00 secs] 
2019-01-02T11:14:06.352+0530: 914.251: [GC (Allocation Failure) 2019-01-02T11:14:06.352+0530: 914.251: [DefNew
Desired survivor size 32768 bytes, new threshold 15 (max 15)
- age   1:         40 bytes,         40 total
- age   2:        184 bytes,        224 total
- age   8:         16 bytes,        240 total
- age  14:         16 bytes,        256 total
: 896K->0K(960K), 0.0011648 secs] 8676K->8068K(10176K), 0.0013308 secs] [Times: user=0.00 sys=0.00, real=0.00 secs] 
2019-01-02T11:14:06.355+0530: 914.254: [GC (Allocation Failure) 2019-01-02T11:14:06.355+0530: 914.254: [DefNew
Desired survivor size 32768 bytes, new threshold 15 (max 15)
- age   1:         40 bytes,         40 total
- age   3:        184 bytes,        224 total
- age   9:         16 bytes,        240 total
- age  15:         16 bytes,        256 total
: 896K->0K(960K), 0.0006158 secs] 8964K->8644K(10176K), 0.0007640 secs] [Times: user=0.00 sys=0.00, real=0.00 secs] 
2019-01-02T11:14:06.357+0530: 914.256: [GC (Allocation Failure) 2019-01-02T11:14:06.357+0530: 914.257: [DefNew
Desired survivor size 32768 bytes, new threshold 15 (max 15)
- age   1:         24 bytes,         24 total
- age   4:        184 bytes,        208 total
- age  10:         16 bytes,        224 total
: 515K->0K(960K), 0.0009499 secs] 9159K->8644K(10176K), 0.0011819 secs] [Times: user=0.00 sys=0.00, real=0.00 secs] 
2019-01-02T11:14:06.359+0530: 914.258: [GC (Allocation Failure) 2019-01-02T11:14:06.359+0530: 914.258: [DefNew
Desired survivor size 32768 bytes, new threshold 15 (max 15)
- age   2:         24 bytes,         24 total
- age   5:        184 bytes,        208 total
- age  11:         16 bytes,        224 total
: 515K->0K(960K), 0.0004025 secs] 9159K->9159K(10176K), 0.0004835 secs] [Times: user=0.01 sys=0.00, real=0.00 secs] 
2019-01-02T11:14:06.360+0530: 914.259: [GC (Allocation Failure) 2019-01-02T11:14:06.360+0530: 914.259: [DefNew: 533K->533K(960K), 0.0000291 secs]2019-01-02T11:14:06.360+0530: 914.259: [Tenured: 9159K->1291K(9216K), 0.0046171 secs] 9693K->1291K(10176K), [Metaspace: 2520K->2520K(1056768K)], 0.0047899 secs] [Times: user=0.00 sys=0.00, real=0.01 secs] 
2019-01-02T11:14:06.425+0530: 914.324: [GC (Allocation Failure) 2019-01-02T11:14:06.425+0530: 914.324: [DefNew
Desired survivor size 32768 bytes, new threshold 15 (max 15)
- age   1:        248 bytes,        248 total
: 886K->0K(960K), 0.0016056 secs] 2178K->1879K(10176K), 0.0017732 secs] [Times: user=0.00 sys=0.00, real=0.00 secs] 
2019-01-02T11:14:06.428+0530: 914.328: [GC (Allocation Failure) 2019-01-02T11:14:06.428+0530: 914.328: [DefNew
Desired survivor size 32768 bytes, new threshold 15 (max 15)
- age   1:         40 bytes,         40 total
- age   2:        184 bytes,        224 total
: 896K->0K(960K), 0.0006169 secs] 2775K->2167K(10176K), 0.0007771 secs] [Times: user=0.00 sys=0.00, real=0.00 secs] 
2019-01-02T11:14:06.430+0530: 914.330: [GC (Allocation Failure) 2019-01-02T11:14:06.430+0530: 914.330: [DefNew
Desired survivor size 32768 bytes, new threshold 15 (max 15)
- age   1:         40 bytes,         40 total
- age   3:        184 bytes,        224 total
: 896K->0K(960K), 0.0010548 secs] 3063K->2743K(10176K), 0.0012760 secs] [Times: user=0.00 sys=0.00, real=0.00 secs] 
2019-01-02T11:14:06.433+0530: 914.333: [GC (Allocation Failure) 2019-01-02T11:14:06.433+0530: 914.333: [DefNew
Desired survivor size 32768 bytes, new threshold 15 (max 15)
- age   1:         24 bytes,         24 total
- age   4:        184 bytes,        208 total
: 515K->0K(960K), 0.0002600 secs] 3259K->2743K(10176K), 0.0003381 secs] [Times: user=0.00 sys=0.00, real=0.00 secs] 
2019-01-02T11:14:06.434+0530: 914.333: [GC (Allocation Failure) 2019-01-02T11:14:06.434+0530: 914.333: [DefNew
Desired survivor size 32768 bytes, new threshold 15 (max 15)
- age   2:         24 bytes,         24 total
- age   5:        184 bytes,        208 total
: 515K->0K(960K), 0.0003204 secs] 3259K->3259K(10176K), 0.0003934 secs] [Times: user=0.00 sys=0.00, real=0.00 secs] 
2019-01-02T11:14:06.435+0530: 914.334: [GC (Allocation Failure) 2019-01-02T11:14:06.435+0530: 914.334: [DefNew
Desired survivor size 32768 bytes, new threshold 15 (max 15)
- age   1:         24 bytes,         24 total
- age   6:         72 bytes,         96 total
: 533K->0K(960K), 0.0003221 secs] 3792K->3774K(10176K), 0.0003934 secs] [Times: user=0.00 sys=0.00, real=0.00 secs] 
2019-01-02T11:14:06.495+0530: 914.394: [GC (Allocation Failure) 2019-01-02T11:14:06.495+0530: 914.395: [DefNew
Desired survivor size 32768 bytes, new threshold 15 (max 15)
- age   1:        248 bytes,        248 total
- age   7:         16 bytes,        264 total
: 887K->0K(960K), 0.0005337 secs] 4661K->3846K(10176K), 0.0010519 secs] [Times: user=0.00 sys=0.00, real=0.00 secs] 
2019-01-02T11:14:06.497+0530: 914.397: [GC (Allocation Failure) 2019-01-02T11:14:06.497+0530: 914.397: [DefNew
Desired survivor size 32768 bytes, new threshold 15 (max 15)
- age   1:         40 bytes,         40 total
- age   2:        184 bytes,        224 total
- age   8:         16 bytes,        240 total
: 896K->0K(960K), 0.0008649 secs] 4742K->4134K(10176K), 0.0010103 secs] [Times: user=0.00 sys=0.00, real=0.00 secs] 
2019-01-02T11:14:06.501+0530: 914.400: [GC (Allocation Failure) 2019-01-02T11:14:06.501+0530: 914.400: [DefNew
Desired survivor size 32768 bytes, new threshold 15 (max 15)
- age   1:         40 bytes,         40 total
- age   3:        184 bytes,        224 total
- age   9:         16 bytes,        240 total
: 896K->0K(960K), 0.0015001 secs] 5030K->4710K(10176K), 0.0016751 secs] [Times: user=0.00 sys=0.00, real=0.00 secs] 
2019-01-02T11:14:06.503+0530: 914.403: [GC (Allocation Failure) 2019-01-02T11:14:06.504+0530: 914.403: [DefNew
Desired survivor size 32768 bytes, new threshold 15 (max 15)
- age   1:         24 bytes,         24 total
- age   4:        184 bytes,        208 total
- age  10:         16 bytes,        224 total
: 515K->0K(960K), 0.0002703 secs] 5226K->4710K(10176K), 0.0003495 secs] [Times: user=0.00 sys=0.00, real=0.00 secs] 
2019-01-02T11:14:06.504+0530: 914.404: [GC (Allocation Failure) 2019-01-02T11:14:06.504+0530: 914.404: [DefNew
Desired survivor size 32768 bytes, new threshold 15 (max 15)
- age   2:         24 bytes,         24 total
- age   5:        184 bytes,        208 total
- age  11:         16 bytes,        224 total
: 515K->0K(960K), 0.0003233 secs] 5226K->5226K(10176K), 0.0003928 secs] [Times: user=0.00 sys=0.00, real=0.00 secs] 
2019-01-02T11:14:06.505+0530: 914.405: [GC (Allocation Failure) 2019-01-02T11:14:06.505+0530: 914.405: [DefNew
Desired survivor size 32768 bytes, new threshold 15 (max 15)
- age   1:         24 bytes,         24 total
- age   6:         72 bytes,         96 total
- age  12:         16 bytes,        112 total
: 533K->0K(960K), 0.0003090 secs] 5759K->5741K(10176K), 0.0003803 secs] [Times: user=0.00 sys=0.00, real=0.00 secs] 
2019-01-02T11:14:06.564+0530: 914.464: [GC (Allocation Failure) 2019-01-02T11:14:06.564+0530: 914.464: [DefNew
Desired survivor size 32768 bytes, new threshold 15 (max 15)
- age   1:        248 bytes,        248 total
- age   7:         16 bytes,        264 total
- age  13:         16 bytes,        280 total
: 887K->0K(960K), 0.0010993 secs] 6628K->5813K(10176K), 0.0014704 secs] [Times: user=0.00 sys=0.00, real=0.00 secs] 
2019-01-02T11:14:06.567+0530: 914.467: [GC (Allocation Failure) 2019-01-02T11:14:06.568+0530: 914.467: [DefNew
Desired survivor size 32768 bytes, new threshold 15 (max 15)
- age   1:         40 bytes,         40 total
- age   2:        184 bytes,        224 total
- age   8:         16 bytes,        240 total
- age  14:         16 bytes,        256 total
: 896K->0K(960K), 0.0005770 secs] 6709K->6101K(10176K), 0.0008353 secs] [Times: user=0.00 sys=0.00, real=0.00 secs] 
2019-01-02T11:14:06.570+0530: 914.469: [GC (Allocation Failure) 2019-01-02T11:14:06.570+0530: 914.470: [DefNew
Desired survivor size 32768 bytes, new threshold 15 (max 15)
- age   1:         40 bytes,         40 total
- age   3:        184 bytes,        224 total
- age   9:         16 bytes,        240 total
- age  15:         16 bytes,        256 total
: 896K->0K(960K), 0.0010474 secs] 6997K->6677K(10176K), 0.0012150 secs] [Times: user=0.00 sys=0.00, real=0.00 secs] 
2019-01-02T11:14:06.572+0530: 914.472: [GC (Allocation Failure) 2019-01-02T11:14:06.572+0530: 914.472: [DefNew
Desired survivor size 32768 bytes, new threshold 15 (max 15)
- age   1:         24 bytes,         24 total
- age   4:        184 bytes,        208 total
- age  10:         16 bytes,        224 total
: 515K->0K(960K), 0.0002731 secs] 7193K->6677K(10176K), 0.0003541 secs] [Times: user=0.00 sys=0.00, real=0.00 secs] 
2019-01-02T11:14:06.573+0530: 914.473: [GC (Allocation Failure) 2019-01-02T11:14:06.573+0530: 914.473: [DefNew
Desired survivor size 32768 bytes, new threshold 15 (max 15)
- age   2:         24 bytes,         24 total
- age   5:        184 bytes,        208 total
- age  11:         16 bytes,        224 total
: 515K->0K(960K), 0.0003216 secs] 7193K->7193K(10176K), 0.0003974 secs] [Times: user=0.00 sys=0.00, real=0.00 secs] 
2019-01-02T11:14:06.574+0530: 914.473: [GC (Allocation Failure) 2019-01-02T11:14:06.574+0530: 914.473: [DefNew
Desired survivor size 32768 bytes, new threshold 15 (max 15)
- age   1:         24 bytes,         24 total
- age   6:         72 bytes,         96 total
- age  12:         16 bytes,        112 total
: 533K->0K(960K), 0.0003370 secs] 7726K->7708K(10176K), 0.0004168 secs] [Times: user=0.00 sys=0.00, real=0.00 secs] 
2019-01-02T11:14:06.639+0530: 914.538: [GC (Allocation Failure) 2019-01-02T11:14:06.639+0530: 914.538: [DefNew
Desired survivor size 32768 bytes, new threshold 15 (max 15)
- age   1:        248 bytes,        248 total
- age   7:         16 bytes,        264 total
- age  13:         16 bytes,        280 total
: 887K->0K(960K), 0.0010668 secs] 8595K->7781K(10176K), 0.0015223 secs] [Times: user=0.02 sys=0.00, real=0.00 secs] 
2019-01-02T11:14:06.644+0530: 914.543: [GC (Allocation Failure) 2019-01-02T11:14:06.644+0530: 914.543: [DefNew
Desired survivor size 32768 bytes, new threshold 15 (max 15)
- age   1:         40 bytes,         40 total
- age   2:        184 bytes,        224 total
- age   8:         16 bytes,        240 total
- age  14:         16 bytes,        256 total
: 896K->0K(960K), 0.0018325 secs] 8677K->8069K(10176K), 0.0020628 secs] [Times: user=0.00 sys=0.00, real=0.00 secs] 
2019-01-02T11:14:06.647+0530: 914.547: [GC (Allocation Failure) 2019-01-02T11:14:06.647+0530: 914.547: [DefNew
Desired survivor size 32768 bytes, new threshold 15 (max 15)
- age   1:         40 bytes,         40 total
- age   3:        184 bytes,        224 total
- age   9:         16 bytes,        240 total
- age  15:         16 bytes,        256 total
: 896K->0K(960K), 0.0008467 secs] 8965K->8645K(10176K), 0.0009647 secs] [Times: user=0.00 sys=0.00, real=0.00 secs] 
2019-01-02T11:14:06.649+0530: 914.549: [GC (Allocation Failure) 2019-01-02T11:14:06.649+0530: 914.549: [DefNew
Desired survivor size 32768 bytes, new threshold 15 (max 15)
- age   1:         24 bytes,         24 total
- age   4:        184 bytes,        208 total
- age  10:         16 bytes,        224 total
: 515K->0K(960K), 0.0002623 secs] 9160K->8645K(10176K), 0.0003341 secs] [Times: user=0.00 sys=0.00, real=0.00 secs] 
2019-01-02T11:14:06.650+0530: 914.549: [GC (Allocation Failure) 2019-01-02T11:14:06.650+0530: 914.550: [DefNew
Desired survivor size 32768 bytes, new threshold 15 (max 15)
- age   2:         24 bytes,         24 total
- age   5:        184 bytes,        208 total
- age  11:         16 bytes,        224 total
: 515K->0K(960K), 0.0003233 secs] 9160K->9160K(10176K), 0.0003968 secs] [Times: user=0.00 sys=0.00, real=0.00 secs] 
2019-01-02T11:14:06.651+0530: 914.550: [GC (Allocation Failure) 2019-01-02T11:14:06.651+0530: 914.550: [DefNew: 533K->533K(960K), 0.0000274 secs]2019-01-02T11:14:06.651+0530: 914.550: [Tenured: 9160K->1291K(9216K), 0.0040116 secs] 9693K->1291K(10176K), [Metaspace: 2520K->2520K(1056768K)], 0.0041701 secs] [Times: user=0.00 sys=0.00, real=0.00 secs] 
2019-01-02T11:14:06.721+0530: 914.620: [GC (Allocation Failure) 2019-01-02T11:14:06.721+0530: 914.620: [DefNew
Desired survivor size 32768 bytes, new threshold 15 (max 15)
- age   1:        248 bytes,        248 total
: 886K->0K(960K), 0.0005354 secs] 2178K->1879K(10176K), 0.0006574 secs] [Times: user=0.00 sys=0.00, real=0.00 secs] 
2019-01-02T11:14:06.723+0530: 914.622: [GC (Allocation Failure) 2019-01-02T11:14:06.723+0530: 914.622: [DefNew
Desired survivor size 32768 bytes, new threshold 15 (max 15)
- age   1:         40 bytes,         40 total
- age   2:        184 bytes,        224 total
: 896K->0K(960K), 0.0008860 secs] 2775K->2167K(10176K), 0.0010035 secs] [Times: user=0.00 sys=0.00, real=0.00 secs] 
2019-01-02T11:14:06.725+0530: 914.624: [GC (Allocation Failure) 2019-01-02T11:14:06.725+0530: 914.624: [DefNew
Desired survivor size 32768 bytes, new threshold 15 (max 15)
- age   1:         40 bytes,         40 total
- age   3:        184 bytes,        224 total
: 896K->0K(960K), 0.0011990 secs] 3063K->2743K(10176K), 0.0015377 secs] [Times: user=0.00 sys=0.00, real=0.00 secs] 
2019-01-02T11:14:06.728+0530: 914.628: [GC (Allocation Failure) 2019-01-02T11:14:06.729+0530: 914.628: [DefNew
Desired survivor size 32768 bytes, new threshold 15 (max 15)
- age   1:         24 bytes,         24 total
- age   4:        184 bytes,        208 total
: 515K->0K(960K), 0.0006192 secs] 3259K->2743K(10176K), 0.0009516 secs] [Times: user=0.00 sys=0.00, real=0.00 secs] 
2019-01-02T11:14:06.730+0530: 914.630: [GC (Allocation Failure) 2019-01-02T11:14:06.731+0530: 914.630: [DefNew
Desired survivor size 32768 bytes, new threshold 15 (max 15)
- age   2:         24 bytes,         24 total
- age   5:        184 bytes,        208 total
: 515K->0K(960K), 0.0004664 secs] 3259K->3259K(10176K), 0.0005776 secs] [Times: user=0.00 sys=0.00, real=0.00 secs] 
2019-01-02T11:14:06.731+0530: 914.631: [GC (Allocation Failure) 2019-01-02T11:14:06.732+0530: 914.631: [DefNew
Desired survivor size 32768 bytes, new threshold 15 (max 15)
- age   1:         24 bytes,         24 total
- age   6:         72 bytes,         96 total
: 533K->0K(960K), 0.0003609 secs] 3792K->3774K(10176K), 0.0004527 secs] [Times: user=0.00 sys=0.00, real=0.00 secs] 
2019-01-02T11:14:06.790+0530: 914.689: [GC (Allocation Failure) 2019-01-02T11:14:06.790+0530: 914.689: [DefNew
Desired survivor size 32768 bytes, new threshold 15 (max 15)
- age   1:        248 bytes,        248 total
- age   7:         16 bytes,        264 total
: 887K->0K(960K), 0.0009926 secs] 4661K->3847K(10176K), 0.0012897 secs] [Times: user=0.00 sys=0.00, real=0.00 secs] 
2019-01-02T11:14:06.793+0530: 914.693: [GC (Allocation Failure) 2019-01-02T11:14:06.793+0530: 914.693: [DefNew
Desired survivor size 32768 bytes, new threshold 15 (max 15)
- age   1:         40 bytes,         40 total
- age   2:        184 bytes,        224 total
- age   8:         16 bytes,        240 total
: 896K->0K(960K), 0.0029141 secs] 4743K->4135K(10176K), 0.0032185 secs] [Times: user=0.01 sys=0.00, real=0.00 secs] 
2019-01-02T11:14:06.798+0530: 914.698: [GC (Allocation Failure) 2019-01-02T11:14:06.798+0530: 914.698: [DefNew
Desired survivor size 32768 bytes, new threshold 15 (max 15)
- age   1:         40 bytes,         40 total
- age   3:        184 bytes,        224 total
- age   9:         16 bytes,        240 total
: 896K->0K(960K), 0.0009909 secs] 5031K->4711K(10176K), 0.0011090 secs] [Times: user=0.00 sys=0.00, real=0.00 secs] 
2019-01-02T11:14:06.801+0530: 914.700: [GC (Allocation Failure) 2019-01-02T11:14:06.801+0530: 914.700: [DefNew
Desired survivor size 32768 bytes, new threshold 15 (max 15)
- age   1:         24 bytes,         24 total
- age   4:        184 bytes,        208 total
- age  10:         16 bytes,        224 total
: 515K->0K(960K), 0.0002594 secs] 5226K->4711K(10176K), 0.0003330 secs] [Times: user=0.00 sys=0.00, real=0.00 secs] 
2019-01-02T11:14:06.802+0530: 914.701: [GC (Allocation Failure) 2019-01-02T11:14:06.802+0530: 914.701: [DefNew
Desired survivor size 32768 bytes, new threshold 15 (max 15)
- age   2:         24 bytes,         24 total
- age   5:        184 bytes,        208 total
- age  11:         16 bytes,        224 total
: 515K->0K(960K), 0.0003147 secs] 5226K->5226K(10176K), 0.0003843 secs] [Times: user=0.00 sys=0.00, real=0.00 secs] 
2019-01-02T11:14:06.802+0530: 914.702: [GC (Allocation Failure) 2019-01-02T11:14:06.802+0530: 914.702: [DefNew
Desired survivor size 32768 bytes, new threshold 15 (max 15)
- age   1:         24 bytes,         24 total
- age   6:         72 bytes,         96 total
- age  12:         16 bytes,        112 total
: 533K->0K(960K), 0.0003204 secs] 5759K->5742K(10176K), 0.0003997 secs] [Times: user=0.00 sys=0.00, real=0.00 secs] 
2019-01-02T11:14:06.862+0530: 914.762: [GC (Allocation Failure) 2019-01-02T11:14:06.862+0530: 914.762: [DefNew
Desired survivor size 32768 bytes, new threshold 15 (max 15)
- age   1:        248 bytes,        248 total
- age   7:         16 bytes,        264 total
- age  13:         16 bytes,        280 total
: 887K->0K(960K), 0.0010856 secs] 6629K->5814K(10176K), 0.0014265 secs] [Times: user=0.00 sys=0.00, real=0.00 secs] 
2019-01-02T11:14:06.865+0530: 914.765: [GC (Allocation Failure) 2019-01-02T11:14:06.865+0530: 914.765: [DefNew
Desired survivor size 32768 bytes, new threshold 15 (max 15)
- age   1:         40 bytes,         40 total
- age   2:        184 bytes,        224 total
- age   8:         16 bytes,        240 total
- age  14:         16 bytes,        256 total
: 896K->0K(960K), 0.0006220 secs] 6710K->6102K(10176K), 0.0007845 secs] [Times: user=0.00 sys=0.00, real=0.00 secs] 
2019-01-02T11:14:06.868+0530: 914.767: [GC (Allocation Failure) 2019-01-02T11:14:06.868+0530: 914.767: [DefNew
Desired survivor size 32768 bytes, new threshold 15 (max 15)
- age   1:         40 bytes,         40 total
- age   3:        184 bytes,        224 total
- age   9:         16 bytes,        240 total
- age  15:         16 bytes,        256 total
: 896K->0K(960K), 0.0007412 secs] 6998K->6678K(10176K), 0.0009100 secs] [Times: user=0.00 sys=0.00, real=0.00 secs] 
2019-01-02T11:14:06.870+0530: 914.769: [GC (Allocation Failure) 2019-01-02T11:14:06.870+0530: 914.769: [DefNew
Desired survivor size 32768 bytes, new threshold 15 (max 15)
- age   1:         24 bytes,         24 total
- age   4:        184 bytes,        208 total
- age  10:         16 bytes,        224 total
: 515K->0K(960K), 0.0002674 secs] 7193K->6678K(10176K), 0.0003404 secs] [Times: user=0.00 sys=0.00, real=0.00 secs] 
2019-01-02T11:14:06.870+0530: 914.770: [GC (Allocation Failure) 2019-01-02T11:14:06.870+0530: 914.770: [DefNew
Desired survivor size 32768 bytes, new threshold 15 (max 15)
- age   2:         24 bytes,         24 total
- age   5:        184 bytes,        208 total
- age  11:         16 bytes,        224 total
: 515K->0K(960K), 0.0003347 secs] 7194K->7194K(10176K), 0.0004060 secs] [Times: user=0.00 sys=0.00, real=0.00 secs] 
2019-01-02T11:14:06.871+0530: 914.771: [GC (Allocation Failure) 2019-01-02T11:14:06.871+0530: 914.771: [DefNew
Desired survivor size 32768 bytes, new threshold 15 (max 15)
- age   1:         24 bytes,         24 total
- age   6:         72 bytes,         96 total
- age  12:         16 bytes,        112 total
: 533K->0K(960K), 0.0003181 secs] 7727K->7709K(10176K), 0.0003900 secs] [Times: user=0.00 sys=0.00, real=0.00 secs] 
2019-01-02T11:14:06.933+0530: 914.832: [GC (Allocation Failure) 2019-01-02T11:14:06.933+0530: 914.833: [DefNew
Desired survivor size 32768 bytes, new threshold 15 (max 15)
- age   1:        248 bytes,        248 total
- age   7:         16 bytes,        264 total
- age  13:         16 bytes,        280 total
: 887K->0K(960K), 0.0010006 secs] 8596K->7781K(10176K), 0.0013159 secs] [Times: user=0.00 sys=0.00, real=0.00 secs] 
2019-01-02T11:14:06.936+0530: 914.836: [GC (Allocation Failure) 2019-01-02T11:14:06.936+0530: 914.836: [DefNew
Desired survivor size 32768 bytes, new threshold 15 (max 15)
- age   1:         40 bytes,         40 total
- age   2:        184 bytes,        224 total
- age   8:         16 bytes,        240 total
- age  14:         16 bytes,        256 total
: 896K->0K(960K), 0.0010371 secs] 8677K->8069K(10176K), 0.0012304 secs] [Times: user=0.00 sys=0.00, real=0.00 secs] 
2019-01-02T11:14:06.939+0530: 914.839: [GC (Allocation Failure) 2019-01-02T11:14:06.939+0530: 914.839: [DefNew
Desired survivor size 32768 bytes, new threshold 15 (max 15)
- age   1:         40 bytes,         40 total
- age   3:        184 bytes,        224 total
- age   9:         16 bytes,        240 total
- age  15:         16 bytes,        256 total
: 896K->0K(960K), 0.0009733 secs] 8965K->8645K(10176K), 0.0012572 secs] [Times: user=0.00 sys=0.00, real=0.00 secs] 
2019-01-02T11:14:06.942+0530: 914.841: [GC (Allocation Failure) 2019-01-02T11:14:06.942+0530: 914.842: [DefNew
Desired survivor size 32768 bytes, new threshold 15 (max 15)
- age   1:         24 bytes,         24 total
- age   4:        184 bytes,        208 total
- age  10:         16 bytes,        224 total
: 515K->0K(960K), 0.0008969 secs] 9161K->8645K(10176K), 0.0010491 secs] [Times: user=0.00 sys=0.00, real=0.00 secs] 
2019-01-02T11:14:06.944+0530: 914.844: [GC (Allocation Failure) 2019-01-02T11:14:06.945+0530: 914.844: [DefNew
Desired survivor size 32768 bytes, new threshold 15 (max 15)
- age   2:         24 bytes,         24 total
- age   5:        184 bytes,        208 total
- age  11:         16 bytes,        224 total
: 515K->0K(960K), 0.0012435 secs] 9161K->9161K(10176K), 0.0015383 secs] [Times: user=0.00 sys=0.00, real=0.00 secs] 
2019-01-02T11:14:06.946+0530: 914.846: [GC (Allocation Failure) 2019-01-02T11:14:06.946+0530: 914.846: [DefNew: 533K->533K(960K), 0.0000319 secs]2019-01-02T11:14:06.947+0530: 914.846: [Tenured: 9161K->1292K(9216K), 0.0056657 secs] 9694K->1292K(10176K), [Metaspace: 2520K->2520K(1056768K)], 0.0058384 secs] [Times: user=0.02 sys=0.00, real=0.01 secs] 
2019-01-02T11:14:07.011+0530: 914.911: [GC (Allocation Failure) 2019-01-02T11:14:07.011+0530: 914.911: [DefNew
Desired survivor size 32768 bytes, new threshold 15 (max 15)
- age   1:        248 bytes,        248 total
: 887K->0K(960K), 0.0016369 secs] 2179K->1879K(10176K), 0.0019249 secs] [Times: user=0.00 sys=0.00, real=0.00 secs] 
2019-01-02T11:14:07.016+0530: 914.915: [GC (Allocation Failure) 2019-01-02T11:14:07.016+0530: 914.915: [DefNew
Desired survivor size 32768 bytes, new threshold 15 (max 15)
- age   1:         40 bytes,         40 total
- age   2:        184 bytes,        224 total
: 896K->0K(960K), 0.0007372 secs] 2775K->2167K(10176K), 0.0008963 secs] [Times: user=0.00 sys=0.00, real=0.00 secs] 
2019-01-02T11:14:07.018+0530: 914.917: [GC (Allocation Failure) 2019-01-02T11:14:07.018+0530: 914.917: [DefNew
Desired survivor size 32768 bytes, new threshold 15 (max 15)
- age   1:         40 bytes,         40 total
- age   3:        184 bytes,        224 total
: 896K->0K(960K), 0.0011802 secs] 3063K->2743K(10176K), 0.0013707 secs] [Times: user=0.00 sys=0.00, real=0.00 secs] 
2019-01-02T11:14:07.021+0530: 914.920: [GC (Allocation Failure) 2019-01-02T11:14:07.021+0530: 914.920: [DefNew
Desired survivor size 32768 bytes, new threshold 15 (max 15)
- age   1:         24 bytes,         24 total
- age   4:        184 bytes,        208 total
: 515K->0K(960K), 0.0002663 secs] 3259K->2743K(10176K), 0.0003444 secs] [Times: user=0.00 sys=0.00, real=0.00 secs] 
2019-01-02T11:14:07.021+0530: 914.921: [GC (Allocation Failure) 2019-01-02T11:14:07.021+0530: 914.921: [DefNew
Desired survivor size 32768 bytes, new threshold 15 (max 15)
- age   2:         24 bytes,         24 total
- age   5:        184 bytes,        208 total
: 515K->0K(960K), 0.0003227 secs] 3259K->3259K(10176K), 0.0003923 secs] [Times: user=0.00 sys=0.00, real=0.00 secs] 
2019-01-02T11:14:07.022+0530: 914.922: [GC (Allocation Failure) 2019-01-02T11:14:07.022+0530: 914.922: [DefNew
Desired survivor size 32768 bytes, new threshold 15 (max 15)
- age   1:         24 bytes,         24 total
- age   6:         72 bytes,         96 total
: 533K->0K(960K), 0.0003079 secs] 3793K->3775K(10176K), 0.0003780 secs] [Times: user=0.00 sys=0.00, real=0.00 secs] 
2019-01-02T11:14:07.082+0530: 914.982: [GC (Allocation Failure) 2019-01-02T11:14:07.082+0530: 914.982: [DefNew
Desired survivor size 32768 bytes, new threshold 15 (max 15)
- age   1:        248 bytes,        248 total
- age   7:         16 bytes,        264 total
: 887K->0K(960K), 0.0006260 secs] 4662K->3847K(10176K), 0.0007908 secs] [Times: user=0.00 sys=0.00, real=0.00 secs] 
2019-01-02T11:14:07.084+0530: 914.984: [GC (Allocation Failure) 2019-01-02T11:14:07.084+0530: 914.984: [DefNew
Desired survivor size 32768 bytes, new threshold 15 (max 15)
- age   1:         40 bytes,         40 total
- age   2:        184 bytes,        224 total
- age   8:         16 bytes,        240 total
: 896K->0K(960K), 0.0011951 secs] 4743K->4135K(10176K), 0.0014465 secs] [Times: user=0.00 sys=0.00, real=0.00 secs] 
2019-01-02T11:14:07.087+0530: 914.987: [GC (Allocation Failure) 2019-01-02T11:14:07.087+0530: 914.987: [DefNew
Desired survivor size 32768 bytes, new threshold 15 (max 15)
- age   1:         40 bytes,         40 total
- age   3:        184 bytes,        224 total
- age   9:         16 bytes,        240 total
: 896K->0K(960K), 0.0011044 secs] 5031K->4711K(10176K), 0.0012914 secs] [Times: user=0.00 sys=0.00, real=0.00 secs] 
2019-01-02T11:14:07.090+0530: 914.989: [GC (Allocation Failure) 2019-01-02T11:14:07.090+0530: 914.989: [DefNew
Desired survivor size 32768 bytes, new threshold 15 (max 15)
- age   1:         24 bytes,         24 total
- age   4:        184 bytes,        208 total
- age  10:         16 bytes,        224 total
: 515K->0K(960K), 0.0002703 secs] 5226K->4711K(10176K), 0.0003558 secs] [Times: user=0.00 sys=0.00, real=0.00 secs] 
2019-01-02T11:14:07.091+0530: 914.990: [GC (Allocation Failure) 2019-01-02T11:14:07.091+0530: 914.990: [DefNew
Desired survivor size 32768 bytes, new threshold 15 (max 15)
- age   2:         24 bytes,         24 total
- age   5:        184 bytes,        208 total
- age  11:         16 bytes,        224 total
: 515K->0K(960K), 0.0003221 secs] 5227K->5227K(10176K), 0.0003923 secs] [Times: user=0.00 sys=0.00, real=0.00 secs] 
2019-01-02T11:14:07.091+0530: 914.991: [GC (Allocation Failure) 2019-01-02T11:14:07.091+0530: 914.991: [DefNew
Desired survivor size 32768 bytes, new threshold 15 (max 15)
- age   1:         24 bytes,         24 total
- age   6:         72 bytes,         96 total
- age  12:         16 bytes,        112 total
: 533K->0K(960K), 0.0003164 secs] 5760K->5742K(10176K), 0.0003871 secs] [Times: user=0.00 sys=0.00, real=0.00 secs] 
2019-01-02T11:14:07.151+0530: 915.050: [GC (Allocation Failure) 2019-01-02T11:14:07.151+0530: 915.051: [DefNew
Desired survivor size 32768 bytes, new threshold 15 (max 15)
- age   1:        248 bytes,        248 total
- age   7:         16 bytes,        264 total
- age  13:         16 bytes,        280 total
: 887K->0K(960K), 0.0010029 secs] 6629K->5815K(10176K), 0.0013308 secs] [Times: user=0.00 sys=0.00, real=0.00 secs] 
2019-01-02T11:14:07.154+0530: 915.054: [GC (Allocation Failure) 2019-01-02T11:14:07.154+0530: 915.054: [DefNew
Desired survivor size 32768 bytes, new threshold 15 (max 15)
- age   1:         40 bytes,         40 total
- age   2:        184 bytes,        224 total
- age   8:         16 bytes,        240 total
- age  14:         16 bytes,        256 total
: 896K->0K(960K), 0.0007007 secs] 6711K->6103K(10176K), 0.0009983 secs] [Times: user=0.02 sys=0.00, real=0.00 secs] 
2019-01-02T11:14:07.157+0530: 915.056: [GC (Allocation Failure) 2019-01-02T11:14:07.157+0530: 915.056: [DefNew
Desired survivor size 32768 bytes, new threshold 15 (max 15)
- age   1:         40 bytes,         40 total
- age   3:        184 bytes,        224 total
- age   9:         16 bytes,        240 total
- age  15:         16 bytes,        256 total
: 896K->0K(960K), 0.0009761 secs] 6999K->6679K(10176K), 0.0011272 secs] [Times: user=0.00 sys=0.00, real=0.00 secs] 
2019-01-02T11:14:07.159+0530: 915.059: [GC (Allocation Failure) 2019-01-02T11:14:07.159+0530: 915.059: [DefNew
Desired survivor size 32768 bytes, new threshold 15 (max 15)
- age   1:         24 bytes,         24 total
- age   4:        184 bytes,        208 total
- age  10:         16 bytes,        224 total
: 515K->0K(960K), 0.0003130 secs] 7194K->6679K(10176K), 0.0004430 secs] [Times: user=0.00 sys=0.00, real=0.00 secs] 
2019-01-02T11:14:07.160+0530: 915.059: [GC (Allocation Failure) 2019-01-02T11:14:07.160+0530: 915.060: [DefNew
Desired survivor size 32768 bytes, new threshold 15 (max 15)
- age   2:         24 bytes,         24 total
- age   5:        184 bytes,        208 total
- age  11:         16 bytes,        224 total
: 515K->0K(960K), 0.0003427 secs] 7194K->7194K(10176K), 0.0004253 secs] [Times: user=0.00 sys=0.00, real=0.00 secs] 
2019-01-02T11:14:07.161+0530: 915.060: [GC (Allocation Failure) 2019-01-02T11:14:07.161+0530: 915.060: [DefNew
Desired survivor size 32768 bytes, new threshold 15 (max 15)
- age   1:         24 bytes,         24 total
- age   6:         72 bytes,         96 total
- age  12:         16 bytes,        112 total
: 533K->0K(960K), 0.0005006 secs] 7728K->7710K(10176K), 0.0006397 secs] [Times: user=0.00 sys=0.00, real=0.00 secs] 
2019-01-02T11:14:07.220+0530: 915.120: [GC (Allocation Failure) 2019-01-02T11:14:07.221+0530: 915.120: [DefNew
Desired survivor size 32768 bytes, new threshold 15 (max 15)
- age   1:        248 bytes,        248 total
- age   7:         16 bytes,        264 total
- age  13:         16 bytes,        280 total
: 887K->0K(960K), 0.0009157 secs] 8597K->7782K(10176K), 0.0013433 secs] [Times: user=0.00 sys=0.00, real=0.00 secs] 
2019-01-02T11:14:07.224+0530: 915.123: [GC (Allocation Failure) 2019-01-02T11:14:07.224+0530: 915.123: [DefNew
Desired survivor size 32768 bytes, new threshold 15 (max 15)
- age   1:         40 bytes,         40 total
- age   2:        184 bytes,        224 total
- age   8:         16 bytes,        240 total
- age  14:         16 bytes,        256 total
: 896K->0K(960K), 0.0009904 secs] 8678K->8070K(10176K), 0.0012190 secs] [Times: user=0.00 sys=0.00, real=0.00 secs] 
2019-01-02T11:14:07.227+0530: 915.126: [GC (Allocation Failure) 2019-01-02T11:14:07.227+0530: 915.126: [DefNew
Desired survivor size 32768 bytes, new threshold 15 (max 15)
- age   1:         40 bytes,         40 total
- age   3:        184 bytes,        224 total
- age   9:         16 bytes,        240 total
- age  15:         16 bytes,        256 total
: 896K->0K(960K), 0.0004082 secs] 8966K->8646K(10176K), 0.0005017 secs] [Times: user=0.00 sys=0.00, real=0.00 secs] 
2019-01-02T11:14:07.228+0530: 915.128: [GC (Allocation Failure) 2019-01-02T11:14:07.228+0530: 915.128: [DefNew
Desired survivor size 32768 bytes, new threshold 15 (max 15)
- age   1:         24 bytes,         24 total
- age   4:        184 bytes,        208 total
- age  10:         16 bytes,        224 total
: 515K->0K(960K), 0.0006597 secs] 9162K->8646K(10176K), 0.0008467 secs] [Times: user=0.00 sys=0.00, real=0.00 secs] 
2019-01-02T11:14:07.230+0530: 915.130: [GC (Allocation Failure) 2019-01-02T11:14:07.230+0530: 915.130: [DefNew
Desired survivor size 32768 bytes, new threshold 15 (max 15)
- age   2:         24 bytes,         24 total
- age   5:        184 bytes,        208 total
- age  11:         16 bytes,        224 total
: 515K->0K(960K), 0.0004071 secs] 9162K->9162K(10176K), 0.0004989 secs] [Times: user=0.00 sys=0.00, real=0.00 secs] 
2019-01-02T11:14:07.231+0530: 915.131: [GC (Allocation Failure) 2019-01-02T11:14:07.231+0530: 915.131: [DefNew: 533K->533K(960K), 0.0000296 secs]2019-01-02T11:14:07.231+0530: 915.131: [Tenured: 9162K->1292K(9216K), 0.0046690 secs] 9695K->1292K(10176K), [Metaspace: 2520K->2520K(1056768K)], 0.0048475 secs] [Times: user=0.02 sys=0.00, real=0.01 secs] 
2019-01-02T11:14:07.293+0530: 915.193: [GC (Allocation Failure) 2019-01-02T11:14:07.293+0530: 915.193: [DefNew
Desired survivor size 32768 bytes, new threshold 15 (max 15)
- age   1:        248 bytes,        248 total
: 887K->0K(960K), 0.0015166 secs] 2179K->1880K(10176K), 0.0018587 secs] [Times: user=0.00 sys=0.02, real=0.00 secs] 
2019-01-02T11:14:07.298+0530: 915.197: [GC (Allocation Failure) 2019-01-02T11:14:07.298+0530: 915.198: [DefNew
Desired survivor size 32768 bytes, new threshold 15 (max 15)
- age   1:         40 bytes,         40 total
- age   2:        184 bytes,        224 total
: 896K->0K(960K), 0.0010280 secs] 2776K->2168K(10176K), 0.0012498 secs] [Times: user=0.00 sys=0.00, real=0.00 secs] 
2019-01-02T11:14:07.301+0530: 915.200: [GC (Allocation Failure) 2019-01-02T11:14:07.301+0530: 915.200: [DefNew
Desired survivor size 32768 bytes, new threshold 15 (max 15)
- age   1:         40 bytes,         40 total
- age   3:        184 bytes,        224 total
: 896K->0K(960K), 0.0007133 secs] 3064K->2744K(10176K), 0.0009048 secs] [Times: user=0.00 sys=0.00, real=0.00 secs] 
2019-01-02T11:14:07.303+0530: 915.202: [GC (Allocation Failure) 2019-01-02T11:14:07.303+0530: 915.202: [DefNew
Desired survivor size 32768 bytes, new threshold 15 (max 15)
- age   1:         24 bytes,         24 total
- age   4:        184 bytes,        208 total
: 515K->0K(960K), 0.0002571 secs] 3259K->2744K(10176K), 0.0003313 secs] [Times: user=0.00 sys=0.00, real=0.00 secs] 
2019-01-02T11:14:07.304+0530: 915.203: [GC (Allocation Failure) 2019-01-02T11:14:07.304+0530: 915.203: [DefNew
Desired survivor size 32768 bytes, new threshold 15 (max 15)
- age   2:         24 bytes,         24 total
- age   5:        184 bytes,        208 total
: 515K->0K(960K), 0.0003849 secs] 3259K->3259K(10176K), 0.0004641 secs] [Times: user=0.00 sys=0.00, real=0.00 secs] 
2019-01-02T11:14:07.304+0530: 915.204: [GC (Allocation Failure) 2019-01-02T11:14:07.304+0530: 915.204: [DefNew
Desired survivor size 32768 bytes, new threshold 15 (max 15)
- age   1:         24 bytes,         24 total
- age   6:         72 bytes,         96 total
: 533K->0K(960K), 0.0003518 secs] 3793K->3775K(10176K), 0.0004253 secs] [Times: user=0.00 sys=0.00, real=0.00 secs] 
2019-01-02T11:14:07.361+0530: 915.260: [GC (Allocation Failure) 2019-01-02T11:14:07.361+0530: 915.260: [DefNew
Desired survivor size 32768 bytes, new threshold 15 (max 15)
- age   1:        248 bytes,        248 total
- age   7:         16 bytes,        264 total
: 887K->0K(960K), 0.0006756 secs] 4662K->3847K(10176K), 0.0009944 secs] [Times: user=0.00 sys=0.00, real=0.00 secs] 
2019-01-02T11:14:07.364+0530: 915.263: [GC (Allocation Failure) 2019-01-02T11:14:07.364+0530: 915.264: [DefNew
Desired survivor size 32768 bytes, new threshold 15 (max 15)
- age   1:         40 bytes,         40 total
- age   2:        184 bytes,        224 total
- age   8:         16 bytes,        240 total
: 896K->0K(960K), 0.0012566 secs] 4743K->4135K(10176K), 0.0015839 secs] [Times: user=0.00 sys=0.00, real=0.00 secs] 
2019-01-02T11:14:07.367+0530: 915.266: [GC (Allocation Failure) 2019-01-02T11:14:07.367+0530: 915.267: [DefNew
Desired survivor size 32768 bytes, new threshold 15 (max 15)
- age   1:         40 bytes,         40 total
- age   3:        184 bytes,        224 total
- age   9:         16 bytes,        240 total
: 896K->0K(960K), 0.0008438 secs] 5031K->4711K(10176K), 0.0009938 secs] [Times: user=0.00 sys=0.00, real=0.00 secs] 
2019-01-02T11:14:07.369+0530: 915.269: [GC (Allocation Failure) 2019-01-02T11:14:07.369+0530: 915.269: [DefNew
Desired survivor size 32768 bytes, new threshold 15 (max 15)
- age   1:         24 bytes,         24 total
- age   4:        184 bytes,        208 total
- age  10:         16 bytes,        224 total
: 515K->0K(960K), 0.0007098 secs] 5227K->4711K(10176K), 0.0008222 secs] [Times: user=0.00 sys=0.00, real=0.00 secs] 
2019-01-02T11:14:07.371+0530: 915.271: [GC (Allocation Failure) 2019-01-02T11:14:07.371+0530: 915.271: [DefNew
Desired survivor size 32768 bytes, new threshold 15 (max 15)
- age   2:         24 bytes,         24 total
- age   5:        184 bytes,        208 total
- age  11:         16 bytes,        224 total
: 516K->0K(960K), 0.0003695 secs] 5227K->5227K(10176K), 0.0004544 secs] [Times: user=0.00 sys=0.00, real=0.00 secs] 
2019-01-02T11:14:07.372+0530: 915.272: [GC (Allocation Failure) 2019-01-02T11:14:07.372+0530: 915.272: [DefNew
Desired survivor size 32768 bytes, new threshold 15 (max 15)
- age   1:         24 bytes,         24 total
- age   6:         72 bytes,         96 total
- age  12:         16 bytes,        112 total
: 533K->0K(960K), 0.0003330 secs] 5761K->5743K(10176K), 0.0004105 secs] [Times: user=0.00 sys=0.00, real=0.00 secs] 
2019-01-02T11:14:07.431+0530: 915.331: [GC (Allocation Failure) 2019-01-02T11:14:07.431+0530: 915.331: [DefNew
Desired survivor size 32768 bytes, new threshold 15 (max 15)
- age   1:        248 bytes,        248 total
- age   7:         16 bytes,        264 total
- age  13:         16 bytes,        280 total
: 887K->0K(960K), 0.0006791 secs] 6630K->5815K(10176K), 0.0011945 secs] [Times: user=0.00 sys=0.00, real=0.00 secs] 
2019-01-02T11:14:07.434+0530: 915.334: [GC (Allocation Failure) 2019-01-02T11:14:07.434+0530: 915.334: [DefNew
Desired survivor size 32768 bytes, new threshold 15 (max 15)
- age   1:         40 bytes,         40 total
- age   2:        184 bytes,        224 total
- age   8:         16 bytes,        240 total
- age  14:         16 bytes,        256 total
: 896K->0K(960K), 0.0013011 secs] 6711K->6103K(10176K), 0.0016061 secs] [Times: user=0.02 sys=0.00, real=0.00 secs] 
2019-01-02T11:14:07.438+0530: 915.337: [GC (Allocation Failure) 2019-01-02T11:14:07.438+0530: 915.337: [DefNew
Desired survivor size 32768 bytes, new threshold 15 (max 15)
- age   1:         40 bytes,         40 total
- age   3:        184 bytes,        224 total
- age   9:         16 bytes,        240 total
- age  15:         16 bytes,        256 total
: 896K->0K(960K), 0.0007925 secs] 6999K->6679K(10176K), 0.0009083 secs] [Times: user=0.00 sys=0.00, real=0.00 secs] 
2019-01-02T11:14:07.440+0530: 915.339: [GC (Allocation Failure) 2019-01-02T11:14:07.440+0530: 915.340: [DefNew
Desired survivor size 32768 bytes, new threshold 15 (max 15)
- age   1:         24 bytes,         24 total
- age   4:        184 bytes,        208 total
- age  10:         16 bytes,        224 total
: 515K->0K(960K), 0.0007965 secs] 7195K->6679K(10176K), 0.0009847 secs] [Times: user=0.00 sys=0.00, real=0.00 secs] 
2019-01-02T11:14:07.442+0530: 915.341: [GC (Allocation Failure) 2019-01-02T11:14:07.442+0530: 915.342: [DefNew
Desired survivor size 32768 bytes, new threshold 15 (max 15)
- age   2:         24 bytes,         24 total
- age   5:        184 bytes,        208 total
- age  11:         16 bytes,        224 total
: 516K->0K(960K), 0.0010719 secs] 7195K->7195K(10176K), 0.0012412 secs] [Times: user=0.00 sys=0.00, real=0.00 secs] 
2019-01-02T11:14:07.444+0530: 915.344: [GC (Allocation Failure) 2019-01-02T11:14:07.444+0530: 915.344: [DefNew
Desired survivor size 32768 bytes, new threshold 15 (max 15)
- age   1:         24 bytes,         24 total
- age   6:         72 bytes,         96 total
- age  12:         16 bytes,        112 total
: 533K->0K(960K), 0.0012572 secs] 7728K->7711K(10176K), 0.0014174 secs] [Times: user=0.00 sys=0.00, real=0.00 secs] 
2019-01-02T11:14:07.509+0530: 915.408: [GC (Allocation Failure) 2019-01-02T11:14:07.509+0530: 915.408: [DefNew
Desired survivor size 32768 bytes, new threshold 15 (max 15)
- age   1:        248 bytes,        248 total
- age   7:         16 bytes,        264 total
- age  13:         16 bytes,        280 total
: 887K->0K(960K), 0.0010856 secs] 8598K->7783K(10176K), 0.0013456 secs] [Times: user=0.00 sys=0.00, real=0.00 secs] 
2019-01-02T11:14:07.512+0530: 915.412: [GC (Allocation Failure) 2019-01-02T11:14:07.512+0530: 915.412: [DefNew
Desired survivor size 32768 bytes, new threshold 15 (max 15)
- age   1:         40 bytes,         40 total
- age   2:        184 bytes,        224 total
- age   8:         16 bytes,        240 total
- age  14:         16 bytes,        256 total
: 896K->0K(960K), 0.0008125 secs] 8679K->8071K(10176K), 0.0010149 secs] [Times: user=0.02 sys=0.00, real=0.00 secs] 
2019-01-02T11:14:07.515+0530: 915.415: [GC (Allocation Failure) 2019-01-02T11:14:07.515+0530: 915.415: [DefNew
Desired survivor size 32768 bytes, new threshold 15 (max 15)
- age   1:         40 bytes,         40 total
- age   3:        184 bytes,        224 total
- age   9:         16 bytes,        240 total
- age  15:         16 bytes,        256 total
: 896K->0K(960K), 0.0007931 secs] 8967K->8647K(10176K), 0.0010462 secs] [Times: user=0.00 sys=0.00, real=0.00 secs] 
2019-01-02T11:14:07.518+0530: 915.417: [GC (Allocation Failure) 2019-01-02T11:14:07.518+0530: 915.418: [DefNew
Desired survivor size 32768 bytes, new threshold 15 (max 15)
- age   1:         24 bytes,         24 total
- age   4:        184 bytes,        208 total
- age  10:         16 bytes,        224 total
: 515K->0K(960K), 0.0004345 secs] 9162K->8647K(10176K), 0.0005662 secs] [Times: user=0.00 sys=0.00, real=0.00 secs] 
2019-01-02T11:14:07.519+0530: 915.419: [GC (Allocation Failure) 2019-01-02T11:14:07.520+0530: 915.419: [DefNew
Desired survivor size 32768 bytes, new threshold 15 (max 15)
- age   2:         24 bytes,         24 total
- age   5:        184 bytes,        208 total
- age  11:         16 bytes,        224 total
: 516K->0K(960K), 0.0003946 secs] 9163K->9163K(10176K), 0.0006808 secs] [Times: user=0.00 sys=0.00, real=0.00 secs] 
2019-01-02T11:14:07.520+0530: 915.420: [GC (Allocation Failure) 2019-01-02T11:14:07.521+0530: 915.420: [DefNew: 533K->533K(960K), 0.0000342 secs]2019-01-02T11:14:07.521+0530: 915.420: [Tenured: 9162K->1292K(9216K), 0.0037454 secs] 9696K->1292K(10176K), [Metaspace: 2520K->2520K(1056768K)], 0.0039102 secs] [Times: user=0.00 sys=0.00, real=0.00 secs] 
2019-01-02T11:14:07.581+0530: 915.481: [GC (Allocation Failure) 2019-01-02T11:14:07.581+0530: 915.481: [DefNew
Desired survivor size 32768 bytes, new threshold 15 (max 15)
- age   1:        248 bytes,        248 total
: 887K->0K(960K), 0.0013889 secs] 2179K->1880K(10176K), 0.0018348 secs] [Times: user=0.00 sys=0.00, real=0.00 secs] 
2019-01-02T11:14:07.585+0530: 915.484: [GC (Allocation Failure) 2019-01-02T11:14:07.585+0530: 915.484: [DefNew
Desired survivor size 32768 bytes, new threshold 15 (max 15)
- age   1:         40 bytes,         40 total
- age   2:        184 bytes,        224 total
: 896K->0K(960K), 0.0009573 secs] 2776K->2168K(10176K), 0.0010901 secs] [Times: user=0.00 sys=0.00, real=0.00 secs] 
2019-01-02T11:14:07.587+0530: 915.487: [GC (Allocation Failure) 2019-01-02T11:14:07.588+0530: 915.487: [DefNew
Desired survivor size 32768 bytes, new threshold 15 (max 15)
- age   1:         40 bytes,         40 total
- age   3:        184 bytes,        224 total
: 896K->0K(960K), 0.0011825 secs] 3064K->2744K(10176K), 0.0013849 secs] [Times: user=0.00 sys=0.00, real=0.00 secs] 
2019-01-02T11:14:07.591+0530: 915.490: [GC (Allocation Failure) 2019-01-02T11:14:07.591+0530: 915.490: [DefNew
Desired survivor size 32768 bytes, new threshold 15 (max 15)
- age   1:         24 bytes,         24 total
- age   4:        184 bytes,        208 total
: 515K->0K(960K), 0.0002691 secs] 3259K->2744K(10176K), 0.0003632 secs] [Times: user=0.00 sys=0.00, real=0.00 secs] 
2019-01-02T11:14:07.591+0530: 915.491: [GC (Allocation Failure) 2019-01-02T11:14:07.591+0530: 915.491: [DefNew
Desired survivor size 32768 bytes, new threshold 15 (max 15)
- age   2:         24 bytes,         24 total
- age   5:        184 bytes,        208 total
: 516K->0K(960K), 0.0003546 secs] 3260K->3260K(10176K), 0.0004276 secs] [Times: user=0.00 sys=0.00, real=0.00 secs] 
2019-01-02T11:14:07.592+0530: 915.492: [GC (Allocation Failure) 2019-01-02T11:14:07.592+0530: 915.492: [DefNew
Desired survivor size 32768 bytes, new threshold 15 (max 15)
- age   1:         24 bytes,         24 total
- age   6:         72 bytes,         96 total
: 533K->0K(960K), 0.0003307 secs] 3793K->3776K(10176K), 0.0004060 secs] [Times: user=0.00 sys=0.00, real=0.00 secs] 
2019-01-02T11:14:07.652+0530: 915.551: [GC (Allocation Failure) 2019-01-02T11:14:07.652+0530: 915.551: [DefNew
Desired survivor size 32768 bytes, new threshold 15 (max 15)
- age   1:        248 bytes,        248 total
- age   7:         16 bytes,        264 total
: 887K->0K(960K), 0.0005742 secs] 4663K->3848K(10176K), 0.0007458 secs] [Times: user=0.00 sys=0.00, real=0.00 secs] 
2019-01-02T11:14:07.654+0530: 915.554: [GC (Allocation Failure) 2019-01-02T11:14:07.654+0530: 915.554: [DefNew
Desired survivor size 32768 bytes, new threshold 15 (max 15)
- age   1:         40 bytes,         40 total
- age   2:        184 bytes,        224 total
- age   8:         16 bytes,        240 total
: 896K->0K(960K), 0.0008832 secs] 4744K->4136K(10176K), 0.0010964 secs] [Times: user=0.00 sys=0.00, real=0.00 secs] 
2019-01-02T11:14:07.657+0530: 915.557: [GC (Allocation Failure) 2019-01-02T11:14:07.657+0530: 915.557: [DefNew
Desired survivor size 32768 bytes, new threshold 15 (max 15)
- age   1:         40 bytes,         40 total
- age   3:        184 bytes,        224 total
- age   9:         16 bytes,        240 total
: 896K->0K(960K), 0.0010901 secs] 5032K->4712K(10176K), 0.0014134 secs] [Times: user=0.00 sys=0.00, real=0.00 secs] 
2019-01-02T11:14:07.660+0530: 915.560: [GC (Allocation Failure) 2019-01-02T11:14:07.660+0530: 915.560: [DefNew
Desired survivor size 32768 bytes, new threshold 15 (max 15)
- age   1:         24 bytes,         24 total
- age   4:        184 bytes,        208 total
- age  10:         16 bytes,        224 total
: 515K->0K(960K), 0.0002811 secs] 5227K->4712K(10176K), 0.0003712 secs] [Times: user=0.00 sys=0.00, real=0.00 secs] 
2019-01-02T11:14:07.661+0530: 915.560: [GC (Allocation Failure) 2019-01-02T11:14:07.661+0530: 915.560: [DefNew
Desired survivor size 32768 bytes, new threshold 15 (max 15)
- age   2:         24 bytes,         24 total
- age   5:        184 bytes,        208 total
- age  11:         16 bytes,        224 total
: 516K->0K(960K), 0.0003598 secs] 5228K->5228K(10176K), 0.0004367 secs] [Times: user=0.00 sys=0.00, real=0.00 secs] 
2019-01-02T11:14:07.661+0530: 915.561: [GC (Allocation Failure) 2019-01-02T11:14:07.662+0530: 915.561: [DefNew
Desired survivor size 32768 bytes, new threshold 15 (max 15)
- age   1:         24 bytes,         24 total
- age   6:         72 bytes,         96 total
- age  12:         16 bytes,        112 total
: 533K->0K(960K), 0.0003427 secs] 5761K->5743K(10176K), 0.0004225 secs] [Times: user=0.00 sys=0.00, real=0.00 secs] 
2019-01-02T11:14:07.725+0530: 915.625: [GC (Allocation Failure) 2019-01-02T11:14:07.725+0530: 915.625: [DefNew
Desired survivor size 32768 bytes, new threshold 15 (max 15)
- age   1:        248 bytes,        248 total
- age   7:         16 bytes,        264 total
- age  13:         16 bytes,        280 total
: 887K->0K(960K), 0.0012036 secs] 6631K->5816K(10176K), 0.0017202 secs] [Times: user=0.00 sys=0.00, real=0.00 secs] 
2019-01-02T11:14:07.730+0530: 915.629: [GC (Allocation Failure) 2019-01-02T11:14:07.730+0530: 915.629: [DefNew
Desired survivor size 32768 bytes, new threshold 15 (max 15)
- age   1:         40 bytes,         40 total
- age   2:        184 bytes,        224 total
- age   8:         16 bytes,        240 total
- age  14:         16 bytes,        256 total
: 896K->0K(960K), 0.0007954 secs] 6712K->6104K(10176K), 0.0009157 secs] [Times: user=0.00 sys=0.00, real=0.00 secs] 
2019-01-02T11:14:07.733+0530: 915.633: [GC (Allocation Failure) 2019-01-02T11:14:07.733+0530: 915.633: [DefNew
Desired survivor size 32768 bytes, new threshold 15 (max 15)
- age   1:         40 bytes,         40 total
- age   3:        184 bytes,        224 total
- age   9:         16 bytes,        240 total
- age  15:         16 bytes,        256 total
: 896K->0K(960K), 0.0005873 secs] 7000K->6680K(10176K), 0.0007800 secs] [Times: user=0.00 sys=0.00, real=0.00 secs] 
2019-01-02T11:14:07.736+0530: 915.635: [GC (Allocation Failure) 2019-01-02T11:14:07.736+0530: 915.635: [DefNew
Desired survivor size 32768 bytes, new threshold 15 (max 15)
- age   1:         24 bytes,         24 total
- age   4:        184 bytes,        208 total
- age  10:         16 bytes,        224 total
: 515K->0K(960K), 0.0005491 secs] 7195K->6680K(10176K), 0.0006773 secs] [Times: user=0.00 sys=0.00, real=0.00 secs] 
2019-01-02T11:14:07.737+0530: 915.637: [GC (Allocation Failure) 2019-01-02T11:14:07.737+0530: 915.637: [DefNew
Desired survivor size 32768 bytes, new threshold 15 (max 15)
- age   2:         24 bytes,         24 total
- age   5:        184 bytes,        208 total
- age  11:         16 bytes,        224 total
: 516K->0K(960K), 0.0003467 secs] 7196K->7196K(10176K), 0.0004219 secs] [Times: user=0.00 sys=0.00, real=0.00 secs] 
2019-01-02T11:14:07.738+0530: 915.637: [GC (Allocation Failure) 2019-01-02T11:14:07.738+0530: 915.637: [DefNew
Desired survivor size 32768 bytes, new threshold 15 (max 15)
- age   1:         24 bytes,         24 total
- age   6:         72 bytes,         96 total
- age  12:         16 bytes,        112 total
: 533K->0K(960K), 0.0003261 secs] 7729K->7711K(10176K), 0.0003906 secs] [Times: user=0.00 sys=0.00, real=0.00 secs] 
2019-01-02T11:14:07.795+0530: 915.695: [GC (Allocation Failure) 2019-01-02T11:14:07.796+0530: 915.695: [DefNew
Desired survivor size 32768 bytes, new threshold 15 (max 15)
- age   1:        248 bytes,        248 total
- age   7:         16 bytes,        264 total
- age  13:         16 bytes,        280 total
: 887K->0K(960K), 0.0007657 secs] 8599K->7784K(10176K), 0.0010611 secs] [Times: user=0.00 sys=0.00, real=0.00 secs] 
2019-01-02T11:14:07.800+0530: 915.699: [GC (Allocation Failure) 2019-01-02T11:14:07.800+0530: 915.699: [DefNew
Desired survivor size 32768 bytes, new threshold 15 (max 15)
- age   1:         40 bytes,         40 total
- age   2:        184 bytes,        224 total
- age   8:         16 bytes,        240 total
- age  14:         16 bytes,        256 total
: 896K->0K(960K), 0.0008512 secs] 8680K->8072K(10176K), 0.0012253 secs] [Times: user=0.00 sys=0.00, real=0.00 secs] 
2019-01-02T11:14:07.803+0530: 915.702: [GC (Allocation Failure) 2019-01-02T11:14:07.803+0530: 915.703: [DefNew
Desired survivor size 32768 bytes, new threshold 15 (max 15)
- age   1:         40 bytes,         40 total
- age   3:        184 bytes,        224 total
- age   9:         16 bytes,        240 total
- age  15:         16 bytes,        256 total
: 896K->0K(960K), 0.0008997 secs] 8968K->8648K(10176K), 0.0010172 secs] [Times: user=0.00 sys=0.00, real=0.00 secs] 
2019-01-02T11:14:07.805+0530: 915.705: [GC (Allocation Failure) 2019-01-02T11:14:07.805+0530: 915.705: [DefNew
Desired survivor size 32768 bytes, new threshold 15 (max 15)
- age   1:         24 bytes,         24 total
- age   4:        184 bytes,        208 total
- age  10:         16 bytes,        224 total
: 515K->0K(960K), 0.0002560 secs] 9163K->8648K(10176K), 0.0003204 secs] [Times: user=0.00 sys=0.00, real=0.00 secs] 
2019-01-02T11:14:07.806+0530: 915.706: [GC (Allocation Failure) 2019-01-02T11:14:07.806+0530: 915.706: [DefNew
Desired survivor size 32768 bytes, new threshold 15 (max 15)
- age   2:         24 bytes,         24 total
- age   5:        184 bytes,        208 total
- age  11:         16 bytes,        224 total
: 516K->0K(960K), 0.0003689 secs] 9164K->9164K(10176K), 0.0004362 secs] [Times: user=0.00 sys=0.00, real=0.00 secs] 
2019-01-02T11:14:07.807+0530: 915.706: [GC (Allocation Failure) 2019-01-02T11:14:07.807+0530: 915.706: [DefNew: 533K->533K(960K), 0.0000239 secs]2019-01-02T11:14:07.807+0530: 915.707: [Tenured: 9163K->1292K(9216K), 0.0039729 secs] 9697K->1292K(10176K), [Metaspace: 2520K->2520K(1056768K)], 0.0041040 secs] [Times: user=0.01 sys=0.00, real=0.00 secs] 
2019-01-02T11:14:07.868+0530: 915.767: [GC (Allocation Failure) 2019-01-02T11:14:07.868+0530: 915.767: [DefNew
Desired survivor size 32768 bytes, new threshold 15 (max 15)
- age   1:        248 bytes,        248 total
: 887K->0K(960K), 0.0015440 secs] 2179K->1880K(10176K), 0.0017749 secs] [Times: user=0.00 sys=0.00, real=0.00 secs] 
2019-01-02T11:14:07.871+0530: 915.770: [GC (Allocation Failure) 2019-01-02T11:14:07.871+0530: 915.770: [DefNew
Desired survivor size 32768 bytes, new threshold 15 (max 15)
- age   1:         40 bytes,         40 total
- age   2:        184 bytes,        224 total
: 896K->0K(960K), 0.0006996 secs] 2776K->2168K(10176K), 0.0008016 secs] [Times: user=0.00 sys=0.00, real=0.00 secs] 
2019-01-02T11:14:07.873+0530: 915.773: [GC (Allocation Failure) 2019-01-02T11:14:07.873+0530: 915.773: [DefNew
Desired survivor size 32768 bytes, new threshold 15 (max 15)
- age   1:         40 bytes,         40 total
- age   3:        184 bytes,        224 total
: 896K->0K(960K), 0.0011272 secs] 3064K->2744K(10176K), 0.0013769 secs] [Times: user=0.00 sys=0.00, real=0.00 secs] 
2019-01-02T11:14:07.876+0530: 915.775: [GC (Allocation Failure) 2019-01-02T11:14:07.876+0530: 915.775: [DefNew
Desired survivor size 32768 bytes, new threshold 15 (max 15)
- age   1:         24 bytes,         24 total
- age   4:        184 bytes,        208 total
: 515K->0K(960K), 0.0002953 secs] 3260K->2744K(10176K), 0.0004020 secs] [Times: user=0.00 sys=0.00, real=0.00 secs] 
2019-01-02T11:14:07.876+0530: 915.776: [GC (Allocation Failure) 2019-01-02T11:14:07.877+0530: 915.776: [DefNew
Desired survivor size 32768 bytes, new threshold 15 (max 15)
- age   2:         24 bytes,         24 total
- age   5:        184 bytes,        208 total
: 516K->0K(960K), 0.0004213 secs] 3260K->3260K(10176K), 0.0005097 secs] [Times: user=0.00 sys=0.00, real=0.00 secs] 
2019-01-02T11:14:07.877+0530: 915.777: [GC (Allocation Failure) 2019-01-02T11:14:07.877+0530: 915.777: [DefNew
Desired survivor size 32768 bytes, new threshold 15 (max 15)
- age   1:         24 bytes,         24 total
- age   6:         72 bytes,         96 total
: 533K->0K(960K), 0.0003278 secs] 3794K->3776K(10176K), 0.0003991 secs] [Times: user=0.00 sys=0.00, real=0.00 secs] 
2019-01-02T11:14:07.936+0530: 915.836: [GC (Allocation Failure) 2019-01-02T11:14:07.936+0530: 915.836: [DefNew
Desired survivor size 32768 bytes, new threshold 15 (max 15)
- age   1:        248 bytes,        248 total
- age   7:         16 bytes,        264 total
: 887K->0K(960K), 0.0010514 secs] 4663K->3848K(10176K), 0.0015360 secs] [Times: user=0.00 sys=0.00, real=0.00 secs] 
2019-01-02T11:14:07.940+0530: 915.839: [GC (Allocation Failure) 2019-01-02T11:14:07.940+0530: 915.839: [DefNew
Desired survivor size 32768 bytes, new threshold 15 (max 15)
- age   1:         40 bytes,         40 total
- age   2:        184 bytes,        224 total
- age   8:         16 bytes,        240 total
: 896K->0K(960K), 0.0007862 secs] 4744K->4136K(10176K), 0.0009784 secs] [Times: user=0.00 sys=0.00, real=0.00 secs] 
2019-01-02T11:14:07.942+0530: 915.842: [GC (Allocation Failure) 2019-01-02T11:14:07.942+0530: 915.842: [DefNew
Desired survivor size 32768 bytes, new threshold 15 (max 15)
- age   1:         40 bytes,         40 total
- age   3:        184 bytes,        224 total
- age   9:         16 bytes,        240 total
: 896K->0K(960K), 0.0008604 secs] 5032K->4712K(10176K), 0.0009915 secs] [Times: user=0.00 sys=0.00, real=0.00 secs] 
2019-01-02T11:14:07.944+0530: 915.844: [GC (Allocation Failure) 2019-01-02T11:14:07.945+0530: 915.844: [DefNew
Desired survivor size 32768 bytes, new threshold 15 (max 15)
- age   1:         24 bytes,         24 total
- age   4:        184 bytes,        208 total
- age  10:         16 bytes,        224 total
: 515K->0K(960K), 0.0003113 secs] 5228K->4712K(10176K), 0.0004892 secs] [Times: user=0.00 sys=0.00, real=0.00 secs] 
2019-01-02T11:14:07.946+0530: 915.846: [GC (Allocation Failure) 2019-01-02T11:14:07.946+0530: 915.846: [DefNew
Desired survivor size 32768 bytes, new threshold 15 (max 15)
- age   2:         24 bytes,         24 total
- age   5:        184 bytes,        208 total
- age  11:         16 bytes,        224 total
: 516K->0K(960K), 0.0005958 secs] 5228K->5228K(10176K), 0.0007047 secs] [Times: user=0.00 sys=0.00, real=0.00 secs] 
2019-01-02T11:14:07.947+0530: 915.847: [GC (Allocation Failure) 2019-01-02T11:14:07.947+0530: 915.847: [DefNew
Desired survivor size 32768 bytes, new threshold 15 (max 15)
- age   1:         24 bytes,         24 total
- age   6:         72 bytes,         96 total
- age  12:         16 bytes,        112 total
: 533K->0K(960K), 0.0003278 secs] 5762K->5744K(10176K), 0.0004025 secs] [Times: user=0.00 sys=0.00, real=0.00 secs] 
2019-01-02T11:14:08.006+0530: 915.905: [GC (Allocation Failure) 2019-01-02T11:14:08.006+0530: 915.905: [DefNew
Desired survivor size 32768 bytes, new threshold 15 (max 15)
- age   1:        248 bytes,        248 total
- age   7:         16 bytes,        264 total
- age  13:         16 bytes,        280 total
: 887K->0K(960K), 0.0006477 secs] 6631K->5816K(10176K), 0.0008587 secs] [Times: user=0.00 sys=0.00, real=0.00 secs] 
2019-01-02T11:14:08.009+0530: 915.908: [GC (Allocation Failure) 2019-01-02T11:14:08.009+0530: 915.908: [DefNew
Desired survivor size 32768 bytes, new threshold 15 (max 15)
- age   1:         40 bytes,         40 total
- age   2:        184 bytes,        224 total
- age   8:         16 bytes,        240 total
- age  14:         16 bytes,        256 total
: 896K->0K(960K), 0.0012509 secs] 6712K->6104K(10176K), 0.0014322 secs] [Times: user=0.00 sys=0.00, real=0.00 secs] 
2019-01-02T11:14:08.012+0530: 915.911: [GC (Allocation Failure) 2019-01-02T11:14:08.012+0530: 915.911: [DefNew
Desired survivor size 32768 bytes, new threshold 15 (max 15)
- age   1:         40 bytes,         40 total
- age   3:        184 bytes,        224 total
- age   9:         16 bytes,        240 total
- age  15:         16 bytes,        256 total
: 896K->0K(960K), 0.0005650 secs] 7000K->6680K(10176K), 0.0006990 secs] [Times: user=0.00 sys=0.00, real=0.00 secs] 
2019-01-02T11:14:08.013+0530: 915.913: [GC (Allocation Failure) 2019-01-02T11:14:08.014+0530: 915.913: [DefNew
Desired survivor size 32768 bytes, new threshold 15 (max 15)
- age   1:         24 bytes,         24 total
- age   4:        184 bytes,        208 total
- age  10:         16 bytes,        224 total
: 515K->0K(960K), 0.0002737 secs] 7196K->6680K(10176K), 0.0003541 secs] [Times: user=0.00 sys=0.00, real=0.00 secs] 
2019-01-02T11:14:08.014+0530: 915.914: [GC (Allocation Failure) 2019-01-02T11:14:08.014+0530: 915.914: [DefNew
Desired survivor size 32768 bytes, new threshold 15 (max 15)
- age   2:         24 bytes,         24 total
- age   5:        184 bytes,        208 total
- age  11:         16 bytes,        224 total
: 516K->0K(960K), 0.0003432 secs] 7196K->7196K(10176K), 0.0004134 secs] [Times: user=0.00 sys=0.00, real=0.00 secs] 
2019-01-02T11:14:08.015+0530: 915.915: [GC (Allocation Failure) 2019-01-02T11:14:08.015+0530: 915.915: [DefNew
Desired survivor size 32768 bytes, new threshold 15 (max 15)
- age   1:         24 bytes,         24 total
- age   6:         72 bytes,         96 total
- age  12:         16 bytes,        112 total
: 533K->0K(960K), 0.0003256 secs] 7730K->7712K(10176K), 0.0003974 secs] [Times: user=0.00 sys=0.00, real=0.00 secs] 
2019-01-02T11:14:08.074+0530: 915.974: [GC (Allocation Failure) 2019-01-02T11:14:08.074+0530: 915.974: [DefNew
Desired survivor size 32768 bytes, new threshold 15 (max 15)
- age   1:        248 bytes,        248 total
- age   7:         16 bytes,        264 total
- age  13:         16 bytes,        280 total
: 887K->0K(960K), 0.0011922 secs] 8600K->7784K(10176K), 0.0016107 secs] [Times: user=0.02 sys=0.00, real=0.00 secs] 
2019-01-02T11:14:08.077+0530: 915.977: [GC (Allocation Failure) 2019-01-02T11:14:08.077+0530: 915.977: [DefNew
Desired survivor size 32768 bytes, new threshold 15 (max 15)
- age   1:         40 bytes,         40 total
- age   2:        184 bytes,        224 total
- age   8:         16 bytes,        240 total
- age  14:         16 bytes,        256 total
: 896K->0K(960K), 0.0008741 secs] 8680K->8072K(10176K), 0.0010480 secs] [Times: user=0.00 sys=0.00, real=0.00 secs] 
2019-01-02T11:14:08.080+0530: 915.979: [GC (Allocation Failure) 2019-01-02T11:14:08.080+0530: 915.980: [DefNew
Desired survivor size 32768 bytes, new threshold 15 (max 15)
- age   1:         40 bytes,         40 total
- age   3:        184 bytes,        224 total
- age   9:         16 bytes,        240 total
- age  15:         16 bytes,        256 total
: 896K->0K(960K), 0.0008672 secs] 8968K->8648K(10176K), 0.0010155 secs] [Times: user=0.00 sys=0.00, real=0.00 secs] 
2019-01-02T11:14:08.082+0530: 915.982: [GC (Allocation Failure) 2019-01-02T11:14:08.082+0530: 915.982: [DefNew
Desired survivor size 32768 bytes, new threshold 15 (max 15)
- age   1:         24 bytes,         24 total
- age   4:        184 bytes,        208 total
- age  10:         16 bytes,        224 total
: 515K->0K(960K), 0.0002589 secs] 9164K->8648K(10176K), 0.0003370 secs] [Times: user=0.00 sys=0.00, real=0.00 secs] 
2019-01-02T11:14:08.083+0530: 915.982: [GC (Allocation Failure) 2019-01-02T11:14:08.083+0530: 915.982: [DefNew
Desired survivor size 32768 bytes, new threshold 15 (max 15)
- age   2:         24 bytes,         24 total
- age   5:        184 bytes,        208 total
- age  11:         16 bytes,        224 total
: 516K->0K(960K), 0.0008929 secs] 9164K->9164K(10176K), 0.0010440 secs] [Times: user=0.00 sys=0.00, real=0.00 secs] 
2019-01-02T11:14:08.085+0530: 915.984: [GC (Allocation Failure) 2019-01-02T11:14:08.085+0530: 915.984: [DefNew: 533K->533K(960K), 0.0000308 secs]2019-01-02T11:14:08.085+0530: 915.984: [Tenured: 9164K->1292K(9216K), 0.0051594 secs] 9698K->1292K(10176K), [Metaspace: 2520K->2520K(1056768K)], 0.0053202 secs] [Times: user=0.00 sys=0.00, real=0.00 secs] 
2019-01-02T11:14:08.147+0530: 916.046: [GC (Allocation Failure) 2019-01-02T11:14:08.147+0530: 916.047: [DefNew
Desired survivor size 32768 bytes, new threshold 15 (max 15)
- age   1:        248 bytes,        248 total
: 887K->0K(960K), 0.0010662 secs] 2180K->1880K(10176K), 0.0013581 secs] [Times: user=0.00 sys=0.00, real=0.00 secs] 
2019-01-02T11:14:08.150+0530: 916.050: [GC (Allocation Failure) 2019-01-02T11:14:08.151+0530: 916.050: [DefNew
Desired survivor size 32768 bytes, new threshold 15 (max 15)
- age   1:         40 bytes,         40 total
- age   2:        184 bytes,        224 total
: 896K->0K(960K), 0.0008324 secs] 2776K->2168K(10176K), 0.0010730 secs] [Times: user=0.00 sys=0.00, real=0.00 secs] 
2019-01-02T11:14:08.153+0530: 916.053: [GC (Allocation Failure) 2019-01-02T11:14:08.153+0530: 916.053: [DefNew
Desired survivor size 32768 bytes, new threshold 15 (max 15)
- age   1:         40 bytes,         40 total
- age   3:        184 bytes,        224 total
: 896K->0K(960K), 0.0010930 secs] 3064K->2744K(10176K), 0.0012857 secs] [Times: user=0.00 sys=0.00, real=0.00 secs] 
2019-01-02T11:14:08.156+0530: 916.055: [GC (Allocation Failure) 2019-01-02T11:14:08.156+0530: 916.055: [DefNew
Desired survivor size 32768 bytes, new threshold 15 (max 15)
- age   1:         24 bytes,         24 total
- age   4:        184 bytes,        208 total
: 515K->0K(960K), 0.0003877 secs] 3260K->2744K(10176K), 0.0005114 secs] [Times: user=0.00 sys=0.00, real=0.00 secs] 
2019-01-02T11:14:08.157+0530: 916.057: [GC (Allocation Failure) 2019-01-02T11:14:08.157+0530: 916.057: [DefNew
Desired survivor size 32768 bytes, new threshold 15 (max 15)
- age   2:         24 bytes,         24 total
- age   5:        184 bytes,        208 total
: 516K->0K(960K), 0.0003432 secs] 3260K->3260K(10176K), 0.0004225 secs] [Times: user=0.00 sys=0.00, real=0.00 secs] 
2019-01-02T11:14:08.158+0530: 916.057: [GC (Allocation Failure) 2019-01-02T11:14:08.158+0530: 916.057: [DefNew
Desired survivor size 32768 bytes, new threshold 15 (max 15)
- age   1:         24 bytes,         24 total
- age   6:         72 bytes,         96 total
: 533K->0K(960K), 0.0003301 secs] 3794K->3776K(10176K), 0.0004025 secs] [Times: user=0.00 sys=0.00, real=0.00 secs] 
2019-01-02T11:14:08.216+0530: 916.116: [GC (Allocation Failure) 2019-01-02T11:14:08.216+0530: 916.116: [DefNew
Desired survivor size 32768 bytes, new threshold 15 (max 15)
- age   1:        248 bytes,        248 total
- age   7:         16 bytes,        264 total
: 887K->0K(960K), 0.0008763 secs] 4664K->3849K(10176K), 0.0012492 secs] [Times: user=0.00 sys=0.00, real=0.00 secs] 
2019-01-02T11:14:08.220+0530: 916.120: [GC (Allocation Failure) 2019-01-02T11:14:08.220+0530: 916.120: [DefNew
Desired survivor size 32768 bytes, new threshold 15 (max 15)
- age   1:         40 bytes,         40 total
- age   2:        184 bytes,        224 total
- age   8:         16 bytes,        240 total
: 896K->0K(960K), 0.0010286 secs] 4745K->4137K(10176K), 0.0011945 secs] [Times: user=0.00 sys=0.00, real=0.00 secs] 
2019-01-02T11:14:08.223+0530: 916.123: [GC (Allocation Failure) 2019-01-02T11:14:08.223+0530: 916.123: [DefNew
Desired survivor size 32768 bytes, new threshold 15 (max 15)
- age   1:         40 bytes,         40 total
- age   3:        184 bytes,        224 total
- age   9:         16 bytes,        240 total
: 896K->0K(960K), 0.0008872 secs] 5033K->4713K(10176K), 0.0010941 secs] [Times: user=0.00 sys=0.00, real=0.00 secs] 
2019-01-02T11:14:08.225+0530: 916.125: [GC (Allocation Failure) 2019-01-02T11:14:08.225+0530: 916.125: [DefNew
Desired survivor size 32768 bytes, new threshold 15 (max 15)
- age   1:         24 bytes,         24 total
- age   4:        184 bytes,        208 total
- age  10:         16 bytes,        224 total
: 515K->0K(960K), 0.0003045 secs] 5228K->4713K(10176K), 0.0003797 secs] [Times: user=0.00 sys=0.00, real=0.00 secs] 
2019-01-02T11:14:08.226+0530: 916.126: [GC (Allocation Failure) 2019-01-02T11:14:08.226+0530: 916.126: [DefNew
Desired survivor size 32768 bytes, new threshold 15 (max 15)
- age   2:         24 bytes,         24 total
- age   5:        184 bytes,        208 total
- age  11:         16 bytes,        224 total
: 516K->0K(960K), 0.0003404 secs] 5229K->5229K(10176K), 0.0004179 secs] [Times: user=0.00 sys=0.00, real=0.00 secs] 
2019-01-02T11:14:08.227+0530: 916.127: [GC (Allocation Failure) 2019-01-02T11:14:08.227+0530: 916.127: [DefNew
Desired survivor size 32768 bytes, new threshold 15 (max 15)
- age   1:         24 bytes,         24 total
- age   6:         72 bytes,         96 total
- age  12:         16 bytes,        112 total
: 533K->0K(960K), 0.0003335 secs] 5762K->5745K(10176K), 0.0004048 secs] [Times: user=0.00 sys=0.00, real=0.00 secs] 
2019-01-02T11:14:08.286+0530: 916.186: [GC (Allocation Failure) 2019-01-02T11:14:08.286+0530: 916.186: [DefNew
Desired survivor size 32768 bytes, new threshold 15 (max 15)
- age   1:        248 bytes,        248 total
- age   7:         16 bytes,        264 total
- age  13:         16 bytes,        280 total
: 887K->0K(960K), 0.0009687 secs] 6632K->5817K(10176K), 0.0012390 secs] [Times: user=0.00 sys=0.00, real=0.00 secs] 
2019-01-02T11:14:08.289+0530: 916.189: [GC (Allocation Failure) 2019-01-02T11:14:08.289+0530: 916.189: [DefNew
Desired survivor size 32768 bytes, new threshold 15 (max 15)
- age   1:         40 bytes,         40 total
- age   2:        184 bytes,        224 total
- age   8:         16 bytes,        240 total
- age  14:         16 bytes,        256 total
: 896K->0K(960K), 0.0007908 secs] 6713K->6105K(10176K), 0.0009704 secs] [Times: user=0.00 sys=0.00, real=0.00 secs] 
2019-01-02T11:14:08.291+0530: 916.191: [GC (Allocation Failure) 2019-01-02T11:14:08.292+0530: 916.191: [DefNew
Desired survivor size 32768 bytes, new threshold 15 (max 15)
- age   1:         40 bytes,         40 total
- age   3:        184 bytes,        224 total
- age   9:         16 bytes,        240 total
- age  15:         16 bytes,        256 total
: 896K->0K(960K), 0.0009014 secs] 7001K->6681K(10176K), 0.0010879 secs] [Times: user=0.00 sys=0.00, real=0.00 secs] 
2019-01-02T11:14:08.294+0530: 916.194: [GC (Allocation Failure) 2019-01-02T11:14:08.294+0530: 916.194: [DefNew
Desired survivor size 32768 bytes, new threshold 15 (max 15)
- age   1:         24 bytes,         24 total
- age   4:        184 bytes,        208 total
- age  10:         16 bytes,        224 total
: 515K->0K(960K), 0.0003210 secs] 7196K->6681K(10176K), 0.0004185 secs] [Times: user=0.00 sys=0.00, real=0.00 secs] 
2019-01-02T11:14:08.295+0530: 916.195: [GC (Allocation Failure) 2019-01-02T11:14:08.295+0530: 916.195: [DefNew
Desired survivor size 32768 bytes, new threshold 15 (max 15)
- age   2:         24 bytes,         24 total
- age   5:        184 bytes,        208 total
- age  11:         16 bytes,        224 total
: 516K->0K(960K), 0.0003934 secs] 7197K->7197K(10176K), 0.0004607 secs] [Times: user=0.00 sys=0.00, real=0.00 secs] 
2019-01-02T11:14:08.296+0530: 916.195: [GC (Allocation Failure) 2019-01-02T11:14:08.296+0530: 916.195: [DefNew
Desired survivor size 32768 bytes, new threshold 15 (max 15)
- age   1:         24 bytes,         24 total
- age   6:         72 bytes,         96 total
- age  12:         16 bytes,        112 total
: 533K->0K(960K), 0.0003546 secs] 7731K->7713K(10176K), 0.0004385 secs] [Times: user=0.00 sys=0.00, real=0.00 secs] 
2019-01-02T11:14:08.356+0530: 916.256: [GC (Allocation Failure) 2019-01-02T11:14:08.356+0530: 916.256: [DefNew
Desired survivor size 32768 bytes, new threshold 15 (max 15)
- age   1:        248 bytes,        248 total
- age   7:         16 bytes,        264 total
- age  13:         16 bytes,        280 total
: 887K->0K(960K), 0.0005365 secs] 8600K->7785K(10176K), 0.0007110 secs] [Times: user=0.00 sys=0.00, real=0.00 secs] 
2019-01-02T11:14:08.358+0530: 916.258: [GC (Allocation Failure) 2019-01-02T11:14:08.359+0530: 916.258: [DefNew
Desired survivor size 32768 bytes, new threshold 15 (max 15)
- age   1:         40 bytes,         40 total
- age   2:        184 bytes,        224 total
- age   8:         16 bytes,        240 total
- age  14:         16 bytes,        256 total
: 896K->0K(960K), 0.0009140 secs] 8681K->8073K(10176K), 0.0010822 secs] [Times: user=0.00 sys=0.00, real=0.00 secs] 
2019-01-02T11:14:08.361+0530: 916.261: [GC (Allocation Failure) 2019-01-02T11:14:08.361+0530: 916.261: [DefNew
Desired survivor size 32768 bytes, new threshold 15 (max 15)
- age   1:         40 bytes,         40 total
- age   3:        184 bytes,        224 total
- age   9:         16 bytes,        240 total
- age  15:         16 bytes,        256 total
: 896K->0K(960K), 0.0013547 secs] 8969K->8649K(10176K), 0.0015332 secs] [Times: user=0.00 sys=0.00, real=0.00 secs] 
2019-01-02T11:14:08.364+0530: 916.264: [GC (Allocation Failure) 2019-01-02T11:14:08.364+0530: 916.264: [DefNew
Desired survivor size 32768 bytes, new threshold 15 (max 15)
- age   1:         24 bytes,         24 total
- age   4:        184 bytes,        208 total
- age  10:         16 bytes,        224 total
: 515K->0K(960K), 0.0002674 secs] 9165K->8649K(10176K), 0.0003449 secs] [Times: user=0.00 sys=0.00, real=0.00 secs] 
2019-01-02T11:14:08.365+0530: 916.264: [GC (Allocation Failure) 2019-01-02T11:14:08.365+0530: 916.264: [DefNew
Desired survivor size 32768 bytes, new threshold 15 (max 15)
- age   2:         24 bytes,         24 total
- age   5:        184 bytes,        208 total
- age  11:         16 bytes,        224 total
: 516K->0K(960K), 0.0003621 secs] 9165K->9165K(10176K), 0.0004367 secs] [Times: user=0.00 sys=0.00, real=0.00 secs] 
2019-01-02T11:14:08.366+0530: 916.265: [GC (Allocation Failure) 2019-01-02T11:14:08.366+0530: 916.265: [DefNew: 533K->533K(960K), 0.0000279 secs]2019-01-02T11:14:08.366+0530: 916.265: [Tenured: 9165K->1292K(9216K), 0.0052643 secs] 9699K->1292K(10176K), [Metaspace: 2520K->2520K(1056768K)], 0.0054690 secs] [Times: user=0.01 sys=0.00, real=0.01 secs] 
2019-01-02T11:14:08.428+0530: 916.328: [GC (Allocation Failure) 2019-01-02T11:14:08.429+0530: 916.328: [DefNew
Desired survivor size 32768 bytes, new threshold 15 (max 15)
- age   1:        248 bytes,        248 total
: 887K->0K(960K), 0.0013108 secs] 2180K->1881K(10176K), 0.0017675 secs] [Times: user=0.00 sys=0.00, real=0.00 secs] 
2019-01-02T11:14:08.432+0530: 916.332: [GC (Allocation Failure) 2019-01-02T11:14:08.432+0530: 916.332: [DefNew
Desired survivor size 32768 bytes, new threshold 15 (max 15)
- age   1:         40 bytes,         40 total
- age   2:        184 bytes,        224 total
: 896K->0K(960K), 0.0006739 secs] 2777K->2169K(10176K), 0.0009465 secs] [Times: user=0.00 sys=0.00, real=0.00 secs] 
2019-01-02T11:14:08.435+0530: 916.334: [GC (Allocation Failure) 2019-01-02T11:14:08.435+0530: 916.334: [DefNew
Desired survivor size 32768 bytes, new threshold 15 (max 15)
- age   1:         40 bytes,         40 total
- age   3:        184 bytes,        224 total
: 896K->0K(960K), 0.0011500 secs] 3065K->2745K(10176K), 0.0013205 secs] [Times: user=0.00 sys=0.00, real=0.00 secs] 
2019-01-02T11:14:08.439+0530: 916.338: [GC (Allocation Failure) 2019-01-02T11:14:08.439+0530: 916.338: [DefNew
Desired survivor size 32768 bytes, new threshold 15 (max 15)
- age   1:         24 bytes,         24 total
- age   4:        184 bytes,        208 total
: 515K->0K(960K), 0.0005280 secs] 3260K->2745K(10176K), 0.0006534 secs] [Times: user=0.00 sys=0.00, real=0.00 secs] 
2019-01-02T11:14:08.440+0530: 916.340: [GC (Allocation Failure) 2019-01-02T11:14:08.440+0530: 916.340: [DefNew
Desired survivor size 32768 bytes, new threshold 15 (max 15)
- age   2:         24 bytes,         24 total
- age   5:        184 bytes,        208 total
: 516K->0K(960K), 0.0006009 secs] 3261K->3261K(10176K), 0.0007161 secs] [Times: user=0.00 sys=0.00, real=0.00 secs] 
2019-01-02T11:14:08.442+0530: 916.341: [GC (Allocation Failure) 2019-01-02T11:14:08.442+0530: 916.341: [DefNew
Desired survivor size 32768 bytes, new threshold 15 (max 15)
- age   1:         24 bytes,         24 total
- age   6:         72 bytes,         96 total
: 533K->0K(960K), 0.0003478 secs] 3795K->3777K(10176K), 0.0004829 secs] [Times: user=0.00 sys=0.00, real=0.00 secs] 
2019-01-02T11:14:08.501+0530: 916.401: [GC (Allocation Failure) 2019-01-02T11:14:08.501+0530: 916.401: [DefNew
Desired survivor size 32768 bytes, new threshold 15 (max 15)
- age   1:        248 bytes,        248 total
- age   7:         16 bytes,        264 total
: 887K->0K(960K), 0.0015389 secs] 4664K->3849K(10176K), 0.0017800 secs] [Times: user=0.00 sys=0.00, real=0.00 secs] 
2019-01-02T11:14:08.506+0530: 916.406: [GC (Allocation Failure) 2019-01-02T11:14:08.506+0530: 916.406: [DefNew
Desired survivor size 32768 bytes, new threshold 15 (max 15)
- age   1:         40 bytes,         40 total
- age   2:        184 bytes,        224 total
- age   8:         16 bytes,        240 total
: 896K->0K(960K), 0.0008741 secs] 4745K->4137K(10176K), 0.0011580 secs] [Times: user=0.00 sys=0.00, real=0.00 secs] 
2019-01-02T11:14:08.509+0530: 916.408: [GC (Allocation Failure) 2019-01-02T11:14:08.509+0530: 916.408: [DefNew
Desired survivor size 32768 bytes, new threshold 15 (max 15)
- age   1:         40 bytes,         40 total
- age   3:        184 bytes,        224 total
- age   9:         16 bytes,        240 total
: 896K->0K(960K), 0.0009773 secs] 5033K->4713K(10176K), 0.0011460 secs] [Times: user=0.00 sys=0.00, real=0.00 secs] 
2019-01-02T11:14:08.512+0530: 916.411: [GC (Allocation Failure) 2019-01-02T11:14:08.512+0530: 916.411: [DefNew
Desired survivor size 32768 bytes, new threshold 15 (max 15)
- age   1:         24 bytes,         24 total
- age   4:        184 bytes,        208 total
- age  10:         16 bytes,        224 total
: 515K->0K(960K), 0.0002919 secs] 5228K->4713K(10176K), 0.0003917 secs] [Times: user=0.00 sys=0.00, real=0.00 secs] 
2019-01-02T11:14:08.512+0530: 916.412: [GC (Allocation Failure) 2019-01-02T11:14:08.512+0530: 916.412: [DefNew
Desired survivor size 32768 bytes, new threshold 15 (max 15)
- age   2:         24 bytes,         24 total
- age   5:        184 bytes,        208 total
- age  11:         16 bytes,        224 total
: 516K->0K(960K), 0.0003552 secs] 5229K->5229K(10176K), 0.0004282 secs] [Times: user=0.00 sys=0.00, real=0.00 secs] 
2019-01-02T11:14:08.513+0530: 916.413: [GC (Allocation Failure) 2019-01-02T11:14:08.513+0530: 916.413: [DefNew
Desired survivor size 32768 bytes, new threshold 15 (max 15)
- age   1:         24 bytes,         24 total
- age   6:         72 bytes,         96 total
- age  12:         16 bytes,        112 total
: 534K->0K(960K), 0.0003518 secs] 5763K->5745K(10176K), 0.0004265 secs] [Times: user=0.00 sys=0.00, real=0.00 secs] 
2019-01-02T11:14:08.572+0530: 916.472: [GC (Allocation Failure) 2019-01-02T11:14:08.573+0530: 916.472: [DefNew
Desired survivor size 32768 bytes, new threshold 15 (max 15)
- age   1:        248 bytes,        248 total
- age   7:         16 bytes,        264 total
- age  13:         16 bytes,        280 total
: 887K->0K(960K), 0.0010662 secs] 6633K->5817K(10176K), 0.0013707 secs] [Times: user=0.00 sys=0.00, real=0.00 secs] 
2019-01-02T11:14:08.575+0530: 916.475: [GC (Allocation Failure) 2019-01-02T11:14:08.575+0530: 916.475: [DefNew
Desired survivor size 32768 bytes, new threshold 15 (max 15)
- age   1:         40 bytes,         40 total
- age   2:        184 bytes,        224 total
- age   8:         16 bytes,        240 total
- age  14:         16 bytes,        256 total
: 896K->0K(960K), 0.0006557 secs] 6713K->6105K(10176K), 0.0007948 secs] [Times: user=0.00 sys=0.00, real=0.00 secs] 
2019-01-02T11:14:08.578+0530: 916.478: [GC (Allocation Failure) 2019-01-02T11:14:08.578+0530: 916.478: [DefNew
Desired survivor size 32768 bytes, new threshold 15 (max 15)
- age   1:         40 bytes,         40 total
- age   3:        184 bytes,        224 total
- age   9:         16 bytes,        240 total
- age  15:         16 bytes,        256 total
: 896K->0K(960K), 0.0006220 secs] 7001K->6681K(10176K), 0.0008273 secs] [Times: user=0.00 sys=0.00, real=0.00 secs] 
2019-01-02T11:14:08.580+0530: 916.480: [GC (Allocation Failure) 2019-01-02T11:14:08.580+0530: 916.480: [DefNew
Desired survivor size 32768 bytes, new threshold 15 (max 15)
- age   1:         24 bytes,         24 total
- age   4:        184 bytes,        208 total
- age  10:         16 bytes,        224 total
: 515K->0K(960K), 0.0002668 secs] 7197K->6681K(10176K), 0.0003467 secs] [Times: user=0.00 sys=0.00, real=0.00 secs] 
2019-01-02T11:14:08.581+0530: 916.480: [GC (Allocation Failure) 2019-01-02T11:14:08.581+0530: 916.480: [DefNew
Desired survivor size 32768 bytes, new threshold 15 (max 15)
- age   2:         24 bytes,         24 total
- age   5:        184 bytes,        208 total
- age  11:         16 bytes,        224 total
: 516K->0K(960K), 0.0003455 secs] 7198K->7198K(10176K), 0.0004231 secs] [Times: user=0.00 sys=0.00, real=0.00 secs] 
2019-01-02T11:14:08.582+0530: 916.481: [GC (Allocation Failure) 2019-01-02T11:14:08.582+0530: 916.481: [DefNew
Desired survivor size 32768 bytes, new threshold 15 (max 15)
- age   1:         24 bytes,         24 total
- age   6:         72 bytes,         96 total
- age  12:         16 bytes,        112 total
: 534K->0K(960K), 0.0003199 secs] 7731K->7714K(10176K), 0.0003923 secs] [Times: user=0.00 sys=0.00, real=0.00 secs] 
2019-01-02T11:14:08.647+0530: 916.546: [GC (Allocation Failure) 2019-01-02T11:14:08.647+0530: 916.546: [DefNew
Desired survivor size 32768 bytes, new threshold 15 (max 15)
- age   1:        248 bytes,        248 total
- age   7:         16 bytes,        264 total
- age  13:         16 bytes,        280 total
: 887K->0K(960K), 0.0011859 secs] 8601K->7786K(10176K), 0.0014151 secs] [Times: user=0.00 sys=0.00, real=0.00 secs] 
2019-01-02T11:14:08.651+0530: 916.550: [GC (Allocation Failure) 2019-01-02T11:14:08.651+0530: 916.550: [DefNew
Desired survivor size 32768 bytes, new threshold 15 (max 15)
- age   1:         40 bytes,         40 total
- age   2:        184 bytes,        224 total
- age   8:         16 bytes,        240 total
- age  14:         16 bytes,        256 total
: 896K->0K(960K), 0.0003615 secs] 8682K->8074K(10176K), 0.0004601 secs] [Times: user=0.00 sys=0.00, real=0.00 secs] 
2019-01-02T11:14:08.652+0530: 916.552: [GC (Allocation Failure) 2019-01-02T11:14:08.653+0530: 916.552: [DefNew
Desired survivor size 32768 bytes, new threshold 15 (max 15)
- age   1:         40 bytes,         40 total
- age   3:        184 bytes,        224 total
- age   9:         16 bytes,        240 total
- age  15:         16 bytes,        256 total
: 896K->0K(960K), 0.0021010 secs] 8970K->8650K(10176K), 0.0022675 secs] [Times: user=0.00 sys=0.00, real=0.00 secs] 
2019-01-02T11:14:08.657+0530: 916.557: [GC (Allocation Failure) 2019-01-02T11:14:08.657+0530: 916.557: [DefNew
Desired survivor size 32768 bytes, new threshold 15 (max 15)
- age   1:         24 bytes,         24 total
- age   4:        184 bytes,        208 total
- age  10:         16 bytes,        224 total
: 515K->0K(960K), 0.0007703 secs] 9165K->8650K(10176K), 0.0009904 secs] [Times: user=0.00 sys=0.00, real=0.00 secs] 
2019-01-02T11:14:08.659+0530: 916.558: [GC (Allocation Failure) 2019-01-02T11:14:08.659+0530: 916.558: [DefNew
Desired survivor size 32768 bytes, new threshold 15 (max 15)
- age   2:         24 bytes,         24 total
- age   5:        184 bytes,        208 total
- age  11:         16 bytes,        224 total
: 516K->0K(960K), 0.0004909 secs] 9166K->9166K(10176K), 0.0006044 secs] [Times: user=0.00 sys=0.00, real=0.00 secs] 
2019-01-02T11:14:08.660+0530: 916.559: [GC (Allocation Failure) 2019-01-02T11:14:08.660+0530: 916.559: [DefNew: 534K->534K(960K), 0.0000393 secs]2019-01-02T11:14:08.660+0530: 916.559: [Tenured: 9166K->1292K(9216K), 0.0037608 secs] 9700K->1292K(10176K), [Metaspace: 2520K->2520K(1056768K)], 0.0039392 secs] [Times: user=0.00 sys=0.00, real=0.00 secs] 
2019-01-02T11:14:08.725+0530: 916.625: [GC (Allocation Failure) 2019-01-02T11:14:08.725+0530: 916.625: [DefNew
Desired survivor size 32768 bytes, new threshold 15 (max 15)
- age   1:        248 bytes,        248 total
: 887K->0K(960K), 0.0013758 secs] 2180K->1881K(10176K), 0.0016409 secs] [Times: user=0.00 sys=0.00, real=0.00 secs] 
2019-01-02T11:14:08.730+0530: 916.630: [GC (Allocation Failure) 2019-01-02T11:14:08.731+0530: 916.630: [DefNew
Desired survivor size 32768 bytes, new threshold 15 (max 15)
- age   1:         40 bytes,         40 total
- age   2:        184 bytes,        224 total
: 896K->0K(960K), 0.0005120 secs] 2777K->2169K(10176K), 0.0006414 secs] [Times: user=0.00 sys=0.00, real=0.00 secs] 
2019-01-02T11:14:08.733+0530: 916.632: [GC (Allocation Failure) 2019-01-02T11:14:08.733+0530: 916.632: [DefNew
Desired survivor size 32768 bytes, new threshold 15 (max 15)
- age   1:         40 bytes,         40 total
- age   3:        184 bytes,        224 total
: 896K->0K(960K), 0.0005257 secs] 3065K->2745K(10176K), 0.0006317 secs] [Times: user=0.00 sys=0.00, real=0.00 secs] 
2019-01-02T11:14:08.734+0530: 916.634: [GC (Allocation Failure) 2019-01-02T11:14:08.734+0530: 916.634: [DefNew
Desired survivor size 32768 bytes, new threshold 15 (max 15)
- age   1:         24 bytes,         24 total
- age   4:        184 bytes,        208 total
: 515K->0K(960K), 0.0003375 secs] 3260K->2745K(10176K), 0.0004248 secs] [Times: user=0.00 sys=0.00, real=0.00 secs] 
2019-01-02T11:14:08.735+0530: 916.635: [GC (Allocation Failure) 2019-01-02T11:14:08.735+0530: 916.635: [DefNew
Desired survivor size 32768 bytes, new threshold 15 (max 15)
- age   2:         24 bytes,         24 total
- age   5:        184 bytes,        208 total
: 516K->0K(960K), 0.0004054 secs] 3261K->3261K(10176K), 0.0004806 secs] [Times: user=0.00 sys=0.00, real=0.00 secs] 
2019-01-02T11:14:08.736+0530: 916.636: [GC (Allocation Failure) 2019-01-02T11:14:08.736+0530: 916.636: [DefNew
Desired survivor size 32768 bytes, new threshold 15 (max 15)
- age   1:         24 bytes,         24 total
- age   6:         72 bytes,         96 total
: 534K->0K(960K), 0.0003746 secs] 3795K->3777K(10176K), 0.0004618 secs] [Times: user=0.00 sys=0.00, real=0.00 secs] 
2019-01-02T11:14:08.803+0530: 916.702: [GC (Allocation Failure) 2019-01-02T11:14:08.803+0530: 916.703: [DefNew
Desired survivor size 32768 bytes, new threshold 15 (max 15)
- age   1:        248 bytes,        248 total
- age   7:         16 bytes,        264 total
: 887K->0K(960K), 0.0008849 secs] 4665K->3849K(10176K), 0.0012532 secs] [Times: user=0.00 sys=0.00, real=0.00 secs] 
2019-01-02T11:14:08.807+0530: 916.706: [GC (Allocation Failure) 2019-01-02T11:14:08.807+0530: 916.707: [DefNew
Desired survivor size 32768 bytes, new threshold 15 (max 15)
- age   1:         40 bytes,         40 total
- age   2:        184 bytes,        224 total
- age   8:         16 bytes,        240 total
: 896K->0K(960K), 0.0005844 secs] 4745K->4137K(10176K), 0.0008056 secs] [Times: user=0.00 sys=0.00, real=0.00 secs] 
2019-01-02T11:14:08.809+0530: 916.709: [GC (Allocation Failure) 2019-01-02T11:14:08.809+0530: 916.709: [DefNew
Desired survivor size 32768 bytes, new threshold 15 (max 15)
- age   1:         40 bytes,         40 total
- age   3:        184 bytes,        224 total
- age   9:         16 bytes,        240 total
: 896K->0K(960K), 0.0012954 secs] 5033K->4713K(10176K), 0.0015155 secs] [Times: user=0.00 sys=0.00, real=0.00 secs] 
2019-01-02T11:14:08.812+0530: 916.712: [GC (Allocation Failure) 2019-01-02T11:14:08.812+0530: 916.712: [DefNew
Desired survivor size 32768 bytes, new threshold 15 (max 15)
- age   1:         24 bytes,         24 total
- age   4:        184 bytes,        208 total
- age  10:         16 bytes,        224 total
: 515K->0K(960K), 0.0002691 secs] 5229K->4713K(10176K), 0.0003415 secs] [Times: user=0.00 sys=0.00, real=0.00 secs] 
2019-01-02T11:14:08.813+0530: 916.712: [GC (Allocation Failure) 2019-01-02T11:14:08.813+0530: 916.712: [DefNew
Desired survivor size 32768 bytes, new threshold 15 (max 15)
- age   2:         24 bytes,         24 total
- age   5:        184 bytes,        208 total
- age  11:         16 bytes,        224 total
: 516K->0K(960K), 0.0003176 secs] 5230K->5230K(10176K), 0.0003712 secs] [Times: user=0.00 sys=0.00, real=0.00 secs] 
2019-01-02T11:14:08.813+0530: 916.713: [GC (Allocation Failure) 2019-01-02T11:14:08.813+0530: 916.713: [DefNew
Desired survivor size 32768 bytes, new threshold 15 (max 15)
- age   1:         24 bytes,         24 total
- age   6:         72 bytes,         96 total
- age  12:         16 bytes,        112 total
: 534K->0K(960K), 0.0003199 secs] 5763K->5746K(10176K), 0.0003723 secs] [Times: user=0.00 sys=0.00, real=0.00 secs] 
2019-01-02T11:14:08.874+0530: 916.773: [GC (Allocation Failure) 2019-01-02T11:14:08.874+0530: 916.774: [DefNew
Desired survivor size 32768 bytes, new threshold 15 (max 15)
- age   1:        248 bytes,        248 total
- age   7:         16 bytes,        264 total
- age  13:         16 bytes,        280 total
: 887K->0K(960K), 0.0009242 secs] 6633K->5818K(10176K), 0.0012486 secs] [Times: user=0.00 sys=0.00, real=0.00 secs] 
2019-01-02T11:14:08.876+0530: 916.776: [GC (Allocation Failure) 2019-01-02T11:14:08.876+0530: 916.776: [DefNew
Desired survivor size 32768 bytes, new threshold 15 (max 15)
- age   1:         40 bytes,         40 total
- age   2:        184 bytes,        224 total
- age   8:         16 bytes,        240 total
- age  14:         16 bytes,        256 total
: 896K->0K(960K), 0.0008689 secs] 6714K->6106K(10176K), 0.0009453 secs] [Times: user=0.00 sys=0.00, real=0.00 secs] 
2019-01-02T11:14:08.879+0530: 916.778: [GC (Allocation Failure) 2019-01-02T11:14:08.879+0530: 916.779: [DefNew
Desired survivor size 32768 bytes, new threshold 15 (max 15)
- age   1:         40 bytes,         40 total
- age   3:        184 bytes,        224 total
- age   9:         16 bytes,        240 total
- age  15:         16 bytes,        256 total
: 896K->0K(960K), 0.0011403 secs] 7002K->6682K(10176K), 0.0014077 secs] [Times: user=0.00 sys=0.00, real=0.00 secs] 
2019-01-02T11:14:08.882+0530: 916.781: [GC (Allocation Failure) 2019-01-02T11:14:08.882+0530: 916.781: [DefNew
Desired survivor size 32768 bytes, new threshold 15 (max 15)
- age   1:         24 bytes,         24 total
- age   4:        184 bytes,        208 total
- age  10:         16 bytes,        224 total
: 515K->0K(960K), 0.0002623 secs] 7197K->6682K(10176K), 0.0003421 secs] [Times: user=0.00 sys=0.00, real=0.00 secs] 
2019-01-02T11:14:08.882+0530: 916.782: [GC (Allocation Failure) 2019-01-02T11:14:08.882+0530: 916.782: [DefNew
Desired survivor size 32768 bytes, new threshold 15 (max 15)
- age   2:         24 bytes,         24 total
- age   5:        184 bytes,        208 total
- age  11:         16 bytes,        224 total
: 516K->0K(960K), 0.0003250 secs] 7198K->7198K(10176K), 0.0003940 secs] [Times: user=0.00 sys=0.00, real=0.00 secs] 
2019-01-02T11:14:08.883+0530: 916.783: [GC (Allocation Failure) 2019-01-02T11:14:08.883+0530: 916.783: [DefNew
Desired survivor size 32768 bytes, new threshold 15 (max 15)
- age   1:         24 bytes,         24 total
- age   6:         72 bytes,         96 total
- age  12:         16 bytes,        112 total
: 534K->0K(960K), 0.0003199 secs] 7732K->7714K(10176K), 0.0003974 secs] [Times: user=0.00 sys=0.00, real=0.00 secs] 
2019-01-02T11:14:08.945+0530: 916.844: [GC (Allocation Failure) 2019-01-02T11:14:08.945+0530: 916.844: [DefNew
Desired survivor size 32768 bytes, new threshold 15 (max 15)
- age   1:        248 bytes,        248 total
- age   7:         16 bytes,        264 total
- age  13:         16 bytes,        280 total
: 887K->0K(960K), 0.0009567 secs] 8602K->7787K(10176K), 0.0012623 secs] [Times: user=0.00 sys=0.00, real=0.00 secs] 
2019-01-02T11:14:08.948+0530: 916.847: [GC (Allocation Failure) 2019-01-02T11:14:08.948+0530: 916.847: [DefNew
Desired survivor size 32768 bytes, new threshold 15 (max 15)
- age   1:         40 bytes,         40 total
- age   2:        184 bytes,        224 total
- age   8:         16 bytes,        240 total
- age  14:         16 bytes,        256 total
: 896K->0K(960K), 0.0006842 secs] 8683K->8075K(10176K), 0.0008079 secs] [Times: user=0.00 sys=0.00, real=0.00 secs] 
2019-01-02T11:14:08.950+0530: 916.849: [GC (Allocation Failure) 2019-01-02T11:14:08.950+0530: 916.849: [DefNew
Desired survivor size 32768 bytes, new threshold 15 (max 15)
- age   1:         40 bytes,         40 total
- age   3:        184 bytes,        224 total
- age   9:         16 bytes,        240 total
- age  15:         16 bytes,        256 total
: 896K->0K(960K), 0.0012829 secs] 8971K->8651K(10176K), 0.0015987 secs] [Times: user=0.00 sys=0.00, real=0.00 secs] 
2019-01-02T11:14:08.953+0530: 916.852: [GC (Allocation Failure) 2019-01-02T11:14:08.953+0530: 916.853: [DefNew
Desired survivor size 32768 bytes, new threshold 15 (max 15)
- age   1:         24 bytes,         24 total
- age   4:        184 bytes,        208 total
- age  10:         16 bytes,        224 total
: 515K->0K(960K), 0.0005149 secs] 9166K->8651K(10176K), 0.0006745 secs] [Times: user=0.00 sys=0.00, real=0.00 secs] 
2019-01-02T11:14:08.955+0530: 916.854: [GC (Allocation Failure) 2019-01-02T11:14:08.955+0530: 916.854: [DefNew
Desired survivor size 32768 bytes, new threshold 15 (max 15)
- age   2:         24 bytes,         24 total
- age   5:        184 bytes,        208 total
- age  11:         16 bytes,        224 total
: 516K->0K(960K), 0.0011283 secs] 9167K->9167K(10176K), 0.0012977 secs] [Times: user=0.00 sys=0.00, real=0.00 secs] 
2019-01-02T11:14:08.957+0530: 916.856: [GC (Allocation Failure) 2019-01-02T11:14:08.957+0530: 916.857: [DefNew: 534K->534K(960K), 0.0000604 secs]2019-01-02T11:14:08.957+0530: 916.857: [Tenured: 9167K->1293K(9216K), 0.0070335 secs] 9701K->1293K(10176K), [Metaspace: 2520K->2520K(1056768K)], 0.0072815 secs] [Times: user=0.00 sys=0.01, real=0.01 secs] 
2019-01-02T11:14:09.026+0530: 916.925: [GC (Allocation Failure) 2019-01-02T11:14:09.026+0530: 916.925: [DefNew
Desired survivor size 32768 bytes, new threshold 15 (max 15)
- age   1:        248 bytes,        248 total
: 887K->0K(960K), 0.0009311 secs] 2180K->1881K(10176K), 0.0010491 secs] [Times: user=0.02 sys=0.00, real=0.00 secs] 
2019-01-02T11:14:09.028+0530: 916.927: [GC (Allocation Failure) 2019-01-02T11:14:09.028+0530: 916.927: [DefNew
Desired survivor size 32768 bytes, new threshold 15 (max 15)
- age   2:        184 bytes,        184 total
: 896K->0K(960K), 0.0007452 secs] 2777K->2169K(10176K), 0.0008906 secs] [Times: user=0.00 sys=0.00, real=0.00 secs] 
2019-01-02T11:14:09.031+0530: 916.930: [GC (Allocation Failure) 2019-01-02T11:14:09.031+0530: 916.930: [DefNew
Desired survivor size 32768 bytes, new threshold 15 (max 15)
- age   3:        184 bytes,        184 total
: 896K->0K(960K), 0.0003923 secs] 3065K->2745K(10176K), 0.0004818 secs] [Times: user=0.00 sys=0.00, real=0.00 secs] 
2019-01-02T11:14:09.032+0530: 916.932: [GC (Allocation Failure) 2019-01-02T11:14:09.032+0530: 916.932: [DefNew
Desired survivor size 32768 bytes, new threshold 15 (max 15)
- age   1:         24 bytes,         24 total
- age   4:        184 bytes,        208 total
: 515K->0K(960K), 0.0002400 secs] 3261K->2745K(10176K), 0.0003090 secs] [Times: user=0.00 sys=0.00, real=0.00 secs] 
2019-01-02T11:14:09.033+0530: 916.932: [GC (Allocation Failure) 2019-01-02T11:14:09.033+0530: 916.932: [DefNew
Desired survivor size 32768 bytes, new threshold 15 (max 15)
- age   2:         24 bytes,         24 total
- age   5:        184 bytes,        208 total
: 516K->0K(960K), 0.0003164 secs] 3261K->3261K(10176K), 0.0004060 secs] [Times: user=0.00 sys=0.00, real=0.00 secs] 
2019-01-02T11:14:09.034+0530: 916.933: [GC (Allocation Failure) 2019-01-02T11:14:09.034+0530: 916.933: [DefNew
Desired survivor size 32768 bytes, new threshold 15 (max 15)
- age   1:         24 bytes,         24 total
- age   6:         72 bytes,         96 total
: 534K->0K(960K), 0.0003153 secs] 3795K->3778K(10176K), 0.0003877 secs] [Times: user=0.00 sys=0.00, real=0.00 secs] 
2019-01-02T11:14:09.094+0530: 916.993: [GC (Allocation Failure) 2019-01-02T11:14:09.094+0530: 916.993: [DefNew
Desired survivor size 32768 bytes, new threshold 15 (max 15)
- age   1:        248 bytes,        248 total
- age   7:         16 bytes,        264 total
: 887K->0K(960K), 0.0004082 secs] 4665K->3850K(10176K), 0.0007019 secs] [Times: user=0.00 sys=0.00, real=0.00 secs] 
2019-01-02T11:14:09.096+0530: 916.995: [GC (Allocation Failure) 2019-01-02T11:14:09.096+0530: 916.995: [DefNew
Desired survivor size 32768 bytes, new threshold 15 (max 15)
- age   1:         40 bytes,         40 total
- age   2:        184 bytes,        224 total
- age   8:         16 bytes,        240 total
: 896K->0K(960K), 0.0004806 secs] 4746K->4138K(10176K), 0.0006032 secs] [Times: user=0.00 sys=0.00, real=0.00 secs] 
2019-01-02T11:14:09.098+0530: 916.997: [GC (Allocation Failure) 2019-01-02T11:14:09.098+0530: 916.997: [DefNew
Desired survivor size 32768 bytes, new threshold 15 (max 15)
- age   1:         40 bytes,         40 total
- age   3:        184 bytes,        224 total
- age   9:         16 bytes,        240 total
: 896K->0K(960K), 0.0010029 secs] 5034K->4714K(10176K), 0.0011551 secs] [Times: user=0.00 sys=0.00, real=0.00 secs] 
2019-01-02T11:14:09.101+0530: 917.000: [GC (Allocation Failure) 2019-01-02T11:14:09.101+0530: 917.000: [DefNew
Desired survivor size 32768 bytes, new threshold 15 (max 15)
- age   1:         24 bytes,         24 total
- age   4:        184 bytes,        208 total
- age  10:         16 bytes,        224 total
: 515K->0K(960K), 0.0003649 secs] 5229K->4714K(10176K), 0.0004989 secs] [Times: user=0.00 sys=0.00, real=0.00 secs] 
2019-01-02T11:14:09.102+0530: 917.001: [GC (Allocation Failure) 2019-01-02T11:14:09.102+0530: 917.001: [DefNew
Desired survivor size 32768 bytes, new threshold 15 (max 15)
- age   2:         24 bytes,         24 total
- age   5:        184 bytes,        208 total
- age  11:         16 bytes,        224 total
: 516K->0K(960K), 0.0004470 secs] 5230K->5230K(10176K), 0.0005371 secs] [Times: user=0.00 sys=0.00, real=0.00 secs] 
2019-01-02T11:14:09.102+0530: 917.002: [GC (Allocation Failure) 2019-01-02T11:14:09.103+0530: 917.002: [DefNew
Desired survivor size 32768 bytes, new threshold 15 (max 15)
- age   1:         24 bytes,         24 total
- age   6:         72 bytes,         96 total
- age  12:         16 bytes,        112 total
: 534K->0K(960K), 0.0003358 secs] 5764K->5746K(10176K), 0.0004151 secs] [Times: user=0.00 sys=0.00, real=0.00 secs] 
2019-01-02T11:14:09.160+0530: 917.060: [GC (Allocation Failure) 2019-01-02T11:14:09.161+0530: 917.060: [DefNew
Desired survivor size 32768 bytes, new threshold 15 (max 15)
- age   1:        248 bytes,        248 total
- age   7:         16 bytes,        264 total
- age  13:         16 bytes,        280 total
: 887K->0K(960K), 0.0007731 secs] 6634K->5819K(10176K), 0.0010343 secs] [Times: user=0.00 sys=0.00, real=0.00 secs] 
2019-01-02T11:14:09.163+0530: 917.062: [GC (Allocation Failure) 2019-01-02T11:14:09.163+0530: 917.062: [DefNew
Desired survivor size 32768 bytes, new threshold 15 (max 15)
- age   2:        184 bytes,        184 total
- age   8:         16 bytes,        200 total
- age  14:         16 bytes,        216 total
: 896K->0K(960K), 0.0008393 secs] 6715K->6106K(10176K), 0.0010120 secs] [Times: user=0.00 sys=0.00, real=0.00 secs] 
2019-01-02T11:14:09.165+0530: 917.065: [GC (Allocation Failure) 2019-01-02T11:14:09.166+0530: 917.065: [DefNew
Desired survivor size 32768 bytes, new threshold 15 (max 15)
- age   3:        184 bytes,        184 total
- age   9:         16 bytes,        200 total
- age  15:         16 bytes,        216 total
: 896K->0K(960K), 0.0007292 secs] 7002K->6682K(10176K), 0.0008986 secs] [Times: user=0.00 sys=0.00, real=0.00 secs] 
2019-01-02T11:14:09.168+0530: 917.067: [GC (Allocation Failure) 2019-01-02T11:14:09.168+0530: 917.067: [DefNew
Desired survivor size 32768 bytes, new threshold 15 (max 15)
- age   1:         24 bytes,         24 total
- age   4:        184 bytes,        208 total
- age  10:         16 bytes,        224 total
: 515K->0K(960K), 0.0002646 secs] 7198K->6682K(10176K), 0.0003410 secs] [Times: user=0.00 sys=0.00, real=0.00 secs] 
2019-01-02T11:14:09.169+0530: 917.068: [GC (Allocation Failure) 2019-01-02T11:14:09.169+0530: 917.068: [DefNew
Desired survivor size 32768 bytes, new threshold 15 (max 15)
- age   2:         24 bytes,         24 total
- age   5:        184 bytes,        208 total
- age  11:         16 bytes,        224 total
: 516K->0K(960K), 0.0003181 secs] 7199K->7199K(10176K), 0.0003883 secs] [Times: user=0.00 sys=0.00, real=0.00 secs] 
2019-01-02T11:14:09.169+0530: 917.069: [GC (Allocation Failure) 2019-01-02T11:14:09.169+0530: 917.069: [DefNew
Desired survivor size 32768 bytes, new threshold 15 (max 15)
- age   1:         24 bytes,         24 total
- age   6:         72 bytes,         96 total
- age  12:         16 bytes,        112 total
: 534K->0K(960K), 0.0003199 secs] 7733K->7715K(10176K), 0.0003911 secs] [Times: user=0.00 sys=0.00, real=0.00 secs] 
2019-01-02T11:14:09.229+0530: 917.128: [GC (Allocation Failure) 2019-01-02T11:14:09.229+0530: 917.129: [DefNew
Desired survivor size 32768 bytes, new threshold 15 (max 15)
- age   1:        248 bytes,        248 total
- age   7:         16 bytes,        264 total
- age  13:         16 bytes,        280 total
: 887K->0K(960K), 0.0011614 secs] 8603K->7787K(10176K), 0.0015451 secs] [Times: user=0.02 sys=0.00, real=0.00 secs] 
2019-01-02T11:14:09.233+0530: 917.132: [GC (Allocation Failure) 2019-01-02T11:14:09.233+0530: 917.132: [DefNew
Desired survivor size 32768 bytes, new threshold 15 (max 15)
- age   1:         40 bytes,         40 total
- age   2:        184 bytes,        224 total
- age   8:         16 bytes,        240 total
- age  14:         16 bytes,        256 total
: 896K->0K(960K), 0.0006403 secs] 8683K->8075K(10176K), 0.0008062 secs] [Times: user=0.00 sys=0.00, real=0.00 secs] 
2019-01-02T11:14:09.235+0530: 917.134: [GC (Allocation Failure) 2019-01-02T11:14:09.235+0530: 917.134: [DefNew
Desired survivor size 32768 bytes, new threshold 15 (max 15)
- age   1:         40 bytes,         40 total
- age   3:        184 bytes,        224 total
- age   9:         16 bytes,        240 total
- age  15:         16 bytes,        256 total
: 896K->0K(960K), 0.0003769 secs] 8971K->8651K(10176K), 0.0004595 secs] [Times: user=0.00 sys=0.00, real=0.00 secs] 
2019-01-02T11:14:09.236+0530: 917.136: [GC (Allocation Failure) 2019-01-02T11:14:09.236+0530: 917.136: [DefNew
Desired survivor size 32768 bytes, new threshold 15 (max 15)
- age   1:         24 bytes,         24 total
- age   4:        184 bytes,        208 total
- age  10:         16 bytes,        224 total
: 515K->0K(960K), 0.0002520 secs] 9167K->8651K(10176K), 0.0003278 secs] [Times: user=0.00 sys=0.00, real=0.00 secs] 
2019-01-02T11:14:09.237+0530: 917.136: [GC (Allocation Failure) 2019-01-02T11:14:09.237+0530: 917.136: [DefNew
Desired survivor size 32768 bytes, new threshold 15 (max 15)
- age   2:         24 bytes,         24 total
- age   5:        184 bytes,        208 total
- age  11:         16 bytes,        224 total
: 516K->0K(960K), 0.0003244 secs] 9168K->9168K(10176K), 0.0003957 secs] [Times: user=0.00 sys=0.00, real=0.00 secs] 
2019-01-02T11:14:09.238+0530: 917.137: [GC (Allocation Failure) 2019-01-02T11:14:09.238+0530: 917.137: [DefNew: 534K->534K(960K), 0.0000291 secs]2019-01-02T11:14:09.238+0530: 917.137: [Tenured: 9167K->1293K(9216K), 0.0058390 secs] 9702K->1293K(10176K), [Metaspace: 2520K->2520K(1056768K)], 0.0061452 secs] [Times: user=0.00 sys=0.00, real=0.01 secs] 
2019-01-02T11:14:09.303+0530: 917.202: [GC (Allocation Failure) 2019-01-02T11:14:09.303+0530: 917.202: [DefNew
Desired survivor size 32768 bytes, new threshold 15 (max 15)
- age   1:        248 bytes,        248 total
: 887K->0K(960K), 0.0012139 secs] 2180K->1881K(10176K), 0.0015537 secs] [Times: user=0.00 sys=0.00, real=0.00 secs] 
2019-01-02T11:14:09.306+0530: 917.205: [GC (Allocation Failure) 2019-01-02T11:14:09.306+0530: 917.205: [DefNew
Desired survivor size 32768 bytes, new threshold 15 (max 15)
- age   2:        184 bytes,        184 total
: 896K->0K(960K), 0.0011323 secs] 2777K->2169K(10176K), 0.0015029 secs] [Times: user=0.00 sys=0.00, real=0.00 secs] 
2019-01-02T11:14:09.309+0530: 917.208: [GC (Allocation Failure) 2019-01-02T11:14:09.309+0530: 917.208: [DefNew
Desired survivor size 32768 bytes, new threshold 15 (max 15)
- age   3:        184 bytes,        184 total
: 896K->0K(960K), 0.0005377 secs] 3065K->2745K(10176K), 0.0006682 secs] [Times: user=0.00 sys=0.00, real=0.00 secs] 
2019-01-02T11:14:09.311+0530: 917.210: [GC (Allocation Failure) 2019-01-02T11:14:09.311+0530: 917.210: [DefNew
Desired survivor size 32768 bytes, new threshold 15 (max 15)
- age   1:         24 bytes,         24 total
- age   4:        184 bytes,        208 total
: 515K->0K(960K), 0.0005987 secs] 3261K->2745K(10176K), 0.0007515 secs] [Times: user=0.00 sys=0.00, real=0.00 secs] 
2019-01-02T11:14:09.313+0530: 917.212: [GC (Allocation Failure) 2019-01-02T11:14:09.313+0530: 917.212: [DefNew
Desired survivor size 32768 bytes, new threshold 15 (max 15)
- age   2:         24 bytes,         24 total
- age   5:        184 bytes,        208 total
: 516K->0K(960K), 0.0004881 secs] 3262K->3262K(10176K), 0.0005827 secs] [Times: user=0.00 sys=0.00, real=0.00 secs] 
2019-01-02T11:14:09.314+0530: 917.213: [GC (Allocation Failure) 2019-01-02T11:14:09.314+0530: 917.213: [DefNew
Desired survivor size 32768 bytes, new threshold 15 (max 15)
- age   1:         24 bytes,         24 total
- age   6:         72 bytes,         96 total
: 534K->0K(960K), 0.0003085 secs] 3796K->3778K(10176K), 0.0003786 secs] [Times: user=0.00 sys=0.00, real=0.00 secs] 
2019-01-02T11:14:09.372+0530: 917.271: [GC (Allocation Failure) 2019-01-02T11:14:09.372+0530: 917.272: [DefNew
Desired survivor size 32768 bytes, new threshold 15 (max 15)
- age   1:        248 bytes,        248 total
- age   7:         16 bytes,        264 total
: 887K->0K(960K), 0.0009778 secs] 4666K->3850K(10176K), 0.0013211 secs] [Times: user=0.00 sys=0.00, real=0.00 secs] 
2019-01-02T11:14:09.376+0530: 917.275: [GC (Allocation Failure) 2019-01-02T11:14:09.376+0530: 917.275: [DefNew
Desired survivor size 32768 bytes, new threshold 15 (max 15)
- age   1:         40 bytes,         40 total
- age   2:        184 bytes,        224 total
- age   8:         16 bytes,        240 total
: 896K->0K(960K), 0.0010132 secs] 4746K->4138K(10176K), 0.0013422 secs] [Times: user=0.00 sys=0.00, real=0.00 secs] 
2019-01-02T11:14:09.379+0530: 917.278: [GC (Allocation Failure) 2019-01-02T11:14:09.379+0530: 917.278: [DefNew
Desired survivor size 32768 bytes, new threshold 15 (max 15)
- age   1:         40 bytes,         40 total
- age   3:        184 bytes,        224 total
- age   9:         16 bytes,        240 total
: 896K->0K(960K), 0.0008216 secs] 5034K->4714K(10176K), 0.0009408 secs] [Times: user=0.00 sys=0.00, real=0.00 secs] 
2019-01-02T11:14:09.381+0530: 917.280: [GC (Allocation Failure) 2019-01-02T11:14:09.381+0530: 917.280: [DefNew
Desired survivor size 32768 bytes, new threshold 15 (max 15)
- age   1:         24 bytes,         24 total
- age   4:        184 bytes,        208 total
- age  10:         16 bytes,        224 total
: 515K->0K(960K), 0.0005399 secs] 5230K->4714K(10176K), 0.0006671 secs] [Times: user=0.00 sys=0.00, real=0.00 secs] 
2019-01-02T11:14:09.382+0530: 917.281: [GC (Allocation Failure) 2019-01-02T11:14:09.382+0530: 917.281: [DefNew
Desired survivor size 32768 bytes, new threshold 15 (max 15)
- age   2:         24 bytes,         24 total
- age   5:        184 bytes,        208 total
- age  11:         16 bytes,        224 total
: 516K->0K(960K), 0.0003438 secs] 5231K->5231K(10176K), 0.0004077 secs] [Times: user=0.00 sys=0.00, real=0.00 secs] 
2019-01-02T11:14:09.383+0530: 917.282: [GC (Allocation Failure) 2019-01-02T11:14:09.383+0530: 917.282: [DefNew
Desired survivor size 32768 bytes, new threshold 15 (max 15)
- age   1:         24 bytes,         24 total
- age   6:         72 bytes,         96 total
- age  12:         16 bytes,        112 total
: 534K->0K(960K), 0.0003256 secs] 5765K->5747K(10176K), 0.0003951 secs] [Times: user=0.00 sys=0.00, real=0.00 secs] 
2019-01-02T11:14:09.440+0530: 917.340: [GC (Allocation Failure) 2019-01-02T11:14:09.441+0530: 917.340: [DefNew
Desired survivor size 32768 bytes, new threshold 15 (max 15)
- age   1:        248 bytes,        248 total
- age   7:         16 bytes,        264 total
- age  13:         16 bytes,        280 total
: 887K->0K(960K), 0.0008455 secs] 6635K->5819K(10176K), 0.0014043 secs] [Times: user=0.00 sys=0.00, real=0.00 secs] 
2019-01-02T11:14:09.445+0530: 917.344: [GC (Allocation Failure) 2019-01-02T11:14:09.445+0530: 917.344: [DefNew
Desired survivor size 32768 bytes, new threshold 15 (max 15)
- age   2:        184 bytes,        184 total
- age   8:         16 bytes,        200 total
- age  14:         16 bytes,        216 total
: 896K->0K(960K), 0.0011118 secs] 6715K->6107K(10176K), 0.0013262 secs] [Times: user=0.00 sys=0.00, real=0.00 secs] 
2019-01-02T11:14:09.448+0530: 917.347: [GC (Allocation Failure) 2019-01-02T11:14:09.448+0530: 917.347: [DefNew
Desired survivor size 32768 bytes, new threshold 15 (max 15)
- age   3:        184 bytes,        184 total
- age   9:         16 bytes,        200 total
- age  15:         16 bytes,        216 total
: 896K->0K(960K), 0.0008763 secs] 7003K->6683K(10176K), 0.0011272 secs] [Times: user=0.02 sys=0.00, real=0.00 secs] 
2019-01-02T11:14:09.450+0530: 917.349: [GC (Allocation Failure) 2019-01-02T11:14:09.450+0530: 917.349: [DefNew
Desired survivor size 32768 bytes, new threshold 15 (max 15)
- age   1:         24 bytes,         24 total
- age   4:        184 bytes,        208 total
- age  10:         16 bytes,        224 total
: 515K->0K(960K), 0.0004174 secs] 7199K->6683K(10176K), 0.0005445 secs] [Times: user=0.00 sys=0.00, real=0.00 secs] 
2019-01-02T11:14:09.452+0530: 917.351: [GC (Allocation Failure) 2019-01-02T11:14:09.452+0530: 917.351: [DefNew
Desired survivor size 32768 bytes, new threshold 15 (max 15)
- age   2:         24 bytes,         24 total
- age   5:        184 bytes,        208 total
- age  11:         16 bytes,        224 total
: 516K->0K(960K), 0.0014231 secs] 7199K->7199K(10176K), 0.0015976 secs] [Times: user=0.00 sys=0.00, real=0.00 secs] 
2019-01-02T11:14:09.454+0530: 917.353: [GC (Allocation Failure) 2019-01-02T11:14:09.454+0530: 917.353: [DefNew
Desired survivor size 32768 bytes, new threshold 15 (max 15)
- age   1:         24 bytes,         24 total
- age   6:         72 bytes,         96 total
- age  12:         16 bytes,        112 total
: 534K->0K(960K), 0.0003489 secs] 7734K->7716K(10176K), 0.0004253 secs] [Times: user=0.00 sys=0.00, real=0.00 secs] 
2019-01-02T11:14:09.512+0530: 917.412: [GC (Allocation Failure) 2019-01-02T11:14:09.512+0530: 917.412: [DefNew
Desired survivor size 32768 bytes, new threshold 15 (max 15)
- age   1:        248 bytes,        248 total
- age   7:         16 bytes,        264 total
- age  13:         16 bytes,        280 total
: 887K->0K(960K), 0.0006694 secs] 8604K->7788K(10176K), 0.0008416 secs] [Times: user=0.00 sys=0.00, real=0.00 secs] 
2019-01-02T11:14:09.515+0530: 917.414: [GC (Allocation Failure) 2019-01-02T11:14:09.515+0530: 917.414: [DefNew
Desired survivor size 32768 bytes, new threshold 15 (max 15)
- age   2:        184 bytes,        184 total
- age   8:         16 bytes,        200 total
- age  14:         16 bytes,        216 total
: 896K->0K(960K), 0.0007885 secs] 8684K->8076K(10176K), 0.0010383 secs] [Times: user=0.00 sys=0.00, real=0.00 secs] 
2019-01-02T11:14:09.517+0530: 917.417: [GC (Allocation Failure) 2019-01-02T11:14:09.518+0530: 917.417: [DefNew
Desired survivor size 32768 bytes, new threshold 15 (max 15)
- age   3:        184 bytes,        184 total
- age   9:         16 bytes,        200 total
- age  15:         16 bytes,        216 total
: 896K->0K(960K), 0.0012583 secs] 8972K->8652K(10176K), 0.0015104 secs] [Times: user=0.00 sys=0.00, real=0.00 secs] 
2019-01-02T11:14:09.520+0530: 917.420: [GC (Allocation Failure) 2019-01-02T11:14:09.521+0530: 917.420: [DefNew
Desired survivor size 32768 bytes, new threshold 15 (max 15)
- age   1:         24 bytes,         24 total
- age   4:        184 bytes,        208 total
- age  10:         16 bytes,        224 total
: 515K->0K(960K), 0.0002948 secs] 9167K->8652K(10176K), 0.0003866 secs] [Times: user=0.00 sys=0.00, real=0.00 secs] 
2019-01-02T11:14:09.521+0530: 917.421: [GC (Allocation Failure) 2019-01-02T11:14:09.521+0530: 917.421: [DefNew
Desired survivor size 32768 bytes, new threshold 15 (max 15)
- age   2:         24 bytes,         24 total
- age   5:        184 bytes,        208 total
- age  11:         16 bytes,        224 total
: 516K->0K(960K), 0.0003284 secs] 9168K->9168K(10176K), 0.0003991 secs] [Times: user=0.00 sys=0.00, real=0.00 secs] 
2019-01-02T11:14:09.522+0530: 917.421: [GC (Allocation Failure) 2019-01-02T11:14:09.522+0530: 917.421: [DefNew: 534K->534K(960K), 0.0000411 secs]2019-01-02T11:14:09.522+0530: 917.421: [Tenured: 9168K->1293K(9216K), 0.0053424 secs] 9703K->1293K(10176K), [Metaspace: 2520K->2520K(1056768K)], 0.0055602 secs] [Times: user=0.02 sys=0.00, real=0.01 secs] 
2019-01-02T11:14:09.588+0530: 917.487: [GC (Allocation Failure) 2019-01-02T11:14:09.588+0530: 917.487: [DefNew
Desired survivor size 32768 bytes, new threshold 15 (max 15)
- age   1:        248 bytes,        248 total
: 887K->0K(960K), 0.0010519 secs] 2181K->1882K(10176K), 0.0014499 secs] [Times: user=0.02 sys=0.00, real=0.00 secs] 
2019-01-02T11:14:09.591+0530: 917.491: [GC (Allocation Failure) 2019-01-02T11:14:09.591+0530: 917.491: [DefNew
Desired survivor size 32768 bytes, new threshold 15 (max 15)
- age   2:        184 bytes,        184 total
: 896K->0K(960K), 0.0010941 secs] 2778K->2170K(10176K), 0.0013159 secs] [Times: user=0.00 sys=0.00, real=0.00 secs] 
2019-01-02T11:14:09.595+0530: 917.494: [GC (Allocation Failure) 2019-01-02T11:14:09.595+0530: 917.494: [DefNew
Desired survivor size 32768 bytes, new threshold 15 (max 15)
- age   3:        184 bytes,        184 total
: 896K->0K(960K), 0.0008347 secs] 3066K->2746K(10176K), 0.0019192 secs] [Times: user=0.00 sys=0.00, real=0.00 secs] 
2019-01-02T11:14:09.598+0530: 917.497: [GC (Allocation Failure) 2019-01-02T11:14:09.598+0530: 917.497: [DefNew
Desired survivor size 32768 bytes, new threshold 15 (max 15)
- age   1:         24 bytes,         24 total
- age   4:        184 bytes,        208 total
: 515K->0K(960K), 0.0002685 secs] 3261K->2746K(10176K), 0.0003410 secs] [Times: user=0.00 sys=0.00, real=0.00 secs] 
2019-01-02T11:14:09.599+0530: 917.498: [GC (Allocation Failure) 2019-01-02T11:14:09.599+0530: 917.498: [DefNew
Desired survivor size 32768 bytes, new threshold 15 (max 15)
- age   2:         24 bytes,         24 total
- age   5:        184 bytes,        208 total
: 516K->0K(960K), 0.0003210 secs] 3262K->3262K(10176K), 0.0003963 secs] [Times: user=0.00 sys=0.00, real=0.00 secs] 
2019-01-02T11:14:09.600+0530: 917.499: [GC (Allocation Failure) 2019-01-02T11:14:09.600+0530: 917.499: [DefNew
Desired survivor size 32768 bytes, new threshold 15 (max 15)
- age   1:         24 bytes,         24 total
- age   6:         72 bytes,         96 total
: 534K->0K(960K), 0.0003233 secs] 3796K->3778K(10176K), 0.0004065 secs] [Times: user=0.00 sys=0.00, real=0.00 secs] 
2019-01-02T11:14:09.659+0530: 917.558: [GC (Allocation Failure) 2019-01-02T11:14:09.659+0530: 917.558: [DefNew
Desired survivor size 32768 bytes, new threshold 15 (max 15)
- age   1:        248 bytes,        248 total
- age   7:         16 bytes,        264 total
: 887K->0K(960K), 0.0006950 secs] 4666K->3851K(10176K), 0.0011466 secs] [Times: user=0.00 sys=0.00, real=0.00 secs] 
2019-01-02T11:14:09.662+0530: 917.561: [GC (Allocation Failure) 2019-01-02T11:14:09.662+0530: 917.561: [DefNew
Desired survivor size 32768 bytes, new threshold 15 (max 15)
- age   2:        184 bytes,        184 total
- age   8:         16 bytes,        200 total
: 896K->0K(960K), 0.0009242 secs] 4747K->4139K(10176K), 0.0012481 secs] [Times: user=0.00 sys=0.00, real=0.00 secs] 
2019-01-02T11:14:09.664+0530: 917.564: [GC (Allocation Failure) 2019-01-02T11:14:09.664+0530: 917.564: [DefNew
Desired survivor size 32768 bytes, new threshold 15 (max 15)
- age   3:        184 bytes,        184 total
- age   9:         16 bytes,        200 total
: 896K->0K(960K), 0.0006517 secs] 5035K->4715K(10176K), 0.0007800 secs] [Times: user=0.00 sys=0.00, real=0.00 secs] 
2019-01-02T11:14:09.667+0530: 917.566: [GC (Allocation Failure) 2019-01-02T11:14:09.667+0530: 917.566: [DefNew
Desired survivor size 32768 bytes, new threshold 15 (max 15)
- age   1:         24 bytes,         24 total
- age   4:        184 bytes,        208 total
- age  10:         16 bytes,        224 total
: 515K->0K(960K), 0.0006220 secs] 5230K->4715K(10176K), 0.0007617 secs] [Times: user=0.00 sys=0.00, real=0.00 secs] 
2019-01-02T11:14:09.668+0530: 917.567: [GC (Allocation Failure) 2019-01-02T11:14:09.668+0530: 917.568: [DefNew
Desired survivor size 32768 bytes, new threshold 15 (max 15)
- age   2:         24 bytes,         24 total
- age   5:        184 bytes,        208 total
- age  11:         16 bytes,        224 total
: 516K->0K(960K), 0.0009676 secs] 5231K->5231K(10176K), 0.0010913 secs] [Times: user=0.00 sys=0.00, real=0.00 secs] 
2019-01-02T11:14:09.670+0530: 917.569: [GC (Allocation Failure) 2019-01-02T11:14:09.670+0530: 917.569: [DefNew
Desired survivor size 32768 bytes, new threshold 15 (max 15)
- age   1:         24 bytes,         24 total
- age   6:         72 bytes,         96 total
- age  12:         16 bytes,        112 total
: 534K->0K(960K), 0.0003478 secs] 5765K->5747K(10176K), 0.0004367 secs] [Times: user=0.00 sys=0.00, real=0.00 secs] 
2019-01-02T11:14:09.738+0530: 917.637: [GC (Allocation Failure) 2019-01-02T11:14:09.738+0530: 917.637: [DefNew
Desired survivor size 32768 bytes, new threshold 15 (max 15)
- age   1:        248 bytes,        248 total
- age   7:         16 bytes,        264 total
- age  13:         16 bytes,        280 total
: 888K->0K(960K), 0.0003911 secs] 6635K->5820K(10176K), 0.0005000 secs] [Times: user=0.00 sys=0.00, real=0.00 secs] 
2019-01-02T11:14:09.740+0530: 917.639: [GC (Allocation Failure) 2019-01-02T11:14:09.740+0530: 917.639: [DefNew
Desired survivor size 32768 bytes, new threshold 15 (max 15)
- age   2:        184 bytes,        184 total
- age   8:         16 bytes,        200 total
- age  14:         16 bytes,        216 total
: 896K->0K(960K), 0.0003313 secs] 6716K->6108K(10176K), 0.0004305 secs] [Times: user=0.00 sys=0.00, real=0.00 secs] 
2019-01-02T11:14:09.741+0530: 917.641: [GC (Allocation Failure) 2019-01-02T11:14:09.741+0530: 917.641: [DefNew
Desired survivor size 32768 bytes, new threshold 15 (max 15)
- age   3:        184 bytes,        184 total
- age   9:         16 bytes,        200 total
- age  15:         16 bytes,        216 total
: 896K->0K(960K), 0.0003427 secs] 7004K->6684K(10176K), 0.0004162 secs] [Times: user=0.00 sys=0.00, real=0.00 secs] 
2019-01-02T11:14:09.743+0530: 917.643: [GC (Allocation Failure) 2019-01-02T11:14:09.743+0530: 917.643: [DefNew
Desired survivor size 32768 bytes, new threshold 15 (max 15)
- age   1:         24 bytes,         24 total
- age   4:        184 bytes,        208 total
- age  10:         16 bytes,        224 total
: 515K->0K(960K), 0.0009590 secs] 7199K->6684K(10176K), 0.0012372 secs] [Times: user=0.00 sys=0.02, real=0.00 secs] 
2019-01-02T11:14:09.745+0530: 917.644: [GC (Allocation Failure) 2019-01-02T11:14:09.745+0530: 917.644: [DefNew
Desired survivor size 32768 bytes, new threshold 15 (max 15)
- age   2:         24 bytes,         24 total
- age   5:        184 bytes,        208 total
- age  11:         16 bytes,        224 total
: 516K->0K(960K), 0.0008119 secs] 7200K->7200K(10176K), 0.0009482 secs] [Times: user=0.00 sys=0.00, real=0.00 secs] 
2019-01-02T11:14:09.747+0530: 917.646: [GC (Allocation Failure) 2019-01-02T11:14:09.747+0530: 917.646: [DefNew
Desired survivor size 32768 bytes, new threshold 15 (max 15)
- age   1:         24 bytes,         24 total
- age   6:         72 bytes,         96 total
- age  12:         16 bytes,        112 total
: 534K->0K(960K), 0.0006905 secs] 7734K->7717K(10176K), 0.0008912 secs] [Times: user=0.00 sys=0.00, real=0.00 secs] 
2019-01-02T11:14:09.836+0530: 917.735: [GC (Allocation Failure) 2019-01-02T11:14:09.836+0530: 917.735: [DefNew
Desired survivor size 32768 bytes, new threshold 15 (max 15)
- age   1:        248 bytes,        248 total
- age   7:         16 bytes,        264 total
- age  13:         16 bytes,        280 total
: 888K->0K(960K), 0.0004424 secs] 8605K->7789K(10176K), 0.0005742 secs] [Times: user=0.00 sys=0.00, real=0.00 secs] 
2019-01-02T11:14:09.838+0530: 917.737: [GC (Allocation Failure) 2019-01-02T11:14:09.838+0530: 917.737: [DefNew
Desired survivor size 32768 bytes, new threshold 15 (max 15)
- age   2:        184 bytes,        184 total
- age   8:         16 bytes,        200 total
- age  14:         16 bytes,        216 total
: 896K->0K(960K), 0.0004305 secs] 8685K->8077K(10176K), 0.0005126 secs] [Times: user=0.02 sys=0.00, real=0.00 secs] 
2019-01-02T11:14:09.840+0530: 917.739: [GC (Allocation Failure) 2019-01-02T11:14:09.840+0530: 917.739: [DefNew
Desired survivor size 32768 bytes, new threshold 15 (max 15)
- age   3:        184 bytes,        184 total
- age   9:         16 bytes,        200 total
- age  15:         16 bytes,        216 total
: 896K->0K(960K), 0.0005759 secs] 8973K->8653K(10176K), 0.0007155 secs] [Times: user=0.00 sys=0.00, real=0.00 secs] 
2019-01-02T11:14:09.842+0530: 917.742: [GC (Allocation Failure) 2019-01-02T11:14:09.842+0530: 917.742: [DefNew
Desired survivor size 32768 bytes, new threshold 15 (max 15)
- age   1:         24 bytes,         24 total
- age   4:        184 bytes,        208 total
- age  10:         16 bytes,        224 total
: 515K->0K(960K), 0.0003449 secs] 9168K->8653K(10176K), 0.0004430 secs] [Times: user=0.00 sys=0.00, real=0.00 secs] 
2019-01-02T11:14:09.843+0530: 917.743: [GC (Allocation Failure) 2019-01-02T11:14:09.843+0530: 917.743: [DefNew
Desired survivor size 32768 bytes, new threshold 15 (max 15)
- age   2:         24 bytes,         24 total
- age   5:        184 bytes,        208 total
- age  11:         16 bytes,        224 total
: 516K->0K(960K), 0.0007589 secs] 9169K->9169K(10176K), 0.0009755 secs] [Times: user=0.00 sys=0.00, real=0.00 secs] 
2019-01-02T11:14:09.845+0530: 917.745: [GC (Allocation Failure) 2019-01-02T11:14:09.846+0530: 917.745: [DefNew: 534K->534K(960K), 0.0000810 secs]2019-01-02T11:14:09.846+0530: 917.745: [Tenured: 9169K->1293K(9216K), 0.0108746 secs] 9703K->1293K(10176K), [Metaspace: 2520K->2520K(1056768K)], 0.0114288 secs] [Times: user=0.02 sys=0.00, real=0.01 secs] 
2019-01-02T11:14:09.939+0530: 917.838: [GC (Allocation Failure) 2019-01-02T11:14:09.939+0530: 917.838: [DefNew
Desired survivor size 32768 bytes, new threshold 15 (max 15)
- age   1:        248 bytes,        248 total
: 887K->0K(960K), 0.0005650 secs] 2181K->1882K(10176K), 0.0010468 secs] [Times: user=0.00 sys=0.00, real=0.00 secs] 
2019-01-02T11:14:09.942+0530: 917.841: [GC (Allocation Failure) 2019-01-02T11:14:09.942+0530: 917.841: [DefNew
Desired survivor size 32768 bytes, new threshold 15 (max 15)
- age   2:        184 bytes,        184 total
: 896K->0K(960K), 0.0003239 secs] 2778K->2170K(10176K), 0.0004077 secs] [Times: user=0.00 sys=0.00, real=0.00 secs] 
2019-01-02T11:14:09.943+0530: 917.842: [GC (Allocation Failure) 2019-01-02T11:14:09.943+0530: 917.842: [DefNew
Desired survivor size 32768 bytes, new threshold 15 (max 15)
- age   3:        184 bytes,        184 total
: 896K->0K(960K), 0.0003392 secs] 3066K->2746K(10176K), 0.0005092 secs] [Times: user=0.00 sys=0.00, real=0.00 secs] 
2019-01-02T11:14:09.946+0530: 917.845: [GC (Allocation Failure) 2019-01-02T11:14:09.946+0530: 917.846: [DefNew
Desired survivor size 32768 bytes, new threshold 15 (max 15)
- age   1:         24 bytes,         24 total
- age   4:        184 bytes,        208 total
: 515K->0K(960K), 0.0005422 secs] 3261K->2746K(10176K), 0.0009539 secs] [Times: user=0.00 sys=0.02, real=0.00 secs] 
2019-01-02T11:14:09.948+0530: 917.847: [GC (Allocation Failure) 2019-01-02T11:14:09.948+0530: 917.848: [DefNew
Desired survivor size 32768 bytes, new threshold 15 (max 15)
- age   2:         24 bytes,         24 total
- age   5:        184 bytes,        208 total
: 516K->0K(960K), 0.0015793 secs] 3262K->3262K(10176K), 0.0018348 secs] [Times: user=0.00 sys=0.00, real=0.00 secs] 
2019-01-02T11:14:09.951+0530: 917.850: [GC (Allocation Failure) 2019-01-02T11:14:09.951+0530: 917.850: [DefNew
Desired survivor size 32768 bytes, new threshold 15 (max 15)
- age   1:         24 bytes,         24 total
- age   6:         72 bytes,         96 total
: 534K->0K(960K), 0.0007697 secs] 3797K->3779K(10176K), 0.0008604 secs] [Times: user=0.00 sys=0.00, real=0.00 secs] 
2019-01-02T11:14:10.028+0530: 917.928: [GC (Allocation Failure) 2019-01-02T11:14:10.029+0530: 917.928: [DefNew
Desired survivor size 32768 bytes, new threshold 15 (max 15)
- age   1:        248 bytes,        248 total
- age   7:         16 bytes,        264 total
: 888K->0K(960K), 0.0009898 secs] 4667K->3851K(10176K), 0.0013085 secs] [Times: user=0.00 sys=0.00, real=0.00 secs] 
2019-01-02T11:14:10.032+0530: 917.932: [GC (Allocation Failure) 2019-01-02T11:14:10.033+0530: 917.932: [DefNew
Desired survivor size 32768 bytes, new threshold 15 (max 15)
- age   2:        184 bytes,        184 total
- age   8:         16 bytes,        200 total
: 896K->0K(960K), 0.0010394 secs] 4747K->4139K(10176K), 0.0012749 secs] [Times: user=0.00 sys=0.00, real=0.00 secs] 
2019-01-02T11:14:10.035+0530: 917.934: [GC (Allocation Failure) 2019-01-02T11:14:10.035+0530: 917.934: [DefNew
Desired survivor size 32768 bytes, new threshold 15 (max 15)
- age   3:        184 bytes,        184 total
- age   9:         16 bytes,        200 total
: 896K->0K(960K), 0.0007663 secs] 5035K->4715K(10176K), 0.0008826 secs] [Times: user=0.00 sys=0.00, real=0.00 secs] 
2019-01-02T11:14:10.038+0530: 917.937: [GC (Allocation Failure) 2019-01-02T11:14:10.038+0530: 917.937: [DefNew
Desired survivor size 32768 bytes, new threshold 15 (max 15)
- age   1:         24 bytes,         24 total
- age   4:        184 bytes,        208 total
- age  10:         16 bytes,        224 total
: 515K->0K(960K), 0.0002360 secs] 5230K->4715K(10176K), 0.0002953 secs] [Times: user=0.00 sys=0.00, real=0.00 secs] 
2019-01-02T11:14:10.038+0530: 917.937: [GC (Allocation Failure) 2019-01-02T11:14:10.038+0530: 917.937: [DefNew
Desired survivor size 32768 bytes, new threshold 15 (max 15)
- age   2:         24 bytes,         24 total
- age   5:        184 bytes,        208 total
- age  11:         16 bytes,        224 total
: 516K->0K(960K), 0.0003170 secs] 5232K->5232K(10176K), 0.0003712 secs] [Times: user=0.00 sys=0.00, real=0.00 secs] 
2019-01-02T11:14:10.039+0530: 917.938: [GC (Allocation Failure) 2019-01-02T11:14:10.039+0530: 917.938: [DefNew
Desired survivor size 32768 bytes, new threshold 15 (max 15)
- age   1:         24 bytes,         24 total
- age   6:         72 bytes,         96 total
- age  12:         16 bytes,        112 total
: 534K->0K(960K), 0.0003187 secs] 5766K->5748K(10176K), 0.0003729 secs] [Times: user=0.00 sys=0.00, real=0.00 secs] 
2019-01-02T11:14:10.100+0530: 917.999: [GC (Allocation Failure) 2019-01-02T11:14:10.100+0530: 917.999: [DefNew
Desired survivor size 32768 bytes, new threshold 15 (max 15)
- age   1:        248 bytes,        248 total
- age   7:         16 bytes,        264 total
- age  13:         16 bytes,        280 total
: 888K->0K(960K), 0.0007144 secs] 6636K->5820K(10176K), 0.0009818 secs] [Times: user=0.00 sys=0.00, real=0.00 secs] 
2019-01-02T11:14:10.103+0530: 918.002: [GC (Allocation Failure) 2019-01-02T11:14:10.103+0530: 918.002: [DefNew
Desired survivor size 32768 bytes, new threshold 15 (max 15)
- age   2:        184 bytes,        184 total
- age   8:         16 bytes,        200 total
- age  14:         16 bytes,        216 total
: 896K->0K(960K), 0.0011551 secs] 6716K->6108K(10176K), 0.0014978 secs] [Times: user=0.00 sys=0.02, real=0.00 secs] 
2019-01-02T11:14:10.106+0530: 918.005: [GC (Allocation Failure) 2019-01-02T11:14:10.106+0530: 918.006: [DefNew
Desired survivor size 32768 bytes, new threshold 15 (max 15)
- age   3:        184 bytes,        184 total
- age   9:         16 bytes,        200 total
- age  15:         16 bytes,        216 total
: 896K->0K(960K), 0.0011808 secs] 7004K->6684K(10176K), 0.0014157 secs] [Times: user=0.00 sys=0.00, real=0.00 secs] 
2019-01-02T11:14:10.109+0530: 918.008: [GC (Allocation Failure) 2019-01-02T11:14:10.109+0530: 918.008: [DefNew
Desired survivor size 32768 bytes, new threshold 15 (max 15)
- age   1:         24 bytes,         24 total
- age   4:        184 bytes,        208 total
- age  10:         16 bytes,        224 total
: 515K->0K(960K), 0.0003239 secs] 7200K->6684K(10176K), 0.0003946 secs] [Times: user=0.00 sys=0.00, real=0.00 secs] 
2019-01-02T11:14:10.110+0530: 918.009: [GC (Allocation Failure) 2019-01-02T11:14:10.110+0530: 918.009: [DefNew
Desired survivor size 32768 bytes, new threshold 15 (max 15)
- age   2:         24 bytes,         24 total
- age   5:        184 bytes,        208 total
- age  11:         16 bytes,        224 total
: 516K->0K(960K), 0.0004909 secs] 7201K->7201K(10176K), 0.0005873 secs] [Times: user=0.00 sys=0.00, real=0.00 secs] 
2019-01-02T11:14:10.111+0530: 918.010: [GC (Allocation Failure) 2019-01-02T11:14:10.111+0530: 918.010: [DefNew
Desired survivor size 32768 bytes, new threshold 15 (max 15)
- age   1:         24 bytes,         24 total
- age   6:         72 bytes,         96 total
- age  12:         16 bytes,        112 total
: 534K->0K(960K), 0.0003193 secs] 7735K->7717K(10176K), 0.0003786 secs] [Times: user=0.00 sys=0.00, real=0.00 secs] 
2019-01-02T11:14:10.168+0530: 918.067: [GC (Allocation Failure) 2019-01-02T11:14:10.168+0530: 918.067: [DefNew
Desired survivor size 32768 bytes, new threshold 15 (max 15)
- age   1:        248 bytes,        248 total
- age   7:         16 bytes,        264 total
- age  13:         16 bytes,        280 total
: 888K->0K(960K), 0.0005405 secs] 8605K->7790K(10176K), 0.0008404 secs] [Times: user=0.00 sys=0.00, real=0.00 secs] 
2019-01-02T11:14:10.171+0530: 918.070: [GC (Allocation Failure) 2019-01-02T11:14:10.171+0530: 918.070: [DefNew
Desired survivor size 32768 bytes, new threshold 15 (max 15)
- age   2:        184 bytes,        184 total
- age   8:         16 bytes,        200 total
- age  14:         16 bytes,        216 total
: 896K->0K(960K), 0.0005827 secs] 8686K->8077K(10176K), 0.0008627 secs] [Times: user=0.00 sys=0.00, real=0.00 secs] 
2019-01-02T11:14:10.173+0530: 918.072: [GC (Allocation Failure) 2019-01-02T11:14:10.173+0530: 918.073: [DefNew
Desired survivor size 32768 bytes, new threshold 15 (max 15)
- age   3:        184 bytes,        184 total
- age   9:         16 bytes,        200 total
- age  15:         16 bytes,        216 total
: 896K->0K(960K), 0.0012082 secs] 8973K->8653K(10176K), 0.0013786 secs] [Times: user=0.00 sys=0.00, real=0.00 secs] 
2019-01-02T11:14:10.176+0530: 918.075: [GC (Allocation Failure) 2019-01-02T11:14:10.176+0530: 918.075: [DefNew
Desired survivor size 32768 bytes, new threshold 15 (max 15)
- age   1:         24 bytes,         24 total
- age   4:        184 bytes,        208 total
- age  10:         16 bytes,        224 total
: 515K->0K(960K), 0.0002765 secs] 9169K->8654K(10176K), 0.0003438 secs] [Times: user=0.00 sys=0.00, real=0.00 secs] 
2019-01-02T11:14:10.177+0530: 918.076: [GC (Allocation Failure) 2019-01-02T11:14:10.177+0530: 918.076: [DefNew
Desired survivor size 32768 bytes, new threshold 15 (max 15)
- age   2:         24 bytes,         24 total
- age   5:        184 bytes,        208 total
- age  11:         16 bytes,        224 total
: 516K->0K(960K), 0.0003113 secs] 9170K->9170K(10176K), 0.0003638 secs] [Times: user=0.00 sys=0.00, real=0.00 secs] 
2019-01-02T11:14:10.177+0530: 918.077: [GC (Allocation Failure) 2019-01-02T11:14:10.178+0530: 918.077: [DefNew: 534K->534K(960K), 0.0000239 secs]2019-01-02T11:14:10.178+0530: 918.077: [Tenured: 9170K->1293K(9216K), 0.0056144 secs] 9704K->1293K(10176K), [Metaspace: 2520K->2520K(1056768K)], 0.0057626 secs] [Times: user=0.02 sys=0.00, real=0.01 secs] 
2019-01-02T11:14:10.237+0530: 918.136: [GC (Allocation Failure) 2019-01-02T11:14:10.237+0530: 918.137: [DefNew
Desired survivor size 32768 bytes, new threshold 15 (max 15)
- age   1:        248 bytes,        248 total
: 888K->0K(960K), 0.0012059 secs] 2181K->1882K(10176K), 0.0014704 secs] [Times: user=0.00 sys=0.00, real=0.00 secs] 
2019-01-02T11:14:10.241+0530: 918.140: [GC (Allocation Failure) 2019-01-02T11:14:10.241+0530: 918.140: [DefNew
Desired survivor size 32768 bytes, new threshold 15 (max 15)
- age   2:        184 bytes,        184 total
: 896K->0K(960K), 0.0007252 secs] 2778K->2170K(10176K), 0.0008860 secs] [Times: user=0.00 sys=0.00, real=0.00 secs] 
2019-01-02T11:14:10.243+0530: 918.143: [GC (Allocation Failure) 2019-01-02T11:14:10.244+0530: 918.143: [DefNew
Desired survivor size 32768 bytes, new threshold 15 (max 15)
- age   3:        184 bytes,        184 total
: 896K->0K(960K), 0.0010514 secs] 3066K->2746K(10176K), 0.0012070 secs] [Times: user=0.00 sys=0.01, real=0.00 secs] 
2019-01-02T11:14:10.246+0530: 918.146: [GC (Allocation Failure) 2019-01-02T11:14:10.246+0530: 918.146: [DefNew
Desired survivor size 32768 bytes, new threshold 15 (max 15)
- age   1:         24 bytes,         24 total
- age   4:        184 bytes,        208 total
: 515K->0K(960K), 0.0007555 secs] 3262K->2746K(10176K), 0.0009584 secs] [Times: user=0.00 sys=0.00, real=0.00 secs] 
2019-01-02T11:14:10.248+0530: 918.147: [GC (Allocation Failure) 2019-01-02T11:14:10.248+0530: 918.147: [DefNew
Desired survivor size 32768 bytes, new threshold 15 (max 15)
- age   2:         24 bytes,         24 total
- age   5:        184 bytes,        208 total
: 516K->0K(960K), 0.0003866 secs] 3263K->3263K(10176K), 0.0004670 secs] [Times: user=0.00 sys=0.00, real=0.00 secs] 
2019-01-02T11:14:10.249+0530: 918.148: [GC (Allocation Failure) 2019-01-02T11:14:10.249+0530: 918.148: [DefNew
Desired survivor size 32768 bytes, new threshold 15 (max 15)
- age   1:         24 bytes,         24 total
- age   6:         72 bytes,         96 total
: 534K->0K(960K), 0.0008319 secs] 3797K->3779K(10176K), 0.0009425 secs] [Times: user=0.00 sys=0.00, real=0.00 secs] 
2019-01-02T11:14:10.309+0530: 918.209: [GC (Allocation Failure) 2019-01-02T11:14:10.310+0530: 918.209: [DefNew
Desired survivor size 32768 bytes, new threshold 15 (max 15)
- age   1:        248 bytes,        248 total
- age   7:         16 bytes,        264 total
: 888K->0K(960K), 0.0011090 secs] 4667K->3851K(10176K), 0.0014556 secs] [Times: user=0.00 sys=0.00, real=0.00 secs] 
2019-01-02T11:14:10.312+0530: 918.212: [GC (Allocation Failure) 2019-01-02T11:14:10.312+0530: 918.212: [DefNew
Desired survivor size 32768 bytes, new threshold 15 (max 15)
- age   2:        184 bytes,        184 total
- age   8:         16 bytes,        200 total
: 896K->0K(960K), 0.0012566 secs] 4747K->4139K(10176K), 0.0014642 secs] [Times: user=0.00 sys=0.00, real=0.00 secs] 
2019-01-02T11:14:10.316+0530: 918.215: [GC (Allocation Failure) 2019-01-02T11:14:10.316+0530: 918.216: [DefNew
Desired survivor size 32768 bytes, new threshold 15 (max 15)
- age   3:        184 bytes,        184 total
- age   9:         16 bytes,        200 total
: 896K->0K(960K), 0.0005474 secs] 5035K->4715K(10176K), 0.0006808 secs] [Times: user=0.00 sys=0.00, real=0.00 secs] 
2019-01-02T11:14:10.318+0530: 918.218: [GC (Allocation Failure) 2019-01-02T11:14:10.318+0530: 918.218: [DefNew
Desired survivor size 32768 bytes, new threshold 15 (max 15)
- age   1:         24 bytes,         24 total
- age   4:        184 bytes,        208 total
- age  10:         16 bytes,        224 total
: 515K->0K(960K), 0.0003660 secs] 5231K->4715K(10176K), 0.0004413 secs] [Times: user=0.00 sys=0.00, real=0.00 secs] 
2019-01-02T11:14:10.320+0530: 918.219: [GC (Allocation Failure) 2019-01-02T11:14:10.320+0530: 918.219: [DefNew
Desired survivor size 32768 bytes, new threshold 15 (max 15)
- age   2:         24 bytes,         24 total
- age   5:        184 bytes,        208 total
- age  11:         16 bytes,        224 total
: 516K->0K(960K), 0.0004470 secs] 5232K->5232K(10176K), 0.0005548 secs] [Times: user=0.00 sys=0.00, real=0.00 secs] 
2019-01-02T11:14:10.320+0530: 918.220: [GC (Allocation Failure) 2019-01-02T11:14:10.320+0530: 918.220: [DefNew
Desired survivor size 32768 bytes, new threshold 15 (max 15)
- age   1:         24 bytes,         24 total
- age   6:         72 bytes,         96 total
- age  12:         16 bytes,        112 total
: 534K->0K(960K), 0.0003142 secs] 5766K->5749K(10176K), 0.0003854 secs] [Times: user=0.00 sys=0.00, real=0.00 secs] 
2019-01-02T11:14:10.395+0530: 918.294: [GC (Allocation Failure) 2019-01-02T11:14:10.395+0530: 918.294: [DefNew
Desired survivor size 32768 bytes, new threshold 15 (max 15)
- age   1:        248 bytes,        248 total
- age   7:         16 bytes,        264 total
- age  13:         16 bytes,        280 total
: 888K->0K(960K), 0.0009499 secs] 6637K->5821K(10176K), 0.0012675 secs] [Times: user=0.00 sys=0.00, real=0.00 secs] 
2019-01-02T11:14:10.398+0530: 918.298: [GC (Allocation Failure) 2019-01-02T11:14:10.399+0530: 918.298: [DefNew
Desired survivor size 32768 bytes, new threshold 15 (max 15)
- age   2:        184 bytes,        184 total
- age   8:         16 bytes,        200 total
- age  14:         16 bytes,        216 total
: 896K->0K(960K), 0.0007914 secs] 6717K->6109K(10176K), 0.0011340 secs] [Times: user=0.02 sys=0.00, real=0.00 secs] 
2019-01-02T11:14:10.401+0530: 918.300: [GC (Allocation Failure) 2019-01-02T11:14:10.401+0530: 918.301: [DefNew
Desired survivor size 32768 bytes, new threshold 15 (max 15)
- age   3:        184 bytes,        184 total
- age   9:         16 bytes,        200 total
- age  15:         16 bytes,        216 total
: 896K->0K(960K), 0.0012920 secs] 7005K->6685K(10176K), 0.0015349 secs] [Times: user=0.00 sys=0.00, real=0.00 secs] 
2019-01-02T11:14:10.405+0530: 918.304: [GC (Allocation Failure) 2019-01-02T11:14:10.405+0530: 918.304: [DefNew
Desired survivor size 32768 bytes, new threshold 15 (max 15)
- age   1:         24 bytes,         24 total
- age   4:        184 bytes,        208 total
- age  10:         16 bytes,        224 total
: 515K->0K(960K), 0.0005930 secs] 7200K->6685K(10176K), 0.0008284 secs] [Times: user=0.00 sys=0.00, real=0.00 secs] 
2019-01-02T11:14:10.406+0530: 918.305: [GC (Allocation Failure) 2019-01-02T11:14:10.406+0530: 918.305: [DefNew
Desired survivor size 32768 bytes, new threshold 15 (max 15)
- age   2:         24 bytes,         24 total
- age   5:        184 bytes,        208 total
- age  11:         16 bytes,        224 total
: 516K->0K(960K), 0.0007766 secs] 7201K->7201K(10176K), 0.0008798 secs] [Times: user=0.00 sys=0.00, real=0.00 secs] 
2019-01-02T11:14:10.407+0530: 918.307: [GC (Allocation Failure) 2019-01-02T11:14:10.407+0530: 918.307: [DefNew
Desired survivor size 32768 bytes, new threshold 15 (max 15)
- age   1:         24 bytes,         24 total
- age   6:         72 bytes,         96 total
- age  12:         16 bytes,        112 total
: 534K->0K(960K), 0.0003244 secs] 7736K->7718K(10176K), 0.0003786 secs] [Times: user=0.00 sys=0.00, real=0.00 secs] 
2019-01-02T11:14:10.485+0530: 918.385: [GC (Allocation Failure) 2019-01-02T11:14:10.486+0530: 918.385: [DefNew
Desired survivor size 32768 bytes, new threshold 15 (max 15)
- age   1:        248 bytes,        248 total
- age   7:         16 bytes,        264 total
- age  13:         16 bytes,        280 total
: 888K->0K(960K), 0.0006015 secs] 8606K->7790K(10176K), 0.0007845 secs] [Times: user=0.00 sys=0.00, real=0.00 secs] 
2019-01-02T11:14:10.488+0530: 918.387: [GC (Allocation Failure) 2019-01-02T11:14:10.488+0530: 918.387: [DefNew
Desired survivor size 32768 bytes, new threshold 15 (max 15)
- age   2:        184 bytes,        184 total
- age   8:         16 bytes,        200 total
- age  14:         16 bytes,        216 total
: 896K->0K(960K), 0.0007355 secs] 8686K->8078K(10176K), 0.0008490 secs] [Times: user=0.00 sys=0.00, real=0.00 secs] 
2019-01-02T11:14:10.490+0530: 918.389: [GC (Allocation Failure) 2019-01-02T11:14:10.490+0530: 918.389: [DefNew
Desired survivor size 32768 bytes, new threshold 15 (max 15)
- age   3:        184 bytes,        184 total
- age   9:         16 bytes,        200 total
- age  15:         16 bytes,        216 total
: 896K->0K(960K), 0.0007076 secs] 8974K->8654K(10176K), 0.0009448 secs] [Times: user=0.00 sys=0.00, real=0.00 secs] 
2019-01-02T11:14:10.492+0530: 918.391: [GC (Allocation Failure) 2019-01-02T11:14:10.492+0530: 918.391: [DefNew
Desired survivor size 32768 bytes, new threshold 15 (max 15)
- age   1:         24 bytes,         24 total
- age   4:        184 bytes,        208 total
- age  10:         16 bytes,        224 total
: 515K->0K(960K), 0.0005086 secs] 9170K->8654K(10176K), 0.0005935 secs] [Times: user=0.00 sys=0.00, real=0.00 secs] 
2019-01-02T11:14:10.493+0530: 918.393: [GC (Allocation Failure) 2019-01-02T11:14:10.493+0530: 918.393: [DefNew
Desired survivor size 32768 bytes, new threshold 15 (max 15)
- age   2:         24 bytes,         24 total
- age   5:        184 bytes,        208 total
- age  11:         16 bytes,        224 total
: 516K->0K(960K), 0.0006357 secs] 9171K->9171K(10176K), 0.0007532 secs] [Times: user=0.00 sys=0.00, real=0.00 secs] 
2019-01-02T11:14:10.495+0530: 918.394: [GC (Allocation Failure) 2019-01-02T11:14:10.495+0530: 918.394: [DefNew: 534K->534K(960K), 0.0000353 secs]2019-01-02T11:14:10.495+0530: 918.395: [Tenured: 9171K->1293K(9216K), 0.0060300 secs] 9705K->1293K(10176K), [Metaspace: 2520K->2520K(1056768K)], 0.0063219 secs] [Times: user=0.00 sys=0.00, real=0.01 secs] 
2019-01-02T11:14:10.558+0530: 918.458: [GC (Allocation Failure) 2019-01-02T11:14:10.559+0530: 918.458: [DefNew
Desired survivor size 32768 bytes, new threshold 15 (max 15)
- age   1:        248 bytes,        248 total
: 888K->0K(960K), 0.0010576 secs] 2181K->1882K(10176K), 0.0013992 secs] [Times: user=0.00 sys=0.00, real=0.00 secs] 
2019-01-02T11:14:10.562+0530: 918.461: [GC (Allocation Failure) 2019-01-02T11:14:10.562+0530: 918.461: [DefNew
Desired survivor size 32768 bytes, new threshold 15 (max 15)
- age   2:        184 bytes,        184 total
: 896K->0K(960K), 0.0005080 secs] 2778K->2170K(10176K), 0.0006939 secs] [Times: user=0.00 sys=0.00, real=0.00 secs] 
2019-01-02T11:14:10.564+0530: 918.463: [GC (Allocation Failure) 2019-01-02T11:14:10.564+0530: 918.463: [DefNew
Desired survivor size 32768 bytes, new threshold 15 (max 15)
- age   3:        184 bytes,        184 total
: 896K->0K(960K), 0.0010993 secs] 3066K->2746K(10176K), 0.0012561 secs] [Times: user=0.00 sys=0.00, real=0.00 secs] 
2019-01-02T11:14:10.567+0530: 918.466: [GC (Allocation Failure) 2019-01-02T11:14:10.567+0530: 918.466: [DefNew
Desired survivor size 32768 bytes, new threshold 15 (max 15)
- age   1:         24 bytes,         24 total
- age   4:        184 bytes,        208 total
: 515K->0K(960K), 0.0004692 secs] 3262K->2746K(10176K), 0.0005804 secs] [Times: user=0.00 sys=0.00, real=0.00 secs] 
2019-01-02T11:14:10.568+0530: 918.467: [GC (Allocation Failure) 2019-01-02T11:14:10.568+0530: 918.467: [DefNew
Desired survivor size 32768 bytes, new threshold 15 (max 15)
- age   2:         24 bytes,         24 total
- age   5:        184 bytes,        208 total
: 516K->0K(960K), 0.0007298 secs] 3263K->3263K(10176K), 0.0008387 secs] [Times: user=0.00 sys=0.00, real=0.00 secs] 
2019-01-02T11:14:10.569+0530: 918.469: [GC (Allocation Failure) 2019-01-02T11:14:10.569+0530: 918.469: [DefNew
Desired survivor size 32768 bytes, new threshold 15 (max 15)
- age   1:         24 bytes,         24 total
- age   6:         72 bytes,         96 total
: 534K->0K(960K), 0.0006557 secs] 3797K->3780K(10176K), 0.0007680 secs] [Times: user=0.00 sys=0.00, real=0.00 secs] 
2019-01-02T11:14:10.629+0530: 918.528: [GC (Allocation Failure) 2019-01-02T11:14:10.629+0530: 918.528: [DefNew
Desired survivor size 32768 bytes, new threshold 15 (max 15)
- age   1:        248 bytes,        248 total
- age   7:         16 bytes,        264 total
: 888K->0K(960K), 0.0008826 secs] 4668K->3852K(10176K), 0.0011580 secs] [Times: user=0.00 sys=0.00, real=0.00 secs] 
2019-01-02T11:14:10.632+0530: 918.531: [GC (Allocation Failure) 2019-01-02T11:14:10.632+0530: 918.531: [DefNew
Desired survivor size 32768 bytes, new threshold 15 (max 15)
- age   2:        184 bytes,        184 total
- age   8:         16 bytes,        200 total
: 896K->0K(960K), 0.0009704 secs] 4748K->4140K(10176K), 0.0011614 secs] [Times: user=0.00 sys=0.00, real=0.00 secs] 
2019-01-02T11:14:10.634+0530: 918.534: [GC (Allocation Failure) 2019-01-02T11:14:10.634+0530: 918.534: [DefNew
Desired survivor size 32768 bytes, new threshold 15 (max 15)
- age   3:        184 bytes,        184 total
- age   9:         16 bytes,        200 total
: 896K->0K(960K), 0.0009430 secs] 5036K->4716K(10176K), 0.0012207 secs] [Times: user=0.00 sys=0.00, real=0.00 secs] 
2019-01-02T11:14:10.637+0530: 918.536: [GC (Allocation Failure) 2019-01-02T11:14:10.637+0530: 918.536: [DefNew
Desired survivor size 32768 bytes, new threshold 15 (max 15)
- age   1:         24 bytes,         24 total
- age   4:        184 bytes,        208 total
- age  10:         16 bytes,        224 total
: 515K->0K(960K), 0.0003888 secs] 5231K->4716K(10176K), 0.0005046 secs] [Times: user=0.00 sys=0.00, real=0.00 secs] 
2019-01-02T11:14:10.638+0530: 918.538: [GC (Allocation Failure) 2019-01-02T11:14:10.638+0530: 918.538: [DefNew
Desired survivor size 32768 bytes, new threshold 15 (max 15)
- age   2:         24 bytes,         24 total
- age   5:        184 bytes,        208 total
- age  11:         16 bytes,        224 total
: 516K->0K(960K), 0.0003512 secs] 5233K->5233K(10176K), 0.0004430 secs] [Times: user=0.00 sys=0.00, real=0.00 secs] 
2019-01-02T11:14:10.639+0530: 918.539: [GC (Allocation Failure) 2019-01-02T11:14:10.639+0530: 918.539: [DefNew
Desired survivor size 32768 bytes, new threshold 15 (max 15)
- age   1:         24 bytes,         24 total
- age   6:         72 bytes,         96 total
- age  12:         16 bytes,        112 total
: 534K->0K(960K), 0.0003740 secs] 5767K->5749K(10176K), 0.0004533 secs] [Times: user=0.00 sys=0.00, real=0.00 secs] 
2019-01-02T11:14:10.699+0530: 918.599: [GC (Allocation Failure) 2019-01-02T11:14:10.700+0530: 918.599: [DefNew
Desired survivor size 32768 bytes, new threshold 15 (max 15)
- age   1:        248 bytes,        248 total
- age   7:         16 bytes,        264 total
- age  13:         16 bytes,        280 total
: 888K->0K(960K), 0.0006893 secs] 6637K->5821K(10176K), 0.0009824 secs] [Times: user=0.00 sys=0.00, real=0.00 secs] 
2019-01-02T11:14:10.702+0530: 918.602: [GC (Allocation Failure) 2019-01-02T11:14:10.702+0530: 918.602: [DefNew
Desired survivor size 32768 bytes, new threshold 15 (max 15)
- age   2:        184 bytes,        184 total
- age   8:         16 bytes,        200 total
- age  14:         16 bytes,        216 total
: 896K->0K(960K), 0.0008763 secs] 6717K->6109K(10176K), 0.0011004 secs] [Times: user=0.00 sys=0.00, real=0.00 secs] 
2019-01-02T11:14:10.705+0530: 918.604: [GC (Allocation Failure) 2019-01-02T11:14:10.705+0530: 918.604: [DefNew
Desired survivor size 32768 bytes, new threshold 15 (max 15)
- age   3:        184 bytes,        184 total
- age   9:         16 bytes,        200 total
- age  15:         16 bytes,        216 total
: 896K->0K(960K), 0.0008917 secs] 7005K->6685K(10176K), 0.0011033 secs] [Times: user=0.00 sys=0.00, real=0.00 secs] 
2019-01-02T11:14:10.708+0530: 918.608: [GC (Allocation Failure) 2019-01-02T11:14:10.708+0530: 918.608: [DefNew
Desired survivor size 32768 bytes, new threshold 15 (max 15)
- age   1:         24 bytes,         24 total
- age   4:        184 bytes,        208 total
- age  10:         16 bytes,        224 total
: 515K->0K(960K), 0.0002839 secs] 7201K->6685K(10176K), 0.0003752 secs] [Times: user=0.00 sys=0.00, real=0.00 secs] 
2019-01-02T11:14:10.709+0530: 918.608: [GC (Allocation Failure) 2019-01-02T11:14:10.709+0530: 918.608: [DefNew
Desired survivor size 32768 bytes, new threshold 15 (max 15)
- age   2:         24 bytes,         24 total
- age   5:        184 bytes,        208 total
- age  11:         16 bytes,        224 total
: 516K->0K(960K), 0.0003444 secs] 7202K->7202K(10176K), 0.0004282 secs] [Times: user=0.00 sys=0.00, real=0.00 secs] 
2019-01-02T11:14:10.710+0530: 918.609: [GC (Allocation Failure) 2019-01-02T11:14:10.710+0530: 918.609: [DefNew
Desired survivor size 32768 bytes, new threshold 15 (max 15)
- age   1:         24 bytes,         24 total
- age   6:         72 bytes,         96 total
- age  12:         16 bytes,        112 total
: 534K->0K(960K), 0.0003495 secs] 7737K->7719K(10176K), 0.0004385 secs] [Times: user=0.00 sys=0.00, real=0.00 secs] 
2019-01-02T11:14:10.781+0530: 918.680: [GC (Allocation Failure) 2019-01-02T11:14:10.781+0530: 918.680: [DefNew
Desired survivor size 32768 bytes, new threshold 15 (max 15)
- age   1:        248 bytes,        248 total
- age   7:         16 bytes,        264 total
- age  13:         16 bytes,        280 total
: 888K->0K(960K), 0.0011580 secs] 8607K->7791K(10176K), 0.0014431 secs] [Times: user=0.00 sys=0.00, real=0.00 secs] 
2019-01-02T11:14:10.784+0530: 918.683: [GC (Allocation Failure) 2019-01-02T11:14:10.784+0530: 918.684: [DefNew
Desired survivor size 32768 bytes, new threshold 15 (max 15)
- age   2:        184 bytes,        184 total
- age   8:         16 bytes,        200 total
- age  14:         16 bytes,        216 total
: 896K->0K(960K), 0.0012099 secs] 8687K->8079K(10176K), 0.0015126 secs] [Times: user=0.00 sys=0.00, real=0.00 secs] 
2019-01-02T11:14:10.788+0530: 918.687: [GC (Allocation Failure) 2019-01-02T11:14:10.788+0530: 918.687: [DefNew
Desired survivor size 32768 bytes, new threshold 15 (max 15)
- age   3:        184 bytes,        184 total
- age   9:         16 bytes,        200 total
- age  15:         16 bytes,        216 total
: 896K->0K(960K), 0.0014032 secs] 8975K->8655K(10176K), 0.0018878 secs] [Times: user=0.00 sys=0.02, real=0.00 secs] 
2019-01-02T11:14:10.791+0530: 918.691: [GC (Allocation Failure) 2019-01-02T11:14:10.791+0530: 918.691: [DefNew
Desired survivor size 32768 bytes, new threshold 15 (max 15)
- age   1:         24 bytes,         24 total
- age   4:        184 bytes,        208 total
- age  10:         16 bytes,        224 total
: 515K->0K(960K), 0.0003495 secs] 9170K->8655K(10176K), 0.0004516 secs] [Times: user=0.00 sys=0.00, real=0.00 secs] 
2019-01-02T11:14:10.792+0530: 918.691: [GC (Allocation Failure) 2019-01-02T11:14:10.792+0530: 918.691: [DefNew
Desired survivor size 32768 bytes, new threshold 15 (max 15)
- age   2:         24 bytes,         24 total
- age   5:        184 bytes,        208 total
- age  11:         16 bytes,        224 total
: 516K->0K(960K), 0.0005046 secs] 9172K->9172K(10176K), 0.0006021 secs] [Times: user=0.00 sys=0.00, real=0.00 secs] 
2019-01-02T11:14:10.793+0530: 918.692: [GC (Allocation Failure) 2019-01-02T11:14:10.793+0530: 918.693: [DefNew: 534K->534K(960K), 0.0000496 secs]2019-01-02T11:14:10.793+0530: 918.693: [Tenured: 9172K->1293K(9216K), 0.0040977 secs] 9706K->1293K(10176K), [Metaspace: 2520K->2520K(1056768K)], 0.0043053 secs] [Times: user=0.00 sys=0.00, real=0.00 secs] 
2019-01-02T11:14:10.870+0530: 918.770: [GC (Allocation Failure) 2019-01-02T11:14:10.870+0530: 918.770: [DefNew
Desired survivor size 32768 bytes, new threshold 15 (max 15)
- age   1:        248 bytes,        248 total
: 888K->0K(960K), 0.0013496 secs] 2182K->1883K(10176K), 0.0017407 secs] [Times: user=0.00 sys=0.00, real=0.00 secs] 
2019-01-02T11:14:10.874+0530: 918.773: [GC (Allocation Failure) 2019-01-02T11:14:10.874+0530: 918.773: [DefNew
Desired survivor size 32768 bytes, new threshold 15 (max 15)
- age   2:        184 bytes,        184 total
: 896K->0K(960K), 0.0007093 secs] 2779K->2170K(10176K), 0.0008005 secs] [Times: user=0.00 sys=0.00, real=0.00 secs] 
2019-01-02T11:14:10.876+0530: 918.775: [GC (Allocation Failure) 2019-01-02T11:14:10.876+0530: 918.775: [DefNew
Desired survivor size 32768 bytes, new threshold 15 (max 15)
- age   3:        184 bytes,        184 total
: 896K->0K(960K), 0.0008912 secs] 3066K->2746K(10176K), 0.0010052 secs] [Times: user=0.00 sys=0.00, real=0.00 secs] 
2019-01-02T11:14:10.878+0530: 918.778: [GC (Allocation Failure) 2019-01-02T11:14:10.878+0530: 918.778: [DefNew
Desired survivor size 32768 bytes, new threshold 15 (max 15)
- age   1:         24 bytes,         24 total
- age   4:        184 bytes,        208 total
: 515K->0K(960K), 0.0003603 secs] 3262K->2747K(10176K), 0.0004556 secs] [Times: user=0.00 sys=0.00, real=0.00 secs] 
2019-01-02T11:14:10.879+0530: 918.778: [GC (Allocation Failure) 2019-01-02T11:14:10.879+0530: 918.778: [DefNew
Desired survivor size 32768 bytes, new threshold 15 (max 15)
- age   2:         24 bytes,         24 total
- age   5:        184 bytes,        208 total
: 516K->0K(960K), 0.0003404 secs] 3263K->3263K(10176K), 0.0003951 secs] [Times: user=0.00 sys=0.00, real=0.00 secs] 
2019-01-02T11:14:10.880+0530: 918.779: [GC (Allocation Failure) 2019-01-02T11:14:10.880+0530: 918.779: [DefNew
Desired survivor size 32768 bytes, new threshold 15 (max 15)
- age   1:         24 bytes,         24 total
- age   6:         72 bytes,         96 total
: 534K->0K(960K), 0.0003301 secs] 3798K->3780K(10176K), 0.0004031 secs] [Times: user=0.00 sys=0.00, real=0.00 secs] 
2019-01-02T11:14:10.937+0530: 918.837: [GC (Allocation Failure) 2019-01-02T11:14:10.937+0530: 918.837: [DefNew
Desired survivor size 32768 bytes, new threshold 15 (max 15)
- age   1:        248 bytes,        248 total
- age   7:         16 bytes,        264 total
: 888K->0K(960K), 0.0005080 secs] 4668K->3852K(10176K), 0.0006893 secs] [Times: user=0.00 sys=0.00, real=0.00 secs] 
2019-01-02T11:14:10.940+0530: 918.839: [GC (Allocation Failure) 2019-01-02T11:14:10.940+0530: 918.839: [DefNew
Desired survivor size 32768 bytes, new threshold 15 (max 15)
- age   2:        184 bytes,        184 total
- age   8:         16 bytes,        200 total
: 896K->0K(960K), 0.0008877 secs] 4748K->4140K(10176K), 0.0010274 secs] [Times: user=0.00 sys=0.00, real=0.00 secs] 
2019-01-02T11:14:10.942+0530: 918.842: [GC (Allocation Failure) 2019-01-02T11:14:10.942+0530: 918.842: [DefNew
Desired survivor size 32768 bytes, new threshold 15 (max 15)
- age   3:        184 bytes,        184 total
- age   9:         16 bytes,        200 total
: 896K->0K(960K), 0.0012025 secs] 5036K->4716K(10176K), 0.0013678 secs] [Times: user=0.00 sys=0.00, real=0.00 secs] 
2019-01-02T11:14:10.945+0530: 918.844: [GC (Allocation Failure) 2019-01-02T11:14:10.945+0530: 918.845: [DefNew
Desired survivor size 32768 bytes, new threshold 15 (max 15)
- age   1:         24 bytes,         24 total
- age   4:        184 bytes,        208 total
- age  10:         16 bytes,        224 total
: 515K->0K(960K), 0.0004174 secs] 5232K->4716K(10176K), 0.0005593 secs] [Times: user=0.01 sys=0.00, real=0.00 secs] 
2019-01-02T11:14:10.946+0530: 918.845: [GC (Allocation Failure) 2019-01-02T11:14:10.946+0530: 918.845: [DefNew
Desired survivor size 32768 bytes, new threshold 15 (max 15)
- age   2:         24 bytes,         24 total
- age   5:        184 bytes,        208 total
- age  11:         16 bytes,        224 total
: 517K->0K(960K), 0.0003318 secs] 5233K->5233K(10176K), 0.0004031 secs] [Times: user=0.00 sys=0.00, real=0.00 secs] 
2019-01-02T11:14:10.947+0530: 918.846: [GC (Allocation Failure) 2019-01-02T11:14:10.947+0530: 918.846: [DefNew
Desired survivor size 32768 bytes, new threshold 15 (max 15)
- age   1:         24 bytes,         24 total
- age   6:         72 bytes,         96 total
- age  12:         16 bytes,        112 total
: 534K->0K(960K), 0.0003256 secs] 5768K->5750K(10176K), 0.0004020 secs] [Times: user=0.00 sys=0.00, real=0.00 secs] 
2019-01-02T11:14:11.007+0530: 918.907: [GC (Allocation Failure) 2019-01-02T11:14:11.008+0530: 918.907: [DefNew
Desired survivor size 32768 bytes, new threshold 15 (max 15)
- age   1:        248 bytes,        248 total
- age   7:         16 bytes,        264 total
- age  13:         16 bytes,        280 total
: 888K->0K(960K), 0.0005359 secs] 6638K->5822K(10176K), 0.0008484 secs] [Times: user=0.02 sys=0.00, real=0.00 secs] 
2019-01-02T11:14:11.011+0530: 918.910: [GC (Allocation Failure) 2019-01-02T11:14:11.011+0530: 918.910: [DefNew
Desired survivor size 32768 bytes, new threshold 15 (max 15)
- age   2:        184 bytes,        184 total
- age   8:         16 bytes,        200 total
- age  14:         16 bytes,        216 total
: 896K->0K(960K), 0.0010280 secs] 6718K->6110K(10176K), 0.0012572 secs] [Times: user=0.00 sys=0.00, real=0.00 secs] 
2019-01-02T11:14:11.013+0530: 918.913: [GC (Allocation Failure) 2019-01-02T11:14:11.013+0530: 918.913: [DefNew
Desired survivor size 32768 bytes, new threshold 15 (max 15)
- age   3:        184 bytes,        184 total
- age   9:         16 bytes,        200 total
- age  15:         16 bytes,        216 total
: 896K->0K(960K), 0.0006317 secs] 7006K->6686K(10176K), 0.0008387 secs] [Times: user=0.00 sys=0.00, real=0.00 secs] 
2019-01-02T11:14:11.015+0530: 918.915: [GC (Allocation Failure) 2019-01-02T11:14:11.015+0530: 918.915: [DefNew
Desired survivor size 32768 bytes, new threshold 15 (max 15)
- age   1:         24 bytes,         24 total
- age   4:        184 bytes,        208 total
- age  10:         16 bytes,        224 total
: 515K->0K(960K), 0.0002537 secs] 7201K->6686K(10176K), 0.0003284 secs] [Times: user=0.00 sys=0.00, real=0.00 secs] 
2019-01-02T11:14:11.016+0530: 918.915: [GC (Allocation Failure) 2019-01-02T11:14:11.016+0530: 918.915: [DefNew
Desired survivor size 32768 bytes, new threshold 15 (max 15)
- age   2:         24 bytes,         24 total
- age   5:        184 bytes,        208 total
- age  11:         16 bytes,        224 total
: 517K->0K(960K), 0.0003193 secs] 7203K->7203K(10176K), 0.0003894 secs] [Times: user=0.00 sys=0.00, real=0.00 secs] 
2019-01-02T11:14:11.017+0530: 918.916: [GC (Allocation Failure) 2019-01-02T11:14:11.017+0530: 918.916: [DefNew
Desired survivor size 32768 bytes, new threshold 15 (max 15)
- age   1:         24 bytes,         24 total
- age   6:         72 bytes,         96 total
- age  12:         16 bytes,        112 total
: 534K->0K(960K), 0.0011700 secs] 7737K->7720K(10176K), 0.0017207 secs] [Times: user=0.00 sys=0.00, real=0.00 secs] 
2019-01-02T11:14:11.074+0530: 918.974: [GC (Allocation Failure) 2019-01-02T11:14:11.075+0530: 918.974: [DefNew
Desired survivor size 32768 bytes, new threshold 15 (max 15)
- age   1:        248 bytes,        248 total
- age   7:         16 bytes,        264 total
- age  13:         16 bytes,        280 total
: 888K->0K(960K), 0.0009510 secs] 8608K->7792K(10176K), 0.0011945 secs] [Times: user=0.00 sys=0.00, real=0.00 secs] 
2019-01-02T11:14:11.077+0530: 918.977: [GC (Allocation Failure) 2019-01-02T11:14:11.077+0530: 918.977: [DefNew
Desired survivor size 32768 bytes, new threshold 15 (max 15)
- age   2:        184 bytes,        184 total
- age   8:         16 bytes,        200 total
- age  14:         16 bytes,        216 total
: 896K->0K(960K), 0.0004938 secs] 8688K->8080K(10176K), 0.0006796 secs] [Times: user=0.00 sys=0.00, real=0.00 secs] 
2019-01-02T11:14:11.079+0530: 918.979: [GC (Allocation Failure) 2019-01-02T11:14:11.080+0530: 918.979: [DefNew
Desired survivor size 32768 bytes, new threshold 15 (max 15)
- age   3:        184 bytes,        184 total
- age   9:         16 bytes,        200 total
- age  15:         16 bytes,        216 total
: 896K->0K(960K), 0.0012908 secs] 8976K->8656K(10176K), 0.0016449 secs] [Times: user=0.00 sys=0.00, real=0.00 secs] 
2019-01-02T11:14:11.083+0530: 918.982: [GC (Allocation Failure) 2019-01-02T11:14:11.083+0530: 918.982: [DefNew
Desired survivor size 32768 bytes, new threshold 15 (max 15)
- age   1:         24 bytes,         24 total
- age   4:        184 bytes,        208 total
- age  10:         16 bytes,        224 total
: 515K->0K(960K), 0.0003752 secs] 9171K->8656K(10176K), 0.0005154 secs] [Times: user=0.00 sys=0.00, real=0.00 secs] 
2019-01-02T11:14:11.083+0530: 918.983: [GC (Allocation Failure) 2019-01-02T11:14:11.083+0530: 918.983: [DefNew
Desired survivor size 32768 bytes, new threshold 15 (max 15)
- age   2:         24 bytes,         24 total
- age   5:        184 bytes,        208 total
- age  11:         16 bytes,        224 total
: 517K->0K(960K), 0.0008986 secs] 9173K->9173K(10176K), 0.0010457 secs] [Times: user=0.00 sys=0.00, real=0.00 secs] 
2019-01-02T11:14:11.086+0530: 918.985: [GC (Allocation Failure) 2019-01-02T11:14:11.086+0530: 918.985: [DefNew: 534K->534K(960K), 0.0000450 secs]2019-01-02T11:14:11.086+0530: 918.985: [Tenured: 9172K->1294K(9216K), 0.0057101 secs] 9707K->1294K(10176K), [Metaspace: 2520K->2520K(1056768K)], 0.0059017 secs] [Times: user=0.00 sys=0.00, real=0.01 secs] 
2019-01-02T11:14:11.147+0530: 919.046: [GC (Allocation Failure) 2019-01-02T11:14:11.147+0530: 919.047: [DefNew
Desired survivor size 32768 bytes, new threshold 15 (max 15)
- age   1:        248 bytes,        248 total
: 888K->0K(960K), 0.0011124 secs] 2182K->1883K(10176K), 0.0015195 secs] [Times: user=0.01 sys=0.00, real=0.00 secs] 
2019-01-02T11:14:11.151+0530: 919.051: [GC (Allocation Failure) 2019-01-02T11:14:11.151+0530: 919.051: [DefNew
Desired survivor size 32768 bytes, new threshold 15 (max 15)
- age   2:        184 bytes,        184 total
: 896K->0K(960K), 0.0011837 secs] 2779K->2171K(10176K), 0.0016170 secs] [Times: user=0.00 sys=0.00, real=0.00 secs] 
2019-01-02T11:14:11.155+0530: 919.054: [GC (Allocation Failure) 2019-01-02T11:14:11.155+0530: 919.055: [DefNew
Desired survivor size 32768 bytes, new threshold 15 (max 15)
- age   3:        184 bytes,        184 total
: 896K->0K(960K), 0.0009048 secs] 3067K->2747K(10176K), 0.0011466 secs] [Times: user=0.00 sys=0.00, real=0.00 secs] 
2019-01-02T11:14:11.158+0530: 919.057: [GC (Allocation Failure) 2019-01-02T11:14:11.158+0530: 919.057: [DefNew
Desired survivor size 32768 bytes, new threshold 15 (max 15)
- age   1:         24 bytes,         24 total
- age   4:        184 bytes,        208 total
: 515K->0K(960K), 0.0004316 secs] 3262K->2747K(10176K), 0.0005331 secs] [Times: user=0.00 sys=0.00, real=0.00 secs] 
2019-01-02T11:14:11.158+0530: 919.058: [GC (Allocation Failure) 2019-01-02T11:14:11.158+0530: 919.058: [DefNew
Desired survivor size 32768 bytes, new threshold 15 (max 15)
- age   2:         24 bytes,         24 total
- age   5:        184 bytes,        208 total
: 517K->0K(960K), 0.0003199 secs] 3264K->3264K(10176K), 0.0003888 secs] [Times: user=0.00 sys=0.00, real=0.00 secs] 
2019-01-02T11:14:11.159+0530: 919.058: [GC (Allocation Failure) 2019-01-02T11:14:11.159+0530: 919.059: [DefNew
Desired survivor size 32768 bytes, new threshold 15 (max 15)
- age   1:         24 bytes,         24 total
- age   6:         72 bytes,         96 total
: 534K->0K(960K), 0.0004419 secs] 3798K->3780K(10176K), 0.0005411 secs] [Times: user=0.00 sys=0.00, real=0.00 secs] 
2019-01-02T11:14:11.218+0530: 919.117: [GC (Allocation Failure) 2019-01-02T11:14:11.218+0530: 919.117: [DefNew
Desired survivor size 32768 bytes, new threshold 15 (max 15)
- age   1:        248 bytes,        248 total
- age   7:         16 bytes,        264 total
: 888K->0K(960K), 0.0012863 secs] 4669K->3853K(10176K), 0.0015805 secs] [Times: user=0.00 sys=0.00, real=0.00 secs] 
2019-01-02T11:14:11.221+0530: 919.121: [GC (Allocation Failure) 2019-01-02T11:14:11.221+0530: 919.121: [DefNew
Desired survivor size 32768 bytes, new threshold 15 (max 15)
- age   2:        184 bytes,        184 total
- age   8:         16 bytes,        200 total
: 896K->0K(960K), 0.0012834 secs] 4749K->4141K(10176K), 0.0016284 secs] [Times: user=0.00 sys=0.00, real=0.00 secs] 
2019-01-02T11:14:11.225+0530: 919.124: [GC (Allocation Failure) 2019-01-02T11:14:11.225+0530: 919.124: [DefNew
Desired survivor size 32768 bytes, new threshold 15 (max 15)
- age   3:        184 bytes,        184 total
- age   9:         16 bytes,        200 total
: 896K->0K(960K), 0.0007748 secs] 5037K->4717K(10176K), 0.0009926 secs] [Times: user=0.00 sys=0.00, real=0.00 secs] 
2019-01-02T11:14:11.227+0530: 919.127: [GC (Allocation Failure) 2019-01-02T11:14:11.227+0530: 919.127: [DefNew
Desired survivor size 32768 bytes, new threshold 15 (max 15)
- age   1:         24 bytes,         24 total
- age   4:        184 bytes,        208 total
- age  10:         16 bytes,        224 total
: 515K->0K(960K), 0.0008723 secs] 5232K->4717K(10176K), 0.0010109 secs] [Times: user=0.00 sys=0.00, real=0.00 secs] 
2019-01-02T11:14:11.229+0530: 919.128: [GC (Allocation Failure) 2019-01-02T11:14:11.229+0530: 919.128: [DefNew
Desired survivor size 32768 bytes, new threshold 15 (max 15)
- age   2:         24 bytes,         24 total
- age   5:        184 bytes,        208 total
- age  11:         16 bytes,        224 total
: 517K->0K(960K), 0.0003307 secs] 5233K->5233K(10176K), 0.0004037 secs] [Times: user=0.00 sys=0.00, real=0.00 secs] 
2019-01-02T11:14:11.229+0530: 919.129: [GC (Allocation Failure) 2019-01-02T11:14:11.229+0530: 919.129: [DefNew
Desired survivor size 32768 bytes, new threshold 15 (max 15)
- age   1:         24 bytes,         24 total
- age   6:         72 bytes,         96 total
- age  12:         16 bytes,        112 total
: 534K->0K(960K), 0.0004493 secs] 5768K->5750K(10176K), 0.0005479 secs] [Times: user=0.00 sys=0.00, real=0.00 secs] 
2019-01-02T11:14:11.288+0530: 919.187: [GC (Allocation Failure) 2019-01-02T11:14:11.288+0530: 919.187: [DefNew
Desired survivor size 32768 bytes, new threshold 15 (max 15)
- age   1:        248 bytes,        248 total
- age   7:         16 bytes,        264 total
- age  13:         16 bytes,        280 total
: 888K->0K(960K), 0.0008467 secs] 6639K->5823K(10176K), 0.0012082 secs] [Times: user=0.02 sys=0.00, real=0.00 secs] 
2019-01-02T11:14:11.291+0530: 919.190: [GC (Allocation Failure) 2019-01-02T11:14:11.291+0530: 919.190: [DefNew
Desired survivor size 32768 bytes, new threshold 15 (max 15)
- age   2:        184 bytes,        184 total
- age   8:         16 bytes,        200 total
- age  14:         16 bytes,        216 total
: 896K->0K(960K), 0.0010976 secs] 6719K->6110K(10176K), 0.0013416 secs] [Times: user=0.00 sys=0.00, real=0.00 secs] 
2019-01-02T11:14:11.294+0530: 919.193: [GC (Allocation Failure) 2019-01-02T11:14:11.294+0530: 919.193: [DefNew
Desired survivor size 32768 bytes, new threshold 15 (max 15)
- age   3:        184 bytes,        184 total
- age   9:         16 bytes,        200 total
- age  15:         16 bytes,        216 total
: 896K->0K(960K), 0.0011677 secs] 7006K->6686K(10176K), 0.0013068 secs] [Times: user=0.00 sys=0.00, real=0.00 secs] 
2019-01-02T11:14:11.296+0530: 919.195: [GC (Allocation Failure) 2019-01-02T11:14:11.296+0530: 919.195: [DefNew
Desired survivor size 32768 bytes, new threshold 15 (max 15)
- age   1:         24 bytes,         24 total
- age   4:        184 bytes,        208 total
- age  10:         16 bytes,        224 total
: 515K->0K(960K), 0.0002372 secs] 7202K->6687K(10176K), 0.0002999 secs] [Times: user=0.00 sys=0.00, real=0.00 secs] 
2019-01-02T11:14:11.297+0530: 919.196: [GC (Allocation Failure) 2019-01-02T11:14:11.297+0530: 919.196: [DefNew
Desired survivor size 32768 bytes, new threshold 15 (max 15)
- age   2:         24 bytes,         24 total
- age   5:        184 bytes,        208 total
- age  11:         16 bytes,        224 total
: 517K->0K(960K), 0.0003016 secs] 7203K->7203K(10176K), 0.0003558 secs] [Times: user=0.00 sys=0.00, real=0.00 secs] 
2019-01-02T11:14:11.297+0530: 919.197: [GC (Allocation Failure) 2019-01-02T11:14:11.297+0530: 919.197: [DefNew
Desired survivor size 32768 bytes, new threshold 15 (max 15)
- age   1:         24 bytes,         24 total
- age   6:         72 bytes,         96 total
- age  12:         16 bytes,        112 total
: 534K->0K(960K), 0.0003045 secs] 7738K->7720K(10176K), 0.0003598 secs] [Times: user=0.00 sys=0.00, real=0.00 secs] 
2019-01-02T11:14:11.355+0530: 919.255: [GC (Allocation Failure) 2019-01-02T11:14:11.355+0530: 919.255: [DefNew
Desired survivor size 32768 bytes, new threshold 15 (max 15)
- age   1:        248 bytes,        248 total
- age   7:         16 bytes,        264 total
- age  13:         16 bytes,        280 total
: 888K->0K(960K), 0.0004835 secs] 8609K->7792K(10176K), 0.0007401 secs] [Times: user=0.00 sys=0.00, real=0.00 secs] 
2019-01-02T11:14:11.357+0530: 919.257: [GC (Allocation Failure) 2019-01-02T11:14:11.357+0530: 919.257: [DefNew
Desired survivor size 32768 bytes, new threshold 15 (max 15)
- age   2:        184 bytes,        184 total
- age   8:         16 bytes,        200 total
- age  14:         16 bytes,        216 total
: 896K->0K(960K), 0.0005981 secs] 8688K->8080K(10176K), 0.0007059 secs] [Times: user=0.00 sys=0.00, real=0.00 secs] 
2019-01-02T11:14:11.359+0530: 919.259: [GC (Allocation Failure) 2019-01-02T11:14:11.360+0530: 919.259: [DefNew
Desired survivor size 32768 bytes, new threshold 15 (max 15)
- age   3:        184 bytes,        184 total
- age   9:         16 bytes,        200 total
- age  15:         16 bytes,        216 total
: 896K->0K(960K), 0.0010998 secs] 8976K->8656K(10176K), 0.0014254 secs] [Times: user=0.00 sys=0.00, real=0.00 secs] 
2019-01-02T11:14:11.362+0530: 919.262: [GC (Allocation Failure) 2019-01-02T11:14:11.362+0530: 919.262: [DefNew
Desired survivor size 32768 bytes, new threshold 15 (max 15)
- age   1:         24 bytes,         24 total
- age   4:        184 bytes,        208 total
- age  10:         16 bytes,        224 total
: 515K->0K(960K), 0.0008096 secs] 9172K->8656K(10176K), 0.0009482 secs] [Times: user=0.00 sys=0.00, real=0.00 secs] 
2019-01-02T11:14:11.364+0530: 919.263: [GC (Allocation Failure) 2019-01-02T11:14:11.364+0530: 919.263: [DefNew
Desired survivor size 32768 bytes, new threshold 15 (max 15)
- age   2:         24 bytes,         24 total
- age   5:        184 bytes,        208 total
- age  11:         16 bytes,        224 total
: 517K->0K(960K), 0.0003404 secs] 9173K->9173K(10176K), 0.0003985 secs] [Times: user=0.00 sys=0.00, real=0.00 secs] 
2019-01-02T11:14:11.364+0530: 919.264: [GC (Allocation Failure) 2019-01-02T11:14:11.365+0530: 919.264: [DefNew: 534K->534K(960K), 0.0000245 secs]2019-01-02T11:14:11.365+0530: 919.264: [Tenured: 9173K->1294K(9216K), 0.0037505 secs] 9708K->1294K(10176K), [Metaspace: 2520K->2520K(1056768K)], 0.0038839 secs] [Times: user=0.02 sys=0.00, real=0.00 secs] 
2019-01-02T11:14:11.425+0530: 919.325: [GC (Allocation Failure) 2019-01-02T11:14:11.426+0530: 919.325: [DefNew
Desired survivor size 32768 bytes, new threshold 15 (max 15)
- age   1:        248 bytes,        248 total
: 888K->0K(960K), 0.0011962 secs] 2182K->1883K(10176K), 0.0014471 secs] [Times: user=0.00 sys=0.00, real=0.00 secs] 
2019-01-02T11:14:11.429+0530: 919.328: [GC (Allocation Failure) 2019-01-02T11:14:11.429+0530: 919.328: [DefNew
Desired survivor size 32768 bytes, new threshold 15 (max 15)
- age   2:        184 bytes,        184 total
: 896K->0K(960K), 0.0011158 secs] 2779K->2171K(10176K), 0.0013045 secs] [Times: user=0.01 sys=0.00, real=0.00 secs] 
2019-01-02T11:14:11.432+0530: 919.331: [GC (Allocation Failure) 2019-01-02T11:14:11.432+0530: 919.331: [DefNew
Desired survivor size 32768 bytes, new threshold 15 (max 15)
- age   3:        184 bytes,        184 total
: 896K->0K(960K), 0.0010434 secs] 3067K->2747K(10176K), 0.0011945 secs] [Times: user=0.00 sys=0.00, real=0.00 secs] 
2019-01-02T11:14:11.434+0530: 919.334: [GC (Allocation Failure) 2019-01-02T11:14:11.434+0530: 919.334: [DefNew
Desired survivor size 32768 bytes, new threshold 15 (max 15)
- age   1:         24 bytes,         24 total
- age   4:        184 bytes,        208 total
: 515K->0K(960K), 0.0002503 secs] 3262K->2747K(10176K), 0.0003142 secs] [Times: user=0.00 sys=0.00, real=0.00 secs] 
2019-01-02T11:14:11.435+0530: 919.334: [GC (Allocation Failure) 2019-01-02T11:14:11.435+0530: 919.334: [DefNew
Desired survivor size 32768 bytes, new threshold 15 (max 15)
- age   2:         24 bytes,         24 total
- age   5:        184 bytes,        208 total
: 517K->0K(960K), 0.0003444 secs] 3264K->3264K(10176K), 0.0004185 secs] [Times: user=0.00 sys=0.00, real=0.00 secs] 
2019-01-02T11:14:11.436+0530: 919.335: [GC (Allocation Failure) 2019-01-02T11:14:11.436+0530: 919.335: [DefNew
Desired survivor size 32768 bytes, new threshold 15 (max 15)
- age   1:         24 bytes,         24 total
- age   6:         72 bytes,         96 total
: 534K->0K(960K), 0.0006768 secs] 3799K->3781K(10176K), 0.0008193 secs] [Times: user=0.00 sys=0.00, real=0.00 secs] 
2019-01-02T11:14:11.500+0530: 919.399: [GC (Allocation Failure) 2019-01-02T11:14:11.500+0530: 919.400: [DefNew
Desired survivor size 32768 bytes, new threshold 15 (max 15)
- age   1:        248 bytes,        248 total
- age   7:         16 bytes,        264 total
: 888K->0K(960K), 0.0011842 secs] 4669K->3853K(10176K), 0.0014847 secs] [Times: user=0.00 sys=0.00, real=0.00 secs] 
2019-01-02T11:14:11.503+0530: 919.403: [GC (Allocation Failure) 2019-01-02T11:14:11.503+0530: 919.403: [DefNew
Desired survivor size 32768 bytes, new threshold 15 (max 15)
- age   2:        184 bytes,        184 total
- age   8:         16 bytes,        200 total
: 896K->0K(960K), 0.0013878 secs] 4749K->4141K(10176K), 0.0016329 secs] [Times: user=0.00 sys=0.00, real=0.00 secs] 
2019-01-02T11:14:11.507+0530: 919.406: [GC (Allocation Failure) 2019-01-02T11:14:11.507+0530: 919.406: [DefNew
Desired survivor size 32768 bytes, new threshold 15 (max 15)
- age   3:        184 bytes,        184 total
- age   9:         16 bytes,        200 total
: 896K->0K(960K), 0.0007691 secs] 5037K->4717K(10176K), 0.0010605 secs] [Times: user=0.02 sys=0.00, real=0.00 secs] 
2019-01-02T11:14:11.509+0530: 919.409: [GC (Allocation Failure) 2019-01-02T11:14:11.509+0530: 919.409: [DefNew
Desired survivor size 32768 bytes, new threshold 15 (max 15)
- age   1:         24 bytes,         24 total
- age   4:        184 bytes,        208 total
- age  10:         16 bytes,        224 total
: 515K->0K(960K), 0.0009590 secs] 5232K->4717K(10176K), 0.0011802 secs] [Times: user=0.00 sys=0.00, real=0.00 secs] 
2019-01-02T11:14:11.512+0530: 919.411: [GC (Allocation Failure) 2019-01-02T11:14:11.512+0530: 919.411: [DefNew
Desired survivor size 32768 bytes, new threshold 15 (max 15)
- age   2:         24 bytes,         24 total
- age   5:        184 bytes,        208 total
- age  11:         16 bytes,        224 total
: 517K->0K(960K), 0.0003763 secs] 5234K->5234K(10176K), 0.0004618 secs] [Times: user=0.00 sys=0.00, real=0.00 secs] 
2019-01-02T11:14:11.513+0530: 919.412: [GC (Allocation Failure) 2019-01-02T11:14:11.513+0530: 919.412: [DefNew
Desired survivor size 32768 bytes, new threshold 15 (max 15)
- age   1:         24 bytes,         24 total
- age   6:         72 bytes,         96 total
- age  12:         16 bytes,        112 total
: 534K->0K(960K), 0.0003278 secs] 5769K->5751K(10176K), 0.0004003 secs] [Times: user=0.00 sys=0.00, real=0.00 secs] 
2019-01-02T11:14:11.574+0530: 919.473: [GC (Allocation Failure) 2019-01-02T11:14:11.574+0530: 919.474: [DefNew
Desired survivor size 32768 bytes, new threshold 15 (max 15)
- age   1:        248 bytes,        248 total
- age   7:         16 bytes,        264 total
- age  13:         16 bytes,        280 total
: 888K->0K(960K), 0.0008900 secs] 6639K->5823K(10176K), 0.0011665 secs] [Times: user=0.00 sys=0.00, real=0.00 secs] 
2019-01-02T11:14:11.577+0530: 919.476: [GC (Allocation Failure) 2019-01-02T11:14:11.577+0530: 919.476: [DefNew
Desired survivor size 32768 bytes, new threshold 15 (max 15)
- age   2:        184 bytes,        184 total
- age   8:         16 bytes,        200 total
- age  14:         16 bytes,        216 total
: 896K->0K(960K), 0.0006722 secs] 6719K->6111K(10176K), 0.0008210 secs] [Times: user=0.00 sys=0.00, real=0.00 secs] 
2019-01-02T11:14:11.579+0530: 919.478: [GC (Allocation Failure) 2019-01-02T11:14:11.579+0530: 919.478: [DefNew
Desired survivor size 32768 bytes, new threshold 15 (max 15)
- age   3:        184 bytes,        184 total
- age   9:         16 bytes,        200 total
- age  15:         16 bytes,        216 total
: 896K->0K(960K), 0.0012002 secs] 7007K->6687K(10176K), 0.0014277 secs] [Times: user=0.00 sys=0.00, real=0.00 secs] 
2019-01-02T11:14:11.582+0530: 919.481: [GC (Allocation Failure) 2019-01-02T11:14:11.582+0530: 919.481: [DefNew
Desired survivor size 32768 bytes, new threshold 15 (max 15)
- age   1:         24 bytes,         24 total
- age   4:        184 bytes,        208 total
- age  10:         16 bytes,        224 total
: 515K->0K(960K), 0.0003301 secs] 7203K->6687K(10176K), 0.0004584 secs] [Times: user=0.00 sys=0.00, real=0.00 secs] 
2019-01-02T11:14:11.583+0530: 919.482: [GC (Allocation Failure) 2019-01-02T11:14:11.583+0530: 919.482: [DefNew
Desired survivor size 32768 bytes, new threshold 15 (max 15)
- age   2:         24 bytes,         24 total
- age   5:        184 bytes,        208 total
- age  11:         16 bytes,        224 total
: 517K->0K(960K), 0.0003210 secs] 7204K->7204K(10176K), 0.0003729 secs] [Times: user=0.00 sys=0.00, real=0.00 secs] 
2019-01-02T11:14:11.583+0530: 919.483: [GC (Allocation Failure) 2019-01-02T11:14:11.583+0530: 919.483: [DefNew
Desired survivor size 32768 bytes, new threshold 15 (max 15)
- age   1:         24 bytes,         24 total
- age   6:         72 bytes,         96 total
- age  12:         16 bytes,        112 total
: 534K->0K(960K), 0.0003056 secs] 7739K->7721K(10176K), 0.0003563 secs] [Times: user=0.00 sys=0.00, real=0.00 secs] 
2019-01-02T11:14:11.649+0530: 919.548: [GC (Allocation Failure) 2019-01-02T11:14:11.649+0530: 919.548: [DefNew
Desired survivor size 32768 bytes, new threshold 15 (max 15)
- age   1:        248 bytes,        248 total
- age   7:         16 bytes,        264 total
- age  13:         16 bytes,        280 total
: 888K->0K(960K), 0.0012874 secs] 8609K->7793K(10176K), 0.0015736 secs] [Times: user=0.00 sys=0.00, real=0.00 secs] 
2019-01-02T11:14:11.652+0530: 919.551: [GC (Allocation Failure) 2019-01-02T11:14:11.652+0530: 919.551: [DefNew
Desired survivor size 32768 bytes, new threshold 15 (max 15)
- age   2:        184 bytes,        184 total
- age   8:         16 bytes,        200 total
- age  14:         16 bytes,        216 total
: 896K->0K(960K), 0.0003415 secs] 8689K->8081K(10176K), 0.0004402 secs] [Times: user=0.00 sys=0.00, real=0.00 secs] 
2019-01-02T11:14:11.653+0530: 919.553: [GC (Allocation Failure) 2019-01-02T11:14:11.653+0530: 919.553: [DefNew
Desired survivor size 32768 bytes, new threshold 15 (max 15)
- age   3:        184 bytes,        184 total
- age   9:         16 bytes,        200 total
- age  15:         16 bytes,        216 total
: 896K->0K(960K), 0.0004385 secs] 8977K->8657K(10176K), 0.0005439 secs] [Times: user=0.00 sys=0.00, real=0.00 secs] 
2019-01-02T11:14:11.655+0530: 919.555: [GC (Allocation Failure) 2019-01-02T11:14:11.655+0530: 919.555: [DefNew
Desired survivor size 32768 bytes, new threshold 15 (max 15)
- age   1:         24 bytes,         24 total
- age   4:        184 bytes,        208 total
- age  10:         16 bytes,        224 total
: 515K->0K(960K), 0.0006990 secs] 9173K->8657K(10176K), 0.0008199 secs] [Times: user=0.00 sys=0.00, real=0.00 secs] 
2019-01-02T11:14:11.657+0530: 919.556: [GC (Allocation Failure) 2019-01-02T11:14:11.657+0530: 919.556: [DefNew
Desired survivor size 32768 bytes, new threshold 15 (max 15)
- age   2:         24 bytes,         24 total
- age   5:        184 bytes,        208 total
- age  11:         16 bytes,        224 total
: 517K->0K(960K), 0.0009499 secs] 9174K->9174K(10176K), 0.0011067 secs] [Times: user=0.00 sys=0.00, real=0.00 secs] 
2019-01-02T11:14:11.658+0530: 919.558: [GC (Allocation Failure) 2019-01-02T11:14:11.659+0530: 919.558: [DefNew: 534K->534K(960K), 0.0000342 secs]2019-01-02T11:14:11.659+0530: 919.558: [Tenured: 9174K->1294K(9216K), 0.0049615 secs] 9709K->1294K(10176K), [Metaspace: 2520K->2520K(1056768K)], 0.0051138 secs] [Times: user=0.01 sys=0.00, real=0.01 secs] 
2019-01-02T11:14:11.733+0530: 919.632: [GC (Allocation Failure) 2019-01-02T11:14:11.733+0530: 919.632: [DefNew
Desired survivor size 32768 bytes, new threshold 15 (max 15)
- age   1:        248 bytes,        248 total
: 888K->0K(960K), 0.0018051 secs] 2182K->1883K(10176K), 0.0020047 secs] [Times: user=0.00 sys=0.00, real=0.00 secs] 
2019-01-02T11:14:11.737+0530: 919.636: [GC (Allocation Failure) 2019-01-02T11:14:11.737+0530: 919.636: [DefNew
Desired survivor size 32768 bytes, new threshold 15 (max 15)
- age   2:        184 bytes,        184 total
: 896K->0K(960K), 0.0003284 secs] 2779K->2171K(10176K), 0.0004225 secs] [Times: user=0.00 sys=0.00, real=0.00 secs] 
2019-01-02T11:14:11.739+0530: 919.639: [GC (Allocation Failure) 2019-01-02T11:14:11.739+0530: 919.639: [DefNew
Desired survivor size 32768 bytes, new threshold 15 (max 15)
- age   3:        184 bytes,        184 total
: 896K->0K(960K), 0.0005274 secs] 3067K->2747K(10176K), 0.0006545 secs] [Times: user=0.00 sys=0.00, real=0.00 secs] 
2019-01-02T11:14:11.741+0530: 919.641: [GC (Allocation Failure) 2019-01-02T11:14:11.741+0530: 919.641: [DefNew
Desired survivor size 32768 bytes, new threshold 15 (max 15)
- age   1:         24 bytes,         24 total
- age   4:        184 bytes,        208 total
: 515K->0K(960K), 0.0005565 secs] 3263K->2747K(10176K), 0.0006506 secs] [Times: user=0.00 sys=0.00, real=0.00 secs] 
2019-01-02T11:14:11.743+0530: 919.642: [GC (Allocation Failure) 2019-01-02T11:14:11.743+0530: 919.642: [DefNew
Desired survivor size 32768 bytes, new threshold 15 (max 15)
- age   2:         24 bytes,         24 total
- age   5:        184 bytes,        208 total
: 517K->0K(960K), 0.0005468 secs] 3264K->3264K(10176K), 0.0006414 secs] [Times: user=0.00 sys=0.00, real=0.00 secs] 
2019-01-02T11:14:11.744+0530: 919.643: [GC (Allocation Failure) 2019-01-02T11:14:11.744+0530: 919.643: [DefNew
Desired survivor size 32768 bytes, new threshold 15 (max 15)
- age   1:         24 bytes,         24 total
- age   6:         72 bytes,         96 total
: 534K->0K(960K), 0.0003392 secs] 3799K->3781K(10176K), 0.0004162 secs] [Times: user=0.00 sys=0.00, real=0.00 secs] 
2019-01-02T11:14:11.801+0530: 919.701: [GC (Allocation Failure) 2019-01-02T11:14:11.801+0530: 919.701: [DefNew
Desired survivor size 32768 bytes, new threshold 15 (max 15)
- age   1:        248 bytes,        248 total
- age   7:         16 bytes,        264 total
: 888K->0K(960K), 0.0008798 secs] 4670K->3853K(10176K), 0.0011825 secs] [Times: user=0.00 sys=0.00, real=0.00 secs] 
2019-01-02T11:14:11.804+0530: 919.703: [GC (Allocation Failure) 2019-01-02T11:14:11.804+0530: 919.704: [DefNew
Desired survivor size 32768 bytes, new threshold 15 (max 15)
- age   2:        184 bytes,        184 total
- age   8:         16 bytes,        200 total
: 896K->0K(960K), 0.0014020 secs] 4749K->4141K(10176K), 0.0016518 secs] [Times: user=0.00 sys=0.00, real=0.00 secs] 
2019-01-02T11:14:11.808+0530: 919.707: [GC (Allocation Failure) 2019-01-02T11:14:11.808+0530: 919.707: [DefNew
Desired survivor size 32768 bytes, new threshold 15 (max 15)
- age   3:        184 bytes,        184 total
- age   9:         16 bytes,        200 total
: 896K->0K(960K), 0.0005873 secs] 5037K->4717K(10176K), 0.0006967 secs] [Times: user=0.00 sys=0.00, real=0.00 secs] 
2019-01-02T11:14:11.810+0530: 919.709: [GC (Allocation Failure) 2019-01-02T11:14:11.810+0530: 919.709: [DefNew
Desired survivor size 32768 bytes, new threshold 15 (max 15)
- age   1:         24 bytes,         24 total
- age   4:        184 bytes,        208 total
- age  10:         16 bytes,        224 total
: 515K->0K(960K), 0.0004208 secs] 5233K->4717K(10176K), 0.0005736 secs] [Times: user=0.00 sys=0.00, real=0.00 secs] 
2019-01-02T11:14:11.811+0530: 919.710: [GC (Allocation Failure) 2019-01-02T11:14:11.811+0530: 919.710: [DefNew
Desired survivor size 32768 bytes, new threshold 15 (max 15)
- age   2:         24 bytes,         24 total
- age   5:        184 bytes,        208 total
- age  11:         16 bytes,        224 total
: 517K->0K(960K), 0.0003313 secs] 5234K->5234K(10176K), 0.0004088 secs] [Times: user=0.00 sys=0.00, real=0.00 secs] 
2019-01-02T11:14:11.812+0530: 919.711: [GC (Allocation Failure) 2019-01-02T11:14:11.812+0530: 919.711: [DefNew
Desired survivor size 32768 bytes, new threshold 15 (max 15)
- age   1:         24 bytes,         24 total
- age   6:         72 bytes,         96 total
- age  12:         16 bytes,        112 total
: 534K->0K(960K), 0.0003911 secs] 5769K->5751K(10176K), 0.0004618 secs] [Times: user=0.00 sys=0.00, real=0.00 secs] 
2019-01-02T11:14:11.869+0530: 919.768: [GC (Allocation Failure) 2019-01-02T11:14:11.869+0530: 919.769: [DefNew
Desired survivor size 32768 bytes, new threshold 15 (max 15)
- age   1:        248 bytes,        248 total
- age   7:         16 bytes,        264 total
- age  13:         16 bytes,        280 total
: 888K->0K(960K), 0.0008666 secs] 6640K->5824K(10176K), 0.0011620 secs] [Times: user=0.00 sys=0.00, real=0.00 secs] 
2019-01-02T11:14:11.873+0530: 919.772: [GC (Allocation Failure) 2019-01-02T11:14:11.873+0530: 919.772: [DefNew
Desired survivor size 32768 bytes, new threshold 15 (max 15)
- age   2:        184 bytes,        184 total
- age   8:         16 bytes,        200 total
- age  14:         16 bytes,        216 total
: 896K->0K(960K), 0.0008672 secs] 6720K->6112K(10176K), 0.0011614 secs] [Times: user=0.00 sys=0.00, real=0.00 secs] 
2019-01-02T11:14:11.875+0530: 919.775: [GC (Allocation Failure) 2019-01-02T11:14:11.876+0530: 919.775: [DefNew
Desired survivor size 32768 bytes, new threshold 15 (max 15)
- age   3:        184 bytes,        184 total
- age   9:         16 bytes,        200 total
- age  15:         16 bytes,        216 total
: 896K->0K(960K), 0.0007110 secs] 7008K->6688K(10176K), 0.0008393 secs] [Times: user=0.00 sys=0.00, real=0.00 secs] 
2019-01-02T11:14:11.878+0530: 919.777: [GC (Allocation Failure) 2019-01-02T11:14:11.878+0530: 919.777: [DefNew
Desired survivor size 32768 bytes, new threshold 15 (max 15)
- age   1:         24 bytes,         24 total
- age   4:        184 bytes,        208 total
- age  10:         16 bytes,        224 total
: 515K->0K(960K), 0.0004938 secs] 7203K->6688K(10176K), 0.0005799 secs] [Times: user=0.00 sys=0.00, real=0.00 secs] 
2019-01-02T11:14:11.879+0530: 919.778: [GC (Allocation Failure) 2019-01-02T11:14:11.879+0530: 919.778: [DefNew
Desired survivor size 32768 bytes, new threshold 15 (max 15)
- age   2:         24 bytes,         24 total
- age   5:        184 bytes,        208 total
- age  11:         16 bytes,        224 total
: 517K->0K(960K), 0.0003387 secs] 7205K->7205K(10176K), 0.0004094 secs] [Times: user=0.00 sys=0.00, real=0.00 secs] 
2019-01-02T11:14:11.879+0530: 919.779: [GC (Allocation Failure) 2019-01-02T11:14:11.879+0530: 919.779: [DefNew
Desired survivor size 32768 bytes, new threshold 15 (max 15)
- age   1:         24 bytes,         24 total
- age   6:         72 bytes,         96 total
- age  12:         16 bytes,        112 total
: 534K->0K(960K), 0.0003187 secs] 7739K->7722K(10176K), 0.0003849 secs] [Times: user=0.00 sys=0.00, real=0.00 secs] 
2019-01-02T11:14:11.936+0530: 919.835: [GC (Allocation Failure) 2019-01-02T11:14:11.936+0530: 919.836: [DefNew
Desired survivor size 32768 bytes, new threshold 15 (max 15)
- age   1:        248 bytes,        248 total
- age   7:         16 bytes,        264 total
- age  13:         16 bytes,        280 total
: 888K->0K(960K), 0.0008085 secs] 8610K->7794K(10176K), 0.0011728 secs] [Times: user=0.00 sys=0.00, real=0.00 secs] 
2019-01-02T11:14:11.939+0530: 919.839: [GC (Allocation Failure) 2019-01-02T11:14:11.939+0530: 919.839: [DefNew
Desired survivor size 32768 bytes, new threshold 15 (max 15)
- age   2:        184 bytes,        184 total
- age   8:         16 bytes,        200 total
- age  14:         16 bytes,        216 total
: 896K->0K(960K), 0.0012629 secs] 8690K->8082K(10176K), 0.0015748 secs] [Times: user=0.00 sys=0.00, real=0.00 secs] 
2019-01-02T11:14:11.943+0530: 919.842: [GC (Allocation Failure) 2019-01-02T11:14:11.943+0530: 919.842: [DefNew
Desired survivor size 32768 bytes, new threshold 15 (max 15)
- age   3:        184 bytes,        184 total
- age   9:         16 bytes,        200 total
- age  15:         16 bytes,        216 total
: 896K->0K(960K), 0.0008906 secs] 8978K->8658K(10176K), 0.0010343 secs] [Times: user=0.02 sys=0.00, real=0.00 secs] 
2019-01-02T11:14:11.945+0530: 919.845: [GC (Allocation Failure) 2019-01-02T11:14:11.945+0530: 919.845: [DefNew
Desired survivor size 32768 bytes, new threshold 15 (max 15)
- age   1:         24 bytes,         24 total
- age   4:        184 bytes,        208 total
- age  10:         16 bytes,        224 total
: 515K->0K(960K), 0.0003210 secs] 9173K->8658K(10176K), 0.0004533 secs] [Times: user=0.00 sys=0.00, real=0.00 secs] 
2019-01-02T11:14:11.946+0530: 919.846: [GC (Allocation Failure) 2019-01-02T11:14:11.946+0530: 919.846: [DefNew
Desired survivor size 32768 bytes, new threshold 15 (max 15)
- age   2:         24 bytes,         24 total
- age   5:        184 bytes,        208 total
- age  11:         16 bytes,        224 total
: 517K->0K(960K), 0.0003324 secs] 9175K->9175K(10176K), 0.0004048 secs] [Times: user=0.00 sys=0.00, real=0.00 secs] 
2019-01-02T11:14:11.947+0530: 919.846: [GC (Allocation Failure) 2019-01-02T11:14:11.947+0530: 919.846: [DefNew: 534K->534K(960K), 0.0000279 secs]2019-01-02T11:14:11.947+0530: 919.846: [Tenured: 9175K->1294K(9216K), 0.0038132 secs] 9710K->1294K(10176K), [Metaspace: 2520K->2520K(1056768K)], 0.0039643 secs] [Times: user=0.00 sys=0.00, real=0.00 secs] 
2019-01-02T11:14:12.014+0530: 919.914: [GC (Allocation Failure) 2019-01-02T11:14:12.014+0530: 919.914: [DefNew
Desired survivor size 32768 bytes, new threshold 15 (max 15)
- age   1:        248 bytes,        248 total
: 888K->0K(960K), 0.0014146 secs] 2183K->1883K(10176K), 0.0016677 secs] [Times: user=0.00 sys=0.00, real=0.00 secs] 
2019-01-02T11:14:12.017+0530: 919.917: [GC (Allocation Failure) 2019-01-02T11:14:12.018+0530: 919.917: [DefNew
Desired survivor size 32768 bytes, new threshold 15 (max 15)
- age   2:        184 bytes,        184 total
: 896K->0K(960K), 0.0009613 secs] 2779K->2171K(10176K), 0.0011517 secs] [Times: user=0.00 sys=0.00, real=0.00 secs] 
2019-01-02T11:14:12.020+0530: 919.919: [GC (Allocation Failure) 2019-01-02T11:14:12.020+0530: 919.920: [DefNew
Desired survivor size 32768 bytes, new threshold 15 (max 15)
- age   3:        184 bytes,        184 total
: 896K->0K(960K), 0.0009282 secs] 3067K->2747K(10176K), 0.0011443 secs] [Times: user=0.00 sys=0.00, real=0.00 secs] 
2019-01-02T11:14:12.022+0530: 919.922: [GC (Allocation Failure) 2019-01-02T11:14:12.022+0530: 919.922: [DefNew
Desired survivor size 32768 bytes, new threshold 15 (max 15)
- age   1:         24 bytes,         24 total
- age   4:        184 bytes,        208 total
: 515K->0K(960K), 0.0002646 secs] 3263K->2747K(10176K), 0.0003461 secs] [Times: user=0.00 sys=0.00, real=0.00 secs] 
2019-01-02T11:14:12.023+0530: 919.923: [GC (Allocation Failure) 2019-01-02T11:14:12.023+0530: 919.923: [DefNew
Desired survivor size 32768 bytes, new threshold 15 (max 15)
- age   2:         24 bytes,         24 total
- age   5:        184 bytes,        208 total
: 517K->0K(960K), 0.0006409 secs] 3265K->3265K(10176K), 0.0008284 secs] [Times: user=0.00 sys=0.00, real=0.00 secs] 
2019-01-02T11:14:12.025+0530: 919.924: [GC (Allocation Failure) 2019-01-02T11:14:12.025+0530: 919.924: [DefNew
Desired survivor size 32768 bytes, new threshold 15 (max 15)
- age   1:         24 bytes,         24 total
- age   6:         72 bytes,         96 total
: 535K->0K(960K), 0.0006682 secs] 3799K->3782K(10176K), 0.0007777 secs] [Times: user=0.00 sys=0.00, real=0.00 secs] 
2019-01-02T11:14:12.093+0530: 919.993: [GC (Allocation Failure) 2019-01-02T11:14:12.093+0530: 919.993: [DefNew
Desired survivor size 32768 bytes, new threshold 15 (max 15)
- age   1:        248 bytes,        248 total
- age   7:         16 bytes,        264 total
: 888K->0K(960K), 0.0016403 secs] 4670K->3854K(10176K), 0.0018787 secs] [Times: user=0.00 sys=0.00, real=0.00 secs] 
2019-01-02T11:14:12.096+0530: 919.996: [GC (Allocation Failure) 2019-01-02T11:14:12.096+0530: 919.996: [DefNew
Desired survivor size 32768 bytes, new threshold 15 (max 15)
- age   2:        184 bytes,        184 total
- age   8:         16 bytes,        200 total
: 896K->0K(960K), 0.0003067 secs] 4750K->4142K(10176K), 0.0003809 secs] [Times: user=0.00 sys=0.00, real=0.00 secs] 
2019-01-02T11:14:12.098+0530: 919.997: [GC (Allocation Failure) 2019-01-02T11:14:12.098+0530: 919.997: [DefNew
Desired survivor size 32768 bytes, new threshold 15 (max 15)
- age   3:        184 bytes,        184 total
- age   9:         16 bytes,        200 total
: 896K->0K(960K), 0.0003261 secs] 5038K->4718K(10176K), 0.0003980 secs] [Times: user=0.00 sys=0.00, real=0.00 secs] 
2019-01-02T11:14:12.099+0530: 919.999: [GC (Allocation Failure) 2019-01-02T11:14:12.099+0530: 919.999: [DefNew
Desired survivor size 32768 bytes, new threshold 15 (max 15)
- age   1:         24 bytes,         24 total
- age   4:        184 bytes,        208 total
- age  10:         16 bytes,        224 total
: 515K->0K(960K), 0.0002281 secs] 5233K->4718K(10176K), 0.0003039 secs] [Times: user=0.00 sys=0.00, real=0.00 secs] 
2019-01-02T11:14:12.100+0530: 919.999: [GC (Allocation Failure) 2019-01-02T11:14:12.100+0530: 919.999: [DefNew
Desired survivor size 32768 bytes, new threshold 15 (max 15)
- age   2:         24 bytes,         24 total
- age   5:        184 bytes,        208 total
- age  11:         16 bytes,        224 total
: 517K->0K(960K), 0.0003398 secs] 5235K->5235K(10176K), 0.0004168 secs] [Times: user=0.00 sys=0.00, real=0.00 secs] 
2019-01-02T11:14:12.101+0530: 920.000: [GC (Allocation Failure) 2019-01-02T11:14:12.101+0530: 920.000: [DefNew
Desired survivor size 32768 bytes, new threshold 15 (max 15)
- age   1:         24 bytes,         24 total
- age   6:         72 bytes,         96 total
- age  12:         16 bytes,        112 total
: 535K->0K(960K), 0.0003432 secs] 5770K->5752K(10176K), 0.0004236 secs] [Times: user=0.00 sys=0.00, real=0.00 secs] 
2019-01-02T11:14:12.171+0530: 920.071: [GC (Allocation Failure) 2019-01-02T11:14:12.171+0530: 920.071: [DefNew
Desired survivor size 32768 bytes, new threshold 15 (max 15)
- age   1:        248 bytes,        248 total
- age   7:         16 bytes,        264 total
- age  13:         16 bytes,        280 total
: 888K->0K(960K), 0.0005599 secs] 6641K->5824K(10176K), 0.0007612 secs] [Times: user=0.00 sys=0.00, real=0.00 secs] 
2019-01-02T11:14:12.174+0530: 920.073: [GC (Allocation Failure) 2019-01-02T11:14:12.174+0530: 920.073: [DefNew
Desired survivor size 32768 bytes, new threshold 15 (max 15)
- age   2:        184 bytes,        184 total
- age   8:         16 bytes,        200 total
- age  14:         16 bytes,        216 total
: 896K->0K(960K), 0.0003381 secs] 6720K->6112K(10176K), 0.0004282 secs] [Times: user=0.00 sys=0.00, real=0.00 secs] 
2019-01-02T11:14:12.175+0530: 920.075: [GC (Allocation Failure) 2019-01-02T11:14:12.176+0530: 920.075: [DefNew
Desired survivor size 32768 bytes, new threshold 15 (max 15)
- age   3:        184 bytes,        184 total
- age   9:         16 bytes,        200 total
- age  15:         16 bytes,        216 total
: 896K->0K(960K), 0.0009601 secs] 7008K->6688K(10176K), 0.0011677 secs] [Times: user=0.00 sys=0.00, real=0.00 secs] 
2019-01-02T11:14:12.180+0530: 920.079: [GC (Allocation Failure) 2019-01-02T11:14:12.180+0530: 920.079: [DefNew
Desired survivor size 32768 bytes, new threshold 15 (max 15)
- age   1:         24 bytes,         24 total
- age   4:        184 bytes,        208 total
- age  10:         16 bytes,        224 total
: 515K->0K(960K), 0.0005080 secs] 7204K->6688K(10176K), 0.0007612 secs] [Times: user=0.00 sys=0.00, real=0.00 secs] 
2019-01-02T11:14:12.181+0530: 920.080: [GC (Allocation Failure) 2019-01-02T11:14:12.181+0530: 920.080: [DefNew
Desired survivor size 32768 bytes, new threshold 15 (max 15)
- age   2:         24 bytes,         24 total
- age   5:        184 bytes,        208 total
- age  11:         16 bytes,        224 total
: 517K->0K(960K), 0.0003763 secs] 7205K->7205K(10176K), 0.0004464 secs] [Times: user=0.00 sys=0.00, real=0.00 secs] 
2019-01-02T11:14:12.182+0530: 920.082: [GC (Allocation Failure) 2019-01-02T11:14:12.182+0530: 920.082: [DefNew
Desired survivor size 32768 bytes, new threshold 15 (max 15)
- age   1:         24 bytes,         24 total
- age   6:         72 bytes,         96 total
- age  12:         16 bytes,        112 total
: 535K->0K(960K), 0.0003792 secs] 7740K->7723K(10176K), 0.0004675 secs] [Times: user=0.00 sys=0.00, real=0.00 secs] 
2019-01-02T11:14:12.255+0530: 920.155: [GC (Allocation Failure) 2019-01-02T11:14:12.255+0530: 920.155: [DefNew
Desired survivor size 32768 bytes, new threshold 15 (max 15)
- age   1:        248 bytes,        248 total
- age   7:         16 bytes,        264 total
- age  13:         16 bytes,        280 total
: 888K->0K(960K), 0.0005639 secs] 8611K->7795K(10176K), 0.0008575 secs] [Times: user=0.02 sys=0.00, real=0.00 secs] 
2019-01-02T11:14:12.258+0530: 920.158: [GC (Allocation Failure) 2019-01-02T11:14:12.258+0530: 920.158: [DefNew
Desired survivor size 32768 bytes, new threshold 15 (max 15)
- age   2:        184 bytes,        184 total
- age   8:         16 bytes,        200 total
- age  14:         16 bytes,        216 total
: 896K->0K(960K), 0.0017316 secs] 8691K->8083K(10176K), 0.0022191 secs] [Times: user=0.00 sys=0.00, real=0.00 secs] 
2019-01-02T11:14:12.262+0530: 920.162: [GC (Allocation Failure) 2019-01-02T11:14:12.263+0530: 920.162: [DefNew
Desired survivor size 32768 bytes, new threshold 15 (max 15)
- age   3:        184 bytes,        184 total
- age   9:         16 bytes,        200 total
- age  15:         16 bytes,        216 total
: 896K->0K(960K), 0.0010383 secs] 8979K->8659K(10176K), 0.0013313 secs] [Times: user=0.00 sys=0.00, real=0.00 secs] 
2019-01-02T11:14:12.266+0530: 920.166: [GC (Allocation Failure) 2019-01-02T11:14:12.267+0530: 920.166: [DefNew
Desired survivor size 32768 bytes, new threshold 15 (max 15)
- age   1:         24 bytes,         24 total
- age   4:        184 bytes,        208 total
- age  10:         16 bytes,        224 total
: 515K->0K(960K), 0.0010234 secs] 9174K->8659K(10176K), 0.0013804 secs] [Times: user=0.00 sys=0.00, real=0.00 secs] 
2019-01-02T11:14:12.268+0530: 920.168: [GC (Allocation Failure) 2019-01-02T11:14:12.268+0530: 920.168: [DefNew
Desired survivor size 32768 bytes, new threshold 15 (max 15)
- age   2:         24 bytes,         24 total
- age   5:        184 bytes,        208 total
- age  11:         16 bytes,        224 total
: 517K->0K(960K), 0.0004738 secs] 9176K->9176K(10176K), 0.0005690 secs] [Times: user=0.00 sys=0.00, real=0.00 secs] 
2019-01-02T11:14:12.270+0530: 920.169: [GC (Allocation Failure) 2019-01-02T11:14:12.270+0530: 920.169: [DefNew: 535K->535K(960K), 0.0000325 secs]2019-01-02T11:14:12.270+0530: 920.169: [Tenured: 9176K->1294K(9216K), 0.0038252 secs] 9711K->1294K(10176K), [Metaspace: 2520K->2520K(1056768K)], 0.0040099 secs] [Times: user=0.02 sys=0.00, real=0.00 secs] 
2019-01-02T11:14:12.341+0530: 920.240: [GC (Allocation Failure) 2019-01-02T11:14:12.341+0530: 920.241: [DefNew
Desired survivor size 32768 bytes, new threshold 15 (max 15)
- age   1:        248 bytes,        248 total
: 888K->0K(960K), 0.0014750 secs] 2183K->1884K(10176K), 0.0018348 secs] [Times: user=0.00 sys=0.00, real=0.00 secs] 
2019-01-02T11:14:12.345+0530: 920.245: [GC (Allocation Failure) 2019-01-02T11:14:12.345+0530: 920.245: [DefNew
Desired survivor size 32768 bytes, new threshold 15 (max 15)
- age   2:        184 bytes,        184 total
: 896K->0K(960K), 0.0008980 secs] 2780K->2172K(10176K), 0.0011842 secs] [Times: user=0.00 sys=0.00, real=0.00 secs] 
2019-01-02T11:14:12.348+0530: 920.247: [GC (Allocation Failure) 2019-01-02T11:14:12.348+0530: 920.248: [DefNew
Desired survivor size 32768 bytes, new threshold 15 (max 15)
- age   3:        184 bytes,        184 total
: 896K->0K(960K), 0.0013553 secs] 3068K->2748K(10176K), 0.0016985 secs] [Times: user=0.01 sys=0.00, real=0.00 secs] 
2019-01-02T11:14:12.352+0530: 920.251: [GC (Allocation Failure) 2019-01-02T11:14:12.352+0530: 920.251: [DefNew
Desired survivor size 32768 bytes, new threshold 15 (max 15)
- age   1:         24 bytes,         24 total
- age   4:        184 bytes,        208 total
: 515K->0K(960K), 0.0003632 secs] 3263K->2748K(10176K), 0.0004789 secs] [Times: user=0.00 sys=0.00, real=0.00 secs] 
2019-01-02T11:14:12.353+0530: 920.252: [GC (Allocation Failure) 2019-01-02T11:14:12.353+0530: 920.252: [DefNew
Desired survivor size 32768 bytes, new threshold 15 (max 15)
- age   2:         24 bytes,         24 total
- age   5:        184 bytes,        208 total
: 517K->0K(960K), 0.0004675 secs] 3265K->3265K(10176K), 0.0005844 secs] [Times: user=0.00 sys=0.00, real=0.00 secs] 
2019-01-02T11:14:12.354+0530: 920.253: [GC (Allocation Failure) 2019-01-02T11:14:12.354+0530: 920.253: [DefNew
Desired survivor size 32768 bytes, new threshold 15 (max 15)
- age   1:         24 bytes,         24 total
- age   6:         72 bytes,         96 total
: 535K->0K(960K), 0.0002993 secs] 3800K->3782K(10176K), 0.0003506 secs] [Times: user=0.00 sys=0.00, real=0.00 secs] 
2019-01-02T11:14:12.423+0530: 920.323: [GC (Allocation Failure) 2019-01-02T11:14:12.424+0530: 920.323: [DefNew
Desired survivor size 32768 bytes, new threshold 15 (max 15)
- age   1:        248 bytes,        248 total
- age   7:         16 bytes,        264 total
: 888K->0K(960K), 0.0007458 secs] 4671K->3854K(10176K), 0.0009926 secs] [Times: user=0.00 sys=0.00, real=0.00 secs] 
2019-01-02T11:14:12.428+0530: 920.327: [GC (Allocation Failure) 2019-01-02T11:14:12.428+0530: 920.327: [DefNew
Desired survivor size 32768 bytes, new threshold 15 (max 15)
- age   2:        184 bytes,        184 total
- age   8:         16 bytes,        200 total
: 896K->0K(960K), 0.0009026 secs] 4750K->4142K(10176K), 0.0012829 secs] [Times: user=0.00 sys=0.00, real=0.00 secs] 
2019-01-02T11:14:12.431+0530: 920.330: [GC (Allocation Failure) 2019-01-02T11:14:12.431+0530: 920.330: [DefNew
Desired survivor size 32768 bytes, new threshold 15 (max 15)
- age   3:        184 bytes,        184 total
- age   9:         16 bytes,        200 total
: 896K->0K(960K), 0.0012943 secs] 5038K->4718K(10176K), 0.0015890 secs] [Times: user=0.00 sys=0.00, real=0.00 secs] 
2019-01-02T11:14:12.434+0530: 920.334: [GC (Allocation Failure) 2019-01-02T11:14:12.435+0530: 920.334: [DefNew
Desired survivor size 32768 bytes, new threshold 15 (max 15)
- age   1:         24 bytes,         24 total
- age   4:        184 bytes,        208 total
- age  10:         16 bytes,        224 total
: 515K->0K(960K), 0.0009989 secs] 5234K->4718K(10176K), 0.0013678 secs] [Times: user=0.00 sys=0.00, real=0.00 secs] 
2019-01-02T11:14:12.436+0530: 920.336: [GC (Allocation Failure) 2019-01-02T11:14:12.436+0530: 920.336: [DefNew
Desired survivor size 32768 bytes, new threshold 15 (max 15)
- age   2:         24 bytes,         24 total
- age   5:        184 bytes,        208 total
- age  11:         16 bytes,        224 total
: 517K->0K(960K), 0.0004099 secs] 5235K->5235K(10176K), 0.0004949 secs] [Times: user=0.00 sys=0.00, real=0.00 secs] 
2019-01-02T11:14:12.437+0530: 920.337: [GC (Allocation Failure) 2019-01-02T11:14:12.437+0530: 920.337: [DefNew
Desired survivor size 32768 bytes, new threshold 15 (max 15)
- age   1:         24 bytes,         24 total
- age   6:         72 bytes,         96 total
- age  12:         16 bytes,        112 total
: 535K->0K(960K), 0.0003335 secs] 5770K->5753K(10176K), 0.0003934 secs] [Times: user=0.00 sys=0.00, real=0.00 secs] 
2019-01-02T11:14:12.513+0530: 920.412: [GC (Allocation Failure) 2019-01-02T11:14:12.513+0530: 920.413: [DefNew
Desired survivor size 32768 bytes, new threshold 15 (max 15)
- age   1:        248 bytes,        248 total
- age   7:         16 bytes,        264 total
- age  13:         16 bytes,        280 total
: 888K->0K(960K), 0.0009162 secs] 6641K->5825K(10176K), 0.0013017 secs] [Times: user=0.00 sys=0.00, real=0.00 secs] 
2019-01-02T11:14:12.517+0530: 920.416: [GC (Allocation Failure) 2019-01-02T11:14:12.517+0530: 920.416: [DefNew
Desired survivor size 32768 bytes, new threshold 15 (max 15)
- age   2:        184 bytes,        184 total
- age   8:         16 bytes,        200 total
- age  14:         16 bytes,        216 total
: 896K->0K(960K), 0.0013433 secs] 6721K->6113K(10176K), 0.0015811 secs] [Times: user=0.00 sys=0.00, real=0.00 secs] 
2019-01-02T11:14:12.520+0530: 920.420: [GC (Allocation Failure) 2019-01-02T11:14:12.520+0530: 920.420: [DefNew
Desired survivor size 32768 bytes, new threshold 15 (max 15)
- age   3:        184 bytes,        184 total
- age   9:         16 bytes,        200 total
- age  15:         16 bytes,        216 total
: 896K->0K(960K), 0.0006380 secs] 7009K->6689K(10176K), 0.0008826 secs] [Times: user=0.00 sys=0.02, real=0.00 secs] 
2019-01-02T11:14:12.523+0530: 920.423: [GC (Allocation Failure) 2019-01-02T11:14:12.523+0530: 920.423: [DefNew
Desired survivor size 32768 bytes, new threshold 15 (max 15)
- age   1:         24 bytes,         24 total
- age   4:        184 bytes,        208 total
- age  10:         16 bytes,        224 total
: 515K->0K(960K), 0.0003609 secs] 7204K->6689K(10176K), 0.0004806 secs] [Times: user=0.00 sys=0.00, real=0.00 secs] 
2019-01-02T11:14:12.524+0530: 920.424: [GC (Allocation Failure) 2019-01-02T11:14:12.524+0530: 920.424: [DefNew
Desired survivor size 32768 bytes, new threshold 15 (max 15)
- age   2:         24 bytes,         24 total
- age   5:        184 bytes,        208 total
- age  11:         16 bytes,        224 total
: 517K->0K(960K), 0.0004989 secs] 7206K->7206K(10176K), 0.0005975 secs] [Times: user=0.00 sys=0.00, real=0.00 secs] 
2019-01-02T11:14:12.526+0530: 920.425: [GC (Allocation Failure) 2019-01-02T11:14:12.526+0530: 920.425: [DefNew
Desired survivor size 32768 bytes, new threshold 15 (max 15)
- age   1:         24 bytes,         24 total
- age   6:         72 bytes,         96 total
- age  12:         16 bytes,        112 total
: 535K->0K(960K), 0.0013308 secs] 7741K->7723K(10176K), 0.0016358 secs] [Times: user=0.00 sys=0.00, real=0.00 secs] 
2019-01-02T11:14:12.616+0530: 920.515: [GC (Allocation Failure) 2019-01-02T11:14:12.616+0530: 920.516: [DefNew
Desired survivor size 32768 bytes, new threshold 15 (max 15)
- age   1:        248 bytes,        248 total
- age   7:         16 bytes,        264 total
- age  13:         16 bytes,        280 total
: 888K->0K(960K), 0.0006568 secs] 8612K->7795K(10176K), 0.0008130 secs] [Times: user=0.00 sys=0.00, real=0.00 secs] 
2019-01-02T11:14:12.619+0530: 920.519: [GC (Allocation Failure) 2019-01-02T11:14:12.619+0530: 920.519: [DefNew
Desired survivor size 32768 bytes, new threshold 15 (max 15)
- age   2:        184 bytes,        184 total
- age   8:         16 bytes,        200 total
- age  14:         16 bytes,        216 total
: 896K->0K(960K), 0.0009054 secs] 8691K->8083K(10176K), 0.0010987 secs] [Times: user=0.00 sys=0.00, real=0.00 secs] 
2019-01-02T11:14:12.623+0530: 920.522: [GC (Allocation Failure) 2019-01-02T11:14:12.623+0530: 920.522: [DefNew
Desired survivor size 32768 bytes, new threshold 15 (max 15)
- age   3:        184 bytes,        184 total
- age   9:         16 bytes,        200 total
- age  15:         16 bytes,        216 total
: 896K->0K(960K), 0.0008016 secs] 8979K->8659K(10176K), 0.0009698 secs] [Times: user=0.00 sys=0.00, real=0.00 secs] 
2019-01-02T11:14:12.625+0530: 920.524: [GC (Allocation Failure) 2019-01-02T11:14:12.625+0530: 920.524: [DefNew
Desired survivor size 32768 bytes, new threshold 15 (max 15)
- age   1:         24 bytes,         24 total
- age   4:        184 bytes,        208 total
- age  10:         16 bytes,        224 total
: 515K->0K(960K), 0.0003324 secs] 9175K->8659K(10176K), 0.0004379 secs] [Times: user=0.00 sys=0.00, real=0.00 secs] 
2019-01-02T11:14:12.626+0530: 920.526: [GC (Allocation Failure) 2019-01-02T11:14:12.626+0530: 920.526: [DefNew
Desired survivor size 32768 bytes, new threshold 15 (max 15)
- age   2:         24 bytes,         24 total
- age   5:        184 bytes,        208 total
- age  11:         16 bytes,        224 total
: 517K->0K(960K), 0.0006129 secs] 9177K->9177K(10176K), 0.0007583 secs] [Times: user=0.00 sys=0.00, real=0.00 secs] 
2019-01-02T11:14:12.627+0530: 920.527: [GC (Allocation Failure) 2019-01-02T11:14:12.627+0530: 920.527: [DefNew: 535K->535K(960K), 0.0000416 secs]2019-01-02T11:14:12.627+0530: 920.527: [Tenured: 9177K->1294K(9216K), 0.0071766 secs] 9712K->1294K(10176K), [Metaspace: 2520K->2520K(1056768K)], 0.0073779 secs] [Times: user=0.02 sys=0.00, real=0.01 secs] 
2019-01-02T11:14:12.711+0530: 920.610: [GC (Allocation Failure) 2019-01-02T11:14:12.711+0530: 920.610: [DefNew
Desired survivor size 32768 bytes, new threshold 15 (max 15)
- age   1:        248 bytes,        248 total
: 888K->0K(960K), 0.0016848 secs] 2183K->1884K(10176K), 0.0018929 secs] [Times: user=0.00 sys=0.00, real=0.00 secs] 
2019-01-02T11:14:12.717+0530: 920.616: [GC (Allocation Failure) 2019-01-02T11:14:12.717+0530: 920.616: [DefNew
Desired survivor size 32768 bytes, new threshold 15 (max 15)
- age   2:        184 bytes,        184 total
: 896K->0K(960K), 0.0010115 secs] 2780K->2172K(10176K), 0.0013963 secs] [Times: user=0.00 sys=0.00, real=0.00 secs] 
2019-01-02T11:14:12.720+0530: 920.620: [GC (Allocation Failure) 2019-01-02T11:14:12.720+0530: 920.620: [DefNew
Desired survivor size 32768 bytes, new threshold 15 (max 15)
- age   3:        184 bytes,        184 total
: 896K->0K(960K), 0.0005240 secs] 3068K->2748K(10176K), 0.0006169 secs] [Times: user=0.00 sys=0.00, real=0.00 secs] 
2019-01-02T11:14:12.723+0530: 920.622: [GC (Allocation Failure) 2019-01-02T11:14:12.723+0530: 920.622: [DefNew
Desired survivor size 32768 bytes, new threshold 15 (max 15)
- age   1:         24 bytes,         24 total
- age   4:        184 bytes,        208 total
: 515K->0K(960K), 0.0002777 secs] 3263K->2748K(10176K), 0.0003558 secs] [Times: user=0.00 sys=0.00, real=0.00 secs] 
2019-01-02T11:14:12.723+0530: 920.623: [GC (Allocation Failure) 2019-01-02T11:14:12.723+0530: 920.623: [DefNew
Desired survivor size 32768 bytes, new threshold 15 (max 15)
- age   2:         24 bytes,         24 total
- age   5:        184 bytes,        208 total
: 517K->0K(960K), 0.0004265 secs] 3265K->3265K(10176K), 0.0005006 secs] [Times: user=0.01 sys=0.00, real=0.00 secs] 
2019-01-02T11:14:12.724+0530: 920.624: [GC (Allocation Failure) 2019-01-02T11:14:12.724+0530: 920.624: [DefNew
Desired survivor size 32768 bytes, new threshold 15 (max 15)
- age   1:         24 bytes,         24 total
- age   6:         72 bytes,         96 total
: 535K->0K(960K), 0.0004892 secs] 3800K->3782K(10176K), 0.0005975 secs] [Times: user=0.00 sys=0.00, real=0.00 secs] 
2019-01-02T11:14:12.809+0530: 920.709: [GC (Allocation Failure) 2019-01-02T11:14:12.809+0530: 920.709: [DefNew
Desired survivor size 32768 bytes, new threshold 15 (max 15)
- age   1:        248 bytes,        248 total
- age   7:         16 bytes,        264 total
: 888K->0K(960K), 0.0011517 secs] 4671K->3855K(10176K), 0.0014875 secs] [Times: user=0.00 sys=0.00, real=0.00 secs] 
2019-01-02T11:14:12.813+0530: 920.713: [GC (Allocation Failure) 2019-01-02T11:14:12.813+0530: 920.713: [DefNew
Desired survivor size 32768 bytes, new threshold 15 (max 15)
- age   2:        184 bytes,        184 total
- age   8:         16 bytes,        200 total
: 896K->0K(960K), 0.0009904 secs] 4751K->4143K(10176K), 0.0015514 secs] [Times: user=0.00 sys=0.00, real=0.00 secs] 
2019-01-02T11:14:12.817+0530: 920.716: [GC (Allocation Failure) 2019-01-02T11:14:12.817+0530: 920.716: [DefNew
Desired survivor size 32768 bytes, new threshold 15 (max 15)
- age   3:        184 bytes,        184 total
- age   9:         16 bytes,        200 total
: 896K->0K(960K), 0.0010041 secs] 5039K->4719K(10176K), 0.0012116 secs] [Times: user=0.02 sys=0.00, real=0.00 secs] 
2019-01-02T11:14:12.820+0530: 920.719: [GC (Allocation Failure) 2019-01-02T11:14:12.820+0530: 920.720: [DefNew
Desired survivor size 32768 bytes, new threshold 15 (max 15)
- age   1:         24 bytes,         24 total
- age   4:        184 bytes,        208 total
- age  10:         16 bytes,        224 total
: 515K->0K(960K), 0.0009128 secs] 5234K->4719K(10176K), 0.0014300 secs] [Times: user=0.00 sys=0.00, real=0.00 secs] 
2019-01-02T11:14:12.822+0530: 920.721: [GC (Allocation Failure) 2019-01-02T11:14:12.822+0530: 920.721: [DefNew
Desired survivor size 32768 bytes, new threshold 15 (max 15)
- age   2:         24 bytes,         24 total
- age   5:        184 bytes,        208 total
- age  11:         16 bytes,        224 total
: 517K->0K(960K), 0.0003609 secs] 5236K->5236K(10176K), 0.0004213 secs] [Times: user=0.00 sys=0.00, real=0.00 secs] 
2019-01-02T11:14:12.822+0530: 920.722: [GC (Allocation Failure) 2019-01-02T11:14:12.823+0530: 920.722: [DefNew
Desired survivor size 32768 bytes, new threshold 15 (max 15)
- age   1:         24 bytes,         24 total
- age   6:         72 bytes,         96 total
- age  12:         16 bytes,        112 total
: 535K->0K(960K), 0.0003022 secs] 5771K->5753K(10176K), 0.0003592 secs] [Times: user=0.00 sys=0.00, real=0.00 secs] 
2019-01-02T11:14:12.893+0530: 920.792: [GC (Allocation Failure) 2019-01-02T11:14:12.894+0530: 920.793: [DefNew
Desired survivor size 32768 bytes, new threshold 15 (max 15)
- age   1:        248 bytes,        248 total
- age   7:         16 bytes,        264 total
- age  13:         16 bytes,        280 total
: 888K->0K(960K), 0.0010685 secs] 6642K->5825K(10176K), 0.0013792 secs] [Times: user=0.00 sys=0.00, real=0.00 secs] 
2019-01-02T11:14:12.897+0530: 920.796: [GC (Allocation Failure) 2019-01-02T11:14:12.898+0530: 920.797: [DefNew
Desired survivor size 32768 bytes, new threshold 15 (max 15)
- age   2:        184 bytes,        184 total
- age   8:         16 bytes,        200 total
- age  14:         16 bytes,        216 total
: 896K->0K(960K), 0.0010810 secs] 6721K->6113K(10176K), 0.0015628 secs] [Times: user=0.00 sys=0.00, real=0.00 secs] 
2019-01-02T11:14:12.901+0530: 920.800: [GC (Allocation Failure) 2019-01-02T11:14:12.902+0530: 920.801: [DefNew
Desired survivor size 32768 bytes, new threshold 15 (max 15)
- age   3:        184 bytes,        184 total
- age   9:         16 bytes,        200 total
- age  15:         16 bytes,        216 total
: 896K->0K(960K), 0.0013193 secs] 7009K->6689K(10176K), 0.0015600 secs] [Times: user=0.00 sys=0.00, real=0.00 secs] 
2019-01-02T11:14:12.905+0530: 920.804: [GC (Allocation Failure) 2019-01-02T11:14:12.905+0530: 920.804: [DefNew
Desired survivor size 32768 bytes, new threshold 15 (max 15)
- age   1:         24 bytes,         24 total
- age   4:        184 bytes,        208 total
- age  10:         16 bytes,        224 total
: 515K->0K(960K), 0.0009060 secs] 7205K->6689K(10176K), 0.0012834 secs] [Times: user=0.00 sys=0.00, real=0.00 secs] 
2019-01-02T11:14:12.907+0530: 920.806: [GC (Allocation Failure) 2019-01-02T11:14:12.908+0530: 920.807: [DefNew
Desired survivor size 32768 bytes, new threshold 15 (max 15)
- age   2:         24 bytes,         24 total
- age   5:        184 bytes,        208 total
- age  11:         16 bytes,        224 total
: 517K->0K(960K), 0.0004385 secs] 7207K->7207K(10176K), 0.0006203 secs] [Times: user=0.00 sys=0.00, real=0.00 secs] 
2019-01-02T11:14:12.908+0530: 920.807: [GC (Allocation Failure) 2019-01-02T11:14:12.908+0530: 920.807: [DefNew
Desired survivor size 32768 bytes, new threshold 15 (max 15)
- age   1:         24 bytes,         24 total
- age   6:         72 bytes,         96 total
- age  12:         16 bytes,        112 total
: 535K->0K(960K), 0.0003153 secs] 7742K->7724K(10176K), 0.0003683 secs] [Times: user=0.00 sys=0.00, real=0.00 secs] 
2019-01-02T11:14:12.981+0530: 920.880: [GC (Allocation Failure) 2019-01-02T11:14:12.981+0530: 920.880: [DefNew
Desired survivor size 32768 bytes, new threshold 15 (max 15)
- age   1:        248 bytes,        248 total
- age   7:         16 bytes,        264 total
- age  13:         16 bytes,        280 total
: 888K->0K(960K), 0.0013633 secs] 8613K->7796K(10176K), 0.0016683 secs] [Times: user=0.00 sys=0.00, real=0.00 secs] 
2019-01-02T11:14:12.985+0530: 920.884: [GC (Allocation Failure) 2019-01-02T11:14:12.985+0530: 920.884: [DefNew
Desired survivor size 32768 bytes, new threshold 15 (max 15)
- age   2:        184 bytes,        184 total
- age   8:         16 bytes,        200 total
- age  14:         16 bytes,        216 total
: 896K->0K(960K), 0.0007999 secs] 8692K->8084K(10176K), 0.0009681 secs] [Times: user=0.00 sys=0.00, real=0.00 secs] 
2019-01-02T11:14:12.987+0530: 920.886: [GC (Allocation Failure) 2019-01-02T11:14:12.987+0530: 920.886: [DefNew
Desired survivor size 32768 bytes, new threshold 15 (max 15)
- age   3:        184 bytes,        184 total
- age   9:         16 bytes,        200 total
- age  15:         16 bytes,        216 total
: 896K->0K(960K), 0.0012201 secs] 8980K->8660K(10176K), 0.0014328 secs] [Times: user=0.00 sys=0.00, real=0.00 secs] 
2019-01-02T11:14:12.990+0530: 920.889: [GC (Allocation Failure) 2019-01-02T11:14:12.990+0530: 920.889: [DefNew
Desired survivor size 32768 bytes, new threshold 15 (max 15)
- age   1:         24 bytes,         24 total
- age   4:        184 bytes,        208 total
- age  10:         16 bytes,        224 total
: 515K->0K(960K), 0.0006506 secs] 9176K->8660K(10176K), 0.0008205 secs] [Times: user=0.00 sys=0.00, real=0.00 secs] 
2019-01-02T11:14:12.992+0530: 920.891: [GC (Allocation Failure) 2019-01-02T11:14:12.992+0530: 920.891: [DefNew
Desired survivor size 32768 bytes, new threshold 15 (max 15)
- age   2:         24 bytes,         24 total
- age   5:        184 bytes,        208 total
- age  11:         16 bytes,        224 total
: 517K->0K(960K), 0.0003529 secs] 9178K->9178K(10176K), 0.0004151 secs] [Times: user=0.00 sys=0.00, real=0.00 secs] 
2019-01-02T11:14:12.992+0530: 920.891: [GC (Allocation Failure) 2019-01-02T11:14:12.992+0530: 920.891: [DefNew: 535K->535K(960K), 0.0000228 secs]2019-01-02T11:14:12.992+0530: 920.891: [Tenured: 9177K->1294K(9216K), 0.0052472 secs] 9713K->1294K(10176K), [Metaspace: 2520K->2520K(1056768K)], 0.0053948 secs] [Times: user=0.00 sys=0.00, real=0.01 secs] 
2019-01-02T11:14:13.058+0530: 920.957: [GC (Allocation Failure) 2019-01-02T11:14:13.058+0530: 920.957: [DefNew
Desired survivor size 32768 bytes, new threshold 15 (max 15)
- age   1:        248 bytes,        248 total
: 888K->0K(960K), 0.0015970 secs] 2183K->1884K(10176K), 0.0017726 secs] [Times: user=0.00 sys=0.00, real=0.00 secs] 
2019-01-02T11:14:13.061+0530: 920.960: [GC (Allocation Failure) 2019-01-02T11:14:13.061+0530: 920.960: [DefNew
Desired survivor size 32768 bytes, new threshold 15 (max 15)
- age   2:        184 bytes,        184 total
: 896K->0K(960K), 0.0009197 secs] 2780K->2172K(10176K), 0.0011198 secs] [Times: user=0.00 sys=0.00, real=0.00 secs] 
2019-01-02T11:14:13.064+0530: 920.963: [GC (Allocation Failure) 2019-01-02T11:14:13.064+0530: 920.963: [DefNew
Desired survivor size 32768 bytes, new threshold 15 (max 15)
- age   3:        184 bytes,        184 total
: 896K->0K(960K), 0.0010451 secs] 3068K->2748K(10176K), 0.0012720 secs] [Times: user=0.00 sys=0.00, real=0.00 secs] 
2019-01-02T11:14:13.067+0530: 920.966: [GC (Allocation Failure) 2019-01-02T11:14:13.067+0530: 920.966: [DefNew
Desired survivor size 32768 bytes, new threshold 15 (max 15)
- age   1:         24 bytes,         24 total
- age   4:        184 bytes,        208 total
: 515K->0K(960K), 0.0005770 secs] 3264K->2748K(10176K), 0.0007617 secs] [Times: user=0.02 sys=0.00, real=0.00 secs] 
2019-01-02T11:14:13.068+0530: 920.967: [GC (Allocation Failure) 2019-01-02T11:14:13.068+0530: 920.967: [DefNew
Desired survivor size 32768 bytes, new threshold 15 (max 15)
- age   2:         24 bytes,         24 total
- age   5:        184 bytes,        208 total
: 517K->0K(960K), 0.0006391 secs] 3265K->3265K(10176K), 0.0007623 secs] [Times: user=0.00 sys=0.00, real=0.00 secs] 
2019-01-02T11:14:13.069+0530: 920.968: [GC (Allocation Failure) 2019-01-02T11:14:13.069+0530: 920.968: [DefNew
Desired survivor size 32768 bytes, new threshold 15 (max 15)
- age   1:         24 bytes,         24 total
- age   6:         72 bytes,         96 total
: 535K->0K(960K), 0.0003284 secs] 3801K->3783K(10176K), 0.0003883 secs] [Times: user=0.00 sys=0.00, real=0.00 secs] 
2019-01-02T11:14:13.129+0530: 921.028: [GC (Allocation Failure) 2019-01-02T11:14:13.129+0530: 921.028: [DefNew
Desired survivor size 32768 bytes, new threshold 15 (max 15)
- age   1:        248 bytes,        248 total
- age   7:         16 bytes,        264 total
: 888K->0K(960K), 0.0009214 secs] 4672K->3855K(10176K), 0.0012829 secs] [Times: user=0.02 sys=0.00, real=0.00 secs] 
2019-01-02T11:14:13.133+0530: 921.032: [GC (Allocation Failure) 2019-01-02T11:14:13.133+0530: 921.032: [DefNew
Desired survivor size 32768 bytes, new threshold 15 (max 15)
- age   2:        184 bytes,        184 total
- age   8:         16 bytes,        200 total
: 896K->0K(960K), 0.0008307 secs] 4751K->4143K(10176K), 0.0011945 secs] [Times: user=0.00 sys=0.00, real=0.00 secs] 
2019-01-02T11:14:13.136+0530: 921.035: [GC (Allocation Failure) 2019-01-02T11:14:13.136+0530: 921.035: [DefNew
Desired survivor size 32768 bytes, new threshold 15 (max 15)
- age   3:        184 bytes,        184 total
- age   9:         16 bytes,        200 total
: 896K->0K(960K), 0.0011597 secs] 5039K->4719K(10176K), 0.0013091 secs] [Times: user=0.00 sys=0.00, real=0.00 secs] 
2019-01-02T11:14:13.139+0530: 921.038: [GC (Allocation Failure) 2019-01-02T11:14:13.139+0530: 921.038: [DefNew
Desired survivor size 32768 bytes, new threshold 15 (max 15)
- age   1:         24 bytes,         24 total
- age   4:        184 bytes,        208 total
- age  10:         16 bytes,        224 total
: 515K->0K(960K), 0.0003506 secs] 5234K->4719K(10176K), 0.0004527 secs] [Times: user=0.00 sys=0.00, real=0.00 secs] 
2019-01-02T11:14:13.139+0530: 921.038: [GC (Allocation Failure) 2019-01-02T11:14:13.139+0530: 921.038: [DefNew
Desired survivor size 32768 bytes, new threshold 15 (max 15)
- age   2:         24 bytes,         24 total
- age   5:        184 bytes,        208 total
- age  11:         16 bytes,        224 total
: 517K->0K(960K), 0.0003575 secs] 5236K->5236K(10176K), 0.0004202 secs] [Times: user=0.00 sys=0.00, real=0.00 secs] 
2019-01-02T11:14:13.140+0530: 921.039: [GC (Allocation Failure) 2019-01-02T11:14:13.140+0530: 921.039: [DefNew
Desired survivor size 32768 bytes, new threshold 15 (max 15)
- age   1:         24 bytes,         24 total
- age   6:         72 bytes,         96 total
- age  12:         16 bytes,        112 total
: 535K->0K(960K), 0.0003301 secs] 5771K->5754K(10176K), 0.0003991 secs] [Times: user=0.00 sys=0.00, real=0.00 secs] 
2019-01-02T11:14:13.201+0530: 921.100: [GC (Allocation Failure) 2019-01-02T11:14:13.201+0530: 921.101: [DefNew
Desired survivor size 32768 bytes, new threshold 15 (max 15)
- age   1:        248 bytes,        248 total
- age   7:         16 bytes,        264 total
- age  13:         16 bytes,        280 total
: 888K->0K(960K), 0.0005365 secs] 6643K->5826K(10176K), 0.0007047 secs] [Times: user=0.00 sys=0.00, real=0.00 secs] 
2019-01-02T11:14:13.203+0530: 921.102: [GC (Allocation Failure) 2019-01-02T11:14:13.203+0530: 921.103: [DefNew
Desired survivor size 32768 bytes, new threshold 15 (max 15)
- age   2:        184 bytes,        184 total
- age   8:         16 bytes,        200 total
- age  14:         16 bytes,        216 total
: 896K->0K(960K), 0.0008695 secs] 6722K->6114K(10176K), 0.0010160 secs] [Times: user=0.00 sys=0.00, real=0.00 secs] 
2019-01-02T11:14:13.206+0530: 921.105: [GC (Allocation Failure) 2019-01-02T11:14:13.206+0530: 921.105: [DefNew
Desired survivor size 32768 bytes, new threshold 15 (max 15)
- age   3:        184 bytes,        184 total
- age   9:         16 bytes,        200 total
- age  15:         16 bytes,        216 total
: 896K->0K(960K), 0.0009841 secs] 7010K->6690K(10176K), 0.0011283 secs] [Times: user=0.00 sys=0.00, real=0.00 secs] 
2019-01-02T11:14:13.208+0530: 921.107: [GC (Allocation Failure) 2019-01-02T11:14:13.208+0530: 921.107: [DefNew
Desired survivor size 32768 bytes, new threshold 15 (max 15)
- age   1:         24 bytes,         24 total
- age   4:        184 bytes,        208 total
- age  10:         16 bytes,        224 total
: 515K->0K(960K), 0.0002435 secs] 7205K->6690K(10176K), 0.0003033 secs] [Times: user=0.00 sys=0.00, real=0.00 secs] 
2019-01-02T11:14:13.209+0530: 921.108: [GC (Allocation Failure) 2019-01-02T11:14:13.209+0530: 921.108: [DefNew
Desired survivor size 32768 bytes, new threshold 15 (max 15)
- age   2:         24 bytes,         24 total
- age   5:        184 bytes,        208 total
- age  11:         16 bytes,        224 total
: 517K->0K(960K), 0.0003364 secs] 7207K->7207K(10176K), 0.0004054 secs] [Times: user=0.00 sys=0.00, real=0.00 secs] 
2019-01-02T11:14:13.210+0530: 921.109: [GC (Allocation Failure) 2019-01-02T11:14:13.210+0530: 921.109: [DefNew
Desired survivor size 32768 bytes, new threshold 15 (max 15)
- age   1:         24 bytes,         24 total
- age   6:         72 bytes,         96 total
- age  12:         16 bytes,        112 total
: 535K->0K(960K), 0.0003119 secs] 7742K->7725K(10176K), 0.0003700 secs] [Times: user=0.00 sys=0.00, real=0.00 secs] 
2019-01-02T11:14:13.267+0530: 921.166: [GC (Allocation Failure) 2019-01-02T11:14:13.267+0530: 921.167: [DefNew
Desired survivor size 32768 bytes, new threshold 15 (max 15)
- age   1:        248 bytes,        248 total
- age   7:         16 bytes,        264 total
- age  13:         16 bytes,        280 total
: 888K->0K(960K), 0.0005525 secs] 8614K->7797K(10176K), 0.0007384 secs] [Times: user=0.00 sys=0.00, real=0.00 secs] 
2019-01-02T11:14:13.270+0530: 921.169: [GC (Allocation Failure) 2019-01-02T11:14:13.270+0530: 921.169: [DefNew
Desired survivor size 32768 bytes, new threshold 15 (max 15)
- age   2:        184 bytes,        184 total
- age   8:         16 bytes,        200 total
- age  14:         16 bytes,        216 total
: 896K->0K(960K), 0.0008906 secs] 8693K->8085K(10176K), 0.0012800 secs] [Times: user=0.00 sys=0.00, real=0.00 secs] 
2019-01-02T11:14:13.273+0530: 921.172: [GC (Allocation Failure) 2019-01-02T11:14:13.273+0530: 921.172: [DefNew
Desired survivor size 32768 bytes, new threshold 15 (max 15)
- age   3:        184 bytes,        184 total
- age   9:         16 bytes,        200 total
- age  15:         16 bytes,        216 total
: 896K->0K(960K), 0.0010046 secs] 8981K->8661K(10176K), 0.0011614 secs] [Times: user=0.00 sys=0.00, real=0.00 secs] 
2019-01-02T11:14:13.276+0530: 921.175: [GC (Allocation Failure) 2019-01-02T11:14:13.276+0530: 921.175: [DefNew
Desired survivor size 32768 bytes, new threshold 15 (max 15)
- age   1:         24 bytes,         24 total
- age   4:        184 bytes,        208 total
- age  10:         16 bytes,        224 total
: 515K->0K(960K), 0.0002851 secs] 9176K->8661K(10176K), 0.0003558 secs] [Times: user=0.00 sys=0.00, real=0.00 secs] 
2019-01-02T11:14:13.276+0530: 921.175: [GC (Allocation Failure) 2019-01-02T11:14:13.276+0530: 921.175: [DefNew
Desired survivor size 32768 bytes, new threshold 15 (max 15)
- age   2:         24 bytes,         24 total
- age   5:        184 bytes,        208 total
- age  11:         16 bytes,        224 total
: 517K->0K(960K), 0.0003375 secs] 9178K->9178K(10176K), 0.0004060 secs] [Times: user=0.00 sys=0.00, real=0.00 secs] 
2019-01-02T11:14:13.277+0530: 921.176: [GC (Allocation Failure) 2019-01-02T11:14:13.277+0530: 921.176: [DefNew: 535K->535K(960K), 0.0000234 secs]2019-01-02T11:14:13.277+0530: 921.176: [Tenured: 9178K->1295K(9216K), 0.0056298 secs] 9713K->1295K(10176K), [Metaspace: 2520K->2520K(1056768K)], 0.0057997 secs] [Times: user=0.00 sys=0.00, real=0.01 secs] 
2019-01-02T11:14:13.338+0530: 921.237: [GC (Allocation Failure) 2019-01-02T11:14:13.338+0530: 921.237: [DefNew
Desired survivor size 32768 bytes, new threshold 15 (max 15)
- age   1:        248 bytes,        248 total
: 888K->0K(960K), 0.0008404 secs] 2183K->1884K(10176K), 0.0011968 secs] [Times: user=0.00 sys=0.00, real=0.00 secs] 
2019-01-02T11:14:13.341+0530: 921.241: [GC (Allocation Failure) 2019-01-02T11:14:13.342+0530: 921.241: [DefNew
Desired survivor size 32768 bytes, new threshold 15 (max 15)
- age   2:        184 bytes,        184 total
: 896K->0K(960K), 0.0006049 secs] 2780K->2172K(10176K), 0.0008569 secs] [Times: user=0.00 sys=0.00, real=0.00 secs] 
2019-01-02T11:14:13.344+0530: 921.243: [GC (Allocation Failure) 2019-01-02T11:14:13.344+0530: 921.243: [DefNew
Desired survivor size 32768 bytes, new threshold 15 (max 15)
- age   3:        184 bytes,        184 total
: 896K->0K(960K), 0.0004276 secs] 3068K->2748K(10176K), 0.0005502 secs] [Times: user=0.00 sys=0.00, real=0.00 secs] 
2019-01-02T11:14:13.345+0530: 921.244: [GC (Allocation Failure) 2019-01-02T11:14:13.345+0530: 921.245: [DefNew
Desired survivor size 32768 bytes, new threshold 15 (max 15)
- age   1:         24 bytes,         24 total
- age   4:        184 bytes,        208 total
: 515K->0K(960K), 0.0002241 secs] 3264K->2748K(10176K), 0.0002771 secs] [Times: user=0.00 sys=0.00, real=0.00 secs] 
2019-01-02T11:14:13.346+0530: 921.245: [GC (Allocation Failure) 2019-01-02T11:14:13.346+0530: 921.245: [DefNew
Desired survivor size 32768 bytes, new threshold 15 (max 15)
- age   2:         24 bytes,         24 total
- age   5:        184 bytes,        208 total
: 517K->0K(960K), 0.0003107 secs] 3266K->3266K(10176K), 0.0003638 secs] [Times: user=0.00 sys=0.00, real=0.00 secs] 
2019-01-02T11:14:13.347+0530: 921.246: [GC (Allocation Failure) 2019-01-02T11:14:13.347+0530: 921.246: [DefNew
Desired survivor size 32768 bytes, new threshold 15 (max 15)
- age   1:         24 bytes,         24 total
- age   6:         72 bytes,         96 total
: 535K->0K(960K), 0.0005627 secs] 3801K->3783K(10176K), 0.0007515 secs] [Times: user=0.00 sys=0.00, real=0.00 secs] 
2019-01-02T11:14:13.406+0530: 921.305: [GC (Allocation Failure) 2019-01-02T11:14:13.406+0530: 921.305: [DefNew
Desired survivor size 32768 bytes, new threshold 15 (max 15)
- age   1:        248 bytes,        248 total
- age   7:         16 bytes,        264 total
: 889K->0K(960K), 0.0007748 secs] 4672K->3855K(10176K), 0.0010525 secs] [Times: user=0.00 sys=0.00, real=0.00 secs] 
2019-01-02T11:14:13.409+0530: 921.308: [GC (Allocation Failure) 2019-01-02T11:14:13.409+0530: 921.308: [DefNew
Desired survivor size 32768 bytes, new threshold 15 (max 15)
- age   2:        184 bytes,        184 total
- age   8:         16 bytes,        200 total
: 896K->0K(960K), 0.0006905 secs] 4751K->4143K(10176K), 0.0008159 secs] [Times: user=0.00 sys=0.00, real=0.00 secs] 
2019-01-02T11:14:13.411+0530: 921.311: [GC (Allocation Failure) 2019-01-02T11:14:13.412+0530: 921.311: [DefNew
Desired survivor size 32768 bytes, new threshold 15 (max 15)
- age   3:        184 bytes,        184 total
- age   9:         16 bytes,        200 total
: 896K->0K(960K), 0.0009345 secs] 5039K->4719K(10176K), 0.0012276 secs] [Times: user=0.00 sys=0.00, real=0.00 secs] 
2019-01-02T11:14:13.414+0530: 921.313: [GC (Allocation Failure) 2019-01-02T11:14:13.414+0530: 921.313: [DefNew
Desired survivor size 32768 bytes, new threshold 15 (max 15)
- age   1:         24 bytes,         24 total
- age   4:        184 bytes,        208 total
- age  10:         16 bytes,        224 total
: 515K->0K(960K), 0.0005006 secs] 5235K->4719K(10176K), 0.0006922 secs] [Times: user=0.00 sys=0.00, real=0.00 secs] 
2019-01-02T11:14:13.416+0530: 921.315: [GC (Allocation Failure) 2019-01-02T11:14:13.416+0530: 921.315: [DefNew
Desired survivor size 32768 bytes, new threshold 15 (max 15)
- age   2:         24 bytes,         24 total
- age   5:        184 bytes,        208 total
- age  11:         16 bytes,        224 total
: 517K->0K(960K), 0.0007925 secs] 5237K->5237K(10176K), 0.0009579 secs] [Times: user=0.00 sys=0.00, real=0.00 secs] 
2019-01-02T11:14:13.417+0530: 921.316: [GC (Allocation Failure) 2019-01-02T11:14:13.417+0530: 921.317: [DefNew
Desired survivor size 32768 bytes, new threshold 15 (max 15)
- age   1:         24 bytes,         24 total
- age   6:         72 bytes,         96 total
- age  12:         16 bytes,        112 total
: 535K->0K(960K), 0.0006597 secs] 5772K->5754K(10176K), 0.0007498 secs] [Times: user=0.00 sys=0.00, real=0.00 secs] 
2019-01-02T11:14:13.487+0530: 921.386: [GC (Allocation Failure) 2019-01-02T11:14:13.487+0530: 921.386: [DefNew
Desired survivor size 32768 bytes, new threshold 15 (max 15)
- age   1:        248 bytes,        248 total
- age   7:         16 bytes,        264 total
- age  13:         16 bytes,        280 total
: 889K->0K(960K), 0.0006203 secs] 6643K->5827K(10176K), 0.0008091 secs] [Times: user=0.00 sys=0.00, real=0.00 secs] 
2019-01-02T11:14:13.489+0530: 921.388: [GC (Allocation Failure) 2019-01-02T11:14:13.489+0530: 921.388: [DefNew
Desired survivor size 32768 bytes, new threshold 15 (max 15)
- age   2:        184 bytes,        184 total
- age   8:         16 bytes,        200 total
- age  14:         16 bytes,        216 total
: 896K->0K(960K), 0.0010867 secs] 6723K->6114K(10176K), 0.0014322 secs] [Times: user=0.00 sys=0.00, real=0.00 secs] 
2019-01-02T11:14:13.492+0530: 921.392: [GC (Allocation Failure) 2019-01-02T11:14:13.493+0530: 921.392: [DefNew
Desired survivor size 32768 bytes, new threshold 15 (max 15)
- age   3:        184 bytes,        184 total
- age   9:         16 bytes,        200 total
- age  15:         16 bytes,        216 total
: 896K->0K(960K), 0.0012253 secs] 7010K->6690K(10176K), 0.0014357 secs] [Times: user=0.00 sys=0.00, real=0.00 secs] 
2019-01-02T11:14:13.495+0530: 921.394: [GC (Allocation Failure) 2019-01-02T11:14:13.495+0530: 921.394: [DefNew
Desired survivor size 32768 bytes, new threshold 15 (max 15)
- age   1:         24 bytes,         24 total
- age   4:        184 bytes,        208 total
- age  10:         16 bytes,        224 total
: 515K->0K(960K), 0.0002395 secs] 7206K->6691K(10176K), 0.0002925 secs] [Times: user=0.00 sys=0.00, real=0.00 secs] 
2019-01-02T11:14:13.496+0530: 921.395: [GC (Allocation Failure) 2019-01-02T11:14:13.496+0530: 921.395: [DefNew
Desired survivor size 32768 bytes, new threshold 15 (max 15)
- age   2:         24 bytes,         24 total
- age   5:        184 bytes,        208 total
- age  11:         16 bytes,        224 total
: 517K->0K(960K), 0.0003022 secs] 7208K->7208K(10176K), 0.0003524 secs] [Times: user=0.00 sys=0.00, real=0.00 secs] 
2019-01-02T11:14:13.496+0530: 921.395: [GC (Allocation Failure) 2019-01-02T11:14:13.496+0530: 921.395: [DefNew
Desired survivor size 32768 bytes, new threshold 15 (max 15)
- age   1:         24 bytes,         24 total
- age   6:         72 bytes,         96 total
- age  12:         16 bytes,        112 total
: 535K->0K(960K), 0.0003090 secs] 7743K->7725K(10176K), 0.0003632 secs] [Times: user=0.00 sys=0.00, real=0.00 secs] 
2019-01-02T11:14:13.561+0530: 921.460: [GC (Allocation Failure) 2019-01-02T11:14:13.561+0530: 921.460: [DefNew
Desired survivor size 32768 bytes, new threshold 15 (max 15)
- age   1:        248 bytes,        248 total
- age   7:         16 bytes,        264 total
- age  13:         16 bytes,        280 total
: 889K->0K(960K), 0.0010725 secs] 8614K->7798K(10176K), 0.0013604 secs] [Times: user=0.00 sys=0.00, real=0.00 secs] 
2019-01-02T11:14:13.564+0530: 921.463: [GC (Allocation Failure) 2019-01-02T11:14:13.564+0530: 921.463: [DefNew
Desired survivor size 32768 bytes, new threshold 15 (max 15)
- age   2:        184 bytes,        184 total
- age   8:         16 bytes,        200 total
- age  14:         16 bytes,        216 total
: 896K->0K(960K), 0.0003102 secs] 8694K->8086K(10176K), 0.0003717 secs] [Times: user=0.00 sys=0.00, real=0.00 secs] 
2019-01-02T11:14:13.566+0530: 921.465: [GC (Allocation Failure) 2019-01-02T11:14:13.566+0530: 921.465: [DefNew
Desired survivor size 32768 bytes, new threshold 15 (max 15)
- age   3:        184 bytes,        184 total
- age   9:         16 bytes,        200 total
- age  15:         16 bytes,        216 total
: 896K->0K(960K), 0.0007788 secs] 8982K->8662K(10176K), 0.0011631 secs] [Times: user=0.02 sys=0.00, real=0.00 secs] 
2019-01-02T11:14:13.568+0530: 921.467: [GC (Allocation Failure) 2019-01-02T11:14:13.568+0530: 921.467: [DefNew
Desired survivor size 32768 bytes, new threshold 15 (max 15)
- age   1:         24 bytes,         24 total
- age   4:        184 bytes,        208 total
- age  10:         16 bytes,        224 total
: 515K->0K(960K), 0.0003752 secs] 9177K->8662K(10176K), 0.0004487 secs] [Times: user=0.00 sys=0.00, real=0.00 secs] 
2019-01-02T11:14:13.569+0530: 921.469: [GC (Allocation Failure) 2019-01-02T11:14:13.570+0530: 921.469: [DefNew
Desired survivor size 32768 bytes, new threshold 15 (max 15)
- age   2:         24 bytes,         24 total
- age   5:        184 bytes,        208 total
- age  11:         16 bytes,        224 total
: 517K->0K(960K), 0.0004544 secs] 9179K->9179K(10176K), 0.0005508 secs] [Times: user=0.00 sys=0.00, real=0.00 secs] 
2019-01-02T11:14:13.571+0530: 921.470: [GC (Allocation Failure) 2019-01-02T11:14:13.571+0530: 921.470: [DefNew: 535K->535K(960K), 0.0000428 secs]2019-01-02T11:14:13.571+0530: 921.470: [Tenured: 9179K->1295K(9216K), 0.0037494 secs] 9714K->1295K(10176K), [Metaspace: 2520K->2520K(1056768K)], 0.0039330 secs] [Times: user=0.00 sys=0.00, real=0.00 secs] 
2019-01-02T11:14:13.632+0530: 921.531: [GC (Allocation Failure) 2019-01-02T11:14:13.632+0530: 921.531: [DefNew
Desired survivor size 32768 bytes, new threshold 15 (max 15)
- age   1:        248 bytes,        248 total
: 888K->0K(960K), 0.0010873 secs] 2184K->1885K(10176K), 0.0015007 secs] [Times: user=0.00 sys=0.00, real=0.00 secs] 
2019-01-02T11:14:13.636+0530: 921.535: [GC (Allocation Failure) 2019-01-02T11:14:13.636+0530: 921.535: [DefNew
Desired survivor size 32768 bytes, new threshold 15 (max 15)
- age   2:        184 bytes,        184 total
: 896K->0K(960K), 0.0008165 secs] 2781K->2173K(10176K), 0.0009738 secs] [Times: user=0.00 sys=0.00, real=0.00 secs] 
2019-01-02T11:14:13.638+0530: 921.538: [GC (Allocation Failure) 2019-01-02T11:14:13.639+0530: 921.538: [DefNew
Desired survivor size 32768 bytes, new threshold 15 (max 15)
- age   3:        184 bytes,        184 total
: 896K->0K(960K), 0.0014077 secs] 3069K->2749K(10176K), 0.0016409 secs] [Times: user=0.00 sys=0.00, real=0.00 secs] 
2019-01-02T11:14:13.642+0530: 921.541: [GC (Allocation Failure) 2019-01-02T11:14:13.642+0530: 921.541: [DefNew
Desired survivor size 32768 bytes, new threshold 15 (max 15)
- age   1:         24 bytes,         24 total
- age   4:        184 bytes,        208 total
: 515K->0K(960K), 0.0002577 secs] 3264K->2749K(10176K), 0.0003199 secs] [Times: user=0.00 sys=0.00, real=0.00 secs] 
2019-01-02T11:14:13.643+0530: 921.542: [GC (Allocation Failure) 2019-01-02T11:14:13.643+0530: 921.542: [DefNew
Desired survivor size 32768 bytes, new threshold 15 (max 15)
- age   2:         24 bytes,         24 total
- age   5:        184 bytes,        208 total
: 517K->0K(960K), 0.0003079 secs] 3266K->3266K(10176K), 0.0003581 secs] [Times: user=0.00 sys=0.00, real=0.00 secs] 
2019-01-02T11:14:13.643+0530: 921.542: [GC (Allocation Failure) 2019-01-02T11:14:13.643+0530: 921.542: [DefNew
Desired survivor size 32768 bytes, new threshold 15 (max 15)
- age   1:         24 bytes,         24 total
- age   6:         72 bytes,         96 total
: 535K->0K(960K), 0.0002965 secs] 3801K->3784K(10176K), 0.0003512 secs] [Times: user=0.00 sys=0.00, real=0.00 secs] 
2019-01-02T11:14:13.699+0530: 921.598: [GC (Allocation Failure) 2019-01-02T11:14:13.699+0530: 921.598: [DefNew
Desired survivor size 32768 bytes, new threshold 15 (max 15)
- age   1:        248 bytes,        248 total
- age   7:         16 bytes,        264 total
: 889K->0K(960K), 0.0009191 secs] 4673K->3856K(10176K), 0.0013912 secs] [Times: user=0.00 sys=0.00, real=0.00 secs] 
2019-01-02T11:14:13.703+0530: 921.602: [GC (Allocation Failure) 2019-01-02T11:14:13.703+0530: 921.602: [DefNew
Desired survivor size 32768 bytes, new threshold 15 (max 15)
- age   2:        184 bytes,        184 total
- age   8:         16 bytes,        200 total
: 896K->0K(960K), 0.0004744 secs] 4752K->4144K(10176K), 0.0007925 secs] [Times: user=0.00 sys=0.00, real=0.00 secs] 
2019-01-02T11:14:13.705+0530: 921.605: [GC (Allocation Failure) 2019-01-02T11:14:13.705+0530: 921.605: [DefNew
Desired survivor size 32768 bytes, new threshold 15 (max 15)
- age   3:        184 bytes,        184 total
- age   9:         16 bytes,        200 total
: 896K->0K(960K), 0.0009681 secs] 5040K->4720K(10176K), 0.0010639 secs] [Times: user=0.02 sys=0.00, real=0.00 secs] 
2019-01-02T11:14:13.709+0530: 921.608: [GC (Allocation Failure) 2019-01-02T11:14:13.709+0530: 921.608: [DefNew
Desired survivor size 32768 bytes, new threshold 15 (max 15)
- age   1:         24 bytes,         24 total
- age   4:        184 bytes,        208 total
- age  10:         16 bytes,        224 total
: 515K->0K(960K), 0.0002543 secs] 5235K->4720K(10176K), 0.0003187 secs] [Times: user=0.00 sys=0.00, real=0.00 secs] 
2019-01-02T11:14:13.709+0530: 921.608: [GC (Allocation Failure) 2019-01-02T11:14:13.709+0530: 921.608: [DefNew
Desired survivor size 32768 bytes, new threshold 15 (max 15)
- age   2:         24 bytes,         24 total
- age   5:        184 bytes,        208 total
- age  11:         16 bytes,        224 total
: 517K->0K(960K), 0.0007429 secs] 5237K->5237K(10176K), 0.0008239 secs] [Times: user=0.00 sys=0.00, real=0.00 secs] 
2019-01-02T11:14:13.710+0530: 921.609: [GC (Allocation Failure) 2019-01-02T11:14:13.710+0530: 921.610: [DefNew
Desired survivor size 32768 bytes, new threshold 15 (max 15)
- age   1:         24 bytes,         24 total
- age   6:         72 bytes,         96 total
- age  12:         16 bytes,        112 total
: 535K->0K(960K), 0.0004099 secs] 5773K->5755K(10176K), 0.0004858 secs] [Times: user=0.00 sys=0.00, real=0.00 secs] 
2019-01-02T11:14:13.771+0530: 921.671: [GC (Allocation Failure) 2019-01-02T11:14:13.772+0530: 921.671: [DefNew
Desired survivor size 32768 bytes, new threshold 15 (max 15)
- age   1:        248 bytes,        248 total
- age   7:         16 bytes,        264 total
- age  13:         16 bytes,        280 total
: 889K->0K(960K), 0.0007657 secs] 6644K->5827K(10176K), 0.0010919 secs] [Times: user=0.00 sys=0.00, real=0.00 secs] 
2019-01-02T11:14:13.774+0530: 921.673: [GC (Allocation Failure) 2019-01-02T11:14:13.774+0530: 921.673: [DefNew
Desired survivor size 32768 bytes, new threshold 15 (max 15)
- age   2:        184 bytes,        184 total
- age   8:         16 bytes,        200 total
- age  14:         16 bytes,        216 total
: 896K->0K(960K), 0.0009436 secs] 6723K->6115K(10176K), 0.0010827 secs] [Times: user=0.00 sys=0.00, real=0.00 secs] 
2019-01-02T11:14:13.777+0530: 921.676: [GC (Allocation Failure) 2019-01-02T11:14:13.777+0530: 921.676: [DefNew
Desired survivor size 32768 bytes, new threshold 15 (max 15)
- age   3:        184 bytes,        184 total
- age   9:         16 bytes,        200 total
- age  15:         16 bytes,        216 total
: 896K->0K(960K), 0.0009453 secs] 7011K->6691K(10176K), 0.0010662 secs] [Times: user=0.00 sys=0.00, real=0.00 secs] 
2019-01-02T11:14:13.779+0530: 921.678: [GC (Allocation Failure) 2019-01-02T11:14:13.779+0530: 921.678: [DefNew
Desired survivor size 32768 bytes, new threshold 15 (max 15)
- age   1:         24 bytes,         24 total
- age   4:        184 bytes,        208 total
- age  10:         16 bytes,        224 total
: 515K->0K(960K), 0.0004020 secs] 7207K->6691K(10176K), 0.0004938 secs] [Times: user=0.00 sys=0.00, real=0.00 secs] 
2019-01-02T11:14:13.780+0530: 921.680: [GC (Allocation Failure) 2019-01-02T11:14:13.781+0530: 921.680: [DefNew
Desired survivor size 32768 bytes, new threshold 15 (max 15)
- age   2:         24 bytes,         24 total
- age   5:        184 bytes,        208 total
- age  11:         16 bytes,        224 total
: 517K->0K(960K), 0.0007520 secs] 7209K->7209K(10176K), 0.0009676 secs] [Times: user=0.00 sys=0.00, real=0.00 secs] 
2019-01-02T11:14:13.782+0530: 921.681: [GC (Allocation Failure) 2019-01-02T11:14:13.782+0530: 921.681: [DefNew
Desired survivor size 32768 bytes, new threshold 15 (max 15)
- age   1:         24 bytes,         24 total
- age   6:         72 bytes,         96 total
- age  12:         16 bytes,        112 total
: 535K->0K(960K), 0.0003267 secs] 7744K->7726K(10176K), 0.0003866 secs] [Times: user=0.00 sys=0.00, real=0.00 secs] 
2019-01-02T11:14:13.841+0530: 921.740: [GC (Allocation Failure) 2019-01-02T11:14:13.841+0530: 921.740: [DefNew
Desired survivor size 32768 bytes, new threshold 15 (max 15)
- age   1:        248 bytes,        248 total
- age   7:         16 bytes,        264 total
- age  13:         16 bytes,        280 total
: 889K->0K(960K), 0.0006323 secs] 8615K->7798K(10176K), 0.0008974 secs] [Times: user=0.00 sys=0.00, real=0.00 secs] 
2019-01-02T11:14:13.843+0530: 921.743: [GC (Allocation Failure) 2019-01-02T11:14:13.844+0530: 921.743: [DefNew
Desired survivor size 32768 bytes, new threshold 15 (max 15)
- age   2:        184 bytes,        184 total
- age   8:         16 bytes,        200 total
- age  14:         16 bytes,        216 total
: 896K->0K(960K), 0.0007606 secs] 8694K->8086K(10176K), 0.0009487 secs] [Times: user=0.00 sys=0.00, real=0.00 secs] 
2019-01-02T11:14:13.846+0530: 921.745: [GC (Allocation Failure) 2019-01-02T11:14:13.846+0530: 921.745: [DefNew
Desired survivor size 32768 bytes, new threshold 15 (max 15)
- age   3:        184 bytes,        184 total
- age   9:         16 bytes,        200 total
- age  15:         16 bytes,        216 total
: 896K->0K(960K), 0.0008199 secs] 8982K->8662K(10176K), 0.0009373 secs] [Times: user=0.00 sys=0.00, real=0.00 secs] 
2019-01-02T11:14:13.848+0530: 921.747: [GC (Allocation Failure) 2019-01-02T11:14:13.848+0530: 921.747: [DefNew
Desired survivor size 32768 bytes, new threshold 15 (max 15)
- age   1:         24 bytes,         24 total
- age   4:        184 bytes,        208 total
- age  10:         16 bytes,        224 total
: 515K->0K(960K), 0.0002959 secs] 9178K->8662K(10176K), 0.0003831 secs] [Times: user=0.00 sys=0.00, real=0.00 secs] 
2019-01-02T11:14:13.849+0530: 921.748: [GC (Allocation Failure) 2019-01-02T11:14:13.849+0530: 921.748: [DefNew
Desired survivor size 32768 bytes, new threshold 15 (max 15)
- age   2:         24 bytes,         24 total
- age   5:        184 bytes,        208 total
- age  11:         16 bytes,        224 total
: 517K->0K(960K), 0.0003187 secs] 9180K->9180K(10176K), 0.0003797 secs] [Times: user=0.00 sys=0.00, real=0.00 secs] 
2019-01-02T11:14:13.850+0530: 921.749: [GC (Allocation Failure) 2019-01-02T11:14:13.850+0530: 921.749: [DefNew: 535K->535K(960K), 0.0000291 secs]2019-01-02T11:14:13.850+0530: 921.749: [Tenured: 9180K->1295K(9216K), 0.0062107 secs] 9715K->1295K(10176K), [Metaspace: 2520K->2520K(1056768K)], 0.0063664 secs] [Times: user=0.00 sys=0.00, real=0.01 secs] 
2019-01-02T11:14:13.917+0530: 921.816: [GC (Allocation Failure) 2019-01-02T11:14:13.917+0530: 921.816: [DefNew
Desired survivor size 32768 bytes, new threshold 15 (max 15)
- age   1:        248 bytes,        248 total
: 889K->0K(960K), 0.0012333 secs] 2184K->1885K(10176K), 0.0017031 secs] [Times: user=0.00 sys=0.00, real=0.00 secs] 
2019-01-02T11:14:13.920+0530: 921.819: [GC (Allocation Failure) 2019-01-02T11:14:13.920+0530: 921.819: [DefNew
Desired survivor size 32768 bytes, new threshold 15 (max 15)
- age   2:        184 bytes,        184 total
: 896K->0K(960K), 0.0008353 secs] 2781K->2173K(10176K), 0.0011454 secs] [Times: user=0.00 sys=0.00, real=0.00 secs] 
2019-01-02T11:14:13.923+0530: 921.822: [GC (Allocation Failure) 2019-01-02T11:14:13.923+0530: 921.822: [DefNew
Desired survivor size 32768 bytes, new threshold 15 (max 15)
- age   3:        184 bytes,        184 total
: 896K->0K(960K), 0.0010086 secs] 3069K->2749K(10176K), 0.0012407 secs] [Times: user=0.00 sys=0.00, real=0.00 secs] 
2019-01-02T11:14:13.925+0530: 921.824: [GC (Allocation Failure) 2019-01-02T11:14:13.925+0530: 921.824: [DefNew
Desired survivor size 32768 bytes, new threshold 15 (max 15)
- age   1:         24 bytes,         24 total
- age   4:        184 bytes,        208 total
: 515K->0K(960K), 0.0002400 secs] 3264K->2749K(10176K), 0.0003022 secs] [Times: user=0.00 sys=0.00, real=0.00 secs] 
2019-01-02T11:14:13.926+0530: 921.825: [GC (Allocation Failure) 2019-01-02T11:14:13.926+0530: 921.825: [DefNew
Desired survivor size 32768 bytes, new threshold 15 (max 15)
- age   2:         24 bytes,         24 total
- age   5:        184 bytes,        208 total
: 517K->0K(960K), 0.0003073 secs] 3266K->3266K(10176K), 0.0003586 secs] [Times: user=0.00 sys=0.00, real=0.00 secs] 
2019-01-02T11:14:13.926+0530: 921.826: [GC (Allocation Failure) 2019-01-02T11:14:13.926+0530: 921.826: [DefNew
Desired survivor size 32768 bytes, new threshold 15 (max 15)
- age   1:         24 bytes,         24 total
- age   6:         72 bytes,         96 total
: 535K->0K(960K), 0.0002959 secs] 3802K->3784K(10176K), 0.0003467 secs] [Times: user=0.00 sys=0.00, real=0.00 secs] 
2019-01-02T11:14:13.992+0530: 921.891: [GC (Allocation Failure) 2019-01-02T11:14:13.992+0530: 921.891: [DefNew
Desired survivor size 32768 bytes, new threshold 15 (max 15)
- age   1:        248 bytes,        248 total
- age   7:         16 bytes,        264 total
: 889K->0K(960K), 0.0013593 secs] 4673K->3856K(10176K), 0.0018450 secs] [Times: user=0.00 sys=0.00, real=0.00 secs] 
2019-01-02T11:14:13.996+0530: 921.895: [GC (Allocation Failure) 2019-01-02T11:14:13.996+0530: 921.895: [DefNew
Desired survivor size 32768 bytes, new threshold 15 (max 15)
- age   2:        184 bytes,        184 total
- age   8:         16 bytes,        200 total
: 896K->0K(960K), 0.0008222 secs] 4752K->4144K(10176K), 0.0009721 secs] [Times: user=0.00 sys=0.00, real=0.00 secs] 
2019-01-02T11:14:13.998+0530: 921.897: [GC (Allocation Failure) 2019-01-02T11:14:13.998+0530: 921.897: [DefNew
Desired survivor size 32768 bytes, new threshold 15 (max 15)
- age   3:        184 bytes,        184 total
- age   9:         16 bytes,        200 total
: 896K->0K(960K), 0.0011244 secs] 5040K->4720K(10176K), 0.0012692 secs] [Times: user=0.00 sys=0.00, real=0.00 secs] 
2019-01-02T11:14:14.001+0530: 921.900: [GC (Allocation Failure) 2019-01-02T11:14:14.001+0530: 921.900: [DefNew
Desired survivor size 32768 bytes, new threshold 15 (max 15)
- age   1:         24 bytes,         24 total
- age   4:        184 bytes,        208 total
- age  10:         16 bytes,        224 total
: 515K->0K(960K), 0.0007298 secs] 5236K->4720K(10176K), 0.0008723 secs] [Times: user=0.00 sys=0.00, real=0.00 secs] 
2019-01-02T11:14:14.002+0530: 921.902: [GC (Allocation Failure) 2019-01-02T11:14:14.002+0530: 921.902: [DefNew
Desired survivor size 32768 bytes, new threshold 15 (max 15)
- age   2:         24 bytes,         24 total
- age   5:        184 bytes,        208 total
- age  11:         16 bytes,        224 total
: 517K->0K(960K), 0.0005285 secs] 5238K->5238K(10176K), 0.0006494 secs] [Times: user=0.00 sys=0.01, real=0.00 secs] 
2019-01-02T11:14:14.004+0530: 921.903: [GC (Allocation Failure) 2019-01-02T11:14:14.004+0530: 921.903: [DefNew
Desired survivor size 32768 bytes, new threshold 15 (max 15)
- age   1:         24 bytes,         24 total
- age   6:         72 bytes,         96 total
- age  12:         16 bytes,        112 total
: 535K->0K(960K), 0.0007389 secs] 5773K->5755K(10176K), 0.0008153 secs] [Times: user=0.00 sys=0.00, real=0.00 secs] 
2019-01-02T11:14:14.064+0530: 921.963: [GC (Allocation Failure) 2019-01-02T11:14:14.064+0530: 921.964: [DefNew
Desired survivor size 32768 bytes, new threshold 15 (max 15)
- age   1:        248 bytes,        248 total
- age   7:         16 bytes,        264 total
- age  13:         16 bytes,        280 total
: 889K->0K(960K), 0.0008655 secs] 6645K->5828K(10176K), 0.0011899 secs] [Times: user=0.00 sys=0.00, real=0.00 secs] 
2019-01-02T11:14:14.068+0530: 921.967: [GC (Allocation Failure) 2019-01-02T11:14:14.068+0530: 921.967: [DefNew
Desired survivor size 32768 bytes, new threshold 15 (max 15)
- age   2:        184 bytes,        184 total
- age   8:         16 bytes,        200 total
- age  14:         16 bytes,        216 total
: 896K->0K(960K), 0.0009180 secs] 6724K->6116K(10176K), 0.0016728 secs] [Times: user=0.00 sys=0.00, real=0.00 secs] 
2019-01-02T11:14:14.071+0530: 921.970: [GC (Allocation Failure) 2019-01-02T11:14:14.071+0530: 921.970: [DefNew
Desired survivor size 32768 bytes, new threshold 15 (max 15)
- age   3:        184 bytes,        184 total
- age   9:         16 bytes,        200 total
- age  15:         16 bytes,        216 total
: 896K->0K(960K), 0.0007988 secs] 7012K->6692K(10176K), 0.0009151 secs] [Times: user=0.00 sys=0.00, real=0.00 secs] 
2019-01-02T11:14:14.074+0530: 921.973: [GC (Allocation Failure) 2019-01-02T11:14:14.074+0530: 921.973: [DefNew
Desired survivor size 32768 bytes, new threshold 15 (max 15)
- age   1:         24 bytes,         24 total
- age   4:        184 bytes,        208 total
- age  10:         16 bytes,        224 total
: 515K->0K(960K), 0.0005342 secs] 7207K->6692K(10176K), 0.0006659 secs] [Times: user=0.00 sys=0.00, real=0.00 secs] 
2019-01-02T11:14:14.075+0530: 921.974: [GC (Allocation Failure) 2019-01-02T11:14:14.075+0530: 921.974: [DefNew
Desired survivor size 32768 bytes, new threshold 15 (max 15)
- age   2:         24 bytes,         24 total
- age   5:        184 bytes,        208 total
- age  11:         16 bytes,        224 total
: 517K->0K(960K), 0.0003204 secs] 7209K->7209K(10176K), 0.0003894 secs] [Times: user=0.00 sys=0.00, real=0.00 secs] 
2019-01-02T11:14:14.075+0530: 921.975: [GC (Allocation Failure) 2019-01-02T11:14:14.075+0530: 921.975: [DefNew
Desired survivor size 32768 bytes, new threshold 15 (max 15)
- age   1:         24 bytes,         24 total
- age   6:         72 bytes,         96 total
- age  12:         16 bytes,        112 total
: 535K->0K(960K), 0.0003370 secs] 7745K->7727K(10176K), 0.0004082 secs] [Times: user=0.00 sys=0.00, real=0.00 secs] 
2019-01-02T11:14:14.134+0530: 922.033: [GC (Allocation Failure) 2019-01-02T11:14:14.134+0530: 922.033: [DefNew
Desired survivor size 32768 bytes, new threshold 15 (max 15)
- age   1:        248 bytes,        248 total
- age   7:         16 bytes,        264 total
- age  13:         16 bytes,        280 total
: 889K->0K(960K), 0.0007663 secs] 8616K->7799K(10176K), 0.0010708 secs] [Times: user=0.00 sys=0.00, real=0.00 secs] 
2019-01-02T11:14:14.137+0530: 922.036: [GC (Allocation Failure) 2019-01-02T11:14:14.137+0530: 922.036: [DefNew
Desired survivor size 32768 bytes, new threshold 15 (max 15)
- age   2:        184 bytes,        184 total
- age   8:         16 bytes,        200 total
- age  14:         16 bytes,        216 total
: 896K->0K(960K), 0.0010924 secs] 8695K->8087K(10176K), 0.0013684 secs] [Times: user=0.00 sys=0.00, real=0.00 secs] 
2019-01-02T11:14:14.139+0530: 922.038: [GC (Allocation Failure) 2019-01-02T11:14:14.139+0530: 922.039: [DefNew
Desired survivor size 32768 bytes, new threshold 15 (max 15)
- age   3:        184 bytes,        184 total
- age   9:         16 bytes,        200 total
- age  15:         16 bytes,        216 total
: 896K->0K(960K), 0.0008974 secs] 8983K->8663K(10176K), 0.0010679 secs] [Times: user=0.00 sys=0.00, real=0.00 secs] 
2019-01-02T11:14:14.142+0530: 922.041: [GC (Allocation Failure) 2019-01-02T11:14:14.142+0530: 922.041: [DefNew
Desired survivor size 32768 bytes, new threshold 15 (max 15)
- age   1:         24 bytes,         24 total
- age   4:        184 bytes,        208 total
- age  10:         16 bytes,        224 total
: 515K->0K(960K), 0.0007823 secs] 9179K->8663K(10176K), 0.0009687 secs] [Times: user=0.00 sys=0.00, real=0.00 secs] 
2019-01-02T11:14:14.144+0530: 922.043: [GC (Allocation Failure) 2019-01-02T11:14:14.144+0530: 922.043: [DefNew
Desired survivor size 32768 bytes, new threshold 15 (max 15)
- age   2:         24 bytes,         24 total
- age   5:        184 bytes,        208 total
- age  11:         16 bytes,        224 total
: 517K->0K(960K), 0.0005930 secs] 9181K->9181K(10176K), 0.0008113 secs] [Times: user=0.00 sys=0.00, real=0.00 secs] 
2019-01-02T11:14:14.146+0530: 922.045: [GC (Allocation Failure) 2019-01-02T11:14:14.146+0530: 922.045: [DefNew: 535K->535K(960K), 0.0000468 secs]2019-01-02T11:14:14.146+0530: 922.045: [Tenured: 9181K->1295K(9216K), 0.0041314 secs] 9716K->1295K(10176K), [Metaspace: 2520K->2520K(1056768K)], 0.0043218 secs] [Times: user=0.00 sys=0.00, real=0.00 secs] 
2019-01-02T11:14:14.211+0530: 922.110: [GC (Allocation Failure) 2019-01-02T11:14:14.211+0530: 922.110: [DefNew
Desired survivor size 32768 bytes, new threshold 15 (max 15)
- age   1:        248 bytes,        248 total
: 889K->0K(960K), 0.0010930 secs] 2184K->1885K(10176K), 0.0013461 secs] [Times: user=0.00 sys=0.00, real=0.00 secs] 
2019-01-02T11:14:14.214+0530: 922.113: [GC (Allocation Failure) 2019-01-02T11:14:14.214+0530: 922.113: [DefNew
Desired survivor size 32768 bytes, new threshold 15 (max 15)
- age   2:        184 bytes,        184 total
: 896K->0K(960K), 0.0010006 secs] 2781K->2173K(10176K), 0.0012749 secs] [Times: user=0.00 sys=0.00, real=0.00 secs] 
2019-01-02T11:14:14.216+0530: 922.115: [GC (Allocation Failure) 2019-01-02T11:14:14.216+0530: 922.115: [DefNew
Desired survivor size 32768 bytes, new threshold 15 (max 15)
- age   3:        184 bytes,        184 total
: 896K->0K(960K), 0.0003729 secs] 3069K->2749K(10176K), 0.0004538 secs] [Times: user=0.00 sys=0.00, real=0.00 secs] 
2019-01-02T11:14:14.218+0530: 922.117: [GC (Allocation Failure) 2019-01-02T11:14:14.218+0530: 922.117: [DefNew
Desired survivor size 32768 bytes, new threshold 15 (max 15)
- age   1:         24 bytes,         24 total
- age   4:        184 bytes,        208 total
: 515K->0K(960K), 0.0002383 secs] 3265K->2749K(10176K), 0.0003079 secs] [Times: user=0.00 sys=0.00, real=0.00 secs] 
2019-01-02T11:14:14.218+0530: 922.118: [GC (Allocation Failure) 2019-01-02T11:14:14.219+0530: 922.118: [DefNew
Desired survivor size 32768 bytes, new threshold 15 (max 15)
- age   2:         24 bytes,         24 total
- age   5:        184 bytes,        208 total
: 517K->0K(960K), 0.0014180 secs] 3267K->3267K(10176K), 0.0016227 secs] [Times: user=0.00 sys=0.00, real=0.00 secs] 
2019-01-02T11:14:14.221+0530: 922.120: [GC (Allocation Failure) 2019-01-02T11:14:14.221+0530: 922.120: [DefNew
Desired survivor size 32768 bytes, new threshold 15 (max 15)
- age   1:         24 bytes,         24 total
- age   6:         72 bytes,         96 total
: 535K->0K(960K), 0.0004658 secs] 3802K->3784K(10176K), 0.0005610 secs] [Times: user=0.00 sys=0.00, real=0.00 secs] 
2019-01-02T11:14:14.281+0530: 922.180: [GC (Allocation Failure) 2019-01-02T11:14:14.281+0530: 922.180: [DefNew
Desired survivor size 32768 bytes, new threshold 15 (max 15)
- age   1:        248 bytes,        248 total
- age   7:         16 bytes,        264 total
: 889K->0K(960K), 0.0004310 secs] 4674K->3857K(10176K), 0.0007252 secs] [Times: user=0.00 sys=0.00, real=0.00 secs] 
2019-01-02T11:14:14.283+0530: 922.182: [GC (Allocation Failure) 2019-01-02T11:14:14.283+0530: 922.183: [DefNew
Desired survivor size 32768 bytes, new threshold 15 (max 15)
- age   2:        184 bytes,        184 total
- age   8:         16 bytes,        200 total
: 896K->0K(960K), 0.0017424 secs] 4753K->4145K(10176K), 0.0020805 secs] [Times: user=0.02 sys=0.00, real=0.00 secs] 
2019-01-02T11:14:14.288+0530: 922.187: [GC (Allocation Failure) 2019-01-02T11:14:14.288+0530: 922.187: [DefNew
Desired survivor size 32768 bytes, new threshold 15 (max 15)
- age   3:        184 bytes,        184 total
- age   9:         16 bytes,        200 total
: 896K->0K(960K), 0.0007224 secs] 5041K->4721K(10176K), 0.0009060 secs] [Times: user=0.00 sys=0.00, real=0.00 secs] 
2019-01-02T11:14:14.290+0530: 922.189: [GC (Allocation Failure) 2019-01-02T11:14:14.290+0530: 922.190: [DefNew
Desired survivor size 32768 bytes, new threshold 15 (max 15)
- age   1:         24 bytes,         24 total
- age   4:        184 bytes,        208 total
- age  10:         16 bytes,        224 total
: 515K->0K(960K), 0.0006625 secs] 5236K->4721K(10176K), 0.0007731 secs] [Times: user=0.00 sys=0.00, real=0.00 secs] 
2019-01-02T11:14:14.292+0530: 922.191: [GC (Allocation Failure) 2019-01-02T11:14:14.292+0530: 922.191: [DefNew
Desired survivor size 32768 bytes, new threshold 15 (max 15)
- age   2:         24 bytes,         24 total
- age   5:        184 bytes,        208 total
- age  11:         16 bytes,        224 total
: 517K->0K(960K), 0.0003204 secs] 5238K->5238K(10176K), 0.0003900 secs] [Times: user=0.00 sys=0.00, real=0.00 secs] 
2019-01-02T11:14:14.292+0530: 922.192: [GC (Allocation Failure) 2019-01-02T11:14:14.292+0530: 922.192: [DefNew
Desired survivor size 32768 bytes, new threshold 15 (max 15)
- age   1:         24 bytes,         24 total
- age   6:         72 bytes,         96 total
- age  12:         16 bytes,        112 total
: 535K->0K(960K), 0.0003261 secs] 5774K->5756K(10176K), 0.0003968 secs] [Times: user=0.00 sys=0.00, real=0.00 secs] 
2019-01-02T11:14:14.352+0530: 922.252: [GC (Allocation Failure) 2019-01-02T11:14:14.353+0530: 922.252: [DefNew
Desired survivor size 32768 bytes, new threshold 15 (max 15)
- age   1:        248 bytes,        248 total
- age   7:         16 bytes,        264 total
- age  13:         16 bytes,        280 total
: 889K->0K(960K), 0.0014345 secs] 6645K->5828K(10176K), 0.0023365 secs] [Times: user=0.00 sys=0.00, real=0.00 secs] 
2019-01-02T11:14:14.357+0530: 922.256: [GC (Allocation Failure) 2019-01-02T11:14:14.357+0530: 922.257: [DefNew
Desired survivor size 32768 bytes, new threshold 15 (max 15)
- age   2:        184 bytes,        184 total
- age   8:         16 bytes,        200 total
- age  14:         16 bytes,        216 total
: 896K->0K(960K), 0.0006671 secs] 6724K->6116K(10176K), 0.0007942 secs] [Times: user=0.00 sys=0.00, real=0.00 secs] 
2019-01-02T11:14:14.359+0530: 922.258: [GC (Allocation Failure) 2019-01-02T11:14:14.359+0530: 922.258: [DefNew
Desired survivor size 32768 bytes, new threshold 15 (max 15)
- age   3:        184 bytes,        184 total
- age   9:         16 bytes,        200 total
- age  15:         16 bytes,        216 total
: 896K->0K(960K), 0.0012002 secs] 7012K->6692K(10176K), 0.0013792 secs] [Times: user=0.00 sys=0.00, real=0.00 secs] 
2019-01-02T11:14:14.362+0530: 922.261: [GC (Allocation Failure) 2019-01-02T11:14:14.362+0530: 922.261: [DefNew
Desired survivor size 32768 bytes, new threshold 15 (max 15)
- age   1:         24 bytes,         24 total
- age   4:        184 bytes,        208 total
- age  10:         16 bytes,        224 total
: 515K->0K(960K), 0.0002509 secs] 7208K->6692K(10176K), 0.0003370 secs] [Times: user=0.00 sys=0.02, real=0.00 secs] 
2019-01-02T11:14:14.363+0530: 922.262: [GC (Allocation Failure) 2019-01-02T11:14:14.363+0530: 922.262: [DefNew
Desired survivor size 32768 bytes, new threshold 15 (max 15)
- age   2:         24 bytes,         24 total
- age   5:        184 bytes,        208 total
- age  11:         16 bytes,        224 total
: 517K->0K(960K), 0.0003290 secs] 7210K->7210K(10176K), 0.0003997 secs] [Times: user=0.00 sys=0.00, real=0.00 secs] 
2019-01-02T11:14:14.364+0530: 922.263: [GC (Allocation Failure) 2019-01-02T11:14:14.364+0530: 922.263: [DefNew
Desired survivor size 32768 bytes, new threshold 15 (max 15)
- age   1:         24 bytes,         24 total
- age   6:         72 bytes,         96 total
- age  12:         16 bytes,        112 total
: 535K->0K(960K), 0.0004270 secs] 7745K->7728K(10176K), 0.0005485 secs] [Times: user=0.00 sys=0.00, real=0.00 secs] 
2019-01-02T11:14:14.438+0530: 922.337: [GC (Allocation Failure) 2019-01-02T11:14:14.438+0530: 922.338: [DefNew
Desired survivor size 32768 bytes, new threshold 15 (max 15)
- age   1:        248 bytes,        248 total
- age   7:         16 bytes,        264 total
- age  13:         16 bytes,        280 total
: 889K->0K(960K), 0.0012789 secs] 8617K->7800K(10176K), 0.0016979 secs] [Times: user=0.00 sys=0.00, real=0.00 secs] 
2019-01-02T11:14:14.442+0530: 922.341: [GC (Allocation Failure) 2019-01-02T11:14:14.442+0530: 922.341: [DefNew
Desired survivor size 32768 bytes, new threshold 15 (max 15)
- age   2:        184 bytes,        184 total
- age   8:         16 bytes,        200 total
- age  14:         16 bytes,        216 total
: 896K->0K(960K), 0.0007292 secs] 8696K->8088K(10176K), 0.0010075 secs] [Times: user=0.00 sys=0.00, real=0.00 secs] 
2019-01-02T11:14:14.445+0530: 922.344: [GC (Allocation Failure) 2019-01-02T11:14:14.445+0530: 922.344: [DefNew
Desired survivor size 32768 bytes, new threshold 15 (max 15)
- age   3:        184 bytes,        184 total
- age   9:         16 bytes,        200 total
- age  15:         16 bytes,        216 total
: 896K->0K(960K), 0.0014146 secs] 8984K->8664K(10176K), 0.0019043 secs] [Times: user=0.00 sys=0.00, real=0.00 secs] 
2019-01-02T11:14:14.448+0530: 922.348: [GC (Allocation Failure) 2019-01-02T11:14:14.449+0530: 922.348: [DefNew
Desired survivor size 32768 bytes, new threshold 15 (max 15)
- age   1:         24 bytes,         24 total
- age   4:        184 bytes,        208 total
- age  10:         16 bytes,        224 total
: 515K->0K(960K), 0.0002811 secs] 9179K->8664K(10176K), 0.0005063 secs] [Times: user=0.00 sys=0.00, real=0.00 secs] 
2019-01-02T11:14:14.449+0530: 922.349: [GC (Allocation Failure) 2019-01-02T11:14:14.449+0530: 922.349: [DefNew
Desired survivor size 32768 bytes, new threshold 15 (max 15)
- age   2:         24 bytes,         24 total
- age   5:        184 bytes,        208 total
- age  11:         16 bytes,        224 total
: 518K->0K(960K), 0.0003518 secs] 9182K->9182K(10176K), 0.0004145 secs] [Times: user=0.00 sys=0.00, real=0.00 secs] 
2019-01-02T11:14:14.450+0530: 922.349: [GC (Allocation Failure) 2019-01-02T11:14:14.450+0530: 922.349: [DefNew: 535K->535K(960K), 0.0000234 secs]2019-01-02T11:14:14.450+0530: 922.349: [Tenured: 9181K->1295K(9216K), 0.0048640 secs] 9717K->1295K(10176K), [Metaspace: 2520K->2520K(1056768K)], 0.0050214 secs] [Times: user=0.00 sys=0.00, real=0.00 secs] 
2019-01-02T11:14:14.533+0530: 922.432: [GC (Allocation Failure) 2019-01-02T11:14:14.533+0530: 922.432: [DefNew
Desired survivor size 32768 bytes, new threshold 15 (max 15)
- age   1:        248 bytes,        248 total
: 889K->0K(960K), 0.0014100 secs] 2184K->1885K(10176K), 0.0017247 secs] [Times: user=0.02 sys=0.00, real=0.00 secs] 
2019-01-02T11:14:14.536+0530: 922.436: [GC (Allocation Failure) 2019-01-02T11:14:14.536+0530: 922.436: [DefNew
Desired survivor size 32768 bytes, new threshold 15 (max 15)
- age   2:        184 bytes,        184 total
: 896K->0K(960K), 0.0009505 secs] 2781K->2173K(10176K), 0.0011557 secs] [Times: user=0.00 sys=0.00, real=0.00 secs] 
2019-01-02T11:14:14.540+0530: 922.439: [GC (Allocation Failure) 2019-01-02T11:14:14.540+0530: 922.439: [DefNew
Desired survivor size 32768 bytes, new threshold 15 (max 15)
- age   3:        184 bytes,        184 total
: 896K->0K(960K), 0.0015748 secs] 3069K->2749K(10176K), 0.0020241 secs] [Times: user=0.00 sys=0.00, real=0.00 secs] 
2019-01-02T11:14:14.544+0530: 922.443: [GC (Allocation Failure) 2019-01-02T11:14:14.544+0530: 922.443: [DefNew
Desired survivor size 32768 bytes, new threshold 15 (max 15)
- age   1:         24 bytes,         24 total
- age   4:        184 bytes,        208 total
: 515K->0K(960K), 0.0006506 secs] 3265K->2749K(10176K), 0.0008427 secs] [Times: user=0.00 sys=0.00, real=0.00 secs] 
2019-01-02T11:14:14.545+0530: 922.444: [GC (Allocation Failure) 2019-01-02T11:14:14.546+0530: 922.445: [DefNew
Desired survivor size 32768 bytes, new threshold 15 (max 15)
- age   2:         24 bytes,         24 total
- age   5:        184 bytes,        208 total
: 518K->0K(960K), 0.0015622 secs] 3267K->3267K(10176K), 0.0021552 secs] [Times: user=0.00 sys=0.00, real=0.00 secs] 
2019-01-02T11:14:14.548+0530: 922.447: [GC (Allocation Failure) 2019-01-02T11:14:14.548+0530: 922.447: [DefNew
Desired survivor size 32768 bytes, new threshold 15 (max 15)
- age   1:         24 bytes,         24 total
- age   6:         72 bytes,         96 total
: 535K->0K(960K), 0.0004624 secs] 3803K->3785K(10176K), 0.0005884 secs] [Times: user=0.00 sys=0.00, real=0.00 secs] 
2019-01-02T11:14:14.622+0530: 922.521: [GC (Allocation Failure) 2019-01-02T11:14:14.622+0530: 922.521: [DefNew
Desired survivor size 32768 bytes, new threshold 15 (max 15)
- age   1:        248 bytes,        248 total
- age   7:         16 bytes,        264 total
: 889K->0K(960K), 0.0012458 secs] 4674K->3857K(10176K), 0.0016854 secs] [Times: user=0.00 sys=0.00, real=0.00 secs] 
2019-01-02T11:14:14.626+0530: 922.525: [GC (Allocation Failure) 2019-01-02T11:14:14.626+0530: 922.525: [DefNew
Desired survivor size 32768 bytes, new threshold 15 (max 15)
- age   2:        184 bytes,        184 total
- age   8:         16 bytes,        200 total
: 896K->0K(960K), 0.0009026 secs] 4753K->4145K(10176K), 0.0013570 secs] [Times: user=0.00 sys=0.00, real=0.00 secs] 
2019-01-02T11:14:14.628+0530: 922.527: [GC (Allocation Failure) 2019-01-02T11:14:14.628+0530: 922.528: [DefNew
Desired survivor size 32768 bytes, new threshold 15 (max 15)
- age   3:        184 bytes,        184 total
- age   9:         16 bytes,        200 total
: 896K->0K(960K), 0.0014676 secs] 5041K->4721K(10176K), 0.0017703 secs] [Times: user=0.00 sys=0.00, real=0.00 secs] 
2019-01-02T11:14:14.632+0530: 922.531: [GC (Allocation Failure) 2019-01-02T11:14:14.632+0530: 922.531: [DefNew
Desired survivor size 32768 bytes, new threshold 15 (max 15)
- age   1:         24 bytes,         24 total
- age   4:        184 bytes,        208 total
- age  10:         16 bytes,        224 total
: 515K->0K(960K), 0.0003563 secs] 5236K->4721K(10176K), 0.0004795 secs] [Times: user=0.00 sys=0.00, real=0.00 secs] 
2019-01-02T11:14:14.633+0530: 922.532: [GC (Allocation Failure) 2019-01-02T11:14:14.633+0530: 922.532: [DefNew
Desired survivor size 32768 bytes, new threshold 15 (max 15)
- age   2:         24 bytes,         24 total
- age   5:        184 bytes,        208 total
- age  11:         16 bytes,        224 total
: 518K->0K(960K), 0.0005479 secs] 5239K->5239K(10176K), 0.0007093 secs] [Times: user=0.00 sys=0.00, real=0.00 secs] 
2019-01-02T11:14:14.634+0530: 922.533: [GC (Allocation Failure) 2019-01-02T11:14:14.634+0530: 922.533: [DefNew
Desired survivor size 32768 bytes, new threshold 15 (max 15)
- age   1:         24 bytes,         24 total
- age   6:         72 bytes,         96 total
- age  12:         16 bytes,        112 total
: 535K->0K(960K), 0.0003210 secs] 5774K->5757K(10176K), 0.0003780 secs] [Times: user=0.00 sys=0.00, real=0.00 secs] 
2019-01-02T11:14:14.716+0530: 922.615: [GC (Allocation Failure) 2019-01-02T11:14:14.716+0530: 922.615: [DefNew
Desired survivor size 32768 bytes, new threshold 15 (max 15)
- age   1:        248 bytes,        248 total
- age   7:         16 bytes,        264 total
- age  13:         16 bytes,        280 total
: 889K->0K(960K), 0.0012920 secs] 6646K->5829K(10176K), 0.0016962 secs] [Times: user=0.00 sys=0.00, real=0.00 secs] 
2019-01-02T11:14:14.719+0530: 922.619: [GC (Allocation Failure) 2019-01-02T11:14:14.719+0530: 922.619: [DefNew
Desired survivor size 32768 bytes, new threshold 15 (max 15)
- age   2:        184 bytes,        184 total
- age   8:         16 bytes,        200 total
- age  14:         16 bytes,        216 total
: 896K->0K(960K), 0.0007857 secs] 6725K->6117K(10176K), 0.0008780 secs] [Times: user=0.00 sys=0.00, real=0.00 secs] 
2019-01-02T11:14:14.721+0530: 922.620: [GC (Allocation Failure) 2019-01-02T11:14:14.721+0530: 922.620: [DefNew
Desired survivor size 32768 bytes, new threshold 15 (max 15)
- age   3:        184 bytes,        184 total
- age   9:         16 bytes,        200 total
- age  15:         16 bytes,        216 total
: 896K->0K(960K), 0.0007914 secs] 7013K->6693K(10176K), 0.0010582 secs] [Times: user=0.00 sys=0.00, real=0.00 secs] 
2019-01-02T11:14:14.724+0530: 922.624: [GC (Allocation Failure) 2019-01-02T11:14:14.725+0530: 922.624: [DefNew
Desired survivor size 32768 bytes, new threshold 15 (max 15)
- age   1:         24 bytes,         24 total
- age   4:        184 bytes,        208 total
- age  10:         16 bytes,        224 total
: 515K->0K(960K), 0.0010919 secs] 7208K->6693K(10176K), 0.0013045 secs] [Times: user=0.00 sys=0.00, real=0.00 secs] 
2019-01-02T11:14:14.727+0530: 922.626: [GC (Allocation Failure) 2019-01-02T11:14:14.727+0530: 922.626: [DefNew
Desired survivor size 32768 bytes, new threshold 15 (max 15)
- age   2:         24 bytes,         24 total
- age   5:        184 bytes,        208 total
- age  11:         16 bytes,        224 total
: 518K->0K(960K), 0.0013997 secs] 7211K->7211K(10176K), 0.0016518 secs] [Times: user=0.00 sys=0.00, real=0.00 secs] 
2019-01-02T11:14:14.730+0530: 922.629: [GC (Allocation Failure) 2019-01-02T11:14:14.730+0530: 922.629: [DefNew
Desired survivor size 32768 bytes, new threshold 15 (max 15)
- age   1:         24 bytes,         24 total
- age   6:         72 bytes,         96 total
- age  12:         16 bytes,        112 total
: 535K->0K(960K), 0.0005177 secs] 7746K->7728K(10176K), 0.0006397 secs] [Times: user=0.00 sys=0.00, real=0.00 secs] 
2019-01-02T11:14:14.802+0530: 922.701: [GC (Allocation Failure) 2019-01-02T11:14:14.802+0530: 922.701: [DefNew
Desired survivor size 32768 bytes, new threshold 15 (max 15)
- age   1:        248 bytes,        248 total
- age   7:         16 bytes,        264 total
- age  13:         16 bytes,        280 total
: 889K->0K(960K), 0.0005867 secs] 8618K->7801K(10176K), 0.0008370 secs] [Times: user=0.00 sys=0.00, real=0.00 secs] 
2019-01-02T11:14:14.804+0530: 922.703: [GC (Allocation Failure) 2019-01-02T11:14:14.804+0530: 922.703: [DefNew
Desired survivor size 32768 bytes, new threshold 15 (max 15)
- age   2:        184 bytes,        184 total
- age   8:         16 bytes,        200 total
- age  14:         16 bytes,        216 total
: 896K->0K(960K), 0.0006620 secs] 8697K->8089K(10176K), 0.0008763 secs] [Times: user=0.00 sys=0.00, real=0.00 secs] 
2019-01-02T11:14:14.807+0530: 922.706: [GC (Allocation Failure) 2019-01-02T11:14:14.807+0530: 922.706: [DefNew
Desired survivor size 32768 bytes, new threshold 15 (max 15)
- age   3:        184 bytes,        184 total
- age   9:         16 bytes,        200 total
- age  15:         16 bytes,        216 total
: 896K->0K(960K), 0.0013969 secs] 8985K->8665K(10176K), 0.0018085 secs] [Times: user=0.00 sys=0.00, real=0.00 secs] 
2019-01-02T11:14:14.811+0530: 922.710: [GC (Allocation Failure) 2019-01-02T11:14:14.811+0530: 922.710: [DefNew
Desired survivor size 32768 bytes, new threshold 15 (max 15)
- age   1:         24 bytes,         24 total
- age   4:        184 bytes,        208 total
- age  10:         16 bytes,        224 total
: 515K->0K(960K), 0.0007161 secs] 9180K->8665K(10176K), 0.0009767 secs] [Times: user=0.00 sys=0.00, real=0.00 secs] 
2019-01-02T11:14:14.813+0530: 922.712: [GC (Allocation Failure) 2019-01-02T11:14:14.813+0530: 922.712: [DefNew
Desired survivor size 32768 bytes, new threshold 15 (max 15)
- age   2:         24 bytes,         24 total
- age   5:        184 bytes,        208 total
- age  11:         16 bytes,        224 total
: 518K->0K(960K), 0.0013980 secs] 9183K->9183K(10176K), 0.0016985 secs] [Times: user=0.02 sys=0.00, real=0.00 secs] 
2019-01-02T11:14:14.815+0530: 922.714: [GC (Allocation Failure) 2019-01-02T11:14:14.815+0530: 922.715: [DefNew: 535K->535K(960K), 0.0000479 secs]2019-01-02T11:14:14.815+0530: 922.715: [Tenured: 9182K->1295K(9216K), 0.0039883 secs] 9718K->1295K(10176K), [Metaspace: 2520K->2520K(1056768K)], 0.0041958 secs] [Times: user=0.00 sys=0.00, real=0.00 secs] 
2019-01-02T11:14:14.878+0530: 922.777: [GC (Allocation Failure) 2019-01-02T11:14:14.878+0530: 922.777: [DefNew
Desired survivor size 32768 bytes, new threshold 15 (max 15)
- age   1:        248 bytes,        248 total
: 889K->0K(960K), 0.0010417 secs] 2185K->1886K(10176K), 0.0012099 secs] [Times: user=0.00 sys=0.00, real=0.00 secs] 
2019-01-02T11:14:14.881+0530: 922.780: [GC (Allocation Failure) 2019-01-02T11:14:14.881+0530: 922.780: [DefNew
Desired survivor size 32768 bytes, new threshold 15 (max 15)
- age   2:        184 bytes,        184 total
: 896K->0K(960K), 0.0008837 secs] 2782K->2173K(10176K), 0.0010599 secs] [Times: user=0.00 sys=0.00, real=0.00 secs] 
2019-01-02T11:14:14.883+0530: 922.783: [GC (Allocation Failure) 2019-01-02T11:14:14.884+0530: 922.783: [DefNew
Desired survivor size 32768 bytes, new threshold 15 (max 15)
- age   3:        184 bytes,        184 total
: 896K->0K(960K), 0.0010599 secs] 3069K->2750K(10176K), 0.0011990 secs] [Times: user=0.00 sys=0.00, real=0.00 secs] 
2019-01-02T11:14:14.886+0530: 922.786: [GC (Allocation Failure) 2019-01-02T11:14:14.886+0530: 922.786: [DefNew
Desired survivor size 32768 bytes, new threshold 15 (max 15)
- age   1:         24 bytes,         24 total
- age   4:        184 bytes,        208 total
: 515K->0K(960K), 0.0002902 secs] 3265K->2750K(10176K), 0.0003735 secs] [Times: user=0.00 sys=0.00, real=0.00 secs] 
2019-01-02T11:14:14.887+0530: 922.786: [GC (Allocation Failure) 2019-01-02T11:14:14.887+0530: 922.786: [DefNew
Desired survivor size 32768 bytes, new threshold 15 (max 15)
- age   2:         24 bytes,         24 total
- age   5:        184 bytes,        208 total
: 518K->0K(960K), 0.0003181 secs] 3267K->3267K(10176K), 0.0003888 secs] [Times: user=0.00 sys=0.00, real=0.00 secs] 
2019-01-02T11:14:14.888+0530: 922.787: [GC (Allocation Failure) 2019-01-02T11:14:14.888+0530: 922.787: [DefNew
Desired survivor size 32768 bytes, new threshold 15 (max 15)
- age   1:         24 bytes,         24 total
- age   6:         72 bytes,         96 total
: 535K->0K(960K), 0.0003130 secs] 3803K->3785K(10176K), 0.0003831 secs] [Times: user=0.00 sys=0.00, real=0.00 secs] 
2019-01-02T11:14:14.947+0530: 922.846: [GC (Allocation Failure) 2019-01-02T11:14:14.947+0530: 922.846: [DefNew
Desired survivor size 32768 bytes, new threshold 15 (max 15)
- age   1:        248 bytes,        248 total
- age   7:         16 bytes,        264 total
: 889K->0K(960K), 0.0010194 secs] 4675K->3857K(10176K), 0.0013678 secs] [Times: user=0.00 sys=0.00, real=0.00 secs] 
2019-01-02T11:14:14.950+0530: 922.850: [GC (Allocation Failure) 2019-01-02T11:14:14.951+0530: 922.850: [DefNew
Desired survivor size 32768 bytes, new threshold 15 (max 15)
- age   2:        184 bytes,        184 total
- age   8:         16 bytes,        200 total
: 896K->0K(960K), 0.0007857 secs] 4753K->4145K(10176K), 0.0009904 secs] [Times: user=0.00 sys=0.00, real=0.00 secs] 
2019-01-02T11:14:14.953+0530: 922.852: [GC (Allocation Failure) 2019-01-02T11:14:14.953+0530: 922.852: [DefNew
Desired survivor size 32768 bytes, new threshold 15 (max 15)
- age   3:        184 bytes,        184 total
- age   9:         16 bytes,        200 total
: 896K->0K(960K), 0.0010343 secs] 5041K->4721K(10176K), 0.0011631 secs] [Times: user=0.00 sys=0.00, real=0.00 secs] 
2019-01-02T11:14:14.955+0530: 922.855: [GC (Allocation Failure) 2019-01-02T11:14:14.955+0530: 922.855: [DefNew
Desired survivor size 32768 bytes, new threshold 15 (max 15)
- age   1:         24 bytes,         24 total
- age   4:        184 bytes,        208 total
- age  10:         16 bytes,        224 total
: 515K->0K(960K), 0.0002657 secs] 5237K->4721K(10176K), 0.0003444 secs] [Times: user=0.00 sys=0.00, real=0.00 secs] 
2019-01-02T11:14:14.956+0530: 922.855: [GC (Allocation Failure) 2019-01-02T11:14:14.956+0530: 922.855: [DefNew
Desired survivor size 32768 bytes, new threshold 15 (max 15)
- age   2:         24 bytes,         24 total
- age   5:        184 bytes,        208 total
- age  11:         16 bytes,        224 total
: 518K->0K(960K), 0.0015885 secs] 5239K->5239K(10176K), 0.0017361 secs] [Times: user=0.00 sys=0.00, real=0.00 secs] 
2019-01-02T11:14:14.958+0530: 922.857: [GC (Allocation Failure) 2019-01-02T11:14:14.958+0530: 922.857: [DefNew
Desired survivor size 32768 bytes, new threshold 15 (max 15)
- age   1:         24 bytes,         24 total
- age   6:         72 bytes,         96 total
- age  12:         16 bytes,        112 total
: 535K->0K(960K), 0.0004613 secs] 5775K->5757K(10176K), 0.0005673 secs] [Times: user=0.00 sys=0.00, real=0.00 secs] 
2019-01-02T11:14:15.021+0530: 922.921: [GC (Allocation Failure) 2019-01-02T11:14:15.021+0530: 922.921: [DefNew
Desired survivor size 32768 bytes, new threshold 15 (max 15)
- age   1:        248 bytes,        248 total
- age   7:         16 bytes,        264 total
- age  13:         16 bytes,        280 total
: 889K->0K(960K), 0.0010730 secs] 6647K->5829K(10176K), 0.0013581 secs] [Times: user=0.00 sys=0.00, real=0.00 secs] 
2019-01-02T11:14:15.025+0530: 922.924: [GC (Allocation Failure) 2019-01-02T11:14:15.025+0530: 922.924: [DefNew
Desired survivor size 32768 bytes, new threshold 15 (max 15)
- age   2:        184 bytes,        184 total
- age   8:         16 bytes,        200 total
- age  14:         16 bytes,        216 total
: 896K->0K(960K), 0.0013547 secs] 6725K->6117K(10176K), 0.0015668 secs] [Times: user=0.00 sys=0.00, real=0.00 secs] 
2019-01-02T11:14:15.028+0530: 922.927: [GC (Allocation Failure) 2019-01-02T11:14:15.028+0530: 922.927: [DefNew
Desired survivor size 32768 bytes, new threshold 15 (max 15)
- age   3:        184 bytes,        184 total
- age   9:         16 bytes,        200 total
- age  15:         16 bytes,        216 total
: 896K->0K(960K), 0.0008142 secs] 7013K->6693K(10176K), 0.0009425 secs] [Times: user=0.00 sys=0.00, real=0.00 secs] 
2019-01-02T11:14:15.030+0530: 922.929: [GC (Allocation Failure) 2019-01-02T11:14:15.030+0530: 922.929: [DefNew
Desired survivor size 32768 bytes, new threshold 15 (max 15)
- age   1:         24 bytes,         24 total
- age   4:        184 bytes,        208 total
- age  10:         16 bytes,        224 total
: 515K->0K(960K), 0.0004293 secs] 7209K->6693K(10176K), 0.0005177 secs] [Times: user=0.00 sys=0.00, real=0.00 secs] 
2019-01-02T11:14:15.031+0530: 922.930: [GC (Allocation Failure) 2019-01-02T11:14:15.031+0530: 922.930: [DefNew
Desired survivor size 32768 bytes, new threshold 15 (max 15)
- age   2:         24 bytes,         24 total
- age   5:        184 bytes,        208 total
- age  11:         16 bytes,        224 total
: 518K->0K(960K), 0.0003313 secs] 7211K->7211K(10176K), 0.0004003 secs] [Times: user=0.00 sys=0.00, real=0.00 secs] 
2019-01-02T11:14:15.032+0530: 922.931: [GC (Allocation Failure) 2019-01-02T11:14:15.032+0530: 922.931: [DefNew
Desired survivor size 32768 bytes, new threshold 15 (max 15)
- age   1:         24 bytes,         24 total
- age   6:         72 bytes,         96 total
- age  12:         16 bytes,        112 total
: 535K->0K(960K), 0.0003096 secs] 7747K->7729K(10176K), 0.0003803 secs] [Times: user=0.00 sys=0.00, real=0.00 secs] 
2019-01-02T11:14:15.092+0530: 922.991: [GC (Allocation Failure) 2019-01-02T11:14:15.092+0530: 922.991: [DefNew
Desired survivor size 32768 bytes, new threshold 15 (max 15)
- age   1:        248 bytes,        248 total
- age   7:         16 bytes,        264 total
- age  13:         16 bytes,        280 total
: 889K->0K(960K), 0.0007634 secs] 8619K->7801K(10176K), 0.0012880 secs] [Times: user=0.00 sys=0.00, real=0.00 secs] 
2019-01-02T11:14:15.095+0530: 922.994: [GC (Allocation Failure) 2019-01-02T11:14:15.095+0530: 922.994: [DefNew
Desired survivor size 32768 bytes, new threshold 15 (max 15)
- age   2:        184 bytes,        184 total
- age   8:         16 bytes,        200 total
- age  14:         16 bytes,        216 total
: 896K->0K(960K), 0.0006591 secs] 8697K->8089K(10176K), 0.0007828 secs] [Times: user=0.00 sys=0.00, real=0.00 secs] 
2019-01-02T11:14:15.097+0530: 922.996: [GC (Allocation Failure) 2019-01-02T11:14:15.097+0530: 922.996: [DefNew
Desired survivor size 32768 bytes, new threshold 15 (max 15)
- age   3:        184 bytes,        184 total
- age   9:         16 bytes,        200 total
- age  15:         16 bytes,        216 total
: 896K->0K(960K), 0.0015069 secs] 8985K->8665K(10176K), 0.0018199 secs] [Times: user=0.00 sys=0.00, real=0.00 secs] 
2019-01-02T11:14:15.100+0530: 922.999: [GC (Allocation Failure) 2019-01-02T11:14:15.100+0530: 923.000: [DefNew
Desired survivor size 32768 bytes, new threshold 15 (max 15)
- age   1:         24 bytes,         24 total
- age   4:        184 bytes,        208 total
- age  10:         16 bytes,        224 total
: 515K->0K(960K), 0.0002771 secs] 9181K->8665K(10176K), 0.0003621 secs] [Times: user=0.00 sys=0.00, real=0.00 secs] 
2019-01-02T11:14:15.101+0530: 923.000: [GC (Allocation Failure) 2019-01-02T11:14:15.101+0530: 923.000: [DefNew
Desired survivor size 32768 bytes, new threshold 15 (max 15)
- age   2:         24 bytes,         24 total
- age   5:        184 bytes,        208 total
- age  11:         16 bytes,        224 total
: 518K->0K(960K), 0.0003170 secs] 9183K->9183K(10176K), 0.0003849 secs] [Times: user=0.00 sys=0.00, real=0.00 secs] 
2019-01-02T11:14:15.102+0530: 923.001: [GC (Allocation Failure) 2019-01-02T11:14:15.102+0530: 923.001: [DefNew: 535K->535K(960K), 0.0000279 secs]2019-01-02T11:14:15.102+0530: 923.001: [Tenured: 9183K->1295K(9216K), 0.0037442 secs] 9719K->1295K(10176K), [Metaspace: 2520K->2520K(1056768K)], 0.0038930 secs] [Times: user=0.00 sys=0.00, real=0.00 secs] 
2019-01-02T11:14:15.166+0530: 923.065: [GC (Allocation Failure) 2019-01-02T11:14:15.166+0530: 923.065: [DefNew
Desired survivor size 32768 bytes, new threshold 15 (max 15)
- age   1:        248 bytes,        248 total
: 889K->0K(960K), 0.0013222 secs] 2185K->1886K(10176K), 0.0016358 secs] [Times: user=0.00 sys=0.00, real=0.00 secs] 
2019-01-02T11:14:15.170+0530: 923.069: [GC (Allocation Failure) 2019-01-02T11:14:15.170+0530: 923.070: [DefNew
Desired survivor size 32768 bytes, new threshold 15 (max 15)
- age   2:        184 bytes,        184 total
: 896K->0K(960K), 0.0006739 secs] 2782K->2174K(10176K), 0.0010326 secs] [Times: user=0.00 sys=0.00, real=0.00 secs] 
2019-01-02T11:14:15.173+0530: 923.072: [GC (Allocation Failure) 2019-01-02T11:14:15.173+0530: 923.072: [DefNew
Desired survivor size 32768 bytes, new threshold 15 (max 15)
- age   3:        184 bytes,        184 total
: 896K->0K(960K), 0.0003946 secs] 3070K->2750K(10176K), 0.0004806 secs] [Times: user=0.00 sys=0.00, real=0.00 secs] 
2019-01-02T11:14:15.175+0530: 923.075: [GC (Allocation Failure) 2019-01-02T11:14:15.175+0530: 923.075: [DefNew
Desired survivor size 32768 bytes, new threshold 15 (max 15)
- age   1:         24 bytes,         24 total
- age   4:        184 bytes,        208 total
: 515K->0K(960K), 0.0003062 secs] 3265K->2750K(10176K), 0.0005679 secs] [Times: user=0.00 sys=0.00, real=0.00 secs] 
2019-01-02T11:14:15.176+0530: 923.075: [GC (Allocation Failure) 2019-01-02T11:14:15.176+0530: 923.075: [DefNew
Desired survivor size 32768 bytes, new threshold 15 (max 15)
- age   2:         24 bytes,         24 total
- age   5:        184 bytes,        208 total
: 518K->0K(960K), 0.0007235 secs] 3268K->3268K(10176K), 0.0008478 secs] [Times: user=0.00 sys=0.00, real=0.00 secs] 
2019-01-02T11:14:15.178+0530: 923.078: [GC (Allocation Failure) 2019-01-02T11:14:15.178+0530: 923.078: [DefNew
Desired survivor size 32768 bytes, new threshold 15 (max 15)
- age   1:         24 bytes,         24 total
- age   6:         72 bytes,         96 total
: 535K->0K(960K), 0.0011454 secs] 3803K->3786K(10176K), 0.0013308 secs] [Times: user=0.00 sys=0.00, real=0.00 secs] 
2019-01-02T11:14:15.239+0530: 923.139: [GC (Allocation Failure) 2019-01-02T11:14:15.239+0530: 923.139: [DefNew
Desired survivor size 32768 bytes, new threshold 15 (max 15)
- age   1:        248 bytes,        248 total
- age   7:         16 bytes,        264 total
: 889K->0K(960K), 0.0009299 secs] 4675K->3858K(10176K), 0.0011358 secs] [Times: user=0.00 sys=0.00, real=0.00 secs] 
2019-01-02T11:14:15.243+0530: 923.142: [GC (Allocation Failure) 2019-01-02T11:14:15.243+0530: 923.142: [DefNew
Desired survivor size 32768 bytes, new threshold 15 (max 15)
- age   2:        184 bytes,        184 total
- age   8:         16 bytes,        200 total
: 896K->0K(960K), 0.0013935 secs] 4754K->4146K(10176K), 0.0017333 secs] [Times: user=0.00 sys=0.00, real=0.00 secs] 
2019-01-02T11:14:15.246+0530: 923.145: [GC (Allocation Failure) 2019-01-02T11:14:15.246+0530: 923.145: [DefNew
Desired survivor size 32768 bytes, new threshold 15 (max 15)
- age   3:        184 bytes,        184 total
- age   9:         16 bytes,        200 total
: 896K->0K(960K), 0.0008444 secs] 5042K->4722K(10176K), 0.0010286 secs] [Times: user=0.00 sys=0.00, real=0.00 secs] 
2019-01-02T11:14:15.248+0530: 923.148: [GC (Allocation Failure) 2019-01-02T11:14:15.248+0530: 923.148: [DefNew
Desired survivor size 32768 bytes, new threshold 15 (max 15)
- age   1:         24 bytes,         24 total
- age   4:        184 bytes,        208 total
- age  10:         16 bytes,        224 total
: 515K->0K(960K), 0.0002657 secs] 5237K->4722K(10176K), 0.0003364 secs] [Times: user=0.00 sys=0.00, real=0.00 secs] 
2019-01-02T11:14:15.249+0530: 923.148: [GC (Allocation Failure) 2019-01-02T11:14:15.249+0530: 923.148: [DefNew
Desired survivor size 32768 bytes, new threshold 15 (max 15)
- age   2:         24 bytes,         24 total
- age   5:        184 bytes,        208 total
- age  11:         16 bytes,        224 total
: 518K->0K(960K), 0.0003085 secs] 5240K->5240K(10176K), 0.0003655 secs] [Times: user=0.00 sys=0.00, real=0.00 secs] 
2019-01-02T11:14:15.250+0530: 923.149: [GC (Allocation Failure) 2019-01-02T11:14:15.250+0530: 923.149: [DefNew
Desired survivor size 32768 bytes, new threshold 15 (max 15)
- age   1:         24 bytes,         24 total
- age   6:         72 bytes,         96 total
- age  12:         16 bytes,        112 total
: 535K->0K(960K), 0.0003512 secs] 5775K->5758K(10176K), 0.0004071 secs] [Times: user=0.00 sys=0.00, real=0.00 secs] 
2019-01-02T11:14:15.318+0530: 923.217: [GC (Allocation Failure) 2019-01-02T11:14:15.318+0530: 923.217: [DefNew
Desired survivor size 32768 bytes, new threshold 15 (max 15)
- age   1:        248 bytes,        248 total
- age   7:         16 bytes,        264 total
- age  13:         16 bytes,        280 total
: 889K->0K(960K), 0.0007703 secs] 6647K->5830K(10176K), 0.0011831 secs] [Times: user=0.00 sys=0.00, real=0.00 secs] 
2019-01-02T11:14:15.321+0530: 923.220: [GC (Allocation Failure) 2019-01-02T11:14:15.321+0530: 923.220: [DefNew
Desired survivor size 32768 bytes, new threshold 15 (max 15)
- age   2:        184 bytes,        184 total
- age   8:         16 bytes,        200 total
- age  14:         16 bytes,        216 total
: 896K->0K(960K), 0.0009955 secs] 6726K->6118K(10176K), 0.0011500 secs] [Times: user=0.00 sys=0.00, real=0.00 secs] 
2019-01-02T11:14:15.323+0530: 923.222: [GC (Allocation Failure) 2019-01-02T11:14:15.323+0530: 923.222: [DefNew
Desired survivor size 32768 bytes, new threshold 15 (max 15)
- age   3:        184 bytes,        184 total
- age   9:         16 bytes,        200 total
- age  15:         16 bytes,        216 total
: 896K->0K(960K), 0.0003449 secs] 7014K->6694K(10176K), 0.0004219 secs] [Times: user=0.00 sys=0.00, real=0.00 secs] 
2019-01-02T11:14:15.325+0530: 923.224: [GC (Allocation Failure) 2019-01-02T11:14:15.325+0530: 923.224: [DefNew
Desired survivor size 32768 bytes, new threshold 15 (max 15)
- age   1:         24 bytes,         24 total
- age   4:        184 bytes,        208 total
- age  10:         16 bytes,        224 total
: 515K->0K(960K), 0.0006506 secs] 7209K->6694K(10176K), 0.0008376 secs] [Times: user=0.00 sys=0.00, real=0.00 secs] 
2019-01-02T11:14:15.326+0530: 923.226: [GC (Allocation Failure) 2019-01-02T11:14:15.326+0530: 923.226: [DefNew
Desired survivor size 32768 bytes, new threshold 15 (max 15)
- age   2:         24 bytes,         24 total
- age   5:        184 bytes,        208 total
- age  11:         16 bytes,        224 total
: 518K->0K(960K), 0.0004761 secs] 7212K->7212K(10176K), 0.0005776 secs] [Times: user=0.00 sys=0.00, real=0.00 secs] 
2019-01-02T11:14:15.327+0530: 923.227: [GC (Allocation Failure) 2019-01-02T11:14:15.328+0530: 923.227: [DefNew
Desired survivor size 32768 bytes, new threshold 15 (max 15)
- age   1:         24 bytes,         24 total
- age   6:         72 bytes,         96 total
- age  12:         16 bytes,        112 total
: 535K->0K(960K), 0.0009624 secs] 7748K->7730K(10176K), 0.0011221 secs] [Times: user=0.00 sys=0.00, real=0.00 secs] 
2019-01-02T11:14:15.388+0530: 923.288: [GC (Allocation Failure) 2019-01-02T11:14:15.389+0530: 923.288: [DefNew
Desired survivor size 32768 bytes, new threshold 15 (max 15)
- age   1:        248 bytes,        248 total
- age   7:         16 bytes,        264 total
- age  13:         16 bytes,        280 total
: 889K->0K(960K), 0.0016261 secs] 8619K->7802K(10176K), 0.0019579 secs] [Times: user=0.00 sys=0.00, real=0.00 secs] 
2019-01-02T11:14:15.393+0530: 923.292: [GC (Allocation Failure) 2019-01-02T11:14:15.393+0530: 923.292: [DefNew
Desired survivor size 32768 bytes, new threshold 15 (max 15)
- age   2:        184 bytes,        184 total
- age   8:         16 bytes,        200 total
- age  14:         16 bytes,        216 total
: 896K->0K(960K), 0.0010200 secs] 8698K->8090K(10176K), 0.0014243 secs] [Times: user=0.00 sys=0.00, real=0.00 secs] 
2019-01-02T11:14:15.396+0530: 923.295: [GC (Allocation Failure) 2019-01-02T11:14:15.396+0530: 923.295: [DefNew
Desired survivor size 32768 bytes, new threshold 15 (max 15)
- age   3:        184 bytes,        184 total
- age   9:         16 bytes,        200 total
- age  15:         16 bytes,        216 total
: 896K->0K(960K), 0.0007999 secs] 8986K->8666K(10176K), 0.0009773 secs] [Times: user=0.00 sys=0.00, real=0.00 secs] 
2019-01-02T11:14:15.399+0530: 923.298: [GC (Allocation Failure) 2019-01-02T11:14:15.399+0530: 923.298: [DefNew
Desired survivor size 32768 bytes, new threshold 15 (max 15)
- age   1:         24 bytes,         24 total
- age   4:        184 bytes,        208 total
- age  10:         16 bytes,        224 total
: 515K->0K(960K), 0.0011620 secs] 9182K->8666K(10176K), 0.0015029 secs] [Times: user=0.00 sys=0.00, real=0.00 secs] 
2019-01-02T11:14:15.401+0530: 923.300: [GC (Allocation Failure) 2019-01-02T11:14:15.401+0530: 923.300: [DefNew
Desired survivor size 32768 bytes, new threshold 15 (max 15)
- age   2:         24 bytes,         24 total
- age   5:        184 bytes,        208 total
- age  11:         16 bytes,        224 total
: 518K->0K(960K), 0.0003991 secs] 9184K->9184K(10176K), 0.0004818 secs] [Times: user=0.00 sys=0.00, real=0.00 secs] 
2019-01-02T11:14:15.402+0530: 923.301: [GC (Allocation Failure) 2019-01-02T11:14:15.402+0530: 923.301: [DefNew: 535K->535K(960K), 0.0000291 secs]2019-01-02T11:14:15.402+0530: 923.301: [Tenured: 9184K->1296K(9216K), 0.0037613 secs] 9720K->1296K(10176K), [Metaspace: 2520K->2520K(1056768K)], 0.0039136 secs] [Times: user=0.00 sys=0.00, real=0.00 secs] 
2019-01-02T11:14:15.474+0530: 923.373: [GC (Allocation Failure) 2019-01-02T11:14:15.474+0530: 923.373: [DefNew
Desired survivor size 32768 bytes, new threshold 15 (max 15)
- age   1:        248 bytes,        248 total
: 889K->0K(960K), 0.0021871 secs] 2185K->1886K(10176K), 0.0026661 secs] [Times: user=0.00 sys=0.00, real=0.00 secs] 
2019-01-02T11:14:15.479+0530: 923.378: [GC (Allocation Failure) 2019-01-02T11:14:15.479+0530: 923.378: [DefNew
Desired survivor size 32768 bytes, new threshold 15 (max 15)
- age   2:        184 bytes,        184 total
: 896K->0K(960K), 0.0017470 secs] 2782K->2174K(10176K), 0.0019425 secs] [Times: user=0.00 sys=0.00, real=0.00 secs] 
2019-01-02T11:14:15.482+0530: 923.381: [GC (Allocation Failure) 2019-01-02T11:14:15.482+0530: 923.381: [DefNew
Desired survivor size 32768 bytes, new threshold 15 (max 15)
- age   3:        184 bytes,        184 total
: 896K->0K(960K), 0.0009368 secs] 3070K->2750K(10176K), 0.0011911 secs] [Times: user=0.00 sys=0.00, real=0.00 secs] 
2019-01-02T11:14:15.486+0530: 923.385: [GC (Allocation Failure) 2019-01-02T11:14:15.486+0530: 923.385: [DefNew
Desired survivor size 32768 bytes, new threshold 15 (max 15)
- age   1:         24 bytes,         24 total
- age   4:        184 bytes,        208 total
: 515K->0K(960K), 0.0007258 secs] 3265K->2750K(10176K), 0.0010337 secs] [Times: user=0.00 sys=0.00, real=0.00 secs] 
2019-01-02T11:14:15.487+0530: 923.387: [GC (Allocation Failure) 2019-01-02T11:14:15.487+0530: 923.387: [DefNew
Desired survivor size 32768 bytes, new threshold 15 (max 15)
- age   2:         24 bytes,         24 total
- age   5:        184 bytes,        208 total
: 518K->0K(960K), 0.0007771 secs] 3268K->3268K(10176K), 0.0008775 secs] [Times: user=0.00 sys=0.00, real=0.00 secs] 
2019-01-02T11:14:15.489+0530: 923.388: [GC (Allocation Failure) 2019-01-02T11:14:15.489+0530: 923.388: [DefNew
Desired survivor size 32768 bytes, new threshold 15 (max 15)
- age   1:         24 bytes,         24 total
- age   6:         72 bytes,         96 total
: 535K->0K(960K), 0.0004020 secs] 3804K->3786K(10176K), 0.0004909 secs] [Times: user=0.00 sys=0.00, real=0.00 secs] 
2019-01-02T11:14:15.563+0530: 923.463: [GC (Allocation Failure) 2019-01-02T11:14:15.564+0530: 923.463: [DefNew
Desired survivor size 32768 bytes, new threshold 15 (max 15)
- age   1:        248 bytes,        248 total
- age   7:         16 bytes,        264 total
: 889K->0K(960K), 0.0006597 secs] 4676K->3858K(10176K), 0.0010753 secs] [Times: user=0.00 sys=0.00, real=0.00 secs] 
2019-01-02T11:14:15.567+0530: 923.466: [GC (Allocation Failure) 2019-01-02T11:14:15.567+0530: 923.466: [DefNew
Desired survivor size 32768 bytes, new threshold 15 (max 15)
- age   2:        184 bytes,        184 total
- age   8:         16 bytes,        200 total
: 896K->0K(960K), 0.0009516 secs] 4754K->4146K(10176K), 0.0011466 secs] [Times: user=0.00 sys=0.00, real=0.00 secs] 
2019-01-02T11:14:15.571+0530: 923.470: [GC (Allocation Failure) 2019-01-02T11:14:15.571+0530: 923.471: [DefNew
Desired survivor size 32768 bytes, new threshold 15 (max 15)
- age   3:        184 bytes,        184 total
- age   9:         16 bytes,        200 total
: 896K->0K(960K), 0.0014682 secs] 5042K->4722K(10176K), 0.0018770 secs] [Times: user=0.00 sys=0.00, real=0.00 secs] 
2019-01-02T11:14:15.574+0530: 923.474: [GC (Allocation Failure) 2019-01-02T11:14:15.574+0530: 923.474: [DefNew
Desired survivor size 32768 bytes, new threshold 15 (max 15)
- age   1:         24 bytes,         24 total
- age   4:        184 bytes,        208 total
- age  10:         16 bytes,        224 total
: 515K->0K(960K), 0.0002754 secs] 5238K->4722K(10176K), 0.0003615 secs] [Times: user=0.00 sys=0.00, real=0.00 secs] 
2019-01-02T11:14:15.575+0530: 923.474: [GC (Allocation Failure) 2019-01-02T11:14:15.575+0530: 923.474: [DefNew
Desired survivor size 32768 bytes, new threshold 15 (max 15)
- age   2:         24 bytes,         24 total
- age   5:        184 bytes,        208 total
- age  11:         16 bytes,        224 total
: 518K->0K(960K), 0.0003136 secs] 5240K->5240K(10176K), 0.0003797 secs] [Times: user=0.00 sys=0.00, real=0.00 secs] 
2019-01-02T11:14:15.576+0530: 923.475: [GC (Allocation Failure) 2019-01-02T11:14:15.576+0530: 923.475: [DefNew
Desired survivor size 32768 bytes, new threshold 15 (max 15)
- age   1:         24 bytes,         24 total
- age   6:         72 bytes,         96 total
- age  12:         16 bytes,        112 total
: 535K->0K(960K), 0.0003079 secs] 5776K->5758K(10176K), 0.0003712 secs] [Times: user=0.00 sys=0.00, real=0.00 secs] 
2019-01-02T11:14:15.649+0530: 923.549: [GC (Allocation Failure) 2019-01-02T11:14:15.649+0530: 923.549: [DefNew
Desired survivor size 32768 bytes, new threshold 15 (max 15)
- age   1:        248 bytes,        248 total
- age   7:         16 bytes,        264 total
- age  13:         16 bytes,        280 total
: 889K->0K(960K), 0.0009191 secs] 6648K->5831K(10176K), 0.0011072 secs] [Times: user=0.00 sys=0.00, real=0.00 secs] 
2019-01-02T11:14:15.653+0530: 923.552: [GC (Allocation Failure) 2019-01-02T11:14:15.653+0530: 923.552: [DefNew
Desired survivor size 32768 bytes, new threshold 15 (max 15)
- age   2:        184 bytes,        184 total
- age   8:         16 bytes,        200 total
- age  14:         16 bytes,        216 total
: 896K->0K(960K), 0.0012646 secs] 6727K->6118K(10176K), 0.0016107 secs] [Times: user=0.00 sys=0.00, real=0.00 secs] 
2019-01-02T11:14:15.656+0530: 923.556: [GC (Allocation Failure) 2019-01-02T11:14:15.657+0530: 923.556: [DefNew
Desired survivor size 32768 bytes, new threshold 15 (max 15)
- age   3:        184 bytes,        184 total
- age   9:         16 bytes,        200 total
- age  15:         16 bytes,        216 total
: 896K->0K(960K), 0.0010805 secs] 7014K->6694K(10176K), 0.0015468 secs] [Times: user=0.00 sys=0.02, real=0.00 secs] 
2019-01-02T11:14:15.660+0530: 923.559: [GC (Allocation Failure) 2019-01-02T11:14:15.660+0530: 923.559: [DefNew
Desired survivor size 32768 bytes, new threshold 15 (max 15)
- age   1:         24 bytes,         24 total
- age   4:        184 bytes,        208 total
- age  10:         16 bytes,        224 total
: 515K->0K(960K), 0.0011614 secs] 7210K->6695K(10176K), 0.0014756 secs] [Times: user=0.00 sys=0.00, real=0.00 secs] 
2019-01-02T11:14:15.662+0530: 923.561: [GC (Allocation Failure) 2019-01-02T11:14:15.662+0530: 923.561: [DefNew
Desired survivor size 32768 bytes, new threshold 15 (max 15)
- age   2:         24 bytes,         24 total
- age   5:        184 bytes,        208 total
- age  11:         16 bytes,        224 total
: 518K->0K(960K), 0.0005092 secs] 7213K->7213K(10176K), 0.0006289 secs] [Times: user=0.00 sys=0.00, real=0.00 secs] 
2019-01-02T11:14:15.664+0530: 923.563: [GC (Allocation Failure) 2019-01-02T11:14:15.664+0530: 923.563: [DefNew
Desired survivor size 32768 bytes, new threshold 15 (max 15)
- age   1:         24 bytes,         24 total
- age   6:         72 bytes,         96 total
- age  12:         16 bytes,        112 total
: 535K->0K(960K), 0.0009487 secs] 7748K->7731K(10176K), 0.0010919 secs] [Times: user=0.00 sys=0.00, real=0.00 secs] 
2019-01-02T11:14:15.761+0530: 923.660: [GC (Allocation Failure) 2019-01-02T11:14:15.761+0530: 923.660: [DefNew
Desired survivor size 32768 bytes, new threshold 15 (max 15)
- age   1:        248 bytes,        248 total
- age   7:         16 bytes,        264 total
- age  13:         16 bytes,        280 total
: 889K->0K(960K), 0.0012606 secs] 8620K->7803K(10176K), 0.0017464 secs] [Times: user=0.00 sys=0.00, real=0.00 secs] 
2019-01-02T11:14:15.765+0530: 923.665: [GC (Allocation Failure) 2019-01-02T11:14:15.765+0530: 923.665: [DefNew
Desired survivor size 32768 bytes, new threshold 15 (max 15)
- age   2:        184 bytes,        184 total
- age   8:         16 bytes,        200 total
- age  14:         16 bytes,        216 total
: 896K->0K(960K), 0.0010428 secs] 8699K->8091K(10176K), 0.0011751 secs] [Times: user=0.02 sys=0.00, real=0.00 secs] 
2019-01-02T11:14:15.768+0530: 923.667: [GC (Allocation Failure) 2019-01-02T11:14:15.768+0530: 923.667: [DefNew
Desired survivor size 32768 bytes, new threshold 15 (max 15)
- age   3:        184 bytes,        184 total
- age   9:         16 bytes,        200 total
- age  15:         16 bytes,        216 total
: 896K->0K(960K), 0.0009904 secs] 8987K->8667K(10176K), 0.0011238 secs] [Times: user=0.00 sys=0.00, real=0.00 secs] 
2019-01-02T11:14:15.770+0530: 923.670: [GC (Allocation Failure) 2019-01-02T11:14:15.770+0530: 923.670: [DefNew
Desired survivor size 32768 bytes, new threshold 15 (max 15)
- age   1:         24 bytes,         24 total
- age   4:        184 bytes,        208 total
- age  10:         16 bytes,        224 total
: 515K->0K(960K), 0.0002663 secs] 9182K->8667K(10176K), 0.0003455 secs] [Times: user=0.00 sys=0.00, real=0.00 secs] 
2019-01-02T11:14:15.771+0530: 923.670: [GC (Allocation Failure) 2019-01-02T11:14:15.771+0530: 923.670: [DefNew
Desired survivor size 32768 bytes, new threshold 15 (max 15)
- age   2:         24 bytes,         24 total
- age   5:        184 bytes,        208 total
- age  11:         16 bytes,        224 total
: 518K->0K(960K), 0.0003142 secs] 9185K->9185K(10176K), 0.0003723 secs] [Times: user=0.00 sys=0.00, real=0.00 secs] 
2019-01-02T11:14:15.772+0530: 923.671: [GC (Allocation Failure) 2019-01-02T11:14:15.772+0530: 923.671: [DefNew: 536K->536K(960K), 0.0000234 secs]2019-01-02T11:14:15.772+0530: 923.671: [Tenured: 9185K->1296K(9216K), 0.0037705 secs] 9721K->1296K(10176K), [Metaspace: 2520K->2520K(1056768K)], 0.0039067 secs] [Times: user=0.00 sys=0.00, real=0.00 secs] 
2019-01-02T11:14:15.834+0530: 923.734: [GC (Allocation Failure) 2019-01-02T11:14:15.834+0530: 923.734: [DefNew
Desired survivor size 32768 bytes, new threshold 15 (max 15)
- age   1:        248 bytes,        248 total
: 889K->0K(960K), 0.0010365 secs] 2185K->1886K(10176K), 0.0011882 secs] [Times: user=0.00 sys=0.00, real=0.00 secs] 
2019-01-02T11:14:15.837+0530: 923.736: [GC (Allocation Failure) 2019-01-02T11:14:15.837+0530: 923.736: [DefNew
Desired survivor size 32768 bytes, new threshold 15 (max 15)
- age   2:        184 bytes,        184 total
: 896K->0K(960K), 0.0006340 secs] 2782K->2174K(10176K), 0.0007543 secs] [Times: user=0.00 sys=0.00, real=0.00 secs] 
2019-01-02T11:14:15.839+0530: 923.739: [GC (Allocation Failure) 2019-01-02T11:14:15.840+0530: 923.739: [DefNew
Desired survivor size 32768 bytes, new threshold 15 (max 15)
- age   3:        184 bytes,        184 total
: 896K->0K(960K), 0.0013108 secs] 3070K->2750K(10176K), 0.0015742 secs] [Times: user=0.00 sys=0.00, real=0.00 secs] 
2019-01-02T11:14:15.843+0530: 923.742: [GC (Allocation Failure) 2019-01-02T11:14:15.843+0530: 923.742: [DefNew
Desired survivor size 32768 bytes, new threshold 15 (max 15)
- age   1:         24 bytes,         24 total
- age   4:        184 bytes,        208 total
: 515K->0K(960K), 0.0002828 secs] 3266K->2750K(10176K), 0.0003586 secs] [Times: user=0.00 sys=0.00, real=0.00 secs] 
2019-01-02T11:14:15.843+0530: 923.743: [GC (Allocation Failure) 2019-01-02T11:14:15.843+0530: 923.743: [DefNew
Desired survivor size 32768 bytes, new threshold 15 (max 15)
- age   2:         24 bytes,         24 total
- age   5:        184 bytes,        208 total
: 518K->0K(960K), 0.0003142 secs] 3268K->3268K(10176K), 0.0003660 secs] [Times: user=0.01 sys=0.00, real=0.00 secs] 
2019-01-02T11:14:15.844+0530: 923.743: [GC (Allocation Failure) 2019-01-02T11:14:15.844+0530: 923.743: [DefNew
Desired survivor size 32768 bytes, new threshold 15 (max 15)
- age   1:         24 bytes,         24 total
- age   6:         72 bytes,         96 total
: 536K->0K(960K), 0.0003124 secs] 3804K->3786K(10176K), 0.0003780 secs] [Times: user=0.00 sys=0.00, real=0.00 secs] 
2019-01-02T11:14:15.910+0530: 923.810: [GC (Allocation Failure) 2019-01-02T11:14:15.911+0530: 923.810: [DefNew
Desired survivor size 32768 bytes, new threshold 15 (max 15)
- age   1:        248 bytes,        248 total
- age   7:         16 bytes,        264 total
: 889K->0K(960K), 0.0011808 secs] 4676K->3859K(10176K), 0.0014716 secs] [Times: user=0.00 sys=0.00, real=0.00 secs] 
2019-01-02T11:14:15.915+0530: 923.814: [GC (Allocation Failure) 2019-01-02T11:14:15.915+0530: 923.814: [DefNew
Desired survivor size 32768 bytes, new threshold 15 (max 15)
- age   2:        184 bytes,        184 total
- age   8:         16 bytes,        200 total
: 896K->0K(960K), 0.0011939 secs] 4755K->4147K(10176K), 0.0016221 secs] [Times: user=0.00 sys=0.00, real=0.00 secs] 
2019-01-02T11:14:15.918+0530: 923.817: [GC (Allocation Failure) 2019-01-02T11:14:15.918+0530: 923.817: [DefNew
Desired survivor size 32768 bytes, new threshold 15 (max 15)
- age   3:        184 bytes,        184 total
- age   9:         16 bytes,        200 total
: 896K->0K(960K), 0.0011512 secs] 5043K->4723K(10176K), 0.0013433 secs] [Times: user=0.00 sys=0.00, real=0.00 secs] 
2019-01-02T11:14:15.921+0530: 923.820: [GC (Allocation Failure) 2019-01-02T11:14:15.921+0530: 923.821: [DefNew
Desired survivor size 32768 bytes, new threshold 15 (max 15)
- age   1:         24 bytes,         24 total
- age   4:        184 bytes,        208 total
- age  10:         16 bytes,        224 total
: 515K->0K(960K), 0.0003392 secs] 5238K->4723K(10176K), 0.0004613 secs] [Times: user=0.02 sys=0.00, real=0.00 secs] 
2019-01-02T11:14:15.922+0530: 923.821: [GC (Allocation Failure) 2019-01-02T11:14:15.922+0530: 923.821: [DefNew
Desired survivor size 32768 bytes, new threshold 15 (max 15)
- age   2:         24 bytes,         24 total
- age   5:        184 bytes,        208 total
- age  11:         16 bytes,        224 total
: 518K->0K(960K), 0.0004270 secs] 5241K->5241K(10176K), 0.0005377 secs] [Times: user=0.00 sys=0.00, real=0.00 secs] 
2019-01-02T11:14:15.923+0530: 923.823: [GC (Allocation Failure) 2019-01-02T11:14:15.923+0530: 923.823: [DefNew
Desired survivor size 32768 bytes, new threshold 15 (max 15)
- age   1:         24 bytes,         24 total
- age   6:         72 bytes,         96 total
- age  12:         16 bytes,        112 total
: 536K->0K(960K), 0.0003364 secs] 5777K->5759K(10176K), 0.0003974 secs] [Times: user=0.00 sys=0.00, real=0.00 secs] 
2019-01-02T11:14:16.000+0530: 923.899: [GC (Allocation Failure) 2019-01-02T11:14:16.000+0530: 923.899: [DefNew
Desired survivor size 32768 bytes, new threshold 15 (max 15)
- age   1:        248 bytes,        248 total
- age   7:         16 bytes,        264 total
- age  13:         16 bytes,        280 total
: 889K->0K(960K), 0.0010417 secs] 6649K->5831K(10176K), 0.0015480 secs] [Times: user=0.00 sys=0.00, real=0.00 secs] 
2019-01-02T11:14:16.004+0530: 923.904: [GC (Allocation Failure) 2019-01-02T11:14:16.004+0530: 923.904: [DefNew
Desired survivor size 32768 bytes, new threshold 15 (max 15)
- age   2:        184 bytes,        184 total
- age   8:         16 bytes,        200 total
- age  14:         16 bytes,        216 total
: 896K->0K(960K), 0.0010080 secs] 6727K->6119K(10176K), 0.0012213 secs] [Times: user=0.00 sys=0.00, real=0.00 secs] 
2019-01-02T11:14:16.008+0530: 923.907: [GC (Allocation Failure) 2019-01-02T11:14:16.008+0530: 923.907: [DefNew
Desired survivor size 32768 bytes, new threshold 15 (max 15)
- age   3:        184 bytes,        184 total
- age   9:         16 bytes,        200 total
- age  15:         16 bytes,        216 total
: 896K->0K(960K), 0.0015554 secs] 7015K->6695K(10176K), 0.0019864 secs] [Times: user=0.00 sys=0.00, real=0.00 secs] 
2019-01-02T11:14:16.011+0530: 923.910: [GC (Allocation Failure) 2019-01-02T11:14:16.011+0530: 923.910: [DefNew
Desired survivor size 32768 bytes, new threshold 15 (max 15)
- age   1:         24 bytes,         24 total
- age   4:        184 bytes,        208 total
- age  10:         16 bytes,        224 total
: 515K->0K(960K), 0.0002925 secs] 7211K->6695K(10176K), 0.0003740 secs] [Times: user=0.00 sys=0.00, real=0.00 secs] 
2019-01-02T11:14:16.012+0530: 923.911: [GC (Allocation Failure) 2019-01-02T11:14:16.012+0530: 923.911: [DefNew
Desired survivor size 32768 bytes, new threshold 15 (max 15)
- age   2:         24 bytes,         24 total
- age   5:        184 bytes,        208 total
- age  11:         16 bytes,        224 total
: 518K->0K(960K), 0.0006072 secs] 7213K->7213K(10176K), 0.0007811 secs] [Times: user=0.00 sys=0.00, real=0.00 secs] 
2019-01-02T11:14:16.014+0530: 923.913: [GC (Allocation Failure) 2019-01-02T11:14:16.014+0530: 923.913: [DefNew
Desired survivor size 32768 bytes, new threshold 15 (max 15)
- age   1:         24 bytes,         24 total
- age   6:         72 bytes,         96 total
- age  12:         16 bytes,        112 total
: 536K->0K(960K), 0.0004852 secs] 7749K->7731K(10176K), 0.0006158 secs] [Times: user=0.00 sys=0.00, real=0.00 secs] 
2019-01-02T11:14:16.089+0530: 923.989: [GC (Allocation Failure) 2019-01-02T11:14:16.090+0530: 923.989: [DefNew
Desired survivor size 32768 bytes, new threshold 15 (max 15)
- age   1:        248 bytes,        248 total
- age   7:         16 bytes,        264 total
- age  13:         16 bytes,        280 total
: 889K->0K(960K), 0.0011768 secs] 8621K->7804K(10176K), 0.0015081 secs] [Times: user=0.00 sys=0.00, real=0.00 secs] 
2019-01-02T11:14:16.093+0530: 923.992: [GC (Allocation Failure) 2019-01-02T11:14:16.093+0530: 923.992: [DefNew
Desired survivor size 32768 bytes, new threshold 15 (max 15)
- age   2:        184 bytes,        184 total
- age   8:         16 bytes,        200 total
- age  14:         16 bytes,        216 total
: 896K->0K(960K), 0.0005519 secs] 8700K->8092K(10176K), 0.0007344 secs] [Times: user=0.00 sys=0.00, real=0.00 secs] 
2019-01-02T11:14:16.095+0530: 923.995: [GC (Allocation Failure) 2019-01-02T11:14:16.095+0530: 923.995: [DefNew
Desired survivor size 32768 bytes, new threshold 15 (max 15)
- age   3:        184 bytes,        184 total
- age   9:         16 bytes,        200 total
- age  15:         16 bytes,        216 total
: 896K->0K(960K), 0.0008598 secs] 8988K->8668K(10176K), 0.0010998 secs] [Times: user=0.00 sys=0.00, real=0.00 secs] 
2019-01-02T11:14:16.099+0530: 923.998: [GC (Allocation Failure) 2019-01-02T11:14:16.099+0530: 923.998: [DefNew
Desired survivor size 32768 bytes, new threshold 15 (max 15)
- age   1:         24 bytes,         24 total
- age   4:        184 bytes,        208 total
- age  10:         16 bytes,        224 total
: 515K->0K(960K), 0.0003643 secs] 9183K->8668K(10176K), 0.0005399 secs] [Times: user=0.00 sys=0.00, real=0.00 secs] 
2019-01-02T11:14:16.100+0530: 923.999: [GC (Allocation Failure) 2019-01-02T11:14:16.100+0530: 923.999: [DefNew
Desired survivor size 32768 bytes, new threshold 15 (max 15)
- age   2:         24 bytes,         24 total
- age   5:        184 bytes,        208 total
- age  11:         16 bytes,        224 total
: 518K->0K(960K), 0.0012846 secs] 9186K->9186K(10176K), 0.0017538 secs] [Times: user=0.00 sys=0.00, real=0.00 secs] 
2019-01-02T11:14:16.103+0530: 924.002: [GC (Allocation Failure) 2019-01-02T11:14:16.103+0530: 924.002: [DefNew: 536K->536K(960K), 0.0000559 secs]2019-01-02T11:14:16.103+0530: 924.002: [Tenured: 9186K->1296K(9216K), 0.0056372 secs] 9722K->1296K(10176K), [Metaspace: 2520K->2520K(1056768K)], 0.0058749 secs] [Times: user=0.00 sys=0.00, real=0.01 secs] 
2019-01-02T11:14:16.178+0530: 924.078: [GC (Allocation Failure) 2019-01-02T11:14:16.179+0530: 924.078: [DefNew
Desired survivor size 32768 bytes, new threshold 15 (max 15)
- age   1:        248 bytes,        248 total
: 889K->0K(960K), 0.0023211 secs] 2186K->1886K(10176K), 0.0028770 secs] [Times: user=0.00 sys=0.00, real=0.00 secs] 
2019-01-02T11:14:16.186+0530: 924.085: [GC (Allocation Failure) 2019-01-02T11:14:16.186+0530: 924.085: [DefNew
Desired survivor size 32768 bytes, new threshold 15 (max 15)
- age   2:        184 bytes,        184 total
: 896K->0K(960K), 0.0008062 secs] 2782K->2174K(10176K), 0.0010480 secs] [Times: user=0.00 sys=0.00, real=0.00 secs] 
2019-01-02T11:14:16.189+0530: 924.088: [GC (Allocation Failure) 2019-01-02T11:14:16.189+0530: 924.089: [DefNew
Desired survivor size 32768 bytes, new threshold 15 (max 15)
- age   3:        184 bytes,        184 total
: 896K->0K(960K), 0.0010212 secs] 3070K->2750K(10176K), 0.0013359 secs] [Times: user=0.00 sys=0.00, real=0.00 secs] 
2019-01-02T11:14:16.192+0530: 924.091: [GC (Allocation Failure) 2019-01-02T11:14:16.192+0530: 924.091: [DefNew
Desired survivor size 32768 bytes, new threshold 15 (max 15)
- age   1:         24 bytes,         24 total
- age   4:        184 bytes,        208 total
: 515K->0K(960K), 0.0003592 secs] 3266K->2750K(10176K), 0.0005017 secs] [Times: user=0.00 sys=0.00, real=0.00 secs] 
2019-01-02T11:14:16.193+0530: 924.092: [GC (Allocation Failure) 2019-01-02T11:14:16.193+0530: 924.092: [DefNew
Desired survivor size 32768 bytes, new threshold 15 (max 15)
- age   2:         24 bytes,         24 total
- age   5:        184 bytes,        208 total
: 518K->0K(960K), 0.0004852 secs] 3269K->3269K(10176K), 0.0005810 secs] [Times: user=0.00 sys=0.00, real=0.00 secs] 
2019-01-02T11:14:16.194+0530: 924.093: [GC (Allocation Failure) 2019-01-02T11:14:16.194+0530: 924.093: [DefNew
Desired survivor size 32768 bytes, new threshold 15 (max 15)
- age   1:         24 bytes,         24 total
- age   6:         72 bytes,         96 total
: 536K->0K(960K), 0.0004824 secs] 3805K->3787K(10176K), 0.0005770 secs] [Times: user=0.00 sys=0.00, real=0.00 secs] 
2019-01-02T11:14:16.280+0530: 924.179: [GC (Allocation Failure) 2019-01-02T11:14:16.280+0530: 924.180: [DefNew
Desired survivor size 32768 bytes, new threshold 15 (max 15)
- age   1:        248 bytes,        248 total
- age   7:         16 bytes,        264 total
: 889K->0K(960K), 0.0008222 secs] 4677K->3859K(10176K), 0.0016039 secs] [Times: user=0.01 sys=0.00, real=0.00 secs] 
2019-01-02T11:14:16.284+0530: 924.184: [GC (Allocation Failure) 2019-01-02T11:14:16.285+0530: 924.184: [DefNew
Desired survivor size 32768 bytes, new threshold 15 (max 15)
- age   2:        184 bytes,        184 total
- age   8:         16 bytes,        200 total
: 896K->0K(960K), 0.0012743 secs] 4755K->4147K(10176K), 0.0016381 secs] [Times: user=0.00 sys=0.00, real=0.00 secs] 
2019-01-02T11:14:16.288+0530: 924.187: [GC (Allocation Failure) 2019-01-02T11:14:16.288+0530: 924.187: [DefNew
Desired survivor size 32768 bytes, new threshold 15 (max 15)
- age   3:        184 bytes,        184 total
- age   9:         16 bytes,        200 total
: 896K->0K(960K), 0.0011643 secs] 5043K->4723K(10176K), 0.0014522 secs] [Times: user=0.00 sys=0.00, real=0.00 secs] 
2019-01-02T11:14:16.292+0530: 924.191: [GC (Allocation Failure) 2019-01-02T11:14:16.292+0530: 924.191: [DefNew
Desired survivor size 32768 bytes, new threshold 15 (max 15)
- age   1:         24 bytes,         24 total
- age   4:        184 bytes,        208 total
- age  10:         16 bytes,        224 total
: 515K->0K(960K), 0.0007116 secs] 5238K->4723K(10176K), 0.0010263 secs] [Times: user=0.00 sys=0.00, real=0.00 secs] 
2019-01-02T11:14:16.293+0530: 924.193: [GC (Allocation Failure) 2019-01-02T11:14:16.293+0530: 924.193: [DefNew
Desired survivor size 32768 bytes, new threshold 15 (max 15)
- age   2:         24 bytes,         24 total
- age   5:        184 bytes,        208 total
- age  11:         16 bytes,        224 total
: 518K->0K(960K), 0.0003518 secs] 5241K->5241K(10176K), 0.0004117 secs] [Times: user=0.00 sys=0.00, real=0.00 secs] 
2019-01-02T11:14:16.294+0530: 924.193: [GC (Allocation Failure) 2019-01-02T11:14:16.294+0530: 924.194: [DefNew
Desired survivor size 32768 bytes, new threshold 15 (max 15)
- age   1:         24 bytes,         24 total
- age   6:         72 bytes,         96 total
- age  12:         16 bytes,        112 total
: 536K->0K(960K), 0.0002999 secs] 5777K->5759K(10176K), 0.0003598 secs] [Times: user=0.00 sys=0.00, real=0.00 secs] 
2019-01-02T11:14:16.365+0530: 924.265: [GC (Allocation Failure) 2019-01-02T11:14:16.366+0530: 924.265: [DefNew
Desired survivor size 32768 bytes, new threshold 15 (max 15)
- age   1:        248 bytes,        248 total
- age   7:         16 bytes,        264 total
- age  13:         16 bytes,        280 total
: 889K->0K(960K), 0.0011734 secs] 6649K->5832K(10176K), 0.0015235 secs] [Times: user=0.00 sys=0.00, real=0.00 secs] 
2019-01-02T11:14:16.370+0530: 924.269: [GC (Allocation Failure) 2019-01-02T11:14:16.370+0530: 924.269: [DefNew
Desired survivor size 32768 bytes, new threshold 15 (max 15)
- age   2:        184 bytes,        184 total
- age   8:         16 bytes,        200 total
- age  14:         16 bytes,        216 total
: 896K->0K(960K), 0.0010622 secs] 6728K->6120K(10176K), 0.0012965 secs] [Times: user=0.00 sys=0.00, real=0.00 secs] 
2019-01-02T11:14:16.373+0530: 924.272: [GC (Allocation Failure) 2019-01-02T11:14:16.373+0530: 924.272: [DefNew
Desired survivor size 32768 bytes, new threshold 15 (max 15)
- age   3:        184 bytes,        184 total
- age   9:         16 bytes,        200 total
- age  15:         16 bytes,        216 total
: 896K->0K(960K), 0.0022196 secs] 7016K->6696K(10176K), 0.0026324 secs] [Times: user=0.02 sys=0.00, real=0.00 secs] 
2019-01-02T11:14:16.377+0530: 924.277: [GC (Allocation Failure) 2019-01-02T11:14:16.377+0530: 924.277: [DefNew
Desired survivor size 32768 bytes, new threshold 15 (max 15)
- age   1:         24 bytes,         24 total
- age   4:        184 bytes,        208 total
- age  10:         16 bytes,        224 total
: 515K->0K(960K), 0.0003655 secs] 7211K->6696K(10176K), 0.0005114 secs] [Times: user=0.00 sys=0.00, real=0.00 secs] 
2019-01-02T11:14:16.378+0530: 924.277: [GC (Allocation Failure) 2019-01-02T11:14:16.378+0530: 924.278: [DefNew
Desired survivor size 32768 bytes, new threshold 15 (max 15)
- age   2:         24 bytes,         24 total
- age   5:        184 bytes,        208 total
- age  11:         16 bytes,        224 total
: 518K->0K(960K), 0.0008176 secs] 7214K->7214K(10176K), 0.0009088 secs] [Times: user=0.00 sys=0.00, real=0.00 secs] 
2019-01-02T11:14:16.379+0530: 924.279: [GC (Allocation Failure) 2019-01-02T11:14:16.379+0530: 924.279: [DefNew
Desired survivor size 32768 bytes, new threshold 15 (max 15)
- age   1:         24 bytes,         24 total
- age   6:         72 bytes,         96 total
- age  12:         16 bytes,        112 total
: 536K->0K(960K), 0.0003695 secs] 7750K->7732K(10176K), 0.0004356 secs] [Times: user=0.00 sys=0.00, real=0.00 secs] 
2019-01-02T11:14:16.459+0530: 924.358: [GC (Allocation Failure) 2019-01-02T11:14:16.459+0530: 924.358: [DefNew
Desired survivor size 32768 bytes, new threshold 15 (max 15)
- age   1:        248 bytes,        248 total
- age   7:         16 bytes,        264 total
- age  13:         16 bytes,        280 total
: 889K->0K(960K), 0.0013980 secs] 8622K->7804K(10176K), 0.0017732 secs] [Times: user=0.00 sys=0.00, real=0.00 secs] 
2019-01-02T11:14:16.463+0530: 924.362: [GC (Allocation Failure) 2019-01-02T11:14:16.463+0530: 924.362: [DefNew
Desired survivor size 32768 bytes, new threshold 15 (max 15)
- age   2:        184 bytes,        184 total
- age   8:         16 bytes,        200 total
- age  14:         16 bytes,        216 total
: 896K->0K(960K), 0.0013159 secs] 8700K->8092K(10176K), 0.0015839 secs] [Times: user=0.00 sys=0.00, real=0.00 secs] 
2019-01-02T11:14:16.467+0530: 924.366: [GC (Allocation Failure) 2019-01-02T11:14:16.467+0530: 924.366: [DefNew
Desired survivor size 32768 bytes, new threshold 15 (max 15)
- age   3:        184 bytes,        184 total
- age   9:         16 bytes,        200 total
- age  15:         16 bytes,        216 total
: 896K->0K(960K), 0.0016717 secs] 8988K->8668K(10176K), 0.0018553 secs] [Times: user=0.02 sys=0.00, real=0.00 secs] 
2019-01-02T11:14:16.471+0530: 924.371: [GC (Allocation Failure) 2019-01-02T11:14:16.471+0530: 924.371: [DefNew
Desired survivor size 32768 bytes, new threshold 15 (max 15)
- age   1:         24 bytes,         24 total
- age   4:        184 bytes,        208 total
- age  10:         16 bytes,        224 total
: 515K->0K(960K), 0.0007321 secs] 9184K->8668K(10176K), 0.0011010 secs] [Times: user=0.00 sys=0.00, real=0.00 secs] 
2019-01-02T11:14:16.473+0530: 924.372: [GC (Allocation Failure) 2019-01-02T11:14:16.473+0530: 924.373: [DefNew
Desired survivor size 32768 bytes, new threshold 15 (max 15)
- age   2:         24 bytes,         24 total
- age   5:        184 bytes,        208 total
- age  11:         16 bytes,        224 total
: 518K->0K(960K), 0.0014357 secs] 9187K->9187K(10176K), 0.0017413 secs] [Times: user=0.00 sys=0.00, real=0.00 secs] 
2019-01-02T11:14:16.476+0530: 924.376: [GC (Allocation Failure) 2019-01-02T11:14:16.476+0530: 924.376: [DefNew: 536K->536K(960K), 0.0000519 secs]2019-01-02T11:14:16.476+0530: 924.376: [Tenured: 9186K->1296K(9216K), 0.0040829 secs] 9723K->1296K(10176K), [Metaspace: 2520K->2520K(1056768K)], 0.0043024 secs] [Times: user=0.00 sys=0.00, real=0.00 secs] 
2019-01-02T11:14:16.559+0530: 924.458: [GC (Allocation Failure) 2019-01-02T11:14:16.559+0530: 924.458: [DefNew
Desired survivor size 32768 bytes, new threshold 15 (max 15)
- age   1:        248 bytes,        248 total
: 889K->0K(960K), 0.0020463 secs] 2186K->1887K(10176K), 0.0024802 secs] [Times: user=0.01 sys=0.00, real=0.00 secs] 
2019-01-02T11:14:16.563+0530: 924.463: [GC (Allocation Failure) 2019-01-02T11:14:16.564+0530: 924.463: [DefNew
Desired survivor size 32768 bytes, new threshold 15 (max 15)
- age   2:        184 bytes,        184 total
: 896K->0K(960K), 0.0006859 secs] 2783K->2175K(10176K), 0.0008746 secs] [Times: user=0.00 sys=0.00, real=0.00 secs] 
2019-01-02T11:14:16.566+0530: 924.466: [GC (Allocation Failure) 2019-01-02T11:14:16.566+0530: 924.466: [DefNew
Desired survivor size 32768 bytes, new threshold 15 (max 15)
- age   3:        184 bytes,        184 total
: 896K->0K(960K), 0.0017823 secs] 3071K->2751K(10176K), 0.0020953 secs] [Times: user=0.00 sys=0.00, real=0.00 secs] 
2019-01-02T11:14:16.571+0530: 924.471: [GC (Allocation Failure) 2019-01-02T11:14:16.571+0530: 924.471: [DefNew
Desired survivor size 32768 bytes, new threshold 15 (max 15)
- age   1:         24 bytes,         24 total
- age   4:        184 bytes,        208 total
: 515K->0K(960K), 0.0011700 secs] 3266K->2751K(10176K), 0.0015486 secs] [Times: user=0.00 sys=0.00, real=0.00 secs] 
2019-01-02T11:14:16.574+0530: 924.473: [GC (Allocation Failure) 2019-01-02T11:14:16.574+0530: 924.473: [DefNew
Desired survivor size 32768 bytes, new threshold 15 (max 15)
- age   2:         24 bytes,         24 total
- age   5:        184 bytes,        208 total
: 518K->0K(960K), 0.0014328 secs] 3269K->3269K(10176K), 0.0017150 secs] [Times: user=0.00 sys=0.00, real=0.00 secs] 
2019-01-02T11:14:16.577+0530: 924.476: [GC (Allocation Failure) 2019-01-02T11:14:16.577+0530: 924.476: [DefNew
Desired survivor size 32768 bytes, new threshold 15 (max 15)
- age   1:         24 bytes,         24 total
- age   6:         72 bytes,         96 total
: 536K->0K(960K), 0.0004647 secs] 3805K->3787K(10176K), 0.0005702 secs] [Times: user=0.00 sys=0.00, real=0.00 secs] 
2019-01-02T11:14:16.648+0530: 924.547: [GC (Allocation Failure) 2019-01-02T11:14:16.648+0530: 924.547: [DefNew
Desired survivor size 32768 bytes, new threshold 15 (max 15)
- age   1:        248 bytes,        248 total
- age   7:         16 bytes,        264 total
: 889K->0K(960K), 0.0011124 secs] 4677K->3859K(10176K), 0.0013952 secs] [Times: user=0.00 sys=0.00, real=0.00 secs] 
2019-01-02T11:14:16.652+0530: 924.551: [GC (Allocation Failure) 2019-01-02T11:14:16.652+0530: 924.551: [DefNew
Desired survivor size 32768 bytes, new threshold 15 (max 15)
- age   2:        184 bytes,        184 total
- age   8:         16 bytes,        200 total
: 896K->0K(960K), 0.0016307 secs] 4755K->4147K(10176K), 0.0021244 secs] [Times: user=0.00 sys=0.00, real=0.00 secs] 
2019-01-02T11:14:16.656+0530: 924.555: [GC (Allocation Failure) 2019-01-02T11:14:16.656+0530: 924.555: [DefNew
Desired survivor size 32768 bytes, new threshold 15 (max 15)
- age   3:        184 bytes,        184 total
- age   9:         16 bytes,        200 total
: 896K->0K(960K), 0.0010941 secs] 5043K->4723K(10176K), 0.0013079 secs] [Times: user=0.00 sys=0.00, real=0.00 secs] 
2019-01-02T11:14:16.659+0530: 924.558: [GC (Allocation Failure) 2019-01-02T11:14:16.659+0530: 924.558: [DefNew
Desired survivor size 32768 bytes, new threshold 15 (max 15)
- age   1:         24 bytes,         24 total
- age   4:        184 bytes,        208 total
- age  10:         16 bytes,        224 total
: 515K->0K(960K), 0.0015856 secs] 5239K->4723K(10176K), 0.0019887 secs] [Times: user=0.00 sys=0.00, real=0.00 secs] 
2019-01-02T11:14:16.662+0530: 924.561: [GC (Allocation Failure) 2019-01-02T11:14:16.662+0530: 924.561: [DefNew
Desired survivor size 32768 bytes, new threshold 15 (max 15)
- age   2:         24 bytes,         24 total
- age   5:        184 bytes,        208 total
- age  11:         16 bytes,        224 total
: 518K->0K(960K), 0.0005411 secs] 5242K->5242K(10176K), 0.0006454 secs] [Times: user=0.00 sys=0.00, real=0.00 secs] 
2019-01-02T11:14:16.663+0530: 924.563: [GC (Allocation Failure) 2019-01-02T11:14:16.663+0530: 924.563: [DefNew
Desired survivor size 32768 bytes, new threshold 15 (max 15)
- age   1:         24 bytes,         24 total
- age   6:         72 bytes,         96 total
- age  12:         16 bytes,        112 total
: 536K->0K(960K), 0.0003438 secs] 5778K->5760K(10176K), 0.0004105 secs] [Times: user=0.00 sys=0.00, real=0.00 secs] 
2019-01-02T11:14:16.746+0530: 924.646: [GC (Allocation Failure) 2019-01-02T11:14:16.747+0530: 924.646: [DefNew
Desired survivor size 32768 bytes, new threshold 15 (max 15)
- age   1:        248 bytes,        248 total
- age   7:         16 bytes,        264 total
- age  13:         16 bytes,        280 total
: 889K->0K(960K), 0.0012036 secs] 6650K->5832K(10176K), 0.0015816 secs] [Times: user=0.00 sys=0.00, real=0.00 secs] 
2019-01-02T11:14:16.751+0530: 924.650: [GC (Allocation Failure) 2019-01-02T11:14:16.751+0530: 924.651: [DefNew
Desired survivor size 32768 bytes, new threshold 15 (max 15)
- age   2:        184 bytes,        184 total
- age   8:         16 bytes,        200 total
- age  14:         16 bytes,        216 total
: 896K->0K(960K), 0.0004664 secs] 6728K->6120K(10176K), 0.0005913 secs] [Times: user=0.00 sys=0.00, real=0.00 secs] 
2019-01-02T11:14:16.754+0530: 924.653: [GC (Allocation Failure) 2019-01-02T11:14:16.754+0530: 924.653: [DefNew
Desired survivor size 32768 bytes, new threshold 15 (max 15)
- age   3:        184 bytes,        184 total
- age   9:         16 bytes,        200 total
- age  15:         16 bytes,        216 total
: 896K->0K(960K), 0.0013769 secs] 7016K->6696K(10176K), 0.0016238 secs] [Times: user=0.00 sys=0.00, real=0.00 secs] 
2019-01-02T11:14:16.758+0530: 924.657: [GC (Allocation Failure) 2019-01-02T11:14:16.758+0530: 924.657: [DefNew
Desired survivor size 32768 bytes, new threshold 15 (max 15)
- age   1:         24 bytes,         24 total
- age   4:        184 bytes,        208 total
- age  10:         16 bytes,        224 total
: 515K->0K(960K), 0.0003575 secs] 7212K->6696K(10176K), 0.0004818 secs] [Times: user=0.00 sys=0.00, real=0.00 secs] 
2019-01-02T11:14:16.758+0530: 924.658: [GC (Allocation Failure) 2019-01-02T11:14:16.758+0530: 924.658: [DefNew
Desired survivor size 32768 bytes, new threshold 15 (max 15)
- age   2:         24 bytes,         24 total
- age   5:        184 bytes,        208 total
- age  11:         16 bytes,        224 total
: 518K->0K(960K), 0.0007184 secs] 7215K->7215K(10176K), 0.0007948 secs] [Times: user=0.00 sys=0.00, real=0.00 secs] 
2019-01-02T11:14:16.760+0530: 924.659: [GC (Allocation Failure) 2019-01-02T11:14:16.760+0530: 924.659: [DefNew
Desired survivor size 32768 bytes, new threshold 15 (max 15)
- age   1:         24 bytes,         24 total
- age   6:         72 bytes,         96 total
- age  12:         16 bytes,        112 total
: 536K->0K(960K), 0.0003164 secs] 7751K->7733K(10176K), 0.0003689 secs] [Times: user=0.00 sys=0.00, real=0.00 secs] 
2019-01-02T11:14:16.828+0530: 924.726: [GC (Allocation Failure) 2019-01-02T11:14:16.828+0530: 924.727: [DefNew
Desired survivor size 32768 bytes, new threshold 15 (max 15)
- age   1:        248 bytes,        248 total
- age   7:         16 bytes,        264 total
- age  13:         16 bytes,        280 total
: 889K->0K(960K), 0.0006751 secs] 8623K->7805K(10176K), 0.0011033 secs] [Times: user=0.00 sys=0.00, real=0.00 secs] 
2019-01-02T11:14:16.830+0530: 924.729: [GC (Allocation Failure) 2019-01-02T11:14:16.831+0530: 924.729: [DefNew
Desired survivor size 32768 bytes, new threshold 15 (max 15)
- age   2:        184 bytes,        184 total
- age   8:         16 bytes,        200 total
- age  14:         16 bytes,        216 total
: 896K->0K(960K), 0.0010063 secs] 8701K->8093K(10176K), 0.0011722 secs] [Times: user=0.00 sys=0.00, real=0.00 secs] 
2019-01-02T11:14:16.833+0530: 924.732: [GC (Allocation Failure) 2019-01-02T11:14:16.833+0530: 924.732: [DefNew
Desired survivor size 32768 bytes, new threshold 15 (max 15)
- age   3:        184 bytes,        184 total
- age   9:         16 bytes,        200 total
- age  15:         16 bytes,        216 total
: 896K->0K(960K), 0.0012401 secs] 8989K->8669K(10176K), 0.0013729 secs] [Times: user=0.00 sys=0.00, real=0.00 secs] 
2019-01-02T11:14:16.836+0530: 924.735: [GC (Allocation Failure) 2019-01-02T11:14:16.836+0530: 924.735: [DefNew
Desired survivor size 32768 bytes, new threshold 15 (max 15)
- age   1:         24 bytes,         24 total
- age   4:        184 bytes,        208 total
- age  10:         16 bytes,        224 total
: 515K->0K(960K), 0.0011757 secs] 9185K->8669K(10176K), 0.0014921 secs] [Times: user=0.00 sys=0.00, real=0.00 secs] 
2019-01-02T11:14:16.838+0530: 924.737: [GC (Allocation Failure) 2019-01-02T11:14:16.838+0530: 924.737: [DefNew
Desired survivor size 32768 bytes, new threshold 15 (max 15)
- age   2:         24 bytes,         24 total
- age   5:        184 bytes,        208 total
- age  11:         16 bytes,        224 total
: 518K->0K(960K), 0.0012412 secs] 9187K->9187K(10176K), 0.0013906 secs] [Times: user=0.00 sys=0.00, real=0.00 secs] 
2019-01-02T11:14:16.841+0530: 924.740: [GC (Allocation Failure) 2019-01-02T11:14:16.841+0530: 924.740: [DefNew: 536K->536K(960K), 0.0000707 secs]2019-01-02T11:14:16.841+0530: 924.740: [Tenured: 9187K->1296K(9216K), 0.0059297 secs] 9724K->1296K(10176K), [Metaspace: 2520K->2520K(1056768K)], 0.0062170 secs] [Times: user=0.01 sys=0.00, real=0.01 secs] 
2019-01-02T11:14:16.914+0530: 924.813: [GC (Allocation Failure) 2019-01-02T11:14:16.914+0530: 924.813: [DefNew
Desired survivor size 32768 bytes, new threshold 15 (max 15)
- age   1:        248 bytes,        248 total
: 889K->0K(960K), 0.0010525 secs] 2186K->1887K(10176K), 0.0013074 secs] [Times: user=0.00 sys=0.00, real=0.00 secs] 
2019-01-02T11:14:16.918+0530: 924.816: [GC (Allocation Failure) 2019-01-02T11:14:16.918+0530: 924.817: [DefNew
Desired survivor size 32768 bytes, new threshold 15 (max 15)
- age   2:        184 bytes,        184 total
: 896K->0K(960K), 0.0010702 secs] 2783K->2175K(10176K), 0.0013541 secs] [Times: user=0.00 sys=0.00, real=0.00 secs] 
2019-01-02T11:14:16.921+0530: 924.820: [GC (Allocation Failure) 2019-01-02T11:14:16.922+0530: 924.821: [DefNew
Desired survivor size 32768 bytes, new threshold 15 (max 15)
- age   3:        184 bytes,        184 total
: 896K->0K(960K), 0.0012754 secs] 3071K->2751K(10176K), 0.0015811 secs] [Times: user=0.00 sys=0.00, real=0.00 secs] 
2019-01-02T11:14:16.924+0530: 924.823: [GC (Allocation Failure) 2019-01-02T11:14:16.924+0530: 924.823: [DefNew
Desired survivor size 32768 bytes, new threshold 15 (max 15)
- age   1:         24 bytes,         24 total
- age   4:        184 bytes,        208 total
: 515K->0K(960K), 0.0003387 secs] 3266K->2751K(10176K), 0.0004025 secs] [Times: user=0.00 sys=0.00, real=0.00 secs] 
2019-01-02T11:14:16.925+0530: 924.824: [GC (Allocation Failure) 2019-01-02T11:14:16.925+0530: 924.824: [DefNew
Desired survivor size 32768 bytes, new threshold 15 (max 15)
- age   2:         24 bytes,         24 total
- age   5:        184 bytes,        208 total
: 518K->0K(960K), 0.0005171 secs] 3269K->3269K(10176K), 0.0005878 secs] [Times: user=0.00 sys=0.00, real=0.00 secs] 
2019-01-02T11:14:16.926+0530: 924.825: [GC (Allocation Failure) 2019-01-02T11:14:16.926+0530: 924.825: [DefNew
Desired survivor size 32768 bytes, new threshold 15 (max 15)
- age   1:         24 bytes,         24 total
- age   6:         72 bytes,         96 total
: 536K->0K(960K), 0.0003330 secs] 3805K->3788K(10176K), 0.0003997 secs] [Times: user=0.00 sys=0.00, real=0.00 secs] 
2019-01-02T11:14:16.990+0530: 924.889: [GC (Allocation Failure) 2019-01-02T11:14:16.990+0530: 924.889: [DefNew
Desired survivor size 32768 bytes, new threshold 15 (max 15)
- age   1:        248 bytes,        248 total
- age   7:         16 bytes,        264 total
: 889K->0K(960K), 0.0006734 secs] 4678K->3860K(10176K), 0.0007971 secs] [Times: user=0.00 sys=0.00, real=0.00 secs] 
2019-01-02T11:14:16.992+0530: 924.891: [GC (Allocation Failure) 2019-01-02T11:14:16.992+0530: 924.891: [DefNew
Desired survivor size 32768 bytes, new threshold 15 (max 15)
- age   2:        184 bytes,        184 total
- age   8:         16 bytes,        200 total
: 896K->0K(960K), 0.0006773 secs] 4756K->4148K(10176K), 0.0008096 secs] [Times: user=0.00 sys=0.00, real=0.00 secs] 
2019-01-02T11:14:16.994+0530: 924.893: [GC (Allocation Failure) 2019-01-02T11:14:16.994+0530: 924.893: [DefNew
Desired survivor size 32768 bytes, new threshold 15 (max 15)
- age   3:        184 bytes,        184 total
- age   9:         16 bytes,        200 total
: 896K->0K(960K), 0.0009105 secs] 5044K->4724K(10176K), 0.0011033 secs] [Times: user=0.00 sys=0.00, real=0.00 secs] 
2019-01-02T11:14:16.997+0530: 924.896: [GC (Allocation Failure) 2019-01-02T11:14:16.997+0530: 924.896: [DefNew
Desired survivor size 32768 bytes, new threshold 15 (max 15)
- age   1:         24 bytes,         24 total
- age   4:        184 bytes,        208 total
- age  10:         16 bytes,        224 total
: 515K->0K(960K), 0.0002663 secs] 5239K->4724K(10176K), 0.0003541 secs] [Times: user=0.00 sys=0.00, real=0.00 secs] 
2019-01-02T11:14:16.998+0530: 924.897: [GC (Allocation Failure) 2019-01-02T11:14:16.998+0530: 924.897: [DefNew
Desired survivor size 32768 bytes, new threshold 15 (max 15)
- age   2:         24 bytes,         24 total
- age   5:        184 bytes,        208 total
- age  11:         16 bytes,        224 total
: 518K->0K(960K), 0.0003176 secs] 5242K->5242K(10176K), 0.0003695 secs] [Times: user=0.00 sys=0.00, real=0.00 secs] 
2019-01-02T11:14:16.998+0530: 924.897: [GC (Allocation Failure) 2019-01-02T11:14:16.998+0530: 924.897: [DefNew
Desired survivor size 32768 bytes, new threshold 15 (max 15)
- age   1:         24 bytes,         24 total
- age   6:         72 bytes,         96 total
- age  12:         16 bytes,        112 total
: 536K->0K(960K), 0.0003050 secs] 5778K->5761K(10176K), 0.0003563 secs] [Times: user=0.01 sys=0.00, real=0.00 secs] 
2019-01-02T11:14:17.057+0530: 924.956: [GC (Allocation Failure) 2019-01-02T11:14:17.057+0530: 924.956: [DefNew
Desired survivor size 32768 bytes, new threshold 15 (max 15)
- age   1:        248 bytes,        248 total
- age   7:         16 bytes,        264 total
- age  13:         16 bytes,        280 total
: 889K->0K(960K), 0.0009157 secs] 6651K->5833K(10176K), 0.0011808 secs] [Times: user=0.00 sys=0.00, real=0.00 secs] 
2019-01-02T11:14:17.060+0530: 924.958: [GC (Allocation Failure) 2019-01-02T11:14:17.060+0530: 924.959: [DefNew
Desired survivor size 32768 bytes, new threshold 15 (max 15)
- age   2:        184 bytes,        184 total
- age   8:         16 bytes,        200 total
- age  14:         16 bytes,        216 total
: 896K->0K(960K), 0.0011591 secs] 6729K->6121K(10176K), 0.0013131 secs] [Times: user=0.00 sys=0.00, real=0.00 secs] 
2019-01-02T11:14:17.062+0530: 924.961: [GC (Allocation Failure) 2019-01-02T11:14:17.062+0530: 924.961: [DefNew
Desired survivor size 32768 bytes, new threshold 15 (max 15)
- age   3:        184 bytes,        184 total
- age   9:         16 bytes,        200 total
- age  15:         16 bytes,        216 total
: 896K->0K(960K), 0.0006962 secs] 7017K->6697K(10176K), 0.0008837 secs] [Times: user=0.00 sys=0.00, real=0.00 secs] 
2019-01-02T11:14:17.064+0530: 924.963: [GC (Allocation Failure) 2019-01-02T11:14:17.064+0530: 924.963: [DefNew
Desired survivor size 32768 bytes, new threshold 15 (max 15)
- age   1:         24 bytes,         24 total
- age   4:        184 bytes,        208 total
- age  10:         16 bytes,        224 total
: 515K->0K(960K), 0.0002480 secs] 7212K->6697K(10176K), 0.0003119 secs] [Times: user=0.00 sys=0.00, real=0.00 secs] 
2019-01-02T11:14:17.065+0530: 924.964: [GC (Allocation Failure) 2019-01-02T11:14:17.065+0530: 924.964: [DefNew
Desired survivor size 32768 bytes, new threshold 15 (max 15)
- age   2:         24 bytes,         24 total
- age   5:        184 bytes,        208 total
- age  11:         16 bytes,        224 total
: 518K->0K(960K), 0.0003056 secs] 7215K->7215K(10176K), 0.0003569 secs] [Times: user=0.00 sys=0.00, real=0.00 secs] 
2019-01-02T11:14:17.066+0530: 924.965: [GC (Allocation Failure) 2019-01-02T11:14:17.066+0530: 924.965: [DefNew
Desired survivor size 32768 bytes, new threshold 15 (max 15)
- age   1:         24 bytes,         24 total
- age   6:         72 bytes,         96 total
- age  12:         16 bytes,        112 total
: 536K->0K(960K), 0.0003010 secs] 7751K->7734K(10176K), 0.0003529 secs] [Times: user=0.00 sys=0.00, real=0.00 secs] 
2019-01-02T11:14:17.125+0530: 925.024: [GC (Allocation Failure) 2019-01-02T11:14:17.126+0530: 925.025: [DefNew
Desired survivor size 32768 bytes, new threshold 15 (max 15)
- age   1:        248 bytes,        248 total
- age   7:         16 bytes,        264 total
- age  13:         16 bytes,        280 total
: 890K->0K(960K), 0.0009904 secs] 8624K->7806K(10176K), 0.0016848 secs] [Times: user=0.00 sys=0.00, real=0.00 secs] 
2019-01-02T11:14:17.130+0530: 925.029: [GC (Allocation Failure) 2019-01-02T11:14:17.130+0530: 925.029: [DefNew
Desired survivor size 32768 bytes, new threshold 15 (max 15)
- age   2:        184 bytes,        184 total
- age   8:         16 bytes,        200 total
- age  14:         16 bytes,        216 total
: 896K->0K(960K), 0.0015890 secs] 8702K->8094K(10176K), 0.0018678 secs] [Times: user=0.00 sys=0.00, real=0.00 secs] 
2019-01-02T11:14:17.133+0530: 925.032: [GC (Allocation Failure) 2019-01-02T11:14:17.133+0530: 925.032: [DefNew
Desired survivor size 32768 bytes, new threshold 15 (max 15)
- age   3:        184 bytes,        184 total
- age   9:         16 bytes,        200 total
- age  15:         16 bytes,        216 total
: 896K->0K(960K), 0.0004618 secs] 8990K->8670K(10176K), 0.0006488 secs] [Times: user=0.00 sys=0.00, real=0.00 secs] 
2019-01-02T11:14:17.135+0530: 925.034: [GC (Allocation Failure) 2019-01-02T11:14:17.135+0530: 925.034: [DefNew
Desired survivor size 32768 bytes, new threshold 15 (max 15)
- age   1:         24 bytes,         24 total
- age   4:        184 bytes,        208 total
- age  10:         16 bytes,        224 total
: 515K->0K(960K), 0.0003239 secs] 9185K->8670K(10176K), 0.0003957 secs] [Times: user=0.00 sys=0.00, real=0.00 secs] 
2019-01-02T11:14:17.136+0530: 925.035: [GC (Allocation Failure) 2019-01-02T11:14:17.136+0530: 925.035: [DefNew
Desired survivor size 32768 bytes, new threshold 15 (max 15)
- age   2:         24 bytes,         24 total
- age   5:        184 bytes,        208 total
- age  11:         16 bytes,        224 total
: 518K->0K(960K), 0.0003678 secs] 9188K->9188K(10176K), 0.0004413 secs] [Times: user=0.00 sys=0.00, real=0.00 secs] 
2019-01-02T11:14:17.136+0530: 925.035: [GC (Allocation Failure) 2019-01-02T11:14:17.136+0530: 925.035: [DefNew: 536K->536K(960K), 0.0000245 secs]2019-01-02T11:14:17.136+0530: 925.035: [Tenured: 9188K->1296K(9216K), 0.0058219 secs] 9724K->1296K(10176K), [Metaspace: 2520K->2520K(1056768K)], 0.0059604 secs] [Times: user=0.02 sys=0.00, real=0.01 secs] 
2019-01-02T11:14:17.201+0530: 925.100: [GC (Allocation Failure) 2019-01-02T11:14:17.201+0530: 925.100: [DefNew
Desired survivor size 32768 bytes, new threshold 15 (max 15)
- age   1:        248 bytes,        248 total
: 889K->0K(960K), 0.0010200 secs] 2186K->1887K(10176K), 0.0013439 secs] [Times: user=0.01 sys=0.00, real=0.00 secs] 
2019-01-02T11:14:17.204+0530: 925.103: [GC (Allocation Failure) 2019-01-02T11:14:17.205+0530: 925.103: [DefNew
Desired survivor size 32768 bytes, new threshold 15 (max 15)
- age   2:        184 bytes,        184 total
: 896K->0K(960K), 0.0009459 secs] 2783K->2175K(10176K), 0.0013444 secs] [Times: user=0.00 sys=0.00, real=0.00 secs] 
2019-01-02T11:14:17.207+0530: 925.106: [GC (Allocation Failure) 2019-01-02T11:14:17.207+0530: 925.106: [DefNew
Desired survivor size 32768 bytes, new threshold 15 (max 15)
- age   3:        184 bytes,        184 total
: 896K->0K(960K), 0.0011665 secs] 3071K->2751K(10176K), 0.0013855 secs] [Times: user=0.00 sys=0.00, real=0.00 secs] 
2019-01-02T11:14:17.210+0530: 925.109: [GC (Allocation Failure) 2019-01-02T11:14:17.210+0530: 925.109: [DefNew
Desired survivor size 32768 bytes, new threshold 15 (max 15)
- age   1:         24 bytes,         24 total
- age   4:        184 bytes,        208 total
: 515K->0K(960K), 0.0002685 secs] 3267K->2751K(10176K), 0.0003472 secs] [Times: user=0.00 sys=0.00, real=0.00 secs] 
2019-01-02T11:14:17.211+0530: 925.110: [GC (Allocation Failure) 2019-01-02T11:14:17.211+0530: 925.110: [DefNew
Desired survivor size 32768 bytes, new threshold 15 (max 15)
- age   2:         24 bytes,         24 total
- age   5:        184 bytes,        208 total
: 518K->0K(960K), 0.0003124 secs] 3270K->3270K(10176K), 0.0003655 secs] [Times: user=0.00 sys=0.00, real=0.00 secs] 
2019-01-02T11:14:17.212+0530: 925.111: [GC (Allocation Failure) 2019-01-02T11:14:17.212+0530: 925.111: [DefNew
Desired survivor size 32768 bytes, new threshold 15 (max 15)
- age   1:         24 bytes,         24 total
- age   6:         72 bytes,         96 total
: 536K->0K(960K), 0.0003033 secs] 3806K->3788K(10176K), 0.0003592 secs] [Times: user=0.00 sys=0.00, real=0.00 secs] 
2019-01-02T11:14:17.270+0530: 925.168: [GC (Allocation Failure) 2019-01-02T11:14:17.270+0530: 925.169: [DefNew
Desired survivor size 32768 bytes, new threshold 15 (max 15)
- age   1:        248 bytes,        248 total
- age   7:         16 bytes,        264 total
: 890K->0K(960K), 0.0008125 secs] 4678K->3860K(10176K), 0.0012732 secs] [Times: user=0.00 sys=0.00, real=0.00 secs] 
2019-01-02T11:14:17.274+0530: 925.173: [GC (Allocation Failure) 2019-01-02T11:14:17.274+0530: 925.173: [DefNew
Desired survivor size 32768 bytes, new threshold 15 (max 15)
- age   2:        184 bytes,        184 total
- age   8:         16 bytes,        200 total
: 896K->0K(960K), 0.0005502 secs] 4756K->4148K(10176K), 0.0006716 secs] [Times: user=0.00 sys=0.00, real=0.00 secs] 
2019-01-02T11:14:17.276+0530: 925.175: [GC (Allocation Failure) 2019-01-02T11:14:17.276+0530: 925.175: [DefNew
Desired survivor size 32768 bytes, new threshold 15 (max 15)
- age   3:        184 bytes,        184 total
- age   9:         16 bytes,        200 total
: 896K->0K(960K), 0.0006477 secs] 5044K->4724K(10176K), 0.0007423 secs] [Times: user=0.00 sys=0.00, real=0.00 secs] 
2019-01-02T11:14:17.278+0530: 925.177: [GC (Allocation Failure) 2019-01-02T11:14:17.278+0530: 925.177: [DefNew
Desired survivor size 32768 bytes, new threshold 15 (max 15)
- age   1:         24 bytes,         24 total
- age   4:        184 bytes,        208 total
- age  10:         16 bytes,        224 total
: 515K->0K(960K), 0.0007190 secs] 5240K->4724K(10176K), 0.0009887 secs] [Times: user=0.00 sys=0.02, real=0.00 secs] 
2019-01-02T11:14:17.280+0530: 925.179: [GC (Allocation Failure) 2019-01-02T11:14:17.280+0530: 925.179: [DefNew
Desired survivor size 32768 bytes, new threshold 15 (max 15)
- age   2:         24 bytes,         24 total
- age   5:        184 bytes,        208 total
- age  11:         16 bytes,        224 total
: 518K->0K(960K), 0.0006654 secs] 5243K->5243K(10176K), 0.0008359 secs] [Times: user=0.00 sys=0.00, real=0.00 secs] 
2019-01-02T11:14:17.281+0530: 925.180: [GC (Allocation Failure) 2019-01-02T11:14:17.281+0530: 925.180: [DefNew
Desired survivor size 32768 bytes, new threshold 15 (max 15)
- age   1:         24 bytes,         24 total
- age   6:         72 bytes,         96 total
- age  12:         16 bytes,        112 total
: 536K->0K(960K), 0.0003153 secs] 5779K->5761K(10176K), 0.0003700 secs] [Times: user=0.00 sys=0.00, real=0.00 secs] 
2019-01-02T11:14:17.338+0530: 925.237: [GC (Allocation Failure) 2019-01-02T11:14:17.338+0530: 925.237: [DefNew
Desired survivor size 32768 bytes, new threshold 15 (max 15)
- age   1:        248 bytes,        248 total
- age   7:         16 bytes,        264 total
- age  13:         16 bytes,        280 total
: 890K->0K(960K), 0.0011015 secs] 6651K->5833K(10176K), 0.0013878 secs] [Times: user=0.00 sys=0.00, real=0.00 secs] 
2019-01-02T11:14:17.342+0530: 925.241: [GC (Allocation Failure) 2019-01-02T11:14:17.342+0530: 925.241: [DefNew
Desired survivor size 32768 bytes, new threshold 15 (max 15)
- age   2:        184 bytes,        184 total
- age   8:         16 bytes,        200 total
- age  14:         16 bytes,        216 total
: 896K->0K(960K), 0.0007526 secs] 6729K->6121K(10176K), 0.0008518 secs] [Times: user=0.00 sys=0.00, real=0.00 secs] 
2019-01-02T11:14:17.344+0530: 925.243: [GC (Allocation Failure) 2019-01-02T11:14:17.344+0530: 925.243: [DefNew
Desired survivor size 32768 bytes, new threshold 15 (max 15)
- age   3:        184 bytes,        184 total
- age   9:         16 bytes,        200 total
- age  15:         16 bytes,        216 total
: 896K->0K(960K), 0.0010137 secs] 7017K->6697K(10176K), 0.0011979 secs] [Times: user=0.00 sys=0.00, real=0.00 secs] 
2019-01-02T11:14:17.346+0530: 925.245: [GC (Allocation Failure) 2019-01-02T11:14:17.347+0530: 925.245: [DefNew
Desired survivor size 32768 bytes, new threshold 15 (max 15)
- age   1:         24 bytes,         24 total
- age   4:        184 bytes,        208 total
- age  10:         16 bytes,        224 total
: 515K->0K(960K), 0.0003467 secs] 7213K->6697K(10176K), 0.0004681 secs] [Times: user=0.00 sys=0.00, real=0.00 secs] 
2019-01-02T11:14:17.347+0530: 925.246: [GC (Allocation Failure) 2019-01-02T11:14:17.347+0530: 925.246: [DefNew
Desired survivor size 32768 bytes, new threshold 15 (max 15)
- age   2:         24 bytes,         24 total
- age   5:        184 bytes,        208 total
- age  11:         16 bytes,        224 total
: 518K->0K(960K), 0.0003609 secs] 7216K->7216K(10176K), 0.0004310 secs] [Times: user=0.00 sys=0.00, real=0.00 secs] 
2019-01-02T11:14:17.348+0530: 925.247: [GC (Allocation Failure) 2019-01-02T11:14:17.348+0530: 925.247: [DefNew
Desired survivor size 32768 bytes, new threshold 15 (max 15)
- age   1:         24 bytes,         24 total
- age   6:         72 bytes,         96 total
- age  12:         16 bytes,        112 total
: 536K->0K(960K), 0.0003096 secs] 7752K->7734K(10176K), 0.0003609 secs] [Times: user=0.00 sys=0.00, real=0.00 secs] 
2019-01-02T11:14:17.403+0530: 925.302: [GC (Allocation Failure) 2019-01-02T11:14:17.404+0530: 925.302: [DefNew
Desired survivor size 32768 bytes, new threshold 15 (max 15)
- age   1:        248 bytes,        248 total
- age   7:         16 bytes,        264 total
- age  13:         16 bytes,        280 total
: 890K->0K(960K), 0.0007076 secs] 8624K->7807K(10176K), 0.0012293 secs] [Times: user=0.01 sys=0.00, real=0.00 secs] 
2019-01-02T11:14:17.406+0530: 925.305: [GC (Allocation Failure) 2019-01-02T11:14:17.406+0530: 925.305: [DefNew
Desired survivor size 32768 bytes, new threshold 15 (max 15)
- age   2:        184 bytes,        184 total
- age   8:         16 bytes,        200 total
- age  14:         16 bytes,        216 total
: 896K->0K(960K), 0.0010896 secs] 8703K->8095K(10176K), 0.0013125 secs] [Times: user=0.00 sys=0.00, real=0.00 secs] 
2019-01-02T11:14:17.409+0530: 925.308: [GC (Allocation Failure) 2019-01-02T11:14:17.409+0530: 925.308: [DefNew
Desired survivor size 32768 bytes, new threshold 15 (max 15)
- age   3:        184 bytes,        184 total
- age   9:         16 bytes,        200 total
- age  15:         16 bytes,        216 total
: 896K->0K(960K), 0.0007965 secs] 8991K->8671K(10176K), 0.0008969 secs] [Times: user=0.00 sys=0.00, real=0.00 secs] 
2019-01-02T11:14:17.411+0530: 925.310: [GC (Allocation Failure) 2019-01-02T11:14:17.411+0530: 925.310: [DefNew
Desired survivor size 32768 bytes, new threshold 15 (max 15)
- age   1:         24 bytes,         24 total
- age   4:        184 bytes,        208 total
- age  10:         16 bytes,        224 total
: 515K->0K(960K), 0.0007041 secs] 9186K->8671K(10176K), 0.0008820 secs] [Times: user=0.00 sys=0.00, real=0.00 secs] 
2019-01-02T11:14:17.412+0530: 925.311: [GC (Allocation Failure) 2019-01-02T11:14:17.412+0530: 925.311: [DefNew
Desired survivor size 32768 bytes, new threshold 15 (max 15)
- age   2:         24 bytes,         24 total
- age   5:        184 bytes,        208 total
- age  11:         16 bytes,        224 total
: 518K->0K(960K), 0.0009972 secs] 9189K->9189K(10176K), 0.0011358 secs] [Times: user=0.00 sys=0.00, real=0.00 secs] 
2019-01-02T11:14:17.414+0530: 925.313: [GC (Allocation Failure) 2019-01-02T11:14:17.414+0530: 925.313: [DefNew: 536K->536K(960K), 0.0000245 secs]2019-01-02T11:14:17.414+0530: 925.313: [Tenured: 9189K->1297K(9216K), 0.0038982 secs] 9725K->1297K(10176K), [Metaspace: 2520K->2520K(1056768K)], 0.0040248 secs] [Times: user=0.00 sys=0.00, real=0.00 secs] 
2019-01-02T11:14:17.474+0530: 925.373: [GC (Allocation Failure) 2019-01-02T11:14:17.474+0530: 925.373: [DefNew
Desired survivor size 32768 bytes, new threshold 15 (max 15)
- age   1:        248 bytes,        248 total
: 890K->0K(960K), 0.0006842 secs] 2187K->1887K(10176K), 0.0010365 secs] [Times: user=0.00 sys=0.00, real=0.00 secs] 
2019-01-02T11:14:17.476+0530: 925.375: [GC (Allocation Failure) 2019-01-02T11:14:17.476+0530: 925.375: [DefNew
Desired survivor size 32768 bytes, new threshold 15 (max 15)
- age   2:        184 bytes,        184 total
: 896K->0K(960K), 0.0005468 secs] 2783K->2175K(10176K), 0.0006203 secs] [Times: user=0.00 sys=0.00, real=0.00 secs] 
2019-01-02T11:14:17.478+0530: 925.377: [GC (Allocation Failure) 2019-01-02T11:14:17.479+0530: 925.377: [DefNew
Desired survivor size 32768 bytes, new threshold 15 (max 15)
- age   3:        184 bytes,        184 total
: 896K->0K(960K), 0.0008969 secs] 3071K->2751K(10176K), 0.0012144 secs] [Times: user=0.00 sys=0.00, real=0.00 secs] 
2019-01-02T11:14:17.481+0530: 925.380: [GC (Allocation Failure) 2019-01-02T11:14:17.481+0530: 925.380: [DefNew
Desired survivor size 32768 bytes, new threshold 15 (max 15)
- age   1:         24 bytes,         24 total
- age   4:        184 bytes,        208 total
: 515K->0K(960K), 0.0002480 secs] 3267K->2751K(10176K), 0.0003142 secs] [Times: user=0.00 sys=0.00, real=0.00 secs] 
2019-01-02T11:14:17.482+0530: 925.381: [GC (Allocation Failure) 2019-01-02T11:14:17.482+0530: 925.381: [DefNew
Desired survivor size 32768 bytes, new threshold 15 (max 15)
- age   2:         24 bytes,         24 total
- age   5:        184 bytes,        208 total
: 518K->0K(960K), 0.0002982 secs] 3270K->3270K(10176K), 0.0003541 secs] [Times: user=0.02 sys=0.00, real=0.00 secs] 
2019-01-02T11:14:17.482+0530: 925.381: [GC (Allocation Failure) 2019-01-02T11:14:17.482+0530: 925.381: [DefNew
Desired survivor size 32768 bytes, new threshold 15 (max 15)
- age   1:         24 bytes,         24 total
- age   6:         72 bytes,         96 total
: 536K->0K(960K), 0.0003005 secs] 3806K->3788K(10176K), 0.0003506 secs] [Times: user=0.00 sys=0.00, real=0.00 secs] 
2019-01-02T11:14:17.547+0530: 925.446: [GC (Allocation Failure) 2019-01-02T11:14:17.547+0530: 925.446: [DefNew
Desired survivor size 32768 bytes, new threshold 15 (max 15)
- age   1:        248 bytes,        248 total
- age   7:         16 bytes,        264 total
: 890K->0K(960K), 0.0006443 secs] 4679K->3861K(10176K), 0.0008324 secs] [Times: user=0.00 sys=0.00, real=0.00 secs] 
2019-01-02T11:14:17.550+0530: 925.449: [GC (Allocation Failure) 2019-01-02T11:14:17.550+0530: 925.449: [DefNew
Desired survivor size 32768 bytes, new threshold 15 (max 15)
- age   2:        184 bytes,        184 total
- age   8:         16 bytes,        200 total
: 896K->0K(960K), 0.0007230 secs] 4757K->4149K(10176K), 0.0010343 secs] [Times: user=0.00 sys=0.00, real=0.00 secs] 
2019-01-02T11:14:17.552+0530: 925.451: [GC (Allocation Failure) 2019-01-02T11:14:17.552+0530: 925.451: [DefNew
Desired survivor size 32768 bytes, new threshold 15 (max 15)
- age   3:        184 bytes,        184 total
- age   9:         16 bytes,        200 total
: 896K->0K(960K), 0.0004060 secs] 5045K->4725K(10176K), 0.0005035 secs] [Times: user=0.00 sys=0.00, real=0.00 secs] 
2019-01-02T11:14:17.554+0530: 925.453: [GC (Allocation Failure) 2019-01-02T11:14:17.554+0530: 925.453: [DefNew
Desired survivor size 32768 bytes, new threshold 15 (max 15)
- age   1:         24 bytes,         24 total
- age   4:        184 bytes,        208 total
- age  10:         16 bytes,        224 total
: 515K->0K(960K), 0.0003210 secs] 5240K->4725K(10176K), 0.0004305 secs] [Times: user=0.00 sys=0.00, real=0.00 secs] 
2019-01-02T11:14:17.556+0530: 925.455: [GC (Allocation Failure) 2019-01-02T11:14:17.556+0530: 925.455: [DefNew
Desired survivor size 32768 bytes, new threshold 15 (max 15)
- age   2:         24 bytes,         24 total
- age   5:        184 bytes,        208 total
- age  11:         16 bytes,        224 total
: 518K->0K(960K), 0.0005297 secs] 5243K->5243K(10176K), 0.0006848 secs] [Times: user=0.00 sys=0.00, real=0.00 secs] 
2019-01-02T11:14:17.557+0530: 925.456: [GC (Allocation Failure) 2019-01-02T11:14:17.557+0530: 925.456: [DefNew
Desired survivor size 32768 bytes, new threshold 15 (max 15)
- age   1:         24 bytes,         24 total
- age   6:         72 bytes,         96 total
- age  12:         16 bytes,        112 total
: 536K->0K(960K), 0.0005063 secs] 5780K->5762K(10176K), 0.0005895 secs] [Times: user=0.00 sys=0.00, real=0.00 secs] 
2019-01-02T11:14:17.617+0530: 925.516: [GC (Allocation Failure) 2019-01-02T11:14:17.617+0530: 925.516: [DefNew
Desired survivor size 32768 bytes, new threshold 15 (max 15)
- age   1:        248 bytes,        248 total
- age   7:         16 bytes,        264 total
- age  13:         16 bytes,        280 total
: 890K->0K(960K), 0.0005080 secs] 6652K->5834K(10176K), 0.0008541 secs] [Times: user=0.00 sys=0.00, real=0.00 secs] 
2019-01-02T11:14:17.620+0530: 925.519: [GC (Allocation Failure) 2019-01-02T11:14:17.620+0530: 925.519: [DefNew
Desired survivor size 32768 bytes, new threshold 15 (max 15)
- age   2:        184 bytes,        184 total
- age   8:         16 bytes,        200 total
- age  14:         16 bytes,        216 total
: 896K->0K(960K), 0.0008894 secs] 6730K->6122K(10176K), 0.0017949 secs] [Times: user=0.00 sys=0.00, real=0.00 secs] 
2019-01-02T11:14:17.624+0530: 925.523: [GC (Allocation Failure) 2019-01-02T11:14:17.624+0530: 925.523: [DefNew
Desired survivor size 32768 bytes, new threshold 15 (max 15)
- age   3:        184 bytes,        184 total
- age   9:         16 bytes,        200 total
- age  15:         16 bytes,        216 total
: 896K->0K(960K), 0.0013057 secs] 7018K->6698K(10176K), 0.0016506 secs] [Times: user=0.00 sys=0.00, real=0.00 secs] 
2019-01-02T11:14:17.627+0530: 925.526: [GC (Allocation Failure) 2019-01-02T11:14:17.627+0530: 925.526: [DefNew
Desired survivor size 32768 bytes, new threshold 15 (max 15)
- age   1:         24 bytes,         24 total
- age   4:        184 bytes,        208 total
- age  10:         16 bytes,        224 total
: 515K->0K(960K), 0.0007920 secs] 7213K->6698K(10176K), 0.0009271 secs] [Times: user=0.00 sys=0.00, real=0.00 secs] 
2019-01-02T11:14:17.629+0530: 925.528: [GC (Allocation Failure) 2019-01-02T11:14:17.629+0530: 925.528: [DefNew
Desired survivor size 32768 bytes, new threshold 15 (max 15)
- age   2:         24 bytes,         24 total
- age   5:        184 bytes,        208 total
- age  11:         16 bytes,        224 total
: 518K->0K(960K), 0.0004715 secs] 7217K->7217K(10176K), 0.0005679 secs] [Times: user=0.00 sys=0.00, real=0.00 secs] 
2019-01-02T11:14:17.630+0530: 925.529: [GC (Allocation Failure) 2019-01-02T11:14:17.630+0530: 925.529: [DefNew
Desired survivor size 32768 bytes, new threshold 15 (max 15)
- age   1:         24 bytes,         24 total
- age   6:         72 bytes,         96 total
- age  12:         16 bytes,        112 total
: 536K->0K(960K), 0.0004481 secs] 7753K->7735K(10176K), 0.0005536 secs] [Times: user=0.00 sys=0.00, real=0.00 secs] 
2019-01-02T11:14:17.711+0530: 925.610: [GC (Allocation Failure) 2019-01-02T11:14:17.711+0530: 925.610: [DefNew
Desired survivor size 32768 bytes, new threshold 15 (max 15)
- age   1:        248 bytes,        248 total
- age   7:         16 bytes,        264 total
- age  13:         16 bytes,        280 total
: 890K->0K(960K), 0.0004692 secs] 8625K->7807K(10176K), 0.0006620 secs] [Times: user=0.00 sys=0.00, real=0.00 secs] 
2019-01-02T11:14:17.715+0530: 925.614: [GC (Allocation Failure) 2019-01-02T11:14:17.715+0530: 925.614: [DefNew
Desired survivor size 32768 bytes, new threshold 15 (max 15)
- age   2:        184 bytes,        184 total
- age   8:         16 bytes,        200 total
- age  14:         16 bytes,        216 total
: 896K->0K(960K), 0.0010873 secs] 8703K->8095K(10176K), 0.0012720 secs] [Times: user=0.02 sys=0.00, real=0.00 secs] 
2019-01-02T11:14:17.718+0530: 925.617: [GC (Allocation Failure) 2019-01-02T11:14:17.718+0530: 925.617: [DefNew
Desired survivor size 32768 bytes, new threshold 15 (max 15)
- age   3:        184 bytes,        184 total
- age   9:         16 bytes,        200 total
- age  15:         16 bytes,        216 total
: 896K->0K(960K), 0.0005405 secs] 8991K->8671K(10176K), 0.0006637 secs] [Times: user=0.00 sys=0.00, real=0.00 secs] 
2019-01-02T11:14:17.720+0530: 925.619: [GC (Allocation Failure) 2019-01-02T11:14:17.720+0530: 925.619: [DefNew
Desired survivor size 32768 bytes, new threshold 15 (max 15)
- age   1:         24 bytes,         24 total
- age   4:        184 bytes,        208 total
- age  10:         16 bytes,        224 total
: 515K->0K(960K), 0.0002708 secs] 9187K->8671K(10176K), 0.0003569 secs] [Times: user=0.00 sys=0.00, real=0.00 secs] 
2019-01-02T11:14:17.721+0530: 925.620: [GC (Allocation Failure) 2019-01-02T11:14:17.721+0530: 925.620: [DefNew
Desired survivor size 32768 bytes, new threshold 15 (max 15)
- age   2:         24 bytes,         24 total
- age   5:        184 bytes,        208 total
- age  11:         16 bytes,        224 total
: 518K->0K(960K), 0.0003187 secs] 9190K->9190K(10176K), 0.0003797 secs] [Times: user=0.00 sys=0.00, real=0.00 secs] 
2019-01-02T11:14:17.721+0530: 925.620: [GC (Allocation Failure) 2019-01-02T11:14:17.721+0530: 925.620: [DefNew: 536K->536K(960K), 0.0000239 secs]2019-01-02T11:14:17.721+0530: 925.620: [Tenured: 9190K->1297K(9216K), 0.0075295 secs] 9726K->1297K(10176K), [Metaspace: 2520K->2520K(1056768K)], 0.0077120 secs] [Times: user=0.00 sys=0.00, real=0.01 secs] 
2019-01-02T11:14:17.803+0530: 925.702: [GC (Allocation Failure) 2019-01-02T11:14:17.803+0530: 925.702: [DefNew
Desired survivor size 32768 bytes, new threshold 15 (max 15)
- age   1:        248 bytes,        248 total
: 890K->0K(960K), 0.0012532 secs] 2187K->1888K(10176K), 0.0016415 secs] [Times: user=0.00 sys=0.00, real=0.00 secs] 
2019-01-02T11:14:17.807+0530: 925.706: [GC (Allocation Failure) 2019-01-02T11:14:17.807+0530: 925.706: [DefNew
Desired survivor size 32768 bytes, new threshold 15 (max 15)
- age   2:        184 bytes,        184 total
: 896K->0K(960K), 0.0010850 secs] 2784K->2176K(10176K), 0.0013370 secs] [Times: user=0.00 sys=0.00, real=0.00 secs] 
2019-01-02T11:14:17.811+0530: 925.710: [GC (Allocation Failure) 2019-01-02T11:14:17.811+0530: 925.710: [DefNew
Desired survivor size 32768 bytes, new threshold 15 (max 15)
- age   3:        184 bytes,        184 total
: 896K->0K(960K), 0.0015514 secs] 3072K->2752K(10176K), 0.0019545 secs] [Times: user=0.00 sys=0.00, real=0.00 secs] 
2019-01-02T11:14:17.815+0530: 925.714: [GC (Allocation Failure) 2019-01-02T11:14:17.815+0530: 925.714: [DefNew
Desired survivor size 32768 bytes, new threshold 15 (max 15)
- age   1:         24 bytes,         24 total
- age   4:        184 bytes,        208 total
: 515K->0K(960K), 0.0008193 secs] 3267K->2752K(10176K), 0.0010748 secs] [Times: user=0.00 sys=0.00, real=0.00 secs] 
2019-01-02T11:14:17.817+0530: 925.715: [GC (Allocation Failure) 2019-01-02T11:14:17.817+0530: 925.716: [DefNew
Desired survivor size 32768 bytes, new threshold 15 (max 15)
- age   2:         24 bytes,         24 total
- age   5:        184 bytes,        208 total
: 518K->0K(960K), 0.0004977 secs] 3270K->3270K(10176K), 0.0006209 secs] [Times: user=0.00 sys=0.00, real=0.00 secs] 
2019-01-02T11:14:17.818+0530: 925.717: [GC (Allocation Failure) 2019-01-02T11:14:17.818+0530: 925.717: [DefNew
Desired survivor size 32768 bytes, new threshold 15 (max 15)
- age   1:         24 bytes,         24 total
- age   6:         72 bytes,         96 total
: 536K->0K(960K), 0.0005439 secs] 3807K->3789K(10176K), 0.0006899 secs] [Times: user=0.00 sys=0.00, real=0.00 secs] 
2019-01-02T11:14:17.898+0530: 925.797: [GC (Allocation Failure) 2019-01-02T11:14:17.898+0530: 925.797: [DefNew
Desired survivor size 32768 bytes, new threshold 15 (max 15)
- age   1:        248 bytes,        248 total
- age   7:         16 bytes,        264 total
: 890K->0K(960K), 0.0013148 secs] 4679K->3861K(10176K), 0.0019078 secs] [Times: user=0.00 sys=0.00, real=0.00 secs] 
2019-01-02T11:14:17.902+0530: 925.801: [GC (Allocation Failure) 2019-01-02T11:14:17.902+0530: 925.801: [DefNew
Desired survivor size 32768 bytes, new threshold 15 (max 15)
- age   2:        184 bytes,        184 total
- age   8:         16 bytes,        200 total
: 896K->0K(960K), 0.0005833 secs] 4757K->4149K(10176K), 0.0008980 secs] [Times: user=0.00 sys=0.02, real=0.00 secs] 
2019-01-02T11:14:17.904+0530: 925.803: [GC (Allocation Failure) 2019-01-02T11:14:17.904+0530: 925.803: [DefNew
Desired survivor size 32768 bytes, new threshold 15 (max 15)
- age   3:        184 bytes,        184 total
- age   9:         16 bytes,        200 total
: 896K->0K(960K), 0.0003421 secs] 5045K->4725K(10176K), 0.0003980 secs] [Times: user=0.00 sys=0.00, real=0.00 secs] 
2019-01-02T11:14:17.905+0530: 925.804: [GC (Allocation Failure) 2019-01-02T11:14:17.905+0530: 925.804: [DefNew
Desired survivor size 32768 bytes, new threshold 15 (max 15)
- age   1:         24 bytes,         24 total
- age   4:        184 bytes,        208 total
- age  10:         16 bytes,        224 total
: 515K->0K(960K), 0.0002212 secs] 5241K->4725K(10176K), 0.0002714 secs] [Times: user=0.00 sys=0.00, real=0.00 secs] 
2019-01-02T11:14:17.906+0530: 925.805: [GC (Allocation Failure) 2019-01-02T11:14:17.906+0530: 925.805: [DefNew
Desired survivor size 32768 bytes, new threshold 15 (max 15)
- age   2:         24 bytes,         24 total
- age   5:        184 bytes,        208 total
- age  11:         16 bytes,        224 total
: 518K->0K(960K), 0.0003022 secs] 5244K->5244K(10176K), 0.0003529 secs] [Times: user=0.00 sys=0.00, real=0.00 secs] 
2019-01-02T11:14:17.907+0530: 925.806: [GC (Allocation Failure) 2019-01-02T11:14:17.907+0530: 925.806: [DefNew
Desired survivor size 32768 bytes, new threshold 15 (max 15)
- age   1:         24 bytes,         24 total
- age   6:         72 bytes,         96 total
- age  12:         16 bytes,        112 total
: 536K->0K(960K), 0.0013621 secs] 5780K->5762K(10176K), 0.0015993 secs] [Times: user=0.00 sys=0.00, real=0.00 secs] 
2019-01-02T11:14:17.983+0530: 925.882: [GC (Allocation Failure) 2019-01-02T11:14:17.983+0530: 925.882: [DefNew
Desired survivor size 32768 bytes, new threshold 15 (max 15)
- age   1:        248 bytes,        248 total
- age   7:         16 bytes,        264 total
- age  13:         16 bytes,        280 total
: 890K->0K(960K), 0.0007178 secs] 6653K->5835K(10176K), 0.0009932 secs] [Times: user=0.00 sys=0.00, real=0.00 secs] 
2019-01-02T11:14:17.986+0530: 925.885: [GC (Allocation Failure) 2019-01-02T11:14:17.986+0530: 925.885: [DefNew
Desired survivor size 32768 bytes, new threshold 15 (max 15)
- age   2:        184 bytes,        184 total
- age   8:         16 bytes,        200 total
- age  14:         16 bytes,        216 total
: 896K->0K(960K), 0.0011705 secs] 6731K->6123K(10176K), 0.0015047 secs] [Times: user=0.00 sys=0.00, real=0.00 secs] 
2019-01-02T11:14:17.989+0530: 925.888: [GC (Allocation Failure) 2019-01-02T11:14:17.989+0530: 925.888: [DefNew
Desired survivor size 32768 bytes, new threshold 15 (max 15)
- age   3:        184 bytes,        184 total
- age   9:         16 bytes,        200 total
- age  15:         16 bytes,        216 total
: 896K->0K(960K), 0.0013216 secs] 7019K->6699K(10176K), 0.0016592 secs] [Times: user=0.00 sys=0.00, real=0.00 secs] 
2019-01-02T11:14:17.995+0530: 925.894: [GC (Allocation Failure) 2019-01-02T11:14:17.995+0530: 925.894: [DefNew
Desired survivor size 32768 bytes, new threshold 15 (max 15)
- age   1:         24 bytes,         24 total
- age   4:        184 bytes,        208 total
- age  10:         16 bytes,        224 total
: 515K->0K(960K), 0.0009248 secs] 7214K->6699K(10176K), 0.0012093 secs] [Times: user=0.00 sys=0.00, real=0.00 secs] 
2019-01-02T11:14:17.997+0530: 925.896: [GC (Allocation Failure) 2019-01-02T11:14:17.998+0530: 925.897: [DefNew
Desired survivor size 32768 bytes, new threshold 15 (max 15)
- age   2:         24 bytes,         24 total
- age   5:        184 bytes,        208 total
- age  11:         16 bytes,        224 total
: 518K->0K(960K), 0.0016609 secs] 7217K->7217K(10176K), 0.0019967 secs] [Times: user=0.00 sys=0.00, real=0.00 secs] 
2019-01-02T11:14:18.001+0530: 925.900: [GC (Allocation Failure) 2019-01-02T11:14:18.002+0530: 925.901: [DefNew
Desired survivor size 32768 bytes, new threshold 15 (max 15)
- age   1:         24 bytes,         24 total
- age   6:         72 bytes,         96 total
- age  12:         16 bytes,        112 total
: 536K->0K(960K), 0.0012578 secs] 7754K->7736K(10176K), 0.0015736 secs] [Times: user=0.00 sys=0.00, real=0.00 secs] 
2019-01-02T11:14:18.092+0530: 925.991: [GC (Allocation Failure) 2019-01-02T11:14:18.092+0530: 925.991: [DefNew
Desired survivor size 32768 bytes, new threshold 15 (max 15)
- age   1:        248 bytes,        248 total
- age   7:         16 bytes,        264 total
- age  13:         16 bytes,        280 total
: 890K->0K(960K), 0.0012732 secs] 8626K->7808K(10176K), 0.0015565 secs] [Times: user=0.00 sys=0.00, real=0.00 secs] 
2019-01-02T11:14:18.096+0530: 925.995: [GC (Allocation Failure) 2019-01-02T11:14:18.096+0530: 925.995: [DefNew
Desired survivor size 32768 bytes, new threshold 15 (max 15)
- age   2:        184 bytes,        184 total
- age   8:         16 bytes,        200 total
- age  14:         16 bytes,        216 total
: 896K->0K(960K), 0.0015041 secs] 8704K->8096K(10176K), 0.0020092 secs] [Times: user=0.00 sys=0.00, real=0.00 secs] 
2019-01-02T11:14:18.100+0530: 925.999: [GC (Allocation Failure) 2019-01-02T11:14:18.100+0530: 925.999: [DefNew
Desired survivor size 32768 bytes, new threshold 15 (max 15)
- age   3:        184 bytes,        184 total
- age   9:         16 bytes,        200 total
- age  15:         16 bytes,        216 total
: 896K->0K(960K), 0.0020965 secs] 8992K->8672K(10176K), 0.0024095 secs] [Times: user=0.00 sys=0.00, real=0.00 secs] 
2019-01-02T11:14:18.104+0530: 926.003: [GC (Allocation Failure) 2019-01-02T11:14:18.104+0530: 926.003: [DefNew
Desired survivor size 32768 bytes, new threshold 15 (max 15)
- age   1:         24 bytes,         24 total
- age   4:        184 bytes,        208 total
- age  10:         16 bytes,        224 total
: 515K->0K(960K), 0.0002657 secs] 9188K->8672K(10176K), 0.0003290 secs] [Times: user=0.00 sys=0.00, real=0.00 secs] 
2019-01-02T11:14:18.104+0530: 926.003: [GC (Allocation Failure) 2019-01-02T11:14:18.104+0530: 926.003: [DefNew
Desired survivor size 32768 bytes, new threshold 15 (max 15)
- age   2:         24 bytes,         24 total
- age   5:        184 bytes,        208 total
- age  11:         16 bytes,        224 total
: 518K->0K(960K), 0.0003119 secs] 9191K->9191K(10176K), 0.0003626 secs] [Times: user=0.00 sys=0.00, real=0.00 secs] 
2019-01-02T11:14:18.105+0530: 926.004: [GC (Allocation Failure) 2019-01-02T11:14:18.105+0530: 926.004: [DefNew: 536K->536K(960K), 0.0000239 secs]2019-01-02T11:14:18.105+0530: 926.004: [Tenured: 9191K->1297K(9216K), 0.0038491 secs] 9727K->1297K(10176K), [Metaspace: 2520K->2520K(1056768K)], 0.0039900 secs] [Times: user=0.02 sys=0.00, real=0.00 secs] 
2019-01-02T11:14:18.170+0530: 926.069: [GC (Allocation Failure) 2019-01-02T11:14:18.170+0530: 926.069: [DefNew
Desired survivor size 32768 bytes, new threshold 15 (max 15)
- age   1:        248 bytes,        248 total
: 890K->0K(960K), 0.0012156 secs] 2187K->1888K(10176K), 0.0016352 secs] [Times: user=0.00 sys=0.00, real=0.00 secs] 
2019-01-02T11:14:18.174+0530: 926.073: [GC (Allocation Failure) 2019-01-02T11:14:18.174+0530: 926.073: [DefNew
Desired survivor size 32768 bytes, new threshold 15 (max 15)
- age   2:        184 bytes,        184 total
: 896K->0K(960K), 0.0006910 secs] 2784K->2176K(10176K), 0.0008638 secs] [Times: user=0.00 sys=0.00, real=0.00 secs] 
2019-01-02T11:14:18.176+0530: 926.075: [GC (Allocation Failure) 2019-01-02T11:14:18.176+0530: 926.075: [DefNew
Desired survivor size 32768 bytes, new threshold 15 (max 15)
- age   3:        184 bytes,        184 total
: 896K->0K(960K), 0.0019334 secs] 3072K->2752K(10176K), 0.0020811 secs] [Times: user=0.00 sys=0.00, real=0.00 secs] 
2019-01-02T11:14:18.180+0530: 926.079: [GC (Allocation Failure) 2019-01-02T11:14:18.180+0530: 926.079: [DefNew
Desired survivor size 32768 bytes, new threshold 15 (max 15)
- age   1:         24 bytes,         24 total
- age   4:        184 bytes,        208 total
: 515K->0K(960K), 0.0004014 secs] 3267K->2752K(10176K), 0.0005548 secs] [Times: user=0.00 sys=0.00, real=0.00 secs] 
2019-01-02T11:14:18.181+0530: 926.080: [GC (Allocation Failure) 2019-01-02T11:14:18.181+0530: 926.080: [DefNew
Desired survivor size 32768 bytes, new threshold 15 (max 15)
- age   2:         24 bytes,         24 total
- age   5:        184 bytes,        208 total
: 518K->0K(960K), 0.0004117 secs] 3271K->3271K(10176K), 0.0005388 secs] [Times: user=0.00 sys=0.00, real=0.00 secs] 
2019-01-02T11:14:18.182+0530: 926.081: [GC (Allocation Failure) 2019-01-02T11:14:18.182+0530: 926.081: [DefNew
Desired survivor size 32768 bytes, new threshold 15 (max 15)
- age   1:         24 bytes,         24 total
- age   6:         72 bytes,         96 total
: 536K->0K(960K), 0.0003313 secs] 3807K->3789K(10176K), 0.0003923 secs] [Times: user=0.00 sys=0.00, real=0.00 secs] 
2019-01-02T11:14:18.255+0530: 926.154: [GC (Allocation Failure) 2019-01-02T11:14:18.256+0530: 926.155: [DefNew
Desired survivor size 32768 bytes, new threshold 15 (max 15)
- age   1:        248 bytes,        248 total
- age   7:         16 bytes,        264 total
: 890K->0K(960K), 0.0011369 secs] 4680K->3861K(10176K), 0.0016004 secs] [Times: user=0.00 sys=0.00, real=0.00 secs] 
2019-01-02T11:14:18.260+0530: 926.159: [GC (Allocation Failure) 2019-01-02T11:14:18.260+0530: 926.159: [DefNew
Desired survivor size 32768 bytes, new threshold 15 (max 15)
- age   2:        184 bytes,        184 total
- age   8:         16 bytes,        200 total
: 896K->0K(960K), 0.0013239 secs] 4757K->4149K(10176K), 0.0017128 secs] [Times: user=0.00 sys=0.00, real=0.00 secs] 
2019-01-02T11:14:18.264+0530: 926.163: [GC (Allocation Failure) 2019-01-02T11:14:18.264+0530: 926.163: [DefNew
Desired survivor size 32768 bytes, new threshold 15 (max 15)
- age   3:        184 bytes,        184 total
- age   9:         16 bytes,        200 total
: 896K->0K(960K), 0.0013188 secs] 5045K->4725K(10176K), 0.0014944 secs] [Times: user=0.00 sys=0.00, real=0.00 secs] 
2019-01-02T11:14:18.267+0530: 926.166: [GC (Allocation Failure) 2019-01-02T11:14:18.267+0530: 926.166: [DefNew
Desired survivor size 32768 bytes, new threshold 15 (max 15)
- age   1:         24 bytes,         24 total
- age   4:        184 bytes,        208 total
- age  10:         16 bytes,        224 total
: 515K->0K(960K), 0.0008427 secs] 5241K->4725K(10176K), 0.0010708 secs] [Times: user=0.00 sys=0.00, real=0.00 secs] 
2019-01-02T11:14:18.269+0530: 926.168: [GC (Allocation Failure) 2019-01-02T11:14:18.269+0530: 926.168: [DefNew
Desired survivor size 32768 bytes, new threshold 15 (max 15)
- age   2:         24 bytes,         24 total
- age   5:        184 bytes,        208 total
- age  11:         16 bytes,        224 total
: 518K->0K(960K), 0.0015360 secs] 5244K->5244K(10176K), 0.0018889 secs] [Times: user=0.00 sys=0.00, real=0.00 secs] 
2019-01-02T11:14:18.272+0530: 926.171: [GC (Allocation Failure) 2019-01-02T11:14:18.272+0530: 926.171: [DefNew
Desired survivor size 32768 bytes, new threshold 15 (max 15)
- age   1:         24 bytes,         24 total
- age   6:         72 bytes,         96 total
- age  12:         16 bytes,        112 total
: 536K->0K(960K), 0.0004909 secs] 5781K->5763K(10176K), 0.0006312 secs] [Times: user=0.00 sys=0.00, real=0.00 secs] 
2019-01-02T11:14:18.347+0530: 926.246: [GC (Allocation Failure) 2019-01-02T11:14:18.347+0530: 926.246: [DefNew
Desired survivor size 32768 bytes, new threshold 15 (max 15)
- age   1:        248 bytes,        248 total
- age   7:         16 bytes,        264 total
- age  13:         16 bytes,        280 total
: 890K->0K(960K), 0.0005650 secs] 6653K->5835K(10176K), 0.0009744 secs] [Times: user=0.00 sys=0.00, real=0.00 secs] 
2019-01-02T11:14:18.351+0530: 926.250: [GC (Allocation Failure) 2019-01-02T11:14:18.351+0530: 926.250: [DefNew
Desired survivor size 32768 bytes, new threshold 15 (max 15)
- age   2:        184 bytes,        184 total
- age   8:         16 bytes,        200 total
- age  14:         16 bytes,        216 total
: 896K->0K(960K), 0.0013062 secs] 6731K->6123K(10176K), 0.0018581 secs] [Times: user=0.00 sys=0.00, real=0.00 secs] 
2019-01-02T11:14:18.355+0530: 926.254: [GC (Allocation Failure) 2019-01-02T11:14:18.355+0530: 926.254: [DefNew
Desired survivor size 32768 bytes, new threshold 15 (max 15)
- age   3:        184 bytes,        184 total
- age   9:         16 bytes,        200 total
- age  15:         16 bytes,        216 total
: 896K->0K(960K), 0.0016580 secs] 7019K->6699K(10176K), 0.0019357 secs] [Times: user=0.02 sys=0.00, real=0.00 secs] 
2019-01-02T11:14:18.359+0530: 926.258: [GC (Allocation Failure) 2019-01-02T11:14:18.359+0530: 926.258: [DefNew
Desired survivor size 32768 bytes, new threshold 15 (max 15)
- age   1:         24 bytes,         24 total
- age   4:        184 bytes,        208 total
- age  10:         16 bytes,        224 total
: 515K->0K(960K), 0.0004801 secs] 7215K->6699K(10176K), 0.0006340 secs] [Times: user=0.00 sys=0.00, real=0.00 secs] 
2019-01-02T11:14:18.360+0530: 926.259: [GC (Allocation Failure) 2019-01-02T11:14:18.360+0530: 926.259: [DefNew
Desired survivor size 32768 bytes, new threshold 15 (max 15)
- age   2:         24 bytes,         24 total
- age   5:        184 bytes,        208 total
- age  11:         16 bytes,        224 total
: 519K->0K(960K), 0.0005131 secs] 7218K->7218K(10176K), 0.0006306 secs] [Times: user=0.00 sys=0.00, real=0.00 secs] 
2019-01-02T11:14:18.361+0530: 926.260: [GC (Allocation Failure) 2019-01-02T11:14:18.361+0530: 926.260: [DefNew
Desired survivor size 32768 bytes, new threshold 15 (max 15)
- age   1:         24 bytes,         24 total
- age   6:         72 bytes,         96 total
- age  12:         16 bytes,        112 total
: 536K->0K(960K), 0.0004789 secs] 7754K->7737K(10176K), 0.0005930 secs] [Times: user=0.00 sys=0.00, real=0.00 secs] 
2019-01-02T11:14:18.434+0530: 926.333: [GC (Allocation Failure) 2019-01-02T11:14:18.434+0530: 926.333: [DefNew
Desired survivor size 32768 bytes, new threshold 15 (max 15)
- age   1:        248 bytes,        248 total
- age   7:         16 bytes,        264 total
- age  13:         16 bytes,        280 total
: 890K->0K(960K), 0.0006323 secs] 8627K->7809K(10176K), 0.0008262 secs] [Times: user=0.00 sys=0.00, real=0.00 secs] 
2019-01-02T11:14:18.437+0530: 926.336: [GC (Allocation Failure) 2019-01-02T11:14:18.437+0530: 926.336: [DefNew
Desired survivor size 32768 bytes, new threshold 15 (max 15)
- age   2:        184 bytes,        184 total
- age   8:         16 bytes,        200 total
- age  14:         16 bytes,        216 total
: 896K->0K(960K), 0.0014220 secs] 8705K->8097K(10176K), 0.0018410 secs] [Times: user=0.00 sys=0.00, real=0.00 secs] 
2019-01-02T11:14:18.440+0530: 926.339: [GC (Allocation Failure) 2019-01-02T11:14:18.441+0530: 926.340: [DefNew
Desired survivor size 32768 bytes, new threshold 15 (max 15)
- age   3:        184 bytes,        184 total
- age   9:         16 bytes,        200 total
- age  15:         16 bytes,        216 total
: 896K->0K(960K), 0.0009060 secs] 8993K->8673K(10176K), 0.0011591 secs] [Times: user=0.00 sys=0.00, real=0.00 secs] 
2019-01-02T11:14:18.443+0530: 926.342: [GC (Allocation Failure) 2019-01-02T11:14:18.443+0530: 926.342: [DefNew
Desired survivor size 32768 bytes, new threshold 15 (max 15)
- age   1:         24 bytes,         24 total
- age   4:        184 bytes,        208 total
- age  10:         16 bytes,        224 total
: 515K->0K(960K), 0.0010092 secs] 9188K->8673K(10176K), 0.0012469 secs] [Times: user=0.00 sys=0.00, real=0.00 secs] 
2019-01-02T11:14:18.445+0530: 926.344: [GC (Allocation Failure) 2019-01-02T11:14:18.445+0530: 926.344: [DefNew
Desired survivor size 32768 bytes, new threshold 15 (max 15)
- age   2:         24 bytes,         24 total
- age   5:        184 bytes,        208 total
- age  11:         16 bytes,        224 total
: 519K->0K(960K), 0.0004042 secs] 9192K->9192K(10176K), 0.0004846 secs] [Times: user=0.00 sys=0.00, real=0.00 secs] 
2019-01-02T11:14:18.446+0530: 926.345: [GC (Allocation Failure) 2019-01-02T11:14:18.446+0530: 926.345: [DefNew: 536K->536K(960K), 0.0000353 secs]2019-01-02T11:14:18.446+0530: 926.345: [Tenured: 9191K->1297K(9216K), 0.0077011 secs] 9728K->1297K(10176K), [Metaspace: 2520K->2520K(1056768K)], 0.0080603 secs] [Times: user=0.02 sys=0.00, real=0.01 secs] 
2019-01-02T11:14:18.527+0530: 926.426: [GC (Allocation Failure) 2019-01-02T11:14:18.527+0530: 926.426: [DefNew
Desired survivor size 32768 bytes, new threshold 15 (max 15)
- age   1:        248 bytes,        248 total
: 890K->0K(960K), 0.0014932 secs] 2187K->1888K(10176K), 0.0020355 secs] [Times: user=0.00 sys=0.02, real=0.00 secs] 
2019-01-02T11:14:18.532+0530: 926.431: [GC (Allocation Failure) 2019-01-02T11:14:18.532+0530: 926.431: [DefNew
Desired survivor size 32768 bytes, new threshold 15 (max 15)
- age   2:        184 bytes,        184 total
: 896K->0K(960K), 0.0010137 secs] 2784K->2176K(10176K), 0.0015605 secs] [Times: user=0.00 sys=0.00, real=0.00 secs] 
2019-01-02T11:14:18.535+0530: 926.434: [GC (Allocation Failure) 2019-01-02T11:14:18.535+0530: 926.434: [DefNew
Desired survivor size 32768 bytes, new threshold 15 (max 15)
- age   3:        184 bytes,        184 total
: 896K->0K(960K), 0.0012983 secs] 3072K->2752K(10176K), 0.0015970 secs] [Times: user=0.00 sys=0.00, real=0.00 secs] 
2019-01-02T11:14:18.538+0530: 926.437: [GC (Allocation Failure) 2019-01-02T11:14:18.538+0530: 926.438: [DefNew
Desired survivor size 32768 bytes, new threshold 15 (max 15)
- age   1:         24 bytes,         24 total
- age   4:        184 bytes,        208 total
: 515K->0K(960K), 0.0009259 secs] 3268K->2752K(10176K), 0.0011318 secs] [Times: user=0.00 sys=0.00, real=0.00 secs] 
2019-01-02T11:14:18.540+0530: 926.439: [GC (Allocation Failure) 2019-01-02T11:14:18.540+0530: 926.439: [DefNew
Desired survivor size 32768 bytes, new threshold 15 (max 15)
- age   2:         24 bytes,         24 total
- age   5:        184 bytes,        208 total
: 519K->0K(960K), 0.0003398 secs] 3271K->3271K(10176K), 0.0004094 secs] [Times: user=0.00 sys=0.00, real=0.00 secs] 
2019-01-02T11:14:18.541+0530: 926.440: [GC (Allocation Failure) 2019-01-02T11:14:18.541+0530: 926.440: [DefNew
Desired survivor size 32768 bytes, new threshold 15 (max 15)
- age   1:         24 bytes,         24 total
- age   6:         72 bytes,         96 total
: 536K->0K(960K), 0.0002993 secs] 3807K->3790K(10176K), 0.0003506 secs] [Times: user=0.00 sys=0.00, real=0.00 secs] 
2019-01-02T11:14:18.611+0530: 926.510: [GC (Allocation Failure) 2019-01-02T11:14:18.611+0530: 926.511: [DefNew
Desired survivor size 32768 bytes, new threshold 15 (max 15)
- age   1:        248 bytes,        248 total
- age   7:         16 bytes,        264 total
: 890K->0K(960K), 0.0012173 secs] 4680K->3862K(10176K), 0.0016158 secs] [Times: user=0.00 sys=0.00, real=0.00 secs] 
2019-01-02T11:14:18.616+0530: 926.515: [GC (Allocation Failure) 2019-01-02T11:14:18.616+0530: 926.515: [DefNew
Desired survivor size 32768 bytes, new threshold 15 (max 15)
- age   2:        184 bytes,        184 total
- age   8:         16 bytes,        200 total
: 896K->0K(960K), 0.0010240 secs] 4758K->4150K(10176K), 0.0012452 secs] [Times: user=0.00 sys=0.00, real=0.00 secs] 
2019-01-02T11:14:18.619+0530: 926.518: [GC (Allocation Failure) 2019-01-02T11:14:18.619+0530: 926.518: [DefNew
Desired survivor size 32768 bytes, new threshold 15 (max 15)
- age   3:        184 bytes,        184 total
- age   9:         16 bytes,        200 total
: 896K->0K(960K), 0.0017076 secs] 5046K->4726K(10176K), 0.0019899 secs] [Times: user=0.02 sys=0.00, real=0.00 secs] 
2019-01-02T11:14:18.623+0530: 926.522: [GC (Allocation Failure) 2019-01-02T11:14:18.623+0530: 926.523: [DefNew
Desired survivor size 32768 bytes, new threshold 15 (max 15)
- age   1:         24 bytes,         24 total
- age   4:        184 bytes,        208 total
- age  10:         16 bytes,        224 total
: 515K->0K(960K), 0.0007646 secs] 5241K->4726K(10176K), 0.0011546 secs] [Times: user=0.00 sys=0.00, real=0.00 secs] 
2019-01-02T11:14:18.625+0530: 926.524: [GC (Allocation Failure) 2019-01-02T11:14:18.625+0530: 926.524: [DefNew
Desired survivor size 32768 bytes, new threshold 15 (max 15)
- age   2:         24 bytes,         24 total
- age   5:        184 bytes,        208 total
- age  11:         16 bytes,        224 total
: 519K->0K(960K), 0.0003313 secs] 5245K->5245K(10176K), 0.0003974 secs] [Times: user=0.00 sys=0.00, real=0.00 secs] 
2019-01-02T11:14:18.625+0530: 926.524: [GC (Allocation Failure) 2019-01-02T11:14:18.625+0530: 926.524: [DefNew
Desired survivor size 32768 bytes, new threshold 15 (max 15)
- age   1:         24 bytes,         24 total
- age   6:         72 bytes,         96 total
- age  12:         16 bytes,        112 total
: 536K->0K(960K), 0.0003079 secs] 5781K->5764K(10176K), 0.0003586 secs] [Times: user=0.00 sys=0.00, real=0.00 secs] 
2019-01-02T11:14:18.699+0530: 926.598: [GC (Allocation Failure) 2019-01-02T11:14:18.700+0530: 926.599: [DefNew
Desired survivor size 32768 bytes, new threshold 15 (max 15)
- age   1:        248 bytes,        248 total
- age   7:         16 bytes,        264 total
- age  13:         16 bytes,        280 total
: 890K->0K(960K), 0.0011141 secs] 6654K->5836K(10176K), 0.0015440 secs] [Times: user=0.00 sys=0.00, real=0.00 secs] 
2019-01-02T11:14:18.703+0530: 926.602: [GC (Allocation Failure) 2019-01-02T11:14:18.703+0530: 926.602: [DefNew
Desired survivor size 32768 bytes, new threshold 15 (max 15)
- age   2:        184 bytes,        184 total
- age   8:         16 bytes,        200 total
- age  14:         16 bytes,        216 total
: 896K->0K(960K), 0.0012829 secs] 6732K->6124K(10176K), 0.0016096 secs] [Times: user=0.00 sys=0.00, real=0.00 secs] 
2019-01-02T11:14:18.707+0530: 926.606: [GC (Allocation Failure) 2019-01-02T11:14:18.707+0530: 926.606: [DefNew
Desired survivor size 32768 bytes, new threshold 15 (max 15)
- age   3:        184 bytes,        184 total
- age   9:         16 bytes,        200 total
- age  15:         16 bytes,        216 total
: 896K->0K(960K), 0.0008467 secs] 7020K->6700K(10176K), 0.0011774 secs] [Times: user=0.00 sys=0.00, real=0.00 secs] 
2019-01-02T11:14:18.710+0530: 926.609: [GC (Allocation Failure) 2019-01-02T11:14:18.710+0530: 926.609: [DefNew
Desired survivor size 32768 bytes, new threshold 15 (max 15)
- age   1:         24 bytes,         24 total
- age   4:        184 bytes,        208 total
- age  10:         16 bytes,        224 total
: 515K->0K(960K), 0.0003381 secs] 7215K->6700K(10176K), 0.0004282 secs] [Times: user=0.00 sys=0.00, real=0.00 secs] 
2019-01-02T11:14:18.710+0530: 926.609: [GC (Allocation Failure) 2019-01-02T11:14:18.710+0530: 926.609: [DefNew
Desired survivor size 32768 bytes, new threshold 15 (max 15)
- age   2:         24 bytes,         24 total
- age   5:        184 bytes,        208 total
- age  11:         16 bytes,        224 total
: 519K->0K(960K), 0.0003432 secs] 7219K->7219K(10176K), 0.0003985 secs] [Times: user=0.00 sys=0.00, real=0.00 secs] 
2019-01-02T11:14:18.711+0530: 926.610: [GC (Allocation Failure) 2019-01-02T11:14:18.711+0530: 926.610: [DefNew
Desired survivor size 32768 bytes, new threshold 15 (max 15)
- age   1:         24 bytes,         24 total
- age   6:         72 bytes,         96 total
- age  12:         16 bytes,        112 total
: 536K->0K(960K), 0.0010856 secs] 7755K->7737K(10176K), 0.0013097 secs] [Times: user=0.00 sys=0.00, real=0.00 secs] 
2019-01-02T11:14:18.781+0530: 926.680: [GC (Allocation Failure) 2019-01-02T11:14:18.781+0530: 926.681: [DefNew
Desired survivor size 32768 bytes, new threshold 15 (max 15)
- age   1:        248 bytes,        248 total
- age   7:         16 bytes,        264 total
- age  13:         16 bytes,        280 total
: 890K->0K(960K), 0.0010360 secs] 8628K->7810K(10176K), 0.0013273 secs] [Times: user=0.00 sys=0.00, real=0.00 secs] 
2019-01-02T11:14:18.784+0530: 926.683: [GC (Allocation Failure) 2019-01-02T11:14:18.784+0530: 926.683: [DefNew
Desired survivor size 32768 bytes, new threshold 15 (max 15)
- age   2:        184 bytes,        184 total
- age   8:         16 bytes,        200 total
- age  14:         16 bytes,        216 total
: 896K->0K(960K), 0.0008786 secs] 8706K->8098K(10176K), 0.0009841 secs] [Times: user=0.00 sys=0.00, real=0.00 secs] 
2019-01-02T11:14:18.786+0530: 926.685: [GC (Allocation Failure) 2019-01-02T11:14:18.786+0530: 926.685: [DefNew
Desired survivor size 32768 bytes, new threshold 15 (max 15)
- age   3:        184 bytes,        184 total
- age   9:         16 bytes,        200 total
- age  15:         16 bytes,        216 total
: 896K->0K(960K), 0.0010736 secs] 8994K->8674K(10176K), 0.0012652 secs] [Times: user=0.00 sys=0.00, real=0.00 secs] 
2019-01-02T11:14:18.789+0530: 926.688: [GC (Allocation Failure) 2019-01-02T11:14:18.789+0530: 926.688: [DefNew
Desired survivor size 32768 bytes, new threshold 15 (max 15)
- age   1:         24 bytes,         24 total
- age   4:        184 bytes,        208 total
- age  10:         16 bytes,        224 total
: 515K->0K(960K), 0.0003683 secs] 9189K->8674K(10176K), 0.0004749 secs] [Times: user=0.00 sys=0.00, real=0.00 secs] 
2019-01-02T11:14:18.790+0530: 926.689: [GC (Allocation Failure) 2019-01-02T11:14:18.790+0530: 926.689: [DefNew
Desired survivor size 32768 bytes, new threshold 15 (max 15)
- age   2:         24 bytes,         24 total
- age   5:        184 bytes,        208 total
- age  11:         16 bytes,        224 total
: 519K->0K(960K), 0.0003261 secs] 9192K->9192K(10176K), 0.0003814 secs] [Times: user=0.00 sys=0.00, real=0.00 secs] 
2019-01-02T11:14:18.790+0530: 926.689: [GC (Allocation Failure) 2019-01-02T11:14:18.790+0530: 926.689: [DefNew: 536K->536K(960K), 0.0000228 secs]2019-01-02T11:14:18.790+0530: 926.689: [Tenured: 9192K->1297K(9216K), 0.0038326 secs] 9729K->1297K(10176K), [Metaspace: 2520K->2520K(1056768K)], 0.0039603 secs] [Times: user=0.02 sys=0.00, real=0.00 secs] 
2019-01-02T11:14:18.855+0530: 926.754: [GC (Allocation Failure) 2019-01-02T11:14:18.855+0530: 926.754: [DefNew
Desired survivor size 32768 bytes, new threshold 15 (max 15)
- age   1:        248 bytes,        248 total
: 890K->0K(960K), 0.0011112 secs] 2187K->1888K(10176K), 0.0015229 secs] [Times: user=0.00 sys=0.00, real=0.00 secs] 
2019-01-02T11:14:18.858+0530: 926.757: [GC (Allocation Failure) 2019-01-02T11:14:18.858+0530: 926.757: [DefNew
Desired survivor size 32768 bytes, new threshold 15 (max 15)
- age   2:        184 bytes,        184 total
: 896K->0K(960K), 0.0007652 secs] 2784K->2176K(10176K), 0.0009237 secs] [Times: user=0.00 sys=0.00, real=0.00 secs] 
2019-01-02T11:14:18.861+0530: 926.760: [GC (Allocation Failure) 2019-01-02T11:14:18.861+0530: 926.760: [DefNew
Desired survivor size 32768 bytes, new threshold 15 (max 15)
- age   3:        184 bytes,        184 total
: 896K->0K(960K), 0.0004276 secs] 3072K->2752K(10176K), 0.0005109 secs] [Times: user=0.00 sys=0.00, real=0.00 secs] 
2019-01-02T11:14:18.863+0530: 926.762: [GC (Allocation Failure) 2019-01-02T11:14:18.863+0530: 926.762: [DefNew
Desired survivor size 32768 bytes, new threshold 15 (max 15)
- age   1:         24 bytes,         24 total
- age   4:        184 bytes,        208 total
: 515K->0K(960K), 0.0006397 secs] 3268K->2752K(10176K), 0.0009442 secs] [Times: user=0.00 sys=0.00, real=0.00 secs] 
2019-01-02T11:14:18.864+0530: 926.764: [GC (Allocation Failure) 2019-01-02T11:14:18.865+0530: 926.764: [DefNew
Desired survivor size 32768 bytes, new threshold 15 (max 15)
- age   2:         24 bytes,         24 total
- age   5:        184 bytes,        208 total
: 519K->0K(960K), 0.0009995 secs] 3271K->3271K(10176K), 0.0011819 secs] [Times: user=0.00 sys=0.00, real=0.00 secs] 
2019-01-02T11:14:18.866+0530: 926.765: [GC (Allocation Failure) 2019-01-02T11:14:18.866+0530: 926.765: [DefNew
Desired survivor size 32768 bytes, new threshold 15 (max 15)
- age   1:         24 bytes,         24 total
- age   6:         72 bytes,         96 total
: 536K->0K(960K), 0.0009077 secs] 3808K->3790K(10176K), 0.0009852 secs] [Times: user=0.00 sys=0.00, real=0.00 secs] 
2019-01-02T11:14:18.927+0530: 926.826: [GC (Allocation Failure) 2019-01-02T11:14:18.927+0530: 926.826: [DefNew
Desired survivor size 32768 bytes, new threshold 15 (max 15)
- age   1:        248 bytes,        248 total
- age   7:         16 bytes,        264 total
: 890K->0K(960K), 0.0004607 secs] 4680K->3862K(10176K), 0.0007572 secs] [Times: user=0.00 sys=0.00, real=0.00 secs] 
2019-01-02T11:14:18.930+0530: 926.829: [GC (Allocation Failure) 2019-01-02T11:14:18.930+0530: 926.829: [DefNew
Desired survivor size 32768 bytes, new threshold 15 (max 15)
- age   2:        184 bytes,        184 total
- age   8:         16 bytes,        200 total
: 896K->0K(960K), 0.0007634 secs] 4758K->4150K(10176K), 0.0015052 secs] [Times: user=0.00 sys=0.00, real=0.00 secs] 
2019-01-02T11:14:18.933+0530: 926.832: [GC (Allocation Failure) 2019-01-02T11:14:18.933+0530: 926.832: [DefNew
Desired survivor size 32768 bytes, new threshold 15 (max 15)
- age   3:        184 bytes,        184 total
- age   9:         16 bytes,        200 total
: 896K->0K(960K), 0.0009516 secs] 5046K->4726K(10176K), 0.0011489 secs] [Times: user=0.00 sys=0.00, real=0.00 secs] 
2019-01-02T11:14:18.936+0530: 926.835: [GC (Allocation Failure) 2019-01-02T11:14:18.936+0530: 926.835: [DefNew
Desired survivor size 32768 bytes, new threshold 15 (max 15)
- age   1:         24 bytes,         24 total
- age   4:        184 bytes,        208 total
- age  10:         16 bytes,        224 total
: 515K->0K(960K), 0.0002640 secs] 5242K->4726K(10176K), 0.0003392 secs] [Times: user=0.00 sys=0.00, real=0.00 secs] 
2019-01-02T11:14:18.937+0530: 926.836: [GC (Allocation Failure) 2019-01-02T11:14:18.937+0530: 926.836: [DefNew
Desired survivor size 32768 bytes, new threshold 15 (max 15)
- age   2:         24 bytes,         24 total
- age   5:        184 bytes,        208 total
- age  11:         16 bytes,        224 total
: 519K->0K(960K), 0.0003096 secs] 5245K->5245K(10176K), 0.0003615 secs] [Times: user=0.00 sys=0.00, real=0.00 secs] 
2019-01-02T11:14:18.937+0530: 926.836: [GC (Allocation Failure) 2019-01-02T11:14:18.937+0530: 926.836: [DefNew
Desired survivor size 32768 bytes, new threshold 15 (max 15)
- age   1:         24 bytes,         24 total
- age   6:         72 bytes,         96 total
- age  12:         16 bytes,        112 total
: 537K->0K(960K), 0.0003022 secs] 5782K->5764K(10176K), 0.0003535 secs] [Times: user=0.00 sys=0.00, real=0.00 secs] 
2019-01-02T11:14:18.999+0530: 926.898: [GC (Allocation Failure) 2019-01-02T11:14:18.999+0530: 926.898: [DefNew
Desired survivor size 32768 bytes, new threshold 15 (max 15)
- age   1:        248 bytes,        248 total
- age   7:         16 bytes,        264 total
- age  13:         16 bytes,        280 total
: 874K->0K(960K), 0.0005935 secs] 6639K->5836K(10176K), 0.0009305 secs] [Times: user=0.00 sys=0.00, real=0.00 secs] 
2019-01-02T11:14:19.001+0530: 926.900: [GC (Allocation Failure) 2019-01-02T11:14:19.001+0530: 926.900: [DefNew
Desired survivor size 32768 bytes, new threshold 15 (max 15)
- age   1:         40 bytes,         40 total
- age   2:        184 bytes,        224 total
- age   8:         16 bytes,        240 total
- age  14:         16 bytes,        256 total
: 896K->0K(960K), 0.0006146 secs] 6732K->6124K(10176K), 0.0007024 secs] [Times: user=0.00 sys=0.00, real=0.00 secs] 
2019-01-02T11:14:19.003+0530: 926.902: [GC (Allocation Failure) 2019-01-02T11:14:19.003+0530: 926.902: [DefNew
Desired survivor size 32768 bytes, new threshold 15 (max 15)
- age   1:         40 bytes,         40 total
- age   3:        184 bytes,        224 total
- age   9:         16 bytes,        240 total
- age  15:         16 bytes,        256 total
: 896K->0K(960K), 0.0011614 secs] 7020K->6700K(10176K), 0.0013581 secs] [Times: user=0.00 sys=0.00, real=0.00 secs] 
2019-01-02T11:14:19.006+0530: 926.905: [GC (Allocation Failure) 2019-01-02T11:14:19.006+0530: 926.905: [DefNew
Desired survivor size 32768 bytes, new threshold 15 (max 15)
- age   1:         24 bytes,         24 total
- age   4:        184 bytes,        208 total
- age  10:         16 bytes,        224 total
: 516K->0K(960K), 0.0005394 secs] 7217K->6700K(10176K), 0.0007161 secs] [Times: user=0.00 sys=0.00, real=0.00 secs] 
2019-01-02T11:14:19.007+0530: 926.906: [GC (Allocation Failure) 2019-01-02T11:14:19.007+0530: 926.906: [DefNew
Desired survivor size 32768 bytes, new threshold 15 (max 15)
- age   2:         24 bytes,         24 total
- age   5:        184 bytes,        208 total
- age  11:         16 bytes,        224 total
: 519K->0K(960K), 0.0003199 secs] 7219K->7219K(10176K), 0.0003723 secs] [Times: user=0.00 sys=0.00, real=0.00 secs] 
2019-01-02T11:14:19.008+0530: 926.907: [GC (Allocation Failure) 2019-01-02T11:14:19.008+0530: 926.907: [DefNew
Desired survivor size 32768 bytes, new threshold 15 (max 15)
- age   1:         24 bytes,         24 total
- age   6:         72 bytes,         96 total
- age  12:         16 bytes,        112 total
: 536K->0K(960K), 0.0003022 secs] 7756K->7738K(10176K), 0.0003609 secs] [Times: user=0.00 sys=0.00, real=0.00 secs] 
2019-01-02T11:14:19.066+0530: 926.965: [GC (Allocation Failure) 2019-01-02T11:14:19.066+0530: 926.965: [DefNew
Desired survivor size 32768 bytes, new threshold 15 (max 15)
- age   1:        248 bytes,        248 total
- age   7:         16 bytes,        264 total
- age  13:         16 bytes,        280 total
: 890K->0K(960K), 0.0004174 secs] 8629K->7810K(10176K), 0.0008022 secs] [Times: user=0.00 sys=0.00, real=0.00 secs] 
2019-01-02T11:14:19.068+0530: 926.967: [GC (Allocation Failure) 2019-01-02T11:14:19.068+0530: 926.967: [DefNew
Desired survivor size 32768 bytes, new threshold 15 (max 15)
- age   1:         40 bytes,         40 total
- age   2:        184 bytes,        224 total
- age   8:         16 bytes,        240 total
- age  14:         16 bytes,        256 total
: 896K->0K(960K), 0.0005251 secs] 8706K->8098K(10176K), 0.0005998 secs] [Times: user=0.00 sys=0.00, real=0.00 secs] 
2019-01-02T11:14:19.070+0530: 926.969: [GC (Allocation Failure) 2019-01-02T11:14:19.070+0530: 926.969: [DefNew
Desired survivor size 32768 bytes, new threshold 15 (max 15)
- age   3:        184 bytes,        184 total
- age   9:         16 bytes,        200 total
- age  15:         16 bytes,        216 total
: 896K->0K(960K), 0.0009413 secs] 8994K->8674K(10176K), 0.0011255 secs] [Times: user=0.00 sys=0.00, real=0.00 secs] 
2019-01-02T11:14:19.073+0530: 926.972: [GC (Allocation Failure) 2019-01-02T11:14:19.073+0530: 926.972: [DefNew
Desired survivor size 32768 bytes, new threshold 15 (max 15)
- age   1:         24 bytes,         24 total
- age   4:        184 bytes,        208 total
- age  10:         16 bytes,        224 total
: 515K->0K(960K), 0.0002583 secs] 9190K->8674K(10176K), 0.0003210 secs] [Times: user=0.00 sys=0.00, real=0.00 secs] 
2019-01-02T11:14:19.073+0530: 926.972: [GC (Allocation Failure) 2019-01-02T11:14:19.073+0530: 926.972: [DefNew
Desired survivor size 32768 bytes, new threshold 15 (max 15)
- age   2:         24 bytes,         24 total
- age   5:        184 bytes,        208 total
- age  11:         16 bytes,        224 total
: 519K->0K(960K), 0.0003370 secs] 9193K->9193K(10176K), 0.0003991 secs] [Times: user=0.00 sys=0.00, real=0.00 secs] 
2019-01-02T11:14:19.074+0530: 926.973: [GC (Allocation Failure) 2019-01-02T11:14:19.074+0530: 926.973: [DefNew: 536K->536K(960K), 0.0000291 secs]2019-01-02T11:14:19.074+0530: 926.973: [Tenured: 9193K->1297K(9216K), 0.0036963 secs] 9730K->1297K(10176K), [Metaspace: 2520K->2520K(1056768K)], 0.0038611 secs] [Times: user=0.00 sys=0.00, real=0.00 secs] 
2019-01-02T11:14:19.138+0530: 927.037: [GC (Allocation Failure) 2019-01-02T11:14:19.139+0530: 927.038: [DefNew
Desired survivor size 32768 bytes, new threshold 15 (max 15)
- age   1:        248 bytes,        248 total
: 890K->0K(960K), 0.0012846 secs] 2188K->1889K(10176K), 0.0017857 secs] [Times: user=0.00 sys=0.00, real=0.00 secs] 
2019-01-02T11:14:19.142+0530: 927.041: [GC (Allocation Failure) 2019-01-02T11:14:19.142+0530: 927.041: [DefNew
Desired survivor size 32768 bytes, new threshold 15 (max 15)
- age   2:        184 bytes,        184 total
: 896K->0K(960K), 0.0009054 secs] 2785K->2177K(10176K), 0.0011261 secs] [Times: user=0.00 sys=0.00, real=0.00 secs] 
2019-01-02T11:14:19.145+0530: 927.044: [GC (Allocation Failure) 2019-01-02T11:14:19.145+0530: 927.044: [DefNew
Desired survivor size 32768 bytes, new threshold 15 (max 15)
- age   3:        184 bytes,        184 total
: 896K->0K(960K), 0.0015149 secs] 3073K->2753K(10176K), 0.0016911 secs] [Times: user=0.00 sys=0.00, real=0.00 secs] 
2019-01-02T11:14:19.149+0530: 927.048: [GC (Allocation Failure) 2019-01-02T11:14:19.149+0530: 927.048: [DefNew
Desired survivor size 32768 bytes, new threshold 15 (max 15)
- age   1:         24 bytes,         24 total
- age   4:        184 bytes,        208 total
: 515K->0K(960K), 0.0002788 secs] 3268K->2753K(10176K), 0.0003660 secs] [Times: user=0.00 sys=0.00, real=0.00 secs] 
2019-01-02T11:14:19.149+0530: 927.048: [GC (Allocation Failure) 2019-01-02T11:14:19.149+0530: 927.048: [DefNew
Desired survivor size 32768 bytes, new threshold 15 (max 15)
- age   2:         24 bytes,         24 total
- age   5:        184 bytes,        208 total
: 519K->0K(960K), 0.0007195 secs] 3272K->3272K(10176K), 0.0008313 secs] [Times: user=0.00 sys=0.00, real=0.00 secs] 
2019-01-02T11:14:19.151+0530: 927.050: [GC (Allocation Failure) 2019-01-02T11:14:19.151+0530: 927.050: [DefNew
Desired survivor size 32768 bytes, new threshold 15 (max 15)
- age   1:         24 bytes,         24 total
- age   6:         72 bytes,         96 total
: 537K->0K(960K), 0.0005582 secs] 3808K->3790K(10176K), 0.0006739 secs] [Times: user=0.02 sys=0.00, real=0.00 secs] 
2019-01-02T11:14:19.210+0530: 927.109: [GC (Allocation Failure) 2019-01-02T11:14:19.210+0530: 927.109: [DefNew
Desired survivor size 32768 bytes, new threshold 15 (max 15)
- age   1:        248 bytes,        248 total
- age   7:         16 bytes,        264 total
: 874K->0K(960K), 0.0007041 secs] 4665K->3863K(10176K), 0.0009858 secs] [Times: user=0.00 sys=0.00, real=0.00 secs] 
2019-01-02T11:14:19.213+0530: 927.112: [GC (Allocation Failure) 2019-01-02T11:14:19.213+0530: 927.113: [DefNew
Desired survivor size 32768 bytes, new threshold 15 (max 15)
- age   1:         40 bytes,         40 total
- age   2:        184 bytes,        224 total
- age   8:         16 bytes,        240 total
: 896K->0K(960K), 0.0018023 secs] 4759K->4151K(10176K), 0.0022305 secs] [Times: user=0.02 sys=0.00, real=0.00 secs] 
2019-01-02T11:14:19.217+0530: 927.117: [GC (Allocation Failure) 2019-01-02T11:14:19.218+0530: 927.117: [DefNew
Desired survivor size 32768 bytes, new threshold 15 (max 15)
- age   1:         40 bytes,         40 total
- age   3:        184 bytes,        224 total
- age   9:         16 bytes,        240 total
: 896K->0K(960K), 0.0008256 secs] 5047K->4727K(10176K), 0.0009459 secs] [Times: user=0.00 sys=0.00, real=0.00 secs] 
2019-01-02T11:14:19.220+0530: 927.119: [GC (Allocation Failure) 2019-01-02T11:14:19.220+0530: 927.119: [DefNew
Desired survivor size 32768 bytes, new threshold 15 (max 15)
- age   1:         24 bytes,         24 total
- age   4:        184 bytes,        208 total
- age  10:         16 bytes,        224 total
: 516K->0K(960K), 0.0002474 secs] 5243K->4727K(10176K), 0.0003216 secs] [Times: user=0.00 sys=0.00, real=0.00 secs] 
2019-01-02T11:14:19.220+0530: 927.120: [GC (Allocation Failure) 2019-01-02T11:14:19.220+0530: 927.120: [DefNew
Desired survivor size 32768 bytes, new threshold 15 (max 15)
- age   2:         24 bytes,         24 total
- age   5:        184 bytes,        208 total
- age  11:         16 bytes,        224 total
: 519K->0K(960K), 0.0003176 secs] 5246K->5246K(10176K), 0.0003871 secs] [Times: user=0.00 sys=0.00, real=0.00 secs] 
2019-01-02T11:14:19.221+0530: 927.120: [GC (Allocation Failure) 2019-01-02T11:14:19.221+0530: 927.120: [DefNew
Desired survivor size 32768 bytes, new threshold 15 (max 15)
- age   1:         24 bytes,         24 total
- age   6:         72 bytes,         96 total
- age  12:         16 bytes,        112 total
: 536K->0K(960K), 0.0003221 secs] 5782K->5765K(10176K), 0.0004071 secs] [Times: user=0.00 sys=0.00, real=0.00 secs] 
2019-01-02T11:14:19.282+0530: 927.181: [GC (Allocation Failure) 2019-01-02T11:14:19.282+0530: 927.181: [DefNew
Desired survivor size 32768 bytes, new threshold 15 (max 15)
- age   1:        248 bytes,        248 total
- age   7:         16 bytes,        264 total
- age  13:         16 bytes,        280 total
: 890K->0K(960K), 0.0008547 secs] 6655K->5837K(10176K), 0.0013079 secs] [Times: user=0.00 sys=0.00, real=0.00 secs] 
2019-01-02T11:14:19.285+0530: 927.184: [GC (Allocation Failure) 2019-01-02T11:14:19.285+0530: 927.184: [DefNew
Desired survivor size 32768 bytes, new threshold 15 (max 15)
- age   1:         40 bytes,         40 total
- age   2:        184 bytes,        224 total
- age   8:         16 bytes,        240 total
- age  14:         16 bytes,        256 total
: 896K->0K(960K), 0.0007452 secs] 6733K->6125K(10176K), 0.0008934 secs] [Times: user=0.00 sys=0.00, real=0.00 secs] 
2019-01-02T11:14:19.288+0530: 927.187: [GC (Allocation Failure) 2019-01-02T11:14:19.288+0530: 927.187: [DefNew
Desired survivor size 32768 bytes, new threshold 15 (max 15)
- age   3:        184 bytes,        184 total
- age   9:         16 bytes,        200 total
- age  15:         16 bytes,        216 total
: 896K->0K(960K), 0.0008153 secs] 7021K->6701K(10176K), 0.0011095 secs] [Times: user=0.00 sys=0.00, real=0.00 secs] 
2019-01-02T11:14:19.291+0530: 927.190: [GC (Allocation Failure) 2019-01-02T11:14:19.291+0530: 927.190: [DefNew
Desired survivor size 32768 bytes, new threshold 15 (max 15)
- age   1:         24 bytes,         24 total
- age   4:        184 bytes,        208 total
- age  10:         16 bytes,        224 total
: 515K->0K(960K), 0.0002560 secs] 7217K->6701K(10176K), 0.0003318 secs] [Times: user=0.00 sys=0.00, real=0.00 secs] 
2019-01-02T11:14:19.291+0530: 927.190: [GC (Allocation Failure) 2019-01-02T11:14:19.291+0530: 927.190: [DefNew
Desired survivor size 32768 bytes, new threshold 15 (max 15)
- age   2:         24 bytes,         24 total
- age   5:        184 bytes,        208 total
- age  11:         16 bytes,        224 total
: 519K->0K(960K), 0.0003278 secs] 7220K->7220K(10176K), 0.0003985 secs] [Times: user=0.02 sys=0.00, real=0.00 secs] 
2019-01-02T11:14:19.292+0530: 927.191: [GC (Allocation Failure) 2019-01-02T11:14:19.292+0530: 927.191: [DefNew
Desired survivor size 32768 bytes, new threshold 15 (max 15)
- age   1:         24 bytes,         24 total
- age   6:         72 bytes,         96 total
- age  12:         16 bytes,        112 total
: 537K->0K(960K), 0.0003136 secs] 7757K->7739K(10176K), 0.0003866 secs] [Times: user=0.00 sys=0.00, real=0.00 secs] 
2019-01-02T11:14:19.352+0530: 927.252: [GC (Allocation Failure) 2019-01-02T11:14:19.353+0530: 927.252: [DefNew
Desired survivor size 32768 bytes, new threshold 15 (max 15)
- age   1:        248 bytes,        248 total
- age   7:         16 bytes,        264 total
- age  13:         16 bytes,        280 total
: 874K->0K(960K), 0.0006203 secs] 8614K->7811K(10176K), 0.0008718 secs] [Times: user=0.00 sys=0.00, real=0.00 secs] 
2019-01-02T11:14:19.355+0530: 927.254: [GC (Allocation Failure) 2019-01-02T11:14:19.355+0530: 927.254: [DefNew
Desired survivor size 32768 bytes, new threshold 15 (max 15)
- age   1:         40 bytes,         40 total
- age   2:        184 bytes,        224 total
- age   8:         16 bytes,        240 total
- age  14:         16 bytes,        256 total
: 896K->0K(960K), 0.0008912 secs] 8707K->8099K(10176K), 0.0011728 secs] [Times: user=0.00 sys=0.00, real=0.00 secs] 
2019-01-02T11:14:19.358+0530: 927.257: [GC (Allocation Failure) 2019-01-02T11:14:19.358+0530: 927.257: [DefNew
Desired survivor size 32768 bytes, new threshold 15 (max 15)
- age   1:         40 bytes,         40 total
- age   3:        184 bytes,        224 total
- age   9:         16 bytes,        240 total
- age  15:         16 bytes,        256 total
: 896K->0K(960K), 0.0008250 secs] 8995K->8675K(10176K), 0.0010782 secs] [Times: user=0.00 sys=0.00, real=0.00 secs] 
2019-01-02T11:14:19.360+0530: 927.260: [GC (Allocation Failure) 2019-01-02T11:14:19.361+0530: 927.260: [DefNew
Desired survivor size 32768 bytes, new threshold 15 (max 15)
- age   1:         24 bytes,         24 total
- age   4:        184 bytes,        208 total
- age  10:         16 bytes,        224 total
: 516K->0K(960K), 0.0002566 secs] 9192K->8675K(10176K), 0.0003404 secs] [Times: user=0.00 sys=0.00, real=0.00 secs] 
2019-01-02T11:14:19.361+0530: 927.260: [GC (Allocation Failure) 2019-01-02T11:14:19.361+0530: 927.260: [DefNew
Desired survivor size 32768 bytes, new threshold 15 (max 15)
- age   2:         24 bytes,         24 total
- age   5:        184 bytes,        208 total
- age  11:         16 bytes,        224 total
: 519K->0K(960K), 0.0003216 secs] 9194K->9194K(10176K), 0.0003911 secs] [Times: user=0.00 sys=0.00, real=0.00 secs] 
2019-01-02T11:14:19.362+0530: 927.261: [GC (Allocation Failure) 2019-01-02T11:14:19.362+0530: 927.261: [DefNew: 536K->536K(960K), 0.0000239 secs]2019-01-02T11:14:19.362+0530: 927.261: [Tenured: 9194K->1297K(9216K), 0.0057210 secs] 9731K->1297K(10176K), [Metaspace: 2520K->2520K(1056768K)], 0.0059707 secs] [Times: user=0.00 sys=0.00, real=0.01 secs] 
2019-01-02T11:14:19.426+0530: 927.325: [GC (Allocation Failure) 2019-01-02T11:14:19.426+0530: 927.326: [DefNew
Desired survivor size 32768 bytes, new threshold 15 (max 15)
- age   1:        248 bytes,        248 total
: 890K->0K(960K), 0.0014636 secs] 2188K->1889K(10176K), 0.0018884 secs] [Times: user=0.00 sys=0.00, real=0.00 secs] 
2019-01-02T11:14:19.430+0530: 927.329: [GC (Allocation Failure) 2019-01-02T11:14:19.430+0530: 927.329: [DefNew
Desired survivor size 32768 bytes, new threshold 15 (max 15)
- age   1:         40 bytes,         40 total
- age   2:        184 bytes,        224 total
: 896K->0K(960K), 0.0008894 secs] 2785K->2177K(10176K), 0.0011084 secs] [Times: user=0.00 sys=0.00, real=0.00 secs] 
2019-01-02T11:14:19.434+0530: 927.333: [GC (Allocation Failure) 2019-01-02T11:14:19.434+0530: 927.333: [DefNew
Desired survivor size 32768 bytes, new threshold 15 (max 15)
- age   3:        184 bytes,        184 total
: 896K->0K(960K), 0.0012868 secs] 3073K->2753K(10176K), 0.0015930 secs] [Times: user=0.00 sys=0.00, real=0.00 secs] 
2019-01-02T11:14:19.437+0530: 927.336: [GC (Allocation Failure) 2019-01-02T11:14:19.437+0530: 927.336: [DefNew
Desired survivor size 32768 bytes, new threshold 15 (max 15)
- age   1:         24 bytes,         24 total
- age   4:        184 bytes,        208 total
: 515K->0K(960K), 0.0006466 secs] 3268K->2753K(10176K), 0.0007583 secs] [Times: user=0.00 sys=0.00, real=0.00 secs] 
2019-01-02T11:14:19.438+0530: 927.337: [GC (Allocation Failure) 2019-01-02T11:14:19.438+0530: 927.337: [DefNew
Desired survivor size 32768 bytes, new threshold 15 (max 15)
- age   2:         24 bytes,         24 total
- age   5:        184 bytes,        208 total
: 519K->0K(960K), 0.0003267 secs] 3272K->3272K(10176K), 0.0003831 secs] [Times: user=0.00 sys=0.00, real=0.00 secs] 
2019-01-02T11:14:19.439+0530: 927.338: [GC (Allocation Failure) 2019-01-02T11:14:19.439+0530: 927.338: [DefNew
Desired survivor size 32768 bytes, new threshold 15 (max 15)
- age   1:         24 bytes,         24 total
- age   6:         72 bytes,         96 total
: 537K->0K(960K), 0.0003181 secs] 3809K->3791K(10176K), 0.0003888 secs] [Times: user=0.00 sys=0.00, real=0.00 secs] 
2019-01-02T11:14:19.505+0530: 927.404: [GC (Allocation Failure) 2019-01-02T11:14:19.505+0530: 927.405: [DefNew
Desired survivor size 32768 bytes, new threshold 15 (max 15)
- age   1:        248 bytes,        248 total
- age   7:         16 bytes,        264 total
: 874K->0K(960K), 0.0008826 secs] 4666K->3863K(10176K), 0.0011158 secs] [Times: user=0.00 sys=0.00, real=0.00 secs] 
2019-01-02T11:14:19.508+0530: 927.407: [GC (Allocation Failure) 2019-01-02T11:14:19.508+0530: 927.407: [DefNew
Desired survivor size 32768 bytes, new threshold 15 (max 15)
- age   1:         40 bytes,         40 total
- age   2:        184 bytes,        224 total
- age   8:         16 bytes,        240 total
: 896K->0K(960K), 0.0007184 secs] 4759K->4151K(10176K), 0.0012549 secs] [Times: user=0.00 sys=0.00, real=0.00 secs] 
2019-01-02T11:14:19.511+0530: 927.410: [GC (Allocation Failure) 2019-01-02T11:14:19.511+0530: 927.410: [DefNew
Desired survivor size 32768 bytes, new threshold 15 (max 15)
- age   1:         40 bytes,         40 total
- age   3:        184 bytes,        224 total
- age   9:         16 bytes,        240 total
: 896K->0K(960K), 0.0010827 secs] 5047K->4727K(10176K), 0.0012612 secs] [Times: user=0.00 sys=0.00, real=0.00 secs] 
2019-01-02T11:14:19.514+0530: 927.413: [GC (Allocation Failure) 2019-01-02T11:14:19.514+0530: 927.413: [DefNew
Desired survivor size 32768 bytes, new threshold 15 (max 15)
- age   1:         24 bytes,         24 total
- age   4:        184 bytes,        208 total
- age  10:         16 bytes,        224 total
: 516K->0K(960K), 0.0003706 secs] 5244K->4727K(10176K), 0.0004618 secs] [Times: user=0.00 sys=0.00, real=0.00 secs] 
2019-01-02T11:14:19.515+0530: 927.414: [GC (Allocation Failure) 2019-01-02T11:14:19.515+0530: 927.414: [DefNew
Desired survivor size 32768 bytes, new threshold 15 (max 15)
- age   2:         24 bytes,         24 total
- age   5:        184 bytes,        208 total
- age  11:         16 bytes,        224 total
: 519K->0K(960K), 0.0003415 secs] 5246K->5246K(10176K), 0.0004003 secs] [Times: user=0.00 sys=0.00, real=0.00 secs] 
2019-01-02T11:14:19.515+0530: 927.414: [GC (Allocation Failure) 2019-01-02T11:14:19.515+0530: 927.414: [DefNew
Desired survivor size 32768 bytes, new threshold 15 (max 15)
- age   1:         24 bytes,         24 total
- age   6:         72 bytes,         96 total
- age  12:         16 bytes,        112 total
: 537K->0K(960K), 0.0016717 secs] 5783K->5765K(10176K), 0.0018998 secs] [Times: user=0.00 sys=0.00, real=0.00 secs] 
2019-01-02T11:14:19.582+0530: 927.481: [GC (Allocation Failure) 2019-01-02T11:14:19.582+0530: 927.481: [DefNew
Desired survivor size 32768 bytes, new threshold 15 (max 15)
- age   1:        248 bytes,        248 total
- age   7:         16 bytes,        264 total
- age  13:         16 bytes,        280 total
: 890K->0K(960K), 0.0014898 secs] 6656K->5837K(10176K), 0.0017236 secs] [Times: user=0.00 sys=0.00, real=0.00 secs] 
2019-01-02T11:14:19.587+0530: 927.487: [GC (Allocation Failure) 2019-01-02T11:14:19.588+0530: 927.487: [DefNew
Desired survivor size 32768 bytes, new threshold 15 (max 15)
- age   1:         40 bytes,         40 total
- age   2:        184 bytes,        224 total
- age   8:         16 bytes,        240 total
- age  14:         16 bytes,        256 total
: 896K->0K(960K), 0.0009505 secs] 6733K->6125K(10176K), 0.0013513 secs] [Times: user=0.00 sys=0.00, real=0.00 secs] 
2019-01-02T11:14:19.590+0530: 927.489: [GC (Allocation Failure) 2019-01-02T11:14:19.590+0530: 927.489: [DefNew
Desired survivor size 32768 bytes, new threshold 15 (max 15)
- age   3:        184 bytes,        184 total
- age   9:         16 bytes,        200 total
- age  15:         16 bytes,        216 total
: 896K->0K(960K), 0.0003906 secs] 7021K->6701K(10176K), 0.0004852 secs] [Times: user=0.00 sys=0.00, real=0.00 secs] 
2019-01-02T11:14:19.591+0530: 927.491: [GC (Allocation Failure) 2019-01-02T11:14:19.592+0530: 927.491: [DefNew
Desired survivor size 32768 bytes, new threshold 15 (max 15)
- age   1:         24 bytes,         24 total
- age   4:        184 bytes,        208 total
- age  10:         16 bytes,        224 total
: 533K->0K(960K), 0.0002269 secs] 7235K->6701K(10176K), 0.0002851 secs] [Times: user=0.00 sys=0.00, real=0.00 secs] 
2019-01-02T11:14:19.592+0530: 927.491: [GC (Allocation Failure) 2019-01-02T11:14:19.592+0530: 927.491: [DefNew
Desired survivor size 32768 bytes, new threshold 15 (max 15)
- age   2:         24 bytes,         24 total
- age   5:        184 bytes,        208 total
- age  11:         16 bytes,        224 total
: 519K->0K(960K), 0.0003136 secs] 7221K->7221K(10176K), 0.0003900 secs] [Times: user=0.00 sys=0.00, real=0.00 secs] 
2019-01-02T11:14:19.593+0530: 927.492: [GC (Allocation Failure) 2019-01-02T11:14:19.593+0530: 927.492: [DefNew
Desired survivor size 32768 bytes, new threshold 15 (max 15)
- age   1:         24 bytes,         24 total
- age   6:         72 bytes,         96 total
- age  12:         16 bytes,        112 total
: 537K->0K(960K), 0.0003256 secs] 7757K->7740K(10176K), 0.0004105 secs] [Times: user=0.00 sys=0.00, real=0.00 secs] 
2019-01-02T11:14:19.659+0530: 927.558: [GC (Allocation Failure) 2019-01-02T11:14:19.659+0530: 927.558: [DefNew
Desired survivor size 32768 bytes, new threshold 15 (max 15)
- age   1:        248 bytes,        248 total
- age   7:         16 bytes,        264 total
- age  13:         16 bytes,        280 total
: 890K->0K(960K), 0.0007127 secs] 8630K->7812K(10176K), 0.0010719 secs] [Times: user=0.00 sys=0.00, real=0.00 secs] 
2019-01-02T11:14:19.662+0530: 927.561: [GC (Allocation Failure) 2019-01-02T11:14:19.662+0530: 927.561: [DefNew
Desired survivor size 32768 bytes, new threshold 15 (max 15)
- age   2:        184 bytes,        184 total
- age   8:         16 bytes,        200 total
- age  14:         16 bytes,        216 total
: 896K->0K(960K), 0.0003113 secs] 8708K->8100K(10176K), 0.0003780 secs] [Times: user=0.00 sys=0.00, real=0.00 secs] 
2019-01-02T11:14:19.663+0530: 927.562: [GC (Allocation Failure) 2019-01-02T11:14:19.663+0530: 927.562: [DefNew
Desired survivor size 32768 bytes, new threshold 15 (max 15)
- age   3:        184 bytes,        184 total
- age   9:         16 bytes,        200 total
- age  15:         16 bytes,        216 total
: 896K->0K(960K), 0.0003330 secs] 8996K->8676K(10176K), 0.0003888 secs] [Times: user=0.00 sys=0.00, real=0.00 secs] 
2019-01-02T11:14:19.664+0530: 927.563: [GC (Allocation Failure) 2019-01-02T11:14:19.664+0530: 927.563: [DefNew
Desired survivor size 32768 bytes, new threshold 15 (max 15)
- age   1:         24 bytes,         24 total
- age   4:        184 bytes,        208 total
- age  10:         16 bytes,        224 total
: 533K->0K(960K), 0.0002321 secs] 9209K->8676K(10176K), 0.0002851 secs] [Times: user=0.00 sys=0.00, real=0.00 secs] 
2019-01-02T11:14:19.665+0530: 927.564: [GC (Allocation Failure) 2019-01-02T11:14:19.665+0530: 927.564: [DefNew
Desired survivor size 32768 bytes, new threshold 15 (max 15)
- age   2:         24 bytes,         24 total
- age   5:        184 bytes,        208 total
- age  11:         16 bytes,        224 total
: 519K->0K(960K), 0.0003467 secs] 9195K->9195K(10176K), 0.0004122 secs] [Times: user=0.00 sys=0.00, real=0.00 secs] 
2019-01-02T11:14:19.666+0530: 927.565: [GC (Allocation Failure) 2019-01-02T11:14:19.666+0530: 927.565: [DefNew: 537K->537K(960K), 0.0000257 secs]2019-01-02T11:14:19.666+0530: 927.565: [Tenured: 9195K->1298K(9216K), 0.0063903 secs] 9732K->1298K(10176K), [Metaspace: 2520K->2520K(1056768K)], 0.0065352 secs] [Times: user=0.00 sys=0.00, real=0.01 secs] 
2019-01-02T11:14:19.741+0530: 927.640: [GC (Allocation Failure) 2019-01-02T11:14:19.741+0530: 927.640: [DefNew
Desired survivor size 32768 bytes, new threshold 15 (max 15)
- age   1:        248 bytes,        248 total
: 890K->0K(960K), 0.0015902 secs] 2188K->1889K(10176K), 0.0017800 secs] [Times: user=0.00 sys=0.00, real=0.00 secs] 
2019-01-02T11:14:19.744+0530: 927.643: [GC (Allocation Failure) 2019-01-02T11:14:19.744+0530: 927.643: [DefNew
Desired survivor size 32768 bytes, new threshold 15 (max 15)
- age   2:        184 bytes,        184 total
: 896K->0K(960K), 0.0003678 secs] 2785K->2177K(10176K), 0.0004630 secs] [Times: user=0.00 sys=0.00, real=0.00 secs] 
2019-01-02T11:14:19.745+0530: 927.645: [GC (Allocation Failure) 2019-01-02T11:14:19.745+0530: 927.645: [DefNew
Desired survivor size 32768 bytes, new threshold 15 (max 15)
- age   3:        184 bytes,        184 total
: 896K->0K(960K), 0.0003421 secs] 3073K->2753K(10176K), 0.0003997 secs] [Times: user=0.00 sys=0.00, real=0.00 secs] 
2019-01-02T11:14:19.747+0530: 927.646: [GC (Allocation Failure) 2019-01-02T11:14:19.747+0530: 927.646: [DefNew
Desired survivor size 32768 bytes, new threshold 15 (max 15)
- age   1:         24 bytes,         24 total
- age   4:        184 bytes,        208 total
: 533K->0K(960K), 0.0002281 secs] 3286K->2753K(10176K), 0.0002822 secs] [Times: user=0.00 sys=0.00, real=0.00 secs] 
2019-01-02T11:14:19.747+0530: 927.647: [GC (Allocation Failure) 2019-01-02T11:14:19.747+0530: 927.647: [DefNew
Desired survivor size 32768 bytes, new threshold 15 (max 15)
- age   2:         24 bytes,         24 total
- age   5:        184 bytes,        208 total
: 519K->0K(960K), 0.0003079 secs] 3272K->3272K(10176K), 0.0003586 secs] [Times: user=0.00 sys=0.00, real=0.00 secs] 
2019-01-02T11:14:19.748+0530: 927.647: [GC (Allocation Failure) 2019-01-02T11:14:19.748+0530: 927.647: [DefNew
Desired survivor size 32768 bytes, new threshold 15 (max 15)
- age   1:         24 bytes,         24 total
- age   6:         72 bytes,         96 total
: 537K->0K(960K), 0.0004145 secs] 3809K->3791K(10176K), 0.0005126 secs] [Times: user=0.00 sys=0.00, real=0.00 secs] 
2019-01-02T11:14:19.811+0530: 927.710: [GC (Allocation Failure) 2019-01-02T11:14:19.811+0530: 927.711: [DefNew
Desired survivor size 32768 bytes, new threshold 15 (max 15)
- age   1:        248 bytes,        248 total
- age   7:         16 bytes,        264 total
: 890K->0K(960K), 0.0007999 secs] 4682K->3863K(10176K), 0.0011894 secs] [Times: user=0.00 sys=0.00, real=0.00 secs] 
2019-01-02T11:14:19.814+0530: 927.713: [GC (Allocation Failure) 2019-01-02T11:14:19.814+0530: 927.713: [DefNew
Desired survivor size 32768 bytes, new threshold 15 (max 15)
- age   2:        184 bytes,        184 total
- age   8:         16 bytes,        200 total
: 896K->0K(960K), 0.0009955 secs] 4759K->4151K(10176K), 0.0012019 secs] [Times: user=0.00 sys=0.00, real=0.00 secs] 
2019-01-02T11:14:19.817+0530: 927.716: [GC (Allocation Failure) 2019-01-02T11:14:19.817+0530: 927.716: [DefNew
Desired survivor size 32768 bytes, new threshold 15 (max 15)
- age   3:        184 bytes,        184 total
- age   9:         16 bytes,        200 total
: 896K->0K(960K), 0.0005918 secs] 5047K->4727K(10176K), 0.0007241 secs] [Times: user=0.00 sys=0.00, real=0.00 secs] 
2019-01-02T11:14:19.820+0530: 927.719: [GC (Allocation Failure) 2019-01-02T11:14:19.820+0530: 927.719: [DefNew
Desired survivor size 32768 bytes, new threshold 15 (max 15)
- age   1:         24 bytes,         24 total
- age   4:        184 bytes,        208 total
- age  10:         16 bytes,        224 total
: 533K->0K(960K), 0.0006038 secs] 5261K->4727K(10176K), 0.0007230 secs] [Times: user=0.00 sys=0.00, real=0.00 secs] 
2019-01-02T11:14:19.821+0530: 927.720: [GC (Allocation Failure) 2019-01-02T11:14:19.821+0530: 927.720: [DefNew
Desired survivor size 32768 bytes, new threshold 15 (max 15)
- age   2:         24 bytes,         24 total
- age   5:        184 bytes,        208 total
- age  11:         16 bytes,        224 total
: 519K->0K(960K), 0.0006437 secs] 5247K->5247K(10176K), 0.0007201 secs] [Times: user=0.01 sys=0.00, real=0.00 secs] 
2019-01-02T11:14:19.822+0530: 927.721: [GC (Allocation Failure) 2019-01-02T11:14:19.822+0530: 927.721: [DefNew
Desired survivor size 32768 bytes, new threshold 15 (max 15)
- age   1:         24 bytes,         24 total
- age   6:         72 bytes,         96 total
- age  12:         16 bytes,        112 total
: 537K->0K(960K), 0.0003410 secs] 5784K->5766K(10176K), 0.0004122 secs] [Times: user=0.00 sys=0.00, real=0.00 secs] 
2019-01-02T11:14:19.884+0530: 927.783: [GC (Allocation Failure) 2019-01-02T11:14:19.884+0530: 927.783: [DefNew
Desired survivor size 32768 bytes, new threshold 15 (max 15)
- age   1:        248 bytes,        248 total
- age   7:         16 bytes,        264 total
- age  13:         16 bytes,        280 total
: 890K->0K(960K), 0.0011534 secs] 6656K->5838K(10176K), 0.0015668 secs] [Times: user=0.02 sys=0.00, real=0.00 secs] 
2019-01-02T11:14:19.888+0530: 927.787: [GC (Allocation Failure) 2019-01-02T11:14:19.888+0530: 927.787: [DefNew
Desired survivor size 32768 bytes, new threshold 15 (max 15)
- age   2:        184 bytes,        184 total
- age   8:         16 bytes,        200 total
- age  14:         16 bytes,        216 total
: 896K->0K(960K), 0.0006420 secs] 6734K->6126K(10176K), 0.0007891 secs] [Times: user=0.00 sys=0.00, real=0.00 secs] 
2019-01-02T11:14:19.890+0530: 927.790: [GC (Allocation Failure) 2019-01-02T11:14:19.891+0530: 927.790: [DefNew
Desired survivor size 32768 bytes, new threshold 15 (max 15)
- age   3:        184 bytes,        184 total
- age   9:         16 bytes,        200 total
- age  15:         16 bytes,        216 total
: 896K->0K(960K), 0.0017544 secs] 7022K->6702K(10176K), 0.0020617 secs] [Times: user=0.00 sys=0.00, real=0.00 secs] 
2019-01-02T11:14:19.894+0530: 927.793: [GC (Allocation Failure) 2019-01-02T11:14:19.894+0530: 927.793: [DefNew
Desired survivor size 32768 bytes, new threshold 15 (max 15)
- age   1:         24 bytes,         24 total
- age   4:        184 bytes,        208 total
- age  10:         16 bytes,        224 total
: 533K->0K(960K), 0.0003296 secs] 7235K->6702K(10176K), 0.0003974 secs] [Times: user=0.00 sys=0.00, real=0.00 secs] 
2019-01-02T11:14:19.894+0530: 927.793: [GC (Allocation Failure) 2019-01-02T11:14:19.894+0530: 927.794: [DefNew
Desired survivor size 32768 bytes, new threshold 15 (max 15)
- age   2:         24 bytes,         24 total
- age   5:        184 bytes,        208 total
- age  11:         16 bytes,        224 total
: 519K->0K(960K), 0.0003159 secs] 7221K->7221K(10176K), 0.0003655 secs] [Times: user=0.00 sys=0.00, real=0.00 secs] 
2019-01-02T11:14:19.895+0530: 927.794: [GC (Allocation Failure) 2019-01-02T11:14:19.895+0530: 927.794: [DefNew
Desired survivor size 32768 bytes, new threshold 15 (max 15)
- age   1:         24 bytes,         24 total
- age   6:         72 bytes,         96 total
- age  12:         16 bytes,        112 total
: 537K->0K(960K), 0.0003045 secs] 7758K->7740K(10176K), 0.0003581 secs] [Times: user=0.00 sys=0.00, real=0.00 secs] 
2019-01-02T11:14:19.957+0530: 927.856: [GC (Allocation Failure) 2019-01-02T11:14:19.957+0530: 927.856: [DefNew
Desired survivor size 32768 bytes, new threshold 15 (max 15)
- age   1:        248 bytes,        248 total
- age   7:         16 bytes,        264 total
- age  13:         16 bytes,        280 total
: 890K->0K(960K), 0.0007714 secs] 8631K->7813K(10176K), 0.0011916 secs] [Times: user=0.00 sys=0.00, real=0.00 secs] 
2019-01-02T11:14:19.960+0530: 927.859: [GC (Allocation Failure) 2019-01-02T11:14:19.960+0530: 927.859: [DefNew
Desired survivor size 32768 bytes, new threshold 15 (max 15)
- age   2:        184 bytes,        184 total
- age   8:         16 bytes,        200 total
- age  14:         16 bytes,        216 total
: 896K->0K(960K), 0.0013975 secs] 8709K->8100K(10176K), 0.0015919 secs] [Times: user=0.00 sys=0.00, real=0.00 secs] 
2019-01-02T11:14:19.963+0530: 927.862: [GC (Allocation Failure) 2019-01-02T11:14:19.963+0530: 927.863: [DefNew
Desired survivor size 32768 bytes, new threshold 15 (max 15)
- age   3:        184 bytes,        184 total
- age   9:         16 bytes,        200 total
- age  15:         16 bytes,        216 total
: 896K->0K(960K), 0.0005913 secs] 8996K->8677K(10176K), 0.0008039 secs] [Times: user=0.00 sys=0.00, real=0.00 secs] 
2019-01-02T11:14:19.965+0530: 927.864: [GC (Allocation Failure) 2019-01-02T11:14:19.965+0530: 927.864: [DefNew
Desired survivor size 32768 bytes, new threshold 15 (max 15)
- age   1:         24 bytes,         24 total
- age   4:        184 bytes,        208 total
- age  10:         16 bytes,        224 total
: 533K->0K(960K), 0.0003142 secs] 9210K->8677K(10176K), 0.0003883 secs] [Times: user=0.00 sys=0.00, real=0.00 secs] 
2019-01-02T11:14:19.966+0530: 927.865: [GC (Allocation Failure) 2019-01-02T11:14:19.966+0530: 927.865: [DefNew
Desired survivor size 32768 bytes, new threshold 15 (max 15)
- age   2:         24 bytes,         24 total
- age   5:        184 bytes,        208 total
- age  11:         16 bytes,        224 total
: 519K->0K(960K), 0.0004168 secs] 9196K->9196K(10176K), 0.0005040 secs] [Times: user=0.00 sys=0.00, real=0.00 secs] 
2019-01-02T11:14:19.967+0530: 927.866: [GC (Allocation Failure) 2019-01-02T11:14:19.967+0530: 927.866: [DefNew: 537K->537K(960K), 0.0000405 secs]2019-01-02T11:14:19.967+0530: 927.866: [Tenured: 9196K->1298K(9216K), 0.0070090 secs] 9733K->1298K(10176K), [Metaspace: 2520K->2520K(1056768K)], 0.0071772 secs] [Times: user=0.00 sys=0.00, real=0.01 secs] 
2019-01-02T11:14:20.035+0530: 927.934: [GC (Allocation Failure) 2019-01-02T11:14:20.035+0530: 927.934: [DefNew
Desired survivor size 32768 bytes, new threshold 15 (max 15)
- age   1:        248 bytes,        248 total
: 890K->0K(960K), 0.0013148 secs] 2188K->1889K(10176K), 0.0017253 secs] [Times: user=0.00 sys=0.00, real=0.00 secs] 
2019-01-02T11:14:20.039+0530: 927.938: [GC (Allocation Failure) 2019-01-02T11:14:20.039+0530: 927.938: [DefNew
Desired survivor size 32768 bytes, new threshold 15 (max 15)
- age   2:        184 bytes,        184 total
: 896K->0K(960K), 0.0014505 secs] 2785K->2177K(10176K), 0.0016831 secs] [Times: user=0.02 sys=0.00, real=0.00 secs] 
2019-01-02T11:14:20.042+0530: 927.942: [GC (Allocation Failure) 2019-01-02T11:14:20.042+0530: 927.942: [DefNew
Desired survivor size 32768 bytes, new threshold 15 (max 15)
- age   3:        184 bytes,        184 total
: 896K->0K(960K), 0.0011426 secs] 3073K->2753K(10176K), 0.0012680 secs] [Times: user=0.00 sys=0.00, real=0.00 secs] 
2019-01-02T11:14:20.045+0530: 927.944: [GC (Allocation Failure) 2019-01-02T11:14:20.045+0530: 927.945: [DefNew
Desired survivor size 32768 bytes, new threshold 15 (max 15)
- age   1:         24 bytes,         24 total
- age   4:        184 bytes,        208 total
: 533K->0K(960K), 0.0003022 secs] 3286K->2753K(10176K), 0.0004499 secs] [Times: user=0.00 sys=0.00, real=0.00 secs] 
2019-01-02T11:14:20.046+0530: 927.945: [GC (Allocation Failure) 2019-01-02T11:14:20.046+0530: 927.945: [DefNew
Desired survivor size 32768 bytes, new threshold 15 (max 15)
- age   2:         24 bytes,         24 total
- age   5:        184 bytes,        208 total
: 519K->0K(960K), 0.0003102 secs] 3272K->3272K(10176K), 0.0003632 secs] [Times: user=0.00 sys=0.00, real=0.00 secs] 
2019-01-02T11:14:20.047+0530: 927.946: [GC (Allocation Failure) 2019-01-02T11:14:20.047+0530: 927.946: [DefNew
Desired survivor size 32768 bytes, new threshold 15 (max 15)
- age   1:         24 bytes,         24 total
- age   6:         72 bytes,         96 total
: 537K->0K(960K), 0.0002993 secs] 3809K->3792K(10176K), 0.0003506 secs] [Times: user=0.00 sys=0.00, real=0.00 secs] 
2019-01-02T11:14:20.103+0530: 928.002: [GC (Allocation Failure) 2019-01-02T11:14:20.103+0530: 928.003: [DefNew
Desired survivor size 32768 bytes, new threshold 15 (max 15)
- age   1:        248 bytes,        248 total
- age   7:         16 bytes,        264 total
: 890K->0K(960K), 0.0008877 secs] 4682K->3864K(10176K), 0.0012070 secs] [Times: user=0.00 sys=0.00, real=0.00 secs] 
2019-01-02T11:14:20.106+0530: 928.006: [GC (Allocation Failure) 2019-01-02T11:14:20.107+0530: 928.006: [DefNew
Desired survivor size 32768 bytes, new threshold 15 (max 15)
- age   2:        184 bytes,        184 total
- age   8:         16 bytes,        200 total
: 896K->0K(960K), 0.0005194 secs] 4760K->4152K(10176K), 0.0007190 secs] [Times: user=0.00 sys=0.00, real=0.00 secs] 
2019-01-02T11:14:20.108+0530: 928.008: [GC (Allocation Failure) 2019-01-02T11:14:20.108+0530: 928.008: [DefNew
Desired survivor size 32768 bytes, new threshold 15 (max 15)
- age   3:        184 bytes,        184 total
- age   9:         16 bytes,        200 total
: 896K->0K(960K), 0.0009305 secs] 5048K->4728K(10176K), 0.0010799 secs] [Times: user=0.00 sys=0.00, real=0.00 secs] 
2019-01-02T11:14:20.112+0530: 928.011: [GC (Allocation Failure) 2019-01-02T11:14:20.112+0530: 928.011: [DefNew
Desired survivor size 32768 bytes, new threshold 15 (max 15)
- age   1:         24 bytes,         24 total
- age   4:        184 bytes,        208 total
- age  10:         16 bytes,        224 total
: 533K->0K(960K), 0.0007885 secs] 5261K->4728K(10176K), 0.0009527 secs] [Times: user=0.00 sys=0.00, real=0.00 secs] 
2019-01-02T11:14:20.113+0530: 928.012: [GC (Allocation Failure) 2019-01-02T11:14:20.113+0530: 928.012: [DefNew
Desired survivor size 32768 bytes, new threshold 15 (max 15)
- age   2:         24 bytes,         24 total
- age   5:        184 bytes,        208 total
- age  11:         16 bytes,        224 total
: 519K->0K(960K), 0.0003398 secs] 5247K->5247K(10176K), 0.0004128 secs] [Times: user=0.00 sys=0.00, real=0.00 secs] 
2019-01-02T11:14:20.114+0530: 928.013: [GC (Allocation Failure) 2019-01-02T11:14:20.114+0530: 928.013: [DefNew
Desired survivor size 32768 bytes, new threshold 15 (max 15)
- age   1:         24 bytes,         24 total
- age   6:         72 bytes,         96 total
- age  12:         16 bytes,        112 total
: 537K->0K(960K), 0.0003176 secs] 5784K->5766K(10176K), 0.0003877 secs] [Times: user=0.00 sys=0.00, real=0.00 secs] 
2019-01-02T11:14:20.174+0530: 928.073: [GC (Allocation Failure) 2019-01-02T11:14:20.174+0530: 928.074: [DefNew
Desired survivor size 32768 bytes, new threshold 15 (max 15)
- age   1:        248 bytes,        248 total
- age   7:         16 bytes,        264 total
- age  13:         16 bytes,        280 total
: 890K->0K(960K), 0.0004852 secs] 6657K->5839K(10176K), 0.0008940 secs] [Times: user=0.00 sys=0.00, real=0.00 secs] 
2019-01-02T11:14:20.176+0530: 928.076: [GC (Allocation Failure) 2019-01-02T11:14:20.176+0530: 928.076: [DefNew
Desired survivor size 32768 bytes, new threshold 15 (max 15)
- age   2:        184 bytes,        184 total
- age   8:         16 bytes,        200 total
- age  14:         16 bytes,        216 total
: 896K->0K(960K), 0.0007543 secs] 6735K->6127K(10176K), 0.0008512 secs] [Times: user=0.00 sys=0.00, real=0.00 secs] 
2019-01-02T11:14:20.179+0530: 928.078: [GC (Allocation Failure) 2019-01-02T11:14:20.179+0530: 928.078: [DefNew
Desired survivor size 32768 bytes, new threshold 15 (max 15)
- age   3:        184 bytes,        184 total
- age   9:         16 bytes,        200 total
- age  15:         16 bytes,        216 total
: 896K->0K(960K), 0.0011500 secs] 7023K->6703K(10176K), 0.0014231 secs] [Times: user=0.00 sys=0.00, real=0.00 secs] 
2019-01-02T11:14:20.182+0530: 928.081: [GC (Allocation Failure) 2019-01-02T11:14:20.182+0530: 928.081: [DefNew
Desired survivor size 32768 bytes, new threshold 15 (max 15)
- age   1:         24 bytes,         24 total
- age   4:        184 bytes,        208 total
- age  10:         16 bytes,        224 total
: 533K->0K(960K), 0.0002674 secs] 7236K->6703K(10176K), 0.0003586 secs] [Times: user=0.00 sys=0.00, real=0.00 secs] 
2019-01-02T11:14:20.182+0530: 928.082: [GC (Allocation Failure) 2019-01-02T11:14:20.182+0530: 928.082: [DefNew
Desired survivor size 32768 bytes, new threshold 15 (max 15)
- age   2:         24 bytes,         24 total
- age   5:        184 bytes,        208 total
- age  11:         16 bytes,        224 total
: 519K->0K(960K), 0.0003210 secs] 7222K->7222K(10176K), 0.0003900 secs] [Times: user=0.00 sys=0.00, real=0.00 secs] 
2019-01-02T11:14:20.183+0530: 928.082: [GC (Allocation Failure) 2019-01-02T11:14:20.183+0530: 928.082: [DefNew
Desired survivor size 32768 bytes, new threshold 15 (max 15)
- age   1:         24 bytes,         24 total
- age   6:         72 bytes,         96 total
- age  12:         16 bytes,        112 total
: 537K->0K(960K), 0.0003250 secs] 7759K->7741K(10176K), 0.0003974 secs] [Times: user=0.00 sys=0.00, real=0.00 secs] 
2019-01-02T11:14:20.244+0530: 928.143: [GC (Allocation Failure) 2019-01-02T11:14:20.244+0530: 928.144: [DefNew
Desired survivor size 32768 bytes, new threshold 15 (max 15)
- age   1:        248 bytes,        248 total
- age   7:         16 bytes,        264 total
- age  13:         16 bytes,        280 total
: 890K->0K(960K), 0.0009887 secs] 8632K->7813K(10176K), 0.0013142 secs] [Times: user=0.00 sys=0.00, real=0.00 secs] 
2019-01-02T11:14:20.247+0530: 928.146: [GC (Allocation Failure) 2019-01-02T11:14:20.247+0530: 928.147: [DefNew
Desired survivor size 32768 bytes, new threshold 15 (max 15)
- age   2:        184 bytes,        184 total
- age   8:         16 bytes,        200 total
- age  14:         16 bytes,        216 total
: 896K->0K(960K), 0.0009214 secs] 8709K->8101K(10176K), 0.0011226 secs] [Times: user=0.00 sys=0.00, real=0.00 secs] 
2019-01-02T11:14:20.250+0530: 928.149: [GC (Allocation Failure) 2019-01-02T11:14:20.250+0530: 928.149: [DefNew
Desired survivor size 32768 bytes, new threshold 15 (max 15)
- age   3:        184 bytes,        184 total
- age   9:         16 bytes,        200 total
- age  15:         16 bytes,        216 total
: 896K->0K(960K), 0.0012053 secs] 8997K->8677K(10176K), 0.0013872 secs] [Times: user=0.00 sys=0.00, real=0.00 secs] 
2019-01-02T11:14:20.252+0530: 928.152: [GC (Allocation Failure) 2019-01-02T11:14:20.252+0530: 928.152: [DefNew
Desired survivor size 32768 bytes, new threshold 15 (max 15)
- age   1:         24 bytes,         24 total
- age   4:        184 bytes,        208 total
- age  10:         16 bytes,        224 total
: 533K->0K(960K), 0.0002651 secs] 9211K->8677K(10176K), 0.0003427 secs] [Times: user=0.00 sys=0.00, real=0.00 secs] 
2019-01-02T11:14:20.253+0530: 928.152: [GC (Allocation Failure) 2019-01-02T11:14:20.253+0530: 928.152: [DefNew
Desired survivor size 32768 bytes, new threshold 15 (max 15)
- age   2:         24 bytes,         24 total
- age   5:        184 bytes,        208 total
- age  11:         16 bytes,        224 total
: 519K->0K(960K), 0.0010987 secs] 9197K->9197K(10176K), 0.0012692 secs] [Times: user=0.00 sys=0.00, real=0.00 secs] 
2019-01-02T11:14:20.255+0530: 928.154: [GC (Allocation Failure) 2019-01-02T11:14:20.255+0530: 928.154: [DefNew: 537K->537K(960K), 0.0000302 secs]2019-01-02T11:14:20.255+0530: 928.154: [Tenured: 9196K->1298K(9216K), 0.0050984 secs] 9734K->1298K(10176K), [Metaspace: 2520K->2520K(1056768K)], 0.0052859 secs] [Times: user=0.02 sys=0.00, real=0.00 secs] 
2019-01-02T11:14:20.324+0530: 928.223: [GC (Allocation Failure) 2019-01-02T11:14:20.324+0530: 928.224: [DefNew
Desired survivor size 32768 bytes, new threshold 15 (max 15)
- age   1:        248 bytes,        248 total
: 890K->0K(960K), 0.0007652 secs] 2189K->1889K(10176K), 0.0011278 secs] [Times: user=0.00 sys=0.00, real=0.00 secs] 
2019-01-02T11:14:20.327+0530: 928.226: [GC (Allocation Failure) 2019-01-02T11:14:20.327+0530: 928.226: [DefNew
Desired survivor size 32768 bytes, new threshold 15 (max 15)
- age   2:        184 bytes,        184 total
: 896K->0K(960K), 0.0009562 secs] 2785K->2177K(10176K), 0.0011437 secs] [Times: user=0.00 sys=0.00, real=0.00 secs] 
2019-01-02T11:14:20.330+0530: 928.229: [GC (Allocation Failure) 2019-01-02T11:14:20.330+0530: 928.229: [DefNew
Desired survivor size 32768 bytes, new threshold 15 (max 15)
- age   3:        184 bytes,        184 total
: 896K->0K(960K), 0.0004459 secs] 3073K->2753K(10176K), 0.0005331 secs] [Times: user=0.00 sys=0.00, real=0.00 secs] 
2019-01-02T11:14:20.332+0530: 928.231: [GC (Allocation Failure) 2019-01-02T11:14:20.332+0530: 928.231: [DefNew
Desired survivor size 32768 bytes, new threshold 15 (max 15)
- age   1:         24 bytes,         24 total
- age   4:        184 bytes,        208 total
: 533K->0K(960K), 0.0002731 secs] 3287K->2753K(10176K), 0.0003484 secs] [Times: user=0.00 sys=0.00, real=0.00 secs] 
2019-01-02T11:14:20.333+0530: 928.232: [GC (Allocation Failure) 2019-01-02T11:14:20.333+0530: 928.232: [DefNew
Desired survivor size 32768 bytes, new threshold 15 (max 15)
- age   2:         24 bytes,         24 total
- age   5:        184 bytes,        208 total
: 519K->0K(960K), 0.0003056 secs] 3273K->3273K(10176K), 0.0003626 secs] [Times: user=0.00 sys=0.00, real=0.00 secs] 
2019-01-02T11:14:20.333+0530: 928.232: [GC (Allocation Failure) 2019-01-02T11:14:20.333+0530: 928.232: [DefNew
Desired survivor size 32768 bytes, new threshold 15 (max 15)
- age   1:         24 bytes,         24 total
- age   6:         72 bytes,         96 total
: 537K->0K(960K), 0.0003045 secs] 3810K->3792K(10176K), 0.0003621 secs] [Times: user=0.00 sys=0.00, real=0.00 secs] 
2019-01-02T11:14:20.418+0530: 928.317: [GC (Allocation Failure) 2019-01-02T11:14:20.418+0530: 928.317: [DefNew
Desired survivor size 32768 bytes, new threshold 15 (max 15)
- age   1:        248 bytes,        248 total
- age   7:         16 bytes,        264 total
: 890K->0K(960K), 0.0004191 secs] 4683K->3864K(10176K), 0.0005508 secs] [Times: user=0.00 sys=0.00, real=0.00 secs] 
2019-01-02T11:14:20.420+0530: 928.320: [GC (Allocation Failure) 2019-01-02T11:14:20.420+0530: 928.320: [DefNew
Desired survivor size 32768 bytes, new threshold 15 (max 15)
- age   2:        184 bytes,        184 total
- age   8:         16 bytes,        200 total
: 896K->0K(960K), 0.0016649 secs] 4760K->4152K(10176K), 0.0021352 secs] [Times: user=0.00 sys=0.00, real=0.00 secs] 
2019-01-02T11:14:20.424+0530: 928.323: [GC (Allocation Failure) 2019-01-02T11:14:20.424+0530: 928.324: [DefNew
Desired survivor size 32768 bytes, new threshold 15 (max 15)
- age   3:        184 bytes,        184 total
- age   9:         16 bytes,        200 total
: 896K->0K(960K), 0.0016175 secs] 5048K->4728K(10176K), 0.0018753 secs] [Times: user=0.00 sys=0.00, real=0.00 secs] 
2019-01-02T11:14:20.428+0530: 928.327: [GC (Allocation Failure) 2019-01-02T11:14:20.428+0530: 928.327: [DefNew
Desired survivor size 32768 bytes, new threshold 15 (max 15)
- age   1:         24 bytes,         24 total
- age   4:        184 bytes,        208 total
- age  10:         16 bytes,        224 total
: 533K->0K(960K), 0.0003792 secs] 5262K->4728K(10176K), 0.0004749 secs] [Times: user=0.00 sys=0.00, real=0.00 secs] 
2019-01-02T11:14:20.430+0530: 928.329: [GC (Allocation Failure) 2019-01-02T11:14:20.430+0530: 928.330: [DefNew
Desired survivor size 32768 bytes, new threshold 15 (max 15)
- age   2:         24 bytes,         24 total
- age   5:        184 bytes,        208 total
- age  11:         16 bytes,        224 total
: 519K->0K(960K), 0.0007874 secs] 5248K->5248K(10176K), 0.0009596 secs] [Times: user=0.00 sys=0.00, real=0.00 secs] 
2019-01-02T11:14:20.432+0530: 928.331: [GC (Allocation Failure) 2019-01-02T11:14:20.432+0530: 928.331: [DefNew
Desired survivor size 32768 bytes, new threshold 15 (max 15)
- age   1:         24 bytes,         24 total
- age   6:         72 bytes,         96 total
- age  12:         16 bytes,        112 total
: 537K->0K(960K), 0.0005970 secs] 5785K->5767K(10176K), 0.0007110 secs] [Times: user=0.00 sys=0.00, real=0.00 secs] 
2019-01-02T11:14:20.524+0530: 928.423: [GC (Allocation Failure) 2019-01-02T11:14:20.524+0530: 928.423: [DefNew
Desired survivor size 32768 bytes, new threshold 15 (max 15)
- age   1:        248 bytes,        248 total
- age   7:         16 bytes,        264 total
- age  13:         16 bytes,        280 total
: 890K->0K(960K), 0.0012566 secs] 6658K->5839K(10176K), 0.0015696 secs] [Times: user=0.00 sys=0.00, real=0.00 secs] 
2019-01-02T11:14:20.527+0530: 928.427: [GC (Allocation Failure) 2019-01-02T11:14:20.528+0530: 928.427: [DefNew
Desired survivor size 32768 bytes, new threshold 15 (max 15)
- age   2:        184 bytes,        184 total
- age   8:         16 bytes,        200 total
- age  14:         16 bytes,        216 total
: 896K->0K(960K), 0.0008803 secs] 6735K->6127K(10176K), 0.0012715 secs] [Times: user=0.00 sys=0.00, real=0.00 secs] 
2019-01-02T11:14:20.531+0530: 928.430: [GC (Allocation Failure) 2019-01-02T11:14:20.531+0530: 928.430: [DefNew
Desired survivor size 32768 bytes, new threshold 15 (max 15)
- age   3:        184 bytes,        184 total
- age   9:         16 bytes,        200 total
- age  15:         16 bytes,        216 total
: 896K->0K(960K), 0.0019129 secs] 7023K->6703K(10176K), 0.0022310 secs] [Times: user=0.00 sys=0.00, real=0.00 secs] 
2019-01-02T11:14:20.535+0530: 928.434: [GC (Allocation Failure) 2019-01-02T11:14:20.535+0530: 928.434: [DefNew
Desired survivor size 32768 bytes, new threshold 15 (max 15)
- age   1:         24 bytes,         24 total
- age   4:        184 bytes,        208 total
- age  10:         16 bytes,        224 total
: 533K->0K(960K), 0.0002703 secs] 7236K->6703K(10176K), 0.0004481 secs] [Times: user=0.00 sys=0.00, real=0.00 secs] 
2019-01-02T11:14:20.536+0530: 928.435: [GC (Allocation Failure) 2019-01-02T11:14:20.536+0530: 928.435: [DefNew
Desired survivor size 32768 bytes, new threshold 15 (max 15)
- age   2:         24 bytes,         24 total
- age   5:        184 bytes,        208 total
- age  11:         16 bytes,        224 total
: 519K->0K(960K), 0.0003227 secs] 7223K->7223K(10176K), 0.0003746 secs] [Times: user=0.00 sys=0.00, real=0.00 secs] 
2019-01-02T11:14:20.536+0530: 928.436: [GC (Allocation Failure) 2019-01-02T11:14:20.536+0530: 928.436: [DefNew
Desired survivor size 32768 bytes, new threshold 15 (max 15)
- age   1:         24 bytes,         24 total
- age   6:         72 bytes,         96 total
- age  12:         16 bytes,        112 total
: 537K->0K(960K), 0.0003079 secs] 7760K->7742K(10176K), 0.0003586 secs] [Times: user=0.00 sys=0.00, real=0.00 secs] 
2019-01-02T11:14:20.607+0530: 928.506: [GC (Allocation Failure) 2019-01-02T11:14:20.607+0530: 928.506: [DefNew
Desired survivor size 32768 bytes, new threshold 15 (max 15)
- age   1:        248 bytes,        248 total
- age   7:         16 bytes,        264 total
- age  13:         16 bytes,        280 total
: 890K->0K(960K), 0.0009197 secs] 8633K->7814K(10176K), 0.0013336 secs] [Times: user=0.00 sys=0.00, real=0.00 secs] 
2019-01-02T11:14:20.611+0530: 928.510: [GC (Allocation Failure) 2019-01-02T11:14:20.611+0530: 928.510: [DefNew
Desired survivor size 32768 bytes, new threshold 15 (max 15)
- age   2:        184 bytes,        184 total
- age   8:         16 bytes,        200 total
- age  14:         16 bytes,        216 total
: 896K->0K(960K), 0.0010730 secs] 8710K->8102K(10176K), 0.0013119 secs] [Times: user=0.00 sys=0.00, real=0.00 secs] 
2019-01-02T11:14:20.614+0530: 928.513: [GC (Allocation Failure) 2019-01-02T11:14:20.614+0530: 928.513: [DefNew
Desired survivor size 32768 bytes, new threshold 15 (max 15)
- age   3:        184 bytes,        184 total
- age   9:         16 bytes,        200 total
- age  15:         16 bytes,        216 total
: 896K->0K(960K), 0.0011050 secs] 8998K->8678K(10176K), 0.0012065 secs] [Times: user=0.00 sys=0.00, real=0.00 secs] 
2019-01-02T11:14:20.617+0530: 928.516: [GC (Allocation Failure) 2019-01-02T11:14:20.617+0530: 928.516: [DefNew
Desired survivor size 32768 bytes, new threshold 15 (max 15)
- age   1:         24 bytes,         24 total
- age   4:        184 bytes,        208 total
- age  10:         16 bytes,        224 total
: 533K->0K(960K), 0.0009773 secs] 9211K->8678K(10176K), 0.0012800 secs] [Times: user=0.00 sys=0.01, real=0.00 secs] 
2019-01-02T11:14:20.619+0530: 928.518: [GC (Allocation Failure) 2019-01-02T11:14:20.619+0530: 928.518: [DefNew
Desired survivor size 32768 bytes, new threshold 15 (max 15)
- age   2:         24 bytes,         24 total
- age   5:        184 bytes,        208 total
- age  11:         16 bytes,        224 total
: 519K->0K(960K), 0.0005610 secs] 9197K->9197K(10176K), 0.0007258 secs] [Times: user=0.00 sys=0.00, real=0.00 secs] 
2019-01-02T11:14:20.620+0530: 928.519: [GC (Allocation Failure) 2019-01-02T11:14:20.620+0530: 928.519: [DefNew: 537K->537K(960K), 0.0000251 secs]2019-01-02T11:14:20.620+0530: 928.519: [Tenured: 9197K->1298K(9216K), 0.0062210 secs] 9735K->1298K(10176K), [Metaspace: 2520K->2520K(1056768K)], 0.0064901 secs] [Times: user=0.00 sys=0.00, real=0.01 secs] 
2019-01-02T11:14:20.697+0530: 928.596: [GC (Allocation Failure) 2019-01-02T11:14:20.697+0530: 928.597: [DefNew
Desired survivor size 32768 bytes, new threshold 15 (max 15)
- age   1:        248 bytes,        248 total
: 890K->0K(960K), 0.0019551 secs] 2189K->1890K(10176K), 0.0022704 secs] [Times: user=0.00 sys=0.00, real=0.00 secs] 
2019-01-02T11:14:20.703+0530: 928.602: [GC (Allocation Failure) 2019-01-02T11:14:20.703+0530: 928.603: [DefNew
Desired survivor size 32768 bytes, new threshold 15 (max 15)
- age   2:        184 bytes,        184 total
: 896K->0K(960K), 0.0011050 secs] 2786K->2178K(10176K), 0.0014157 secs] [Times: user=0.00 sys=0.00, real=0.00 secs] 
2019-01-02T11:14:20.707+0530: 928.606: [GC (Allocation Failure) 2019-01-02T11:14:20.707+0530: 928.606: [DefNew
Desired survivor size 32768 bytes, new threshold 15 (max 15)
- age   3:        184 bytes,        184 total
: 896K->0K(960K), 0.0008661 secs] 3074K->2754K(10176K), 0.0011272 secs] [Times: user=0.00 sys=0.00, real=0.00 secs] 
2019-01-02T11:14:20.714+0530: 928.613: [GC (Allocation Failure) 2019-01-02T11:14:20.714+0530: 928.613: [DefNew
Desired survivor size 32768 bytes, new threshold 15 (max 15)
- age   1:         24 bytes,         24 total
- age   4:        184 bytes,        208 total
: 533K->0K(960K), 0.0004721 secs] 3287K->2754K(10176K), 0.0007230 secs] [Times: user=0.00 sys=0.00, real=0.00 secs] 
2019-01-02T11:14:20.715+0530: 928.615: [GC (Allocation Failure) 2019-01-02T11:14:20.715+0530: 928.615: [DefNew
Desired survivor size 32768 bytes, new threshold 15 (max 15)
- age   2:         24 bytes,         24 total
- age   5:        184 bytes,        208 total
: 519K->0K(960K), 0.0004824 secs] 3273K->3273K(10176K), 0.0005975 secs] [Times: user=0.00 sys=0.00, real=0.00 secs] 
2019-01-02T11:14:20.717+0530: 928.616: [GC (Allocation Failure) 2019-01-02T11:14:20.717+0530: 928.616: [DefNew
Desired survivor size 32768 bytes, new threshold 15 (max 15)
- age   1:         24 bytes,         24 total
- age   6:         72 bytes,         96 total
: 537K->0K(960K), 0.0007469 secs] 3810K->3793K(10176K), 0.0009744 secs] [Times: user=0.00 sys=0.00, real=0.00 secs] 
2019-01-02T11:14:20.804+0530: 928.702: [GC (Allocation Failure) 2019-01-02T11:14:20.804+0530: 928.703: [DefNew
Desired survivor size 32768 bytes, new threshold 15 (max 15)
- age   1:        248 bytes,        248 total
- age   7:         16 bytes,        264 total
: 890K->0K(960K), 0.0013034 secs] 4683K->3865K(10176K), 0.0015155 secs] [Times: user=0.02 sys=0.00, real=0.00 secs] 
2019-01-02T11:14:20.809+0530: 928.708: [GC (Allocation Failure) 2019-01-02T11:14:20.809+0530: 928.708: [DefNew
Desired survivor size 32768 bytes, new threshold 15 (max 15)
- age   2:        184 bytes,        184 total
- age   8:         16 bytes,        200 total
: 896K->0K(960K), 0.0004704 secs] 4761K->4153K(10176K), 0.0005913 secs] [Times: user=0.00 sys=0.00, real=0.00 secs] 
2019-01-02T11:14:20.811+0530: 928.710: [GC (Allocation Failure) 2019-01-02T11:14:20.811+0530: 928.710: [DefNew
Desired survivor size 32768 bytes, new threshold 15 (max 15)
- age   3:        184 bytes,        184 total
- age   9:         16 bytes,        200 total
: 896K->0K(960K), 0.0011124 secs] 5049K->4729K(10176K), 0.0013131 secs] [Times: user=0.00 sys=0.00, real=0.00 secs] 
2019-01-02T11:14:20.815+0530: 928.713: [GC (Allocation Failure) 2019-01-02T11:14:20.815+0530: 928.714: [DefNew
Desired survivor size 32768 bytes, new threshold 15 (max 15)
- age   1:         24 bytes,         24 total
- age   4:        184 bytes,        208 total
- age  10:         16 bytes,        224 total
: 533K->0K(960K), 0.0003558 secs] 5262K->4729K(10176K), 0.0006334 secs] [Times: user=0.00 sys=0.00, real=0.00 secs] 
2019-01-02T11:14:20.816+0530: 928.714: [GC (Allocation Failure) 2019-01-02T11:14:20.816+0530: 928.714: [DefNew
Desired survivor size 32768 bytes, new threshold 15 (max 15)
- age   2:         24 bytes,         24 total
- age   5:        184 bytes,        208 total
- age  11:         16 bytes,        224 total
: 519K->0K(960K), 0.0010508 secs] 5248K->5248K(10176K), 0.0011415 secs] [Times: user=0.00 sys=0.00, real=0.00 secs] 
2019-01-02T11:14:20.817+0530: 928.716: [GC (Allocation Failure) 2019-01-02T11:14:20.817+0530: 928.716: [DefNew
Desired survivor size 32768 bytes, new threshold 15 (max 15)
- age   1:         24 bytes,         24 total
- age   6:         72 bytes,         96 total
- age  12:         16 bytes,        112 total
: 537K->0K(960K), 0.0003341 secs] 5785K->5768K(10176K), 0.0003883 secs] [Times: user=0.00 sys=0.00, real=0.00 secs] 
2019-01-02T11:14:20.881+0530: 928.780: [GC (Allocation Failure) 2019-01-02T11:14:20.882+0530: 928.780: [DefNew
Desired survivor size 32768 bytes, new threshold 15 (max 15)
- age   1:        248 bytes,        248 total
- age   7:         16 bytes,        264 total
- age  13:         16 bytes,        280 total
: 891K->0K(960K), 0.0008900 secs] 6658K->5840K(10176K), 0.0011249 secs] [Times: user=0.00 sys=0.00, real=0.00 secs] 
2019-01-02T11:14:20.884+0530: 928.783: [GC (Allocation Failure) 2019-01-02T11:14:20.884+0530: 928.783: [DefNew
Desired survivor size 32768 bytes, new threshold 15 (max 15)
- age   2:        184 bytes,        184 total
- age   8:         16 bytes,        200 total
- age  14:         16 bytes,        216 total
: 896K->0K(960K), 0.0011819 secs] 6736K->6128K(10176K), 0.0013758 secs] [Times: user=0.00 sys=0.00, real=0.00 secs] 
2019-01-02T11:14:20.887+0530: 928.786: [GC (Allocation Failure) 2019-01-02T11:14:20.887+0530: 928.786: [DefNew
Desired survivor size 32768 bytes, new threshold 15 (max 15)
- age   3:        184 bytes,        184 total
- age   9:         16 bytes,        200 total
- age  15:         16 bytes,        216 total
: 896K->0K(960K), 0.0006409 secs] 7024K->6704K(10176K), 0.0008148 secs] [Times: user=0.00 sys=0.00, real=0.00 secs] 
2019-01-02T11:14:20.889+0530: 928.788: [GC (Allocation Failure) 2019-01-02T11:14:20.889+0530: 928.788: [DefNew
Desired survivor size 32768 bytes, new threshold 15 (max 15)
- age   1:         24 bytes,         24 total
- age   4:        184 bytes,        208 total
- age  10:         16 bytes,        224 total
: 533K->0K(960K), 0.0002355 secs] 7237K->6704K(10176K), 0.0002948 secs] [Times: user=0.00 sys=0.00, real=0.00 secs] 
2019-01-02T11:14:20.890+0530: 928.788: [GC (Allocation Failure) 2019-01-02T11:14:20.890+0530: 928.789: [DefNew
Desired survivor size 32768 bytes, new threshold 15 (max 15)
- age   2:         24 bytes,         24 total
- age   5:        184 bytes,        208 total
- age  11:         16 bytes,        224 total
: 519K->0K(960K), 0.0003421 secs] 7223K->7223K(10176K), 0.0003985 secs] [Times: user=0.00 sys=0.00, real=0.00 secs] 
2019-01-02T11:14:20.890+0530: 928.789: [GC (Allocation Failure) 2019-01-02T11:14:20.890+0530: 928.789: [DefNew
Desired survivor size 32768 bytes, new threshold 15 (max 15)
- age   1:         24 bytes,         24 total
- age   6:         72 bytes,         96 total
- age  12:         16 bytes,        112 total
: 537K->0K(960K), 0.0008609 secs] 7760K->7743K(10176K), 0.0010229 secs] [Times: user=0.00 sys=0.00, real=0.00 secs] 
2019-01-02T11:14:20.952+0530: 928.851: [GC (Allocation Failure) 2019-01-02T11:14:20.952+0530: 928.851: [DefNew
Desired survivor size 32768 bytes, new threshold 15 (max 15)
- age   1:        248 bytes,        248 total
- age   7:         16 bytes,        264 total
- age  13:         16 bytes,        280 total
: 891K->0K(960K), 0.0011665 secs] 8634K->7815K(10176K), 0.0016643 secs] [Times: user=0.00 sys=0.00, real=0.00 secs] 
2019-01-02T11:14:20.956+0530: 928.855: [GC (Allocation Failure) 2019-01-02T11:14:20.956+0530: 928.855: [DefNew
Desired survivor size 32768 bytes, new threshold 15 (max 15)
- age   2:        184 bytes,        184 total
- age   8:         16 bytes,        200 total
- age  14:         16 bytes,        216 total
: 896K->0K(960K), 0.0004424 secs] 8711K->8103K(10176K), 0.0005616 secs] [Times: user=0.00 sys=0.00, real=0.00 secs] 
2019-01-02T11:14:20.960+0530: 928.858: [GC (Allocation Failure) 2019-01-02T11:14:20.960+0530: 928.858: [DefNew
Desired survivor size 32768 bytes, new threshold 15 (max 15)
- age   3:        184 bytes,        184 total
- age   9:         16 bytes,        200 total
- age  15:         16 bytes,        216 total
: 896K->0K(960K), 0.0017937 secs] 8999K->8679K(10176K), 0.0019380 secs] [Times: user=0.02 sys=0.00, real=0.00 secs] 
2019-01-02T11:14:20.965+0530: 928.864: [GC (Allocation Failure) 2019-01-02T11:14:20.965+0530: 928.864: [DefNew
Desired survivor size 32768 bytes, new threshold 15 (max 15)
- age   1:         24 bytes,         24 total
- age   4:        184 bytes,        208 total
- age  10:         16 bytes,        224 total
: 533K->0K(960K), 0.0002817 secs] 9212K->8679K(10176K), 0.0003843 secs] [Times: user=0.00 sys=0.00, real=0.00 secs] 
2019-01-02T11:14:20.965+0530: 928.864: [GC (Allocation Failure) 2019-01-02T11:14:20.966+0530: 928.864: [DefNew
Desired survivor size 32768 bytes, new threshold 15 (max 15)
- age   2:         24 bytes,         24 total
- age   5:        184 bytes,        208 total
- age  11:         16 bytes,        224 total
: 519K->0K(960K), 0.0003849 secs] 9198K->9198K(10176K), 0.0004544 secs] [Times: user=0.00 sys=0.00, real=0.00 secs] 
2019-01-02T11:14:20.966+0530: 928.865: [GC (Allocation Failure) 2019-01-02T11:14:20.966+0530: 928.865: [DefNew: 537K->537K(960K), 0.0000456 secs]2019-01-02T11:14:20.966+0530: 928.865: [Tenured: 9198K->1298K(9216K), 0.0060289 secs] 9735K->1298K(10176K), [Metaspace: 2520K->2520K(1056768K)], 0.0062484 secs] [Times: user=0.00 sys=0.00, real=0.01 secs] 
2019-01-02T11:14:21.048+0530: 928.947: [GC (Allocation Failure) 2019-01-02T11:14:21.048+0530: 928.947: [DefNew
Desired survivor size 32768 bytes, new threshold 15 (max 15)
- age   1:        248 bytes,        248 total
: 890K->0K(960K), 0.0013792 secs] 2189K->1890K(10176K), 0.0016723 secs] [Times: user=0.00 sys=0.00, real=0.00 secs] 
2019-01-02T11:14:21.052+0530: 928.950: [GC (Allocation Failure) 2019-01-02T11:14:21.052+0530: 928.951: [DefNew
Desired survivor size 32768 bytes, new threshold 15 (max 15)
- age   2:        184 bytes,        184 total
: 896K->0K(960K), 0.0008393 secs] 2786K->2178K(10176K), 0.0010719 secs] [Times: user=0.00 sys=0.00, real=0.00 secs] 
2019-01-02T11:14:21.054+0530: 928.953: [GC (Allocation Failure) 2019-01-02T11:14:21.054+0530: 928.953: [DefNew
Desired survivor size 32768 bytes, new threshold 15 (max 15)
- age   3:        184 bytes,        184 total
: 896K->0K(960K), 0.0013353 secs] 3074K->2754K(10176K), 0.0014887 secs] [Times: user=0.02 sys=0.00, real=0.00 secs] 
2019-01-02T11:14:21.057+0530: 928.956: [GC (Allocation Failure) 2019-01-02T11:14:21.057+0530: 928.956: [DefNew
Desired survivor size 32768 bytes, new threshold 15 (max 15)
- age   1:         24 bytes,         24 total
- age   4:        184 bytes,        208 total
: 533K->0K(960K), 0.0002600 secs] 3287K->2754K(10176K), 0.0003358 secs] [Times: user=0.00 sys=0.00, real=0.00 secs] 
2019-01-02T11:14:21.057+0530: 928.956: [GC (Allocation Failure) 2019-01-02T11:14:21.058+0530: 928.956: [DefNew
Desired survivor size 32768 bytes, new threshold 15 (max 15)
- age   2:         24 bytes,         24 total
- age   5:        184 bytes,        208 total
: 519K->0K(960K), 0.0003227 secs] 3273K->3273K(10176K), 0.0003957 secs] [Times: user=0.00 sys=0.00, real=0.00 secs] 
2019-01-02T11:14:21.058+0530: 928.957: [GC (Allocation Failure) 2019-01-02T11:14:21.058+0530: 928.957: [DefNew
Desired survivor size 32768 bytes, new threshold 15 (max 15)
- age   1:         24 bytes,         24 total
- age   6:         72 bytes,         96 total
: 537K->0K(960K), 0.0013239 secs] 3811K->3793K(10176K), 0.0015275 secs] [Times: user=0.00 sys=0.00, real=0.00 secs] 
2019-01-02T11:14:21.115+0530: 929.014: [GC (Allocation Failure) 2019-01-02T11:14:21.115+0530: 929.014: [DefNew
Desired survivor size 32768 bytes, new threshold 15 (max 15)
- age   1:        248 bytes,        248 total
- age   7:         16 bytes,        264 total
: 891K->0K(960K), 0.0008108 secs] 4684K->3865K(10176K), 0.0010559 secs] [Times: user=0.00 sys=0.00, real=0.00 secs] 
2019-01-02T11:14:21.118+0530: 929.016: [GC (Allocation Failure) 2019-01-02T11:14:21.118+0530: 929.017: [DefNew
Desired survivor size 32768 bytes, new threshold 15 (max 15)
- age   2:        184 bytes,        184 total
- age   8:         16 bytes,        200 total
: 896K->0K(960K), 0.0005462 secs] 4761K->4153K(10176K), 0.0008113 secs] [Times: user=0.00 sys=0.00, real=0.00 secs] 
2019-01-02T11:14:21.120+0530: 929.019: [GC (Allocation Failure) 2019-01-02T11:14:21.120+0530: 929.019: [DefNew
Desired survivor size 32768 bytes, new threshold 15 (max 15)
- age   3:        184 bytes,        184 total
- age   9:         16 bytes,        200 total
: 896K->0K(960K), 0.0011335 secs] 5049K->4729K(10176K), 0.0012766 secs] [Times: user=0.00 sys=0.00, real=0.00 secs] 
2019-01-02T11:14:21.123+0530: 929.022: [GC (Allocation Failure) 2019-01-02T11:14:21.123+0530: 929.022: [DefNew
Desired survivor size 32768 bytes, new threshold 15 (max 15)
- age   1:         24 bytes,         24 total
- age   4:        184 bytes,        208 total
- age  10:         16 bytes,        224 total
: 533K->0K(960K), 0.0002474 secs] 5262K->4729K(10176K), 0.0003033 secs] [Times: user=0.00 sys=0.00, real=0.00 secs] 
2019-01-02T11:14:21.123+0530: 929.022: [GC (Allocation Failure) 2019-01-02T11:14:21.123+0530: 929.022: [DefNew
Desired survivor size 32768 bytes, new threshold 15 (max 15)
- age   2:         24 bytes,         24 total
- age   5:        184 bytes,        208 total
- age  11:         16 bytes,        224 total
: 519K->0K(960K), 0.0003187 secs] 5249K->5249K(10176K), 0.0003712 secs] [Times: user=0.00 sys=0.00, real=0.00 secs] 
2019-01-02T11:14:21.124+0530: 929.023: [GC (Allocation Failure) 2019-01-02T11:14:21.124+0530: 929.023: [DefNew
Desired survivor size 32768 bytes, new threshold 15 (max 15)
- age   1:         24 bytes,         24 total
- age   6:         72 bytes,         96 total
- age  12:         16 bytes,        112 total
: 537K->0K(960K), 0.0003085 secs] 5786K->5768K(10176K), 0.0003700 secs] [Times: user=0.00 sys=0.00, real=0.00 secs] 
2019-01-02T11:14:21.189+0530: 929.088: [GC (Allocation Failure) 2019-01-02T11:14:21.189+0530: 929.088: [DefNew
Desired survivor size 32768 bytes, new threshold 15 (max 15)
- age   1:        248 bytes,        248 total
- age   7:         16 bytes,        264 total
- age  13:         16 bytes,        280 total
: 891K->0K(960K), 0.0013370 secs] 6659K->5840K(10176K), 0.0017424 secs] [Times: user=0.00 sys=0.00, real=0.00 secs] 
2019-01-02T11:14:21.193+0530: 929.092: [GC (Allocation Failure) 2019-01-02T11:14:21.193+0530: 929.092: [DefNew
Desired survivor size 32768 bytes, new threshold 15 (max 15)
- age   2:        184 bytes,        184 total
- age   8:         16 bytes,        200 total
- age  14:         16 bytes,        216 total
: 896K->0K(960K), 0.0013724 secs] 6736K->6128K(10176K), 0.0017874 secs] [Times: user=0.00 sys=0.00, real=0.00 secs] 
2019-01-02T11:14:21.200+0530: 929.098: [GC (Allocation Failure) 2019-01-02T11:14:21.200+0530: 929.099: [DefNew
Desired survivor size 32768 bytes, new threshold 15 (max 15)
- age   3:        184 bytes,        184 total
- age   9:         16 bytes,        200 total
- age  15:         16 bytes,        216 total
: 896K->0K(960K), 0.0013467 secs] 7024K->6704K(10176K), 0.0015674 secs] [Times: user=0.00 sys=0.00, real=0.00 secs] 
2019-01-02T11:14:21.203+0530: 929.101: [GC (Allocation Failure) 2019-01-02T11:14:21.203+0530: 929.102: [DefNew
Desired survivor size 32768 bytes, new threshold 15 (max 15)
- age   1:         24 bytes,         24 total
- age   4:        184 bytes,        208 total
- age  10:         16 bytes,        224 total
: 533K->0K(960K), 0.0003603 secs] 7238K->6704K(10176K), 0.0004664 secs] [Times: user=0.00 sys=0.00, real=0.00 secs] 
2019-01-02T11:14:21.204+0530: 929.102: [GC (Allocation Failure) 2019-01-02T11:14:21.204+0530: 929.102: [DefNew
Desired survivor size 32768 bytes, new threshold 15 (max 15)
- age   2:         24 bytes,         24 total
- age   5:        184 bytes,        208 total
- age  11:         16 bytes,        224 total
: 519K->0K(960K), 0.0004767 secs] 7224K->7224K(10176K), 0.0005764 secs] [Times: user=0.00 sys=0.00, real=0.00 secs] 
2019-01-02T11:14:21.205+0530: 929.104: [GC (Allocation Failure) 2019-01-02T11:14:21.205+0530: 929.104: [DefNew
Desired survivor size 32768 bytes, new threshold 15 (max 15)
- age   1:         24 bytes,         24 total
- age   6:         72 bytes,         96 total
- age  12:         16 bytes,        112 total
: 537K->0K(960K), 0.0004379 secs] 7761K->7743K(10176K), 0.0005263 secs] [Times: user=0.00 sys=0.00, real=0.00 secs] 
2019-01-02T11:14:21.276+0530: 929.174: [GC (Allocation Failure) 2019-01-02T11:14:21.276+0530: 929.175: [DefNew
Desired survivor size 32768 bytes, new threshold 15 (max 15)
- age   1:        248 bytes,        248 total
- age   7:         16 bytes,        264 total
- age  13:         16 bytes,        280 total
: 891K->0K(960K), 0.0009887 secs] 8634K->7816K(10176K), 0.0018530 secs] [Times: user=0.00 sys=0.00, real=0.00 secs] 
2019-01-02T11:14:21.280+0530: 929.179: [GC (Allocation Failure) 2019-01-02T11:14:21.280+0530: 929.179: [DefNew
Desired survivor size 32768 bytes, new threshold 15 (max 15)
- age   2:        184 bytes,        184 total
- age   8:         16 bytes,        200 total
- age  14:         16 bytes,        216 total
: 896K->0K(960K), 0.0013313 secs] 8712K->8103K(10176K), 0.0016723 secs] [Times: user=0.00 sys=0.00, real=0.00 secs] 
2019-01-02T11:14:21.284+0530: 929.182: [GC (Allocation Failure) 2019-01-02T11:14:21.284+0530: 929.183: [DefNew
Desired survivor size 32768 bytes, new threshold 15 (max 15)
- age   3:        184 bytes,        184 total
- age   9:         16 bytes,        200 total
- age  15:         16 bytes,        216 total
: 896K->0K(960K), 0.0010343 secs] 8999K->8679K(10176K), 0.0013490 secs] [Times: user=0.00 sys=0.00, real=0.00 secs] 
2019-01-02T11:14:21.287+0530: 929.186: [GC (Allocation Failure) 2019-01-02T11:14:21.287+0530: 929.186: [DefNew
Desired survivor size 32768 bytes, new threshold 15 (max 15)
- age   1:         24 bytes,         24 total
- age   4:        184 bytes,        208 total
- age  10:         16 bytes,        224 total
: 533K->0K(960K), 0.0009066 secs] 9213K->8680K(10176K), 0.0012578 secs] [Times: user=0.00 sys=0.00, real=0.00 secs] 
2019-01-02T11:14:21.289+0530: 929.188: [GC (Allocation Failure) 2019-01-02T11:14:21.289+0530: 929.188: [DefNew
Desired survivor size 32768 bytes, new threshold 15 (max 15)
- age   2:         24 bytes,         24 total
- age   5:        184 bytes,        208 total
- age  11:         16 bytes,        224 total
: 519K->0K(960K), 0.0004424 secs] 9199K->9199K(10176K), 0.0005337 secs] [Times: user=0.00 sys=0.00, real=0.00 secs] 
2019-01-02T11:14:21.290+0530: 929.189: [GC (Allocation Failure) 2019-01-02T11:14:21.290+0530: 929.189: [DefNew: 537K->537K(960K), 0.0000314 secs]2019-01-02T11:14:21.290+0530: 929.189: [Tenured: 9199K->1298K(9216K), 0.0039176 secs] 9736K->1298K(10176K), [Metaspace: 2520K->2520K(1056768K)], 0.0041548 secs] [Times: user=0.00 sys=0.00, real=0.00 secs] 
2019-01-02T11:14:21.368+0530: 929.267: [GC (Allocation Failure) 2019-01-02T11:14:21.368+0530: 929.267: [DefNew
Desired survivor size 32768 bytes, new threshold 15 (max 15)
- age   1:        248 bytes,        248 total
: 891K->0K(960K), 0.0010668 secs] 2189K->1890K(10176K), 0.0014271 secs] [Times: user=0.00 sys=0.00, real=0.00 secs] 
2019-01-02T11:14:21.372+0530: 929.270: [GC (Allocation Failure) 2019-01-02T11:14:21.372+0530: 929.271: [DefNew
Desired survivor size 32768 bytes, new threshold 15 (max 15)
- age   2:        184 bytes,        184 total
: 896K->0K(960K), 0.0011985 secs] 2786K->2178K(10176K), 0.0016039 secs] [Times: user=0.00 sys=0.00, real=0.00 secs] 
2019-01-02T11:14:21.375+0530: 929.274: [GC (Allocation Failure) 2019-01-02T11:14:21.375+0530: 929.274: [DefNew
Desired survivor size 32768 bytes, new threshold 15 (max 15)
- age   3:        184 bytes,        184 total
: 896K->0K(960K), 0.0014779 secs] 3074K->2754K(10176K), 0.0016723 secs] [Times: user=0.00 sys=0.00, real=0.00 secs] 
2019-01-02T11:14:21.379+0530: 929.278: [GC (Allocation Failure) 2019-01-02T11:14:21.379+0530: 929.278: [DefNew
Desired survivor size 32768 bytes, new threshold 15 (max 15)
- age   1:         24 bytes,         24 total
- age   4:        184 bytes,        208 total
: 533K->0K(960K), 0.0002862 secs] 3287K->2754K(10176K), 0.0003888 secs] [Times: user=0.00 sys=0.00, real=0.00 secs] 
2019-01-02T11:14:21.380+0530: 929.279: [GC (Allocation Failure) 2019-01-02T11:14:21.380+0530: 929.279: [DefNew
Desired survivor size 32768 bytes, new threshold 15 (max 15)
- age   2:         24 bytes,         24 total
- age   5:        184 bytes,        208 total
: 519K->0K(960K), 0.0004476 secs] 3274K->3274K(10176K), 0.0005371 secs] [Times: user=0.00 sys=0.00, real=0.00 secs] 
2019-01-02T11:14:21.381+0530: 929.279: [GC (Allocation Failure) 2019-01-02T11:14:21.381+0530: 929.280: [DefNew
Desired survivor size 32768 bytes, new threshold 15 (max 15)
- age   1:         24 bytes,         24 total
- age   6:         72 bytes,         96 total
: 537K->0K(960K), 0.0015206 secs] 3811K->3793K(10176K), 0.0018581 secs] [Times: user=0.02 sys=0.00, real=0.00 secs] 
2019-01-02T11:14:21.456+0530: 929.355: [GC (Allocation Failure) 2019-01-02T11:14:21.456+0530: 929.355: [DefNew
Desired survivor size 32768 bytes, new threshold 15 (max 15)
- age   1:        248 bytes,        248 total
- age   7:         16 bytes,        264 total
: 891K->0K(960K), 0.0012943 secs] 4684K->3866K(10176K), 0.0015725 secs] [Times: user=0.00 sys=0.00, real=0.00 secs] 
2019-01-02T11:14:21.459+0530: 929.358: [GC (Allocation Failure) 2019-01-02T11:14:21.459+0530: 929.358: [DefNew
Desired survivor size 32768 bytes, new threshold 15 (max 15)
- age   2:        184 bytes,        184 total
- age   8:         16 bytes,        200 total
: 896K->0K(960K), 0.0009311 secs] 4762K->4153K(10176K), 0.0011164 secs] [Times: user=0.01 sys=0.00, real=0.00 secs] 
2019-01-02T11:14:21.463+0530: 929.362: [GC (Allocation Failure) 2019-01-02T11:14:21.463+0530: 929.362: [DefNew
Desired survivor size 32768 bytes, new threshold 15 (max 15)
- age   3:        184 bytes,        184 total
- age   9:         16 bytes,        200 total
: 896K->0K(960K), 0.0005086 secs] 5049K->4729K(10176K), 0.0006357 secs] [Times: user=0.00 sys=0.00, real=0.00 secs] 
2019-01-02T11:14:21.465+0530: 929.364: [GC (Allocation Failure) 2019-01-02T11:14:21.465+0530: 929.364: [DefNew
Desired survivor size 32768 bytes, new threshold 15 (max 15)
- age   1:         24 bytes,         24 total
- age   4:        184 bytes,        208 total
- age  10:         16 bytes,        224 total
: 533K->0K(960K), 0.0006352 secs] 5263K->4730K(10176K), 0.0009562 secs] [Times: user=0.00 sys=0.00, real=0.00 secs] 
2019-01-02T11:14:21.467+0530: 929.366: [GC (Allocation Failure) 2019-01-02T11:14:21.467+0530: 929.366: [DefNew
Desired survivor size 32768 bytes, new threshold 15 (max 15)
- age   2:         24 bytes,         24 total
- age   5:        184 bytes,        208 total
- age  11:         16 bytes,        224 total
: 519K->0K(960K), 0.0013171 secs] 5249K->5249K(10176K), 0.0016449 secs] [Times: user=0.00 sys=0.00, real=0.00 secs] 
2019-01-02T11:14:21.469+0530: 929.368: [GC (Allocation Failure) 2019-01-02T11:14:21.469+0530: 929.368: [DefNew
Desired survivor size 32768 bytes, new threshold 15 (max 15)
- age   1:         24 bytes,         24 total
- age   6:         72 bytes,         96 total
- age  12:         16 bytes,        112 total
: 537K->0K(960K), 0.0003324 secs] 5786K->5769K(10176K), 0.0003888 secs] [Times: user=0.00 sys=0.00, real=0.00 secs] 
2019-01-02T11:14:21.539+0530: 929.438: [GC (Allocation Failure) 2019-01-02T11:14:21.539+0530: 929.438: [DefNew
Desired survivor size 32768 bytes, new threshold 15 (max 15)
- age   1:        248 bytes,        248 total
- age   7:         16 bytes,        264 total
- age  13:         16 bytes,        280 total
: 891K->0K(960K), 0.0012241 secs] 6660K->5841K(10176K), 0.0016329 secs] [Times: user=0.00 sys=0.00, real=0.00 secs] 
2019-01-02T11:14:21.542+0530: 929.441: [GC (Allocation Failure) 2019-01-02T11:14:21.542+0530: 929.441: [DefNew
Desired survivor size 32768 bytes, new threshold 15 (max 15)
- age   2:        184 bytes,        184 total
- age   8:         16 bytes,        200 total
- age  14:         16 bytes,        216 total
: 896K->0K(960K), 0.0006945 secs] 6737K->6129K(10176K), 0.0007954 secs] [Times: user=0.00 sys=0.00, real=0.00 secs] 
2019-01-02T11:14:21.544+0530: 929.443: [GC (Allocation Failure) 2019-01-02T11:14:21.544+0530: 929.443: [DefNew
Desired survivor size 32768 bytes, new threshold 15 (max 15)
- age   3:        184 bytes,        184 total
- age   9:         16 bytes,        200 total
- age  15:         16 bytes,        216 total
: 896K->0K(960K), 0.0014921 secs] 7025K->6705K(10176K), 0.0017812 secs] [Times: user=0.00 sys=0.00, real=0.00 secs] 
2019-01-02T11:14:21.549+0530: 929.448: [GC (Allocation Failure) 2019-01-02T11:14:21.549+0530: 929.448: [DefNew
Desired survivor size 32768 bytes, new threshold 15 (max 15)
- age   1:         24 bytes,         24 total
- age   4:        184 bytes,        208 total
- age  10:         16 bytes,        224 total
: 533K->0K(960K), 0.0008769 secs] 7238K->6705K(10176K), 0.0013650 secs] [Times: user=0.00 sys=0.00, real=0.00 secs] 
2019-01-02T11:14:21.551+0530: 929.450: [GC (Allocation Failure) 2019-01-02T11:14:21.551+0530: 929.450: [DefNew
Desired survivor size 32768 bytes, new threshold 15 (max 15)
- age   2:         24 bytes,         24 total
- age   5:        184 bytes,        208 total
- age  11:         16 bytes,        224 total
: 519K->0K(960K), 0.0010069 secs] 7225K->7225K(10176K), 0.0012589 secs] [Times: user=0.00 sys=0.00, real=0.00 secs] 
2019-01-02T11:14:21.554+0530: 929.453: [GC (Allocation Failure) 2019-01-02T11:14:21.554+0530: 929.453: [DefNew
Desired survivor size 32768 bytes, new threshold 15 (max 15)
- age   1:         24 bytes,         24 total
- age   6:         72 bytes,         96 total
- age  12:         16 bytes,        112 total
: 537K->0K(960K), 0.0011876 secs] 7762K->7744K(10176K), 0.0014397 secs] [Times: user=0.00 sys=0.00, real=0.00 secs] 
2019-01-02T11:14:21.625+0530: 929.524: [GC (Allocation Failure) 2019-01-02T11:14:21.626+0530: 929.525: [DefNew
Desired survivor size 32768 bytes, new threshold 15 (max 15)
- age   1:        248 bytes,        248 total
- age   7:         16 bytes,        264 total
- age  13:         16 bytes,        280 total
: 891K->0K(960K), 0.0010633 secs] 8635K->7816K(10176K), 0.0014471 secs] [Times: user=0.00 sys=0.00, real=0.00 secs] 
2019-01-02T11:14:21.629+0530: 929.527: [GC (Allocation Failure) 2019-01-02T11:14:21.629+0530: 929.528: [DefNew
Desired survivor size 32768 bytes, new threshold 15 (max 15)
- age   2:        184 bytes,        184 total
- age   8:         16 bytes,        200 total
- age  14:         16 bytes,        216 total
: 896K->0K(960K), 0.0008267 secs] 8712K->8104K(10176K), 0.0011340 secs] [Times: user=0.00 sys=0.00, real=0.00 secs] 
2019-01-02T11:14:21.632+0530: 929.531: [GC (Allocation Failure) 2019-01-02T11:14:21.633+0530: 929.531: [DefNew
Desired survivor size 32768 bytes, new threshold 15 (max 15)
- age   3:        184 bytes,        184 total
- age   9:         16 bytes,        200 total
- age  15:         16 bytes,        216 total
: 896K->0K(960K), 0.0017749 secs] 9000K->8680K(10176K), 0.0020429 secs] [Times: user=0.00 sys=0.00, real=0.00 secs] 
2019-01-02T11:14:21.637+0530: 929.536: [GC (Allocation Failure) 2019-01-02T11:14:21.637+0530: 929.536: [DefNew
Desired survivor size 32768 bytes, new threshold 15 (max 15)
- age   1:         24 bytes,         24 total
- age   4:        184 bytes,        208 total
- age  10:         16 bytes,        224 total
: 533K->0K(960K), 0.0009926 secs] 9214K->8680K(10176K), 0.0013678 secs] [Times: user=0.00 sys=0.00, real=0.00 secs] 
2019-01-02T11:14:21.639+0530: 929.538: [GC (Allocation Failure) 2019-01-02T11:14:21.639+0530: 929.538: [DefNew
Desired survivor size 32768 bytes, new threshold 15 (max 15)
- age   2:         24 bytes,         24 total
- age   5:        184 bytes,        208 total
- age  11:         16 bytes,        224 total
: 519K->0K(960K), 0.0007270 secs] 9200K->9200K(10176K), 0.0008113 secs] [Times: user=0.00 sys=0.00, real=0.00 secs] 
2019-01-02T11:14:21.640+0530: 929.539: [GC (Allocation Failure) 2019-01-02T11:14:21.640+0530: 929.539: [DefNew: 537K->537K(960K), 0.0000279 secs]2019-01-02T11:14:21.641+0530: 929.539: [Tenured: 9200K->1298K(9216K), 0.0037534 secs] 9737K->1298K(10176K), [Metaspace: 2520K->2520K(1056768K)], 0.0038965 secs] [Times: user=0.00 sys=0.00, real=0.00 secs] 
2019-01-02T11:14:21.716+0530: 929.615: [GC (Allocation Failure) 2019-01-02T11:14:21.716+0530: 929.615: [DefNew
Desired survivor size 32768 bytes, new threshold 15 (max 15)
- age   1:        248 bytes,        248 total
: 891K->0K(960K), 0.0017692 secs] 2190K->1890K(10176K), 0.0021586 secs] [Times: user=0.00 sys=0.00, real=0.00 secs] 
2019-01-02T11:14:21.720+0530: 929.619: [GC (Allocation Failure) 2019-01-02T11:14:21.720+0530: 929.619: [DefNew
Desired survivor size 32768 bytes, new threshold 15 (max 15)
- age   2:        184 bytes,        184 total
: 896K->0K(960K), 0.0009316 secs] 2786K->2178K(10176K), 0.0011050 secs] [Times: user=0.00 sys=0.00, real=0.00 secs] 
2019-01-02T11:14:21.723+0530: 929.622: [GC (Allocation Failure) 2019-01-02T11:14:21.723+0530: 929.622: [DefNew
Desired survivor size 32768 bytes, new threshold 15 (max 15)
- age   3:        184 bytes,        184 total
: 896K->0K(960K), 0.0003849 secs] 3074K->2754K(10176K), 0.0004761 secs] [Times: user=0.00 sys=0.00, real=0.00 secs] 
2019-01-02T11:14:21.725+0530: 929.624: [GC (Allocation Failure) 2019-01-02T11:14:21.725+0530: 929.624: [DefNew
Desired survivor size 32768 bytes, new threshold 15 (max 15)
- age   1:         24 bytes,         24 total
- age   4:        184 bytes,        208 total
: 533K->0K(960K), 0.0003472 secs] 3288K->2754K(10176K), 0.0004624 secs] [Times: user=0.00 sys=0.00, real=0.00 secs] 
2019-01-02T11:14:21.726+0530: 929.625: [GC (Allocation Failure) 2019-01-02T11:14:21.726+0530: 929.625: [DefNew
Desired survivor size 32768 bytes, new threshold 15 (max 15)
- age   2:         24 bytes,         24 total
- age   5:        184 bytes,        208 total
: 519K->0K(960K), 0.0004903 secs] 3274K->3274K(10176K), 0.0005992 secs] [Times: user=0.00 sys=0.00, real=0.00 secs] 
2019-01-02T11:14:21.727+0530: 929.626: [GC (Allocation Failure) 2019-01-02T11:14:21.727+0530: 929.626: [DefNew
Desired survivor size 32768 bytes, new threshold 15 (max 15)
- age   1:         24 bytes,         24 total
- age   6:         72 bytes,         96 total
: 537K->0K(960K), 0.0004613 secs] 3811K->3794K(10176K), 0.0005605 secs] [Times: user=0.00 sys=0.00, real=0.00 secs] 
2019-01-02T11:14:21.785+0530: 929.684: [GC (Allocation Failure) 2019-01-02T11:14:21.785+0530: 929.684: [DefNew
Desired survivor size 32768 bytes, new threshold 15 (max 15)
- age   1:        248 bytes,        248 total
- age   7:         16 bytes,        264 total
: 891K->0K(960K), 0.0006671 secs] 4685K->3866K(10176K), 0.0008273 secs] [Times: user=0.00 sys=0.00, real=0.00 secs] 
2019-01-02T11:14:21.787+0530: 929.686: [GC (Allocation Failure) 2019-01-02T11:14:21.787+0530: 929.686: [DefNew
Desired survivor size 32768 bytes, new threshold 15 (max 15)
- age   2:        184 bytes,        184 total
- age   8:         16 bytes,        200 total
: 896K->0K(960K), 0.0009716 secs] 4762K->4154K(10176K), 0.0012452 secs] [Times: user=0.02 sys=0.00, real=0.00 secs] 
2019-01-02T11:14:21.790+0530: 929.689: [GC (Allocation Failure) 2019-01-02T11:14:21.790+0530: 929.689: [DefNew
Desired survivor size 32768 bytes, new threshold 15 (max 15)
- age   3:        184 bytes,        184 total
- age   9:         16 bytes,        200 total
: 896K->0K(960K), 0.0012236 secs] 5050K->4730K(10176K), 0.0014334 secs] [Times: user=0.00 sys=0.00, real=0.00 secs] 
2019-01-02T11:14:21.793+0530: 929.692: [GC (Allocation Failure) 2019-01-02T11:14:21.793+0530: 929.692: [DefNew
Desired survivor size 32768 bytes, new threshold 15 (max 15)
- age   1:         24 bytes,         24 total
- age   4:        184 bytes,        208 total
- age  10:         16 bytes,        224 total
: 533K->0K(960K), 0.0002965 secs] 5263K->4730K(10176K), 0.0003854 secs] [Times: user=0.00 sys=0.00, real=0.00 secs] 
2019-01-02T11:14:21.794+0530: 929.693: [GC (Allocation Failure) 2019-01-02T11:14:21.794+0530: 929.693: [DefNew
Desired survivor size 32768 bytes, new threshold 15 (max 15)
- age   2:         24 bytes,         24 total
- age   5:        184 bytes,        208 total
- age  11:         16 bytes,        224 total
: 519K->0K(960K), 0.0003461 secs] 5250K->5250K(10176K), 0.0004265 secs] [Times: user=0.00 sys=0.00, real=0.00 secs] 
2019-01-02T11:14:21.795+0530: 929.694: [GC (Allocation Failure) 2019-01-02T11:14:21.795+0530: 929.694: [DefNew
Desired survivor size 32768 bytes, new threshold 15 (max 15)
- age   1:         24 bytes,         24 total
- age   6:         72 bytes,         96 total
- age  12:         16 bytes,        112 total
: 537K->0K(960K), 0.0003472 secs] 5787K->5769K(10176K), 0.0004191 secs] [Times: user=0.00 sys=0.00, real=0.00 secs] 
2019-01-02T11:14:21.855+0530: 929.754: [GC (Allocation Failure) 2019-01-02T11:14:21.855+0530: 929.754: [DefNew
Desired survivor size 32768 bytes, new threshold 15 (max 15)
- age   1:        248 bytes,        248 total
- age   7:         16 bytes,        264 total
- age  13:         16 bytes,        280 total
: 891K->0K(960K), 0.0007446 secs] 6660K->5841K(10176K), 0.0010651 secs] [Times: user=0.00 sys=0.00, real=0.00 secs] 
2019-01-02T11:14:21.858+0530: 929.756: [GC (Allocation Failure) 2019-01-02T11:14:21.858+0530: 929.756: [DefNew
Desired survivor size 32768 bytes, new threshold 15 (max 15)
- age   2:        184 bytes,        184 total
- age   8:         16 bytes,        200 total
- age  14:         16 bytes,        216 total
: 896K->0K(960K), 0.0014790 secs] 6737K->6129K(10176K), 0.0017401 secs] [Times: user=0.00 sys=0.00, real=0.00 secs] 
2019-01-02T11:14:21.861+0530: 929.760: [GC (Allocation Failure) 2019-01-02T11:14:21.861+0530: 929.760: [DefNew
Desired survivor size 32768 bytes, new threshold 15 (max 15)
- age   3:        184 bytes,        184 total
- age   9:         16 bytes,        200 total
- age  15:         16 bytes,        216 total
: 896K->0K(960K), 0.0004556 secs] 7025K->6705K(10176K), 0.0005873 secs] [Times: user=0.00 sys=0.00, real=0.00 secs] 
2019-01-02T11:14:21.863+0530: 929.762: [GC (Allocation Failure) 2019-01-02T11:14:21.863+0530: 929.762: [DefNew
Desired survivor size 32768 bytes, new threshold 15 (max 15)
- age   1:         24 bytes,         24 total
- age   4:        184 bytes,        208 total
- age  10:         16 bytes,        224 total
: 533K->0K(960K), 0.0010046 secs] 7239K->6705K(10176K), 0.0013171 secs] [Times: user=0.00 sys=0.00, real=0.00 secs] 
2019-01-02T11:14:21.865+0530: 929.764: [GC (Allocation Failure) 2019-01-02T11:14:21.865+0530: 929.764: [DefNew
Desired survivor size 32768 bytes, new threshold 15 (max 15)
- age   2:         24 bytes,         24 total
- age   5:        184 bytes,        208 total
- age  11:         16 bytes,        224 total
: 519K->0K(960K), 0.0003934 secs] 7225K->7225K(10176K), 0.0004687 secs] [Times: user=0.00 sys=0.00, real=0.00 secs] 
2019-01-02T11:14:21.865+0530: 929.764: [GC (Allocation Failure) 2019-01-02T11:14:21.866+0530: 929.764: [DefNew
Desired survivor size 32768 bytes, new threshold 15 (max 15)
- age   1:         24 bytes,         24 total
- age   6:         72 bytes,         96 total
- age  12:         16 bytes,        112 total
: 537K->0K(960K), 0.0006791 secs] 7763K->7745K(10176K), 0.0007498 secs] [Times: user=0.02 sys=0.00, real=0.00 secs] 
2019-01-02T11:14:21.925+0530: 929.824: [GC (Allocation Failure) 2019-01-02T11:14:21.925+0530: 929.824: [DefNew
Desired survivor size 32768 bytes, new threshold 15 (max 15)
- age   1:        248 bytes,        248 total
- age   7:         16 bytes,        264 total
- age  13:         16 bytes,        280 total
: 891K->0K(960K), 0.0009465 secs] 8636K->7817K(10176K), 0.0013427 secs] [Times: user=0.00 sys=0.00, real=0.00 secs] 
2019-01-02T11:14:21.928+0530: 929.827: [GC (Allocation Failure) 2019-01-02T11:14:21.928+0530: 929.827: [DefNew
Desired survivor size 32768 bytes, new threshold 15 (max 15)
- age   2:        184 bytes,        184 total
- age   8:         16 bytes,        200 total
- age  14:         16 bytes,        216 total
: 896K->0K(960K), 0.0010947 secs] 8713K->8105K(10176K), 0.0014288 secs] [Times: user=0.00 sys=0.01, real=0.00 secs] 
2019-01-02T11:14:21.932+0530: 929.830: [GC (Allocation Failure) 2019-01-02T11:14:21.932+0530: 929.831: [DefNew
Desired survivor size 32768 bytes, new threshold 15 (max 15)
- age   3:        184 bytes,        184 total
- age   9:         16 bytes,        200 total
- age  15:         16 bytes,        216 total
: 896K->0K(960K), 0.0018365 secs] 9001K->8681K(10176K), 0.0020891 secs] [Times: user=0.00 sys=0.00, real=0.00 secs] 
2019-01-02T11:14:21.935+0530: 929.834: [GC (Allocation Failure) 2019-01-02T11:14:21.935+0530: 929.834: [DefNew
Desired survivor size 32768 bytes, new threshold 15 (max 15)
- age   1:         24 bytes,         24 total
- age   4:        184 bytes,        208 total
- age  10:         16 bytes,        224 total
: 533K->0K(960K), 0.0005097 secs] 9214K->8681K(10176K), 0.0006203 secs] [Times: user=0.00 sys=0.00, real=0.00 secs] 
2019-01-02T11:14:21.936+0530: 929.835: [GC (Allocation Failure) 2019-01-02T11:14:21.937+0530: 929.835: [DefNew
Desired survivor size 32768 bytes, new threshold 15 (max 15)
- age   2:         24 bytes,         24 total
- age   5:        184 bytes,        208 total
- age  11:         16 bytes,        224 total
: 519K->0K(960K), 0.0003290 secs] 9201K->9201K(10176K), 0.0004117 secs] [Times: user=0.00 sys=0.00, real=0.00 secs] 
2019-01-02T11:14:21.937+0530: 929.836: [GC (Allocation Failure) 2019-01-02T11:14:21.937+0530: 929.836: [DefNew: 537K->537K(960K), 0.0000279 secs]2019-01-02T11:14:21.937+0530: 929.836: [Tenured: 9201K->1299K(9216K), 0.0039740 secs] 9738K->1299K(10176K), [Metaspace: 2520K->2520K(1056768K)], 0.0041314 secs] [Times: user=0.00 sys=0.00, real=0.00 secs] 
2019-01-02T11:14:22.000+0530: 929.899: [GC (Allocation Failure) 2019-01-02T11:14:22.000+0530: 929.899: [DefNew
Desired survivor size 32768 bytes, new threshold 15 (max 15)
- age   1:        248 bytes,        248 total
: 891K->0K(960K), 0.0014231 secs] 2190K->1891K(10176K), 0.0017538 secs] [Times: user=0.00 sys=0.00, real=0.00 secs] 
2019-01-02T11:14:22.003+0530: 929.902: [GC (Allocation Failure) 2019-01-02T11:14:22.004+0530: 929.902: [DefNew
Desired survivor size 32768 bytes, new threshold 15 (max 15)
- age   2:        184 bytes,        184 total
: 896K->0K(960K), 0.0005502 secs] 2787K->2179K(10176K), 0.0007252 secs] [Times: user=0.00 sys=0.00, real=0.00 secs] 
2019-01-02T11:14:22.006+0530: 929.904: [GC (Allocation Failure) 2019-01-02T11:14:22.006+0530: 929.905: [DefNew
Desired survivor size 32768 bytes, new threshold 15 (max 15)
- age   3:        184 bytes,        184 total
: 896K->0K(960K), 0.0009459 secs] 3075K->2755K(10176K), 0.0011181 secs] [Times: user=0.02 sys=0.00, real=0.00 secs] 
2019-01-02T11:14:22.008+0530: 929.907: [GC (Allocation Failure) 2019-01-02T11:14:22.008+0530: 929.907: [DefNew
Desired survivor size 32768 bytes, new threshold 15 (max 15)
- age   1:         24 bytes,         24 total
- age   4:        184 bytes,        208 total
: 533K->0K(960K), 0.0002600 secs] 3288K->2755K(10176K), 0.0003501 secs] [Times: user=0.00 sys=0.00, real=0.00 secs] 
2019-01-02T11:14:22.009+0530: 929.908: [GC (Allocation Failure) 2019-01-02T11:14:22.009+0530: 929.908: [DefNew
Desired survivor size 32768 bytes, new threshold 15 (max 15)
- age   2:         24 bytes,         24 total
- age   5:        184 bytes,        208 total
: 519K->0K(960K), 0.0004117 secs] 3274K->3274K(10176K), 0.0005017 secs] [Times: user=0.00 sys=0.00, real=0.00 secs] 
2019-01-02T11:14:22.010+0530: 929.909: [GC (Allocation Failure) 2019-01-02T11:14:22.010+0530: 929.909: [DefNew
Desired survivor size 32768 bytes, new threshold 15 (max 15)
- age   1:         24 bytes,         24 total
- age   6:         72 bytes,         96 total
: 537K->0K(960K), 0.0003216 secs] 3812K->3794K(10176K), 0.0003769 secs] [Times: user=0.00 sys=0.00, real=0.00 secs] 
2019-01-02T11:14:22.070+0530: 929.969: [GC (Allocation Failure) 2019-01-02T11:14:22.071+0530: 929.969: [DefNew
Desired survivor size 32768 bytes, new threshold 15 (max 15)
- age   1:        248 bytes,        248 total
- age   7:         16 bytes,        264 total
: 891K->0K(960K), 0.0010029 secs] 4685K->3866K(10176K), 0.0014676 secs] [Times: user=0.00 sys=0.00, real=0.00 secs] 
2019-01-02T11:14:22.073+0530: 929.972: [GC (Allocation Failure) 2019-01-02T11:14:22.073+0530: 929.972: [DefNew
Desired survivor size 32768 bytes, new threshold 15 (max 15)
- age   2:        184 bytes,        184 total
- age   8:         16 bytes,        200 total
: 896K->0K(960K), 0.0009100 secs] 4762K->4154K(10176K), 0.0010867 secs] [Times: user=0.00 sys=0.00, real=0.00 secs] 
2019-01-02T11:14:22.076+0530: 929.975: [GC (Allocation Failure) 2019-01-02T11:14:22.076+0530: 929.975: [DefNew
Desired survivor size 32768 bytes, new threshold 15 (max 15)
- age   3:        184 bytes,        184 total
- age   9:         16 bytes,        200 total
: 896K->0K(960K), 0.0010434 secs] 5050K->4730K(10176K), 0.0012110 secs] [Times: user=0.00 sys=0.00, real=0.00 secs] 
2019-01-02T11:14:22.078+0530: 929.977: [GC (Allocation Failure) 2019-01-02T11:14:22.078+0530: 929.977: [DefNew
Desired survivor size 32768 bytes, new threshold 15 (max 15)
- age   1:         24 bytes,         24 total
- age   4:        184 bytes,        208 total
- age  10:         16 bytes,        224 total
: 533K->0K(960K), 0.0003432 secs] 5264K->4730K(10176K), 0.0004265 secs] [Times: user=0.00 sys=0.00, real=0.00 secs] 
2019-01-02T11:14:22.079+0530: 929.978: [GC (Allocation Failure) 2019-01-02T11:14:22.079+0530: 929.978: [DefNew
Desired survivor size 32768 bytes, new threshold 15 (max 15)
- age   2:         24 bytes,         24 total
- age   5:        184 bytes,        208 total
- age  11:         16 bytes,        224 total
: 520K->0K(960K), 0.0004778 secs] 5250K->5250K(10176K), 0.0005816 secs] [Times: user=0.00 sys=0.00, real=0.00 secs] 
2019-01-02T11:14:22.080+0530: 929.979: [GC (Allocation Failure) 2019-01-02T11:14:22.080+0530: 929.979: [DefNew
Desired survivor size 32768 bytes, new threshold 15 (max 15)
- age   1:         24 bytes,         24 total
- age   6:         72 bytes,         96 total
- age  12:         16 bytes,        112 total
: 537K->0K(960K), 0.0003296 secs] 5788K->5770K(10176K), 0.0003957 secs] [Times: user=0.00 sys=0.00, real=0.00 secs] 
2019-01-02T11:14:22.138+0530: 930.037: [GC (Allocation Failure) 2019-01-02T11:14:22.138+0530: 930.037: [DefNew
Desired survivor size 32768 bytes, new threshold 15 (max 15)
- age   1:        248 bytes,        248 total
- age   7:         16 bytes,        264 total
- age  13:         16 bytes,        280 total
: 891K->0K(960K), 0.0010901 secs] 6661K->5842K(10176K), 0.0014573 secs] [Times: user=0.00 sys=0.00, real=0.00 secs] 
2019-01-02T11:14:22.142+0530: 930.041: [GC (Allocation Failure) 2019-01-02T11:14:22.142+0530: 930.041: [DefNew
Desired survivor size 32768 bytes, new threshold 15 (max 15)
- age   2:        184 bytes,        184 total
- age   8:         16 bytes,        200 total
- age  14:         16 bytes,        216 total
: 896K->0K(960K), 0.0009693 secs] 6738K->6130K(10176K), 0.0011375 secs] [Times: user=0.00 sys=0.00, real=0.00 secs] 
2019-01-02T11:14:22.144+0530: 930.043: [GC (Allocation Failure) 2019-01-02T11:14:22.144+0530: 930.043: [DefNew
Desired survivor size 32768 bytes, new threshold 15 (max 15)
- age   3:        184 bytes,        184 total
- age   9:         16 bytes,        200 total
- age  15:         16 bytes,        216 total
: 896K->0K(960K), 0.0006933 secs] 7026K->6706K(10176K), 0.0009083 secs] [Times: user=0.00 sys=0.00, real=0.00 secs] 
2019-01-02T11:14:22.147+0530: 930.045: [GC (Allocation Failure) 2019-01-02T11:14:22.147+0530: 930.045: [DefNew
Desired survivor size 32768 bytes, new threshold 15 (max 15)
- age   1:         24 bytes,         24 total
- age   4:        184 bytes,        208 total
- age  10:         16 bytes,        224 total
: 533K->0K(960K), 0.0002383 secs] 7239K->6706K(10176K), 0.0002976 secs] [Times: user=0.00 sys=0.00, real=0.00 secs] 
2019-01-02T11:14:22.147+0530: 930.046: [GC (Allocation Failure) 2019-01-02T11:14:22.147+0530: 930.046: [DefNew
Desired survivor size 32768 bytes, new threshold 15 (max 15)
- age   2:         24 bytes,         24 total
- age   5:        184 bytes,        208 total
- age  11:         16 bytes,        224 total
: 520K->0K(960K), 0.0003706 secs] 7226K->7226K(10176K), 0.0004635 secs] [Times: user=0.00 sys=0.00, real=0.00 secs] 
2019-01-02T11:14:22.149+0530: 930.048: [GC (Allocation Failure) 2019-01-02T11:14:22.149+0530: 930.048: [DefNew
Desired survivor size 32768 bytes, new threshold 15 (max 15)
- age   1:         24 bytes,         24 total
- age   6:         72 bytes,         96 total
- age  12:         16 bytes,        112 total
: 537K->0K(960K), 0.0011557 secs] 7763K->7746K(10176K), 0.0014174 secs] [Times: user=0.00 sys=0.00, real=0.00 secs] 
2019-01-02T11:14:22.211+0530: 930.110: [GC (Allocation Failure) 2019-01-02T11:14:22.211+0530: 930.110: [DefNew
Desired survivor size 32768 bytes, new threshold 15 (max 15)
- age   1:        248 bytes,        248 total
- age   7:         16 bytes,        264 total
- age  13:         16 bytes,        280 total
: 891K->0K(960K), 0.0004915 secs] 8637K->7818K(10176K), 0.0008005 secs] [Times: user=0.00 sys=0.00, real=0.00 secs] 
2019-01-02T11:14:22.213+0530: 930.112: [GC (Allocation Failure) 2019-01-02T11:14:22.213+0530: 930.112: [DefNew
Desired survivor size 32768 bytes, new threshold 15 (max 15)
- age   2:        184 bytes,        184 total
- age   8:         16 bytes,        200 total
- age  14:         16 bytes,        216 total
: 896K->0K(960K), 0.0010360 secs] 8714K->8106K(10176K), 0.0011665 secs] [Times: user=0.00 sys=0.00, real=0.00 secs] 
2019-01-02T11:14:22.216+0530: 930.115: [GC (Allocation Failure) 2019-01-02T11:14:22.216+0530: 930.115: [DefNew
Desired survivor size 32768 bytes, new threshold 15 (max 15)
- age   3:        184 bytes,        184 total
- age   9:         16 bytes,        200 total
- age  15:         16 bytes,        216 total
: 896K->0K(960K), 0.0014779 secs] 9002K->8682K(10176K), 0.0019556 secs] [Times: user=0.00 sys=0.00, real=0.00 secs] 
2019-01-02T11:14:22.220+0530: 930.119: [GC (Allocation Failure) 2019-01-02T11:14:22.220+0530: 930.119: [DefNew
Desired survivor size 32768 bytes, new threshold 15 (max 15)
- age   1:         24 bytes,         24 total
- age   4:        184 bytes,        208 total
- age  10:         16 bytes,        224 total
: 533K->0K(960K), 0.0006066 secs] 9215K->8682K(10176K), 0.0008855 secs] [Times: user=0.00 sys=0.00, real=0.00 secs] 
2019-01-02T11:14:22.222+0530: 930.121: [GC (Allocation Failure) 2019-01-02T11:14:22.222+0530: 930.121: [DefNew
Desired survivor size 32768 bytes, new threshold 15 (max 15)
- age   2:         24 bytes,         24 total
- age   5:        184 bytes,        208 total
- age  11:         16 bytes,        224 total
: 520K->0K(960K), 0.0003518 secs] 9202K->9202K(10176K), 0.0004561 secs] [Times: user=0.00 sys=0.00, real=0.00 secs] 
2019-01-02T11:14:22.222+0530: 930.121: [GC (Allocation Failure) 2019-01-02T11:14:22.223+0530: 930.121: [DefNew: 537K->537K(960K), 0.0000279 secs]2019-01-02T11:14:22.223+0530: 930.121: [Tenured: 9201K->1299K(9216K), 0.0037152 secs] 9739K->1299K(10176K), [Metaspace: 2520K->2520K(1056768K)], 0.0038657 secs] [Times: user=0.01 sys=0.00, real=0.00 secs] 
2019-01-02T11:14:22.283+0530: 930.182: [GC (Allocation Failure) 2019-01-02T11:14:22.283+0530: 930.182: [DefNew
Desired survivor size 32768 bytes, new threshold 15 (max 15)
- age   1:        248 bytes,        248 total
: 891K->0K(960K), 0.0016044 secs] 2190K->1891K(10176K), 0.0017783 secs] [Times: user=0.00 sys=0.00, real=0.00 secs] 
2019-01-02T11:14:22.286+0530: 930.185: [GC (Allocation Failure) 2019-01-02T11:14:22.286+0530: 930.185: [DefNew
Desired survivor size 32768 bytes, new threshold 15 (max 15)
- age   2:        184 bytes,        184 total
: 896K->0K(960K), 0.0006369 secs] 2787K->2179K(10176K), 0.0007418 secs] [Times: user=0.02 sys=0.00, real=0.00 secs] 
2019-01-02T11:14:22.288+0530: 930.187: [GC (Allocation Failure) 2019-01-02T11:14:22.289+0530: 930.187: [DefNew
Desired survivor size 32768 bytes, new threshold 15 (max 15)
- age   3:        184 bytes,        184 total
: 896K->0K(960K), 0.0011842 secs] 3075K->2755K(10176K), 0.0013809 secs] [Times: user=0.00 sys=0.00, real=0.00 secs] 
2019-01-02T11:14:22.291+0530: 930.190: [GC (Allocation Failure) 2019-01-02T11:14:22.291+0530: 930.190: [DefNew
Desired survivor size 32768 bytes, new threshold 15 (max 15)
- age   1:         24 bytes,         24 total
- age   4:        184 bytes,        208 total
: 533K->0K(960K), 0.0002908 secs] 3288K->2755K(10176K), 0.0003746 secs] [Times: user=0.00 sys=0.00, real=0.00 secs] 
2019-01-02T11:14:22.292+0530: 930.191: [GC (Allocation Failure) 2019-01-02T11:14:22.292+0530: 930.191: [DefNew
Desired survivor size 32768 bytes, new threshold 15 (max 15)
- age   2:         24 bytes,         24 total
- age   5:        184 bytes,        208 total
: 520K->0K(960K), 0.0003107 secs] 3275K->3275K(10176K), 0.0003655 secs] [Times: user=0.00 sys=0.00, real=0.00 secs] 
2019-01-02T11:14:22.293+0530: 930.192: [GC (Allocation Failure) 2019-01-02T11:14:22.293+0530: 930.192: [DefNew
Desired survivor size 32768 bytes, new threshold 15 (max 15)
- age   1:         24 bytes,         24 total
- age   6:         72 bytes,         96 total
: 537K->0K(960K), 0.0003005 secs] 3812K->3795K(10176K), 0.0003512 secs] [Times: user=0.00 sys=0.00, real=0.00 secs] 
2019-01-02T11:14:22.351+0530: 930.250: [GC (Allocation Failure) 2019-01-02T11:14:22.351+0530: 930.250: [DefNew
Desired survivor size 32768 bytes, new threshold 15 (max 15)
- age   1:        248 bytes,        248 total
- age   7:         16 bytes,        264 total
: 891K->0K(960K), 0.0008917 secs] 4686K->3867K(10176K), 0.0011226 secs] [Times: user=0.00 sys=0.00, real=0.00 secs] 
2019-01-02T11:14:22.354+0530: 930.253: [GC (Allocation Failure) 2019-01-02T11:14:22.354+0530: 930.253: [DefNew
Desired survivor size 32768 bytes, new threshold 15 (max 15)
- age   2:        184 bytes,        184 total
- age   8:         16 bytes,        200 total
: 896K->0K(960K), 0.0007327 secs] 4763K->4155K(10176K), 0.0008387 secs] [Times: user=0.00 sys=0.00, real=0.00 secs] 
2019-01-02T11:14:22.356+0530: 930.255: [GC (Allocation Failure) 2019-01-02T11:14:22.356+0530: 930.255: [DefNew
Desired survivor size 32768 bytes, new threshold 15 (max 15)
- age   3:        184 bytes,        184 total
- age   9:         16 bytes,        200 total
: 896K->0K(960K), 0.0009459 secs] 5051K->4731K(10176K), 0.0010719 secs] [Times: user=0.00 sys=0.00, real=0.00 secs] 
2019-01-02T11:14:22.358+0530: 930.257: [GC (Allocation Failure) 2019-01-02T11:14:22.358+0530: 930.257: [DefNew
Desired survivor size 32768 bytes, new threshold 15 (max 15)
- age   1:         24 bytes,         24 total
- age   4:        184 bytes,        208 total
- age  10:         16 bytes,        224 total
: 533K->0K(960K), 0.0002360 secs] 5264K->4731K(10176K), 0.0003016 secs] [Times: user=0.00 sys=0.00, real=0.00 secs] 
2019-01-02T11:14:22.359+0530: 930.257: [GC (Allocation Failure) 2019-01-02T11:14:22.359+0530: 930.258: [DefNew
Desired survivor size 32768 bytes, new threshold 15 (max 15)
- age   2:         24 bytes,         24 total
- age   5:        184 bytes,        208 total
- age  11:         16 bytes,        224 total
: 520K->0K(960K), 0.0004128 secs] 5251K->5251K(10176K), 0.0004829 secs] [Times: user=0.00 sys=0.00, real=0.00 secs] 
2019-01-02T11:14:22.359+0530: 930.258: [GC (Allocation Failure) 2019-01-02T11:14:22.359+0530: 930.258: [DefNew
Desired survivor size 32768 bytes, new threshold 15 (max 15)
- age   1:         24 bytes,         24 total
- age   6:         72 bytes,         96 total
- age  12:         16 bytes,        112 total
: 537K->0K(960K), 0.0003119 secs] 5788K->5770K(10176K), 0.0003695 secs] [Times: user=0.00 sys=0.00, real=0.00 secs] 
2019-01-02T11:14:22.417+0530: 930.316: [GC (Allocation Failure) 2019-01-02T11:14:22.417+0530: 930.316: [DefNew
Desired survivor size 32768 bytes, new threshold 15 (max 15)
- age   1:        248 bytes,        248 total
- age   7:         16 bytes,        264 total
- age  13:         16 bytes,        280 total
: 891K->0K(960K), 0.0011888 secs] 6662K->5843K(10176K), 0.0014049 secs] [Times: user=0.00 sys=0.00, real=0.00 secs] 
2019-01-02T11:14:22.420+0530: 930.319: [GC (Allocation Failure) 2019-01-02T11:14:22.420+0530: 930.319: [DefNew
Desired survivor size 32768 bytes, new threshold 15 (max 15)
- age   2:        184 bytes,        184 total
- age   8:         16 bytes,        200 total
- age  14:         16 bytes,        216 total
: 896K->0K(960K), 0.0006751 secs] 6739K->6131K(10176K), 0.0008461 secs] [Times: user=0.00 sys=0.00, real=0.00 secs] 
2019-01-02T11:14:22.422+0530: 930.321: [GC (Allocation Failure) 2019-01-02T11:14:22.422+0530: 930.321: [DefNew
Desired survivor size 32768 bytes, new threshold 15 (max 15)
- age   3:        184 bytes,        184 total
- age   9:         16 bytes,        200 total
- age  15:         16 bytes,        216 total
: 896K->0K(960K), 0.0010776 secs] 7027K->6707K(10176K), 0.0012863 secs] [Times: user=0.00 sys=0.00, real=0.00 secs] 
2019-01-02T11:14:22.425+0530: 930.324: [GC (Allocation Failure) 2019-01-02T11:14:22.425+0530: 930.324: [DefNew
Desired survivor size 32768 bytes, new threshold 15 (max 15)
- age   1:         24 bytes,         24 total
- age   4:        184 bytes,        208 total
- age  10:         16 bytes,        224 total
: 533K->0K(960K), 0.0003096 secs] 7240K->6707K(10176K), 0.0004430 secs] [Times: user=0.00 sys=0.00, real=0.00 secs] 
2019-01-02T11:14:22.426+0530: 930.325: [GC (Allocation Failure) 2019-01-02T11:14:22.426+0530: 930.325: [DefNew
Desired survivor size 32768 bytes, new threshold 15 (max 15)
- age   2:         24 bytes,         24 total
- age   5:        184 bytes,        208 total
- age  11:         16 bytes,        224 total
: 520K->0K(960K), 0.0003301 secs] 7226K->7226K(10176K), 0.0004020 secs] [Times: user=0.00 sys=0.00, real=0.00 secs] 
2019-01-02T11:14:22.426+0530: 930.325: [GC (Allocation Failure) 2019-01-02T11:14:22.426+0530: 930.325: [DefNew
Desired survivor size 32768 bytes, new threshold 15 (max 15)
- age   1:         24 bytes,         24 total
- age   6:         72 bytes,         96 total
- age  12:         16 bytes,        112 total
: 537K->0K(960K), 0.0003296 secs] 7764K->7746K(10176K), 0.0004008 secs] [Times: user=0.00 sys=0.00, real=0.00 secs] 
2019-01-02T11:14:22.484+0530: 930.383: [GC (Allocation Failure) 2019-01-02T11:14:22.484+0530: 930.383: [DefNew
Desired survivor size 32768 bytes, new threshold 15 (max 15)
- age   1:        248 bytes,        248 total
- age   7:         16 bytes,        264 total
- age  13:         16 bytes,        280 total
: 891K->0K(960K), 0.0006625 secs] 8638K->7818K(10176K), 0.0010582 secs] [Times: user=0.00 sys=0.00, real=0.00 secs] 
2019-01-02T11:14:22.488+0530: 930.386: [GC (Allocation Failure) 2019-01-02T11:14:22.488+0530: 930.386: [DefNew
Desired survivor size 32768 bytes, new threshold 15 (max 15)
- age   2:        184 bytes,        184 total
- age   8:         16 bytes,        200 total
- age  14:         16 bytes,        216 total
: 896K->0K(960K), 0.0005804 secs] 8714K->8106K(10176K), 0.0006899 secs] [Times: user=0.00 sys=0.00, real=0.00 secs] 
2019-01-02T11:14:22.489+0530: 930.388: [GC (Allocation Failure) 2019-01-02T11:14:22.489+0530: 930.388: [DefNew
Desired survivor size 32768 bytes, new threshold 15 (max 15)
- age   3:        184 bytes,        184 total
- age   9:         16 bytes,        200 total
- age  15:         16 bytes,        216 total
: 896K->0K(960K), 0.0008376 secs] 9002K->8682K(10176K), 0.0009459 secs] [Times: user=0.01 sys=0.00, real=0.00 secs] 
2019-01-02T11:14:22.492+0530: 930.391: [GC (Allocation Failure) 2019-01-02T11:14:22.492+0530: 930.391: [DefNew: 533K->533K(960K), 0.0000342 secs]2019-01-02T11:14:22.492+0530: 930.391: [Tenured: 8682K->1355K(9216K), 0.0040236 secs] 9216K->1355K(10176K), [Metaspace: 2520K->2520K(1056768K)], 0.0042916 secs] [Times: user=0.00 sys=0.00, real=0.00 secs] 
2019-01-02T11:14:22.497+0530: 930.396: [GC (Allocation Failure) 2019-01-02T11:14:22.497+0530: 930.396: [DefNew
Desired survivor size 32768 bytes, new threshold 15 (max 15)
: 519K->0K(960K), 0.0003438 secs] 1875K->1875K(10176K), 0.0004174 secs] [Times: user=0.00 sys=0.00, real=0.00 secs] 
2019-01-02T11:14:22.497+0530: 930.396: [GC (Allocation Failure) 2019-01-02T11:14:22.498+0530: 930.396: [DefNew
Desired survivor size 32768 bytes, new threshold 15 (max 15)
- age   1:         24 bytes,         24 total
: 537K->0K(960K), 0.0003164 secs] 2413K->2395K(10176K), 0.0003968 secs] [Times: user=0.00 sys=0.00, real=0.00 secs] 
2019-01-02T11:14:22.562+0530: 930.461: [GC (Allocation Failure) 2019-01-02T11:14:22.562+0530: 930.461: [DefNew
Desired survivor size 32768 bytes, new threshold 15 (max 15)
- age   1:        248 bytes,        248 total
: 891K->0K(960K), 0.0008695 secs] 3286K->2467K(10176K), 0.0012509 secs] [Times: user=0.00 sys=0.00, real=0.00 secs] 
2019-01-02T11:14:22.565+0530: 930.464: [GC (Allocation Failure) 2019-01-02T11:14:22.565+0530: 930.464: [DefNew
Desired survivor size 32768 bytes, new threshold 15 (max 15)
- age   2:        184 bytes,        184 total
: 896K->0K(960K), 0.0012903 secs] 3363K->2755K(10176K), 0.0015041 secs] [Times: user=0.00 sys=0.00, real=0.00 secs] 
2019-01-02T11:14:22.569+0530: 930.468: [GC (Allocation Failure) 2019-01-02T11:14:22.569+0530: 930.468: [DefNew
Desired survivor size 32768 bytes, new threshold 15 (max 15)
- age   3:        184 bytes,        184 total
: 896K->0K(960K), 0.0016740 secs] 3651K->3331K(10176K), 0.0020372 secs] [Times: user=0.00 sys=0.00, real=0.00 secs] 
2019-01-02T11:14:22.573+0530: 930.472: [GC (Allocation Failure) 2019-01-02T11:14:22.573+0530: 930.472: [DefNew
Desired survivor size 32768 bytes, new threshold 15 (max 15)
- age   1:         24 bytes,         24 total
- age   4:        184 bytes,        208 total
: 533K->0K(960K), 0.0004943 secs] 3864K->3331K(10176K), 0.0006523 secs] [Times: user=0.00 sys=0.00, real=0.00 secs] 
2019-01-02T11:14:22.574+0530: 930.473: [GC (Allocation Failure) 2019-01-02T11:14:22.574+0530: 930.473: [DefNew
Desired survivor size 32768 bytes, new threshold 15 (max 15)
- age   2:         24 bytes,         24 total
- age   5:        184 bytes,        208 total
: 520K->0K(960K), 0.0004003 secs] 3851K->3851K(10176K), 0.0004647 secs] [Times: user=0.00 sys=0.00, real=0.00 secs] 
2019-01-02T11:14:22.575+0530: 930.474: [GC (Allocation Failure) 2019-01-02T11:14:22.575+0530: 930.474: [DefNew
Desired survivor size 32768 bytes, new threshold 15 (max 15)
- age   1:         24 bytes,         24 total
- age   6:         72 bytes,         96 total
: 537K->0K(960K), 0.0003512 secs] 4389K->4371K(10176K), 0.0004168 secs] [Times: user=0.00 sys=0.00, real=0.00 secs] 
2019-01-02T11:14:22.636+0530: 930.535: [GC (Allocation Failure) 2019-01-02T11:14:22.637+0530: 930.536: [DefNew
Desired survivor size 32768 bytes, new threshold 15 (max 15)
- age   1:        248 bytes,        248 total
- age   7:         16 bytes,        264 total
: 891K->0K(960K), 0.0013610 secs] 5262K->4443K(10176K), 0.0017321 secs] [Times: user=0.00 sys=0.00, real=0.00 secs] 
2019-01-02T11:14:22.639+0530: 930.538: [GC (Allocation Failure) 2019-01-02T11:14:22.640+0530: 930.538: [DefNew
Desired survivor size 32768 bytes, new threshold 15 (max 15)
- age   2:        184 bytes,        184 total
- age   8:         16 bytes,        200 total
: 896K->0K(960K), 0.0006226 secs] 5339K->4731K(10176K), 0.0007868 secs] [Times: user=0.00 sys=0.00, real=0.00 secs] 
2019-01-02T11:14:22.642+0530: 930.540: [GC (Allocation Failure) 2019-01-02T11:14:22.642+0530: 930.541: [DefNew
Desired survivor size 32768 bytes, new threshold 15 (max 15)
- age   3:        184 bytes,        184 total
- age   9:         16 bytes,        200 total
: 896K->0K(960K), 0.0011283 secs] 5627K->5307K(10176K), 0.0013017 secs] [Times: user=0.00 sys=0.00, real=0.00 secs] 
2019-01-02T11:14:22.644+0530: 930.543: [GC (Allocation Failure) 2019-01-02T11:14:22.644+0530: 930.543: [DefNew
Desired survivor size 32768 bytes, new threshold 15 (max 15)
- age   1:         24 bytes,         24 total
- age   4:        184 bytes,        208 total
- age  10:         16 bytes,        224 total
: 533K->0K(960K), 0.0002338 secs] 5840K->5307K(10176K), 0.0002891 secs] [Times: user=0.00 sys=0.00, real=0.00 secs] 
2019-01-02T11:14:22.645+0530: 930.543: [GC (Allocation Failure) 2019-01-02T11:14:22.645+0530: 930.544: [DefNew
Desired survivor size 32768 bytes, new threshold 15 (max 15)
- age   2:         24 bytes,         24 total
- age   5:        184 bytes,        208 total
- age  11:         16 bytes,        224 total
: 520K->0K(960K), 0.0003079 secs] 5827K->5827K(10176K), 0.0003592 secs] [Times: user=0.00 sys=0.00, real=0.00 secs] 
2019-01-02T11:14:22.645+0530: 930.544: [GC (Allocation Failure) 2019-01-02T11:14:22.645+0530: 930.544: [DefNew
Desired survivor size 32768 bytes, new threshold 15 (max 15)
- age   1:         24 bytes,         24 total
- age   6:         72 bytes,         96 total
- age  12:         16 bytes,        112 total
: 537K->0K(960K), 0.0003062 secs] 6365K->6347K(10176K), 0.0003575 secs] [Times: user=0.01 sys=0.00, real=0.00 secs] 
2019-01-02T11:14:22.704+0530: 930.603: [GC (Allocation Failure) 2019-01-02T11:14:22.705+0530: 930.604: [DefNew
Desired survivor size 32768 bytes, new threshold 15 (max 15)
- age   1:        248 bytes,        248 total
- age   7:         16 bytes,        264 total
- age  13:         16 bytes,        280 total
: 891K->0K(960K), 0.0006163 secs] 7238K->6419K(10176K), 0.0009812 secs] [Times: user=0.00 sys=0.00, real=0.00 secs] 
2019-01-02T11:14:22.707+0530: 930.606: [GC (Allocation Failure) 2019-01-02T11:14:22.708+0530: 930.607: [DefNew
Desired survivor size 32768 bytes, new threshold 15 (max 15)
- age   2:        184 bytes,        184 total
- age   8:         16 bytes,        200 total
- age  14:         16 bytes,        216 total
: 896K->0K(960K), 0.0009191 secs] 7315K->6707K(10176K), 0.0011665 secs] [Times: user=0.02 sys=0.00, real=0.00 secs] 
2019-01-02T11:14:22.711+0530: 930.610: [GC (Allocation Failure) 2019-01-02T11:14:22.711+0530: 930.610: [DefNew
Desired survivor size 32768 bytes, new threshold 15 (max 15)
- age   3:        184 bytes,        184 total
- age   9:         16 bytes,        200 total
- age  15:         16 bytes,        216 total
: 896K->0K(960K), 0.0010844 secs] 7603K->7283K(10176K), 0.0012686 secs] [Times: user=0.00 sys=0.00, real=0.00 secs] 
2019-01-02T11:14:22.714+0530: 930.613: [GC (Allocation Failure) 2019-01-02T11:14:22.714+0530: 930.613: [DefNew
Desired survivor size 32768 bytes, new threshold 15 (max 15)
- age   1:         24 bytes,         24 total
- age   4:        184 bytes,        208 total
- age  10:         16 bytes,        224 total
: 533K->0K(960K), 0.0002623 secs] 7816K->7283K(10176K), 0.0003364 secs] [Times: user=0.00 sys=0.00, real=0.00 secs] 
2019-01-02T11:14:22.714+0530: 930.613: [GC (Allocation Failure) 2019-01-02T11:14:22.714+0530: 930.613: [DefNew
Desired survivor size 32768 bytes, new threshold 15 (max 15)
- age   2:         24 bytes,         24 total
- age   5:        184 bytes,        208 total
- age  11:         16 bytes,        224 total
: 520K->0K(960K), 0.0003290 secs] 7803K->7803K(10176K), 0.0003820 secs] [Times: user=0.00 sys=0.00, real=0.00 secs] 
2019-01-02T11:14:22.715+0530: 930.614: [GC (Allocation Failure) 2019-01-02T11:14:22.715+0530: 930.614: [DefNew
Desired survivor size 32768 bytes, new threshold 15 (max 15)
- age   1:         24 bytes,         24 total
- age   6:         72 bytes,         96 total
- age  12:         16 bytes,        112 total
: 537K->0K(960K), 0.0003153 secs] 8341K->8323K(10176K), 0.0003774 secs] [Times: user=0.00 sys=0.00, real=0.00 secs] 
2019-01-02T11:14:22.775+0530: 930.674: [GC (Allocation Failure) 2019-01-02T11:14:22.776+0530: 930.674: [DefNew
Desired survivor size 32768 bytes, new threshold 15 (max 15)
- age   1:        248 bytes,        248 total
- age   7:         16 bytes,        264 total
- age  13:         16 bytes,        280 total
: 891K->0K(960K), 0.0011112 secs] 9215K->8395K(10176K), 0.0014471 secs] [Times: user=0.00 sys=0.00, real=0.00 secs] 
2019-01-02T11:14:22.779+0530: 930.678: [GC (Allocation Failure) 2019-01-02T11:14:22.779+0530: 930.678: [DefNew: 896K->896K(960K), 0.0000371 secs]2019-01-02T11:14:22.779+0530: 930.678: [Tenured: 8395K->1067K(9216K), 0.0083722 secs] 9291K->1067K(10176K), [Metaspace: 2520K->2520K(1056768K)], 0.0086180 secs] [Times: user=0.01 sys=0.00, real=0.01 secs] 
2019-01-02T11:14:22.789+0530: 930.687: [GC (Allocation Failure) 2019-01-02T11:14:22.789+0530: 930.687: [DefNew
Desired survivor size 32768 bytes, new threshold 15 (max 15)
: 896K->0K(960K), 0.0009373 secs] 1963K->1643K(10176K), 0.0010172 secs] [Times: user=0.00 sys=0.00, real=0.00 secs] 
2019-01-02T11:14:22.791+0530: 930.690: [GC (Allocation Failure) 2019-01-02T11:14:22.791+0530: 930.690: [DefNew
Desired survivor size 32768 bytes, new threshold 15 (max 15)
- age   1:         24 bytes,         24 total
: 533K->0K(960K), 0.0002503 secs] 2176K->1643K(10176K), 0.0003261 secs] [Times: user=0.00 sys=0.00, real=0.00 secs] 
2019-01-02T11:14:22.791+0530: 930.690: [GC (Allocation Failure) 2019-01-02T11:14:22.791+0530: 930.690: [DefNew
Desired survivor size 32768 bytes, new threshold 15 (max 15)
- age   2:         24 bytes,         24 total
: 520K->0K(960K), 0.0003353 secs] 2163K->2163K(10176K), 0.0004139 secs] [Times: user=0.00 sys=0.00, real=0.00 secs] 
2019-01-02T11:14:22.792+0530: 930.691: [GC (Allocation Failure) 2019-01-02T11:14:22.792+0530: 930.691: [DefNew
Desired survivor size 32768 bytes, new threshold 15 (max 15)
- age   1:         24 bytes,         24 total
: 537K->0K(960K), 0.0003307 secs] 2701K->2683K(10176K), 0.0004031 secs] [Times: user=0.00 sys=0.00, real=0.00 secs] 
2019-01-02T11:14:22.849+0530: 930.748: [GC (Allocation Failure) 2019-01-02T11:14:22.850+0530: 930.748: [DefNew
Desired survivor size 32768 bytes, new threshold 15 (max 15)
- age   1:        248 bytes,        248 total
: 891K->0K(960K), 0.0007920 secs] 3575K->2755K(10176K), 0.0012127 secs] [Times: user=0.00 sys=0.00, real=0.00 secs] 
2019-01-02T11:14:22.853+0530: 930.751: [GC (Allocation Failure) 2019-01-02T11:14:22.853+0530: 930.752: [DefNew
Desired survivor size 32768 bytes, new threshold 15 (max 15)
- age   2:        184 bytes,        184 total
: 896K->0K(960K), 0.0010633 secs] 3651K->3043K(10176K), 0.0013946 secs] [Times: user=0.00 sys=0.00, real=0.00 secs] 
2019-01-02T11:14:22.856+0530: 930.755: [GC (Allocation Failure) 2019-01-02T11:14:22.856+0530: 930.755: [DefNew
Desired survivor size 32768 bytes, new threshold 15 (max 15)
- age   3:        184 bytes,        184 total
: 896K->0K(960K), 0.0014944 secs] 3939K->3619K(10176K), 0.0017760 secs] [Times: user=0.00 sys=0.00, real=0.00 secs] 
2019-01-02T11:14:22.859+0530: 930.758: [GC (Allocation Failure) 2019-01-02T11:14:22.859+0530: 930.758: [DefNew
Desired survivor size 32768 bytes, new threshold 15 (max 15)
- age   1:         24 bytes,         24 total
- age   4:        184 bytes,        208 total
: 533K->0K(960K), 0.0007321 secs] 4153K->3619K(10176K), 0.0008564 secs] [Times: user=0.00 sys=0.00, real=0.00 secs] 
2019-01-02T11:14:22.861+0530: 930.760: [GC (Allocation Failure) 2019-01-02T11:14:22.861+0530: 930.760: [DefNew
Desired survivor size 32768 bytes, new threshold 15 (max 15)
- age   2:         24 bytes,         24 total
- age   5:        184 bytes,        208 total
: 520K->0K(960K), 0.0003717 secs] 4139K->4139K(10176K), 0.0004493 secs] [Times: user=0.00 sys=0.00, real=0.00 secs] 
2019-01-02T11:14:22.861+0530: 930.760: [GC (Allocation Failure) 2019-01-02T11:14:22.861+0530: 930.760: [DefNew
Desired survivor size 32768 bytes, new threshold 15 (max 15)
- age   1:         24 bytes,         24 total
- age   6:         72 bytes,         96 total
: 537K->0K(960K), 0.0003250 secs] 4677K->4659K(10176K), 0.0003820 secs] [Times: user=0.00 sys=0.00, real=0.00 secs] 
2019-01-02T11:14:22.920+0530: 930.819: [GC (Allocation Failure) 2019-01-02T11:14:22.920+0530: 930.819: [DefNew
Desired survivor size 32768 bytes, new threshold 15 (max 15)
- age   1:        248 bytes,        248 total
- age   7:         16 bytes,        264 total
: 891K->0K(960K), 0.0008222 secs] 5551K->4732K(10176K), 0.0012082 secs] [Times: user=0.00 sys=0.00, real=0.00 secs] 
2019-01-02T11:14:22.923+0530: 930.822: [GC (Allocation Failure) 2019-01-02T11:14:22.923+0530: 930.822: [DefNew
Desired survivor size 32768 bytes, new threshold 15 (max 15)
- age   2:        184 bytes,        184 total
- age   8:         16 bytes,        200 total
: 896K->0K(960K), 0.0005639 secs] 5628K->5020K(10176K), 0.0008552 secs] [Times: user=0.00 sys=0.00, real=0.00 secs] 
2019-01-02T11:14:22.925+0530: 930.824: [GC (Allocation Failure) 2019-01-02T11:14:22.925+0530: 930.824: [DefNew
Desired survivor size 32768 bytes, new threshold 15 (max 15)
- age   3:        184 bytes,        184 total
- age   9:         16 bytes,        200 total
: 896K->0K(960K), 0.0006956 secs] 5916K->5596K(10176K), 0.0007925 secs] [Times: user=0.02 sys=0.00, real=0.00 secs] 
2019-01-02T11:14:22.928+0530: 930.827: [GC (Allocation Failure) 2019-01-02T11:14:22.928+0530: 930.827: [DefNew
Desired survivor size 32768 bytes, new threshold 15 (max 15)
- age   1:         24 bytes,         24 total
- age   4:        184 bytes,        208 total
- age  10:         16 bytes,        224 total
: 533K->0K(960K), 0.0004356 secs] 6129K->5596K(10176K), 0.0005673 secs] [Times: user=0.00 sys=0.00, real=0.00 secs] 
2019-01-02T11:14:22.929+0530: 930.828: [GC (Allocation Failure) 2019-01-02T11:14:22.929+0530: 930.828: [DefNew
Desired survivor size 32768 bytes, new threshold 15 (max 15)
- age   2:         24 bytes,         24 total
- age   5:        184 bytes,        208 total
- age  11:         16 bytes,        224 total
: 520K->0K(960K), 0.0003278 secs] 6116K->6116K(10176K), 0.0004003 secs] [Times: user=0.00 sys=0.00, real=0.00 secs] 
2019-01-02T11:14:22.929+0530: 930.828: [GC (Allocation Failure) 2019-01-02T11:14:22.929+0530: 930.828: [DefNew
Desired survivor size 32768 bytes, new threshold 15 (max 15)
- age   1:         24 bytes,         24 total
- age   6:         72 bytes,         96 total
- age  12:         16 bytes,        112 total
: 537K->0K(960K), 0.0003364 secs] 6653K->6636K(10176K), 0.0004099 secs] [Times: user=0.00 sys=0.00, real=0.00 secs] 
2019-01-02T11:14:22.989+0530: 930.888: [GC (Allocation Failure) 2019-01-02T11:14:22.989+0530: 930.888: [DefNew
Desired survivor size 32768 bytes, new threshold 15 (max 15)
- age   1:        248 bytes,        248 total
- age   7:         16 bytes,        264 total
- age  13:         16 bytes,        280 total
: 891K->0K(960K), 0.0010143 secs] 7527K->6708K(10176K), 0.0014214 secs] [Times: user=0.00 sys=0.00, real=0.00 secs] 
2019-01-02T11:14:22.992+0530: 930.891: [GC (Allocation Failure) 2019-01-02T11:14:22.992+0530: 930.891: [DefNew
Desired survivor size 32768 bytes, new threshold 15 (max 15)
- age   2:        184 bytes,        184 total
- age   8:         16 bytes,        200 total
- age  14:         16 bytes,        216 total
: 896K->0K(960K), 0.0009465 secs] 7604K->6996K(10176K), 0.0012087 secs] [Times: user=0.00 sys=0.00, real=0.00 secs] 
2019-01-02T11:14:22.995+0530: 930.894: [GC (Allocation Failure) 2019-01-02T11:14:22.995+0530: 930.894: [DefNew
Desired survivor size 32768 bytes, new threshold 15 (max 15)
- age   3:        184 bytes,        184 total
- age   9:         16 bytes,        200 total
- age  15:         16 bytes,        216 total
: 896K->0K(960K), 0.0009869 secs] 7892K->7572K(10176K), 0.0011278 secs] [Times: user=0.00 sys=0.00, real=0.00 secs] 
2019-01-02T11:14:22.997+0530: 930.896: [GC (Allocation Failure) 2019-01-02T11:14:22.997+0530: 930.896: [DefNew
Desired survivor size 32768 bytes, new threshold 15 (max 15)
- age   1:         24 bytes,         24 total
- age   4:        184 bytes,        208 total
- age  10:         16 bytes,        224 total
: 533K->0K(960K), 0.0002440 secs] 8105K->7572K(10176K), 0.0002982 secs] [Times: user=0.00 sys=0.00, real=0.00 secs] 
2019-01-02T11:14:22.998+0530: 930.897: [GC (Allocation Failure) 2019-01-02T11:14:22.998+0530: 930.897: [DefNew
Desired survivor size 32768 bytes, new threshold 15 (max 15)
- age   2:         24 bytes,         24 total
- age   5:        184 bytes,        208 total
- age  11:         16 bytes,        224 total
: 520K->0K(960K), 0.0003033 secs] 8092K->8092K(10176K), 0.0003643 secs] [Times: user=0.00 sys=0.00, real=0.00 secs] 
2019-01-02T11:14:22.999+0530: 930.898: [GC (Allocation Failure) 2019-01-02T11:14:22.999+0530: 930.898: [DefNew
Desired survivor size 32768 bytes, new threshold 15 (max 15)
- age   1:         24 bytes,         24 total
- age   6:         72 bytes,         96 total
- age  12:         16 bytes,        112 total
: 537K->0K(960K), 0.0003199 secs] 8630K->8612K(10176K), 0.0003735 secs] [Times: user=0.00 sys=0.00, real=0.00 secs] 
2019-01-02T11:14:23.061+0530: 930.960: [GC (Allocation Failure) 2019-01-02T11:14:23.061+0530: 930.960: [DefNew: 891K->891K(960K), 0.0000359 secs]2019-01-02T11:14:23.061+0530: 930.960: [Tenured: 8612K->1139K(9216K), 0.0075358 secs] 9503K->1139K(10176K), [Metaspace: 2520K->2520K(1056768K)], 0.0078579 secs] [Times: user=0.02 sys=0.00, real=0.01 secs] 
2019-01-02T11:14:23.070+0530: 930.969: [GC (Allocation Failure) 2019-01-02T11:14:23.070+0530: 930.969: [DefNew
Desired survivor size 32768 bytes, new threshold 15 (max 15)
: 896K->0K(960K), 0.0011563 secs] 2035K->1427K(10176K), 0.0014305 secs] [Times: user=0.00 sys=0.00, real=0.00 secs] 
2019-01-02T11:14:23.073+0530: 930.972: [GC (Allocation Failure) 2019-01-02T11:14:23.073+0530: 930.972: [DefNew
Desired survivor size 32768 bytes, new threshold 15 (max 15)
: 896K->0K(960K), 0.0009408 secs] 2323K->2003K(10176K), 0.0010651 secs] [Times: user=0.00 sys=0.00, real=0.00 secs] 
2019-01-02T11:14:23.075+0530: 930.974: [GC (Allocation Failure) 2019-01-02T11:14:23.075+0530: 930.974: [DefNew
Desired survivor size 32768 bytes, new threshold 15 (max 15)
- age   1:         24 bytes,         24 total
: 533K->0K(960K), 0.0002321 secs] 2537K->2003K(10176K), 0.0002862 secs] [Times: user=0.00 sys=0.00, real=0.00 secs] 
2019-01-02T11:14:23.076+0530: 930.975: [GC (Allocation Failure) 2019-01-02T11:14:23.076+0530: 930.975: [DefNew
Desired survivor size 32768 bytes, new threshold 15 (max 15)
- age   2:         24 bytes,         24 total
: 520K->0K(960K), 0.0002925 secs] 2523K->2523K(10176K), 0.0003449 secs] [Times: user=0.00 sys=0.00, real=0.00 secs] 
2019-01-02T11:14:23.077+0530: 930.976: [GC (Allocation Failure) 2019-01-02T11:14:23.077+0530: 930.976: [DefNew
Desired survivor size 32768 bytes, new threshold 15 (max 15)
- age   1:         24 bytes,         24 total
: 537K->0K(960K), 0.0003039 secs] 3061K->3044K(10176K), 0.0003546 secs] [Times: user=0.00 sys=0.00, real=0.00 secs] 
2019-01-02T11:14:23.135+0530: 931.034: [GC (Allocation Failure) 2019-01-02T11:14:23.135+0530: 931.034: [DefNew
Desired survivor size 32768 bytes, new threshold 15 (max 15)
- age   1:        248 bytes,        248 total
: 891K->0K(960K), 0.0007954 secs] 3935K->3116K(10176K), 0.0009909 secs] [Times: user=0.00 sys=0.00, real=0.00 secs] 
2019-01-02T11:14:23.138+0530: 931.037: [GC (Allocation Failure) 2019-01-02T11:14:23.138+0530: 931.037: [DefNew
Desired survivor size 32768 bytes, new threshold 15 (max 15)
- age   2:        184 bytes,        184 total
: 896K->0K(960K), 0.0006049 secs] 4012K->3404K(10176K), 0.0008159 secs] [Times: user=0.00 sys=0.00, real=0.00 secs] 
2019-01-02T11:14:23.140+0530: 931.039: [GC (Allocation Failure) 2019-01-02T11:14:23.140+0530: 931.039: [DefNew
Desired survivor size 32768 bytes, new threshold 15 (max 15)
- age   3:        184 bytes,        184 total
: 896K->0K(960K), 0.0007811 secs] 4300K->3980K(10176K), 0.0009259 secs] [Times: user=0.00 sys=0.00, real=0.00 secs] 
2019-01-02T11:14:23.143+0530: 931.042: [GC (Allocation Failure) 2019-01-02T11:14:23.143+0530: 931.042: [DefNew
Desired survivor size 32768 bytes, new threshold 15 (max 15)
- age   1:         24 bytes,         24 total
- age   4:        184 bytes,        208 total
: 533K->0K(960K), 0.0004071 secs] 4513K->3980K(10176K), 0.0005211 secs] [Times: user=0.00 sys=0.00, real=0.00 secs] 
2019-01-02T11:14:23.144+0530: 931.043: [GC (Allocation Failure) 2019-01-02T11:14:23.144+0530: 931.043: [DefNew
Desired survivor size 32768 bytes, new threshold 15 (max 15)
- age   2:         24 bytes,         24 total
- age   5:        184 bytes,        208 total
: 520K->0K(960K), 0.0005975 secs] 4500K->4500K(10176K), 0.0007709 secs] [Times: user=0.02 sys=0.00, real=0.00 secs] 
2019-01-02T11:14:23.145+0530: 931.044: [GC (Allocation Failure) 2019-01-02T11:14:23.145+0530: 931.044: [DefNew
Desired survivor size 32768 bytes, new threshold 15 (max 15)
- age   1:         24 bytes,         24 total
- age   6:         72 bytes,         96 total
: 537K->0K(960K), 0.0003187 secs] 5038K->5020K(10176K), 0.0003752 secs] [Times: user=0.00 sys=0.00, real=0.00 secs] 
2019-01-02T11:14:23.206+0530: 931.105: [GC (Allocation Failure) 2019-01-02T11:14:23.206+0530: 931.105: [DefNew
Desired survivor size 32768 bytes, new threshold 15 (max 15)
- age   1:        248 bytes,        248 total
- age   7:         16 bytes,        264 total
: 891K->0K(960K), 0.0010616 secs] 5912K->5092K(10176K), 0.0014060 secs] [Times: user=0.00 sys=0.02, real=0.00 secs] 
2019-01-02T11:14:23.209+0530: 931.108: [GC (Allocation Failure) 2019-01-02T11:14:23.209+0530: 931.108: [DefNew
Desired survivor size 32768 bytes, new threshold 15 (max 15)
- age   2:        184 bytes,        184 total
- age   8:         16 bytes,        200 total
: 896K->0K(960K), 0.0007121 secs] 5988K->5380K(10176K), 0.0008467 secs] [Times: user=0.00 sys=0.00, real=0.00 secs] 
2019-01-02T11:14:23.211+0530: 931.110: [GC (Allocation Failure) 2019-01-02T11:14:23.211+0530: 931.110: [DefNew
Desired survivor size 32768 bytes, new threshold 15 (max 15)
- age   3:        184 bytes,        184 total
- age   9:         16 bytes,        200 total
: 896K->0K(960K), 0.0011238 secs] 6276K->5956K(10176K), 0.0013621 secs] [Times: user=0.00 sys=0.00, real=0.00 secs] 
2019-01-02T11:14:23.214+0530: 931.113: [GC (Allocation Failure) 2019-01-02T11:14:23.214+0530: 931.113: [DefNew
Desired survivor size 32768 bytes, new threshold 15 (max 15)
- age   1:         24 bytes,         24 total
- age   4:        184 bytes,        208 total
- age  10:         16 bytes,        224 total
: 533K->0K(960K), 0.0004196 secs] 6489K->5956K(10176K), 0.0006380 secs] [Times: user=0.00 sys=0.00, real=0.00 secs] 
2019-01-02T11:14:23.215+0530: 931.114: [GC (Allocation Failure) 2019-01-02T11:14:23.215+0530: 931.114: [DefNew
Desired survivor size 32768 bytes, new threshold 15 (max 15)
- age   2:         24 bytes,         24 total
- age   5:        184 bytes,        208 total
- age  11:         16 bytes,        224 total
: 520K->0K(960K), 0.0003951 secs] 6476K->6476K(10176K), 0.0004749 secs] [Times: user=0.00 sys=0.00, real=0.00 secs] 
2019-01-02T11:14:23.216+0530: 931.115: [GC (Allocation Failure) 2019-01-02T11:14:23.216+0530: 931.115: [DefNew
Desired survivor size 32768 bytes, new threshold 15 (max 15)
- age   1:         24 bytes,         24 total
- age   6:         72 bytes,         96 total
- age  12:         16 bytes,        112 total
: 538K->0K(960K), 0.0003330 secs] 7014K->6996K(10176K), 0.0003968 secs] [Times: user=0.00 sys=0.00, real=0.00 secs] 
2019-01-02T11:14:23.274+0530: 931.173: [GC (Allocation Failure) 2019-01-02T11:14:23.275+0530: 931.174: [DefNew
Desired survivor size 32768 bytes, new threshold 15 (max 15)
- age   1:        248 bytes,        248 total
- age   7:         16 bytes,        264 total
- age  13:         16 bytes,        280 total
: 891K->0K(960K), 0.0006933 secs] 7888K->7069K(10176K), 0.0010947 secs] [Times: user=0.00 sys=0.00, real=0.00 secs] 
2019-01-02T11:14:23.277+0530: 931.176: [GC (Allocation Failure) 2019-01-02T11:14:23.277+0530: 931.176: [DefNew
Desired survivor size 32768 bytes, new threshold 15 (max 15)
- age   2:        184 bytes,        184 total
- age   8:         16 bytes,        200 total
- age  14:         16 bytes,        216 total
: 896K->0K(960K), 0.0006927 secs] 7965K->7356K(10176K), 0.0008085 secs] [Times: user=0.00 sys=0.00, real=0.00 secs] 
2019-01-02T11:14:23.279+0530: 931.178: [GC (Allocation Failure) 2019-01-02T11:14:23.279+0530: 931.178: [DefNew
Desired survivor size 32768 bytes, new threshold 15 (max 15)
- age   3:        184 bytes,        184 total
- age   9:         16 bytes,        200 total
- age  15:         16 bytes,        216 total
: 896K->0K(960K), 0.0013752 secs] 8252K->7932K(10176K), 0.0016945 secs] [Times: user=0.00 sys=0.00, real=0.00 secs] 
2019-01-02T11:14:23.283+0530: 931.181: [GC (Allocation Failure) 2019-01-02T11:14:23.283+0530: 931.182: [DefNew
Desired survivor size 32768 bytes, new threshold 15 (max 15)
- age   1:         24 bytes,         24 total
- age   4:        184 bytes,        208 total
- age  10:         16 bytes,        224 total
: 533K->0K(960K), 0.0003894 secs] 8466K->7932K(10176K), 0.0005074 secs] [Times: user=0.00 sys=0.00, real=0.00 secs] 
2019-01-02T11:14:23.283+0530: 931.182: [GC (Allocation Failure) 2019-01-02T11:14:23.283+0530: 931.182: [DefNew
Desired survivor size 32768 bytes, new threshold 15 (max 15)
- age   2:         24 bytes,         24 total
- age   5:        184 bytes,        208 total
- age  11:         16 bytes,        224 total
: 520K->0K(960K), 0.0003307 secs] 8453K->8453K(10176K), 0.0004014 secs] [Times: user=0.00 sys=0.00, real=0.00 secs] 
2019-01-02T11:14:23.284+0530: 931.183: [GC (Allocation Failure) 2019-01-02T11:14:23.284+0530: 931.183: [DefNew
Desired survivor size 32768 bytes, new threshold 15 (max 15)
- age   1:         24 bytes,         24 total
- age   6:         72 bytes,         96 total
- age  12:         16 bytes,        112 total
: 538K->0K(960K), 0.0003449 secs] 8990K->8973K(10176K), 0.0004276 secs] [Times: user=0.00 sys=0.00, real=0.00 secs] 
2019-01-02T11:14:23.345+0530: 931.244: [GC (Allocation Failure) 2019-01-02T11:14:23.345+0530: 931.244: [DefNew: 891K->891K(960K), 0.0000724 secs]2019-01-02T11:14:23.345+0530: 931.244: [Tenured: 8973K->851K(9216K), 0.0072712 secs] 9864K->851K(10176K), [Metaspace: 2520K->2520K(1056768K)], 0.0076350 secs] [Times: user=0.02 sys=0.00, real=0.01 secs] 
2019-01-02T11:14:23.354+0530: 931.253: [GC (Allocation Failure) 2019-01-02T11:14:23.354+0530: 931.253: [DefNew
Desired survivor size 32768 bytes, new threshold 15 (max 15)
: 896K->0K(960K), 0.0003666 secs] 1747K->1139K(10176K), 0.0004516 secs] [Times: user=0.00 sys=0.00, real=0.00 secs] 
2019-01-02T11:14:23.356+0530: 931.255: [GC (Allocation Failure) 2019-01-02T11:14:23.356+0530: 931.255: [DefNew
Desired survivor size 32768 bytes, new threshold 15 (max 15)
: 896K->0K(960K), 0.0012897 secs] 2035K->1715K(10176K), 0.0015953 secs] [Times: user=0.00 sys=0.00, real=0.00 secs] 
2019-01-02T11:14:23.359+0530: 931.258: [GC (Allocation Failure) 2019-01-02T11:14:23.359+0530: 931.258: [DefNew
Desired survivor size 32768 bytes, new threshold 15 (max 15)
- age   1:         24 bytes,         24 total
: 533K->0K(960K), 0.0006220 secs] 2249K->1715K(10176K), 0.0007726 secs] [Times: user=0.00 sys=0.00, real=0.00 secs] 
2019-01-02T11:14:23.360+0530: 931.259: [GC (Allocation Failure) 2019-01-02T11:14:23.360+0530: 931.259: [DefNew
Desired survivor size 32768 bytes, new threshold 15 (max 15)
- age   2:         24 bytes,         24 total
: 520K->0K(960K), 0.0006905 secs] 2235K->2235K(10176K), 0.0008079 secs] [Times: user=0.00 sys=0.00, real=0.00 secs] 
2019-01-02T11:14:23.362+0530: 931.261: [GC (Allocation Failure) 2019-01-02T11:14:23.362+0530: 931.261: [DefNew
Desired survivor size 32768 bytes, new threshold 15 (max 15)
- age   1:         24 bytes,         24 total
: 537K->0K(960K), 0.0003410 secs] 2773K->2756K(10176K), 0.0004037 secs] [Times: user=0.00 sys=0.00, real=0.00 secs] 
2019-01-02T11:14:23.422+0530: 931.321: [GC (Allocation Failure) 2019-01-02T11:14:23.423+0530: 931.322: [DefNew
Desired survivor size 32768 bytes, new threshold 15 (max 15)
- age   1:        248 bytes,        248 total
: 891K->0K(960K), 0.0011768 secs] 3647K->2828K(10176K), 0.0014767 secs] [Times: user=0.00 sys=0.00, real=0.00 secs] 
2019-01-02T11:14:23.426+0530: 931.325: [GC (Allocation Failure) 2019-01-02T11:14:23.426+0530: 931.325: [DefNew
Desired survivor size 32768 bytes, new threshold 15 (max 15)
- age   2:        184 bytes,        184 total
: 896K->0K(960K), 0.0005667 secs] 3724K->3116K(10176K), 0.0006699 secs] [Times: user=0.00 sys=0.00, real=0.00 secs] 
2019-01-02T11:14:23.428+0530: 931.327: [GC (Allocation Failure) 2019-01-02T11:14:23.428+0530: 931.327: [DefNew
Desired survivor size 32768 bytes, new threshold 15 (max 15)
- age   3:        184 bytes,        184 total
: 896K->0K(960K), 0.0007349 secs] 4012K->3692K(10176K), 0.0008575 secs] [Times: user=0.00 sys=0.00, real=0.00 secs] 
2019-01-02T11:14:23.430+0530: 931.329: [GC (Allocation Failure) 2019-01-02T11:14:23.430+0530: 931.329: [DefNew
Desired survivor size 32768 bytes, new threshold 15 (max 15)
- age   1:         24 bytes,         24 total
- age   4:        184 bytes,        208 total
: 533K->0K(960K), 0.0003968 secs] 4225K->3692K(10176K), 0.0005565 secs] [Times: user=0.00 sys=0.00, real=0.00 secs] 
2019-01-02T11:14:23.431+0530: 931.330: [GC (Allocation Failure) 2019-01-02T11:14:23.431+0530: 931.330: [DefNew
Desired survivor size 32768 bytes, new threshold 15 (max 15)
- age   2:         24 bytes,         24 total
- age   5:        184 bytes,        208 total
: 520K->0K(960K), 0.0003381 secs] 4212K->4212K(10176K), 0.0004111 secs] [Times: user=0.00 sys=0.00, real=0.00 secs] 
2019-01-02T11:14:23.432+0530: 931.331: [GC (Allocation Failure) 2019-01-02T11:14:23.432+0530: 931.331: [DefNew
Desired survivor size 32768 bytes, new threshold 15 (max 15)
- age   1:         24 bytes,         24 total
- age   6:         72 bytes,         96 total
: 538K->0K(960K), 0.0003199 secs] 4750K->4732K(10176K), 0.0003906 secs] [Times: user=0.00 sys=0.00, real=0.00 secs] 
2019-01-02T11:14:23.492+0530: 931.391: [GC (Allocation Failure) 2019-01-02T11:14:23.492+0530: 931.391: [DefNew
Desired survivor size 32768 bytes, new threshold 15 (max 15)
- age   1:        248 bytes,        248 total
- age   7:         16 bytes,        264 total
: 891K->0K(960K), 0.0008609 secs] 5624K->4804K(10176K), 0.0012794 secs] [Times: user=0.00 sys=0.00, real=0.00 secs] 
2019-01-02T11:14:23.495+0530: 931.394: [GC (Allocation Failure) 2019-01-02T11:14:23.495+0530: 931.394: [DefNew
Desired survivor size 32768 bytes, new threshold 15 (max 15)
- age   2:        184 bytes,        184 total
- age   8:         16 bytes,        200 total
: 896K->0K(960K), 0.0006602 secs] 5700K->5092K(10176K), 0.0007748 secs] [Times: user=0.00 sys=0.00, real=0.00 secs] 
2019-01-02T11:14:23.497+0530: 931.396: [GC (Allocation Failure) 2019-01-02T11:14:23.497+0530: 931.396: [DefNew
Desired survivor size 32768 bytes, new threshold 15 (max 15)
- age   3:        184 bytes,        184 total
- age   9:         16 bytes,        200 total
: 896K->0K(960K), 0.0006922 secs] 5988K->5668K(10176K), 0.0009271 secs] [Times: user=0.00 sys=0.00, real=0.00 secs] 
2019-01-02T11:14:23.499+0530: 931.398: [GC (Allocation Failure) 2019-01-02T11:14:23.499+0530: 931.398: [DefNew
Desired survivor size 32768 bytes, new threshold 15 (max 15)
- age   1:         24 bytes,         24 total
- age   4:        184 bytes,        208 total
- age  10:         16 bytes,        224 total
: 533K->0K(960K), 0.0002623 secs] 6202K->5668K(10176K), 0.0003432 secs] [Times: user=0.00 sys=0.00, real=0.00 secs] 
2019-01-02T11:14:23.500+0530: 931.399: [GC (Allocation Failure) 2019-01-02T11:14:23.500+0530: 931.399: [DefNew
Desired survivor size 32768 bytes, new threshold 15 (max 15)
- age   2:         24 bytes,         24 total
- age   5:        184 bytes,        208 total
- age  11:         16 bytes,        224 total
: 520K->0K(960K), 0.0003432 secs] 6189K->6189K(10176K), 0.0004231 secs] [Times: user=0.00 sys=0.00, real=0.00 secs] 
2019-01-02T11:14:23.501+0530: 931.400: [GC (Allocation Failure) 2019-01-02T11:14:23.501+0530: 931.400: [DefNew
Desired survivor size 32768 bytes, new threshold 15 (max 15)
- age   1:         24 bytes,         24 total
- age   6:         72 bytes,         96 total
- age  12:         16 bytes,        112 total
: 538K->0K(960K), 0.0003153 secs] 6727K->6709K(10176K), 0.0003854 secs] [Times: user=0.00 sys=0.00, real=0.00 secs] 
2019-01-02T11:14:23.565+0530: 931.464: [GC (Allocation Failure) 2019-01-02T11:14:23.565+0530: 931.464: [DefNew
Desired survivor size 32768 bytes, new threshold 15 (max 15)
- age   1:        248 bytes,        248 total
- age   7:         16 bytes,        264 total
- age  13:         16 bytes,        280 total
: 891K->0K(960K), 0.0010331 secs] 7601K->6781K(10176K), 0.0014260 secs] [Times: user=0.02 sys=0.00, real=0.00 secs] 
2019-01-02T11:14:23.568+0530: 931.467: [GC (Allocation Failure) 2019-01-02T11:14:23.568+0530: 931.467: [DefNew
Desired survivor size 32768 bytes, new threshold 15 (max 15)
- age   2:        184 bytes,        184 total
- age   8:         16 bytes,        200 total
- age  14:         16 bytes,        216 total
: 896K->0K(960K), 0.0006528 secs] 7677K->7069K(10176K), 0.0008216 secs] [Times: user=0.00 sys=0.00, real=0.00 secs] 
2019-01-02T11:14:23.570+0530: 931.469: [GC (Allocation Failure) 2019-01-02T11:14:23.570+0530: 931.469: [DefNew
Desired survivor size 32768 bytes, new threshold 15 (max 15)
- age   3:        184 bytes,        184 total
- age   9:         16 bytes,        200 total
- age  15:         16 bytes,        216 total
: 896K->0K(960K), 0.0010770 secs] 7965K->7645K(10176K), 0.0012886 secs] [Times: user=0.00 sys=0.00, real=0.00 secs] 
2019-01-02T11:14:23.573+0530: 931.472: [GC (Allocation Failure) 2019-01-02T11:14:23.573+0530: 931.472: [DefNew
Desired survivor size 32768 bytes, new threshold 15 (max 15)
- age   1:         24 bytes,         24 total
- age   4:        184 bytes,        208 total
- age  10:         16 bytes,        224 total
: 533K->0K(960K), 0.0003581 secs] 8178K->7645K(10176K), 0.0004710 secs] [Times: user=0.00 sys=0.00, real=0.00 secs] 
2019-01-02T11:14:23.574+0530: 931.473: [GC (Allocation Failure) 2019-01-02T11:14:23.574+0530: 931.473: [DefNew
Desired survivor size 32768 bytes, new threshold 15 (max 15)
- age   2:         24 bytes,         24 total
- age   5:        184 bytes,        208 total
- age  11:         16 bytes,        224 total
: 520K->0K(960K), 0.0007207 secs] 8165K->8165K(10176K), 0.0008302 secs] [Times: user=0.00 sys=0.00, real=0.00 secs] 
2019-01-02T11:14:23.575+0530: 931.474: [GC (Allocation Failure) 2019-01-02T11:14:23.575+0530: 931.474: [DefNew
Desired survivor size 32768 bytes, new threshold 15 (max 15)
- age   1:         24 bytes,         24 total
- age   6:         72 bytes,         96 total
- age  12:         16 bytes,        112 total
: 538K->0K(960K), 0.0005531 secs] 8703K->8685K(10176K), 0.0006654 secs] [Times: user=0.00 sys=0.00, real=0.00 secs] 
2019-01-02T11:14:23.635+0530: 931.534: [GC (Allocation Failure) 2019-01-02T11:14:23.635+0530: 931.534: [DefNew: 891K->891K(960K), 0.0000969 secs]2019-01-02T11:14:23.635+0530: 931.534: [Tenured: 8685K->924K(9216K), 0.0091157 secs] 9577K->924K(10176K), [Metaspace: 2520K->2520K(1056768K)], 0.0097001 secs] [Times: user=0.01 sys=0.00, real=0.01 secs] 
2019-01-02T11:14:23.646+0530: 931.545: [GC (Allocation Failure) 2019-01-02T11:14:23.646+0530: 931.545: [DefNew
Desired survivor size 32768 bytes, new threshold 15 (max 15)
: 896K->0K(960K), 0.0003056 secs] 1820K->1212K(10176K), 0.0003826 secs] [Times: user=0.00 sys=0.00, real=0.00 secs] 
2019-01-02T11:14:23.647+0530: 931.546: [GC (Allocation Failure) 2019-01-02T11:14:23.647+0530: 931.546: [DefNew
Desired survivor size 32768 bytes, new threshold 15 (max 15)
: 896K->0K(960K), 0.0003273 secs] 2108K->1788K(10176K), 0.0003991 secs] [Times: user=0.00 sys=0.00, real=0.00 secs] 
2019-01-02T11:14:23.649+0530: 931.548: [GC (Allocation Failure) 2019-01-02T11:14:23.649+0530: 931.548: [DefNew
Desired survivor size 32768 bytes, new threshold 15 (max 15)
- age   1:         24 bytes,         24 total
: 533K->0K(960K), 0.0002754 secs] 2321K->1788K(10176K), 0.0003501 secs] [Times: user=0.00 sys=0.00, real=0.00 secs] 
2019-01-02T11:14:23.650+0530: 931.549: [GC (Allocation Failure) 2019-01-02T11:14:23.650+0530: 931.549: [DefNew
Desired survivor size 32768 bytes, new threshold 15 (max 15)
- age   2:         24 bytes,         24 total
: 520K->0K(960K), 0.0003598 secs] 2308K->2308K(10176K), 0.0004407 secs] [Times: user=0.00 sys=0.00, real=0.00 secs] 
2019-01-02T11:14:23.650+0530: 931.549: [GC (Allocation Failure) 2019-01-02T11:14:23.651+0530: 931.550: [DefNew
Desired survivor size 32768 bytes, new threshold 15 (max 15)
- age   1:         24 bytes,         24 total
: 537K->0K(960K), 0.0003256 secs] 2846K->2828K(10176K), 0.0004077 secs] [Times: user=0.00 sys=0.00, real=0.00 secs] 
2019-01-02T11:14:23.714+0530: 931.612: [GC (Allocation Failure) 2019-01-02T11:14:23.714+0530: 931.613: [DefNew
Desired survivor size 32768 bytes, new threshold 15 (max 15)
- age   1:        248 bytes,        248 total
: 891K->0K(960K), 0.0010115 secs] 3720K->2900K(10176K), 0.0016443 secs] [Times: user=0.00 sys=0.00, real=0.00 secs] 
2019-01-02T11:14:23.718+0530: 931.617: [GC (Allocation Failure) 2019-01-02T11:14:23.719+0530: 931.618: [DefNew
Desired survivor size 32768 bytes, new threshold 15 (max 15)
- age   2:        184 bytes,        184 total
: 896K->0K(960K), 0.0003558 secs] 3796K->3188K(10176K), 0.0004464 secs] [Times: user=0.00 sys=0.00, real=0.00 secs] 
2019-01-02T11:14:23.720+0530: 931.619: [GC (Allocation Failure) 2019-01-02T11:14:23.720+0530: 931.619: [DefNew
Desired survivor size 32768 bytes, new threshold 15 (max 15)
- age   3:        184 bytes,        184 total
: 896K->0K(960K), 0.0003854 secs] 4084K->3764K(10176K), 0.0004544 secs] [Times: user=0.00 sys=0.00, real=0.00 secs] 
2019-01-02T11:14:23.721+0530: 931.620: [GC (Allocation Failure) 2019-01-02T11:14:23.721+0530: 931.620: [DefNew
Desired survivor size 32768 bytes, new threshold 15 (max 15)
- age   1:         24 bytes,         24 total
- age   4:        184 bytes,        208 total
: 533K->0K(960K), 0.0002674 secs] 4298K->3764K(10176K), 0.0003307 secs] [Times: user=0.02 sys=0.00, real=0.00 secs] 
2019-01-02T11:14:23.722+0530: 931.621: [GC (Allocation Failure) 2019-01-02T11:14:23.722+0530: 931.621: [DefNew
Desired survivor size 32768 bytes, new threshold 15 (max 15)
- age   2:         24 bytes,         24 total
- age   5:        184 bytes,        208 total
: 520K->0K(960K), 0.0003256 secs] 4285K->4285K(10176K), 0.0003837 secs] [Times: user=0.00 sys=0.00, real=0.00 secs] 
2019-01-02T11:14:23.723+0530: 931.622: [GC (Allocation Failure) 2019-01-02T11:14:23.723+0530: 931.622: [DefNew
Desired survivor size 32768 bytes, new threshold 15 (max 15)
- age   1:         24 bytes,         24 total
- age   6:         72 bytes,         96 total
: 538K->0K(960K), 0.0004920 secs] 4823K->4805K(10176K), 0.0005513 secs] [Times: user=0.00 sys=0.00, real=0.00 secs] 
2019-01-02T11:14:23.791+0530: 931.690: [GC (Allocation Failure) 2019-01-02T11:14:23.791+0530: 931.690: [DefNew
Desired survivor size 32768 bytes, new threshold 15 (max 15)
- age   1:        248 bytes,        248 total
- age   7:         16 bytes,        264 total
: 891K->0K(960K), 0.0011637 secs] 5697K->4877K(10176K), 0.0014989 secs] [Times: user=0.00 sys=0.00, real=0.00 secs] 
2019-01-02T11:14:23.795+0530: 931.694: [GC (Allocation Failure) 2019-01-02T11:14:23.795+0530: 931.694: [DefNew
Desired survivor size 32768 bytes, new threshold 15 (max 15)
- age   2:        184 bytes,        184 total
- age   8:         16 bytes,        200 total
: 896K->0K(960K), 0.0005684 secs] 5773K->5165K(10176K), 0.0007412 secs] [Times: user=0.00 sys=0.00, real=0.00 secs] 
2019-01-02T11:14:23.797+0530: 931.696: [GC (Allocation Failure) 2019-01-02T11:14:23.797+0530: 931.696: [DefNew
Desired survivor size 32768 bytes, new threshold 15 (max 15)
- age   3:        184 bytes,        184 total
- age   9:         16 bytes,        200 total
: 896K->0K(960K), 0.0010919 secs] 6061K->5741K(10176K), 0.0012954 secs] [Times: user=0.00 sys=0.00, real=0.00 secs] 
2019-01-02T11:14:23.800+0530: 931.699: [GC (Allocation Failure) 2019-01-02T11:14:23.800+0530: 931.699: [DefNew
Desired survivor size 32768 bytes, new threshold 15 (max 15)
- age   1:         24 bytes,         24 total
- age   4:        184 bytes,        208 total
- age  10:         16 bytes,        224 total
: 533K->0K(960K), 0.0007743 secs] 6274K->5741K(10176K), 0.0009117 secs] [Times: user=0.00 sys=0.00, real=0.00 secs] 
2019-01-02T11:14:23.801+0530: 931.700: [GC (Allocation Failure) 2019-01-02T11:14:23.801+0530: 931.700: [DefNew
Desired survivor size 32768 bytes, new threshold 15 (max 15)
- age   2:         24 bytes,         24 total
- age   5:        184 bytes,        208 total
- age  11:         16 bytes,        224 total
: 520K->0K(960K), 0.0003347 secs] 6261K->6261K(10176K), 0.0004014 secs] [Times: user=0.00 sys=0.00, real=0.00 secs] 
2019-01-02T11:14:23.802+0530: 931.701: [GC (Allocation Failure) 2019-01-02T11:14:23.802+0530: 931.701: [DefNew
Desired survivor size 32768 bytes, new threshold 15 (max 15)
- age   1:         24 bytes,         24 total
- age   6:         72 bytes,         96 total
- age  12:         16 bytes,        112 total
: 538K->0K(960K), 0.0003153 secs] 6799K->6782K(10176K), 0.0003672 secs] [Times: user=0.00 sys=0.00, real=0.00 secs] 
2019-01-02T11:14:23.860+0530: 931.759: [GC (Allocation Failure) 2019-01-02T11:14:23.860+0530: 931.759: [DefNew
Desired survivor size 32768 bytes, new threshold 15 (max 15)
- age   1:        248 bytes,        248 total
- age   7:         16 bytes,        264 total
- age  13:         16 bytes,        280 total
: 891K->0K(960K), 0.0008684 secs] 7673K->6854K(10176K), 0.0011586 secs] [Times: user=0.00 sys=0.00, real=0.00 secs] 
2019-01-02T11:14:23.863+0530: 931.762: [GC (Allocation Failure) 2019-01-02T11:14:23.863+0530: 931.762: [DefNew
Desired survivor size 32768 bytes, new threshold 15 (max 15)
- age   2:        184 bytes,        184 total
- age   8:         16 bytes,        200 total
- age  14:         16 bytes,        216 total
: 896K->0K(960K), 0.0007766 secs] 7750K->7142K(10176K), 0.0009094 secs] [Times: user=0.00 sys=0.00, real=0.00 secs] 
2019-01-02T11:14:23.865+0530: 931.764: [GC (Allocation Failure) 2019-01-02T11:14:23.867+0530: 931.766: [DefNew
Desired survivor size 32768 bytes, new threshold 15 (max 15)
- age   3:        184 bytes,        184 total
- age   9:         16 bytes,        200 total
- age  15:         16 bytes,        216 total
: 896K->0K(960K), 0.0013313 secs] 8038K->7718K(10176K), 0.0028303 secs] [Times: user=0.00 sys=0.00, real=0.00 secs] 
2019-01-02T11:14:23.870+0530: 931.769: [GC (Allocation Failure) 2019-01-02T11:14:23.870+0530: 931.769: [DefNew
Desired survivor size 32768 bytes, new threshold 15 (max 15)
- age   1:         24 bytes,         24 total
- age   4:        184 bytes,        208 total
- age  10:         16 bytes,        224 total
: 533K->0K(960K), 0.0003780 secs] 8251K->7718K(10176K), 0.0004835 secs] [Times: user=0.00 sys=0.00, real=0.00 secs] 
2019-01-02T11:14:23.871+0530: 931.770: [GC (Allocation Failure) 2019-01-02T11:14:23.871+0530: 931.770: [DefNew
Desired survivor size 32768 bytes, new threshold 15 (max 15)
- age   2:         24 bytes,         24 total
- age   5:        184 bytes,        208 total
- age  11:         16 bytes,        224 total
: 520K->0K(960K), 0.0004886 secs] 8238K->8238K(10176K), 0.0005759 secs] [Times: user=0.00 sys=0.00, real=0.00 secs] 
2019-01-02T11:14:23.872+0530: 931.771: [GC (Allocation Failure) 2019-01-02T11:14:23.872+0530: 931.771: [DefNew
Desired survivor size 32768 bytes, new threshold 15 (max 15)
- age   1:         24 bytes,         24 total
- age   6:         72 bytes,         96 total
- age  12:         16 bytes,        112 total
: 538K->0K(960K), 0.0004670 secs] 8776K->8758K(10176K), 0.0005605 secs] [Times: user=0.00 sys=0.00, real=0.00 secs] 
2019-01-02T11:14:23.935+0530: 931.834: [GC (Allocation Failure) 2019-01-02T11:14:23.935+0530: 931.834: [DefNew: 891K->891K(960K), 0.0001106 secs]2019-01-02T11:14:23.935+0530: 931.834: [Tenured: 8758K->996K(9216K), 0.0084047 secs] 9650K->996K(10176K), [Metaspace: 2520K->2520K(1056768K)], 0.0089954 secs] [Times: user=0.02 sys=0.00, real=0.01 secs] 
2019-01-02T11:14:23.945+0530: 931.844: [GC (Allocation Failure) 2019-01-02T11:14:23.945+0530: 931.844: [DefNew
Desired survivor size 32768 bytes, new threshold 15 (max 15)
: 896K->0K(960K), 0.0009299 secs] 1892K->1284K(10176K), 0.0010816 secs] [Times: user=0.00 sys=0.00, real=0.00 secs] 
2019-01-02T11:14:23.947+0530: 931.846: [GC (Allocation Failure) 2019-01-02T11:14:23.947+0530: 931.846: [DefNew
Desired survivor size 32768 bytes, new threshold 15 (max 15)
: 896K->0K(960K), 0.0003449 secs] 2180K->1860K(10176K), 0.0004213 secs] [Times: user=0.00 sys=0.00, real=0.00 secs] 
2019-01-02T11:14:23.949+0530: 931.848: [GC (Allocation Failure) 2019-01-02T11:14:23.949+0530: 931.848: [DefNew
Desired survivor size 32768 bytes, new threshold 15 (max 15)
- age   1:         24 bytes,         24 total
: 533K->0K(960K), 0.0002286 secs] 2393K->1860K(10176K), 0.0002971 secs] [Times: user=0.00 sys=0.00, real=0.00 secs] 
2019-01-02T11:14:23.950+0530: 931.849: [GC (Allocation Failure) 2019-01-02T11:14:23.950+0530: 931.849: [DefNew
Desired survivor size 32768 bytes, new threshold 15 (max 15)
- age   2:         24 bytes,         24 total
: 520K->0K(960K), 0.0003381 secs] 2380K->2380K(10176K), 0.0004191 secs] [Times: user=0.00 sys=0.00, real=0.00 secs] 
2019-01-02T11:14:23.950+0530: 931.849: [GC (Allocation Failure) 2019-01-02T11:14:23.950+0530: 931.849: [DefNew
Desired survivor size 32768 bytes, new threshold 15 (max 15)
- age   1:         24 bytes,         24 total
: 538K->0K(960K), 0.0003164 secs] 2918K->2901K(10176K), 0.0003860 secs] [Times: user=0.00 sys=0.00, real=0.00 secs] 
2019-01-02T11:14:24.015+0530: 931.914: [GC (Allocation Failure) 2019-01-02T11:14:24.015+0530: 931.914: [DefNew
Desired survivor size 32768 bytes, new threshold 15 (max 15)
- age   1:        248 bytes,        248 total
: 891K->0K(960K), 0.0007777 secs] 3792K->2973K(10176K), 0.0009784 secs] [Times: user=0.00 sys=0.00, real=0.00 secs] 
2019-01-02T11:14:24.018+0530: 931.917: [GC (Allocation Failure) 2019-01-02T11:14:24.018+0530: 931.917: [DefNew
Desired survivor size 32768 bytes, new threshold 15 (max 15)
- age   2:        184 bytes,        184 total
: 896K->0K(960K), 0.0007207 secs] 3869K->3261K(10176K), 0.0008547 secs] [Times: user=0.00 sys=0.02, real=0.00 secs] 
2019-01-02T11:14:24.021+0530: 931.920: [GC (Allocation Failure) 2019-01-02T11:14:24.021+0530: 931.920: [DefNew
Desired survivor size 32768 bytes, new threshold 15 (max 15)
- age   3:        184 bytes,        184 total
: 896K->0K(960K), 0.0010200 secs] 4157K->3837K(10176K), 0.0012161 secs] [Times: user=0.00 sys=0.00, real=0.00 secs] 
2019-01-02T11:14:24.023+0530: 931.922: [GC (Allocation Failure) 2019-01-02T11:14:24.024+0530: 931.923: [DefNew
Desired survivor size 32768 bytes, new threshold 15 (max 15)
- age   1:         24 bytes,         24 total
- age   4:        184 bytes,        208 total
: 533K->0K(960K), 0.0004276 secs] 4370K->3837K(10176K), 0.0005605 secs] [Times: user=0.00 sys=0.00, real=0.00 secs] 
2019-01-02T11:14:24.025+0530: 931.924: [GC (Allocation Failure) 2019-01-02T11:14:24.025+0530: 931.924: [DefNew
Desired survivor size 32768 bytes, new threshold 15 (max 15)
- age   2:         24 bytes,         24 total
- age   5:        184 bytes,        208 total
: 520K->0K(960K), 0.0007908 secs] 4357K->4357K(10176K), 0.0010537 secs] [Times: user=0.00 sys=0.00, real=0.00 secs] 
2019-01-02T11:14:24.027+0530: 931.926: [GC (Allocation Failure) 2019-01-02T11:14:24.027+0530: 931.926: [DefNew
Desired survivor size 32768 bytes, new threshold 15 (max 15)
- age   1:         24 bytes,         24 total
- age   6:         72 bytes,         96 total
: 538K->0K(960K), 0.0004835 secs] 4895K->4878K(10176K), 0.0006580 secs] [Times: user=0.00 sys=0.00, real=0.00 secs] 
2019-01-02T11:14:24.089+0530: 931.988: [GC (Allocation Failure) 2019-01-02T11:14:24.089+0530: 931.988: [DefNew
Desired survivor size 32768 bytes, new threshold 15 (max 15)
- age   1:        248 bytes,        248 total
- age   7:         16 bytes,        264 total
: 891K->0K(960K), 0.0007332 secs] 5769K->4950K(10176K), 0.0011660 secs] [Times: user=0.00 sys=0.00, real=0.00 secs] 
2019-01-02T11:14:24.092+0530: 931.991: [GC (Allocation Failure) 2019-01-02T11:14:24.092+0530: 931.991: [DefNew
Desired survivor size 32768 bytes, new threshold 15 (max 15)
- age   2:        184 bytes,        184 total
- age   8:         16 bytes,        200 total
: 896K->0K(960K), 0.0009419 secs] 5846K->5238K(10176K), 0.0013074 secs] [Times: user=0.00 sys=0.00, real=0.00 secs] 
2019-01-02T11:14:24.095+0530: 931.994: [GC (Allocation Failure) 2019-01-02T11:14:24.095+0530: 931.994: [DefNew
Desired survivor size 32768 bytes, new threshold 15 (max 15)
- age   3:        184 bytes,        184 total
- age   9:         16 bytes,        200 total
: 896K->0K(960K), 0.0006340 secs] 6134K->5814K(10176K), 0.0007378 secs] [Times: user=0.00 sys=0.00, real=0.00 secs] 
2019-01-02T11:14:24.097+0530: 931.996: [GC (Allocation Failure) 2019-01-02T11:14:24.097+0530: 931.996: [DefNew
Desired survivor size 32768 bytes, new threshold 15 (max 15)
- age   1:         24 bytes,         24 total
- age   4:        184 bytes,        208 total
- age  10:         16 bytes,        224 total
: 533K->0K(960K), 0.0004652 secs] 6347K->5814K(10176K), 0.0005696 secs] [Times: user=0.00 sys=0.00, real=0.00 secs] 
2019-01-02T11:14:24.098+0530: 931.998: [GC (Allocation Failure) 2019-01-02T11:14:24.099+0530: 931.998: [DefNew
Desired survivor size 32768 bytes, new threshold 15 (max 15)
- age   2:         24 bytes,         24 total
- age   5:        184 bytes,        208 total
- age  11:         16 bytes,        224 total
: 520K->0K(960K), 0.0003763 secs] 6334K->6334K(10176K), 0.0004584 secs] [Times: user=0.00 sys=0.00, real=0.00 secs] 
2019-01-02T11:14:24.099+0530: 931.998: [GC (Allocation Failure) 2019-01-02T11:14:24.099+0530: 931.998: [DefNew
Desired survivor size 32768 bytes, new threshold 15 (max 15)
- age   1:         24 bytes,         24 total
- age   6:         72 bytes,         96 total
- age  12:         16 bytes,        112 total
: 538K->0K(960K), 0.0003404 secs] 6872K->6854K(10176K), 0.0004151 secs] [Times: user=0.00 sys=0.00, real=0.00 secs] 
2019-01-02T11:14:24.157+0530: 932.056: [GC (Allocation Failure) 2019-01-02T11:14:24.158+0530: 932.057: [DefNew
Desired survivor size 32768 bytes, new threshold 15 (max 15)
- age   1:        248 bytes,        248 total
- age   7:         16 bytes,        264 total
- age  13:         16 bytes,        280 total
: 891K->0K(960K), 0.0010092 secs] 7746K->6927K(10176K), 0.0012948 secs] [Times: user=0.02 sys=0.00, real=0.00 secs] 
2019-01-02T11:14:24.161+0530: 932.060: [GC (Allocation Failure) 2019-01-02T11:14:24.161+0530: 932.060: [DefNew
Desired survivor size 32768 bytes, new threshold 15 (max 15)
- age   2:        184 bytes,        184 total
- age   8:         16 bytes,        200 total
- age  14:         16 bytes,        216 total
: 896K->0K(960K), 0.0011124 secs] 7823K->7215K(10176K), 0.0014807 secs] [Times: user=0.00 sys=0.00, real=0.00 secs] 
2019-01-02T11:14:24.164+0530: 932.064: [GC (Allocation Failure) 2019-01-02T11:14:24.165+0530: 932.064: [DefNew
Desired survivor size 32768 bytes, new threshold 15 (max 15)
- age   3:        184 bytes,        184 total
- age   9:         16 bytes,        200 total
- age  15:         16 bytes,        216 total
: 896K->0K(960K), 0.0008119 secs] 8111K->7791K(10176K), 0.0009807 secs] [Times: user=0.00 sys=0.00, real=0.00 secs] 
2019-01-02T11:14:24.167+0530: 932.066: [GC (Allocation Failure) 2019-01-02T11:14:24.167+0530: 932.066: [DefNew
Desired survivor size 32768 bytes, new threshold 15 (max 15)
- age   1:         24 bytes,         24 total
- age   4:        184 bytes,        208 total
- age  10:         16 bytes,        224 total
: 533K->0K(960K), 0.0004065 secs] 8324K->7791K(10176K), 0.0004858 secs] [Times: user=0.00 sys=0.00, real=0.00 secs] 
2019-01-02T11:14:24.168+0530: 932.067: [GC (Allocation Failure) 2019-01-02T11:14:24.168+0530: 932.067: [DefNew
Desired survivor size 32768 bytes, new threshold 15 (max 15)
- age   2:         24 bytes,         24 total
- age   5:        184 bytes,        208 total
- age  11:         16 bytes,        224 total
: 520K->0K(960K), 0.0003672 secs] 8311K->8311K(10176K), 0.0004550 secs] [Times: user=0.00 sys=0.00, real=0.00 secs] 
2019-01-02T11:14:24.169+0530: 932.068: [GC (Allocation Failure) 2019-01-02T11:14:24.169+0530: 932.068: [DefNew
Desired survivor size 32768 bytes, new threshold 15 (max 15)
- age   1:         24 bytes,         24 total
- age   6:         72 bytes,         96 total
- age  12:         16 bytes,        112 total
: 538K->0K(960K), 0.0003318 secs] 8849K->8831K(10176K), 0.0004122 secs] [Times: user=0.00 sys=0.00, real=0.00 secs] 
2019-01-02T11:14:24.247+0530: 932.146: [GC (Allocation Failure) 2019-01-02T11:14:24.247+0530: 932.146: [DefNew: 891K->891K(960K), 0.0001009 secs]2019-01-02T11:14:24.247+0530: 932.146: [Tenured: 8831K->1068K(9216K), 0.0079366 secs] 9723K->1068K(10176K), [Metaspace: 2520K->2520K(1056768K)], 0.0083853 secs] [Times: user=0.01 sys=0.00, real=0.01 secs] 
2019-01-02T11:14:24.257+0530: 932.156: [GC (Allocation Failure) 2019-01-02T11:14:24.257+0530: 932.156: [DefNew
Desired survivor size 32768 bytes, new threshold 15 (max 15)
: 896K->0K(960K), 0.0004601 secs] 1964K->1356K(10176K), 0.0005747 secs] [Times: user=0.00 sys=0.00, real=0.00 secs] 
2019-01-02T11:14:24.259+0530: 932.158: [GC (Allocation Failure) 2019-01-02T11:14:24.259+0530: 932.158: [DefNew
Desired survivor size 32768 bytes, new threshold 15 (max 15)
: 896K->0K(960K), 0.0027727 secs] 2252K->1932K(10176K), 0.0029523 secs] [Times: user=0.00 sys=0.00, real=0.00 secs] 
2019-01-02T11:14:24.264+0530: 932.163: [GC (Allocation Failure) 2019-01-02T11:14:24.264+0530: 932.163: [DefNew
Desired survivor size 32768 bytes, new threshold 15 (max 15)
- age   1:         24 bytes,         24 total
: 533K->0K(960K), 0.0007389 secs] 2465K->1932K(10176K), 0.0010217 secs] [Times: user=0.00 sys=0.00, real=0.00 secs] 
2019-01-02T11:14:24.265+0530: 932.164: [GC (Allocation Failure) 2019-01-02T11:14:24.265+0530: 932.164: [DefNew
Desired survivor size 32768 bytes, new threshold 15 (max 15)
- age   2:         24 bytes,         24 total
: 520K->0K(960K), 0.0005901 secs] 2453K->2453K(10176K), 0.0006956 secs] [Times: user=0.00 sys=0.00, real=0.00 secs] 
2019-01-02T11:14:24.270+0530: 932.169: [GC (Allocation Failure) 2019-01-02T11:14:24.270+0530: 932.169: [DefNew
Desired survivor size 32768 bytes, new threshold 15 (max 15)
- age   1:         24 bytes,         24 total
: 538K->0K(960K), 0.0005913 secs] 2991K->2973K(10176K), 0.0007355 secs] [Times: user=0.00 sys=0.00, real=0.00 secs] 
2019-01-02T11:14:24.370+0530: 932.269: [GC (Allocation Failure) 2019-01-02T11:14:24.370+0530: 932.269: [DefNew
Desired survivor size 32768 bytes, new threshold 15 (max 15)
- age   1:        248 bytes,        248 total
: 891K->0K(960K), 0.0008849 secs] 3865K->3045K(10176K), 0.0013735 secs] [Times: user=0.00 sys=0.00, real=0.00 secs] 
2019-01-02T11:14:24.373+0530: 932.272: [GC (Allocation Failure) 2019-01-02T11:14:24.373+0530: 932.272: [DefNew
Desired survivor size 32768 bytes, new threshold 15 (max 15)
- age   2:        184 bytes,        184 total
: 896K->0K(960K), 0.0003256 secs] 3941K->3333K(10176K), 0.0003980 secs] [Times: user=0.00 sys=0.00, real=0.00 secs] 
2019-01-02T11:14:24.375+0530: 932.274: [GC (Allocation Failure) 2019-01-02T11:14:24.375+0530: 932.274: [DefNew
Desired survivor size 32768 bytes, new threshold 15 (max 15)
- age   3:        184 bytes,        184 total
: 896K->0K(960K), 0.0003341 secs] 4229K->3909K(10176K), 0.0003894 secs] [Times: user=0.00 sys=0.00, real=0.00 secs] 
2019-01-02T11:14:24.377+0530: 932.276: [GC (Allocation Failure) 2019-01-02T11:14:24.377+0530: 932.276: [DefNew
Desired survivor size 32768 bytes, new threshold 15 (max 15)
- age   1:         24 bytes,         24 total
- age   4:        184 bytes,        208 total
: 533K->0K(960K), 0.0002742 secs] 4443K->3909K(10176K), 0.0003392 secs] [Times: user=0.00 sys=0.00, real=0.00 secs] 
2019-01-02T11:14:24.378+0530: 932.277: [GC (Allocation Failure) 2019-01-02T11:14:24.378+0530: 932.277: [DefNew
Desired survivor size 32768 bytes, new threshold 15 (max 15)
- age   2:         24 bytes,         24 total
- age   5:        184 bytes,        208 total
: 520K->0K(960K), 0.0007686 secs] 4430K->4430K(10176K), 0.0009926 secs] [Times: user=0.00 sys=0.00, real=0.00 secs] 
2019-01-02T11:14:24.380+0530: 932.279: [GC (Allocation Failure) 2019-01-02T11:14:24.380+0530: 932.279: [DefNew
Desired survivor size 32768 bytes, new threshold 15 (max 15)
- age   1:         24 bytes,         24 total
- age   6:         72 bytes,         96 total
: 538K->0K(960K), 0.0009881 secs] 4968K->4950K(10176K), 0.0011323 secs] [Times: user=0.00 sys=0.00, real=0.00 secs] 
2019-01-02T11:14:24.463+0530: 932.362: [GC (Allocation Failure) 2019-01-02T11:14:24.463+0530: 932.362: [DefNew
Desired survivor size 32768 bytes, new threshold 15 (max 15)
- age   1:        248 bytes,        248 total
- age   7:         16 bytes,        264 total
: 891K->0K(960K), 0.0012760 secs] 5842K->5022K(10176K), 0.0015868 secs] [Times: user=0.00 sys=0.00, real=0.00 secs] 
2019-01-02T11:14:24.467+0530: 932.366: [GC (Allocation Failure) 2019-01-02T11:14:24.467+0530: 932.366: [DefNew
Desired survivor size 32768 bytes, new threshold 15 (max 15)
- age   2:        184 bytes,        184 total
- age   8:         16 bytes,        200 total
: 896K->0K(960K), 0.0005274 secs] 5918K->5310K(10176K), 0.0007252 secs] [Times: user=0.00 sys=0.00, real=0.00 secs] 
2019-01-02T11:14:24.469+0530: 932.368: [GC (Allocation Failure) 2019-01-02T11:14:24.469+0530: 932.368: [DefNew
Desired survivor size 32768 bytes, new threshold 15 (max 15)
- age   3:        184 bytes,        184 total
- age   9:         16 bytes,        200 total
: 896K->0K(960K), 0.0010748 secs] 6206K->5886K(10176K), 0.0012777 secs] [Times: user=0.00 sys=0.00, real=0.00 secs] 
2019-01-02T11:14:24.471+0530: 932.370: [GC (Allocation Failure) 2019-01-02T11:14:24.471+0530: 932.370: [DefNew
Desired survivor size 32768 bytes, new threshold 15 (max 15)
- age   1:         24 bytes,         24 total
- age   4:        184 bytes,        208 total
- age  10:         16 bytes,        224 total
: 533K->0K(960K), 0.0002446 secs] 6420K->5886K(10176K), 0.0003136 secs] [Times: user=0.00 sys=0.00, real=0.00 secs] 
2019-01-02T11:14:24.472+0530: 932.371: [GC (Allocation Failure) 2019-01-02T11:14:24.472+0530: 932.371: [DefNew
Desired survivor size 32768 bytes, new threshold 15 (max 15)
- age   2:         24 bytes,         24 total
- age   5:        184 bytes,        208 total
- age  11:         16 bytes,        224 total
: 520K->0K(960K), 0.0003085 secs] 6407K->6407K(10176K), 0.0003592 secs] [Times: user=0.00 sys=0.00, real=0.00 secs] 
2019-01-02T11:14:24.472+0530: 932.371: [GC (Allocation Failure) 2019-01-02T11:14:24.472+0530: 932.371: [DefNew
Desired survivor size 32768 bytes, new threshold 15 (max 15)
- age   1:         24 bytes,         24 total
- age   6:         72 bytes,         96 total
- age  12:         16 bytes,        112 total
: 538K->0K(960K), 0.0003010 secs] 6945K->6927K(10176K), 0.0003501 secs] [Times: user=0.00 sys=0.00, real=0.00 secs] 
2019-01-02T11:14:24.535+0530: 932.434: [GC (Allocation Failure) 2019-01-02T11:14:24.535+0530: 932.434: [DefNew
Desired survivor size 32768 bytes, new threshold 15 (max 15)
- age   1:        248 bytes,        248 total
- age   7:         16 bytes,        264 total
- age  13:         16 bytes,        280 total
: 892K->0K(960K), 0.0007019 secs] 7819K->6999K(10176K), 0.0010240 secs] [Times: user=0.00 sys=0.00, real=0.00 secs] 
2019-01-02T11:14:24.537+0530: 932.436: [GC (Allocation Failure) 2019-01-02T11:14:24.537+0530: 932.436: [DefNew
Desired survivor size 32768 bytes, new threshold 15 (max 15)
- age   2:        184 bytes,        184 total
- age   8:         16 bytes,        200 total
- age  14:         16 bytes,        216 total
: 896K->0K(960K), 0.0010599 secs] 7895K->7287K(10176K), 0.0012447 secs] [Times: user=0.00 sys=0.00, real=0.00 secs] 
2019-01-02T11:14:24.540+0530: 932.439: [GC (Allocation Failure) 2019-01-02T11:14:24.540+0530: 932.439: [DefNew
Desired survivor size 32768 bytes, new threshold 15 (max 15)
- age   3:        184 bytes,        184 total
- age   9:         16 bytes,        200 total
- age  15:         16 bytes,        216 total
: 896K->0K(960K), 0.0009658 secs] 8183K->7863K(10176K), 0.0013325 secs] [Times: user=0.00 sys=0.00, real=0.00 secs] 
2019-01-02T11:14:24.543+0530: 932.442: [GC (Allocation Failure) 2019-01-02T11:14:24.543+0530: 932.442: [DefNew
Desired survivor size 32768 bytes, new threshold 15 (max 15)
- age   1:         24 bytes,         24 total
- age   4:        184 bytes,        208 total
- age  10:         16 bytes,        224 total
: 533K->0K(960K), 0.0002606 secs] 8397K->7863K(10176K), 0.0003216 secs] [Times: user=0.00 sys=0.00, real=0.00 secs] 
2019-01-02T11:14:24.543+0530: 932.443: [GC (Allocation Failure) 2019-01-02T11:14:24.543+0530: 932.443: [DefNew
Desired survivor size 32768 bytes, new threshold 15 (max 15)
- age   2:         24 bytes,         24 total
- age   5:        184 bytes,        208 total
- age  11:         16 bytes,        224 total
: 520K->0K(960K), 0.0003221 secs] 8384K->8384K(10176K), 0.0003735 secs] [Times: user=0.00 sys=0.00, real=0.00 secs] 
2019-01-02T11:14:24.544+0530: 932.443: [GC (Allocation Failure) 2019-01-02T11:14:24.544+0530: 932.443: [DefNew
Desired survivor size 32768 bytes, new threshold 15 (max 15)
- age   1:         24 bytes,         24 total
- age   6:         72 bytes,         96 total
- age  12:         16 bytes,        112 total
: 538K->0K(960K), 0.0003073 secs] 8922K->8904K(10176K), 0.0003598 secs] [Times: user=0.00 sys=0.00, real=0.00 secs] 
2019-01-02T11:14:24.600+0530: 932.499: [GC (Allocation Failure) 2019-01-02T11:14:24.600+0530: 932.499: [DefNew: 892K->892K(960K), 0.0000336 secs]2019-01-02T11:14:24.600+0530: 932.500: [Tenured: 8904K->852K(9216K), 0.0077775 secs] 9796K->852K(10176K), [Metaspace: 2520K->2520K(1056768K)], 0.0080204 secs] [Times: user=0.00 sys=0.00, real=0.01 secs] 
2019-01-02T11:14:24.610+0530: 932.509: [GC (Allocation Failure) 2019-01-02T11:14:24.610+0530: 932.509: [DefNew
Desired survivor size 32768 bytes, new threshold 15 (max 15)
: 896K->0K(960K), 0.0003210 secs] 1748K->1140K(10176K), 0.0004111 secs] [Times: user=0.00 sys=0.00, real=0.00 secs] 
2019-01-02T11:14:24.611+0530: 932.510: [GC (Allocation Failure) 2019-01-02T11:14:24.611+0530: 932.510: [DefNew
Desired survivor size 32768 bytes, new threshold 15 (max 15)
: 896K->0K(960K), 0.0003307 secs] 2036K->1716K(10176K), 0.0004025 secs] [Times: user=0.02 sys=0.00, real=0.00 secs] 
2019-01-02T11:14:24.613+0530: 932.512: [GC (Allocation Failure) 2019-01-02T11:14:24.613+0530: 932.512: [DefNew
Desired survivor size 32768 bytes, new threshold 15 (max 15)
- age   1:         24 bytes,         24 total
: 533K->0K(960K), 0.0004841 secs] 2249K->1716K(10176K), 0.0007167 secs] [Times: user=0.00 sys=0.00, real=0.00 secs] 
2019-01-02T11:14:24.614+0530: 932.513: [GC (Allocation Failure) 2019-01-02T11:14:24.614+0530: 932.513: [DefNew
Desired survivor size 32768 bytes, new threshold 15 (max 15)
- age   2:         24 bytes,         24 total
: 520K->0K(960K), 0.0006813 secs] 2236K->2236K(10176K), 0.0008170 secs] [Times: user=0.00 sys=0.00, real=0.00 secs] 
2019-01-02T11:14:24.615+0530: 932.515: [GC (Allocation Failure) 2019-01-02T11:14:24.616+0530: 932.515: [DefNew
Desired survivor size 32768 bytes, new threshold 15 (max 15)
- age   1:         24 bytes,         24 total
: 538K->0K(960K), 0.0004772 secs] 2774K->2757K(10176K), 0.0005724 secs] [Times: user=0.00 sys=0.00, real=0.00 secs] 
2019-01-02T11:14:24.674+0530: 932.573: [GC (Allocation Failure) 2019-01-02T11:14:24.674+0530: 932.573: [DefNew
Desired survivor size 32768 bytes, new threshold 15 (max 15)
- age   1:        248 bytes,        248 total
: 891K->0K(960K), 0.0007920 secs] 3649K->2829K(10176K), 0.0011665 secs] [Times: user=0.00 sys=0.00, real=0.00 secs] 
2019-01-02T11:14:24.677+0530: 932.576: [GC (Allocation Failure) 2019-01-02T11:14:24.677+0530: 932.576: [DefNew
Desired survivor size 32768 bytes, new threshold 15 (max 15)
- age   2:        184 bytes,        184 total
: 896K->0K(960K), 0.0010075 secs] 3725K->3117K(10176K), 0.0012104 secs] [Times: user=0.00 sys=0.00, real=0.00 secs] 
2019-01-02T11:14:24.680+0530: 932.579: [GC (Allocation Failure) 2019-01-02T11:14:24.680+0530: 932.579: [DefNew
Desired survivor size 32768 bytes, new threshold 15 (max 15)
- age   3:        184 bytes,        184 total
: 896K->0K(960K), 0.0014767 secs] 4013K->3693K(10176K), 0.0016478 secs] [Times: user=0.00 sys=0.00, real=0.00 secs] 
2019-01-02T11:14:24.683+0530: 932.582: [GC (Allocation Failure) 2019-01-02T11:14:24.684+0530: 932.582: [DefNew
Desired survivor size 32768 bytes, new threshold 15 (max 15)
- age   1:         24 bytes,         24 total
- age   4:        184 bytes,        208 total
: 533K->0K(960K), 0.0005719 secs] 4226K->3693K(10176K), 0.0008062 secs] [Times: user=0.00 sys=0.00, real=0.00 secs] 
2019-01-02T11:14:24.685+0530: 932.583: [GC (Allocation Failure) 2019-01-02T11:14:24.685+0530: 932.583: [DefNew
Desired survivor size 32768 bytes, new threshold 15 (max 15)
- age   2:         24 bytes,         24 total
- age   5:        184 bytes,        208 total
: 520K->0K(960K), 0.0008256 secs] 4213K->4213K(10176K), 0.0009231 secs] [Times: user=0.00 sys=0.00, real=0.00 secs] 
2019-01-02T11:14:24.686+0530: 932.585: [GC (Allocation Failure) 2019-01-02T11:14:24.686+0530: 932.585: [DefNew
Desired survivor size 32768 bytes, new threshold 15 (max 15)
- age   1:         24 bytes,         24 total
- age   6:         72 bytes,         96 total
: 538K->0K(960K), 0.0003136 secs] 4752K->4734K(10176K), 0.0003672 secs] [Times: user=0.00 sys=0.00, real=0.00 secs] 
2019-01-02T11:14:24.753+0530: 932.652: [GC (Allocation Failure) 2019-01-02T11:14:24.754+0530: 932.652: [DefNew
Desired survivor size 32768 bytes, new threshold 15 (max 15)
- age   1:        248 bytes,        248 total
- age   7:         16 bytes,        264 total
: 892K->0K(960K), 0.0011768 secs] 5626K->4806K(10176K), 0.0015200 secs] [Times: user=0.00 sys=0.00, real=0.00 secs] 
2019-01-02T11:14:24.756+0530: 932.655: [GC (Allocation Failure) 2019-01-02T11:14:24.756+0530: 932.655: [DefNew
Desired survivor size 32768 bytes, new threshold 15 (max 15)
- age   2:        184 bytes,        184 total
- age   8:         16 bytes,        200 total
: 896K->0K(960K), 0.0003273 secs] 5702K->5094K(10176K), 0.0004088 secs] [Times: user=0.00 sys=0.00, real=0.00 secs] 
2019-01-02T11:14:24.758+0530: 932.656: [GC (Allocation Failure) 2019-01-02T11:14:24.758+0530: 932.656: [DefNew
Desired survivor size 32768 bytes, new threshold 15 (max 15)
- age   3:        184 bytes,        184 total
- age   9:         16 bytes,        200 total
: 896K->0K(960K), 0.0003501 secs] 5990K->5670K(10176K), 0.0004265 secs] [Times: user=0.00 sys=0.00, real=0.00 secs] 
2019-01-02T11:14:24.759+0530: 932.658: [GC (Allocation Failure) 2019-01-02T11:14:24.759+0530: 932.658: [DefNew
Desired survivor size 32768 bytes, new threshold 15 (max 15)
- age   1:         24 bytes,         24 total
- age   4:        184 bytes,        208 total
- age  10:         16 bytes,        224 total
: 533K->0K(960K), 0.0002315 secs] 6203K->5670K(10176K), 0.0003016 secs] [Times: user=0.00 sys=0.00, real=0.00 secs] 
2019-01-02T11:14:24.760+0530: 932.658: [GC (Allocation Failure) 2019-01-02T11:14:24.760+0530: 932.658: [DefNew
Desired survivor size 32768 bytes, new threshold 15 (max 15)
- age   2:         24 bytes,         24 total
- age   5:        184 bytes,        208 total
- age  11:         16 bytes,        224 total
: 520K->0K(960K), 0.0003261 secs] 6191K->6191K(10176K), 0.0003934 secs] [Times: user=0.00 sys=0.00, real=0.00 secs] 
2019-01-02T11:14:24.760+0530: 932.659: [GC (Allocation Failure) 2019-01-02T11:14:24.760+0530: 932.659: [DefNew
Desired survivor size 32768 bytes, new threshold 15 (max 15)
- age   1:         24 bytes,         24 total
- age   6:         72 bytes,         96 total
- age  12:         16 bytes,        112 total
: 538K->0K(960K), 0.0003085 secs] 6729K->6711K(10176K), 0.0003603 secs] [Times: user=0.00 sys=0.00, real=0.00 secs] 
2019-01-02T11:14:24.821+0530: 932.719: [GC (Allocation Failure) 2019-01-02T11:14:24.821+0530: 932.720: [DefNew
Desired survivor size 32768 bytes, new threshold 15 (max 15)
- age   1:        248 bytes,        248 total
- age   7:         16 bytes,        264 total
- age  13:         16 bytes,        280 total
: 892K->0K(960K), 0.0011603 secs] 7603K->6783K(10176K), 0.0015069 secs] [Times: user=0.00 sys=0.00, real=0.00 secs] 
2019-01-02T11:14:24.825+0530: 932.723: [GC (Allocation Failure) 2019-01-02T11:14:24.825+0530: 932.723: [DefNew
Desired survivor size 32768 bytes, new threshold 15 (max 15)
- age   2:        184 bytes,        184 total
- age   8:         16 bytes,        200 total
- age  14:         16 bytes,        216 total
: 896K->0K(960K), 0.0008798 secs] 7679K->7071K(10176K), 0.0011466 secs] [Times: user=0.00 sys=0.00, real=0.00 secs] 
2019-01-02T11:14:24.827+0530: 932.726: [GC (Allocation Failure) 2019-01-02T11:14:24.827+0530: 932.726: [DefNew
Desired survivor size 32768 bytes, new threshold 15 (max 15)
- age   3:        184 bytes,        184 total
- age   9:         16 bytes,        200 total
- age  15:         16 bytes,        216 total
: 896K->0K(960K), 0.0007657 secs] 7967K->7647K(10176K), 0.0009459 secs] [Times: user=0.00 sys=0.00, real=0.00 secs] 
2019-01-02T11:14:24.830+0530: 932.728: [GC (Allocation Failure) 2019-01-02T11:14:24.830+0530: 932.728: [DefNew
Desired survivor size 32768 bytes, new threshold 15 (max 15)
- age   1:         24 bytes,         24 total
- age   4:        184 bytes,        208 total
- age  10:         16 bytes,        224 total
: 533K->0K(960K), 0.0002680 secs] 8181K->7647K(10176K), 0.0003455 secs] [Times: user=0.00 sys=0.00, real=0.00 secs] 
2019-01-02T11:14:24.831+0530: 932.729: [GC (Allocation Failure) 2019-01-02T11:14:24.831+0530: 932.730: [DefNew
Desired survivor size 32768 bytes, new threshold 15 (max 15)
- age   2:         24 bytes,         24 total
- age   5:        184 bytes,        208 total
- age  11:         16 bytes,        224 total
: 520K->0K(960K), 0.0013222 secs] 8168K->8168K(10176K), 0.0015617 secs] [Times: user=0.00 sys=0.00, real=0.00 secs] 
2019-01-02T11:14:24.833+0530: 932.732: [GC (Allocation Failure) 2019-01-02T11:14:24.833+0530: 932.732: [DefNew
Desired survivor size 32768 bytes, new threshold 15 (max 15)
- age   1:         24 bytes,         24 total
- age   6:         72 bytes,         96 total
- age  12:         16 bytes,        112 total
: 538K->0K(960K), 0.0007093 secs] 8706K->8688K(10176K), 0.0008130 secs] [Times: user=0.00 sys=0.00, real=0.00 secs] 
2019-01-02T11:14:24.893+0530: 932.792: [GC (Allocation Failure) 2019-01-02T11:14:24.893+0530: 932.792: [DefNew: 892K->892K(960K), 0.0001163 secs]2019-01-02T11:14:24.894+0530: 932.792: [Tenured: 8688K->924K(9216K), 0.0088061 secs] 9580K->924K(10176K), [Metaspace: 2520K->2520K(1056768K)], 0.0094053 secs] [Times: user=0.00 sys=0.00, real=0.01 secs] 
2019-01-02T11:14:24.904+0530: 932.803: [GC (Allocation Failure) 2019-01-02T11:14:24.904+0530: 932.803: [DefNew
Desired survivor size 32768 bytes, new threshold 15 (max 15)
: 896K->0K(960K), 0.0003107 secs] 1820K->1212K(10176K), 0.0003968 secs] [Times: user=0.00 sys=0.00, real=0.00 secs] 
2019-01-02T11:14:24.905+0530: 932.804: [GC (Allocation Failure) 2019-01-02T11:14:24.905+0530: 932.804: [DefNew
Desired survivor size 32768 bytes, new threshold 15 (max 15)
: 896K->0K(960K), 0.0003159 secs] 2108K->1788K(10176K), 0.0003706 secs] [Times: user=0.00 sys=0.00, real=0.00 secs] 
2019-01-02T11:14:24.907+0530: 932.805: [GC (Allocation Failure) 2019-01-02T11:14:24.907+0530: 932.805: [DefNew
Desired survivor size 32768 bytes, new threshold 15 (max 15)
- age   1:         24 bytes,         24 total
: 533K->0K(960K), 0.0002075 secs] 2321K->1788K(10176K), 0.0002571 secs] [Times: user=0.00 sys=0.00, real=0.00 secs] 
2019-01-02T11:14:24.907+0530: 932.806: [GC (Allocation Failure) 2019-01-02T11:14:24.907+0530: 932.806: [DefNew
Desired survivor size 32768 bytes, new threshold 15 (max 15)
- age   2:         24 bytes,         24 total
: 520K->0K(960K), 0.0003107 secs] 2308K->2308K(10176K), 0.0003632 secs] [Times: user=0.01 sys=0.00, real=0.00 secs] 
2019-01-02T11:14:24.908+0530: 932.807: [GC (Allocation Failure) 2019-01-02T11:14:24.908+0530: 932.807: [DefNew
Desired survivor size 32768 bytes, new threshold 15 (max 15)
- age   1:         24 bytes,         24 total
: 538K->0K(960K), 0.0003284 secs] 2847K->2829K(10176K), 0.0003985 secs] [Times: user=0.00 sys=0.00, real=0.00 secs] 
2019-01-02T11:14:24.966+0530: 932.865: [GC (Allocation Failure) 2019-01-02T11:14:24.966+0530: 932.865: [DefNew
Desired survivor size 32768 bytes, new threshold 15 (max 15)
- age   1:        248 bytes,        248 total
: 892K->0K(960K), 0.0004858 secs] 3721K->2901K(10176K), 0.0009185 secs] [Times: user=0.00 sys=0.00, real=0.00 secs] 
2019-01-02T11:14:24.969+0530: 932.867: [GC (Allocation Failure) 2019-01-02T11:14:24.969+0530: 932.867: [DefNew
Desired survivor size 32768 bytes, new threshold 15 (max 15)
- age   2:        184 bytes,        184 total
: 896K->0K(960K), 0.0005656 secs] 3797K->3189K(10176K), 0.0006956 secs] [Times: user=0.00 sys=0.00, real=0.00 secs] 
2019-01-02T11:14:24.971+0530: 932.869: [GC (Allocation Failure) 2019-01-02T11:14:24.971+0530: 932.869: [DefNew
Desired survivor size 32768 bytes, new threshold 15 (max 15)
- age   3:        184 bytes,        184 total
: 896K->0K(960K), 0.0009505 secs] 4085K->3765K(10176K), 0.0010970 secs] [Times: user=0.00 sys=0.00, real=0.00 secs] 
2019-01-02T11:14:24.973+0530: 932.872: [GC (Allocation Failure) 2019-01-02T11:14:24.973+0530: 932.872: [DefNew
Desired survivor size 32768 bytes, new threshold 15 (max 15)
- age   1:         24 bytes,         24 total
- age   4:        184 bytes,        208 total
: 533K->0K(960K), 0.0002668 secs] 4299K->3765K(10176K), 0.0003415 secs] [Times: user=0.00 sys=0.00, real=0.00 secs] 
2019-01-02T11:14:24.974+0530: 932.873: [GC (Allocation Failure) 2019-01-02T11:14:24.974+0530: 932.873: [DefNew
Desired survivor size 32768 bytes, new threshold 15 (max 15)
- age   2:         24 bytes,         24 total
- age   5:        184 bytes,        208 total
: 520K->0K(960K), 0.0003073 secs] 4286K->4286K(10176K), 0.0003626 secs] [Times: user=0.00 sys=0.00, real=0.00 secs] 
2019-01-02T11:14:24.975+0530: 932.873: [GC (Allocation Failure) 2019-01-02T11:14:24.975+0530: 932.873: [DefNew
Desired survivor size 32768 bytes, new threshold 15 (max 15)
- age   1:         24 bytes,         24 total
- age   6:         72 bytes,         96 total
: 538K->0K(960K), 0.0003045 secs] 4824K->4807K(10176K), 0.0003558 secs] [Times: user=0.00 sys=0.00, real=0.00 secs] 
2019-01-02T11:14:25.037+0530: 932.935: [GC (Allocation Failure) 2019-01-02T11:14:25.037+0530: 932.935: [DefNew
Desired survivor size 32768 bytes, new threshold 15 (max 15)
- age   1:        248 bytes,        248 total
- age   7:         16 bytes,        264 total
: 892K->0K(960K), 0.0005588 secs] 5699K->4879K(10176K), 0.0007475 secs] [Times: user=0.00 sys=0.00, real=0.00 secs] 
2019-01-02T11:14:25.039+0530: 932.938: [GC (Allocation Failure) 2019-01-02T11:14:25.039+0530: 932.938: [DefNew
Desired survivor size 32768 bytes, new threshold 15 (max 15)
- age   2:        184 bytes,        184 total
- age   8:         16 bytes,        200 total
: 896K->0K(960K), 0.0008552 secs] 5775K->5167K(10176K), 0.0010234 secs] [Times: user=0.00 sys=0.00, real=0.00 secs] 
2019-01-02T11:14:25.041+0530: 932.940: [GC (Allocation Failure) 2019-01-02T11:14:25.041+0530: 932.940: [DefNew
Desired survivor size 32768 bytes, new threshold 15 (max 15)
- age   3:        184 bytes,        184 total
- age   9:         16 bytes,        200 total
: 896K->0K(960K), 0.0012087 secs] 6063K->5743K(10176K), 0.0013650 secs] [Times: user=0.00 sys=0.00, real=0.00 secs] 
2019-01-02T11:14:25.044+0530: 932.943: [GC (Allocation Failure) 2019-01-02T11:14:25.044+0530: 932.943: [DefNew
Desired survivor size 32768 bytes, new threshold 15 (max 15)
- age   1:         24 bytes,         24 total
- age   4:        184 bytes,        208 total
- age  10:         16 bytes,        224 total
: 533K->0K(960K), 0.0007036 secs] 6276K->5743K(10176K), 0.0008530 secs] [Times: user=0.00 sys=0.00, real=0.00 secs] 
2019-01-02T11:14:25.046+0530: 932.945: [GC (Allocation Failure) 2019-01-02T11:14:25.046+0530: 932.945: [DefNew
Desired survivor size 32768 bytes, new threshold 15 (max 15)
- age   2:         24 bytes,         24 total
- age   5:        184 bytes,        208 total
- age  11:         16 bytes,        224 total
: 520K->0K(960K), 0.0003586 secs] 6263K->6263K(10176K), 0.0004402 secs] [Times: user=0.00 sys=0.00, real=0.00 secs] 
2019-01-02T11:14:25.047+0530: 932.945: [GC (Allocation Failure) 2019-01-02T11:14:25.047+0530: 932.945: [DefNew
Desired survivor size 32768 bytes, new threshold 15 (max 15)
- age   1:         24 bytes,         24 total
- age   6:         72 bytes,         96 total
- age  12:         16 bytes,        112 total
: 538K->0K(960K), 0.0003233 secs] 6802K->6784K(10176K), 0.0003946 secs] [Times: user=0.00 sys=0.00, real=0.00 secs] 
2019-01-02T11:14:25.105+0530: 933.004: [GC (Allocation Failure) 2019-01-02T11:14:25.105+0530: 933.004: [DefNew
Desired survivor size 32768 bytes, new threshold 15 (max 15)
- age   1:        248 bytes,        248 total
- age   7:         16 bytes,        264 total
- age  13:         16 bytes,        280 total
: 892K->0K(960K), 0.0011591 secs] 7676K->6856K(10176K), 0.0015714 secs] [Times: user=0.00 sys=0.00, real=0.00 secs] 
2019-01-02T11:14:25.108+0530: 933.007: [GC (Allocation Failure) 2019-01-02T11:14:25.108+0530: 933.007: [DefNew
Desired survivor size 32768 bytes, new threshold 15 (max 15)
- age   2:        184 bytes,        184 total
- age   8:         16 bytes,        200 total
- age  14:         16 bytes,        216 total
: 896K->0K(960K), 0.0012646 secs] 7752K->7144K(10176K), 0.0014915 secs] [Times: user=0.00 sys=0.00, real=0.00 secs] 
2019-01-02T11:14:25.111+0530: 933.010: [GC (Allocation Failure) 2019-01-02T11:14:25.111+0530: 933.010: [DefNew
Desired survivor size 32768 bytes, new threshold 15 (max 15)
- age   3:        184 bytes,        184 total
- age   9:         16 bytes,        200 total
- age  15:         16 bytes,        216 total
: 896K->0K(960K), 0.0006232 secs] 8040K->7720K(10176K), 0.0007549 secs] [Times: user=0.00 sys=0.00, real=0.00 secs] 
2019-01-02T11:14:25.114+0530: 933.012: [GC (Allocation Failure) 2019-01-02T11:14:25.114+0530: 933.012: [DefNew
Desired survivor size 32768 bytes, new threshold 15 (max 15)
- age   1:         24 bytes,         24 total
- age   4:        184 bytes,        208 total
- age  10:         16 bytes,        224 total
: 533K->0K(960K), 0.0002566 secs] 8253K->7720K(10176K), 0.0003387 secs] [Times: user=0.00 sys=0.00, real=0.00 secs] 
2019-01-02T11:14:25.114+0530: 933.013: [GC (Allocation Failure) 2019-01-02T11:14:25.114+0530: 933.013: [DefNew
Desired survivor size 32768 bytes, new threshold 15 (max 15)
- age   2:         24 bytes,         24 total
- age   5:        184 bytes,        208 total
- age  11:         16 bytes,        224 total
: 520K->0K(960K), 0.0004430 secs] 8241K->8241K(10176K), 0.0005331 secs] [Times: user=0.00 sys=0.00, real=0.00 secs] 
2019-01-02T11:14:25.116+0530: 933.014: [GC (Allocation Failure) 2019-01-02T11:14:25.116+0530: 933.015: [DefNew
Desired survivor size 32768 bytes, new threshold 15 (max 15)
- age   1:         24 bytes,         24 total
- age   6:         72 bytes,         96 total
- age  12:         16 bytes,        112 total
: 538K->0K(960K), 0.0008684 secs] 8779K->8761K(10176K), 0.0010662 secs] [Times: user=0.00 sys=0.00, real=0.00 secs] 
2019-01-02T11:14:25.172+0530: 933.071: [GC (Allocation Failure) 2019-01-02T11:14:25.172+0530: 933.071: [DefNew: 892K->892K(960K), 0.0001368 secs]2019-01-02T11:14:25.172+0530: 933.071: [Tenured: 8761K->996K(9216K), 0.0087006 secs] 9653K->996K(10176K), [Metaspace: 2520K->2520K(1056768K)], 0.0091288 secs] [Times: user=0.00 sys=0.00, real=0.01 secs] 
2019-01-02T11:14:25.183+0530: 933.081: [GC (Allocation Failure) 2019-01-02T11:14:25.183+0530: 933.082: [DefNew
Desired survivor size 32768 bytes, new threshold 15 (max 15)
: 896K->0K(960K), 0.0008581 secs] 1892K->1284K(10176K), 0.0011044 secs] [Times: user=0.00 sys=0.00, real=0.00 secs] 
2019-01-02T11:14:25.185+0530: 933.084: [GC (Allocation Failure) 2019-01-02T11:14:25.185+0530: 933.084: [DefNew
Desired survivor size 32768 bytes, new threshold 15 (max 15)
: 896K->0K(960K), 0.0008741 secs] 2180K->1860K(10176K), 0.0010217 secs] [Times: user=0.00 sys=0.00, real=0.00 secs] 
2019-01-02T11:14:25.188+0530: 933.086: [GC (Allocation Failure) 2019-01-02T11:14:25.188+0530: 933.086: [DefNew
Desired survivor size 32768 bytes, new threshold 15 (max 15)
- age   1:         24 bytes,         24 total
: 533K->0K(960K), 0.0003067 secs] 2393K->1860K(10176K), 0.0004065 secs] [Times: user=0.00 sys=0.00, real=0.00 secs] 
2019-01-02T11:14:25.188+0530: 933.087: [GC (Allocation Failure) 2019-01-02T11:14:25.189+0530: 933.087: [DefNew
Desired survivor size 32768 bytes, new threshold 15 (max 15)
- age   2:         24 bytes,         24 total
: 520K->0K(960K), 0.0003267 secs] 2381K->2381K(10176K), 0.0004060 secs] [Times: user=0.02 sys=0.00, real=0.00 secs] 
2019-01-02T11:14:25.189+0530: 933.088: [GC (Allocation Failure) 2019-01-02T11:14:25.189+0530: 933.088: [DefNew
Desired survivor size 32768 bytes, new threshold 15 (max 15)
- age   1:         24 bytes,         24 total
: 538K->0K(960K), 0.0003392 secs] 2919K->2902K(10176K), 0.0004134 secs] [Times: user=0.00 sys=0.00, real=0.00 secs] 
2019-01-02T11:14:25.248+0530: 933.146: [GC (Allocation Failure) 2019-01-02T11:14:25.248+0530: 933.146: [DefNew
Desired survivor size 32768 bytes, new threshold 15 (max 15)
- age   1:        248 bytes,        248 total
: 892K->0K(960K), 0.0007024 secs] 3794K->2974K(10176K), 0.0010063 secs] [Times: user=0.00 sys=0.00, real=0.00 secs] 
2019-01-02T11:14:25.251+0530: 933.150: [GC (Allocation Failure) 2019-01-02T11:14:25.251+0530: 933.150: [DefNew
Desired survivor size 32768 bytes, new threshold 15 (max 15)
- age   2:        184 bytes,        184 total
: 896K->0K(960K), 0.0007144 secs] 3870K->3262K(10176K), 0.0010155 secs] [Times: user=0.00 sys=0.00, real=0.00 secs] 
2019-01-02T11:14:25.254+0530: 933.152: [GC (Allocation Failure) 2019-01-02T11:14:25.254+0530: 933.153: [DefNew
Desired survivor size 32768 bytes, new threshold 15 (max 15)
- age   3:        184 bytes,        184 total
: 896K->0K(960K), 0.0009316 secs] 4158K->3838K(10176K), 0.0011734 secs] [Times: user=0.00 sys=0.00, real=0.00 secs] 
2019-01-02T11:14:25.256+0530: 933.155: [GC (Allocation Failure) 2019-01-02T11:14:25.256+0530: 933.155: [DefNew
Desired survivor size 32768 bytes, new threshold 15 (max 15)
- age   1:         24 bytes,         24 total
- age   4:        184 bytes,        208 total
: 533K->0K(960K), 0.0006032 secs] 4371K->3838K(10176K), 0.0007304 secs] [Times: user=0.00 sys=0.00, real=0.00 secs] 
2019-01-02T11:14:25.258+0530: 933.157: [GC (Allocation Failure) 2019-01-02T11:14:25.258+0530: 933.157: [DefNew
Desired survivor size 32768 bytes, new threshold 15 (max 15)
- age   2:         24 bytes,         24 total
- age   5:        184 bytes,        208 total
: 520K->0K(960K), 0.0003552 secs] 4358K->4358K(10176K), 0.0004385 secs] [Times: user=0.00 sys=0.00, real=0.00 secs] 
2019-01-02T11:14:25.259+0530: 933.158: [GC (Allocation Failure) 2019-01-02T11:14:25.259+0530: 933.158: [DefNew
Desired survivor size 32768 bytes, new threshold 15 (max 15)
- age   1:         24 bytes,         24 total
- age   6:         72 bytes,         96 total
: 538K->0K(960K), 0.0003244 secs] 4897K->4879K(10176K), 0.0004077 secs] [Times: user=0.00 sys=0.00, real=0.00 secs] 
2019-01-02T11:14:25.339+0530: 933.238: [GC (Allocation Failure) 2019-01-02T11:14:25.339+0530: 933.238: [DefNew
Desired survivor size 32768 bytes, new threshold 15 (max 15)
- age   1:        248 bytes,        248 total
- age   7:         16 bytes,        264 total
: 892K->0K(960K), 0.0008951 secs] 5771K->4951K(10176K), 0.0010776 secs] [Times: user=0.00 sys=0.00, real=0.00 secs] 
2019-01-02T11:14:25.342+0530: 933.241: [GC (Allocation Failure) 2019-01-02T11:14:25.342+0530: 933.241: [DefNew
Desired survivor size 32768 bytes, new threshold 15 (max 15)
- age   2:        184 bytes,        184 total
- age   8:         16 bytes,        200 total
: 896K->0K(960K), 0.0011158 secs] 5847K->5239K(10176K), 0.0014277 secs] [Times: user=0.00 sys=0.00, real=0.00 secs] 
2019-01-02T11:14:25.344+0530: 933.243: [GC (Allocation Failure) 2019-01-02T11:14:25.345+0530: 933.243: [DefNew
Desired survivor size 32768 bytes, new threshold 15 (max 15)
- age   3:        184 bytes,        184 total
- age   9:         16 bytes,        200 total
: 896K->0K(960K), 0.0003569 secs] 6135K->5815K(10176K), 0.0004288 secs] [Times: user=0.00 sys=0.02, real=0.00 secs] 
2019-01-02T11:14:25.346+0530: 933.245: [GC (Allocation Failure) 2019-01-02T11:14:25.346+0530: 933.245: [DefNew
Desired survivor size 32768 bytes, new threshold 15 (max 15)
- age   1:         24 bytes,         24 total
- age   4:        184 bytes,        208 total
- age  10:         16 bytes,        224 total
: 533K->0K(960K), 0.0002315 secs] 6349K->5815K(10176K), 0.0002862 secs] [Times: user=0.00 sys=0.00, real=0.00 secs] 
2019-01-02T11:14:25.347+0530: 933.245: [GC (Allocation Failure) 2019-01-02T11:14:25.347+0530: 933.245: [DefNew
Desired survivor size 32768 bytes, new threshold 15 (max 15)
- age   2:         24 bytes,         24 total
- age   5:        184 bytes,        208 total
- age  11:         16 bytes,        224 total
: 520K->0K(960K), 0.0003050 secs] 6336K->6336K(10176K), 0.0003586 secs] [Times: user=0.00 sys=0.00, real=0.00 secs] 
2019-01-02T11:14:25.347+0530: 933.246: [GC (Allocation Failure) 2019-01-02T11:14:25.347+0530: 933.246: [DefNew
Desired survivor size 32768 bytes, new threshold 15 (max 15)
- age   1:         24 bytes,         24 total
- age   6:         72 bytes,         96 total
- age  12:         16 bytes,        112 total
: 538K->0K(960K), 0.0002959 secs] 6874K->6857K(10176K), 0.0003552 secs] [Times: user=0.00 sys=0.00, real=0.00 secs] 
2019-01-02T11:14:25.428+0530: 933.327: [GC (Allocation Failure) 2019-01-02T11:14:25.428+0530: 933.327: [DefNew
Desired survivor size 32768 bytes, new threshold 15 (max 15)
- age   1:        248 bytes,        248 total
- age   7:         16 bytes,        264 total
- age  13:         16 bytes,        280 total
: 892K->0K(960K), 0.0010862 secs] 7749K->6929K(10176K), 0.0014995 secs] [Times: user=0.00 sys=0.00, real=0.00 secs] 
2019-01-02T11:14:25.432+0530: 933.330: [GC (Allocation Failure) 2019-01-02T11:14:25.432+0530: 933.330: [DefNew
Desired survivor size 32768 bytes, new threshold 15 (max 15)
- age   2:        184 bytes,        184 total
- age   8:         16 bytes,        200 total
- age  14:         16 bytes,        216 total
: 896K->0K(960K), 0.0003934 secs] 7825K->7217K(10176K), 0.0004977 secs] [Times: user=0.00 sys=0.00, real=0.00 secs] 
2019-01-02T11:14:25.433+0530: 933.332: [GC (Allocation Failure) 2019-01-02T11:14:25.433+0530: 933.332: [DefNew
Desired survivor size 32768 bytes, new threshold 15 (max 15)
- age   3:        184 bytes,        184 total
- age   9:         16 bytes,        200 total
- age  15:         16 bytes,        216 total
: 896K->0K(960K), 0.0005371 secs] 8113K->7793K(10176K), 0.0006813 secs] [Times: user=0.00 sys=0.00, real=0.00 secs] 
2019-01-02T11:14:25.436+0530: 933.334: [GC (Allocation Failure) 2019-01-02T11:14:25.436+0530: 933.334: [DefNew
Desired survivor size 32768 bytes, new threshold 15 (max 15)
- age   1:         24 bytes,         24 total
- age   4:        184 bytes,        208 total
- age  10:         16 bytes,        224 total
: 533K->0K(960K), 0.0003541 secs] 8326K->7793K(10176K), 0.0004613 secs] [Times: user=0.00 sys=0.00, real=0.00 secs] 
2019-01-02T11:14:25.436+0530: 933.335: [GC (Allocation Failure) 2019-01-02T11:14:25.437+0530: 933.335: [DefNew
Desired survivor size 32768 bytes, new threshold 15 (max 15)
- age   2:         24 bytes,         24 total
- age   5:        184 bytes,        208 total
- age  11:         16 bytes,        224 total
: 520K->0K(960K), 0.0004350 secs] 8314K->8314K(10176K), 0.0005257 secs] [Times: user=0.00 sys=0.00, real=0.00 secs] 
2019-01-02T11:14:25.437+0530: 933.336: [GC (Allocation Failure) 2019-01-02T11:14:25.438+0530: 933.336: [DefNew
Desired survivor size 32768 bytes, new threshold 15 (max 15)
- age   1:         24 bytes,         24 total
- age   6:         72 bytes,         96 total
- age  12:         16 bytes,        112 total
: 538K->0K(960K), 0.0006688 secs] 8852K->8834K(10176K), 0.0008148 secs] [Times: user=0.02 sys=0.00, real=0.00 secs] 
2019-01-02T11:14:25.531+0530: 933.430: [GC (Allocation Failure) 2019-01-02T11:14:25.532+0530: 933.430: [DefNew: 892K->892K(960K), 0.0000929 secs]2019-01-02T11:14:25.532+0530: 933.430: [Tenured: 8834K->1068K(9216K), 0.0074588 secs] 9726K->1068K(10176K), [Metaspace: 2520K->2520K(1056768K)], 0.0078465 secs] [Times: user=0.01 sys=0.00, real=0.01 secs] 
2019-01-02T11:14:25.541+0530: 933.439: [GC (Allocation Failure) 2019-01-02T11:14:25.541+0530: 933.439: [DefNew
Desired survivor size 32768 bytes, new threshold 15 (max 15)
: 896K->0K(960K), 0.0003193 secs] 1964K->1356K(10176K), 0.0003946 secs] [Times: user=0.00 sys=0.00, real=0.00 secs] 
2019-01-02T11:14:25.542+0530: 933.441: [GC (Allocation Failure) 2019-01-02T11:14:25.542+0530: 933.441: [DefNew
Desired survivor size 32768 bytes, new threshold 15 (max 15)
: 896K->0K(960K), 0.0004236 secs] 2252K->1932K(10176K), 0.0005650 secs] [Times: user=0.00 sys=0.00, real=0.00 secs] 
2019-01-02T11:14:25.544+0530: 933.443: [GC (Allocation Failure) 2019-01-02T11:14:25.544+0530: 933.443: [DefNew
Desired survivor size 32768 bytes, new threshold 15 (max 15)
- age   1:         24 bytes,         24 total
: 533K->0K(960K), 0.0002948 secs] 2466K->1932K(10176K), 0.0003849 secs] [Times: user=0.00 sys=0.00, real=0.00 secs] 
2019-01-02T11:14:25.545+0530: 933.444: [GC (Allocation Failure) 2019-01-02T11:14:25.545+0530: 933.444: [DefNew
Desired survivor size 32768 bytes, new threshold 15 (max 15)
- age   2:         24 bytes,         24 total
: 520K->0K(960K), 0.0004504 secs] 2453K->2453K(10176K), 0.0005422 secs] [Times: user=0.00 sys=0.00, real=0.00 secs] 
2019-01-02T11:14:25.546+0530: 933.444: [GC (Allocation Failure) 2019-01-02T11:14:25.546+0530: 933.444: [DefNew
Desired survivor size 32768 bytes, new threshold 15 (max 15)
- age   1:         24 bytes,         24 total
: 538K->0K(960K), 0.0003592 secs] 2992K->2974K(10176K), 0.0004385 secs] [Times: user=0.00 sys=0.00, real=0.00 secs] 
2019-01-02T11:14:25.657+0530: 933.556: [GC (Allocation Failure) 2019-01-02T11:14:25.657+0530: 933.556: [DefNew
Desired survivor size 32768 bytes, new threshold 15 (max 15)
- age   1:        248 bytes,        248 total
: 892K->0K(960K), 0.0008507 secs] 3866K->3046K(10176K), 0.0010086 secs] [Times: user=0.00 sys=0.00, real=0.00 secs] 
2019-01-02T11:14:25.660+0530: 933.558: [GC (Allocation Failure) 2019-01-02T11:14:25.660+0530: 933.558: [DefNew
Desired survivor size 32768 bytes, new threshold 15 (max 15)
- age   2:        184 bytes,        184 total
: 896K->0K(960K), 0.0006334 secs] 3942K->3334K(10176K), 0.0007344 secs] [Times: user=0.00 sys=0.00, real=0.00 secs] 
2019-01-02T11:14:25.662+0530: 933.560: [GC (Allocation Failure) 2019-01-02T11:14:25.662+0530: 933.560: [DefNew
Desired survivor size 32768 bytes, new threshold 15 (max 15)
- age   3:        184 bytes,        184 total
: 896K->0K(960K), 0.0003592 secs] 4230K->3910K(10176K), 0.0004373 secs] [Times: user=0.00 sys=0.00, real=0.00 secs] 
2019-01-02T11:14:25.663+0530: 933.562: [GC (Allocation Failure) 2019-01-02T11:14:25.663+0530: 933.562: [DefNew
Desired survivor size 32768 bytes, new threshold 15 (max 15)
- age   1:         24 bytes,         24 total
- age   4:        184 bytes,        208 total
: 533K->0K(960K), 0.0002474 secs] 4444K->3910K(10176K), 0.0003187 secs] [Times: user=0.00 sys=0.00, real=0.00 secs] 
2019-01-02T11:14:25.664+0530: 933.563: [GC (Allocation Failure) 2019-01-02T11:14:25.664+0530: 933.563: [DefNew
Desired survivor size 32768 bytes, new threshold 15 (max 15)
- age   2:         24 bytes,         24 total
- age   5:        184 bytes,        208 total
: 520K->0K(960K), 0.0003381 secs] 4431K->4431K(10176K), 0.0004077 secs] [Times: user=0.00 sys=0.00, real=0.00 secs] 
2019-01-02T11:14:25.665+0530: 933.563: [GC (Allocation Failure) 2019-01-02T11:14:25.665+0530: 933.563: [DefNew
Desired survivor size 32768 bytes, new threshold 15 (max 15)
- age   1:         24 bytes,         24 total
- age   6:         72 bytes,         96 total
: 538K->0K(960K), 0.0004812 secs] 4969K->4952K(10176K), 0.0005645 secs] [Times: user=0.00 sys=0.00, real=0.00 secs] 
2019-01-02T11:14:25.771+0530: 933.670: [GC (Allocation Failure) 2019-01-02T11:14:25.771+0530: 933.670: [DefNew
Desired survivor size 32768 bytes, new threshold 15 (max 15)
- age   1:        248 bytes,        248 total
- age   7:         16 bytes,        264 total
: 892K->0K(960K), 0.0004852 secs] 5844K->5024K(10176K), 0.0006192 secs] [Times: user=0.00 sys=0.00, real=0.00 secs] 
2019-01-02T11:14:25.773+0530: 933.672: [GC (Allocation Failure) 2019-01-02T11:14:25.774+0530: 933.672: [DefNew
Desired survivor size 32768 bytes, new threshold 15 (max 15)
- age   2:        184 bytes,        184 total
- age   8:         16 bytes,        200 total
: 896K->0K(960K), 0.0007213 secs] 5920K->5312K(10176K), 0.0008564 secs] [Times: user=0.00 sys=0.00, real=0.00 secs] 
2019-01-02T11:14:25.776+0530: 933.674: [GC (Allocation Failure) 2019-01-02T11:14:25.776+0530: 933.674: [DefNew
Desired survivor size 32768 bytes, new threshold 15 (max 15)
- age   3:        184 bytes,        184 total
- age   9:         16 bytes,        200 total
: 896K->0K(960K), 0.0010947 secs] 6208K->5888K(10176K), 0.0012709 secs] [Times: user=0.00 sys=0.00, real=0.00 secs] 
2019-01-02T11:14:25.778+0530: 933.677: [GC (Allocation Failure) 2019-01-02T11:14:25.778+0530: 933.677: [DefNew
Desired survivor size 32768 bytes, new threshold 15 (max 15)
- age   1:         24 bytes,         24 total
- age   4:        184 bytes,        208 total
- age  10:         16 bytes,        224 total
: 533K->0K(960K), 0.0003187 secs] 6421K->5888K(10176K), 0.0004117 secs] [Times: user=0.00 sys=0.00, real=0.00 secs] 
2019-01-02T11:14:25.779+0530: 933.678: [GC (Allocation Failure) 2019-01-02T11:14:25.779+0530: 933.678: [DefNew
Desired survivor size 32768 bytes, new threshold 15 (max 15)
- age   2:         24 bytes,         24 total
- age   5:        184 bytes,        208 total
- age  11:         16 bytes,        224 total
: 521K->0K(960K), 0.0003501 secs] 6409K->6409K(10176K), 0.0004082 secs] [Times: user=0.00 sys=0.00, real=0.00 secs] 
2019-01-02T11:14:25.780+0530: 933.679: [GC (Allocation Failure) 2019-01-02T11:14:25.780+0530: 933.679: [DefNew
Desired survivor size 32768 bytes, new threshold 15 (max 15)
- age   1:         24 bytes,         24 total
- age   6:         72 bytes,         96 total
- age  12:         16 bytes,        112 total
: 538K->0K(960K), 0.0003164 secs] 6947K->6929K(10176K), 0.0003678 secs] [Times: user=0.00 sys=0.00, real=0.00 secs] 
2019-01-02T11:14:25.841+0530: 933.740: [GC (Allocation Failure) 2019-01-02T11:14:25.841+0530: 933.740: [DefNew
Desired survivor size 32768 bytes, new threshold 15 (max 15)
- age   1:        248 bytes,        248 total
- age   7:         16 bytes,        264 total
- age  13:         16 bytes,        280 total
: 892K->0K(960K), 0.0005126 secs] 7822K->7002K(10176K), 0.0006494 secs] [Times: user=0.00 sys=0.00, real=0.00 secs] 
2019-01-02T11:14:25.843+0530: 933.742: [GC (Allocation Failure) 2019-01-02T11:14:25.843+0530: 933.742: [DefNew
Desired survivor size 32768 bytes, new threshold 15 (max 15)
- age   2:        184 bytes,        184 total
- age   8:         16 bytes,        200 total
- age  14:         16 bytes,        216 total
: 896K->0K(960K), 0.0007304 secs] 7898K->7290K(10176K), 0.0008262 secs] [Times: user=0.02 sys=0.00, real=0.00 secs] 
2019-01-02T11:14:25.845+0530: 933.744: [GC (Allocation Failure) 2019-01-02T11:14:25.845+0530: 933.744: [DefNew
Desired survivor size 32768 bytes, new threshold 15 (max 15)
- age   3:        184 bytes,        184 total
- age   9:         16 bytes,        200 total
- age  15:         16 bytes,        216 total
: 896K->0K(960K), 0.0013507 secs] 8186K->7866K(10176K), 0.0015332 secs] [Times: user=0.00 sys=0.00, real=0.00 secs] 
2019-01-02T11:14:25.848+0530: 933.747: [GC (Allocation Failure) 2019-01-02T11:14:25.848+0530: 933.747: [DefNew
Desired survivor size 32768 bytes, new threshold 15 (max 15)
- age   1:         24 bytes,         24 total
- age   4:        184 bytes,        208 total
- age  10:         16 bytes,        224 total
: 533K->0K(960K), 0.0004675 secs] 8399K->7866K(10176K), 0.0005992 secs] [Times: user=0.00 sys=0.00, real=0.00 secs] 
2019-01-02T11:14:25.850+0530: 933.749: [GC (Allocation Failure) 2019-01-02T11:14:25.850+0530: 933.749: [DefNew
Desired survivor size 32768 bytes, new threshold 15 (max 15)
- age   2:         24 bytes,         24 total
- age   5:        184 bytes,        208 total
- age  11:         16 bytes,        224 total
: 521K->0K(960K), 0.0004111 secs] 8386K->8386K(10176K), 0.0005177 secs] [Times: user=0.00 sys=0.00, real=0.00 secs] 
2019-01-02T11:14:25.851+0530: 933.749: [GC (Allocation Failure) 2019-01-02T11:14:25.851+0530: 933.749: [DefNew
Desired survivor size 32768 bytes, new threshold 15 (max 15)
- age   1:         24 bytes,         24 total
- age   6:         72 bytes,         96 total
- age  12:         16 bytes,        112 total
: 538K->0K(960K), 0.0003210 secs] 8925K->8907K(10176K), 0.0003752 secs] [Times: user=0.00 sys=0.00, real=0.00 secs] 
2019-01-02T11:14:25.913+0530: 933.811: [GC (Allocation Failure) 2019-01-02T11:14:25.913+0530: 933.811: [DefNew: 892K->892K(960K), 0.0000998 secs]2019-01-02T11:14:25.913+0530: 933.812: [Tenured: 8907K->852K(9216K), 0.0096351 secs] 9800K->852K(10176K), [Metaspace: 2520K->2520K(1056768K)], 0.0101637 secs] [Times: user=0.02 sys=0.00, real=0.01 secs] 
2019-01-02T11:14:25.924+0530: 933.823: [GC (Allocation Failure) 2019-01-02T11:14:25.924+0530: 933.823: [DefNew
Desired survivor size 32768 bytes, new threshold 15 (max 15)
: 896K->0K(960K), 0.0007629 secs] 1748K->1140K(10176K), 0.0008849 secs] [Times: user=0.00 sys=0.00, real=0.00 secs] 
2019-01-02T11:14:25.926+0530: 933.825: [GC (Allocation Failure) 2019-01-02T11:14:25.926+0530: 933.825: [DefNew
Desired survivor size 32768 bytes, new threshold 15 (max 15)
: 896K->0K(960K), 0.0003854 secs] 2036K->1716K(10176K), 0.0004909 secs] [Times: user=0.00 sys=0.00, real=0.00 secs] 
2019-01-02T11:14:25.928+0530: 933.827: [GC (Allocation Failure) 2019-01-02T11:14:25.928+0530: 933.827: [DefNew
Desired survivor size 32768 bytes, new threshold 15 (max 15)
- age   1:         24 bytes,         24 total
: 533K->0K(960K), 0.0002383 secs] 2249K->1716K(10176K), 0.0003085 secs] [Times: user=0.00 sys=0.00, real=0.00 secs] 
2019-01-02T11:14:25.929+0530: 933.827: [GC (Allocation Failure) 2019-01-02T11:14:25.929+0530: 933.827: [DefNew
Desired survivor size 32768 bytes, new threshold 15 (max 15)
- age   2:         24 bytes,         24 total
: 520K->0K(960K), 0.0003062 secs] 2237K->2237K(10176K), 0.0003746 secs] [Times: user=0.00 sys=0.00, real=0.00 secs] 
2019-01-02T11:14:25.929+0530: 933.828: [GC (Allocation Failure) 2019-01-02T11:14:25.929+0530: 933.828: [DefNew
Desired survivor size 32768 bytes, new threshold 15 (max 15)
- age   1:         24 bytes,         24 total
: 538K->0K(960K), 0.0003193 secs] 2775K->2758K(10176K), 0.0003917 secs] [Times: user=0.00 sys=0.00, real=0.00 secs] 
2019-01-02T11:14:26.030+0530: 933.929: [GC (Allocation Failure) 2019-01-02T11:14:26.030+0530: 933.929: [DefNew
Desired survivor size 32768 bytes, new threshold 15 (max 15)
- age   1:        248 bytes,        248 total
: 892K->0K(960K), 0.0006791 secs] 3650K->2830K(10176K), 0.0009522 secs] [Times: user=0.02 sys=0.00, real=0.00 secs] 
2019-01-02T11:14:26.033+0530: 933.931: [GC (Allocation Failure) 2019-01-02T11:14:26.033+0530: 933.932: [DefNew
Desired survivor size 32768 bytes, new threshold 15 (max 15)
- age   2:        184 bytes,        184 total
: 896K->0K(960K), 0.0003341 secs] 3726K->3118K(10176K), 0.0004225 secs] [Times: user=0.00 sys=0.00, real=0.00 secs] 
2019-01-02T11:14:26.034+0530: 933.933: [GC (Allocation Failure) 2019-01-02T11:14:26.034+0530: 933.933: [DefNew
Desired survivor size 32768 bytes, new threshold 15 (max 15)
- age   3:        184 bytes,        184 total
: 896K->0K(960K), 0.0003581 secs] 4014K->3694K(10176K), 0.0004459 secs] [Times: user=0.00 sys=0.00, real=0.00 secs] 
2019-01-02T11:14:26.036+0530: 933.934: [GC (Allocation Failure) 2019-01-02T11:14:26.036+0530: 933.934: [DefNew
Desired survivor size 32768 bytes, new threshold 15 (max 15)
- age   1:         24 bytes,         24 total
- age   4:        184 bytes,        208 total
: 533K->0K(960K), 0.0002395 secs] 4227K->3694K(10176K), 0.0003142 secs] [Times: user=0.00 sys=0.00, real=0.00 secs] 
2019-01-02T11:14:26.036+0530: 933.935: [GC (Allocation Failure) 2019-01-02T11:14:26.036+0530: 933.935: [DefNew
Desired survivor size 32768 bytes, new threshold 15 (max 15)
- age   2:         24 bytes,         24 total
- age   5:        184 bytes,        208 total
: 521K->0K(960K), 0.0005137 secs] 4215K->4215K(10176K), 0.0006819 secs] [Times: user=0.00 sys=0.00, real=0.00 secs] 
2019-01-02T11:14:26.038+0530: 933.937: [GC (Allocation Failure) 2019-01-02T11:14:26.038+0530: 933.937: [DefNew
Desired survivor size 32768 bytes, new threshold 15 (max 15)
- age   1:         24 bytes,         24 total
- age   6:         72 bytes,         96 total
: 538K->0K(960K), 0.0005023 secs] 4753K->4735K(10176K), 0.0006694 secs] [Times: user=0.00 sys=0.00, real=0.00 secs] 
2019-01-02T11:14:26.145+0530: 934.043: [GC (Allocation Failure) 2019-01-02T11:14:26.145+0530: 934.043: [DefNew
Desired survivor size 32768 bytes, new threshold 15 (max 15)
- age   1:        248 bytes,        248 total
- age   7:         16 bytes,        264 total
: 892K->0K(960K), 0.0003142 secs] 5628K->4808K(10176K), 0.0004213 secs] [Times: user=0.00 sys=0.00, real=0.00 secs] 
2019-01-02T11:14:26.146+0530: 934.045: [GC (Allocation Failure) 2019-01-02T11:14:26.146+0530: 934.045: [DefNew
Desired survivor size 32768 bytes, new threshold 15 (max 15)
- age   2:        184 bytes,        184 total
- age   8:         16 bytes,        200 total
: 896K->0K(960K), 0.0003204 secs] 5704K->5096K(10176K), 0.0003974 secs] [Times: user=0.00 sys=0.00, real=0.00 secs] 
2019-01-02T11:14:26.148+0530: 934.047: [GC (Allocation Failure) 2019-01-02T11:14:26.148+0530: 934.047: [DefNew
Desired survivor size 32768 bytes, new threshold 15 (max 15)
- age   3:        184 bytes,        184 total
- age   9:         16 bytes,        200 total
: 896K->0K(960K), 0.0003763 secs] 5992K->5672K(10176K), 0.0004567 secs] [Times: user=0.00 sys=0.00, real=0.00 secs] 
2019-01-02T11:14:26.150+0530: 934.048: [GC (Allocation Failure) 2019-01-02T11:14:26.150+0530: 934.048: [DefNew
Desired survivor size 32768 bytes, new threshold 15 (max 15)
- age   1:         24 bytes,         24 total
- age   4:        184 bytes,        208 total
- age  10:         16 bytes,        224 total
: 533K->0K(960K), 0.0002611 secs] 6205K->5672K(10176K), 0.0003358 secs] [Times: user=0.00 sys=0.00, real=0.00 secs] 
2019-01-02T11:14:26.150+0530: 934.049: [GC (Allocation Failure) 2019-01-02T11:14:26.150+0530: 934.049: [DefNew
Desired survivor size 32768 bytes, new threshold 15 (max 15)
- age   2:         24 bytes,         24 total
- age   5:        184 bytes,        208 total
- age  11:         16 bytes,        224 total
: 521K->0K(960K), 0.0003449 secs] 6193K->6193K(10176K), 0.0004156 secs] [Times: user=0.00 sys=0.00, real=0.00 secs] 
2019-01-02T11:14:26.151+0530: 934.050: [GC (Allocation Failure) 2019-01-02T11:14:26.151+0530: 934.050: [DefNew
Desired survivor size 32768 bytes, new threshold 15 (max 15)
- age   1:         24 bytes,         24 total
- age   6:         72 bytes,         96 total
- age  12:         16 bytes,        112 total
: 538K->0K(960K), 0.0003364 secs] 6731K->6713K(10176K), 0.0004071 secs] [Times: user=0.00 sys=0.00, real=0.00 secs] 
2019-01-02T11:14:26.275+0530: 934.173: [GC (Allocation Failure) 2019-01-02T11:14:26.275+0530: 934.173: [DefNew
Desired survivor size 32768 bytes, new threshold 15 (max 15)
- age   1:        248 bytes,        248 total
- age   7:         16 bytes,        264 total
- age  13:         16 bytes,        280 total
: 892K->0K(960K), 0.0006295 secs] 7606K->6786K(10176K), 0.0008416 secs] [Times: user=0.00 sys=0.00, real=0.00 secs] 
2019-01-02T11:14:26.277+0530: 934.175: [GC (Allocation Failure) 2019-01-02T11:14:26.277+0530: 934.175: [DefNew
Desired survivor size 32768 bytes, new threshold 15 (max 15)
- age   2:        184 bytes,        184 total
- age   8:         16 bytes,        200 total
- age  14:         16 bytes,        216 total
: 896K->0K(960K), 0.0003432 secs] 7682K->7073K(10176K), 0.0004373 secs] [Times: user=0.00 sys=0.00, real=0.00 secs] 
2019-01-02T11:14:26.278+0530: 934.177: [GC (Allocation Failure) 2019-01-02T11:14:26.278+0530: 934.177: [DefNew
Desired survivor size 32768 bytes, new threshold 15 (max 15)
- age   3:        184 bytes,        184 total
- age   9:         16 bytes,        200 total
- age  15:         16 bytes,        216 total
: 896K->0K(960K), 0.0013125 secs] 7969K->7649K(10176K), 0.0014989 secs] [Times: user=0.00 sys=0.00, real=0.00 secs] 
2019-01-02T11:14:26.281+0530: 934.180: [GC (Allocation Failure) 2019-01-02T11:14:26.281+0530: 934.180: [DefNew
Desired survivor size 32768 bytes, new threshold 15 (max 15)
- age   1:         24 bytes,         24 total
- age   4:        184 bytes,        208 total
- age  10:         16 bytes,        224 total
: 533K->0K(960K), 0.0002703 secs] 8183K->7650K(10176K), 0.0003535 secs] [Times: user=0.00 sys=0.00, real=0.00 secs] 
2019-01-02T11:14:26.282+0530: 934.181: [GC (Allocation Failure) 2019-01-02T11:14:26.282+0530: 934.181: [DefNew
Desired survivor size 32768 bytes, new threshold 15 (max 15)
- age   2:         24 bytes,         24 total
- age   5:        184 bytes,        208 total
- age  11:         16 bytes,        224 total
: 521K->0K(960K), 0.0003689 secs] 8170K->8170K(10176K), 0.0004499 secs] [Times: user=0.00 sys=0.00, real=0.00 secs] 
2019-01-02T11:14:26.283+0530: 934.182: [GC (Allocation Failure) 2019-01-02T11:14:26.283+0530: 934.182: [DefNew
Desired survivor size 32768 bytes, new threshold 15 (max 15)
- age   1:         24 bytes,         24 total
- age   6:         72 bytes,         96 total
- age  12:         16 bytes,        112 total
: 538K->0K(960K), 0.0003410 secs] 8709K->8691K(10176K), 0.0004117 secs] [Times: user=0.00 sys=0.00, real=0.00 secs] 
2019-01-02T11:14:26.392+0530: 934.291: [GC (Allocation Failure) 2019-01-02T11:14:26.392+0530: 934.291: [DefNew: 892K->892K(960K), 0.0000445 secs]2019-01-02T11:14:26.392+0530: 934.291: [Tenured: 8691K->924K(9216K), 0.0065032 secs] 9584K->924K(10176K), [Metaspace: 2520K->2520K(1056768K)], 0.0068778 secs] [Times: user=0.00 sys=0.00, real=0.01 secs] 
2019-01-02T11:14:26.401+0530: 934.299: [GC (Allocation Failure) 2019-01-02T11:14:26.401+0530: 934.299: [DefNew
Desired survivor size 32768 bytes, new threshold 15 (max 15)
: 896K->0K(960K), 0.0003216 secs] 1820K->1212K(10176K), 0.0004117 secs] [Times: user=0.00 sys=0.00, real=0.00 secs] 
2019-01-02T11:14:26.402+0530: 934.301: [GC (Allocation Failure) 2019-01-02T11:14:26.402+0530: 934.301: [DefNew
Desired survivor size 32768 bytes, new threshold 15 (max 15)
: 896K->0K(960K), 0.0003427 secs] 2108K->1788K(10176K), 0.0004179 secs] [Times: user=0.00 sys=0.00, real=0.00 secs] 
2019-01-02T11:14:26.403+0530: 934.302: [GC (Allocation Failure) 2019-01-02T11:14:26.404+0530: 934.302: [DefNew
Desired survivor size 32768 bytes, new threshold 15 (max 15)
- age   1:         24 bytes,         24 total
: 533K->0K(960K), 0.0002269 secs] 2321K->1788K(10176K), 0.0002948 secs] [Times: user=0.00 sys=0.00, real=0.00 secs] 
2019-01-02T11:14:26.404+0530: 934.303: [GC (Allocation Failure) 2019-01-02T11:14:26.404+0530: 934.303: [DefNew
Desired survivor size 32768 bytes, new threshold 15 (max 15)
- age   2:         24 bytes,         24 total
: 520K->0K(960K), 0.0003256 secs] 2309K->2309K(10176K), 0.0004008 secs] [Times: user=0.00 sys=0.00, real=0.00 secs] 
2019-01-02T11:14:26.405+0530: 934.304: [GC (Allocation Failure) 2019-01-02T11:14:26.405+0530: 934.304: [DefNew
Desired survivor size 32768 bytes, new threshold 15 (max 15)
- age   1:         24 bytes,         24 total
: 538K->0K(960K), 0.0003427 secs] 2848K->2830K(10176K), 0.0004413 secs] [Times: user=0.00 sys=0.02, real=0.00 secs] 
2019-01-02T11:14:26.480+0530: 934.379: [GC (Allocation Failure) 2019-01-02T11:14:26.480+0530: 934.379: [DefNew
Desired survivor size 32768 bytes, new threshold 15 (max 15)
- age   1:        248 bytes,        248 total
: 892K->0K(960K), 0.0010377 secs] 3722K->2902K(10176K), 0.0012378 secs] [Times: user=0.00 sys=0.00, real=0.00 secs] 
2019-01-02T11:14:26.484+0530: 934.382: [GC (Allocation Failure) 2019-01-02T11:14:26.484+0530: 934.382: [DefNew
Desired survivor size 32768 bytes, new threshold 15 (max 15)
- age   2:        184 bytes,        184 total
: 896K->0K(960K), 0.0004635 secs] 3798K->3190K(10176K), 0.0005924 secs] [Times: user=0.00 sys=0.00, real=0.00 secs] 
2019-01-02T11:14:26.485+0530: 934.384: [GC (Allocation Failure) 2019-01-02T11:14:26.485+0530: 934.384: [DefNew
Desired survivor size 32768 bytes, new threshold 15 (max 15)
- age   3:        184 bytes,        184 total
: 896K->0K(960K), 0.0003432 secs] 4086K->3766K(10176K), 0.0004037 secs] [Times: user=0.00 sys=0.00, real=0.00 secs] 
2019-01-02T11:14:26.486+0530: 934.385: [GC (Allocation Failure) 2019-01-02T11:14:26.487+0530: 934.385: [DefNew
Desired survivor size 32768 bytes, new threshold 15 (max 15)
- age   1:         24 bytes,         24 total
- age   4:        184 bytes,        208 total
: 533K->0K(960K), 0.0002161 secs] 4299K->3766K(10176K), 0.0002760 secs] [Times: user=0.00 sys=0.00, real=0.00 secs] 
2019-01-02T11:14:26.487+0530: 934.386: [GC (Allocation Failure) 2019-01-02T11:14:26.487+0530: 934.386: [DefNew
Desired survivor size 32768 bytes, new threshold 15 (max 15)
- age   2:         24 bytes,         24 total
- age   5:        184 bytes,        208 total
: 521K->0K(960K), 0.0002953 secs] 4287K->4287K(10176K), 0.0003461 secs] [Times: user=0.00 sys=0.00, real=0.00 secs] 
2019-01-02T11:14:26.488+0530: 934.386: [GC (Allocation Failure) 2019-01-02T11:14:26.488+0530: 934.386: [DefNew
Desired survivor size 32768 bytes, new threshold 15 (max 15)
- age   1:         24 bytes,         24 total
- age   6:         72 bytes,         96 total
: 538K->0K(960K), 0.0002982 secs] 4826K->4808K(10176K), 0.0003552 secs] [Times: user=0.00 sys=0.00, real=0.00 secs] 
2019-01-02T11:14:26.573+0530: 934.472: [GC (Allocation Failure) 2019-01-02T11:14:26.573+0530: 934.472: [DefNew
Desired survivor size 32768 bytes, new threshold 15 (max 15)
- age   1:        248 bytes,        248 total
- age   7:         16 bytes,        264 total
: 892K->0K(960K), 0.0013855 secs] 5700K->4880K(10176K), 0.0016392 secs] [Times: user=0.00 sys=0.00, real=0.00 secs] 
2019-01-02T11:14:26.576+0530: 934.475: [GC (Allocation Failure) 2019-01-02T11:14:26.577+0530: 934.475: [DefNew
Desired survivor size 32768 bytes, new threshold 15 (max 15)
- age   2:        184 bytes,        184 total
- age   8:         16 bytes,        200 total
: 896K->0K(960K), 0.0003421 secs] 5776K->5168K(10176K), 0.0004778 secs] [Times: user=0.00 sys=0.01, real=0.00 secs] 
2019-01-02T11:14:26.578+0530: 934.477: [GC (Allocation Failure) 2019-01-02T11:14:26.578+0530: 934.477: [DefNew
Desired survivor size 32768 bytes, new threshold 15 (max 15)
- age   3:        184 bytes,        184 total
- age   9:         16 bytes,        200 total
: 896K->0K(960K), 0.0009197 secs] 6064K->5744K(10176K), 0.0010748 secs] [Times: user=0.00 sys=0.00, real=0.00 secs] 
2019-01-02T11:14:26.581+0530: 934.479: [GC (Allocation Failure) 2019-01-02T11:14:26.581+0530: 934.479: [DefNew
Desired survivor size 32768 bytes, new threshold 15 (max 15)
- age   1:         24 bytes,         24 total
- age   4:        184 bytes,        208 total
- age  10:         16 bytes,        224 total
: 533K->0K(960K), 0.0004983 secs] 6278K->5744K(10176K), 0.0005856 secs] [Times: user=0.00 sys=0.00, real=0.00 secs] 
2019-01-02T11:14:26.582+0530: 934.481: [GC (Allocation Failure) 2019-01-02T11:14:26.582+0530: 934.481: [DefNew
Desired survivor size 32768 bytes, new threshold 15 (max 15)
- age   2:         24 bytes,         24 total
- age   5:        184 bytes,        208 total
- age  11:         16 bytes,        224 total
: 521K->0K(960K), 0.0003244 secs] 6265K->6265K(10176K), 0.0003923 secs] [Times: user=0.00 sys=0.00, real=0.00 secs] 
2019-01-02T11:14:26.582+0530: 934.481: [GC (Allocation Failure) 2019-01-02T11:14:26.582+0530: 934.481: [DefNew
Desired survivor size 32768 bytes, new threshold 15 (max 15)
- age   1:         24 bytes,         24 total
- age   6:         72 bytes,         96 total
- age  12:         16 bytes,        112 total
: 538K->0K(960K), 0.0003005 secs] 6804K->6786K(10176K), 0.0003518 secs] [Times: user=0.00 sys=0.00, real=0.00 secs] 
2019-01-02T11:14:26.645+0530: 934.544: [GC (Allocation Failure) 2019-01-02T11:14:26.645+0530: 934.544: [DefNew
Desired survivor size 32768 bytes, new threshold 15 (max 15)
- age   1:        248 bytes,        248 total
- age   7:         16 bytes,        264 total
- age  13:         16 bytes,        280 total
: 892K->0K(960K), 0.0005679 secs] 7679K->6858K(10176K), 0.0007697 secs] [Times: user=0.00 sys=0.00, real=0.00 secs] 
2019-01-02T11:14:26.647+0530: 934.546: [GC (Allocation Failure) 2019-01-02T11:14:26.647+0530: 934.546: [DefNew
Desired survivor size 32768 bytes, new threshold 15 (max 15)
- age   2:        184 bytes,        184 total
- age   8:         16 bytes,        200 total
- age  14:         16 bytes,        216 total
: 896K->0K(960K), 0.0008951 secs] 7754K->7146K(10176K), 0.0010805 secs] [Times: user=0.00 sys=0.00, real=0.00 secs] 
2019-01-02T11:14:26.650+0530: 934.549: [GC (Allocation Failure) 2019-01-02T11:14:26.650+0530: 934.549: [DefNew
Desired survivor size 32768 bytes, new threshold 15 (max 15)
- age   3:        184 bytes,        184 total
- age   9:         16 bytes,        200 total
- age  15:         16 bytes,        216 total
: 896K->0K(960K), 0.0009066 secs] 8042K->7722K(10176K), 0.0012395 secs] [Times: user=0.00 sys=0.00, real=0.00 secs] 
2019-01-02T11:14:26.653+0530: 934.552: [GC (Allocation Failure) 2019-01-02T11:14:26.653+0530: 934.552: [DefNew
Desired survivor size 32768 bytes, new threshold 15 (max 15)
- age   1:         24 bytes,         24 total
- age   4:        184 bytes,        208 total
- age  10:         16 bytes,        224 total
: 533K->0K(960K), 0.0008461 secs] 8256K->7722K(10176K), 0.0009373 secs] [Times: user=0.00 sys=0.00, real=0.00 secs] 
2019-01-02T11:14:26.655+0530: 934.553: [GC (Allocation Failure) 2019-01-02T11:14:26.655+0530: 934.553: [DefNew
Desired survivor size 32768 bytes, new threshold 15 (max 15)
- age   2:         24 bytes,         24 total
- age   5:        184 bytes,        208 total
- age  11:         16 bytes,        224 total
: 521K->0K(960K), 0.0003529 secs] 8243K->8243K(10176K), 0.0004111 secs] [Times: user=0.00 sys=0.00, real=0.00 secs] 
2019-01-02T11:14:26.655+0530: 934.554: [GC (Allocation Failure) 2019-01-02T11:14:26.655+0530: 934.554: [DefNew
Desired survivor size 32768 bytes, new threshold 15 (max 15)
- age   1:         24 bytes,         24 total
- age   6:         72 bytes,         96 total
- age  12:         16 bytes,        112 total
: 538K->0K(960K), 0.0003199 secs] 8782K->8764K(10176K), 0.0003769 secs] [Times: user=0.00 sys=0.00, real=0.00 secs] 
2019-01-02T11:14:26.720+0530: 934.618: [GC (Allocation Failure) 2019-01-02T11:14:26.720+0530: 934.619: [DefNew: 892K->892K(960K), 0.0000861 secs]2019-01-02T11:14:26.720+0530: 934.619: [Tenured: 8764K->996K(9216K), 0.0117179 secs] 9657K->996K(10176K), [Metaspace: 2520K->2520K(1056768K)], 0.0121398 secs] [Times: user=0.00 sys=0.00, real=0.01 secs] 
2019-01-02T11:14:26.733+0530: 934.632: [GC (Allocation Failure) 2019-01-02T11:14:26.733+0530: 934.632: [DefNew
Desired survivor size 32768 bytes, new threshold 15 (max 15)
: 896K->0K(960K), 0.0004060 secs] 1892K->1284K(10176K), 0.0005092 secs] [Times: user=0.00 sys=0.00, real=0.00 secs] 
2019-01-02T11:14:26.735+0530: 934.634: [GC (Allocation Failure) 2019-01-02T11:14:26.735+0530: 934.634: [DefNew
Desired survivor size 32768 bytes, new threshold 15 (max 15)
: 896K->0K(960K), 0.0005240 secs] 2180K->1860K(10176K), 0.0006380 secs] [Times: user=0.00 sys=0.00, real=0.00 secs] 
2019-01-02T11:14:26.738+0530: 934.637: [GC (Allocation Failure) 2019-01-02T11:14:26.738+0530: 934.637: [DefNew
Desired survivor size 32768 bytes, new threshold 15 (max 15)
- age   1:         24 bytes,         24 total
: 533K->0K(960K), 0.0002891 secs] 2394K->1860K(10176K), 0.0003877 secs] [Times: user=0.00 sys=0.00, real=0.00 secs] 
2019-01-02T11:14:26.739+0530: 934.638: [GC (Allocation Failure) 2019-01-02T11:14:26.739+0530: 934.638: [DefNew
Desired survivor size 32768 bytes, new threshold 15 (max 15)
- age   2:         24 bytes,         24 total
: 521K->0K(960K), 0.0004168 secs] 2381K->2381K(10176K), 0.0004835 secs] [Times: user=0.00 sys=0.00, real=0.00 secs] 
2019-01-02T11:14:26.740+0530: 934.639: [GC (Allocation Failure) 2019-01-02T11:14:26.740+0530: 934.639: [DefNew
Desired survivor size 32768 bytes, new threshold 15 (max 15)
- age   1:         24 bytes,         24 total
: 538K->0K(960K), 0.0004487 secs] 2920K->2903K(10176K), 0.0006198 secs] [Times: user=0.00 sys=0.00, real=0.00 secs] 
2019-01-02T11:14:26.804+0530: 934.702: [GC (Allocation Failure) 2019-01-02T11:14:26.804+0530: 934.703: [DefNew
Desired survivor size 32768 bytes, new threshold 15 (max 15)
- age   1:        248 bytes,        248 total
: 892K->0K(960K), 0.0007874 secs] 3795K->2975K(10176K), 0.0010776 secs] [Times: user=0.00 sys=0.00, real=0.00 secs] 
2019-01-02T11:14:26.806+0530: 934.705: [GC (Allocation Failure) 2019-01-02T11:14:26.806+0530: 934.705: [DefNew
Desired survivor size 32768 bytes, new threshold 15 (max 15)
- age   2:        184 bytes,        184 total
: 896K->0K(960K), 0.0008718 secs] 3871K->3263K(10176K), 0.0009966 secs] [Times: user=0.00 sys=0.00, real=0.00 secs] 
2019-01-02T11:14:26.809+0530: 934.707: [GC (Allocation Failure) 2019-01-02T11:14:26.809+0530: 934.708: [DefNew
Desired survivor size 32768 bytes, new threshold 15 (max 15)
- age   3:        184 bytes,        184 total
: 896K->0K(960K), 0.0012144 secs] 4159K->3839K(10176K), 0.0014020 secs] [Times: user=0.00 sys=0.00, real=0.00 secs] 
2019-01-02T11:14:26.812+0530: 934.710: [GC (Allocation Failure) 2019-01-02T11:14:26.812+0530: 934.710: [DefNew
Desired survivor size 32768 bytes, new threshold 15 (max 15)
- age   1:         24 bytes,         24 total
- age   4:        184 bytes,        208 total
: 533K->0K(960K), 0.0006329 secs] 4372K->3839K(10176K), 0.0007942 secs] [Times: user=0.00 sys=0.00, real=0.00 secs] 
2019-01-02T11:14:26.813+0530: 934.712: [GC (Allocation Failure) 2019-01-02T11:14:26.813+0530: 934.712: [DefNew
Desired survivor size 32768 bytes, new threshold 15 (max 15)
- age   2:         24 bytes,         24 total
- age   5:        184 bytes,        208 total
: 521K->0K(960K), 0.0007526 secs] 4360K->4360K(10176K), 0.0008222 secs] [Times: user=0.00 sys=0.00, real=0.00 secs] 
2019-01-02T11:14:26.814+0530: 934.713: [GC (Allocation Failure) 2019-01-02T11:14:26.814+0530: 934.713: [DefNew
Desired survivor size 32768 bytes, new threshold 15 (max 15)
- age   1:         24 bytes,         24 total
- age   6:         72 bytes,         96 total
: 538K->0K(960K), 0.0004179 secs] 4898K->4881K(10176K), 0.0004881 secs] [Times: user=0.00 sys=0.00, real=0.00 secs] 
2019-01-02T11:14:26.874+0530: 934.773: [GC (Allocation Failure) 2019-01-02T11:14:26.874+0530: 934.773: [DefNew
Desired survivor size 32768 bytes, new threshold 15 (max 15)
- age   1:        248 bytes,        248 total
- age   7:         16 bytes,        264 total
: 892K->0K(960K), 0.0011705 secs] 5773K->4953K(10176K), 0.0015263 secs] [Times: user=0.00 sys=0.00, real=0.00 secs] 
2019-01-02T11:14:26.877+0530: 934.776: [GC (Allocation Failure) 2019-01-02T11:14:26.877+0530: 934.776: [DefNew
Desired survivor size 32768 bytes, new threshold 15 (max 15)
- age   2:        184 bytes,        184 total
- age   8:         16 bytes,        200 total
: 896K->0K(960K), 0.0007389 secs] 5849K->5241K(10176K), 0.0010206 secs] [Times: user=0.00 sys=0.00, real=0.00 secs] 
2019-01-02T11:14:26.879+0530: 934.778: [GC (Allocation Failure) 2019-01-02T11:14:26.880+0530: 934.778: [DefNew
Desired survivor size 32768 bytes, new threshold 15 (max 15)
- age   3:        184 bytes,        184 total
- age   9:         16 bytes,        200 total
: 896K->0K(960K), 0.0008627 secs] 6137K->5817K(10176K), 0.0010308 secs] [Times: user=0.00 sys=0.00, real=0.00 secs] 
2019-01-02T11:14:26.882+0530: 934.781: [GC (Allocation Failure) 2019-01-02T11:14:26.882+0530: 934.781: [DefNew
Desired survivor size 32768 bytes, new threshold 15 (max 15)
- age   1:         24 bytes,         24 total
- age   4:        184 bytes,        208 total
- age  10:         16 bytes,        224 total
: 533K->0K(960K), 0.0003324 secs] 6350K->5817K(10176K), 0.0004413 secs] [Times: user=0.00 sys=0.00, real=0.00 secs] 
2019-01-02T11:14:26.883+0530: 934.782: [GC (Allocation Failure) 2019-01-02T11:14:26.883+0530: 934.782: [DefNew
Desired survivor size 32768 bytes, new threshold 15 (max 15)
- age   2:         24 bytes,         24 total
- age   5:        184 bytes,        208 total
- age  11:         16 bytes,        224 total
: 521K->0K(960K), 0.0011449 secs] 6338K->6338K(10176K), 0.0013370 secs] [Times: user=0.00 sys=0.00, real=0.00 secs] 
2019-01-02T11:14:26.885+0530: 934.784: [GC (Allocation Failure) 2019-01-02T11:14:26.885+0530: 934.784: [DefNew
Desired survivor size 32768 bytes, new threshold 15 (max 15)
- age   1:         24 bytes,         24 total
- age   6:         72 bytes,         96 total
- age  12:         16 bytes,        112 total
: 538K->0K(960K), 0.0003341 secs] 6877K->6859K(10176K), 0.0003985 secs] [Times: user=0.00 sys=0.00, real=0.00 secs] 
2019-01-02T11:14:26.945+0530: 934.843: [GC (Allocation Failure) 2019-01-02T11:14:26.945+0530: 934.844: [DefNew
Desired survivor size 32768 bytes, new threshold 15 (max 15)
- age   1:        248 bytes,        248 total
- age   7:         16 bytes,        264 total
- age  13:         16 bytes,        280 total
: 892K->0K(960K), 0.0010559 secs] 7751K->6931K(10176K), 0.0015275 secs] [Times: user=0.00 sys=0.00, real=0.00 secs] 
2019-01-02T11:14:26.948+0530: 934.846: [GC (Allocation Failure) 2019-01-02T11:14:26.948+0530: 934.846: [DefNew
Desired survivor size 32768 bytes, new threshold 15 (max 15)
- age   2:        184 bytes,        184 total
- age   8:         16 bytes,        200 total
- age  14:         16 bytes,        216 total
: 896K->0K(960K), 0.0009316 secs] 7827K->7219K(10176K), 0.0010582 secs] [Times: user=0.00 sys=0.00, real=0.00 secs] 
2019-01-02T11:14:26.951+0530: 934.849: [GC (Allocation Failure) 2019-01-02T11:14:26.951+0530: 934.849: [DefNew
Desired survivor size 32768 bytes, new threshold 15 (max 15)
- age   3:        184 bytes,        184 total
- age   9:         16 bytes,        200 total
- age  15:         16 bytes,        216 total
: 896K->0K(960K), 0.0011460 secs] 8115K->7795K(10176K), 0.0014397 secs] [Times: user=0.02 sys=0.00, real=0.00 secs] 
2019-01-02T11:14:26.955+0530: 934.853: [GC (Allocation Failure) 2019-01-02T11:14:26.955+0530: 934.853: [DefNew
Desired survivor size 32768 bytes, new threshold 15 (max 15)
- age   1:         24 bytes,         24 total
- age   4:        184 bytes,        208 total
- age  10:         16 bytes,        224 total
: 533K->0K(960K), 0.0002663 secs] 8328K->7795K(10176K), 0.0003518 secs] [Times: user=0.00 sys=0.00, real=0.00 secs] 
2019-01-02T11:14:26.955+0530: 934.854: [GC (Allocation Failure) 2019-01-02T11:14:26.955+0530: 934.854: [DefNew
Desired survivor size 32768 bytes, new threshold 15 (max 15)
- age   2:         24 bytes,         24 total
- age   5:        184 bytes,        208 total
- age  11:         16 bytes,        224 total
: 521K->0K(960K), 0.0003341 secs] 8316K->8316K(10176K), 0.0004054 secs] [Times: user=0.00 sys=0.00, real=0.00 secs] 
2019-01-02T11:14:26.956+0530: 934.855: [GC (Allocation Failure) 2019-01-02T11:14:26.956+0530: 934.855: [DefNew
Desired survivor size 32768 bytes, new threshold 15 (max 15)
- age   1:         24 bytes,         24 total
- age   6:         72 bytes,         96 total
- age  12:         16 bytes,        112 total
: 538K->0K(960K), 0.0003170 secs] 8855K->8837K(10176K), 0.0003951 secs] [Times: user=0.00 sys=0.00, real=0.00 secs] 
2019-01-02T11:14:27.034+0530: 934.933: [GC (Allocation Failure) 2019-01-02T11:14:27.034+0530: 934.933: [DefNew: 892K->892K(960K), 0.0000758 secs]2019-01-02T11:14:27.034+0530: 934.933: [Tenured: 8837K->1069K(9216K), 0.0047973 secs] 9730K->1069K(10176K), [Metaspace: 2520K->2520K(1056768K)], 0.0051913 secs] [Times: user=0.00 sys=0.00, real=0.01 secs] 
2019-01-02T11:14:27.040+0530: 934.939: [GC (Allocation Failure) 2019-01-02T11:14:27.040+0530: 934.939: [DefNew
Desired survivor size 32768 bytes, new threshold 15 (max 15)
: 896K->0K(960K), 0.0003107 secs] 1965K->1357K(10176K), 0.0003906 secs] [Times: user=0.00 sys=0.00, real=0.00 secs] 
2019-01-02T11:14:27.042+0530: 934.940: [GC (Allocation Failure) 2019-01-02T11:14:27.042+0530: 934.940: [DefNew
Desired survivor size 32768 bytes, new threshold 15 (max 15)
: 896K->0K(960K), 0.0003079 secs] 2253K->1933K(10176K), 0.0003615 secs] [Times: user=0.00 sys=0.00, real=0.00 secs] 
2019-01-02T11:14:27.043+0530: 934.942: [GC (Allocation Failure) 2019-01-02T11:14:27.044+0530: 934.942: [DefNew
Desired survivor size 32768 bytes, new threshold 15 (max 15)
- age   1:         24 bytes,         24 total
: 533K->0K(960K), 0.0006705 secs] 2466K->1933K(10176K), 0.0009271 secs] [Times: user=0.00 sys=0.00, real=0.00 secs] 
2019-01-02T11:14:27.045+0530: 934.944: [GC (Allocation Failure) 2019-01-02T11:14:27.045+0530: 934.944: [DefNew
Desired survivor size 32768 bytes, new threshold 15 (max 15)
- age   2:         24 bytes,         24 total
: 521K->0K(960K), 0.0004567 secs] 2454K->2454K(10176K), 0.0005474 secs] [Times: user=0.00 sys=0.00, real=0.00 secs] 
2019-01-02T11:14:27.046+0530: 934.945: [GC (Allocation Failure) 2019-01-02T11:14:27.046+0530: 934.945: [DefNew
Desired survivor size 32768 bytes, new threshold 15 (max 15)
- age   1:         24 bytes,         24 total
: 538K->0K(960K), 0.0008820 secs] 2993K->2975K(10176K), 0.0009676 secs] [Times: user=0.00 sys=0.00, real=0.00 secs] 
2019-01-02T11:14:27.107+0530: 935.006: [GC (Allocation Failure) 2019-01-02T11:14:27.108+0530: 935.007: [DefNew
Desired survivor size 32768 bytes, new threshold 15 (max 15)
- age   1:        248 bytes,        248 total
: 892K->0K(960K), 0.0011141 secs] 3868K->3047K(10176K), 0.0014482 secs] [Times: user=0.00 sys=0.00, real=0.00 secs] 
2019-01-02T11:14:27.111+0530: 935.010: [GC (Allocation Failure) 2019-01-02T11:14:27.111+0530: 935.010: [DefNew
Desired survivor size 32768 bytes, new threshold 15 (max 15)
- age   2:        184 bytes,        184 total
: 896K->0K(960K), 0.0013598 secs] 3943K->3335K(10176K), 0.0015548 secs] [Times: user=0.00 sys=0.00, real=0.00 secs] 
2019-01-02T11:14:27.114+0530: 935.012: [GC (Allocation Failure) 2019-01-02T11:14:27.114+0530: 935.012: [DefNew
Desired survivor size 32768 bytes, new threshold 15 (max 15)
- age   3:        184 bytes,        184 total
: 896K->0K(960K), 0.0008336 secs] 4231K->3911K(10176K), 0.0009408 secs] [Times: user=0.00 sys=0.00, real=0.00 secs] 
2019-01-02T11:14:27.116+0530: 935.015: [GC (Allocation Failure) 2019-01-02T11:14:27.116+0530: 935.015: [DefNew
Desired survivor size 32768 bytes, new threshold 15 (max 15)
- age   1:         24 bytes,         24 total
- age   4:        184 bytes,        208 total
: 533K->0K(960K), 0.0004008 secs] 4444K->3911K(10176K), 0.0004749 secs] [Times: user=0.00 sys=0.00, real=0.00 secs] 
2019-01-02T11:14:27.117+0530: 935.015: [GC (Allocation Failure) 2019-01-02T11:14:27.117+0530: 935.015: [DefNew
Desired survivor size 32768 bytes, new threshold 15 (max 15)
- age   2:         24 bytes,         24 total
- age   5:        184 bytes,        208 total
: 521K->0K(960K), 0.0003062 secs] 4432K->4432K(10176K), 0.0003655 secs] [Times: user=0.00 sys=0.00, real=0.00 secs] 
2019-01-02T11:14:27.117+0530: 935.016: [GC (Allocation Failure) 2019-01-02T11:14:27.117+0530: 935.016: [DefNew
Desired survivor size 32768 bytes, new threshold 15 (max 15)
- age   1:         24 bytes,         24 total
- age   6:         72 bytes,         96 total
: 538K->0K(960K), 0.0002999 secs] 4971K->4953K(10176K), 0.0003586 secs] [Times: user=0.00 sys=0.00, real=0.00 secs] 
2019-01-02T11:14:27.173+0530: 935.072: [GC (Allocation Failure) 2019-01-02T11:14:27.174+0530: 935.073: [DefNew
Desired survivor size 32768 bytes, new threshold 15 (max 15)
- age   1:        248 bytes,        248 total
- age   7:         16 bytes,        264 total
: 892K->0K(960K), 0.0008706 secs] 5846K->5026K(10176K), 0.0011854 secs] [Times: user=0.00 sys=0.00, real=0.00 secs] 
2019-01-02T11:14:27.176+0530: 935.075: [GC (Allocation Failure) 2019-01-02T11:14:27.176+0530: 935.075: [DefNew
Desired survivor size 32768 bytes, new threshold 15 (max 15)
- age   2:        184 bytes,        184 total
- age   8:         16 bytes,        200 total
: 896K->0K(960K), 0.0009493 secs] 5922K->5314K(10176K), 0.0012333 secs] [Times: user=0.00 sys=0.00, real=0.00 secs] 
2019-01-02T11:14:27.180+0530: 935.078: [GC (Allocation Failure) 2019-01-02T11:14:27.180+0530: 935.079: [DefNew
Desired survivor size 32768 bytes, new threshold 15 (max 15)
- age   3:        184 bytes,        184 total
- age   9:         16 bytes,        200 total
: 896K->0K(960K), 0.0008073 secs] 6210K->5890K(10176K), 0.0010998 secs] [Times: user=0.00 sys=0.00, real=0.00 secs] 
2019-01-02T11:14:27.182+0530: 935.081: [GC (Allocation Failure) 2019-01-02T11:14:27.182+0530: 935.081: [DefNew
Desired survivor size 32768 bytes, new threshold 15 (max 15)
- age   1:         24 bytes,         24 total
- age   4:        184 bytes,        208 total
- age  10:         16 bytes,        224 total
: 533K->0K(960K), 0.0005850 secs] 6423K->5890K(10176K), 0.0007024 secs] [Times: user=0.00 sys=0.00, real=0.00 secs] 
2019-01-02T11:14:27.183+0530: 935.082: [GC (Allocation Failure) 2019-01-02T11:14:27.183+0530: 935.082: [DefNew
Desired survivor size 32768 bytes, new threshold 15 (max 15)
- age   2:         24 bytes,         24 total
- age   5:        184 bytes,        208 total
- age  11:         16 bytes,        224 total
: 521K->0K(960K), 0.0003256 secs] 6411K->6411K(10176K), 0.0003951 secs] [Times: user=0.00 sys=0.00, real=0.00 secs] 
2019-01-02T11:14:27.184+0530: 935.083: [GC (Allocation Failure) 2019-01-02T11:14:27.184+0530: 935.083: [DefNew
Desired survivor size 32768 bytes, new threshold 15 (max 15)
- age   1:         24 bytes,         24 total
- age   6:         72 bytes,         96 total
- age  12:         16 bytes,        112 total
: 539K->0K(960K), 0.0003113 secs] 6950K->6932K(10176K), 0.0003814 secs] [Times: user=0.00 sys=0.00, real=0.00 secs] 
2019-01-02T11:14:27.248+0530: 935.147: [GC (Allocation Failure) 2019-01-02T11:14:27.249+0530: 935.147: [DefNew
Desired survivor size 32768 bytes, new threshold 15 (max 15)
- age   1:        248 bytes,        248 total
- age   7:         16 bytes,        264 total
- age  13:         16 bytes,        280 total
: 892K->0K(960K), 0.0014653 secs] 7824K->7004K(10176K), 0.0017686 secs] [Times: user=0.00 sys=0.00, real=0.00 secs] 
2019-01-02T11:14:27.253+0530: 935.151: [GC (Allocation Failure) 2019-01-02T11:14:27.253+0530: 935.152: [DefNew
Desired survivor size 32768 bytes, new threshold 15 (max 15)
- age   2:        184 bytes,        184 total
- age   8:         16 bytes,        200 total
- age  14:         16 bytes,        216 total
: 896K->0K(960K), 0.0003449 secs] 7900K->7292K(10176K), 0.0004367 secs] [Times: user=0.00 sys=0.00, real=0.00 secs] 
2019-01-02T11:14:27.254+0530: 935.153: [GC (Allocation Failure) 2019-01-02T11:14:27.254+0530: 935.153: [DefNew
Desired survivor size 32768 bytes, new threshold 15 (max 15)
- age   3:        184 bytes,        184 total
- age   9:         16 bytes,        200 total
- age  15:         16 bytes,        216 total
: 896K->0K(960K), 0.0003318 secs] 8188K->7868K(10176K), 0.0004020 secs] [Times: user=0.00 sys=0.00, real=0.00 secs] 
2019-01-02T11:14:27.256+0530: 935.154: [GC (Allocation Failure) 2019-01-02T11:14:27.256+0530: 935.154: [DefNew
Desired survivor size 32768 bytes, new threshold 15 (max 15)
- age   1:         24 bytes,         24 total
- age   4:        184 bytes,        208 total
- age  10:         16 bytes,        224 total
: 533K->0K(960K), 0.0002184 secs] 8401K->7868K(10176K), 0.0004151 secs] [Times: user=0.00 sys=0.00, real=0.00 secs] 
2019-01-02T11:14:27.256+0530: 935.155: [GC (Allocation Failure) 2019-01-02T11:14:27.256+0530: 935.155: [DefNew
Desired survivor size 32768 bytes, new threshold 15 (max 15)
- age   2:         24 bytes,         24 total
- age   5:        184 bytes,        208 total
- age  11:         16 bytes,        224 total
: 521K->0K(960K), 0.0003130 secs] 8389K->8389K(10176K), 0.0003649 secs] [Times: user=0.00 sys=0.00, real=0.00 secs] 
2019-01-02T11:14:27.257+0530: 935.156: [GC (Allocation Failure) 2019-01-02T11:14:27.257+0530: 935.156: [DefNew
Desired survivor size 32768 bytes, new threshold 15 (max 15)
- age   1:         24 bytes,         24 total
- age   6:         72 bytes,         96 total
- age  12:         16 bytes,        112 total
: 539K->0K(960K), 0.0003050 secs] 8928K->8910K(10176K), 0.0003558 secs] [Times: user=0.00 sys=0.00, real=0.00 secs] 
2019-01-02T11:14:27.318+0530: 935.217: [GC (Allocation Failure) 2019-01-02T11:14:27.318+0530: 935.217: [DefNew: 892K->892K(960K), 0.0000462 secs]2019-01-02T11:14:27.318+0530: 935.217: [Tenured: 8910K->852K(9216K), 0.0070460 secs] 9803K->852K(10176K), [Metaspace: 2520K->2520K(1056768K)], 0.0074229 secs] [Times: user=0.02 sys=0.00, real=0.01 secs] 
2019-01-02T11:14:27.327+0530: 935.226: [GC (Allocation Failure) 2019-01-02T11:14:27.327+0530: 935.226: [DefNew
Desired survivor size 32768 bytes, new threshold 15 (max 15)
: 896K->0K(960K), 0.0002805 secs] 1748K->1140K(10176K), 0.0003427 secs] [Times: user=0.00 sys=0.00, real=0.00 secs] 
2019-01-02T11:14:27.329+0530: 935.228: [GC (Allocation Failure) 2019-01-02T11:14:27.329+0530: 935.228: [DefNew
Desired survivor size 32768 bytes, new threshold 15 (max 15)
: 896K->0K(960K), 0.0009037 secs] 2036K->1716K(10176K), 0.0010936 secs] [Times: user=0.00 sys=0.00, real=0.00 secs] 
2019-01-02T11:14:27.331+0530: 935.230: [GC (Allocation Failure) 2019-01-02T11:14:27.331+0530: 935.230: [DefNew
Desired survivor size 32768 bytes, new threshold 15 (max 15)
- age   1:         24 bytes,         24 total
: 533K->0K(960K), 0.0005160 secs] 2249K->1716K(10176K), 0.0005981 secs] [Times: user=0.00 sys=0.00, real=0.00 secs] 
2019-01-02T11:14:27.333+0530: 935.231: [GC (Allocation Failure) 2019-01-02T11:14:27.333+0530: 935.231: [DefNew
Desired survivor size 32768 bytes, new threshold 15 (max 15)
- age   2:         24 bytes,         24 total
: 521K->0K(960K), 0.0003712 secs] 2237K->2237K(10176K), 0.0004419 secs] [Times: user=0.00 sys=0.00, real=0.00 secs] 
2019-01-02T11:14:27.334+0530: 935.233: [GC (Allocation Failure) 2019-01-02T11:14:27.334+0530: 935.233: [DefNew
Desired survivor size 32768 bytes, new threshold 15 (max 15)
- age   1:         24 bytes,         24 total
: 538K->0K(960K), 0.0003529 secs] 2776K->2758K(10176K), 0.0004310 secs] [Times: user=0.00 sys=0.00, real=0.00 secs] 
2019-01-02T11:14:27.399+0530: 935.298: [GC (Allocation Failure) 2019-01-02T11:14:27.399+0530: 935.298: [DefNew
Desired survivor size 32768 bytes, new threshold 15 (max 15)
- age   1:        248 bytes,        248 total
: 892K->0K(960K), 0.0006831 secs] 3651K->2831K(10176K), 0.0008951 secs] [Times: user=0.00 sys=0.00, real=0.00 secs] 
2019-01-02T11:14:27.401+0530: 935.300: [GC (Allocation Failure) 2019-01-02T11:14:27.402+0530: 935.300: [DefNew
Desired survivor size 32768 bytes, new threshold 15 (max 15)
- age   2:        184 bytes,        184 total
: 896K->0K(960K), 0.0008433 secs] 3727K->3119K(10176K), 0.0010576 secs] [Times: user=0.00 sys=0.00, real=0.00 secs] 
2019-01-02T11:14:27.404+0530: 935.303: [GC (Allocation Failure) 2019-01-02T11:14:27.404+0530: 935.303: [DefNew
Desired survivor size 32768 bytes, new threshold 15 (max 15)
- age   3:        184 bytes,        184 total
: 896K->0K(960K), 0.0003700 secs] 4015K->3695K(10176K), 0.0004487 secs] [Times: user=0.00 sys=0.00, real=0.00 secs] 
2019-01-02T11:14:27.405+0530: 935.304: [GC (Allocation Failure) 2019-01-02T11:14:27.405+0530: 935.304: [DefNew
Desired survivor size 32768 bytes, new threshold 15 (max 15)
- age   1:         24 bytes,         24 total
- age   4:        184 bytes,        208 total
: 533K->0K(960K), 0.0002360 secs] 4228K->3695K(10176K), 0.0002953 secs] [Times: user=0.00 sys=0.00, real=0.00 secs] 
2019-01-02T11:14:27.406+0530: 935.305: [GC (Allocation Failure) 2019-01-02T11:14:27.406+0530: 935.305: [DefNew
Desired survivor size 32768 bytes, new threshold 15 (max 15)
- age   2:         24 bytes,         24 total
- age   5:        184 bytes,        208 total
: 521K->0K(960K), 0.0003113 secs] 4216K->4216K(10176K), 0.0003643 secs] [Times: user=0.00 sys=0.00, real=0.00 secs] 
2019-01-02T11:14:27.407+0530: 935.305: [GC (Allocation Failure) 2019-01-02T11:14:27.407+0530: 935.305: [DefNew
Desired survivor size 32768 bytes, new threshold 15 (max 15)
- age   1:         24 bytes,         24 total
- age   6:         72 bytes,         96 total
: 539K->0K(960K), 0.0003073 secs] 4755K->4737K(10176K), 0.0003655 secs] [Times: user=0.00 sys=0.00, real=0.00 secs] 
2019-01-02T11:14:27.473+0530: 935.372: [GC (Allocation Failure) 2019-01-02T11:14:27.473+0530: 935.372: [DefNew
Desired survivor size 32768 bytes, new threshold 15 (max 15)
- age   1:        248 bytes,        248 total
- age   7:         16 bytes,        264 total
: 892K->0K(960K), 0.0006722 secs] 5630K->4809K(10176K), 0.0009334 secs] [Times: user=0.00 sys=0.00, real=0.00 secs] 
2019-01-02T11:14:27.475+0530: 935.374: [GC (Allocation Failure) 2019-01-02T11:14:27.475+0530: 935.374: [DefNew
Desired survivor size 32768 bytes, new threshold 15 (max 15)
- age   2:        184 bytes,        184 total
- age   8:         16 bytes,        200 total
: 896K->0K(960K), 0.0003199 secs] 5705K->5097K(10176K), 0.0003849 secs] [Times: user=0.00 sys=0.00, real=0.00 secs] 
2019-01-02T11:14:27.476+0530: 935.375: [GC (Allocation Failure) 2019-01-02T11:14:27.476+0530: 935.375: [DefNew
Desired survivor size 32768 bytes, new threshold 15 (max 15)
- age   3:        184 bytes,        184 total
- age   9:         16 bytes,        200 total
: 896K->0K(960K), 0.0003324 secs] 5993K->5673K(10176K), 0.0003906 secs] [Times: user=0.00 sys=0.00, real=0.00 secs] 
2019-01-02T11:14:27.477+0530: 935.376: [GC (Allocation Failure) 2019-01-02T11:14:27.477+0530: 935.376: [DefNew
Desired survivor size 32768 bytes, new threshold 15 (max 15)
- age   1:         24 bytes,         24 total
- age   4:        184 bytes,        208 total
- age  10:         16 bytes,        224 total
: 533K->0K(960K), 0.0002207 secs] 6206K->5673K(10176K), 0.0002720 secs] [Times: user=0.00 sys=0.00, real=0.00 secs] 
2019-01-02T11:14:27.478+0530: 935.377: [GC (Allocation Failure) 2019-01-02T11:14:27.478+0530: 935.377: [DefNew
Desired survivor size 32768 bytes, new threshold 15 (max 15)
- age   2:         24 bytes,         24 total
- age   5:        184 bytes,        208 total
- age  11:         16 bytes,        224 total
: 521K->0K(960K), 0.0006049 secs] 6194K->6194K(10176K), 0.0008170 secs] [Times: user=0.00 sys=0.00, real=0.00 secs] 
2019-01-02T11:14:27.480+0530: 935.379: [GC (Allocation Failure) 2019-01-02T11:14:27.480+0530: 935.379: [DefNew
Desired survivor size 32768 bytes, new threshold 15 (max 15)
- age   1:         24 bytes,         24 total
- age   6:         72 bytes,         96 total
- age  12:         16 bytes,        112 total
: 539K->0K(960K), 0.0003615 secs] 6733K->6716K(10176K), 0.0004516 secs] [Times: user=0.00 sys=0.00, real=0.00 secs] 
2019-01-02T11:14:27.544+0530: 935.443: [GC (Allocation Failure) 2019-01-02T11:14:27.544+0530: 935.443: [DefNew
Desired survivor size 32768 bytes, new threshold 15 (max 15)
- age   1:        248 bytes,        248 total
- age   7:         16 bytes,        264 total
- age  13:         16 bytes,        280 total
: 892K->0K(960K), 0.0006101 secs] 7608K->6788K(10176K), 0.0009596 secs] [Times: user=0.00 sys=0.00, real=0.00 secs] 
2019-01-02T11:14:27.547+0530: 935.446: [GC (Allocation Failure) 2019-01-02T11:14:27.547+0530: 935.446: [DefNew
Desired survivor size 32768 bytes, new threshold 15 (max 15)
- age   2:        184 bytes,        184 total
- age   8:         16 bytes,        200 total
- age  14:         16 bytes,        216 total
: 896K->0K(960K), 0.0009989 secs] 7684K->7076K(10176K), 0.0012766 secs] [Times: user=0.00 sys=0.00, real=0.00 secs] 
2019-01-02T11:14:27.550+0530: 935.449: [GC (Allocation Failure) 2019-01-02T11:14:27.550+0530: 935.449: [DefNew
Desired survivor size 32768 bytes, new threshold 15 (max 15)
- age   3:        184 bytes,        184 total
- age   9:         16 bytes,        200 total
- age  15:         16 bytes,        216 total
: 896K->0K(960K), 0.0009573 secs] 7972K->7652K(10176K), 0.0010639 secs] [Times: user=0.00 sys=0.00, real=0.00 secs] 
2019-01-02T11:14:27.552+0530: 935.451: [GC (Allocation Failure) 2019-01-02T11:14:27.552+0530: 935.451: [DefNew
Desired survivor size 32768 bytes, new threshold 15 (max 15)
- age   1:         24 bytes,         24 total
- age   4:        184 bytes,        208 total
- age  10:         16 bytes,        224 total
: 533K->0K(960K), 0.0005707 secs] 8185K->7652K(10176K), 0.0006340 secs] [Times: user=0.00 sys=0.00, real=0.00 secs] 
2019-01-02T11:14:27.553+0530: 935.452: [GC (Allocation Failure) 2019-01-02T11:14:27.553+0530: 935.452: [DefNew
Desired survivor size 32768 bytes, new threshold 15 (max 15)
- age   2:         24 bytes,         24 total
- age   5:        184 bytes,        208 total
- age  11:         16 bytes,        224 total
: 521K->0K(960K), 0.0004499 secs] 8173K->8173K(10176K), 0.0005417 secs] [Times: user=0.00 sys=0.00, real=0.00 secs] 
2019-01-02T11:14:27.554+0530: 935.453: [GC (Allocation Failure) 2019-01-02T11:14:27.554+0530: 935.453: [DefNew
Desired survivor size 32768 bytes, new threshold 15 (max 15)
- age   1:         24 bytes,         24 total
- age   6:         72 bytes,         96 total
- age  12:         16 bytes,        112 total
: 539K->0K(960K), 0.0004099 secs] 8712K->8694K(10176K), 0.0004852 secs] [Times: user=0.00 sys=0.00, real=0.00 secs] 
2019-01-02T11:14:27.617+0530: 935.516: [GC (Allocation Failure) 2019-01-02T11:14:27.617+0530: 935.516: [DefNew: 892K->892K(960K), 0.0001021 secs]2019-01-02T11:14:27.617+0530: 935.516: [Tenured: 8694K->924K(9216K), 0.0051531 secs] 9587K->924K(10176K), [Metaspace: 2520K->2520K(1056768K)], 0.0055459 secs] [Times: user=0.02 sys=0.00, real=0.00 secs] 
2019-01-02T11:14:27.624+0530: 935.523: [GC (Allocation Failure) 2019-01-02T11:14:27.624+0530: 935.523: [DefNew
Desired survivor size 32768 bytes, new threshold 15 (max 15)
: 896K->0K(960K), 0.0004082 secs] 1820K->1212K(10176K), 0.0005223 secs] [Times: user=0.00 sys=0.00, real=0.00 secs] 
2019-01-02T11:14:27.625+0530: 935.524: [GC (Allocation Failure) 2019-01-02T11:14:27.625+0530: 935.524: [DefNew
Desired survivor size 32768 bytes, new threshold 15 (max 15)
: 896K->0K(960K), 0.0003478 secs] 2108K->1788K(10176K), 0.0004316 secs] [Times: user=0.00 sys=0.00, real=0.00 secs] 
2019-01-02T11:14:27.627+0530: 935.525: [GC (Allocation Failure) 2019-01-02T11:14:27.627+0530: 935.525: [DefNew
Desired survivor size 32768 bytes, new threshold 15 (max 15)
- age   1:         24 bytes,         24 total
: 533K->0K(960K), 0.0002212 secs] 2322K->1788K(10176K), 0.0002891 secs] [Times: user=0.00 sys=0.00, real=0.00 secs] 
2019-01-02T11:14:27.627+0530: 935.526: [GC (Allocation Failure) 2019-01-02T11:14:27.627+0530: 935.526: [DefNew
Desired survivor size 32768 bytes, new threshold 15 (max 15)
- age   2:         24 bytes,         24 total
: 521K->0K(960K), 0.0003164 secs] 2310K->2310K(10176K), 0.0003849 secs] [Times: user=0.00 sys=0.00, real=0.00 secs] 
2019-01-02T11:14:27.628+0530: 935.527: [GC (Allocation Failure) 2019-01-02T11:14:27.628+0530: 935.527: [DefNew
Desired survivor size 32768 bytes, new threshold 15 (max 15)
- age   1:         24 bytes,         24 total
: 538K->0K(960K), 0.0003153 secs] 2849K->2831K(10176K), 0.0003843 secs] [Times: user=0.00 sys=0.00, real=0.00 secs] 
2019-01-02T11:14:27.686+0530: 935.585: [GC (Allocation Failure) 2019-01-02T11:14:27.687+0530: 935.585: [DefNew
Desired survivor size 32768 bytes, new threshold 15 (max 15)
- age   1:        248 bytes,        248 total
: 892K->0K(960K), 0.0010183 secs] 3724K->2903K(10176K), 0.0013097 secs] [Times: user=0.00 sys=0.00, real=0.00 secs] 
2019-01-02T11:14:27.689+0530: 935.588: [GC (Allocation Failure) 2019-01-02T11:14:27.689+0530: 935.588: [DefNew
Desired survivor size 32768 bytes, new threshold 15 (max 15)
- age   2:        184 bytes,        184 total
: 896K->0K(960K), 0.0008701 secs] 3799K->3191K(10176K), 0.0010873 secs] [Times: user=0.00 sys=0.00, real=0.00 secs] 
2019-01-02T11:14:27.692+0530: 935.591: [GC (Allocation Failure) 2019-01-02T11:14:27.692+0530: 935.591: [DefNew
Desired survivor size 32768 bytes, new threshold 15 (max 15)
- age   3:        184 bytes,        184 total
: 896K->0K(960K), 0.0009812 secs] 4087K->3767K(10176K), 0.0011352 secs] [Times: user=0.00 sys=0.00, real=0.00 secs] 
2019-01-02T11:14:27.695+0530: 935.593: [GC (Allocation Failure) 2019-01-02T11:14:27.695+0530: 935.594: [DefNew
Desired survivor size 32768 bytes, new threshold 15 (max 15)
- age   1:         24 bytes,         24 total
- age   4:        184 bytes,        208 total
: 533K->0K(960K), 0.0006038 secs] 4300K->3767K(10176K), 0.0007691 secs] [Times: user=0.00 sys=0.00, real=0.00 secs] 
2019-01-02T11:14:27.696+0530: 935.595: [GC (Allocation Failure) 2019-01-02T11:14:27.696+0530: 935.595: [DefNew
Desired survivor size 32768 bytes, new threshold 15 (max 15)
- age   2:         24 bytes,         24 total
- age   5:        184 bytes,        208 total
: 521K->0K(960K), 0.0004042 secs] 4288K->4288K(10176K), 0.0005097 secs] [Times: user=0.00 sys=0.00, real=0.00 secs] 
2019-01-02T11:14:27.697+0530: 935.596: [GC (Allocation Failure) 2019-01-02T11:14:27.697+0530: 935.596: [DefNew
Desired survivor size 32768 bytes, new threshold 15 (max 15)
- age   1:         24 bytes,         24 total
- age   6:         72 bytes,         96 total
: 539K->0K(960K), 0.0006517 secs] 4827K->4810K(10176K), 0.0008022 secs] [Times: user=0.00 sys=0.00, real=0.00 secs] 
2019-01-02T11:14:27.769+0530: 935.668: [GC (Allocation Failure) 2019-01-02T11:14:27.769+0530: 935.668: [DefNew
Desired survivor size 32768 bytes, new threshold 15 (max 15)
- age   1:        248 bytes,        248 total
- age   7:         16 bytes,        264 total
: 892K->0K(960K), 0.0005941 secs] 5702K->4882K(10176K), 0.0007144 secs] [Times: user=0.00 sys=0.00, real=0.00 secs] 
2019-01-02T11:14:27.771+0530: 935.670: [GC (Allocation Failure) 2019-01-02T11:14:27.771+0530: 935.670: [DefNew
Desired survivor size 32768 bytes, new threshold 15 (max 15)
- age   2:        184 bytes,        184 total
- age   8:         16 bytes,        200 total
: 896K->0K(960K), 0.0007880 secs] 5778K->5170K(10176K), 0.0009088 secs] [Times: user=0.00 sys=0.00, real=0.00 secs] 
2019-01-02T11:14:27.773+0530: 935.672: [GC (Allocation Failure) 2019-01-02T11:14:27.773+0530: 935.672: [DefNew
Desired survivor size 32768 bytes, new threshold 15 (max 15)
- age   3:        184 bytes,        184 total
- age   9:         16 bytes,        200 total
: 896K->0K(960K), 0.0006135 secs] 6066K->5746K(10176K), 0.0006973 secs] [Times: user=0.00 sys=0.00, real=0.00 secs] 
2019-01-02T11:14:27.775+0530: 935.674: [GC (Allocation Failure) 2019-01-02T11:14:27.775+0530: 935.674: [DefNew
Desired survivor size 32768 bytes, new threshold 15 (max 15)
- age   1:         24 bytes,         24 total
- age   4:        184 bytes,        208 total
- age  10:         16 bytes,        224 total
: 533K->0K(960K), 0.0002600 secs] 6279K->5746K(10176K), 0.0003392 secs] [Times: user=0.00 sys=0.00, real=0.00 secs] 
2019-01-02T11:14:27.776+0530: 935.675: [GC (Allocation Failure) 2019-01-02T11:14:27.776+0530: 935.675: [DefNew
Desired survivor size 32768 bytes, new threshold 15 (max 15)
- age   2:         24 bytes,         24 total
- age   5:        184 bytes,        208 total
- age  11:         16 bytes,        224 total
: 521K->0K(960K), 0.0003290 secs] 6267K->6267K(10176K), 0.0003991 secs] [Times: user=0.00 sys=0.00, real=0.00 secs] 
2019-01-02T11:14:27.777+0530: 935.676: [GC (Allocation Failure) 2019-01-02T11:14:27.777+0530: 935.676: [DefNew
Desired survivor size 32768 bytes, new threshold 15 (max 15)
- age   1:         24 bytes,         24 total
- age   6:         72 bytes,         96 total
- age  12:         16 bytes,        112 total
: 539K->0K(960K), 0.0003335 secs] 6806K->6788K(10176K), 0.0004094 secs] [Times: user=0.00 sys=0.00, real=0.00 secs] 
2019-01-02T11:14:27.841+0530: 935.740: [GC (Allocation Failure) 2019-01-02T11:14:27.841+0530: 935.740: [DefNew
Desired survivor size 32768 bytes, new threshold 15 (max 15)
- age   1:        248 bytes,        248 total
- age   7:         16 bytes,        264 total
- age  13:         16 bytes,        280 total
: 892K->0K(960K), 0.0011762 secs] 7681K->6861K(10176K), 0.0015771 secs] [Times: user=0.00 sys=0.00, real=0.00 secs] 
2019-01-02T11:14:27.844+0530: 935.743: [GC (Allocation Failure) 2019-01-02T11:14:27.844+0530: 935.743: [DefNew
Desired survivor size 32768 bytes, new threshold 15 (max 15)
- age   2:        184 bytes,        184 total
- age   8:         16 bytes,        200 total
- age  14:         16 bytes,        216 total
: 896K->0K(960K), 0.0011546 secs] 7757K->7149K(10176K), 0.0013553 secs] [Times: user=0.00 sys=0.00, real=0.00 secs] 
2019-01-02T11:14:27.847+0530: 935.746: [GC (Allocation Failure) 2019-01-02T11:14:27.847+0530: 935.746: [DefNew
Desired survivor size 32768 bytes, new threshold 15 (max 15)
- age   3:        184 bytes,        184 total
- age   9:         16 bytes,        200 total
- age  15:         16 bytes,        216 total
: 896K->0K(960K), 0.0005035 secs] 8045K->7725K(10176K), 0.0006859 secs] [Times: user=0.00 sys=0.00, real=0.00 secs] 
2019-01-02T11:14:27.849+0530: 935.748: [GC (Allocation Failure) 2019-01-02T11:14:27.849+0530: 935.748: [DefNew
Desired survivor size 32768 bytes, new threshold 15 (max 15)
- age   1:         24 bytes,         24 total
- age   4:        184 bytes,        208 total
- age  10:         16 bytes,        224 total
: 533K->0K(960K), 0.0008165 secs] 8258K->7725K(10176K), 0.0009510 secs] [Times: user=0.00 sys=0.00, real=0.00 secs] 
2019-01-02T11:14:27.851+0530: 935.750: [GC (Allocation Failure) 2019-01-02T11:14:27.851+0530: 935.750: [DefNew
Desired survivor size 32768 bytes, new threshold 15 (max 15)
- age   2:         24 bytes,         24 total
- age   5:        184 bytes,        208 total
- age  11:         16 bytes,        224 total
: 521K->0K(960K), 0.0008108 secs] 8246K->8246K(10176K), 0.0009430 secs] [Times: user=0.00 sys=0.00, real=0.00 secs] 
2019-01-02T11:14:27.853+0530: 935.752: [GC (Allocation Failure) 2019-01-02T11:14:27.853+0530: 935.752: [DefNew
Desired survivor size 32768 bytes, new threshold 15 (max 15)
- age   1:         24 bytes,         24 total
- age   6:         72 bytes,         96 total
- age  12:         16 bytes,        112 total
: 539K->0K(960K), 0.0004898 secs] 8785K->8767K(10176K), 0.0006722 secs] [Times: user=0.00 sys=0.00, real=0.00 secs] 
2019-01-02T11:14:28.007+0530: 935.905: [GC (Allocation Failure) 2019-01-02T11:14:28.007+0530: 935.906: [DefNew: 892K->892K(960K), 0.0000525 secs]2019-01-02T11:14:28.007+0530: 935.906: [Tenured: 8767K->997K(9216K), 0.0059861 secs] 9660K->997K(10176K), [Metaspace: 2520K->2520K(1056768K)], 0.0062432 secs] [Times: user=0.02 sys=0.00, real=0.01 secs] 
2019-01-02T11:14:28.014+0530: 935.913: [GC (Allocation Failure) 2019-01-02T11:14:28.014+0530: 935.913: [DefNew
Desired survivor size 32768 bytes, new threshold 15 (max 15)
: 896K->0K(960K), 0.0011038 secs] 1893K->1285K(10176K), 0.0014858 secs] [Times: user=0.00 sys=0.00, real=0.00 secs] 
2019-01-02T11:14:28.017+0530: 935.916: [GC (Allocation Failure) 2019-01-02T11:14:28.017+0530: 935.916: [DefNew
Desired survivor size 32768 bytes, new threshold 15 (max 15)
: 896K->0K(960K), 0.0005097 secs] 2181K->1861K(10176K), 0.0006409 secs] [Times: user=0.00 sys=0.00, real=0.00 secs] 
2019-01-02T11:14:28.020+0530: 935.919: [GC (Allocation Failure) 2019-01-02T11:14:28.020+0530: 935.919: [DefNew
Desired survivor size 32768 bytes, new threshold 15 (max 15)
- age   1:         24 bytes,         24 total
: 533K->0K(960K), 0.0005052 secs] 2394K->1861K(10176K), 0.0007366 secs] [Times: user=0.00 sys=0.00, real=0.00 secs] 
2019-01-02T11:14:28.022+0530: 935.921: [GC (Allocation Failure) 2019-01-02T11:14:28.022+0530: 935.921: [DefNew
Desired survivor size 32768 bytes, new threshold 15 (max 15)
- age   2:         24 bytes,         24 total
: 521K->0K(960K), 0.0009476 secs] 2382K->2382K(10176K), 0.0011192 secs] [Times: user=0.00 sys=0.00, real=0.00 secs] 
2019-01-02T11:14:28.024+0530: 935.922: [GC (Allocation Failure) 2019-01-02T11:14:28.024+0530: 935.922: [DefNew
Desired survivor size 32768 bytes, new threshold 15 (max 15)
- age   1:         24 bytes,         24 total
: 539K->0K(960K), 0.0004402 secs] 2921K->2903K(10176K), 0.0005228 secs] [Times: user=0.00 sys=0.00, real=0.00 secs] 
2019-01-02T11:14:28.103+0530: 936.002: [GC (Allocation Failure) 2019-01-02T11:14:28.103+0530: 936.002: [DefNew
Desired survivor size 32768 bytes, new threshold 15 (max 15)
- age   1:        248 bytes,        248 total
: 892K->0K(960K), 0.0016193 secs] 3796K->2976K(10176K), 0.0018154 secs] [Times: user=0.00 sys=0.00, real=0.00 secs] 
2019-01-02T11:14:28.106+0530: 936.005: [GC (Allocation Failure) 2019-01-02T11:14:28.106+0530: 936.005: [DefNew
Desired survivor size 32768 bytes, new threshold 15 (max 15)
- age   2:        184 bytes,        184 total
: 896K->0K(960K), 0.0010827 secs] 3872K->3264K(10176K), 0.0012737 secs] [Times: user=0.00 sys=0.00, real=0.00 secs] 
2019-01-02T11:14:28.109+0530: 936.008: [GC (Allocation Failure) 2019-01-02T11:14:28.109+0530: 936.008: [DefNew
Desired survivor size 32768 bytes, new threshold 15 (max 15)
- age   3:        184 bytes,        184 total
: 896K->0K(960K), 0.0008969 secs] 4160K->3840K(10176K), 0.0011494 secs] [Times: user=0.00 sys=0.00, real=0.00 secs] 
2019-01-02T11:14:28.112+0530: 936.010: [GC (Allocation Failure) 2019-01-02T11:14:28.112+0530: 936.010: [DefNew
Desired survivor size 32768 bytes, new threshold 15 (max 15)
- age   1:         24 bytes,         24 total
- age   4:        184 bytes,        208 total
: 533K->0K(960K), 0.0002526 secs] 4373K->3840K(10176K), 0.0003250 secs] [Times: user=0.00 sys=0.00, real=0.00 secs] 
2019-01-02T11:14:28.112+0530: 936.011: [GC (Allocation Failure) 2019-01-02T11:14:28.112+0530: 936.011: [DefNew
Desired survivor size 32768 bytes, new threshold 15 (max 15)
- age   2:         24 bytes,         24 total
- age   5:        184 bytes,        208 total
: 521K->0K(960K), 0.0003313 secs] 4361K->4361K(10176K), 0.0004122 secs] [Times: user=0.00 sys=0.00, real=0.00 secs] 
2019-01-02T11:14:28.113+0530: 936.012: [GC (Allocation Failure) 2019-01-02T11:14:28.113+0530: 936.012: [DefNew
Desired survivor size 32768 bytes, new threshold 15 (max 15)
- age   1:         24 bytes,         24 total
- age   6:         72 bytes,         96 total
: 539K->0K(960K), 0.0003085 secs] 4900K->4882K(10176K), 0.0003792 secs] [Times: user=0.00 sys=0.00, real=0.00 secs] 
2019-01-02T11:14:28.179+0530: 936.078: [GC (Allocation Failure) 2019-01-02T11:14:28.179+0530: 936.078: [DefNew
Desired survivor size 32768 bytes, new threshold 15 (max 15)
- age   1:        248 bytes,        248 total
- age   7:         16 bytes,        264 total
: 892K->0K(960K), 0.0006466 secs] 5775K->4955K(10176K), 0.0008575 secs] [Times: user=0.00 sys=0.00, real=0.00 secs] 
2019-01-02T11:14:28.182+0530: 936.081: [GC (Allocation Failure) 2019-01-02T11:14:28.182+0530: 936.081: [DefNew
Desired survivor size 32768 bytes, new threshold 15 (max 15)
- age   2:        184 bytes,        184 total
- age   8:         16 bytes,        200 total
: 896K->0K(960K), 0.0008262 secs] 5851K->5242K(10176K), 0.0011021 secs] [Times: user=0.00 sys=0.00, real=0.00 secs] 
2019-01-02T11:14:28.185+0530: 936.084: [GC (Allocation Failure) 2019-01-02T11:14:28.185+0530: 936.084: [DefNew
Desired survivor size 32768 bytes, new threshold 15 (max 15)
- age   3:        184 bytes,        184 total
- age   9:         16 bytes,        200 total
: 896K->0K(960K), 0.0012635 secs] 6138K->5819K(10176K), 0.0015691 secs] [Times: user=0.00 sys=0.00, real=0.00 secs] 
2019-01-02T11:14:28.188+0530: 936.087: [GC (Allocation Failure) 2019-01-02T11:14:28.188+0530: 936.087: [DefNew
Desired survivor size 32768 bytes, new threshold 15 (max 15)
- age   1:         24 bytes,         24 total
- age   4:        184 bytes,        208 total
- age  10:         16 bytes,        224 total
: 533K->0K(960K), 0.0005627 secs] 6352K->5819K(10176K), 0.0006540 secs] [Times: user=0.00 sys=0.00, real=0.00 secs] 
2019-01-02T11:14:28.189+0530: 936.088: [GC (Allocation Failure) 2019-01-02T11:14:28.189+0530: 936.088: [DefNew
Desired survivor size 32768 bytes, new threshold 15 (max 15)
- age   2:         24 bytes,         24 total
- age   5:        184 bytes,        208 total
- age  11:         16 bytes,        224 total
: 521K->0K(960K), 0.0007053 secs] 6340K->6340K(10176K), 0.0008296 secs] [Times: user=0.00 sys=0.00, real=0.00 secs] 
2019-01-02T11:14:28.191+0530: 936.089: [GC (Allocation Failure) 2019-01-02T11:14:28.191+0530: 936.090: [DefNew
Desired survivor size 32768 bytes, new threshold 15 (max 15)
- age   1:         24 bytes,         24 total
- age   6:         72 bytes,         96 total
- age  12:         16 bytes,        112 total
: 539K->0K(960K), 0.0003153 secs] 6879K->6861K(10176K), 0.0003860 secs] [Times: user=0.00 sys=0.00, real=0.00 secs] 
2019-01-02T11:14:28.282+0530: 936.181: [GC (Allocation Failure) 2019-01-02T11:14:28.282+0530: 936.181: [DefNew
Desired survivor size 32768 bytes, new threshold 15 (max 15)
- age   1:        248 bytes,        248 total
- age   7:         16 bytes,        264 total
- age  13:         16 bytes,        280 total
: 892K->0K(960K), 0.0003136 secs] 7754K->6933K(10176K), 0.0004145 secs] [Times: user=0.00 sys=0.00, real=0.00 secs] 
2019-01-02T11:14:28.284+0530: 936.183: [GC (Allocation Failure) 2019-01-02T11:14:28.284+0530: 936.183: [DefNew
Desired survivor size 32768 bytes, new threshold 15 (max 15)
- age   2:        184 bytes,        184 total
- age   8:         16 bytes,        200 total
- age  14:         16 bytes,        216 total
: 896K->0K(960K), 0.0006762 secs] 7829K->7221K(10176K), 0.0008832 secs] [Times: user=0.00 sys=0.00, real=0.00 secs] 
2019-01-02T11:14:28.286+0530: 936.185: [GC (Allocation Failure) 2019-01-02T11:14:28.286+0530: 936.185: [DefNew
Desired survivor size 32768 bytes, new threshold 15 (max 15)
- age   3:        184 bytes,        184 total
- age   9:         16 bytes,        200 total
- age  15:         16 bytes,        216 total
: 896K->0K(960K), 0.0009864 secs] 8117K->7797K(10176K), 0.0011580 secs] [Times: user=0.00 sys=0.00, real=0.00 secs] 
2019-01-02T11:14:28.289+0530: 936.188: [GC (Allocation Failure) 2019-01-02T11:14:28.289+0530: 936.188: [DefNew
Desired survivor size 32768 bytes, new threshold 15 (max 15)
- age   1:         24 bytes,         24 total
- age   4:        184 bytes,        208 total
- age  10:         16 bytes,        224 total
: 533K->0K(960K), 0.0004196 secs] 8331K->7797K(10176K), 0.0005171 secs] [Times: user=0.00 sys=0.00, real=0.00 secs] 
2019-01-02T11:14:28.290+0530: 936.189: [GC (Allocation Failure) 2019-01-02T11:14:28.290+0530: 936.189: [DefNew
Desired survivor size 32768 bytes, new threshold 15 (max 15)
- age   2:         24 bytes,         24 total
- age   5:        184 bytes,        208 total
- age  11:         16 bytes,        224 total
: 521K->0K(960K), 0.0003341 secs] 8319K->8319K(10176K), 0.0004037 secs] [Times: user=0.00 sys=0.00, real=0.00 secs] 
2019-01-02T11:14:28.291+0530: 936.189: [GC (Allocation Failure) 2019-01-02T11:14:28.291+0530: 936.190: [DefNew
Desired survivor size 32768 bytes, new threshold 15 (max 15)
- age   1:         24 bytes,         24 total
- age   6:         72 bytes,         96 total
- age  12:         16 bytes,        112 total
: 539K->0K(960K), 0.0003119 secs] 8858K->8840K(10176K), 0.0003831 secs] [Times: user=0.00 sys=0.00, real=0.00 secs] 
2019-01-02T11:14:28.352+0530: 936.250: [GC (Allocation Failure) 2019-01-02T11:14:28.352+0530: 936.251: [DefNew: 892K->892K(960K), 0.0001391 secs]2019-01-02T11:14:28.352+0530: 936.251: [Tenured: 8840K->1069K(9216K), 0.0074377 secs] 9733K->1069K(10176K), [Metaspace: 2520K->2520K(1056768K)], 0.0080427 secs] [Times: user=0.02 sys=0.00, real=0.01 secs] 
2019-01-02T11:14:28.361+0530: 936.260: [GC (Allocation Failure) 2019-01-02T11:14:28.361+0530: 936.260: [DefNew
Desired survivor size 32768 bytes, new threshold 15 (max 15)
: 896K->0K(960K), 0.0003278 secs] 1965K->1357K(10176K), 0.0004042 secs] [Times: user=0.00 sys=0.00, real=0.00 secs] 
2019-01-02T11:14:28.362+0530: 936.261: [GC (Allocation Failure) 2019-01-02T11:14:28.362+0530: 936.261: [DefNew
Desired survivor size 32768 bytes, new threshold 15 (max 15)
: 896K->0K(960K), 0.0003221 secs] 2253K->1933K(10176K), 0.0003911 secs] [Times: user=0.00 sys=0.00, real=0.00 secs] 
2019-01-02T11:14:28.364+0530: 936.263: [GC (Allocation Failure) 2019-01-02T11:14:28.364+0530: 936.263: [DefNew
Desired survivor size 32768 bytes, new threshold 15 (max 15)
- age   1:         24 bytes,         24 total
: 533K->0K(960K), 0.0002224 secs] 2466K->1933K(10176K), 0.0002936 secs] [Times: user=0.00 sys=0.00, real=0.00 secs] 
2019-01-02T11:14:28.364+0530: 936.263: [GC (Allocation Failure) 2019-01-02T11:14:28.364+0530: 936.263: [DefNew
Desired survivor size 32768 bytes, new threshold 15 (max 15)
- age   2:         24 bytes,         24 total
: 521K->0K(960K), 0.0003239 secs] 2454K->2454K(10176K), 0.0003923 secs] [Times: user=0.00 sys=0.00, real=0.00 secs] 
2019-01-02T11:14:28.365+0530: 936.264: [GC (Allocation Failure) 2019-01-02T11:14:28.365+0530: 936.264: [DefNew
Desired survivor size 32768 bytes, new threshold 15 (max 15)
- age   1:         24 bytes,         24 total
: 539K->0K(960K), 0.0003045 secs] 2994K->2976K(10176K), 0.0003735 secs] [Times: user=0.00 sys=0.00, real=0.00 secs] 
2019-01-02T11:14:28.430+0530: 936.329: [GC (Allocation Failure) 2019-01-02T11:14:28.430+0530: 936.329: [DefNew
Desired survivor size 32768 bytes, new threshold 15 (max 15)
- age   1:        248 bytes,        248 total
: 892K->0K(960K), 0.0006084 secs] 3869K->3048K(10176K), 0.0010451 secs] [Times: user=0.00 sys=0.00, real=0.00 secs] 
2019-01-02T11:14:28.433+0530: 936.332: [GC (Allocation Failure) 2019-01-02T11:14:28.433+0530: 936.332: [DefNew
Desired survivor size 32768 bytes, new threshold 15 (max 15)
- age   2:        184 bytes,        184 total
: 896K->0K(960K), 0.0008233 secs] 3944K->3336K(10176K), 0.0010656 secs] [Times: user=0.01 sys=0.00, real=0.00 secs] 
2019-01-02T11:14:28.436+0530: 936.334: [GC (Allocation Failure) 2019-01-02T11:14:28.436+0530: 936.335: [DefNew
Desired survivor size 32768 bytes, new threshold 15 (max 15)
- age   3:        184 bytes,        184 total
: 896K->0K(960K), 0.0005188 secs] 4232K->3912K(10176K), 0.0006380 secs] [Times: user=0.00 sys=0.00, real=0.00 secs] 
2019-01-02T11:14:28.438+0530: 936.336: [GC (Allocation Failure) 2019-01-02T11:14:28.438+0530: 936.337: [DefNew
Desired survivor size 32768 bytes, new threshold 15 (max 15)
- age   1:         24 bytes,         24 total
- age   4:        184 bytes,        208 total
: 533K->0K(960K), 0.0006631 secs] 4445K->3912K(10176K), 0.0008125 secs] [Times: user=0.00 sys=0.00, real=0.00 secs] 
2019-01-02T11:14:28.439+0530: 936.338: [GC (Allocation Failure) 2019-01-02T11:14:28.439+0530: 936.338: [DefNew
Desired survivor size 32768 bytes, new threshold 15 (max 15)
- age   2:         24 bytes,         24 total
- age   5:        184 bytes,        208 total
: 521K->0K(960K), 0.0004955 secs] 4434K->4434K(10176K), 0.0005833 secs] [Times: user=0.00 sys=0.00, real=0.00 secs] 
2019-01-02T11:14:28.440+0530: 936.339: [GC (Allocation Failure) 2019-01-02T11:14:28.440+0530: 936.339: [DefNew
Desired survivor size 32768 bytes, new threshold 15 (max 15)
- age   1:         24 bytes,         24 total
- age   6:         72 bytes,         96 total
: 539K->0K(960K), 0.0003313 secs] 4973K->4955K(10176K), 0.0004025 secs] [Times: user=0.00 sys=0.00, real=0.00 secs] 
2019-01-02T11:14:28.501+0530: 936.400: [GC (Allocation Failure) 2019-01-02T11:14:28.501+0530: 936.400: [DefNew
Desired survivor size 32768 bytes, new threshold 15 (max 15)
- age   1:        248 bytes,        248 total
- age   7:         16 bytes,        264 total
: 893K->0K(960K), 0.0007275 secs] 5848K->5027K(10176K), 0.0011164 secs] [Times: user=0.00 sys=0.00, real=0.00 secs] 
2019-01-02T11:14:28.505+0530: 936.404: [GC (Allocation Failure) 2019-01-02T11:14:28.505+0530: 936.404: [DefNew
Desired survivor size 32768 bytes, new threshold 15 (max 15)
- age   2:        184 bytes,        184 total
- age   8:         16 bytes,        200 total
: 896K->0K(960K), 0.0006688 secs] 5923K->5315K(10176K), 0.0007874 secs] [Times: user=0.00 sys=0.00, real=0.00 secs] 
2019-01-02T11:14:28.507+0530: 936.406: [GC (Allocation Failure) 2019-01-02T11:14:28.507+0530: 936.406: [DefNew
Desired survivor size 32768 bytes, new threshold 15 (max 15)
- age   3:        184 bytes,        184 total
- age   9:         16 bytes,        200 total
: 896K->0K(960K), 0.0012167 secs] 6211K->5891K(10176K), 0.0014248 secs] [Times: user=0.00 sys=0.00, real=0.00 secs] 
2019-01-02T11:14:28.510+0530: 936.409: [GC (Allocation Failure) 2019-01-02T11:14:28.510+0530: 936.409: [DefNew
Desired survivor size 32768 bytes, new threshold 15 (max 15)
- age   1:         24 bytes,         24 total
- age   4:        184 bytes,        208 total
- age  10:         16 bytes,        224 total
: 533K->0K(960K), 0.0002737 secs] 6424K->5891K(10176K), 0.0003592 secs] [Times: user=0.00 sys=0.00, real=0.00 secs] 
2019-01-02T11:14:28.511+0530: 936.410: [GC (Allocation Failure) 2019-01-02T11:14:28.511+0530: 936.410: [DefNew
Desired survivor size 32768 bytes, new threshold 15 (max 15)
- age   2:         24 bytes,         24 total
- age   5:        184 bytes,        208 total
- age  11:         16 bytes,        224 total
: 521K->0K(960K), 0.0003655 secs] 6413K->6413K(10176K), 0.0004476 secs] [Times: user=0.00 sys=0.01, real=0.00 secs] 
2019-01-02T11:14:28.512+0530: 936.411: [GC (Allocation Failure) 2019-01-02T11:14:28.512+0530: 936.411: [DefNew
Desired survivor size 32768 bytes, new threshold 15 (max 15)
- age   1:         24 bytes,         24 total
- age   6:         72 bytes,         96 total
- age  12:         16 bytes,        112 total
: 539K->0K(960K), 0.0003301 secs] 6952K->6934K(10176K), 0.0004031 secs] [Times: user=0.00 sys=0.00, real=0.00 secs] 
2019-01-02T11:14:28.574+0530: 936.473: [GC (Allocation Failure) 2019-01-02T11:14:28.574+0530: 936.473: [DefNew
Desired survivor size 32768 bytes, new threshold 15 (max 15)
- age   1:        248 bytes,        248 total
- age   7:         16 bytes,        264 total
- age  13:         16 bytes,        280 total
: 893K->0K(960K), 0.0006181 secs] 7827K->7006K(10176K), 0.0009054 secs] [Times: user=0.00 sys=0.00, real=0.00 secs] 
2019-01-02T11:14:28.576+0530: 936.475: [GC (Allocation Failure) 2019-01-02T11:14:28.577+0530: 936.475: [DefNew
Desired survivor size 32768 bytes, new threshold 15 (max 15)
- age   2:        184 bytes,        184 total
- age   8:         16 bytes,        200 total
- age  14:         16 bytes,        216 total
: 896K->0K(960K), 0.0010930 secs] 7902K->7294K(10176K), 0.0013097 secs] [Times: user=0.00 sys=0.00, real=0.00 secs] 
2019-01-02T11:14:28.580+0530: 936.479: [GC (Allocation Failure) 2019-01-02T11:14:28.580+0530: 936.479: [DefNew
Desired survivor size 32768 bytes, new threshold 15 (max 15)
- age   3:        184 bytes,        184 total
- age   9:         16 bytes,        200 total
- age  15:         16 bytes,        216 total
: 896K->0K(960K), 0.0011403 secs] 8190K->7870K(10176K), 0.0013376 secs] [Times: user=0.00 sys=0.00, real=0.00 secs] 
2019-01-02T11:14:28.582+0530: 936.481: [GC (Allocation Failure) 2019-01-02T11:14:28.582+0530: 936.481: [DefNew
Desired survivor size 32768 bytes, new threshold 15 (max 15)
- age   1:         24 bytes,         24 total
- age   4:        184 bytes,        208 total
- age  10:         16 bytes,        224 total
: 533K->0K(960K), 0.0002646 secs] 8404K->7870K(10176K), 0.0003495 secs] [Times: user=0.00 sys=0.00, real=0.00 secs] 
2019-01-02T11:14:28.583+0530: 936.482: [GC (Allocation Failure) 2019-01-02T11:14:28.583+0530: 936.482: [DefNew
Desired survivor size 32768 bytes, new threshold 15 (max 15)
- age   2:         24 bytes,         24 total
- age   5:        184 bytes,        208 total
- age  11:         16 bytes,        224 total
: 521K->0K(960K), 0.0003353 secs] 8392K->8392K(10176K), 0.0004065 secs] [Times: user=0.00 sys=0.00, real=0.00 secs] 
2019-01-02T11:14:28.584+0530: 936.483: [GC (Allocation Failure) 2019-01-02T11:14:28.584+0530: 936.483: [DefNew
Desired survivor size 32768 bytes, new threshold 15 (max 15)
- age   1:         24 bytes,         24 total
- age   6:         72 bytes,         96 total
- age  12:         16 bytes,        112 total
: 539K->0K(960K), 0.0003324 secs] 8931K->8913K(10176K), 0.0004054 secs] [Times: user=0.00 sys=0.00, real=0.00 secs] 
2019-01-02T11:14:28.648+0530: 936.547: [GC (Allocation Failure) 2019-01-02T11:14:28.648+0530: 936.547: [DefNew: 893K->893K(960K), 0.0001118 secs]2019-01-02T11:14:28.649+0530: 936.547: [Tenured: 8913K->852K(9216K), 0.0078328 secs] 9806K->852K(10176K), [Metaspace: 2520K->2520K(1056768K)], 0.0085068 secs] [Times: user=0.02 sys=0.00, real=0.01 secs] 
2019-01-02T11:14:28.658+0530: 936.557: [GC (Allocation Failure) 2019-01-02T11:14:28.658+0530: 936.557: [DefNew
Desired survivor size 32768 bytes, new threshold 15 (max 15)
: 896K->0K(960K), 0.0003244 secs] 1748K->1140K(10176K), 0.0004122 secs] [Times: user=0.00 sys=0.00, real=0.00 secs] 
2019-01-02T11:14:28.660+0530: 936.558: [GC (Allocation Failure) 2019-01-02T11:14:28.660+0530: 936.558: [DefNew
Desired survivor size 32768 bytes, new threshold 15 (max 15)
: 896K->0K(960K), 0.0003814 secs] 2036K->1716K(10176K), 0.0004578 secs] [Times: user=0.00 sys=0.00, real=0.00 secs] 
2019-01-02T11:14:28.661+0530: 936.560: [GC (Allocation Failure) 2019-01-02T11:14:28.661+0530: 936.560: [DefNew
Desired survivor size 32768 bytes, new threshold 15 (max 15)
- age   1:         24 bytes,         24 total
: 533K->0K(960K), 0.0002526 secs] 2250K->1716K(10176K), 0.0003261 secs] [Times: user=0.00 sys=0.00, real=0.00 secs] 
2019-01-02T11:14:28.662+0530: 936.560: [GC (Allocation Failure) 2019-01-02T11:14:28.662+0530: 936.561: [DefNew
Desired survivor size 32768 bytes, new threshold 15 (max 15)
- age   2:         24 bytes,         24 total
: 521K->0K(960K), 0.0003256 secs] 2238K->2238K(10176K), 0.0003963 secs] [Times: user=0.00 sys=0.00, real=0.00 secs] 
2019-01-02T11:14:28.663+0530: 936.561: [GC (Allocation Failure) 2019-01-02T11:14:28.663+0530: 936.561: [DefNew
Desired survivor size 32768 bytes, new threshold 15 (max 15)
- age   1:         24 bytes,         24 total
: 539K->0K(960K), 0.0003375 secs] 2777K->2759K(10176K), 0.0004139 secs] [Times: user=0.00 sys=0.00, real=0.00 secs] 
2019-01-02T11:14:28.725+0530: 936.623: [GC (Allocation Failure) 2019-01-02T11:14:28.725+0530: 936.623: [DefNew
Desired survivor size 32768 bytes, new threshold 15 (max 15)
- age   1:        248 bytes,        248 total
: 893K->0K(960K), 0.0006443 secs] 3652K->2832K(10176K), 0.0009026 secs] [Times: user=0.00 sys=0.00, real=0.00 secs] 
2019-01-02T11:14:28.728+0530: 936.627: [GC (Allocation Failure) 2019-01-02T11:14:28.728+0530: 936.627: [DefNew
Desired survivor size 32768 bytes, new threshold 15 (max 15)
- age   2:        184 bytes,        184 total
: 896K->0K(960K), 0.0012270 secs] 3728K->3120K(10176K), 0.0014670 secs] [Times: user=0.02 sys=0.00, real=0.00 secs] 
2019-01-02T11:14:28.731+0530: 936.630: [GC (Allocation Failure) 2019-01-02T11:14:28.731+0530: 936.630: [DefNew
Desired survivor size 32768 bytes, new threshold 15 (max 15)
- age   3:        184 bytes,        184 total
: 896K->0K(960K), 0.0005297 secs] 4016K->3696K(10176K), 0.0006391 secs] [Times: user=0.00 sys=0.00, real=0.00 secs] 
2019-01-02T11:14:28.734+0530: 936.632: [GC (Allocation Failure) 2019-01-02T11:14:28.734+0530: 936.632: [DefNew
Desired survivor size 32768 bytes, new threshold 15 (max 15)
- age   1:         24 bytes,         24 total
- age   4:        184 bytes,        208 total
: 533K->0K(960K), 0.0003506 secs] 4229K->3696K(10176K), 0.0004652 secs] [Times: user=0.00 sys=0.00, real=0.00 secs] 
2019-01-02T11:14:28.735+0530: 936.633: [GC (Allocation Failure) 2019-01-02T11:14:28.735+0530: 936.633: [DefNew
Desired survivor size 32768 bytes, new threshold 15 (max 15)
- age   2:         24 bytes,         24 total
- age   5:        184 bytes,        208 total
: 521K->0K(960K), 0.0004687 secs] 4217K->4217K(10176K), 0.0005588 secs] [Times: user=0.00 sys=0.00, real=0.00 secs] 
2019-01-02T11:14:28.736+0530: 936.635: [GC (Allocation Failure) 2019-01-02T11:14:28.736+0530: 936.635: [DefNew
Desired survivor size 32768 bytes, new threshold 15 (max 15)
- age   1:         24 bytes,         24 total
- age   6:         72 bytes,         96 total
: 539K->0K(960K), 0.0014402 secs] 4756K->4739K(10176K), 0.0016905 secs] [Times: user=0.00 sys=0.00, real=0.00 secs] 
2019-01-02T11:14:28.794+0530: 936.692: [GC (Allocation Failure) 2019-01-02T11:14:28.794+0530: 936.692: [DefNew
Desired survivor size 32768 bytes, new threshold 15 (max 15)
- age   1:        248 bytes,        248 total
- age   7:         16 bytes,        264 total
: 893K->0K(960K), 0.0010884 secs] 5632K->4811K(10176K), 0.0015497 secs] [Times: user=0.00 sys=0.00, real=0.00 secs] 
2019-01-02T11:14:28.797+0530: 936.696: [GC (Allocation Failure) 2019-01-02T11:14:28.797+0530: 936.696: [DefNew
Desired survivor size 32768 bytes, new threshold 15 (max 15)
- age   2:        184 bytes,        184 total
- age   8:         16 bytes,        200 total
: 896K->0K(960K), 0.0008068 secs] 5707K->5099K(10176K), 0.0010765 secs] [Times: user=0.00 sys=0.00, real=0.00 secs] 
2019-01-02T11:14:28.800+0530: 936.699: [GC (Allocation Failure) 2019-01-02T11:14:28.800+0530: 936.699: [DefNew
Desired survivor size 32768 bytes, new threshold 15 (max 15)
- age   3:        184 bytes,        184 total
- age   9:         16 bytes,        200 total
: 896K->0K(960K), 0.0010086 secs] 5995K->5675K(10176K), 0.0011751 secs] [Times: user=0.00 sys=0.00, real=0.00 secs] 
2019-01-02T11:14:28.803+0530: 936.702: [GC (Allocation Failure) 2019-01-02T11:14:28.803+0530: 936.702: [DefNew
Desired survivor size 32768 bytes, new threshold 15 (max 15)
- age   1:         24 bytes,         24 total
- age   4:        184 bytes,        208 total
- age  10:         16 bytes,        224 total
: 533K->0K(960K), 0.0002737 secs] 6208K->5675K(10176K), 0.0003643 secs] [Times: user=0.00 sys=0.00, real=0.00 secs] 
2019-01-02T11:14:28.804+0530: 936.702: [GC (Allocation Failure) 2019-01-02T11:14:28.804+0530: 936.702: [DefNew
Desired survivor size 32768 bytes, new threshold 15 (max 15)
- age   2:         24 bytes,         24 total
- age   5:        184 bytes,        208 total
- age  11:         16 bytes,        224 total
: 521K->0K(960K), 0.0006260 secs] 6196K->6196K(10176K), 0.0007024 secs] [Times: user=0.00 sys=0.00, real=0.00 secs] 
2019-01-02T11:14:28.805+0530: 936.704: [GC (Allocation Failure) 2019-01-02T11:14:28.805+0530: 936.704: [DefNew
Desired survivor size 32768 bytes, new threshold 15 (max 15)
- age   1:         24 bytes,         24 total
- age   6:         72 bytes,         96 total
- age  12:         16 bytes,        112 total
: 539K->0K(960K), 0.0006146 secs] 6736K->6718K(10176K), 0.0007110 secs] [Times: user=0.00 sys=0.00, real=0.00 secs] 
2019-01-02T11:14:28.862+0530: 936.761: [GC (Allocation Failure) 2019-01-02T11:14:28.863+0530: 936.761: [DefNew
Desired survivor size 32768 bytes, new threshold 15 (max 15)
- age   1:        248 bytes,        248 total
- age   7:         16 bytes,        264 total
- age  13:         16 bytes,        280 total
: 893K->0K(960K), 0.0005422 secs] 7611K->6790K(10176K), 0.0011107 secs] [Times: user=0.00 sys=0.00, real=0.00 secs] 
2019-01-02T11:14:28.866+0530: 936.764: [GC (Allocation Failure) 2019-01-02T11:14:28.866+0530: 936.764: [DefNew
Desired survivor size 32768 bytes, new threshold 15 (max 15)
- age   2:        184 bytes,        184 total
- age   8:         16 bytes,        200 total
- age  14:         16 bytes,        216 total
: 896K->0K(960K), 0.0007349 secs] 7686K->7078K(10176K), 0.0009812 secs] [Times: user=0.00 sys=0.00, real=0.00 secs] 
2019-01-02T11:14:28.868+0530: 936.767: [GC (Allocation Failure) 2019-01-02T11:14:28.868+0530: 936.767: [DefNew
Desired survivor size 32768 bytes, new threshold 15 (max 15)
- age   3:        184 bytes,        184 total
- age   9:         16 bytes,        200 total
- age  15:         16 bytes,        216 total
: 896K->0K(960K), 0.0016141 secs] 7974K->7654K(10176K), 0.0018182 secs] [Times: user=0.00 sys=0.00, real=0.00 secs] 
2019-01-02T11:14:28.872+0530: 936.770: [GC (Allocation Failure) 2019-01-02T11:14:28.872+0530: 936.770: [DefNew
Desired survivor size 32768 bytes, new threshold 15 (max 15)
- age   1:         24 bytes,         24 total
- age   4:        184 bytes,        208 total
- age  10:         16 bytes,        224 total
: 533K->0K(960K), 0.0002697 secs] 8187K->7654K(10176K), 0.0003449 secs] [Times: user=0.00 sys=0.00, real=0.00 secs] 
2019-01-02T11:14:28.872+0530: 936.771: [GC (Allocation Failure) 2019-01-02T11:14:28.872+0530: 936.771: [DefNew
Desired survivor size 32768 bytes, new threshold 15 (max 15)
- age   2:         24 bytes,         24 total
- age   5:        184 bytes,        208 total
- age  11:         16 bytes,        224 total
: 521K->0K(960K), 0.0007070 secs] 8176K->8176K(10176K), 0.0008068 secs] [Times: user=0.00 sys=0.00, real=0.00 secs] 
2019-01-02T11:14:28.874+0530: 936.772: [GC (Allocation Failure) 2019-01-02T11:14:28.874+0530: 936.772: [DefNew
Desired survivor size 32768 bytes, new threshold 15 (max 15)
- age   1:         24 bytes,         24 total
- age   6:         72 bytes,         96 total
- age  12:         16 bytes,        112 total
: 539K->0K(960K), 0.0007766 secs] 8715K->8697K(10176K), 0.0008940 secs] [Times: user=0.00 sys=0.00, real=0.00 secs] 
2019-01-02T11:14:28.934+0530: 936.833: [GC (Allocation Failure) 2019-01-02T11:14:28.934+0530: 936.833: [DefNew: 893K->893K(960K), 0.0000610 secs]2019-01-02T11:14:28.934+0530: 936.833: [Tenured: 8697K->925K(9216K), 0.0081601 secs] 9590K->925K(10176K), [Metaspace: 2520K->2520K(1056768K)], 0.0085473 secs] [Times: user=0.00 sys=0.00, real=0.01 secs] 
2019-01-02T11:14:28.945+0530: 936.843: [GC (Allocation Failure) 2019-01-02T11:14:28.945+0530: 936.843: [DefNew
Desired survivor size 32768 bytes, new threshold 15 (max 15)
: 896K->0K(960K), 0.0003615 secs] 1821K->1213K(10176K), 0.0004533 secs] [Times: user=0.00 sys=0.00, real=0.00 secs] 
2019-01-02T11:14:28.946+0530: 936.845: [GC (Allocation Failure) 2019-01-02T11:14:28.946+0530: 936.845: [DefNew
Desired survivor size 32768 bytes, new threshold 15 (max 15)
: 896K->0K(960K), 0.0004806 secs] 2109K->1789K(10176K), 0.0005742 secs] [Times: user=0.00 sys=0.00, real=0.00 secs] 
Heap
 def new generation   total 960K, used 516K [0x00000000ff600000, 0x00000000ff700000, 0x00000000ff700000)
  eden space 896K,  57% used [0x00000000ff600000, 0x00000000ff681008, 0x00000000ff6e0000)
  from space 64K,   0% used [0x00000000ff6f0000, 0x00000000ff6f0000, 0x00000000ff700000)
  to   space 64K,   0% used [0x00000000ff6e0000, 0x00000000ff6e0000, 0x00000000ff6f0000)
 tenured generation   total 9216K, used 1789K [0x00000000ff700000, 0x0000000100000000, 0x0000000100000000)
   the space 9216K,  19% used [0x00000000ff700000, 0x00000000ff8bf458, 0x00000000ff8bf600, 0x0000000100000000)
 Metaspace       used 2527K, capacity 4486K, committed 4864K, reserved 1056768K
  class space    used 275K, capacity 386K, committed 512K, reserved 1048576K
