 S0C    S1C    S0U    S1U      EC       EU        OC         OU       MC     MU    CCSC   CCSU   YGC     YGCT    FGC    FGCT     GCT   
 64.0   64.0   0.0    0.2    896.0     0.0      9216.0     9018.3   4864.0 2520.1 512.0  274.5    7669    5.954  64      0.369    6.323
 64.0   64.0   0.0    0.2    896.0     0.0      9216.0     3277.1   4864.0 2520.1 512.0  274.5    7741    6.007  66      0.379    6.385
 64.0   64.0   0.2    0.0    896.0     0.0      9216.0     5023.4   4864.0 2520.1 512.0  274.5    7801    6.046  67      0.390    6.437
 S0C    S1C    S0U    S1U      EC       EU        OC         OU       MC     MU    CCSC   CCSU   YGC     YGCT    FGC    FGCT     GCT   
 64.0   64.0   0.0    0.2    896.0     0.0      9216.0     6838.8   4864.0 2520.1 512.0  274.5    7867    6.099  68      0.396    6.496
 64.0   64.0   0.2    0.0    896.0     0.0      9216.0     8278.1   4864.0 2520.1 512.0  274.5    7929    6.143  69      0.400    6.543
 64.0   64.0   0.2    0.0    896.0     0.0      9216.0     3623.1   4864.0 2520.1 512.0  274.5    8003    6.195  71      0.409    6.604
 S0C    S1C    S0U    S1U      EC       EU        OC         OU       MC     MU    CCSC   CCSU   YGC     YGCT    FGC    FGCT     GCT   
 64.0   64.0   0.0    0.2    896.0     0.0      9216.0     6562.8   4864.0 2520.1 512.0  274.5    8075    6.251  72      0.416    6.667
 64.0   64.0   0.2    0.0    896.0     0.0      9216.0     8979.7   4864.0 2520.1 512.0  274.5    8143    6.300  73      0.423    6.723
 64.0   64.0   0.2    0.0    896.0    197.6     9216.0     2997.2   4864.0 2520.1 512.0  274.5    8209    6.345  75      0.435    6.781
 S0C    S1C    S0U    S1U      EC       EU        OC         OU       MC     MU    CCSC   CCSU   YGC     YGCT    FGC    FGCT     GCT   
 64.0   64.0   0.0    0.2    896.0    198.4     9216.0     6607.0   4864.0 2520.1 512.0  274.5    8285    6.408  76      0.442    6.849
 64.0   64.0   0.0    0.1    896.0     0.0      9216.0     1744.9   4864.0 2520.1 512.0  274.5    8357    6.461  78      0.455    6.916
 64.0   64.0   0.2    0.0    896.0     0.0      9216.0     6349.6   4864.0 2520.1 512.0  274.5    8435    6.525  79      0.458    6.983
 S0C    S1C    S0U    S1U      EC       EU        OC         OU       MC     MU    CCSC   CCSU   YGC     YGCT    FGC    FGCT     GCT   
 64.0   64.0   0.0    0.2    896.0    200.7     9216.0     8976.1   4864.0 2520.1 512.0  274.5    8503    6.576  80      0.461    7.037
 64.0   64.0   0.0    0.2    896.0     0.0      9216.0     4414.5   4864.0 2520.1 512.0  274.5    8577    6.631  82      0.473    7.104
 64.0   64.0   0.2    0.0    896.0    202.2     9216.0     7376.0   4864.0 2520.1 512.0  274.5    8645    6.683  83      0.477    7.160
 S0C    S1C    S0U    S1U      EC       EU        OC         OU       MC     MU    CCSC   CCSU   YGC     YGCT    FGC    FGCT     GCT   
 64.0   64.0   0.2    0.0    896.0     0.0      9216.0     3224.4   4864.0 2520.1 512.0  274.5    8723    6.742  85      0.488    7.230
 64.0   64.0   0.4    0.0    896.0     0.0      9216.0     7807.1   4864.0 2520.1 512.0  274.5    8802    6.804  86      0.495    7.299
 64.0   64.0   0.0    0.2    896.0     0.0      9216.0     4129.3   4864.0 2520.1 512.0  274.5    8879    6.861  88      0.503    7.363
 S0C    S1C    S0U    S1U      EC       EU        OC         OU       MC     MU    CCSC   CCSU   YGC     YGCT    FGC    FGCT     GCT   
 64.0   64.0   0.2    0.0    896.0    205.5     9216.0     8259.4   4864.0 2520.1 512.0  274.5    8955    6.917  89      0.512    7.429
 64.0   64.0   0.2    0.0    896.0     0.0      9216.0     4436.7   4864.0 2520.1 512.0  274.5    9031    6.974  91      0.522    7.495
 64.0   64.0   0.0    0.2    896.0     0.0      9216.0     8443.8   4864.0 2520.1 512.0  274.5    9108    7.031  92      0.527    7.559
 S0C    S1C    S0U    S1U      EC       EU        OC         OU       MC     MU    CCSC   CCSU   YGC     YGCT    FGC    FGCT     GCT   
 64.0   64.0   0.3    0.0    896.0     0.0      9216.0     4602.9   4864.0 2520.1 512.0  274.5    9185    7.094  94      0.537    7.631
 64.0   64.0   0.2    0.0    896.0     0.0      9216.0     8772.3   4864.0 2520.1 512.0  274.5    9259    7.151  95      0.543    7.694
 64.0   64.0   0.2    0.0    896.0     0.0      9216.0     4287.9   4864.0 2520.1 512.0  274.5    9335    7.207  97      0.553    7.759
 S0C    S1C    S0U    S1U      EC       EU        OC         OU       MC     MU    CCSC   CCSU   YGC     YGCT    FGC    FGCT     GCT   
 64.0   64.0   0.0    0.2    896.0     0.0      9216.0     8812.3   4864.0 2520.1 512.0  274.5    9411    7.264  98      0.560    7.823
 64.0   64.0   0.0    0.2    896.0     0.0      9216.0     4548.5   4864.0 2520.1 512.0  274.5    9485    7.315  100     0.570    7.885
 64.0   64.0   0.2    0.0    896.0    211.9     9216.0     9143.8   4864.0 2520.1 512.0  274.5    9561    7.372  101     0.574    7.946
 S0C    S1C    S0U    S1U      EC       EU        OC         OU       MC     MU    CCSC   CCSU   YGC     YGCT    FGC    FGCT     GCT   
 64.0   64.0   0.2    0.0    896.0     0.0      9216.0     5296.1   4864.0 2520.1 512.0  274.5    9635    7.428  103     0.583    8.010
 64.0   64.0   0.0    0.0    896.0     0.0      9216.0     794.3    4864.0 2520.1 512.0  274.5    9709    7.483  105     0.594    8.076
 64.0   64.0   0.0    0.2    896.0     0.0      9216.0     4879.6   4864.0 2520.1 512.0  274.5    9782    7.540  106     0.599    8.139
 S0C    S1C    S0U    S1U      EC       EU        OC         OU       MC     MU    CCSC   CCSU   YGC     YGCT    FGC    FGCT     GCT   
 64.0   64.0   0.0    0.0    896.0     0.0      9216.0     796.8    4864.0 2520.1 512.0  274.5    9855    7.599  108     0.610    8.209
 64.0   64.0   0.2    0.0    896.0    215.8     9216.0     5387.8   4864.0 2520.1 512.0  274.5    9931    7.660  109     0.616    8.276
 64.0   64.0   0.1    0.0    896.0     0.0      9216.0     1918.0   4864.0 2520.1 512.0  274.5   10007    7.722  111     0.630    8.352
 S0C    S1C    S0U    S1U      EC       EU        OC         OU       MC     MU    CCSC   CCSU   YGC     YGCT    FGC    FGCT     GCT   
 64.0   64.0   0.0    0.3    896.0     0.0      9216.0     6405.7   4864.0 2520.1 512.0  274.5   10081    7.782  112     0.637    8.419
 64.0   64.0   0.0    0.3    896.0    619.0     9216.0     3449.7   4864.0 2520.1 512.0  274.5   10154    7.832  114     0.651    8.483
 64.0   64.0   0.3    0.0    896.0     0.0      9216.0     8923.3   4864.0 2520.1 512.0  274.5   10227    7.896  115     0.656    8.552
 S0C    S1C    S0U    S1U      EC       EU        OC         OU       MC     MU    CCSC   CCSU   YGC     YGCT    FGC    FGCT     GCT   
 64.0   64.0   0.3    0.0    896.0     0.0      9216.0     5431.5   4864.0 2520.1 512.0  274.5   10299    7.953  117     0.669    8.622
 64.0   64.0   0.2    0.0    896.0    625.9     9216.0     2913.1   4864.0 2520.1 512.0  274.5   10371    8.012  119     0.679    8.691
 64.0   64.0   0.0    0.3    896.0     0.0      9216.0     8013.1   4864.0 2520.1 512.0  274.5   10443    8.070  120     0.683    8.753
 S0C    S1C    S0U    S1U      EC       EU        OC         OU       MC     MU    CCSC   CCSU   YGC     YGCT    FGC    FGCT     GCT   
 64.0   64.0   0.0    0.3    896.0    630.4     9216.0     5003.5   4864.0 2520.1 512.0  274.5   10514    8.127  122     0.692    8.819
 64.0   64.0   0.0    0.2    896.0     0.0      9216.0     2617.5   4864.0 2520.1 512.0  274.5   10587    8.190  124     0.704    8.893
 64.0   64.0   0.3    0.0    896.0     0.0      9216.0     8174.2   4864.0 2520.1 512.0  274.5   10661    8.250  125     0.711    8.961
 S0C    S1C    S0U    S1U      EC       EU        OC         OU       MC     MU    CCSC   CCSU   YGC     YGCT    FGC    FGCT     GCT   
 64.0   64.0   0.0    0.0    896.0    745.2     9216.0     7479.0   4864.0 2520.1 512.0  274.5   10732    8.309  127     0.726    9.035
 64.0   64.0   0.0    0.0    896.0     0.0      9216.0     4577.7   4864.0 2520.1 512.0  274.5   10801    8.361  129     0.738    9.099
 64.0   64.0   0.0    0.0    896.0    749.2     9216.0     2546.1   4864.0 2520.1 512.0  274.5   10873    8.415  131     0.750    9.165
 S0C    S1C    S0U    S1U      EC       EU        OC         OU       MC     MU    CCSC   CCSU   YGC     YGCT    FGC    FGCT     GCT   
 64.0   64.0   0.2    0.0    896.0     0.0      9216.0     8069.4   4864.0 2520.1 512.0  274.5   10944    8.471  132     0.756    9.227
 64.0   64.0   0.0    0.0    896.0     0.0      9216.0     5477.1   4864.0 2520.1 512.0  274.5   11017    8.524  134     0.768    9.291
 64.0   64.0   0.0    0.0    896.0     0.0      9216.0     2343.6   4864.0 2520.1 512.0  274.5   11087    8.577  136     0.778    9.355
 S0C    S1C    S0U    S1U      EC       EU        OC         OU       MC     MU    CCSC   CCSU   YGC     YGCT    FGC    FGCT     GCT   
 64.0   64.0   0.2    0.0    896.0     0.0      9216.0     8004.0   4864.0 2520.1 512.0  274.5   11162    8.639  137     0.784    9.423
 64.0   64.0   0.0    0.0    896.0     0.0      9216.0     4079.9   4864.0 2520.1 512.0  274.5   11229    8.690  139     0.799    9.491
 64.0   64.0   0.2    0.0    896.0     0.0      9216.0     1557.1   4864.0 2520.1 512.0  274.5   11299    8.748  141     0.809    9.556
 S0C    S1C    S0U    S1U      EC       EU        OC         OU       MC     MU    CCSC   CCSU   YGC     YGCT    FGC    FGCT     GCT   
 64.0   64.0   0.0    0.2    896.0     0.0      9216.0     6255.8   4864.0 2520.1 512.0  274.5   11371    8.811  142     0.816    9.627
 64.0   64.0   0.0    0.0    896.0    765.3     9216.0     2388.9   4864.0 2520.1 512.0  274.5   11441    8.866  144     0.828    9.694
 64.0   64.0   0.0    0.2    896.0     0.0      9216.0     5584.7   4864.0 2520.1 512.0  274.5   11502    8.921  145     0.838    9.759
 S0C    S1C    S0U    S1U      EC       EU        OC         OU       MC     MU    CCSC   CCSU   YGC     YGCT    FGC    FGCT     GCT   
 64.0   64.0   0.2    0.0    896.0     0.0      9216.0     2499.7   4864.0 2520.1 512.0  274.5   11577    8.975  147     0.847    9.822
 64.0   64.0   0.0    0.0    896.0     0.0      9216.0     6925.3   4864.0 2520.1 512.0  274.5   11650    9.031  148     0.852    9.882
 64.0   64.0   0.0    0.0    896.0     0.0      9216.0     3333.1   4864.0 2520.1 512.0  274.5   11727    9.093  150     0.865    9.958
 S0C    S1C    S0U    S1U      EC       EU        OC         OU       MC     MU    CCSC   CCSU   YGC     YGCT    FGC    FGCT     GCT   
 64.0   64.0   0.0    0.2    896.0    451.5     9216.0     8311.2   4864.0 2520.1 512.0  274.5   11800    9.153  151     0.872   10.025
 64.0   64.0   0.0    0.0    896.0     0.0      9216.0     4187.9   4864.0 2520.1 512.0  274.5   11874    9.211  153     0.884   10.095
 64.0   64.0   0.0    0.2    896.0     0.0      9216.0     7227.8   4864.0 2520.1 512.0  274.5   11940    9.262  154     0.892   10.154
 S0C    S1C    S0U    S1U      EC       EU        OC         OU       MC     MU    CCSC   CCSU   YGC     YGCT    FGC    FGCT     GCT   
 64.0   64.0   0.0    0.2    896.0     0.0      9216.0     1395.0   4864.0 2520.1 512.0  274.5   12003    9.307  156     0.910   10.216
 64.0   64.0   0.2    0.0    896.0     0.0      9216.0     5815.1   4864.0 2520.1 512.0  274.5   12073    9.359  157     0.914   10.273
 64.0   64.0   0.0    0.0    896.0     0.0      9216.0     3063.1   4864.0 2520.1 512.0  274.5   12147    9.415  159     0.927   10.342
